'solc --version' running
'solc /sb/0x3325439082FF8ba7371DFdAa1AF297bBfcAc21b2.sol --combined-json abi,ast,bin,bin-runtime,srcmap,srcmap-runtime,userdoc,devdoc,hashes,compact-format --allow-paths .,/sb' running
Compilation warnings/errors on /sb/0x3325439082FF8ba7371DFdAa1AF297bBfcAc21b2.sol:
/sb/0x3325439082FF8ba7371DFdAa1AF297bBfcAc21b2.sol:24:9: Warning: Failure condition of 'send' ignored. Consider using 'transfer' instead.
        msg.sender.send(msg.value);
        ^------------------------^
/sb/0x3325439082FF8ba7371DFdAa1AF297bBfcAc21b2.sol:43:3: Warning: Failure condition of 'send' ignored. Consider using 'transfer' instead.
		benefactor[k].etherAddress.send(transactionAmount);    					//Wealth redistribution
		^------------------------------------------------^
/sb/0x3325439082FF8ba7371DFdAa1AF297bBfcAc21b2.sol:18:3: Warning: No visibility specified. Defaulting to "public". 
  function() {
  ^ (Relevant source part starts here and spans across multiple lines).
/sb/0x3325439082FF8ba7371DFdAa1AF297bBfcAc21b2.sol:22:3: Warning: No visibility specified. Defaulting to "public". 
  function enter() {
  ^ (Relevant source part starts here and spans across multiple lines).
/sb/0x3325439082FF8ba7371DFdAa1AF297bBfcAc21b2.sol:23:9: Warning: "msg.value" used in non-payable function. Do you want to add the "payable" modifier to this function?
    if (msg.value != 1 ether) { //return payment if it's not 1 ETH
        ^-------^
/sb/0x3325439082FF8ba7371DFdAa1AF297bBfcAc21b2.sol:24:25: Warning: "msg.value" used in non-payable function. Do you want to add the "payable" modifier to this function?
        msg.sender.send(msg.value);
                        ^-------^
/sb/0x3325439082FF8ba7371DFdAa1AF297bBfcAc21b2.sol:35:36: Warning: "msg.value" used in non-payable function. Do you want to add the "payable" modifier to this function?
    benefactor[total_inv].amount = msg.value;
                                   ^-------^
/sb/0x3325439082FF8ba7371DFdAa1AF297bBfcAc21b2.sol:37:13: Warning: "msg.value" used in non-payable function. Do you want to add the "payable" modifier to this function?
	balance += msg.value;  //keep track of amount available
	           ^-------^
/sb/0x3325439082FF8ba7371DFdAa1AF297bBfcAc21b2.sol:42:26: Warning: "msg.value" used in non-payable function. Do you want to add the "payable" modifier to this function?
    	transactionAmount = msg.value * benefactor[k].amount / totalBalance;       //Calculate amount to send
    	                    ^-------^
/sb/0x3325439082FF8ba7371DFdAa1AF297bBfcAc21b2.sol:48:18: Warning: "msg.value" used in non-payable function. Do you want to add the "payable" modifier to this function?
	totalBalance += msg.value;  //keep track of total amount contributed
	                ^-------^


WealthRedistributionProject.enter() (../sb/0x3325439082FF8ba7371DFdAa1AF297bBfcAc21b2.sol#22-51) ignores return value by msg.sender.send(msg.value) (../sb/0x3325439082FF8ba7371DFdAa1AF297bBfcAc21b2.sol#24)
WealthRedistributionProject.enter() (../sb/0x3325439082FF8ba7371DFdAa1AF297bBfcAc21b2.sol#22-51) ignores return value by benefactor[k].etherAddress.send(transactionAmount) (../sb/0x3325439082FF8ba7371DFdAa1AF297bBfcAc21b2.sol#43)
Reference: https://github.com/crytic/slither/wiki/Detector-Documentation#unchecked-send

WealthRedistributionProject.enter() (../sb/0x3325439082FF8ba7371DFdAa1AF297bBfcAc21b2.sol#22-51) has external calls inside a loop: benefactor[k].etherAddress.send(transactionAmount) (../sb/0x3325439082FF8ba7371DFdAa1AF297bBfcAc21b2.sol#43)
	Calls stack containing the loop:
		WealthRedistributionProject.fallback()
WealthRedistributionProject.enter() (../sb/0x3325439082FF8ba7371DFdAa1AF297bBfcAc21b2.sol#22-51) has external calls inside a loop: benefactor[k].etherAddress.send(transactionAmount) (../sb/0x3325439082FF8ba7371DFdAa1AF297bBfcAc21b2.sol#43)
Reference: https://github.com/crytic/slither/wiki/Detector-Documentation/#calls-inside-a-loop

WealthRedistributionProject.enter() (../sb/0x3325439082FF8ba7371DFdAa1AF297bBfcAc21b2.sol#22-51) has costly operations inside a loop:
	- balance -= transactionAmount (../sb/0x3325439082FF8ba7371DFdAa1AF297bBfcAc21b2.sol#44)
Reference: https://github.com/crytic/slither/wiki/Detector-Documentation#costly-operations-inside-a-loop

Version constraint >=0.4.0<0.9.0 is too complex.
It is used by:
	- >=0.4.0<0.9.0 (../sb/0x3325439082FF8ba7371DFdAa1AF297bBfcAc21b2.sol#1)
solc-0.4.26 is an outdated solc version. Use a more recent version (at least 0.8.0), if possible.
Reference: https://github.com/crytic/slither/wiki/Detector-Documentation#incorrect-versions-of-solidity

Reentrancy in WealthRedistributionProject.enter() (../sb/0x3325439082FF8ba7371DFdAa1AF297bBfcAc21b2.sol#22-51):
	External calls:
	- benefactor[k].etherAddress.send(transactionAmount) (../sb/0x3325439082FF8ba7371DFdAa1AF297bBfcAc21b2.sol#43)
	State variables written after the call(s):
	- balance -= transactionAmount (../sb/0x3325439082FF8ba7371DFdAa1AF297bBfcAc21b2.sol#44)
	- totalBalance += msg.value (../sb/0x3325439082FF8ba7371DFdAa1AF297bBfcAc21b2.sol#48)
Reference: https://github.com/crytic/slither/wiki/Detector-Documentation#reentrancy-vulnerabilities-4
/sb/0x3325439082FF8ba7371DFdAa1AF297bBfcAc21b2.sol analyzed (1 contracts with 100 detectors), 8 result(s) found
