ANTLR runtime and generated code versions disagree: 4.9.2!=4.7.2
ANTLR runtime and generated code versions disagree: 4.9.2!=4.7.2
Analysing /sb/0x36c3c8139068ddf43f84ebbba43ce18b7c999cf7.sol:StandardToken...
Vulnerability: Integer Overflow. Maybe in function: transferFrom(address,address,uint256). PC: 0x4df. Line number: 43.
If a = 115792089237316195423570985008687907852929702298719625575979332934894718596226
and b = 57896044618658097711785492504343953926464851149359812787966658530126645791422
Vulnerability: Integer Overflow. Maybe in function: transfer(address,uint256). PC: 0x764. Line number: 34.
If a = 95579932615194586885404724221057382958721206181142259003982094088446440911537
and b = 25268311257941287178610297943447421601607616745718785284404211856188498518653
Analysing /sb/0x36c3c8139068ddf43f84ebbba43ce18b7c999cf7.sol:Token...
Analysing /sb/0x36c3c8139068ddf43f84ebbba43ce18b7c999cf7.sol:XEN...
Vulnerability: Reentrancy. Maybe in function: _fallthrough. PC: 0x374. Line number: 105.
Vulnerability: Integer Overflow. Maybe in function: approveAndCall(address,uint256,bytes). PC: 0x112b. Line number: 111.
If a = 32
and b = 115792089237316195423570985008687907853269984665640564039457584007913129639716
Vulnerability: Integer Overflow. Maybe in function: transfer(address,uint256). PC: 0xfce. Line number: 34.
If a = 94217009566123325873083363601278555009193862191385194930279180548513745906761
and b = 61667784552226342966932009111869811396586899080606077049602305684642695412825
Vulnerability: Integer Overflow. Maybe in function: transferFrom(address,address,uint256). PC: 0xbee. Line number: 43.
If a = 115792089237316195423570985008687907852929702298719625575981974910775466950354
and b = 28948022309329048855892746252171976963317496166410141009834587455138829926102
Vulnerability: Integer Overflow. Maybe in function: approveAndCall(address,uint256,bytes). PC: 0x1234. Line number: 113.
If a = 32
and b = 115792089237316195423570985008687907853269984665640564039457584007913129639685
Vulnerability: Reentrancy. Maybe in function: approveAndCall(address,uint256,bytes). PC: 0x12d1. Line number: 113.
Vulnerability: Integer Overflow. Maybe in function: _fallthrough. PC: 0xe2. Line number: 94.
If a = 29188439522232942164967492039481563280429788476514522268648131585730660499439
and b = 76412678416247511934063954129086754451214521629845308193694401956689198325175
Vulnerability: Integer Overflow. Maybe in function: _fallthrough. PC: 0x259. Line number: 100.
If a = 58616044194341850287824919805621346640828981852677181064030383046867588272186
and b = 61443033723456342764726651047285436359851744619975782540016613579026428874988
Vulnerability: Integer Overflow. Maybe in function: approveAndCall(address,uint256,bytes). PC: 0x846. Line number: 109.
If a = 31
and b = 115792089237316195423570985008687907853269984665640564039457584007913129639912
