'solc --version' running
'solc /sb/0xd954af8b5559e188096afb11643111458b29cebf.sol --combined-json abi,ast,bin,bin-runtime,srcmap,srcmap-runtime,userdoc,devdoc,hashes,compact-format --allow-paths .,/sb' running
Compilation warnings/errors on /sb/0xd954af8b5559e188096afb11643111458b29cebf.sol:
/sb/0xd954af8b5559e188096afb11643111458b29cebf.sol:172:5: Warning: Defining constructors as functions with the same name as the contract is deprecated. Use "constructor(...) { ... }" instead.
    function POEXToken(address _exchangefees, address _measurement)
    ^ (Relevant source part starts here and spans across multiple lines).
/sb/0xd954af8b5559e188096afb11643111458b29cebf.sol:234:9: Warning: Invoking events without "emit" prefix is deprecated.
        onReinvestment(_customerAddress, _dividends, _tokens);
        ^---------------------------------------------------^
/sb/0xd954af8b5559e188096afb11643111458b29cebf.sol:274:9: Warning: Invoking events without "emit" prefix is deprecated.
        onWithdraw(_customerAddress, _dividends);
        ^--------------------------------------^
/sb/0xd954af8b5559e188096afb11643111458b29cebf.sol:315:9: Warning: Invoking events without "emit" prefix is deprecated.
        onTokenSell(_customerAddress, _tokens, _taxedEthereum);
        ^----------------------------------------------------^
/sb/0xd954af8b5559e188096afb11643111458b29cebf.sol:367:9: Warning: Invoking events without "emit" prefix is deprecated.
        Transfer(_customerAddress, _toAddress, _taxedTokens);
        ^--------------------------------------------------^
/sb/0xd954af8b5559e188096afb11643111458b29cebf.sol:436:16: Warning: Using contract member "balance" inherited from the address type is deprecated. Convert the contract to "address" type to access the member, for example use "address(contract).balance" instead.
        return this.balance;
               ^----------^
/sb/0xd954af8b5559e188096afb11643111458b29cebf.sol:642:9: Warning: Invoking events without "emit" prefix is deprecated.
        onTokenPurchase(_customerAddress, _incomingEthereum, _amountOfTokens, _referredBy);
        ^--------------------------------------------------------------------------------^


POEXToken.sell(uint256) (../sb/0xd954af8b5559e188096afb11643111458b29cebf.sol#280-316) performs a multiplication on the result of a division:
	- payoutsTo_[measurement] -= int256(SafeMath.sub((_dividends * magnitude),SafeMath.div((_dividends * magnitude),tokenSupply_) * tokenSupply_)) (../sb/0xd954af8b5559e188096afb11643111458b29cebf.sol#311)
POEXToken.transfer(address,uint256) (../sb/0xd954af8b5559e188096afb11643111458b29cebf.sol#323-372) performs a multiplication on the result of a division:
	- payoutsTo_[measurement] -= int256(SafeMath.sub((_dividends * magnitude),SafeMath.div((_dividends * magnitude),tokenSupply_) * tokenSupply_)) (../sb/0xd954af8b5559e188096afb11643111458b29cebf.sol#364)
POEXToken.purchaseTokens(uint256,address) (../sb/0xd954af8b5559e188096afb11643111458b29cebf.sol#570-645) performs a multiplication on the result of a division:
	- payoutsTo_[measurement] -= int256(SafeMath.sub((_dividends * magnitude),SafeMath.div((_dividends * magnitude),tokenSupply_) * tokenSupply_)) (../sb/0xd954af8b5559e188096afb11643111458b29cebf.sol#620)
POEXToken.purchaseTokens(uint256,address) (../sb/0xd954af8b5559e188096afb11643111458b29cebf.sol#570-645) performs a multiplication on the result of a division:
	- _fee = _fee - (_fee - (_amountOfTokens * (_dividends * magnitude / (tokenSupply_)))) (../sb/0xd954af8b5559e188096afb11643111458b29cebf.sol#623)
POEXToken.tokensToEthereum_(uint256) (../sb/0xd954af8b5559e188096afb11643111458b29cebf.sol#688-711) performs a multiplication on the result of a division:
	- _etherReceived = (SafeMath.sub((((tokenPriceInitial_ + (tokenPriceIncremental_ * (_tokenSupply / 1e18))) - tokenPriceIncremental_) * (tokens_ - 1e18)),(tokenPriceIncremental_ * ((tokens_ ** 2 - tokens_) / 1e18)) / 2) / 1e18) (../sb/0xd954af8b5559e188096afb11643111458b29cebf.sol#696-708)
Reference: https://github.com/crytic/slither/wiki/Detector-Documentation#divide-before-multiply

POEXToken.sell(uint256) (../sb/0xd954af8b5559e188096afb11643111458b29cebf.sol#280-316) compares to a boolean constant:
	-ambassadors_[_customerAddress] == true (../sb/0xd954af8b5559e188096afb11643111458b29cebf.sol#292)
POEXToken.transfer(address,uint256) (../sb/0xd954af8b5559e188096afb11643111458b29cebf.sol#323-372) compares to a boolean constant:
	-ambassadors_[_customerAddress] == true (../sb/0xd954af8b5559e188096afb11643111458b29cebf.sol#343)
POEXToken.antiEarlyWhale(uint256) (../sb/0xd954af8b5559e188096afb11643111458b29cebf.sol#51-77) compares to a boolean constant:
	-require(bool)(ambassadors_[_customerAddress] == true && (ambassadorAccumulatedQuota_[_customerAddress] + _amountOfEthereum) <= ambassadorMaxPurchase_) (../sb/0xd954af8b5559e188096afb11643111458b29cebf.sol#57-64)
Reference: https://github.com/crytic/slither/wiki/Detector-Documentation#boolean-equality

Version constraint ^0.4.24 contains known severe issues (https://solidity.readthedocs.io/en/latest/bugs.html)
	- DirtyBytesArrayToStorage
	- ABIDecodeTwoDimensionalArrayMemory
	- KeccakCaching
	- EmptyByteArrayCopy
	- DynamicArrayCleanup
	- ImplicitConstructorCallvalueCheck
	- TupleAssignmentMultiStackSlotComponents
	- MemoryArrayCreationOverflow
	- privateCanBeOverridden
	- SignedArrayStorageCopy
	- ABIEncoderV2StorageArrayWithMultiSlotElement
	- DynamicConstructorArgumentsClippedABIV2
	- UninitializedFunctionPointerInConstructor_0.4.x
	- IncorrectEventSignatureInLibraries_0.4.x
	- ABIEncoderV2PackedStorage_0.4.x
	- ExpExponentCleanup
	- EventStructWrongData.
It is used by:
	- ^0.4.24 (../sb/0xd954af8b5559e188096afb11643111458b29cebf.sol#1)
solc-0.4.26 is an outdated solc version. Use a more recent version (at least 0.8.0), if possible.
Reference: https://github.com/crytic/slither/wiki/Detector-Documentation#incorrect-versions-of-solidity

Event POEXToken.onTokenPurchase(address,uint256,uint256,address) (../sb/0xd954af8b5559e188096afb11643111458b29cebf.sol#83-88) is not in CapWords
Event POEXToken.onTokenSell(address,uint256,uint256) (../sb/0xd954af8b5559e188096afb11643111458b29cebf.sol#90-94) is not in CapWords
Event POEXToken.onReinvestment(address,uint256,uint256) (../sb/0xd954af8b5559e188096afb11643111458b29cebf.sol#96-100) is not in CapWords
Event POEXToken.onWithdraw(address,uint256) (../sb/0xd954af8b5559e188096afb11643111458b29cebf.sol#102-105) is not in CapWords
Parameter POEXToken.buy(address)._referredBy (../sb/0xd954af8b5559e188096afb11643111458b29cebf.sol#193) is not in mixedCase
Parameter POEXToken.sell(uint256)._amountOfTokens (../sb/0xd954af8b5559e188096afb11643111458b29cebf.sol#280) is not in mixedCase
Parameter POEXToken.transfer(address,uint256)._toAddress (../sb/0xd954af8b5559e188096afb11643111458b29cebf.sol#323) is not in mixedCase
Parameter POEXToken.transfer(address,uint256)._amountOfTokens (../sb/0xd954af8b5559e188096afb11643111458b29cebf.sol#323) is not in mixedCase
Parameter POEXToken.setAdministrator(address,bool)._identifier (../sb/0xd954af8b5559e188096afb11643111458b29cebf.sol#388) is not in mixedCase
Parameter POEXToken.setAdministrator(address,bool)._status (../sb/0xd954af8b5559e188096afb11643111458b29cebf.sol#388) is not in mixedCase
Parameter POEXToken.setStakingRequirement(uint256)._amountOfTokens (../sb/0xd954af8b5559e188096afb11643111458b29cebf.sol#398) is not in mixedCase
Parameter POEXToken.setName(string)._name (../sb/0xd954af8b5559e188096afb11643111458b29cebf.sol#408) is not in mixedCase
Parameter POEXToken.setSymbol(string)._symbol (../sb/0xd954af8b5559e188096afb11643111458b29cebf.sol#418) is not in mixedCase
Parameter POEXToken.myDividends(bool)._includeReferralBonus (../sb/0xd954af8b5559e188096afb11643111458b29cebf.sol#468) is not in mixedCase
Parameter POEXToken.balanceOf(address)._customerAddress (../sb/0xd954af8b5559e188096afb11643111458b29cebf.sol#480) is not in mixedCase
Parameter POEXToken.dividendsOf(address)._customerAddress (../sb/0xd954af8b5559e188096afb11643111458b29cebf.sol#491) is not in mixedCase
Parameter POEXToken.calculateTokensReceived(uint256)._ethereumToSpend (../sb/0xd954af8b5559e188096afb11643111458b29cebf.sol#540) is not in mixedCase
Parameter POEXToken.calculateEthereumReceived(uint256)._tokensToSell (../sb/0xd954af8b5559e188096afb11643111458b29cebf.sol#554) is not in mixedCase
Parameter POEXToken.purchaseTokens(uint256,address)._incomingEthereum (../sb/0xd954af8b5559e188096afb11643111458b29cebf.sol#570) is not in mixedCase
Parameter POEXToken.purchaseTokens(uint256,address)._referredBy (../sb/0xd954af8b5559e188096afb11643111458b29cebf.sol#570) is not in mixedCase
Parameter POEXToken.ethereumToTokens_(uint256)._ethereum (../sb/0xd954af8b5559e188096afb11643111458b29cebf.sol#652) is not in mixedCase
Parameter POEXToken.tokensToEthereum_(uint256)._tokens (../sb/0xd954af8b5559e188096afb11643111458b29cebf.sol#688) is not in mixedCase
Constant POEXToken.buyFee_ (../sb/0xd954af8b5559e188096afb11643111458b29cebf.sol#121) is not in UPPER_CASE_WITH_UNDERSCORES
Constant POEXToken.sellFee_ (../sb/0xd954af8b5559e188096afb11643111458b29cebf.sol#122) is not in UPPER_CASE_WITH_UNDERSCORES
Constant POEXToken.exchangebuyFee_ (../sb/0xd954af8b5559e188096afb11643111458b29cebf.sol#123) is not in UPPER_CASE_WITH_UNDERSCORES
Constant POEXToken.exchangesellFee_ (../sb/0xd954af8b5559e188096afb11643111458b29cebf.sol#124) is not in UPPER_CASE_WITH_UNDERSCORES
Constant POEXToken.referralFeenormal_ (../sb/0xd954af8b5559e188096afb11643111458b29cebf.sol#125) is not in UPPER_CASE_WITH_UNDERSCORES
Constant POEXToken.referralFeedouble_ (../sb/0xd954af8b5559e188096afb11643111458b29cebf.sol#126) is not in UPPER_CASE_WITH_UNDERSCORES
Constant POEXToken.transferFee_ (../sb/0xd954af8b5559e188096afb11643111458b29cebf.sol#127) is not in UPPER_CASE_WITH_UNDERSCORES
Constant POEXToken.presaletransferFee_ (../sb/0xd954af8b5559e188096afb11643111458b29cebf.sol#128) is not in UPPER_CASE_WITH_UNDERSCORES
Constant POEXToken.tokenPriceInitial_ (../sb/0xd954af8b5559e188096afb11643111458b29cebf.sol#129) is not in UPPER_CASE_WITH_UNDERSCORES
Constant POEXToken.tokenPriceIncremental_ (../sb/0xd954af8b5559e188096afb11643111458b29cebf.sol#130) is not in UPPER_CASE_WITH_UNDERSCORES
Constant POEXToken.magnitude (../sb/0xd954af8b5559e188096afb11643111458b29cebf.sol#131) is not in UPPER_CASE_WITH_UNDERSCORES
Constant POEXToken.ambassadorMaxPurchase_ (../sb/0xd954af8b5559e188096afb11643111458b29cebf.sol#138) is not in UPPER_CASE_WITH_UNDERSCORES
Constant POEXToken.ambassadorQuota_ (../sb/0xd954af8b5559e188096afb11643111458b29cebf.sol#139) is not in UPPER_CASE_WITH_UNDERSCORES
Reference: https://github.com/crytic/slither/wiki/Detector-Documentation#conformance-to-solidity-naming-conventions

Reentrancy in POEXToken.exit() (../sb/0xd954af8b5559e188096afb11643111458b29cebf.sol#240-250):
	External calls:
	- sell(_tokens) (../sb/0xd954af8b5559e188096afb11643111458b29cebf.sol#246)
		- exchangefees.transfer(_feesEthereum) (../sb/0xd954af8b5559e188096afb11643111458b29cebf.sol#299)
	- withdraw() (../sb/0xd954af8b5559e188096afb11643111458b29cebf.sol#249)
		- _customerAddress.transfer(_dividends) (../sb/0xd954af8b5559e188096afb11643111458b29cebf.sol#271)
	State variables written after the call(s):
	- withdraw() (../sb/0xd954af8b5559e188096afb11643111458b29cebf.sol#249)
		- payoutsTo_[_customerAddress] += int256(_dividends * magnitude) (../sb/0xd954af8b5559e188096afb11643111458b29cebf.sol#264)
	- withdraw() (../sb/0xd954af8b5559e188096afb11643111458b29cebf.sol#249)
		- referralBalance_[_customerAddress] = 0 (../sb/0xd954af8b5559e188096afb11643111458b29cebf.sol#268)
	Event emitted after the call(s):
	- onWithdraw(_customerAddress,_dividends) (../sb/0xd954af8b5559e188096afb11643111458b29cebf.sol#274)
		- withdraw() (../sb/0xd954af8b5559e188096afb11643111458b29cebf.sol#249)
Reentrancy in POEXToken.purchaseTokens(uint256,address) (../sb/0xd954af8b5559e188096afb11643111458b29cebf.sol#570-645):
	External calls:
	- exchangefees.transfer(_feesEthereum) (../sb/0xd954af8b5559e188096afb11643111458b29cebf.sol#589)
	State variables written after the call(s):
	- payoutsTo_[measurement] -= int256(SafeMath.sub((_dividends * magnitude),SafeMath.div((_dividends * magnitude),tokenSupply_) * tokenSupply_)) (../sb/0xd954af8b5559e188096afb11643111458b29cebf.sol#620)
	- payoutsTo_[measurement] -= int256(SafeMath.sub(SafeMath.sub(_taxedEthereum,SafeMath.div(_taxedEthereum,sellFee_)),SafeMath.sub(tokensToEthereum_(_amountOfTokens),SafeMath.div(tokensToEthereum_(_amountOfTokens),sellFee_))) * magnitude) (../sb/0xd954af8b5559e188096afb11643111458b29cebf.sol#631)
	- payoutsTo_[_customerAddress] += _updatedPayouts (../sb/0xd954af8b5559e188096afb11643111458b29cebf.sol#639)
	- profitPerShare_ += (_dividends * magnitude / (tokenSupply_)) (../sb/0xd954af8b5559e188096afb11643111458b29cebf.sol#619)
	- referralBalance_[_referredBy] = SafeMath.add(referralBalance_[_referredBy],_referralBonus) (../sb/0xd954af8b5559e188096afb11643111458b29cebf.sol#603)
	- tokenBalanceLedger_[_customerAddress] = SafeMath.add(tokenBalanceLedger_[_customerAddress],_amountOfTokens) (../sb/0xd954af8b5559e188096afb11643111458b29cebf.sol#634)
	- tokenSupply_ = SafeMath.add(tokenSupply_,_amountOfTokens) (../sb/0xd954af8b5559e188096afb11643111458b29cebf.sol#615)
	- tokenSupply_ = _amountOfTokens (../sb/0xd954af8b5559e188096afb11643111458b29cebf.sol#627)
	Event emitted after the call(s):
	- onTokenPurchase(_customerAddress,_incomingEthereum,_amountOfTokens,_referredBy) (../sb/0xd954af8b5559e188096afb11643111458b29cebf.sol#642)
Reentrancy in POEXToken.reinvest() (../sb/0xd954af8b5559e188096afb11643111458b29cebf.sol#215-235):
	External calls:
	- _tokens = purchaseTokens(_dividends,0x0) (../sb/0xd954af8b5559e188096afb11643111458b29cebf.sol#231)
		- exchangefees.transfer(_feesEthereum) (../sb/0xd954af8b5559e188096afb11643111458b29cebf.sol#589)
	Event emitted after the call(s):
	- onReinvestment(_customerAddress,_dividends,_tokens) (../sb/0xd954af8b5559e188096afb11643111458b29cebf.sol#234)
Reentrancy in POEXToken.sell(uint256) (../sb/0xd954af8b5559e188096afb11643111458b29cebf.sol#280-316):
	External calls:
	- exchangefees.transfer(_feesEthereum) (../sb/0xd954af8b5559e188096afb11643111458b29cebf.sol#299)
	State variables written after the call(s):
	- payoutsTo_[_customerAddress] -= _updatedPayouts (../sb/0xd954af8b5559e188096afb11643111458b29cebf.sol#305)
	- payoutsTo_[measurement] -= int256(SafeMath.sub((_dividends * magnitude),SafeMath.div((_dividends * magnitude),tokenSupply_) * tokenSupply_)) (../sb/0xd954af8b5559e188096afb11643111458b29cebf.sol#311)
	- profitPerShare_ = SafeMath.add(profitPerShare_,(_dividends * magnitude) / tokenSupply_) (../sb/0xd954af8b5559e188096afb11643111458b29cebf.sol#310)
	- tokenBalanceLedger_[_customerAddress] = SafeMath.sub(tokenBalanceLedger_[_customerAddress],_tokens) (../sb/0xd954af8b5559e188096afb11643111458b29cebf.sol#301)
	- tokenSupply_ = SafeMath.sub(tokenSupply_,_tokens) (../sb/0xd954af8b5559e188096afb11643111458b29cebf.sol#300)
	Event emitted after the call(s):
	- onTokenSell(_customerAddress,_tokens,_taxedEthereum) (../sb/0xd954af8b5559e188096afb11643111458b29cebf.sol#315)
Reentrancy in POEXToken.transfer(address,uint256) (../sb/0xd954af8b5559e188096afb11643111458b29cebf.sol#323-372):
	External calls:
	- withdraw() (../sb/0xd954af8b5559e188096afb11643111458b29cebf.sol#337)
		- _customerAddress.transfer(_dividends) (../sb/0xd954af8b5559e188096afb11643111458b29cebf.sol#271)
	- exchangefees.transfer(_feesEthereum) (../sb/0xd954af8b5559e188096afb11643111458b29cebf.sol#351)
	State variables written after the call(s):
	- payoutsTo_[_customerAddress] -= int256(profitPerShare_ * _amountOfTokens) (../sb/0xd954af8b5559e188096afb11643111458b29cebf.sol#359)
	- payoutsTo_[_toAddress] += int256(profitPerShare_ * _taxedTokens) (../sb/0xd954af8b5559e188096afb11643111458b29cebf.sol#360)
	- payoutsTo_[measurement] -= int256(SafeMath.sub((_dividends * magnitude),SafeMath.div((_dividends * magnitude),tokenSupply_) * tokenSupply_)) (../sb/0xd954af8b5559e188096afb11643111458b29cebf.sol#364)
	- profitPerShare_ = SafeMath.add(profitPerShare_,(_dividends * magnitude) / tokenSupply_) (../sb/0xd954af8b5559e188096afb11643111458b29cebf.sol#363)
	- tokenBalanceLedger_[_customerAddress] = SafeMath.sub(tokenBalanceLedger_[_customerAddress],_amountOfTokens) (../sb/0xd954af8b5559e188096afb11643111458b29cebf.sol#355)
	- tokenBalanceLedger_[_toAddress] = SafeMath.add(tokenBalanceLedger_[_toAddress],_taxedTokens) (../sb/0xd954af8b5559e188096afb11643111458b29cebf.sol#356)
	- tokenSupply_ = SafeMath.sub(tokenSupply_,_tokenFee) (../sb/0xd954af8b5559e188096afb11643111458b29cebf.sol#352)
	Event emitted after the call(s):
	- Transfer(_customerAddress,_toAddress,_taxedTokens) (../sb/0xd954af8b5559e188096afb11643111458b29cebf.sol#367)
Reentrancy in POEXToken.withdraw() (../sb/0xd954af8b5559e188096afb11643111458b29cebf.sol#255-275):
	External calls:
	- _customerAddress.transfer(_dividends) (../sb/0xd954af8b5559e188096afb11643111458b29cebf.sol#271)
	Event emitted after the call(s):
	- onWithdraw(_customerAddress,_dividends) (../sb/0xd954af8b5559e188096afb11643111458b29cebf.sol#274)
Reference: https://github.com/crytic/slither/wiki/Detector-Documentation#reentrancy-vulnerabilities-4

POEXToken.slitherConstructorConstantVariables() (../sb/0xd954af8b5559e188096afb11643111458b29cebf.sol#15-724) uses literals with too many digits:
	- presaletransferFee_ = 1000000 (../sb/0xd954af8b5559e188096afb11643111458b29cebf.sol#128)
POEXToken.slitherConstructorConstantVariables() (../sb/0xd954af8b5559e188096afb11643111458b29cebf.sol#15-724) uses literals with too many digits:
	- tokenPriceInitial_ = 100000000000 (../sb/0xd954af8b5559e188096afb11643111458b29cebf.sol#129)
POEXToken.slitherConstructorConstantVariables() (../sb/0xd954af8b5559e188096afb11643111458b29cebf.sol#15-724) uses literals with too many digits:
	- tokenPriceIncremental_ = 10000000000 (../sb/0xd954af8b5559e188096afb11643111458b29cebf.sol#130)
Reference: https://github.com/crytic/slither/wiki/Detector-Documentation#too-many-digits

setName(string) should be declared external:
	- POEXToken.setName(string) (../sb/0xd954af8b5559e188096afb11643111458b29cebf.sol#408-413)
setSymbol(string) should be declared external:
	- POEXToken.setSymbol(string) (../sb/0xd954af8b5559e188096afb11643111458b29cebf.sol#418-423)
Reference: https://github.com/crytic/slither/wiki/Detector-Documentation#public-function-that-could-be-declared-external
/sb/0xd954af8b5559e188096afb11643111458b29cebf.sol analyzed (2 contracts with 100 detectors), 56 result(s) found
