A new version of Solhint is available: 6.0.1
Please consider updating your Solhint package.
/sb/0xd75fefe3cdb647281eec3f8fc738e3bc9658f9e4.sol:1:1: Found more than One contract per file. 2 contracts found! [Warning/one-contract-per-file]
/sb/0xd75fefe3cdb647281eec3f8fc738e3bc9658f9e4.sol:1:1: Compiler version ^0.4.11 does not satisfy the ^0.8.24 semver requirement [Error/compiler-version]
/sb/0xd75fefe3cdb647281eec3f8fc738e3bc9658f9e4.sol:3:1: Missing @title tag in contract 'ParityProofOfSMSInterface' [Warning/use-natspec]
/sb/0xd75fefe3cdb647281eec3f8fc738e3bc9658f9e4.sol:3:1: Missing @author tag in contract 'ParityProofOfSMSInterface' [Warning/use-natspec]
/sb/0xd75fefe3cdb647281eec3f8fc738e3bc9658f9e4.sol:3:1: Missing @notice tag in contract 'ParityProofOfSMSInterface' [Warning/use-natspec]
/sb/0xd75fefe3cdb647281eec3f8fc738e3bc9658f9e4.sol:4:5: Missing @notice tag in function 'certified' [Warning/use-natspec]
/sb/0xd75fefe3cdb647281eec3f8fc738e3bc9658f9e4.sol:4:5: Missing @param tag in function 'certified' [Warning/use-natspec]
/sb/0xd75fefe3cdb647281eec3f8fc738e3bc9658f9e4.sol:4:5: Mismatch in @param names for function 'certified'. Expected: [_who], Found: [] [Warning/use-natspec]
/sb/0xd75fefe3cdb647281eec3f8fc738e3bc9658f9e4.sol:4:5: Missing @return tag in function 'certified' [Warning/use-natspec]
/sb/0xd75fefe3cdb647281eec3f8fc738e3bc9658f9e4.sol:4:5: Mismatch in @return count for function 'certified'. Expected: 1, Found: 0 [Warning/use-natspec]
/sb/0xd75fefe3cdb647281eec3f8fc738e3bc9658f9e4.sol:4:5: Explicitly mark visibility in function [Warning/func-visibility]
/sb/0xd75fefe3cdb647281eec3f8fc738e3bc9658f9e4.sol:7:1: Contract has 19 states declarations but allowed no more than 15 [Warning/max-states-count]
/sb/0xd75fefe3cdb647281eec3f8fc738e3bc9658f9e4.sol:7:1: Missing @title tag in contract 'ProofOfReadToken' [Warning/use-natspec]
/sb/0xd75fefe3cdb647281eec3f8fc738e3bc9658f9e4.sol:7:1: Missing @author tag in contract 'ProofOfReadToken' [Warning/use-natspec]
/sb/0xd75fefe3cdb647281eec3f8fc738e3bc9658f9e4.sol:7:1: Missing @notice tag in contract 'ProofOfReadToken' [Warning/use-natspec]
/sb/0xd75fefe3cdb647281eec3f8fc738e3bc9658f9e4.sol:8:5: Missing @notice tag in variable 'proofOfSms' [Warning/use-natspec]
/sb/0xd75fefe3cdb647281eec3f8fc738e3bc9658f9e4.sol:11:5: Missing @notice tag in variable 'readingRegister' [Warning/use-natspec]
/sb/0xd75fefe3cdb647281eec3f8fc738e3bc9658f9e4.sol:13:5: Explicitly mark visibility of state [Warning/state-visibility]
/sb/0xd75fefe3cdb647281eec3f8fc738e3bc9658f9e4.sol:15:5: Missing @notice tag in variable 'publishedRegister' [Warning/use-natspec]
/sb/0xd75fefe3cdb647281eec3f8fc738e3bc9658f9e4.sol:17:5: Explicitly mark visibility of state [Warning/state-visibility]
/sb/0xd75fefe3cdb647281eec3f8fc738e3bc9658f9e4.sol:19:5: Missing @notice tag in variable 'numArticlesPublished' [Warning/use-natspec]
/sb/0xd75fefe3cdb647281eec3f8fc738e3bc9658f9e4.sol:20:5: Missing @notice tag in variable 'publishingOwner' [Warning/use-natspec]
/sb/0xd75fefe3cdb647281eec3f8fc738e3bc9658f9e4.sol:21:5: Missing @notice tag in variable 'minSecondsBetweenPublishing' [Warning/use-natspec]
/sb/0xd75fefe3cdb647281eec3f8fc738e3bc9658f9e4.sol:22:5: Missing @notice tag in variable 'maxTokensPerArticle' [Warning/use-natspec]
/sb/0xd75fefe3cdb647281eec3f8fc738e3bc9658f9e4.sol:23:5: Rule is set with explicit type [var/s: uint] [Warning/explicit-types]
/sb/0xd75fefe3cdb647281eec3f8fc738e3bc9658f9e4.sol:23:5: Missing @notice tag in variable 'timeOfLastPublish' [Warning/use-natspec]
/sb/0xd75fefe3cdb647281eec3f8fc738e3bc9658f9e4.sol:24:5: Missing @notice tag in variable 'shieldsUp' [Warning/use-natspec]
/sb/0xd75fefe3cdb647281eec3f8fc738e3bc9658f9e4.sol:25:5: Explicitly mark visibility of state [Warning/state-visibility]
/sb/0xd75fefe3cdb647281eec3f8fc738e3bc9658f9e4.sol:28:5: Missing @notice tag in variable 'standard' [Warning/use-natspec]
/sb/0xd75fefe3cdb647281eec3f8fc738e3bc9658f9e4.sol:29:5: Missing @notice tag in variable 'name' [Warning/use-natspec]
/sb/0xd75fefe3cdb647281eec3f8fc738e3bc9658f9e4.sol:30:5: Missing @notice tag in variable 'symbol' [Warning/use-natspec]
/sb/0xd75fefe3cdb647281eec3f8fc738e3bc9658f9e4.sol:31:5: Missing @notice tag in variable 'decimals' [Warning/use-natspec]
/sb/0xd75fefe3cdb647281eec3f8fc738e3bc9658f9e4.sol:32:5: Missing @notice tag in variable 'totalSupply' [Warning/use-natspec]
/sb/0xd75fefe3cdb647281eec3f8fc738e3bc9658f9e4.sol:33:5: Missing @notice tag in variable 'balanceOf' [Warning/use-natspec]
/sb/0xd75fefe3cdb647281eec3f8fc738e3bc9658f9e4.sol:34:5: Missing @notice tag in variable 'allowance' [Warning/use-natspec]
/sb/0xd75fefe3cdb647281eec3f8fc738e3bc9658f9e4.sol:36:5: Missing @notice tag in event 'Transfer' [Warning/use-natspec]
/sb/0xd75fefe3cdb647281eec3f8fc738e3bc9658f9e4.sol:36:5: Missing @param tag in event 'Transfer' [Warning/use-natspec]
/sb/0xd75fefe3cdb647281eec3f8fc738e3bc9658f9e4.sol:36:5: Mismatch in @param names for event 'Transfer'. Expected: [from, to, value], Found: [] [Warning/use-natspec]
/sb/0xd75fefe3cdb647281eec3f8fc738e3bc9658f9e4.sol:36:5: GC: [value] on Event [Transfer] could be Indexed [Warning/gas-indexed-events]
/sb/0xd75fefe3cdb647281eec3f8fc738e3bc9658f9e4.sol:37:5: Missing @notice tag in event 'Approval' [Warning/use-natspec]
/sb/0xd75fefe3cdb647281eec3f8fc738e3bc9658f9e4.sol:37:5: Missing @param tag in event 'Approval' [Warning/use-natspec]
/sb/0xd75fefe3cdb647281eec3f8fc738e3bc9658f9e4.sol:37:5: Mismatch in @param names for event 'Approval'. Expected: [_owner, _spender, _value], Found: [] [Warning/use-natspec]
/sb/0xd75fefe3cdb647281eec3f8fc738e3bc9658f9e4.sol:37:5: GC: [_value] on Event [Approval] could be Indexed [Warning/gas-indexed-events]
/sb/0xd75fefe3cdb647281eec3f8fc738e3bc9658f9e4.sol:38:5: Missing @notice tag in event 'ClaimResult' [Warning/use-natspec]
/sb/0xd75fefe3cdb647281eec3f8fc738e3bc9658f9e4.sol:38:5: Missing @param tag in event 'ClaimResult' [Warning/use-natspec]
/sb/0xd75fefe3cdb647281eec3f8fc738e3bc9658f9e4.sol:38:5: Mismatch in @param count for event 'ClaimResult'. Expected: 1, Found: 0 [Warning/use-natspec]
/sb/0xd75fefe3cdb647281eec3f8fc738e3bc9658f9e4.sol:38:5: GC: [null] on Event [ClaimResult] could be Indexed [Warning/gas-indexed-events]
/sb/0xd75fefe3cdb647281eec3f8fc738e3bc9658f9e4.sol:38:24: Rule is set with explicit type [var/s: uint] [Warning/explicit-types]
/sb/0xd75fefe3cdb647281eec3f8fc738e3bc9658f9e4.sol:39:5: Missing @notice tag in event 'PublishResult' [Warning/use-natspec]
/sb/0xd75fefe3cdb647281eec3f8fc738e3bc9658f9e4.sol:39:5: Missing @param tag in event 'PublishResult' [Warning/use-natspec]
/sb/0xd75fefe3cdb647281eec3f8fc738e3bc9658f9e4.sol:39:5: Mismatch in @param count for event 'PublishResult'. Expected: 1, Found: 0 [Warning/use-natspec]
/sb/0xd75fefe3cdb647281eec3f8fc738e3bc9658f9e4.sol:39:5: GC: [null] on Event [PublishResult] could be Indexed [Warning/gas-indexed-events]
/sb/0xd75fefe3cdb647281eec3f8fc738e3bc9658f9e4.sol:39:26: Rule is set with explicit type [var/s: uint] [Warning/explicit-types]
/sb/0xd75fefe3cdb647281eec3f8fc738e3bc9658f9e4.sol:42:5: Missing @notice tag in function 'ProofOfReadToken' [Warning/use-natspec]
/sb/0xd75fefe3cdb647281eec3f8fc738e3bc9658f9e4.sol:42:5: Missing @param tag in function 'ProofOfReadToken' [Warning/use-natspec]
/sb/0xd75fefe3cdb647281eec3f8fc738e3bc9658f9e4.sol:42:5: Mismatch in @param names for function 'ProofOfReadToken'. Expected: [_minSecondsBetweenPublishing, _maxTokensPerArticle, tokenName, decimalUnits, tokenSymbol], Found: [] [Warning/use-natspec]
/sb/0xd75fefe3cdb647281eec3f8fc738e3bc9658f9e4.sol:42:5: Explicitly mark visibility in function (Set ignoreConstructors to true if using solidity >=0.7.0) [Warning/func-visibility]
/sb/0xd75fefe3cdb647281eec3f8fc738e3bc9658f9e4.sol:59:5: Missing @notice tag in function 'publish' [Warning/use-natspec]
/sb/0xd75fefe3cdb647281eec3f8fc738e3bc9658f9e4.sol:59:5: Missing @param tag in function 'publish' [Warning/use-natspec]
/sb/0xd75fefe3cdb647281eec3f8fc738e3bc9658f9e4.sol:59:5: Mismatch in @param names for function 'publish'. Expected: [articleHash, keyHash, numTokens], Found: [] [Warning/use-natspec]
/sb/0xd75fefe3cdb647281eec3f8fc738e3bc9658f9e4.sol:59:5: Explicitly mark visibility in function [Warning/func-visibility]
/sb/0xd75fefe3cdb647281eec3f8fc738e3bc9658f9e4.sol:63:13: "throw" is deprecated, avoid to use it [Warning/avoid-throw]
/sb/0xd75fefe3cdb647281eec3f8fc738e3bc9658f9e4.sol:66:13: "throw" is deprecated, avoid to use it [Warning/avoid-throw]
/sb/0xd75fefe3cdb647281eec3f8fc738e3bc9658f9e4.sol:69:13: "throw" is deprecated, avoid to use it [Warning/avoid-throw]
/sb/0xd75fefe3cdb647281eec3f8fc738e3bc9658f9e4.sol:72:13: "throw" is deprecated, avoid to use it [Warning/avoid-throw]
/sb/0xd75fefe3cdb647281eec3f8fc738e3bc9658f9e4.sol:78:9: GC: For [ numArticlesPublished ] variable, increment/decrement by 1 using: [ ++variable ] to save gas [Warning/gas-increment-by-one]
/sb/0xd75fefe3cdb647281eec3f8fc738e3bc9658f9e4.sol:84:5: Missing @notice tag in function 'claimReadership' [Warning/use-natspec]
/sb/0xd75fefe3cdb647281eec3f8fc738e3bc9658f9e4.sol:84:5: Missing @param tag in function 'claimReadership' [Warning/use-natspec]
/sb/0xd75fefe3cdb647281eec3f8fc738e3bc9658f9e4.sol:84:5: Mismatch in @param names for function 'claimReadership'. Expected: [articleNum, key], Found: [] [Warning/use-natspec]
/sb/0xd75fefe3cdb647281eec3f8fc738e3bc9658f9e4.sol:84:5: Explicitly mark visibility in function [Warning/func-visibility]
/sb/0xd75fefe3cdb647281eec3f8fc738e3bc9658f9e4.sol:88:14: "throw" is deprecated, avoid to use it [Warning/avoid-throw]
/sb/0xd75fefe3cdb647281eec3f8fc738e3bc9658f9e4.sol:91:13: "throw" is deprecated, avoid to use it [Warning/avoid-throw]
/sb/0xd75fefe3cdb647281eec3f8fc738e3bc9658f9e4.sol:92:20: GC: Non strict inequality found. Try converting to a strict one [Warning/gas-strict-inequalities]
/sb/0xd75fefe3cdb647281eec3f8fc738e3bc9658f9e4.sol:94:13: "throw" is deprecated, avoid to use it [Warning/avoid-throw]
/sb/0xd75fefe3cdb647281eec3f8fc738e3bc9658f9e4.sol:97:13: "throw" is deprecated, avoid to use it [Warning/avoid-throw]
/sb/0xd75fefe3cdb647281eec3f8fc738e3bc9658f9e4.sol:100:13: "throw" is deprecated, avoid to use it [Warning/avoid-throw]
/sb/0xd75fefe3cdb647281eec3f8fc738e3bc9658f9e4.sol:103:9: GC: For [ remainingTokensForArticle ] variable, increment/decrement by 1 using: [ ++variable ] to save gas [Warning/gas-increment-by-one]
/sb/0xd75fefe3cdb647281eec3f8fc738e3bc9658f9e4.sol:104:9: GC: For [ totalSupply ] variable, increment/decrement by 1 using: [ ++variable ] to save gas [Warning/gas-increment-by-one]
/sb/0xd75fefe3cdb647281eec3f8fc738e3bc9658f9e4.sol:106:9: GC: For [ balanceOf ] variable, increment/decrement by 1 using: [ ++variable ] to save gas [Warning/gas-increment-by-one]
/sb/0xd75fefe3cdb647281eec3f8fc738e3bc9658f9e4.sol:112:5: Missing @notice tag in function 'hasReadership' [Warning/use-natspec]
/sb/0xd75fefe3cdb647281eec3f8fc738e3bc9658f9e4.sol:112:5: Missing @param tag in function 'hasReadership' [Warning/use-natspec]
/sb/0xd75fefe3cdb647281eec3f8fc738e3bc9658f9e4.sol:112:5: Mismatch in @param names for function 'hasReadership'. Expected: [toCheck, articleNum], Found: [] [Warning/use-natspec]
/sb/0xd75fefe3cdb647281eec3f8fc738e3bc9658f9e4.sol:112:5: Missing @return tag in function 'hasReadership' [Warning/use-natspec]
/sb/0xd75fefe3cdb647281eec3f8fc738e3bc9658f9e4.sol:112:5: Mismatch in @return count for function 'hasReadership'. Expected: 1, Found: 0 [Warning/use-natspec]
/sb/0xd75fefe3cdb647281eec3f8fc738e3bc9658f9e4.sol:116:5: Missing @notice tag in function 'getRemainingTokenForArticle' [Warning/use-natspec]
/sb/0xd75fefe3cdb647281eec3f8fc738e3bc9658f9e4.sol:116:5: Missing @param tag in function 'getRemainingTokenForArticle' [Warning/use-natspec]
/sb/0xd75fefe3cdb647281eec3f8fc738e3bc9658f9e4.sol:116:5: Mismatch in @param names for function 'getRemainingTokenForArticle'. Expected: [articleHash], Found: [] [Warning/use-natspec]
/sb/0xd75fefe3cdb647281eec3f8fc738e3bc9658f9e4.sol:116:5: Missing @return tag in function 'getRemainingTokenForArticle' [Warning/use-natspec]
/sb/0xd75fefe3cdb647281eec3f8fc738e3bc9658f9e4.sol:116:5: Mismatch in @return count for function 'getRemainingTokenForArticle'. Expected: 1, Found: 0 [Warning/use-natspec]
/sb/0xd75fefe3cdb647281eec3f8fc738e3bc9658f9e4.sol:121:5: Missing @notice tag in function 'transfer' [Warning/use-natspec]
/sb/0xd75fefe3cdb647281eec3f8fc738e3bc9658f9e4.sol:121:5: Missing @param tag in function 'transfer' [Warning/use-natspec]
/sb/0xd75fefe3cdb647281eec3f8fc738e3bc9658f9e4.sol:121:5: Mismatch in @param names for function 'transfer'. Expected: [_to, _value], Found: [] [Warning/use-natspec]
/sb/0xd75fefe3cdb647281eec3f8fc738e3bc9658f9e4.sol:121:5: Missing @return tag in function 'transfer' [Warning/use-natspec]
/sb/0xd75fefe3cdb647281eec3f8fc738e3bc9658f9e4.sol:121:5: Mismatch in @return names for function 'transfer'. Expected: [success], Found: [] [Warning/use-natspec]
/sb/0xd75fefe3cdb647281eec3f8fc738e3bc9658f9e4.sol:121:5: Explicitly mark visibility in function [Warning/func-visibility]
/sb/0xd75fefe3cdb647281eec3f8fc738e3bc9658f9e4.sol:132:5: Missing @notice tag in function 'approve' [Warning/use-natspec]
/sb/0xd75fefe3cdb647281eec3f8fc738e3bc9658f9e4.sol:132:5: Missing @param tag in function 'approve' [Warning/use-natspec]
/sb/0xd75fefe3cdb647281eec3f8fc738e3bc9658f9e4.sol:132:5: Mismatch in @param names for function 'approve'. Expected: [_spender, _value], Found: [] [Warning/use-natspec]
/sb/0xd75fefe3cdb647281eec3f8fc738e3bc9658f9e4.sol:132:5: Missing @return tag in function 'approve' [Warning/use-natspec]
/sb/0xd75fefe3cdb647281eec3f8fc738e3bc9658f9e4.sol:132:5: Mismatch in @return names for function 'approve'. Expected: [success], Found: [] [Warning/use-natspec]
/sb/0xd75fefe3cdb647281eec3f8fc738e3bc9658f9e4.sol:132:5: Explicitly mark visibility in function [Warning/func-visibility]
/sb/0xd75fefe3cdb647281eec3f8fc738e3bc9658f9e4.sol:138:5: Missing @notice tag in function 'transferFrom' [Warning/use-natspec]
/sb/0xd75fefe3cdb647281eec3f8fc738e3bc9658f9e4.sol:138:5: Missing @param tag in function 'transferFrom' [Warning/use-natspec]
/sb/0xd75fefe3cdb647281eec3f8fc738e3bc9658f9e4.sol:138:5: Mismatch in @param names for function 'transferFrom'. Expected: [_from, _to, _value], Found: [] [Warning/use-natspec]
/sb/0xd75fefe3cdb647281eec3f8fc738e3bc9658f9e4.sol:138:5: Missing @return tag in function 'transferFrom' [Warning/use-natspec]
/sb/0xd75fefe3cdb647281eec3f8fc738e3bc9658f9e4.sol:138:5: Mismatch in @return names for function 'transferFrom'. Expected: [success], Found: [] [Warning/use-natspec]
/sb/0xd75fefe3cdb647281eec3f8fc738e3bc9658f9e4.sol:138:5: Explicitly mark visibility in function [Warning/func-visibility]
/sb/0xd75fefe3cdb647281eec3f8fc738e3bc9658f9e4.sol:139:25: "throw" is deprecated, avoid to use it [Warning/avoid-throw]
/sb/0xd75fefe3cdb647281eec3f8fc738e3bc9658f9e4.sol:140:40: "throw" is deprecated, avoid to use it [Warning/avoid-throw]
/sb/0xd75fefe3cdb647281eec3f8fc738e3bc9658f9e4.sol:141:55: "throw" is deprecated, avoid to use it [Warning/avoid-throw]
/sb/0xd75fefe3cdb647281eec3f8fc738e3bc9658f9e4.sol:142:52: "throw" is deprecated, avoid to use it [Warning/avoid-throw]
/sb/0xd75fefe3cdb647281eec3f8fc738e3bc9658f9e4.sol:150:5: Missing @notice tag in function 'updateIpfsGateway' [Warning/use-natspec]
/sb/0xd75fefe3cdb647281eec3f8fc738e3bc9658f9e4.sol:150:5: Missing @param tag in function 'updateIpfsGateway' [Warning/use-natspec]
/sb/0xd75fefe3cdb647281eec3f8fc738e3bc9658f9e4.sol:150:5: Mismatch in @param names for function 'updateIpfsGateway'. Expected: [gateway], Found: [] [Warning/use-natspec]
/sb/0xd75fefe3cdb647281eec3f8fc738e3bc9658f9e4.sol:150:5: Explicitly mark visibility in function [Warning/func-visibility]
/sb/0xd75fefe3cdb647281eec3f8fc738e3bc9658f9e4.sol:155:5: Missing @notice tag in function 'setSmsCertificationRequired' [Warning/use-natspec]
/sb/0xd75fefe3cdb647281eec3f8fc738e3bc9658f9e4.sol:155:5: Missing @param tag in function 'setSmsCertificationRequired' [Warning/use-natspec]
/sb/0xd75fefe3cdb647281eec3f8fc738e3bc9658f9e4.sol:155:5: Mismatch in @param names for function 'setSmsCertificationRequired'. Expected: [enable], Found: [] [Warning/use-natspec]
/sb/0xd75fefe3cdb647281eec3f8fc738e3bc9658f9e4.sol:155:5: Explicitly mark visibility in function [Warning/func-visibility]

119 problem/s (1 error/s, 118 warning/s)
