A new version of Solhint is available: 6.0.1
Please consider updating your Solhint package.
/sb/0x9828f591b21ee4ad4fd803fc7339588cb83a6b84.sol:1:1: Compiler version >=0.4.0 <0.9.0 does not satisfy the ^0.8.24 semver requirement [Error/compiler-version]
/sb/0x9828f591b21ee4ad4fd803fc7339588cb83a6b84.sol:3:1: Missing @title tag in contract 'BirthdayGift' [Warning/use-natspec]
/sb/0x9828f591b21ee4ad4fd803fc7339588cb83a6b84.sol:3:1: Missing @author tag in contract 'BirthdayGift' [Warning/use-natspec]
/sb/0x9828f591b21ee4ad4fd803fc7339588cb83a6b84.sol:3:1: Missing @notice tag in contract 'BirthdayGift' [Warning/use-natspec]
/sb/0x9828f591b21ee4ad4fd803fc7339588cb83a6b84.sol:6:5: Missing @notice tag in variable 'recipient' [Warning/use-natspec]
/sb/0x9828f591b21ee4ad4fd803fc7339588cb83a6b84.sol:9:5: Rule is set with explicit type [var/s: uint] [Warning/explicit-types]
/sb/0x9828f591b21ee4ad4fd803fc7339588cb83a6b84.sol:9:5: Missing @notice tag in variable 'birthday' [Warning/use-natspec]
/sb/0x9828f591b21ee4ad4fd803fc7339588cb83a6b84.sol:15:5: Missing @notice tag in event 'HappyBirthday' [Warning/use-natspec]
/sb/0x9828f591b21ee4ad4fd803fc7339588cb83a6b84.sol:15:5: GC: [recipient] on Event [HappyBirthday] could be Indexed [Warning/gas-indexed-events]
/sb/0x9828f591b21ee4ad4fd803fc7339588cb83a6b84.sol:15:5: GC: [value] on Event [HappyBirthday] could be Indexed [Warning/gas-indexed-events]
/sb/0x9828f591b21ee4ad4fd803fc7339588cb83a6b84.sol:15:45: Rule is set with explicit type [var/s: uint] [Warning/explicit-types]
/sb/0x9828f591b21ee4ad4fd803fc7339588cb83a6b84.sol:21:5: Missing @notice tag in function 'BirthdayGift' [Warning/use-natspec]
/sb/0x9828f591b21ee4ad4fd803fc7339588cb83a6b84.sol:21:5: Explicitly mark visibility in function (Set ignoreConstructors to true if using solidity >=0.7.0) [Warning/func-visibility]
/sb/0x9828f591b21ee4ad4fd803fc7339588cb83a6b84.sol:21:48: Rule is set with explicit type [var/s: uint] [Warning/explicit-types]
/sb/0x9828f591b21ee4ad4fd803fc7339588cb83a6b84.sol:31:5: Missing @notice tag in function '<anonymous>' [Warning/use-natspec]
/sb/0x9828f591b21ee4ad4fd803fc7339588cb83a6b84.sol:31:5: Explicitly mark visibility in function [Warning/func-visibility]
/sb/0x9828f591b21ee4ad4fd803fc7339588cb83a6b84.sol:34:13: GC: Non strict inequality found. Try converting to a strict one [Warning/gas-strict-inequalities]
/sb/0x9828f591b21ee4ad4fd803fc7339588cb83a6b84.sol:34:42: "throw" is deprecated, avoid to use it [Warning/avoid-throw]
/sb/0x9828f591b21ee4ad4fd803fc7339588cb83a6b84.sol:38:5: Missing @notice tag in function 'Take' [Warning/use-natspec]
/sb/0x9828f591b21ee4ad4fd803fc7339588cb83a6b84.sol:38:5: Function name must be in mixedCase [Warning/func-name-mixedcase]
/sb/0x9828f591b21ee4ad4fd803fc7339588cb83a6b84.sol:38:5: Explicitly mark visibility in function [Warning/func-visibility]
/sb/0x9828f591b21ee4ad4fd803fc7339588cb83a6b84.sol:41:38: "throw" is deprecated, avoid to use it [Warning/avoid-throw]
/sb/0x9828f591b21ee4ad4fd803fc7339588cb83a6b84.sol:44:41: "throw" is deprecated, avoid to use it [Warning/avoid-throw]
/sb/0x9828f591b21ee4ad4fd803fc7339588cb83a6b84.sol:50:45: "throw" is deprecated, avoid to use it [Warning/avoid-throw]

24 problem/s (1 error/s, 23 warning/s)
