PHI instruction need arguments but 0 was given

Traceback (most recent call last):
  File "conkas.py", line 114, in main
    traces = sym_exec.execute()
  File "/conkas/sym_exec/symbolic_executor.py", line 51, in execute
    new_traces = self.__sym_exec_traces(traces_to_execute)
  File "/conkas/sym_exec/symbolic_executor.py", line 64, in __sym_exec_traces
    new_blocks = self.__sym_exec_block(block_to_analyse, trace.state)
  File "/conkas/sym_exec/symbolic_executor.py", line 93, in __sym_exec_block
    new_blocks = self.__sym_exec_instruction(instruction, state)
  File "/conkas/sym_exec/symbolic_executor.py", line 116, in __sym_exec_instruction
    return func(instruction, state)
  File "/conkas/sym_exec/instructions/rattle_instructions.py", line 58, in inst_phi
    raise Exception
Exception
ANTLR runtime and generated code versions disagree: 4.9.2!=4.7.2
ANTLR runtime and generated code versions disagree: 4.9.2!=4.7.2
Analysing /sb/0xe2ca03dff1101b8fcf0551e2f398bf743153a446.sol:Address...
Analysing /sb/0xe2ca03dff1101b8fcf0551e2f398bf743153a446.sol:AddressDeployer...
Vulnerability: Reentrancy. Maybe in function: transferOwnershipAndNotify(address). PC: 0x42f. Line number: 865.
Vulnerability: Integer Overflow. Maybe in function: deploy(bytes). PC: 0xa3. Line number: 868.
If a = 128
and b = 115792089237316195423570985008687907853269984665640564039457584007913129639745
Vulnerability: Integer Overflow. Maybe in function: deploy(bytes). PC: 0x2d2. Line number: 874.
If a = 32
and b = 115792089237316195423570985008687907853269984665640564039457584007913129639713
Analysing /sb/0xe2ca03dff1101b8fcf0551e2f398bf743153a446.sol:AddressToken...
Analysing /sb/0xe2ca03dff1101b8fcf0551e2f398bf743153a446.sol:ERC165...
Analysing /sb/0xe2ca03dff1101b8fcf0551e2f398bf743153a446.sol:ERC721...
Vulnerability: Integer Overflow. Maybe in function: safeTransferFrom(address,address,uint256,bytes). PC: 0x435. Line number: 436.
If a = 32
and b = 115792089237316195423570985008687907853269984665640564039457584007913129639873
Analysing /sb/0xe2ca03dff1101b8fcf0551e2f398bf743153a446.sol:ERC721Enumerable...
Vulnerability: Integer Overflow. Maybe in function: totalSupply(). PC: 0x971. Line number: 654.
If a = 75276140696391174450305814049576319106646922510300487059720162673006384432776
and b = 40515948540925020973265170963401002353723749588281790311442663596698827831672
Vulnerability: Integer Overflow. Maybe in function: safeTransferFrom(address,address,uint256,bytes). PC: 0x51a. Line number: 436.
If a = 31
and b = 115792089237316195423570985008687907853269984665640564039457584007913129639905
Vulnerability: Integer Overflow. Maybe in function: tokenOfOwnerByIndex(address,uint256). PC: 0x917. Line number: 635.
If a = 53004030557256007807124607138348157463194391337524676000190486804018338105960
and b = 72370055773322622139731901548294181452563858189783801360032481069143882203136
Analysing /sb/0xe2ca03dff1101b8fcf0551e2f398bf743153a446.sol:ERC721Full...
Vulnerability: Integer Overflow. Maybe in function: totalSupply(). PC: 0xbfa. Line number: 654.
If a = 75276140696391174450305814049576319106646922510300487059720162673006384432776
and b = 40515948540925020973265170959111588746623062155340076979737421334906745207160
Vulnerability: Integer Overflow. Maybe in function: safeTransferFrom(address,address,uint256,bytes). PC: 0x64f. Line number: 436.
If a = 4
and b = 115792089237316195423570985008687907853269984665640564039457584007913129639932
Vulnerability: Integer Overflow. Maybe in function: tokenOfOwnerByIndex(address,uint256). PC: 0xba0. Line number: 635.
If a = 53004030557256007807124607138348157463194391337524676000190486804018338105960
and b = 62788058680060187616446377870339750390075593677101238239280036463643621064704
Analysing /sb/0xe2ca03dff1101b8fcf0551e2f398bf743153a446.sol:ERC721Metadata...
Analysing /sb/0xe2ca03dff1101b8fcf0551e2f398bf743153a446.sol:Example...
Analysing /sb/0xe2ca03dff1101b8fcf0551e2f398bf743153a446.sol:IAddressDeployerOwner...
Nothing to analyse
Analysing /sb/0xe2ca03dff1101b8fcf0551e2f398bf743153a446.sol:IERC165...
Nothing to analyse
Analysing /sb/0xe2ca03dff1101b8fcf0551e2f398bf743153a446.sol:IERC721...
Nothing to analyse
Analysing /sb/0xe2ca03dff1101b8fcf0551e2f398bf743153a446.sol:IERC721Enumerable...
Nothing to analyse
Analysing /sb/0xe2ca03dff1101b8fcf0551e2f398bf743153a446.sol:IERC721Metadata...
Nothing to analyse
Analysing /sb/0xe2ca03dff1101b8fcf0551e2f398bf743153a446.sol:IERC721Receiver...
Nothing to analyse
Analysing /sb/0xe2ca03dff1101b8fcf0551e2f398bf743153a446.sol:SafeMath...
