Extract contract BasicToken from /sb/0x7b47e1473f97040689812204113ff549b2e2c31b.sol
Extract contract Crowdsale from /sb/0x7b47e1473f97040689812204113ff549b2e2c31b.sol
Extract contract FounderAllocation from /sb/0x7b47e1473f97040689812204113ff549b2e2c31b.sol
Extract contract Mest from /sb/0x7b47e1473f97040689812204113ff549b2e2c31b.sol
Extract contract MestCrowdsale from /sb/0x7b47e1473f97040689812204113ff549b2e2c31b.sol
Extract contract MintableToken from /sb/0x7b47e1473f97040689812204113ff549b2e2c31b.sol
Extract contract Ownable from /sb/0x7b47e1473f97040689812204113ff549b2e2c31b.sol
Extract contract RefundVault from /sb/0x7b47e1473f97040689812204113ff549b2e2c31b.sol
Extract contract SafeMath from /sb/0x7b47e1473f97040689812204113ff549b2e2c31b.sol
Extract contract StandardToken from /sb/0x7b47e1473f97040689812204113ff549b2e2c31b.sol
Extracted 10 contract(s) from /sb/0x7b47e1473f97040689812204113ff549b2e2c31b.sol
[0;32m> Created "fuzzMe"[0m
[0;32m> To fuzz contracts:[0m
  chmod +x fuzzMe
  ./fuzzMe
contracts/FounderAllocation.sol:34:3: Warning: Defining constructors as functions with the same name as the contract is deprecated. Use "constructor(...) { ... }" instead.
  function Ownable() public {
  ^ (Relevant source part starts here and spans across multiple lines).
contracts/FounderAllocation.sol:365:3: Warning: Defining constructors as functions with the same name as the contract is deprecated. Use "constructor(...) { ... }" instead.
  function Crowdsale(uint256 _startTime, uint256 _endTime, uint256 _rate, address _wallet) public {
  ^ (Relevant source part starts here and spans across multiple lines).
contracts/FounderAllocation.sol:505:3: Warning: Defining constructors as functions with the same name as the contract is deprecated. Use "constructor(...) { ... }" instead.
  function RefundVault(address _wallet) public {
  ^ (Relevant source part starts here and spans across multiple lines).
contracts/FounderAllocation.sol:556:3: Warning: Defining constructors as functions with the same name as the contract is deprecated. Use "constructor(...) { ... }" instead.
  function RefundableCrowdsale(uint256 _goal) public {
  ^ (Relevant source part starts here and spans across multiple lines).
contracts/FounderAllocation.sol:611:3: Warning: Defining constructors as functions with the same name as the contract is deprecated. Use "constructor(...) { ... }" instead.
  function CappedCrowdsale(uint256 _cap) public {
  ^ (Relevant source part starts here and spans across multiple lines).
contracts/FounderAllocation.sol:823:1: Warning: Defining constructors as functions with the same name as the contract is deprecated. Use "constructor(...) { ... }" instead.
function MestCrowdsale(uint256 _startTime, uint256 _endTime, uint256 _rate, address _wallet, uint256 _goal, uint256 _cap)
^ (Relevant source part starts here and spans across multiple lines).
contracts/FounderAllocation.sol:53:5: Warning: Invoking events without "emit" prefix is deprecated.
    OwnershipTransferred(owner, newOwner);
    ^-----------------------------------^
contracts/FounderAllocation.sol:103:5: Warning: Invoking events without "emit" prefix is deprecated.
    Transfer(msg.sender, _to, _value);
    ^-------------------------------^
contracts/FounderAllocation.sol:162:5: Warning: Invoking events without "emit" prefix is deprecated.
    Transfer(_from, _to, _value);
    ^--------------------------^
contracts/FounderAllocation.sol:178:5: Warning: Invoking events without "emit" prefix is deprecated.
    Approval(msg.sender, _spender, _value);
    ^------------------------------------^
contracts/FounderAllocation.sol:204:5: Warning: Invoking events without "emit" prefix is deprecated.
    Approval(msg.sender, _spender, allowed[msg.sender][_spender]);
    ^-----------------------------------------------------------^
contracts/FounderAllocation.sol:225:5: Warning: Invoking events without "emit" prefix is deprecated.
    Approval(msg.sender, _spender, allowed[msg.sender][_spender]);
    ^-----------------------------------------------------------^
contracts/FounderAllocation.sol:261:5: Warning: Invoking events without "emit" prefix is deprecated.
    Mint(_to, _amount);
    ^----------------^
contracts/FounderAllocation.sol:262:5: Warning: Invoking events without "emit" prefix is deprecated.
    Transfer(address(0), _to, _amount);
    ^--------------------------------^
contracts/FounderAllocation.sol:272:5: Warning: Invoking events without "emit" prefix is deprecated.
    MintFinished();
    ^------------^
contracts/FounderAllocation.sol:397:5: Warning: Invoking events without "emit" prefix is deprecated.
    TokenPurchase(msg.sender, beneficiary, weiAmount, tokens);
    ^-------------------------------------------------------^
contracts/FounderAllocation.sol:466:5: Warning: Invoking events without "emit" prefix is deprecated.
    Finalized();
    ^---------^
contracts/FounderAllocation.sol:519:5: Warning: Invoking events without "emit" prefix is deprecated.
    Closed();
    ^------^
contracts/FounderAllocation.sol:520:21: Warning: Using contract member "balance" inherited from the address type is deprecated. Convert the contract to "address" type to access the member, for example use "address(contract).balance" instead.
    wallet.transfer(this.balance);
                    ^----------^
contracts/FounderAllocation.sol:527:5: Warning: Invoking events without "emit" prefix is deprecated.
    RefundsEnabled();
    ^--------------^
contracts/FounderAllocation.sol:535:5: Warning: Invoking events without "emit" prefix is deprecated.
    Refunded(investor, depositedValue);
    ^--------------------------------^
contracts/FounderAllocation.sol:643:24: Warning: This looks like an address but has an invalid checksum. If this is not used as an address, please prepend '00'. Correct checksummed address: '0x6bFc645B3Fd135F14eEd944922157C41dcc5e9ab'. For more information please see https://solidity.readthedocs.io/en/develop/types.html#address-literals
  address public admin=0x6bfc645b3fd135f14eed944922157c41dcc5e9ab;
                       ^----------------------------------------^
contracts/FounderAllocation.sol:676:5: Warning: Invoking events without "emit" prefix is deprecated.
    Pause();
    ^-----^
contracts/FounderAllocation.sol:684:5: Warning: Invoking events without "emit" prefix is deprecated.
    Unpause();
    ^-------^
contracts/FounderAllocation.sol:693:5: Warning: Invoking events without "emit" prefix is deprecated.
    AdminAccessTransferred(admin, newAdmin);
    ^-------------------------------------^
contracts/FounderAllocation.sol:708:5: Warning: Invoking events without "emit" prefix is deprecated.
    Transfer(msg.sender, _to, _value);
    ^-------------------------------^
contracts/FounderAllocation.sol:729:5: Warning: Invoking events without "emit" prefix is deprecated.
    Transfer(_from, _to, _value);
    ^--------------------------^
contracts/FounderAllocation.sol:865:8: Warning: Invoking events without "emit" prefix is deprecated.
       TokenPurchase(msg.sender, beneficiary, weiAmount, tokens);
       ^-------------------------------------------------------^
contracts/FounderAllocation.sol:970:13: Warning: Invoking events without "emit" prefix is deprecated.
            Burn(msg.sender, _founder);
            ^------------------------^
contracts/FounderAllocation.sol:1047:9: Warning: Invoking events without "emit" prefix is deprecated.
        Burn(msg.sender, _value);
        ^----------------------^
contracts/FounderAllocation.sol:755:3: Warning: No visibility specified. Defaulting to "public". 
  function TeamAllocation() {
  ^ (Relevant source part starts here and spans across multiple lines).
contracts/FounderAllocation.sol:764:3: Warning: No visibility specified. Defaulting to "public". 
  function getTotalAllocation() returns (uint256){
  ^ (Relevant source part starts here and spans across multiple lines).
contracts/FounderAllocation.sol:823:1: Warning: No visibility specified. Defaulting to "public". 
function MestCrowdsale(uint256 _startTime, uint256 _endTime, uint256 _rate, address _wallet, uint256 _goal, uint256 _cap)
^ (Relevant source part starts here and spans across multiple lines).
contracts/FounderAllocation.sol:1027:5: Warning: No visibility specified. Defaulting to "public". 
    function changePublicallocation (uint256  _value) onlyOwner  {
    ^ (Relevant source part starts here and spans across multiple lines).
contracts/FounderAllocation.sol:1035:5: Warning: No visibility specified. Defaulting to "public". 
    function changeWallet (address _wallet) onlyOwner  {
    ^ (Relevant source part starts here and spans across multiple lines).
contracts/FounderAllocation.sol:1042:5: Warning: No visibility specified. Defaulting to "public". 
    function burnToken(uint256 _value) onlyOwner {
    ^ (Relevant source part starts here and spans across multiple lines).
contracts/FounderAllocation.sol:476:3: Warning: Function state mutability can be restricted to pure
  function finalization() internal {
  ^ (Relevant source part starts here and spans across multiple lines).
contracts/FounderAllocation.sol:764:3: Warning: Function state mutability can be restricted to pure
  function getTotalAllocation() returns (uint256){
  ^ (Relevant source part starts here and spans across multiple lines).
contracts/FounderAllocation.sol:908:1: Warning: Function state mutability can be restricted to view
function isVerified(address _address, uint256 _amt)internal  returns  ( bool){
^ (Relevant source part starts here and spans across multiple lines).
contracts/Ownable.sol:34:3: Warning: Defining constructors as functions with the same name as the contract is deprecated. Use "constructor(...) { ... }" instead.
  function Ownable() public {
  ^ (Relevant source part starts here and spans across multiple lines).
contracts/Ownable.sol:365:3: Warning: Defining constructors as functions with the same name as the contract is deprecated. Use "constructor(...) { ... }" instead.
  function Crowdsale(uint256 _startTime, uint256 _endTime, uint256 _rate, address _wallet) public {
  ^ (Relevant source part starts here and spans across multiple lines).
contracts/Ownable.sol:505:3: Warning: Defining constructors as functions with the same name as the contract is deprecated. Use "constructor(...) { ... }" instead.
  function RefundVault(address _wallet) public {
  ^ (Relevant source part starts here and spans across multiple lines).
contracts/Ownable.sol:556:3: Warning: Defining constructors as functions with the same name as the contract is deprecated. Use "constructor(...) { ... }" instead.
  function RefundableCrowdsale(uint256 _goal) public {
  ^ (Relevant source part starts here and spans across multiple lines).
contracts/Ownable.sol:611:3: Warning: Defining constructors as functions with the same name as the contract is deprecated. Use "constructor(...) { ... }" instead.
  function CappedCrowdsale(uint256 _cap) public {
  ^ (Relevant source part starts here and spans across multiple lines).
contracts/Ownable.sol:823:1: Warning: Defining constructors as functions with the same name as the contract is deprecated. Use "constructor(...) { ... }" instead.
function MestCrowdsale(uint256 _startTime, uint256 _endTime, uint256 _rate, address _wallet, uint256 _goal, uint256 _cap)
^ (Relevant source part starts here and spans across multiple lines).
contracts/Ownable.sol:53:5: Warning: Invoking events without "emit" prefix is deprecated.
    OwnershipTransferred(owner, newOwner);
    ^-----------------------------------^
contracts/Ownable.sol:103:5: Warning: Invoking events without "emit" prefix is deprecated.
    Transfer(msg.sender, _to, _value);
    ^-------------------------------^
contracts/Ownable.sol:162:5: Warning: Invoking events without "emit" prefix is deprecated.
    Transfer(_from, _to, _value);
    ^--------------------------^
contracts/Ownable.sol:178:5: Warning: Invoking events without "emit" prefix is deprecated.
    Approval(msg.sender, _spender, _value);
    ^------------------------------------^
contracts/Ownable.sol:204:5: Warning: Invoking events without "emit" prefix is deprecated.
    Approval(msg.sender, _spender, allowed[msg.sender][_spender]);
    ^-----------------------------------------------------------^
contracts/Ownable.sol:225:5: Warning: Invoking events without "emit" prefix is deprecated.
    Approval(msg.sender, _spender, allowed[msg.sender][_spender]);
    ^-----------------------------------------------------------^
contracts/Ownable.sol:261:5: Warning: Invoking events without "emit" prefix is deprecated.
    Mint(_to, _amount);
    ^----------------^
contracts/Ownable.sol:262:5: Warning: Invoking events without "emit" prefix is deprecated.
    Transfer(address(0), _to, _amount);
    ^--------------------------------^
contracts/Ownable.sol:272:5: Warning: Invoking events without "emit" prefix is deprecated.
    MintFinished();
    ^------------^
contracts/Ownable.sol:397:5: Warning: Invoking events without "emit" prefix is deprecated.
    TokenPurchase(msg.sender, beneficiary, weiAmount, tokens);
    ^-------------------------------------------------------^
contracts/Ownable.sol:466:5: Warning: Invoking events without "emit" prefix is deprecated.
    Finalized();
    ^---------^
contracts/Ownable.sol:519:5: Warning: Invoking events without "emit" prefix is deprecated.
    Closed();
    ^------^
contracts/Ownable.sol:520:21: Warning: Using contract member "balance" inherited from the address type is deprecated. Convert the contract to "address" type to access the member, for example use "address(contract).balance" instead.
    wallet.transfer(this.balance);
                    ^----------^
contracts/Ownable.sol:527:5: Warning: Invoking events without "emit" prefix is deprecated.
    RefundsEnabled();
    ^--------------^
contracts/Ownable.sol:535:5: Warning: Invoking events without "emit" prefix is deprecated.
    Refunded(investor, depositedValue);
    ^--------------------------------^
contracts/Ownable.sol:643:24: Warning: This looks like an address but has an invalid checksum. If this is not used as an address, please prepend '00'. Correct checksummed address: '0x6bFc645B3Fd135F14eEd944922157C41dcc5e9ab'. For more information please see https://solidity.readthedocs.io/en/develop/types.html#address-literals
  address public admin=0x6bfc645b3fd135f14eed944922157c41dcc5e9ab;
                       ^----------------------------------------^
contracts/Ownable.sol:676:5: Warning: Invoking events without "emit" prefix is deprecated.
    Pause();
    ^-----^
contracts/Ownable.sol:684:5: Warning: Invoking events without "emit" prefix is deprecated.
    Unpause();
    ^-------^
contracts/Ownable.sol:693:5: Warning: Invoking events without "emit" prefix is deprecated.
    AdminAccessTransferred(admin, newAdmin);
    ^-------------------------------------^
contracts/Ownable.sol:708:5: Warning: Invoking events without "emit" prefix is deprecated.
    Transfer(msg.sender, _to, _value);
    ^-------------------------------^
contracts/Ownable.sol:729:5: Warning: Invoking events without "emit" prefix is deprecated.
    Transfer(_from, _to, _value);
    ^--------------------------^
contracts/Ownable.sol:865:8: Warning: Invoking events without "emit" prefix is deprecated.
       TokenPurchase(msg.sender, beneficiary, weiAmount, tokens);
       ^-------------------------------------------------------^
contracts/Ownable.sol:970:13: Warning: Invoking events without "emit" prefix is deprecated.
            Burn(msg.sender, _founder);
            ^------------------------^
contracts/Ownable.sol:1047:9: Warning: Invoking events without "emit" prefix is deprecated.
        Burn(msg.sender, _value);
        ^----------------------^
contracts/Ownable.sol:755:3: Warning: No visibility specified. Defaulting to "public". 
  function TeamAllocation() {
  ^ (Relevant source part starts here and spans across multiple lines).
contracts/Ownable.sol:764:3: Warning: No visibility specified. Defaulting to "public". 
  function getTotalAllocation() returns (uint256){
  ^ (Relevant source part starts here and spans across multiple lines).
contracts/Ownable.sol:823:1: Warning: No visibility specified. Defaulting to "public". 
function MestCrowdsale(uint256 _startTime, uint256 _endTime, uint256 _rate, address _wallet, uint256 _goal, uint256 _cap)
^ (Relevant source part starts here and spans across multiple lines).
contracts/Ownable.sol:1027:5: Warning: No visibility specified. Defaulting to "public". 
    function changePublicallocation (uint256  _value) onlyOwner  {
    ^ (Relevant source part starts here and spans across multiple lines).
contracts/Ownable.sol:1035:5: Warning: No visibility specified. Defaulting to "public". 
    function changeWallet (address _wallet) onlyOwner  {
    ^ (Relevant source part starts here and spans across multiple lines).
contracts/Ownable.sol:1042:5: Warning: No visibility specified. Defaulting to "public". 
    function burnToken(uint256 _value) onlyOwner {
    ^ (Relevant source part starts here and spans across multiple lines).
contracts/Ownable.sol:476:3: Warning: Function state mutability can be restricted to pure
  function finalization() internal {
  ^ (Relevant source part starts here and spans across multiple lines).
contracts/Ownable.sol:764:3: Warning: Function state mutability can be restricted to pure
  function getTotalAllocation() returns (uint256){
  ^ (Relevant source part starts here and spans across multiple lines).
contracts/Ownable.sol:908:1: Warning: Function state mutability can be restricted to view
function isVerified(address _address, uint256 _amt)internal  returns  ( bool){
^ (Relevant source part starts here and spans across multiple lines).
contracts/Crowdsale.sol:34:3: Warning: Defining constructors as functions with the same name as the contract is deprecated. Use "constructor(...) { ... }" instead.
  function Ownable() public {
  ^ (Relevant source part starts here and spans across multiple lines).
contracts/Crowdsale.sol:365:3: Warning: Defining constructors as functions with the same name as the contract is deprecated. Use "constructor(...) { ... }" instead.
  function Crowdsale(uint256 _startTime, uint256 _endTime, uint256 _rate, address _wallet) public {
  ^ (Relevant source part starts here and spans across multiple lines).
contracts/Crowdsale.sol:505:3: Warning: Defining constructors as functions with the same name as the contract is deprecated. Use "constructor(...) { ... }" instead.
  function RefundVault(address _wallet) public {
  ^ (Relevant source part starts here and spans across multiple lines).
contracts/Crowdsale.sol:556:3: Warning: Defining constructors as functions with the same name as the contract is deprecated. Use "constructor(...) { ... }" instead.
  function RefundableCrowdsale(uint256 _goal) public {
  ^ (Relevant source part starts here and spans across multiple lines).
contracts/Crowdsale.sol:611:3: Warning: Defining constructors as functions with the same name as the contract is deprecated. Use "constructor(...) { ... }" instead.
  function CappedCrowdsale(uint256 _cap) public {
  ^ (Relevant source part starts here and spans across multiple lines).
contracts/Crowdsale.sol:823:1: Warning: Defining constructors as functions with the same name as the contract is deprecated. Use "constructor(...) { ... }" instead.
function MestCrowdsale(uint256 _startTime, uint256 _endTime, uint256 _rate, address _wallet, uint256 _goal, uint256 _cap)
^ (Relevant source part starts here and spans across multiple lines).
contracts/Crowdsale.sol:53:5: Warning: Invoking events without "emit" prefix is deprecated.
    OwnershipTransferred(owner, newOwner);
    ^-----------------------------------^
contracts/Crowdsale.sol:103:5: Warning: Invoking events without "emit" prefix is deprecated.
    Transfer(msg.sender, _to, _value);
    ^-------------------------------^
contracts/Crowdsale.sol:162:5: Warning: Invoking events without "emit" prefix is deprecated.
    Transfer(_from, _to, _value);
    ^--------------------------^
contracts/Crowdsale.sol:178:5: Warning: Invoking events without "emit" prefix is deprecated.
    Approval(msg.sender, _spender, _value);
    ^------------------------------------^
contracts/Crowdsale.sol:204:5: Warning: Invoking events without "emit" prefix is deprecated.
    Approval(msg.sender, _spender, allowed[msg.sender][_spender]);
    ^-----------------------------------------------------------^
contracts/Crowdsale.sol:225:5: Warning: Invoking events without "emit" prefix is deprecated.
    Approval(msg.sender, _spender, allowed[msg.sender][_spender]);
    ^-----------------------------------------------------------^
contracts/Crowdsale.sol:261:5: Warning: Invoking events without "emit" prefix is deprecated.
    Mint(_to, _amount);
    ^----------------^
contracts/Crowdsale.sol:262:5: Warning: Invoking events without "emit" prefix is deprecated.
    Transfer(address(0), _to, _amount);
    ^--------------------------------^
contracts/Crowdsale.sol:272:5: Warning: Invoking events without "emit" prefix is deprecated.
    MintFinished();
    ^------------^
contracts/Crowdsale.sol:397:5: Warning: Invoking events without "emit" prefix is deprecated.
    TokenPurchase(msg.sender, beneficiary, weiAmount, tokens);
    ^-------------------------------------------------------^
contracts/Crowdsale.sol:466:5: Warning: Invoking events without "emit" prefix is deprecated.
    Finalized();
    ^---------^
contracts/Crowdsale.sol:519:5: Warning: Invoking events without "emit" prefix is deprecated.
    Closed();
    ^------^
contracts/Crowdsale.sol:520:21: Warning: Using contract member "balance" inherited from the address type is deprecated. Convert the contract to "address" type to access the member, for example use "address(contract).balance" instead.
    wallet.transfer(this.balance);
                    ^----------^
contracts/Crowdsale.sol:527:5: Warning: Invoking events without "emit" prefix is deprecated.
    RefundsEnabled();
    ^--------------^
contracts/Crowdsale.sol:535:5: Warning: Invoking events without "emit" prefix is deprecated.
    Refunded(investor, depositedValue);
    ^--------------------------------^
contracts/Crowdsale.sol:643:24: Warning: This looks like an address but has an invalid checksum. If this is not used as an address, please prepend '00'. Correct checksummed address: '0x6bFc645B3Fd135F14eEd944922157C41dcc5e9ab'. For more information please see https://solidity.readthedocs.io/en/develop/types.html#address-literals
  address public admin=0x6bfc645b3fd135f14eed944922157c41dcc5e9ab;
                       ^----------------------------------------^
contracts/Crowdsale.sol:676:5: Warning: Invoking events without "emit" prefix is deprecated.
    Pause();
    ^-----^
contracts/Crowdsale.sol:684:5: Warning: Invoking events without "emit" prefix is deprecated.
    Unpause();
    ^-------^
contracts/Crowdsale.sol:693:5: Warning: Invoking events without "emit" prefix is deprecated.
    AdminAccessTransferred(admin, newAdmin);
    ^-------------------------------------^
contracts/Crowdsale.sol:708:5: Warning: Invoking events without "emit" prefix is deprecated.
    Transfer(msg.sender, _to, _value);
    ^-------------------------------^
contracts/Crowdsale.sol:729:5: Warning: Invoking events without "emit" prefix is deprecated.
    Transfer(_from, _to, _value);
    ^--------------------------^
contracts/Crowdsale.sol:865:8: Warning: Invoking events without "emit" prefix is deprecated.
       TokenPurchase(msg.sender, beneficiary, weiAmount, tokens);
       ^-------------------------------------------------------^
contracts/Crowdsale.sol:970:13: Warning: Invoking events without "emit" prefix is deprecated.
            Burn(msg.sender, _founder);
            ^------------------------^
contracts/Crowdsale.sol:1047:9: Warning: Invoking events without "emit" prefix is deprecated.
        Burn(msg.sender, _value);
        ^----------------------^
contracts/Crowdsale.sol:755:3: Warning: No visibility specified. Defaulting to "public". 
  function TeamAllocation() {
  ^ (Relevant source part starts here and spans across multiple lines).
contracts/Crowdsale.sol:764:3: Warning: No visibility specified. Defaulting to "public". 
  function getTotalAllocation() returns (uint256){
  ^ (Relevant source part starts here and spans across multiple lines).
contracts/Crowdsale.sol:823:1: Warning: No visibility specified. Defaulting to "public". 
function MestCrowdsale(uint256 _startTime, uint256 _endTime, uint256 _rate, address _wallet, uint256 _goal, uint256 _cap)
^ (Relevant source part starts here and spans across multiple lines).
contracts/Crowdsale.sol:1027:5: Warning: No visibility specified. Defaulting to "public". 
    function changePublicallocation (uint256  _value) onlyOwner  {
    ^ (Relevant source part starts here and spans across multiple lines).
contracts/Crowdsale.sol:1035:5: Warning: No visibility specified. Defaulting to "public". 
    function changeWallet (address _wallet) onlyOwner  {
    ^ (Relevant source part starts here and spans across multiple lines).
contracts/Crowdsale.sol:1042:5: Warning: No visibility specified. Defaulting to "public". 
    function burnToken(uint256 _value) onlyOwner {
    ^ (Relevant source part starts here and spans across multiple lines).
contracts/Crowdsale.sol:476:3: Warning: Function state mutability can be restricted to pure
  function finalization() internal {
  ^ (Relevant source part starts here and spans across multiple lines).
contracts/Crowdsale.sol:764:3: Warning: Function state mutability can be restricted to pure
  function getTotalAllocation() returns (uint256){
  ^ (Relevant source part starts here and spans across multiple lines).
contracts/Crowdsale.sol:908:1: Warning: Function state mutability can be restricted to view
function isVerified(address _address, uint256 _amt)internal  returns  ( bool){
^ (Relevant source part starts here and spans across multiple lines).
contracts/RefundVault.sol:34:3: Warning: Defining constructors as functions with the same name as the contract is deprecated. Use "constructor(...) { ... }" instead.
  function Ownable() public {
  ^ (Relevant source part starts here and spans across multiple lines).
contracts/RefundVault.sol:365:3: Warning: Defining constructors as functions with the same name as the contract is deprecated. Use "constructor(...) { ... }" instead.
  function Crowdsale(uint256 _startTime, uint256 _endTime, uint256 _rate, address _wallet) public {
  ^ (Relevant source part starts here and spans across multiple lines).
contracts/RefundVault.sol:505:3: Warning: Defining constructors as functions with the same name as the contract is deprecated. Use "constructor(...) { ... }" instead.
  function RefundVault(address _wallet) public {
  ^ (Relevant source part starts here and spans across multiple lines).
contracts/RefundVault.sol:556:3: Warning: Defining constructors as functions with the same name as the contract is deprecated. Use "constructor(...) { ... }" instead.
  function RefundableCrowdsale(uint256 _goal) public {
  ^ (Relevant source part starts here and spans across multiple lines).
contracts/RefundVault.sol:611:3: Warning: Defining constructors as functions with the same name as the contract is deprecated. Use "constructor(...) { ... }" instead.
  function CappedCrowdsale(uint256 _cap) public {
  ^ (Relevant source part starts here and spans across multiple lines).
contracts/RefundVault.sol:823:1: Warning: Defining constructors as functions with the same name as the contract is deprecated. Use "constructor(...) { ... }" instead.
function MestCrowdsale(uint256 _startTime, uint256 _endTime, uint256 _rate, address _wallet, uint256 _goal, uint256 _cap)
^ (Relevant source part starts here and spans across multiple lines).
contracts/RefundVault.sol:53:5: Warning: Invoking events without "emit" prefix is deprecated.
    OwnershipTransferred(owner, newOwner);
    ^-----------------------------------^
contracts/RefundVault.sol:103:5: Warning: Invoking events without "emit" prefix is deprecated.
    Transfer(msg.sender, _to, _value);
    ^-------------------------------^
contracts/RefundVault.sol:162:5: Warning: Invoking events without "emit" prefix is deprecated.
    Transfer(_from, _to, _value);
    ^--------------------------^
contracts/RefundVault.sol:178:5: Warning: Invoking events without "emit" prefix is deprecated.
    Approval(msg.sender, _spender, _value);
    ^------------------------------------^
contracts/RefundVault.sol:204:5: Warning: Invoking events without "emit" prefix is deprecated.
    Approval(msg.sender, _spender, allowed[msg.sender][_spender]);
    ^-----------------------------------------------------------^
contracts/RefundVault.sol:225:5: Warning: Invoking events without "emit" prefix is deprecated.
    Approval(msg.sender, _spender, allowed[msg.sender][_spender]);
    ^-----------------------------------------------------------^
contracts/RefundVault.sol:261:5: Warning: Invoking events without "emit" prefix is deprecated.
    Mint(_to, _amount);
    ^----------------^
contracts/RefundVault.sol:262:5: Warning: Invoking events without "emit" prefix is deprecated.
    Transfer(address(0), _to, _amount);
    ^--------------------------------^
contracts/RefundVault.sol:272:5: Warning: Invoking events without "emit" prefix is deprecated.
    MintFinished();
    ^------------^
contracts/RefundVault.sol:397:5: Warning: Invoking events without "emit" prefix is deprecated.
    TokenPurchase(msg.sender, beneficiary, weiAmount, tokens);
    ^-------------------------------------------------------^
contracts/RefundVault.sol:466:5: Warning: Invoking events without "emit" prefix is deprecated.
    Finalized();
    ^---------^
contracts/RefundVault.sol:519:5: Warning: Invoking events without "emit" prefix is deprecated.
    Closed();
    ^------^
contracts/RefundVault.sol:520:21: Warning: Using contract member "balance" inherited from the address type is deprecated. Convert the contract to "address" type to access the member, for example use "address(contract).balance" instead.
    wallet.transfer(this.balance);
                    ^----------^
contracts/RefundVault.sol:527:5: Warning: Invoking events without "emit" prefix is deprecated.
    RefundsEnabled();
    ^--------------^
contracts/RefundVault.sol:535:5: Warning: Invoking events without "emit" prefix is deprecated.
    Refunded(investor, depositedValue);
    ^--------------------------------^
contracts/RefundVault.sol:643:24: Warning: This looks like an address but has an invalid checksum. If this is not used as an address, please prepend '00'. Correct checksummed address: '0x6bFc645B3Fd135F14eEd944922157C41dcc5e9ab'. For more information please see https://solidity.readthedocs.io/en/develop/types.html#address-literals
  address public admin=0x6bfc645b3fd135f14eed944922157c41dcc5e9ab;
                       ^----------------------------------------^
contracts/RefundVault.sol:676:5: Warning: Invoking events without "emit" prefix is deprecated.
    Pause();
    ^-----^
contracts/RefundVault.sol:684:5: Warning: Invoking events without "emit" prefix is deprecated.
    Unpause();
    ^-------^
contracts/RefundVault.sol:693:5: Warning: Invoking events without "emit" prefix is deprecated.
    AdminAccessTransferred(admin, newAdmin);
    ^-------------------------------------^
contracts/RefundVault.sol:708:5: Warning: Invoking events without "emit" prefix is deprecated.
    Transfer(msg.sender, _to, _value);
    ^-------------------------------^
contracts/RefundVault.sol:729:5: Warning: Invoking events without "emit" prefix is deprecated.
    Transfer(_from, _to, _value);
    ^--------------------------^
contracts/RefundVault.sol:865:8: Warning: Invoking events without "emit" prefix is deprecated.
       TokenPurchase(msg.sender, beneficiary, weiAmount, tokens);
       ^-------------------------------------------------------^
contracts/RefundVault.sol:970:13: Warning: Invoking events without "emit" prefix is deprecated.
            Burn(msg.sender, _founder);
            ^------------------------^
contracts/RefundVault.sol:1047:9: Warning: Invoking events without "emit" prefix is deprecated.
        Burn(msg.sender, _value);
        ^----------------------^
contracts/RefundVault.sol:755:3: Warning: No visibility specified. Defaulting to "public". 
  function TeamAllocation() {
  ^ (Relevant source part starts here and spans across multiple lines).
contracts/RefundVault.sol:764:3: Warning: No visibility specified. Defaulting to "public". 
  function getTotalAllocation() returns (uint256){
  ^ (Relevant source part starts here and spans across multiple lines).
contracts/RefundVault.sol:823:1: Warning: No visibility specified. Defaulting to "public". 
function MestCrowdsale(uint256 _startTime, uint256 _endTime, uint256 _rate, address _wallet, uint256 _goal, uint256 _cap)
^ (Relevant source part starts here and spans across multiple lines).
contracts/RefundVault.sol:1027:5: Warning: No visibility specified. Defaulting to "public". 
    function changePublicallocation (uint256  _value) onlyOwner  {
    ^ (Relevant source part starts here and spans across multiple lines).
contracts/RefundVault.sol:1035:5: Warning: No visibility specified. Defaulting to "public". 
    function changeWallet (address _wallet) onlyOwner  {
    ^ (Relevant source part starts here and spans across multiple lines).
contracts/RefundVault.sol:1042:5: Warning: No visibility specified. Defaulting to "public". 
    function burnToken(uint256 _value) onlyOwner {
    ^ (Relevant source part starts here and spans across multiple lines).
contracts/RefundVault.sol:476:3: Warning: Function state mutability can be restricted to pure
  function finalization() internal {
  ^ (Relevant source part starts here and spans across multiple lines).
contracts/RefundVault.sol:764:3: Warning: Function state mutability can be restricted to pure
  function getTotalAllocation() returns (uint256){
  ^ (Relevant source part starts here and spans across multiple lines).
contracts/RefundVault.sol:908:1: Warning: Function state mutability can be restricted to view
function isVerified(address _address, uint256 _amt)internal  returns  ( bool){
^ (Relevant source part starts here and spans across multiple lines).
contracts/MintableToken.sol:34:3: Warning: Defining constructors as functions with the same name as the contract is deprecated. Use "constructor(...) { ... }" instead.
  function Ownable() public {
  ^ (Relevant source part starts here and spans across multiple lines).
contracts/MintableToken.sol:365:3: Warning: Defining constructors as functions with the same name as the contract is deprecated. Use "constructor(...) { ... }" instead.
  function Crowdsale(uint256 _startTime, uint256 _endTime, uint256 _rate, address _wallet) public {
  ^ (Relevant source part starts here and spans across multiple lines).
contracts/MintableToken.sol:505:3: Warning: Defining constructors as functions with the same name as the contract is deprecated. Use "constructor(...) { ... }" instead.
  function RefundVault(address _wallet) public {
  ^ (Relevant source part starts here and spans across multiple lines).
contracts/MintableToken.sol:556:3: Warning: Defining constructors as functions with the same name as the contract is deprecated. Use "constructor(...) { ... }" instead.
  function RefundableCrowdsale(uint256 _goal) public {
  ^ (Relevant source part starts here and spans across multiple lines).
contracts/MintableToken.sol:611:3: Warning: Defining constructors as functions with the same name as the contract is deprecated. Use "constructor(...) { ... }" instead.
  function CappedCrowdsale(uint256 _cap) public {
  ^ (Relevant source part starts here and spans across multiple lines).
contracts/MintableToken.sol:823:1: Warning: Defining constructors as functions with the same name as the contract is deprecated. Use "constructor(...) { ... }" instead.
function MestCrowdsale(uint256 _startTime, uint256 _endTime, uint256 _rate, address _wallet, uint256 _goal, uint256 _cap)
^ (Relevant source part starts here and spans across multiple lines).
contracts/MintableToken.sol:53:5: Warning: Invoking events without "emit" prefix is deprecated.
    OwnershipTransferred(owner, newOwner);
    ^-----------------------------------^
contracts/MintableToken.sol:103:5: Warning: Invoking events without "emit" prefix is deprecated.
    Transfer(msg.sender, _to, _value);
    ^-------------------------------^
contracts/MintableToken.sol:162:5: Warning: Invoking events without "emit" prefix is deprecated.
    Transfer(_from, _to, _value);
    ^--------------------------^
contracts/MintableToken.sol:178:5: Warning: Invoking events without "emit" prefix is deprecated.
    Approval(msg.sender, _spender, _value);
    ^------------------------------------^
contracts/MintableToken.sol:204:5: Warning: Invoking events without "emit" prefix is deprecated.
    Approval(msg.sender, _spender, allowed[msg.sender][_spender]);
    ^-----------------------------------------------------------^
contracts/MintableToken.sol:225:5: Warning: Invoking events without "emit" prefix is deprecated.
    Approval(msg.sender, _spender, allowed[msg.sender][_spender]);
    ^-----------------------------------------------------------^
contracts/MintableToken.sol:261:5: Warning: Invoking events without "emit" prefix is deprecated.
    Mint(_to, _amount);
    ^----------------^
contracts/MintableToken.sol:262:5: Warning: Invoking events without "emit" prefix is deprecated.
    Transfer(address(0), _to, _amount);
    ^--------------------------------^
contracts/MintableToken.sol:272:5: Warning: Invoking events without "emit" prefix is deprecated.
    MintFinished();
    ^------------^
contracts/MintableToken.sol:397:5: Warning: Invoking events without "emit" prefix is deprecated.
    TokenPurchase(msg.sender, beneficiary, weiAmount, tokens);
    ^-------------------------------------------------------^
contracts/MintableToken.sol:466:5: Warning: Invoking events without "emit" prefix is deprecated.
    Finalized();
    ^---------^
contracts/MintableToken.sol:519:5: Warning: Invoking events without "emit" prefix is deprecated.
    Closed();
    ^------^
contracts/MintableToken.sol:520:21: Warning: Using contract member "balance" inherited from the address type is deprecated. Convert the contract to "address" type to access the member, for example use "address(contract).balance" instead.
    wallet.transfer(this.balance);
                    ^----------^
contracts/MintableToken.sol:527:5: Warning: Invoking events without "emit" prefix is deprecated.
    RefundsEnabled();
    ^--------------^
contracts/MintableToken.sol:535:5: Warning: Invoking events without "emit" prefix is deprecated.
    Refunded(investor, depositedValue);
    ^--------------------------------^
contracts/MintableToken.sol:643:24: Warning: This looks like an address but has an invalid checksum. If this is not used as an address, please prepend '00'. Correct checksummed address: '0x6bFc645B3Fd135F14eEd944922157C41dcc5e9ab'. For more information please see https://solidity.readthedocs.io/en/develop/types.html#address-literals
  address public admin=0x6bfc645b3fd135f14eed944922157c41dcc5e9ab;
                       ^----------------------------------------^
contracts/MintableToken.sol:676:5: Warning: Invoking events without "emit" prefix is deprecated.
    Pause();
    ^-----^
contracts/MintableToken.sol:684:5: Warning: Invoking events without "emit" prefix is deprecated.
    Unpause();
    ^-------^
contracts/MintableToken.sol:693:5: Warning: Invoking events without "emit" prefix is deprecated.
    AdminAccessTransferred(admin, newAdmin);
    ^-------------------------------------^
contracts/MintableToken.sol:708:5: Warning: Invoking events without "emit" prefix is deprecated.
    Transfer(msg.sender, _to, _value);
    ^-------------------------------^
contracts/MintableToken.sol:729:5: Warning: Invoking events without "emit" prefix is deprecated.
    Transfer(_from, _to, _value);
    ^--------------------------^
contracts/MintableToken.sol:865:8: Warning: Invoking events without "emit" prefix is deprecated.
       TokenPurchase(msg.sender, beneficiary, weiAmount, tokens);
       ^-------------------------------------------------------^
contracts/MintableToken.sol:970:13: Warning: Invoking events without "emit" prefix is deprecated.
            Burn(msg.sender, _founder);
            ^------------------------^
contracts/MintableToken.sol:1047:9: Warning: Invoking events without "emit" prefix is deprecated.
        Burn(msg.sender, _value);
        ^----------------------^
contracts/MintableToken.sol:755:3: Warning: No visibility specified. Defaulting to "public". 
  function TeamAllocation() {
  ^ (Relevant source part starts here and spans across multiple lines).
contracts/MintableToken.sol:764:3: Warning: No visibility specified. Defaulting to "public". 
  function getTotalAllocation() returns (uint256){
  ^ (Relevant source part starts here and spans across multiple lines).
contracts/MintableToken.sol:823:1: Warning: No visibility specified. Defaulting to "public". 
function MestCrowdsale(uint256 _startTime, uint256 _endTime, uint256 _rate, address _wallet, uint256 _goal, uint256 _cap)
^ (Relevant source part starts here and spans across multiple lines).
contracts/MintableToken.sol:1027:5: Warning: No visibility specified. Defaulting to "public". 
    function changePublicallocation (uint256  _value) onlyOwner  {
    ^ (Relevant source part starts here and spans across multiple lines).
contracts/MintableToken.sol:1035:5: Warning: No visibility specified. Defaulting to "public". 
    function changeWallet (address _wallet) onlyOwner  {
    ^ (Relevant source part starts here and spans across multiple lines).
contracts/MintableToken.sol:1042:5: Warning: No visibility specified. Defaulting to "public". 
    function burnToken(uint256 _value) onlyOwner {
    ^ (Relevant source part starts here and spans across multiple lines).
contracts/MintableToken.sol:476:3: Warning: Function state mutability can be restricted to pure
  function finalization() internal {
  ^ (Relevant source part starts here and spans across multiple lines).
contracts/MintableToken.sol:764:3: Warning: Function state mutability can be restricted to pure
  function getTotalAllocation() returns (uint256){
  ^ (Relevant source part starts here and spans across multiple lines).
contracts/MintableToken.sol:908:1: Warning: Function state mutability can be restricted to view
function isVerified(address _address, uint256 _amt)internal  returns  ( bool){
^ (Relevant source part starts here and spans across multiple lines).
contracts/SafeMath.sol:34:3: Warning: Defining constructors as functions with the same name as the contract is deprecated. Use "constructor(...) { ... }" instead.
  function Ownable() public {
  ^ (Relevant source part starts here and spans across multiple lines).
contracts/SafeMath.sol:365:3: Warning: Defining constructors as functions with the same name as the contract is deprecated. Use "constructor(...) { ... }" instead.
  function Crowdsale(uint256 _startTime, uint256 _endTime, uint256 _rate, address _wallet) public {
  ^ (Relevant source part starts here and spans across multiple lines).
contracts/SafeMath.sol:505:3: Warning: Defining constructors as functions with the same name as the contract is deprecated. Use "constructor(...) { ... }" instead.
  function RefundVault(address _wallet) public {
  ^ (Relevant source part starts here and spans across multiple lines).
contracts/SafeMath.sol:556:3: Warning: Defining constructors as functions with the same name as the contract is deprecated. Use "constructor(...) { ... }" instead.
  function RefundableCrowdsale(uint256 _goal) public {
  ^ (Relevant source part starts here and spans across multiple lines).
contracts/SafeMath.sol:611:3: Warning: Defining constructors as functions with the same name as the contract is deprecated. Use "constructor(...) { ... }" instead.
  function CappedCrowdsale(uint256 _cap) public {
  ^ (Relevant source part starts here and spans across multiple lines).
contracts/SafeMath.sol:823:1: Warning: Defining constructors as functions with the same name as the contract is deprecated. Use "constructor(...) { ... }" instead.
function MestCrowdsale(uint256 _startTime, uint256 _endTime, uint256 _rate, address _wallet, uint256 _goal, uint256 _cap)
^ (Relevant source part starts here and spans across multiple lines).
contracts/SafeMath.sol:53:5: Warning: Invoking events without "emit" prefix is deprecated.
    OwnershipTransferred(owner, newOwner);
    ^-----------------------------------^
contracts/SafeMath.sol:103:5: Warning: Invoking events without "emit" prefix is deprecated.
    Transfer(msg.sender, _to, _value);
    ^-------------------------------^
contracts/SafeMath.sol:162:5: Warning: Invoking events without "emit" prefix is deprecated.
    Transfer(_from, _to, _value);
    ^--------------------------^
contracts/SafeMath.sol:178:5: Warning: Invoking events without "emit" prefix is deprecated.
    Approval(msg.sender, _spender, _value);
    ^------------------------------------^
contracts/SafeMath.sol:204:5: Warning: Invoking events without "emit" prefix is deprecated.
    Approval(msg.sender, _spender, allowed[msg.sender][_spender]);
    ^-----------------------------------------------------------^
contracts/SafeMath.sol:225:5: Warning: Invoking events without "emit" prefix is deprecated.
    Approval(msg.sender, _spender, allowed[msg.sender][_spender]);
    ^-----------------------------------------------------------^
contracts/SafeMath.sol:261:5: Warning: Invoking events without "emit" prefix is deprecated.
    Mint(_to, _amount);
    ^----------------^
contracts/SafeMath.sol:262:5: Warning: Invoking events without "emit" prefix is deprecated.
    Transfer(address(0), _to, _amount);
    ^--------------------------------^
contracts/SafeMath.sol:272:5: Warning: Invoking events without "emit" prefix is deprecated.
    MintFinished();
    ^------------^
contracts/SafeMath.sol:397:5: Warning: Invoking events without "emit" prefix is deprecated.
    TokenPurchase(msg.sender, beneficiary, weiAmount, tokens);
    ^-------------------------------------------------------^
contracts/SafeMath.sol:466:5: Warning: Invoking events without "emit" prefix is deprecated.
    Finalized();
    ^---------^
contracts/SafeMath.sol:519:5: Warning: Invoking events without "emit" prefix is deprecated.
    Closed();
    ^------^
contracts/SafeMath.sol:520:21: Warning: Using contract member "balance" inherited from the address type is deprecated. Convert the contract to "address" type to access the member, for example use "address(contract).balance" instead.
    wallet.transfer(this.balance);
                    ^----------^
contracts/SafeMath.sol:527:5: Warning: Invoking events without "emit" prefix is deprecated.
    RefundsEnabled();
    ^--------------^
contracts/SafeMath.sol:535:5: Warning: Invoking events without "emit" prefix is deprecated.
    Refunded(investor, depositedValue);
    ^--------------------------------^
contracts/SafeMath.sol:643:24: Warning: This looks like an address but has an invalid checksum. If this is not used as an address, please prepend '00'. Correct checksummed address: '0x6bFc645B3Fd135F14eEd944922157C41dcc5e9ab'. For more information please see https://solidity.readthedocs.io/en/develop/types.html#address-literals
  address public admin=0x6bfc645b3fd135f14eed944922157c41dcc5e9ab;
                       ^----------------------------------------^
contracts/SafeMath.sol:676:5: Warning: Invoking events without "emit" prefix is deprecated.
    Pause();
    ^-----^
contracts/SafeMath.sol:684:5: Warning: Invoking events without "emit" prefix is deprecated.
    Unpause();
    ^-------^
contracts/SafeMath.sol:693:5: Warning: Invoking events without "emit" prefix is deprecated.
    AdminAccessTransferred(admin, newAdmin);
    ^-------------------------------------^
contracts/SafeMath.sol:708:5: Warning: Invoking events without "emit" prefix is deprecated.
    Transfer(msg.sender, _to, _value);
    ^-------------------------------^
contracts/SafeMath.sol:729:5: Warning: Invoking events without "emit" prefix is deprecated.
    Transfer(_from, _to, _value);
    ^--------------------------^
contracts/SafeMath.sol:865:8: Warning: Invoking events without "emit" prefix is deprecated.
       TokenPurchase(msg.sender, beneficiary, weiAmount, tokens);
       ^-------------------------------------------------------^
contracts/SafeMath.sol:970:13: Warning: Invoking events without "emit" prefix is deprecated.
            Burn(msg.sender, _founder);
            ^------------------------^
contracts/SafeMath.sol:1047:9: Warning: Invoking events without "emit" prefix is deprecated.
        Burn(msg.sender, _value);
        ^----------------------^
contracts/SafeMath.sol:755:3: Warning: No visibility specified. Defaulting to "public". 
  function TeamAllocation() {
  ^ (Relevant source part starts here and spans across multiple lines).
contracts/SafeMath.sol:764:3: Warning: No visibility specified. Defaulting to "public". 
  function getTotalAllocation() returns (uint256){
  ^ (Relevant source part starts here and spans across multiple lines).
contracts/SafeMath.sol:823:1: Warning: No visibility specified. Defaulting to "public". 
function MestCrowdsale(uint256 _startTime, uint256 _endTime, uint256 _rate, address _wallet, uint256 _goal, uint256 _cap)
^ (Relevant source part starts here and spans across multiple lines).
contracts/SafeMath.sol:1027:5: Warning: No visibility specified. Defaulting to "public". 
    function changePublicallocation (uint256  _value) onlyOwner  {
    ^ (Relevant source part starts here and spans across multiple lines).
contracts/SafeMath.sol:1035:5: Warning: No visibility specified. Defaulting to "public". 
    function changeWallet (address _wallet) onlyOwner  {
    ^ (Relevant source part starts here and spans across multiple lines).
contracts/SafeMath.sol:1042:5: Warning: No visibility specified. Defaulting to "public". 
    function burnToken(uint256 _value) onlyOwner {
    ^ (Relevant source part starts here and spans across multiple lines).
contracts/SafeMath.sol:476:3: Warning: Function state mutability can be restricted to pure
  function finalization() internal {
  ^ (Relevant source part starts here and spans across multiple lines).
contracts/SafeMath.sol:764:3: Warning: Function state mutability can be restricted to pure
  function getTotalAllocation() returns (uint256){
  ^ (Relevant source part starts here and spans across multiple lines).
contracts/SafeMath.sol:908:1: Warning: Function state mutability can be restricted to view
function isVerified(address _address, uint256 _amt)internal  returns  ( bool){
^ (Relevant source part starts here and spans across multiple lines).
contracts/Mest.sol:34:3: Warning: Defining constructors as functions with the same name as the contract is deprecated. Use "constructor(...) { ... }" instead.
  function Ownable() public {
  ^ (Relevant source part starts here and spans across multiple lines).
contracts/Mest.sol:365:3: Warning: Defining constructors as functions with the same name as the contract is deprecated. Use "constructor(...) { ... }" instead.
  function Crowdsale(uint256 _startTime, uint256 _endTime, uint256 _rate, address _wallet) public {
  ^ (Relevant source part starts here and spans across multiple lines).
contracts/Mest.sol:505:3: Warning: Defining constructors as functions with the same name as the contract is deprecated. Use "constructor(...) { ... }" instead.
  function RefundVault(address _wallet) public {
  ^ (Relevant source part starts here and spans across multiple lines).
contracts/Mest.sol:556:3: Warning: Defining constructors as functions with the same name as the contract is deprecated. Use "constructor(...) { ... }" instead.
  function RefundableCrowdsale(uint256 _goal) public {
  ^ (Relevant source part starts here and spans across multiple lines).
contracts/Mest.sol:611:3: Warning: Defining constructors as functions with the same name as the contract is deprecated. Use "constructor(...) { ... }" instead.
  function CappedCrowdsale(uint256 _cap) public {
  ^ (Relevant source part starts here and spans across multiple lines).
contracts/Mest.sol:823:1: Warning: Defining constructors as functions with the same name as the contract is deprecated. Use "constructor(...) { ... }" instead.
function MestCrowdsale(uint256 _startTime, uint256 _endTime, uint256 _rate, address _wallet, uint256 _goal, uint256 _cap)
^ (Relevant source part starts here and spans across multiple lines).
contracts/Mest.sol:53:5: Warning: Invoking events without "emit" prefix is deprecated.
    OwnershipTransferred(owner, newOwner);
    ^-----------------------------------^
contracts/Mest.sol:103:5: Warning: Invoking events without "emit" prefix is deprecated.
    Transfer(msg.sender, _to, _value);
    ^-------------------------------^
contracts/Mest.sol:162:5: Warning: Invoking events without "emit" prefix is deprecated.
    Transfer(_from, _to, _value);
    ^--------------------------^
contracts/Mest.sol:178:5: Warning: Invoking events without "emit" prefix is deprecated.
    Approval(msg.sender, _spender, _value);
    ^------------------------------------^
contracts/Mest.sol:204:5: Warning: Invoking events without "emit" prefix is deprecated.
    Approval(msg.sender, _spender, allowed[msg.sender][_spender]);
    ^-----------------------------------------------------------^
contracts/Mest.sol:225:5: Warning: Invoking events without "emit" prefix is deprecated.
    Approval(msg.sender, _spender, allowed[msg.sender][_spender]);
    ^-----------------------------------------------------------^
contracts/Mest.sol:261:5: Warning: Invoking events without "emit" prefix is deprecated.
    Mint(_to, _amount);
    ^----------------^
contracts/Mest.sol:262:5: Warning: Invoking events without "emit" prefix is deprecated.
    Transfer(address(0), _to, _amount);
    ^--------------------------------^
contracts/Mest.sol:272:5: Warning: Invoking events without "emit" prefix is deprecated.
    MintFinished();
    ^------------^
contracts/Mest.sol:397:5: Warning: Invoking events without "emit" prefix is deprecated.
    TokenPurchase(msg.sender, beneficiary, weiAmount, tokens);
    ^-------------------------------------------------------^
contracts/Mest.sol:466:5: Warning: Invoking events without "emit" prefix is deprecated.
    Finalized();
    ^---------^
contracts/Mest.sol:519:5: Warning: Invoking events without "emit" prefix is deprecated.
    Closed();
    ^------^
contracts/Mest.sol:520:21: Warning: Using contract member "balance" inherited from the address type is deprecated. Convert the contract to "address" type to access the member, for example use "address(contract).balance" instead.
    wallet.transfer(this.balance);
                    ^----------^
contracts/Mest.sol:527:5: Warning: Invoking events without "emit" prefix is deprecated.
    RefundsEnabled();
    ^--------------^
contracts/Mest.sol:535:5: Warning: Invoking events without "emit" prefix is deprecated.
    Refunded(investor, depositedValue);
    ^--------------------------------^
contracts/Mest.sol:643:24: Warning: This looks like an address but has an invalid checksum. If this is not used as an address, please prepend '00'. Correct checksummed address: '0x6bFc645B3Fd135F14eEd944922157C41dcc5e9ab'. For more information please see https://solidity.readthedocs.io/en/develop/types.html#address-literals
  address public admin=0x6bfc645b3fd135f14eed944922157c41dcc5e9ab;
                       ^----------------------------------------^
contracts/Mest.sol:676:5: Warning: Invoking events without "emit" prefix is deprecated.
    Pause();
    ^-----^
contracts/Mest.sol:684:5: Warning: Invoking events without "emit" prefix is deprecated.
    Unpause();
    ^-------^
contracts/Mest.sol:693:5: Warning: Invoking events without "emit" prefix is deprecated.
    AdminAccessTransferred(admin, newAdmin);
    ^-------------------------------------^
contracts/Mest.sol:708:5: Warning: Invoking events without "emit" prefix is deprecated.
    Transfer(msg.sender, _to, _value);
    ^-------------------------------^
contracts/Mest.sol:729:5: Warning: Invoking events without "emit" prefix is deprecated.
    Transfer(_from, _to, _value);
    ^--------------------------^
contracts/Mest.sol:865:8: Warning: Invoking events without "emit" prefix is deprecated.
       TokenPurchase(msg.sender, beneficiary, weiAmount, tokens);
       ^-------------------------------------------------------^
contracts/Mest.sol:970:13: Warning: Invoking events without "emit" prefix is deprecated.
            Burn(msg.sender, _founder);
            ^------------------------^
contracts/Mest.sol:1047:9: Warning: Invoking events without "emit" prefix is deprecated.
        Burn(msg.sender, _value);
        ^----------------------^
contracts/Mest.sol:755:3: Warning: No visibility specified. Defaulting to "public". 
  function TeamAllocation() {
  ^ (Relevant source part starts here and spans across multiple lines).
contracts/Mest.sol:764:3: Warning: No visibility specified. Defaulting to "public". 
  function getTotalAllocation() returns (uint256){
  ^ (Relevant source part starts here and spans across multiple lines).
contracts/Mest.sol:823:1: Warning: No visibility specified. Defaulting to "public". 
function MestCrowdsale(uint256 _startTime, uint256 _endTime, uint256 _rate, address _wallet, uint256 _goal, uint256 _cap)
^ (Relevant source part starts here and spans across multiple lines).
contracts/Mest.sol:1027:5: Warning: No visibility specified. Defaulting to "public". 
    function changePublicallocation (uint256  _value) onlyOwner  {
    ^ (Relevant source part starts here and spans across multiple lines).
contracts/Mest.sol:1035:5: Warning: No visibility specified. Defaulting to "public". 
    function changeWallet (address _wallet) onlyOwner  {
    ^ (Relevant source part starts here and spans across multiple lines).
contracts/Mest.sol:1042:5: Warning: No visibility specified. Defaulting to "public". 
    function burnToken(uint256 _value) onlyOwner {
    ^ (Relevant source part starts here and spans across multiple lines).
contracts/Mest.sol:476:3: Warning: Function state mutability can be restricted to pure
  function finalization() internal {
  ^ (Relevant source part starts here and spans across multiple lines).
contracts/Mest.sol:764:3: Warning: Function state mutability can be restricted to pure
  function getTotalAllocation() returns (uint256){
  ^ (Relevant source part starts here and spans across multiple lines).
contracts/Mest.sol:908:1: Warning: Function state mutability can be restricted to view
function isVerified(address _address, uint256 _amt)internal  returns  ( bool){
^ (Relevant source part starts here and spans across multiple lines).
contracts/MestCrowdsale.sol:34:3: Warning: Defining constructors as functions with the same name as the contract is deprecated. Use "constructor(...) { ... }" instead.
  function Ownable() public {
  ^ (Relevant source part starts here and spans across multiple lines).
contracts/MestCrowdsale.sol:365:3: Warning: Defining constructors as functions with the same name as the contract is deprecated. Use "constructor(...) { ... }" instead.
  function Crowdsale(uint256 _startTime, uint256 _endTime, uint256 _rate, address _wallet) public {
  ^ (Relevant source part starts here and spans across multiple lines).
contracts/MestCrowdsale.sol:505:3: Warning: Defining constructors as functions with the same name as the contract is deprecated. Use "constructor(...) { ... }" instead.
  function RefundVault(address _wallet) public {
  ^ (Relevant source part starts here and spans across multiple lines).
contracts/MestCrowdsale.sol:556:3: Warning: Defining constructors as functions with the same name as the contract is deprecated. Use "constructor(...) { ... }" instead.
  function RefundableCrowdsale(uint256 _goal) public {
  ^ (Relevant source part starts here and spans across multiple lines).
contracts/MestCrowdsale.sol:611:3: Warning: Defining constructors as functions with the same name as the contract is deprecated. Use "constructor(...) { ... }" instead.
  function CappedCrowdsale(uint256 _cap) public {
  ^ (Relevant source part starts here and spans across multiple lines).
contracts/MestCrowdsale.sol:823:1: Warning: Defining constructors as functions with the same name as the contract is deprecated. Use "constructor(...) { ... }" instead.
function MestCrowdsale(uint256 _startTime, uint256 _endTime, uint256 _rate, address _wallet, uint256 _goal, uint256 _cap)
^ (Relevant source part starts here and spans across multiple lines).
contracts/MestCrowdsale.sol:53:5: Warning: Invoking events without "emit" prefix is deprecated.
    OwnershipTransferred(owner, newOwner);
    ^-----------------------------------^
contracts/MestCrowdsale.sol:103:5: Warning: Invoking events without "emit" prefix is deprecated.
    Transfer(msg.sender, _to, _value);
    ^-------------------------------^
contracts/MestCrowdsale.sol:162:5: Warning: Invoking events without "emit" prefix is deprecated.
    Transfer(_from, _to, _value);
    ^--------------------------^
contracts/MestCrowdsale.sol:178:5: Warning: Invoking events without "emit" prefix is deprecated.
    Approval(msg.sender, _spender, _value);
    ^------------------------------------^
contracts/MestCrowdsale.sol:204:5: Warning: Invoking events without "emit" prefix is deprecated.
    Approval(msg.sender, _spender, allowed[msg.sender][_spender]);
    ^-----------------------------------------------------------^
contracts/MestCrowdsale.sol:225:5: Warning: Invoking events without "emit" prefix is deprecated.
    Approval(msg.sender, _spender, allowed[msg.sender][_spender]);
    ^-----------------------------------------------------------^
contracts/MestCrowdsale.sol:261:5: Warning: Invoking events without "emit" prefix is deprecated.
    Mint(_to, _amount);
    ^----------------^
contracts/MestCrowdsale.sol:262:5: Warning: Invoking events without "emit" prefix is deprecated.
    Transfer(address(0), _to, _amount);
    ^--------------------------------^
contracts/MestCrowdsale.sol:272:5: Warning: Invoking events without "emit" prefix is deprecated.
    MintFinished();
    ^------------^
contracts/MestCrowdsale.sol:397:5: Warning: Invoking events without "emit" prefix is deprecated.
    TokenPurchase(msg.sender, beneficiary, weiAmount, tokens);
    ^-------------------------------------------------------^
contracts/MestCrowdsale.sol:466:5: Warning: Invoking events without "emit" prefix is deprecated.
    Finalized();
    ^---------^
contracts/MestCrowdsale.sol:519:5: Warning: Invoking events without "emit" prefix is deprecated.
    Closed();
    ^------^
contracts/MestCrowdsale.sol:520:21: Warning: Using contract member "balance" inherited from the address type is deprecated. Convert the contract to "address" type to access the member, for example use "address(contract).balance" instead.
    wallet.transfer(this.balance);
                    ^----------^
contracts/MestCrowdsale.sol:527:5: Warning: Invoking events without "emit" prefix is deprecated.
    RefundsEnabled();
    ^--------------^
contracts/MestCrowdsale.sol:535:5: Warning: Invoking events without "emit" prefix is deprecated.
    Refunded(investor, depositedValue);
    ^--------------------------------^
contracts/MestCrowdsale.sol:643:24: Warning: This looks like an address but has an invalid checksum. If this is not used as an address, please prepend '00'. Correct checksummed address: '0x6bFc645B3Fd135F14eEd944922157C41dcc5e9ab'. For more information please see https://solidity.readthedocs.io/en/develop/types.html#address-literals
  address public admin=0x6bfc645b3fd135f14eed944922157c41dcc5e9ab;
                       ^----------------------------------------^
contracts/MestCrowdsale.sol:676:5: Warning: Invoking events without "emit" prefix is deprecated.
    Pause();
    ^-----^
contracts/MestCrowdsale.sol:684:5: Warning: Invoking events without "emit" prefix is deprecated.
    Unpause();
    ^-------^
contracts/MestCrowdsale.sol:693:5: Warning: Invoking events without "emit" prefix is deprecated.
    AdminAccessTransferred(admin, newAdmin);
    ^-------------------------------------^
contracts/MestCrowdsale.sol:708:5: Warning: Invoking events without "emit" prefix is deprecated.
    Transfer(msg.sender, _to, _value);
    ^-------------------------------^
contracts/MestCrowdsale.sol:729:5: Warning: Invoking events without "emit" prefix is deprecated.
    Transfer(_from, _to, _value);
    ^--------------------------^
contracts/MestCrowdsale.sol:865:8: Warning: Invoking events without "emit" prefix is deprecated.
       TokenPurchase(msg.sender, beneficiary, weiAmount, tokens);
       ^-------------------------------------------------------^
contracts/MestCrowdsale.sol:970:13: Warning: Invoking events without "emit" prefix is deprecated.
            Burn(msg.sender, _founder);
            ^------------------------^
contracts/MestCrowdsale.sol:1047:9: Warning: Invoking events without "emit" prefix is deprecated.
        Burn(msg.sender, _value);
        ^----------------------^
contracts/MestCrowdsale.sol:755:3: Warning: No visibility specified. Defaulting to "public". 
  function TeamAllocation() {
  ^ (Relevant source part starts here and spans across multiple lines).
contracts/MestCrowdsale.sol:764:3: Warning: No visibility specified. Defaulting to "public". 
  function getTotalAllocation() returns (uint256){
  ^ (Relevant source part starts here and spans across multiple lines).
contracts/MestCrowdsale.sol:823:1: Warning: No visibility specified. Defaulting to "public". 
function MestCrowdsale(uint256 _startTime, uint256 _endTime, uint256 _rate, address _wallet, uint256 _goal, uint256 _cap)
^ (Relevant source part starts here and spans across multiple lines).
contracts/MestCrowdsale.sol:1027:5: Warning: No visibility specified. Defaulting to "public". 
    function changePublicallocation (uint256  _value) onlyOwner  {
    ^ (Relevant source part starts here and spans across multiple lines).
contracts/MestCrowdsale.sol:1035:5: Warning: No visibility specified. Defaulting to "public". 
    function changeWallet (address _wallet) onlyOwner  {
    ^ (Relevant source part starts here and spans across multiple lines).
contracts/MestCrowdsale.sol:1042:5: Warning: No visibility specified. Defaulting to "public". 
    function burnToken(uint256 _value) onlyOwner {
    ^ (Relevant source part starts here and spans across multiple lines).
contracts/MestCrowdsale.sol:476:3: Warning: Function state mutability can be restricted to pure
  function finalization() internal {
  ^ (Relevant source part starts here and spans across multiple lines).
contracts/MestCrowdsale.sol:764:3: Warning: Function state mutability can be restricted to pure
  function getTotalAllocation() returns (uint256){
  ^ (Relevant source part starts here and spans across multiple lines).
contracts/MestCrowdsale.sol:908:1: Warning: Function state mutability can be restricted to view
function isVerified(address _address, uint256 _amt)internal  returns  ( bool){
^ (Relevant source part starts here and spans across multiple lines).
contracts/StandardToken.sol:34:3: Warning: Defining constructors as functions with the same name as the contract is deprecated. Use "constructor(...) { ... }" instead.
  function Ownable() public {
  ^ (Relevant source part starts here and spans across multiple lines).
contracts/StandardToken.sol:365:3: Warning: Defining constructors as functions with the same name as the contract is deprecated. Use "constructor(...) { ... }" instead.
  function Crowdsale(uint256 _startTime, uint256 _endTime, uint256 _rate, address _wallet) public {
  ^ (Relevant source part starts here and spans across multiple lines).
contracts/StandardToken.sol:505:3: Warning: Defining constructors as functions with the same name as the contract is deprecated. Use "constructor(...) { ... }" instead.
  function RefundVault(address _wallet) public {
  ^ (Relevant source part starts here and spans across multiple lines).
contracts/StandardToken.sol:556:3: Warning: Defining constructors as functions with the same name as the contract is deprecated. Use "constructor(...) { ... }" instead.
  function RefundableCrowdsale(uint256 _goal) public {
  ^ (Relevant source part starts here and spans across multiple lines).
contracts/StandardToken.sol:611:3: Warning: Defining constructors as functions with the same name as the contract is deprecated. Use "constructor(...) { ... }" instead.
  function CappedCrowdsale(uint256 _cap) public {
  ^ (Relevant source part starts here and spans across multiple lines).
contracts/StandardToken.sol:823:1: Warning: Defining constructors as functions with the same name as the contract is deprecated. Use "constructor(...) { ... }" instead.
function MestCrowdsale(uint256 _startTime, uint256 _endTime, uint256 _rate, address _wallet, uint256 _goal, uint256 _cap)
^ (Relevant source part starts here and spans across multiple lines).
contracts/StandardToken.sol:53:5: Warning: Invoking events without "emit" prefix is deprecated.
    OwnershipTransferred(owner, newOwner);
    ^-----------------------------------^
contracts/StandardToken.sol:103:5: Warning: Invoking events without "emit" prefix is deprecated.
    Transfer(msg.sender, _to, _value);
    ^-------------------------------^
contracts/StandardToken.sol:162:5: Warning: Invoking events without "emit" prefix is deprecated.
    Transfer(_from, _to, _value);
    ^--------------------------^
contracts/StandardToken.sol:178:5: Warning: Invoking events without "emit" prefix is deprecated.
    Approval(msg.sender, _spender, _value);
    ^------------------------------------^
contracts/StandardToken.sol:204:5: Warning: Invoking events without "emit" prefix is deprecated.
    Approval(msg.sender, _spender, allowed[msg.sender][_spender]);
    ^-----------------------------------------------------------^
contracts/StandardToken.sol:225:5: Warning: Invoking events without "emit" prefix is deprecated.
    Approval(msg.sender, _spender, allowed[msg.sender][_spender]);
    ^-----------------------------------------------------------^
contracts/StandardToken.sol:261:5: Warning: Invoking events without "emit" prefix is deprecated.
    Mint(_to, _amount);
    ^----------------^
contracts/StandardToken.sol:262:5: Warning: Invoking events without "emit" prefix is deprecated.
    Transfer(address(0), _to, _amount);
    ^--------------------------------^
contracts/StandardToken.sol:272:5: Warning: Invoking events without "emit" prefix is deprecated.
    MintFinished();
    ^------------^
contracts/StandardToken.sol:397:5: Warning: Invoking events without "emit" prefix is deprecated.
    TokenPurchase(msg.sender, beneficiary, weiAmount, tokens);
    ^-------------------------------------------------------^
contracts/StandardToken.sol:466:5: Warning: Invoking events without "emit" prefix is deprecated.
    Finalized();
    ^---------^
contracts/StandardToken.sol:519:5: Warning: Invoking events without "emit" prefix is deprecated.
    Closed();
    ^------^
contracts/StandardToken.sol:520:21: Warning: Using contract member "balance" inherited from the address type is deprecated. Convert the contract to "address" type to access the member, for example use "address(contract).balance" instead.
    wallet.transfer(this.balance);
                    ^----------^
contracts/StandardToken.sol:527:5: Warning: Invoking events without "emit" prefix is deprecated.
    RefundsEnabled();
    ^--------------^
contracts/StandardToken.sol:535:5: Warning: Invoking events without "emit" prefix is deprecated.
    Refunded(investor, depositedValue);
    ^--------------------------------^
contracts/StandardToken.sol:643:24: Warning: This looks like an address but has an invalid checksum. If this is not used as an address, please prepend '00'. Correct checksummed address: '0x6bFc645B3Fd135F14eEd944922157C41dcc5e9ab'. For more information please see https://solidity.readthedocs.io/en/develop/types.html#address-literals
  address public admin=0x6bfc645b3fd135f14eed944922157c41dcc5e9ab;
                       ^----------------------------------------^
contracts/StandardToken.sol:676:5: Warning: Invoking events without "emit" prefix is deprecated.
    Pause();
    ^-----^
contracts/StandardToken.sol:684:5: Warning: Invoking events without "emit" prefix is deprecated.
    Unpause();
    ^-------^
contracts/StandardToken.sol:693:5: Warning: Invoking events without "emit" prefix is deprecated.
    AdminAccessTransferred(admin, newAdmin);
    ^-------------------------------------^
contracts/StandardToken.sol:708:5: Warning: Invoking events without "emit" prefix is deprecated.
    Transfer(msg.sender, _to, _value);
    ^-------------------------------^
contracts/StandardToken.sol:729:5: Warning: Invoking events without "emit" prefix is deprecated.
    Transfer(_from, _to, _value);
    ^--------------------------^
contracts/StandardToken.sol:865:8: Warning: Invoking events without "emit" prefix is deprecated.
       TokenPurchase(msg.sender, beneficiary, weiAmount, tokens);
       ^-------------------------------------------------------^
contracts/StandardToken.sol:970:13: Warning: Invoking events without "emit" prefix is deprecated.
            Burn(msg.sender, _founder);
            ^------------------------^
contracts/StandardToken.sol:1047:9: Warning: Invoking events without "emit" prefix is deprecated.
        Burn(msg.sender, _value);
        ^----------------------^
contracts/StandardToken.sol:755:3: Warning: No visibility specified. Defaulting to "public". 
  function TeamAllocation() {
  ^ (Relevant source part starts here and spans across multiple lines).
contracts/StandardToken.sol:764:3: Warning: No visibility specified. Defaulting to "public". 
  function getTotalAllocation() returns (uint256){
  ^ (Relevant source part starts here and spans across multiple lines).
contracts/StandardToken.sol:823:1: Warning: No visibility specified. Defaulting to "public". 
function MestCrowdsale(uint256 _startTime, uint256 _endTime, uint256 _rate, address _wallet, uint256 _goal, uint256 _cap)
^ (Relevant source part starts here and spans across multiple lines).
contracts/StandardToken.sol:1027:5: Warning: No visibility specified. Defaulting to "public". 
    function changePublicallocation (uint256  _value) onlyOwner  {
    ^ (Relevant source part starts here and spans across multiple lines).
contracts/StandardToken.sol:1035:5: Warning: No visibility specified. Defaulting to "public". 
    function changeWallet (address _wallet) onlyOwner  {
    ^ (Relevant source part starts here and spans across multiple lines).
contracts/StandardToken.sol:1042:5: Warning: No visibility specified. Defaulting to "public". 
    function burnToken(uint256 _value) onlyOwner {
    ^ (Relevant source part starts here and spans across multiple lines).
contracts/StandardToken.sol:476:3: Warning: Function state mutability can be restricted to pure
  function finalization() internal {
  ^ (Relevant source part starts here and spans across multiple lines).
contracts/StandardToken.sol:764:3: Warning: Function state mutability can be restricted to pure
  function getTotalAllocation() returns (uint256){
  ^ (Relevant source part starts here and spans across multiple lines).
contracts/StandardToken.sol:908:1: Warning: Function state mutability can be restricted to view
function isVerified(address _address, uint256 _amt)internal  returns  ( bool){
^ (Relevant source part starts here and spans across multiple lines).
contracts/BasicToken.sol:34:3: Warning: Defining constructors as functions with the same name as the contract is deprecated. Use "constructor(...) { ... }" instead.
  function Ownable() public {
  ^ (Relevant source part starts here and spans across multiple lines).
contracts/BasicToken.sol:365:3: Warning: Defining constructors as functions with the same name as the contract is deprecated. Use "constructor(...) { ... }" instead.
  function Crowdsale(uint256 _startTime, uint256 _endTime, uint256 _rate, address _wallet) public {
  ^ (Relevant source part starts here and spans across multiple lines).
contracts/BasicToken.sol:505:3: Warning: Defining constructors as functions with the same name as the contract is deprecated. Use "constructor(...) { ... }" instead.
  function RefundVault(address _wallet) public {
  ^ (Relevant source part starts here and spans across multiple lines).
contracts/BasicToken.sol:556:3: Warning: Defining constructors as functions with the same name as the contract is deprecated. Use "constructor(...) { ... }" instead.
  function RefundableCrowdsale(uint256 _goal) public {
  ^ (Relevant source part starts here and spans across multiple lines).
contracts/BasicToken.sol:611:3: Warning: Defining constructors as functions with the same name as the contract is deprecated. Use "constructor(...) { ... }" instead.
  function CappedCrowdsale(uint256 _cap) public {
  ^ (Relevant source part starts here and spans across multiple lines).
contracts/BasicToken.sol:823:1: Warning: Defining constructors as functions with the same name as the contract is deprecated. Use "constructor(...) { ... }" instead.
function MestCrowdsale(uint256 _startTime, uint256 _endTime, uint256 _rate, address _wallet, uint256 _goal, uint256 _cap)
^ (Relevant source part starts here and spans across multiple lines).
contracts/BasicToken.sol:53:5: Warning: Invoking events without "emit" prefix is deprecated.
    OwnershipTransferred(owner, newOwner);
    ^-----------------------------------^
contracts/BasicToken.sol:103:5: Warning: Invoking events without "emit" prefix is deprecated.
    Transfer(msg.sender, _to, _value);
    ^-------------------------------^
contracts/BasicToken.sol:162:5: Warning: Invoking events without "emit" prefix is deprecated.
    Transfer(_from, _to, _value);
    ^--------------------------^
contracts/BasicToken.sol:178:5: Warning: Invoking events without "emit" prefix is deprecated.
    Approval(msg.sender, _spender, _value);
    ^------------------------------------^
contracts/BasicToken.sol:204:5: Warning: Invoking events without "emit" prefix is deprecated.
    Approval(msg.sender, _spender, allowed[msg.sender][_spender]);
    ^-----------------------------------------------------------^
contracts/BasicToken.sol:225:5: Warning: Invoking events without "emit" prefix is deprecated.
    Approval(msg.sender, _spender, allowed[msg.sender][_spender]);
    ^-----------------------------------------------------------^
contracts/BasicToken.sol:261:5: Warning: Invoking events without "emit" prefix is deprecated.
    Mint(_to, _amount);
    ^----------------^
contracts/BasicToken.sol:262:5: Warning: Invoking events without "emit" prefix is deprecated.
    Transfer(address(0), _to, _amount);
    ^--------------------------------^
contracts/BasicToken.sol:272:5: Warning: Invoking events without "emit" prefix is deprecated.
    MintFinished();
    ^------------^
contracts/BasicToken.sol:397:5: Warning: Invoking events without "emit" prefix is deprecated.
    TokenPurchase(msg.sender, beneficiary, weiAmount, tokens);
    ^-------------------------------------------------------^
contracts/BasicToken.sol:466:5: Warning: Invoking events without "emit" prefix is deprecated.
    Finalized();
    ^---------^
contracts/BasicToken.sol:519:5: Warning: Invoking events without "emit" prefix is deprecated.
    Closed();
    ^------^
contracts/BasicToken.sol:520:21: Warning: Using contract member "balance" inherited from the address type is deprecated. Convert the contract to "address" type to access the member, for example use "address(contract).balance" instead.
    wallet.transfer(this.balance);
                    ^----------^
contracts/BasicToken.sol:527:5: Warning: Invoking events without "emit" prefix is deprecated.
    RefundsEnabled();
    ^--------------^
contracts/BasicToken.sol:535:5: Warning: Invoking events without "emit" prefix is deprecated.
    Refunded(investor, depositedValue);
    ^--------------------------------^
contracts/BasicToken.sol:643:24: Warning: This looks like an address but has an invalid checksum. If this is not used as an address, please prepend '00'. Correct checksummed address: '0x6bFc645B3Fd135F14eEd944922157C41dcc5e9ab'. For more information please see https://solidity.readthedocs.io/en/develop/types.html#address-literals
  address public admin=0x6bfc645b3fd135f14eed944922157c41dcc5e9ab;
                       ^----------------------------------------^
contracts/BasicToken.sol:676:5: Warning: Invoking events without "emit" prefix is deprecated.
    Pause();
    ^-----^
contracts/BasicToken.sol:684:5: Warning: Invoking events without "emit" prefix is deprecated.
    Unpause();
    ^-------^
contracts/BasicToken.sol:693:5: Warning: Invoking events without "emit" prefix is deprecated.
    AdminAccessTransferred(admin, newAdmin);
    ^-------------------------------------^
contracts/BasicToken.sol:708:5: Warning: Invoking events without "emit" prefix is deprecated.
    Transfer(msg.sender, _to, _value);
    ^-------------------------------^
contracts/BasicToken.sol:729:5: Warning: Invoking events without "emit" prefix is deprecated.
    Transfer(_from, _to, _value);
    ^--------------------------^
contracts/BasicToken.sol:865:8: Warning: Invoking events without "emit" prefix is deprecated.
       TokenPurchase(msg.sender, beneficiary, weiAmount, tokens);
       ^-------------------------------------------------------^
contracts/BasicToken.sol:970:13: Warning: Invoking events without "emit" prefix is deprecated.
            Burn(msg.sender, _founder);
            ^------------------------^
contracts/BasicToken.sol:1047:9: Warning: Invoking events without "emit" prefix is deprecated.
        Burn(msg.sender, _value);
        ^----------------------^
contracts/BasicToken.sol:755:3: Warning: No visibility specified. Defaulting to "public". 
  function TeamAllocation() {
  ^ (Relevant source part starts here and spans across multiple lines).
contracts/BasicToken.sol:764:3: Warning: No visibility specified. Defaulting to "public". 
  function getTotalAllocation() returns (uint256){
  ^ (Relevant source part starts here and spans across multiple lines).
contracts/BasicToken.sol:823:1: Warning: No visibility specified. Defaulting to "public". 
function MestCrowdsale(uint256 _startTime, uint256 _endTime, uint256 _rate, address _wallet, uint256 _goal, uint256 _cap)
^ (Relevant source part starts here and spans across multiple lines).
contracts/BasicToken.sol:1027:5: Warning: No visibility specified. Defaulting to "public". 
    function changePublicallocation (uint256  _value) onlyOwner  {
    ^ (Relevant source part starts here and spans across multiple lines).
contracts/BasicToken.sol:1035:5: Warning: No visibility specified. Defaulting to "public". 
    function changeWallet (address _wallet) onlyOwner  {
    ^ (Relevant source part starts here and spans across multiple lines).
contracts/BasicToken.sol:1042:5: Warning: No visibility specified. Defaulting to "public". 
    function burnToken(uint256 _value) onlyOwner {
    ^ (Relevant source part starts here and spans across multiple lines).
contracts/BasicToken.sol:476:3: Warning: Function state mutability can be restricted to pure
  function finalization() internal {
  ^ (Relevant source part starts here and spans across multiple lines).
contracts/BasicToken.sol:764:3: Warning: Function state mutability can be restricted to pure
  function getTotalAllocation() returns (uint256){
  ^ (Relevant source part starts here and spans across multiple lines).
contracts/BasicToken.sol:908:1: Warning: Function state mutability can be restricted to view
function isVerified(address _address, uint256 _amt)internal  returns  ( bool){
^ (Relevant source part starts here and spans across multiple lines).
assets/NormalAttacker.sol:5:3: Warning: No visibility specified. Defaulting to "public". 
  function() payable {
  ^ (Relevant source part starts here and spans across multiple lines).
assets/ReentrancyAttacker.sol:8:7: Warning: Return value of low-level calls not used.
      msg.sender.call(bytes4(255));
      ^--------------------------^
assets/ReentrancyAttacker.sol:5:3: Warning: No visibility specified. Defaulting to "public". 
  function() payable {
  ^ (Relevant source part starts here and spans across multiple lines).
>> Fuzz FounderAllocation
** Write stats: 0.005288
** Write stats: 5.00078
** Write stats: 10.0005
** Write stats: 15.0001
** Write stats: 20.037
** Write stats: 25.0008
** Write stats: 30.0172
** Write stats: 35.0002
** Write stats: 40.0001
** Write stats: 45.0003
** Write stats: 50.0008
** Write stats: 55.0004
** Write stats: 60.0004
** Write stats: 65.0613
** Write stats: 70.0143
** Write stats: 75.0007
** Write stats: 80.0005
** Write stats: 85.0001
** Write stats: 88.0408
>> Fuzz Ownable
** Write stats: 0.003066
** Write stats: 5.00018
** Write stats: 10.0002
** Write stats: 15.0001
** Write stats: 20.0001
** Write stats: 25.0001
** Write stats: 30.0003
** Write stats: 35.0001
** Write stats: 40.0001
** Write stats: 45.0001
** Write stats: 50.0002
** Write stats: 55.0002
** Write stats: 60.0001
** Write stats: 65.0001
** Write stats: 70.0001
** Write stats: 75.0001
** Write stats: 80.0002
** Write stats: 85.0001
** Write stats: 88.0038
>> Fuzz Crowdsale
./fuzzMe: line 16:    41 Segmentation fault      (core dumped) ./fuzzer --file contracts/Crowdsale.sol.json --name Crowdsale --assets assets/ --duration 88 --mode 1 --reporter 1 --log 0 --attacker ReentrancyAttacker
>> Fuzz RefundVault
** Write stats: 0.005579
** Write stats: 5.00016
** Write stats: 10.0007
** Write stats: 15.0005
** Write stats: 20.0001
** Write stats: 25.0063
** Write stats: 30.0002
** Write stats: 35.0002
** Write stats: 40.001
** Write stats: 45.0003
** Write stats: 50.0017
** Write stats: 55.0017
** Write stats: 60.0008
** Write stats: 65.0015
** Write stats: 70.0041
** Write stats: 75.0006
** Write stats: 80.0022
** Write stats: 85.0036
** Write stats: 88.0453
>> Fuzz MintableToken
** Write stats: 0.014659
** Write stats: 5.00211
** Write stats: 10.0006
** Write stats: 15.0043
** Write stats: 20.0013
** Write stats: 25.0043
** Write stats: 30.0067
** Write stats: 35.0074
** Write stats: 40.0014
** Write stats: 45.0025
** Write stats: 50.0009
** Write stats: 55.007
** Write stats: 60.007
** Write stats: 65.0009
** Write stats: 70.0073
** Write stats: 75.0825
** Write stats: 80.0048
** Write stats: 85.0072
** Write stats: 88.0408
>> Fuzz SafeMath
** Write stats: 0.00171
** Write stats: 5.00006
** Write stats: 10.0001
** Write stats: 15.0001
** Write stats: 20.0001
** Write stats: 25.0001
** Write stats: 30.0001
** Write stats: 35.0001
** Write stats: 40.0001
** Write stats: 45.0001
** Write stats: 50.0001
** Write stats: 55.0001
** Write stats: 60.0001
** Write stats: 65.0001
** Write stats: 70.0001
** Write stats: 75.0001
** Write stats: 80.0001
** Write stats: 85.0001
** Write stats: 88.0003
>> Fuzz Mest
** Write stats: 0.016746
** Write stats: 5.00155
** Write stats: 10.0017
** Write stats: 15.0006
** Write stats: 20.0023
** Write stats: 25.0032
** Write stats: 30.0675
** Write stats: 35.0018
** Write stats: 40.0034
** Write stats: 45.0055
** Write stats: 50.0002
** Write stats: 55.0051
** Write stats: 60.0008
** Write stats: 65.0087
** Write stats: 70.0063
** Write stats: 75.0098
** Write stats: 80.0093
** Write stats: 85.005
** Write stats: 88.0078
>> Fuzz MestCrowdsale
** Write stats: 0.018856
** Write stats: 5.00068
** Write stats: 10.0006
** Write stats: 15.0004
** Write stats: 20.0015
** Write stats: 25.0008
** Write stats: 30.0006
** Write stats: 35.0007
** Write stats: 40.0009
** Write stats: 45.0004
** Write stats: 50.0007
** Write stats: 55.0002
** Write stats: 60.0007
** Write stats: 65.0004
** Write stats: 70.0005
** Write stats: 75.0007
** Write stats: 80.0002
** Write stats: 85.0004
** Write stats: 88.005
>> Fuzz StandardToken
** Write stats: 0.012462
** Write stats: 5.00015
** Write stats: 10.0033
** Write stats: 15.0054
** Write stats: 20.0027
** Write stats: 25.006
** Write stats: 30.0496
** Write stats: 35.0019
** Write stats: 40.0054
** Write stats: 45.0012
** Write stats: 50.0046
** Write stats: 55.0048
** Write stats: 60.0021
** Write stats: 65.0039
** Write stats: 70.0034
** Write stats: 75.0011
** Write stats: 80.0052
** Write stats: 85.0045
** Write stats: 88.064
>> Fuzz BasicToken
** Write stats: 0.003945
** Write stats: 5.00057
** Write stats: 10.0032
** Write stats: 15.0012
** Write stats: 20.0047
** Write stats: 25.0079
** Write stats: 30.0078
** Write stats: 35.0046
** Write stats: 40.0055
** Write stats: 45.0076
** Write stats: 50.0035
** Write stats: 55.0099
** Write stats: 60.0027
** Write stats: 65.0112
** Write stats: 70.0088
** Write stats: 75.0019
** Write stats: 80.0091
** Write stats: 85.0086
** Write stats: 88.0164
