Extract contract DB from /sb/0x00f22b3afc434a662a8f572982d6756c8811793c.sol
Extract contract ERC721A from /sb/0x00f22b3afc434a662a8f572982d6756c8811793c.sol
Extract contract Strings from /sb/0x00f22b3afc434a662a8f572982d6756c8811793c.sol
Extracted 3 contract(s) from /sb/0x00f22b3afc434a662a8f572982d6756c8811793c.sol
[0;32m> Created "fuzzMe"[0m
[0;32m> To fuzz contracts:[0m
  chmod +x fuzzMe
  ./fuzzMe
Warning: SPDX license identifier not provided in source file. Before publishing, consider adding a comment containing "SPDX-License-Identifier: <SPDX-License>" to each source file. Use "SPDX-License-Identifier: UNLICENSED" for non-open-source code. Please see https://spdx.org for more information.
--> contracts/Strings.sol

Warning: SPDX license identifier not provided in source file. Before publishing, consider adding a comment containing "SPDX-License-Identifier: <SPDX-License>" to each source file. Use "SPDX-License-Identifier: UNLICENSED" for non-open-source code. Please see https://spdx.org for more information.
--> contracts/ERC721A.sol

Warning: SPDX license identifier not provided in source file. Before publishing, consider adding a comment containing "SPDX-License-Identifier: <SPDX-License>" to each source file. Use "SPDX-License-Identifier: UNLICENSED" for non-open-source code. Please see https://spdx.org for more information.
--> contracts/DB.sol

Error: Source file requires different compiler version (current compiler is 0.8.30+commit.73712a01.Linux.g++) - note that nightly builds are considered to be strictly less than the released version
 --> assets/NormalAttacker.sol:1:1:
  |
1 | pragma solidity ^0.4.24;
  | ^^^^^^^^^^^^^^^^^^^^^^^^

Error: Source file requires different compiler version (current compiler is 0.8.30+commit.73712a01.Linux.g++) - note that nightly builds are considered to be strictly less than the released version
 --> assets/ReentrancyAttacker.sol:1:1:
  |
1 | pragma solidity ^0.4.24;
  | ^^^^^^^^^^^^^^^^^^^^^^^^

terminate called after throwing an instance of 'boost::exception_detail::clone_impl<boost::exception_detail::error_info_injector<boost::property_tree::json_parser::json_parser_error> >'
  what():  assets/NormalAttacker.sol.json(1): expected value
./fuzzMe: line 7:    25 Aborted                 (core dumped) ./fuzzer --file contracts/Strings.sol.json --name Strings --assets assets/ --duration 120 --mode 1 --reporter 1 --log 0 --attacker ReentrancyAttacker
terminate called after throwing an instance of 'boost::exception_detail::clone_impl<boost::exception_detail::error_info_injector<boost::property_tree::json_parser::json_parser_error> >'
  what():  assets/NormalAttacker.sol.json(1): expected value
./fuzzMe: line 8:    26 Aborted                 (core dumped) ./fuzzer --file contracts/ERC721A.sol.json --name ERC721A --assets assets/ --duration 120 --mode 1 --reporter 1 --log 0 --attacker ReentrancyAttacker
terminate called after throwing an instance of 'boost::exception_detail::clone_impl<boost::exception_detail::error_info_injector<boost::property_tree::json_parser::json_parser_error> >'
  what():  assets/NormalAttacker.sol.json(1): expected value
./fuzzMe: line 9:    27 Aborted                 (core dumped) ./fuzzer --file contracts/DB.sol.json --name DB --assets assets/ --duration 120 --mode 1 --reporter 1 --log 0 --attacker ReentrancyAttacker
