Extract contract Payments from /sb/0x00c8162c86a977edc10c641636bdff1c59327983.sol
Extract contract SafeMath from /sb/0x00c8162c86a977edc10c641636bdff1c59327983.sol
Extracted 2 contract(s) from /sb/0x00c8162c86a977edc10c641636bdff1c59327983.sol
[0;32m> Created "fuzzMe"[0m
[0;32m> To fuzz contracts:[0m
  chmod +x fuzzMe
  ./fuzzMe
assets/NormalAttacker.sol:5:3: Warning: No visibility specified. Defaulting to "public". 
  function() payable {
  ^ (Relevant source part starts here and spans across multiple lines).
assets/ReentrancyAttacker.sol:8:7: Warning: Return value of low-level calls not used.
      msg.sender.call(bytes4(255));
      ^--------------------------^
assets/ReentrancyAttacker.sol:5:3: Warning: No visibility specified. Defaulting to "public". 
  function() payable {
  ^ (Relevant source part starts here and spans across multiple lines).
>> Fuzz SafeMath
** Write stats: 0.001657
** Write stats: 5.00009
** Write stats: 10.0001
** Write stats: 15.0001
** Write stats: 20.0001
** Write stats: 25.0001
** Write stats: 30.0002
** Write stats: 35.0001
** Write stats: 40.0001
** Write stats: 45.0001
** Write stats: 50.0001
** Write stats: 55.0001
** Write stats: 60.0001
** Write stats: 65.9008
** Write stats: 70.0001
** Write stats: 75.0001
** Write stats: 80.0001
** Write stats: 85.0001
** Write stats: 90.0001
** Write stats: 95.0001
** Write stats: 100
** Write stats: 105
** Write stats: 110
** Write stats: 115
** Write stats: 120
** Write stats: 120
>> Fuzz Payments
** Write stats: 0.009409
** Write stats: 5.00018
** Write stats: 10.0001
** Write stats: 15.0001
** Write stats: 20.0005
** Write stats: 25.0003
** Write stats: 30.0004
** Write stats: 35.0001
** Write stats: 40.0003
** Write stats: 45.0002
** Write stats: 50.0004
** Write stats: 55.0004
** Write stats: 60.0002
** Write stats: 65.0002
** Write stats: 70.0004
** Write stats: 75.0273
** Write stats: 80.0005
** Write stats: 85.0005
** Write stats: 90.0003
** Write stats: 95.0008
** Write stats: 100
** Write stats: 105
** Write stats: 110.06
** Write stats: 115
** Write stats: 120
** Write stats: 120.021
