A new version of Solhint is available: 6.0.1
Please consider updating your Solhint package.
/sb/0x00ba68fd9c80bdd136344471ea7d437cd5a6c27d.sol:1:1: Found more than One contract per file. 6 contracts found! [Warning/one-contract-per-file]
/sb/0x00ba68fd9c80bdd136344471ea7d437cd5a6c27d.sol:1:1: Compiler version ^0.4.18 does not satisfy the ^0.8.24 semver requirement [Error/compiler-version]
/sb/0x00ba68fd9c80bdd136344471ea7d437cd5a6c27d.sol:13:1: Missing @author tag in contract 'SafeMath' [Warning/use-natspec]
/sb/0x00ba68fd9c80bdd136344471ea7d437cd5a6c27d.sol:13:1: Missing @notice tag in contract 'SafeMath' [Warning/use-natspec]
/sb/0x00ba68fd9c80bdd136344471ea7d437cd5a6c27d.sol:15:3: Missing @notice tag in function 'mul' [Warning/use-natspec]
/sb/0x00ba68fd9c80bdd136344471ea7d437cd5a6c27d.sol:15:3: Missing @param tag in function 'mul' [Warning/use-natspec]
/sb/0x00ba68fd9c80bdd136344471ea7d437cd5a6c27d.sol:15:3: Mismatch in @param names for function 'mul'. Expected: [a, b], Found: [] [Warning/use-natspec]
/sb/0x00ba68fd9c80bdd136344471ea7d437cd5a6c27d.sol:15:3: Missing @return tag in function 'mul' [Warning/use-natspec]
/sb/0x00ba68fd9c80bdd136344471ea7d437cd5a6c27d.sol:15:3: Mismatch in @return count for function 'mul'. Expected: 1, Found: 0 [Warning/use-natspec]
/sb/0x00ba68fd9c80bdd136344471ea7d437cd5a6c27d.sol:33:3: Missing @notice tag in function 'div' [Warning/use-natspec]
/sb/0x00ba68fd9c80bdd136344471ea7d437cd5a6c27d.sol:33:3: Missing @param tag in function 'div' [Warning/use-natspec]
/sb/0x00ba68fd9c80bdd136344471ea7d437cd5a6c27d.sol:33:3: Mismatch in @param names for function 'div'. Expected: [a, b], Found: [] [Warning/use-natspec]
/sb/0x00ba68fd9c80bdd136344471ea7d437cd5a6c27d.sol:33:3: Missing @return tag in function 'div' [Warning/use-natspec]
/sb/0x00ba68fd9c80bdd136344471ea7d437cd5a6c27d.sol:33:3: Mismatch in @return count for function 'div'. Expected: 1, Found: 0 [Warning/use-natspec]
/sb/0x00ba68fd9c80bdd136344471ea7d437cd5a6c27d.sol:47:3: Missing @notice tag in function 'sub' [Warning/use-natspec]
/sb/0x00ba68fd9c80bdd136344471ea7d437cd5a6c27d.sol:47:3: Missing @param tag in function 'sub' [Warning/use-natspec]
/sb/0x00ba68fd9c80bdd136344471ea7d437cd5a6c27d.sol:47:3: Mismatch in @param names for function 'sub'. Expected: [a, b], Found: [] [Warning/use-natspec]
/sb/0x00ba68fd9c80bdd136344471ea7d437cd5a6c27d.sol:47:3: Missing @return tag in function 'sub' [Warning/use-natspec]
/sb/0x00ba68fd9c80bdd136344471ea7d437cd5a6c27d.sol:47:3: Mismatch in @return count for function 'sub'. Expected: 1, Found: 0 [Warning/use-natspec]
/sb/0x00ba68fd9c80bdd136344471ea7d437cd5a6c27d.sol:49:12: GC: Non strict inequality found. Try converting to a strict one [Warning/gas-strict-inequalities]
/sb/0x00ba68fd9c80bdd136344471ea7d437cd5a6c27d.sol:57:3: Missing @notice tag in function 'add' [Warning/use-natspec]
/sb/0x00ba68fd9c80bdd136344471ea7d437cd5a6c27d.sol:57:3: Missing @param tag in function 'add' [Warning/use-natspec]
/sb/0x00ba68fd9c80bdd136344471ea7d437cd5a6c27d.sol:57:3: Mismatch in @param names for function 'add'. Expected: [a, b], Found: [] [Warning/use-natspec]
/sb/0x00ba68fd9c80bdd136344471ea7d437cd5a6c27d.sol:57:3: Missing @return tag in function 'add' [Warning/use-natspec]
/sb/0x00ba68fd9c80bdd136344471ea7d437cd5a6c27d.sol:57:3: Mismatch in @return count for function 'add'. Expected: 1, Found: 0 [Warning/use-natspec]
/sb/0x00ba68fd9c80bdd136344471ea7d437cd5a6c27d.sol:61:12: GC: Non strict inequality found. Try converting to a strict one [Warning/gas-strict-inequalities]
/sb/0x00ba68fd9c80bdd136344471ea7d437cd5a6c27d.sol:81:1: Missing @author tag in contract 'ERC20Basic' [Warning/use-natspec]
/sb/0x00ba68fd9c80bdd136344471ea7d437cd5a6c27d.sol:81:1: Missing @notice tag in contract 'ERC20Basic' [Warning/use-natspec]
/sb/0x00ba68fd9c80bdd136344471ea7d437cd5a6c27d.sol:83:3: Missing @notice tag in variable 'totalSupply' [Warning/use-natspec]
/sb/0x00ba68fd9c80bdd136344471ea7d437cd5a6c27d.sol:85:3: Missing @notice tag in function 'balanceOf' [Warning/use-natspec]
/sb/0x00ba68fd9c80bdd136344471ea7d437cd5a6c27d.sol:85:3: Missing @param tag in function 'balanceOf' [Warning/use-natspec]
/sb/0x00ba68fd9c80bdd136344471ea7d437cd5a6c27d.sol:85:3: Mismatch in @param names for function 'balanceOf'. Expected: [who], Found: [] [Warning/use-natspec]
/sb/0x00ba68fd9c80bdd136344471ea7d437cd5a6c27d.sol:85:3: Missing @return tag in function 'balanceOf' [Warning/use-natspec]
/sb/0x00ba68fd9c80bdd136344471ea7d437cd5a6c27d.sol:85:3: Mismatch in @return count for function 'balanceOf'. Expected: 1, Found: 0 [Warning/use-natspec]
/sb/0x00ba68fd9c80bdd136344471ea7d437cd5a6c27d.sol:87:3: Missing @notice tag in function 'transfer' [Warning/use-natspec]
/sb/0x00ba68fd9c80bdd136344471ea7d437cd5a6c27d.sol:87:3: Missing @param tag in function 'transfer' [Warning/use-natspec]
/sb/0x00ba68fd9c80bdd136344471ea7d437cd5a6c27d.sol:87:3: Mismatch in @param names for function 'transfer'. Expected: [to, value], Found: [] [Warning/use-natspec]
/sb/0x00ba68fd9c80bdd136344471ea7d437cd5a6c27d.sol:87:3: Missing @return tag in function 'transfer' [Warning/use-natspec]
/sb/0x00ba68fd9c80bdd136344471ea7d437cd5a6c27d.sol:87:3: Mismatch in @return count for function 'transfer'. Expected: 1, Found: 0 [Warning/use-natspec]
/sb/0x00ba68fd9c80bdd136344471ea7d437cd5a6c27d.sol:89:3: Missing @notice tag in event 'Transfer' [Warning/use-natspec]
/sb/0x00ba68fd9c80bdd136344471ea7d437cd5a6c27d.sol:89:3: Missing @param tag in event 'Transfer' [Warning/use-natspec]
/sb/0x00ba68fd9c80bdd136344471ea7d437cd5a6c27d.sol:89:3: Mismatch in @param names for event 'Transfer'. Expected: [from, to, value], Found: [] [Warning/use-natspec]
/sb/0x00ba68fd9c80bdd136344471ea7d437cd5a6c27d.sol:89:3: GC: [value] on Event [Transfer] could be Indexed [Warning/gas-indexed-events]
/sb/0x00ba68fd9c80bdd136344471ea7d437cd5a6c27d.sol:103:1: Missing @author tag in contract 'ERC20' [Warning/use-natspec]
/sb/0x00ba68fd9c80bdd136344471ea7d437cd5a6c27d.sol:103:1: Missing @notice tag in contract 'ERC20' [Warning/use-natspec]
/sb/0x00ba68fd9c80bdd136344471ea7d437cd5a6c27d.sol:105:3: Missing @notice tag in function 'allowance' [Warning/use-natspec]
/sb/0x00ba68fd9c80bdd136344471ea7d437cd5a6c27d.sol:105:3: Missing @param tag in function 'allowance' [Warning/use-natspec]
/sb/0x00ba68fd9c80bdd136344471ea7d437cd5a6c27d.sol:105:3: Mismatch in @param names for function 'allowance'. Expected: [owner, spender], Found: [] [Warning/use-natspec]
/sb/0x00ba68fd9c80bdd136344471ea7d437cd5a6c27d.sol:105:3: Missing @return tag in function 'allowance' [Warning/use-natspec]
/sb/0x00ba68fd9c80bdd136344471ea7d437cd5a6c27d.sol:105:3: Mismatch in @return count for function 'allowance'. Expected: 1, Found: 0 [Warning/use-natspec]
/sb/0x00ba68fd9c80bdd136344471ea7d437cd5a6c27d.sol:107:3: Missing @notice tag in function 'transferFrom' [Warning/use-natspec]
/sb/0x00ba68fd9c80bdd136344471ea7d437cd5a6c27d.sol:107:3: Missing @param tag in function 'transferFrom' [Warning/use-natspec]
/sb/0x00ba68fd9c80bdd136344471ea7d437cd5a6c27d.sol:107:3: Mismatch in @param names for function 'transferFrom'. Expected: [from, to, value], Found: [] [Warning/use-natspec]
/sb/0x00ba68fd9c80bdd136344471ea7d437cd5a6c27d.sol:107:3: Missing @return tag in function 'transferFrom' [Warning/use-natspec]
/sb/0x00ba68fd9c80bdd136344471ea7d437cd5a6c27d.sol:107:3: Mismatch in @return count for function 'transferFrom'. Expected: 1, Found: 0 [Warning/use-natspec]
/sb/0x00ba68fd9c80bdd136344471ea7d437cd5a6c27d.sol:109:3: Missing @notice tag in function 'approve' [Warning/use-natspec]
/sb/0x00ba68fd9c80bdd136344471ea7d437cd5a6c27d.sol:109:3: Missing @param tag in function 'approve' [Warning/use-natspec]
/sb/0x00ba68fd9c80bdd136344471ea7d437cd5a6c27d.sol:109:3: Mismatch in @param names for function 'approve'. Expected: [spender, value], Found: [] [Warning/use-natspec]
/sb/0x00ba68fd9c80bdd136344471ea7d437cd5a6c27d.sol:109:3: Missing @return tag in function 'approve' [Warning/use-natspec]
/sb/0x00ba68fd9c80bdd136344471ea7d437cd5a6c27d.sol:109:3: Mismatch in @return count for function 'approve'. Expected: 1, Found: 0 [Warning/use-natspec]
/sb/0x00ba68fd9c80bdd136344471ea7d437cd5a6c27d.sol:111:3: Missing @notice tag in event 'Approval' [Warning/use-natspec]
/sb/0x00ba68fd9c80bdd136344471ea7d437cd5a6c27d.sol:111:3: Missing @param tag in event 'Approval' [Warning/use-natspec]
/sb/0x00ba68fd9c80bdd136344471ea7d437cd5a6c27d.sol:111:3: Mismatch in @param names for event 'Approval'. Expected: [owner, spender, value], Found: [] [Warning/use-natspec]
/sb/0x00ba68fd9c80bdd136344471ea7d437cd5a6c27d.sol:111:3: GC: [value] on Event [Approval] could be Indexed [Warning/gas-indexed-events]
/sb/0x00ba68fd9c80bdd136344471ea7d437cd5a6c27d.sol:125:1: Missing @author tag in contract 'BasicToken' [Warning/use-natspec]
/sb/0x00ba68fd9c80bdd136344471ea7d437cd5a6c27d.sol:125:1: Missing @notice tag in contract 'BasicToken' [Warning/use-natspec]
/sb/0x00ba68fd9c80bdd136344471ea7d437cd5a6c27d.sol:131:3: Explicitly mark visibility of state [Warning/state-visibility]
/sb/0x00ba68fd9c80bdd136344471ea7d437cd5a6c27d.sol:145:3: Missing @notice tag in function 'transfer' [Warning/use-natspec]
/sb/0x00ba68fd9c80bdd136344471ea7d437cd5a6c27d.sol:145:3: Missing @return tag in function 'transfer' [Warning/use-natspec]
/sb/0x00ba68fd9c80bdd136344471ea7d437cd5a6c27d.sol:145:3: Mismatch in @return count for function 'transfer'. Expected: 1, Found: 0 [Warning/use-natspec]
/sb/0x00ba68fd9c80bdd136344471ea7d437cd5a6c27d.sol:147:5: Provide an error message for require [Warning/reason-string]
/sb/0x00ba68fd9c80bdd136344471ea7d437cd5a6c27d.sol:149:5: Provide an error message for require [Warning/reason-string]
/sb/0x00ba68fd9c80bdd136344471ea7d437cd5a6c27d.sol:149:13: GC: Non strict inequality found. Try converting to a strict one [Warning/gas-strict-inequalities]
/sb/0x00ba68fd9c80bdd136344471ea7d437cd5a6c27d.sol:177:3: Missing @notice tag in function 'balanceOf' [Warning/use-natspec]
/sb/0x00ba68fd9c80bdd136344471ea7d437cd5a6c27d.sol:177:3: Mismatch in @return names for function 'balanceOf'. Expected: [balance], Found: [An] [Warning/use-natspec]
/sb/0x00ba68fd9c80bdd136344471ea7d437cd5a6c27d.sol:203:1: Missing @author tag in contract 'StandardToken' [Warning/use-natspec]
/sb/0x00ba68fd9c80bdd136344471ea7d437cd5a6c27d.sol:203:1: Missing @notice tag in contract 'StandardToken' [Warning/use-natspec]
/sb/0x00ba68fd9c80bdd136344471ea7d437cd5a6c27d.sol:225:3: Missing @notice tag in function 'transferFrom' [Warning/use-natspec]
/sb/0x00ba68fd9c80bdd136344471ea7d437cd5a6c27d.sol:225:3: Missing @return tag in function 'transferFrom' [Warning/use-natspec]
/sb/0x00ba68fd9c80bdd136344471ea7d437cd5a6c27d.sol:225:3: Mismatch in @return count for function 'transferFrom'. Expected: 1, Found: 0 [Warning/use-natspec]
/sb/0x00ba68fd9c80bdd136344471ea7d437cd5a6c27d.sol:227:5: Provide an error message for require [Warning/reason-string]
/sb/0x00ba68fd9c80bdd136344471ea7d437cd5a6c27d.sol:229:5: Provide an error message for require [Warning/reason-string]
/sb/0x00ba68fd9c80bdd136344471ea7d437cd5a6c27d.sol:229:13: GC: Non strict inequality found. Try converting to a strict one [Warning/gas-strict-inequalities]
/sb/0x00ba68fd9c80bdd136344471ea7d437cd5a6c27d.sol:231:5: Provide an error message for require [Warning/reason-string]
/sb/0x00ba68fd9c80bdd136344471ea7d437cd5a6c27d.sol:231:13: GC: Non strict inequality found. Try converting to a strict one [Warning/gas-strict-inequalities]
/sb/0x00ba68fd9c80bdd136344471ea7d437cd5a6c27d.sol:269:3: Missing @notice tag in function 'approve' [Warning/use-natspec]
/sb/0x00ba68fd9c80bdd136344471ea7d437cd5a6c27d.sol:269:3: Missing @return tag in function 'approve' [Warning/use-natspec]
/sb/0x00ba68fd9c80bdd136344471ea7d437cd5a6c27d.sol:269:3: Mismatch in @return count for function 'approve'. Expected: 1, Found: 0 [Warning/use-natspec]
/sb/0x00ba68fd9c80bdd136344471ea7d437cd5a6c27d.sol:293:3: Missing @notice tag in function 'allowance' [Warning/use-natspec]
/sb/0x00ba68fd9c80bdd136344471ea7d437cd5a6c27d.sol:313:3: Missing @notice tag in function 'increaseApproval' [Warning/use-natspec]
/sb/0x00ba68fd9c80bdd136344471ea7d437cd5a6c27d.sol:313:3: Missing @param tag in function 'increaseApproval' [Warning/use-natspec]
/sb/0x00ba68fd9c80bdd136344471ea7d437cd5a6c27d.sol:313:3: Mismatch in @param names for function 'increaseApproval'. Expected: [_spender, _addedValue], Found: [] [Warning/use-natspec]
/sb/0x00ba68fd9c80bdd136344471ea7d437cd5a6c27d.sol:313:3: Missing @return tag in function 'increaseApproval' [Warning/use-natspec]
/sb/0x00ba68fd9c80bdd136344471ea7d437cd5a6c27d.sol:313:3: Mismatch in @return count for function 'increaseApproval'. Expected: 1, Found: 0 [Warning/use-natspec]
/sb/0x00ba68fd9c80bdd136344471ea7d437cd5a6c27d.sol:313:47: Rule is set with explicit type [var/s: uint] [Warning/explicit-types]
/sb/0x00ba68fd9c80bdd136344471ea7d437cd5a6c27d.sol:325:3: Missing @notice tag in function 'decreaseApproval' [Warning/use-natspec]
/sb/0x00ba68fd9c80bdd136344471ea7d437cd5a6c27d.sol:325:3: Missing @param tag in function 'decreaseApproval' [Warning/use-natspec]
/sb/0x00ba68fd9c80bdd136344471ea7d437cd5a6c27d.sol:325:3: Mismatch in @param names for function 'decreaseApproval'. Expected: [_spender, _subtractedValue], Found: [] [Warning/use-natspec]
/sb/0x00ba68fd9c80bdd136344471ea7d437cd5a6c27d.sol:325:3: Missing @return tag in function 'decreaseApproval' [Warning/use-natspec]
/sb/0x00ba68fd9c80bdd136344471ea7d437cd5a6c27d.sol:325:3: Mismatch in @return count for function 'decreaseApproval'. Expected: 1, Found: 0 [Warning/use-natspec]
/sb/0x00ba68fd9c80bdd136344471ea7d437cd5a6c27d.sol:325:47: Rule is set with explicit type [var/s: uint] [Warning/explicit-types]
/sb/0x00ba68fd9c80bdd136344471ea7d437cd5a6c27d.sol:327:5: Rule is set with explicit type [var/s: uint] [Warning/explicit-types]
/sb/0x00ba68fd9c80bdd136344471ea7d437cd5a6c27d.sol:353:1: Missing @title tag in contract 'Holdme' [Warning/use-natspec]
/sb/0x00ba68fd9c80bdd136344471ea7d437cd5a6c27d.sol:353:1: Missing @author tag in contract 'Holdme' [Warning/use-natspec]
/sb/0x00ba68fd9c80bdd136344471ea7d437cd5a6c27d.sol:353:1: Missing @notice tag in contract 'Holdme' [Warning/use-natspec]
/sb/0x00ba68fd9c80bdd136344471ea7d437cd5a6c27d.sol:357:3: Missing @notice tag in variable 'name' [Warning/use-natspec]
/sb/0x00ba68fd9c80bdd136344471ea7d437cd5a6c27d.sol:357:3: Constant name must be in capitalized SNAKE_CASE [Warning/const-name-snakecase]
/sb/0x00ba68fd9c80bdd136344471ea7d437cd5a6c27d.sol:359:3: Missing @notice tag in variable 'symbol' [Warning/use-natspec]
/sb/0x00ba68fd9c80bdd136344471ea7d437cd5a6c27d.sol:359:3: Constant name must be in capitalized SNAKE_CASE [Warning/const-name-snakecase]
/sb/0x00ba68fd9c80bdd136344471ea7d437cd5a6c27d.sol:361:3: Missing @notice tag in variable 'decimals' [Warning/use-natspec]
/sb/0x00ba68fd9c80bdd136344471ea7d437cd5a6c27d.sol:361:3: Constant name must be in capitalized SNAKE_CASE [Warning/const-name-snakecase]
/sb/0x00ba68fd9c80bdd136344471ea7d437cd5a6c27d.sol:365:3: Missing @notice tag in variable 'INITIAL_SUPPLY' [Warning/use-natspec]
/sb/0x00ba68fd9c80bdd136344471ea7d437cd5a6c27d.sol:375:3: Missing @notice tag in function 'Holdme' [Warning/use-natspec]

113 problem/s (1 error/s, 112 warning/s)
