A new version of Solhint is available: 6.0.1
Please consider updating your Solhint package.
/sb/0xfee322eb8908519a852019b3b48ff632473f541f.sol:1:1: Compiler version ^0.4.24 does not satisfy the ^0.8.24 semver requirement [Error/compiler-version]
/sb/0xfee322eb8908519a852019b3b48ff632473f541f.sol:3:1: Interface name 'ERCToken' must start with "I" [Warning/interface-starts-with-i]
/sb/0xfee322eb8908519a852019b3b48ff632473f541f.sol:3:1: Missing @title tag in contract 'ERCToken' [Warning/use-natspec]
/sb/0xfee322eb8908519a852019b3b48ff632473f541f.sol:3:1: Missing @author tag in contract 'ERCToken' [Warning/use-natspec]
/sb/0xfee322eb8908519a852019b3b48ff632473f541f.sol:3:1: Missing @notice tag in contract 'ERCToken' [Warning/use-natspec]
/sb/0xfee322eb8908519a852019b3b48ff632473f541f.sol:5:5: Missing @notice tag in function 'transferFrom' [Warning/use-natspec]
/sb/0xfee322eb8908519a852019b3b48ff632473f541f.sol:5:5: Missing @param tag in function 'transferFrom' [Warning/use-natspec]
/sb/0xfee322eb8908519a852019b3b48ff632473f541f.sol:5:5: Mismatch in @param names for function 'transferFrom'. Expected: [from, to, value], Found: [] [Warning/use-natspec]
/sb/0xfee322eb8908519a852019b3b48ff632473f541f.sol:5:5: Missing @return tag in function 'transferFrom' [Warning/use-natspec]
/sb/0xfee322eb8908519a852019b3b48ff632473f541f.sol:5:5: Mismatch in @return count for function 'transferFrom'. Expected: 1, Found: 0 [Warning/use-natspec]
/sb/0xfee322eb8908519a852019b3b48ff632473f541f.sol:9:1: Missing @title tag in contract 'AirdropContract' [Warning/use-natspec]
/sb/0xfee322eb8908519a852019b3b48ff632473f541f.sol:9:1: Missing @author tag in contract 'AirdropContract' [Warning/use-natspec]
/sb/0xfee322eb8908519a852019b3b48ff632473f541f.sol:9:1: Missing @notice tag in contract 'AirdropContract' [Warning/use-natspec]
/sb/0xfee322eb8908519a852019b3b48ff632473f541f.sol:11:5: Missing @notice tag in variable 'owner' [Warning/use-natspec]
/sb/0xfee322eb8908519a852019b3b48ff632473f541f.sol:13:5: Explicitly mark visibility of state [Warning/state-visibility]
/sb/0xfee322eb8908519a852019b3b48ff632473f541f.sol:16:6: Provide an error message for require [Warning/reason-string]
/sb/0xfee322eb8908519a852019b3b48ff632473f541f.sol:20:5: Missing @notice tag in function '<anonymous>' [Warning/use-natspec]
/sb/0xfee322eb8908519a852019b3b48ff632473f541f.sol:24:5: Missing @notice tag in function 'send' [Warning/use-natspec]
/sb/0xfee322eb8908519a852019b3b48ff632473f541f.sol:24:5: Missing @param tag in function 'send' [Warning/use-natspec]
/sb/0xfee322eb8908519a852019b3b48ff632473f541f.sol:24:5: Mismatch in @param names for function 'send'. Expected: [_tokenAddr, from, dests, values], Found: [] [Warning/use-natspec]
/sb/0xfee322eb8908519a852019b3b48ff632473f541f.sol:24:5: Missing @return tag in function 'send' [Warning/use-natspec]
/sb/0xfee322eb8908519a852019b3b48ff632473f541f.sol:24:5: Mismatch in @return count for function 'send'. Expected: 1, Found: 0 [Warning/use-natspec]
/sb/0xfee322eb8908519a852019b3b48ff632473f541f.sol:29:13: GC: For [ i ] variable, increment/decrement by 1 using: [ ++variable ] to save gas [Warning/gas-increment-by-one]

23 problem/s (1 error/s, 22 warning/s)
