A new version of Solhint is available: 6.0.1
Please consider updating your Solhint package.
/sb/0xb5af99b7278a1c528e9f372f58b13b1799e31c50.sol:1:1: Found more than One contract per file. 10 contracts found! [Warning/one-contract-per-file]
/sb/0xb5af99b7278a1c528e9f372f58b13b1799e31c50.sol:1:1: Compiler version ^0.4.24 does not satisfy the ^0.8.24 semver requirement [Error/compiler-version]
/sb/0xb5af99b7278a1c528e9f372f58b13b1799e31c50.sol:10:1: Missing @author tag in contract 'ERC20Basic' [Warning/use-natspec]
/sb/0xb5af99b7278a1c528e9f372f58b13b1799e31c50.sol:10:1: Missing @notice tag in contract 'ERC20Basic' [Warning/use-natspec]
/sb/0xb5af99b7278a1c528e9f372f58b13b1799e31c50.sol:11:3: Missing @notice tag in function 'totalSupply' [Warning/use-natspec]
/sb/0xb5af99b7278a1c528e9f372f58b13b1799e31c50.sol:11:3: Missing @return tag in function 'totalSupply' [Warning/use-natspec]
/sb/0xb5af99b7278a1c528e9f372f58b13b1799e31c50.sol:11:3: Mismatch in @return count for function 'totalSupply'. Expected: 1, Found: 0 [Warning/use-natspec]
/sb/0xb5af99b7278a1c528e9f372f58b13b1799e31c50.sol:12:3: Missing @notice tag in function 'balanceOf' [Warning/use-natspec]
/sb/0xb5af99b7278a1c528e9f372f58b13b1799e31c50.sol:12:3: Missing @param tag in function 'balanceOf' [Warning/use-natspec]
/sb/0xb5af99b7278a1c528e9f372f58b13b1799e31c50.sol:12:3: Mismatch in @param names for function 'balanceOf'. Expected: [who], Found: [] [Warning/use-natspec]
/sb/0xb5af99b7278a1c528e9f372f58b13b1799e31c50.sol:12:3: Missing @return tag in function 'balanceOf' [Warning/use-natspec]
/sb/0xb5af99b7278a1c528e9f372f58b13b1799e31c50.sol:12:3: Mismatch in @return count for function 'balanceOf'. Expected: 1, Found: 0 [Warning/use-natspec]
/sb/0xb5af99b7278a1c528e9f372f58b13b1799e31c50.sol:13:3: Missing @notice tag in function 'transfer' [Warning/use-natspec]
/sb/0xb5af99b7278a1c528e9f372f58b13b1799e31c50.sol:13:3: Missing @param tag in function 'transfer' [Warning/use-natspec]
/sb/0xb5af99b7278a1c528e9f372f58b13b1799e31c50.sol:13:3: Mismatch in @param names for function 'transfer'. Expected: [to, value], Found: [] [Warning/use-natspec]
/sb/0xb5af99b7278a1c528e9f372f58b13b1799e31c50.sol:13:3: Missing @return tag in function 'transfer' [Warning/use-natspec]
/sb/0xb5af99b7278a1c528e9f372f58b13b1799e31c50.sol:13:3: Mismatch in @return count for function 'transfer'. Expected: 1, Found: 0 [Warning/use-natspec]
/sb/0xb5af99b7278a1c528e9f372f58b13b1799e31c50.sol:14:3: Missing @notice tag in event 'Transfer' [Warning/use-natspec]
/sb/0xb5af99b7278a1c528e9f372f58b13b1799e31c50.sol:14:3: Missing @param tag in event 'Transfer' [Warning/use-natspec]
/sb/0xb5af99b7278a1c528e9f372f58b13b1799e31c50.sol:14:3: Mismatch in @param names for event 'Transfer'. Expected: [from, to, value], Found: [] [Warning/use-natspec]
/sb/0xb5af99b7278a1c528e9f372f58b13b1799e31c50.sol:14:3: GC: [value] on Event [Transfer] could be Indexed [Warning/gas-indexed-events]
/sb/0xb5af99b7278a1c528e9f372f58b13b1799e31c50.sol:23:1: Missing @author tag in contract 'ERC20' [Warning/use-natspec]
/sb/0xb5af99b7278a1c528e9f372f58b13b1799e31c50.sol:23:1: Missing @notice tag in contract 'ERC20' [Warning/use-natspec]
/sb/0xb5af99b7278a1c528e9f372f58b13b1799e31c50.sol:24:3: Missing @notice tag in function 'allowance' [Warning/use-natspec]
/sb/0xb5af99b7278a1c528e9f372f58b13b1799e31c50.sol:24:3: Missing @param tag in function 'allowance' [Warning/use-natspec]
/sb/0xb5af99b7278a1c528e9f372f58b13b1799e31c50.sol:24:3: Mismatch in @param names for function 'allowance'. Expected: [owner, spender], Found: [] [Warning/use-natspec]
/sb/0xb5af99b7278a1c528e9f372f58b13b1799e31c50.sol:24:3: Missing @return tag in function 'allowance' [Warning/use-natspec]
/sb/0xb5af99b7278a1c528e9f372f58b13b1799e31c50.sol:24:3: Mismatch in @return count for function 'allowance'. Expected: 1, Found: 0 [Warning/use-natspec]
/sb/0xb5af99b7278a1c528e9f372f58b13b1799e31c50.sol:27:3: Missing @notice tag in function 'transferFrom' [Warning/use-natspec]
/sb/0xb5af99b7278a1c528e9f372f58b13b1799e31c50.sol:27:3: Missing @param tag in function 'transferFrom' [Warning/use-natspec]
/sb/0xb5af99b7278a1c528e9f372f58b13b1799e31c50.sol:27:3: Mismatch in @param names for function 'transferFrom'. Expected: [from, to, value], Found: [] [Warning/use-natspec]
/sb/0xb5af99b7278a1c528e9f372f58b13b1799e31c50.sol:27:3: Missing @return tag in function 'transferFrom' [Warning/use-natspec]
/sb/0xb5af99b7278a1c528e9f372f58b13b1799e31c50.sol:27:3: Mismatch in @return count for function 'transferFrom'. Expected: 1, Found: 0 [Warning/use-natspec]
/sb/0xb5af99b7278a1c528e9f372f58b13b1799e31c50.sol:30:3: Missing @notice tag in function 'approve' [Warning/use-natspec]
/sb/0xb5af99b7278a1c528e9f372f58b13b1799e31c50.sol:30:3: Missing @param tag in function 'approve' [Warning/use-natspec]
/sb/0xb5af99b7278a1c528e9f372f58b13b1799e31c50.sol:30:3: Mismatch in @param names for function 'approve'. Expected: [spender, value], Found: [] [Warning/use-natspec]
/sb/0xb5af99b7278a1c528e9f372f58b13b1799e31c50.sol:30:3: Missing @return tag in function 'approve' [Warning/use-natspec]
/sb/0xb5af99b7278a1c528e9f372f58b13b1799e31c50.sol:30:3: Mismatch in @return count for function 'approve'. Expected: 1, Found: 0 [Warning/use-natspec]
/sb/0xb5af99b7278a1c528e9f372f58b13b1799e31c50.sol:31:3: Missing @notice tag in event 'Approval' [Warning/use-natspec]
/sb/0xb5af99b7278a1c528e9f372f58b13b1799e31c50.sol:31:3: Missing @param tag in event 'Approval' [Warning/use-natspec]
/sb/0xb5af99b7278a1c528e9f372f58b13b1799e31c50.sol:31:3: Mismatch in @param names for event 'Approval'. Expected: [owner, spender, value], Found: [] [Warning/use-natspec]
/sb/0xb5af99b7278a1c528e9f372f58b13b1799e31c50.sol:31:3: GC: [value] on Event [Approval] could be Indexed [Warning/gas-indexed-events]
/sb/0xb5af99b7278a1c528e9f372f58b13b1799e31c50.sol:46:1: Missing @author tag in contract 'SafeERC20' [Warning/use-natspec]
/sb/0xb5af99b7278a1c528e9f372f58b13b1799e31c50.sol:46:1: Missing @notice tag in contract 'SafeERC20' [Warning/use-natspec]
/sb/0xb5af99b7278a1c528e9f372f58b13b1799e31c50.sol:47:3: Missing @notice tag in function 'safeTransfer' [Warning/use-natspec]
/sb/0xb5af99b7278a1c528e9f372f58b13b1799e31c50.sol:47:3: Missing @param tag in function 'safeTransfer' [Warning/use-natspec]
/sb/0xb5af99b7278a1c528e9f372f58b13b1799e31c50.sol:47:3: Mismatch in @param names for function 'safeTransfer'. Expected: [token, to, value], Found: [] [Warning/use-natspec]
/sb/0xb5af99b7278a1c528e9f372f58b13b1799e31c50.sol:48:5: Provide an error message for require [Warning/reason-string]
/sb/0xb5af99b7278a1c528e9f372f58b13b1799e31c50.sol:51:3: Missing @notice tag in function 'safeTransferFrom' [Warning/use-natspec]
/sb/0xb5af99b7278a1c528e9f372f58b13b1799e31c50.sol:51:3: Missing @param tag in function 'safeTransferFrom' [Warning/use-natspec]
/sb/0xb5af99b7278a1c528e9f372f58b13b1799e31c50.sol:51:3: Mismatch in @param names for function 'safeTransferFrom'. Expected: [token, from, to, value], Found: [] [Warning/use-natspec]
/sb/0xb5af99b7278a1c528e9f372f58b13b1799e31c50.sol:59:5: Provide an error message for require [Warning/reason-string]
/sb/0xb5af99b7278a1c528e9f372f58b13b1799e31c50.sol:62:3: Missing @notice tag in function 'safeApprove' [Warning/use-natspec]
/sb/0xb5af99b7278a1c528e9f372f58b13b1799e31c50.sol:62:3: Missing @param tag in function 'safeApprove' [Warning/use-natspec]
/sb/0xb5af99b7278a1c528e9f372f58b13b1799e31c50.sol:62:3: Mismatch in @param names for function 'safeApprove'. Expected: [token, spender, value], Found: [] [Warning/use-natspec]
/sb/0xb5af99b7278a1c528e9f372f58b13b1799e31c50.sol:63:5: Provide an error message for require [Warning/reason-string]
/sb/0xb5af99b7278a1c528e9f372f58b13b1799e31c50.sol:74:1: Missing @author tag in contract 'TokenTimelock' [Warning/use-natspec]
/sb/0xb5af99b7278a1c528e9f372f58b13b1799e31c50.sol:74:1: Missing @notice tag in contract 'TokenTimelock' [Warning/use-natspec]
/sb/0xb5af99b7278a1c528e9f372f58b13b1799e31c50.sol:78:3: Missing @notice tag in variable 'token' [Warning/use-natspec]
/sb/0xb5af99b7278a1c528e9f372f58b13b1799e31c50.sol:81:3: Missing @notice tag in variable 'beneficiary' [Warning/use-natspec]
/sb/0xb5af99b7278a1c528e9f372f58b13b1799e31c50.sol:84:3: Missing @notice tag in variable 'releaseTime' [Warning/use-natspec]
/sb/0xb5af99b7278a1c528e9f372f58b13b1799e31c50.sol:86:3: Missing @notice tag in function '<anonymous>' [Warning/use-natspec]
/sb/0xb5af99b7278a1c528e9f372f58b13b1799e31c50.sol:86:3: Missing @param tag in function '<anonymous>' [Warning/use-natspec]
/sb/0xb5af99b7278a1c528e9f372f58b13b1799e31c50.sol:86:3: Mismatch in @param names for function '<anonymous>'. Expected: [_token, _beneficiary, _releaseTime], Found: [] [Warning/use-natspec]
/sb/0xb5af99b7278a1c528e9f372f58b13b1799e31c50.sol:94:5: Provide an error message for require [Warning/reason-string]
/sb/0xb5af99b7278a1c528e9f372f58b13b1799e31c50.sol:105:5: Provide an error message for require [Warning/reason-string]
/sb/0xb5af99b7278a1c528e9f372f58b13b1799e31c50.sol:105:13: GC: Non strict inequality found. Try converting to a strict one [Warning/gas-strict-inequalities]
/sb/0xb5af99b7278a1c528e9f372f58b13b1799e31c50.sol:108:5: Provide an error message for require [Warning/reason-string]
/sb/0xb5af99b7278a1c528e9f372f58b13b1799e31c50.sol:120:1: Missing @author tag in contract 'SafeMath' [Warning/use-natspec]
/sb/0xb5af99b7278a1c528e9f372f58b13b1799e31c50.sol:120:1: Missing @notice tag in contract 'SafeMath' [Warning/use-natspec]
/sb/0xb5af99b7278a1c528e9f372f58b13b1799e31c50.sol:125:3: Missing @notice tag in function 'mul' [Warning/use-natspec]
/sb/0xb5af99b7278a1c528e9f372f58b13b1799e31c50.sol:125:3: Missing @param tag in function 'mul' [Warning/use-natspec]
/sb/0xb5af99b7278a1c528e9f372f58b13b1799e31c50.sol:125:3: Mismatch in @param names for function 'mul'. Expected: [a, b], Found: [] [Warning/use-natspec]
/sb/0xb5af99b7278a1c528e9f372f58b13b1799e31c50.sol:125:3: Missing @return tag in function 'mul' [Warning/use-natspec]
/sb/0xb5af99b7278a1c528e9f372f58b13b1799e31c50.sol:125:3: Mismatch in @return names for function 'mul'. Expected: [c], Found: [] [Warning/use-natspec]
/sb/0xb5af99b7278a1c528e9f372f58b13b1799e31c50.sol:141:3: Missing @notice tag in function 'div' [Warning/use-natspec]
/sb/0xb5af99b7278a1c528e9f372f58b13b1799e31c50.sol:141:3: Missing @param tag in function 'div' [Warning/use-natspec]
/sb/0xb5af99b7278a1c528e9f372f58b13b1799e31c50.sol:141:3: Mismatch in @param names for function 'div'. Expected: [a, b], Found: [] [Warning/use-natspec]
/sb/0xb5af99b7278a1c528e9f372f58b13b1799e31c50.sol:141:3: Missing @return tag in function 'div' [Warning/use-natspec]
/sb/0xb5af99b7278a1c528e9f372f58b13b1799e31c50.sol:141:3: Mismatch in @return count for function 'div'. Expected: 1, Found: 0 [Warning/use-natspec]
/sb/0xb5af99b7278a1c528e9f372f58b13b1799e31c50.sol:151:3: Missing @notice tag in function 'sub' [Warning/use-natspec]
/sb/0xb5af99b7278a1c528e9f372f58b13b1799e31c50.sol:151:3: Missing @param tag in function 'sub' [Warning/use-natspec]
/sb/0xb5af99b7278a1c528e9f372f58b13b1799e31c50.sol:151:3: Mismatch in @param names for function 'sub'. Expected: [a, b], Found: [] [Warning/use-natspec]
/sb/0xb5af99b7278a1c528e9f372f58b13b1799e31c50.sol:151:3: Missing @return tag in function 'sub' [Warning/use-natspec]
/sb/0xb5af99b7278a1c528e9f372f58b13b1799e31c50.sol:151:3: Mismatch in @return count for function 'sub'. Expected: 1, Found: 0 [Warning/use-natspec]
/sb/0xb5af99b7278a1c528e9f372f58b13b1799e31c50.sol:152:12: GC: Non strict inequality found. Try converting to a strict one [Warning/gas-strict-inequalities]
/sb/0xb5af99b7278a1c528e9f372f58b13b1799e31c50.sol:159:3: Missing @notice tag in function 'add' [Warning/use-natspec]
/sb/0xb5af99b7278a1c528e9f372f58b13b1799e31c50.sol:159:3: Missing @param tag in function 'add' [Warning/use-natspec]
/sb/0xb5af99b7278a1c528e9f372f58b13b1799e31c50.sol:159:3: Mismatch in @param names for function 'add'. Expected: [a, b], Found: [] [Warning/use-natspec]
/sb/0xb5af99b7278a1c528e9f372f58b13b1799e31c50.sol:159:3: Missing @return tag in function 'add' [Warning/use-natspec]
/sb/0xb5af99b7278a1c528e9f372f58b13b1799e31c50.sol:159:3: Mismatch in @return names for function 'add'. Expected: [c], Found: [] [Warning/use-natspec]
/sb/0xb5af99b7278a1c528e9f372f58b13b1799e31c50.sol:161:12: GC: Non strict inequality found. Try converting to a strict one [Warning/gas-strict-inequalities]
/sb/0xb5af99b7278a1c528e9f372f58b13b1799e31c50.sol:173:1: Missing @author tag in contract 'Ownable' [Warning/use-natspec]
/sb/0xb5af99b7278a1c528e9f372f58b13b1799e31c50.sol:173:1: Missing @notice tag in contract 'Ownable' [Warning/use-natspec]
/sb/0xb5af99b7278a1c528e9f372f58b13b1799e31c50.sol:174:3: Missing @notice tag in variable 'owner' [Warning/use-natspec]
/sb/0xb5af99b7278a1c528e9f372f58b13b1799e31c50.sol:177:3: Missing @notice tag in event 'OwnershipRenounced' [Warning/use-natspec]
/sb/0xb5af99b7278a1c528e9f372f58b13b1799e31c50.sol:177:3: Missing @param tag in event 'OwnershipRenounced' [Warning/use-natspec]
/sb/0xb5af99b7278a1c528e9f372f58b13b1799e31c50.sol:177:3: Mismatch in @param names for event 'OwnershipRenounced'. Expected: [previousOwner], Found: [] [Warning/use-natspec]
/sb/0xb5af99b7278a1c528e9f372f58b13b1799e31c50.sol:178:3: Missing @notice tag in event 'OwnershipTransferred' [Warning/use-natspec]
/sb/0xb5af99b7278a1c528e9f372f58b13b1799e31c50.sol:178:3: Missing @param tag in event 'OwnershipTransferred' [Warning/use-natspec]
/sb/0xb5af99b7278a1c528e9f372f58b13b1799e31c50.sol:178:3: Mismatch in @param names for event 'OwnershipTransferred'. Expected: [previousOwner, newOwner], Found: [] [Warning/use-natspec]
/sb/0xb5af99b7278a1c528e9f372f58b13b1799e31c50.sol:188:3: Missing @notice tag in function '<anonymous>' [Warning/use-natspec]
/sb/0xb5af99b7278a1c528e9f372f58b13b1799e31c50.sol:196:5: Provide an error message for require [Warning/reason-string]
/sb/0xb5af99b7278a1c528e9f372f58b13b1799e31c50.sol:203:3: Missing @notice tag in function 'renounceOwnership' [Warning/use-natspec]
/sb/0xb5af99b7278a1c528e9f372f58b13b1799e31c50.sol:212:3: Missing @notice tag in function 'transferOwnership' [Warning/use-natspec]
/sb/0xb5af99b7278a1c528e9f372f58b13b1799e31c50.sol:220:3: Missing @notice tag in function '_transferOwnership' [Warning/use-natspec]
/sb/0xb5af99b7278a1c528e9f372f58b13b1799e31c50.sol:221:5: Provide an error message for require [Warning/reason-string]
/sb/0xb5af99b7278a1c528e9f372f58b13b1799e31c50.sol:231:1: Compiler version ^0.4.23 does not satisfy the ^0.8.24 semver requirement [Error/compiler-version]
/sb/0xb5af99b7278a1c528e9f372f58b13b1799e31c50.sol:244:1: Missing @author tag in contract 'TokenVesting' [Warning/use-natspec]
/sb/0xb5af99b7278a1c528e9f372f58b13b1799e31c50.sol:244:1: Missing @notice tag in contract 'TokenVesting' [Warning/use-natspec]
/sb/0xb5af99b7278a1c528e9f372f58b13b1799e31c50.sol:248:3: Missing @notice tag in event 'Released' [Warning/use-natspec]
/sb/0xb5af99b7278a1c528e9f372f58b13b1799e31c50.sol:248:3: Missing @param tag in event 'Released' [Warning/use-natspec]
/sb/0xb5af99b7278a1c528e9f372f58b13b1799e31c50.sol:248:3: Mismatch in @param names for event 'Released'. Expected: [amount], Found: [] [Warning/use-natspec]
/sb/0xb5af99b7278a1c528e9f372f58b13b1799e31c50.sol:248:3: GC: [amount] on Event [Released] could be Indexed [Warning/gas-indexed-events]
/sb/0xb5af99b7278a1c528e9f372f58b13b1799e31c50.sol:249:3: Missing @notice tag in event 'Revoked' [Warning/use-natspec]
/sb/0xb5af99b7278a1c528e9f372f58b13b1799e31c50.sol:252:3: Missing @notice tag in variable 'beneficiary' [Warning/use-natspec]
/sb/0xb5af99b7278a1c528e9f372f58b13b1799e31c50.sol:254:3: Missing @notice tag in variable 'cliff' [Warning/use-natspec]
/sb/0xb5af99b7278a1c528e9f372f58b13b1799e31c50.sol:255:3: Missing @notice tag in variable 'start' [Warning/use-natspec]
/sb/0xb5af99b7278a1c528e9f372f58b13b1799e31c50.sol:256:3: Missing @notice tag in variable 'duration' [Warning/use-natspec]
/sb/0xb5af99b7278a1c528e9f372f58b13b1799e31c50.sol:258:3: Missing @notice tag in variable 'revocable' [Warning/use-natspec]
/sb/0xb5af99b7278a1c528e9f372f58b13b1799e31c50.sol:260:3: Missing @notice tag in variable 'released' [Warning/use-natspec]
/sb/0xb5af99b7278a1c528e9f372f58b13b1799e31c50.sol:261:3: Missing @notice tag in variable 'revoked' [Warning/use-natspec]
/sb/0xb5af99b7278a1c528e9f372f58b13b1799e31c50.sol:273:3: Missing @notice tag in function '<anonymous>' [Warning/use-natspec]
/sb/0xb5af99b7278a1c528e9f372f58b13b1799e31c50.sol:273:3: Mismatch in @param names for function '<anonymous>'. Expected: [_beneficiary, _start, _cliff, _duration, _revocable], Found: [_beneficiary, _cliff, _start, _duration, _revocable] [Warning/use-natspec]
/sb/0xb5af99b7278a1c528e9f372f58b13b1799e31c50.sol:282:5: Provide an error message for require [Warning/reason-string]
/sb/0xb5af99b7278a1c528e9f372f58b13b1799e31c50.sol:283:5: Provide an error message for require [Warning/reason-string]
/sb/0xb5af99b7278a1c528e9f372f58b13b1799e31c50.sol:283:13: GC: Non strict inequality found. Try converting to a strict one [Warning/gas-strict-inequalities]
/sb/0xb5af99b7278a1c528e9f372f58b13b1799e31c50.sol:299:5: Provide an error message for require [Warning/reason-string]
/sb/0xb5af99b7278a1c528e9f372f58b13b1799e31c50.sol:314:5: Provide an error message for require [Warning/reason-string]
/sb/0xb5af99b7278a1c528e9f372f58b13b1799e31c50.sol:315:5: Provide an error message for require [Warning/reason-string]
/sb/0xb5af99b7278a1c528e9f372f58b13b1799e31c50.sol:333:3: Missing @notice tag in function 'releasableAmount' [Warning/use-natspec]
/sb/0xb5af99b7278a1c528e9f372f58b13b1799e31c50.sol:333:3: Missing @return tag in function 'releasableAmount' [Warning/use-natspec]
/sb/0xb5af99b7278a1c528e9f372f58b13b1799e31c50.sol:333:3: Mismatch in @return count for function 'releasableAmount'. Expected: 1, Found: 0 [Warning/use-natspec]
/sb/0xb5af99b7278a1c528e9f372f58b13b1799e31c50.sol:341:3: Missing @notice tag in function 'vestedAmount' [Warning/use-natspec]
/sb/0xb5af99b7278a1c528e9f372f58b13b1799e31c50.sol:341:3: Missing @return tag in function 'vestedAmount' [Warning/use-natspec]
/sb/0xb5af99b7278a1c528e9f372f58b13b1799e31c50.sol:341:3: Mismatch in @return count for function 'vestedAmount'. Expected: 1, Found: 0 [Warning/use-natspec]
/sb/0xb5af99b7278a1c528e9f372f58b13b1799e31c50.sol:347:16: GC: Non strict inequality found. Try converting to a strict one [Warning/gas-strict-inequalities]
/sb/0xb5af99b7278a1c528e9f372f58b13b1799e31c50.sol:357:1: Missing @title tag in contract 'InitialTokenDistribution' [Warning/use-natspec]
/sb/0xb5af99b7278a1c528e9f372f58b13b1799e31c50.sol:357:1: Missing @author tag in contract 'InitialTokenDistribution' [Warning/use-natspec]
/sb/0xb5af99b7278a1c528e9f372f58b13b1799e31c50.sol:357:1: Missing @notice tag in contract 'InitialTokenDistribution' [Warning/use-natspec]
/sb/0xb5af99b7278a1c528e9f372f58b13b1799e31c50.sol:360:5: Missing @notice tag in variable 'token' [Warning/use-natspec]
/sb/0xb5af99b7278a1c528e9f372f58b13b1799e31c50.sol:361:5: Missing @notice tag in variable 'vested' [Warning/use-natspec]
/sb/0xb5af99b7278a1c528e9f372f58b13b1799e31c50.sol:362:5: Missing @notice tag in variable 'timelocked' [Warning/use-natspec]
/sb/0xb5af99b7278a1c528e9f372f58b13b1799e31c50.sol:363:5: Missing @notice tag in variable 'initiallyDistributed' [Warning/use-natspec]
/sb/0xb5af99b7278a1c528e9f372f58b13b1799e31c50.sol:364:5: Missing @notice tag in variable 'initialDistributionDone' [Warning/use-natspec]
/sb/0xb5af99b7278a1c528e9f372f58b13b1799e31c50.sol:367:9: Provide an error message for require [Warning/reason-string]
/sb/0xb5af99b7278a1c528e9f372f58b13b1799e31c50.sol:371:5: Missing @notice tag in function '<anonymous>' [Warning/use-natspec]
/sb/0xb5af99b7278a1c528e9f372f58b13b1799e31c50.sol:371:5: Missing @param tag in function '<anonymous>' [Warning/use-natspec]
/sb/0xb5af99b7278a1c528e9f372f58b13b1799e31c50.sol:371:5: Mismatch in @param names for function '<anonymous>'. Expected: [_token], Found: [] [Warning/use-natspec]
/sb/0xb5af99b7278a1c528e9f372f58b13b1799e31c50.sol:378:5: Missing @notice tag in function 'initialDistribution' [Warning/use-natspec]
/sb/0xb5af99b7278a1c528e9f372f58b13b1799e31c50.sol:383:5: Missing @notice tag in function 'totalTokensDistributed' [Warning/use-natspec]
/sb/0xb5af99b7278a1c528e9f372f58b13b1799e31c50.sol:383:5: Missing @return tag in function 'totalTokensDistributed' [Warning/use-natspec]
/sb/0xb5af99b7278a1c528e9f372f58b13b1799e31c50.sol:383:5: Mismatch in @return count for function 'totalTokensDistributed'. Expected: 1, Found: 0 [Warning/use-natspec]
/sb/0xb5af99b7278a1c528e9f372f58b13b1799e31c50.sol:388:5: Missing @notice tag in function 'processInitialDistribution' [Warning/use-natspec]
/sb/0xb5af99b7278a1c528e9f372f58b13b1799e31c50.sol:388:75: Visibility modifier must be first in list of modifiers [Warning/visibility-modifier-order]
/sb/0xb5af99b7278a1c528e9f372f58b13b1799e31c50.sol:393:5: Missing @notice tag in function 'initialTransfer' [Warning/use-natspec]
/sb/0xb5af99b7278a1c528e9f372f58b13b1799e31c50.sol:393:5: Missing @param tag in function 'initialTransfer' [Warning/use-natspec]
/sb/0xb5af99b7278a1c528e9f372f58b13b1799e31c50.sol:393:5: Mismatch in @param names for function 'initialTransfer'. Expected: [to, amount], Found: [] [Warning/use-natspec]
/sb/0xb5af99b7278a1c528e9f372f58b13b1799e31c50.sol:393:80: Visibility modifier must be first in list of modifiers [Warning/visibility-modifier-order]
/sb/0xb5af99b7278a1c528e9f372f58b13b1799e31c50.sol:394:9: Provide an error message for require [Warning/reason-string]
/sb/0xb5af99b7278a1c528e9f372f58b13b1799e31c50.sol:399:5: Missing @notice tag in function 'vest' [Warning/use-natspec]
/sb/0xb5af99b7278a1c528e9f372f58b13b1799e31c50.sol:399:5: Missing @param tag in function 'vest' [Warning/use-natspec]
/sb/0xb5af99b7278a1c528e9f372f58b13b1799e31c50.sol:399:5: Mismatch in @param names for function 'vest'. Expected: [to, amount, releaseStart, cliff, duration], Found: [] [Warning/use-natspec]
/sb/0xb5af99b7278a1c528e9f372f58b13b1799e31c50.sol:399:124: Visibility modifier must be first in list of modifiers [Warning/visibility-modifier-order]
/sb/0xb5af99b7278a1c528e9f372f58b13b1799e31c50.sol:400:9: Provide an error message for require [Warning/reason-string]
/sb/0xb5af99b7278a1c528e9f372f58b13b1799e31c50.sol:405:5: Missing @notice tag in function 'lock' [Warning/use-natspec]
/sb/0xb5af99b7278a1c528e9f372f58b13b1799e31c50.sol:405:5: Missing @param tag in function 'lock' [Warning/use-natspec]
/sb/0xb5af99b7278a1c528e9f372f58b13b1799e31c50.sol:405:5: Mismatch in @param names for function 'lock'. Expected: [to, amount, releaseTime], Found: [] [Warning/use-natspec]
/sb/0xb5af99b7278a1c528e9f372f58b13b1799e31c50.sol:405:90: Visibility modifier must be first in list of modifiers [Warning/visibility-modifier-order]
/sb/0xb5af99b7278a1c528e9f372f58b13b1799e31c50.sol:406:9: Provide an error message for require [Warning/reason-string]
/sb/0xb5af99b7278a1c528e9f372f58b13b1799e31c50.sol:420:1: Missing @author tag in contract 'DetailedERC20' [Warning/use-natspec]
/sb/0xb5af99b7278a1c528e9f372f58b13b1799e31c50.sol:420:1: Missing @notice tag in contract 'DetailedERC20' [Warning/use-natspec]
/sb/0xb5af99b7278a1c528e9f372f58b13b1799e31c50.sol:421:3: Missing @notice tag in variable 'name' [Warning/use-natspec]
/sb/0xb5af99b7278a1c528e9f372f58b13b1799e31c50.sol:422:3: Missing @notice tag in variable 'symbol' [Warning/use-natspec]
/sb/0xb5af99b7278a1c528e9f372f58b13b1799e31c50.sol:423:3: Missing @notice tag in variable 'decimals' [Warning/use-natspec]
/sb/0xb5af99b7278a1c528e9f372f58b13b1799e31c50.sol:425:3: Missing @notice tag in function '<anonymous>' [Warning/use-natspec]
/sb/0xb5af99b7278a1c528e9f372f58b13b1799e31c50.sol:425:3: Missing @param tag in function '<anonymous>' [Warning/use-natspec]
/sb/0xb5af99b7278a1c528e9f372f58b13b1799e31c50.sol:425:3: Mismatch in @param names for function '<anonymous>'. Expected: [_name, _symbol, _decimals], Found: [] [Warning/use-natspec]
/sb/0xb5af99b7278a1c528e9f372f58b13b1799e31c50.sol:434:1: Missing @title tag in contract 'BlockFollowInitialTokenDistribution' [Warning/use-natspec]
/sb/0xb5af99b7278a1c528e9f372f58b13b1799e31c50.sol:434:1: Missing @author tag in contract 'BlockFollowInitialTokenDistribution' [Warning/use-natspec]
/sb/0xb5af99b7278a1c528e9f372f58b13b1799e31c50.sol:434:1: Missing @notice tag in contract 'BlockFollowInitialTokenDistribution' [Warning/use-natspec]
/sb/0xb5af99b7278a1c528e9f372f58b13b1799e31c50.sol:437:5: Missing @notice tag in variable 'reservedTokensFunctionality' [Warning/use-natspec]
/sb/0xb5af99b7278a1c528e9f372f58b13b1799e31c50.sol:438:5: Missing @notice tag in variable 'reservedTokensTeam' [Warning/use-natspec]
/sb/0xb5af99b7278a1c528e9f372f58b13b1799e31c50.sol:440:5: Explicitly mark visibility of state [Warning/state-visibility]
/sb/0xb5af99b7278a1c528e9f372f58b13b1799e31c50.sol:441:5: Explicitly mark visibility of state [Warning/state-visibility]
/sb/0xb5af99b7278a1c528e9f372f58b13b1799e31c50.sol:443:5: Missing @notice tag in function '<anonymous>' [Warning/use-natspec]
/sb/0xb5af99b7278a1c528e9f372f58b13b1799e31c50.sol:443:5: Missing @param tag in function '<anonymous>' [Warning/use-natspec]
/sb/0xb5af99b7278a1c528e9f372f58b13b1799e31c50.sol:443:5: Mismatch in @param names for function '<anonymous>'. Expected: [_token, _functionalityWallet, _teamWallet], Found: [] [Warning/use-natspec]
/sb/0xb5af99b7278a1c528e9f372f58b13b1799e31c50.sol:459:5: Missing @notice tag in function 'initialDistribution' [Warning/use-natspec]
/sb/0xb5af99b7278a1c528e9f372f58b13b1799e31c50.sol:464:5: Missing @notice tag in function 'totalTokensDistributed' [Warning/use-natspec]
/sb/0xb5af99b7278a1c528e9f372f58b13b1799e31c50.sol:464:5: Missing @return tag in function 'totalTokensDistributed' [Warning/use-natspec]
/sb/0xb5af99b7278a1c528e9f372f58b13b1799e31c50.sol:464:5: Mismatch in @return count for function 'totalTokensDistributed'. Expected: 1, Found: 0 [Warning/use-natspec]

192 problem/s (2 error/s, 190 warning/s)
