A new version of Solhint is available: 6.0.1
Please consider updating your Solhint package.
/sb/0xd31b8e0219bd83678978f6db531d9a3f45608894.sol:1:1: Found more than One contract per file. 4 contracts found! [Warning/one-contract-per-file]
/sb/0xd31b8e0219bd83678978f6db531d9a3f45608894.sol:1:1: Compiler version 0.4.25 does not satisfy the ^0.8.24 semver requirement [Error/compiler-version]
/sb/0xd31b8e0219bd83678978f6db531d9a3f45608894.sol:3:1: Missing @title tag in contract 'Ownable' [Warning/use-natspec]
/sb/0xd31b8e0219bd83678978f6db531d9a3f45608894.sol:3:1: Missing @author tag in contract 'Ownable' [Warning/use-natspec]
/sb/0xd31b8e0219bd83678978f6db531d9a3f45608894.sol:3:1: Missing @notice tag in contract 'Ownable' [Warning/use-natspec]
/sb/0xd31b8e0219bd83678978f6db531d9a3f45608894.sol:4:5: Missing @notice tag in variable 'owner' [Warning/use-natspec]
/sb/0xd31b8e0219bd83678978f6db531d9a3f45608894.sol:6:5: Missing @notice tag in event 'OwnershipTransferred' [Warning/use-natspec]
/sb/0xd31b8e0219bd83678978f6db531d9a3f45608894.sol:6:5: Missing @param tag in event 'OwnershipTransferred' [Warning/use-natspec]
/sb/0xd31b8e0219bd83678978f6db531d9a3f45608894.sol:6:5: Mismatch in @param names for event 'OwnershipTransferred'. Expected: [previousOwner, newOwner], Found: [] [Warning/use-natspec]
/sb/0xd31b8e0219bd83678978f6db531d9a3f45608894.sol:8:5: Missing @notice tag in function '_validateAddress' [Warning/use-natspec]
/sb/0xd31b8e0219bd83678978f6db531d9a3f45608894.sol:8:5: Missing @param tag in function '_validateAddress' [Warning/use-natspec]
/sb/0xd31b8e0219bd83678978f6db531d9a3f45608894.sol:8:5: Mismatch in @param names for function '_validateAddress'. Expected: [_addr], Found: [] [Warning/use-natspec]
/sb/0xd31b8e0219bd83678978f6db531d9a3f45608894.sol:12:5: Missing @notice tag in function '<anonymous>' [Warning/use-natspec]
/sb/0xd31b8e0219bd83678978f6db531d9a3f45608894.sol:21:5: Missing @notice tag in function 'transferOwnership' [Warning/use-natspec]
/sb/0xd31b8e0219bd83678978f6db531d9a3f45608894.sol:21:5: Missing @param tag in function 'transferOwnership' [Warning/use-natspec]
/sb/0xd31b8e0219bd83678978f6db531d9a3f45608894.sol:21:5: Mismatch in @param names for function 'transferOwnership'. Expected: [newOwner], Found: [] [Warning/use-natspec]
/sb/0xd31b8e0219bd83678978f6db531d9a3f45608894.sol:29:1: Missing @title tag in contract 'Controllable' [Warning/use-natspec]
/sb/0xd31b8e0219bd83678978f6db531d9a3f45608894.sol:29:1: Missing @author tag in contract 'Controllable' [Warning/use-natspec]
/sb/0xd31b8e0219bd83678978f6db531d9a3f45608894.sol:29:1: Missing @notice tag in contract 'Controllable' [Warning/use-natspec]
/sb/0xd31b8e0219bd83678978f6db531d9a3f45608894.sol:30:5: Explicitly mark visibility of state [Warning/state-visibility]
/sb/0xd31b8e0219bd83678978f6db531d9a3f45608894.sol:37:5: Missing @notice tag in function '_isController' [Warning/use-natspec]
/sb/0xd31b8e0219bd83678978f6db531d9a3f45608894.sol:37:5: Missing @param tag in function '_isController' [Warning/use-natspec]
/sb/0xd31b8e0219bd83678978f6db531d9a3f45608894.sol:37:5: Mismatch in @param names for function '_isController'. Expected: [_controller], Found: [] [Warning/use-natspec]
/sb/0xd31b8e0219bd83678978f6db531d9a3f45608894.sol:37:5: Missing @return tag in function '_isController' [Warning/use-natspec]
/sb/0xd31b8e0219bd83678978f6db531d9a3f45608894.sol:37:5: Mismatch in @return count for function '_isController'. Expected: 1, Found: 0 [Warning/use-natspec]
/sb/0xd31b8e0219bd83678978f6db531d9a3f45608894.sol:41:5: Missing @notice tag in function '_setControllers' [Warning/use-natspec]
/sb/0xd31b8e0219bd83678978f6db531d9a3f45608894.sol:41:5: Missing @param tag in function '_setControllers' [Warning/use-natspec]
/sb/0xd31b8e0219bd83678978f6db531d9a3f45608894.sol:41:5: Mismatch in @param names for function '_setControllers'. Expected: [_controllers], Found: [] [Warning/use-natspec]
/sb/0xd31b8e0219bd83678978f6db531d9a3f45608894.sol:42:54: GC: For [ i ] variable, increment/decrement by 1 using: [ ++variable ] to save gas [Warning/gas-increment-by-one]
/sb/0xd31b8e0219bd83678978f6db531d9a3f45608894.sol:49:1: Missing @title tag in contract 'Upgradable' [Warning/use-natspec]
/sb/0xd31b8e0219bd83678978f6db531d9a3f45608894.sol:49:1: Missing @author tag in contract 'Upgradable' [Warning/use-natspec]
/sb/0xd31b8e0219bd83678978f6db531d9a3f45608894.sol:49:1: Missing @notice tag in contract 'Upgradable' [Warning/use-natspec]
/sb/0xd31b8e0219bd83678978f6db531d9a3f45608894.sol:50:5: Explicitly mark visibility of state [Warning/state-visibility]
/sb/0xd31b8e0219bd83678978f6db531d9a3f45608894.sol:51:5: Explicitly mark visibility of state [Warning/state-visibility]
/sb/0xd31b8e0219bd83678978f6db531d9a3f45608894.sol:53:5: Missing @notice tag in function 'getInternalDependencies' [Warning/use-natspec]
/sb/0xd31b8e0219bd83678978f6db531d9a3f45608894.sol:53:5: Missing @return tag in function 'getInternalDependencies' [Warning/use-natspec]
/sb/0xd31b8e0219bd83678978f6db531d9a3f45608894.sol:53:5: Mismatch in @return count for function 'getInternalDependencies'. Expected: 1, Found: 0 [Warning/use-natspec]
/sb/0xd31b8e0219bd83678978f6db531d9a3f45608894.sol:57:5: Missing @notice tag in function 'getExternalDependencies' [Warning/use-natspec]
/sb/0xd31b8e0219bd83678978f6db531d9a3f45608894.sol:57:5: Missing @return tag in function 'getExternalDependencies' [Warning/use-natspec]
/sb/0xd31b8e0219bd83678978f6db531d9a3f45608894.sol:57:5: Mismatch in @return count for function 'getExternalDependencies'. Expected: 1, Found: 0 [Warning/use-natspec]
/sb/0xd31b8e0219bd83678978f6db531d9a3f45608894.sol:61:5: Missing @notice tag in function 'setInternalDependencies' [Warning/use-natspec]
/sb/0xd31b8e0219bd83678978f6db531d9a3f45608894.sol:61:5: Missing @param tag in function 'setInternalDependencies' [Warning/use-natspec]
/sb/0xd31b8e0219bd83678978f6db531d9a3f45608894.sol:61:5: Mismatch in @param names for function 'setInternalDependencies'. Expected: [_newDependencies], Found: [] [Warning/use-natspec]
/sb/0xd31b8e0219bd83678978f6db531d9a3f45608894.sol:62:58: GC: For [ i ] variable, increment/decrement by 1 using: [ ++variable ] to save gas [Warning/gas-increment-by-one]
/sb/0xd31b8e0219bd83678978f6db531d9a3f45608894.sol:68:5: Missing @notice tag in function 'setExternalDependencies' [Warning/use-natspec]
/sb/0xd31b8e0219bd83678978f6db531d9a3f45608894.sol:68:5: Missing @param tag in function 'setExternalDependencies' [Warning/use-natspec]
/sb/0xd31b8e0219bd83678978f6db531d9a3f45608894.sol:68:5: Mismatch in @param names for function 'setExternalDependencies'. Expected: [_newDependencies], Found: [] [Warning/use-natspec]
/sb/0xd31b8e0219bd83678978f6db531d9a3f45608894.sol:82:1: Missing @title tag in contract 'Events' [Warning/use-natspec]
/sb/0xd31b8e0219bd83678978f6db531d9a3f45608894.sol:82:1: Missing @author tag in contract 'Events' [Warning/use-natspec]
/sb/0xd31b8e0219bd83678978f6db531d9a3f45608894.sol:82:1: Missing @notice tag in contract 'Events' [Warning/use-natspec]
/sb/0xd31b8e0219bd83678978f6db531d9a3f45608894.sol:83:5: Missing @notice tag in event 'EggClaimed' [Warning/use-natspec]
/sb/0xd31b8e0219bd83678978f6db531d9a3f45608894.sol:83:5: Missing @param tag in event 'EggClaimed' [Warning/use-natspec]
/sb/0xd31b8e0219bd83678978f6db531d9a3f45608894.sol:83:5: Mismatch in @param names for event 'EggClaimed'. Expected: [user, id], Found: [] [Warning/use-natspec]
/sb/0xd31b8e0219bd83678978f6db531d9a3f45608894.sol:84:5: Missing @notice tag in event 'EggSentToNest' [Warning/use-natspec]
/sb/0xd31b8e0219bd83678978f6db531d9a3f45608894.sol:84:5: Missing @param tag in event 'EggSentToNest' [Warning/use-natspec]
/sb/0xd31b8e0219bd83678978f6db531d9a3f45608894.sol:84:5: Mismatch in @param names for event 'EggSentToNest'. Expected: [user, id], Found: [] [Warning/use-natspec]
/sb/0xd31b8e0219bd83678978f6db531d9a3f45608894.sol:85:5: Missing @notice tag in event 'EggHatched' [Warning/use-natspec]
/sb/0xd31b8e0219bd83678978f6db531d9a3f45608894.sol:85:5: Missing @param tag in event 'EggHatched' [Warning/use-natspec]
/sb/0xd31b8e0219bd83678978f6db531d9a3f45608894.sol:85:5: Mismatch in @param names for event 'EggHatched'. Expected: [user, dragonId, eggId], Found: [] [Warning/use-natspec]
/sb/0xd31b8e0219bd83678978f6db531d9a3f45608894.sol:86:5: Missing @notice tag in event 'DragonUpgraded' [Warning/use-natspec]
/sb/0xd31b8e0219bd83678978f6db531d9a3f45608894.sol:86:5: Missing @param tag in event 'DragonUpgraded' [Warning/use-natspec]
/sb/0xd31b8e0219bd83678978f6db531d9a3f45608894.sol:86:5: Mismatch in @param names for event 'DragonUpgraded'. Expected: [id], Found: [] [Warning/use-natspec]
/sb/0xd31b8e0219bd83678978f6db531d9a3f45608894.sol:87:5: Missing @notice tag in event 'EggCreated' [Warning/use-natspec]
/sb/0xd31b8e0219bd83678978f6db531d9a3f45608894.sol:87:5: Missing @param tag in event 'EggCreated' [Warning/use-natspec]
/sb/0xd31b8e0219bd83678978f6db531d9a3f45608894.sol:87:5: Mismatch in @param names for event 'EggCreated'. Expected: [user, id], Found: [] [Warning/use-natspec]
/sb/0xd31b8e0219bd83678978f6db531d9a3f45608894.sol:88:5: Missing @notice tag in event 'DragonOnSale' [Warning/use-natspec]
/sb/0xd31b8e0219bd83678978f6db531d9a3f45608894.sol:88:5: Missing @param tag in event 'DragonOnSale' [Warning/use-natspec]
/sb/0xd31b8e0219bd83678978f6db531d9a3f45608894.sol:88:5: Mismatch in @param names for event 'DragonOnSale'. Expected: [seller, id], Found: [] [Warning/use-natspec]
/sb/0xd31b8e0219bd83678978f6db531d9a3f45608894.sol:89:5: Missing @notice tag in event 'DragonRemovedFromSale' [Warning/use-natspec]
/sb/0xd31b8e0219bd83678978f6db531d9a3f45608894.sol:89:5: Missing @param tag in event 'DragonRemovedFromSale' [Warning/use-natspec]
/sb/0xd31b8e0219bd83678978f6db531d9a3f45608894.sol:89:5: Mismatch in @param names for event 'DragonRemovedFromSale'. Expected: [seller, id], Found: [] [Warning/use-natspec]
/sb/0xd31b8e0219bd83678978f6db531d9a3f45608894.sol:90:5: Missing @notice tag in event 'DragonRemovedFromBreeding' [Warning/use-natspec]
/sb/0xd31b8e0219bd83678978f6db531d9a3f45608894.sol:90:5: Missing @param tag in event 'DragonRemovedFromBreeding' [Warning/use-natspec]
/sb/0xd31b8e0219bd83678978f6db531d9a3f45608894.sol:90:5: Mismatch in @param names for event 'DragonRemovedFromBreeding'. Expected: [seller, id], Found: [] [Warning/use-natspec]
/sb/0xd31b8e0219bd83678978f6db531d9a3f45608894.sol:91:5: Missing @notice tag in event 'DragonOnBreeding' [Warning/use-natspec]
/sb/0xd31b8e0219bd83678978f6db531d9a3f45608894.sol:91:5: Missing @param tag in event 'DragonOnBreeding' [Warning/use-natspec]
/sb/0xd31b8e0219bd83678978f6db531d9a3f45608894.sol:91:5: Mismatch in @param names for event 'DragonOnBreeding'. Expected: [seller, id], Found: [] [Warning/use-natspec]
/sb/0xd31b8e0219bd83678978f6db531d9a3f45608894.sol:92:5: Missing @notice tag in event 'DragonBought' [Warning/use-natspec]
/sb/0xd31b8e0219bd83678978f6db531d9a3f45608894.sol:92:5: Missing @param tag in event 'DragonBought' [Warning/use-natspec]
/sb/0xd31b8e0219bd83678978f6db531d9a3f45608894.sol:92:5: Mismatch in @param names for event 'DragonBought'. Expected: [buyer, seller, id, price], Found: [] [Warning/use-natspec]
/sb/0xd31b8e0219bd83678978f6db531d9a3f45608894.sol:93:5: Missing @notice tag in event 'DragonBreedingBought' [Warning/use-natspec]
/sb/0xd31b8e0219bd83678978f6db531d9a3f45608894.sol:93:5: Missing @param tag in event 'DragonBreedingBought' [Warning/use-natspec]
/sb/0xd31b8e0219bd83678978f6db531d9a3f45608894.sol:93:5: Mismatch in @param names for event 'DragonBreedingBought'. Expected: [buyer, seller, id, price], Found: [] [Warning/use-natspec]
/sb/0xd31b8e0219bd83678978f6db531d9a3f45608894.sol:94:5: Missing @notice tag in event 'DistributionUpdated' [Warning/use-natspec]
/sb/0xd31b8e0219bd83678978f6db531d9a3f45608894.sol:94:5: Missing @param tag in event 'DistributionUpdated' [Warning/use-natspec]
/sb/0xd31b8e0219bd83678978f6db531d9a3f45608894.sol:94:5: Mismatch in @param names for event 'DistributionUpdated'. Expected: [restAmount, lastBlock, interval], Found: [] [Warning/use-natspec]
/sb/0xd31b8e0219bd83678978f6db531d9a3f45608894.sol:94:5: GC: [restAmount] on Event [DistributionUpdated] could be Indexed [Warning/gas-indexed-events]
/sb/0xd31b8e0219bd83678978f6db531d9a3f45608894.sol:94:5: GC: [lastBlock] on Event [DistributionUpdated] could be Indexed [Warning/gas-indexed-events]
/sb/0xd31b8e0219bd83678978f6db531d9a3f45608894.sol:94:5: GC: [interval] on Event [DistributionUpdated] could be Indexed [Warning/gas-indexed-events]
/sb/0xd31b8e0219bd83678978f6db531d9a3f45608894.sol:95:5: Missing @notice tag in event 'EggOnSale' [Warning/use-natspec]
/sb/0xd31b8e0219bd83678978f6db531d9a3f45608894.sol:95:5: Missing @param tag in event 'EggOnSale' [Warning/use-natspec]
/sb/0xd31b8e0219bd83678978f6db531d9a3f45608894.sol:95:5: Mismatch in @param names for event 'EggOnSale'. Expected: [seller, id], Found: [] [Warning/use-natspec]
/sb/0xd31b8e0219bd83678978f6db531d9a3f45608894.sol:96:5: Missing @notice tag in event 'EggRemovedFromSale' [Warning/use-natspec]
/sb/0xd31b8e0219bd83678978f6db531d9a3f45608894.sol:96:5: Missing @param tag in event 'EggRemovedFromSale' [Warning/use-natspec]
/sb/0xd31b8e0219bd83678978f6db531d9a3f45608894.sol:96:5: Mismatch in @param names for event 'EggRemovedFromSale'. Expected: [seller, id], Found: [] [Warning/use-natspec]
/sb/0xd31b8e0219bd83678978f6db531d9a3f45608894.sol:97:5: Missing @notice tag in event 'EggBought' [Warning/use-natspec]
/sb/0xd31b8e0219bd83678978f6db531d9a3f45608894.sol:97:5: Missing @param tag in event 'EggBought' [Warning/use-natspec]
/sb/0xd31b8e0219bd83678978f6db531d9a3f45608894.sol:97:5: Mismatch in @param names for event 'EggBought'. Expected: [buyer, seller, id, price], Found: [] [Warning/use-natspec]
/sb/0xd31b8e0219bd83678978f6db531d9a3f45608894.sol:98:5: Missing @notice tag in event 'GoldSellOrderCreated' [Warning/use-natspec]
/sb/0xd31b8e0219bd83678978f6db531d9a3f45608894.sol:98:5: Missing @param tag in event 'GoldSellOrderCreated' [Warning/use-natspec]
/sb/0xd31b8e0219bd83678978f6db531d9a3f45608894.sol:98:5: Mismatch in @param names for event 'GoldSellOrderCreated'. Expected: [seller, price, amount], Found: [] [Warning/use-natspec]
/sb/0xd31b8e0219bd83678978f6db531d9a3f45608894.sol:98:5: GC: [price] on Event [GoldSellOrderCreated] could be Indexed [Warning/gas-indexed-events]
/sb/0xd31b8e0219bd83678978f6db531d9a3f45608894.sol:98:5: GC: [amount] on Event [GoldSellOrderCreated] could be Indexed [Warning/gas-indexed-events]
/sb/0xd31b8e0219bd83678978f6db531d9a3f45608894.sol:99:5: Missing @notice tag in event 'GoldSellOrderCancelled' [Warning/use-natspec]
/sb/0xd31b8e0219bd83678978f6db531d9a3f45608894.sol:99:5: Missing @param tag in event 'GoldSellOrderCancelled' [Warning/use-natspec]
/sb/0xd31b8e0219bd83678978f6db531d9a3f45608894.sol:99:5: Mismatch in @param names for event 'GoldSellOrderCancelled'. Expected: [seller], Found: [] [Warning/use-natspec]
/sb/0xd31b8e0219bd83678978f6db531d9a3f45608894.sol:100:5: Missing @notice tag in event 'GoldSold' [Warning/use-natspec]
/sb/0xd31b8e0219bd83678978f6db531d9a3f45608894.sol:100:5: Missing @param tag in event 'GoldSold' [Warning/use-natspec]
/sb/0xd31b8e0219bd83678978f6db531d9a3f45608894.sol:100:5: Mismatch in @param names for event 'GoldSold'. Expected: [buyer, seller, amount, price], Found: [] [Warning/use-natspec]
/sb/0xd31b8e0219bd83678978f6db531d9a3f45608894.sol:100:5: GC: [amount] on Event [GoldSold] could be Indexed [Warning/gas-indexed-events]
/sb/0xd31b8e0219bd83678978f6db531d9a3f45608894.sol:100:5: GC: [price] on Event [GoldSold] could be Indexed [Warning/gas-indexed-events]
/sb/0xd31b8e0219bd83678978f6db531d9a3f45608894.sol:101:5: Missing @notice tag in event 'GoldBuyOrderCreated' [Warning/use-natspec]
/sb/0xd31b8e0219bd83678978f6db531d9a3f45608894.sol:101:5: Missing @param tag in event 'GoldBuyOrderCreated' [Warning/use-natspec]
/sb/0xd31b8e0219bd83678978f6db531d9a3f45608894.sol:101:5: Mismatch in @param names for event 'GoldBuyOrderCreated'. Expected: [buyer, price, amount], Found: [] [Warning/use-natspec]
/sb/0xd31b8e0219bd83678978f6db531d9a3f45608894.sol:101:5: GC: [price] on Event [GoldBuyOrderCreated] could be Indexed [Warning/gas-indexed-events]
/sb/0xd31b8e0219bd83678978f6db531d9a3f45608894.sol:101:5: GC: [amount] on Event [GoldBuyOrderCreated] could be Indexed [Warning/gas-indexed-events]
/sb/0xd31b8e0219bd83678978f6db531d9a3f45608894.sol:102:5: Missing @notice tag in event 'GoldBuyOrderCancelled' [Warning/use-natspec]
/sb/0xd31b8e0219bd83678978f6db531d9a3f45608894.sol:102:5: Missing @param tag in event 'GoldBuyOrderCancelled' [Warning/use-natspec]
/sb/0xd31b8e0219bd83678978f6db531d9a3f45608894.sol:102:5: Mismatch in @param names for event 'GoldBuyOrderCancelled'. Expected: [buyer], Found: [] [Warning/use-natspec]
/sb/0xd31b8e0219bd83678978f6db531d9a3f45608894.sol:103:5: Missing @notice tag in event 'GoldBought' [Warning/use-natspec]
/sb/0xd31b8e0219bd83678978f6db531d9a3f45608894.sol:103:5: Missing @param tag in event 'GoldBought' [Warning/use-natspec]
/sb/0xd31b8e0219bd83678978f6db531d9a3f45608894.sol:103:5: Mismatch in @param names for event 'GoldBought'. Expected: [seller, buyer, amount, price], Found: [] [Warning/use-natspec]
/sb/0xd31b8e0219bd83678978f6db531d9a3f45608894.sol:103:5: GC: [amount] on Event [GoldBought] could be Indexed [Warning/gas-indexed-events]
/sb/0xd31b8e0219bd83678978f6db531d9a3f45608894.sol:103:5: GC: [price] on Event [GoldBought] could be Indexed [Warning/gas-indexed-events]
/sb/0xd31b8e0219bd83678978f6db531d9a3f45608894.sol:104:5: Missing @notice tag in event 'SkillOnSale' [Warning/use-natspec]
/sb/0xd31b8e0219bd83678978f6db531d9a3f45608894.sol:104:5: Missing @param tag in event 'SkillOnSale' [Warning/use-natspec]
/sb/0xd31b8e0219bd83678978f6db531d9a3f45608894.sol:104:5: Mismatch in @param names for event 'SkillOnSale'. Expected: [seller, id], Found: [] [Warning/use-natspec]
/sb/0xd31b8e0219bd83678978f6db531d9a3f45608894.sol:105:5: Missing @notice tag in event 'SkillRemovedFromSale' [Warning/use-natspec]
/sb/0xd31b8e0219bd83678978f6db531d9a3f45608894.sol:105:5: Missing @param tag in event 'SkillRemovedFromSale' [Warning/use-natspec]
/sb/0xd31b8e0219bd83678978f6db531d9a3f45608894.sol:105:5: Mismatch in @param names for event 'SkillRemovedFromSale'. Expected: [seller, id], Found: [] [Warning/use-natspec]
/sb/0xd31b8e0219bd83678978f6db531d9a3f45608894.sol:106:5: Missing @notice tag in event 'SkillBought' [Warning/use-natspec]
/sb/0xd31b8e0219bd83678978f6db531d9a3f45608894.sol:106:5: Missing @param tag in event 'SkillBought' [Warning/use-natspec]
/sb/0xd31b8e0219bd83678978f6db531d9a3f45608894.sol:106:5: Mismatch in @param names for event 'SkillBought'. Expected: [buyer, seller, id, target, price], Found: [] [Warning/use-natspec]
/sb/0xd31b8e0219bd83678978f6db531d9a3f45608894.sol:107:5: Missing @notice tag in event 'SkillSet' [Warning/use-natspec]
/sb/0xd31b8e0219bd83678978f6db531d9a3f45608894.sol:107:5: Missing @param tag in event 'SkillSet' [Warning/use-natspec]
/sb/0xd31b8e0219bd83678978f6db531d9a3f45608894.sol:107:5: Mismatch in @param names for event 'SkillSet'. Expected: [id], Found: [] [Warning/use-natspec]
/sb/0xd31b8e0219bd83678978f6db531d9a3f45608894.sol:108:5: Missing @notice tag in event 'SkillUsed' [Warning/use-natspec]
/sb/0xd31b8e0219bd83678978f6db531d9a3f45608894.sol:108:5: Missing @param tag in event 'SkillUsed' [Warning/use-natspec]
/sb/0xd31b8e0219bd83678978f6db531d9a3f45608894.sol:108:5: Mismatch in @param names for event 'SkillUsed'. Expected: [id, target], Found: [] [Warning/use-natspec]
/sb/0xd31b8e0219bd83678978f6db531d9a3f45608894.sol:109:5: Missing @notice tag in event 'DragonNameSet' [Warning/use-natspec]
/sb/0xd31b8e0219bd83678978f6db531d9a3f45608894.sol:109:5: Missing @param tag in event 'DragonNameSet' [Warning/use-natspec]
/sb/0xd31b8e0219bd83678978f6db531d9a3f45608894.sol:109:5: Mismatch in @param names for event 'DragonNameSet'. Expected: [id, name], Found: [] [Warning/use-natspec]
/sb/0xd31b8e0219bd83678978f6db531d9a3f45608894.sol:110:5: Missing @notice tag in event 'DragonTacticsSet' [Warning/use-natspec]
/sb/0xd31b8e0219bd83678978f6db531d9a3f45608894.sol:110:5: Missing @param tag in event 'DragonTacticsSet' [Warning/use-natspec]
/sb/0xd31b8e0219bd83678978f6db531d9a3f45608894.sol:110:5: Mismatch in @param names for event 'DragonTacticsSet'. Expected: [id, melee, attack], Found: [] [Warning/use-natspec]
/sb/0xd31b8e0219bd83678978f6db531d9a3f45608894.sol:110:5: GC: [melee] on Event [DragonTacticsSet] could be Indexed [Warning/gas-indexed-events]
/sb/0xd31b8e0219bd83678978f6db531d9a3f45608894.sol:110:5: GC: [attack] on Event [DragonTacticsSet] could be Indexed [Warning/gas-indexed-events]
/sb/0xd31b8e0219bd83678978f6db531d9a3f45608894.sol:111:5: Missing @notice tag in event 'UserNameSet' [Warning/use-natspec]
/sb/0xd31b8e0219bd83678978f6db531d9a3f45608894.sol:111:5: Missing @param tag in event 'UserNameSet' [Warning/use-natspec]
/sb/0xd31b8e0219bd83678978f6db531d9a3f45608894.sol:111:5: Mismatch in @param names for event 'UserNameSet'. Expected: [user, name], Found: [] [Warning/use-natspec]
/sb/0xd31b8e0219bd83678978f6db531d9a3f45608894.sol:112:5: Missing @notice tag in event 'BattleEnded' [Warning/use-natspec]
/sb/0xd31b8e0219bd83678978f6db531d9a3f45608894.sol:112:5: Missing @param tag in event 'BattleEnded' [Warning/use-natspec]
/sb/0xd31b8e0219bd83678978f6db531d9a3f45608894.sol:112:5: Mismatch in @param names for event 'BattleEnded'. Expected: [battleId, date, seed, attackerId, winnerId, looserId, isGladiator, gladiatorBattleId], Found: [] [Warning/use-natspec]
/sb/0xd31b8e0219bd83678978f6db531d9a3f45608894.sol:122:5: Missing @notice tag in event 'BattleDragonsDetails' [Warning/use-natspec]
/sb/0xd31b8e0219bd83678978f6db531d9a3f45608894.sol:122:5: Missing @param tag in event 'BattleDragonsDetails' [Warning/use-natspec]
/sb/0xd31b8e0219bd83678978f6db531d9a3f45608894.sol:122:5: Mismatch in @param names for event 'BattleDragonsDetails'. Expected: [battleId, winnerLevel, winnerCoolness, looserLevel, looserCoolness], Found: [] [Warning/use-natspec]
/sb/0xd31b8e0219bd83678978f6db531d9a3f45608894.sol:122:5: GC: [winnerLevel] on Event [BattleDragonsDetails] could be Indexed [Warning/gas-indexed-events]
/sb/0xd31b8e0219bd83678978f6db531d9a3f45608894.sol:122:5: GC: [winnerCoolness] on Event [BattleDragonsDetails] could be Indexed [Warning/gas-indexed-events]
/sb/0xd31b8e0219bd83678978f6db531d9a3f45608894.sol:122:5: GC: [looserLevel] on Event [BattleDragonsDetails] could be Indexed [Warning/gas-indexed-events]
/sb/0xd31b8e0219bd83678978f6db531d9a3f45608894.sol:122:5: GC: [looserCoolness] on Event [BattleDragonsDetails] could be Indexed [Warning/gas-indexed-events]
/sb/0xd31b8e0219bd83678978f6db531d9a3f45608894.sol:129:5: Missing @notice tag in event 'BattleHealthAndMana' [Warning/use-natspec]
/sb/0xd31b8e0219bd83678978f6db531d9a3f45608894.sol:129:5: Missing @param tag in event 'BattleHealthAndMana' [Warning/use-natspec]
/sb/0xd31b8e0219bd83678978f6db531d9a3f45608894.sol:129:5: Mismatch in @param names for event 'BattleHealthAndMana'. Expected: [battleId, attackerMaxHealth, attackerMaxMana, attackerInitHealth, attackerInitMana, opponentMaxHealth, opponentMaxMana, opponentInitHealth, opponentInitMana], Found: [] [Warning/use-natspec]
/sb/0xd31b8e0219bd83678978f6db531d9a3f45608894.sol:129:5: GC: [attackerMaxHealth] on Event [BattleHealthAndMana] could be Indexed [Warning/gas-indexed-events]
/sb/0xd31b8e0219bd83678978f6db531d9a3f45608894.sol:129:5: GC: [attackerMaxMana] on Event [BattleHealthAndMana] could be Indexed [Warning/gas-indexed-events]
/sb/0xd31b8e0219bd83678978f6db531d9a3f45608894.sol:129:5: GC: [attackerInitHealth] on Event [BattleHealthAndMana] could be Indexed [Warning/gas-indexed-events]
/sb/0xd31b8e0219bd83678978f6db531d9a3f45608894.sol:129:5: GC: [attackerInitMana] on Event [BattleHealthAndMana] could be Indexed [Warning/gas-indexed-events]
/sb/0xd31b8e0219bd83678978f6db531d9a3f45608894.sol:129:5: GC: [opponentMaxHealth] on Event [BattleHealthAndMana] could be Indexed [Warning/gas-indexed-events]
/sb/0xd31b8e0219bd83678978f6db531d9a3f45608894.sol:129:5: GC: [opponentMaxMana] on Event [BattleHealthAndMana] could be Indexed [Warning/gas-indexed-events]
/sb/0xd31b8e0219bd83678978f6db531d9a3f45608894.sol:129:5: GC: [opponentInitHealth] on Event [BattleHealthAndMana] could be Indexed [Warning/gas-indexed-events]
/sb/0xd31b8e0219bd83678978f6db531d9a3f45608894.sol:129:5: GC: [opponentInitMana] on Event [BattleHealthAndMana] could be Indexed [Warning/gas-indexed-events]
/sb/0xd31b8e0219bd83678978f6db531d9a3f45608894.sol:140:5: Missing @notice tag in event 'BattleSkills' [Warning/use-natspec]
/sb/0xd31b8e0219bd83678978f6db531d9a3f45608894.sol:140:5: Missing @param tag in event 'BattleSkills' [Warning/use-natspec]
/sb/0xd31b8e0219bd83678978f6db531d9a3f45608894.sol:140:5: Mismatch in @param names for event 'BattleSkills'. Expected: [battleId, attackerAttack, attackerDefense, attackerStamina, attackerSpeed, attackerIntelligence, opponentAttack, opponentDefense, opponentStamina, opponentSpeed, opponentIntelligence], Found: [] [Warning/use-natspec]
/sb/0xd31b8e0219bd83678978f6db531d9a3f45608894.sol:140:5: GC: [attackerAttack] on Event [BattleSkills] could be Indexed [Warning/gas-indexed-events]
/sb/0xd31b8e0219bd83678978f6db531d9a3f45608894.sol:140:5: GC: [attackerDefense] on Event [BattleSkills] could be Indexed [Warning/gas-indexed-events]
/sb/0xd31b8e0219bd83678978f6db531d9a3f45608894.sol:140:5: GC: [attackerStamina] on Event [BattleSkills] could be Indexed [Warning/gas-indexed-events]
/sb/0xd31b8e0219bd83678978f6db531d9a3f45608894.sol:140:5: GC: [attackerSpeed] on Event [BattleSkills] could be Indexed [Warning/gas-indexed-events]
/sb/0xd31b8e0219bd83678978f6db531d9a3f45608894.sol:140:5: GC: [attackerIntelligence] on Event [BattleSkills] could be Indexed [Warning/gas-indexed-events]
/sb/0xd31b8e0219bd83678978f6db531d9a3f45608894.sol:140:5: GC: [opponentAttack] on Event [BattleSkills] could be Indexed [Warning/gas-indexed-events]
/sb/0xd31b8e0219bd83678978f6db531d9a3f45608894.sol:140:5: GC: [opponentDefense] on Event [BattleSkills] could be Indexed [Warning/gas-indexed-events]
/sb/0xd31b8e0219bd83678978f6db531d9a3f45608894.sol:140:5: GC: [opponentStamina] on Event [BattleSkills] could be Indexed [Warning/gas-indexed-events]
/sb/0xd31b8e0219bd83678978f6db531d9a3f45608894.sol:140:5: GC: [opponentSpeed] on Event [BattleSkills] could be Indexed [Warning/gas-indexed-events]
/sb/0xd31b8e0219bd83678978f6db531d9a3f45608894.sol:140:5: GC: [opponentIntelligence] on Event [BattleSkills] could be Indexed [Warning/gas-indexed-events]
/sb/0xd31b8e0219bd83678978f6db531d9a3f45608894.sol:153:5: Missing @notice tag in event 'BattleTacticsAndBuffs' [Warning/use-natspec]
/sb/0xd31b8e0219bd83678978f6db531d9a3f45608894.sol:153:5: Missing @param tag in event 'BattleTacticsAndBuffs' [Warning/use-natspec]
/sb/0xd31b8e0219bd83678978f6db531d9a3f45608894.sol:153:5: Mismatch in @param names for event 'BattleTacticsAndBuffs'. Expected: [battleId, attackerMeleeChance, attackerAttackChance, opponentMeleeChance, opponentAttackChance, attackerBuffs, opponentBuffs], Found: [] [Warning/use-natspec]
/sb/0xd31b8e0219bd83678978f6db531d9a3f45608894.sol:162:5: Missing @notice tag in event 'GladiatorBattleEnded' [Warning/use-natspec]
/sb/0xd31b8e0219bd83678978f6db531d9a3f45608894.sol:162:5: Missing @param tag in event 'GladiatorBattleEnded' [Warning/use-natspec]
/sb/0xd31b8e0219bd83678978f6db531d9a3f45608894.sol:162:5: Mismatch in @param names for event 'GladiatorBattleEnded'. Expected: [id, battleId, winner, looser, reward, isGold], Found: [] [Warning/use-natspec]
/sb/0xd31b8e0219bd83678978f6db531d9a3f45608894.sol:170:5: Missing @notice tag in event 'GladiatorBattleCreated' [Warning/use-natspec]
/sb/0xd31b8e0219bd83678978f6db531d9a3f45608894.sol:170:5: Missing @param tag in event 'GladiatorBattleCreated' [Warning/use-natspec]
/sb/0xd31b8e0219bd83678978f6db531d9a3f45608894.sol:170:5: Mismatch in @param names for event 'GladiatorBattleCreated'. Expected: [id, user, dragonId, bet, isGold], Found: [] [Warning/use-natspec]
/sb/0xd31b8e0219bd83678978f6db531d9a3f45608894.sol:177:5: Missing @notice tag in event 'GladiatorBattleApplicantAdded' [Warning/use-natspec]
/sb/0xd31b8e0219bd83678978f6db531d9a3f45608894.sol:177:5: Missing @param tag in event 'GladiatorBattleApplicantAdded' [Warning/use-natspec]
/sb/0xd31b8e0219bd83678978f6db531d9a3f45608894.sol:177:5: Mismatch in @param names for event 'GladiatorBattleApplicantAdded'. Expected: [id, user, dragonId], Found: [] [Warning/use-natspec]
/sb/0xd31b8e0219bd83678978f6db531d9a3f45608894.sol:182:5: Missing @notice tag in event 'GladiatorBattleOpponentSelected' [Warning/use-natspec]
/sb/0xd31b8e0219bd83678978f6db531d9a3f45608894.sol:182:5: Missing @param tag in event 'GladiatorBattleOpponentSelected' [Warning/use-natspec]
/sb/0xd31b8e0219bd83678978f6db531d9a3f45608894.sol:182:5: Mismatch in @param names for event 'GladiatorBattleOpponentSelected'. Expected: [id, dragonId], Found: [] [Warning/use-natspec]
/sb/0xd31b8e0219bd83678978f6db531d9a3f45608894.sol:186:5: Missing @notice tag in event 'GladiatorBattleCancelled' [Warning/use-natspec]
/sb/0xd31b8e0219bd83678978f6db531d9a3f45608894.sol:186:5: Missing @param tag in event 'GladiatorBattleCancelled' [Warning/use-natspec]
/sb/0xd31b8e0219bd83678978f6db531d9a3f45608894.sol:186:5: Mismatch in @param names for event 'GladiatorBattleCancelled'. Expected: [id], Found: [] [Warning/use-natspec]
/sb/0xd31b8e0219bd83678978f6db531d9a3f45608894.sol:187:5: Missing @notice tag in event 'GladiatorBattleBetReturned' [Warning/use-natspec]
/sb/0xd31b8e0219bd83678978f6db531d9a3f45608894.sol:187:5: Missing @param tag in event 'GladiatorBattleBetReturned' [Warning/use-natspec]
/sb/0xd31b8e0219bd83678978f6db531d9a3f45608894.sol:187:5: Mismatch in @param names for event 'GladiatorBattleBetReturned'. Expected: [id, user], Found: [] [Warning/use-natspec]
/sb/0xd31b8e0219bd83678978f6db531d9a3f45608894.sol:188:5: Missing @notice tag in event 'GladiatorBattleOpponentSelectTimeUpdated' [Warning/use-natspec]
/sb/0xd31b8e0219bd83678978f6db531d9a3f45608894.sol:188:5: Missing @param tag in event 'GladiatorBattleOpponentSelectTimeUpdated' [Warning/use-natspec]
/sb/0xd31b8e0219bd83678978f6db531d9a3f45608894.sol:188:5: Mismatch in @param names for event 'GladiatorBattleOpponentSelectTimeUpdated'. Expected: [id, blockNumber], Found: [] [Warning/use-natspec]
/sb/0xd31b8e0219bd83678978f6db531d9a3f45608894.sol:188:5: GC: [blockNumber] on Event [GladiatorBattleOpponentSelectTimeUpdated] could be Indexed [Warning/gas-indexed-events]
/sb/0xd31b8e0219bd83678978f6db531d9a3f45608894.sol:189:5: Missing @notice tag in event 'GladiatorBattleBlockNumberUpdated' [Warning/use-natspec]
/sb/0xd31b8e0219bd83678978f6db531d9a3f45608894.sol:189:5: Missing @param tag in event 'GladiatorBattleBlockNumberUpdated' [Warning/use-natspec]
/sb/0xd31b8e0219bd83678978f6db531d9a3f45608894.sol:189:5: Mismatch in @param names for event 'GladiatorBattleBlockNumberUpdated'. Expected: [id, blockNumber], Found: [] [Warning/use-natspec]
/sb/0xd31b8e0219bd83678978f6db531d9a3f45608894.sol:189:5: GC: [blockNumber] on Event [GladiatorBattleBlockNumberUpdated] could be Indexed [Warning/gas-indexed-events]
/sb/0xd31b8e0219bd83678978f6db531d9a3f45608894.sol:190:5: Missing @notice tag in event 'GladiatorBattleSpectatorBetPlaced' [Warning/use-natspec]
/sb/0xd31b8e0219bd83678978f6db531d9a3f45608894.sol:190:5: Missing @param tag in event 'GladiatorBattleSpectatorBetPlaced' [Warning/use-natspec]
/sb/0xd31b8e0219bd83678978f6db531d9a3f45608894.sol:190:5: Mismatch in @param names for event 'GladiatorBattleSpectatorBetPlaced'. Expected: [id, user, willCreatorWin, bet, isGold], Found: [] [Warning/use-natspec]
/sb/0xd31b8e0219bd83678978f6db531d9a3f45608894.sol:197:5: Missing @notice tag in event 'GladiatorBattleSpectatorBetRemoved' [Warning/use-natspec]
/sb/0xd31b8e0219bd83678978f6db531d9a3f45608894.sol:197:5: Missing @param tag in event 'GladiatorBattleSpectatorBetRemoved' [Warning/use-natspec]
/sb/0xd31b8e0219bd83678978f6db531d9a3f45608894.sol:197:5: Mismatch in @param names for event 'GladiatorBattleSpectatorBetRemoved'. Expected: [id, user], Found: [] [Warning/use-natspec]
/sb/0xd31b8e0219bd83678978f6db531d9a3f45608894.sol:198:5: Missing @notice tag in event 'GladiatorBattleSpectatorRewardPaidOut' [Warning/use-natspec]
/sb/0xd31b8e0219bd83678978f6db531d9a3f45608894.sol:198:5: Missing @param tag in event 'GladiatorBattleSpectatorRewardPaidOut' [Warning/use-natspec]
/sb/0xd31b8e0219bd83678978f6db531d9a3f45608894.sol:198:5: Mismatch in @param names for event 'GladiatorBattleSpectatorRewardPaidOut'. Expected: [id, user, reward, isGold], Found: [] [Warning/use-natspec]
/sb/0xd31b8e0219bd83678978f6db531d9a3f45608894.sol:198:5: GC: [reward] on Event [GladiatorBattleSpectatorRewardPaidOut] could be Indexed [Warning/gas-indexed-events]
/sb/0xd31b8e0219bd83678978f6db531d9a3f45608894.sol:198:5: GC: [isGold] on Event [GladiatorBattleSpectatorRewardPaidOut] could be Indexed [Warning/gas-indexed-events]
/sb/0xd31b8e0219bd83678978f6db531d9a3f45608894.sol:204:5: Missing @notice tag in event 'LeaderboardRewardsDistributed' [Warning/use-natspec]
/sb/0xd31b8e0219bd83678978f6db531d9a3f45608894.sol:204:5: Missing @param tag in event 'LeaderboardRewardsDistributed' [Warning/use-natspec]
/sb/0xd31b8e0219bd83678978f6db531d9a3f45608894.sol:204:5: Mismatch in @param names for event 'LeaderboardRewardsDistributed'. Expected: [dragons, users], Found: [] [Warning/use-natspec]
/sb/0xd31b8e0219bd83678978f6db531d9a3f45608894.sol:206:5: Missing @notice tag in function 'emitEggClaimed' [Warning/use-natspec]
/sb/0xd31b8e0219bd83678978f6db531d9a3f45608894.sol:206:5: Missing @param tag in function 'emitEggClaimed' [Warning/use-natspec]
/sb/0xd31b8e0219bd83678978f6db531d9a3f45608894.sol:206:5: Mismatch in @param names for function 'emitEggClaimed'. Expected: [_user, _id], Found: [] [Warning/use-natspec]
/sb/0xd31b8e0219bd83678978f6db531d9a3f45608894.sol:213:5: Missing @notice tag in function 'emitEggSentToNest' [Warning/use-natspec]
/sb/0xd31b8e0219bd83678978f6db531d9a3f45608894.sol:213:5: Missing @param tag in function 'emitEggSentToNest' [Warning/use-natspec]
/sb/0xd31b8e0219bd83678978f6db531d9a3f45608894.sol:213:5: Mismatch in @param names for function 'emitEggSentToNest'. Expected: [_user, _id], Found: [] [Warning/use-natspec]
/sb/0xd31b8e0219bd83678978f6db531d9a3f45608894.sol:220:5: Missing @notice tag in function 'emitDragonUpgraded' [Warning/use-natspec]
/sb/0xd31b8e0219bd83678978f6db531d9a3f45608894.sol:220:5: Missing @param tag in function 'emitDragonUpgraded' [Warning/use-natspec]
/sb/0xd31b8e0219bd83678978f6db531d9a3f45608894.sol:220:5: Mismatch in @param names for function 'emitDragonUpgraded'. Expected: [_id], Found: [] [Warning/use-natspec]
/sb/0xd31b8e0219bd83678978f6db531d9a3f45608894.sol:226:5: Missing @notice tag in function 'emitEggHatched' [Warning/use-natspec]
/sb/0xd31b8e0219bd83678978f6db531d9a3f45608894.sol:226:5: Missing @param tag in function 'emitEggHatched' [Warning/use-natspec]
/sb/0xd31b8e0219bd83678978f6db531d9a3f45608894.sol:226:5: Mismatch in @param names for function 'emitEggHatched'. Expected: [_user, _dragonId, _eggId], Found: [] [Warning/use-natspec]
/sb/0xd31b8e0219bd83678978f6db531d9a3f45608894.sol:234:5: Missing @notice tag in function 'emitEggCreated' [Warning/use-natspec]
/sb/0xd31b8e0219bd83678978f6db531d9a3f45608894.sol:234:5: Missing @param tag in function 'emitEggCreated' [Warning/use-natspec]
/sb/0xd31b8e0219bd83678978f6db531d9a3f45608894.sol:234:5: Mismatch in @param names for function 'emitEggCreated'. Expected: [_user, _id], Found: [] [Warning/use-natspec]
/sb/0xd31b8e0219bd83678978f6db531d9a3f45608894.sol:241:5: Missing @notice tag in function 'emitDragonOnSale' [Warning/use-natspec]
/sb/0xd31b8e0219bd83678978f6db531d9a3f45608894.sol:241:5: Missing @param tag in function 'emitDragonOnSale' [Warning/use-natspec]
/sb/0xd31b8e0219bd83678978f6db531d9a3f45608894.sol:241:5: Mismatch in @param names for function 'emitDragonOnSale'. Expected: [_user, _id], Found: [] [Warning/use-natspec]
/sb/0xd31b8e0219bd83678978f6db531d9a3f45608894.sol:248:5: Missing @notice tag in function 'emitDragonRemovedFromSale' [Warning/use-natspec]
/sb/0xd31b8e0219bd83678978f6db531d9a3f45608894.sol:248:5: Missing @param tag in function 'emitDragonRemovedFromSale' [Warning/use-natspec]
/sb/0xd31b8e0219bd83678978f6db531d9a3f45608894.sol:248:5: Mismatch in @param names for function 'emitDragonRemovedFromSale'. Expected: [_user, _id], Found: [] [Warning/use-natspec]
/sb/0xd31b8e0219bd83678978f6db531d9a3f45608894.sol:255:5: Missing @notice tag in function 'emitDragonRemovedFromBreeding' [Warning/use-natspec]
/sb/0xd31b8e0219bd83678978f6db531d9a3f45608894.sol:255:5: Missing @param tag in function 'emitDragonRemovedFromBreeding' [Warning/use-natspec]
/sb/0xd31b8e0219bd83678978f6db531d9a3f45608894.sol:255:5: Mismatch in @param names for function 'emitDragonRemovedFromBreeding'. Expected: [_user, _id], Found: [] [Warning/use-natspec]
/sb/0xd31b8e0219bd83678978f6db531d9a3f45608894.sol:262:5: Missing @notice tag in function 'emitDragonOnBreeding' [Warning/use-natspec]
/sb/0xd31b8e0219bd83678978f6db531d9a3f45608894.sol:262:5: Missing @param tag in function 'emitDragonOnBreeding' [Warning/use-natspec]
/sb/0xd31b8e0219bd83678978f6db531d9a3f45608894.sol:262:5: Mismatch in @param names for function 'emitDragonOnBreeding'. Expected: [_user, _id], Found: [] [Warning/use-natspec]
/sb/0xd31b8e0219bd83678978f6db531d9a3f45608894.sol:269:5: Missing @notice tag in function 'emitDragonBought' [Warning/use-natspec]
/sb/0xd31b8e0219bd83678978f6db531d9a3f45608894.sol:269:5: Missing @param tag in function 'emitDragonBought' [Warning/use-natspec]
/sb/0xd31b8e0219bd83678978f6db531d9a3f45608894.sol:269:5: Mismatch in @param names for function 'emitDragonBought'. Expected: [_buyer, _seller, _id, _price], Found: [] [Warning/use-natspec]
/sb/0xd31b8e0219bd83678978f6db531d9a3f45608894.sol:278:5: Missing @notice tag in function 'emitDragonBreedingBought' [Warning/use-natspec]
/sb/0xd31b8e0219bd83678978f6db531d9a3f45608894.sol:278:5: Missing @param tag in function 'emitDragonBreedingBought' [Warning/use-natspec]
/sb/0xd31b8e0219bd83678978f6db531d9a3f45608894.sol:278:5: Mismatch in @param names for function 'emitDragonBreedingBought'. Expected: [_buyer, _seller, _id, _price], Found: [] [Warning/use-natspec]
/sb/0xd31b8e0219bd83678978f6db531d9a3f45608894.sol:287:5: Missing @notice tag in function 'emitDistributionUpdated' [Warning/use-natspec]
/sb/0xd31b8e0219bd83678978f6db531d9a3f45608894.sol:287:5: Missing @param tag in function 'emitDistributionUpdated' [Warning/use-natspec]
/sb/0xd31b8e0219bd83678978f6db531d9a3f45608894.sol:287:5: Mismatch in @param names for function 'emitDistributionUpdated'. Expected: [_restAmount, _lastBlock, _interval], Found: [] [Warning/use-natspec]
/sb/0xd31b8e0219bd83678978f6db531d9a3f45608894.sol:295:5: Missing @notice tag in function 'emitEggOnSale' [Warning/use-natspec]
/sb/0xd31b8e0219bd83678978f6db531d9a3f45608894.sol:295:5: Missing @param tag in function 'emitEggOnSale' [Warning/use-natspec]
/sb/0xd31b8e0219bd83678978f6db531d9a3f45608894.sol:295:5: Mismatch in @param names for function 'emitEggOnSale'. Expected: [_user, _id], Found: [] [Warning/use-natspec]
/sb/0xd31b8e0219bd83678978f6db531d9a3f45608894.sol:302:5: Missing @notice tag in function 'emitEggRemovedFromSale' [Warning/use-natspec]
/sb/0xd31b8e0219bd83678978f6db531d9a3f45608894.sol:302:5: Missing @param tag in function 'emitEggRemovedFromSale' [Warning/use-natspec]
/sb/0xd31b8e0219bd83678978f6db531d9a3f45608894.sol:302:5: Mismatch in @param names for function 'emitEggRemovedFromSale'. Expected: [_user, _id], Found: [] [Warning/use-natspec]
/sb/0xd31b8e0219bd83678978f6db531d9a3f45608894.sol:309:5: Missing @notice tag in function 'emitEggBought' [Warning/use-natspec]
/sb/0xd31b8e0219bd83678978f6db531d9a3f45608894.sol:309:5: Missing @param tag in function 'emitEggBought' [Warning/use-natspec]
/sb/0xd31b8e0219bd83678978f6db531d9a3f45608894.sol:309:5: Mismatch in @param names for function 'emitEggBought'. Expected: [_buyer, _seller, _id, _price], Found: [] [Warning/use-natspec]
/sb/0xd31b8e0219bd83678978f6db531d9a3f45608894.sol:318:5: Missing @notice tag in function 'emitGoldSellOrderCreated' [Warning/use-natspec]
/sb/0xd31b8e0219bd83678978f6db531d9a3f45608894.sol:318:5: Missing @param tag in function 'emitGoldSellOrderCreated' [Warning/use-natspec]
/sb/0xd31b8e0219bd83678978f6db531d9a3f45608894.sol:318:5: Mismatch in @param names for function 'emitGoldSellOrderCreated'. Expected: [_user, _price, _amount], Found: [] [Warning/use-natspec]
/sb/0xd31b8e0219bd83678978f6db531d9a3f45608894.sol:326:5: Missing @notice tag in function 'emitGoldSellOrderCancelled' [Warning/use-natspec]
/sb/0xd31b8e0219bd83678978f6db531d9a3f45608894.sol:326:5: Missing @param tag in function 'emitGoldSellOrderCancelled' [Warning/use-natspec]
/sb/0xd31b8e0219bd83678978f6db531d9a3f45608894.sol:326:5: Mismatch in @param names for function 'emitGoldSellOrderCancelled'. Expected: [_user], Found: [] [Warning/use-natspec]
/sb/0xd31b8e0219bd83678978f6db531d9a3f45608894.sol:332:5: Missing @notice tag in function 'emitGoldSold' [Warning/use-natspec]
/sb/0xd31b8e0219bd83678978f6db531d9a3f45608894.sol:332:5: Missing @param tag in function 'emitGoldSold' [Warning/use-natspec]
/sb/0xd31b8e0219bd83678978f6db531d9a3f45608894.sol:332:5: Mismatch in @param names for function 'emitGoldSold'. Expected: [_buyer, _seller, _amount, _price], Found: [] [Warning/use-natspec]
/sb/0xd31b8e0219bd83678978f6db531d9a3f45608894.sol:341:5: Missing @notice tag in function 'emitGoldBuyOrderCreated' [Warning/use-natspec]
/sb/0xd31b8e0219bd83678978f6db531d9a3f45608894.sol:341:5: Missing @param tag in function 'emitGoldBuyOrderCreated' [Warning/use-natspec]
/sb/0xd31b8e0219bd83678978f6db531d9a3f45608894.sol:341:5: Mismatch in @param names for function 'emitGoldBuyOrderCreated'. Expected: [_user, _price, _amount], Found: [] [Warning/use-natspec]
/sb/0xd31b8e0219bd83678978f6db531d9a3f45608894.sol:349:5: Missing @notice tag in function 'emitGoldBuyOrderCancelled' [Warning/use-natspec]
/sb/0xd31b8e0219bd83678978f6db531d9a3f45608894.sol:349:5: Missing @param tag in function 'emitGoldBuyOrderCancelled' [Warning/use-natspec]
/sb/0xd31b8e0219bd83678978f6db531d9a3f45608894.sol:349:5: Mismatch in @param names for function 'emitGoldBuyOrderCancelled'. Expected: [_user], Found: [] [Warning/use-natspec]
/sb/0xd31b8e0219bd83678978f6db531d9a3f45608894.sol:355:5: Missing @notice tag in function 'emitGoldBought' [Warning/use-natspec]
/sb/0xd31b8e0219bd83678978f6db531d9a3f45608894.sol:355:5: Missing @param tag in function 'emitGoldBought' [Warning/use-natspec]
/sb/0xd31b8e0219bd83678978f6db531d9a3f45608894.sol:355:5: Mismatch in @param names for function 'emitGoldBought'. Expected: [_buyer, _seller, _amount, _price], Found: [] [Warning/use-natspec]
/sb/0xd31b8e0219bd83678978f6db531d9a3f45608894.sol:364:5: Missing @notice tag in function 'emitSkillOnSale' [Warning/use-natspec]
/sb/0xd31b8e0219bd83678978f6db531d9a3f45608894.sol:364:5: Missing @param tag in function 'emitSkillOnSale' [Warning/use-natspec]
/sb/0xd31b8e0219bd83678978f6db531d9a3f45608894.sol:364:5: Mismatch in @param names for function 'emitSkillOnSale'. Expected: [_user, _id], Found: [] [Warning/use-natspec]
/sb/0xd31b8e0219bd83678978f6db531d9a3f45608894.sol:371:5: Missing @notice tag in function 'emitSkillRemovedFromSale' [Warning/use-natspec]
/sb/0xd31b8e0219bd83678978f6db531d9a3f45608894.sol:371:5: Missing @param tag in function 'emitSkillRemovedFromSale' [Warning/use-natspec]
/sb/0xd31b8e0219bd83678978f6db531d9a3f45608894.sol:371:5: Mismatch in @param names for function 'emitSkillRemovedFromSale'. Expected: [_user, _id], Found: [] [Warning/use-natspec]
/sb/0xd31b8e0219bd83678978f6db531d9a3f45608894.sol:378:5: Missing @notice tag in function 'emitSkillBought' [Warning/use-natspec]
/sb/0xd31b8e0219bd83678978f6db531d9a3f45608894.sol:378:5: Missing @param tag in function 'emitSkillBought' [Warning/use-natspec]
/sb/0xd31b8e0219bd83678978f6db531d9a3f45608894.sol:378:5: Mismatch in @param names for function 'emitSkillBought'. Expected: [_buyer, _seller, _id, _target, _price], Found: [] [Warning/use-natspec]
/sb/0xd31b8e0219bd83678978f6db531d9a3f45608894.sol:388:5: Missing @notice tag in function 'emitSkillSet' [Warning/use-natspec]
/sb/0xd31b8e0219bd83678978f6db531d9a3f45608894.sol:388:5: Missing @param tag in function 'emitSkillSet' [Warning/use-natspec]
/sb/0xd31b8e0219bd83678978f6db531d9a3f45608894.sol:388:5: Mismatch in @param names for function 'emitSkillSet'. Expected: [_id], Found: [] [Warning/use-natspec]
/sb/0xd31b8e0219bd83678978f6db531d9a3f45608894.sol:394:5: Missing @notice tag in function 'emitSkillUsed' [Warning/use-natspec]
/sb/0xd31b8e0219bd83678978f6db531d9a3f45608894.sol:394:5: Missing @param tag in function 'emitSkillUsed' [Warning/use-natspec]
/sb/0xd31b8e0219bd83678978f6db531d9a3f45608894.sol:394:5: Mismatch in @param names for function 'emitSkillUsed'. Expected: [_id, _target], Found: [] [Warning/use-natspec]
/sb/0xd31b8e0219bd83678978f6db531d9a3f45608894.sol:401:5: Missing @notice tag in function 'emitDragonNameSet' [Warning/use-natspec]
/sb/0xd31b8e0219bd83678978f6db531d9a3f45608894.sol:401:5: Missing @param tag in function 'emitDragonNameSet' [Warning/use-natspec]
/sb/0xd31b8e0219bd83678978f6db531d9a3f45608894.sol:401:5: Mismatch in @param names for function 'emitDragonNameSet'. Expected: [_id, _name], Found: [] [Warning/use-natspec]
/sb/0xd31b8e0219bd83678978f6db531d9a3f45608894.sol:408:5: Missing @notice tag in function 'emitDragonTacticsSet' [Warning/use-natspec]
/sb/0xd31b8e0219bd83678978f6db531d9a3f45608894.sol:408:5: Missing @param tag in function 'emitDragonTacticsSet' [Warning/use-natspec]
/sb/0xd31b8e0219bd83678978f6db531d9a3f45608894.sol:408:5: Mismatch in @param names for function 'emitDragonTacticsSet'. Expected: [_id, _melee, _attack], Found: [] [Warning/use-natspec]
/sb/0xd31b8e0219bd83678978f6db531d9a3f45608894.sol:416:5: Missing @notice tag in function 'emitUserNameSet' [Warning/use-natspec]
/sb/0xd31b8e0219bd83678978f6db531d9a3f45608894.sol:416:5: Missing @param tag in function 'emitUserNameSet' [Warning/use-natspec]
/sb/0xd31b8e0219bd83678978f6db531d9a3f45608894.sol:416:5: Mismatch in @param names for function 'emitUserNameSet'. Expected: [_user, _name], Found: [] [Warning/use-natspec]
/sb/0xd31b8e0219bd83678978f6db531d9a3f45608894.sol:423:5: Missing @notice tag in function 'emitBattleEnded' [Warning/use-natspec]
/sb/0xd31b8e0219bd83678978f6db531d9a3f45608894.sol:423:5: Missing @param tag in function 'emitBattleEnded' [Warning/use-natspec]
/sb/0xd31b8e0219bd83678978f6db531d9a3f45608894.sol:423:5: Mismatch in @param names for function 'emitBattleEnded'. Expected: [_battleId, _date, _seed, _attackerId, _winnerId, _looserId, _isGladiator, _gladiatorBattleId], Found: [] [Warning/use-natspec]
/sb/0xd31b8e0219bd83678978f6db531d9a3f45608894.sol:445:5: Missing @notice tag in function 'emitBattleDragonsDetails' [Warning/use-natspec]
/sb/0xd31b8e0219bd83678978f6db531d9a3f45608894.sol:445:5: Missing @param tag in function 'emitBattleDragonsDetails' [Warning/use-natspec]
/sb/0xd31b8e0219bd83678978f6db531d9a3f45608894.sol:445:5: Mismatch in @param names for function 'emitBattleDragonsDetails'. Expected: [_battleId, _winnerLevel, _winnerCoolness, _looserLevel, _looserCoolness], Found: [] [Warning/use-natspec]
/sb/0xd31b8e0219bd83678978f6db531d9a3f45608894.sol:461:5: Missing @notice tag in function 'emitBattleHealthAndMana' [Warning/use-natspec]
/sb/0xd31b8e0219bd83678978f6db531d9a3f45608894.sol:461:5: Missing @param tag in function 'emitBattleHealthAndMana' [Warning/use-natspec]
/sb/0xd31b8e0219bd83678978f6db531d9a3f45608894.sol:461:5: Mismatch in @param names for function 'emitBattleHealthAndMana'. Expected: [_battleId, _attackerMaxHealth, _attackerMaxMana, _attackerInitHealth, _attackerInitMana, _opponentMaxHealth, _opponentMaxMana, _opponentInitHealth, _opponentInitMana], Found: [] [Warning/use-natspec]
/sb/0xd31b8e0219bd83678978f6db531d9a3f45608894.sol:485:5: Missing @notice tag in function 'emitBattleSkills' [Warning/use-natspec]
/sb/0xd31b8e0219bd83678978f6db531d9a3f45608894.sol:485:5: Missing @param tag in function 'emitBattleSkills' [Warning/use-natspec]
/sb/0xd31b8e0219bd83678978f6db531d9a3f45608894.sol:485:5: Mismatch in @param names for function 'emitBattleSkills'. Expected: [_battleId, _attackerAttack, _attackerDefense, _attackerStamina, _attackerSpeed, _attackerIntelligence, _opponentAttack, _opponentDefense, _opponentStamina, _opponentSpeed, _opponentIntelligence], Found: [] [Warning/use-natspec]
/sb/0xd31b8e0219bd83678978f6db531d9a3f45608894.sol:513:5: Missing @notice tag in function 'emitBattleTacticsAndBuffs' [Warning/use-natspec]
/sb/0xd31b8e0219bd83678978f6db531d9a3f45608894.sol:513:5: Missing @param tag in function 'emitBattleTacticsAndBuffs' [Warning/use-natspec]
/sb/0xd31b8e0219bd83678978f6db531d9a3f45608894.sol:513:5: Mismatch in @param names for function 'emitBattleTacticsAndBuffs'. Expected: [_battleId, _attackerMeleeChance, _attackerAttackChance, _opponentMeleeChance, _opponentAttackChance, _attackerBuffs, _opponentBuffs], Found: [] [Warning/use-natspec]
/sb/0xd31b8e0219bd83678978f6db531d9a3f45608894.sol:533:5: Missing @notice tag in function 'emitGladiatorBattleEnded' [Warning/use-natspec]
/sb/0xd31b8e0219bd83678978f6db531d9a3f45608894.sol:533:5: Missing @param tag in function 'emitGladiatorBattleEnded' [Warning/use-natspec]
/sb/0xd31b8e0219bd83678978f6db531d9a3f45608894.sol:533:5: Mismatch in @param names for function 'emitGladiatorBattleEnded'. Expected: [_id, _battleId, _winner, _looser, _reward, _isGold], Found: [] [Warning/use-natspec]
/sb/0xd31b8e0219bd83678978f6db531d9a3f45608894.sol:551:5: Missing @notice tag in function 'emitGladiatorBattleCreated' [Warning/use-natspec]
/sb/0xd31b8e0219bd83678978f6db531d9a3f45608894.sol:551:5: Missing @param tag in function 'emitGladiatorBattleCreated' [Warning/use-natspec]
/sb/0xd31b8e0219bd83678978f6db531d9a3f45608894.sol:551:5: Mismatch in @param names for function 'emitGladiatorBattleCreated'. Expected: [_id, _user, _dragonId, _bet, _isGold], Found: [] [Warning/use-natspec]
/sb/0xd31b8e0219bd83678978f6db531d9a3f45608894.sol:567:5: Missing @notice tag in function 'emitGladiatorBattleApplicantAdded' [Warning/use-natspec]
/sb/0xd31b8e0219bd83678978f6db531d9a3f45608894.sol:567:5: Missing @param tag in function 'emitGladiatorBattleApplicantAdded' [Warning/use-natspec]
/sb/0xd31b8e0219bd83678978f6db531d9a3f45608894.sol:567:5: Mismatch in @param names for function 'emitGladiatorBattleApplicantAdded'. Expected: [_id, _user, _dragonId], Found: [] [Warning/use-natspec]
/sb/0xd31b8e0219bd83678978f6db531d9a3f45608894.sol:579:5: Missing @notice tag in function 'emitGladiatorBattleOpponentSelected' [Warning/use-natspec]
/sb/0xd31b8e0219bd83678978f6db531d9a3f45608894.sol:579:5: Missing @param tag in function 'emitGladiatorBattleOpponentSelected' [Warning/use-natspec]
/sb/0xd31b8e0219bd83678978f6db531d9a3f45608894.sol:579:5: Mismatch in @param names for function 'emitGladiatorBattleOpponentSelected'. Expected: [_id, _dragonId], Found: [] [Warning/use-natspec]
/sb/0xd31b8e0219bd83678978f6db531d9a3f45608894.sol:589:5: Missing @notice tag in function 'emitGladiatorBattleCancelled' [Warning/use-natspec]
/sb/0xd31b8e0219bd83678978f6db531d9a3f45608894.sol:589:5: Missing @param tag in function 'emitGladiatorBattleCancelled' [Warning/use-natspec]
/sb/0xd31b8e0219bd83678978f6db531d9a3f45608894.sol:589:5: Mismatch in @param names for function 'emitGladiatorBattleCancelled'. Expected: [_id], Found: [] [Warning/use-natspec]
/sb/0xd31b8e0219bd83678978f6db531d9a3f45608894.sol:597:5: Missing @notice tag in function 'emitGladiatorBattleBetReturned' [Warning/use-natspec]
/sb/0xd31b8e0219bd83678978f6db531d9a3f45608894.sol:597:5: Missing @param tag in function 'emitGladiatorBattleBetReturned' [Warning/use-natspec]
/sb/0xd31b8e0219bd83678978f6db531d9a3f45608894.sol:597:5: Mismatch in @param names for function 'emitGladiatorBattleBetReturned'. Expected: [_id, _user], Found: [] [Warning/use-natspec]
/sb/0xd31b8e0219bd83678978f6db531d9a3f45608894.sol:607:5: Missing @notice tag in function 'emitGladiatorBattleOpponentSelectTimeUpdated' [Warning/use-natspec]
/sb/0xd31b8e0219bd83678978f6db531d9a3f45608894.sol:607:5: Missing @param tag in function 'emitGladiatorBattleOpponentSelectTimeUpdated' [Warning/use-natspec]
/sb/0xd31b8e0219bd83678978f6db531d9a3f45608894.sol:607:5: Mismatch in @param names for function 'emitGladiatorBattleOpponentSelectTimeUpdated'. Expected: [_id, _blockNumber], Found: [] [Warning/use-natspec]
/sb/0xd31b8e0219bd83678978f6db531d9a3f45608894.sol:617:5: Missing @notice tag in function 'emitGladiatorBattleBlockNumberUpdated' [Warning/use-natspec]
/sb/0xd31b8e0219bd83678978f6db531d9a3f45608894.sol:617:5: Missing @param tag in function 'emitGladiatorBattleBlockNumberUpdated' [Warning/use-natspec]
/sb/0xd31b8e0219bd83678978f6db531d9a3f45608894.sol:617:5: Mismatch in @param names for function 'emitGladiatorBattleBlockNumberUpdated'. Expected: [_id, _blockNumber], Found: [] [Warning/use-natspec]
/sb/0xd31b8e0219bd83678978f6db531d9a3f45608894.sol:627:5: Missing @notice tag in function 'emitGladiatorBattleSpectatorBetPlaced' [Warning/use-natspec]
/sb/0xd31b8e0219bd83678978f6db531d9a3f45608894.sol:627:5: Missing @param tag in function 'emitGladiatorBattleSpectatorBetPlaced' [Warning/use-natspec]
/sb/0xd31b8e0219bd83678978f6db531d9a3f45608894.sol:627:5: Mismatch in @param names for function 'emitGladiatorBattleSpectatorBetPlaced'. Expected: [_id, _user, _willCreatorWin, _value, _isGold], Found: [] [Warning/use-natspec]
/sb/0xd31b8e0219bd83678978f6db531d9a3f45608894.sol:643:5: Missing @notice tag in function 'emitGladiatorBattleSpectatorBetRemoved' [Warning/use-natspec]
/sb/0xd31b8e0219bd83678978f6db531d9a3f45608894.sol:643:5: Missing @param tag in function 'emitGladiatorBattleSpectatorBetRemoved' [Warning/use-natspec]
/sb/0xd31b8e0219bd83678978f6db531d9a3f45608894.sol:643:5: Mismatch in @param names for function 'emitGladiatorBattleSpectatorBetRemoved'. Expected: [_id, _user], Found: [] [Warning/use-natspec]
/sb/0xd31b8e0219bd83678978f6db531d9a3f45608894.sol:653:5: Missing @notice tag in function 'emitGladiatorBattleSpectatorRewardPaidOut' [Warning/use-natspec]
/sb/0xd31b8e0219bd83678978f6db531d9a3f45608894.sol:653:5: Missing @param tag in function 'emitGladiatorBattleSpectatorRewardPaidOut' [Warning/use-natspec]
/sb/0xd31b8e0219bd83678978f6db531d9a3f45608894.sol:653:5: Mismatch in @param names for function 'emitGladiatorBattleSpectatorRewardPaidOut'. Expected: [_id, _user, _value, _isGold], Found: [] [Warning/use-natspec]
/sb/0xd31b8e0219bd83678978f6db531d9a3f45608894.sol:667:5: Missing @notice tag in function 'emitLeaderboardRewardsDistributed' [Warning/use-natspec]
/sb/0xd31b8e0219bd83678978f6db531d9a3f45608894.sol:667:5: Missing @param tag in function 'emitLeaderboardRewardsDistributed' [Warning/use-natspec]
/sb/0xd31b8e0219bd83678978f6db531d9a3f45608894.sol:667:5: Mismatch in @param names for function 'emitLeaderboardRewardsDistributed'. Expected: [_dragons, _users], Found: [] [Warning/use-natspec]

365 problem/s (1 error/s, 364 warning/s)
