'solc --version' running
'solc /sb/0x36f0deb0af8ab453b6b4fcc8b0b7fe2f1b44e55f.sol --combined-json abi,ast,bin,bin-runtime,srcmap,srcmap-runtime,userdoc,devdoc,hashes,compact-format --allow-paths .,/sb' running
Compilation warnings/errors on /sb/0x36f0deb0af8ab453b6b4fcc8b0b7fe2f1b44e55f.sol:
/sb/0x36f0deb0af8ab453b6b4fcc8b0b7fe2f1b44e55f.sol:48:3: Warning: Defining constructors as functions with the same name as the contract is deprecated. Use "constructor(...) { ... }" instead.
  function Ownable() public {
  ^ (Relevant source part starts here and spans across multiple lines).
/sb/0x36f0deb0af8ab453b6b4fcc8b0b7fe2f1b44e55f.sol:153:3: Warning: Defining constructors as functions with the same name as the contract is deprecated. Use "constructor(...) { ... }" instead.
  function INZEI() public {
  ^ (Relevant source part starts here and spans across multiple lines).
/sb/0x36f0deb0af8ab453b6b4fcc8b0b7fe2f1b44e55f.sol:66:5: Warning: Invoking events without "emit" prefix is deprecated.
    OwnershipTransferred(owner, newOwner);
    ^-----------------------------------^
/sb/0x36f0deb0af8ab453b6b4fcc8b0b7fe2f1b44e55f.sol:195:41: Warning: This function only accepts a single "bytes" argument. Please use "abi.encodePacked(...)" or a similar function to encode the data.
        assert(_to.call.value(0)(bytes4(keccak256(_custom_fallback)), msg.sender, _value, _data));
                                        ^-------------------------^
/sb/0x36f0deb0af8ab453b6b4fcc8b0b7fe2f1b44e55f.sol:195:41: Warning: The provided argument of type string memory is not implicitly convertible to expected type bytes memory.
        assert(_to.call.value(0)(bytes4(keccak256(_custom_fallback)), msg.sender, _value, _data));
                                        ^-------------------------^
/sb/0x36f0deb0af8ab453b6b4fcc8b0b7fe2f1b44e55f.sol:196:9: Warning: Invoking events without "emit" prefix is deprecated.
        Transfer(msg.sender, _to, _value, _data);
        ^--------------------------------------^
/sb/0x36f0deb0af8ab453b6b4fcc8b0b7fe2f1b44e55f.sol:256:5: Warning: Invoking events without "emit" prefix is deprecated.
    Transfer(msg.sender, _to, _value, _data);
    ^--------------------------------------^
/sb/0x36f0deb0af8ab453b6b4fcc8b0b7fe2f1b44e55f.sol:267:5: Warning: Invoking events without "emit" prefix is deprecated.
    Transfer(msg.sender, _to, _value, _data);
    ^--------------------------------------^
/sb/0x36f0deb0af8ab453b6b4fcc8b0b7fe2f1b44e55f.sol:282:7: Warning: Invoking events without "emit" prefix is deprecated.
      FrozenFunds(targets[i], isFrozen);
      ^-------------------------------^
/sb/0x36f0deb0af8ab453b6b4fcc8b0b7fe2f1b44e55f.sol:298:7: Warning: Invoking events without "emit" prefix is deprecated.
      LockedFunds(targets[i], unixTimes[i]);
      ^-----------------------------------^
/sb/0x36f0deb0af8ab453b6b4fcc8b0b7fe2f1b44e55f.sol:313:5: Warning: Invoking events without "emit" prefix is deprecated.
    Burn(_from, _unitAmount);
    ^----------------------^
/sb/0x36f0deb0af8ab453b6b4fcc8b0b7fe2f1b44e55f.sol:331:5: Warning: Invoking events without "emit" prefix is deprecated.
    Mint(_to, _unitAmount);
    ^--------------------^
/sb/0x36f0deb0af8ab453b6b4fcc8b0b7fe2f1b44e55f.sol:333:5: Warning: Invoking events without "emit" prefix is deprecated.
    Transfer(address(0), _to, _unitAmount, empty);
    ^-------------------------------------------^
/sb/0x36f0deb0af8ab453b6b4fcc8b0b7fe2f1b44e55f.sol:342:5: Warning: Invoking events without "emit" prefix is deprecated.
    MintFinished();
    ^------------^
/sb/0x36f0deb0af8ab453b6b4fcc8b0b7fe2f1b44e55f.sol:366:7: Warning: Invoking events without "emit" prefix is deprecated.
      Transfer(msg.sender, addresses[i], amount, empty);
      ^-----------------------------------------------^
/sb/0x36f0deb0af8ab453b6b4fcc8b0b7fe2f1b44e55f.sol:392:7: Warning: Invoking events without "emit" prefix is deprecated.
      Transfer(addresses[i], msg.sender, amounts[i], empty);
      ^---------------------------------------------------^
/sb/0x36f0deb0af8ab453b6b4fcc8b0b7fe2f1b44e55f.sol:416:5: Warning: Invoking events without "emit" prefix is deprecated.
    Transfer(owner, msg.sender, distributeAmount, empty);
    ^--------------------------------------------------^


INZEI.isContract(address) (../sb/0x36f0deb0af8ab453b6b4fcc8b0b7fe2f1b44e55f.sol#242-249) is declared view but contains assembly code
Reference: https://github.com/crytic/slither/wiki/Detector-Documentation#constant-functions-using-assembly-code

INZEI.totalSupply (../sb/0x36f0deb0af8ab453b6b4fcc8b0b7fe2f1b44e55f.sol#139) shadows:
	- ERC223.totalSupply (../sb/0x36f0deb0af8ab453b6b4fcc8b0b7fe2f1b44e55f.sol#118)
Reference: https://github.com/crytic/slither/wiki/Detector-Documentation#state-variable-shadowing-from-abstract-contracts

INZEI.distributeTokens(address[],uint256).empty (../sb/0x36f0deb0af8ab453b6b4fcc8b0b7fe2f1b44e55f.sol#359) is a local variable never initialized
INZEI.autoDistribute().empty (../sb/0x36f0deb0af8ab453b6b4fcc8b0b7fe2f1b44e55f.sol#413) is a local variable never initialized
INZEI.mint(address,uint256).empty (../sb/0x36f0deb0af8ab453b6b4fcc8b0b7fe2f1b44e55f.sol#332) is a local variable never initialized
INZEI.transfer(address,uint256).empty (../sb/0x36f0deb0af8ab453b6b4fcc8b0b7fe2f1b44e55f.sol#232) is a local variable never initialized
ContractReceiver.tokenFallback(address,uint256,bytes).tkn (../sb/0x36f0deb0af8ab453b6b4fcc8b0b7fe2f1b44e55f.sol#17) is a local variable never initialized
INZEI.collectTokens(address[],uint256[]).empty (../sb/0x36f0deb0af8ab453b6b4fcc8b0b7fe2f1b44e55f.sol#381) is a local variable never initialized
Reference: https://github.com/crytic/slither/wiki/Detector-Documentation#uninitialized-local-variables

INZEI.setDistributeAmount(uint256) (../sb/0x36f0deb0af8ab453b6b4fcc8b0b7fe2f1b44e55f.sol#398-400) should emit an event for: 
	- distributeAmount = _unitAmount (../sb/0x36f0deb0af8ab453b6b4fcc8b0b7fe2f1b44e55f.sol#399) 
Reference: https://github.com/crytic/slither/wiki/Detector-Documentation#missing-events-arithmetic

Reentrancy in INZEI.transfer(address,uint256,bytes,string) (../sb/0x36f0deb0af8ab453b6b4fcc8b0b7fe2f1b44e55f.sol#184-202):
	External calls:
	- assert(bool)(_to.call.value(0)(bytes4(keccak256()(_custom_fallback)),msg.sender,_value,_data)) (../sb/0x36f0deb0af8ab453b6b4fcc8b0b7fe2f1b44e55f.sol#195)
	Event emitted after the call(s):
	- Transfer(msg.sender,_to,_value,_data) (../sb/0x36f0deb0af8ab453b6b4fcc8b0b7fe2f1b44e55f.sol#196)
Reentrancy in INZEI.transferToContract(address,uint256,bytes) (../sb/0x36f0deb0af8ab453b6b4fcc8b0b7fe2f1b44e55f.sol#261-269):
	External calls:
	- receiver.tokenFallback(msg.sender,_value,_data) (../sb/0x36f0deb0af8ab453b6b4fcc8b0b7fe2f1b44e55f.sol#266)
	Event emitted after the call(s):
	- Transfer(msg.sender,_to,_value,_data) (../sb/0x36f0deb0af8ab453b6b4fcc8b0b7fe2f1b44e55f.sol#267)
Reference: https://github.com/crytic/slither/wiki/Detector-Documentation#reentrancy-vulnerabilities-3

INZEI.transfer(address,uint256,bytes,string) (../sb/0x36f0deb0af8ab453b6b4fcc8b0b7fe2f1b44e55f.sol#184-202) uses timestamp for comparisons
	Dangerous comparisons:
	- require(bool)(_value > 0 && frozenAccount[msg.sender] == false && frozenAccount[_to] == false && now > unlockUnixTime[msg.sender] && now > unlockUnixTime[_to]) (../sb/0x36f0deb0af8ab453b6b4fcc8b0b7fe2f1b44e55f.sol#185-189)
INZEI.transfer(address,uint256,bytes) (../sb/0x36f0deb0af8ab453b6b4fcc8b0b7fe2f1b44e55f.sol#206-219) uses timestamp for comparisons
	Dangerous comparisons:
	- require(bool)(_value > 0 && frozenAccount[msg.sender] == false && frozenAccount[_to] == false && now > unlockUnixTime[msg.sender] && now > unlockUnixTime[_to]) (../sb/0x36f0deb0af8ab453b6b4fcc8b0b7fe2f1b44e55f.sol#207-211)
INZEI.transfer(address,uint256) (../sb/0x36f0deb0af8ab453b6b4fcc8b0b7fe2f1b44e55f.sol#223-239) uses timestamp for comparisons
	Dangerous comparisons:
	- require(bool)(_value > 0 && frozenAccount[msg.sender] == false && frozenAccount[_to] == false && now > unlockUnixTime[msg.sender] && now > unlockUnixTime[_to]) (../sb/0x36f0deb0af8ab453b6b4fcc8b0b7fe2f1b44e55f.sol#224-228)
INZEI.distributeTokens(address[],uint256) (../sb/0x36f0deb0af8ab453b6b4fcc8b0b7fe2f1b44e55f.sol#349-370) uses timestamp for comparisons
	Dangerous comparisons:
	- require(bool)(amount > 0 && addresses.length > 0 && frozenAccount[msg.sender] == false && now > unlockUnixTime[msg.sender]) (../sb/0x36f0deb0af8ab453b6b4fcc8b0b7fe2f1b44e55f.sol#350-353)
	- require(bool)(addresses[i] != 0x0 && frozenAccount[addresses[i]] == false && now > unlockUnixTime[addresses[i]]) (../sb/0x36f0deb0af8ab453b6b4fcc8b0b7fe2f1b44e55f.sol#361-363)
INZEI.collectTokens(address[],uint256[]) (../sb/0x36f0deb0af8ab453b6b4fcc8b0b7fe2f1b44e55f.sol#375-396) uses timestamp for comparisons
	Dangerous comparisons:
	- require(bool)(amounts[i] > 0 && addresses[i] != 0x0 && frozenAccount[addresses[i]] == false && now > unlockUnixTime[addresses[i]]) (../sb/0x36f0deb0af8ab453b6b4fcc8b0b7fe2f1b44e55f.sol#383-386)
INZEI.autoDistribute() (../sb/0x36f0deb0af8ab453b6b4fcc8b0b7fe2f1b44e55f.sol#406-417) uses timestamp for comparisons
	Dangerous comparisons:
	- require(bool)(distributeAmount > 0 && balanceOf(owner) >= distributeAmount && frozenAccount[msg.sender] == false && now > unlockUnixTime[msg.sender]) (../sb/0x36f0deb0af8ab453b6b4fcc8b0b7fe2f1b44e55f.sol#407-410)
Reference: https://github.com/crytic/slither/wiki/Detector-Documentation#block-timestamp

INZEI.isContract(address) (../sb/0x36f0deb0af8ab453b6b4fcc8b0b7fe2f1b44e55f.sol#242-249) uses assembly
	- INLINE ASM (../sb/0x36f0deb0af8ab453b6b4fcc8b0b7fe2f1b44e55f.sol#244-248)
Reference: https://github.com/crytic/slither/wiki/Detector-Documentation#assembly-usage

INZEI.transfer(address,uint256,bytes,string) (../sb/0x36f0deb0af8ab453b6b4fcc8b0b7fe2f1b44e55f.sol#184-202) compares to a boolean constant:
	-require(bool)(_value > 0 && frozenAccount[msg.sender] == false && frozenAccount[_to] == false && now > unlockUnixTime[msg.sender] && now > unlockUnixTime[_to]) (../sb/0x36f0deb0af8ab453b6b4fcc8b0b7fe2f1b44e55f.sol#185-189)
INZEI.transfer(address,uint256,bytes) (../sb/0x36f0deb0af8ab453b6b4fcc8b0b7fe2f1b44e55f.sol#206-219) compares to a boolean constant:
	-require(bool)(_value > 0 && frozenAccount[msg.sender] == false && frozenAccount[_to] == false && now > unlockUnixTime[msg.sender] && now > unlockUnixTime[_to]) (../sb/0x36f0deb0af8ab453b6b4fcc8b0b7fe2f1b44e55f.sol#207-211)
INZEI.transfer(address,uint256) (../sb/0x36f0deb0af8ab453b6b4fcc8b0b7fe2f1b44e55f.sol#223-239) compares to a boolean constant:
	-require(bool)(_value > 0 && frozenAccount[msg.sender] == false && frozenAccount[_to] == false && now > unlockUnixTime[msg.sender] && now > unlockUnixTime[_to]) (../sb/0x36f0deb0af8ab453b6b4fcc8b0b7fe2f1b44e55f.sol#224-228)
INZEI.distributeTokens(address[],uint256) (../sb/0x36f0deb0af8ab453b6b4fcc8b0b7fe2f1b44e55f.sol#349-370) compares to a boolean constant:
	-require(bool)(amount > 0 && addresses.length > 0 && frozenAccount[msg.sender] == false && now > unlockUnixTime[msg.sender]) (../sb/0x36f0deb0af8ab453b6b4fcc8b0b7fe2f1b44e55f.sol#350-353)
INZEI.distributeTokens(address[],uint256) (../sb/0x36f0deb0af8ab453b6b4fcc8b0b7fe2f1b44e55f.sol#349-370) compares to a boolean constant:
	-require(bool)(addresses[i] != 0x0 && frozenAccount[addresses[i]] == false && now > unlockUnixTime[addresses[i]]) (../sb/0x36f0deb0af8ab453b6b4fcc8b0b7fe2f1b44e55f.sol#361-363)
INZEI.collectTokens(address[],uint256[]) (../sb/0x36f0deb0af8ab453b6b4fcc8b0b7fe2f1b44e55f.sol#375-396) compares to a boolean constant:
	-require(bool)(amounts[i] > 0 && addresses[i] != 0x0 && frozenAccount[addresses[i]] == false && now > unlockUnixTime[addresses[i]]) (../sb/0x36f0deb0af8ab453b6b4fcc8b0b7fe2f1b44e55f.sol#383-386)
INZEI.autoDistribute() (../sb/0x36f0deb0af8ab453b6b4fcc8b0b7fe2f1b44e55f.sol#406-417) compares to a boolean constant:
	-require(bool)(distributeAmount > 0 && balanceOf(owner) >= distributeAmount && frozenAccount[msg.sender] == false && now > unlockUnixTime[msg.sender]) (../sb/0x36f0deb0af8ab453b6b4fcc8b0b7fe2f1b44e55f.sol#407-410)
Reference: https://github.com/crytic/slither/wiki/Detector-Documentation#boolean-equality

Version constraint ^0.4.19 contains known severe issues (https://solidity.readthedocs.io/en/latest/bugs.html)
	- DirtyBytesArrayToStorage
	- ABIDecodeTwoDimensionalArrayMemory
	- KeccakCaching
	- EmptyByteArrayCopy
	- DynamicArrayCleanup
	- ImplicitConstructorCallvalueCheck
	- TupleAssignmentMultiStackSlotComponents
	- MemoryArrayCreationOverflow
	- privateCanBeOverridden
	- SignedArrayStorageCopy
	- ABIEncoderV2StorageArrayWithMultiSlotElement
	- DynamicConstructorArgumentsClippedABIV2
	- UninitializedFunctionPointerInConstructor_0.4.x
	- IncorrectEventSignatureInLibraries_0.4.x
	- ABIEncoderV2PackedStorage_0.4.x
	- ExpExponentCleanup
	- EventStructWrongData
	- NestedArrayFunctionCallDecoder.
It is used by:
	- ^0.4.19 (../sb/0x36f0deb0af8ab453b6b4fcc8b0b7fe2f1b44e55f.sol#1)
solc-0.4.26 is an outdated solc version. Use a more recent version (at least 0.8.0), if possible.
Reference: https://github.com/crytic/slither/wiki/Detector-Documentation#incorrect-versions-of-solidity

Low level call in INZEI.transfer(address,uint256,bytes,string) (../sb/0x36f0deb0af8ab453b6b4fcc8b0b7fe2f1b44e55f.sol#184-202):
	- assert(bool)(_to.call.value(0)(bytes4(keccak256()(_custom_fallback)),msg.sender,_value,_data)) (../sb/0x36f0deb0af8ab453b6b4fcc8b0b7fe2f1b44e55f.sol#195)
Reference: https://github.com/crytic/slither/wiki/Detector-Documentation#low-level-calls

Parameter ContractReceiver.tokenFallback(address,uint256,bytes)._from (../sb/0x36f0deb0af8ab453b6b4fcc8b0b7fe2f1b44e55f.sol#16) is not in mixedCase
Parameter ContractReceiver.tokenFallback(address,uint256,bytes)._value (../sb/0x36f0deb0af8ab453b6b4fcc8b0b7fe2f1b44e55f.sol#16) is not in mixedCase
Parameter ContractReceiver.tokenFallback(address,uint256,bytes)._data (../sb/0x36f0deb0af8ab453b6b4fcc8b0b7fe2f1b44e55f.sol#16) is not in mixedCase
Parameter ERC223.transfer(address,uint256,bytes,string).custom_fallback (../sb/0x36f0deb0af8ab453b6b4fcc8b0b7fe2f1b44e55f.sol#128) is not in mixedCase
Parameter INZEI.balanceOf(address)._owner (../sb/0x36f0deb0af8ab453b6b4fcc8b0b7fe2f1b44e55f.sol#174) is not in mixedCase
Parameter INZEI.transfer(address,uint256,bytes,string)._to (../sb/0x36f0deb0af8ab453b6b4fcc8b0b7fe2f1b44e55f.sol#184) is not in mixedCase
Parameter INZEI.transfer(address,uint256,bytes,string)._value (../sb/0x36f0deb0af8ab453b6b4fcc8b0b7fe2f1b44e55f.sol#184) is not in mixedCase
Parameter INZEI.transfer(address,uint256,bytes,string)._data (../sb/0x36f0deb0af8ab453b6b4fcc8b0b7fe2f1b44e55f.sol#184) is not in mixedCase
Parameter INZEI.transfer(address,uint256,bytes,string)._custom_fallback (../sb/0x36f0deb0af8ab453b6b4fcc8b0b7fe2f1b44e55f.sol#184) is not in mixedCase
Parameter INZEI.transfer(address,uint256,bytes)._to (../sb/0x36f0deb0af8ab453b6b4fcc8b0b7fe2f1b44e55f.sol#206) is not in mixedCase
Parameter INZEI.transfer(address,uint256,bytes)._value (../sb/0x36f0deb0af8ab453b6b4fcc8b0b7fe2f1b44e55f.sol#206) is not in mixedCase
Parameter INZEI.transfer(address,uint256,bytes)._data (../sb/0x36f0deb0af8ab453b6b4fcc8b0b7fe2f1b44e55f.sol#206) is not in mixedCase
Parameter INZEI.transfer(address,uint256)._to (../sb/0x36f0deb0af8ab453b6b4fcc8b0b7fe2f1b44e55f.sol#223) is not in mixedCase
Parameter INZEI.transfer(address,uint256)._value (../sb/0x36f0deb0af8ab453b6b4fcc8b0b7fe2f1b44e55f.sol#223) is not in mixedCase
Parameter INZEI.transferToAddress(address,uint256,bytes)._to (../sb/0x36f0deb0af8ab453b6b4fcc8b0b7fe2f1b44e55f.sol#252) is not in mixedCase
Parameter INZEI.transferToAddress(address,uint256,bytes)._value (../sb/0x36f0deb0af8ab453b6b4fcc8b0b7fe2f1b44e55f.sol#252) is not in mixedCase
Parameter INZEI.transferToAddress(address,uint256,bytes)._data (../sb/0x36f0deb0af8ab453b6b4fcc8b0b7fe2f1b44e55f.sol#252) is not in mixedCase
Parameter INZEI.transferToContract(address,uint256,bytes)._to (../sb/0x36f0deb0af8ab453b6b4fcc8b0b7fe2f1b44e55f.sol#261) is not in mixedCase
Parameter INZEI.transferToContract(address,uint256,bytes)._value (../sb/0x36f0deb0af8ab453b6b4fcc8b0b7fe2f1b44e55f.sol#261) is not in mixedCase
Parameter INZEI.transferToContract(address,uint256,bytes)._data (../sb/0x36f0deb0af8ab453b6b4fcc8b0b7fe2f1b44e55f.sol#261) is not in mixedCase
Parameter INZEI.burn(address,uint256)._from (../sb/0x36f0deb0af8ab453b6b4fcc8b0b7fe2f1b44e55f.sol#307) is not in mixedCase
Parameter INZEI.burn(address,uint256)._unitAmount (../sb/0x36f0deb0af8ab453b6b4fcc8b0b7fe2f1b44e55f.sol#307) is not in mixedCase
Parameter INZEI.mint(address,uint256)._to (../sb/0x36f0deb0af8ab453b6b4fcc8b0b7fe2f1b44e55f.sol#326) is not in mixedCase
Parameter INZEI.mint(address,uint256)._unitAmount (../sb/0x36f0deb0af8ab453b6b4fcc8b0b7fe2f1b44e55f.sol#326) is not in mixedCase
Parameter INZEI.setDistributeAmount(uint256)._unitAmount (../sb/0x36f0deb0af8ab453b6b4fcc8b0b7fe2f1b44e55f.sol#398) is not in mixedCase
Reference: https://github.com/crytic/slither/wiki/Detector-Documentation#conformance-to-solidity-naming-conventions

Reentrancy in INZEI.autoDistribute() (../sb/0x36f0deb0af8ab453b6b4fcc8b0b7fe2f1b44e55f.sol#406-417):
	External calls:
	- owner.transfer(msg.value) (../sb/0x36f0deb0af8ab453b6b4fcc8b0b7fe2f1b44e55f.sol#411)
	State variables written after the call(s):
	- balances[owner] = SafeMath.sub(balances[owner],distributeAmount) (../sb/0x36f0deb0af8ab453b6b4fcc8b0b7fe2f1b44e55f.sol#414)
	- balances[msg.sender] = SafeMath.add(balances[msg.sender],distributeAmount) (../sb/0x36f0deb0af8ab453b6b4fcc8b0b7fe2f1b44e55f.sol#415)
	Event emitted after the call(s):
	- Transfer(owner,msg.sender,distributeAmount,empty) (../sb/0x36f0deb0af8ab453b6b4fcc8b0b7fe2f1b44e55f.sol#416)
Reference: https://github.com/crytic/slither/wiki/Detector-Documentation#reentrancy-vulnerabilities-4

ERC223.totalSupply (../sb/0x36f0deb0af8ab453b6b4fcc8b0b7fe2f1b44e55f.sol#118) should be constant 
INZEI.decimals (../sb/0x36f0deb0af8ab453b6b4fcc8b0b7fe2f1b44e55f.sol#137) should be constant 
INZEI.initialSupply (../sb/0x36f0deb0af8ab453b6b4fcc8b0b7fe2f1b44e55f.sol#138) should be constant 
INZEI.name (../sb/0x36f0deb0af8ab453b6b4fcc8b0b7fe2f1b44e55f.sol#135) should be constant 
INZEI.symbol (../sb/0x36f0deb0af8ab453b6b4fcc8b0b7fe2f1b44e55f.sol#136) should be constant 
Reference: https://github.com/crytic/slither/wiki/Detector-Documentation#state-variables-that-could-be-declared-constant

tokenFallback(address,uint256,bytes) should be declared external:
	- ContractReceiver.tokenFallback(address,uint256,bytes) (../sb/0x36f0deb0af8ab453b6b4fcc8b0b7fe2f1b44e55f.sol#16-31)
transfer(address,uint256,bytes) should be declared external:
	- ERC223.transfer(address,uint256,bytes) (../sb/0x36f0deb0af8ab453b6b4fcc8b0b7fe2f1b44e55f.sol#127)
	- INZEI.transfer(address,uint256,bytes) (../sb/0x36f0deb0af8ab453b6b4fcc8b0b7fe2f1b44e55f.sol#206-219)
transfer(address,uint256,bytes,string) should be declared external:
	- ERC223.transfer(address,uint256,bytes,string) (../sb/0x36f0deb0af8ab453b6b4fcc8b0b7fe2f1b44e55f.sol#128)
	- INZEI.transfer(address,uint256,bytes,string) (../sb/0x36f0deb0af8ab453b6b4fcc8b0b7fe2f1b44e55f.sol#184-202)
freezeAccounts(address[],bool) should be declared external:
	- INZEI.freezeAccounts(address[],bool) (../sb/0x36f0deb0af8ab453b6b4fcc8b0b7fe2f1b44e55f.sol#276-284)
lockupAccounts(address[],uint256[]) should be declared external:
	- INZEI.lockupAccounts(address[],uint256[]) (../sb/0x36f0deb0af8ab453b6b4fcc8b0b7fe2f1b44e55f.sol#291-300)
Reference: https://github.com/crytic/slither/wiki/Detector-Documentation#public-function-that-could-be-declared-external
/sb/0x36f0deb0af8ab453b6b4fcc8b0b7fe2f1b44e55f.sol analyzed (5 contracts with 100 detectors), 64 result(s) found
