A new version of Solhint is available: 6.0.1
Please consider updating your Solhint package.
/sb/0xe9e1e3414800886d5210a3f726947387f662ba2a.sol:1:1: Found more than One contract per file. 2 contracts found! [Warning/one-contract-per-file]
/sb/0xe9e1e3414800886d5210a3f726947387f662ba2a.sol:1:1: Compiler version ^0.4.2 does not satisfy the ^0.8.24 semver requirement [Error/compiler-version]
/sb/0xe9e1e3414800886d5210a3f726947387f662ba2a.sol:2:1: Missing @title tag in contract 'token' [Warning/use-natspec]
/sb/0xe9e1e3414800886d5210a3f726947387f662ba2a.sol:2:1: Missing @author tag in contract 'token' [Warning/use-natspec]
/sb/0xe9e1e3414800886d5210a3f726947387f662ba2a.sol:2:1: Missing @notice tag in contract 'token' [Warning/use-natspec]
/sb/0xe9e1e3414800886d5210a3f726947387f662ba2a.sol:2:1: Contract, Structs and Enums should be in CapWords [Warning/contract-name-capwords]
/sb/0xe9e1e3414800886d5210a3f726947387f662ba2a.sol:2:18: Missing @notice tag in function 'transfer' [Warning/use-natspec]
/sb/0xe9e1e3414800886d5210a3f726947387f662ba2a.sol:2:18: Missing @param tag in function 'transfer' [Warning/use-natspec]
/sb/0xe9e1e3414800886d5210a3f726947387f662ba2a.sol:2:18: Mismatch in @param names for function 'transfer'. Expected: [receiver, amount], Found: [] [Warning/use-natspec]
/sb/0xe9e1e3414800886d5210a3f726947387f662ba2a.sol:2:18: Explicitly mark visibility in function [Warning/func-visibility]
/sb/0xe9e1e3414800886d5210a3f726947387f662ba2a.sol:2:54: Rule is set with explicit type [var/s: uint] [Warning/explicit-types]
/sb/0xe9e1e3414800886d5210a3f726947387f662ba2a.sol:4:1: Missing @title tag in contract 'Crowdsale' [Warning/use-natspec]
/sb/0xe9e1e3414800886d5210a3f726947387f662ba2a.sol:4:1: Missing @author tag in contract 'Crowdsale' [Warning/use-natspec]
/sb/0xe9e1e3414800886d5210a3f726947387f662ba2a.sol:4:1: Missing @notice tag in contract 'Crowdsale' [Warning/use-natspec]
/sb/0xe9e1e3414800886d5210a3f726947387f662ba2a.sol:5:5: Missing @notice tag in variable 'beneficiary' [Warning/use-natspec]
/sb/0xe9e1e3414800886d5210a3f726947387f662ba2a.sol:6:5: Rule is set with explicit type [var/s: uint] [Warning/explicit-types]
/sb/0xe9e1e3414800886d5210a3f726947387f662ba2a.sol:6:5: Missing @notice tag in variable 'fundingGoal' [Warning/use-natspec]
/sb/0xe9e1e3414800886d5210a3f726947387f662ba2a.sol:6:30: Rule is set with explicit type [var/s: uint] [Warning/explicit-types]
/sb/0xe9e1e3414800886d5210a3f726947387f662ba2a.sol:6:30: Missing @notice tag in variable 'amountRaised' [Warning/use-natspec]
/sb/0xe9e1e3414800886d5210a3f726947387f662ba2a.sol:6:56: Rule is set with explicit type [var/s: uint] [Warning/explicit-types]
/sb/0xe9e1e3414800886d5210a3f726947387f662ba2a.sol:6:56: Missing @notice tag in variable 'deadline' [Warning/use-natspec]
/sb/0xe9e1e3414800886d5210a3f726947387f662ba2a.sol:6:78: Rule is set with explicit type [var/s: uint] [Warning/explicit-types]
/sb/0xe9e1e3414800886d5210a3f726947387f662ba2a.sol:6:78: Missing @notice tag in variable 'price' [Warning/use-natspec]
/sb/0xe9e1e3414800886d5210a3f726947387f662ba2a.sol:7:5: Missing @notice tag in variable 'tokenReward' [Warning/use-natspec]
/sb/0xe9e1e3414800886d5210a3f726947387f662ba2a.sol:8:5: Missing @notice tag in variable 'balanceOf' [Warning/use-natspec]
/sb/0xe9e1e3414800886d5210a3f726947387f662ba2a.sol:9:5: Explicitly mark visibility of state [Warning/state-visibility]
/sb/0xe9e1e3414800886d5210a3f726947387f662ba2a.sol:10:5: Missing @notice tag in event 'GoalReached' [Warning/use-natspec]
/sb/0xe9e1e3414800886d5210a3f726947387f662ba2a.sol:10:5: Missing @param tag in event 'GoalReached' [Warning/use-natspec]
/sb/0xe9e1e3414800886d5210a3f726947387f662ba2a.sol:10:5: Mismatch in @param names for event 'GoalReached'. Expected: [beneficiary, amountRaised], Found: [] [Warning/use-natspec]
/sb/0xe9e1e3414800886d5210a3f726947387f662ba2a.sol:10:5: GC: [beneficiary] on Event [GoalReached] could be Indexed [Warning/gas-indexed-events]
/sb/0xe9e1e3414800886d5210a3f726947387f662ba2a.sol:10:5: GC: [amountRaised] on Event [GoalReached] could be Indexed [Warning/gas-indexed-events]
/sb/0xe9e1e3414800886d5210a3f726947387f662ba2a.sol:10:44: Rule is set with explicit type [var/s: uint] [Warning/explicit-types]
/sb/0xe9e1e3414800886d5210a3f726947387f662ba2a.sol:11:5: Missing @notice tag in event 'FundTransfer' [Warning/use-natspec]
/sb/0xe9e1e3414800886d5210a3f726947387f662ba2a.sol:11:5: Missing @param tag in event 'FundTransfer' [Warning/use-natspec]
/sb/0xe9e1e3414800886d5210a3f726947387f662ba2a.sol:11:5: Mismatch in @param names for event 'FundTransfer'. Expected: [backer, amount, isContribution], Found: [] [Warning/use-natspec]
/sb/0xe9e1e3414800886d5210a3f726947387f662ba2a.sol:11:5: GC: [backer] on Event [FundTransfer] could be Indexed [Warning/gas-indexed-events]
/sb/0xe9e1e3414800886d5210a3f726947387f662ba2a.sol:11:5: GC: [amount] on Event [FundTransfer] could be Indexed [Warning/gas-indexed-events]
/sb/0xe9e1e3414800886d5210a3f726947387f662ba2a.sol:11:5: GC: [isContribution] on Event [FundTransfer] could be Indexed [Warning/gas-indexed-events]
/sb/0xe9e1e3414800886d5210a3f726947387f662ba2a.sol:11:40: Rule is set with explicit type [var/s: uint] [Warning/explicit-types]
/sb/0xe9e1e3414800886d5210a3f726947387f662ba2a.sol:12:5: Explicitly mark visibility of state [Warning/state-visibility]
/sb/0xe9e1e3414800886d5210a3f726947387f662ba2a.sol:17:5: Missing @notice tag in function 'Crowdsale' [Warning/use-natspec]
/sb/0xe9e1e3414800886d5210a3f726947387f662ba2a.sol:17:5: Missing @param tag in function 'Crowdsale' [Warning/use-natspec]
/sb/0xe9e1e3414800886d5210a3f726947387f662ba2a.sol:17:5: Mismatch in @param names for function 'Crowdsale'. Expected: [ifSuccessfulSendTo, fundingGoalInEthers, durationInMinutes, etherCostOfEachToken, addressOfTokenUsedAsReward], Found: [] [Warning/use-natspec]
/sb/0xe9e1e3414800886d5210a3f726947387f662ba2a.sol:17:5: Explicitly mark visibility in function (Set ignoreConstructors to true if using solidity >=0.7.0) [Warning/func-visibility]
/sb/0xe9e1e3414800886d5210a3f726947387f662ba2a.sol:19:9: Rule is set with explicit type [var/s: uint] [Warning/explicit-types]
/sb/0xe9e1e3414800886d5210a3f726947387f662ba2a.sol:20:9: Rule is set with explicit type [var/s: uint] [Warning/explicit-types]
/sb/0xe9e1e3414800886d5210a3f726947387f662ba2a.sol:21:9: Rule is set with explicit type [var/s: uint] [Warning/explicit-types]
/sb/0xe9e1e3414800886d5210a3f726947387f662ba2a.sol:32:5: Missing @notice tag in function '<anonymous>' [Warning/use-natspec]
/sb/0xe9e1e3414800886d5210a3f726947387f662ba2a.sol:32:5: Explicitly mark visibility in function [Warning/func-visibility]
/sb/0xe9e1e3414800886d5210a3f726947387f662ba2a.sol:32:5: Fallback function must be simple [Warning/no-complex-fallback]
/sb/0xe9e1e3414800886d5210a3f726947387f662ba2a.sol:33:30: "throw" is deprecated, avoid to use it [Warning/avoid-throw]
/sb/0xe9e1e3414800886d5210a3f726947387f662ba2a.sol:34:9: Rule is set with explicit type [var/s: uint] [Warning/explicit-types]
/sb/0xe9e1e3414800886d5210a3f726947387f662ba2a.sol:42:36: GC: Non strict inequality found. Try converting to a strict one [Warning/gas-strict-inequalities]
/sb/0xe9e1e3414800886d5210a3f726947387f662ba2a.sol:45:5: Missing @notice tag in function 'checkGoalReached' [Warning/use-natspec]
/sb/0xe9e1e3414800886d5210a3f726947387f662ba2a.sol:45:5: Explicitly mark visibility in function [Warning/func-visibility]
/sb/0xe9e1e3414800886d5210a3f726947387f662ba2a.sol:46:13: GC: Non strict inequality found. Try converting to a strict one [Warning/gas-strict-inequalities]
/sb/0xe9e1e3414800886d5210a3f726947387f662ba2a.sol:52:5: Missing @notice tag in function 'forwardFunds' [Warning/use-natspec]
/sb/0xe9e1e3414800886d5210a3f726947387f662ba2a.sol:56:5: Missing @notice tag in function 'safeWithdrawal' [Warning/use-natspec]
/sb/0xe9e1e3414800886d5210a3f726947387f662ba2a.sol:56:5: Explicitly mark visibility in function [Warning/func-visibility]

59 problem/s (1 error/s, 58 warning/s)
