A new version of Solhint is available: 6.0.1
Please consider updating your Solhint package.
/sb/0x15247cf99b5870f54ea17e85e1af8667a58a6644.sol:1:1: Found more than One contract per file. 3 contracts found! [Warning/one-contract-per-file]
/sb/0x15247cf99b5870f54ea17e85e1af8667a58a6644.sol:1:1: Compiler version ^0.4.24 does not satisfy the ^0.8.24 semver requirement [Error/compiler-version]
/sb/0x15247cf99b5870f54ea17e85e1af8667a58a6644.sol:4:1: Interface name 'PlayerBookReceiverInterface' must start with "I" [Warning/interface-starts-with-i]
/sb/0x15247cf99b5870f54ea17e85e1af8667a58a6644.sol:4:1: Missing @title tag in contract 'PlayerBookReceiverInterface' [Warning/use-natspec]
/sb/0x15247cf99b5870f54ea17e85e1af8667a58a6644.sol:4:1: Missing @author tag in contract 'PlayerBookReceiverInterface' [Warning/use-natspec]
/sb/0x15247cf99b5870f54ea17e85e1af8667a58a6644.sol:4:1: Missing @notice tag in contract 'PlayerBookReceiverInterface' [Warning/use-natspec]
/sb/0x15247cf99b5870f54ea17e85e1af8667a58a6644.sol:5:5: Missing @notice tag in function 'receivePlayerInfo' [Warning/use-natspec]
/sb/0x15247cf99b5870f54ea17e85e1af8667a58a6644.sol:5:5: Missing @param tag in function 'receivePlayerInfo' [Warning/use-natspec]
/sb/0x15247cf99b5870f54ea17e85e1af8667a58a6644.sol:5:5: Mismatch in @param names for function 'receivePlayerInfo'. Expected: [_pID, _addr, _name, _laff], Found: [] [Warning/use-natspec]
/sb/0x15247cf99b5870f54ea17e85e1af8667a58a6644.sol:6:5: Missing @notice tag in function 'receivePlayerNameList' [Warning/use-natspec]
/sb/0x15247cf99b5870f54ea17e85e1af8667a58a6644.sol:6:5: Missing @param tag in function 'receivePlayerNameList' [Warning/use-natspec]
/sb/0x15247cf99b5870f54ea17e85e1af8667a58a6644.sol:6:5: Mismatch in @param names for function 'receivePlayerNameList'. Expected: [_pID, _name], Found: [] [Warning/use-natspec]
/sb/0x15247cf99b5870f54ea17e85e1af8667a58a6644.sol:10:1: Missing @title tag in contract 'PlayerBook' [Warning/use-natspec]
/sb/0x15247cf99b5870f54ea17e85e1af8667a58a6644.sol:10:1: Missing @author tag in contract 'PlayerBook' [Warning/use-natspec]
/sb/0x15247cf99b5870f54ea17e85e1af8667a58a6644.sol:10:1: Missing @notice tag in contract 'PlayerBook' [Warning/use-natspec]
/sb/0x15247cf99b5870f54ea17e85e1af8667a58a6644.sol:19:5: Missing @notice tag in variable 'registrationFee_' [Warning/use-natspec]
/sb/0x15247cf99b5870f54ea17e85e1af8667a58a6644.sol:20:5: Missing @notice tag in variable 'games_' [Warning/use-natspec]
/sb/0x15247cf99b5870f54ea17e85e1af8667a58a6644.sol:21:5: Missing @notice tag in variable 'gameNames_' [Warning/use-natspec]
/sb/0x15247cf99b5870f54ea17e85e1af8667a58a6644.sol:22:5: Missing @notice tag in variable 'gameIDs_' [Warning/use-natspec]
/sb/0x15247cf99b5870f54ea17e85e1af8667a58a6644.sol:23:5: Missing @notice tag in variable 'gID_' [Warning/use-natspec]
/sb/0x15247cf99b5870f54ea17e85e1af8667a58a6644.sol:24:5: Missing @notice tag in variable 'pID_' [Warning/use-natspec]
/sb/0x15247cf99b5870f54ea17e85e1af8667a58a6644.sol:25:5: Missing @notice tag in variable 'pIDxAddr_' [Warning/use-natspec]
/sb/0x15247cf99b5870f54ea17e85e1af8667a58a6644.sol:26:5: Missing @notice tag in variable 'pIDxName_' [Warning/use-natspec]
/sb/0x15247cf99b5870f54ea17e85e1af8667a58a6644.sol:27:5: Missing @notice tag in variable 'plyr_' [Warning/use-natspec]
/sb/0x15247cf99b5870f54ea17e85e1af8667a58a6644.sol:28:5: Missing @notice tag in variable 'plyrNames_' [Warning/use-natspec]
/sb/0x15247cf99b5870f54ea17e85e1af8667a58a6644.sol:29:5: Missing @notice tag in variable 'plyrNameList_' [Warning/use-natspec]
/sb/0x15247cf99b5870f54ea17e85e1af8667a58a6644.sol:40:5: Missing @notice tag in function '<anonymous>' [Warning/use-natspec]
/sb/0x15247cf99b5870f54ea17e85e1af8667a58a6644.sol:75:9: Avoid to use inline assembly. It is acceptable only in rare cases [Warning/no-inline-assembly]
/sb/0x15247cf99b5870f54ea17e85e1af8667a58a6644.sol:88:9: Provide an error message for require [Warning/reason-string]
/sb/0x15247cf99b5870f54ea17e85e1af8667a58a6644.sol:96:5: Missing @notice tag in event 'onNewName' [Warning/use-natspec]
/sb/0x15247cf99b5870f54ea17e85e1af8667a58a6644.sol:96:5: Missing @param tag in event 'onNewName' [Warning/use-natspec]
/sb/0x15247cf99b5870f54ea17e85e1af8667a58a6644.sol:96:5: Mismatch in @param names for event 'onNewName'. Expected: [playerID, playerAddress, playerName, isNewPlayer, affiliateID, affiliateAddress, affiliateName, amountPaid, timeStamp], Found: [] [Warning/use-natspec]
/sb/0x15247cf99b5870f54ea17e85e1af8667a58a6644.sol:96:5: Event name must be in CapWords [Warning/event-name-capwords]
/sb/0x15247cf99b5870f54ea17e85e1af8667a58a6644.sol:112:5: Missing @notice tag in function 'checkIfNameValid' [Warning/use-natspec]
/sb/0x15247cf99b5870f54ea17e85e1af8667a58a6644.sol:112:5: Missing @param tag in function 'checkIfNameValid' [Warning/use-natspec]
/sb/0x15247cf99b5870f54ea17e85e1af8667a58a6644.sol:112:5: Mismatch in @param names for function 'checkIfNameValid'. Expected: [_nameStr], Found: [] [Warning/use-natspec]
/sb/0x15247cf99b5870f54ea17e85e1af8667a58a6644.sol:112:5: Missing @return tag in function 'checkIfNameValid' [Warning/use-natspec]
/sb/0x15247cf99b5870f54ea17e85e1af8667a58a6644.sol:112:5: Mismatch in @return count for function 'checkIfNameValid'. Expected: 1, Found: 0 [Warning/use-natspec]
/sb/0x15247cf99b5870f54ea17e85e1af8667a58a6644.sol:149:5: Missing @notice tag in function 'registerNameXID' [Warning/use-natspec]
/sb/0x15247cf99b5870f54ea17e85e1af8667a58a6644.sol:151:9: Visibility modifier must be first in list of modifiers [Warning/visibility-modifier-order]
/sb/0x15247cf99b5870f54ea17e85e1af8667a58a6644.sol:155:9: Error message for require is too long: 38 counted / 32 allowed [Warning/reason-string]
/sb/0x15247cf99b5870f54ea17e85e1af8667a58a6644.sol:155:9: GC: String exceeds 32 bytes [Warning/gas-small-strings]
/sb/0x15247cf99b5870f54ea17e85e1af8667a58a6644.sol:155:18: GC: Non strict inequality found. Try converting to a strict one [Warning/gas-strict-inequalities]
/sb/0x15247cf99b5870f54ea17e85e1af8667a58a6644.sol:184:5: Missing @notice tag in function 'registerNameXaddr' [Warning/use-natspec]
/sb/0x15247cf99b5870f54ea17e85e1af8667a58a6644.sol:184:5: Missing @param tag in function 'registerNameXaddr' [Warning/use-natspec]
/sb/0x15247cf99b5870f54ea17e85e1af8667a58a6644.sol:184:5: Mismatch in @param names for function 'registerNameXaddr'. Expected: [_nameString, _affCode, _all], Found: [] [Warning/use-natspec]
/sb/0x15247cf99b5870f54ea17e85e1af8667a58a6644.sol:186:9: Visibility modifier must be first in list of modifiers [Warning/visibility-modifier-order]
/sb/0x15247cf99b5870f54ea17e85e1af8667a58a6644.sol:190:9: Error message for require is too long: 38 counted / 32 allowed [Warning/reason-string]
/sb/0x15247cf99b5870f54ea17e85e1af8667a58a6644.sol:190:9: GC: String exceeds 32 bytes [Warning/gas-small-strings]
/sb/0x15247cf99b5870f54ea17e85e1af8667a58a6644.sol:190:18: GC: Non strict inequality found. Try converting to a strict one [Warning/gas-strict-inequalities]
/sb/0x15247cf99b5870f54ea17e85e1af8667a58a6644.sol:224:5: Missing @notice tag in function 'registerNameXname' [Warning/use-natspec]
/sb/0x15247cf99b5870f54ea17e85e1af8667a58a6644.sol:224:5: Missing @param tag in function 'registerNameXname' [Warning/use-natspec]
/sb/0x15247cf99b5870f54ea17e85e1af8667a58a6644.sol:224:5: Mismatch in @param names for function 'registerNameXname'. Expected: [_nameString, _affCode, _all], Found: [] [Warning/use-natspec]
/sb/0x15247cf99b5870f54ea17e85e1af8667a58a6644.sol:226:9: Visibility modifier must be first in list of modifiers [Warning/visibility-modifier-order]
/sb/0x15247cf99b5870f54ea17e85e1af8667a58a6644.sol:230:9: Error message for require is too long: 38 counted / 32 allowed [Warning/reason-string]
/sb/0x15247cf99b5870f54ea17e85e1af8667a58a6644.sol:230:9: GC: String exceeds 32 bytes [Warning/gas-small-strings]
/sb/0x15247cf99b5870f54ea17e85e1af8667a58a6644.sol:230:18: GC: Non strict inequality found. Try converting to a strict one [Warning/gas-strict-inequalities]
/sb/0x15247cf99b5870f54ea17e85e1af8667a58a6644.sol:272:5: Missing @notice tag in function 'addMeToGame' [Warning/use-natspec]
/sb/0x15247cf99b5870f54ea17e85e1af8667a58a6644.sol:274:9: Visibility modifier must be first in list of modifiers [Warning/visibility-modifier-order]
/sb/0x15247cf99b5870f54ea17e85e1af8667a58a6644.sol:276:9: Error message for require is too long: 41 counted / 32 allowed [Warning/reason-string]
/sb/0x15247cf99b5870f54ea17e85e1af8667a58a6644.sol:276:9: GC: String exceeds 32 bytes [Warning/gas-small-strings]
/sb/0x15247cf99b5870f54ea17e85e1af8667a58a6644.sol:276:17: GC: Non strict inequality found. Try converting to a strict one [Warning/gas-strict-inequalities]
/sb/0x15247cf99b5870f54ea17e85e1af8667a58a6644.sol:279:9: Error message for require is too long: 46 counted / 32 allowed [Warning/reason-string]
/sb/0x15247cf99b5870f54ea17e85e1af8667a58a6644.sol:279:9: GC: String exceeds 32 bytes [Warning/gas-small-strings]
/sb/0x15247cf99b5870f54ea17e85e1af8667a58a6644.sol:287:34: GC: Non strict inequality found. Try converting to a strict one [Warning/gas-strict-inequalities]
/sb/0x15247cf99b5870f54ea17e85e1af8667a58a6644.sol:287:53: GC: For [ ii ] variable, increment/decrement by 1 using: [ ++variable ] to save gas [Warning/gas-increment-by-one]
/sb/0x15247cf99b5870f54ea17e85e1af8667a58a6644.sol:295:5: Missing @notice tag in function 'addMeToAllGames' [Warning/use-natspec]
/sb/0x15247cf99b5870f54ea17e85e1af8667a58a6644.sol:297:9: Visibility modifier must be first in list of modifiers [Warning/visibility-modifier-order]
/sb/0x15247cf99b5870f54ea17e85e1af8667a58a6644.sol:301:9: Error message for require is too long: 46 counted / 32 allowed [Warning/reason-string]
/sb/0x15247cf99b5870f54ea17e85e1af8667a58a6644.sol:301:9: GC: String exceeds 32 bytes [Warning/gas-small-strings]
/sb/0x15247cf99b5870f54ea17e85e1af8667a58a6644.sol:306:29: GC: Non strict inequality found. Try converting to a strict one [Warning/gas-strict-inequalities]
/sb/0x15247cf99b5870f54ea17e85e1af8667a58a6644.sol:306:40: GC: For [ i ] variable, increment/decrement by 1 using: [ ++variable ] to save gas [Warning/gas-increment-by-one]
/sb/0x15247cf99b5870f54ea17e85e1af8667a58a6644.sol:310:38: GC: Non strict inequality found. Try converting to a strict one [Warning/gas-strict-inequalities]
/sb/0x15247cf99b5870f54ea17e85e1af8667a58a6644.sol:310:57: GC: For [ ii ] variable, increment/decrement by 1 using: [ ++variable ] to save gas [Warning/gas-increment-by-one]
/sb/0x15247cf99b5870f54ea17e85e1af8667a58a6644.sol:322:5: Missing @notice tag in function 'useMyOldName' [Warning/use-natspec]
/sb/0x15247cf99b5870f54ea17e85e1af8667a58a6644.sol:324:9: Visibility modifier must be first in list of modifiers [Warning/visibility-modifier-order]
/sb/0x15247cf99b5870f54ea17e85e1af8667a58a6644.sol:341:5: Missing @notice tag in function 'registerNameCore' [Warning/use-natspec]
/sb/0x15247cf99b5870f54ea17e85e1af8667a58a6644.sol:341:5: Missing @param tag in function 'registerNameCore' [Warning/use-natspec]
/sb/0x15247cf99b5870f54ea17e85e1af8667a58a6644.sol:341:5: Mismatch in @param names for function 'registerNameCore'. Expected: [_pID, _addr, _affID, _name, _isNewPlayer, _all], Found: [] [Warning/use-natspec]
/sb/0x15247cf99b5870f54ea17e85e1af8667a58a6644.sol:354:13: GC: For [ plyr_ ] variable, increment/decrement by 1 using: [ ++variable ] to save gas [Warning/gas-increment-by-one]
/sb/0x15247cf99b5870f54ea17e85e1af8667a58a6644.sol:363:33: GC: Non strict inequality found. Try converting to a strict one [Warning/gas-strict-inequalities]
/sb/0x15247cf99b5870f54ea17e85e1af8667a58a6644.sol:363:44: GC: For [ i ] variable, increment/decrement by 1 using: [ ++variable ] to save gas [Warning/gas-increment-by-one]
/sb/0x15247cf99b5870f54ea17e85e1af8667a58a6644.sol:373:5: Missing @notice tag in function 'determinePID' [Warning/use-natspec]
/sb/0x15247cf99b5870f54ea17e85e1af8667a58a6644.sol:373:5: Missing @param tag in function 'determinePID' [Warning/use-natspec]
/sb/0x15247cf99b5870f54ea17e85e1af8667a58a6644.sol:373:5: Mismatch in @param names for function 'determinePID'. Expected: [_addr], Found: [] [Warning/use-natspec]
/sb/0x15247cf99b5870f54ea17e85e1af8667a58a6644.sol:373:5: Missing @return tag in function 'determinePID' [Warning/use-natspec]
/sb/0x15247cf99b5870f54ea17e85e1af8667a58a6644.sol:373:5: Mismatch in @return count for function 'determinePID'. Expected: 1, Found: 0 [Warning/use-natspec]
/sb/0x15247cf99b5870f54ea17e85e1af8667a58a6644.sol:379:13: GC: For [ pID_ ] variable, increment/decrement by 1 using: [ ++variable ] to save gas [Warning/gas-increment-by-one]
/sb/0x15247cf99b5870f54ea17e85e1af8667a58a6644.sol:393:5: Missing @notice tag in function 'getPlayerID' [Warning/use-natspec]
/sb/0x15247cf99b5870f54ea17e85e1af8667a58a6644.sol:393:5: Missing @param tag in function 'getPlayerID' [Warning/use-natspec]
/sb/0x15247cf99b5870f54ea17e85e1af8667a58a6644.sol:393:5: Mismatch in @param names for function 'getPlayerID'. Expected: [_addr], Found: [] [Warning/use-natspec]
/sb/0x15247cf99b5870f54ea17e85e1af8667a58a6644.sol:393:5: Missing @return tag in function 'getPlayerID' [Warning/use-natspec]
/sb/0x15247cf99b5870f54ea17e85e1af8667a58a6644.sol:393:5: Mismatch in @return count for function 'getPlayerID'. Expected: 1, Found: 0 [Warning/use-natspec]
/sb/0x15247cf99b5870f54ea17e85e1af8667a58a6644.sol:395:9: Visibility modifier must be first in list of modifiers [Warning/visibility-modifier-order]
/sb/0x15247cf99b5870f54ea17e85e1af8667a58a6644.sol:401:5: Missing @notice tag in function 'getPlayerName' [Warning/use-natspec]
/sb/0x15247cf99b5870f54ea17e85e1af8667a58a6644.sol:401:5: Missing @param tag in function 'getPlayerName' [Warning/use-natspec]
/sb/0x15247cf99b5870f54ea17e85e1af8667a58a6644.sol:401:5: Mismatch in @param names for function 'getPlayerName'. Expected: [_pID], Found: [] [Warning/use-natspec]
/sb/0x15247cf99b5870f54ea17e85e1af8667a58a6644.sol:401:5: Missing @return tag in function 'getPlayerName' [Warning/use-natspec]
/sb/0x15247cf99b5870f54ea17e85e1af8667a58a6644.sol:401:5: Mismatch in @return count for function 'getPlayerName'. Expected: 1, Found: 0 [Warning/use-natspec]
/sb/0x15247cf99b5870f54ea17e85e1af8667a58a6644.sol:408:5: Missing @notice tag in function 'getPlayerLAff' [Warning/use-natspec]
/sb/0x15247cf99b5870f54ea17e85e1af8667a58a6644.sol:408:5: Missing @param tag in function 'getPlayerLAff' [Warning/use-natspec]
/sb/0x15247cf99b5870f54ea17e85e1af8667a58a6644.sol:408:5: Mismatch in @param names for function 'getPlayerLAff'. Expected: [_pID], Found: [] [Warning/use-natspec]
/sb/0x15247cf99b5870f54ea17e85e1af8667a58a6644.sol:408:5: Missing @return tag in function 'getPlayerLAff' [Warning/use-natspec]
/sb/0x15247cf99b5870f54ea17e85e1af8667a58a6644.sol:408:5: Mismatch in @return count for function 'getPlayerLAff'. Expected: 1, Found: 0 [Warning/use-natspec]
/sb/0x15247cf99b5870f54ea17e85e1af8667a58a6644.sol:415:5: Missing @notice tag in function 'getPlayerAddr' [Warning/use-natspec]
/sb/0x15247cf99b5870f54ea17e85e1af8667a58a6644.sol:415:5: Missing @param tag in function 'getPlayerAddr' [Warning/use-natspec]
/sb/0x15247cf99b5870f54ea17e85e1af8667a58a6644.sol:415:5: Mismatch in @param names for function 'getPlayerAddr'. Expected: [_pID], Found: [] [Warning/use-natspec]
/sb/0x15247cf99b5870f54ea17e85e1af8667a58a6644.sol:415:5: Missing @return tag in function 'getPlayerAddr' [Warning/use-natspec]
/sb/0x15247cf99b5870f54ea17e85e1af8667a58a6644.sol:415:5: Mismatch in @return count for function 'getPlayerAddr'. Expected: 1, Found: 0 [Warning/use-natspec]
/sb/0x15247cf99b5870f54ea17e85e1af8667a58a6644.sol:422:5: Missing @notice tag in function 'getNameFee' [Warning/use-natspec]
/sb/0x15247cf99b5870f54ea17e85e1af8667a58a6644.sol:422:5: Missing @return tag in function 'getNameFee' [Warning/use-natspec]
/sb/0x15247cf99b5870f54ea17e85e1af8667a58a6644.sol:422:5: Mismatch in @return count for function 'getNameFee'. Expected: 1, Found: 0 [Warning/use-natspec]
/sb/0x15247cf99b5870f54ea17e85e1af8667a58a6644.sol:429:5: Missing @notice tag in function 'registerNameXIDFromDapp' [Warning/use-natspec]
/sb/0x15247cf99b5870f54ea17e85e1af8667a58a6644.sol:429:5: Missing @param tag in function 'registerNameXIDFromDapp' [Warning/use-natspec]
/sb/0x15247cf99b5870f54ea17e85e1af8667a58a6644.sol:429:5: Mismatch in @param names for function 'registerNameXIDFromDapp'. Expected: [_addr, _name, _affCode, _all], Found: [] [Warning/use-natspec]
/sb/0x15247cf99b5870f54ea17e85e1af8667a58a6644.sol:429:5: Missing @return tag in function 'registerNameXIDFromDapp' [Warning/use-natspec]
/sb/0x15247cf99b5870f54ea17e85e1af8667a58a6644.sol:429:5: Mismatch in @return count for function 'registerNameXIDFromDapp'. Expected: 2, Found: 0 [Warning/use-natspec]
/sb/0x15247cf99b5870f54ea17e85e1af8667a58a6644.sol:431:9: Visibility modifier must be first in list of modifiers [Warning/visibility-modifier-order]
/sb/0x15247cf99b5870f54ea17e85e1af8667a58a6644.sol:436:9: Error message for require is too long: 38 counted / 32 allowed [Warning/reason-string]
/sb/0x15247cf99b5870f54ea17e85e1af8667a58a6644.sol:436:9: GC: String exceeds 32 bytes [Warning/gas-small-strings]
/sb/0x15247cf99b5870f54ea17e85e1af8667a58a6644.sol:436:18: GC: Non strict inequality found. Try converting to a strict one [Warning/gas-strict-inequalities]
/sb/0x15247cf99b5870f54ea17e85e1af8667a58a6644.sol:461:5: Missing @notice tag in function 'registerNameXaddrFromDapp' [Warning/use-natspec]
/sb/0x15247cf99b5870f54ea17e85e1af8667a58a6644.sol:461:5: Missing @param tag in function 'registerNameXaddrFromDapp' [Warning/use-natspec]
/sb/0x15247cf99b5870f54ea17e85e1af8667a58a6644.sol:461:5: Mismatch in @param names for function 'registerNameXaddrFromDapp'. Expected: [_addr, _name, _affCode, _all], Found: [] [Warning/use-natspec]
/sb/0x15247cf99b5870f54ea17e85e1af8667a58a6644.sol:461:5: Missing @return tag in function 'registerNameXaddrFromDapp' [Warning/use-natspec]
/sb/0x15247cf99b5870f54ea17e85e1af8667a58a6644.sol:461:5: Mismatch in @return count for function 'registerNameXaddrFromDapp'. Expected: 2, Found: 0 [Warning/use-natspec]
/sb/0x15247cf99b5870f54ea17e85e1af8667a58a6644.sol:463:9: Visibility modifier must be first in list of modifiers [Warning/visibility-modifier-order]
/sb/0x15247cf99b5870f54ea17e85e1af8667a58a6644.sol:468:9: Error message for require is too long: 38 counted / 32 allowed [Warning/reason-string]
/sb/0x15247cf99b5870f54ea17e85e1af8667a58a6644.sol:468:9: GC: String exceeds 32 bytes [Warning/gas-small-strings]
/sb/0x15247cf99b5870f54ea17e85e1af8667a58a6644.sol:468:18: GC: Non strict inequality found. Try converting to a strict one [Warning/gas-strict-inequalities]
/sb/0x15247cf99b5870f54ea17e85e1af8667a58a6644.sol:497:5: Missing @notice tag in function 'registerNameXnameFromDapp' [Warning/use-natspec]
/sb/0x15247cf99b5870f54ea17e85e1af8667a58a6644.sol:497:5: Missing @param tag in function 'registerNameXnameFromDapp' [Warning/use-natspec]
/sb/0x15247cf99b5870f54ea17e85e1af8667a58a6644.sol:497:5: Mismatch in @param names for function 'registerNameXnameFromDapp'. Expected: [_addr, _name, _affCode, _all], Found: [] [Warning/use-natspec]
/sb/0x15247cf99b5870f54ea17e85e1af8667a58a6644.sol:497:5: Missing @return tag in function 'registerNameXnameFromDapp' [Warning/use-natspec]
/sb/0x15247cf99b5870f54ea17e85e1af8667a58a6644.sol:497:5: Mismatch in @return count for function 'registerNameXnameFromDapp'. Expected: 2, Found: 0 [Warning/use-natspec]
/sb/0x15247cf99b5870f54ea17e85e1af8667a58a6644.sol:499:9: Visibility modifier must be first in list of modifiers [Warning/visibility-modifier-order]
/sb/0x15247cf99b5870f54ea17e85e1af8667a58a6644.sol:504:9: Error message for require is too long: 38 counted / 32 allowed [Warning/reason-string]
/sb/0x15247cf99b5870f54ea17e85e1af8667a58a6644.sol:504:9: GC: String exceeds 32 bytes [Warning/gas-small-strings]
/sb/0x15247cf99b5870f54ea17e85e1af8667a58a6644.sol:504:18: GC: Non strict inequality found. Try converting to a strict one [Warning/gas-strict-inequalities]
/sb/0x15247cf99b5870f54ea17e85e1af8667a58a6644.sol:538:5: Missing @notice tag in function 'addGame' [Warning/use-natspec]
/sb/0x15247cf99b5870f54ea17e85e1af8667a58a6644.sol:538:5: Missing @param tag in function 'addGame' [Warning/use-natspec]
/sb/0x15247cf99b5870f54ea17e85e1af8667a58a6644.sol:538:5: Mismatch in @param names for function 'addGame'. Expected: [_gameAddress, _gameNameStr], Found: [] [Warning/use-natspec]
/sb/0x15247cf99b5870f54ea17e85e1af8667a58a6644.sol:540:9: Visibility modifier must be first in list of modifiers [Warning/visibility-modifier-order]
/sb/0x15247cf99b5870f54ea17e85e1af8667a58a6644.sol:542:9: Error message for require is too long: 40 counted / 32 allowed [Warning/reason-string]
/sb/0x15247cf99b5870f54ea17e85e1af8667a58a6644.sol:542:9: GC: String exceeds 32 bytes [Warning/gas-small-strings]
/sb/0x15247cf99b5870f54ea17e85e1af8667a58a6644.sol:544:13: GC: For [ gID_ ] variable, increment/decrement by 1 using: [ ++variable ] to save gas [Warning/gas-increment-by-one]
/sb/0x15247cf99b5870f54ea17e85e1af8667a58a6644.sol:556:5: Missing @notice tag in function 'setRegistrationFee' [Warning/use-natspec]
/sb/0x15247cf99b5870f54ea17e85e1af8667a58a6644.sol:556:5: Missing @param tag in function 'setRegistrationFee' [Warning/use-natspec]
/sb/0x15247cf99b5870f54ea17e85e1af8667a58a6644.sol:556:5: Mismatch in @param names for function 'setRegistrationFee'. Expected: [_fee], Found: [] [Warning/use-natspec]
/sb/0x15247cf99b5870f54ea17e85e1af8667a58a6644.sol:558:9: Visibility modifier must be first in list of modifiers [Warning/visibility-modifier-order]
/sb/0x15247cf99b5870f54ea17e85e1af8667a58a6644.sol:588:1: Missing @author tag in contract 'NameFilter' [Warning/use-natspec]
/sb/0x15247cf99b5870f54ea17e85e1af8667a58a6644.sol:588:1: Missing @notice tag in contract 'NameFilter' [Warning/use-natspec]
/sb/0x15247cf99b5870f54ea17e85e1af8667a58a6644.sol:600:5: Function body contains 61 lines but allowed no more than 50 lines [Warning/function-max-lines]
/sb/0x15247cf99b5870f54ea17e85e1af8667a58a6644.sol:600:5: Missing @notice tag in function 'nameFilter' [Warning/use-natspec]
/sb/0x15247cf99b5870f54ea17e85e1af8667a58a6644.sol:600:5: Missing @param tag in function 'nameFilter' [Warning/use-natspec]
/sb/0x15247cf99b5870f54ea17e85e1af8667a58a6644.sol:600:5: Mismatch in @param names for function 'nameFilter'. Expected: [_input], Found: [] [Warning/use-natspec]
/sb/0x15247cf99b5870f54ea17e85e1af8667a58a6644.sol:609:9: Error message for require is too long: 42 counted / 32 allowed [Warning/reason-string]
/sb/0x15247cf99b5870f54ea17e85e1af8667a58a6644.sol:609:9: GC: String exceeds 32 bytes [Warning/gas-small-strings]
/sb/0x15247cf99b5870f54ea17e85e1af8667a58a6644.sol:609:18: GC: Non strict inequality found. Try converting to a strict one [Warning/gas-strict-inequalities]
/sb/0x15247cf99b5870f54ea17e85e1af8667a58a6644.sol:611:9: Error message for require is too long: 37 counted / 32 allowed [Warning/reason-string]
/sb/0x15247cf99b5870f54ea17e85e1af8667a58a6644.sol:611:9: GC: String exceeds 32 bytes [Warning/gas-small-strings]
/sb/0x15247cf99b5870f54ea17e85e1af8667a58a6644.sol:623:42: GC: For [ i ] variable, increment/decrement by 1 using: [ ++variable ] to save gas [Warning/gas-increment-by-one]
/sb/0x15247cf99b5870f54ea17e85e1af8667a58a6644.sol:629:17: Rule is set with explicit type [var/s: uint] [Warning/explicit-types]
/sb/0x15247cf99b5870f54ea17e85e1af8667a58a6644.sol:635:17: Error message for require is too long: 34 counted / 32 allowed [Warning/reason-string]
/sb/0x15247cf99b5870f54ea17e85e1af8667a58a6644.sol:635:17: GC: String exceeds 32 bytes [Warning/gas-small-strings]
/sb/0x15247cf99b5870f54ea17e85e1af8667a58a6644.sol:647:21: Error message for require is too long: 40 counted / 32 allowed [Warning/reason-string]
/sb/0x15247cf99b5870f54ea17e85e1af8667a58a6644.sol:647:21: GC: String exceeds 32 bytes [Warning/gas-small-strings]
/sb/0x15247cf99b5870f54ea17e85e1af8667a58a6644.sol:658:9: Avoid to use inline assembly. It is acceptable only in rare cases [Warning/no-inline-assembly]
/sb/0x15247cf99b5870f54ea17e85e1af8667a58a6644.sol:675:1: Missing @author tag in contract 'SafeMath' [Warning/use-natspec]
/sb/0x15247cf99b5870f54ea17e85e1af8667a58a6644.sol:675:1: Missing @notice tag in contract 'SafeMath' [Warning/use-natspec]
/sb/0x15247cf99b5870f54ea17e85e1af8667a58a6644.sol:680:5: Missing @notice tag in function 'mul' [Warning/use-natspec]
/sb/0x15247cf99b5870f54ea17e85e1af8667a58a6644.sol:680:5: Missing @param tag in function 'mul' [Warning/use-natspec]
/sb/0x15247cf99b5870f54ea17e85e1af8667a58a6644.sol:680:5: Mismatch in @param names for function 'mul'. Expected: [a, b], Found: [] [Warning/use-natspec]
/sb/0x15247cf99b5870f54ea17e85e1af8667a58a6644.sol:680:5: Missing @return tag in function 'mul' [Warning/use-natspec]
/sb/0x15247cf99b5870f54ea17e85e1af8667a58a6644.sol:680:5: Mismatch in @return names for function 'mul'. Expected: [c], Found: [] [Warning/use-natspec]
/sb/0x15247cf99b5870f54ea17e85e1af8667a58a6644.sol:696:5: Missing @notice tag in function 'sub' [Warning/use-natspec]
/sb/0x15247cf99b5870f54ea17e85e1af8667a58a6644.sol:696:5: Missing @param tag in function 'sub' [Warning/use-natspec]
/sb/0x15247cf99b5870f54ea17e85e1af8667a58a6644.sol:696:5: Mismatch in @param names for function 'sub'. Expected: [a, b], Found: [] [Warning/use-natspec]
/sb/0x15247cf99b5870f54ea17e85e1af8667a58a6644.sol:696:5: Missing @return tag in function 'sub' [Warning/use-natspec]
/sb/0x15247cf99b5870f54ea17e85e1af8667a58a6644.sol:696:5: Mismatch in @return count for function 'sub'. Expected: 1, Found: 0 [Warning/use-natspec]
/sb/0x15247cf99b5870f54ea17e85e1af8667a58a6644.sol:701:17: GC: Non strict inequality found. Try converting to a strict one [Warning/gas-strict-inequalities]
/sb/0x15247cf99b5870f54ea17e85e1af8667a58a6644.sol:708:5: Missing @notice tag in function 'add' [Warning/use-natspec]
/sb/0x15247cf99b5870f54ea17e85e1af8667a58a6644.sol:708:5: Missing @param tag in function 'add' [Warning/use-natspec]
/sb/0x15247cf99b5870f54ea17e85e1af8667a58a6644.sol:708:5: Mismatch in @param names for function 'add'. Expected: [a, b], Found: [] [Warning/use-natspec]
/sb/0x15247cf99b5870f54ea17e85e1af8667a58a6644.sol:708:5: Missing @return tag in function 'add' [Warning/use-natspec]
/sb/0x15247cf99b5870f54ea17e85e1af8667a58a6644.sol:708:5: Mismatch in @return names for function 'add'. Expected: [c], Found: [] [Warning/use-natspec]
/sb/0x15247cf99b5870f54ea17e85e1af8667a58a6644.sol:714:17: GC: Non strict inequality found. Try converting to a strict one [Warning/gas-strict-inequalities]
/sb/0x15247cf99b5870f54ea17e85e1af8667a58a6644.sol:721:5: Missing @notice tag in function 'sqrt' [Warning/use-natspec]
/sb/0x15247cf99b5870f54ea17e85e1af8667a58a6644.sol:721:5: Missing @param tag in function 'sqrt' [Warning/use-natspec]
/sb/0x15247cf99b5870f54ea17e85e1af8667a58a6644.sol:721:5: Mismatch in @param names for function 'sqrt'. Expected: [x], Found: [] [Warning/use-natspec]
/sb/0x15247cf99b5870f54ea17e85e1af8667a58a6644.sol:721:5: Missing @return tag in function 'sqrt' [Warning/use-natspec]
/sb/0x15247cf99b5870f54ea17e85e1af8667a58a6644.sol:721:5: Mismatch in @return names for function 'sqrt'. Expected: [y], Found: [] [Warning/use-natspec]
/sb/0x15247cf99b5870f54ea17e85e1af8667a58a6644.sol:738:5: Missing @notice tag in function 'sq' [Warning/use-natspec]
/sb/0x15247cf99b5870f54ea17e85e1af8667a58a6644.sol:738:5: Missing @param tag in function 'sq' [Warning/use-natspec]
/sb/0x15247cf99b5870f54ea17e85e1af8667a58a6644.sol:738:5: Mismatch in @param names for function 'sq'. Expected: [x], Found: [] [Warning/use-natspec]
/sb/0x15247cf99b5870f54ea17e85e1af8667a58a6644.sol:738:5: Missing @return tag in function 'sq' [Warning/use-natspec]
/sb/0x15247cf99b5870f54ea17e85e1af8667a58a6644.sol:738:5: Mismatch in @return count for function 'sq'. Expected: 1, Found: 0 [Warning/use-natspec]
/sb/0x15247cf99b5870f54ea17e85e1af8667a58a6644.sol:749:5: Missing @notice tag in function 'pwr' [Warning/use-natspec]
/sb/0x15247cf99b5870f54ea17e85e1af8667a58a6644.sol:749:5: Missing @param tag in function 'pwr' [Warning/use-natspec]
/sb/0x15247cf99b5870f54ea17e85e1af8667a58a6644.sol:749:5: Mismatch in @param names for function 'pwr'. Expected: [x, y], Found: [] [Warning/use-natspec]
/sb/0x15247cf99b5870f54ea17e85e1af8667a58a6644.sol:749:5: Missing @return tag in function 'pwr' [Warning/use-natspec]
/sb/0x15247cf99b5870f54ea17e85e1af8667a58a6644.sol:749:5: Mismatch in @return count for function 'pwr'. Expected: 1, Found: 0 [Warning/use-natspec]
/sb/0x15247cf99b5870f54ea17e85e1af8667a58a6644.sol:761:38: GC: For [ i ] variable, increment/decrement by 1 using: [ ++variable ] to save gas [Warning/gas-increment-by-one]

203 problem/s (1 error/s, 202 warning/s)
