A new version of Solhint is available: 6.0.1
Please consider updating your Solhint package.
/sb/0x00db3067f672a080d27268497f0eab8fd68b9a7c.sol:1:1: Found more than One contract per file. 5 contracts found! [Warning/one-contract-per-file]
/sb/0x00db3067f672a080d27268497f0eab8fd68b9a7c.sol:1:1: Compiler version ^0.4.17 does not satisfy the ^0.8.24 semver requirement [Error/compiler-version]
/sb/0x00db3067f672a080d27268497f0eab8fd68b9a7c.sol:21:1: Missing @author tag in contract 'Ownable' [Warning/use-natspec]
/sb/0x00db3067f672a080d27268497f0eab8fd68b9a7c.sol:21:1: Missing @notice tag in contract 'Ownable' [Warning/use-natspec]
/sb/0x00db3067f672a080d27268497f0eab8fd68b9a7c.sol:23:3: Missing @notice tag in variable 'owner' [Warning/use-natspec]
/sb/0x00db3067f672a080d27268497f0eab8fd68b9a7c.sol:29:3: Missing @notice tag in event 'OwnershipTransferred' [Warning/use-natspec]
/sb/0x00db3067f672a080d27268497f0eab8fd68b9a7c.sol:29:3: Missing @param tag in event 'OwnershipTransferred' [Warning/use-natspec]
/sb/0x00db3067f672a080d27268497f0eab8fd68b9a7c.sol:29:3: Mismatch in @param names for event 'OwnershipTransferred'. Expected: [previousOwner, newOwner], Found: [] [Warning/use-natspec]
/sb/0x00db3067f672a080d27268497f0eab8fd68b9a7c.sol:43:3: Missing @notice tag in function 'Ownable' [Warning/use-natspec]
/sb/0x00db3067f672a080d27268497f0eab8fd68b9a7c.sol:59:5: Provide an error message for require [Warning/reason-string]
/sb/0x00db3067f672a080d27268497f0eab8fd68b9a7c.sol:75:3: Missing @notice tag in function 'transferOwnership' [Warning/use-natspec]
/sb/0x00db3067f672a080d27268497f0eab8fd68b9a7c.sol:77:5: Provide an error message for require [Warning/reason-string]
/sb/0x00db3067f672a080d27268497f0eab8fd68b9a7c.sol:101:1: Missing @author tag in contract 'SafeMath' [Warning/use-natspec]
/sb/0x00db3067f672a080d27268497f0eab8fd68b9a7c.sol:101:1: Missing @notice tag in contract 'SafeMath' [Warning/use-natspec]
/sb/0x00db3067f672a080d27268497f0eab8fd68b9a7c.sol:111:3: Missing @notice tag in function 'mul' [Warning/use-natspec]
/sb/0x00db3067f672a080d27268497f0eab8fd68b9a7c.sol:111:3: Missing @param tag in function 'mul' [Warning/use-natspec]
/sb/0x00db3067f672a080d27268497f0eab8fd68b9a7c.sol:111:3: Mismatch in @param names for function 'mul'. Expected: [a, b], Found: [] [Warning/use-natspec]
/sb/0x00db3067f672a080d27268497f0eab8fd68b9a7c.sol:111:3: Missing @return tag in function 'mul' [Warning/use-natspec]
/sb/0x00db3067f672a080d27268497f0eab8fd68b9a7c.sol:111:3: Mismatch in @return count for function 'mul'. Expected: 1, Found: 0 [Warning/use-natspec]
/sb/0x00db3067f672a080d27268497f0eab8fd68b9a7c.sol:135:3: Missing @notice tag in function 'div' [Warning/use-natspec]
/sb/0x00db3067f672a080d27268497f0eab8fd68b9a7c.sol:135:3: Missing @param tag in function 'div' [Warning/use-natspec]
/sb/0x00db3067f672a080d27268497f0eab8fd68b9a7c.sol:135:3: Mismatch in @param names for function 'div'. Expected: [a, b], Found: [] [Warning/use-natspec]
/sb/0x00db3067f672a080d27268497f0eab8fd68b9a7c.sol:135:3: Missing @return tag in function 'div' [Warning/use-natspec]
/sb/0x00db3067f672a080d27268497f0eab8fd68b9a7c.sol:135:3: Mismatch in @return count for function 'div'. Expected: 1, Found: 0 [Warning/use-natspec]
/sb/0x00db3067f672a080d27268497f0eab8fd68b9a7c.sol:155:3: Missing @notice tag in function 'sub' [Warning/use-natspec]
/sb/0x00db3067f672a080d27268497f0eab8fd68b9a7c.sol:155:3: Missing @param tag in function 'sub' [Warning/use-natspec]
/sb/0x00db3067f672a080d27268497f0eab8fd68b9a7c.sol:155:3: Mismatch in @param names for function 'sub'. Expected: [a, b], Found: [] [Warning/use-natspec]
/sb/0x00db3067f672a080d27268497f0eab8fd68b9a7c.sol:155:3: Missing @return tag in function 'sub' [Warning/use-natspec]
/sb/0x00db3067f672a080d27268497f0eab8fd68b9a7c.sol:155:3: Mismatch in @return count for function 'sub'. Expected: 1, Found: 0 [Warning/use-natspec]
/sb/0x00db3067f672a080d27268497f0eab8fd68b9a7c.sol:157:12: GC: Non strict inequality found. Try converting to a strict one [Warning/gas-strict-inequalities]
/sb/0x00db3067f672a080d27268497f0eab8fd68b9a7c.sol:171:3: Missing @notice tag in function 'add' [Warning/use-natspec]
/sb/0x00db3067f672a080d27268497f0eab8fd68b9a7c.sol:171:3: Missing @param tag in function 'add' [Warning/use-natspec]
/sb/0x00db3067f672a080d27268497f0eab8fd68b9a7c.sol:171:3: Mismatch in @param names for function 'add'. Expected: [a, b], Found: [] [Warning/use-natspec]
/sb/0x00db3067f672a080d27268497f0eab8fd68b9a7c.sol:171:3: Missing @return tag in function 'add' [Warning/use-natspec]
/sb/0x00db3067f672a080d27268497f0eab8fd68b9a7c.sol:171:3: Mismatch in @return count for function 'add'. Expected: 1, Found: 0 [Warning/use-natspec]
/sb/0x00db3067f672a080d27268497f0eab8fd68b9a7c.sol:175:12: GC: Non strict inequality found. Try converting to a strict one [Warning/gas-strict-inequalities]
/sb/0x00db3067f672a080d27268497f0eab8fd68b9a7c.sol:185:1: Missing @title tag in contract 'Token' [Warning/use-natspec]
/sb/0x00db3067f672a080d27268497f0eab8fd68b9a7c.sol:185:1: Missing @author tag in contract 'Token' [Warning/use-natspec]
/sb/0x00db3067f672a080d27268497f0eab8fd68b9a7c.sol:185:1: Missing @notice tag in contract 'Token' [Warning/use-natspec]
/sb/0x00db3067f672a080d27268497f0eab8fd68b9a7c.sol:207:5: Missing @notice tag in variable 'totalSupply' [Warning/use-natspec]
/sb/0x00db3067f672a080d27268497f0eab8fd68b9a7c.sol:215:5: Missing @notice tag in function 'balanceOf' [Warning/use-natspec]
/sb/0x00db3067f672a080d27268497f0eab8fd68b9a7c.sol:215:5: Mismatch in @return names for function 'balanceOf'. Expected: [balance], Found: [The] [Warning/use-natspec]
/sb/0x00db3067f672a080d27268497f0eab8fd68b9a7c.sol:215:49: Visibility modifier must be first in list of modifiers [Warning/visibility-modifier-order]
/sb/0x00db3067f672a080d27268497f0eab8fd68b9a7c.sol:227:5: Mismatch in @return names for function 'transfer'. Expected: [success], Found: [Whether] [Warning/use-natspec]
/sb/0x00db3067f672a080d27268497f0eab8fd68b9a7c.sol:241:5: Mismatch in @return names for function 'transferFrom'. Expected: [success], Found: [Whether] [Warning/use-natspec]
/sb/0x00db3067f672a080d27268497f0eab8fd68b9a7c.sol:253:5: Mismatch in @return names for function 'approve'. Expected: [success], Found: [Whether] [Warning/use-natspec]
/sb/0x00db3067f672a080d27268497f0eab8fd68b9a7c.sol:263:5: Missing @notice tag in function 'allowance' [Warning/use-natspec]
/sb/0x00db3067f672a080d27268497f0eab8fd68b9a7c.sol:263:5: Mismatch in @return names for function 'allowance'. Expected: [remaining], Found: [Amount] [Warning/use-natspec]
/sb/0x00db3067f672a080d27268497f0eab8fd68b9a7c.sol:267:5: Missing @notice tag in event 'Transfer' [Warning/use-natspec]
/sb/0x00db3067f672a080d27268497f0eab8fd68b9a7c.sol:267:5: Missing @param tag in event 'Transfer' [Warning/use-natspec]
/sb/0x00db3067f672a080d27268497f0eab8fd68b9a7c.sol:267:5: Mismatch in @param names for event 'Transfer'. Expected: [_from, _to, _value], Found: [] [Warning/use-natspec]
/sb/0x00db3067f672a080d27268497f0eab8fd68b9a7c.sol:267:5: GC: [_value] on Event [Transfer] could be Indexed [Warning/gas-indexed-events]
/sb/0x00db3067f672a080d27268497f0eab8fd68b9a7c.sol:269:5: Missing @notice tag in event 'Approval' [Warning/use-natspec]
/sb/0x00db3067f672a080d27268497f0eab8fd68b9a7c.sol:269:5: Missing @param tag in event 'Approval' [Warning/use-natspec]
/sb/0x00db3067f672a080d27268497f0eab8fd68b9a7c.sol:269:5: Mismatch in @param names for event 'Approval'. Expected: [_owner, _spender, _value], Found: [] [Warning/use-natspec]
/sb/0x00db3067f672a080d27268497f0eab8fd68b9a7c.sol:269:5: GC: [_value] on Event [Approval] could be Indexed [Warning/gas-indexed-events]
/sb/0x00db3067f672a080d27268497f0eab8fd68b9a7c.sol:275:1: Interface name 'Version' must start with "I" [Warning/interface-starts-with-i]
/sb/0x00db3067f672a080d27268497f0eab8fd68b9a7c.sol:275:1: Missing @title tag in contract 'Version' [Warning/use-natspec]
/sb/0x00db3067f672a080d27268497f0eab8fd68b9a7c.sol:275:1: Missing @author tag in contract 'Version' [Warning/use-natspec]
/sb/0x00db3067f672a080d27268497f0eab8fd68b9a7c.sol:275:1: Missing @notice tag in contract 'Version' [Warning/use-natspec]
/sb/0x00db3067f672a080d27268497f0eab8fd68b9a7c.sol:281:5: Missing @notice tag in function 'blockVersion' [Warning/use-natspec]
/sb/0x00db3067f672a080d27268497f0eab8fd68b9a7c.sol:281:5: Missing @return tag in function 'blockVersion' [Warning/use-natspec]
/sb/0x00db3067f672a080d27268497f0eab8fd68b9a7c.sol:281:5: Mismatch in @return names for function 'blockVersion'. Expected: [version], Found: [] [Warning/use-natspec]
/sb/0x00db3067f672a080d27268497f0eab8fd68b9a7c.sol:281:39: Visibility modifier must be first in list of modifiers [Warning/visibility-modifier-order]
/sb/0x00db3067f672a080d27268497f0eab8fd68b9a7c.sol:291:1: Missing @title tag in contract 'StandardToken' [Warning/use-natspec]
/sb/0x00db3067f672a080d27268497f0eab8fd68b9a7c.sol:291:1: Missing @author tag in contract 'StandardToken' [Warning/use-natspec]
/sb/0x00db3067f672a080d27268497f0eab8fd68b9a7c.sol:291:1: Missing @notice tag in contract 'StandardToken' [Warning/use-natspec]
/sb/0x00db3067f672a080d27268497f0eab8fd68b9a7c.sol:295:5: Missing @notice tag in function 'transfer' [Warning/use-natspec]
/sb/0x00db3067f672a080d27268497f0eab8fd68b9a7c.sol:295:5: Missing @param tag in function 'transfer' [Warning/use-natspec]
/sb/0x00db3067f672a080d27268497f0eab8fd68b9a7c.sol:295:5: Mismatch in @param names for function 'transfer'. Expected: [_to, _value], Found: [] [Warning/use-natspec]
/sb/0x00db3067f672a080d27268497f0eab8fd68b9a7c.sol:295:5: Missing @return tag in function 'transfer' [Warning/use-natspec]
/sb/0x00db3067f672a080d27268497f0eab8fd68b9a7c.sol:295:5: Mismatch in @return names for function 'transfer'. Expected: [success], Found: [] [Warning/use-natspec]
/sb/0x00db3067f672a080d27268497f0eab8fd68b9a7c.sol:305:13: GC: Non strict inequality found. Try converting to a strict one [Warning/gas-strict-inequalities]
/sb/0x00db3067f672a080d27268497f0eab8fd68b9a7c.sol:321:5: Missing @notice tag in function 'transferFrom' [Warning/use-natspec]
/sb/0x00db3067f672a080d27268497f0eab8fd68b9a7c.sol:321:5: Missing @param tag in function 'transferFrom' [Warning/use-natspec]
/sb/0x00db3067f672a080d27268497f0eab8fd68b9a7c.sol:321:5: Mismatch in @param names for function 'transferFrom'. Expected: [_from, _to, _value], Found: [] [Warning/use-natspec]
/sb/0x00db3067f672a080d27268497f0eab8fd68b9a7c.sol:321:5: Missing @return tag in function 'transferFrom' [Warning/use-natspec]
/sb/0x00db3067f672a080d27268497f0eab8fd68b9a7c.sol:321:5: Mismatch in @return names for function 'transferFrom'. Expected: [success], Found: [] [Warning/use-natspec]
/sb/0x00db3067f672a080d27268497f0eab8fd68b9a7c.sol:327:13: GC: Non strict inequality found. Try converting to a strict one [Warning/gas-strict-inequalities]
/sb/0x00db3067f672a080d27268497f0eab8fd68b9a7c.sol:327:42: GC: Non strict inequality found. Try converting to a strict one [Warning/gas-strict-inequalities]
/sb/0x00db3067f672a080d27268497f0eab8fd68b9a7c.sol:345:5: Missing @notice tag in function 'balanceOf' [Warning/use-natspec]
/sb/0x00db3067f672a080d27268497f0eab8fd68b9a7c.sol:345:5: Missing @param tag in function 'balanceOf' [Warning/use-natspec]
/sb/0x00db3067f672a080d27268497f0eab8fd68b9a7c.sol:345:5: Mismatch in @param names for function 'balanceOf'. Expected: [_owner], Found: [] [Warning/use-natspec]
/sb/0x00db3067f672a080d27268497f0eab8fd68b9a7c.sol:345:5: Missing @return tag in function 'balanceOf' [Warning/use-natspec]
/sb/0x00db3067f672a080d27268497f0eab8fd68b9a7c.sol:345:5: Mismatch in @return names for function 'balanceOf'. Expected: [balance], Found: [] [Warning/use-natspec]
/sb/0x00db3067f672a080d27268497f0eab8fd68b9a7c.sol:345:49: Visibility modifier must be first in list of modifiers [Warning/visibility-modifier-order]
/sb/0x00db3067f672a080d27268497f0eab8fd68b9a7c.sol:353:5: Missing @notice tag in function 'approve' [Warning/use-natspec]
/sb/0x00db3067f672a080d27268497f0eab8fd68b9a7c.sol:353:5: Missing @param tag in function 'approve' [Warning/use-natspec]
/sb/0x00db3067f672a080d27268497f0eab8fd68b9a7c.sol:353:5: Mismatch in @param names for function 'approve'. Expected: [_spender, _value], Found: [] [Warning/use-natspec]
/sb/0x00db3067f672a080d27268497f0eab8fd68b9a7c.sol:353:5: Missing @return tag in function 'approve' [Warning/use-natspec]
/sb/0x00db3067f672a080d27268497f0eab8fd68b9a7c.sol:353:5: Mismatch in @return names for function 'approve'. Expected: [success], Found: [] [Warning/use-natspec]
/sb/0x00db3067f672a080d27268497f0eab8fd68b9a7c.sol:365:5: Missing @notice tag in function 'allowance' [Warning/use-natspec]
/sb/0x00db3067f672a080d27268497f0eab8fd68b9a7c.sol:365:5: Missing @param tag in function 'allowance' [Warning/use-natspec]
/sb/0x00db3067f672a080d27268497f0eab8fd68b9a7c.sol:365:5: Mismatch in @param names for function 'allowance'. Expected: [_owner, _spender], Found: [] [Warning/use-natspec]
/sb/0x00db3067f672a080d27268497f0eab8fd68b9a7c.sol:365:5: Missing @return tag in function 'allowance' [Warning/use-natspec]
/sb/0x00db3067f672a080d27268497f0eab8fd68b9a7c.sol:365:5: Mismatch in @return names for function 'allowance'. Expected: [remaining], Found: [] [Warning/use-natspec]
/sb/0x00db3067f672a080d27268497f0eab8fd68b9a7c.sol:365:67: Visibility modifier must be first in list of modifiers [Warning/visibility-modifier-order]
/sb/0x00db3067f672a080d27268497f0eab8fd68b9a7c.sol:373:5: Explicitly mark visibility of state [Warning/state-visibility]
/sb/0x00db3067f672a080d27268497f0eab8fd68b9a7c.sol:375:5: Explicitly mark visibility of state [Warning/state-visibility]
/sb/0x00db3067f672a080d27268497f0eab8fd68b9a7c.sol:385:1: Missing @title tag in contract 'SimpleToken' [Warning/use-natspec]
/sb/0x00db3067f672a080d27268497f0eab8fd68b9a7c.sol:385:1: Missing @author tag in contract 'SimpleToken' [Warning/use-natspec]
/sb/0x00db3067f672a080d27268497f0eab8fd68b9a7c.sol:385:1: Missing @notice tag in contract 'SimpleToken' [Warning/use-natspec]
/sb/0x00db3067f672a080d27268497f0eab8fd68b9a7c.sol:397:3: Missing @notice tag in function '<anonymous>' [Warning/use-natspec]
/sb/0x00db3067f672a080d27268497f0eab8fd68b9a7c.sol:401:7: Provide an error message for require [Warning/reason-string]
/sb/0x00db3067f672a080d27268497f0eab8fd68b9a7c.sol:423:3: Missing @notice tag in variable 'name' [Warning/use-natspec]
/sb/0x00db3067f672a080d27268497f0eab8fd68b9a7c.sol:425:3: Missing @notice tag in variable 'decimals' [Warning/use-natspec]
/sb/0x00db3067f672a080d27268497f0eab8fd68b9a7c.sol:427:3: Missing @notice tag in variable 'symbol' [Warning/use-natspec]
/sb/0x00db3067f672a080d27268497f0eab8fd68b9a7c.sol:429:3: Missing @notice tag in variable 'version' [Warning/use-natspec]
/sb/0x00db3067f672a080d27268497f0eab8fd68b9a7c.sol:429:27: Use double quotes for string literals [Error/quotes]
/sb/0x00db3067f672a080d27268497f0eab8fd68b9a7c.sol:435:3: Missing @notice tag in variable 'allowBack' [Warning/use-natspec]
/sb/0x00db3067f672a080d27268497f0eab8fd68b9a7c.sol:437:3: Missing @notice tag in variable 'allowIssua' [Warning/use-natspec]
/sb/0x00db3067f672a080d27268497f0eab8fd68b9a7c.sol:441:3: Missing @notice tag in function 'SimpleToken' [Warning/use-natspec]
/sb/0x00db3067f672a080d27268497f0eab8fd68b9a7c.sol:441:3: Missing @param tag in function 'SimpleToken' [Warning/use-natspec]
/sb/0x00db3067f672a080d27268497f0eab8fd68b9a7c.sol:441:3: Mismatch in @param names for function 'SimpleToken'. Expected: [_initialAmount, _tokenName, _decimalUnits, _tokenSymbol, _allowBack, _allowIssua], Found: [] [Warning/use-natspec]
/sb/0x00db3067f672a080d27268497f0eab8fd68b9a7c.sol:475:3: Missing @notice tag in function 'back' [Warning/use-natspec]
/sb/0x00db3067f672a080d27268497f0eab8fd68b9a7c.sol:475:3: Missing @param tag in function 'back' [Warning/use-natspec]
/sb/0x00db3067f672a080d27268497f0eab8fd68b9a7c.sol:475:3: Mismatch in @param names for function 'back'. Expected: [_ads, _value], Found: [] [Warning/use-natspec]
/sb/0x00db3067f672a080d27268497f0eab8fd68b9a7c.sol:475:3: Missing @return tag in function 'back' [Warning/use-natspec]
/sb/0x00db3067f672a080d27268497f0eab8fd68b9a7c.sol:475:3: Mismatch in @return names for function 'back'. Expected: [success], Found: [] [Warning/use-natspec]
/sb/0x00db3067f672a080d27268497f0eab8fd68b9a7c.sol:477:7: Provide an error message for require [Warning/reason-string]
/sb/0x00db3067f672a080d27268497f0eab8fd68b9a7c.sol:479:7: Provide an error message for require [Warning/reason-string]
/sb/0x00db3067f672a080d27268497f0eab8fd68b9a7c.sol:479:15: GC: Non strict inequality found. Try converting to a strict one [Warning/gas-strict-inequalities]
/sb/0x00db3067f672a080d27268497f0eab8fd68b9a7c.sol:493:3: Missing @notice tag in function 'issua' [Warning/use-natspec]
/sb/0x00db3067f672a080d27268497f0eab8fd68b9a7c.sol:493:3: Missing @param tag in function 'issua' [Warning/use-natspec]
/sb/0x00db3067f672a080d27268497f0eab8fd68b9a7c.sol:493:3: Mismatch in @param names for function 'issua'. Expected: [_value], Found: [] [Warning/use-natspec]
/sb/0x00db3067f672a080d27268497f0eab8fd68b9a7c.sol:493:3: Missing @return tag in function 'issua' [Warning/use-natspec]
/sb/0x00db3067f672a080d27268497f0eab8fd68b9a7c.sol:493:3: Mismatch in @return names for function 'issua'. Expected: [success], Found: [] [Warning/use-natspec]
/sb/0x00db3067f672a080d27268497f0eab8fd68b9a7c.sol:495:7: Provide an error message for require [Warning/reason-string]
/sb/0x00db3067f672a080d27268497f0eab8fd68b9a7c.sol:497:7: Provide an error message for require [Warning/reason-string]
/sb/0x00db3067f672a080d27268497f0eab8fd68b9a7c.sol:515:3: Missing @notice tag in function 'approveAndCall' [Warning/use-natspec]
/sb/0x00db3067f672a080d27268497f0eab8fd68b9a7c.sol:515:3: Missing @param tag in function 'approveAndCall' [Warning/use-natspec]
/sb/0x00db3067f672a080d27268497f0eab8fd68b9a7c.sol:515:3: Mismatch in @param names for function 'approveAndCall'. Expected: [_spender, _value, _extraData], Found: [] [Warning/use-natspec]
/sb/0x00db3067f672a080d27268497f0eab8fd68b9a7c.sol:515:3: Missing @return tag in function 'approveAndCall' [Warning/use-natspec]
/sb/0x00db3067f672a080d27268497f0eab8fd68b9a7c.sol:515:3: Mismatch in @return names for function 'approveAndCall'. Expected: [success], Found: [] [Warning/use-natspec]
/sb/0x00db3067f672a080d27268497f0eab8fd68b9a7c.sol:521:11: Avoid to use low level calls. [Warning/avoid-low-level-calls]
/sb/0x00db3067f672a080d27268497f0eab8fd68b9a7c.sol:521:40: GC: String exceeds 32 bytes [Warning/gas-small-strings]
/sb/0x00db3067f672a080d27268497f0eab8fd68b9a7c.sol:521:144: Provide an error message for require [Warning/reason-string]

137 problem/s (2 error/s, 135 warning/s)
