'solc --version' running
'solc /sb/0x5dac82b7d7284ec1bc78b93dc71f9ebe13adf922.sol --combined-json abi,ast,bin,bin-runtime,srcmap,srcmap-runtime,userdoc,devdoc,hashes,compact-format --allow-paths .,/sb' running
Compilation warnings/errors on /sb/0x5dac82b7d7284ec1bc78b93dc71f9ebe13adf922.sol:
/sb/0x5dac82b7d7284ec1bc78b93dc71f9ebe13adf922.sol:214:3: Warning: Defining constructors as functions with the same name as the contract is deprecated. Use "constructor(...) { ... }" instead.
  function VRD () public {
  ^ (Relevant source part starts here and spans across multiple lines).


Version constraint ^0.4.21 contains known severe issues (https://solidity.readthedocs.io/en/latest/bugs.html)
	- DirtyBytesArrayToStorage
	- ABIDecodeTwoDimensionalArrayMemory
	- KeccakCaching
	- EmptyByteArrayCopy
	- DynamicArrayCleanup
	- ImplicitConstructorCallvalueCheck
	- TupleAssignmentMultiStackSlotComponents
	- MemoryArrayCreationOverflow
	- privateCanBeOverridden
	- SignedArrayStorageCopy
	- ABIEncoderV2StorageArrayWithMultiSlotElement
	- DynamicConstructorArgumentsClippedABIV2
	- UninitializedFunctionPointerInConstructor_0.4.x
	- IncorrectEventSignatureInLibraries_0.4.x
	- ABIEncoderV2PackedStorage_0.4.x
	- ExpExponentCleanup
	- EventStructWrongData
	- NestedArrayFunctionCallDecoder.
It is used by:
	- ^0.4.21 (../sb/0x5dac82b7d7284ec1bc78b93dc71f9ebe13adf922.sol#1)
solc-0.4.26 is an outdated solc version. Use a more recent version (at least 0.8.0), if possible.
Reference: https://github.com/crytic/slither/wiki/Detector-Documentation#incorrect-versions-of-solidity

Parameter BasicToken.transfer(address,uint256)._to (../sb/0x5dac82b7d7284ec1bc78b93dc71f9ebe13adf922.sol#83) is not in mixedCase
Parameter BasicToken.transfer(address,uint256)._value (../sb/0x5dac82b7d7284ec1bc78b93dc71f9ebe13adf922.sol#83) is not in mixedCase
Parameter BasicToken.balanceOf(address)._owner (../sb/0x5dac82b7d7284ec1bc78b93dc71f9ebe13adf922.sol#98) is not in mixedCase
Parameter StandardToken.transferFrom(address,address,uint256)._from (../sb/0x5dac82b7d7284ec1bc78b93dc71f9ebe13adf922.sol#133) is not in mixedCase
Parameter StandardToken.transferFrom(address,address,uint256)._to (../sb/0x5dac82b7d7284ec1bc78b93dc71f9ebe13adf922.sol#133) is not in mixedCase
Parameter StandardToken.transferFrom(address,address,uint256)._value (../sb/0x5dac82b7d7284ec1bc78b93dc71f9ebe13adf922.sol#133) is not in mixedCase
Parameter StandardToken.approve(address,uint256)._spender (../sb/0x5dac82b7d7284ec1bc78b93dc71f9ebe13adf922.sol#155) is not in mixedCase
Parameter StandardToken.approve(address,uint256)._value (../sb/0x5dac82b7d7284ec1bc78b93dc71f9ebe13adf922.sol#155) is not in mixedCase
Parameter StandardToken.allowance(address,address)._owner (../sb/0x5dac82b7d7284ec1bc78b93dc71f9ebe13adf922.sol#167) is not in mixedCase
Parameter StandardToken.allowance(address,address)._spender (../sb/0x5dac82b7d7284ec1bc78b93dc71f9ebe13adf922.sol#167) is not in mixedCase
Parameter StandardToken.increaseApproval(address,uint256)._spender (../sb/0x5dac82b7d7284ec1bc78b93dc71f9ebe13adf922.sol#181) is not in mixedCase
Parameter StandardToken.increaseApproval(address,uint256)._addedValue (../sb/0x5dac82b7d7284ec1bc78b93dc71f9ebe13adf922.sol#181) is not in mixedCase
Parameter StandardToken.decreaseApproval(address,uint256)._spender (../sb/0x5dac82b7d7284ec1bc78b93dc71f9ebe13adf922.sol#197) is not in mixedCase
Parameter StandardToken.decreaseApproval(address,uint256)._subtractedValue (../sb/0x5dac82b7d7284ec1bc78b93dc71f9ebe13adf922.sol#197) is not in mixedCase
Variable VRD.INITIAL_SUPPLY (../sb/0x5dac82b7d7284ec1bc78b93dc71f9ebe13adf922.sol#213) is not in mixedCase
Reference: https://github.com/crytic/slither/wiki/Detector-Documentation#conformance-to-solidity-naming-conventions

VRD.slitherConstructorVariables() (../sb/0x5dac82b7d7284ec1bc78b93dc71f9ebe13adf922.sol#209-219) uses literals with too many digits:
	- INITIAL_SUPPLY = 100000000 * 10 ** 8 (../sb/0x5dac82b7d7284ec1bc78b93dc71f9ebe13adf922.sol#213)
Reference: https://github.com/crytic/slither/wiki/Detector-Documentation#too-many-digits

VRD.INITIAL_SUPPLY (../sb/0x5dac82b7d7284ec1bc78b93dc71f9ebe13adf922.sol#213) should be constant 
VRD.decimals (../sb/0x5dac82b7d7284ec1bc78b93dc71f9ebe13adf922.sol#212) should be constant 
VRD.name (../sb/0x5dac82b7d7284ec1bc78b93dc71f9ebe13adf922.sol#210) should be constant 
VRD.symbol (../sb/0x5dac82b7d7284ec1bc78b93dc71f9ebe13adf922.sol#211) should be constant 
Reference: https://github.com/crytic/slither/wiki/Detector-Documentation#state-variables-that-could-be-declared-constant
/sb/0x5dac82b7d7284ec1bc78b93dc71f9ebe13adf922.sol analyzed (6 contracts with 100 detectors), 22 result(s) found
