Extract contract GameOfThrones from /sb/0x9F8Bf604AbeB04D32B0FFAE9c3A083be5858CF96.sol
Extracted 1 contract(s) from /sb/0x9F8Bf604AbeB04D32B0FFAE9c3A083be5858CF96.sol
[0;32m> Created "fuzzMe"[0m
[0;32m> To fuzz contracts:[0m
  chmod +x fuzzMe
  ./fuzzMe
contracts/GameOfThrones.sol:36:5: Warning: Defining constructors as functions with the same name as the contract is deprecated. Use "constructor(...) { ... }" instead.
    function GameOfThrones() {
    ^ (Relevant source part starts here and spans across multiple lines).
contracts/GameOfThrones.sol:167:13: Warning: "throw" is deprecated in favour of "revert()", "require()" and "assert()".
            throw;
            ^---^
contracts/GameOfThrones.sol:190:17: Warning: "throw" is deprecated in favour of "revert()", "require()" and "assert()".
                throw;
                ^---^
contracts/GameOfThrones.sol:54:13: Warning: Failure condition of 'send' ignored. Consider using 'transfer' instead.
            msg.sender.send(msg.value);
            ^------------------------^
contracts/GameOfThrones.sol:59:13: Warning: Failure condition of 'send' ignored. Consider using 'transfer' instead.
            msg.sender.send(msg.value - 100 ether);
            ^------------------------------------^
contracts/GameOfThrones.sol:69:17: Warning: Failure condition of 'send' ignored. Consider using 'transfer' instead.
                citizensAddresses[citizensAddresses.length - 1].send(piggyBank * 95 / 100);
                ^------------------------------------------------------------------------^
contracts/GameOfThrones.sol:72:17: Warning: Failure condition of 'send' ignored. Consider using 'transfer' instead.
                citizensAddresses[citizensAddresses.length - 1].send(piggyBank * 60 / 100);
                ^------------------------------------------------------------------------^
contracts/GameOfThrones.sol:73:17: Warning: Failure condition of 'send' ignored. Consider using 'transfer' instead.
                citizensAddresses[citizensAddresses.length - 2].send(piggyBank * 35 / 100);
                ^------------------------------------------------------------------------^
contracts/GameOfThrones.sol:76:17: Warning: Failure condition of 'send' ignored. Consider using 'transfer' instead.
                citizensAddresses[citizensAddresses.length - 1].send(piggyBank * 50 / 100);
                ^------------------------------------------------------------------------^
contracts/GameOfThrones.sol:77:17: Warning: Failure condition of 'send' ignored. Consider using 'transfer' instead.
                citizensAddresses[citizensAddresses.length - 2].send(piggyBank * 30 / 100);
                ^------------------------------------------------------------------------^
contracts/GameOfThrones.sol:78:17: Warning: Failure condition of 'send' ignored. Consider using 'transfer' instead.
                citizensAddresses[citizensAddresses.length - 3].send(piggyBank * 15 / 100);
                ^------------------------------------------------------------------------^
contracts/GameOfThrones.sol:110:17: Warning: Failure condition of 'send' ignored. Consider using 'transfer' instead.
                citizensAddresses[lastCitizenPaid].send(citizensAmounts[lastCitizenPaid]);
                ^-----------------------------------------------------------------------^
contracts/GameOfThrones.sol:141:13: Warning: Failure condition of 'send' ignored. Consider using 'transfer' instead.
            madKing.send(kingBank);
            ^--------------------^
contracts/GameOfThrones.sol:143:17: Warning: Failure condition of 'send' ignored. Consider using 'transfer' instead.
                madKing.send(kingCost * 40 / 100);
                ^-------------------------------^
contracts/GameOfThrones.sol:147:17: Warning: Failure condition of 'send' ignored. Consider using 'transfer' instead.
                madKing.send(piggyBank);
                ^---------------------^
contracts/GameOfThrones.sol:160:13: Warning: Failure condition of 'send' ignored. Consider using 'transfer' instead.
            jester.send(jesterBank);
            ^---------------------^
contracts/GameOfThrones.sol:164:13: Warning: Failure condition of 'send' ignored. Consider using 'transfer' instead.
            msg.sender.send(msg.value - amount);
            ^---------------------------------^
contracts/GameOfThrones.sol:181:17: Warning: Failure condition of 'send' ignored. Consider using 'transfer' instead.
                madKing.send(kingBank);
                ^--------------------^
contracts/GameOfThrones.sol:198:13: Warning: Failure condition of 'send' ignored. Consider using 'transfer' instead.
            trueGods.send(godBank);
            ^--------------------^
contracts/GameOfThrones.sol:204:11: Warning: Failure condition of 'send' ignored. Consider using 'transfer' instead.
          trueGods.send(godBank);
          ^--------------------^
contracts/GameOfThrones.sol:211:11: Warning: Failure condition of 'send' ignored. Consider using 'transfer' instead.
          madKing.send(kingBank);
          ^--------------------^
contracts/GameOfThrones.sol:218:11: Warning: Failure condition of 'send' ignored. Consider using 'transfer' instead.
          jester.send(jesterBank);
          ^---------------------^
contracts/GameOfThrones.sol:36:5: Warning: No visibility specified. Defaulting to "public". 
    function GameOfThrones() {
    ^ (Relevant source part starts here and spans across multiple lines).
contracts/GameOfThrones.sol:50:5: Warning: No visibility specified. Defaulting to "public". 
    function protectKingdom() returns(bool) {
    ^ (Relevant source part starts here and spans across multiple lines).
contracts/GameOfThrones.sol:51:23: Warning: "msg.value" used in non-payable function. Do you want to add the "payable" modifier to this function?
        uint amount = msg.value;
                      ^-------^
contracts/GameOfThrones.sol:54:29: Warning: "msg.value" used in non-payable function. Do you want to add the "payable" modifier to this function?
            msg.sender.send(msg.value);
                            ^-------^
contracts/GameOfThrones.sol:59:29: Warning: "msg.value" used in non-payable function. Do you want to add the "payable" modifier to this function?
            msg.sender.send(msg.value - 100 ether);
                            ^-------^
contracts/GameOfThrones.sol:139:5: Warning: No visibility specified. Defaulting to "public". 
    function abdicate() {
    ^ (Relevant source part starts here and spans across multiple lines).
contracts/GameOfThrones.sol:156:5: Warning: No visibility specified. Defaulting to "public". 
    function murder() {
    ^ (Relevant source part starts here and spans across multiple lines).
contracts/GameOfThrones.sol:158:13: Warning: "msg.value" used in non-payable function. Do you want to add the "payable" modifier to this function?
        if (msg.value >= amount && msg.sender != jester) {
            ^-------^
contracts/GameOfThrones.sol:164:29: Warning: "msg.value" used in non-payable function. Do you want to add the "payable" modifier to this function?
            msg.sender.send(msg.value - amount);
                            ^-------^
contracts/GameOfThrones.sol:172:5: Warning: No visibility specified. Defaulting to "public". 
    function usurpation() {
    ^ (Relevant source part starts here and spans across multiple lines).
contracts/GameOfThrones.sol:173:23: Warning: "msg.value" used in non-payable function. Do you want to add the "payable" modifier to this function?
        uint amount = msg.value;
                      ^-------^
contracts/GameOfThrones.sol:196:5: Warning: No visibility specified. Defaulting to "public". 
    function collectFee() {
    ^ (Relevant source part starts here and spans across multiple lines).
assets/NormalAttacker.sol:5:3: Warning: No visibility specified. Defaulting to "public". 
  function() payable {
  ^ (Relevant source part starts here and spans across multiple lines).
assets/ReentrancyAttacker.sol:8:7: Warning: Return value of low-level calls not used.
      msg.sender.call(bytes4(255));
      ^--------------------------^
assets/ReentrancyAttacker.sol:5:3: Warning: No visibility specified. Defaulting to "public". 
  function() payable {
  ^ (Relevant source part starts here and spans across multiple lines).
>> Fuzz GameOfThrones
** Write stats: 0.006462
** Write stats: 5.00126
** Write stats: 10.0005
** Write stats: 15.0008
** Write stats: 20.0011
** Write stats: 25.0005
** Write stats: 30.0009
** Write stats: 35.001
** Write stats: 40.0012
** Write stats: 45.0004
** Write stats: 50.0071
** Write stats: 55.0006
** Write stats: 60.0005
** Write stats: 65.0003
** Write stats: 70.0005
** Write stats: 75.0003
** Write stats: 80.001
** Write stats: 85.0002
** Write stats: 90.0003
** Write stats: 95.0013
** Write stats: 100.002
** Write stats: 105.001
** Write stats: 110
** Write stats: 115.002
** Write stats: 120
** Write stats: 120.02
