'solc --version' running
'solc /sb/0x663374c6e95090803695c430bb06f5f39281a12e.sol --combined-json abi,ast,bin,bin-runtime,srcmap,srcmap-runtime,userdoc,devdoc,hashes,compact-format --allow-paths .,/sb' running
Compilation warnings/errors on /sb/0x663374c6e95090803695c430bb06f5f39281a12e.sol:
/sb/0x663374c6e95090803695c430bb06f5f39281a12e.sol:20:3: Warning: Defining constructors as functions with the same name as the contract is deprecated. Use "constructor(...) { ... }" instead.
  function Ownable() public {
  ^ (Relevant source part starts here and spans across multiple lines).
/sb/0x663374c6e95090803695c430bb06f5f39281a12e.sol:307:3: Warning: Defining constructors as functions with the same name as the contract is deprecated. Use "constructor(...) { ... }" instead.
  function Recoverable() {
  ^ (Relevant source part starts here and spans across multiple lines).
/sb/0x663374c6e95090803695c430bb06f5f39281a12e.sol:429:3: Warning: Defining constructors as functions with the same name as the contract is deprecated. Use "constructor(...) { ... }" instead.
  function UpgradeableToken(address _upgradeMaster) {
  ^ (Relevant source part starts here and spans across multiple lines).
/sb/0x663374c6e95090803695c430bb06f5f39281a12e.sol:441:9: Warning: "throw" is deprecated in favour of "revert()", "require()" and "assert()".
        throw;
        ^---^
/sb/0x663374c6e95090803695c430bb06f5f39281a12e.sol:445:23: Warning: "throw" is deprecated in favour of "revert()", "require()" and "assert()".
      if (value == 0) throw;
                      ^---^
/sb/0x663374c6e95090803695c430bb06f5f39281a12e.sol:465:9: Warning: "throw" is deprecated in favour of "revert()", "require()" and "assert()".
        throw;
        ^---^
/sb/0x663374c6e95090803695c430bb06f5f39281a12e.sol:468:25: Warning: "throw" is deprecated in favour of "revert()", "require()" and "assert()".
      if (agent == 0x0) throw;
                        ^---^
/sb/0x663374c6e95090803695c430bb06f5f39281a12e.sol:470:40: Warning: "throw" is deprecated in favour of "revert()", "require()" and "assert()".
      if (msg.sender != upgradeMaster) throw;
                                       ^---^
/sb/0x663374c6e95090803695c430bb06f5f39281a12e.sol:472:56: Warning: "throw" is deprecated in favour of "revert()", "require()" and "assert()".
      if (getUpgradeState() == UpgradeState.Upgrading) throw;
                                                       ^---^
/sb/0x663374c6e95090803695c430bb06f5f39281a12e.sol:477:42: Warning: "throw" is deprecated in favour of "revert()", "require()" and "assert()".
      if(!upgradeAgent.isUpgradeAgent()) throw;
                                         ^---^
/sb/0x663374c6e95090803695c430bb06f5f39281a12e.sol:479:57: Warning: "throw" is deprecated in favour of "revert()", "require()" and "assert()".
      if (upgradeAgent.originalSupply() != totalSupply) throw;
                                                        ^---^
/sb/0x663374c6e95090803695c430bb06f5f39281a12e.sol:500:26: Warning: "throw" is deprecated in favour of "revert()", "require()" and "assert()".
      if (master == 0x0) throw;
                         ^---^
/sb/0x663374c6e95090803695c430bb06f5f39281a12e.sol:501:40: Warning: "throw" is deprecated in favour of "revert()", "require()" and "assert()".
      if (msg.sender != upgradeMaster) throw;
                                       ^---^
/sb/0x663374c6e95090803695c430bb06f5f39281a12e.sol:547:13: Warning: "throw" is deprecated in favour of "revert()", "require()" and "assert()".
            throw;
            ^---^
/sb/0x663374c6e95090803695c430bb06f5f39281a12e.sol:584:9: Warning: "throw" is deprecated in favour of "revert()", "require()" and "assert()".
        throw;
        ^---^
/sb/0x663374c6e95090803695c430bb06f5f39281a12e.sol:592:9: Warning: "throw" is deprecated in favour of "revert()", "require()" and "assert()".
        throw;
        ^---^
/sb/0x663374c6e95090803695c430bb06f5f39281a12e.sol:665:9: Warning: "throw" is deprecated in favour of "revert()", "require()" and "assert()".
        throw;
        ^---^
/sb/0x663374c6e95090803695c430bb06f5f39281a12e.sol:672:25: Warning: "throw" is deprecated in favour of "revert()", "require()" and "assert()".
    if(mintingFinished) throw;
                        ^---^
/sb/0x663374c6e95090803695c430bb06f5f39281a12e.sol:712:3: Warning: Defining constructors as functions with the same name as the contract is deprecated. Use "constructor(...) { ... }" instead.
  function CrowdsaleToken(string _name, string _symbol, uint _initialSupply, uint _decimals, bool _mintable)
  ^ (Relevant source part starts here and spans across multiple lines).
/sb/0x663374c6e95090803695c430bb06f5f39281a12e.sol:738:9: Warning: "throw" is deprecated in favour of "revert()", "require()" and "assert()".
        throw; // Cannot create a token without supply and no minting
        ^---^
/sb/0x663374c6e95090803695c430bb06f5f39281a12e.sol:40:5: Warning: Invoking events without "emit" prefix is deprecated.
    OwnershipTransferred(owner, newOwner);
    ^-----------------------------------^
/sb/0x663374c6e95090803695c430bb06f5f39281a12e.sol:189:5: Warning: Invoking events without "emit" prefix is deprecated.
    Transfer(msg.sender, _to, _value);
    ^-------------------------------^
/sb/0x663374c6e95090803695c430bb06f5f39281a12e.sol:237:5: Warning: Invoking events without "emit" prefix is deprecated.
    Transfer(_from, _to, _value);
    ^--------------------------^
/sb/0x663374c6e95090803695c430bb06f5f39281a12e.sol:253:5: Warning: Invoking events without "emit" prefix is deprecated.
    Approval(msg.sender, _spender, _value);
    ^------------------------------------^
/sb/0x663374c6e95090803695c430bb06f5f39281a12e.sol:275:5: Warning: Invoking events without "emit" prefix is deprecated.
    Approval(msg.sender, _spender, allowed[msg.sender][_spender]);
    ^-----------------------------------------------------------^
/sb/0x663374c6e95090803695c430bb06f5f39281a12e.sol:286:5: Warning: Invoking events without "emit" prefix is deprecated.
    Approval(msg.sender, _spender, allowed[msg.sender][_spender]);
    ^-----------------------------------------------------------^
/sb/0x663374c6e95090803695c430bb06f5f39281a12e.sol:455:7: Warning: Invoking events without "emit" prefix is deprecated.
      Upgrade(msg.sender, upgradeAgent, value);
      ^--------------------------------------^
/sb/0x663374c6e95090803695c430bb06f5f39281a12e.sol:481:7: Warning: Invoking events without "emit" prefix is deprecated.
      UpgradeAgentSet(upgradeAgent);
      ^---------------------------^
/sb/0x663374c6e95090803695c430bb06f5f39281a12e.sol:651:5: Warning: Invoking events without "emit" prefix is deprecated.
    Transfer(0, receiver, amount);
    ^---------------------------^
/sb/0x663374c6e95090803695c430bb06f5f39281a12e.sol:659:5: Warning: Invoking events without "emit" prefix is deprecated.
    MintingAgentChanged(addr, state);
    ^------------------------------^
/sb/0x663374c6e95090803695c430bb06f5f39281a12e.sol:731:7: Warning: Invoking events without "emit" prefix is deprecated.
      Minted(owner, totalSupply);
      ^------------------------^
/sb/0x663374c6e95090803695c430bb06f5f39281a12e.sol:771:5: Warning: Invoking events without "emit" prefix is deprecated.
    UpdatedTokenInformation(name, symbol);
    ^-----------------------------------^
/sb/0x663374c6e95090803695c430bb06f5f39281a12e.sol:88:3: Warning: No visibility specified. Defaulting to "public". 
  function times(uint a, uint b) returns (uint) {
  ^ (Relevant source part starts here and spans across multiple lines).
/sb/0x663374c6e95090803695c430bb06f5f39281a12e.sol:94:3: Warning: No visibility specified. Defaulting to "public". 
  function minus(uint a, uint b) returns (uint) {
  ^ (Relevant source part starts here and spans across multiple lines).
/sb/0x663374c6e95090803695c430bb06f5f39281a12e.sol:99:3: Warning: No visibility specified. Defaulting to "public". 
  function plus(uint a, uint b) returns (uint) {
  ^ (Relevant source part starts here and spans across multiple lines).
/sb/0x663374c6e95090803695c430bb06f5f39281a12e.sol:307:3: Warning: No visibility specified. Defaulting to "public". 
  function Recoverable() {
  ^ (Relevant source part starts here and spans across multiple lines).
/sb/0x663374c6e95090803695c430bb06f5f39281a12e.sol:429:3: Warning: No visibility specified. Defaulting to "public". 
  function UpgradeableToken(address _upgradeMaster) {
  ^ (Relevant source part starts here and spans across multiple lines).
/sb/0x663374c6e95090803695c430bb06f5f39281a12e.sol:597:3: Warning: No visibility specified. Defaulting to "public". 
  function transfer(address _to, uint _value) canTransfer(msg.sender) returns (bool success) {
  ^ (Relevant source part starts here and spans across multiple lines).
/sb/0x663374c6e95090803695c430bb06f5f39281a12e.sol:602:3: Warning: No visibility specified. Defaulting to "public". 
  function transferFrom(address _from, address _to, uint _value) canTransfer(_from) returns (bool success) {
  ^ (Relevant source part starts here and spans across multiple lines).
/sb/0x663374c6e95090803695c430bb06f5f39281a12e.sol:712:3: Warning: No visibility specified. Defaulting to "public". 
  function CrowdsaleToken(string _name, string _symbol, uint _initialSupply, uint _decimals, bool _mintable)
  ^ (Relevant source part starts here and spans across multiple lines).
/sb/0x663374c6e95090803695c430bb06f5f39281a12e.sol:767:3: Warning: No visibility specified. Defaulting to "public". 
  function setTokenInformation(string _name, string _symbol) onlyOwner {
  ^ (Relevant source part starts here and spans across multiple lines).
/sb/0x663374c6e95090803695c430bb06f5f39281a12e.sol:88:3: Warning: Function state mutability can be restricted to pure
  function times(uint a, uint b) returns (uint) {
  ^ (Relevant source part starts here and spans across multiple lines).
/sb/0x663374c6e95090803695c430bb06f5f39281a12e.sol:94:3: Warning: Function state mutability can be restricted to pure
  function minus(uint a, uint b) returns (uint) {
  ^ (Relevant source part starts here and spans across multiple lines).
/sb/0x663374c6e95090803695c430bb06f5f39281a12e.sol:99:3: Warning: Function state mutability can be restricted to pure
  function plus(uint a, uint b) returns (uint) {
  ^ (Relevant source part starts here and spans across multiple lines).
/sb/0x663374c6e95090803695c430bb06f5f39281a12e.sol:319:3: Warning: Function state mutability can be restricted to view
  function tokensToBeReturned(ERC20Basic token) public returns (uint) {
  ^ (Relevant source part starts here and spans across multiple lines).
/sb/0x663374c6e95090803695c430bb06f5f39281a12e.sol:345:3: Warning: Function state mutability can be restricted to pure
  function isToken() public constant returns (bool weAre) {
  ^ (Relevant source part starts here and spans across multiple lines).
/sb/0x663374c6e95090803695c430bb06f5f39281a12e.sol:369:3: Warning: Function state mutability can be restricted to pure
  function isUpgradeAgent() public constant returns (bool) {
  ^ (Relevant source part starts here and spans across multiple lines).
/sb/0x663374c6e95090803695c430bb06f5f39281a12e.sol:508:3: Warning: Function state mutability can be restricted to pure
  function canUpgrade() public constant returns(bool) {
  ^ (Relevant source part starts here and spans across multiple lines).


Recoverable.recoverTokens(ERC20Basic) (../sb/0x663374c6e95090803695c430bb06f5f39281a12e.sol#312-314) ignores return value by token.transfer(owner,tokensToBeReturned(token)) (../sb/0x663374c6e95090803695c430bb06f5f39281a12e.sol#313)
Reference: https://github.com/crytic/slither/wiki/Detector-Documentation#unchecked-transfer

ReleasableToken.setReleaseAgent(address) (../sb/0x663374c6e95090803695c430bb06f5f39281a12e.sol#559-563) should emit an event for: 
	- releaseAgent = addr (../sb/0x663374c6e95090803695c430bb06f5f39281a12e.sol#562) 
Reference: https://github.com/crytic/slither/wiki/Detector-Documentation#missing-events-access-control

UpgradeableToken.UpgradeableToken(address)._upgradeMaster (../sb/0x663374c6e95090803695c430bb06f5f39281a12e.sol#429) lacks a zero-check on :
		- upgradeMaster = _upgradeMaster (../sb/0x663374c6e95090803695c430bb06f5f39281a12e.sol#430)
ReleasableToken.setReleaseAgent(address).addr (../sb/0x663374c6e95090803695c430bb06f5f39281a12e.sol#559) lacks a zero-check on :
		- releaseAgent = addr (../sb/0x663374c6e95090803695c430bb06f5f39281a12e.sol#562)
Reference: https://github.com/crytic/slither/wiki/Detector-Documentation#missing-zero-address-validation

Reentrancy in UpgradeableToken.setUpgradeAgent(address) (../sb/0x663374c6e95090803695c430bb06f5f39281a12e.sol#461-482):
	External calls:
	- ! upgradeAgent.isUpgradeAgent() (../sb/0x663374c6e95090803695c430bb06f5f39281a12e.sol#477)
	Event emitted after the call(s):
	- UpgradeAgentSet(upgradeAgent) (../sb/0x663374c6e95090803695c430bb06f5f39281a12e.sol#481)
Reentrancy in UpgradeableToken.upgrade(uint256) (../sb/0x663374c6e95090803695c430bb06f5f39281a12e.sol#436-456):
	External calls:
	- upgradeAgent.upgradeFrom(msg.sender,value) (../sb/0x663374c6e95090803695c430bb06f5f39281a12e.sol#454)
	Event emitted after the call(s):
	- Upgrade(msg.sender,upgradeAgent,value) (../sb/0x663374c6e95090803695c430bb06f5f39281a12e.sol#455)
Reference: https://github.com/crytic/slither/wiki/Detector-Documentation#reentrancy-vulnerabilities-3

Deprecated standard detected THROW (../sb/0x663374c6e95090803695c430bb06f5f39281a12e.sol#441):
	- Usage of "throw" should be replaced with "revert()"
Deprecated standard detected THROW (../sb/0x663374c6e95090803695c430bb06f5f39281a12e.sol#445):
	- Usage of "throw" should be replaced with "revert()"
Deprecated standard detected THROW (../sb/0x663374c6e95090803695c430bb06f5f39281a12e.sol#465):
	- Usage of "throw" should be replaced with "revert()"
Deprecated standard detected THROW (../sb/0x663374c6e95090803695c430bb06f5f39281a12e.sol#468):
	- Usage of "throw" should be replaced with "revert()"
Deprecated standard detected THROW (../sb/0x663374c6e95090803695c430bb06f5f39281a12e.sol#470):
	- Usage of "throw" should be replaced with "revert()"
Deprecated standard detected THROW (../sb/0x663374c6e95090803695c430bb06f5f39281a12e.sol#472):
	- Usage of "throw" should be replaced with "revert()"
Deprecated standard detected THROW (../sb/0x663374c6e95090803695c430bb06f5f39281a12e.sol#477):
	- Usage of "throw" should be replaced with "revert()"
Deprecated standard detected THROW (../sb/0x663374c6e95090803695c430bb06f5f39281a12e.sol#479):
	- Usage of "throw" should be replaced with "revert()"
Deprecated standard detected THROW (../sb/0x663374c6e95090803695c430bb06f5f39281a12e.sol#500):
	- Usage of "throw" should be replaced with "revert()"
Deprecated standard detected THROW (../sb/0x663374c6e95090803695c430bb06f5f39281a12e.sol#501):
	- Usage of "throw" should be replaced with "revert()"
Deprecated standard detected THROW (../sb/0x663374c6e95090803695c430bb06f5f39281a12e.sol#547):
	- Usage of "throw" should be replaced with "revert()"
Deprecated standard detected THROW (../sb/0x663374c6e95090803695c430bb06f5f39281a12e.sol#584):
	- Usage of "throw" should be replaced with "revert()"
Deprecated standard detected THROW (../sb/0x663374c6e95090803695c430bb06f5f39281a12e.sol#592):
	- Usage of "throw" should be replaced with "revert()"
Deprecated standard detected THROW (../sb/0x663374c6e95090803695c430bb06f5f39281a12e.sol#665):
	- Usage of "throw" should be replaced with "revert()"
Deprecated standard detected THROW (../sb/0x663374c6e95090803695c430bb06f5f39281a12e.sol#672):
	- Usage of "throw" should be replaced with "revert()"
Deprecated standard detected THROW (../sb/0x663374c6e95090803695c430bb06f5f39281a12e.sol#738):
	- Usage of "throw" should be replaced with "revert()"
Reference: https://github.com/crytic/slither/wiki/Detector-Documentation#deprecated-standards

Version constraint ^0.4.18 contains known severe issues (https://solidity.readthedocs.io/en/latest/bugs.html)
	- DirtyBytesArrayToStorage
	- ABIDecodeTwoDimensionalArrayMemory
	- KeccakCaching
	- EmptyByteArrayCopy
	- DynamicArrayCleanup
	- ImplicitConstructorCallvalueCheck
	- TupleAssignmentMultiStackSlotComponents
	- MemoryArrayCreationOverflow
	- privateCanBeOverridden
	- SignedArrayStorageCopy
	- ABIEncoderV2StorageArrayWithMultiSlotElement
	- DynamicConstructorArgumentsClippedABIV2
	- UninitializedFunctionPointerInConstructor_0.4.x
	- IncorrectEventSignatureInLibraries_0.4.x
	- ExpExponentCleanup
	- EventStructWrongData
	- NestedArrayFunctionCallDecoder.
It is used by:
	- ^0.4.18 (../sb/0x663374c6e95090803695c430bb06f5f39281a12e.sol#1)
solc-0.4.26 is an outdated solc version. Use a more recent version (at least 0.8.0), if possible.
Reference: https://github.com/crytic/slither/wiki/Detector-Documentation#incorrect-versions-of-solidity

Parameter BasicToken.transfer(address,uint256)._to (../sb/0x663374c6e95090803695c430bb06f5f39281a12e.sol#182) is not in mixedCase
Parameter BasicToken.transfer(address,uint256)._value (../sb/0x663374c6e95090803695c430bb06f5f39281a12e.sol#182) is not in mixedCase
Parameter BasicToken.balanceOf(address)._owner (../sb/0x663374c6e95090803695c430bb06f5f39281a12e.sol#198) is not in mixedCase
Parameter StandardToken.transferFrom(address,address,uint256)._from (../sb/0x663374c6e95090803695c430bb06f5f39281a12e.sol#229) is not in mixedCase
Parameter StandardToken.transferFrom(address,address,uint256)._to (../sb/0x663374c6e95090803695c430bb06f5f39281a12e.sol#229) is not in mixedCase
Parameter StandardToken.transferFrom(address,address,uint256)._value (../sb/0x663374c6e95090803695c430bb06f5f39281a12e.sol#229) is not in mixedCase
Parameter StandardToken.approve(address,uint256)._spender (../sb/0x663374c6e95090803695c430bb06f5f39281a12e.sol#251) is not in mixedCase
Parameter StandardToken.approve(address,uint256)._value (../sb/0x663374c6e95090803695c430bb06f5f39281a12e.sol#251) is not in mixedCase
Parameter StandardToken.allowance(address,address)._owner (../sb/0x663374c6e95090803695c430bb06f5f39281a12e.sol#263) is not in mixedCase
Parameter StandardToken.allowance(address,address)._spender (../sb/0x663374c6e95090803695c430bb06f5f39281a12e.sol#263) is not in mixedCase
Parameter StandardToken.increaseApproval(address,uint256)._spender (../sb/0x663374c6e95090803695c430bb06f5f39281a12e.sol#273) is not in mixedCase
Parameter StandardToken.increaseApproval(address,uint256)._addedValue (../sb/0x663374c6e95090803695c430bb06f5f39281a12e.sol#273) is not in mixedCase
Parameter StandardToken.decreaseApproval(address,uint256)._spender (../sb/0x663374c6e95090803695c430bb06f5f39281a12e.sol#279) is not in mixedCase
Parameter StandardToken.decreaseApproval(address,uint256)._subtractedValue (../sb/0x663374c6e95090803695c430bb06f5f39281a12e.sol#279) is not in mixedCase
Parameter ReleasableToken.transfer(address,uint256)._to (../sb/0x663374c6e95090803695c430bb06f5f39281a12e.sol#597) is not in mixedCase
Parameter ReleasableToken.transfer(address,uint256)._value (../sb/0x663374c6e95090803695c430bb06f5f39281a12e.sol#597) is not in mixedCase
Parameter ReleasableToken.transferFrom(address,address,uint256)._from (../sb/0x663374c6e95090803695c430bb06f5f39281a12e.sol#602) is not in mixedCase
Parameter ReleasableToken.transferFrom(address,address,uint256)._to (../sb/0x663374c6e95090803695c430bb06f5f39281a12e.sol#602) is not in mixedCase
Parameter ReleasableToken.transferFrom(address,address,uint256)._value (../sb/0x663374c6e95090803695c430bb06f5f39281a12e.sol#602) is not in mixedCase
Parameter CrowdsaleToken.setTokenInformation(string,string)._name (../sb/0x663374c6e95090803695c430bb06f5f39281a12e.sol#767) is not in mixedCase
Parameter CrowdsaleToken.setTokenInformation(string,string)._symbol (../sb/0x663374c6e95090803695c430bb06f5f39281a12e.sol#767) is not in mixedCase
Reference: https://github.com/crytic/slither/wiki/Detector-Documentation#conformance-to-solidity-naming-conventions

UpgradeAgent (../sb/0x663374c6e95090803695c430bb06f5f39281a12e.sol#364-375) does not implement functions:
	- UpgradeAgent.upgradeFrom(address,uint256) (../sb/0x663374c6e95090803695c430bb06f5f39281a12e.sol#373)
Reference: https://github.com/crytic/slither/wiki/Detector-Documentation#unimplemented-functions

UpgradeAgent.originalSupply (../sb/0x663374c6e95090803695c430bb06f5f39281a12e.sol#366) should be constant 
Reference: https://github.com/crytic/slither/wiki/Detector-Documentation#state-variables-that-could-be-declared-constant

setTokenInformation(string,string) should be declared external:
	- CrowdsaleToken.setTokenInformation(string,string) (../sb/0x663374c6e95090803695c430bb06f5f39281a12e.sol#767-772)
Reference: https://github.com/crytic/slither/wiki/Detector-Documentation#public-function-that-could-be-declared-external
/sb/0x663374c6e95090803695c430bb06f5f39281a12e.sol analyzed (14 contracts with 100 detectors), 48 result(s) found
