A new version of Solhint is available: 6.0.1
Please consider updating your Solhint package.
/sb/0x7270c5554b75734b3cd2a781205b84a350bc2334.sol:1:1: Found more than One contract per file. 10 contracts found! [Warning/one-contract-per-file]
/sb/0x7270c5554b75734b3cd2a781205b84a350bc2334.sol:1:1: Compiler version ^0.4.18 does not satisfy the ^0.8.24 semver requirement [Error/compiler-version]
/sb/0x7270c5554b75734b3cd2a781205b84a350bc2334.sol:5:1: Missing @title tag in contract 'Manageable' [Warning/use-natspec]
/sb/0x7270c5554b75734b3cd2a781205b84a350bc2334.sol:5:1: Missing @author tag in contract 'Manageable' [Warning/use-natspec]
/sb/0x7270c5554b75734b3cd2a781205b84a350bc2334.sol:5:1: Missing @notice tag in contract 'Manageable' [Warning/use-natspec]
/sb/0x7270c5554b75734b3cd2a781205b84a350bc2334.sol:6:3: Missing @notice tag in variable 'manager' [Warning/use-natspec]
/sb/0x7270c5554b75734b3cd2a781205b84a350bc2334.sol:13:3: Missing @notice tag in function 'Manageable' [Warning/use-natspec]
/sb/0x7270c5554b75734b3cd2a781205b84a350bc2334.sol:14:5: Provide an error message for require [Warning/reason-string]
/sb/0x7270c5554b75734b3cd2a781205b84a350bc2334.sol:22:5: Provide an error message for require [Warning/reason-string]
/sb/0x7270c5554b75734b3cd2a781205b84a350bc2334.sol:29:1: Missing @title tag in contract 'Activatable' [Warning/use-natspec]
/sb/0x7270c5554b75734b3cd2a781205b84a350bc2334.sol:29:1: Missing @author tag in contract 'Activatable' [Warning/use-natspec]
/sb/0x7270c5554b75734b3cd2a781205b84a350bc2334.sol:29:1: Missing @notice tag in contract 'Activatable' [Warning/use-natspec]
/sb/0x7270c5554b75734b3cd2a781205b84a350bc2334.sol:30:3: Missing @notice tag in event 'ActivatedContract' [Warning/use-natspec]
/sb/0x7270c5554b75734b3cd2a781205b84a350bc2334.sol:30:3: Missing @param tag in event 'ActivatedContract' [Warning/use-natspec]
/sb/0x7270c5554b75734b3cd2a781205b84a350bc2334.sol:30:3: Mismatch in @param names for event 'ActivatedContract'. Expected: [activatedAt], Found: [] [Warning/use-natspec]
/sb/0x7270c5554b75734b3cd2a781205b84a350bc2334.sol:30:3: GC: [activatedAt] on Event [ActivatedContract] could be Indexed [Warning/gas-indexed-events]
/sb/0x7270c5554b75734b3cd2a781205b84a350bc2334.sol:31:3: Missing @notice tag in event 'DeactivatedContract' [Warning/use-natspec]
/sb/0x7270c5554b75734b3cd2a781205b84a350bc2334.sol:31:3: Missing @param tag in event 'DeactivatedContract' [Warning/use-natspec]
/sb/0x7270c5554b75734b3cd2a781205b84a350bc2334.sol:31:3: Mismatch in @param names for event 'DeactivatedContract'. Expected: [deactivatedAt], Found: [] [Warning/use-natspec]
/sb/0x7270c5554b75734b3cd2a781205b84a350bc2334.sol:31:3: GC: [deactivatedAt] on Event [DeactivatedContract] could be Indexed [Warning/gas-indexed-events]
/sb/0x7270c5554b75734b3cd2a781205b84a350bc2334.sol:33:3: Missing @notice tag in variable 'active' [Warning/use-natspec]
/sb/0x7270c5554b75734b3cd2a781205b84a350bc2334.sol:39:5: Provide an error message for require [Warning/reason-string]
/sb/0x7270c5554b75734b3cd2a781205b84a350bc2334.sol:47:5: Provide an error message for require [Warning/reason-string]
/sb/0x7270c5554b75734b3cd2a781205b84a350bc2334.sol:54:3: Missing @notice tag in function 'activate' [Warning/use-natspec]
/sb/0x7270c5554b75734b3cd2a781205b84a350bc2334.sol:65:3: Missing @notice tag in function 'deactivate' [Warning/use-natspec]
/sb/0x7270c5554b75734b3cd2a781205b84a350bc2334.sol:76:1: Missing @title tag in contract 'Versionable' [Warning/use-natspec]
/sb/0x7270c5554b75734b3cd2a781205b84a350bc2334.sol:76:1: Missing @author tag in contract 'Versionable' [Warning/use-natspec]
/sb/0x7270c5554b75734b3cd2a781205b84a350bc2334.sol:76:1: Missing @notice tag in contract 'Versionable' [Warning/use-natspec]
/sb/0x7270c5554b75734b3cd2a781205b84a350bc2334.sol:77:3: Missing @notice tag in variable 'name' [Warning/use-natspec]
/sb/0x7270c5554b75734b3cd2a781205b84a350bc2334.sol:78:3: Missing @notice tag in variable 'version' [Warning/use-natspec]
/sb/0x7270c5554b75734b3cd2a781205b84a350bc2334.sol:79:3: Missing @notice tag in variable 'identifier' [Warning/use-natspec]
/sb/0x7270c5554b75734b3cd2a781205b84a350bc2334.sol:80:3: Missing @notice tag in variable 'createdAt' [Warning/use-natspec]
/sb/0x7270c5554b75734b3cd2a781205b84a350bc2334.sol:86:3: Missing @notice tag in function 'Versionable' [Warning/use-natspec]
/sb/0x7270c5554b75734b3cd2a781205b84a350bc2334.sol:86:3: Missing @param tag in function 'Versionable' [Warning/use-natspec]
/sb/0x7270c5554b75734b3cd2a781205b84a350bc2334.sol:86:3: Mismatch in @param names for function 'Versionable'. Expected: [_name, _version, _identifier], Found: [] [Warning/use-natspec]
/sb/0x7270c5554b75734b3cd2a781205b84a350bc2334.sol:87:5: Provide an error message for require [Warning/reason-string]
/sb/0x7270c5554b75734b3cd2a781205b84a350bc2334.sol:104:1: Missing @author tag in contract 'Ownable' [Warning/use-natspec]
/sb/0x7270c5554b75734b3cd2a781205b84a350bc2334.sol:104:1: Missing @notice tag in contract 'Ownable' [Warning/use-natspec]
/sb/0x7270c5554b75734b3cd2a781205b84a350bc2334.sol:105:3: Missing @notice tag in variable 'owner' [Warning/use-natspec]
/sb/0x7270c5554b75734b3cd2a781205b84a350bc2334.sol:108:3: Missing @notice tag in event 'OwnershipTransferred' [Warning/use-natspec]
/sb/0x7270c5554b75734b3cd2a781205b84a350bc2334.sol:108:3: Missing @param tag in event 'OwnershipTransferred' [Warning/use-natspec]
/sb/0x7270c5554b75734b3cd2a781205b84a350bc2334.sol:108:3: Mismatch in @param names for event 'OwnershipTransferred'. Expected: [previousOwner, newOwner], Found: [] [Warning/use-natspec]
/sb/0x7270c5554b75734b3cd2a781205b84a350bc2334.sol:115:3: Missing @notice tag in function 'Ownable' [Warning/use-natspec]
/sb/0x7270c5554b75734b3cd2a781205b84a350bc2334.sol:124:5: Provide an error message for require [Warning/reason-string]
/sb/0x7270c5554b75734b3cd2a781205b84a350bc2334.sol:133:3: Missing @notice tag in function 'transferOwnership' [Warning/use-natspec]
/sb/0x7270c5554b75734b3cd2a781205b84a350bc2334.sol:134:5: Provide an error message for require [Warning/reason-string]
/sb/0x7270c5554b75734b3cd2a781205b84a350bc2334.sol:143:1: Missing @title tag in contract 'ContractManagementSystem' [Warning/use-natspec]
/sb/0x7270c5554b75734b3cd2a781205b84a350bc2334.sol:143:1: Missing @author tag in contract 'ContractManagementSystem' [Warning/use-natspec]
/sb/0x7270c5554b75734b3cd2a781205b84a350bc2334.sol:143:1: Missing @notice tag in contract 'ContractManagementSystem' [Warning/use-natspec]
/sb/0x7270c5554b75734b3cd2a781205b84a350bc2334.sol:144:3: Missing @notice tag in event 'UpgradedContract' [Warning/use-natspec]
/sb/0x7270c5554b75734b3cd2a781205b84a350bc2334.sol:144:3: Missing @param tag in event 'UpgradedContract' [Warning/use-natspec]
/sb/0x7270c5554b75734b3cd2a781205b84a350bc2334.sol:144:3: Mismatch in @param names for event 'UpgradedContract'. Expected: [contractIdentifier, oldContractAddress, newContractAddress], Found: [] [Warning/use-natspec]
/sb/0x7270c5554b75734b3cd2a781205b84a350bc2334.sol:144:3: GC: [contractIdentifier] on Event [UpgradedContract] could be Indexed [Warning/gas-indexed-events]
/sb/0x7270c5554b75734b3cd2a781205b84a350bc2334.sol:145:3: Missing @notice tag in event 'RollbackedContract' [Warning/use-natspec]
/sb/0x7270c5554b75734b3cd2a781205b84a350bc2334.sol:145:3: Missing @param tag in event 'RollbackedContract' [Warning/use-natspec]
/sb/0x7270c5554b75734b3cd2a781205b84a350bc2334.sol:145:3: Mismatch in @param names for event 'RollbackedContract'. Expected: [contractIdentifier, fromContractAddress, toContractAddress], Found: [] [Warning/use-natspec]
/sb/0x7270c5554b75734b3cd2a781205b84a350bc2334.sol:145:3: GC: [contractIdentifier] on Event [RollbackedContract] could be Indexed [Warning/gas-indexed-events]
/sb/0x7270c5554b75734b3cd2a781205b84a350bc2334.sol:147:3: Missing @notice tag in variable 'managedContracts' [Warning/use-natspec]
/sb/0x7270c5554b75734b3cd2a781205b84a350bc2334.sol:148:3: Missing @notice tag in variable 'activeContracts' [Warning/use-natspec]
/sb/0x7270c5554b75734b3cd2a781205b84a350bc2334.sol:149:3: Explicitly mark visibility of state [Warning/state-visibility]
/sb/0x7270c5554b75734b3cd2a781205b84a350bc2334.sol:156:5: Provide an error message for require [Warning/reason-string]
/sb/0x7270c5554b75734b3cd2a781205b84a350bc2334.sol:165:3: Missing @notice tag in function 'getActiveContractAddress' [Warning/use-natspec]
/sb/0x7270c5554b75734b3cd2a781205b84a350bc2334.sol:165:3: Mismatch in @return names for function 'getActiveContractAddress'. Expected: [activeContract], Found: [address] [Warning/use-natspec]
/sb/0x7270c5554b75734b3cd2a781205b84a350bc2334.sol:172:5: Provide an error message for require [Warning/reason-string]
/sb/0x7270c5554b75734b3cd2a781205b84a350bc2334.sol:178:5: Provide an error message for require [Warning/reason-string]
/sb/0x7270c5554b75734b3cd2a781205b84a350bc2334.sol:187:3: Missing @notice tag in function 'existsManagedContract' [Warning/use-natspec]
/sb/0x7270c5554b75734b3cd2a781205b84a350bc2334.sol:193:5: Provide an error message for require [Warning/reason-string]
/sb/0x7270c5554b75734b3cd2a781205b84a350bc2334.sol:204:3: Missing @notice tag in function 'upgradeContract' [Warning/use-natspec]
/sb/0x7270c5554b75734b3cd2a781205b84a350bc2334.sol:210:5: Provide an error message for require [Warning/reason-string]
/sb/0x7270c5554b75734b3cd2a781205b84a350bc2334.sol:216:5: Provide an error message for require [Warning/reason-string]
/sb/0x7270c5554b75734b3cd2a781205b84a350bc2334.sol:219:5: Provide an error message for require [Warning/reason-string]
/sb/0x7270c5554b75734b3cd2a781205b84a350bc2334.sol:222:5: Provide an error message for require [Warning/reason-string]
/sb/0x7270c5554b75734b3cd2a781205b84a350bc2334.sol:229:7: Provide an error message for require [Warning/reason-string]
/sb/0x7270c5554b75734b3cd2a781205b84a350bc2334.sol:251:3: Missing @notice tag in function 'rollbackContract' [Warning/use-natspec]
/sb/0x7270c5554b75734b3cd2a781205b84a350bc2334.sol:257:5: Provide an error message for require [Warning/reason-string]
/sb/0x7270c5554b75734b3cd2a781205b84a350bc2334.sol:263:5: Provide an error message for require [Warning/reason-string]
/sb/0x7270c5554b75734b3cd2a781205b84a350bc2334.sol:266:5: Provide an error message for require [Warning/reason-string]
/sb/0x7270c5554b75734b3cd2a781205b84a350bc2334.sol:289:3: Missing @notice tag in function 'swapContractsStates' [Warning/use-natspec]
/sb/0x7270c5554b75734b3cd2a781205b84a350bc2334.sol:309:1: Missing @author tag in contract 'SafeMath' [Warning/use-natspec]
/sb/0x7270c5554b75734b3cd2a781205b84a350bc2334.sol:309:1: Missing @notice tag in contract 'SafeMath' [Warning/use-natspec]
/sb/0x7270c5554b75734b3cd2a781205b84a350bc2334.sol:310:3: Missing @notice tag in function 'mul' [Warning/use-natspec]
/sb/0x7270c5554b75734b3cd2a781205b84a350bc2334.sol:310:3: Missing @param tag in function 'mul' [Warning/use-natspec]
/sb/0x7270c5554b75734b3cd2a781205b84a350bc2334.sol:310:3: Mismatch in @param names for function 'mul'. Expected: [a, b], Found: [] [Warning/use-natspec]
/sb/0x7270c5554b75734b3cd2a781205b84a350bc2334.sol:310:3: Missing @return tag in function 'mul' [Warning/use-natspec]
/sb/0x7270c5554b75734b3cd2a781205b84a350bc2334.sol:310:3: Mismatch in @return count for function 'mul'. Expected: 1, Found: 0 [Warning/use-natspec]
/sb/0x7270c5554b75734b3cd2a781205b84a350bc2334.sol:319:3: Missing @notice tag in function 'div' [Warning/use-natspec]
/sb/0x7270c5554b75734b3cd2a781205b84a350bc2334.sol:319:3: Missing @param tag in function 'div' [Warning/use-natspec]
/sb/0x7270c5554b75734b3cd2a781205b84a350bc2334.sol:319:3: Mismatch in @param names for function 'div'. Expected: [a, b], Found: [] [Warning/use-natspec]
/sb/0x7270c5554b75734b3cd2a781205b84a350bc2334.sol:319:3: Missing @return tag in function 'div' [Warning/use-natspec]
/sb/0x7270c5554b75734b3cd2a781205b84a350bc2334.sol:319:3: Mismatch in @return count for function 'div'. Expected: 1, Found: 0 [Warning/use-natspec]
/sb/0x7270c5554b75734b3cd2a781205b84a350bc2334.sol:326:3: Missing @notice tag in function 'sub' [Warning/use-natspec]
/sb/0x7270c5554b75734b3cd2a781205b84a350bc2334.sol:326:3: Missing @param tag in function 'sub' [Warning/use-natspec]
/sb/0x7270c5554b75734b3cd2a781205b84a350bc2334.sol:326:3: Mismatch in @param names for function 'sub'. Expected: [a, b], Found: [] [Warning/use-natspec]
/sb/0x7270c5554b75734b3cd2a781205b84a350bc2334.sol:326:3: Missing @return tag in function 'sub' [Warning/use-natspec]
/sb/0x7270c5554b75734b3cd2a781205b84a350bc2334.sol:326:3: Mismatch in @return count for function 'sub'. Expected: 1, Found: 0 [Warning/use-natspec]
/sb/0x7270c5554b75734b3cd2a781205b84a350bc2334.sol:327:12: GC: Non strict inequality found. Try converting to a strict one [Warning/gas-strict-inequalities]
/sb/0x7270c5554b75734b3cd2a781205b84a350bc2334.sol:331:3: Missing @notice tag in function 'add' [Warning/use-natspec]
/sb/0x7270c5554b75734b3cd2a781205b84a350bc2334.sol:331:3: Missing @param tag in function 'add' [Warning/use-natspec]
/sb/0x7270c5554b75734b3cd2a781205b84a350bc2334.sol:331:3: Mismatch in @param names for function 'add'. Expected: [a, b], Found: [] [Warning/use-natspec]
/sb/0x7270c5554b75734b3cd2a781205b84a350bc2334.sol:331:3: Missing @return tag in function 'add' [Warning/use-natspec]
/sb/0x7270c5554b75734b3cd2a781205b84a350bc2334.sol:331:3: Mismatch in @return count for function 'add'. Expected: 1, Found: 0 [Warning/use-natspec]
/sb/0x7270c5554b75734b3cd2a781205b84a350bc2334.sol:333:12: GC: Non strict inequality found. Try converting to a strict one [Warning/gas-strict-inequalities]
/sb/0x7270c5554b75734b3cd2a781205b84a350bc2334.sol:345:1: Missing @author tag in contract 'ERC20Basic' [Warning/use-natspec]
/sb/0x7270c5554b75734b3cd2a781205b84a350bc2334.sol:345:1: Missing @notice tag in contract 'ERC20Basic' [Warning/use-natspec]
/sb/0x7270c5554b75734b3cd2a781205b84a350bc2334.sol:346:3: Missing @notice tag in variable 'totalSupply' [Warning/use-natspec]
/sb/0x7270c5554b75734b3cd2a781205b84a350bc2334.sol:347:3: Missing @notice tag in function 'balanceOf' [Warning/use-natspec]
/sb/0x7270c5554b75734b3cd2a781205b84a350bc2334.sol:347:3: Missing @param tag in function 'balanceOf' [Warning/use-natspec]
/sb/0x7270c5554b75734b3cd2a781205b84a350bc2334.sol:347:3: Mismatch in @param names for function 'balanceOf'. Expected: [who], Found: [] [Warning/use-natspec]
/sb/0x7270c5554b75734b3cd2a781205b84a350bc2334.sol:347:3: Missing @return tag in function 'balanceOf' [Warning/use-natspec]
/sb/0x7270c5554b75734b3cd2a781205b84a350bc2334.sol:347:3: Mismatch in @return count for function 'balanceOf'. Expected: 1, Found: 0 [Warning/use-natspec]
/sb/0x7270c5554b75734b3cd2a781205b84a350bc2334.sol:348:3: Missing @notice tag in function 'transfer' [Warning/use-natspec]
/sb/0x7270c5554b75734b3cd2a781205b84a350bc2334.sol:348:3: Missing @param tag in function 'transfer' [Warning/use-natspec]
/sb/0x7270c5554b75734b3cd2a781205b84a350bc2334.sol:348:3: Mismatch in @param names for function 'transfer'. Expected: [to, value], Found: [] [Warning/use-natspec]
/sb/0x7270c5554b75734b3cd2a781205b84a350bc2334.sol:348:3: Missing @return tag in function 'transfer' [Warning/use-natspec]
/sb/0x7270c5554b75734b3cd2a781205b84a350bc2334.sol:348:3: Mismatch in @return count for function 'transfer'. Expected: 1, Found: 0 [Warning/use-natspec]
/sb/0x7270c5554b75734b3cd2a781205b84a350bc2334.sol:349:3: Missing @notice tag in event 'Transfer' [Warning/use-natspec]
/sb/0x7270c5554b75734b3cd2a781205b84a350bc2334.sol:349:3: Missing @param tag in event 'Transfer' [Warning/use-natspec]
/sb/0x7270c5554b75734b3cd2a781205b84a350bc2334.sol:349:3: Mismatch in @param names for event 'Transfer'. Expected: [from, to, value], Found: [] [Warning/use-natspec]
/sb/0x7270c5554b75734b3cd2a781205b84a350bc2334.sol:349:3: GC: [value] on Event [Transfer] could be Indexed [Warning/gas-indexed-events]
/sb/0x7270c5554b75734b3cd2a781205b84a350bc2334.sol:360:1: Missing @author tag in contract 'SwissCryptoExchangeToken' [Warning/use-natspec]
/sb/0x7270c5554b75734b3cd2a781205b84a350bc2334.sol:360:1: Missing @notice tag in contract 'SwissCryptoExchangeToken' [Warning/use-natspec]
/sb/0x7270c5554b75734b3cd2a781205b84a350bc2334.sol:361:3: Missing @notice tag in event 'Mint' [Warning/use-natspec]
/sb/0x7270c5554b75734b3cd2a781205b84a350bc2334.sol:361:3: Missing @param tag in event 'Mint' [Warning/use-natspec]
/sb/0x7270c5554b75734b3cd2a781205b84a350bc2334.sol:361:3: Mismatch in @param names for event 'Mint'. Expected: [to, amount], Found: [] [Warning/use-natspec]
/sb/0x7270c5554b75734b3cd2a781205b84a350bc2334.sol:361:3: GC: [amount] on Event [Mint] could be Indexed [Warning/gas-indexed-events]
/sb/0x7270c5554b75734b3cd2a781205b84a350bc2334.sol:365:3: Explicitly mark visibility of state [Warning/state-visibility]
/sb/0x7270c5554b75734b3cd2a781205b84a350bc2334.sol:367:3: Missing @notice tag in variable 'symbol' [Warning/use-natspec]
/sb/0x7270c5554b75734b3cd2a781205b84a350bc2334.sol:367:3: Constant name must be in capitalized SNAKE_CASE [Warning/const-name-snakecase]
/sb/0x7270c5554b75734b3cd2a781205b84a350bc2334.sol:368:3: Missing @notice tag in variable 'decimals' [Warning/use-natspec]
/sb/0x7270c5554b75734b3cd2a781205b84a350bc2334.sol:368:3: Constant name must be in capitalized SNAKE_CASE [Warning/const-name-snakecase]
/sb/0x7270c5554b75734b3cd2a781205b84a350bc2334.sol:377:3: Missing @notice tag in function 'SwissCryptoExchangeToken' [Warning/use-natspec]
/sb/0x7270c5554b75734b3cd2a781205b84a350bc2334.sol:377:3: Mismatch in @param names for function 'SwissCryptoExchangeToken'. Expected: [initialShareholderAddress, initialAmount, _manager], Found: [initialShareholderAddress, initialAmount] [Warning/use-natspec]
/sb/0x7270c5554b75734b3cd2a781205b84a350bc2334.sol:382:5: Provide an error message for require [Warning/reason-string]
/sb/0x7270c5554b75734b3cd2a781205b84a350bc2334.sol:383:5: Provide an error message for require [Warning/reason-string]
/sb/0x7270c5554b75734b3cd2a781205b84a350bc2334.sol:393:5: Provide an error message for require [Warning/reason-string]
/sb/0x7270c5554b75734b3cd2a781205b84a350bc2334.sol:402:3: Missing @notice tag in function 'balanceOf' [Warning/use-natspec]
/sb/0x7270c5554b75734b3cd2a781205b84a350bc2334.sol:402:3: Mismatch in @return names for function 'balanceOf'. Expected: [balance], Found: [An] [Warning/use-natspec]
/sb/0x7270c5554b75734b3cd2a781205b84a350bc2334.sol:411:3: Missing @notice tag in function 'transfer' [Warning/use-natspec]
/sb/0x7270c5554b75734b3cd2a781205b84a350bc2334.sol:411:3: Missing @return tag in function 'transfer' [Warning/use-natspec]
/sb/0x7270c5554b75734b3cd2a781205b84a350bc2334.sol:411:3: Mismatch in @return count for function 'transfer'. Expected: 1, Found: 0 [Warning/use-natspec]
/sb/0x7270c5554b75734b3cd2a781205b84a350bc2334.sol:412:5: Provide an error message for require [Warning/reason-string]
/sb/0x7270c5554b75734b3cd2a781205b84a350bc2334.sol:413:5: Provide an error message for require [Warning/reason-string]
/sb/0x7270c5554b75734b3cd2a781205b84a350bc2334.sol:413:13: GC: Non strict inequality found. Try converting to a strict one [Warning/gas-strict-inequalities]
/sb/0x7270c5554b75734b3cd2a781205b84a350bc2334.sol:428:3: Missing @notice tag in function 'transferFrom' [Warning/use-natspec]
/sb/0x7270c5554b75734b3cd2a781205b84a350bc2334.sol:428:3: Missing @return tag in function 'transferFrom' [Warning/use-natspec]
/sb/0x7270c5554b75734b3cd2a781205b84a350bc2334.sol:428:3: Mismatch in @return count for function 'transferFrom'. Expected: 1, Found: 0 [Warning/use-natspec]
/sb/0x7270c5554b75734b3cd2a781205b84a350bc2334.sol:429:5: Provide an error message for require [Warning/reason-string]
/sb/0x7270c5554b75734b3cd2a781205b84a350bc2334.sol:430:5: Provide an error message for require [Warning/reason-string]
/sb/0x7270c5554b75734b3cd2a781205b84a350bc2334.sol:430:13: GC: Non strict inequality found. Try converting to a strict one [Warning/gas-strict-inequalities]
/sb/0x7270c5554b75734b3cd2a781205b84a350bc2334.sol:443:3: Missing @notice tag in function 'mint' [Warning/use-natspec]
/sb/0x7270c5554b75734b3cd2a781205b84a350bc2334.sol:443:55: Visibility modifier must be first in list of modifiers [Warning/visibility-modifier-order]
/sb/0x7270c5554b75734b3cd2a781205b84a350bc2334.sol:456:1: Missing @title tag in contract 'BaseCompany' [Warning/use-natspec]
/sb/0x7270c5554b75734b3cd2a781205b84a350bc2334.sol:456:1: Missing @author tag in contract 'BaseCompany' [Warning/use-natspec]
/sb/0x7270c5554b75734b3cd2a781205b84a350bc2334.sol:456:1: Missing @notice tag in contract 'BaseCompany' [Warning/use-natspec]
/sb/0x7270c5554b75734b3cd2a781205b84a350bc2334.sol:468:3: Missing @notice tag in function 'BaseCompany' [Warning/use-natspec]
/sb/0x7270c5554b75734b3cd2a781205b84a350bc2334.sol:476:3: Missing @notice tag in function 'getSharesPercentage' [Warning/use-natspec]
/sb/0x7270c5554b75734b3cd2a781205b84a350bc2334.sol:486:3: Missing @notice tag in function 'tokenAddress' [Warning/use-natspec]
/sb/0x7270c5554b75734b3cd2a781205b84a350bc2334.sol:494:3: Missing @notice tag in function 'token' [Warning/use-natspec]
/sb/0x7270c5554b75734b3cd2a781205b84a350bc2334.sol:503:3: Missing @notice tag in function 'isShareholder' [Warning/use-natspec]
/sb/0x7270c5554b75734b3cd2a781205b84a350bc2334.sol:512:3: Missing @notice tag in function 'isMajorityShareholder' [Warning/use-natspec]
/sb/0x7270c5554b75734b3cd2a781205b84a350bc2334.sol:519:1: Missing @title tag in contract 'SwissCryptoExchangeCompany' [Warning/use-natspec]
/sb/0x7270c5554b75734b3cd2a781205b84a350bc2334.sol:519:1: Missing @author tag in contract 'SwissCryptoExchangeCompany' [Warning/use-natspec]
/sb/0x7270c5554b75734b3cd2a781205b84a350bc2334.sol:519:1: Missing @notice tag in contract 'SwissCryptoExchangeCompany' [Warning/use-natspec]
/sb/0x7270c5554b75734b3cd2a781205b84a350bc2334.sol:520:3: Missing @notice tag in event 'ProcessedInvestment' [Warning/use-natspec]
/sb/0x7270c5554b75734b3cd2a781205b84a350bc2334.sol:520:3: Missing @param tag in event 'ProcessedInvestment' [Warning/use-natspec]
/sb/0x7270c5554b75734b3cd2a781205b84a350bc2334.sol:520:3: Mismatch in @param names for event 'ProcessedInvestment'. Expected: [investor, weiAmount, shares], Found: [] [Warning/use-natspec]
/sb/0x7270c5554b75734b3cd2a781205b84a350bc2334.sol:520:3: GC: [weiAmount] on Event [ProcessedInvestment] could be Indexed [Warning/gas-indexed-events]
/sb/0x7270c5554b75734b3cd2a781205b84a350bc2334.sol:520:3: GC: [shares] on Event [ProcessedInvestment] could be Indexed [Warning/gas-indexed-events]
/sb/0x7270c5554b75734b3cd2a781205b84a350bc2334.sol:521:3: Missing @notice tag in event 'SaleCompleted' [Warning/use-natspec]
/sb/0x7270c5554b75734b3cd2a781205b84a350bc2334.sol:521:3: Missing @param tag in event 'SaleCompleted' [Warning/use-natspec]
/sb/0x7270c5554b75734b3cd2a781205b84a350bc2334.sol:521:3: Mismatch in @param names for event 'SaleCompleted'. Expected: [beneficiary, weiAmount, shares], Found: [] [Warning/use-natspec]
/sb/0x7270c5554b75734b3cd2a781205b84a350bc2334.sol:521:3: GC: [weiAmount] on Event [SaleCompleted] could be Indexed [Warning/gas-indexed-events]
/sb/0x7270c5554b75734b3cd2a781205b84a350bc2334.sol:521:3: GC: [shares] on Event [SaleCompleted] could be Indexed [Warning/gas-indexed-events]
/sb/0x7270c5554b75734b3cd2a781205b84a350bc2334.sol:522:3: Missing @notice tag in event 'SaleEnded' [Warning/use-natspec]
/sb/0x7270c5554b75734b3cd2a781205b84a350bc2334.sol:522:3: Missing @param tag in event 'SaleEnded' [Warning/use-natspec]
/sb/0x7270c5554b75734b3cd2a781205b84a350bc2334.sol:522:3: Mismatch in @param names for event 'SaleEnded'. Expected: [endedAt], Found: [] [Warning/use-natspec]
/sb/0x7270c5554b75734b3cd2a781205b84a350bc2334.sol:522:3: GC: [endedAt] on Event [SaleEnded] could be Indexed [Warning/gas-indexed-events]
/sb/0x7270c5554b75734b3cd2a781205b84a350bc2334.sol:523:3: Missing @notice tag in event 'SaleAborted' [Warning/use-natspec]
/sb/0x7270c5554b75734b3cd2a781205b84a350bc2334.sol:523:3: Missing @param tag in event 'SaleAborted' [Warning/use-natspec]
/sb/0x7270c5554b75734b3cd2a781205b84a350bc2334.sol:523:3: Mismatch in @param names for event 'SaleAborted'. Expected: [abortedAt], Found: [] [Warning/use-natspec]
/sb/0x7270c5554b75734b3cd2a781205b84a350bc2334.sol:523:3: GC: [abortedAt] on Event [SaleAborted] could be Indexed [Warning/gas-indexed-events]
/sb/0x7270c5554b75734b3cd2a781205b84a350bc2334.sol:527:3: Missing @notice tag in variable 'currentSale' [Warning/use-natspec]
/sb/0x7270c5554b75734b3cd2a781205b84a350bc2334.sol:530:3: GC: For [ Sale ] struct, packing seems inefficient. Try rearranging to achieve 32bytes slots [Warning/gas-struct-packing]
/sb/0x7270c5554b75734b3cd2a781205b84a350bc2334.sol:547:3: Missing @notice tag in function 'SwissCryptoExchangeCompany' [Warning/use-natspec]
/sb/0x7270c5554b75734b3cd2a781205b84a350bc2334.sol:553:5: Provide an error message for require [Warning/reason-string]
/sb/0x7270c5554b75734b3cd2a781205b84a350bc2334.sol:561:5: Provide an error message for require [Warning/reason-string]
/sb/0x7270c5554b75734b3cd2a781205b84a350bc2334.sol:569:5: Provide an error message for require [Warning/reason-string]
/sb/0x7270c5554b75734b3cd2a781205b84a350bc2334.sol:577:5: Provide an error message for require [Warning/reason-string]
/sb/0x7270c5554b75734b3cd2a781205b84a350bc2334.sol:585:5: Provide an error message for require [Warning/reason-string]
/sb/0x7270c5554b75734b3cd2a781205b84a350bc2334.sol:593:3: Missing @notice tag in function '<anonymous>' [Warning/use-natspec]
/sb/0x7270c5554b75734b3cd2a781205b84a350bc2334.sol:593:3: Fallback function must be simple [Warning/no-complex-fallback]
/sb/0x7270c5554b75734b3cd2a781205b84a350bc2334.sol:600:5: Provide an error message for require [Warning/reason-string]
/sb/0x7270c5554b75734b3cd2a781205b84a350bc2334.sol:613:3: Missing @notice tag in function 'initializeNewSale' [Warning/use-natspec]
/sb/0x7270c5554b75734b3cd2a781205b84a350bc2334.sol:625:5: Provide an error message for require [Warning/reason-string]
/sb/0x7270c5554b75734b3cd2a781205b84a350bc2334.sol:626:5: Provide an error message for require [Warning/reason-string]
/sb/0x7270c5554b75734b3cd2a781205b84a350bc2334.sol:627:5: Provide an error message for require [Warning/reason-string]
/sb/0x7270c5554b75734b3cd2a781205b84a350bc2334.sol:628:5: Provide an error message for require [Warning/reason-string]
/sb/0x7270c5554b75734b3cd2a781205b84a350bc2334.sol:629:5: Provide an error message for require [Warning/reason-string]
/sb/0x7270c5554b75734b3cd2a781205b84a350bc2334.sol:629:13: GC: Non strict inequality found. Try converting to a strict one [Warning/gas-strict-inequalities]
/sb/0x7270c5554b75734b3cd2a781205b84a350bc2334.sol:644:5: Provide an error message for require [Warning/reason-string]
/sb/0x7270c5554b75734b3cd2a781205b84a350bc2334.sol:647:5: Provide an error message for require [Warning/reason-string]
/sb/0x7270c5554b75734b3cd2a781205b84a350bc2334.sol:653:3: Missing @notice tag in function 'processPayment' [Warning/use-natspec]
/sb/0x7270c5554b75734b3cd2a781205b84a350bc2334.sol:690:5: Provide an error message for require [Warning/reason-string]
/sb/0x7270c5554b75734b3cd2a781205b84a350bc2334.sol:704:3: Missing @notice tag in function 'finalizeSale' [Warning/use-natspec]
/sb/0x7270c5554b75734b3cd2a781205b84a350bc2334.sol:710:5: Provide an error message for require [Warning/reason-string]
/sb/0x7270c5554b75734b3cd2a781205b84a350bc2334.sol:711:5: Provide an error message for require [Warning/reason-string]
/sb/0x7270c5554b75734b3cd2a781205b84a350bc2334.sol:720:5: Possible reentrancy vulnerabilities. Avoid state changes after transfer. [Warning/reentrancy]
/sb/0x7270c5554b75734b3cd2a781205b84a350bc2334.sol:726:3: Missing @notice tag in function 'abortSale' [Warning/use-natspec]
/sb/0x7270c5554b75734b3cd2a781205b84a350bc2334.sol:732:5: Provide an error message for require [Warning/reason-string]
/sb/0x7270c5554b75734b3cd2a781205b84a350bc2334.sol:742:5: Provide an error message for require [Warning/reason-string]
/sb/0x7270c5554b75734b3cd2a781205b84a350bc2334.sol:745:5: Provide an error message for require [Warning/reason-string]
/sb/0x7270c5554b75734b3cd2a781205b84a350bc2334.sol:751:5: Possible reentrancy vulnerabilities. Avoid state changes after transfer. [Warning/reentrancy]

212 problem/s (1 error/s, 211 warning/s)
