A new version of Solhint is available: 6.0.1
Please consider updating your Solhint package.
/sb/0x000d2d31815990fca6f69dfd978c4d4a56b2ed6b.sol:1:1: Found more than One contract per file. 3 contracts found! [Warning/one-contract-per-file]
/sb/0x000d2d31815990fca6f69dfd978c4d4a56b2ed6b.sol:1:1: Compiler version 0.4.20 does not satisfy the ^0.8.24 semver requirement [Error/compiler-version]
/sb/0x000d2d31815990fca6f69dfd978c4d4a56b2ed6b.sol:5:1: Missing @title tag in contract 'Accessible' [Warning/use-natspec]
/sb/0x000d2d31815990fca6f69dfd978c4d4a56b2ed6b.sol:5:1: Missing @author tag in contract 'Accessible' [Warning/use-natspec]
/sb/0x000d2d31815990fca6f69dfd978c4d4a56b2ed6b.sol:5:1: Missing @notice tag in contract 'Accessible' [Warning/use-natspec]
/sb/0x000d2d31815990fca6f69dfd978c4d4a56b2ed6b.sol:21:5: Missing @notice tag in variable 'owner' [Warning/use-natspec]
/sb/0x000d2d31815990fca6f69dfd978c4d4a56b2ed6b.sol:23:5: Missing @notice tag in variable 'accessAllowed' [Warning/use-natspec]
/sb/0x000d2d31815990fca6f69dfd978c4d4a56b2ed6b.sol:27:5: Missing @notice tag in function 'Accessible' [Warning/use-natspec]
/sb/0x000d2d31815990fca6f69dfd978c4d4a56b2ed6b.sol:37:9: Provide an error message for require [Warning/reason-string]
/sb/0x000d2d31815990fca6f69dfd978c4d4a56b2ed6b.sol:47:9: Provide an error message for require [Warning/reason-string]
/sb/0x000d2d31815990fca6f69dfd978c4d4a56b2ed6b.sol:55:5: Missing @notice tag in function 'allowAccess' [Warning/use-natspec]
/sb/0x000d2d31815990fca6f69dfd978c4d4a56b2ed6b.sol:55:5: Missing @param tag in function 'allowAccess' [Warning/use-natspec]
/sb/0x000d2d31815990fca6f69dfd978c4d4a56b2ed6b.sol:55:5: Mismatch in @param names for function 'allowAccess'. Expected: [_address], Found: [] [Warning/use-natspec]
/sb/0x000d2d31815990fca6f69dfd978c4d4a56b2ed6b.sol:55:54: Visibility modifier must be first in list of modifiers [Warning/visibility-modifier-order]
/sb/0x000d2d31815990fca6f69dfd978c4d4a56b2ed6b.sol:67:5: Missing @notice tag in function 'denyAccess' [Warning/use-natspec]
/sb/0x000d2d31815990fca6f69dfd978c4d4a56b2ed6b.sol:67:5: Missing @param tag in function 'denyAccess' [Warning/use-natspec]
/sb/0x000d2d31815990fca6f69dfd978c4d4a56b2ed6b.sol:67:5: Mismatch in @param names for function 'denyAccess'. Expected: [_address], Found: [] [Warning/use-natspec]
/sb/0x000d2d31815990fca6f69dfd978c4d4a56b2ed6b.sol:67:53: Visibility modifier must be first in list of modifiers [Warning/visibility-modifier-order]
/sb/0x000d2d31815990fca6f69dfd978c4d4a56b2ed6b.sol:79:5: Missing @notice tag in function 'transferOwnership' [Warning/use-natspec]
/sb/0x000d2d31815990fca6f69dfd978c4d4a56b2ed6b.sol:79:5: Missing @param tag in function 'transferOwnership' [Warning/use-natspec]
/sb/0x000d2d31815990fca6f69dfd978c4d4a56b2ed6b.sol:79:5: Mismatch in @param names for function 'transferOwnership'. Expected: [_address], Found: [] [Warning/use-natspec]
/sb/0x000d2d31815990fca6f69dfd978c4d4a56b2ed6b.sol:79:60: Visibility modifier must be first in list of modifiers [Warning/visibility-modifier-order]
/sb/0x000d2d31815990fca6f69dfd978c4d4a56b2ed6b.sol:93:1: Missing @title tag in contract 'TrueProfileStorage' [Warning/use-natspec]
/sb/0x000d2d31815990fca6f69dfd978c4d4a56b2ed6b.sol:93:1: Missing @author tag in contract 'TrueProfileStorage' [Warning/use-natspec]
/sb/0x000d2d31815990fca6f69dfd978c4d4a56b2ed6b.sol:93:1: Missing @notice tag in contract 'TrueProfileStorage' [Warning/use-natspec]
/sb/0x000d2d31815990fca6f69dfd978c4d4a56b2ed6b.sol:111:5: GC: For [ Signature ] struct, packing seems inefficient. Try rearranging to achieve 32bytes slots [Warning/gas-struct-packing]
/sb/0x000d2d31815990fca6f69dfd978c4d4a56b2ed6b.sol:129:5: Missing @notice tag in variable 'signatureStorage' [Warning/use-natspec]
/sb/0x000d2d31815990fca6f69dfd978c4d4a56b2ed6b.sol:137:5: Missing @notice tag in variable 'uIntStorage' [Warning/use-natspec]
/sb/0x000d2d31815990fca6f69dfd978c4d4a56b2ed6b.sol:139:5: Missing @notice tag in variable 'stringStorage' [Warning/use-natspec]
/sb/0x000d2d31815990fca6f69dfd978c4d4a56b2ed6b.sol:141:5: Missing @notice tag in variable 'addressStorage' [Warning/use-natspec]
/sb/0x000d2d31815990fca6f69dfd978c4d4a56b2ed6b.sol:143:5: Missing @notice tag in variable 'bytesStorage' [Warning/use-natspec]
/sb/0x000d2d31815990fca6f69dfd978c4d4a56b2ed6b.sol:145:5: Missing @notice tag in variable 'boolStorage' [Warning/use-natspec]
/sb/0x000d2d31815990fca6f69dfd978c4d4a56b2ed6b.sol:147:5: Missing @notice tag in variable 'intStorage' [Warning/use-natspec]
/sb/0x000d2d31815990fca6f69dfd978c4d4a56b2ed6b.sol:153:5: Missing @notice tag in function 'getSignature' [Warning/use-natspec]
/sb/0x000d2d31815990fca6f69dfd978c4d4a56b2ed6b.sol:153:5: Missing @param tag in function 'getSignature' [Warning/use-natspec]
/sb/0x000d2d31815990fca6f69dfd978c4d4a56b2ed6b.sol:153:5: Mismatch in @param names for function 'getSignature'. Expected: [_key], Found: [] [Warning/use-natspec]
/sb/0x000d2d31815990fca6f69dfd978c4d4a56b2ed6b.sol:153:5: Missing @return tag in function 'getSignature' [Warning/use-natspec]
/sb/0x000d2d31815990fca6f69dfd978c4d4a56b2ed6b.sol:153:5: Mismatch in @return names for function 'getSignature'. Expected: [v, r, s, revocationReasonId], Found: [] [Warning/use-natspec]
/sb/0x000d2d31815990fca6f69dfd978c4d4a56b2ed6b.sol:171:5: Missing @notice tag in function 'setSignature' [Warning/use-natspec]
/sb/0x000d2d31815990fca6f69dfd978c4d4a56b2ed6b.sol:171:5: Missing @param tag in function 'setSignature' [Warning/use-natspec]
/sb/0x000d2d31815990fca6f69dfd978c4d4a56b2ed6b.sol:171:5: Mismatch in @param names for function 'setSignature'. Expected: [_key, _v, _r, _s, _revocationReasonId], Found: [] [Warning/use-natspec]
/sb/0x000d2d31815990fca6f69dfd978c4d4a56b2ed6b.sol:171:113: Visibility modifier must be first in list of modifiers [Warning/visibility-modifier-order]
/sb/0x000d2d31815990fca6f69dfd978c4d4a56b2ed6b.sol:173:9: Provide an error message for require [Warning/reason-string]
/sb/0x000d2d31815990fca6f69dfd978c4d4a56b2ed6b.sol:195:5: Missing @notice tag in function 'deleteSignature' [Warning/use-natspec]
/sb/0x000d2d31815990fca6f69dfd978c4d4a56b2ed6b.sol:195:5: Missing @param tag in function 'deleteSignature' [Warning/use-natspec]
/sb/0x000d2d31815990fca6f69dfd978c4d4a56b2ed6b.sol:195:5: Mismatch in @param names for function 'deleteSignature'. Expected: [_key], Found: [] [Warning/use-natspec]
/sb/0x000d2d31815990fca6f69dfd978c4d4a56b2ed6b.sol:195:55: Visibility modifier must be first in list of modifiers [Warning/visibility-modifier-order]
/sb/0x000d2d31815990fca6f69dfd978c4d4a56b2ed6b.sol:197:9: Provide an error message for require [Warning/reason-string]
/sb/0x000d2d31815990fca6f69dfd978c4d4a56b2ed6b.sol:221:5: Missing @notice tag in function 'getAddress' [Warning/use-natspec]
/sb/0x000d2d31815990fca6f69dfd978c4d4a56b2ed6b.sol:221:5: Missing @param tag in function 'getAddress' [Warning/use-natspec]
/sb/0x000d2d31815990fca6f69dfd978c4d4a56b2ed6b.sol:221:5: Mismatch in @param names for function 'getAddress'. Expected: [_key], Found: [] [Warning/use-natspec]
/sb/0x000d2d31815990fca6f69dfd978c4d4a56b2ed6b.sol:221:5: Missing @return tag in function 'getAddress' [Warning/use-natspec]
/sb/0x000d2d31815990fca6f69dfd978c4d4a56b2ed6b.sol:221:5: Mismatch in @return count for function 'getAddress'. Expected: 1, Found: 0 [Warning/use-natspec]
/sb/0x000d2d31815990fca6f69dfd978c4d4a56b2ed6b.sol:229:5: Missing @notice tag in function 'getUint' [Warning/use-natspec]
/sb/0x000d2d31815990fca6f69dfd978c4d4a56b2ed6b.sol:229:5: Missing @param tag in function 'getUint' [Warning/use-natspec]
/sb/0x000d2d31815990fca6f69dfd978c4d4a56b2ed6b.sol:229:5: Mismatch in @param names for function 'getUint'. Expected: [_key], Found: [] [Warning/use-natspec]
/sb/0x000d2d31815990fca6f69dfd978c4d4a56b2ed6b.sol:229:5: Missing @return tag in function 'getUint' [Warning/use-natspec]
/sb/0x000d2d31815990fca6f69dfd978c4d4a56b2ed6b.sol:229:5: Mismatch in @return count for function 'getUint'. Expected: 1, Found: 0 [Warning/use-natspec]
/sb/0x000d2d31815990fca6f69dfd978c4d4a56b2ed6b.sol:229:59: Rule is set with explicit type [var/s: uint] [Warning/explicit-types]
/sb/0x000d2d31815990fca6f69dfd978c4d4a56b2ed6b.sol:237:5: Missing @notice tag in function 'getString' [Warning/use-natspec]
/sb/0x000d2d31815990fca6f69dfd978c4d4a56b2ed6b.sol:237:5: Missing @param tag in function 'getString' [Warning/use-natspec]
/sb/0x000d2d31815990fca6f69dfd978c4d4a56b2ed6b.sol:237:5: Mismatch in @param names for function 'getString'. Expected: [_key], Found: [] [Warning/use-natspec]
/sb/0x000d2d31815990fca6f69dfd978c4d4a56b2ed6b.sol:237:5: Missing @return tag in function 'getString' [Warning/use-natspec]
/sb/0x000d2d31815990fca6f69dfd978c4d4a56b2ed6b.sol:237:5: Mismatch in @return count for function 'getString'. Expected: 1, Found: 0 [Warning/use-natspec]
/sb/0x000d2d31815990fca6f69dfd978c4d4a56b2ed6b.sol:245:5: Missing @notice tag in function 'getBytes' [Warning/use-natspec]
/sb/0x000d2d31815990fca6f69dfd978c4d4a56b2ed6b.sol:245:5: Missing @param tag in function 'getBytes' [Warning/use-natspec]
/sb/0x000d2d31815990fca6f69dfd978c4d4a56b2ed6b.sol:245:5: Mismatch in @param names for function 'getBytes'. Expected: [_key], Found: [] [Warning/use-natspec]
/sb/0x000d2d31815990fca6f69dfd978c4d4a56b2ed6b.sol:245:5: Missing @return tag in function 'getBytes' [Warning/use-natspec]
/sb/0x000d2d31815990fca6f69dfd978c4d4a56b2ed6b.sol:245:5: Mismatch in @return count for function 'getBytes'. Expected: 1, Found: 0 [Warning/use-natspec]
/sb/0x000d2d31815990fca6f69dfd978c4d4a56b2ed6b.sol:253:5: Missing @notice tag in function 'getBool' [Warning/use-natspec]
/sb/0x000d2d31815990fca6f69dfd978c4d4a56b2ed6b.sol:253:5: Missing @param tag in function 'getBool' [Warning/use-natspec]
/sb/0x000d2d31815990fca6f69dfd978c4d4a56b2ed6b.sol:253:5: Mismatch in @param names for function 'getBool'. Expected: [_key], Found: [] [Warning/use-natspec]
/sb/0x000d2d31815990fca6f69dfd978c4d4a56b2ed6b.sol:253:5: Missing @return tag in function 'getBool' [Warning/use-natspec]
/sb/0x000d2d31815990fca6f69dfd978c4d4a56b2ed6b.sol:253:5: Mismatch in @return count for function 'getBool'. Expected: 1, Found: 0 [Warning/use-natspec]
/sb/0x000d2d31815990fca6f69dfd978c4d4a56b2ed6b.sol:261:5: Missing @notice tag in function 'getInt' [Warning/use-natspec]
/sb/0x000d2d31815990fca6f69dfd978c4d4a56b2ed6b.sol:261:5: Missing @param tag in function 'getInt' [Warning/use-natspec]
/sb/0x000d2d31815990fca6f69dfd978c4d4a56b2ed6b.sol:261:5: Mismatch in @param names for function 'getInt'. Expected: [_key], Found: [] [Warning/use-natspec]
/sb/0x000d2d31815990fca6f69dfd978c4d4a56b2ed6b.sol:261:5: Missing @return tag in function 'getInt' [Warning/use-natspec]
/sb/0x000d2d31815990fca6f69dfd978c4d4a56b2ed6b.sol:261:5: Mismatch in @return count for function 'getInt'. Expected: 1, Found: 0 [Warning/use-natspec]
/sb/0x000d2d31815990fca6f69dfd978c4d4a56b2ed6b.sol:261:58: Rule is set with explicit type [var/s: int] [Warning/explicit-types]
/sb/0x000d2d31815990fca6f69dfd978c4d4a56b2ed6b.sol:271:5: Missing @notice tag in function 'setAddress' [Warning/use-natspec]
/sb/0x000d2d31815990fca6f69dfd978c4d4a56b2ed6b.sol:271:5: Missing @param tag in function 'setAddress' [Warning/use-natspec]
/sb/0x000d2d31815990fca6f69dfd978c4d4a56b2ed6b.sol:271:5: Mismatch in @param names for function 'setAddress'. Expected: [_key, _value], Found: [] [Warning/use-natspec]
/sb/0x000d2d31815990fca6f69dfd978c4d4a56b2ed6b.sol:271:66: Visibility modifier must be first in list of modifiers [Warning/visibility-modifier-order]
/sb/0x000d2d31815990fca6f69dfd978c4d4a56b2ed6b.sol:279:5: Missing @notice tag in function 'setUint' [Warning/use-natspec]
/sb/0x000d2d31815990fca6f69dfd978c4d4a56b2ed6b.sol:279:5: Missing @param tag in function 'setUint' [Warning/use-natspec]
/sb/0x000d2d31815990fca6f69dfd978c4d4a56b2ed6b.sol:279:5: Mismatch in @param names for function 'setUint'. Expected: [_key, _value], Found: [] [Warning/use-natspec]
/sb/0x000d2d31815990fca6f69dfd978c4d4a56b2ed6b.sol:279:60: Visibility modifier must be first in list of modifiers [Warning/visibility-modifier-order]
/sb/0x000d2d31815990fca6f69dfd978c4d4a56b2ed6b.sol:279:36: Rule is set with explicit type [var/s: uint] [Warning/explicit-types]
/sb/0x000d2d31815990fca6f69dfd978c4d4a56b2ed6b.sol:287:5: Missing @notice tag in function 'setString' [Warning/use-natspec]
/sb/0x000d2d31815990fca6f69dfd978c4d4a56b2ed6b.sol:287:5: Missing @param tag in function 'setString' [Warning/use-natspec]
/sb/0x000d2d31815990fca6f69dfd978c4d4a56b2ed6b.sol:287:5: Mismatch in @param names for function 'setString'. Expected: [_key, _value], Found: [] [Warning/use-natspec]
/sb/0x000d2d31815990fca6f69dfd978c4d4a56b2ed6b.sol:287:64: Visibility modifier must be first in list of modifiers [Warning/visibility-modifier-order]
/sb/0x000d2d31815990fca6f69dfd978c4d4a56b2ed6b.sol:295:5: Missing @notice tag in function 'setBytes' [Warning/use-natspec]
/sb/0x000d2d31815990fca6f69dfd978c4d4a56b2ed6b.sol:295:5: Missing @param tag in function 'setBytes' [Warning/use-natspec]
/sb/0x000d2d31815990fca6f69dfd978c4d4a56b2ed6b.sol:295:5: Mismatch in @param names for function 'setBytes'. Expected: [_key, _value], Found: [] [Warning/use-natspec]
/sb/0x000d2d31815990fca6f69dfd978c4d4a56b2ed6b.sol:295:62: Visibility modifier must be first in list of modifiers [Warning/visibility-modifier-order]
/sb/0x000d2d31815990fca6f69dfd978c4d4a56b2ed6b.sol:303:5: Missing @notice tag in function 'setBool' [Warning/use-natspec]
/sb/0x000d2d31815990fca6f69dfd978c4d4a56b2ed6b.sol:303:5: Missing @param tag in function 'setBool' [Warning/use-natspec]
/sb/0x000d2d31815990fca6f69dfd978c4d4a56b2ed6b.sol:303:5: Mismatch in @param names for function 'setBool'. Expected: [_key, _value], Found: [] [Warning/use-natspec]
/sb/0x000d2d31815990fca6f69dfd978c4d4a56b2ed6b.sol:303:60: Visibility modifier must be first in list of modifiers [Warning/visibility-modifier-order]
/sb/0x000d2d31815990fca6f69dfd978c4d4a56b2ed6b.sol:311:5: Missing @notice tag in function 'setInt' [Warning/use-natspec]
/sb/0x000d2d31815990fca6f69dfd978c4d4a56b2ed6b.sol:311:5: Missing @param tag in function 'setInt' [Warning/use-natspec]
/sb/0x000d2d31815990fca6f69dfd978c4d4a56b2ed6b.sol:311:5: Mismatch in @param names for function 'setInt'. Expected: [_key, _value], Found: [] [Warning/use-natspec]
/sb/0x000d2d31815990fca6f69dfd978c4d4a56b2ed6b.sol:311:58: Visibility modifier must be first in list of modifiers [Warning/visibility-modifier-order]
/sb/0x000d2d31815990fca6f69dfd978c4d4a56b2ed6b.sol:311:35: Rule is set with explicit type [var/s: int] [Warning/explicit-types]
/sb/0x000d2d31815990fca6f69dfd978c4d4a56b2ed6b.sol:321:5: Missing @notice tag in function 'deleteAddress' [Warning/use-natspec]
/sb/0x000d2d31815990fca6f69dfd978c4d4a56b2ed6b.sol:321:5: Missing @param tag in function 'deleteAddress' [Warning/use-natspec]
/sb/0x000d2d31815990fca6f69dfd978c4d4a56b2ed6b.sol:321:5: Mismatch in @param names for function 'deleteAddress'. Expected: [_key], Found: [] [Warning/use-natspec]
/sb/0x000d2d31815990fca6f69dfd978c4d4a56b2ed6b.sol:321:53: Visibility modifier must be first in list of modifiers [Warning/visibility-modifier-order]
/sb/0x000d2d31815990fca6f69dfd978c4d4a56b2ed6b.sol:329:5: Missing @notice tag in function 'deleteUint' [Warning/use-natspec]
/sb/0x000d2d31815990fca6f69dfd978c4d4a56b2ed6b.sol:329:5: Missing @param tag in function 'deleteUint' [Warning/use-natspec]
/sb/0x000d2d31815990fca6f69dfd978c4d4a56b2ed6b.sol:329:5: Mismatch in @param names for function 'deleteUint'. Expected: [_key], Found: [] [Warning/use-natspec]
/sb/0x000d2d31815990fca6f69dfd978c4d4a56b2ed6b.sol:329:50: Visibility modifier must be first in list of modifiers [Warning/visibility-modifier-order]
/sb/0x000d2d31815990fca6f69dfd978c4d4a56b2ed6b.sol:337:5: Missing @notice tag in function 'deleteString' [Warning/use-natspec]
/sb/0x000d2d31815990fca6f69dfd978c4d4a56b2ed6b.sol:337:5: Missing @param tag in function 'deleteString' [Warning/use-natspec]
/sb/0x000d2d31815990fca6f69dfd978c4d4a56b2ed6b.sol:337:5: Mismatch in @param names for function 'deleteString'. Expected: [_key], Found: [] [Warning/use-natspec]
/sb/0x000d2d31815990fca6f69dfd978c4d4a56b2ed6b.sol:337:52: Visibility modifier must be first in list of modifiers [Warning/visibility-modifier-order]
/sb/0x000d2d31815990fca6f69dfd978c4d4a56b2ed6b.sol:345:5: Missing @notice tag in function 'deleteBytes' [Warning/use-natspec]
/sb/0x000d2d31815990fca6f69dfd978c4d4a56b2ed6b.sol:345:5: Missing @param tag in function 'deleteBytes' [Warning/use-natspec]
/sb/0x000d2d31815990fca6f69dfd978c4d4a56b2ed6b.sol:345:5: Mismatch in @param names for function 'deleteBytes'. Expected: [_key], Found: [] [Warning/use-natspec]
/sb/0x000d2d31815990fca6f69dfd978c4d4a56b2ed6b.sol:345:51: Visibility modifier must be first in list of modifiers [Warning/visibility-modifier-order]
/sb/0x000d2d31815990fca6f69dfd978c4d4a56b2ed6b.sol:353:5: Missing @notice tag in function 'deleteBool' [Warning/use-natspec]
/sb/0x000d2d31815990fca6f69dfd978c4d4a56b2ed6b.sol:353:5: Missing @param tag in function 'deleteBool' [Warning/use-natspec]
/sb/0x000d2d31815990fca6f69dfd978c4d4a56b2ed6b.sol:353:5: Mismatch in @param names for function 'deleteBool'. Expected: [_key], Found: [] [Warning/use-natspec]
/sb/0x000d2d31815990fca6f69dfd978c4d4a56b2ed6b.sol:353:50: Visibility modifier must be first in list of modifiers [Warning/visibility-modifier-order]
/sb/0x000d2d31815990fca6f69dfd978c4d4a56b2ed6b.sol:361:5: Missing @notice tag in function 'deleteInt' [Warning/use-natspec]
/sb/0x000d2d31815990fca6f69dfd978c4d4a56b2ed6b.sol:361:5: Missing @param tag in function 'deleteInt' [Warning/use-natspec]
/sb/0x000d2d31815990fca6f69dfd978c4d4a56b2ed6b.sol:361:5: Mismatch in @param names for function 'deleteInt'. Expected: [_key], Found: [] [Warning/use-natspec]
/sb/0x000d2d31815990fca6f69dfd978c4d4a56b2ed6b.sol:361:49: Visibility modifier must be first in list of modifiers [Warning/visibility-modifier-order]
/sb/0x000d2d31815990fca6f69dfd978c4d4a56b2ed6b.sol:371:1: Missing @title tag in contract 'TrueProfileLogic' [Warning/use-natspec]
/sb/0x000d2d31815990fca6f69dfd978c4d4a56b2ed6b.sol:371:1: Missing @author tag in contract 'TrueProfileLogic' [Warning/use-natspec]
/sb/0x000d2d31815990fca6f69dfd978c4d4a56b2ed6b.sol:371:1: Missing @notice tag in contract 'TrueProfileLogic' [Warning/use-natspec]
/sb/0x000d2d31815990fca6f69dfd978c4d4a56b2ed6b.sol:387:5: Explicitly mark visibility of state [Warning/state-visibility]
/sb/0x000d2d31815990fca6f69dfd978c4d4a56b2ed6b.sol:391:5: Missing @notice tag in function 'TrueProfileLogic' [Warning/use-natspec]
/sb/0x000d2d31815990fca6f69dfd978c4d4a56b2ed6b.sol:391:5: Missing @param tag in function 'TrueProfileLogic' [Warning/use-natspec]
/sb/0x000d2d31815990fca6f69dfd978c4d4a56b2ed6b.sol:391:5: Mismatch in @param names for function 'TrueProfileLogic'. Expected: [_trueProfileStorage], Found: [] [Warning/use-natspec]
/sb/0x000d2d31815990fca6f69dfd978c4d4a56b2ed6b.sol:409:5: Missing @notice tag in function 'addTrueProof' [Warning/use-natspec]
/sb/0x000d2d31815990fca6f69dfd978c4d4a56b2ed6b.sol:409:5: Missing @param tag in function 'addTrueProof' [Warning/use-natspec]
/sb/0x000d2d31815990fca6f69dfd978c4d4a56b2ed6b.sol:409:5: Mismatch in @param names for function 'addTrueProof'. Expected: [_key, _v, _r, _s], Found: [] [Warning/use-natspec]
/sb/0x000d2d31815990fca6f69dfd978c4d4a56b2ed6b.sol:409:86: Visibility modifier must be first in list of modifiers [Warning/visibility-modifier-order]
/sb/0x000d2d31815990fca6f69dfd978c4d4a56b2ed6b.sol:411:9: Provide an error message for require [Warning/reason-string]
/sb/0x000d2d31815990fca6f69dfd978c4d4a56b2ed6b.sol:427:5: Missing @notice tag in function 'revokeTrueProof' [Warning/use-natspec]
/sb/0x000d2d31815990fca6f69dfd978c4d4a56b2ed6b.sol:427:5: Missing @param tag in function 'revokeTrueProof' [Warning/use-natspec]
/sb/0x000d2d31815990fca6f69dfd978c4d4a56b2ed6b.sol:427:5: Mismatch in @param names for function 'revokeTrueProof'. Expected: [_key, _revocationReasonId], Found: [] [Warning/use-natspec]
/sb/0x000d2d31815990fca6f69dfd978c4d4a56b2ed6b.sol:427:82: Visibility modifier must be first in list of modifiers [Warning/visibility-modifier-order]
/sb/0x000d2d31815990fca6f69dfd978c4d4a56b2ed6b.sol:429:9: Provide an error message for require [Warning/reason-string]
/sb/0x000d2d31815990fca6f69dfd978c4d4a56b2ed6b.sol:445:9: Provide an error message for require [Warning/reason-string]
/sb/0x000d2d31815990fca6f69dfd978c4d4a56b2ed6b.sol:457:5: Missing @notice tag in function 'isValidTrueProof' [Warning/use-natspec]
/sb/0x000d2d31815990fca6f69dfd978c4d4a56b2ed6b.sol:457:5: Missing @param tag in function 'isValidTrueProof' [Warning/use-natspec]
/sb/0x000d2d31815990fca6f69dfd978c4d4a56b2ed6b.sol:457:5: Mismatch in @param names for function 'isValidTrueProof'. Expected: [_key], Found: [] [Warning/use-natspec]
/sb/0x000d2d31815990fca6f69dfd978c4d4a56b2ed6b.sol:457:5: Missing @return tag in function 'isValidTrueProof' [Warning/use-natspec]
/sb/0x000d2d31815990fca6f69dfd978c4d4a56b2ed6b.sol:457:5: Mismatch in @return count for function 'isValidTrueProof'. Expected: 1, Found: 0 [Warning/use-natspec]
/sb/0x000d2d31815990fca6f69dfd978c4d4a56b2ed6b.sol:475:5: Missing @notice tag in function 'isValidSignatureTrueProof' [Warning/use-natspec]
/sb/0x000d2d31815990fca6f69dfd978c4d4a56b2ed6b.sol:475:5: Missing @param tag in function 'isValidSignatureTrueProof' [Warning/use-natspec]
/sb/0x000d2d31815990fca6f69dfd978c4d4a56b2ed6b.sol:475:5: Mismatch in @param names for function 'isValidSignatureTrueProof'. Expected: [_key], Found: [] [Warning/use-natspec]
/sb/0x000d2d31815990fca6f69dfd978c4d4a56b2ed6b.sol:475:5: Missing @return tag in function 'isValidSignatureTrueProof' [Warning/use-natspec]
/sb/0x000d2d31815990fca6f69dfd978c4d4a56b2ed6b.sol:475:5: Mismatch in @return count for function 'isValidSignatureTrueProof'. Expected: 1, Found: 0 [Warning/use-natspec]
/sb/0x000d2d31815990fca6f69dfd978c4d4a56b2ed6b.sol:505:5: Missing @notice tag in function 'isNotRevokedTrueProof' [Warning/use-natspec]
/sb/0x000d2d31815990fca6f69dfd978c4d4a56b2ed6b.sol:505:5: Missing @param tag in function 'isNotRevokedTrueProof' [Warning/use-natspec]
/sb/0x000d2d31815990fca6f69dfd978c4d4a56b2ed6b.sol:505:5: Mismatch in @param names for function 'isNotRevokedTrueProof'. Expected: [_key], Found: [] [Warning/use-natspec]
/sb/0x000d2d31815990fca6f69dfd978c4d4a56b2ed6b.sol:505:5: Missing @return tag in function 'isNotRevokedTrueProof' [Warning/use-natspec]
/sb/0x000d2d31815990fca6f69dfd978c4d4a56b2ed6b.sol:505:5: Mismatch in @return count for function 'isNotRevokedTrueProof'. Expected: 1, Found: 0 [Warning/use-natspec]
/sb/0x000d2d31815990fca6f69dfd978c4d4a56b2ed6b.sol:535:5: Missing @notice tag in function 'getSignature' [Warning/use-natspec]
/sb/0x000d2d31815990fca6f69dfd978c4d4a56b2ed6b.sol:535:5: Missing @param tag in function 'getSignature' [Warning/use-natspec]
/sb/0x000d2d31815990fca6f69dfd978c4d4a56b2ed6b.sol:535:5: Mismatch in @param names for function 'getSignature'. Expected: [_key], Found: [] [Warning/use-natspec]
/sb/0x000d2d31815990fca6f69dfd978c4d4a56b2ed6b.sol:535:5: Missing @return tag in function 'getSignature' [Warning/use-natspec]
/sb/0x000d2d31815990fca6f69dfd978c4d4a56b2ed6b.sol:535:5: Mismatch in @return names for function 'getSignature'. Expected: [v, r, s, revocationReasonId], Found: [] [Warning/use-natspec]
/sb/0x000d2d31815990fca6f69dfd978c4d4a56b2ed6b.sol:543:5: Missing @notice tag in function 'getRevocationReasonId' [Warning/use-natspec]
/sb/0x000d2d31815990fca6f69dfd978c4d4a56b2ed6b.sol:543:5: Missing @param tag in function 'getRevocationReasonId' [Warning/use-natspec]
/sb/0x000d2d31815990fca6f69dfd978c4d4a56b2ed6b.sol:543:5: Mismatch in @param names for function 'getRevocationReasonId'. Expected: [_key], Found: [] [Warning/use-natspec]
/sb/0x000d2d31815990fca6f69dfd978c4d4a56b2ed6b.sol:543:5: Missing @return tag in function 'getRevocationReasonId' [Warning/use-natspec]
/sb/0x000d2d31815990fca6f69dfd978c4d4a56b2ed6b.sol:543:5: Mismatch in @return count for function 'getRevocationReasonId'. Expected: 1, Found: 0 [Warning/use-natspec]

173 problem/s (1 error/s, 172 warning/s)
