Extract contract RES from /sb/0x6846b938f9be9f1eeeb9bfd853636c805f8f54d3.sol
Extract contract SwarmRedistribution from /sb/0x6846b938f9be9f1eeeb9bfd853636c805f8f54d3.sol
Extracted 2 contract(s) from /sb/0x6846b938f9be9f1eeeb9bfd853636c805f8f54d3.sol
[0;32m> Created "fuzzMe"[0m
[0;32m> To fuzz contracts:[0m
  chmod +x fuzzMe
  ./fuzzMe
contracts/RES.sol:27:5: Warning: Defining constructors as functions with the same name as the contract is deprecated. Use "constructor(...) { ... }" instead.
    function RES() {
    ^ (Relevant source part starts here and spans across multiple lines).
contracts/RES.sol:67:5: Warning: Defining constructors as functions with the same name as the contract is deprecated. Use "constructor(...) { ... }" instead.
    function SwarmRedistribution() {
    ^ (Relevant source part starts here and spans across multiple lines).
contracts/RES.sol:77:37: Warning: "throw" is deprecated in favour of "revert()", "require()" and "assert()".
      if(msg.sender != JohanNygren) throw;
                                    ^---^
contracts/RES.sol:82:32: Warning: "throw" is deprecated in favour of "revert()", "require()" and "assert()".
      if(campaignOpen != true) throw;
                               ^---^
contracts/RES.sol:115:42: Warning: "throw" is deprecated in favour of "revert()", "require()" and "assert()".
      if(balanceOf[msg.sender] < _value) throw;
                                         ^---^
contracts/RES.sol:118:37: Warning: "throw" is deprecated in favour of "revert()", "require()" and "assert()".
      if (!msg.sender.send(_value)) throw;
                                    ^---^
contracts/RES.sol:128:31: Warning: "throw" is deprecated in favour of "revert()", "require()" and "assert()".
        if(_to == msg.sender) throw;
                              ^---^
contracts/RES.sol:131:45: Warning: "throw" is deprecated in favour of "revert()", "require()" and "assert()".
        if (balanceOf[msg.sender] < _value) throw;
                                            ^---^
contracts/RES.sol:132:55: Warning: "throw" is deprecated in favour of "revert()", "require()" and "assert()".
        if (balanceOf[_to] + _value < balanceOf[_to]) throw;
                                                      ^---^
contracts/RES.sol:97:7: Warning: Invoking events without "emit" prefix is deprecated.
      Bought(msg.sender, msg.value);
      ^---------------------------^
contracts/RES.sol:111:7: Warning: Invoking events without "emit" prefix is deprecated.
      BoughtViaJohan(msg.sender, msg.value);
      ^-----------------------------------^
contracts/RES.sol:121:7: Warning: Invoking events without "emit" prefix is deprecated.
      Sold(msg.sender, _value);
      ^----------------------^
contracts/RES.sol:160:9: Warning: Invoking events without "emit" prefix is deprecated.
        Transfer(msg.sender, _to, sentAmount);
        ^-----------------------------------^
contracts/RES.sol:224:21: Warning: Invoking events without "emit" prefix is deprecated.
        if(isJohan) Swarm(_leaf, swarmTree[i].node, share);
                    ^------------------------------------^
contracts/RES.sol:27:5: Warning: No visibility specified. Defaulting to "public". 
    function RES() {
    ^ (Relevant source part starts here and spans across multiple lines).
contracts/RES.sol:67:5: Warning: No visibility specified. Defaulting to "public". 
    function SwarmRedistribution() {
    ^ (Relevant source part starts here and spans across multiple lines).
contracts/RES.sol:86:5: Warning: No visibility specified. Defaulting to "public". 
    function changeJohanNygrensAddress(address _newAddress) onlyJohan {
    ^ (Relevant source part starts here and spans across multiple lines).
contracts/RES.sol:90:5: Warning: No visibility specified. Defaulting to "public". 
    function closeCampaign() onlyJohan {
    ^ (Relevant source part starts here and spans across multiple lines).
contracts/RES.sol:126:5: Warning: No visibility specified. Defaulting to "public". 
    function transfer(address _to, uint256 _value) isOpen {
    ^ (Relevant source part starts here and spans across multiple lines).
contracts/SwarmRedistribution.sol:27:5: Warning: Defining constructors as functions with the same name as the contract is deprecated. Use "constructor(...) { ... }" instead.
    function RES() {
    ^ (Relevant source part starts here and spans across multiple lines).
contracts/SwarmRedistribution.sol:67:5: Warning: Defining constructors as functions with the same name as the contract is deprecated. Use "constructor(...) { ... }" instead.
    function SwarmRedistribution() {
    ^ (Relevant source part starts here and spans across multiple lines).
contracts/SwarmRedistribution.sol:77:37: Warning: "throw" is deprecated in favour of "revert()", "require()" and "assert()".
      if(msg.sender != JohanNygren) throw;
                                    ^---^
contracts/SwarmRedistribution.sol:82:32: Warning: "throw" is deprecated in favour of "revert()", "require()" and "assert()".
      if(campaignOpen != true) throw;
                               ^---^
contracts/SwarmRedistribution.sol:115:42: Warning: "throw" is deprecated in favour of "revert()", "require()" and "assert()".
      if(balanceOf[msg.sender] < _value) throw;
                                         ^---^
contracts/SwarmRedistribution.sol:118:37: Warning: "throw" is deprecated in favour of "revert()", "require()" and "assert()".
      if (!msg.sender.send(_value)) throw;
                                    ^---^
contracts/SwarmRedistribution.sol:128:31: Warning: "throw" is deprecated in favour of "revert()", "require()" and "assert()".
        if(_to == msg.sender) throw;
                              ^---^
contracts/SwarmRedistribution.sol:131:45: Warning: "throw" is deprecated in favour of "revert()", "require()" and "assert()".
        if (balanceOf[msg.sender] < _value) throw;
                                            ^---^
contracts/SwarmRedistribution.sol:132:55: Warning: "throw" is deprecated in favour of "revert()", "require()" and "assert()".
        if (balanceOf[_to] + _value < balanceOf[_to]) throw;
                                                      ^---^
contracts/SwarmRedistribution.sol:97:7: Warning: Invoking events without "emit" prefix is deprecated.
      Bought(msg.sender, msg.value);
      ^---------------------------^
contracts/SwarmRedistribution.sol:111:7: Warning: Invoking events without "emit" prefix is deprecated.
      BoughtViaJohan(msg.sender, msg.value);
      ^-----------------------------------^
contracts/SwarmRedistribution.sol:121:7: Warning: Invoking events without "emit" prefix is deprecated.
      Sold(msg.sender, _value);
      ^----------------------^
contracts/SwarmRedistribution.sol:160:9: Warning: Invoking events without "emit" prefix is deprecated.
        Transfer(msg.sender, _to, sentAmount);
        ^-----------------------------------^
contracts/SwarmRedistribution.sol:224:21: Warning: Invoking events without "emit" prefix is deprecated.
        if(isJohan) Swarm(_leaf, swarmTree[i].node, share);
                    ^------------------------------------^
contracts/SwarmRedistribution.sol:27:5: Warning: No visibility specified. Defaulting to "public". 
    function RES() {
    ^ (Relevant source part starts here and spans across multiple lines).
contracts/SwarmRedistribution.sol:67:5: Warning: No visibility specified. Defaulting to "public". 
    function SwarmRedistribution() {
    ^ (Relevant source part starts here and spans across multiple lines).
contracts/SwarmRedistribution.sol:86:5: Warning: No visibility specified. Defaulting to "public". 
    function changeJohanNygrensAddress(address _newAddress) onlyJohan {
    ^ (Relevant source part starts here and spans across multiple lines).
contracts/SwarmRedistribution.sol:90:5: Warning: No visibility specified. Defaulting to "public". 
    function closeCampaign() onlyJohan {
    ^ (Relevant source part starts here and spans across multiple lines).
contracts/SwarmRedistribution.sol:126:5: Warning: No visibility specified. Defaulting to "public". 
    function transfer(address _to, uint256 _value) isOpen {
    ^ (Relevant source part starts here and spans across multiple lines).
assets/NormalAttacker.sol:5:3: Warning: No visibility specified. Defaulting to "public". 
  function() payable {
  ^ (Relevant source part starts here and spans across multiple lines).
assets/ReentrancyAttacker.sol:8:7: Warning: Return value of low-level calls not used.
      msg.sender.call(bytes4(255));
      ^--------------------------^
assets/ReentrancyAttacker.sol:5:3: Warning: No visibility specified. Defaulting to "public". 
  function() payable {
  ^ (Relevant source part starts here and spans across multiple lines).
>> Fuzz RES
** Write stats: 0.002936
** Write stats: 5.01274
** Write stats: 10.0002
** Write stats: 15.0001
** Write stats: 20.0004
** Write stats: 25.0003
** Write stats: 30.0001
** Write stats: 35.0003
** Write stats: 40.0001
** Write stats: 45.0003
** Write stats: 50.0032
** Write stats: 55.0002
** Write stats: 60.017
** Write stats: 65.0002
** Write stats: 70.0004
** Write stats: 75.0032
** Write stats: 80.0111
** Write stats: 85.0001
** Write stats: 90.0145
** Write stats: 95.0012
** Write stats: 100
** Write stats: 105.032
** Write stats: 110.004
** Write stats: 115.007
** Write stats: 120.002
** Write stats: 120.026
>> Fuzz SwarmRedistribution
** Write stats: 0.016296
** Write stats: 5.00849
** Write stats: 10.0388
** Write stats: 15.0411
** Write stats: 20.0177
** Write stats: 25.0849
** Write stats: 30.0138
** Write stats: 35.0342
** Write stats: 40.0139
** Write stats: 45.0179
** Write stats: 50.0842
** Write stats: 55.0393
** Write stats: 60.025
** Write stats: 65.1356
** Write stats: 70.0485
** Write stats: 75.04
** Write stats: 80.166
** Write stats: 85.1396
** Write stats: 93.4936
