A new version of Solhint is available: 6.0.1
Please consider updating your Solhint package.
/sb/0xe57297258717ec66749fcfb4bf23869e252b03c3.sol:1:1: Found more than One contract per file. 2 contracts found! [Warning/one-contract-per-file]
/sb/0xe57297258717ec66749fcfb4bf23869e252b03c3.sol:1:1: Compiler version ^0.4.13 does not satisfy the ^0.8.24 semver requirement [Error/compiler-version]
/sb/0xe57297258717ec66749fcfb4bf23869e252b03c3.sol:3:1: Missing @title tag in contract 'ERC20' [Warning/use-natspec]
/sb/0xe57297258717ec66749fcfb4bf23869e252b03c3.sol:3:1: Missing @author tag in contract 'ERC20' [Warning/use-natspec]
/sb/0xe57297258717ec66749fcfb4bf23869e252b03c3.sol:3:1: Missing @notice tag in contract 'ERC20' [Warning/use-natspec]
/sb/0xe57297258717ec66749fcfb4bf23869e252b03c3.sol:4:6: Missing @notice tag in function 'totalSupply' [Warning/use-natspec]
/sb/0xe57297258717ec66749fcfb4bf23869e252b03c3.sol:4:6: Missing @return tag in function 'totalSupply' [Warning/use-natspec]
/sb/0xe57297258717ec66749fcfb4bf23869e252b03c3.sol:4:6: Mismatch in @return names for function 'totalSupply'. Expected: [totalSupply], Found: [] [Warning/use-natspec]
/sb/0xe57297258717ec66749fcfb4bf23869e252b03c3.sol:4:6: Explicitly mark visibility in function [Warning/func-visibility]
/sb/0xe57297258717ec66749fcfb4bf23869e252b03c3.sol:5:6: Missing @notice tag in function 'balanceOf' [Warning/use-natspec]
/sb/0xe57297258717ec66749fcfb4bf23869e252b03c3.sol:5:6: Missing @param tag in function 'balanceOf' [Warning/use-natspec]
/sb/0xe57297258717ec66749fcfb4bf23869e252b03c3.sol:5:6: Mismatch in @param names for function 'balanceOf'. Expected: [_owner], Found: [] [Warning/use-natspec]
/sb/0xe57297258717ec66749fcfb4bf23869e252b03c3.sol:5:6: Missing @return tag in function 'balanceOf' [Warning/use-natspec]
/sb/0xe57297258717ec66749fcfb4bf23869e252b03c3.sol:5:6: Mismatch in @return names for function 'balanceOf'. Expected: [balance], Found: [] [Warning/use-natspec]
/sb/0xe57297258717ec66749fcfb4bf23869e252b03c3.sol:5:6: Explicitly mark visibility in function [Warning/func-visibility]
/sb/0xe57297258717ec66749fcfb4bf23869e252b03c3.sol:6:6: Missing @notice tag in function 'transfer' [Warning/use-natspec]
/sb/0xe57297258717ec66749fcfb4bf23869e252b03c3.sol:6:6: Missing @param tag in function 'transfer' [Warning/use-natspec]
/sb/0xe57297258717ec66749fcfb4bf23869e252b03c3.sol:6:6: Mismatch in @param names for function 'transfer'. Expected: [_to, _value], Found: [] [Warning/use-natspec]
/sb/0xe57297258717ec66749fcfb4bf23869e252b03c3.sol:6:6: Missing @return tag in function 'transfer' [Warning/use-natspec]
/sb/0xe57297258717ec66749fcfb4bf23869e252b03c3.sol:6:6: Mismatch in @return names for function 'transfer'. Expected: [success], Found: [] [Warning/use-natspec]
/sb/0xe57297258717ec66749fcfb4bf23869e252b03c3.sol:6:6: Explicitly mark visibility in function [Warning/func-visibility]
/sb/0xe57297258717ec66749fcfb4bf23869e252b03c3.sol:7:6: Missing @notice tag in function 'transferFrom' [Warning/use-natspec]
/sb/0xe57297258717ec66749fcfb4bf23869e252b03c3.sol:7:6: Missing @param tag in function 'transferFrom' [Warning/use-natspec]
/sb/0xe57297258717ec66749fcfb4bf23869e252b03c3.sol:7:6: Mismatch in @param names for function 'transferFrom'. Expected: [_from, _to, _value], Found: [] [Warning/use-natspec]
/sb/0xe57297258717ec66749fcfb4bf23869e252b03c3.sol:7:6: Missing @return tag in function 'transferFrom' [Warning/use-natspec]
/sb/0xe57297258717ec66749fcfb4bf23869e252b03c3.sol:7:6: Mismatch in @return names for function 'transferFrom'. Expected: [success], Found: [] [Warning/use-natspec]
/sb/0xe57297258717ec66749fcfb4bf23869e252b03c3.sol:7:6: Explicitly mark visibility in function [Warning/func-visibility]
/sb/0xe57297258717ec66749fcfb4bf23869e252b03c3.sol:8:6: Missing @notice tag in function 'approve' [Warning/use-natspec]
/sb/0xe57297258717ec66749fcfb4bf23869e252b03c3.sol:8:6: Missing @param tag in function 'approve' [Warning/use-natspec]
/sb/0xe57297258717ec66749fcfb4bf23869e252b03c3.sol:8:6: Mismatch in @param names for function 'approve'. Expected: [_spender, _value], Found: [] [Warning/use-natspec]
/sb/0xe57297258717ec66749fcfb4bf23869e252b03c3.sol:8:6: Missing @return tag in function 'approve' [Warning/use-natspec]
/sb/0xe57297258717ec66749fcfb4bf23869e252b03c3.sol:8:6: Mismatch in @return names for function 'approve'. Expected: [success], Found: [] [Warning/use-natspec]
/sb/0xe57297258717ec66749fcfb4bf23869e252b03c3.sol:8:6: Explicitly mark visibility in function [Warning/func-visibility]
/sb/0xe57297258717ec66749fcfb4bf23869e252b03c3.sol:9:6: Missing @notice tag in function 'allowance' [Warning/use-natspec]
/sb/0xe57297258717ec66749fcfb4bf23869e252b03c3.sol:9:6: Missing @param tag in function 'allowance' [Warning/use-natspec]
/sb/0xe57297258717ec66749fcfb4bf23869e252b03c3.sol:9:6: Mismatch in @param names for function 'allowance'. Expected: [_owner, _spender], Found: [] [Warning/use-natspec]
/sb/0xe57297258717ec66749fcfb4bf23869e252b03c3.sol:9:6: Missing @return tag in function 'allowance' [Warning/use-natspec]
/sb/0xe57297258717ec66749fcfb4bf23869e252b03c3.sol:9:6: Mismatch in @return names for function 'allowance'. Expected: [remaining], Found: [] [Warning/use-natspec]
/sb/0xe57297258717ec66749fcfb4bf23869e252b03c3.sol:9:6: Explicitly mark visibility in function [Warning/func-visibility]
/sb/0xe57297258717ec66749fcfb4bf23869e252b03c3.sol:10:6: Missing @notice tag in event 'Transfer' [Warning/use-natspec]
/sb/0xe57297258717ec66749fcfb4bf23869e252b03c3.sol:10:6: Missing @param tag in event 'Transfer' [Warning/use-natspec]
/sb/0xe57297258717ec66749fcfb4bf23869e252b03c3.sol:10:6: Mismatch in @param names for event 'Transfer'. Expected: [_from, _to, _value], Found: [] [Warning/use-natspec]
/sb/0xe57297258717ec66749fcfb4bf23869e252b03c3.sol:10:6: GC: [_value] on Event [Transfer] could be Indexed [Warning/gas-indexed-events]
/sb/0xe57297258717ec66749fcfb4bf23869e252b03c3.sol:11:6: Missing @notice tag in event 'Approval' [Warning/use-natspec]
/sb/0xe57297258717ec66749fcfb4bf23869e252b03c3.sol:11:6: Missing @param tag in event 'Approval' [Warning/use-natspec]
/sb/0xe57297258717ec66749fcfb4bf23869e252b03c3.sol:11:6: Mismatch in @param names for event 'Approval'. Expected: [_owner, _spender, _value], Found: [] [Warning/use-natspec]
/sb/0xe57297258717ec66749fcfb4bf23869e252b03c3.sol:11:6: GC: [_value] on Event [Approval] could be Indexed [Warning/gas-indexed-events]
/sb/0xe57297258717ec66749fcfb4bf23869e252b03c3.sol:14:3: Missing @title tag in contract 'BitcoinPro' [Warning/use-natspec]
/sb/0xe57297258717ec66749fcfb4bf23869e252b03c3.sol:14:3: Missing @author tag in contract 'BitcoinPro' [Warning/use-natspec]
/sb/0xe57297258717ec66749fcfb4bf23869e252b03c3.sol:14:3: Missing @notice tag in contract 'BitcoinPro' [Warning/use-natspec]
/sb/0xe57297258717ec66749fcfb4bf23869e252b03c3.sol:15:6: Missing @notice tag in variable 'symbol' [Warning/use-natspec]
/sb/0xe57297258717ec66749fcfb4bf23869e252b03c3.sol:15:6: Constant name must be in capitalized SNAKE_CASE [Warning/const-name-snakecase]
/sb/0xe57297258717ec66749fcfb4bf23869e252b03c3.sol:16:6: Missing @notice tag in variable 'name' [Warning/use-natspec]
/sb/0xe57297258717ec66749fcfb4bf23869e252b03c3.sol:16:6: Constant name must be in capitalized SNAKE_CASE [Warning/const-name-snakecase]
/sb/0xe57297258717ec66749fcfb4bf23869e252b03c3.sol:17:6: Missing @notice tag in variable 'decimals' [Warning/use-natspec]
/sb/0xe57297258717ec66749fcfb4bf23869e252b03c3.sol:17:6: Constant name must be in capitalized SNAKE_CASE [Warning/const-name-snakecase]
/sb/0xe57297258717ec66749fcfb4bf23869e252b03c3.sol:18:6: Explicitly mark visibility of state [Warning/state-visibility]
/sb/0xe57297258717ec66749fcfb4bf23869e252b03c3.sol:21:6: Missing @notice tag in variable 'owner' [Warning/use-natspec]
/sb/0xe57297258717ec66749fcfb4bf23869e252b03c3.sol:23:6: Explicitly mark visibility of state [Warning/state-visibility]
/sb/0xe57297258717ec66749fcfb4bf23869e252b03c3.sol:25:6: Explicitly mark visibility of state [Warning/state-visibility]
/sb/0xe57297258717ec66749fcfb4bf23869e252b03c3.sol:28:6: Missing @notice tag in function 'BitcoinPro' [Warning/use-natspec]
/sb/0xe57297258717ec66749fcfb4bf23869e252b03c3.sol:28:6: Explicitly mark visibility in function (Set ignoreConstructors to true if using solidity >=0.7.0) [Warning/func-visibility]
/sb/0xe57297258717ec66749fcfb4bf23869e252b03c3.sol:34:9: Provide an error message for require [Warning/reason-string]
/sb/0xe57297258717ec66749fcfb4bf23869e252b03c3.sol:39:6: Missing @notice tag in function 'distributeBTR' [Warning/use-natspec]
/sb/0xe57297258717ec66749fcfb4bf23869e252b03c3.sol:39:6: Missing @param tag in function 'distributeBTR' [Warning/use-natspec]
/sb/0xe57297258717ec66749fcfb4bf23869e252b03c3.sol:39:6: Mismatch in @param names for function 'distributeBTR'. Expected: [addresses], Found: [] [Warning/use-natspec]
/sb/0xe57297258717ec66749fcfb4bf23869e252b03c3.sol:39:6: Explicitly mark visibility in function [Warning/func-visibility]
/sb/0xe57297258717ec66749fcfb4bf23869e252b03c3.sol:40:15: Rule is set with explicit type [var/s: uint] [Warning/explicit-types]
/sb/0xe57297258717ec66749fcfb4bf23869e252b03c3.sol:40:49: GC: For [ i ] variable, increment/decrement by 1 using: [ ++variable ] to save gas [Warning/gas-increment-by-one]
/sb/0xe57297258717ec66749fcfb4bf23869e252b03c3.sol:48:6: Missing @notice tag in function 'totalSupply' [Warning/use-natspec]
/sb/0xe57297258717ec66749fcfb4bf23869e252b03c3.sol:48:6: Missing @return tag in function 'totalSupply' [Warning/use-natspec]
/sb/0xe57297258717ec66749fcfb4bf23869e252b03c3.sol:48:6: Mismatch in @return names for function 'totalSupply'. Expected: [totalSupply], Found: [] [Warning/use-natspec]
/sb/0xe57297258717ec66749fcfb4bf23869e252b03c3.sol:48:6: Explicitly mark visibility in function [Warning/func-visibility]
/sb/0xe57297258717ec66749fcfb4bf23869e252b03c3.sol:53:6: Missing @notice tag in function 'balanceOf' [Warning/use-natspec]
/sb/0xe57297258717ec66749fcfb4bf23869e252b03c3.sol:53:6: Missing @param tag in function 'balanceOf' [Warning/use-natspec]
/sb/0xe57297258717ec66749fcfb4bf23869e252b03c3.sol:53:6: Mismatch in @param names for function 'balanceOf'. Expected: [_owner], Found: [] [Warning/use-natspec]
/sb/0xe57297258717ec66749fcfb4bf23869e252b03c3.sol:53:6: Missing @return tag in function 'balanceOf' [Warning/use-natspec]
/sb/0xe57297258717ec66749fcfb4bf23869e252b03c3.sol:53:6: Mismatch in @return names for function 'balanceOf'. Expected: [balance], Found: [] [Warning/use-natspec]
/sb/0xe57297258717ec66749fcfb4bf23869e252b03c3.sol:53:6: Explicitly mark visibility in function [Warning/func-visibility]
/sb/0xe57297258717ec66749fcfb4bf23869e252b03c3.sol:57:6: Missing @notice tag in function 'transfer' [Warning/use-natspec]
/sb/0xe57297258717ec66749fcfb4bf23869e252b03c3.sol:57:6: Missing @param tag in function 'transfer' [Warning/use-natspec]
/sb/0xe57297258717ec66749fcfb4bf23869e252b03c3.sol:57:6: Mismatch in @param names for function 'transfer'. Expected: [_to, _amount], Found: [] [Warning/use-natspec]
/sb/0xe57297258717ec66749fcfb4bf23869e252b03c3.sol:57:6: Missing @return tag in function 'transfer' [Warning/use-natspec]
/sb/0xe57297258717ec66749fcfb4bf23869e252b03c3.sol:57:6: Mismatch in @return names for function 'transfer'. Expected: [success], Found: [] [Warning/use-natspec]
/sb/0xe57297258717ec66749fcfb4bf23869e252b03c3.sol:57:6: Explicitly mark visibility in function [Warning/func-visibility]
/sb/0xe57297258717ec66749fcfb4bf23869e252b03c3.sol:58:14: GC: Non strict inequality found. Try converting to a strict one [Warning/gas-strict-inequalities]
/sb/0xe57297258717ec66749fcfb4bf23869e252b03c3.sol:71:6: Missing @notice tag in function 'transferFrom' [Warning/use-natspec]
/sb/0xe57297258717ec66749fcfb4bf23869e252b03c3.sol:71:6: Missing @param tag in function 'transferFrom' [Warning/use-natspec]
/sb/0xe57297258717ec66749fcfb4bf23869e252b03c3.sol:71:6: Mismatch in @param names for function 'transferFrom'. Expected: [_from, _to, _amount], Found: [] [Warning/use-natspec]
/sb/0xe57297258717ec66749fcfb4bf23869e252b03c3.sol:71:6: Missing @return tag in function 'transferFrom' [Warning/use-natspec]
/sb/0xe57297258717ec66749fcfb4bf23869e252b03c3.sol:71:6: Mismatch in @return names for function 'transferFrom'. Expected: [success], Found: [] [Warning/use-natspec]
/sb/0xe57297258717ec66749fcfb4bf23869e252b03c3.sol:71:6: Explicitly mark visibility in function [Warning/func-visibility]
/sb/0xe57297258717ec66749fcfb4bf23869e252b03c3.sol:76:14: GC: Non strict inequality found. Try converting to a strict one [Warning/gas-strict-inequalities]
/sb/0xe57297258717ec66749fcfb4bf23869e252b03c3.sol:77:17: GC: Non strict inequality found. Try converting to a strict one [Warning/gas-strict-inequalities]
/sb/0xe57297258717ec66749fcfb4bf23869e252b03c3.sol:90:6: Missing @notice tag in function 'approve' [Warning/use-natspec]
/sb/0xe57297258717ec66749fcfb4bf23869e252b03c3.sol:90:6: Missing @param tag in function 'approve' [Warning/use-natspec]
/sb/0xe57297258717ec66749fcfb4bf23869e252b03c3.sol:90:6: Mismatch in @param names for function 'approve'. Expected: [_spender, _amount], Found: [] [Warning/use-natspec]
/sb/0xe57297258717ec66749fcfb4bf23869e252b03c3.sol:90:6: Missing @return tag in function 'approve' [Warning/use-natspec]
/sb/0xe57297258717ec66749fcfb4bf23869e252b03c3.sol:90:6: Mismatch in @return names for function 'approve'. Expected: [success], Found: [] [Warning/use-natspec]
/sb/0xe57297258717ec66749fcfb4bf23869e252b03c3.sol:90:6: Explicitly mark visibility in function [Warning/func-visibility]
/sb/0xe57297258717ec66749fcfb4bf23869e252b03c3.sol:96:6: Missing @notice tag in function 'allowance' [Warning/use-natspec]
/sb/0xe57297258717ec66749fcfb4bf23869e252b03c3.sol:96:6: Missing @param tag in function 'allowance' [Warning/use-natspec]
/sb/0xe57297258717ec66749fcfb4bf23869e252b03c3.sol:96:6: Mismatch in @param names for function 'allowance'. Expected: [_owner, _spender], Found: [] [Warning/use-natspec]
/sb/0xe57297258717ec66749fcfb4bf23869e252b03c3.sol:96:6: Missing @return tag in function 'allowance' [Warning/use-natspec]
/sb/0xe57297258717ec66749fcfb4bf23869e252b03c3.sol:96:6: Mismatch in @return names for function 'allowance'. Expected: [remaining], Found: [] [Warning/use-natspec]
/sb/0xe57297258717ec66749fcfb4bf23869e252b03c3.sol:96:6: Explicitly mark visibility in function [Warning/func-visibility]

106 problem/s (1 error/s, 105 warning/s)
