A new version of Solhint is available: 6.0.1
Please consider updating your Solhint package.
/sb/0x00bd8f77a6222a17cda498807fa938031e158298.sol:5:1: Found more than One contract per file. 20 contracts found! [Warning/one-contract-per-file]
/sb/0x00bd8f77a6222a17cda498807fa938031e158298.sol:5:1: Compiler version ^0.5.0 does not satisfy the ^0.8.24 semver requirement [Error/compiler-version]
/sb/0x00bd8f77a6222a17cda498807fa938031e158298.sol:29:1: Missing @title tag in contract 'Context' [Warning/use-natspec]
/sb/0x00bd8f77a6222a17cda498807fa938031e158298.sol:29:1: Missing @author tag in contract 'Context' [Warning/use-natspec]
/sb/0x00bd8f77a6222a17cda498807fa938031e158298.sol:29:1: Missing @notice tag in contract 'Context' [Warning/use-natspec]
/sb/0x00bd8f77a6222a17cda498807fa938031e158298.sol:35:5: Missing @notice tag in function '<anonymous>' [Warning/use-natspec]
/sb/0x00bd8f77a6222a17cda498807fa938031e158298.sol:35:29: Code contains empty blocks [Warning/no-empty-blocks]
/sb/0x00bd8f77a6222a17cda498807fa938031e158298.sol:41:5: Missing @notice tag in function '_msgSender' [Warning/use-natspec]
/sb/0x00bd8f77a6222a17cda498807fa938031e158298.sol:41:5: Missing @return tag in function '_msgSender' [Warning/use-natspec]
/sb/0x00bd8f77a6222a17cda498807fa938031e158298.sol:41:5: Mismatch in @return names for function '_msgSender'. Expected: [payable], Found: [] [Warning/use-natspec]
/sb/0x00bd8f77a6222a17cda498807fa938031e158298.sol:49:5: Missing @notice tag in function '_msgData' [Warning/use-natspec]
/sb/0x00bd8f77a6222a17cda498807fa938031e158298.sol:49:5: Missing @return tag in function '_msgData' [Warning/use-natspec]
/sb/0x00bd8f77a6222a17cda498807fa938031e158298.sol:49:5: Mismatch in @return count for function '_msgData'. Expected: 1, Found: 0 [Warning/use-natspec]
/sb/0x00bd8f77a6222a17cda498807fa938031e158298.sol:65:1: Compiler version ^0.5.0 does not satisfy the ^0.8.24 semver requirement [Error/compiler-version]
/sb/0x00bd8f77a6222a17cda498807fa938031e158298.sol:87:1: Missing @title tag in contract 'IERC165' [Warning/use-natspec]
/sb/0x00bd8f77a6222a17cda498807fa938031e158298.sol:87:1: Missing @author tag in contract 'IERC165' [Warning/use-natspec]
/sb/0x00bd8f77a6222a17cda498807fa938031e158298.sol:87:1: Missing @notice tag in contract 'IERC165' [Warning/use-natspec]
/sb/0x00bd8f77a6222a17cda498807fa938031e158298.sol:105:5: Missing @notice tag in function 'supportsInterface' [Warning/use-natspec]
/sb/0x00bd8f77a6222a17cda498807fa938031e158298.sol:105:5: Missing @param tag in function 'supportsInterface' [Warning/use-natspec]
/sb/0x00bd8f77a6222a17cda498807fa938031e158298.sol:105:5: Mismatch in @param names for function 'supportsInterface'. Expected: [interfaceId], Found: [] [Warning/use-natspec]
/sb/0x00bd8f77a6222a17cda498807fa938031e158298.sol:105:5: Missing @return tag in function 'supportsInterface' [Warning/use-natspec]
/sb/0x00bd8f77a6222a17cda498807fa938031e158298.sol:105:5: Mismatch in @return count for function 'supportsInterface'. Expected: 1, Found: 0 [Warning/use-natspec]
/sb/0x00bd8f77a6222a17cda498807fa938031e158298.sol:115:1: Compiler version ^0.5.0 does not satisfy the ^0.8.24 semver requirement [Error/compiler-version]
/sb/0x00bd8f77a6222a17cda498807fa938031e158298.sol:127:1: Missing @title tag in contract 'IERC721' [Warning/use-natspec]
/sb/0x00bd8f77a6222a17cda498807fa938031e158298.sol:127:1: Missing @author tag in contract 'IERC721' [Warning/use-natspec]
/sb/0x00bd8f77a6222a17cda498807fa938031e158298.sol:127:1: Missing @notice tag in contract 'IERC721' [Warning/use-natspec]
/sb/0x00bd8f77a6222a17cda498807fa938031e158298.sol:129:5: Missing @notice tag in event 'Transfer' [Warning/use-natspec]
/sb/0x00bd8f77a6222a17cda498807fa938031e158298.sol:129:5: Missing @param tag in event 'Transfer' [Warning/use-natspec]
/sb/0x00bd8f77a6222a17cda498807fa938031e158298.sol:129:5: Mismatch in @param names for event 'Transfer'. Expected: [from, to, tokenId], Found: [] [Warning/use-natspec]
/sb/0x00bd8f77a6222a17cda498807fa938031e158298.sol:131:5: Missing @notice tag in event 'Approval' [Warning/use-natspec]
/sb/0x00bd8f77a6222a17cda498807fa938031e158298.sol:131:5: Missing @param tag in event 'Approval' [Warning/use-natspec]
/sb/0x00bd8f77a6222a17cda498807fa938031e158298.sol:131:5: Mismatch in @param names for event 'Approval'. Expected: [owner, approved, tokenId], Found: [] [Warning/use-natspec]
/sb/0x00bd8f77a6222a17cda498807fa938031e158298.sol:133:5: Missing @notice tag in event 'ApprovalForAll' [Warning/use-natspec]
/sb/0x00bd8f77a6222a17cda498807fa938031e158298.sol:133:5: Missing @param tag in event 'ApprovalForAll' [Warning/use-natspec]
/sb/0x00bd8f77a6222a17cda498807fa938031e158298.sol:133:5: Mismatch in @param names for event 'ApprovalForAll'. Expected: [owner, operator, approved], Found: [] [Warning/use-natspec]
/sb/0x00bd8f77a6222a17cda498807fa938031e158298.sol:133:5: GC: [approved] on Event [ApprovalForAll] could be Indexed [Warning/gas-indexed-events]
/sb/0x00bd8f77a6222a17cda498807fa938031e158298.sol:143:5: Missing @notice tag in function 'balanceOf' [Warning/use-natspec]
/sb/0x00bd8f77a6222a17cda498807fa938031e158298.sol:143:5: Missing @param tag in function 'balanceOf' [Warning/use-natspec]
/sb/0x00bd8f77a6222a17cda498807fa938031e158298.sol:143:5: Mismatch in @param names for function 'balanceOf'. Expected: [owner], Found: [] [Warning/use-natspec]
/sb/0x00bd8f77a6222a17cda498807fa938031e158298.sol:143:5: Missing @return tag in function 'balanceOf' [Warning/use-natspec]
/sb/0x00bd8f77a6222a17cda498807fa938031e158298.sol:143:5: Mismatch in @return names for function 'balanceOf'. Expected: [balance], Found: [] [Warning/use-natspec]
/sb/0x00bd8f77a6222a17cda498807fa938031e158298.sol:153:5: Missing @notice tag in function 'ownerOf' [Warning/use-natspec]
/sb/0x00bd8f77a6222a17cda498807fa938031e158298.sol:153:5: Missing @param tag in function 'ownerOf' [Warning/use-natspec]
/sb/0x00bd8f77a6222a17cda498807fa938031e158298.sol:153:5: Mismatch in @param names for function 'ownerOf'. Expected: [tokenId], Found: [] [Warning/use-natspec]
/sb/0x00bd8f77a6222a17cda498807fa938031e158298.sol:153:5: Missing @return tag in function 'ownerOf' [Warning/use-natspec]
/sb/0x00bd8f77a6222a17cda498807fa938031e158298.sol:153:5: Mismatch in @return names for function 'ownerOf'. Expected: [owner], Found: [] [Warning/use-natspec]
/sb/0x00bd8f77a6222a17cda498807fa938031e158298.sol:181:5: Missing @notice tag in function 'safeTransferFrom' [Warning/use-natspec]
/sb/0x00bd8f77a6222a17cda498807fa938031e158298.sol:181:5: Missing @param tag in function 'safeTransferFrom' [Warning/use-natspec]
/sb/0x00bd8f77a6222a17cda498807fa938031e158298.sol:181:5: Mismatch in @param names for function 'safeTransferFrom'. Expected: [from, to, tokenId], Found: [] [Warning/use-natspec]
/sb/0x00bd8f77a6222a17cda498807fa938031e158298.sol:199:5: Missing @notice tag in function 'transferFrom' [Warning/use-natspec]
/sb/0x00bd8f77a6222a17cda498807fa938031e158298.sol:199:5: Missing @param tag in function 'transferFrom' [Warning/use-natspec]
/sb/0x00bd8f77a6222a17cda498807fa938031e158298.sol:199:5: Mismatch in @param names for function 'transferFrom'. Expected: [from, to, tokenId], Found: [] [Warning/use-natspec]
/sb/0x00bd8f77a6222a17cda498807fa938031e158298.sol:201:5: Missing @notice tag in function 'approve' [Warning/use-natspec]
/sb/0x00bd8f77a6222a17cda498807fa938031e158298.sol:201:5: Missing @param tag in function 'approve' [Warning/use-natspec]
/sb/0x00bd8f77a6222a17cda498807fa938031e158298.sol:201:5: Mismatch in @param names for function 'approve'. Expected: [to, tokenId], Found: [] [Warning/use-natspec]
/sb/0x00bd8f77a6222a17cda498807fa938031e158298.sol:203:5: Missing @notice tag in function 'getApproved' [Warning/use-natspec]
/sb/0x00bd8f77a6222a17cda498807fa938031e158298.sol:203:5: Missing @param tag in function 'getApproved' [Warning/use-natspec]
/sb/0x00bd8f77a6222a17cda498807fa938031e158298.sol:203:5: Mismatch in @param names for function 'getApproved'. Expected: [tokenId], Found: [] [Warning/use-natspec]
/sb/0x00bd8f77a6222a17cda498807fa938031e158298.sol:203:5: Missing @return tag in function 'getApproved' [Warning/use-natspec]
/sb/0x00bd8f77a6222a17cda498807fa938031e158298.sol:203:5: Mismatch in @return names for function 'getApproved'. Expected: [operator], Found: [] [Warning/use-natspec]
/sb/0x00bd8f77a6222a17cda498807fa938031e158298.sol:207:5: Missing @notice tag in function 'setApprovalForAll' [Warning/use-natspec]
/sb/0x00bd8f77a6222a17cda498807fa938031e158298.sol:207:5: Missing @param tag in function 'setApprovalForAll' [Warning/use-natspec]
/sb/0x00bd8f77a6222a17cda498807fa938031e158298.sol:207:5: Mismatch in @param names for function 'setApprovalForAll'. Expected: [operator, _approved], Found: [] [Warning/use-natspec]
/sb/0x00bd8f77a6222a17cda498807fa938031e158298.sol:209:5: Missing @notice tag in function 'isApprovedForAll' [Warning/use-natspec]
/sb/0x00bd8f77a6222a17cda498807fa938031e158298.sol:209:5: Missing @param tag in function 'isApprovedForAll' [Warning/use-natspec]
/sb/0x00bd8f77a6222a17cda498807fa938031e158298.sol:209:5: Mismatch in @param names for function 'isApprovedForAll'. Expected: [owner, operator], Found: [] [Warning/use-natspec]
/sb/0x00bd8f77a6222a17cda498807fa938031e158298.sol:209:5: Missing @return tag in function 'isApprovedForAll' [Warning/use-natspec]
/sb/0x00bd8f77a6222a17cda498807fa938031e158298.sol:209:5: Mismatch in @return count for function 'isApprovedForAll'. Expected: 1, Found: 0 [Warning/use-natspec]
/sb/0x00bd8f77a6222a17cda498807fa938031e158298.sol:215:5: Missing @notice tag in function 'safeTransferFrom' [Warning/use-natspec]
/sb/0x00bd8f77a6222a17cda498807fa938031e158298.sol:215:5: Missing @param tag in function 'safeTransferFrom' [Warning/use-natspec]
/sb/0x00bd8f77a6222a17cda498807fa938031e158298.sol:215:5: Mismatch in @param names for function 'safeTransferFrom'. Expected: [from, to, tokenId, data], Found: [] [Warning/use-natspec]
/sb/0x00bd8f77a6222a17cda498807fa938031e158298.sol:225:1: Compiler version ^0.5.0 does not satisfy the ^0.8.24 semver requirement [Error/compiler-version]
/sb/0x00bd8f77a6222a17cda498807fa938031e158298.sol:239:1: Missing @author tag in contract 'IERC721Receiver' [Warning/use-natspec]
/sb/0x00bd8f77a6222a17cda498807fa938031e158298.sol:239:1: Missing @notice tag in contract 'IERC721Receiver' [Warning/use-natspec]
/sb/0x00bd8f77a6222a17cda498807fa938031e158298.sol:281:1: Compiler version ^0.5.0 does not satisfy the ^0.8.24 semver requirement [Error/compiler-version]
/sb/0x00bd8f77a6222a17cda498807fa938031e158298.sol:311:1: Missing @title tag in contract 'SafeMath' [Warning/use-natspec]
/sb/0x00bd8f77a6222a17cda498807fa938031e158298.sol:311:1: Missing @author tag in contract 'SafeMath' [Warning/use-natspec]
/sb/0x00bd8f77a6222a17cda498807fa938031e158298.sol:311:1: Missing @notice tag in contract 'SafeMath' [Warning/use-natspec]
/sb/0x00bd8f77a6222a17cda498807fa938031e158298.sol:331:5: Missing @notice tag in function 'add' [Warning/use-natspec]
/sb/0x00bd8f77a6222a17cda498807fa938031e158298.sol:331:5: Missing @param tag in function 'add' [Warning/use-natspec]
/sb/0x00bd8f77a6222a17cda498807fa938031e158298.sol:331:5: Mismatch in @param names for function 'add'. Expected: [a, b], Found: [] [Warning/use-natspec]
/sb/0x00bd8f77a6222a17cda498807fa938031e158298.sol:331:5: Missing @return tag in function 'add' [Warning/use-natspec]
/sb/0x00bd8f77a6222a17cda498807fa938031e158298.sol:331:5: Mismatch in @return count for function 'add'. Expected: 1, Found: 0 [Warning/use-natspec]
/sb/0x00bd8f77a6222a17cda498807fa938031e158298.sol:335:17: GC: Non strict inequality found. Try converting to a strict one [Warning/gas-strict-inequalities]
/sb/0x00bd8f77a6222a17cda498807fa938031e158298.sol:363:5: Missing @notice tag in function 'sub' [Warning/use-natspec]
/sb/0x00bd8f77a6222a17cda498807fa938031e158298.sol:363:5: Missing @param tag in function 'sub' [Warning/use-natspec]
/sb/0x00bd8f77a6222a17cda498807fa938031e158298.sol:363:5: Mismatch in @param names for function 'sub'. Expected: [a, b], Found: [] [Warning/use-natspec]
/sb/0x00bd8f77a6222a17cda498807fa938031e158298.sol:363:5: Missing @return tag in function 'sub' [Warning/use-natspec]
/sb/0x00bd8f77a6222a17cda498807fa938031e158298.sol:363:5: Mismatch in @return count for function 'sub'. Expected: 1, Found: 0 [Warning/use-natspec]
/sb/0x00bd8f77a6222a17cda498807fa938031e158298.sol:393:5: Missing @notice tag in function 'sub' [Warning/use-natspec]
/sb/0x00bd8f77a6222a17cda498807fa938031e158298.sol:393:5: Missing @param tag in function 'sub' [Warning/use-natspec]
/sb/0x00bd8f77a6222a17cda498807fa938031e158298.sol:393:5: Mismatch in @param names for function 'sub'. Expected: [a, b, errorMessage], Found: [] [Warning/use-natspec]
/sb/0x00bd8f77a6222a17cda498807fa938031e158298.sol:393:5: Missing @return tag in function 'sub' [Warning/use-natspec]
/sb/0x00bd8f77a6222a17cda498807fa938031e158298.sol:393:5: Mismatch in @return count for function 'sub'. Expected: 1, Found: 0 [Warning/use-natspec]
/sb/0x00bd8f77a6222a17cda498807fa938031e158298.sol:395:17: GC: Non strict inequality found. Try converting to a strict one [Warning/gas-strict-inequalities]
/sb/0x00bd8f77a6222a17cda498807fa938031e158298.sol:425:5: Missing @notice tag in function 'mul' [Warning/use-natspec]
/sb/0x00bd8f77a6222a17cda498807fa938031e158298.sol:425:5: Missing @param tag in function 'mul' [Warning/use-natspec]
/sb/0x00bd8f77a6222a17cda498807fa938031e158298.sol:425:5: Mismatch in @param names for function 'mul'. Expected: [a, b], Found: [] [Warning/use-natspec]
/sb/0x00bd8f77a6222a17cda498807fa938031e158298.sol:425:5: Missing @return tag in function 'mul' [Warning/use-natspec]
/sb/0x00bd8f77a6222a17cda498807fa938031e158298.sol:425:5: Mismatch in @return count for function 'mul'. Expected: 1, Found: 0 [Warning/use-natspec]
/sb/0x00bd8f77a6222a17cda498807fa938031e158298.sol:443:9: Error message for require is too long: 33 counted / 32 allowed [Warning/reason-string]
/sb/0x00bd8f77a6222a17cda498807fa938031e158298.sol:443:9: GC: String exceeds 32 bytes [Warning/gas-small-strings]
/sb/0x00bd8f77a6222a17cda498807fa938031e158298.sol:475:5: Missing @notice tag in function 'div' [Warning/use-natspec]
/sb/0x00bd8f77a6222a17cda498807fa938031e158298.sol:475:5: Missing @param tag in function 'div' [Warning/use-natspec]
/sb/0x00bd8f77a6222a17cda498807fa938031e158298.sol:475:5: Mismatch in @param names for function 'div'. Expected: [a, b], Found: [] [Warning/use-natspec]
/sb/0x00bd8f77a6222a17cda498807fa938031e158298.sol:475:5: Missing @return tag in function 'div' [Warning/use-natspec]
/sb/0x00bd8f77a6222a17cda498807fa938031e158298.sol:475:5: Mismatch in @return count for function 'div'. Expected: 1, Found: 0 [Warning/use-natspec]
/sb/0x00bd8f77a6222a17cda498807fa938031e158298.sol:509:5: Missing @notice tag in function 'div' [Warning/use-natspec]
/sb/0x00bd8f77a6222a17cda498807fa938031e158298.sol:509:5: Missing @param tag in function 'div' [Warning/use-natspec]
/sb/0x00bd8f77a6222a17cda498807fa938031e158298.sol:509:5: Mismatch in @param names for function 'div'. Expected: [a, b, errorMessage], Found: [] [Warning/use-natspec]
/sb/0x00bd8f77a6222a17cda498807fa938031e158298.sol:509:5: Missing @return tag in function 'div' [Warning/use-natspec]
/sb/0x00bd8f77a6222a17cda498807fa938031e158298.sol:509:5: Mismatch in @return count for function 'div'. Expected: 1, Found: 0 [Warning/use-natspec]
/sb/0x00bd8f77a6222a17cda498807fa938031e158298.sol:549:5: Missing @notice tag in function 'mod' [Warning/use-natspec]
/sb/0x00bd8f77a6222a17cda498807fa938031e158298.sol:549:5: Missing @param tag in function 'mod' [Warning/use-natspec]
/sb/0x00bd8f77a6222a17cda498807fa938031e158298.sol:549:5: Mismatch in @param names for function 'mod'. Expected: [a, b], Found: [] [Warning/use-natspec]
/sb/0x00bd8f77a6222a17cda498807fa938031e158298.sol:549:5: Missing @return tag in function 'mod' [Warning/use-natspec]
/sb/0x00bd8f77a6222a17cda498807fa938031e158298.sol:549:5: Mismatch in @return count for function 'mod'. Expected: 1, Found: 0 [Warning/use-natspec]
/sb/0x00bd8f77a6222a17cda498807fa938031e158298.sol:583:5: Missing @notice tag in function 'mod' [Warning/use-natspec]
/sb/0x00bd8f77a6222a17cda498807fa938031e158298.sol:583:5: Missing @param tag in function 'mod' [Warning/use-natspec]
/sb/0x00bd8f77a6222a17cda498807fa938031e158298.sol:583:5: Mismatch in @param names for function 'mod'. Expected: [a, b, errorMessage], Found: [] [Warning/use-natspec]
/sb/0x00bd8f77a6222a17cda498807fa938031e158298.sol:583:5: Missing @return tag in function 'mod' [Warning/use-natspec]
/sb/0x00bd8f77a6222a17cda498807fa938031e158298.sol:583:5: Mismatch in @return count for function 'mod'. Expected: 1, Found: 0 [Warning/use-natspec]
/sb/0x00bd8f77a6222a17cda498807fa938031e158298.sol:599:1: Compiler version ^0.5.5 does not satisfy the ^0.8.24 semver requirement [Error/compiler-version]
/sb/0x00bd8f77a6222a17cda498807fa938031e158298.sol:609:1: Missing @title tag in contract 'Address' [Warning/use-natspec]
/sb/0x00bd8f77a6222a17cda498807fa938031e158298.sol:609:1: Missing @author tag in contract 'Address' [Warning/use-natspec]
/sb/0x00bd8f77a6222a17cda498807fa938031e158298.sol:609:1: Missing @notice tag in contract 'Address' [Warning/use-natspec]
/sb/0x00bd8f77a6222a17cda498807fa938031e158298.sol:633:5: Missing @notice tag in function 'isContract' [Warning/use-natspec]
/sb/0x00bd8f77a6222a17cda498807fa938031e158298.sol:633:5: Missing @param tag in function 'isContract' [Warning/use-natspec]
/sb/0x00bd8f77a6222a17cda498807fa938031e158298.sol:633:5: Mismatch in @param names for function 'isContract'. Expected: [account], Found: [] [Warning/use-natspec]
/sb/0x00bd8f77a6222a17cda498807fa938031e158298.sol:633:5: Missing @return tag in function 'isContract' [Warning/use-natspec]
/sb/0x00bd8f77a6222a17cda498807fa938031e158298.sol:633:5: Mismatch in @return count for function 'isContract'. Expected: 1, Found: 0 [Warning/use-natspec]
/sb/0x00bd8f77a6222a17cda498807fa938031e158298.sol:655:9: Avoid to use inline assembly. It is acceptable only in rare cases [Warning/no-inline-assembly]
/sb/0x00bd8f77a6222a17cda498807fa938031e158298.sol:675:5: Missing @notice tag in function 'toPayable' [Warning/use-natspec]
/sb/0x00bd8f77a6222a17cda498807fa938031e158298.sol:675:5: Missing @param tag in function 'toPayable' [Warning/use-natspec]
/sb/0x00bd8f77a6222a17cda498807fa938031e158298.sol:675:5: Mismatch in @param names for function 'toPayable'. Expected: [account], Found: [] [Warning/use-natspec]
/sb/0x00bd8f77a6222a17cda498807fa938031e158298.sol:675:5: Missing @return tag in function 'toPayable' [Warning/use-natspec]
/sb/0x00bd8f77a6222a17cda498807fa938031e158298.sol:675:5: Mismatch in @return names for function 'toPayable'. Expected: [payable], Found: [] [Warning/use-natspec]
/sb/0x00bd8f77a6222a17cda498807fa938031e158298.sol:719:5: Missing @notice tag in function 'sendValue' [Warning/use-natspec]
/sb/0x00bd8f77a6222a17cda498807fa938031e158298.sol:719:5: Missing @param tag in function 'sendValue' [Warning/use-natspec]
/sb/0x00bd8f77a6222a17cda498807fa938031e158298.sol:719:5: Mismatch in @param names for function 'sendValue'. Expected: [recipient, amount], Found: [] [Warning/use-natspec]
/sb/0x00bd8f77a6222a17cda498807fa938031e158298.sol:721:17: GC: Non strict inequality found. Try converting to a strict one [Warning/gas-strict-inequalities]
/sb/0x00bd8f77a6222a17cda498807fa938031e158298.sol:727:28: Avoid to use low level calls. [Warning/avoid-low-level-calls]
/sb/0x00bd8f77a6222a17cda498807fa938031e158298.sol:727:28: Avoid to use ".call.value()()" [Warning/avoid-call-value]
/sb/0x00bd8f77a6222a17cda498807fa938031e158298.sol:729:9: Error message for require is too long: 58 counted / 32 allowed [Warning/reason-string]
/sb/0x00bd8f77a6222a17cda498807fa938031e158298.sol:729:9: GC: String exceeds 32 bytes [Warning/gas-small-strings]
/sb/0x00bd8f77a6222a17cda498807fa938031e158298.sol:741:1: Compiler version ^0.5.0 does not satisfy the ^0.8.24 semver requirement [Error/compiler-version]
/sb/0x00bd8f77a6222a17cda498807fa938031e158298.sol:769:1: Missing @notice tag in contract 'Counters' [Warning/use-natspec]
/sb/0x00bd8f77a6222a17cda498807fa938031e158298.sol:789:5: Missing @notice tag in function 'current' [Warning/use-natspec]
/sb/0x00bd8f77a6222a17cda498807fa938031e158298.sol:789:5: Missing @param tag in function 'current' [Warning/use-natspec]
/sb/0x00bd8f77a6222a17cda498807fa938031e158298.sol:789:5: Mismatch in @param names for function 'current'. Expected: [counter], Found: [] [Warning/use-natspec]
/sb/0x00bd8f77a6222a17cda498807fa938031e158298.sol:789:5: Missing @return tag in function 'current' [Warning/use-natspec]
/sb/0x00bd8f77a6222a17cda498807fa938031e158298.sol:789:5: Mismatch in @return count for function 'current'. Expected: 1, Found: 0 [Warning/use-natspec]
/sb/0x00bd8f77a6222a17cda498807fa938031e158298.sol:797:5: Missing @notice tag in function 'increment' [Warning/use-natspec]
/sb/0x00bd8f77a6222a17cda498807fa938031e158298.sol:797:5: Missing @param tag in function 'increment' [Warning/use-natspec]
/sb/0x00bd8f77a6222a17cda498807fa938031e158298.sol:797:5: Mismatch in @param names for function 'increment'. Expected: [counter], Found: [] [Warning/use-natspec]
/sb/0x00bd8f77a6222a17cda498807fa938031e158298.sol:799:9: GC: For [ counter ] variable, increment/decrement by 1 using: [ ++variable ] to save gas [Warning/gas-increment-by-one]
/sb/0x00bd8f77a6222a17cda498807fa938031e158298.sol:805:5: Missing @notice tag in function 'decrement' [Warning/use-natspec]
/sb/0x00bd8f77a6222a17cda498807fa938031e158298.sol:805:5: Missing @param tag in function 'decrement' [Warning/use-natspec]
/sb/0x00bd8f77a6222a17cda498807fa938031e158298.sol:805:5: Mismatch in @param names for function 'decrement'. Expected: [counter], Found: [] [Warning/use-natspec]
/sb/0x00bd8f77a6222a17cda498807fa938031e158298.sol:819:1: Compiler version ^0.5.0 does not satisfy the ^0.8.24 semver requirement [Error/compiler-version]
/sb/0x00bd8f77a6222a17cda498807fa938031e158298.sol:837:1: Missing @title tag in contract 'ERC165' [Warning/use-natspec]
/sb/0x00bd8f77a6222a17cda498807fa938031e158298.sol:837:1: Missing @author tag in contract 'ERC165' [Warning/use-natspec]
/sb/0x00bd8f77a6222a17cda498807fa938031e158298.sol:837:1: Missing @notice tag in contract 'ERC165' [Warning/use-natspec]
/sb/0x00bd8f77a6222a17cda498807fa938031e158298.sol:859:5: Missing @notice tag in function '<anonymous>' [Warning/use-natspec]
/sb/0x00bd8f77a6222a17cda498807fa938031e158298.sol:881:5: Missing @notice tag in function 'supportsInterface' [Warning/use-natspec]
/sb/0x00bd8f77a6222a17cda498807fa938031e158298.sol:881:5: Missing @param tag in function 'supportsInterface' [Warning/use-natspec]
/sb/0x00bd8f77a6222a17cda498807fa938031e158298.sol:881:5: Mismatch in @param names for function 'supportsInterface'. Expected: [interfaceId], Found: [] [Warning/use-natspec]
/sb/0x00bd8f77a6222a17cda498807fa938031e158298.sol:881:5: Missing @return tag in function 'supportsInterface' [Warning/use-natspec]
/sb/0x00bd8f77a6222a17cda498807fa938031e158298.sol:881:5: Mismatch in @return count for function 'supportsInterface'. Expected: 1, Found: 0 [Warning/use-natspec]
/sb/0x00bd8f77a6222a17cda498807fa938031e158298.sol:911:5: Missing @notice tag in function '_registerInterface' [Warning/use-natspec]
/sb/0x00bd8f77a6222a17cda498807fa938031e158298.sol:911:5: Missing @param tag in function '_registerInterface' [Warning/use-natspec]
/sb/0x00bd8f77a6222a17cda498807fa938031e158298.sol:911:5: Mismatch in @param names for function '_registerInterface'. Expected: [interfaceId], Found: [] [Warning/use-natspec]
/sb/0x00bd8f77a6222a17cda498807fa938031e158298.sol:927:1: Compiler version ^0.5.0 does not satisfy the ^0.8.24 semver requirement [Error/compiler-version]
/sb/0x00bd8f77a6222a17cda498807fa938031e158298.sol:953:1: Missing @author tag in contract 'ERC721' [Warning/use-natspec]
/sb/0x00bd8f77a6222a17cda498807fa938031e158298.sol:953:1: Missing @notice tag in contract 'ERC721' [Warning/use-natspec]
/sb/0x00bd8f77a6222a17cda498807fa938031e158298.sol:1027:5: Missing @notice tag in function '<anonymous>' [Warning/use-natspec]
/sb/0x00bd8f77a6222a17cda498807fa938031e158298.sol:1047:5: Missing @notice tag in function 'balanceOf' [Warning/use-natspec]
/sb/0x00bd8f77a6222a17cda498807fa938031e158298.sol:1049:9: Error message for require is too long: 42 counted / 32 allowed [Warning/reason-string]
/sb/0x00bd8f77a6222a17cda498807fa938031e158298.sol:1049:9: GC: String exceeds 32 bytes [Warning/gas-small-strings]
/sb/0x00bd8f77a6222a17cda498807fa938031e158298.sol:1069:5: Missing @notice tag in function 'ownerOf' [Warning/use-natspec]
/sb/0x00bd8f77a6222a17cda498807fa938031e158298.sol:1073:9: Error message for require is too long: 41 counted / 32 allowed [Warning/reason-string]
/sb/0x00bd8f77a6222a17cda498807fa938031e158298.sol:1073:9: GC: String exceeds 32 bytes [Warning/gas-small-strings]
/sb/0x00bd8f77a6222a17cda498807fa938031e158298.sol:1099:5: Missing @notice tag in function 'approve' [Warning/use-natspec]
/sb/0x00bd8f77a6222a17cda498807fa938031e158298.sol:1103:9: Error message for require is too long: 33 counted / 32 allowed [Warning/reason-string]
/sb/0x00bd8f77a6222a17cda498807fa938031e158298.sol:1103:9: GC: String exceeds 32 bytes [Warning/gas-small-strings]
/sb/0x00bd8f77a6222a17cda498807fa938031e158298.sol:1107:9: Error message for require is too long: 56 counted / 32 allowed [Warning/reason-string]
/sb/0x00bd8f77a6222a17cda498807fa938031e158298.sol:1107:9: GC: String exceeds 32 bytes [Warning/gas-small-strings]
/sb/0x00bd8f77a6222a17cda498807fa938031e158298.sol:1135:5: Missing @notice tag in function 'getApproved' [Warning/use-natspec]
/sb/0x00bd8f77a6222a17cda498807fa938031e158298.sol:1137:9: Error message for require is too long: 44 counted / 32 allowed [Warning/reason-string]
/sb/0x00bd8f77a6222a17cda498807fa938031e158298.sol:1137:9: GC: String exceeds 32 bytes [Warning/gas-small-strings]
/sb/0x00bd8f77a6222a17cda498807fa938031e158298.sol:1159:5: Missing @notice tag in function 'setApprovalForAll' [Warning/use-natspec]
/sb/0x00bd8f77a6222a17cda498807fa938031e158298.sol:1185:5: Missing @notice tag in function 'isApprovedForAll' [Warning/use-natspec]
/sb/0x00bd8f77a6222a17cda498807fa938031e158298.sol:1209:5: Missing @notice tag in function 'transferFrom' [Warning/use-natspec]
/sb/0x00bd8f77a6222a17cda498807fa938031e158298.sol:1213:9: Error message for require is too long: 49 counted / 32 allowed [Warning/reason-string]
/sb/0x00bd8f77a6222a17cda498807fa938031e158298.sol:1213:9: GC: String exceeds 32 bytes [Warning/gas-small-strings]
/sb/0x00bd8f77a6222a17cda498807fa938031e158298.sol:1245:5: Missing @notice tag in function 'safeTransferFrom' [Warning/use-natspec]
/sb/0x00bd8f77a6222a17cda498807fa938031e158298.sol:1277:5: Missing @notice tag in function 'safeTransferFrom' [Warning/use-natspec]
/sb/0x00bd8f77a6222a17cda498807fa938031e158298.sol:1279:9: Error message for require is too long: 49 counted / 32 allowed [Warning/reason-string]
/sb/0x00bd8f77a6222a17cda498807fa938031e158298.sol:1279:9: GC: String exceeds 32 bytes [Warning/gas-small-strings]
/sb/0x00bd8f77a6222a17cda498807fa938031e158298.sol:1311:5: Missing @notice tag in function '_safeTransferFrom' [Warning/use-natspec]
/sb/0x00bd8f77a6222a17cda498807fa938031e158298.sol:1315:9: Error message for require is too long: 50 counted / 32 allowed [Warning/reason-string]
/sb/0x00bd8f77a6222a17cda498807fa938031e158298.sol:1315:9: GC: String exceeds 32 bytes [Warning/gas-small-strings]
/sb/0x00bd8f77a6222a17cda498807fa938031e158298.sol:1331:5: Missing @notice tag in function '_exists' [Warning/use-natspec]
/sb/0x00bd8f77a6222a17cda498807fa938031e158298.sol:1355:5: Missing @notice tag in function '_isApprovedOrOwner' [Warning/use-natspec]
/sb/0x00bd8f77a6222a17cda498807fa938031e158298.sol:1357:9: Error message for require is too long: 44 counted / 32 allowed [Warning/reason-string]
/sb/0x00bd8f77a6222a17cda498807fa938031e158298.sol:1357:9: GC: String exceeds 32 bytes [Warning/gas-small-strings]
/sb/0x00bd8f77a6222a17cda498807fa938031e158298.sol:1387:5: Missing @notice tag in function '_safeMint' [Warning/use-natspec]
/sb/0x00bd8f77a6222a17cda498807fa938031e158298.sol:1417:5: Missing @notice tag in function '_safeMint' [Warning/use-natspec]
/sb/0x00bd8f77a6222a17cda498807fa938031e158298.sol:1421:9: Error message for require is too long: 50 counted / 32 allowed [Warning/reason-string]
/sb/0x00bd8f77a6222a17cda498807fa938031e158298.sol:1421:9: GC: String exceeds 32 bytes [Warning/gas-small-strings]
/sb/0x00bd8f77a6222a17cda498807fa938031e158298.sol:1439:5: Missing @notice tag in function '_mint' [Warning/use-natspec]
/sb/0x00bd8f77a6222a17cda498807fa938031e158298.sol:1473:5: Missing @notice tag in function '_burn' [Warning/use-natspec]
/sb/0x00bd8f77a6222a17cda498807fa938031e158298.sol:1475:9: Error message for require is too long: 37 counted / 32 allowed [Warning/reason-string]
/sb/0x00bd8f77a6222a17cda498807fa938031e158298.sol:1475:9: GC: String exceeds 32 bytes [Warning/gas-small-strings]
/sb/0x00bd8f77a6222a17cda498807fa938031e158298.sol:1505:5: Missing @notice tag in function '_burn' [Warning/use-natspec]
/sb/0x00bd8f77a6222a17cda498807fa938031e158298.sol:1527:5: Missing @notice tag in function '_transferFrom' [Warning/use-natspec]
/sb/0x00bd8f77a6222a17cda498807fa938031e158298.sol:1529:9: Error message for require is too long: 41 counted / 32 allowed [Warning/reason-string]
/sb/0x00bd8f77a6222a17cda498807fa938031e158298.sol:1529:9: GC: String exceeds 32 bytes [Warning/gas-small-strings]
/sb/0x00bd8f77a6222a17cda498807fa938031e158298.sol:1531:9: Error message for require is too long: 36 counted / 32 allowed [Warning/reason-string]
/sb/0x00bd8f77a6222a17cda498807fa938031e158298.sol:1531:9: GC: String exceeds 32 bytes [Warning/gas-small-strings]
/sb/0x00bd8f77a6222a17cda498807fa938031e158298.sol:1577:5: Missing @notice tag in function '_checkOnERC721Received' [Warning/use-natspec]
/sb/0x00bd8f77a6222a17cda498807fa938031e158298.sol:1607:5: Missing @notice tag in function '_clearApproval' [Warning/use-natspec]
/sb/0x00bd8f77a6222a17cda498807fa938031e158298.sol:1625:1: Compiler version ^0.5.0 does not satisfy the ^0.8.24 semver requirement [Error/compiler-version]
/sb/0x00bd8f77a6222a17cda498807fa938031e158298.sol:1639:1: Missing @author tag in contract 'IERC721Enumerable' [Warning/use-natspec]
/sb/0x00bd8f77a6222a17cda498807fa938031e158298.sol:1639:1: Missing @notice tag in contract 'IERC721Enumerable' [Warning/use-natspec]
/sb/0x00bd8f77a6222a17cda498807fa938031e158298.sol:1641:5: Missing @notice tag in function 'totalSupply' [Warning/use-natspec]
/sb/0x00bd8f77a6222a17cda498807fa938031e158298.sol:1641:5: Missing @return tag in function 'totalSupply' [Warning/use-natspec]
/sb/0x00bd8f77a6222a17cda498807fa938031e158298.sol:1641:5: Mismatch in @return count for function 'totalSupply'. Expected: 1, Found: 0 [Warning/use-natspec]
/sb/0x00bd8f77a6222a17cda498807fa938031e158298.sol:1643:5: Missing @notice tag in function 'tokenOfOwnerByIndex' [Warning/use-natspec]
/sb/0x00bd8f77a6222a17cda498807fa938031e158298.sol:1643:5: Missing @param tag in function 'tokenOfOwnerByIndex' [Warning/use-natspec]
/sb/0x00bd8f77a6222a17cda498807fa938031e158298.sol:1643:5: Mismatch in @param names for function 'tokenOfOwnerByIndex'. Expected: [owner, index], Found: [] [Warning/use-natspec]
/sb/0x00bd8f77a6222a17cda498807fa938031e158298.sol:1643:5: Missing @return tag in function 'tokenOfOwnerByIndex' [Warning/use-natspec]
/sb/0x00bd8f77a6222a17cda498807fa938031e158298.sol:1643:5: Mismatch in @return names for function 'tokenOfOwnerByIndex'. Expected: [tokenId], Found: [] [Warning/use-natspec]
/sb/0x00bd8f77a6222a17cda498807fa938031e158298.sol:1647:5: Missing @notice tag in function 'tokenByIndex' [Warning/use-natspec]
/sb/0x00bd8f77a6222a17cda498807fa938031e158298.sol:1647:5: Missing @param tag in function 'tokenByIndex' [Warning/use-natspec]
/sb/0x00bd8f77a6222a17cda498807fa938031e158298.sol:1647:5: Mismatch in @param names for function 'tokenByIndex'. Expected: [index], Found: [] [Warning/use-natspec]
/sb/0x00bd8f77a6222a17cda498807fa938031e158298.sol:1647:5: Missing @return tag in function 'tokenByIndex' [Warning/use-natspec]
/sb/0x00bd8f77a6222a17cda498807fa938031e158298.sol:1647:5: Mismatch in @return count for function 'tokenByIndex'. Expected: 1, Found: 0 [Warning/use-natspec]
/sb/0x00bd8f77a6222a17cda498807fa938031e158298.sol:1657:1: Compiler version ^0.5.0 does not satisfy the ^0.8.24 semver requirement [Error/compiler-version]
/sb/0x00bd8f77a6222a17cda498807fa938031e158298.sol:1677:1: Missing @author tag in contract 'ERC721Enumerable' [Warning/use-natspec]
/sb/0x00bd8f77a6222a17cda498807fa938031e158298.sol:1677:1: Missing @notice tag in contract 'ERC721Enumerable' [Warning/use-natspec]
/sb/0x00bd8f77a6222a17cda498807fa938031e158298.sol:1727:5: Missing @notice tag in function '<anonymous>' [Warning/use-natspec]
/sb/0x00bd8f77a6222a17cda498807fa938031e158298.sol:1749:5: Missing @notice tag in function 'tokenOfOwnerByIndex' [Warning/use-natspec]
/sb/0x00bd8f77a6222a17cda498807fa938031e158298.sol:1751:9: Error message for require is too long: 43 counted / 32 allowed [Warning/reason-string]
/sb/0x00bd8f77a6222a17cda498807fa938031e158298.sol:1751:9: GC: String exceeds 32 bytes [Warning/gas-small-strings]
/sb/0x00bd8f77a6222a17cda498807fa938031e158298.sol:1767:5: Missing @notice tag in function 'totalSupply' [Warning/use-natspec]
/sb/0x00bd8f77a6222a17cda498807fa938031e158298.sol:1787:5: Missing @notice tag in function 'tokenByIndex' [Warning/use-natspec]
/sb/0x00bd8f77a6222a17cda498807fa938031e158298.sol:1789:9: Error message for require is too long: 44 counted / 32 allowed [Warning/reason-string]
/sb/0x00bd8f77a6222a17cda498807fa938031e158298.sol:1789:9: GC: String exceeds 32 bytes [Warning/gas-small-strings]
/sb/0x00bd8f77a6222a17cda498807fa938031e158298.sol:1811:5: Missing @notice tag in function '_transferFrom' [Warning/use-natspec]
/sb/0x00bd8f77a6222a17cda498807fa938031e158298.sol:1839:5: Missing @notice tag in function '_mint' [Warning/use-natspec]
/sb/0x00bd8f77a6222a17cda498807fa938031e158298.sol:1869:5: Missing @notice tag in function '_burn' [Warning/use-natspec]
/sb/0x00bd8f77a6222a17cda498807fa938031e158298.sol:1899:5: Missing @notice tag in function '_tokensOfOwner' [Warning/use-natspec]
/sb/0x00bd8f77a6222a17cda498807fa938031e158298.sol:1917:5: Missing @notice tag in function '_addTokenToOwnerEnumeration' [Warning/use-natspec]
/sb/0x00bd8f77a6222a17cda498807fa938031e158298.sol:1935:5: Missing @notice tag in function '_addTokenToAllTokensEnumeration' [Warning/use-natspec]
/sb/0x00bd8f77a6222a17cda498807fa938031e158298.sol:1961:5: Missing @notice tag in function '_removeTokenFromOwnerEnumeration' [Warning/use-natspec]
/sb/0x00bd8f77a6222a17cda498807fa938031e158298.sol:1993:9: GC: For [ _ownedTokens ] variable, increment/decrement by 1 using: [ ++variable ] to save gas [Warning/gas-increment-by-one]
/sb/0x00bd8f77a6222a17cda498807fa938031e158298.sol:2015:5: Missing @notice tag in function '_removeTokenFromAllTokensEnumeration' [Warning/use-natspec]
/sb/0x00bd8f77a6222a17cda498807fa938031e158298.sol:2047:9: GC: For [ _allTokens ] variable, increment/decrement by 1 using: [ ++variable ] to save gas [Warning/gas-increment-by-one]
/sb/0x00bd8f77a6222a17cda498807fa938031e158298.sol:2061:1: Compiler version ^0.5.0 does not satisfy the ^0.8.24 semver requirement [Error/compiler-version]
/sb/0x00bd8f77a6222a17cda498807fa938031e158298.sol:2075:1: Missing @author tag in contract 'IERC721Metadata' [Warning/use-natspec]
/sb/0x00bd8f77a6222a17cda498807fa938031e158298.sol:2075:1: Missing @notice tag in contract 'IERC721Metadata' [Warning/use-natspec]
/sb/0x00bd8f77a6222a17cda498807fa938031e158298.sol:2077:5: Missing @notice tag in function 'name' [Warning/use-natspec]
/sb/0x00bd8f77a6222a17cda498807fa938031e158298.sol:2077:5: Missing @return tag in function 'name' [Warning/use-natspec]
/sb/0x00bd8f77a6222a17cda498807fa938031e158298.sol:2077:5: Mismatch in @return count for function 'name'. Expected: 1, Found: 0 [Warning/use-natspec]
/sb/0x00bd8f77a6222a17cda498807fa938031e158298.sol:2079:5: Missing @notice tag in function 'symbol' [Warning/use-natspec]
/sb/0x00bd8f77a6222a17cda498807fa938031e158298.sol:2079:5: Missing @return tag in function 'symbol' [Warning/use-natspec]
/sb/0x00bd8f77a6222a17cda498807fa938031e158298.sol:2079:5: Mismatch in @return count for function 'symbol'. Expected: 1, Found: 0 [Warning/use-natspec]
/sb/0x00bd8f77a6222a17cda498807fa938031e158298.sol:2081:5: Missing @notice tag in function 'tokenURI' [Warning/use-natspec]
/sb/0x00bd8f77a6222a17cda498807fa938031e158298.sol:2081:5: Missing @param tag in function 'tokenURI' [Warning/use-natspec]
/sb/0x00bd8f77a6222a17cda498807fa938031e158298.sol:2081:5: Mismatch in @param names for function 'tokenURI'. Expected: [tokenId], Found: [] [Warning/use-natspec]
/sb/0x00bd8f77a6222a17cda498807fa938031e158298.sol:2081:5: Missing @return tag in function 'tokenURI' [Warning/use-natspec]
/sb/0x00bd8f77a6222a17cda498807fa938031e158298.sol:2081:5: Mismatch in @return count for function 'tokenURI'. Expected: 1, Found: 0 [Warning/use-natspec]
/sb/0x00bd8f77a6222a17cda498807fa938031e158298.sol:2091:1: Compiler version ^0.5.0 does not satisfy the ^0.8.24 semver requirement [Error/compiler-version]
/sb/0x00bd8f77a6222a17cda498807fa938031e158298.sol:2103:1: Missing @title tag in contract 'ERC721Metadata' [Warning/use-natspec]
/sb/0x00bd8f77a6222a17cda498807fa938031e158298.sol:2103:1: Missing @author tag in contract 'ERC721Metadata' [Warning/use-natspec]
/sb/0x00bd8f77a6222a17cda498807fa938031e158298.sol:2103:1: Missing @notice tag in contract 'ERC721Metadata' [Warning/use-natspec]
/sb/0x00bd8f77a6222a17cda498807fa938031e158298.sol:2147:5: Missing @notice tag in function '<anonymous>' [Warning/use-natspec]
/sb/0x00bd8f77a6222a17cda498807fa938031e158298.sol:2147:5: Missing @param tag in function '<anonymous>' [Warning/use-natspec]
/sb/0x00bd8f77a6222a17cda498807fa938031e158298.sol:2147:5: Mismatch in @param names for function '<anonymous>'. Expected: [name, symbol], Found: [] [Warning/use-natspec]
/sb/0x00bd8f77a6222a17cda498807fa938031e158298.sol:2171:5: Missing @notice tag in function 'name' [Warning/use-natspec]
/sb/0x00bd8f77a6222a17cda498807fa938031e158298.sol:2187:5: Missing @notice tag in function 'symbol' [Warning/use-natspec]
/sb/0x00bd8f77a6222a17cda498807fa938031e158298.sol:2205:5: Missing @notice tag in function 'tokenURI' [Warning/use-natspec]
/sb/0x00bd8f77a6222a17cda498807fa938031e158298.sol:2205:5: Missing @return tag in function 'tokenURI' [Warning/use-natspec]
/sb/0x00bd8f77a6222a17cda498807fa938031e158298.sol:2205:5: Mismatch in @return count for function 'tokenURI'. Expected: 1, Found: 0 [Warning/use-natspec]
/sb/0x00bd8f77a6222a17cda498807fa938031e158298.sol:2207:9: Error message for require is too long: 47 counted / 32 allowed [Warning/reason-string]
/sb/0x00bd8f77a6222a17cda498807fa938031e158298.sol:2207:9: GC: String exceeds 32 bytes [Warning/gas-small-strings]
/sb/0x00bd8f77a6222a17cda498807fa938031e158298.sol:2227:5: Missing @notice tag in function '_setTokenURI' [Warning/use-natspec]
/sb/0x00bd8f77a6222a17cda498807fa938031e158298.sol:2229:9: Error message for require is too long: 44 counted / 32 allowed [Warning/reason-string]
/sb/0x00bd8f77a6222a17cda498807fa938031e158298.sol:2229:9: GC: String exceeds 32 bytes [Warning/gas-small-strings]
/sb/0x00bd8f77a6222a17cda498807fa938031e158298.sol:2251:5: Missing @notice tag in function '_burn' [Warning/use-natspec]
/sb/0x00bd8f77a6222a17cda498807fa938031e158298.sol:2275:1: Compiler version ^0.5.0 does not satisfy the ^0.8.24 semver requirement [Error/compiler-version]
/sb/0x00bd8f77a6222a17cda498807fa938031e158298.sol:2299:1: Missing @author tag in contract 'ERC721Full' [Warning/use-natspec]
/sb/0x00bd8f77a6222a17cda498807fa938031e158298.sol:2299:1: Missing @notice tag in contract 'ERC721Full' [Warning/use-natspec]
/sb/0x00bd8f77a6222a17cda498807fa938031e158298.sol:2301:5: Missing @notice tag in function '<anonymous>' [Warning/use-natspec]
/sb/0x00bd8f77a6222a17cda498807fa938031e158298.sol:2301:5: Missing @param tag in function '<anonymous>' [Warning/use-natspec]
/sb/0x00bd8f77a6222a17cda498807fa938031e158298.sol:2301:5: Mismatch in @param names for function '<anonymous>'. Expected: [name, symbol], Found: [] [Warning/use-natspec]
/sb/0x00bd8f77a6222a17cda498807fa938031e158298.sol:2315:1: Compiler version ^0.5.0 does not satisfy the ^0.8.24 semver requirement [Error/compiler-version]
/sb/0x00bd8f77a6222a17cda498807fa938031e158298.sol:2327:1: Missing @author tag in contract 'Roles' [Warning/use-natspec]
/sb/0x00bd8f77a6222a17cda498807fa938031e158298.sol:2327:1: Missing @notice tag in contract 'Roles' [Warning/use-natspec]
/sb/0x00bd8f77a6222a17cda498807fa938031e158298.sol:2343:5: Missing @notice tag in function 'add' [Warning/use-natspec]
/sb/0x00bd8f77a6222a17cda498807fa938031e158298.sol:2343:5: Missing @param tag in function 'add' [Warning/use-natspec]
/sb/0x00bd8f77a6222a17cda498807fa938031e158298.sol:2343:5: Mismatch in @param names for function 'add'. Expected: [role, account], Found: [] [Warning/use-natspec]
/sb/0x00bd8f77a6222a17cda498807fa938031e158298.sol:2359:5: Missing @notice tag in function 'remove' [Warning/use-natspec]
/sb/0x00bd8f77a6222a17cda498807fa938031e158298.sol:2359:5: Missing @param tag in function 'remove' [Warning/use-natspec]
/sb/0x00bd8f77a6222a17cda498807fa938031e158298.sol:2359:5: Mismatch in @param names for function 'remove'. Expected: [role, account], Found: [] [Warning/use-natspec]
/sb/0x00bd8f77a6222a17cda498807fa938031e158298.sol:2361:9: Error message for require is too long: 33 counted / 32 allowed [Warning/reason-string]
/sb/0x00bd8f77a6222a17cda498807fa938031e158298.sol:2361:9: GC: String exceeds 32 bytes [Warning/gas-small-strings]
/sb/0x00bd8f77a6222a17cda498807fa938031e158298.sol:2377:5: Missing @notice tag in function 'has' [Warning/use-natspec]
/sb/0x00bd8f77a6222a17cda498807fa938031e158298.sol:2377:5: Missing @param tag in function 'has' [Warning/use-natspec]
/sb/0x00bd8f77a6222a17cda498807fa938031e158298.sol:2377:5: Mismatch in @param names for function 'has'. Expected: [role, account], Found: [] [Warning/use-natspec]
/sb/0x00bd8f77a6222a17cda498807fa938031e158298.sol:2379:9: Error message for require is too long: 34 counted / 32 allowed [Warning/reason-string]
/sb/0x00bd8f77a6222a17cda498807fa938031e158298.sol:2379:9: GC: String exceeds 32 bytes [Warning/gas-small-strings]
/sb/0x00bd8f77a6222a17cda498807fa938031e158298.sol:2393:1: Compiler version ^0.5.0 does not satisfy the ^0.8.24 semver requirement [Error/compiler-version]
/sb/0x00bd8f77a6222a17cda498807fa938031e158298.sol:2401:1: Missing @title tag in contract 'MinterRole' [Warning/use-natspec]
/sb/0x00bd8f77a6222a17cda498807fa938031e158298.sol:2401:1: Missing @author tag in contract 'MinterRole' [Warning/use-natspec]
/sb/0x00bd8f77a6222a17cda498807fa938031e158298.sol:2401:1: Missing @notice tag in contract 'MinterRole' [Warning/use-natspec]
/sb/0x00bd8f77a6222a17cda498807fa938031e158298.sol:2407:5: Missing @notice tag in event 'MinterAdded' [Warning/use-natspec]
/sb/0x00bd8f77a6222a17cda498807fa938031e158298.sol:2407:5: Missing @param tag in event 'MinterAdded' [Warning/use-natspec]
/sb/0x00bd8f77a6222a17cda498807fa938031e158298.sol:2407:5: Mismatch in @param names for event 'MinterAdded'. Expected: [account], Found: [] [Warning/use-natspec]
/sb/0x00bd8f77a6222a17cda498807fa938031e158298.sol:2409:5: Missing @notice tag in event 'MinterRemoved' [Warning/use-natspec]
/sb/0x00bd8f77a6222a17cda498807fa938031e158298.sol:2409:5: Missing @param tag in event 'MinterRemoved' [Warning/use-natspec]
/sb/0x00bd8f77a6222a17cda498807fa938031e158298.sol:2409:5: Mismatch in @param names for event 'MinterRemoved'. Expected: [account], Found: [] [Warning/use-natspec]
/sb/0x00bd8f77a6222a17cda498807fa938031e158298.sol:2417:5: Missing @notice tag in function '<anonymous>' [Warning/use-natspec]
/sb/0x00bd8f77a6222a17cda498807fa938031e158298.sol:2427:9: Error message for require is too long: 48 counted / 32 allowed [Warning/reason-string]
/sb/0x00bd8f77a6222a17cda498807fa938031e158298.sol:2427:9: GC: String exceeds 32 bytes [Warning/gas-small-strings]
/sb/0x00bd8f77a6222a17cda498807fa938031e158298.sol:2435:5: Missing @notice tag in function 'isMinter' [Warning/use-natspec]
/sb/0x00bd8f77a6222a17cda498807fa938031e158298.sol:2435:5: Missing @param tag in function 'isMinter' [Warning/use-natspec]
/sb/0x00bd8f77a6222a17cda498807fa938031e158298.sol:2435:5: Mismatch in @param names for function 'isMinter'. Expected: [account], Found: [] [Warning/use-natspec]
/sb/0x00bd8f77a6222a17cda498807fa938031e158298.sol:2435:5: Missing @return tag in function 'isMinter' [Warning/use-natspec]
/sb/0x00bd8f77a6222a17cda498807fa938031e158298.sol:2435:5: Mismatch in @return count for function 'isMinter'. Expected: 1, Found: 0 [Warning/use-natspec]
/sb/0x00bd8f77a6222a17cda498807fa938031e158298.sol:2443:5: Missing @notice tag in function 'addMinter' [Warning/use-natspec]
/sb/0x00bd8f77a6222a17cda498807fa938031e158298.sol:2443:5: Missing @param tag in function 'addMinter' [Warning/use-natspec]
/sb/0x00bd8f77a6222a17cda498807fa938031e158298.sol:2443:5: Mismatch in @param names for function 'addMinter'. Expected: [account], Found: [] [Warning/use-natspec]
/sb/0x00bd8f77a6222a17cda498807fa938031e158298.sol:2451:5: Missing @notice tag in function 'renounceMinter' [Warning/use-natspec]
/sb/0x00bd8f77a6222a17cda498807fa938031e158298.sol:2459:5: Missing @notice tag in function '_addMinter' [Warning/use-natspec]
/sb/0x00bd8f77a6222a17cda498807fa938031e158298.sol:2459:5: Missing @param tag in function '_addMinter' [Warning/use-natspec]
/sb/0x00bd8f77a6222a17cda498807fa938031e158298.sol:2459:5: Mismatch in @param names for function '_addMinter'. Expected: [account], Found: [] [Warning/use-natspec]
/sb/0x00bd8f77a6222a17cda498807fa938031e158298.sol:2469:5: Missing @notice tag in function '_removeMinter' [Warning/use-natspec]
/sb/0x00bd8f77a6222a17cda498807fa938031e158298.sol:2469:5: Missing @param tag in function '_removeMinter' [Warning/use-natspec]
/sb/0x00bd8f77a6222a17cda498807fa938031e158298.sol:2469:5: Mismatch in @param names for function '_removeMinter'. Expected: [account], Found: [] [Warning/use-natspec]
/sb/0x00bd8f77a6222a17cda498807fa938031e158298.sol:2485:1: Compiler version ^0.5.0 does not satisfy the ^0.8.24 semver requirement [Error/compiler-version]
/sb/0x00bd8f77a6222a17cda498807fa938031e158298.sol:2503:1: Missing @author tag in contract 'ERC721MetadataMintable' [Warning/use-natspec]
/sb/0x00bd8f77a6222a17cda498807fa938031e158298.sol:2503:1: Missing @notice tag in contract 'ERC721MetadataMintable' [Warning/use-natspec]
/sb/0x00bd8f77a6222a17cda498807fa938031e158298.sol:2519:5: Missing @notice tag in function 'mintWithTokenURI' [Warning/use-natspec]
/sb/0x00bd8f77a6222a17cda498807fa938031e158298.sol:2537:1: Compiler version ^0.5.0 does not satisfy the ^0.8.24 semver requirement [Error/compiler-version]
/sb/0x00bd8f77a6222a17cda498807fa938031e158298.sol:2553:1: Missing @author tag in contract 'ERC721Burnable' [Warning/use-natspec]
/sb/0x00bd8f77a6222a17cda498807fa938031e158298.sol:2553:1: Missing @notice tag in contract 'ERC721Burnable' [Warning/use-natspec]
/sb/0x00bd8f77a6222a17cda498807fa938031e158298.sol:2563:5: Missing @notice tag in function 'burn' [Warning/use-natspec]
/sb/0x00bd8f77a6222a17cda498807fa938031e158298.sol:2567:9: Error message for require is too long: 48 counted / 32 allowed [Warning/reason-string]
/sb/0x00bd8f77a6222a17cda498807fa938031e158298.sol:2567:9: GC: String exceeds 32 bytes [Warning/gas-small-strings]
/sb/0x00bd8f77a6222a17cda498807fa938031e158298.sol:2581:1: Compiler version ^0.5.0 does not satisfy the ^0.8.24 semver requirement [Error/compiler-version]
/sb/0x00bd8f77a6222a17cda498807fa938031e158298.sol:2603:1: Missing @title tag in contract 'Ownable' [Warning/use-natspec]
/sb/0x00bd8f77a6222a17cda498807fa938031e158298.sol:2603:1: Missing @author tag in contract 'Ownable' [Warning/use-natspec]
/sb/0x00bd8f77a6222a17cda498807fa938031e158298.sol:2603:1: Missing @notice tag in contract 'Ownable' [Warning/use-natspec]
/sb/0x00bd8f77a6222a17cda498807fa938031e158298.sol:2609:5: Missing @notice tag in event 'OwnershipTransferred' [Warning/use-natspec]
/sb/0x00bd8f77a6222a17cda498807fa938031e158298.sol:2609:5: Missing @param tag in event 'OwnershipTransferred' [Warning/use-natspec]
/sb/0x00bd8f77a6222a17cda498807fa938031e158298.sol:2609:5: Mismatch in @param names for event 'OwnershipTransferred'. Expected: [previousOwner, newOwner], Found: [] [Warning/use-natspec]
/sb/0x00bd8f77a6222a17cda498807fa938031e158298.sol:2619:5: Missing @notice tag in function '<anonymous>' [Warning/use-natspec]
/sb/0x00bd8f77a6222a17cda498807fa938031e158298.sol:2635:5: Missing @notice tag in function 'owner' [Warning/use-natspec]
/sb/0x00bd8f77a6222a17cda498807fa938031e158298.sol:2635:5: Missing @return tag in function 'owner' [Warning/use-natspec]
/sb/0x00bd8f77a6222a17cda498807fa938031e158298.sol:2635:5: Mismatch in @return count for function 'owner'. Expected: 1, Found: 0 [Warning/use-natspec]
/sb/0x00bd8f77a6222a17cda498807fa938031e158298.sol:2665:5: Missing @notice tag in function 'isOwner' [Warning/use-natspec]
/sb/0x00bd8f77a6222a17cda498807fa938031e158298.sol:2665:5: Missing @return tag in function 'isOwner' [Warning/use-natspec]
/sb/0x00bd8f77a6222a17cda498807fa938031e158298.sol:2665:5: Mismatch in @return count for function 'isOwner'. Expected: 1, Found: 0 [Warning/use-natspec]
/sb/0x00bd8f77a6222a17cda498807fa938031e158298.sol:2687:5: Missing @notice tag in function 'renounceOwnership' [Warning/use-natspec]
/sb/0x00bd8f77a6222a17cda498807fa938031e158298.sol:2705:5: Missing @notice tag in function 'transferOwnership' [Warning/use-natspec]
/sb/0x00bd8f77a6222a17cda498807fa938031e158298.sol:2705:5: Missing @param tag in function 'transferOwnership' [Warning/use-natspec]
/sb/0x00bd8f77a6222a17cda498807fa938031e158298.sol:2705:5: Mismatch in @param names for function 'transferOwnership'. Expected: [newOwner], Found: [] [Warning/use-natspec]
/sb/0x00bd8f77a6222a17cda498807fa938031e158298.sol:2719:5: Missing @notice tag in function '_transferOwnership' [Warning/use-natspec]
/sb/0x00bd8f77a6222a17cda498807fa938031e158298.sol:2719:5: Missing @param tag in function '_transferOwnership' [Warning/use-natspec]
/sb/0x00bd8f77a6222a17cda498807fa938031e158298.sol:2719:5: Mismatch in @param names for function '_transferOwnership'. Expected: [newOwner], Found: [] [Warning/use-natspec]
/sb/0x00bd8f77a6222a17cda498807fa938031e158298.sol:2721:9: Error message for require is too long: 38 counted / 32 allowed [Warning/reason-string]
/sb/0x00bd8f77a6222a17cda498807fa938031e158298.sol:2721:9: GC: String exceeds 32 bytes [Warning/gas-small-strings]
/sb/0x00bd8f77a6222a17cda498807fa938031e158298.sol:2737:1: Compiler version ^0.5.7 does not satisfy the ^0.8.24 semver requirement [Error/compiler-version]
/sb/0x00bd8f77a6222a17cda498807fa938031e158298.sol:2741:1: Missing @title tag in contract 'Strings' [Warning/use-natspec]
/sb/0x00bd8f77a6222a17cda498807fa938031e158298.sol:2741:1: Missing @author tag in contract 'Strings' [Warning/use-natspec]
/sb/0x00bd8f77a6222a17cda498807fa938031e158298.sol:2741:1: Missing @notice tag in contract 'Strings' [Warning/use-natspec]
/sb/0x00bd8f77a6222a17cda498807fa938031e158298.sol:2745:3: Missing @notice tag in function 'strConcat' [Warning/use-natspec]
/sb/0x00bd8f77a6222a17cda498807fa938031e158298.sol:2745:3: Missing @param tag in function 'strConcat' [Warning/use-natspec]
/sb/0x00bd8f77a6222a17cda498807fa938031e158298.sol:2745:3: Mismatch in @param names for function 'strConcat'. Expected: [_a, _b, _c, _d, _e], Found: [] [Warning/use-natspec]
/sb/0x00bd8f77a6222a17cda498807fa938031e158298.sol:2745:3: Missing @return tag in function 'strConcat' [Warning/use-natspec]
/sb/0x00bd8f77a6222a17cda498807fa938031e158298.sol:2745:3: Mismatch in @return count for function 'strConcat'. Expected: 1, Found: 0 [Warning/use-natspec]
/sb/0x00bd8f77a6222a17cda498807fa938031e158298.sol:2761:7: Rule is set with explicit type [var/s: uint] [Warning/explicit-types]
/sb/0x00bd8f77a6222a17cda498807fa938031e158298.sol:2763:12: Rule is set with explicit type [var/s: uint] [Warning/explicit-types]
/sb/0x00bd8f77a6222a17cda498807fa938031e158298.sol:2763:40: GC: For [ i ] variable, increment/decrement by 1 using: [ ++variable ] to save gas [Warning/gas-increment-by-one]
/sb/0x00bd8f77a6222a17cda498807fa938031e158298.sol:2763:52: GC: For [ k ] variable, increment/decrement by 1 using: [ ++variable ] to save gas [Warning/gas-increment-by-one]
/sb/0x00bd8f77a6222a17cda498807fa938031e158298.sol:2765:12: Rule is set with explicit type [var/s: uint] [Warning/explicit-types]
/sb/0x00bd8f77a6222a17cda498807fa938031e158298.sol:2765:40: GC: For [ i ] variable, increment/decrement by 1 using: [ ++variable ] to save gas [Warning/gas-increment-by-one]
/sb/0x00bd8f77a6222a17cda498807fa938031e158298.sol:2765:52: GC: For [ k ] variable, increment/decrement by 1 using: [ ++variable ] to save gas [Warning/gas-increment-by-one]
/sb/0x00bd8f77a6222a17cda498807fa938031e158298.sol:2767:12: Rule is set with explicit type [var/s: uint] [Warning/explicit-types]
/sb/0x00bd8f77a6222a17cda498807fa938031e158298.sol:2767:40: GC: For [ i ] variable, increment/decrement by 1 using: [ ++variable ] to save gas [Warning/gas-increment-by-one]
/sb/0x00bd8f77a6222a17cda498807fa938031e158298.sol:2767:52: GC: For [ k ] variable, increment/decrement by 1 using: [ ++variable ] to save gas [Warning/gas-increment-by-one]
/sb/0x00bd8f77a6222a17cda498807fa938031e158298.sol:2769:12: Rule is set with explicit type [var/s: uint] [Warning/explicit-types]
/sb/0x00bd8f77a6222a17cda498807fa938031e158298.sol:2769:40: GC: For [ i ] variable, increment/decrement by 1 using: [ ++variable ] to save gas [Warning/gas-increment-by-one]
/sb/0x00bd8f77a6222a17cda498807fa938031e158298.sol:2769:52: GC: For [ k ] variable, increment/decrement by 1 using: [ ++variable ] to save gas [Warning/gas-increment-by-one]
/sb/0x00bd8f77a6222a17cda498807fa938031e158298.sol:2771:12: Rule is set with explicit type [var/s: uint] [Warning/explicit-types]
/sb/0x00bd8f77a6222a17cda498807fa938031e158298.sol:2771:40: GC: For [ i ] variable, increment/decrement by 1 using: [ ++variable ] to save gas [Warning/gas-increment-by-one]
/sb/0x00bd8f77a6222a17cda498807fa938031e158298.sol:2771:52: GC: For [ k ] variable, increment/decrement by 1 using: [ ++variable ] to save gas [Warning/gas-increment-by-one]
/sb/0x00bd8f77a6222a17cda498807fa938031e158298.sol:2779:5: Missing @notice tag in function 'strConcat' [Warning/use-natspec]
/sb/0x00bd8f77a6222a17cda498807fa938031e158298.sol:2779:5: Missing @param tag in function 'strConcat' [Warning/use-natspec]
/sb/0x00bd8f77a6222a17cda498807fa938031e158298.sol:2779:5: Mismatch in @param names for function 'strConcat'. Expected: [_a, _b, _c, _d], Found: [] [Warning/use-natspec]
/sb/0x00bd8f77a6222a17cda498807fa938031e158298.sol:2779:5: Missing @return tag in function 'strConcat' [Warning/use-natspec]
/sb/0x00bd8f77a6222a17cda498807fa938031e158298.sol:2779:5: Mismatch in @return count for function 'strConcat'. Expected: 1, Found: 0 [Warning/use-natspec]
/sb/0x00bd8f77a6222a17cda498807fa938031e158298.sol:2787:5: Missing @notice tag in function 'strConcat' [Warning/use-natspec]
/sb/0x00bd8f77a6222a17cda498807fa938031e158298.sol:2787:5: Missing @param tag in function 'strConcat' [Warning/use-natspec]
/sb/0x00bd8f77a6222a17cda498807fa938031e158298.sol:2787:5: Mismatch in @param names for function 'strConcat'. Expected: [_a, _b, _c], Found: [] [Warning/use-natspec]
/sb/0x00bd8f77a6222a17cda498807fa938031e158298.sol:2787:5: Missing @return tag in function 'strConcat' [Warning/use-natspec]
/sb/0x00bd8f77a6222a17cda498807fa938031e158298.sol:2787:5: Mismatch in @return count for function 'strConcat'. Expected: 1, Found: 0 [Warning/use-natspec]
/sb/0x00bd8f77a6222a17cda498807fa938031e158298.sol:2795:5: Missing @notice tag in function 'strConcat' [Warning/use-natspec]
/sb/0x00bd8f77a6222a17cda498807fa938031e158298.sol:2795:5: Missing @param tag in function 'strConcat' [Warning/use-natspec]
/sb/0x00bd8f77a6222a17cda498807fa938031e158298.sol:2795:5: Mismatch in @param names for function 'strConcat'. Expected: [_a, _b], Found: [] [Warning/use-natspec]
/sb/0x00bd8f77a6222a17cda498807fa938031e158298.sol:2795:5: Missing @return tag in function 'strConcat' [Warning/use-natspec]
/sb/0x00bd8f77a6222a17cda498807fa938031e158298.sol:2795:5: Mismatch in @return count for function 'strConcat'. Expected: 1, Found: 0 [Warning/use-natspec]
/sb/0x00bd8f77a6222a17cda498807fa938031e158298.sol:2803:5: Missing @notice tag in function 'uint2str' [Warning/use-natspec]
/sb/0x00bd8f77a6222a17cda498807fa938031e158298.sol:2803:5: Missing @param tag in function 'uint2str' [Warning/use-natspec]
/sb/0x00bd8f77a6222a17cda498807fa938031e158298.sol:2803:5: Mismatch in @param names for function 'uint2str'. Expected: [_i], Found: [] [Warning/use-natspec]
/sb/0x00bd8f77a6222a17cda498807fa938031e158298.sol:2803:5: Missing @return tag in function 'uint2str' [Warning/use-natspec]
/sb/0x00bd8f77a6222a17cda498807fa938031e158298.sol:2803:5: Mismatch in @return names for function 'uint2str'. Expected: [_uintAsString], Found: [] [Warning/use-natspec]
/sb/0x00bd8f77a6222a17cda498807fa938031e158298.sol:2803:23: Rule is set with explicit type [var/s: uint] [Warning/explicit-types]
/sb/0x00bd8f77a6222a17cda498807fa938031e158298.sol:2811:9: Rule is set with explicit type [var/s: uint] [Warning/explicit-types]
/sb/0x00bd8f77a6222a17cda498807fa938031e158298.sol:2813:9: Rule is set with explicit type [var/s: uint] [Warning/explicit-types]
/sb/0x00bd8f77a6222a17cda498807fa938031e158298.sol:2817:13: GC: For [ len ] variable, increment/decrement by 1 using: [ ++variable ] to save gas [Warning/gas-increment-by-one]
/sb/0x00bd8f77a6222a17cda498807fa938031e158298.sol:2825:9: Rule is set with explicit type [var/s: uint] [Warning/explicit-types]
/sb/0x00bd8f77a6222a17cda498807fa938031e158298.sol:2829:18: GC: For [ k ] variable, increment/decrement by 1 using: [ ++variable ] to save gas [Warning/gas-increment-by-one]
/sb/0x00bd8f77a6222a17cda498807fa938031e158298.sol:2847:1: Compiler version ^0.5.7 does not satisfy the ^0.8.24 semver requirement [Error/compiler-version]
/sb/0x00bd8f77a6222a17cda498807fa938031e158298.sol:2867:1: Missing @title tag in contract 'Thing' [Warning/use-natspec]
/sb/0x00bd8f77a6222a17cda498807fa938031e158298.sol:2867:1: Missing @author tag in contract 'Thing' [Warning/use-natspec]
/sb/0x00bd8f77a6222a17cda498807fa938031e158298.sol:2867:1: Missing @notice tag in contract 'Thing' [Warning/use-natspec]
/sb/0x00bd8f77a6222a17cda498807fa938031e158298.sol:2893:3: Missing @notice tag in variable 'items' [Warning/use-natspec]
/sb/0x00bd8f77a6222a17cda498807fa938031e158298.sol:2897:3: Missing @notice tag in variable 'id' [Warning/use-natspec]
/sb/0x00bd8f77a6222a17cda498807fa938031e158298.sol:2899:3: Missing @notice tag in variable 'baseUri' [Warning/use-natspec]
/sb/0x00bd8f77a6222a17cda498807fa938031e158298.sol:2901:3: Missing @notice tag in variable 'maker' [Warning/use-natspec]
/sb/0x00bd8f77a6222a17cda498807fa938031e158298.sol:2903:3: Explicitly mark visibility of state [Warning/state-visibility]
/sb/0x00bd8f77a6222a17cda498807fa938031e158298.sol:2907:3: Missing @notice tag in function '<anonymous>' [Warning/use-natspec]
/sb/0x00bd8f77a6222a17cda498807fa938031e158298.sol:2907:3: Missing @param tag in function '<anonymous>' [Warning/use-natspec]
/sb/0x00bd8f77a6222a17cda498807fa938031e158298.sol:2907:3: Mismatch in @param names for function '<anonymous>'. Expected: [name, symbol, uri, fee, creator], Found: [] [Warning/use-natspec]
/sb/0x00bd8f77a6222a17cda498807fa938031e158298.sol:2919:30: Visibility modifier must be first in list of modifiers [Warning/visibility-modifier-order]
/sb/0x00bd8f77a6222a17cda498807fa938031e158298.sol:2939:3: Missing @notice tag in event 'ErrorOut' [Warning/use-natspec]
/sb/0x00bd8f77a6222a17cda498807fa938031e158298.sol:2939:3: Missing @param tag in event 'ErrorOut' [Warning/use-natspec]
/sb/0x00bd8f77a6222a17cda498807fa938031e158298.sol:2939:3: Mismatch in @param names for event 'ErrorOut'. Expected: [error, tokenId], Found: [] [Warning/use-natspec]
/sb/0x00bd8f77a6222a17cda498807fa938031e158298.sol:2939:3: GC: [tokenId] on Event [ErrorOut] could be Indexed [Warning/gas-indexed-events]
/sb/0x00bd8f77a6222a17cda498807fa938031e158298.sol:2941:3: Missing @notice tag in event 'BatchTransfered' [Warning/use-natspec]
/sb/0x00bd8f77a6222a17cda498807fa938031e158298.sol:2941:3: Missing @param tag in event 'BatchTransfered' [Warning/use-natspec]
/sb/0x00bd8f77a6222a17cda498807fa938031e158298.sol:2941:3: Mismatch in @param names for event 'BatchTransfered'. Expected: [metaId, recipients, ids], Found: [] [Warning/use-natspec]
/sb/0x00bd8f77a6222a17cda498807fa938031e158298.sol:2943:3: Missing @notice tag in event 'Minted' [Warning/use-natspec]
/sb/0x00bd8f77a6222a17cda498807fa938031e158298.sol:2943:3: Missing @param tag in event 'Minted' [Warning/use-natspec]
/sb/0x00bd8f77a6222a17cda498807fa938031e158298.sol:2943:3: Mismatch in @param names for event 'Minted'. Expected: [id, metaId], Found: [] [Warning/use-natspec]
/sb/0x00bd8f77a6222a17cda498807fa938031e158298.sol:2943:3: GC: [id] on Event [Minted] could be Indexed [Warning/gas-indexed-events]
/sb/0x00bd8f77a6222a17cda498807fa938031e158298.sol:2945:3: Missing @notice tag in event 'BatchBurned' [Warning/use-natspec]
/sb/0x00bd8f77a6222a17cda498807fa938031e158298.sol:2945:3: Missing @param tag in event 'BatchBurned' [Warning/use-natspec]
/sb/0x00bd8f77a6222a17cda498807fa938031e158298.sol:2945:3: Mismatch in @param names for event 'BatchBurned'. Expected: [metaId, ids], Found: [] [Warning/use-natspec]
/sb/0x00bd8f77a6222a17cda498807fa938031e158298.sol:2947:3: Missing @notice tag in event 'BatchForSale' [Warning/use-natspec]
/sb/0x00bd8f77a6222a17cda498807fa938031e158298.sol:2947:3: Missing @param tag in event 'BatchForSale' [Warning/use-natspec]
/sb/0x00bd8f77a6222a17cda498807fa938031e158298.sol:2947:3: Mismatch in @param names for event 'BatchForSale'. Expected: [ids, metaId], Found: [] [Warning/use-natspec]
/sb/0x00bd8f77a6222a17cda498807fa938031e158298.sol:2949:3: Missing @notice tag in event 'Bought' [Warning/use-natspec]
/sb/0x00bd8f77a6222a17cda498807fa938031e158298.sol:2949:3: Missing @param tag in event 'Bought' [Warning/use-natspec]
/sb/0x00bd8f77a6222a17cda498807fa938031e158298.sol:2949:3: Mismatch in @param names for event 'Bought'. Expected: [tokenId, metaId, value], Found: [] [Warning/use-natspec]
/sb/0x00bd8f77a6222a17cda498807fa938031e158298.sol:2949:3: GC: [tokenId] on Event [Bought] could be Indexed [Warning/gas-indexed-events]
/sb/0x00bd8f77a6222a17cda498807fa938031e158298.sol:2949:3: GC: [value] on Event [Bought] could be Indexed [Warning/gas-indexed-events]
/sb/0x00bd8f77a6222a17cda498807fa938031e158298.sol:2951:3: Missing @notice tag in event 'Destroy' [Warning/use-natspec]
/sb/0x00bd8f77a6222a17cda498807fa938031e158298.sol:2955:3: Missing @notice tag in function 'tokenURI' [Warning/use-natspec]
/sb/0x00bd8f77a6222a17cda498807fa938031e158298.sol:2955:3: Missing @param tag in function 'tokenURI' [Warning/use-natspec]
/sb/0x00bd8f77a6222a17cda498807fa938031e158298.sol:2955:3: Mismatch in @param names for function 'tokenURI'. Expected: [_tokenId], Found: [] [Warning/use-natspec]
/sb/0x00bd8f77a6222a17cda498807fa938031e158298.sol:2955:3: Missing @return tag in function 'tokenURI' [Warning/use-natspec]
/sb/0x00bd8f77a6222a17cda498807fa938031e158298.sol:2955:3: Mismatch in @return count for function 'tokenURI'. Expected: 1, Found: 0 [Warning/use-natspec]
/sb/0x00bd8f77a6222a17cda498807fa938031e158298.sol:2969:3: Missing @notice tag in function 'setTokenState' [Warning/use-natspec]
/sb/0x00bd8f77a6222a17cda498807fa938031e158298.sol:2969:3: Missing @param tag in function 'setTokenState' [Warning/use-natspec]
/sb/0x00bd8f77a6222a17cda498807fa938031e158298.sol:2969:3: Mismatch in @param names for function 'setTokenState'. Expected: [ids, isEnabled], Found: [] [Warning/use-natspec]
/sb/0x00bd8f77a6222a17cda498807fa938031e158298.sol:2971:41: GC: For [ i ] variable, increment/decrement by 1 using: [ ++variable ] to save gas [Warning/gas-increment-by-one]
/sb/0x00bd8f77a6222a17cda498807fa938031e158298.sol:2991:3: Missing @notice tag in function 'setTokenPrice' [Warning/use-natspec]
/sb/0x00bd8f77a6222a17cda498807fa938031e158298.sol:2991:3: Missing @param tag in function 'setTokenPrice' [Warning/use-natspec]
/sb/0x00bd8f77a6222a17cda498807fa938031e158298.sol:2991:3: Mismatch in @param names for function 'setTokenPrice'. Expected: [ids, setPrice], Found: [] [Warning/use-natspec]
/sb/0x00bd8f77a6222a17cda498807fa938031e158298.sol:2993:41: GC: For [ i ] variable, increment/decrement by 1 using: [ ++variable ] to save gas [Warning/gas-increment-by-one]
/sb/0x00bd8f77a6222a17cda498807fa938031e158298.sol:3003:3: Missing @notice tag in function 'mintbaseFee' [Warning/use-natspec]
/sb/0x00bd8f77a6222a17cda498807fa938031e158298.sol:3003:3: Missing @param tag in function 'mintbaseFee' [Warning/use-natspec]
/sb/0x00bd8f77a6222a17cda498807fa938031e158298.sol:3003:3: Mismatch in @param names for function 'mintbaseFee'. Expected: [amount], Found: [] [Warning/use-natspec]
/sb/0x00bd8f77a6222a17cda498807fa938031e158298.sol:3003:3: Missing @return tag in function 'mintbaseFee' [Warning/use-natspec]
/sb/0x00bd8f77a6222a17cda498807fa938031e158298.sol:3003:3: Mismatch in @return count for function 'mintbaseFee'. Expected: 1, Found: 0 [Warning/use-natspec]
/sb/0x00bd8f77a6222a17cda498807fa938031e158298.sol:3015:3: Missing @notice tag in function 'buyThing' [Warning/use-natspec]
/sb/0x00bd8f77a6222a17cda498807fa938031e158298.sol:3015:3: Missing @param tag in function 'buyThing' [Warning/use-natspec]
/sb/0x00bd8f77a6222a17cda498807fa938031e158298.sol:3015:3: Mismatch in @param names for function 'buyThing'. Expected: [_tokenId], Found: [] [Warning/use-natspec]
/sb/0x00bd8f77a6222a17cda498807fa938031e158298.sol:3015:3: Missing @return tag in function 'buyThing' [Warning/use-natspec]
/sb/0x00bd8f77a6222a17cda498807fa938031e158298.sol:3015:3: Mismatch in @return count for function 'buyThing'. Expected: 1, Found: 0 [Warning/use-natspec]
/sb/0x00bd8f77a6222a17cda498807fa938031e158298.sol:3019:13: GC: Non strict inequality found. Try converting to a strict one [Warning/gas-strict-inequalities]
/sb/0x00bd8f77a6222a17cda498807fa938031e158298.sol:3025:8: GC: Non strict inequality found. Try converting to a strict one [Warning/gas-strict-inequalities]
/sb/0x00bd8f77a6222a17cda498807fa938031e158298.sol:3043:5: Possible reentrancy vulnerabilities. Avoid state changes after transfer. [Warning/reentrancy]
/sb/0x00bd8f77a6222a17cda498807fa938031e158298.sol:3053:3: Missing @notice tag in function 'destroyAndSend' [Warning/use-natspec]
/sb/0x00bd8f77a6222a17cda498807fa938031e158298.sol:3063:3: Missing @notice tag in function 'batchTransfer' [Warning/use-natspec]
/sb/0x00bd8f77a6222a17cda498807fa938031e158298.sol:3063:3: Missing @param tag in function 'batchTransfer' [Warning/use-natspec]
/sb/0x00bd8f77a6222a17cda498807fa938031e158298.sol:3063:3: Mismatch in @param names for function 'batchTransfer'. Expected: [giver, recipients, values], Found: [] [Warning/use-natspec]
/sb/0x00bd8f77a6222a17cda498807fa938031e158298.sol:3067:44: GC: For [ i ] variable, increment/decrement by 1 using: [ ++variable ] to save gas [Warning/gas-increment-by-one]
/sb/0x00bd8f77a6222a17cda498807fa938031e158298.sol:3081:3: Missing @notice tag in function 'batchMint' [Warning/use-natspec]
/sb/0x00bd8f77a6222a17cda498807fa938031e158298.sol:3081:3: Missing @param tag in function 'batchMint' [Warning/use-natspec]
/sb/0x00bd8f77a6222a17cda498807fa938031e158298.sol:3081:3: Mismatch in @param names for function 'batchMint'. Expected: [to, amountToMint, metaId, setPrice, isForSale], Found: [] [Warning/use-natspec]
/sb/0x00bd8f77a6222a17cda498807fa938031e158298.sol:3085:13: GC: Non strict inequality found. Try converting to a strict one [Warning/gas-strict-inequalities]
/sb/0x00bd8f77a6222a17cda498807fa938031e158298.sol:3089:43: GC: For [ i ] variable, increment/decrement by 1 using: [ ++variable ] to save gas [Warning/gas-increment-by-one]
/sb/0x00bd8f77a6222a17cda498807fa938031e158298.sol:3121:3: Missing @notice tag in function 'batchBurn' [Warning/use-natspec]
/sb/0x00bd8f77a6222a17cda498807fa938031e158298.sol:3121:3: Missing @param tag in function 'batchBurn' [Warning/use-natspec]
/sb/0x00bd8f77a6222a17cda498807fa938031e158298.sol:3121:3: Mismatch in @param names for function 'batchBurn'. Expected: [tokenIds], Found: [] [Warning/use-natspec]
/sb/0x00bd8f77a6222a17cda498807fa938031e158298.sol:3123:46: GC: For [ i ] variable, increment/decrement by 1 using: [ ++variable ] to save gas [Warning/gas-increment-by-one]
/sb/0x00bd8f77a6222a17cda498807fa938031e158298.sol:3135:3: Missing @notice tag in function 'tokensOfOwner' [Warning/use-natspec]
/sb/0x00bd8f77a6222a17cda498807fa938031e158298.sol:3135:3: Missing @param tag in function 'tokensOfOwner' [Warning/use-natspec]
/sb/0x00bd8f77a6222a17cda498807fa938031e158298.sol:3135:3: Mismatch in @param names for function 'tokensOfOwner'. Expected: [owner], Found: [] [Warning/use-natspec]
/sb/0x00bd8f77a6222a17cda498807fa938031e158298.sol:3135:3: Missing @return tag in function 'tokensOfOwner' [Warning/use-natspec]
/sb/0x00bd8f77a6222a17cda498807fa938031e158298.sol:3135:3: Mismatch in @return count for function 'tokensOfOwner'. Expected: 1, Found: 0 [Warning/use-natspec]

506 problem/s (21 error/s, 485 warning/s)
