'solc --version' running
'solc /sb/0xdd26a77e7901221d5c407bc329ed5c20cfaee766.sol --combined-json abi,ast,bin,bin-runtime,srcmap,srcmap-runtime,userdoc,devdoc,hashes,compact-format --allow-paths .,/sb' running
Compilation warnings/errors on /sb/0xdd26a77e7901221d5c407bc329ed5c20cfaee766.sol:
/sb/0xdd26a77e7901221d5c407bc329ed5c20cfaee766.sol:28:6: Warning: Defining constructors as functions with the same name as the contract is deprecated. Use "constructor(...) { ... }" instead.
     function TVTToken() {
     ^ (Relevant source part starts here and spans across multiple lines).
/sb/0xdd26a77e7901221d5c407bc329ed5c20cfaee766.sol:4:47: Warning: This declaration shadows an existing declaration.
     function totalSupply() constant returns (uint256 totalSupply);
                                              ^-----------------^
/sb/0xdd26a77e7901221d5c407bc329ed5c20cfaee766.sol:4:6: The shadowed declaration is here:
     function totalSupply() constant returns (uint256 totalSupply);
     ^------------------------------------------------------------^

/sb/0xdd26a77e7901221d5c407bc329ed5c20cfaee766.sol:50:47: Warning: This declaration shadows an existing declaration.
     function totalSupply() constant returns (uint256 totalSupply) {
                                              ^-----------------^
/sb/0xdd26a77e7901221d5c407bc329ed5c20cfaee766.sol:50:6: The shadowed declaration is here:
     function totalSupply() constant returns (uint256 totalSupply) {
     ^ (Relevant source part starts here and spans across multiple lines).

/sb/0xdd26a77e7901221d5c407bc329ed5c20cfaee766.sol:43:10: Warning: Invoking events without "emit" prefix is deprecated.
         Transfer(owner, addresses[i], _value * 10**8);
         ^-------------------------------------------^
/sb/0xdd26a77e7901221d5c407bc329ed5c20cfaee766.sol:65:14: Warning: Invoking events without "emit" prefix is deprecated.
             Transfer(msg.sender, _to, _amount);
             ^--------------------------------^
/sb/0xdd26a77e7901221d5c407bc329ed5c20cfaee766.sol:85:14: Warning: Invoking events without "emit" prefix is deprecated.
             Transfer(_from, _to, _amount);
             ^---------------------------^
/sb/0xdd26a77e7901221d5c407bc329ed5c20cfaee766.sol:94:9: Warning: Invoking events without "emit" prefix is deprecated.
        Approval(msg.sender, _spender, _amount);
        ^-------------------------------------^
/sb/0xdd26a77e7901221d5c407bc329ed5c20cfaee766.sol:4:6: Warning: No visibility specified. Defaulting to "public". 
     function totalSupply() constant returns (uint256 totalSupply);
     ^------------------------------------------------------------^
/sb/0xdd26a77e7901221d5c407bc329ed5c20cfaee766.sol:5:6: Warning: No visibility specified. Defaulting to "public". 
     function balanceOf(address _owner) constant returns (uint256 balance);
     ^--------------------------------------------------------------------^
/sb/0xdd26a77e7901221d5c407bc329ed5c20cfaee766.sol:6:6: Warning: No visibility specified. Defaulting to "public". 
     function transfer(address _to, uint256 _value) returns (bool success);
     ^--------------------------------------------------------------------^
/sb/0xdd26a77e7901221d5c407bc329ed5c20cfaee766.sol:7:6: Warning: No visibility specified. Defaulting to "public". 
     function transferFrom(address _from, address _to, uint256 _value) returns (bool success);
     ^---------------------------------------------------------------------------------------^
/sb/0xdd26a77e7901221d5c407bc329ed5c20cfaee766.sol:8:6: Warning: No visibility specified. Defaulting to "public". 
     function approve(address _spender, uint256 _value) returns (bool success);
     ^------------------------------------------------------------------------^
/sb/0xdd26a77e7901221d5c407bc329ed5c20cfaee766.sol:9:6: Warning: No visibility specified. Defaulting to "public". 
     function allowance(address _owner, address _spender) constant returns (uint256 remaining);
     ^----------------------------------------------------------------------------------------^
/sb/0xdd26a77e7901221d5c407bc329ed5c20cfaee766.sol:28:6: Warning: No visibility specified. Defaulting to "public". 
     function TVTToken() {
     ^ (Relevant source part starts here and spans across multiple lines).
/sb/0xdd26a77e7901221d5c407bc329ed5c20cfaee766.sol:39:6: Warning: No visibility specified. Defaulting to "public". 
     function distributeToken(address[] addresses, uint256 _value) onlyOwner {
     ^ (Relevant source part starts here and spans across multiple lines).
/sb/0xdd26a77e7901221d5c407bc329ed5c20cfaee766.sol:50:6: Warning: No visibility specified. Defaulting to "public". 
     function totalSupply() constant returns (uint256 totalSupply) {
     ^ (Relevant source part starts here and spans across multiple lines).
/sb/0xdd26a77e7901221d5c407bc329ed5c20cfaee766.sol:55:6: Warning: No visibility specified. Defaulting to "public". 
     function balanceOf(address _owner) constant returns (uint256 balance) {
     ^ (Relevant source part starts here and spans across multiple lines).
/sb/0xdd26a77e7901221d5c407bc329ed5c20cfaee766.sol:59:6: Warning: No visibility specified. Defaulting to "public". 
     function transfer(address _to, uint256 _amount) returns (bool success) {
     ^ (Relevant source part starts here and spans across multiple lines).
/sb/0xdd26a77e7901221d5c407bc329ed5c20cfaee766.sol:73:6: Warning: No visibility specified. Defaulting to "public". 
     function transferFrom(
     ^ (Relevant source part starts here and spans across multiple lines).
/sb/0xdd26a77e7901221d5c407bc329ed5c20cfaee766.sol:92:6: Warning: No visibility specified. Defaulting to "public". 
     function approve(address _spender, uint256 _amount) returns (bool success) {
     ^ (Relevant source part starts here and spans across multiple lines).
/sb/0xdd26a77e7901221d5c407bc329ed5c20cfaee766.sol:98:6: Warning: No visibility specified. Defaulting to "public". 
     function allowance(address _owner, address _spender) constant returns (uint256 remaining) {
     ^ (Relevant source part starts here and spans across multiple lines).


ERC20.totalSupply().totalSupply (../sb/0xdd26a77e7901221d5c407bc329ed5c20cfaee766.sol#4) shadows:
	- ERC20.totalSupply() (../sb/0xdd26a77e7901221d5c407bc329ed5c20cfaee766.sol#4) (function)
TVTToken.totalSupply().totalSupply (../sb/0xdd26a77e7901221d5c407bc329ed5c20cfaee766.sol#50) shadows:
	- TVTToken.totalSupply() (../sb/0xdd26a77e7901221d5c407bc329ed5c20cfaee766.sol#50-52) (function)
	- ERC20.totalSupply() (../sb/0xdd26a77e7901221d5c407bc329ed5c20cfaee766.sol#4) (function)
Reference: https://github.com/crytic/slither/wiki/Detector-Documentation#local-variable-shadowing

Version constraint ^0.4.13 contains known severe issues (https://solidity.readthedocs.io/en/latest/bugs.html)
	- DirtyBytesArrayToStorage
	- KeccakCaching
	- EmptyByteArrayCopy
	- DynamicArrayCleanup
	- ImplicitConstructorCallvalueCheck
	- TupleAssignmentMultiStackSlotComponents
	- MemoryArrayCreationOverflow
	- privateCanBeOverridden
	- SignedArrayStorageCopy
	- UninitializedFunctionPointerInConstructor_0.4.x
	- IncorrectEventSignatureInLibraries_0.4.x
	- ExpExponentCleanup
	- NestedArrayFunctionCallDecoder
	- ZeroFunctionSelector
	- DelegateCallReturnValue
	- ECRecoverMalformedInput.
It is used by:
	- ^0.4.13 (../sb/0xdd26a77e7901221d5c407bc329ed5c20cfaee766.sol#1)
solc-0.4.26 is an outdated solc version. Use a more recent version (at least 0.8.0), if possible.
Reference: https://github.com/crytic/slither/wiki/Detector-Documentation#incorrect-versions-of-solidity

Parameter TVTToken.distributeToken(address[],uint256)._value (../sb/0xdd26a77e7901221d5c407bc329ed5c20cfaee766.sol#39) is not in mixedCase
Parameter TVTToken.balanceOf(address)._owner (../sb/0xdd26a77e7901221d5c407bc329ed5c20cfaee766.sol#55) is not in mixedCase
Parameter TVTToken.transfer(address,uint256)._to (../sb/0xdd26a77e7901221d5c407bc329ed5c20cfaee766.sol#59) is not in mixedCase
Parameter TVTToken.transfer(address,uint256)._amount (../sb/0xdd26a77e7901221d5c407bc329ed5c20cfaee766.sol#59) is not in mixedCase
Parameter TVTToken.transferFrom(address,address,uint256)._from (../sb/0xdd26a77e7901221d5c407bc329ed5c20cfaee766.sol#74) is not in mixedCase
Parameter TVTToken.transferFrom(address,address,uint256)._to (../sb/0xdd26a77e7901221d5c407bc329ed5c20cfaee766.sol#75) is not in mixedCase
Parameter TVTToken.transferFrom(address,address,uint256)._amount (../sb/0xdd26a77e7901221d5c407bc329ed5c20cfaee766.sol#76) is not in mixedCase
Parameter TVTToken.approve(address,uint256)._spender (../sb/0xdd26a77e7901221d5c407bc329ed5c20cfaee766.sol#92) is not in mixedCase
Parameter TVTToken.approve(address,uint256)._amount (../sb/0xdd26a77e7901221d5c407bc329ed5c20cfaee766.sol#92) is not in mixedCase
Parameter TVTToken.allowance(address,address)._owner (../sb/0xdd26a77e7901221d5c407bc329ed5c20cfaee766.sol#98) is not in mixedCase
Parameter TVTToken.allowance(address,address)._spender (../sb/0xdd26a77e7901221d5c407bc329ed5c20cfaee766.sol#98) is not in mixedCase
Reference: https://github.com/crytic/slither/wiki/Detector-Documentation#conformance-to-solidity-naming-conventions

TVTToken.TVTToken() (../sb/0xdd26a77e7901221d5c407bc329ed5c20cfaee766.sol#28-31) uses literals with too many digits:
	- balances[owner] = 160000000 * 10 ** 8 (../sb/0xdd26a77e7901221d5c407bc329ed5c20cfaee766.sol#30)
TVTToken.slitherConstructorVariables() (../sb/0xdd26a77e7901221d5c407bc329ed5c20cfaee766.sol#14-102) uses literals with too many digits:
	- _totalSupply = 160000000 * 10 ** 8 (../sb/0xdd26a77e7901221d5c407bc329ed5c20cfaee766.sol#18)
Reference: https://github.com/crytic/slither/wiki/Detector-Documentation#too-many-digits

TVTToken._totalSupply (../sb/0xdd26a77e7901221d5c407bc329ed5c20cfaee766.sol#18) should be constant 
Reference: https://github.com/crytic/slither/wiki/Detector-Documentation#state-variables-that-could-be-declared-constant

distributeToken(address[],uint256) should be declared external:
	- TVTToken.distributeToken(address[],uint256) (../sb/0xdd26a77e7901221d5c407bc329ed5c20cfaee766.sol#39-45)
Reference: https://github.com/crytic/slither/wiki/Detector-Documentation#public-function-that-could-be-declared-external
/sb/0xdd26a77e7901221d5c407bc329ed5c20cfaee766.sol analyzed (2 contracts with 100 detectors), 19 result(s) found
