A new version of Solhint is available: 6.0.1
Please consider updating your Solhint package.
/sb/0x948eb63729f5b53c617fb8e4cd3fca8d9a7ec902.sol:1:1: Found more than One contract per file. 3 contracts found! [Warning/one-contract-per-file]
/sb/0x948eb63729f5b53c617fb8e4cd3fca8d9a7ec902.sol:1:1: Compiler version ^0.4.16 does not satisfy the ^0.8.24 semver requirement [Error/compiler-version]
/sb/0x948eb63729f5b53c617fb8e4cd3fca8d9a7ec902.sol:4:1: Missing @title tag in contract 'ERC20' [Warning/use-natspec]
/sb/0x948eb63729f5b53c617fb8e4cd3fca8d9a7ec902.sol:4:1: Missing @author tag in contract 'ERC20' [Warning/use-natspec]
/sb/0x948eb63729f5b53c617fb8e4cd3fca8d9a7ec902.sol:4:1: Missing @notice tag in contract 'ERC20' [Warning/use-natspec]
/sb/0x948eb63729f5b53c617fb8e4cd3fca8d9a7ec902.sol:5:5: Missing @notice tag in function 'balanceOf' [Warning/use-natspec]
/sb/0x948eb63729f5b53c617fb8e4cd3fca8d9a7ec902.sol:5:5: Missing @param tag in function 'balanceOf' [Warning/use-natspec]
/sb/0x948eb63729f5b53c617fb8e4cd3fca8d9a7ec902.sol:5:5: Mismatch in @param names for function 'balanceOf'. Expected: [tokenOwner], Found: [] [Warning/use-natspec]
/sb/0x948eb63729f5b53c617fb8e4cd3fca8d9a7ec902.sol:5:5: Missing @return tag in function 'balanceOf' [Warning/use-natspec]
/sb/0x948eb63729f5b53c617fb8e4cd3fca8d9a7ec902.sol:5:5: Mismatch in @return names for function 'balanceOf'. Expected: [balance], Found: [] [Warning/use-natspec]
/sb/0x948eb63729f5b53c617fb8e4cd3fca8d9a7ec902.sol:6:5: Missing @notice tag in function 'transfer' [Warning/use-natspec]
/sb/0x948eb63729f5b53c617fb8e4cd3fca8d9a7ec902.sol:6:5: Missing @param tag in function 'transfer' [Warning/use-natspec]
/sb/0x948eb63729f5b53c617fb8e4cd3fca8d9a7ec902.sol:6:5: Mismatch in @param names for function 'transfer'. Expected: [to, tokens], Found: [] [Warning/use-natspec]
/sb/0x948eb63729f5b53c617fb8e4cd3fca8d9a7ec902.sol:6:5: Missing @return tag in function 'transfer' [Warning/use-natspec]
/sb/0x948eb63729f5b53c617fb8e4cd3fca8d9a7ec902.sol:6:5: Mismatch in @return names for function 'transfer'. Expected: [success], Found: [] [Warning/use-natspec]
/sb/0x948eb63729f5b53c617fb8e4cd3fca8d9a7ec902.sol:10:1: Missing @title tag in contract 'owned' [Warning/use-natspec]
/sb/0x948eb63729f5b53c617fb8e4cd3fca8d9a7ec902.sol:10:1: Missing @author tag in contract 'owned' [Warning/use-natspec]
/sb/0x948eb63729f5b53c617fb8e4cd3fca8d9a7ec902.sol:10:1: Missing @notice tag in contract 'owned' [Warning/use-natspec]
/sb/0x948eb63729f5b53c617fb8e4cd3fca8d9a7ec902.sol:10:1: Contract, Structs and Enums should be in CapWords [Warning/contract-name-capwords]
/sb/0x948eb63729f5b53c617fb8e4cd3fca8d9a7ec902.sol:11:5: Missing @notice tag in function 'owned' [Warning/use-natspec]
/sb/0x948eb63729f5b53c617fb8e4cd3fca8d9a7ec902.sol:12:5: Explicitly mark visibility of state [Warning/state-visibility]
/sb/0x948eb63729f5b53c617fb8e4cd3fca8d9a7ec902.sol:15:9: Provide an error message for require [Warning/reason-string]
/sb/0x948eb63729f5b53c617fb8e4cd3fca8d9a7ec902.sol:21:1: Missing @title tag in contract 'PublicSaleManager' [Warning/use-natspec]
/sb/0x948eb63729f5b53c617fb8e4cd3fca8d9a7ec902.sol:21:1: Missing @author tag in contract 'PublicSaleManager' [Warning/use-natspec]
/sb/0x948eb63729f5b53c617fb8e4cd3fca8d9a7ec902.sol:21:1: Missing @notice tag in contract 'PublicSaleManager' [Warning/use-natspec]
/sb/0x948eb63729f5b53c617fb8e4cd3fca8d9a7ec902.sol:23:5: Explicitly mark visibility of state [Warning/state-visibility]
/sb/0x948eb63729f5b53c617fb8e4cd3fca8d9a7ec902.sol:24:5: Explicitly mark visibility of state [Warning/state-visibility]
/sb/0x948eb63729f5b53c617fb8e4cd3fca8d9a7ec902.sol:25:5: Explicitly mark visibility of state [Warning/state-visibility]
/sb/0x948eb63729f5b53c617fb8e4cd3fca8d9a7ec902.sol:26:5: Explicitly mark visibility of state [Warning/state-visibility]
/sb/0x948eb63729f5b53c617fb8e4cd3fca8d9a7ec902.sol:28:5: Explicitly mark visibility of state [Warning/state-visibility]
/sb/0x948eb63729f5b53c617fb8e4cd3fca8d9a7ec902.sol:29:5: Explicitly mark visibility of state [Warning/state-visibility]
/sb/0x948eb63729f5b53c617fb8e4cd3fca8d9a7ec902.sol:30:5: Explicitly mark visibility of state [Warning/state-visibility]
/sb/0x948eb63729f5b53c617fb8e4cd3fca8d9a7ec902.sol:31:5: Explicitly mark visibility of state [Warning/state-visibility]
/sb/0x948eb63729f5b53c617fb8e4cd3fca8d9a7ec902.sol:33:5: Explicitly mark visibility of state [Warning/state-visibility]
/sb/0x948eb63729f5b53c617fb8e4cd3fca8d9a7ec902.sol:34:5: Explicitly mark visibility of state [Warning/state-visibility]
/sb/0x948eb63729f5b53c617fb8e4cd3fca8d9a7ec902.sol:36:5: Explicitly mark visibility of state [Warning/state-visibility]
/sb/0x948eb63729f5b53c617fb8e4cd3fca8d9a7ec902.sol:37:5: Explicitly mark visibility of state [Warning/state-visibility]
/sb/0x948eb63729f5b53c617fb8e4cd3fca8d9a7ec902.sol:38:5: Explicitly mark visibility of state [Warning/state-visibility]
/sb/0x948eb63729f5b53c617fb8e4cd3fca8d9a7ec902.sol:40:5: Explicitly mark visibility of state [Warning/state-visibility]
/sb/0x948eb63729f5b53c617fb8e4cd3fca8d9a7ec902.sol:40:5: Variable name must be in mixedCase _is_stopped [Warning/var-name-mixedcase]
/sb/0x948eb63729f5b53c617fb8e4cd3fca8d9a7ec902.sol:42:5: Missing @notice tag in function 'addWhitelist' [Warning/use-natspec]
/sb/0x948eb63729f5b53c617fb8e4cd3fca8d9a7ec902.sol:42:5: Missing @param tag in function 'addWhitelist' [Warning/use-natspec]
/sb/0x948eb63729f5b53c617fb8e4cd3fca8d9a7ec902.sol:42:5: Mismatch in @param names for function 'addWhitelist'. Expected: [addressList], Found: [] [Warning/use-natspec]
/sb/0x948eb63729f5b53c617fb8e4cd3fca8d9a7ec902.sol:44:14: Rule is set with explicit type [var/s: uint] [Warning/explicit-types]
/sb/0x948eb63729f5b53c617fb8e4cd3fca8d9a7ec902.sol:44:50: GC: For [ i ] variable, increment/decrement by 1 using: [ ++variable ] to save gas [Warning/gas-increment-by-one]
/sb/0x948eb63729f5b53c617fb8e4cd3fca8d9a7ec902.sol:49:5: Missing @notice tag in function 'addEarlylist' [Warning/use-natspec]
/sb/0x948eb63729f5b53c617fb8e4cd3fca8d9a7ec902.sol:49:5: Missing @param tag in function 'addEarlylist' [Warning/use-natspec]
/sb/0x948eb63729f5b53c617fb8e4cd3fca8d9a7ec902.sol:49:5: Mismatch in @param names for function 'addEarlylist'. Expected: [addressList], Found: [] [Warning/use-natspec]
/sb/0x948eb63729f5b53c617fb8e4cd3fca8d9a7ec902.sol:51:14: Rule is set with explicit type [var/s: uint] [Warning/explicit-types]
/sb/0x948eb63729f5b53c617fb8e4cd3fca8d9a7ec902.sol:51:50: GC: For [ i ] variable, increment/decrement by 1 using: [ ++variable ] to save gas [Warning/gas-increment-by-one]
/sb/0x948eb63729f5b53c617fb8e4cd3fca8d9a7ec902.sol:56:5: Missing @notice tag in function 'start' [Warning/use-natspec]
/sb/0x948eb63729f5b53c617fb8e4cd3fca8d9a7ec902.sol:56:5: Missing @param tag in function 'start' [Warning/use-natspec]
/sb/0x948eb63729f5b53c617fb8e4cd3fca8d9a7ec902.sol:56:5: Mismatch in @param names for function 'start'. Expected: [conversionRate], Found: [] [Warning/use-natspec]
/sb/0x948eb63729f5b53c617fb8e4cd3fca8d9a7ec902.sol:57:9: Provide an error message for require [Warning/reason-string]
/sb/0x948eb63729f5b53c617fb8e4cd3fca8d9a7ec902.sol:58:9: Provide an error message for require [Warning/reason-string]
/sb/0x948eb63729f5b53c617fb8e4cd3fca8d9a7ec902.sol:67:5: Missing @notice tag in function 'stop' [Warning/use-natspec]
/sb/0x948eb63729f5b53c617fb8e4cd3fca8d9a7ec902.sol:71:5: Missing @notice tag in function 'burnUnsold' [Warning/use-natspec]
/sb/0x948eb63729f5b53c617fb8e4cd3fca8d9a7ec902.sol:72:9: Provide an error message for require [Warning/reason-string]
/sb/0x948eb63729f5b53c617fb8e4cd3fca8d9a7ec902.sol:72:17: GC: Non strict inequality found. Try converting to a strict one [Warning/gas-strict-inequalities]
/sb/0x948eb63729f5b53c617fb8e4cd3fca8d9a7ec902.sol:78:5: Missing @notice tag in function 'withdrawEther' [Warning/use-natspec]
/sb/0x948eb63729f5b53c617fb8e4cd3fca8d9a7ec902.sol:78:5: Missing @param tag in function 'withdrawEther' [Warning/use-natspec]
/sb/0x948eb63729f5b53c617fb8e4cd3fca8d9a7ec902.sol:78:5: Mismatch in @param names for function 'withdrawEther'. Expected: [toAddress, amount], Found: [] [Warning/use-natspec]
/sb/0x948eb63729f5b53c617fb8e4cd3fca8d9a7ec902.sol:82:5: Missing @notice tag in function 'buyTokens' [Warning/use-natspec]
/sb/0x948eb63729f5b53c617fb8e4cd3fca8d9a7ec902.sol:82:34: Visibility modifier must be first in list of modifiers [Warning/visibility-modifier-order]
/sb/0x948eb63729f5b53c617fb8e4cd3fca8d9a7ec902.sol:83:9: Provide an error message for require [Warning/reason-string]
/sb/0x948eb63729f5b53c617fb8e4cd3fca8d9a7ec902.sol:86:9: Provide an error message for require [Warning/reason-string]
/sb/0x948eb63729f5b53c617fb8e4cd3fca8d9a7ec902.sol:89:13: Provide an error message for require [Warning/reason-string]
/sb/0x948eb63729f5b53c617fb8e4cd3fca8d9a7ec902.sol:89:21: GC: Non strict inequality found. Try converting to a strict one [Warning/gas-strict-inequalities]
/sb/0x948eb63729f5b53c617fb8e4cd3fca8d9a7ec902.sol:91:13: Provide an error message for require [Warning/reason-string]
/sb/0x948eb63729f5b53c617fb8e4cd3fca8d9a7ec902.sol:91:21: GC: Non strict inequality found. Try converting to a strict one [Warning/gas-strict-inequalities]
/sb/0x948eb63729f5b53c617fb8e4cd3fca8d9a7ec902.sol:94:9: Provide an error message for require [Warning/reason-string]
/sb/0x948eb63729f5b53c617fb8e4cd3fca8d9a7ec902.sol:94:17: GC: Non strict inequality found. Try converting to a strict one [Warning/gas-strict-inequalities]
/sb/0x948eb63729f5b53c617fb8e4cd3fca8d9a7ec902.sol:97:9: Provide an error message for require [Warning/reason-string]
/sb/0x948eb63729f5b53c617fb8e4cd3fca8d9a7ec902.sol:98:9: Provide an error message for require [Warning/reason-string]
/sb/0x948eb63729f5b53c617fb8e4cd3fca8d9a7ec902.sol:102:9: Provide an error message for require [Warning/reason-string]
/sb/0x948eb63729f5b53c617fb8e4cd3fca8d9a7ec902.sol:115:9: Provide an error message for require [Warning/reason-string]
/sb/0x948eb63729f5b53c617fb8e4cd3fca8d9a7ec902.sol:115:17: GC: Non strict inequality found. Try converting to a strict one [Warning/gas-strict-inequalities]
/sb/0x948eb63729f5b53c617fb8e4cd3fca8d9a7ec902.sol:119:9: Possible reentrancy vulnerabilities. Avoid state changes after transfer. [Warning/reentrancy]
/sb/0x948eb63729f5b53c617fb8e4cd3fca8d9a7ec902.sol:122:9: Possible reentrancy vulnerabilities. Avoid state changes after transfer. [Warning/reentrancy]
/sb/0x948eb63729f5b53c617fb8e4cd3fca8d9a7ec902.sol:124:9: Possible reentrancy vulnerabilities. Avoid state changes after transfer. [Warning/reentrancy]
/sb/0x948eb63729f5b53c617fb8e4cd3fca8d9a7ec902.sol:125:9: Possible reentrancy vulnerabilities. Avoid state changes after transfer. [Warning/reentrancy]
/sb/0x948eb63729f5b53c617fb8e4cd3fca8d9a7ec902.sol:128:5: Missing @notice tag in function 'claimBonus' [Warning/use-natspec]
/sb/0x948eb63729f5b53c617fb8e4cd3fca8d9a7ec902.sol:130:9: Provide an error message for require [Warning/reason-string]
/sb/0x948eb63729f5b53c617fb8e4cd3fca8d9a7ec902.sol:133:9: Provide an error message for require [Warning/reason-string]
/sb/0x948eb63729f5b53c617fb8e4cd3fca8d9a7ec902.sol:138:13: Possible reentrancy vulnerabilities. Avoid state changes after transfer. [Warning/reentrancy]
/sb/0x948eb63729f5b53c617fb8e4cd3fca8d9a7ec902.sol:142:5: Missing @notice tag in function 'checkBonus' [Warning/use-natspec]
/sb/0x948eb63729f5b53c617fb8e4cd3fca8d9a7ec902.sol:142:5: Missing @param tag in function 'checkBonus' [Warning/use-natspec]
/sb/0x948eb63729f5b53c617fb8e4cd3fca8d9a7ec902.sol:142:5: Mismatch in @param names for function 'checkBonus'. Expected: [purchaser], Found: [] [Warning/use-natspec]
/sb/0x948eb63729f5b53c617fb8e4cd3fca8d9a7ec902.sol:142:5: Missing @return tag in function 'checkBonus' [Warning/use-natspec]
/sb/0x948eb63729f5b53c617fb8e4cd3fca8d9a7ec902.sol:142:5: Mismatch in @return names for function 'checkBonus'. Expected: [balance], Found: [] [Warning/use-natspec]
/sb/0x948eb63729f5b53c617fb8e4cd3fca8d9a7ec902.sol:146:5: Missing @notice tag in function 'checkTotalSold' [Warning/use-natspec]
/sb/0x948eb63729f5b53c617fb8e4cd3fca8d9a7ec902.sol:146:5: Missing @return tag in function 'checkTotalSold' [Warning/use-natspec]
/sb/0x948eb63729f5b53c617fb8e4cd3fca8d9a7ec902.sol:146:5: Mismatch in @return names for function 'checkTotalSold'. Expected: [balance], Found: [] [Warning/use-natspec]
/sb/0x948eb63729f5b53c617fb8e4cd3fca8d9a7ec902.sol:150:5: Missing @notice tag in function 'checkContributedETH' [Warning/use-natspec]
/sb/0x948eb63729f5b53c617fb8e4cd3fca8d9a7ec902.sol:150:5: Missing @param tag in function 'checkContributedETH' [Warning/use-natspec]
/sb/0x948eb63729f5b53c617fb8e4cd3fca8d9a7ec902.sol:150:5: Mismatch in @param names for function 'checkContributedETH'. Expected: [purchaser], Found: [] [Warning/use-natspec]
/sb/0x948eb63729f5b53c617fb8e4cd3fca8d9a7ec902.sol:150:5: Missing @return tag in function 'checkContributedETH' [Warning/use-natspec]
/sb/0x948eb63729f5b53c617fb8e4cd3fca8d9a7ec902.sol:150:5: Mismatch in @return names for function 'checkContributedETH'. Expected: [balance], Found: [] [Warning/use-natspec]
/sb/0x948eb63729f5b53c617fb8e4cd3fca8d9a7ec902.sol:154:5: Missing @notice tag in function 'checkPersonalRemaining' [Warning/use-natspec]
/sb/0x948eb63729f5b53c617fb8e4cd3fca8d9a7ec902.sol:154:5: Missing @param tag in function 'checkPersonalRemaining' [Warning/use-natspec]
/sb/0x948eb63729f5b53c617fb8e4cd3fca8d9a7ec902.sol:154:5: Mismatch in @param names for function 'checkPersonalRemaining'. Expected: [purchaser], Found: [] [Warning/use-natspec]
/sb/0x948eb63729f5b53c617fb8e4cd3fca8d9a7ec902.sol:154:5: Missing @return tag in function 'checkPersonalRemaining' [Warning/use-natspec]
/sb/0x948eb63729f5b53c617fb8e4cd3fca8d9a7ec902.sol:154:5: Mismatch in @return names for function 'checkPersonalRemaining'. Expected: [balance], Found: [] [Warning/use-natspec]

103 problem/s (1 error/s, 102 warning/s)
