A new version of Solhint is available: 6.0.1
Please consider updating your Solhint package.
/sb/0x004964afb7296f30f70bb1d507decfc9663210c5.sol:21:1: Found more than One contract per file. 7 contracts found! [Warning/one-contract-per-file]
/sb/0x004964afb7296f30f70bb1d507decfc9663210c5.sol:21:1: Compiler version 0.8.9 does not satisfy the ^0.8.24 semver requirement [Error/compiler-version]
/sb/0x004964afb7296f30f70bb1d507decfc9663210c5.sol:25:1: Missing @title tag in contract 'Context' [Warning/use-natspec]
/sb/0x004964afb7296f30f70bb1d507decfc9663210c5.sol:25:1: Missing @author tag in contract 'Context' [Warning/use-natspec]
/sb/0x004964afb7296f30f70bb1d507decfc9663210c5.sol:25:1: Missing @notice tag in contract 'Context' [Warning/use-natspec]
/sb/0x004964afb7296f30f70bb1d507decfc9663210c5.sol:27:5: Missing @notice tag in function '_msgSender' [Warning/use-natspec]
/sb/0x004964afb7296f30f70bb1d507decfc9663210c5.sol:27:5: Missing @return tag in function '_msgSender' [Warning/use-natspec]
/sb/0x004964afb7296f30f70bb1d507decfc9663210c5.sol:27:5: Mismatch in @return count for function '_msgSender'. Expected: 1, Found: 0 [Warning/use-natspec]
/sb/0x004964afb7296f30f70bb1d507decfc9663210c5.sol:35:5: Missing @notice tag in function '_msgData' [Warning/use-natspec]
/sb/0x004964afb7296f30f70bb1d507decfc9663210c5.sol:35:5: Missing @return tag in function '_msgData' [Warning/use-natspec]
/sb/0x004964afb7296f30f70bb1d507decfc9663210c5.sol:35:5: Mismatch in @return count for function '_msgData'. Expected: 1, Found: 0 [Warning/use-natspec]
/sb/0x004964afb7296f30f70bb1d507decfc9663210c5.sol:47:1: Missing @title tag in contract 'IUniswapV2Pair' [Warning/use-natspec]
/sb/0x004964afb7296f30f70bb1d507decfc9663210c5.sol:47:1: Missing @author tag in contract 'IUniswapV2Pair' [Warning/use-natspec]
/sb/0x004964afb7296f30f70bb1d507decfc9663210c5.sol:47:1: Missing @notice tag in contract 'IUniswapV2Pair' [Warning/use-natspec]
/sb/0x004964afb7296f30f70bb1d507decfc9663210c5.sol:49:5: Missing @notice tag in event 'Approval' [Warning/use-natspec]
/sb/0x004964afb7296f30f70bb1d507decfc9663210c5.sol:49:5: Missing @param tag in event 'Approval' [Warning/use-natspec]
/sb/0x004964afb7296f30f70bb1d507decfc9663210c5.sol:49:5: Mismatch in @param names for event 'Approval'. Expected: [owner, spender, value], Found: [] [Warning/use-natspec]
/sb/0x004964afb7296f30f70bb1d507decfc9663210c5.sol:49:5: GC: [value] on Event [Approval] could be Indexed [Warning/gas-indexed-events]
/sb/0x004964afb7296f30f70bb1d507decfc9663210c5.sol:49:68: Rule is set with explicit type [var/s: uint] [Warning/explicit-types]
/sb/0x004964afb7296f30f70bb1d507decfc9663210c5.sol:51:5: Missing @notice tag in event 'Transfer' [Warning/use-natspec]
/sb/0x004964afb7296f30f70bb1d507decfc9663210c5.sol:51:5: Missing @param tag in event 'Transfer' [Warning/use-natspec]
/sb/0x004964afb7296f30f70bb1d507decfc9663210c5.sol:51:5: Mismatch in @param names for event 'Transfer'. Expected: [from, to, value], Found: [] [Warning/use-natspec]
/sb/0x004964afb7296f30f70bb1d507decfc9663210c5.sol:51:5: GC: [value] on Event [Transfer] could be Indexed [Warning/gas-indexed-events]
/sb/0x004964afb7296f30f70bb1d507decfc9663210c5.sol:51:62: Rule is set with explicit type [var/s: uint] [Warning/explicit-types]
/sb/0x004964afb7296f30f70bb1d507decfc9663210c5.sol:55:5: Missing @notice tag in function 'name' [Warning/use-natspec]
/sb/0x004964afb7296f30f70bb1d507decfc9663210c5.sol:55:5: Missing @return tag in function 'name' [Warning/use-natspec]
/sb/0x004964afb7296f30f70bb1d507decfc9663210c5.sol:55:5: Mismatch in @return count for function 'name'. Expected: 1, Found: 0 [Warning/use-natspec]
/sb/0x004964afb7296f30f70bb1d507decfc9663210c5.sol:57:5: Missing @notice tag in function 'symbol' [Warning/use-natspec]
/sb/0x004964afb7296f30f70bb1d507decfc9663210c5.sol:57:5: Missing @return tag in function 'symbol' [Warning/use-natspec]
/sb/0x004964afb7296f30f70bb1d507decfc9663210c5.sol:57:5: Mismatch in @return count for function 'symbol'. Expected: 1, Found: 0 [Warning/use-natspec]
/sb/0x004964afb7296f30f70bb1d507decfc9663210c5.sol:59:5: Missing @notice tag in function 'decimals' [Warning/use-natspec]
/sb/0x004964afb7296f30f70bb1d507decfc9663210c5.sol:59:5: Missing @return tag in function 'decimals' [Warning/use-natspec]
/sb/0x004964afb7296f30f70bb1d507decfc9663210c5.sol:59:5: Mismatch in @return count for function 'decimals'. Expected: 1, Found: 0 [Warning/use-natspec]
/sb/0x004964afb7296f30f70bb1d507decfc9663210c5.sol:61:5: Missing @notice tag in function 'totalSupply' [Warning/use-natspec]
/sb/0x004964afb7296f30f70bb1d507decfc9663210c5.sol:61:5: Missing @return tag in function 'totalSupply' [Warning/use-natspec]
/sb/0x004964afb7296f30f70bb1d507decfc9663210c5.sol:61:5: Mismatch in @return count for function 'totalSupply'. Expected: 1, Found: 0 [Warning/use-natspec]
/sb/0x004964afb7296f30f70bb1d507decfc9663210c5.sol:61:51: Rule is set with explicit type [var/s: uint] [Warning/explicit-types]
/sb/0x004964afb7296f30f70bb1d507decfc9663210c5.sol:63:5: Missing @notice tag in function 'balanceOf' [Warning/use-natspec]
/sb/0x004964afb7296f30f70bb1d507decfc9663210c5.sol:63:5: Missing @param tag in function 'balanceOf' [Warning/use-natspec]
/sb/0x004964afb7296f30f70bb1d507decfc9663210c5.sol:63:5: Mismatch in @param names for function 'balanceOf'. Expected: [owner], Found: [] [Warning/use-natspec]
/sb/0x004964afb7296f30f70bb1d507decfc9663210c5.sol:63:5: Missing @return tag in function 'balanceOf' [Warning/use-natspec]
/sb/0x004964afb7296f30f70bb1d507decfc9663210c5.sol:63:5: Mismatch in @return count for function 'balanceOf'. Expected: 1, Found: 0 [Warning/use-natspec]
/sb/0x004964afb7296f30f70bb1d507decfc9663210c5.sol:63:62: Rule is set with explicit type [var/s: uint] [Warning/explicit-types]
/sb/0x004964afb7296f30f70bb1d507decfc9663210c5.sol:65:5: Missing @notice tag in function 'allowance' [Warning/use-natspec]
/sb/0x004964afb7296f30f70bb1d507decfc9663210c5.sol:65:5: Missing @param tag in function 'allowance' [Warning/use-natspec]
/sb/0x004964afb7296f30f70bb1d507decfc9663210c5.sol:65:5: Mismatch in @param names for function 'allowance'. Expected: [owner, spender], Found: [] [Warning/use-natspec]
/sb/0x004964afb7296f30f70bb1d507decfc9663210c5.sol:65:5: Missing @return tag in function 'allowance' [Warning/use-natspec]
/sb/0x004964afb7296f30f70bb1d507decfc9663210c5.sol:65:5: Mismatch in @return count for function 'allowance'. Expected: 1, Found: 0 [Warning/use-natspec]
/sb/0x004964afb7296f30f70bb1d507decfc9663210c5.sol:65:79: Rule is set with explicit type [var/s: uint] [Warning/explicit-types]
/sb/0x004964afb7296f30f70bb1d507decfc9663210c5.sol:69:5: Missing @notice tag in function 'approve' [Warning/use-natspec]
/sb/0x004964afb7296f30f70bb1d507decfc9663210c5.sol:69:5: Missing @param tag in function 'approve' [Warning/use-natspec]
/sb/0x004964afb7296f30f70bb1d507decfc9663210c5.sol:69:5: Mismatch in @param names for function 'approve'. Expected: [spender, value], Found: [] [Warning/use-natspec]
/sb/0x004964afb7296f30f70bb1d507decfc9663210c5.sol:69:5: Missing @return tag in function 'approve' [Warning/use-natspec]
/sb/0x004964afb7296f30f70bb1d507decfc9663210c5.sol:69:5: Mismatch in @return count for function 'approve'. Expected: 1, Found: 0 [Warning/use-natspec]
/sb/0x004964afb7296f30f70bb1d507decfc9663210c5.sol:69:39: Rule is set with explicit type [var/s: uint] [Warning/explicit-types]
/sb/0x004964afb7296f30f70bb1d507decfc9663210c5.sol:71:5: Missing @notice tag in function 'transfer' [Warning/use-natspec]
/sb/0x004964afb7296f30f70bb1d507decfc9663210c5.sol:71:5: Missing @param tag in function 'transfer' [Warning/use-natspec]
/sb/0x004964afb7296f30f70bb1d507decfc9663210c5.sol:71:5: Mismatch in @param names for function 'transfer'. Expected: [to, value], Found: [] [Warning/use-natspec]
/sb/0x004964afb7296f30f70bb1d507decfc9663210c5.sol:71:5: Missing @return tag in function 'transfer' [Warning/use-natspec]
/sb/0x004964afb7296f30f70bb1d507decfc9663210c5.sol:71:5: Mismatch in @return count for function 'transfer'. Expected: 1, Found: 0 [Warning/use-natspec]
/sb/0x004964afb7296f30f70bb1d507decfc9663210c5.sol:71:35: Rule is set with explicit type [var/s: uint] [Warning/explicit-types]
/sb/0x004964afb7296f30f70bb1d507decfc9663210c5.sol:73:5: Missing @notice tag in function 'transferFrom' [Warning/use-natspec]
/sb/0x004964afb7296f30f70bb1d507decfc9663210c5.sol:73:5: Missing @param tag in function 'transferFrom' [Warning/use-natspec]
/sb/0x004964afb7296f30f70bb1d507decfc9663210c5.sol:73:5: Mismatch in @param names for function 'transferFrom'. Expected: [from, to, value], Found: [] [Warning/use-natspec]
/sb/0x004964afb7296f30f70bb1d507decfc9663210c5.sol:73:5: Missing @return tag in function 'transferFrom' [Warning/use-natspec]
/sb/0x004964afb7296f30f70bb1d507decfc9663210c5.sol:73:5: Mismatch in @return count for function 'transferFrom'. Expected: 1, Found: 0 [Warning/use-natspec]
/sb/0x004964afb7296f30f70bb1d507decfc9663210c5.sol:73:53: Rule is set with explicit type [var/s: uint] [Warning/explicit-types]
/sb/0x004964afb7296f30f70bb1d507decfc9663210c5.sol:77:5: Missing @notice tag in function 'DOMAIN_SEPARATOR' [Warning/use-natspec]
/sb/0x004964afb7296f30f70bb1d507decfc9663210c5.sol:77:5: Missing @return tag in function 'DOMAIN_SEPARATOR' [Warning/use-natspec]
/sb/0x004964afb7296f30f70bb1d507decfc9663210c5.sol:77:5: Mismatch in @return count for function 'DOMAIN_SEPARATOR'. Expected: 1, Found: 0 [Warning/use-natspec]
/sb/0x004964afb7296f30f70bb1d507decfc9663210c5.sol:77:5: Function name must be in mixedCase [Warning/func-name-mixedcase]
/sb/0x004964afb7296f30f70bb1d507decfc9663210c5.sol:79:5: Missing @notice tag in function 'PERMIT_TYPEHASH' [Warning/use-natspec]
/sb/0x004964afb7296f30f70bb1d507decfc9663210c5.sol:79:5: Missing @return tag in function 'PERMIT_TYPEHASH' [Warning/use-natspec]
/sb/0x004964afb7296f30f70bb1d507decfc9663210c5.sol:79:5: Mismatch in @return count for function 'PERMIT_TYPEHASH'. Expected: 1, Found: 0 [Warning/use-natspec]
/sb/0x004964afb7296f30f70bb1d507decfc9663210c5.sol:79:5: Function name must be in mixedCase [Warning/func-name-mixedcase]
/sb/0x004964afb7296f30f70bb1d507decfc9663210c5.sol:81:5: Missing @notice tag in function 'nonces' [Warning/use-natspec]
/sb/0x004964afb7296f30f70bb1d507decfc9663210c5.sol:81:5: Missing @param tag in function 'nonces' [Warning/use-natspec]
/sb/0x004964afb7296f30f70bb1d507decfc9663210c5.sol:81:5: Mismatch in @param names for function 'nonces'. Expected: [owner], Found: [] [Warning/use-natspec]
/sb/0x004964afb7296f30f70bb1d507decfc9663210c5.sol:81:5: Missing @return tag in function 'nonces' [Warning/use-natspec]
/sb/0x004964afb7296f30f70bb1d507decfc9663210c5.sol:81:5: Mismatch in @return count for function 'nonces'. Expected: 1, Found: 0 [Warning/use-natspec]
/sb/0x004964afb7296f30f70bb1d507decfc9663210c5.sol:81:59: Rule is set with explicit type [var/s: uint] [Warning/explicit-types]
/sb/0x004964afb7296f30f70bb1d507decfc9663210c5.sol:85:5: Missing @notice tag in function 'permit' [Warning/use-natspec]
/sb/0x004964afb7296f30f70bb1d507decfc9663210c5.sol:85:5: Missing @param tag in function 'permit' [Warning/use-natspec]
/sb/0x004964afb7296f30f70bb1d507decfc9663210c5.sol:85:5: Mismatch in @param names for function 'permit'. Expected: [owner, spender, value, deadline, v, r, s], Found: [] [Warning/use-natspec]
/sb/0x004964afb7296f30f70bb1d507decfc9663210c5.sol:85:53: Rule is set with explicit type [var/s: uint] [Warning/explicit-types]
/sb/0x004964afb7296f30f70bb1d507decfc9663210c5.sol:85:65: Rule is set with explicit type [var/s: uint] [Warning/explicit-types]
/sb/0x004964afb7296f30f70bb1d507decfc9663210c5.sol:89:5: Missing @notice tag in event 'Mint' [Warning/use-natspec]
/sb/0x004964afb7296f30f70bb1d507decfc9663210c5.sol:89:5: Missing @param tag in event 'Mint' [Warning/use-natspec]
/sb/0x004964afb7296f30f70bb1d507decfc9663210c5.sol:89:5: Mismatch in @param names for event 'Mint'. Expected: [sender, amount0, amount1], Found: [] [Warning/use-natspec]
/sb/0x004964afb7296f30f70bb1d507decfc9663210c5.sol:89:5: GC: [amount0] on Event [Mint] could be Indexed [Warning/gas-indexed-events]
/sb/0x004964afb7296f30f70bb1d507decfc9663210c5.sol:89:5: GC: [amount1] on Event [Mint] could be Indexed [Warning/gas-indexed-events]
/sb/0x004964afb7296f30f70bb1d507decfc9663210c5.sol:89:40: Rule is set with explicit type [var/s: uint] [Warning/explicit-types]
/sb/0x004964afb7296f30f70bb1d507decfc9663210c5.sol:89:54: Rule is set with explicit type [var/s: uint] [Warning/explicit-types]
/sb/0x004964afb7296f30f70bb1d507decfc9663210c5.sol:91:5: Missing @notice tag in event 'Swap' [Warning/use-natspec]
/sb/0x004964afb7296f30f70bb1d507decfc9663210c5.sol:91:5: Missing @param tag in event 'Swap' [Warning/use-natspec]
/sb/0x004964afb7296f30f70bb1d507decfc9663210c5.sol:91:5: Mismatch in @param names for event 'Swap'. Expected: [sender, amount0In, amount1In, amount0Out, amount1Out, to], Found: [] [Warning/use-natspec]
/sb/0x004964afb7296f30f70bb1d507decfc9663210c5.sol:91:5: GC: [amount0In] on Event [Swap] could be Indexed [Warning/gas-indexed-events]
/sb/0x004964afb7296f30f70bb1d507decfc9663210c5.sol:91:5: GC: [amount1In] on Event [Swap] could be Indexed [Warning/gas-indexed-events]
/sb/0x004964afb7296f30f70bb1d507decfc9663210c5.sol:91:5: GC: [amount0Out] on Event [Swap] could be Indexed [Warning/gas-indexed-events]
/sb/0x004964afb7296f30f70bb1d507decfc9663210c5.sol:91:5: GC: [amount1Out] on Event [Swap] could be Indexed [Warning/gas-indexed-events]
/sb/0x004964afb7296f30f70bb1d507decfc9663210c5.sol:95:9: Rule is set with explicit type [var/s: uint] [Warning/explicit-types]
/sb/0x004964afb7296f30f70bb1d507decfc9663210c5.sol:97:9: Rule is set with explicit type [var/s: uint] [Warning/explicit-types]
/sb/0x004964afb7296f30f70bb1d507decfc9663210c5.sol:99:9: Rule is set with explicit type [var/s: uint] [Warning/explicit-types]
/sb/0x004964afb7296f30f70bb1d507decfc9663210c5.sol:101:9: Rule is set with explicit type [var/s: uint] [Warning/explicit-types]
/sb/0x004964afb7296f30f70bb1d507decfc9663210c5.sol:107:5: Missing @notice tag in event 'Sync' [Warning/use-natspec]
/sb/0x004964afb7296f30f70bb1d507decfc9663210c5.sol:107:5: Missing @param tag in event 'Sync' [Warning/use-natspec]
/sb/0x004964afb7296f30f70bb1d507decfc9663210c5.sol:107:5: Mismatch in @param names for event 'Sync'. Expected: [reserve0, reserve1], Found: [] [Warning/use-natspec]
/sb/0x004964afb7296f30f70bb1d507decfc9663210c5.sol:107:5: GC: [reserve0] on Event [Sync] could be Indexed [Warning/gas-indexed-events]
/sb/0x004964afb7296f30f70bb1d507decfc9663210c5.sol:107:5: GC: [reserve1] on Event [Sync] could be Indexed [Warning/gas-indexed-events]
/sb/0x004964afb7296f30f70bb1d507decfc9663210c5.sol:111:5: Missing @notice tag in function 'MINIMUM_LIQUIDITY' [Warning/use-natspec]
/sb/0x004964afb7296f30f70bb1d507decfc9663210c5.sol:111:5: Missing @return tag in function 'MINIMUM_LIQUIDITY' [Warning/use-natspec]
/sb/0x004964afb7296f30f70bb1d507decfc9663210c5.sol:111:5: Mismatch in @return count for function 'MINIMUM_LIQUIDITY'. Expected: 1, Found: 0 [Warning/use-natspec]
/sb/0x004964afb7296f30f70bb1d507decfc9663210c5.sol:111:5: Function name must be in mixedCase [Warning/func-name-mixedcase]
/sb/0x004964afb7296f30f70bb1d507decfc9663210c5.sol:111:57: Rule is set with explicit type [var/s: uint] [Warning/explicit-types]
/sb/0x004964afb7296f30f70bb1d507decfc9663210c5.sol:113:5: Missing @notice tag in function 'factory' [Warning/use-natspec]
/sb/0x004964afb7296f30f70bb1d507decfc9663210c5.sol:113:5: Missing @return tag in function 'factory' [Warning/use-natspec]
/sb/0x004964afb7296f30f70bb1d507decfc9663210c5.sol:113:5: Mismatch in @return count for function 'factory'. Expected: 1, Found: 0 [Warning/use-natspec]
/sb/0x004964afb7296f30f70bb1d507decfc9663210c5.sol:115:5: Missing @notice tag in function 'token0' [Warning/use-natspec]
/sb/0x004964afb7296f30f70bb1d507decfc9663210c5.sol:115:5: Missing @return tag in function 'token0' [Warning/use-natspec]
/sb/0x004964afb7296f30f70bb1d507decfc9663210c5.sol:115:5: Mismatch in @return count for function 'token0'. Expected: 1, Found: 0 [Warning/use-natspec]
/sb/0x004964afb7296f30f70bb1d507decfc9663210c5.sol:117:5: Missing @notice tag in function 'token1' [Warning/use-natspec]
/sb/0x004964afb7296f30f70bb1d507decfc9663210c5.sol:117:5: Missing @return tag in function 'token1' [Warning/use-natspec]
/sb/0x004964afb7296f30f70bb1d507decfc9663210c5.sol:117:5: Mismatch in @return count for function 'token1'. Expected: 1, Found: 0 [Warning/use-natspec]
/sb/0x004964afb7296f30f70bb1d507decfc9663210c5.sol:119:5: Missing @notice tag in function 'getReserves' [Warning/use-natspec]
/sb/0x004964afb7296f30f70bb1d507decfc9663210c5.sol:119:5: Missing @return tag in function 'getReserves' [Warning/use-natspec]
/sb/0x004964afb7296f30f70bb1d507decfc9663210c5.sol:119:5: Mismatch in @return names for function 'getReserves'. Expected: [reserve0, reserve1, blockTimestampLast], Found: [] [Warning/use-natspec]
/sb/0x004964afb7296f30f70bb1d507decfc9663210c5.sol:121:5: Missing @notice tag in function 'price0CumulativeLast' [Warning/use-natspec]
/sb/0x004964afb7296f30f70bb1d507decfc9663210c5.sol:121:5: Missing @return tag in function 'price0CumulativeLast' [Warning/use-natspec]
/sb/0x004964afb7296f30f70bb1d507decfc9663210c5.sol:121:5: Mismatch in @return count for function 'price0CumulativeLast'. Expected: 1, Found: 0 [Warning/use-natspec]
/sb/0x004964afb7296f30f70bb1d507decfc9663210c5.sol:121:60: Rule is set with explicit type [var/s: uint] [Warning/explicit-types]
/sb/0x004964afb7296f30f70bb1d507decfc9663210c5.sol:123:5: Missing @notice tag in function 'price1CumulativeLast' [Warning/use-natspec]
/sb/0x004964afb7296f30f70bb1d507decfc9663210c5.sol:123:5: Missing @return tag in function 'price1CumulativeLast' [Warning/use-natspec]
/sb/0x004964afb7296f30f70bb1d507decfc9663210c5.sol:123:5: Mismatch in @return count for function 'price1CumulativeLast'. Expected: 1, Found: 0 [Warning/use-natspec]
/sb/0x004964afb7296f30f70bb1d507decfc9663210c5.sol:123:60: Rule is set with explicit type [var/s: uint] [Warning/explicit-types]
/sb/0x004964afb7296f30f70bb1d507decfc9663210c5.sol:125:5: Missing @notice tag in function 'kLast' [Warning/use-natspec]
/sb/0x004964afb7296f30f70bb1d507decfc9663210c5.sol:125:5: Missing @return tag in function 'kLast' [Warning/use-natspec]
/sb/0x004964afb7296f30f70bb1d507decfc9663210c5.sol:125:5: Mismatch in @return count for function 'kLast'. Expected: 1, Found: 0 [Warning/use-natspec]
/sb/0x004964afb7296f30f70bb1d507decfc9663210c5.sol:125:45: Rule is set with explicit type [var/s: uint] [Warning/explicit-types]
/sb/0x004964afb7296f30f70bb1d507decfc9663210c5.sol:129:5: Missing @notice tag in function 'mint' [Warning/use-natspec]
/sb/0x004964afb7296f30f70bb1d507decfc9663210c5.sol:129:5: Missing @param tag in function 'mint' [Warning/use-natspec]
/sb/0x004964afb7296f30f70bb1d507decfc9663210c5.sol:129:5: Mismatch in @param names for function 'mint'. Expected: [to], Found: [] [Warning/use-natspec]
/sb/0x004964afb7296f30f70bb1d507decfc9663210c5.sol:129:5: Missing @return tag in function 'mint' [Warning/use-natspec]
/sb/0x004964afb7296f30f70bb1d507decfc9663210c5.sol:129:5: Mismatch in @return names for function 'mint'. Expected: [liquidity], Found: [] [Warning/use-natspec]
/sb/0x004964afb7296f30f70bb1d507decfc9663210c5.sol:129:49: Rule is set with explicit type [var/s: uint] [Warning/explicit-types]
/sb/0x004964afb7296f30f70bb1d507decfc9663210c5.sol:131:5: Missing @notice tag in function 'burn' [Warning/use-natspec]
/sb/0x004964afb7296f30f70bb1d507decfc9663210c5.sol:131:5: Missing @param tag in function 'burn' [Warning/use-natspec]
/sb/0x004964afb7296f30f70bb1d507decfc9663210c5.sol:131:5: Mismatch in @param names for function 'burn'. Expected: [to], Found: [] [Warning/use-natspec]
/sb/0x004964afb7296f30f70bb1d507decfc9663210c5.sol:131:5: Missing @return tag in function 'burn' [Warning/use-natspec]
/sb/0x004964afb7296f30f70bb1d507decfc9663210c5.sol:131:5: Mismatch in @return names for function 'burn'. Expected: [amount0, amount1], Found: [] [Warning/use-natspec]
/sb/0x004964afb7296f30f70bb1d507decfc9663210c5.sol:131:49: Rule is set with explicit type [var/s: uint] [Warning/explicit-types]
/sb/0x004964afb7296f30f70bb1d507decfc9663210c5.sol:131:63: Rule is set with explicit type [var/s: uint] [Warning/explicit-types]
/sb/0x004964afb7296f30f70bb1d507decfc9663210c5.sol:133:5: Missing @notice tag in function 'swap' [Warning/use-natspec]
/sb/0x004964afb7296f30f70bb1d507decfc9663210c5.sol:133:5: Missing @param tag in function 'swap' [Warning/use-natspec]
/sb/0x004964afb7296f30f70bb1d507decfc9663210c5.sol:133:5: Mismatch in @param names for function 'swap'. Expected: [amount0Out, amount1Out, to, data], Found: [] [Warning/use-natspec]
/sb/0x004964afb7296f30f70bb1d507decfc9663210c5.sol:133:19: Rule is set with explicit type [var/s: uint] [Warning/explicit-types]
/sb/0x004964afb7296f30f70bb1d507decfc9663210c5.sol:133:36: Rule is set with explicit type [var/s: uint] [Warning/explicit-types]
/sb/0x004964afb7296f30f70bb1d507decfc9663210c5.sol:135:5: Missing @notice tag in function 'skim' [Warning/use-natspec]
/sb/0x004964afb7296f30f70bb1d507decfc9663210c5.sol:135:5: Missing @param tag in function 'skim' [Warning/use-natspec]
/sb/0x004964afb7296f30f70bb1d507decfc9663210c5.sol:135:5: Mismatch in @param names for function 'skim'. Expected: [to], Found: [] [Warning/use-natspec]
/sb/0x004964afb7296f30f70bb1d507decfc9663210c5.sol:137:5: Missing @notice tag in function 'sync' [Warning/use-natspec]
/sb/0x004964afb7296f30f70bb1d507decfc9663210c5.sol:141:5: Missing @notice tag in function 'initialize' [Warning/use-natspec]
/sb/0x004964afb7296f30f70bb1d507decfc9663210c5.sol:141:5: Missing @param tag in function 'initialize' [Warning/use-natspec]
/sb/0x004964afb7296f30f70bb1d507decfc9663210c5.sol:141:5: Mismatch in @param count for function 'initialize'. Expected: 2, Found: 0 [Warning/use-natspec]
/sb/0x004964afb7296f30f70bb1d507decfc9663210c5.sol:147:1: Missing @title tag in contract 'IUniswapV2Factory' [Warning/use-natspec]
/sb/0x004964afb7296f30f70bb1d507decfc9663210c5.sol:147:1: Missing @author tag in contract 'IUniswapV2Factory' [Warning/use-natspec]
/sb/0x004964afb7296f30f70bb1d507decfc9663210c5.sol:147:1: Missing @notice tag in contract 'IUniswapV2Factory' [Warning/use-natspec]
/sb/0x004964afb7296f30f70bb1d507decfc9663210c5.sol:149:5: Missing @notice tag in event 'PairCreated' [Warning/use-natspec]
/sb/0x004964afb7296f30f70bb1d507decfc9663210c5.sol:149:5: Missing @param tag in event 'PairCreated' [Warning/use-natspec]
/sb/0x004964afb7296f30f70bb1d507decfc9663210c5.sol:149:5: Mismatch in @param count for event 'PairCreated'. Expected: 4, Found: 0 [Warning/use-natspec]
/sb/0x004964afb7296f30f70bb1d507decfc9663210c5.sol:149:5: GC: [pair] on Event [PairCreated] could be Indexed [Warning/gas-indexed-events]
/sb/0x004964afb7296f30f70bb1d507decfc9663210c5.sol:149:5: GC: [null] on Event [PairCreated] could be Indexed [Warning/gas-indexed-events]
/sb/0x004964afb7296f30f70bb1d507decfc9663210c5.sol:149:85: Rule is set with explicit type [var/s: uint] [Warning/explicit-types]
/sb/0x004964afb7296f30f70bb1d507decfc9663210c5.sol:153:5: Missing @notice tag in function 'feeTo' [Warning/use-natspec]
/sb/0x004964afb7296f30f70bb1d507decfc9663210c5.sol:153:5: Missing @return tag in function 'feeTo' [Warning/use-natspec]
/sb/0x004964afb7296f30f70bb1d507decfc9663210c5.sol:153:5: Mismatch in @return count for function 'feeTo'. Expected: 1, Found: 0 [Warning/use-natspec]
/sb/0x004964afb7296f30f70bb1d507decfc9663210c5.sol:155:5: Missing @notice tag in function 'feeToSetter' [Warning/use-natspec]
/sb/0x004964afb7296f30f70bb1d507decfc9663210c5.sol:155:5: Missing @return tag in function 'feeToSetter' [Warning/use-natspec]
/sb/0x004964afb7296f30f70bb1d507decfc9663210c5.sol:155:5: Mismatch in @return count for function 'feeToSetter'. Expected: 1, Found: 0 [Warning/use-natspec]
/sb/0x004964afb7296f30f70bb1d507decfc9663210c5.sol:159:5: Missing @notice tag in function 'getPair' [Warning/use-natspec]
/sb/0x004964afb7296f30f70bb1d507decfc9663210c5.sol:159:5: Missing @param tag in function 'getPair' [Warning/use-natspec]
/sb/0x004964afb7296f30f70bb1d507decfc9663210c5.sol:159:5: Mismatch in @param names for function 'getPair'. Expected: [tokenA, tokenB], Found: [] [Warning/use-natspec]
/sb/0x004964afb7296f30f70bb1d507decfc9663210c5.sol:159:5: Missing @return tag in function 'getPair' [Warning/use-natspec]
/sb/0x004964afb7296f30f70bb1d507decfc9663210c5.sol:159:5: Mismatch in @return names for function 'getPair'. Expected: [pair], Found: [] [Warning/use-natspec]
/sb/0x004964afb7296f30f70bb1d507decfc9663210c5.sol:161:5: Missing @notice tag in function 'allPairs' [Warning/use-natspec]
/sb/0x004964afb7296f30f70bb1d507decfc9663210c5.sol:161:5: Missing @param tag in function 'allPairs' [Warning/use-natspec]
/sb/0x004964afb7296f30f70bb1d507decfc9663210c5.sol:161:5: Mismatch in @param count for function 'allPairs'. Expected: 1, Found: 0 [Warning/use-natspec]
/sb/0x004964afb7296f30f70bb1d507decfc9663210c5.sol:161:5: Missing @return tag in function 'allPairs' [Warning/use-natspec]
/sb/0x004964afb7296f30f70bb1d507decfc9663210c5.sol:161:5: Mismatch in @return names for function 'allPairs'. Expected: [pair], Found: [] [Warning/use-natspec]
/sb/0x004964afb7296f30f70bb1d507decfc9663210c5.sol:161:23: Rule is set with explicit type [var/s: uint] [Warning/explicit-types]
/sb/0x004964afb7296f30f70bb1d507decfc9663210c5.sol:163:5: Missing @notice tag in function 'allPairsLength' [Warning/use-natspec]
/sb/0x004964afb7296f30f70bb1d507decfc9663210c5.sol:163:5: Missing @return tag in function 'allPairsLength' [Warning/use-natspec]
/sb/0x004964afb7296f30f70bb1d507decfc9663210c5.sol:163:5: Mismatch in @return count for function 'allPairsLength'. Expected: 1, Found: 0 [Warning/use-natspec]
/sb/0x004964afb7296f30f70bb1d507decfc9663210c5.sol:163:54: Rule is set with explicit type [var/s: uint] [Warning/explicit-types]
/sb/0x004964afb7296f30f70bb1d507decfc9663210c5.sol:167:5: Missing @notice tag in function 'createPair' [Warning/use-natspec]
/sb/0x004964afb7296f30f70bb1d507decfc9663210c5.sol:167:5: Missing @param tag in function 'createPair' [Warning/use-natspec]
/sb/0x004964afb7296f30f70bb1d507decfc9663210c5.sol:167:5: Mismatch in @param names for function 'createPair'. Expected: [tokenA, tokenB], Found: [] [Warning/use-natspec]
/sb/0x004964afb7296f30f70bb1d507decfc9663210c5.sol:167:5: Missing @return tag in function 'createPair' [Warning/use-natspec]
/sb/0x004964afb7296f30f70bb1d507decfc9663210c5.sol:167:5: Mismatch in @return names for function 'createPair'. Expected: [pair], Found: [] [Warning/use-natspec]
/sb/0x004964afb7296f30f70bb1d507decfc9663210c5.sol:171:5: Missing @notice tag in function 'setFeeTo' [Warning/use-natspec]
/sb/0x004964afb7296f30f70bb1d507decfc9663210c5.sol:171:5: Missing @param tag in function 'setFeeTo' [Warning/use-natspec]
/sb/0x004964afb7296f30f70bb1d507decfc9663210c5.sol:171:5: Mismatch in @param count for function 'setFeeTo'. Expected: 1, Found: 0 [Warning/use-natspec]
/sb/0x004964afb7296f30f70bb1d507decfc9663210c5.sol:173:5: Missing @notice tag in function 'setFeeToSetter' [Warning/use-natspec]
/sb/0x004964afb7296f30f70bb1d507decfc9663210c5.sol:173:5: Missing @param tag in function 'setFeeToSetter' [Warning/use-natspec]
/sb/0x004964afb7296f30f70bb1d507decfc9663210c5.sol:173:5: Mismatch in @param count for function 'setFeeToSetter'. Expected: 1, Found: 0 [Warning/use-natspec]
/sb/0x004964afb7296f30f70bb1d507decfc9663210c5.sol:179:1: Missing @title tag in contract 'IERC20' [Warning/use-natspec]
/sb/0x004964afb7296f30f70bb1d507decfc9663210c5.sol:179:1: Missing @author tag in contract 'IERC20' [Warning/use-natspec]
/sb/0x004964afb7296f30f70bb1d507decfc9663210c5.sol:179:1: Missing @notice tag in contract 'IERC20' [Warning/use-natspec]
/sb/0x004964afb7296f30f70bb1d507decfc9663210c5.sol:185:5: Missing @notice tag in function 'totalSupply' [Warning/use-natspec]
/sb/0x004964afb7296f30f70bb1d507decfc9663210c5.sol:185:5: Missing @return tag in function 'totalSupply' [Warning/use-natspec]
/sb/0x004964afb7296f30f70bb1d507decfc9663210c5.sol:185:5: Mismatch in @return count for function 'totalSupply'. Expected: 1, Found: 0 [Warning/use-natspec]
/sb/0x004964afb7296f30f70bb1d507decfc9663210c5.sol:191:5: Missing @notice tag in function 'balanceOf' [Warning/use-natspec]
/sb/0x004964afb7296f30f70bb1d507decfc9663210c5.sol:191:5: Missing @param tag in function 'balanceOf' [Warning/use-natspec]
/sb/0x004964afb7296f30f70bb1d507decfc9663210c5.sol:191:5: Mismatch in @param names for function 'balanceOf'. Expected: [account], Found: [] [Warning/use-natspec]
/sb/0x004964afb7296f30f70bb1d507decfc9663210c5.sol:191:5: Missing @return tag in function 'balanceOf' [Warning/use-natspec]
/sb/0x004964afb7296f30f70bb1d507decfc9663210c5.sol:191:5: Mismatch in @return count for function 'balanceOf'. Expected: 1, Found: 0 [Warning/use-natspec]
/sb/0x004964afb7296f30f70bb1d507decfc9663210c5.sol:197:5: Missing @notice tag in function 'transfer' [Warning/use-natspec]
/sb/0x004964afb7296f30f70bb1d507decfc9663210c5.sol:197:5: Missing @param tag in function 'transfer' [Warning/use-natspec]
/sb/0x004964afb7296f30f70bb1d507decfc9663210c5.sol:197:5: Mismatch in @param names for function 'transfer'. Expected: [recipient, amount], Found: [] [Warning/use-natspec]
/sb/0x004964afb7296f30f70bb1d507decfc9663210c5.sol:197:5: Missing @return tag in function 'transfer' [Warning/use-natspec]
/sb/0x004964afb7296f30f70bb1d507decfc9663210c5.sol:197:5: Mismatch in @return count for function 'transfer'. Expected: 1, Found: 0 [Warning/use-natspec]
/sb/0x004964afb7296f30f70bb1d507decfc9663210c5.sol:203:5: Missing @notice tag in function 'allowance' [Warning/use-natspec]
/sb/0x004964afb7296f30f70bb1d507decfc9663210c5.sol:203:5: Missing @param tag in function 'allowance' [Warning/use-natspec]
/sb/0x004964afb7296f30f70bb1d507decfc9663210c5.sol:203:5: Mismatch in @param names for function 'allowance'. Expected: [owner, spender], Found: [] [Warning/use-natspec]
/sb/0x004964afb7296f30f70bb1d507decfc9663210c5.sol:203:5: Missing @return tag in function 'allowance' [Warning/use-natspec]
/sb/0x004964afb7296f30f70bb1d507decfc9663210c5.sol:203:5: Mismatch in @return count for function 'allowance'. Expected: 1, Found: 0 [Warning/use-natspec]
/sb/0x004964afb7296f30f70bb1d507decfc9663210c5.sol:209:5: Missing @notice tag in function 'approve' [Warning/use-natspec]
/sb/0x004964afb7296f30f70bb1d507decfc9663210c5.sol:209:5: Missing @param tag in function 'approve' [Warning/use-natspec]
/sb/0x004964afb7296f30f70bb1d507decfc9663210c5.sol:209:5: Mismatch in @param names for function 'approve'. Expected: [spender, amount], Found: [] [Warning/use-natspec]
/sb/0x004964afb7296f30f70bb1d507decfc9663210c5.sol:209:5: Missing @return tag in function 'approve' [Warning/use-natspec]
/sb/0x004964afb7296f30f70bb1d507decfc9663210c5.sol:209:5: Mismatch in @return count for function 'approve'. Expected: 1, Found: 0 [Warning/use-natspec]
/sb/0x004964afb7296f30f70bb1d507decfc9663210c5.sol:215:5: Missing @notice tag in function 'transferFrom' [Warning/use-natspec]
/sb/0x004964afb7296f30f70bb1d507decfc9663210c5.sol:215:5: Missing @param tag in function 'transferFrom' [Warning/use-natspec]
/sb/0x004964afb7296f30f70bb1d507decfc9663210c5.sol:215:5: Mismatch in @param names for function 'transferFrom'. Expected: [sender, recipient, amount], Found: [] [Warning/use-natspec]
/sb/0x004964afb7296f30f70bb1d507decfc9663210c5.sol:215:5: Missing @return tag in function 'transferFrom' [Warning/use-natspec]
/sb/0x004964afb7296f30f70bb1d507decfc9663210c5.sol:215:5: Mismatch in @return count for function 'transferFrom'. Expected: 1, Found: 0 [Warning/use-natspec]
/sb/0x004964afb7296f30f70bb1d507decfc9663210c5.sol:229:5: Missing @notice tag in event 'Transfer' [Warning/use-natspec]
/sb/0x004964afb7296f30f70bb1d507decfc9663210c5.sol:229:5: Missing @param tag in event 'Transfer' [Warning/use-natspec]
/sb/0x004964afb7296f30f70bb1d507decfc9663210c5.sol:229:5: Mismatch in @param names for event 'Transfer'. Expected: [from, to, value], Found: [] [Warning/use-natspec]
/sb/0x004964afb7296f30f70bb1d507decfc9663210c5.sol:229:5: GC: [value] on Event [Transfer] could be Indexed [Warning/gas-indexed-events]
/sb/0x004964afb7296f30f70bb1d507decfc9663210c5.sol:235:5: Missing @notice tag in event 'Approval' [Warning/use-natspec]
/sb/0x004964afb7296f30f70bb1d507decfc9663210c5.sol:235:5: Missing @param tag in event 'Approval' [Warning/use-natspec]
/sb/0x004964afb7296f30f70bb1d507decfc9663210c5.sol:235:5: Mismatch in @param names for event 'Approval'. Expected: [owner, spender, value], Found: [] [Warning/use-natspec]
/sb/0x004964afb7296f30f70bb1d507decfc9663210c5.sol:235:5: GC: [value] on Event [Approval] could be Indexed [Warning/gas-indexed-events]
/sb/0x004964afb7296f30f70bb1d507decfc9663210c5.sol:241:1: Missing @title tag in contract 'IERC20Metadata' [Warning/use-natspec]
/sb/0x004964afb7296f30f70bb1d507decfc9663210c5.sol:241:1: Missing @author tag in contract 'IERC20Metadata' [Warning/use-natspec]
/sb/0x004964afb7296f30f70bb1d507decfc9663210c5.sol:241:1: Missing @notice tag in contract 'IERC20Metadata' [Warning/use-natspec]
/sb/0x004964afb7296f30f70bb1d507decfc9663210c5.sol:247:5: Missing @notice tag in function 'name' [Warning/use-natspec]
/sb/0x004964afb7296f30f70bb1d507decfc9663210c5.sol:247:5: Missing @return tag in function 'name' [Warning/use-natspec]
/sb/0x004964afb7296f30f70bb1d507decfc9663210c5.sol:247:5: Mismatch in @return count for function 'name'. Expected: 1, Found: 0 [Warning/use-natspec]
/sb/0x004964afb7296f30f70bb1d507decfc9663210c5.sol:257:5: Missing @notice tag in function 'symbol' [Warning/use-natspec]
/sb/0x004964afb7296f30f70bb1d507decfc9663210c5.sol:257:5: Missing @return tag in function 'symbol' [Warning/use-natspec]
/sb/0x004964afb7296f30f70bb1d507decfc9663210c5.sol:257:5: Mismatch in @return count for function 'symbol'. Expected: 1, Found: 0 [Warning/use-natspec]
/sb/0x004964afb7296f30f70bb1d507decfc9663210c5.sol:267:5: Missing @notice tag in function 'decimals' [Warning/use-natspec]
/sb/0x004964afb7296f30f70bb1d507decfc9663210c5.sol:267:5: Missing @return tag in function 'decimals' [Warning/use-natspec]
/sb/0x004964afb7296f30f70bb1d507decfc9663210c5.sol:267:5: Mismatch in @return count for function 'decimals'. Expected: 1, Found: 0 [Warning/use-natspec]
/sb/0x004964afb7296f30f70bb1d507decfc9663210c5.sol:275:1: Missing @title tag in contract 'ERC20' [Warning/use-natspec]
/sb/0x004964afb7296f30f70bb1d507decfc9663210c5.sol:275:1: Missing @author tag in contract 'ERC20' [Warning/use-natspec]
/sb/0x004964afb7296f30f70bb1d507decfc9663210c5.sol:275:1: Missing @notice tag in contract 'ERC20' [Warning/use-natspec]
/sb/0x004964afb7296f30f70bb1d507decfc9663210c5.sol:317:5: Missing @notice tag in function '<anonymous>' [Warning/use-natspec]
/sb/0x004964afb7296f30f70bb1d507decfc9663210c5.sol:317:5: Missing @param tag in function '<anonymous>' [Warning/use-natspec]
/sb/0x004964afb7296f30f70bb1d507decfc9663210c5.sol:317:5: Mismatch in @param names for function '<anonymous>'. Expected: [name_, symbol_], Found: [] [Warning/use-natspec]
/sb/0x004964afb7296f30f70bb1d507decfc9663210c5.sol:317:5: Explicitly mark visibility in function (Set ignoreConstructors to true if using solidity >=0.7.0) [Warning/func-visibility]
/sb/0x004964afb7296f30f70bb1d507decfc9663210c5.sol:333:5: Missing @notice tag in function 'name' [Warning/use-natspec]
/sb/0x004964afb7296f30f70bb1d507decfc9663210c5.sol:333:5: Missing @return tag in function 'name' [Warning/use-natspec]
/sb/0x004964afb7296f30f70bb1d507decfc9663210c5.sol:333:5: Mismatch in @return count for function 'name'. Expected: 1, Found: 0 [Warning/use-natspec]
/sb/0x004964afb7296f30f70bb1d507decfc9663210c5.sol:349:5: Missing @notice tag in function 'symbol' [Warning/use-natspec]
/sb/0x004964afb7296f30f70bb1d507decfc9663210c5.sol:349:5: Missing @return tag in function 'symbol' [Warning/use-natspec]
/sb/0x004964afb7296f30f70bb1d507decfc9663210c5.sol:349:5: Mismatch in @return count for function 'symbol'. Expected: 1, Found: 0 [Warning/use-natspec]
/sb/0x004964afb7296f30f70bb1d507decfc9663210c5.sol:359:5: Missing @notice tag in function 'decimals' [Warning/use-natspec]
/sb/0x004964afb7296f30f70bb1d507decfc9663210c5.sol:359:5: Missing @return tag in function 'decimals' [Warning/use-natspec]
/sb/0x004964afb7296f30f70bb1d507decfc9663210c5.sol:359:5: Mismatch in @return count for function 'decimals'. Expected: 1, Found: 0 [Warning/use-natspec]
/sb/0x004964afb7296f30f70bb1d507decfc9663210c5.sol:373:5: Missing @notice tag in function 'totalSupply' [Warning/use-natspec]
/sb/0x004964afb7296f30f70bb1d507decfc9663210c5.sol:373:5: Missing @return tag in function 'totalSupply' [Warning/use-natspec]
/sb/0x004964afb7296f30f70bb1d507decfc9663210c5.sol:373:5: Mismatch in @return count for function 'totalSupply'. Expected: 1, Found: 0 [Warning/use-natspec]
/sb/0x004964afb7296f30f70bb1d507decfc9663210c5.sol:383:5: Missing @notice tag in function 'balanceOf' [Warning/use-natspec]
/sb/0x004964afb7296f30f70bb1d507decfc9663210c5.sol:383:5: Missing @param tag in function 'balanceOf' [Warning/use-natspec]
/sb/0x004964afb7296f30f70bb1d507decfc9663210c5.sol:383:5: Mismatch in @param names for function 'balanceOf'. Expected: [account], Found: [] [Warning/use-natspec]
/sb/0x004964afb7296f30f70bb1d507decfc9663210c5.sol:383:5: Missing @return tag in function 'balanceOf' [Warning/use-natspec]
/sb/0x004964afb7296f30f70bb1d507decfc9663210c5.sol:383:5: Mismatch in @return count for function 'balanceOf'. Expected: 1, Found: 0 [Warning/use-natspec]
/sb/0x004964afb7296f30f70bb1d507decfc9663210c5.sol:393:5: Missing @notice tag in function 'transfer' [Warning/use-natspec]
/sb/0x004964afb7296f30f70bb1d507decfc9663210c5.sol:393:5: Missing @param tag in function 'transfer' [Warning/use-natspec]
/sb/0x004964afb7296f30f70bb1d507decfc9663210c5.sol:393:5: Mismatch in @param names for function 'transfer'. Expected: [recipient, amount], Found: [] [Warning/use-natspec]
/sb/0x004964afb7296f30f70bb1d507decfc9663210c5.sol:393:5: Missing @return tag in function 'transfer' [Warning/use-natspec]
/sb/0x004964afb7296f30f70bb1d507decfc9663210c5.sol:393:5: Mismatch in @return count for function 'transfer'. Expected: 1, Found: 0 [Warning/use-natspec]
/sb/0x004964afb7296f30f70bb1d507decfc9663210c5.sol:407:5: Missing @notice tag in function 'allowance' [Warning/use-natspec]
/sb/0x004964afb7296f30f70bb1d507decfc9663210c5.sol:407:5: Missing @param tag in function 'allowance' [Warning/use-natspec]
/sb/0x004964afb7296f30f70bb1d507decfc9663210c5.sol:407:5: Mismatch in @param names for function 'allowance'. Expected: [owner, spender], Found: [] [Warning/use-natspec]
/sb/0x004964afb7296f30f70bb1d507decfc9663210c5.sol:407:5: Missing @return tag in function 'allowance' [Warning/use-natspec]
/sb/0x004964afb7296f30f70bb1d507decfc9663210c5.sol:407:5: Mismatch in @return count for function 'allowance'. Expected: 1, Found: 0 [Warning/use-natspec]
/sb/0x004964afb7296f30f70bb1d507decfc9663210c5.sol:417:5: Missing @notice tag in function 'approve' [Warning/use-natspec]
/sb/0x004964afb7296f30f70bb1d507decfc9663210c5.sol:417:5: Missing @param tag in function 'approve' [Warning/use-natspec]
/sb/0x004964afb7296f30f70bb1d507decfc9663210c5.sol:417:5: Mismatch in @param names for function 'approve'. Expected: [spender, amount], Found: [] [Warning/use-natspec]
/sb/0x004964afb7296f30f70bb1d507decfc9663210c5.sol:417:5: Missing @return tag in function 'approve' [Warning/use-natspec]
/sb/0x004964afb7296f30f70bb1d507decfc9663210c5.sol:417:5: Mismatch in @return count for function 'approve'. Expected: 1, Found: 0 [Warning/use-natspec]
/sb/0x004964afb7296f30f70bb1d507decfc9663210c5.sol:429:5: Missing @notice tag in function 'transferFrom' [Warning/use-natspec]
/sb/0x004964afb7296f30f70bb1d507decfc9663210c5.sol:429:5: Missing @param tag in function 'transferFrom' [Warning/use-natspec]
/sb/0x004964afb7296f30f70bb1d507decfc9663210c5.sol:429:5: Mismatch in @param names for function 'transferFrom'. Expected: [sender, recipient, amount], Found: [] [Warning/use-natspec]
/sb/0x004964afb7296f30f70bb1d507decfc9663210c5.sol:429:5: Missing @return tag in function 'transferFrom' [Warning/use-natspec]
/sb/0x004964afb7296f30f70bb1d507decfc9663210c5.sol:429:5: Mismatch in @return count for function 'transferFrom'. Expected: 1, Found: 0 [Warning/use-natspec]
/sb/0x004964afb7296f30f70bb1d507decfc9663210c5.sol:441:40: GC: String exceeds 32 bytes [Warning/gas-small-strings]
/sb/0x004964afb7296f30f70bb1d507decfc9663210c5.sol:451:5: Missing @notice tag in function 'increaseAllowance' [Warning/use-natspec]
/sb/0x004964afb7296f30f70bb1d507decfc9663210c5.sol:451:5: Missing @param tag in function 'increaseAllowance' [Warning/use-natspec]
/sb/0x004964afb7296f30f70bb1d507decfc9663210c5.sol:451:5: Mismatch in @param names for function 'increaseAllowance'. Expected: [spender, addedValue], Found: [] [Warning/use-natspec]
/sb/0x004964afb7296f30f70bb1d507decfc9663210c5.sol:451:5: Missing @return tag in function 'increaseAllowance' [Warning/use-natspec]
/sb/0x004964afb7296f30f70bb1d507decfc9663210c5.sol:451:5: Mismatch in @return count for function 'increaseAllowance'. Expected: 1, Found: 0 [Warning/use-natspec]
/sb/0x004964afb7296f30f70bb1d507decfc9663210c5.sol:463:5: Missing @notice tag in function 'decreaseAllowance' [Warning/use-natspec]
/sb/0x004964afb7296f30f70bb1d507decfc9663210c5.sol:463:5: Missing @param tag in function 'decreaseAllowance' [Warning/use-natspec]
/sb/0x004964afb7296f30f70bb1d507decfc9663210c5.sol:463:5: Mismatch in @param names for function 'decreaseAllowance'. Expected: [spender, subtractedValue], Found: [] [Warning/use-natspec]
/sb/0x004964afb7296f30f70bb1d507decfc9663210c5.sol:463:5: Missing @return tag in function 'decreaseAllowance' [Warning/use-natspec]
/sb/0x004964afb7296f30f70bb1d507decfc9663210c5.sol:463:5: Mismatch in @return count for function 'decreaseAllowance'. Expected: 1, Found: 0 [Warning/use-natspec]
/sb/0x004964afb7296f30f70bb1d507decfc9663210c5.sol:465:41: GC: String exceeds 32 bytes [Warning/gas-small-strings]
/sb/0x004964afb7296f30f70bb1d507decfc9663210c5.sol:477:5: Missing @notice tag in function '_transfer' [Warning/use-natspec]
/sb/0x004964afb7296f30f70bb1d507decfc9663210c5.sol:477:5: Missing @param tag in function '_transfer' [Warning/use-natspec]
/sb/0x004964afb7296f30f70bb1d507decfc9663210c5.sol:477:5: Mismatch in @param names for function '_transfer'. Expected: [sender, recipient, amount], Found: [] [Warning/use-natspec]
/sb/0x004964afb7296f30f70bb1d507decfc9663210c5.sol:487:9: Error message for require is too long: 37 counted / 32 allowed [Warning/reason-string]
/sb/0x004964afb7296f30f70bb1d507decfc9663210c5.sol:487:9: GC: String exceeds 32 bytes [Warning/gas-small-strings]
/sb/0x004964afb7296f30f70bb1d507decfc9663210c5.sol:487:9: GC: Use Custom Errors instead of require statements [Warning/gas-custom-errors]
/sb/0x004964afb7296f30f70bb1d507decfc9663210c5.sol:489:9: Error message for require is too long: 35 counted / 32 allowed [Warning/reason-string]
/sb/0x004964afb7296f30f70bb1d507decfc9663210c5.sol:489:9: GC: String exceeds 32 bytes [Warning/gas-small-strings]
/sb/0x004964afb7296f30f70bb1d507decfc9663210c5.sol:489:9: GC: Use Custom Errors instead of require statements [Warning/gas-custom-errors]
/sb/0x004964afb7296f30f70bb1d507decfc9663210c5.sol:497:29: GC: String exceeds 32 bytes [Warning/gas-small-strings]
/sb/0x004964afb7296f30f70bb1d507decfc9663210c5.sol:509:5: Missing @notice tag in function '_mint' [Warning/use-natspec]
/sb/0x004964afb7296f30f70bb1d507decfc9663210c5.sol:509:5: Missing @param tag in function '_mint' [Warning/use-natspec]
/sb/0x004964afb7296f30f70bb1d507decfc9663210c5.sol:509:5: Mismatch in @param names for function '_mint'. Expected: [account, amount], Found: [] [Warning/use-natspec]
/sb/0x004964afb7296f30f70bb1d507decfc9663210c5.sol:511:9: GC: Use Custom Errors instead of require statements [Warning/gas-custom-errors]
/sb/0x004964afb7296f30f70bb1d507decfc9663210c5.sol:531:5: Missing @notice tag in function '_burn' [Warning/use-natspec]
/sb/0x004964afb7296f30f70bb1d507decfc9663210c5.sol:531:5: Missing @param tag in function '_burn' [Warning/use-natspec]
/sb/0x004964afb7296f30f70bb1d507decfc9663210c5.sol:531:5: Mismatch in @param names for function '_burn'. Expected: [account, amount], Found: [] [Warning/use-natspec]
/sb/0x004964afb7296f30f70bb1d507decfc9663210c5.sol:533:9: Error message for require is too long: 33 counted / 32 allowed [Warning/reason-string]
/sb/0x004964afb7296f30f70bb1d507decfc9663210c5.sol:533:9: GC: String exceeds 32 bytes [Warning/gas-small-strings]
/sb/0x004964afb7296f30f70bb1d507decfc9663210c5.sol:533:9: GC: Use Custom Errors instead of require statements [Warning/gas-custom-errors]
/sb/0x004964afb7296f30f70bb1d507decfc9663210c5.sol:541:30: GC: String exceeds 32 bytes [Warning/gas-small-strings]
/sb/0x004964afb7296f30f70bb1d507decfc9663210c5.sol:553:5: Missing @notice tag in function '_approve' [Warning/use-natspec]
/sb/0x004964afb7296f30f70bb1d507decfc9663210c5.sol:553:5: Missing @param tag in function '_approve' [Warning/use-natspec]
/sb/0x004964afb7296f30f70bb1d507decfc9663210c5.sol:553:5: Mismatch in @param names for function '_approve'. Expected: [owner, spender, amount], Found: [] [Warning/use-natspec]
/sb/0x004964afb7296f30f70bb1d507decfc9663210c5.sol:563:9: Error message for require is too long: 36 counted / 32 allowed [Warning/reason-string]
/sb/0x004964afb7296f30f70bb1d507decfc9663210c5.sol:563:9: GC: String exceeds 32 bytes [Warning/gas-small-strings]
/sb/0x004964afb7296f30f70bb1d507decfc9663210c5.sol:563:9: GC: Use Custom Errors instead of require statements [Warning/gas-custom-errors]
/sb/0x004964afb7296f30f70bb1d507decfc9663210c5.sol:565:9: Error message for require is too long: 34 counted / 32 allowed [Warning/reason-string]
/sb/0x004964afb7296f30f70bb1d507decfc9663210c5.sol:565:9: GC: String exceeds 32 bytes [Warning/gas-small-strings]
/sb/0x004964afb7296f30f70bb1d507decfc9663210c5.sol:565:9: GC: Use Custom Errors instead of require statements [Warning/gas-custom-errors]
/sb/0x004964afb7296f30f70bb1d507decfc9663210c5.sol:579:5: Missing @notice tag in function '_beforeTokenTransfer' [Warning/use-natspec]
/sb/0x004964afb7296f30f70bb1d507decfc9663210c5.sol:579:5: Missing @param tag in function '_beforeTokenTransfer' [Warning/use-natspec]
/sb/0x004964afb7296f30f70bb1d507decfc9663210c5.sol:579:5: Mismatch in @param names for function '_beforeTokenTransfer'. Expected: [from, to, amount], Found: [] [Warning/use-natspec]
/sb/0x004964afb7296f30f70bb1d507decfc9663210c5.sol:587:24: Code contains empty blocks [Warning/no-empty-blocks]
/sb/0x004964afb7296f30f70bb1d507decfc9663210c5.sol:593:1: Missing @title tag in contract 'SafeMath' [Warning/use-natspec]
/sb/0x004964afb7296f30f70bb1d507decfc9663210c5.sol:593:1: Missing @author tag in contract 'SafeMath' [Warning/use-natspec]
/sb/0x004964afb7296f30f70bb1d507decfc9663210c5.sol:593:1: Missing @notice tag in contract 'SafeMath' [Warning/use-natspec]
/sb/0x004964afb7296f30f70bb1d507decfc9663210c5.sol:597:5: Missing @notice tag in function 'add' [Warning/use-natspec]
/sb/0x004964afb7296f30f70bb1d507decfc9663210c5.sol:597:5: Missing @param tag in function 'add' [Warning/use-natspec]
/sb/0x004964afb7296f30f70bb1d507decfc9663210c5.sol:597:5: Mismatch in @param names for function 'add'. Expected: [a, b], Found: [] [Warning/use-natspec]
/sb/0x004964afb7296f30f70bb1d507decfc9663210c5.sol:597:5: Missing @return tag in function 'add' [Warning/use-natspec]
/sb/0x004964afb7296f30f70bb1d507decfc9663210c5.sol:597:5: Mismatch in @return count for function 'add'. Expected: 1, Found: 0 [Warning/use-natspec]
/sb/0x004964afb7296f30f70bb1d507decfc9663210c5.sol:601:9: GC: Use Custom Errors instead of require statements [Warning/gas-custom-errors]
/sb/0x004964afb7296f30f70bb1d507decfc9663210c5.sol:601:17: GC: Non strict inequality found. Try converting to a strict one [Warning/gas-strict-inequalities]
/sb/0x004964afb7296f30f70bb1d507decfc9663210c5.sol:631:5: Missing @notice tag in function 'sub' [Warning/use-natspec]
/sb/0x004964afb7296f30f70bb1d507decfc9663210c5.sol:631:5: Missing @param tag in function 'sub' [Warning/use-natspec]
/sb/0x004964afb7296f30f70bb1d507decfc9663210c5.sol:631:5: Mismatch in @param names for function 'sub'. Expected: [a, b], Found: [] [Warning/use-natspec]
/sb/0x004964afb7296f30f70bb1d507decfc9663210c5.sol:631:5: Missing @return tag in function 'sub' [Warning/use-natspec]
/sb/0x004964afb7296f30f70bb1d507decfc9663210c5.sol:631:5: Mismatch in @return count for function 'sub'. Expected: 1, Found: 0 [Warning/use-natspec]
/sb/0x004964afb7296f30f70bb1d507decfc9663210c5.sol:659:5: Missing @notice tag in function 'sub' [Warning/use-natspec]
/sb/0x004964afb7296f30f70bb1d507decfc9663210c5.sol:659:5: Missing @param tag in function 'sub' [Warning/use-natspec]
/sb/0x004964afb7296f30f70bb1d507decfc9663210c5.sol:659:5: Mismatch in @param names for function 'sub'. Expected: [a, b, errorMessage], Found: [] [Warning/use-natspec]
/sb/0x004964afb7296f30f70bb1d507decfc9663210c5.sol:659:5: Missing @return tag in function 'sub' [Warning/use-natspec]
/sb/0x004964afb7296f30f70bb1d507decfc9663210c5.sol:659:5: Mismatch in @return count for function 'sub'. Expected: 1, Found: 0 [Warning/use-natspec]
/sb/0x004964afb7296f30f70bb1d507decfc9663210c5.sol:661:9: GC: Use Custom Errors instead of require statements [Warning/gas-custom-errors]
/sb/0x004964afb7296f30f70bb1d507decfc9663210c5.sol:661:17: GC: Non strict inequality found. Try converting to a strict one [Warning/gas-strict-inequalities]
/sb/0x004964afb7296f30f70bb1d507decfc9663210c5.sol:693:5: Missing @notice tag in function 'mul' [Warning/use-natspec]
/sb/0x004964afb7296f30f70bb1d507decfc9663210c5.sol:693:5: Missing @param tag in function 'mul' [Warning/use-natspec]
/sb/0x004964afb7296f30f70bb1d507decfc9663210c5.sol:693:5: Mismatch in @param names for function 'mul'. Expected: [a, b], Found: [] [Warning/use-natspec]
/sb/0x004964afb7296f30f70bb1d507decfc9663210c5.sol:693:5: Missing @return tag in function 'mul' [Warning/use-natspec]
/sb/0x004964afb7296f30f70bb1d507decfc9663210c5.sol:693:5: Mismatch in @return count for function 'mul'. Expected: 1, Found: 0 [Warning/use-natspec]
/sb/0x004964afb7296f30f70bb1d507decfc9663210c5.sol:711:9: Error message for require is too long: 33 counted / 32 allowed [Warning/reason-string]
/sb/0x004964afb7296f30f70bb1d507decfc9663210c5.sol:711:9: GC: String exceeds 32 bytes [Warning/gas-small-strings]
/sb/0x004964afb7296f30f70bb1d507decfc9663210c5.sol:711:9: GC: Use Custom Errors instead of require statements [Warning/gas-custom-errors]
/sb/0x004964afb7296f30f70bb1d507decfc9663210c5.sol:745:5: Missing @notice tag in function 'div' [Warning/use-natspec]
/sb/0x004964afb7296f30f70bb1d507decfc9663210c5.sol:745:5: Missing @param tag in function 'div' [Warning/use-natspec]
/sb/0x004964afb7296f30f70bb1d507decfc9663210c5.sol:745:5: Mismatch in @param names for function 'div'. Expected: [a, b], Found: [] [Warning/use-natspec]
/sb/0x004964afb7296f30f70bb1d507decfc9663210c5.sol:745:5: Missing @return tag in function 'div' [Warning/use-natspec]
/sb/0x004964afb7296f30f70bb1d507decfc9663210c5.sol:745:5: Mismatch in @return count for function 'div'. Expected: 1, Found: 0 [Warning/use-natspec]
/sb/0x004964afb7296f30f70bb1d507decfc9663210c5.sol:777:5: Missing @notice tag in function 'div' [Warning/use-natspec]
/sb/0x004964afb7296f30f70bb1d507decfc9663210c5.sol:777:5: Missing @param tag in function 'div' [Warning/use-natspec]
/sb/0x004964afb7296f30f70bb1d507decfc9663210c5.sol:777:5: Mismatch in @param names for function 'div'. Expected: [a, b, errorMessage], Found: [] [Warning/use-natspec]
/sb/0x004964afb7296f30f70bb1d507decfc9663210c5.sol:777:5: Missing @return tag in function 'div' [Warning/use-natspec]
/sb/0x004964afb7296f30f70bb1d507decfc9663210c5.sol:777:5: Mismatch in @return count for function 'div'. Expected: 1, Found: 0 [Warning/use-natspec]
/sb/0x004964afb7296f30f70bb1d507decfc9663210c5.sol:779:9: GC: Use Custom Errors instead of require statements [Warning/gas-custom-errors]
/sb/0x004964afb7296f30f70bb1d507decfc9663210c5.sol:817:5: Missing @notice tag in function 'mod' [Warning/use-natspec]
/sb/0x004964afb7296f30f70bb1d507decfc9663210c5.sol:817:5: Missing @param tag in function 'mod' [Warning/use-natspec]
/sb/0x004964afb7296f30f70bb1d507decfc9663210c5.sol:817:5: Mismatch in @param names for function 'mod'. Expected: [a, b], Found: [] [Warning/use-natspec]
/sb/0x004964afb7296f30f70bb1d507decfc9663210c5.sol:817:5: Missing @return tag in function 'mod' [Warning/use-natspec]
/sb/0x004964afb7296f30f70bb1d507decfc9663210c5.sol:817:5: Mismatch in @return count for function 'mod'. Expected: 1, Found: 0 [Warning/use-natspec]
/sb/0x004964afb7296f30f70bb1d507decfc9663210c5.sol:849:5: Missing @notice tag in function 'mod' [Warning/use-natspec]
/sb/0x004964afb7296f30f70bb1d507decfc9663210c5.sol:849:5: Missing @param tag in function 'mod' [Warning/use-natspec]
/sb/0x004964afb7296f30f70bb1d507decfc9663210c5.sol:849:5: Mismatch in @param names for function 'mod'. Expected: [a, b, errorMessage], Found: [] [Warning/use-natspec]
/sb/0x004964afb7296f30f70bb1d507decfc9663210c5.sol:849:5: Missing @return tag in function 'mod' [Warning/use-natspec]
/sb/0x004964afb7296f30f70bb1d507decfc9663210c5.sol:849:5: Mismatch in @return count for function 'mod'. Expected: 1, Found: 0 [Warning/use-natspec]
/sb/0x004964afb7296f30f70bb1d507decfc9663210c5.sol:851:9: GC: Use Custom Errors instead of require statements [Warning/gas-custom-errors]
/sb/0x004964afb7296f30f70bb1d507decfc9663210c5.sol:861:1: Missing @title tag in contract 'Ownable' [Warning/use-natspec]
/sb/0x004964afb7296f30f70bb1d507decfc9663210c5.sol:861:1: Missing @author tag in contract 'Ownable' [Warning/use-natspec]
/sb/0x004964afb7296f30f70bb1d507decfc9663210c5.sol:861:1: Missing @notice tag in contract 'Ownable' [Warning/use-natspec]
/sb/0x004964afb7296f30f70bb1d507decfc9663210c5.sol:867:5: Missing @notice tag in event 'OwnershipTransferred' [Warning/use-natspec]
/sb/0x004964afb7296f30f70bb1d507decfc9663210c5.sol:867:5: Missing @param tag in event 'OwnershipTransferred' [Warning/use-natspec]
/sb/0x004964afb7296f30f70bb1d507decfc9663210c5.sol:867:5: Mismatch in @param names for event 'OwnershipTransferred'. Expected: [previousOwner, newOwner], Found: [] [Warning/use-natspec]
/sb/0x004964afb7296f30f70bb1d507decfc9663210c5.sol:877:5: Missing @notice tag in function '<anonymous>' [Warning/use-natspec]
/sb/0x004964afb7296f30f70bb1d507decfc9663210c5.sol:877:5: Explicitly mark visibility in function (Set ignoreConstructors to true if using solidity >=0.7.0) [Warning/func-visibility]
/sb/0x004964afb7296f30f70bb1d507decfc9663210c5.sol:895:5: Missing @notice tag in function 'owner' [Warning/use-natspec]
/sb/0x004964afb7296f30f70bb1d507decfc9663210c5.sol:895:5: Missing @return tag in function 'owner' [Warning/use-natspec]
/sb/0x004964afb7296f30f70bb1d507decfc9663210c5.sol:895:5: Mismatch in @return count for function 'owner'. Expected: 1, Found: 0 [Warning/use-natspec]
/sb/0x004964afb7296f30f70bb1d507decfc9663210c5.sol:911:9: GC: Use Custom Errors instead of require statements [Warning/gas-custom-errors]
/sb/0x004964afb7296f30f70bb1d507decfc9663210c5.sol:933:5: Missing @notice tag in function 'renounceOwnership' [Warning/use-natspec]
/sb/0x004964afb7296f30f70bb1d507decfc9663210c5.sol:951:5: Missing @notice tag in function 'transferOwnership' [Warning/use-natspec]
/sb/0x004964afb7296f30f70bb1d507decfc9663210c5.sol:951:5: Missing @param tag in function 'transferOwnership' [Warning/use-natspec]
/sb/0x004964afb7296f30f70bb1d507decfc9663210c5.sol:951:5: Mismatch in @param names for function 'transferOwnership'. Expected: [newOwner], Found: [] [Warning/use-natspec]
/sb/0x004964afb7296f30f70bb1d507decfc9663210c5.sol:953:9: Error message for require is too long: 38 counted / 32 allowed [Warning/reason-string]
/sb/0x004964afb7296f30f70bb1d507decfc9663210c5.sol:953:9: GC: String exceeds 32 bytes [Warning/gas-small-strings]
/sb/0x004964afb7296f30f70bb1d507decfc9663210c5.sol:953:9: GC: Use Custom Errors instead of require statements [Warning/gas-custom-errors]
/sb/0x004964afb7296f30f70bb1d507decfc9663210c5.sol:969:1: Missing @title tag in contract 'SafeMathInt' [Warning/use-natspec]
/sb/0x004964afb7296f30f70bb1d507decfc9663210c5.sol:969:1: Missing @author tag in contract 'SafeMathInt' [Warning/use-natspec]
/sb/0x004964afb7296f30f70bb1d507decfc9663210c5.sol:969:1: Missing @notice tag in contract 'SafeMathInt' [Warning/use-natspec]
/sb/0x004964afb7296f30f70bb1d507decfc9663210c5.sol:983:5: Missing @notice tag in function 'mul' [Warning/use-natspec]
/sb/0x004964afb7296f30f70bb1d507decfc9663210c5.sol:983:5: Missing @param tag in function 'mul' [Warning/use-natspec]
/sb/0x004964afb7296f30f70bb1d507decfc9663210c5.sol:983:5: Mismatch in @param names for function 'mul'. Expected: [a, b], Found: [] [Warning/use-natspec]
/sb/0x004964afb7296f30f70bb1d507decfc9663210c5.sol:983:5: Missing @return tag in function 'mul' [Warning/use-natspec]
/sb/0x004964afb7296f30f70bb1d507decfc9663210c5.sol:983:5: Mismatch in @return count for function 'mul'. Expected: 1, Found: 0 [Warning/use-natspec]
/sb/0x004964afb7296f30f70bb1d507decfc9663210c5.sol:991:9: Provide an error message for require [Warning/reason-string]
/sb/0x004964afb7296f30f70bb1d507decfc9663210c5.sol:991:9: GC: Use Custom Errors instead of require statements [Warning/gas-custom-errors]
/sb/0x004964afb7296f30f70bb1d507decfc9663210c5.sol:993:9: Provide an error message for require [Warning/reason-string]
/sb/0x004964afb7296f30f70bb1d507decfc9663210c5.sol:993:9: GC: Use Custom Errors instead of require statements [Warning/gas-custom-errors]
/sb/0x004964afb7296f30f70bb1d507decfc9663210c5.sol:1007:5: Missing @notice tag in function 'div' [Warning/use-natspec]
/sb/0x004964afb7296f30f70bb1d507decfc9663210c5.sol:1007:5: Missing @param tag in function 'div' [Warning/use-natspec]
/sb/0x004964afb7296f30f70bb1d507decfc9663210c5.sol:1007:5: Mismatch in @param names for function 'div'. Expected: [a, b], Found: [] [Warning/use-natspec]
/sb/0x004964afb7296f30f70bb1d507decfc9663210c5.sol:1007:5: Missing @return tag in function 'div' [Warning/use-natspec]
/sb/0x004964afb7296f30f70bb1d507decfc9663210c5.sol:1007:5: Mismatch in @return count for function 'div'. Expected: 1, Found: 0 [Warning/use-natspec]
/sb/0x004964afb7296f30f70bb1d507decfc9663210c5.sol:1011:9: Provide an error message for require [Warning/reason-string]
/sb/0x004964afb7296f30f70bb1d507decfc9663210c5.sol:1011:9: GC: Use Custom Errors instead of require statements [Warning/gas-custom-errors]
/sb/0x004964afb7296f30f70bb1d507decfc9663210c5.sol:1029:5: Missing @notice tag in function 'sub' [Warning/use-natspec]
/sb/0x004964afb7296f30f70bb1d507decfc9663210c5.sol:1029:5: Missing @param tag in function 'sub' [Warning/use-natspec]
/sb/0x004964afb7296f30f70bb1d507decfc9663210c5.sol:1029:5: Mismatch in @param names for function 'sub'. Expected: [a, b], Found: [] [Warning/use-natspec]
/sb/0x004964afb7296f30f70bb1d507decfc9663210c5.sol:1029:5: Missing @return tag in function 'sub' [Warning/use-natspec]
/sb/0x004964afb7296f30f70bb1d507decfc9663210c5.sol:1029:5: Mismatch in @return count for function 'sub'. Expected: 1, Found: 0 [Warning/use-natspec]
/sb/0x004964afb7296f30f70bb1d507decfc9663210c5.sol:1033:9: Provide an error message for require [Warning/reason-string]
/sb/0x004964afb7296f30f70bb1d507decfc9663210c5.sol:1033:9: GC: Use Custom Errors instead of require statements [Warning/gas-custom-errors]
/sb/0x004964afb7296f30f70bb1d507decfc9663210c5.sol:1033:18: GC: Non strict inequality found. Try converting to a strict one [Warning/gas-strict-inequalities]
/sb/0x004964afb7296f30f70bb1d507decfc9663210c5.sol:1033:28: GC: Non strict inequality found. Try converting to a strict one [Warning/gas-strict-inequalities]
/sb/0x004964afb7296f30f70bb1d507decfc9663210c5.sol:1047:5: Missing @notice tag in function 'add' [Warning/use-natspec]
/sb/0x004964afb7296f30f70bb1d507decfc9663210c5.sol:1047:5: Missing @param tag in function 'add' [Warning/use-natspec]
/sb/0x004964afb7296f30f70bb1d507decfc9663210c5.sol:1047:5: Mismatch in @param names for function 'add'. Expected: [a, b], Found: [] [Warning/use-natspec]
/sb/0x004964afb7296f30f70bb1d507decfc9663210c5.sol:1047:5: Missing @return tag in function 'add' [Warning/use-natspec]
/sb/0x004964afb7296f30f70bb1d507decfc9663210c5.sol:1047:5: Mismatch in @return count for function 'add'. Expected: 1, Found: 0 [Warning/use-natspec]
/sb/0x004964afb7296f30f70bb1d507decfc9663210c5.sol:1051:9: Provide an error message for require [Warning/reason-string]
/sb/0x004964afb7296f30f70bb1d507decfc9663210c5.sol:1051:9: GC: Use Custom Errors instead of require statements [Warning/gas-custom-errors]
/sb/0x004964afb7296f30f70bb1d507decfc9663210c5.sol:1051:18: GC: Non strict inequality found. Try converting to a strict one [Warning/gas-strict-inequalities]
/sb/0x004964afb7296f30f70bb1d507decfc9663210c5.sol:1051:28: GC: Non strict inequality found. Try converting to a strict one [Warning/gas-strict-inequalities]
/sb/0x004964afb7296f30f70bb1d507decfc9663210c5.sol:1065:5: Missing @notice tag in function 'abs' [Warning/use-natspec]
/sb/0x004964afb7296f30f70bb1d507decfc9663210c5.sol:1065:5: Missing @param tag in function 'abs' [Warning/use-natspec]
/sb/0x004964afb7296f30f70bb1d507decfc9663210c5.sol:1065:5: Mismatch in @param names for function 'abs'. Expected: [a], Found: [] [Warning/use-natspec]
/sb/0x004964afb7296f30f70bb1d507decfc9663210c5.sol:1065:5: Missing @return tag in function 'abs' [Warning/use-natspec]
/sb/0x004964afb7296f30f70bb1d507decfc9663210c5.sol:1065:5: Mismatch in @return count for function 'abs'. Expected: 1, Found: 0 [Warning/use-natspec]
/sb/0x004964afb7296f30f70bb1d507decfc9663210c5.sol:1067:9: Provide an error message for require [Warning/reason-string]
/sb/0x004964afb7296f30f70bb1d507decfc9663210c5.sol:1067:9: GC: Use Custom Errors instead of require statements [Warning/gas-custom-errors]
/sb/0x004964afb7296f30f70bb1d507decfc9663210c5.sol:1077:5: Missing @notice tag in function 'toUint256Safe' [Warning/use-natspec]
/sb/0x004964afb7296f30f70bb1d507decfc9663210c5.sol:1077:5: Missing @param tag in function 'toUint256Safe' [Warning/use-natspec]
/sb/0x004964afb7296f30f70bb1d507decfc9663210c5.sol:1077:5: Mismatch in @param names for function 'toUint256Safe'. Expected: [a], Found: [] [Warning/use-natspec]
/sb/0x004964afb7296f30f70bb1d507decfc9663210c5.sol:1077:5: Missing @return tag in function 'toUint256Safe' [Warning/use-natspec]
/sb/0x004964afb7296f30f70bb1d507decfc9663210c5.sol:1077:5: Mismatch in @return count for function 'toUint256Safe'. Expected: 1, Found: 0 [Warning/use-natspec]
/sb/0x004964afb7296f30f70bb1d507decfc9663210c5.sol:1079:9: Provide an error message for require [Warning/reason-string]
/sb/0x004964afb7296f30f70bb1d507decfc9663210c5.sol:1079:9: GC: Use Custom Errors instead of require statements [Warning/gas-custom-errors]
/sb/0x004964afb7296f30f70bb1d507decfc9663210c5.sol:1079:17: GC: Non strict inequality found. Try converting to a strict one [Warning/gas-strict-inequalities]
/sb/0x004964afb7296f30f70bb1d507decfc9663210c5.sol:1089:1: Missing @title tag in contract 'SafeMathUint' [Warning/use-natspec]
/sb/0x004964afb7296f30f70bb1d507decfc9663210c5.sol:1089:1: Missing @author tag in contract 'SafeMathUint' [Warning/use-natspec]
/sb/0x004964afb7296f30f70bb1d507decfc9663210c5.sol:1089:1: Missing @notice tag in contract 'SafeMathUint' [Warning/use-natspec]
/sb/0x004964afb7296f30f70bb1d507decfc9663210c5.sol:1091:3: Missing @notice tag in function 'toInt256Safe' [Warning/use-natspec]
/sb/0x004964afb7296f30f70bb1d507decfc9663210c5.sol:1091:3: Missing @param tag in function 'toInt256Safe' [Warning/use-natspec]
/sb/0x004964afb7296f30f70bb1d507decfc9663210c5.sol:1091:3: Mismatch in @param names for function 'toInt256Safe'. Expected: [a], Found: [] [Warning/use-natspec]
/sb/0x004964afb7296f30f70bb1d507decfc9663210c5.sol:1091:3: Missing @return tag in function 'toInt256Safe' [Warning/use-natspec]
/sb/0x004964afb7296f30f70bb1d507decfc9663210c5.sol:1091:3: Mismatch in @return count for function 'toInt256Safe'. Expected: 1, Found: 0 [Warning/use-natspec]
/sb/0x004964afb7296f30f70bb1d507decfc9663210c5.sol:1095:5: Provide an error message for require [Warning/reason-string]
/sb/0x004964afb7296f30f70bb1d507decfc9663210c5.sol:1095:5: GC: Use Custom Errors instead of require statements [Warning/gas-custom-errors]
/sb/0x004964afb7296f30f70bb1d507decfc9663210c5.sol:1095:13: GC: Non strict inequality found. Try converting to a strict one [Warning/gas-strict-inequalities]
/sb/0x004964afb7296f30f70bb1d507decfc9663210c5.sol:1107:1: Missing @title tag in contract 'IUniswapV2Router01' [Warning/use-natspec]
/sb/0x004964afb7296f30f70bb1d507decfc9663210c5.sol:1107:1: Missing @author tag in contract 'IUniswapV2Router01' [Warning/use-natspec]
/sb/0x004964afb7296f30f70bb1d507decfc9663210c5.sol:1107:1: Missing @notice tag in contract 'IUniswapV2Router01' [Warning/use-natspec]
/sb/0x004964afb7296f30f70bb1d507decfc9663210c5.sol:1109:5: Missing @notice tag in function 'factory' [Warning/use-natspec]
/sb/0x004964afb7296f30f70bb1d507decfc9663210c5.sol:1109:5: Missing @return tag in function 'factory' [Warning/use-natspec]
/sb/0x004964afb7296f30f70bb1d507decfc9663210c5.sol:1109:5: Mismatch in @return count for function 'factory'. Expected: 1, Found: 0 [Warning/use-natspec]
/sb/0x004964afb7296f30f70bb1d507decfc9663210c5.sol:1111:5: Missing @notice tag in function 'WETH' [Warning/use-natspec]
