A new version of Solhint is available: 6.0.1
Please consider updating your Solhint package.
/sb/0xf2e1f0f6d76b60963b46ee9ddb6797696a0b64ee.sol:1:1: Found more than One contract per file. 3 contracts found! [Warning/one-contract-per-file]
/sb/0xf2e1f0f6d76b60963b46ee9ddb6797696a0b64ee.sol:1:1: Compiler version ^0.4.16 does not satisfy the ^0.8.24 semver requirement [Error/compiler-version]
/sb/0xf2e1f0f6d76b60963b46ee9ddb6797696a0b64ee.sol:3:1: Missing @title tag in contract 'owned' [Warning/use-natspec]
/sb/0xf2e1f0f6d76b60963b46ee9ddb6797696a0b64ee.sol:3:1: Missing @author tag in contract 'owned' [Warning/use-natspec]
/sb/0xf2e1f0f6d76b60963b46ee9ddb6797696a0b64ee.sol:3:1: Missing @notice tag in contract 'owned' [Warning/use-natspec]
/sb/0xf2e1f0f6d76b60963b46ee9ddb6797696a0b64ee.sol:3:1: Contract, Structs and Enums should be in CapWords [Warning/contract-name-capwords]
/sb/0xf2e1f0f6d76b60963b46ee9ddb6797696a0b64ee.sol:4:5: Missing @notice tag in variable 'owner' [Warning/use-natspec]
/sb/0xf2e1f0f6d76b60963b46ee9ddb6797696a0b64ee.sol:6:5: Missing @notice tag in function 'owned' [Warning/use-natspec]
/sb/0xf2e1f0f6d76b60963b46ee9ddb6797696a0b64ee.sol:11:9: Provide an error message for require [Warning/reason-string]
/sb/0xf2e1f0f6d76b60963b46ee9ddb6797696a0b64ee.sol:15:5: Missing @notice tag in function 'transferOwnership' [Warning/use-natspec]
/sb/0xf2e1f0f6d76b60963b46ee9ddb6797696a0b64ee.sol:15:5: Missing @param tag in function 'transferOwnership' [Warning/use-natspec]
/sb/0xf2e1f0f6d76b60963b46ee9ddb6797696a0b64ee.sol:15:5: Mismatch in @param names for function 'transferOwnership'. Expected: [newOwner], Found: [] [Warning/use-natspec]
/sb/0xf2e1f0f6d76b60963b46ee9ddb6797696a0b64ee.sol:15:60: Visibility modifier must be first in list of modifiers [Warning/visibility-modifier-order]
/sb/0xf2e1f0f6d76b60963b46ee9ddb6797696a0b64ee.sol:20:1: Interface name 'tokenRecipient' must start with "I" [Warning/interface-starts-with-i]
/sb/0xf2e1f0f6d76b60963b46ee9ddb6797696a0b64ee.sol:20:1: Missing @title tag in contract 'tokenRecipient' [Warning/use-natspec]
/sb/0xf2e1f0f6d76b60963b46ee9ddb6797696a0b64ee.sol:20:1: Missing @author tag in contract 'tokenRecipient' [Warning/use-natspec]
/sb/0xf2e1f0f6d76b60963b46ee9ddb6797696a0b64ee.sol:20:1: Missing @notice tag in contract 'tokenRecipient' [Warning/use-natspec]
/sb/0xf2e1f0f6d76b60963b46ee9ddb6797696a0b64ee.sol:20:1: Contract, Structs and Enums should be in CapWords [Warning/contract-name-capwords]
/sb/0xf2e1f0f6d76b60963b46ee9ddb6797696a0b64ee.sol:20:28: Missing @notice tag in function 'receiveApproval' [Warning/use-natspec]
/sb/0xf2e1f0f6d76b60963b46ee9ddb6797696a0b64ee.sol:20:28: Missing @param tag in function 'receiveApproval' [Warning/use-natspec]
/sb/0xf2e1f0f6d76b60963b46ee9ddb6797696a0b64ee.sol:20:28: Mismatch in @param names for function 'receiveApproval'. Expected: [_from, _value, _token, _extraData], Found: [] [Warning/use-natspec]
/sb/0xf2e1f0f6d76b60963b46ee9ddb6797696a0b64ee.sol:22:1: Missing @title tag in contract 'TokenERC20' [Warning/use-natspec]
/sb/0xf2e1f0f6d76b60963b46ee9ddb6797696a0b64ee.sol:22:1: Missing @author tag in contract 'TokenERC20' [Warning/use-natspec]
/sb/0xf2e1f0f6d76b60963b46ee9ddb6797696a0b64ee.sol:22:1: Missing @notice tag in contract 'TokenERC20' [Warning/use-natspec]
/sb/0xf2e1f0f6d76b60963b46ee9ddb6797696a0b64ee.sol:24:5: Missing @notice tag in variable 'name' [Warning/use-natspec]
/sb/0xf2e1f0f6d76b60963b46ee9ddb6797696a0b64ee.sol:25:5: Missing @notice tag in variable 'symbol' [Warning/use-natspec]
/sb/0xf2e1f0f6d76b60963b46ee9ddb6797696a0b64ee.sol:26:5: Missing @notice tag in variable 'decimals' [Warning/use-natspec]
/sb/0xf2e1f0f6d76b60963b46ee9ddb6797696a0b64ee.sol:28:5: Missing @notice tag in variable 'totalSupply' [Warning/use-natspec]
/sb/0xf2e1f0f6d76b60963b46ee9ddb6797696a0b64ee.sol:31:5: Missing @notice tag in variable 'balanceOf' [Warning/use-natspec]
/sb/0xf2e1f0f6d76b60963b46ee9ddb6797696a0b64ee.sol:32:5: Missing @notice tag in variable 'allowance' [Warning/use-natspec]
/sb/0xf2e1f0f6d76b60963b46ee9ddb6797696a0b64ee.sol:35:5: Missing @notice tag in event 'Transfer' [Warning/use-natspec]
/sb/0xf2e1f0f6d76b60963b46ee9ddb6797696a0b64ee.sol:35:5: Missing @param tag in event 'Transfer' [Warning/use-natspec]
/sb/0xf2e1f0f6d76b60963b46ee9ddb6797696a0b64ee.sol:35:5: Mismatch in @param names for event 'Transfer'. Expected: [from, to, value], Found: [] [Warning/use-natspec]
/sb/0xf2e1f0f6d76b60963b46ee9ddb6797696a0b64ee.sol:35:5: GC: [value] on Event [Transfer] could be Indexed [Warning/gas-indexed-events]
/sb/0xf2e1f0f6d76b60963b46ee9ddb6797696a0b64ee.sol:38:5: Missing @notice tag in event 'Approval' [Warning/use-natspec]
/sb/0xf2e1f0f6d76b60963b46ee9ddb6797696a0b64ee.sol:38:5: Missing @param tag in event 'Approval' [Warning/use-natspec]
/sb/0xf2e1f0f6d76b60963b46ee9ddb6797696a0b64ee.sol:38:5: Mismatch in @param names for event 'Approval'. Expected: [_owner, _spender, _value], Found: [] [Warning/use-natspec]
/sb/0xf2e1f0f6d76b60963b46ee9ddb6797696a0b64ee.sol:38:5: GC: [_value] on Event [Approval] could be Indexed [Warning/gas-indexed-events]
/sb/0xf2e1f0f6d76b60963b46ee9ddb6797696a0b64ee.sol:41:5: Missing @notice tag in event 'Burn' [Warning/use-natspec]
/sb/0xf2e1f0f6d76b60963b46ee9ddb6797696a0b64ee.sol:41:5: Missing @param tag in event 'Burn' [Warning/use-natspec]
/sb/0xf2e1f0f6d76b60963b46ee9ddb6797696a0b64ee.sol:41:5: Mismatch in @param names for event 'Burn'. Expected: [from, value], Found: [] [Warning/use-natspec]
/sb/0xf2e1f0f6d76b60963b46ee9ddb6797696a0b64ee.sol:41:5: GC: [value] on Event [Burn] could be Indexed [Warning/gas-indexed-events]
/sb/0xf2e1f0f6d76b60963b46ee9ddb6797696a0b64ee.sol:48:5: Missing @notice tag in function 'TokenERC20' [Warning/use-natspec]
/sb/0xf2e1f0f6d76b60963b46ee9ddb6797696a0b64ee.sol:48:5: Missing @param tag in function 'TokenERC20' [Warning/use-natspec]
/sb/0xf2e1f0f6d76b60963b46ee9ddb6797696a0b64ee.sol:48:5: Mismatch in @param names for function 'TokenERC20'. Expected: [initialSupply, tokenName, tokenSymbol], Found: [] [Warning/use-natspec]
/sb/0xf2e1f0f6d76b60963b46ee9ddb6797696a0b64ee.sol:62:5: Missing @notice tag in function '_transfer' [Warning/use-natspec]
/sb/0xf2e1f0f6d76b60963b46ee9ddb6797696a0b64ee.sol:62:5: Missing @param tag in function '_transfer' [Warning/use-natspec]
/sb/0xf2e1f0f6d76b60963b46ee9ddb6797696a0b64ee.sol:62:5: Mismatch in @param names for function '_transfer'. Expected: [_from, _to, _value], Found: [] [Warning/use-natspec]
/sb/0xf2e1f0f6d76b60963b46ee9ddb6797696a0b64ee.sol:62:52: Rule is set with explicit type [var/s: uint] [Warning/explicit-types]
/sb/0xf2e1f0f6d76b60963b46ee9ddb6797696a0b64ee.sol:64:9: Provide an error message for require [Warning/reason-string]
/sb/0xf2e1f0f6d76b60963b46ee9ddb6797696a0b64ee.sol:66:9: Provide an error message for require [Warning/reason-string]
/sb/0xf2e1f0f6d76b60963b46ee9ddb6797696a0b64ee.sol:66:17: GC: Non strict inequality found. Try converting to a strict one [Warning/gas-strict-inequalities]
/sb/0xf2e1f0f6d76b60963b46ee9ddb6797696a0b64ee.sol:68:9: Provide an error message for require [Warning/reason-string]
/sb/0xf2e1f0f6d76b60963b46ee9ddb6797696a0b64ee.sol:70:9: Rule is set with explicit type [var/s: uint] [Warning/explicit-types]
/sb/0xf2e1f0f6d76b60963b46ee9ddb6797696a0b64ee.sol:88:5: Missing @notice tag in function 'transfer' [Warning/use-natspec]
/sb/0xf2e1f0f6d76b60963b46ee9ddb6797696a0b64ee.sol:88:5: Missing @return tag in function 'transfer' [Warning/use-natspec]
/sb/0xf2e1f0f6d76b60963b46ee9ddb6797696a0b64ee.sol:88:5: Mismatch in @return names for function 'transfer'. Expected: [success], Found: [] [Warning/use-natspec]
/sb/0xf2e1f0f6d76b60963b46ee9ddb6797696a0b64ee.sol:102:5: Missing @notice tag in function 'transferFrom' [Warning/use-natspec]
/sb/0xf2e1f0f6d76b60963b46ee9ddb6797696a0b64ee.sol:102:5: Missing @return tag in function 'transferFrom' [Warning/use-natspec]
/sb/0xf2e1f0f6d76b60963b46ee9ddb6797696a0b64ee.sol:102:5: Mismatch in @return names for function 'transferFrom'. Expected: [success], Found: [] [Warning/use-natspec]
/sb/0xf2e1f0f6d76b60963b46ee9ddb6797696a0b64ee.sol:103:9: Provide an error message for require [Warning/reason-string]
/sb/0xf2e1f0f6d76b60963b46ee9ddb6797696a0b64ee.sol:103:17: GC: Non strict inequality found. Try converting to a strict one [Warning/gas-strict-inequalities]
/sb/0xf2e1f0f6d76b60963b46ee9ddb6797696a0b64ee.sol:117:5: Missing @notice tag in function 'approve' [Warning/use-natspec]
/sb/0xf2e1f0f6d76b60963b46ee9ddb6797696a0b64ee.sol:117:5: Missing @return tag in function 'approve' [Warning/use-natspec]
/sb/0xf2e1f0f6d76b60963b46ee9ddb6797696a0b64ee.sol:117:5: Mismatch in @return names for function 'approve'. Expected: [success], Found: [] [Warning/use-natspec]
/sb/0xf2e1f0f6d76b60963b46ee9ddb6797696a0b64ee.sol:133:5: Missing @notice tag in function 'approveAndCall' [Warning/use-natspec]
/sb/0xf2e1f0f6d76b60963b46ee9ddb6797696a0b64ee.sol:133:5: Missing @return tag in function 'approveAndCall' [Warning/use-natspec]
/sb/0xf2e1f0f6d76b60963b46ee9ddb6797696a0b64ee.sol:133:5: Mismatch in @return names for function 'approveAndCall'. Expected: [success], Found: [] [Warning/use-natspec]
/sb/0xf2e1f0f6d76b60963b46ee9ddb6797696a0b64ee.sol:150:5: Missing @notice tag in function 'burn' [Warning/use-natspec]
/sb/0xf2e1f0f6d76b60963b46ee9ddb6797696a0b64ee.sol:150:5: Missing @return tag in function 'burn' [Warning/use-natspec]
/sb/0xf2e1f0f6d76b60963b46ee9ddb6797696a0b64ee.sol:150:5: Mismatch in @return names for function 'burn'. Expected: [success], Found: [] [Warning/use-natspec]
/sb/0xf2e1f0f6d76b60963b46ee9ddb6797696a0b64ee.sol:151:9: Provide an error message for require [Warning/reason-string]
/sb/0xf2e1f0f6d76b60963b46ee9ddb6797696a0b64ee.sol:151:17: GC: Non strict inequality found. Try converting to a strict one [Warning/gas-strict-inequalities]
/sb/0xf2e1f0f6d76b60963b46ee9ddb6797696a0b64ee.sol:166:5: Missing @notice tag in function 'burnFrom' [Warning/use-natspec]
/sb/0xf2e1f0f6d76b60963b46ee9ddb6797696a0b64ee.sol:166:5: Missing @return tag in function 'burnFrom' [Warning/use-natspec]
/sb/0xf2e1f0f6d76b60963b46ee9ddb6797696a0b64ee.sol:166:5: Mismatch in @return names for function 'burnFrom'. Expected: [success], Found: [] [Warning/use-natspec]
/sb/0xf2e1f0f6d76b60963b46ee9ddb6797696a0b64ee.sol:167:9: Provide an error message for require [Warning/reason-string]
/sb/0xf2e1f0f6d76b60963b46ee9ddb6797696a0b64ee.sol:167:17: GC: Non strict inequality found. Try converting to a strict one [Warning/gas-strict-inequalities]
/sb/0xf2e1f0f6d76b60963b46ee9ddb6797696a0b64ee.sol:168:9: Provide an error message for require [Warning/reason-string]
/sb/0xf2e1f0f6d76b60963b46ee9ddb6797696a0b64ee.sol:168:17: GC: Non strict inequality found. Try converting to a strict one [Warning/gas-strict-inequalities]
/sb/0xf2e1f0f6d76b60963b46ee9ddb6797696a0b64ee.sol:181:1: Missing @title tag in contract 'MyAdvancedToken' [Warning/use-natspec]
/sb/0xf2e1f0f6d76b60963b46ee9ddb6797696a0b64ee.sol:181:1: Missing @author tag in contract 'MyAdvancedToken' [Warning/use-natspec]
/sb/0xf2e1f0f6d76b60963b46ee9ddb6797696a0b64ee.sol:181:1: Missing @notice tag in contract 'MyAdvancedToken' [Warning/use-natspec]
/sb/0xf2e1f0f6d76b60963b46ee9ddb6797696a0b64ee.sol:183:5: Missing @notice tag in variable 'sellPrice' [Warning/use-natspec]
/sb/0xf2e1f0f6d76b60963b46ee9ddb6797696a0b64ee.sol:184:5: Missing @notice tag in variable 'buyPrice' [Warning/use-natspec]
/sb/0xf2e1f0f6d76b60963b46ee9ddb6797696a0b64ee.sol:186:5: Missing @notice tag in variable 'frozenAccount' [Warning/use-natspec]
/sb/0xf2e1f0f6d76b60963b46ee9ddb6797696a0b64ee.sol:189:5: Missing @notice tag in event 'FrozenFunds' [Warning/use-natspec]
/sb/0xf2e1f0f6d76b60963b46ee9ddb6797696a0b64ee.sol:189:5: Missing @param tag in event 'FrozenFunds' [Warning/use-natspec]
/sb/0xf2e1f0f6d76b60963b46ee9ddb6797696a0b64ee.sol:189:5: Mismatch in @param names for event 'FrozenFunds'. Expected: [target, frozen], Found: [] [Warning/use-natspec]
/sb/0xf2e1f0f6d76b60963b46ee9ddb6797696a0b64ee.sol:189:5: GC: [target] on Event [FrozenFunds] could be Indexed [Warning/gas-indexed-events]
/sb/0xf2e1f0f6d76b60963b46ee9ddb6797696a0b64ee.sol:189:5: GC: [frozen] on Event [FrozenFunds] could be Indexed [Warning/gas-indexed-events]
/sb/0xf2e1f0f6d76b60963b46ee9ddb6797696a0b64ee.sol:192:5: Missing @notice tag in function 'MyAdvancedToken' [Warning/use-natspec]
/sb/0xf2e1f0f6d76b60963b46ee9ddb6797696a0b64ee.sol:192:5: Missing @param tag in function 'MyAdvancedToken' [Warning/use-natspec]
/sb/0xf2e1f0f6d76b60963b46ee9ddb6797696a0b64ee.sol:192:5: Mismatch in @param names for function 'MyAdvancedToken'. Expected: [initialSupply, tokenName, tokenSymbol], Found: [] [Warning/use-natspec]
/sb/0xf2e1f0f6d76b60963b46ee9ddb6797696a0b64ee.sol:196:57: Visibility modifier must be first in list of modifiers [Warning/visibility-modifier-order]
/sb/0xf2e1f0f6d76b60963b46ee9ddb6797696a0b64ee.sol:199:5: Missing @notice tag in function '_transfer' [Warning/use-natspec]
/sb/0xf2e1f0f6d76b60963b46ee9ddb6797696a0b64ee.sol:199:5: Missing @param tag in function '_transfer' [Warning/use-natspec]
/sb/0xf2e1f0f6d76b60963b46ee9ddb6797696a0b64ee.sol:199:5: Mismatch in @param names for function '_transfer'. Expected: [_from, _to, _value], Found: [] [Warning/use-natspec]
/sb/0xf2e1f0f6d76b60963b46ee9ddb6797696a0b64ee.sol:199:52: Rule is set with explicit type [var/s: uint] [Warning/explicit-types]
/sb/0xf2e1f0f6d76b60963b46ee9ddb6797696a0b64ee.sol:200:9: Provide an error message for require [Warning/reason-string]
/sb/0xf2e1f0f6d76b60963b46ee9ddb6797696a0b64ee.sol:201:9: Provide an error message for require [Warning/reason-string]
/sb/0xf2e1f0f6d76b60963b46ee9ddb6797696a0b64ee.sol:201:18: GC: Non strict inequality found. Try converting to a strict one [Warning/gas-strict-inequalities]
/sb/0xf2e1f0f6d76b60963b46ee9ddb6797696a0b64ee.sol:202:9: Provide an error message for require [Warning/reason-string]
/sb/0xf2e1f0f6d76b60963b46ee9ddb6797696a0b64ee.sol:202:18: GC: Non strict inequality found. Try converting to a strict one [Warning/gas-strict-inequalities]
/sb/0xf2e1f0f6d76b60963b46ee9ddb6797696a0b64ee.sol:203:9: Provide an error message for require [Warning/reason-string]
/sb/0xf2e1f0f6d76b60963b46ee9ddb6797696a0b64ee.sol:204:9: Provide an error message for require [Warning/reason-string]
/sb/0xf2e1f0f6d76b60963b46ee9ddb6797696a0b64ee.sol:213:72: Visibility modifier must be first in list of modifiers [Warning/visibility-modifier-order]
/sb/0xf2e1f0f6d76b60963b46ee9ddb6797696a0b64ee.sol:214:9: Provide an error message for require [Warning/reason-string]
/sb/0xf2e1f0f6d76b60963b46ee9ddb6797696a0b64ee.sol:214:18: GC: Non strict inequality found. Try converting to a strict one [Warning/gas-strict-inequalities]
/sb/0xf2e1f0f6d76b60963b46ee9ddb6797696a0b64ee.sol:217:9: Provide an error message for require [Warning/reason-string]
/sb/0xf2e1f0f6d76b60963b46ee9ddb6797696a0b64ee.sol:217:18: GC: Non strict inequality found. Try converting to a strict one [Warning/gas-strict-inequalities]
/sb/0xf2e1f0f6d76b60963b46ee9ddb6797696a0b64ee.sol:225:67: Visibility modifier must be first in list of modifiers [Warning/visibility-modifier-order]
/sb/0xf2e1f0f6d76b60963b46ee9ddb6797696a0b64ee.sol:233:77: Visibility modifier must be first in list of modifiers [Warning/visibility-modifier-order]
/sb/0xf2e1f0f6d76b60963b46ee9ddb6797696a0b64ee.sol:239:28: Visibility modifier must be first in list of modifiers [Warning/visibility-modifier-order]
/sb/0xf2e1f0f6d76b60963b46ee9ddb6797696a0b64ee.sol:240:9: Rule is set with explicit type [var/s: uint] [Warning/explicit-types]
/sb/0xf2e1f0f6d76b60963b46ee9ddb6797696a0b64ee.sol:248:9: Provide an error message for require [Warning/reason-string]
/sb/0xf2e1f0f6d76b60963b46ee9ddb6797696a0b64ee.sol:248:17: GC: Non strict inequality found. Try converting to a strict one [Warning/gas-strict-inequalities]

117 problem/s (1 error/s, 116 warning/s)
