A new version of Solhint is available: 6.0.1
Please consider updating your Solhint package.
/sb/0xba7c312b0c49a307b2f33889482c64eb4d9f8d9a.sol:1:1: Compiler version ^0.4.25 does not satisfy the ^0.8.24 semver requirement [Error/compiler-version]
/sb/0xba7c312b0c49a307b2f33889482c64eb4d9f8d9a.sol:3:1: Missing @title tag in contract 'the_game' [Warning/use-natspec]
/sb/0xba7c312b0c49a307b2f33889482c64eb4d9f8d9a.sol:3:1: Missing @author tag in contract 'the_game' [Warning/use-natspec]
/sb/0xba7c312b0c49a307b2f33889482c64eb4d9f8d9a.sol:3:1: Missing @notice tag in contract 'the_game' [Warning/use-natspec]
/sb/0xba7c312b0c49a307b2f33889482c64eb4d9f8d9a.sol:3:1: Contract, Structs and Enums should be in CapWords [Warning/contract-name-capwords]
/sb/0xba7c312b0c49a307b2f33889482c64eb4d9f8d9a.sol:6:5: Missing @notice tag in function 'Try' [Warning/use-natspec]
/sb/0xba7c312b0c49a307b2f33889482c64eb4d9f8d9a.sol:6:5: Missing @param tag in function 'Try' [Warning/use-natspec]
/sb/0xba7c312b0c49a307b2f33889482c64eb4d9f8d9a.sol:6:5: Mismatch in @param names for function 'Try'. Expected: [_response], Found: [] [Warning/use-natspec]
/sb/0xba7c312b0c49a307b2f33889482c64eb4d9f8d9a.sol:6:5: Function name must be in mixedCase [Warning/func-name-mixedcase]
/sb/0xba7c312b0c49a307b2f33889482c64eb4d9f8d9a.sol:7:9: Provide an error message for require [Warning/reason-string]
/sb/0xba7c312b0c49a307b2f33889482c64eb4d9f8d9a.sol:7:31: Avoid to use tx.origin [Warning/avoid-tx-origin]
/sb/0xba7c312b0c49a307b2f33889482c64eb4d9f8d9a.sol:15:5: Missing @notice tag in variable 'question' [Warning/use-natspec]
/sb/0xba7c312b0c49a307b2f33889482c64eb4d9f8d9a.sol:17:5: Explicitly mark visibility of state [Warning/state-visibility]
/sb/0xba7c312b0c49a307b2f33889482c64eb4d9f8d9a.sol:19:5: Explicitly mark visibility of state [Warning/state-visibility]
/sb/0xba7c312b0c49a307b2f33889482c64eb4d9f8d9a.sol:21:5: Explicitly mark visibility of state [Warning/state-visibility]
/sb/0xba7c312b0c49a307b2f33889482c64eb4d9f8d9a.sol:23:5: Missing @notice tag in function 'Activate' [Warning/use-natspec]
/sb/0xba7c312b0c49a307b2f33889482c64eb4d9f8d9a.sol:23:5: Missing @param tag in function 'Activate' [Warning/use-natspec]
/sb/0xba7c312b0c49a307b2f33889482c64eb4d9f8d9a.sol:23:5: Mismatch in @param names for function 'Activate'. Expected: [_questionerPin, _question, _response], Found: [] [Warning/use-natspec]
/sb/0xba7c312b0c49a307b2f33889482c64eb4d9f8d9a.sol:23:5: Function name must be in mixedCase [Warning/func-name-mixedcase]
/sb/0xba7c312b0c49a307b2f33889482c64eb4d9f8d9a.sol:33:5: Missing @notice tag in function 'StopGame' [Warning/use-natspec]
/sb/0xba7c312b0c49a307b2f33889482c64eb4d9f8d9a.sol:33:5: Function name must be in mixedCase [Warning/func-name-mixedcase]
/sb/0xba7c312b0c49a307b2f33889482c64eb4d9f8d9a.sol:34:9: Provide an error message for require [Warning/reason-string]
/sb/0xba7c312b0c49a307b2f33889482c64eb4d9f8d9a.sol:38:5: Missing @notice tag in function 'NewQuestion' [Warning/use-natspec]
/sb/0xba7c312b0c49a307b2f33889482c64eb4d9f8d9a.sol:38:5: Missing @param tag in function 'NewQuestion' [Warning/use-natspec]
/sb/0xba7c312b0c49a307b2f33889482c64eb4d9f8d9a.sol:38:5: Mismatch in @param names for function 'NewQuestion'. Expected: [_question, _responseHash], Found: [] [Warning/use-natspec]
/sb/0xba7c312b0c49a307b2f33889482c64eb4d9f8d9a.sol:38:5: Function name must be in mixedCase [Warning/func-name-mixedcase]
/sb/0xba7c312b0c49a307b2f33889482c64eb4d9f8d9a.sol:45:5: Missing @notice tag in function 'newQuestioner' [Warning/use-natspec]
/sb/0xba7c312b0c49a307b2f33889482c64eb4d9f8d9a.sol:45:5: Missing @param tag in function 'newQuestioner' [Warning/use-natspec]
/sb/0xba7c312b0c49a307b2f33889482c64eb4d9f8d9a.sol:45:5: Mismatch in @param names for function 'newQuestioner'. Expected: [newAddress], Found: [] [Warning/use-natspec]
/sb/0xba7c312b0c49a307b2f33889482c64eb4d9f8d9a.sol:49:5: Missing @notice tag in function '<anonymous>' [Warning/use-natspec]

30 problem/s (1 error/s, 29 warning/s)
