ANTLR runtime and generated code versions disagree: 4.9.2!=4.7.2
ANTLR runtime and generated code versions disagree: 4.9.2!=4.7.2
Analysing /sb/0x75aa81161e07483f6ca199fef46c13eb13d190be.sol:Matthew...
Vulnerability: Integer Overflow. Maybe in function: getBlocksTillMatthew(). PC: 0x638. Line number: 78.
If a = 115792089237316195423570985008687907853269984665640564039420690519765710536704
and b = 115792089237316195423570985008687907853269984665640564039457584007913129639935
Vulnerability: Unchecked Low Level Call. Maybe in function: _fallthrough. PC: 0x13e. Line number: 40.
Vulnerability: Integer Overflow. Maybe in function: _fallthrough. PC: 0xcf. Line number: 38.
If a = 14474011154664524427946373126085988481658748083205070504932198000989144350719
and b = 10
Vulnerability: Integer Overflow. Maybe in function: _fallthrough. PC: 0x282. Line number: 47.
If a = 115792089237316195423570985008687907853269984665640564039457484007913129639936
and b = 100000000000000000
Vulnerability: Integer Overflow. Maybe in function: getBlocksTillMatthew(). PC: 0x646. Line number: 79.
If a = 115792089237303031387112415360350668099809525861600702152532515369006340767744
and b = 115792089237316195423570985008687907853269984665640564039457584007913129639935
Vulnerability: Transaction Ordering Dependence. Maybe in function: _fallthrough. PC: 0x2c0. Line number: 48.
Vulnerability: Reentrancy. Maybe in function: _fallthrough. PC: 0x2c0. Line number: 48.
Vulnerability: Transaction Ordering Dependence. Maybe in function: _fallthrough. PC: 0x13e. Line number: 40.
Vulnerability: Reentrancy. Maybe in function: _fallthrough. PC: 0x13e. Line number: 40.
Vulnerability: Integer Underflow. Maybe in function: _fallthrough. PC: 0xbc. Line number: 36.
If a = 1311667410568543565161921768917189206882980285313860365472882059783723548672
and b = 28948022309329048855892746252171976963317496166410141009864396001978282409984
Vulnerability: Unchecked Low Level Call. Maybe in function: _fallthrough. PC: 0x2c0. Line number: 48.
