'solc --version' running
'solc /sb/0xf603b0226b2901464e6833d1424340547ac0bce3.sol --combined-json abi,ast,bin,bin-runtime,srcmap,srcmap-runtime,userdoc,devdoc,hashes,compact-format --allow-paths .,/sb' running
Compilation warnings/errors on /sb/0xf603b0226b2901464e6833d1424340547ac0bce3.sol:
/sb/0xf603b0226b2901464e6833d1424340547ac0bce3.sol:110:5: Warning: Defining constructors as functions with the same name as the contract is deprecated. Use "constructor(...) { ... }" instead.
    function MultiSigWallet(address[] _owners, uint _required)
    ^ (Relevant source part starts here and spans across multiple lines).
/sb/0xf603b0226b2901464e6833d1424340547ac0bce3.sol:425:5: Warning: Defining constructors as functions with the same name as the contract is deprecated. Use "constructor(...) { ... }" instead.
    function MultiSigWalletWithDailyLimit(address[] _owners, uint _required, uint _dailyLimit)
    ^ (Relevant source part starts here and spans across multiple lines).
/sb/0xf603b0226b2901464e6833d1424340547ac0bce3.sol:101:13: Warning: Invoking events without "emit" prefix is deprecated.
            Deposit(msg.sender, msg.value);
            ^----------------------------^
/sb/0xf603b0226b2901464e6833d1424340547ac0bce3.sol:133:9: Warning: Invoking events without "emit" prefix is deprecated.
        OwnerAddition(owner);
        ^------------------^
/sb/0xf603b0226b2901464e6833d1424340547ac0bce3.sol:152:9: Warning: Invoking events without "emit" prefix is deprecated.
        OwnerRemoval(owner);
        ^-----------------^
/sb/0xf603b0226b2901464e6833d1424340547ac0bce3.sol:171:9: Warning: Invoking events without "emit" prefix is deprecated.
        OwnerRemoval(owner);
        ^-----------------^
/sb/0xf603b0226b2901464e6833d1424340547ac0bce3.sol:172:9: Warning: Invoking events without "emit" prefix is deprecated.
        OwnerAddition(newOwner);
        ^---------------------^
/sb/0xf603b0226b2901464e6833d1424340547ac0bce3.sol:183:9: Warning: Invoking events without "emit" prefix is deprecated.
        RequirementChange(_required);
        ^--------------------------^
/sb/0xf603b0226b2901464e6833d1424340547ac0bce3.sol:208:9: Warning: Invoking events without "emit" prefix is deprecated.
        Confirmation(msg.sender, transactionId);
        ^-------------------------------------^
/sb/0xf603b0226b2901464e6833d1424340547ac0bce3.sol:221:9: Warning: Invoking events without "emit" prefix is deprecated.
        Revocation(msg.sender, transactionId);
        ^-----------------------------------^
/sb/0xf603b0226b2901464e6833d1424340547ac0bce3.sol:236:17: Warning: Invoking events without "emit" prefix is deprecated.
                Execution(transactionId);
                ^----------------------^
/sb/0xf603b0226b2901464e6833d1424340547ac0bce3.sol:238:17: Warning: Invoking events without "emit" prefix is deprecated.
                ExecutionFailure(transactionId);
                ^-----------------------------^
/sb/0xf603b0226b2901464e6833d1424340547ac0bce3.sol:304:9: Warning: Invoking events without "emit" prefix is deprecated.
        Submission(transactionId);
        ^-----------------------^
/sb/0xf603b0226b2901464e6833d1424340547ac0bce3.sol:439:9: Warning: Invoking events without "emit" prefix is deprecated.
        DailyLimitChange(_dailyLimit);
        ^---------------------------^
/sb/0xf603b0226b2901464e6833d1424340547ac0bce3.sol:457:17: Warning: Invoking events without "emit" prefix is deprecated.
                Execution(transactionId);
                ^----------------------^
/sb/0xf603b0226b2901464e6833d1424340547ac0bce3.sol:459:17: Warning: Invoking events without "emit" prefix is deprecated.
                ExecutionFailure(transactionId);
                ^-----------------------------^
/sb/0xf603b0226b2901464e6833d1424340547ac0bce3.sol:97:5: Warning: No visibility specified. Defaulting to "public". 
    function()
    ^ (Relevant source part starts here and spans across multiple lines).


Reentrancy in MultiSigWalletWithDailyLimit.executeTransaction(uint256) (../sb/0xf603b0226b2901464e6833d1424340547ac0bce3.sol#444-465):
	External calls:
	- txn.destination.call.value(txn.value)(txn.data) (../sb/0xf603b0226b2901464e6833d1424340547ac0bce3.sol#456)
	Event emitted after the call(s):
	- Execution(transactionId) (../sb/0xf603b0226b2901464e6833d1424340547ac0bce3.sol#457)
Reference: https://github.com/crytic/slither/wiki/Detector-Documentation#reentrancy-vulnerabilities-3

MultiSigWalletWithDailyLimit.isUnderLimit(uint256) (../sb/0xf603b0226b2901464e6833d1424340547ac0bce3.sol#473-484) uses timestamp for comparisons
	Dangerous comparisons:
	- now > lastDay + 86400 (../sb/0xf603b0226b2901464e6833d1424340547ac0bce3.sol#477)
MultiSigWalletWithDailyLimit.calcMaxWithdraw() (../sb/0xf603b0226b2901464e6833d1424340547ac0bce3.sol#491-501) uses timestamp for comparisons
	Dangerous comparisons:
	- now > lastDay + 86400 (../sb/0xf603b0226b2901464e6833d1424340547ac0bce3.sol#496)
Reference: https://github.com/crytic/slither/wiki/Detector-Documentation#block-timestamp

MultiSigWallet.external_call(address,uint256,uint256,bytes) (../sb/0xf603b0226b2901464e6833d1424340547ac0bce3.sol#246-264) uses assembly
	- INLINE ASM (../sb/0xf603b0226b2901464e6833d1424340547ac0bce3.sol#248-263)
Reference: https://github.com/crytic/slither/wiki/Detector-Documentation#assembly-usage

MultiSigWallet.external_call(address,uint256,uint256,bytes) (../sb/0xf603b0226b2901464e6833d1424340547ac0bce3.sol#246-264) is never used and should be removed
Reference: https://github.com/crytic/slither/wiki/Detector-Documentation#dead-code

Version constraint ^0.4.15 contains known severe issues (https://solidity.readthedocs.io/en/latest/bugs.html)
	- DirtyBytesArrayToStorage
	- KeccakCaching
	- EmptyByteArrayCopy
	- DynamicArrayCleanup
	- ImplicitConstructorCallvalueCheck
	- TupleAssignmentMultiStackSlotComponents
	- MemoryArrayCreationOverflow
	- privateCanBeOverridden
	- SignedArrayStorageCopy
	- UninitializedFunctionPointerInConstructor_0.4.x
	- IncorrectEventSignatureInLibraries_0.4.x
	- ExpExponentCleanup
	- NestedArrayFunctionCallDecoder
	- ZeroFunctionSelector.
It is used by:
	- ^0.4.15 (../sb/0xf603b0226b2901464e6833d1424340547ac0bce3.sol#3)
	- ^0.4.15 (../sb/0xf603b0226b2901464e6833d1424340547ac0bce3.sol#398)
solc-0.4.26 is an outdated solc version. Use a more recent version (at least 0.8.0), if possible.
Reference: https://github.com/crytic/slither/wiki/Detector-Documentation#incorrect-versions-of-solidity

Low level call in MultiSigWalletWithDailyLimit.executeTransaction(uint256) (../sb/0xf603b0226b2901464e6833d1424340547ac0bce3.sol#444-465):
	- txn.destination.call.value(txn.value)(txn.data) (../sb/0xf603b0226b2901464e6833d1424340547ac0bce3.sol#456)
Reference: https://github.com/crytic/slither/wiki/Detector-Documentation#low-level-calls

Parameter MultiSigWallet.changeRequirement(uint256)._required (../sb/0xf603b0226b2901464e6833d1424340547ac0bce3.sol#177) is not in mixedCase
Function MultiSigWallet.external_call(address,uint256,uint256,bytes) (../sb/0xf603b0226b2901464e6833d1424340547ac0bce3.sol#246-264) is not in mixedCase
Parameter MultiSigWalletWithDailyLimit.changeDailyLimit(uint256)._dailyLimit (../sb/0xf603b0226b2901464e6833d1424340547ac0bce3.sol#434) is not in mixedCase
Reference: https://github.com/crytic/slither/wiki/Detector-Documentation#conformance-to-solidity-naming-conventions

Loop condition i < owners.length (../sb/0xf603b0226b2901464e6833d1424340547ac0bce3.sol#318) should use cached array length instead of referencing `length` member of the storage array.
 Loop condition i < owners.length (../sb/0xf603b0226b2901464e6833d1424340547ac0bce3.sol#359) should use cached array length instead of referencing `length` member of the storage array.
 Loop condition i < owners.length (../sb/0xf603b0226b2901464e6833d1424340547ac0bce3.sol#164) should use cached array length instead of referencing `length` member of the storage array.
 Loop condition i < owners.length (../sb/0xf603b0226b2901464e6833d1424340547ac0bce3.sol#275) should use cached array length instead of referencing `length` member of the storage array.
 Reference: https://github.com/crytic/slither/wiki/Detector-Documentation#cache-array-length

submitTransaction(address,uint256,bytes) should be declared external:
	- MultiSigWallet.submitTransaction(address,uint256,bytes) (../sb/0xf603b0226b2901464e6833d1424340547ac0bce3.sol#191-197)
Reference: https://github.com/crytic/slither/wiki/Detector-Documentation#public-function-that-could-be-declared-external
/sb/0xf603b0226b2901464e6833d1424340547ac0bce3.sol analyzed (2 contracts with 100 detectors), 16 result(s) found
