A new version of Solhint is available: 6.0.1
Please consider updating your Solhint package.
/sb/0x0077bcb9899312e8d9c04e531e245f748f05db0d.sol:61:1: Found more than One contract per file. 4 contracts found! [Warning/one-contract-per-file]
/sb/0x0077bcb9899312e8d9c04e531e245f748f05db0d.sol:61:1: Compiler version ^0.8.13 does not satisfy the ^0.8.24 semver requirement [Error/compiler-version]
/sb/0x0077bcb9899312e8d9c04e531e245f748f05db0d.sol:69:1: Missing @title tag in contract 'IERC20' [Warning/use-natspec]
/sb/0x0077bcb9899312e8d9c04e531e245f748f05db0d.sol:69:1: Missing @author tag in contract 'IERC20' [Warning/use-natspec]
/sb/0x0077bcb9899312e8d9c04e531e245f748f05db0d.sol:69:1: Missing @notice tag in contract 'IERC20' [Warning/use-natspec]
/sb/0x0077bcb9899312e8d9c04e531e245f748f05db0d.sol:71:3: Missing @notice tag in function 'totalSupply' [Warning/use-natspec]
/sb/0x0077bcb9899312e8d9c04e531e245f748f05db0d.sol:71:3: Missing @return tag in function 'totalSupply' [Warning/use-natspec]
/sb/0x0077bcb9899312e8d9c04e531e245f748f05db0d.sol:71:3: Mismatch in @return count for function 'totalSupply'. Expected: 1, Found: 0 [Warning/use-natspec]
/sb/0x0077bcb9899312e8d9c04e531e245f748f05db0d.sol:73:3: Missing @notice tag in function 'decimals' [Warning/use-natspec]
/sb/0x0077bcb9899312e8d9c04e531e245f748f05db0d.sol:73:3: Missing @return tag in function 'decimals' [Warning/use-natspec]
/sb/0x0077bcb9899312e8d9c04e531e245f748f05db0d.sol:73:3: Mismatch in @return count for function 'decimals'. Expected: 1, Found: 0 [Warning/use-natspec]
/sb/0x0077bcb9899312e8d9c04e531e245f748f05db0d.sol:75:3: Missing @notice tag in function 'symbol' [Warning/use-natspec]
/sb/0x0077bcb9899312e8d9c04e531e245f748f05db0d.sol:75:3: Missing @return tag in function 'symbol' [Warning/use-natspec]
/sb/0x0077bcb9899312e8d9c04e531e245f748f05db0d.sol:75:3: Mismatch in @return count for function 'symbol'. Expected: 1, Found: 0 [Warning/use-natspec]
/sb/0x0077bcb9899312e8d9c04e531e245f748f05db0d.sol:77:3: Missing @notice tag in function 'name' [Warning/use-natspec]
/sb/0x0077bcb9899312e8d9c04e531e245f748f05db0d.sol:77:3: Missing @return tag in function 'name' [Warning/use-natspec]
/sb/0x0077bcb9899312e8d9c04e531e245f748f05db0d.sol:77:3: Mismatch in @return count for function 'name'. Expected: 1, Found: 0 [Warning/use-natspec]
/sb/0x0077bcb9899312e8d9c04e531e245f748f05db0d.sol:79:3: Missing @notice tag in function 'getOwner' [Warning/use-natspec]
/sb/0x0077bcb9899312e8d9c04e531e245f748f05db0d.sol:79:3: Missing @return tag in function 'getOwner' [Warning/use-natspec]
/sb/0x0077bcb9899312e8d9c04e531e245f748f05db0d.sol:79:3: Mismatch in @return count for function 'getOwner'. Expected: 1, Found: 0 [Warning/use-natspec]
/sb/0x0077bcb9899312e8d9c04e531e245f748f05db0d.sol:81:3: Missing @notice tag in function 'balanceOf' [Warning/use-natspec]
/sb/0x0077bcb9899312e8d9c04e531e245f748f05db0d.sol:81:3: Missing @param tag in function 'balanceOf' [Warning/use-natspec]
/sb/0x0077bcb9899312e8d9c04e531e245f748f05db0d.sol:81:3: Mismatch in @param names for function 'balanceOf'. Expected: [account], Found: [] [Warning/use-natspec]
/sb/0x0077bcb9899312e8d9c04e531e245f748f05db0d.sol:81:3: Missing @return tag in function 'balanceOf' [Warning/use-natspec]
/sb/0x0077bcb9899312e8d9c04e531e245f748f05db0d.sol:81:3: Mismatch in @return count for function 'balanceOf'. Expected: 1, Found: 0 [Warning/use-natspec]
/sb/0x0077bcb9899312e8d9c04e531e245f748f05db0d.sol:83:3: Missing @notice tag in function 'transfer' [Warning/use-natspec]
/sb/0x0077bcb9899312e8d9c04e531e245f748f05db0d.sol:83:3: Missing @param tag in function 'transfer' [Warning/use-natspec]
/sb/0x0077bcb9899312e8d9c04e531e245f748f05db0d.sol:83:3: Mismatch in @param names for function 'transfer'. Expected: [recipient, amount], Found: [] [Warning/use-natspec]
/sb/0x0077bcb9899312e8d9c04e531e245f748f05db0d.sol:83:3: Missing @return tag in function 'transfer' [Warning/use-natspec]
/sb/0x0077bcb9899312e8d9c04e531e245f748f05db0d.sol:83:3: Mismatch in @return count for function 'transfer'. Expected: 1, Found: 0 [Warning/use-natspec]
/sb/0x0077bcb9899312e8d9c04e531e245f748f05db0d.sol:85:3: Missing @notice tag in function 'allowance' [Warning/use-natspec]
/sb/0x0077bcb9899312e8d9c04e531e245f748f05db0d.sol:85:3: Missing @param tag in function 'allowance' [Warning/use-natspec]
/sb/0x0077bcb9899312e8d9c04e531e245f748f05db0d.sol:85:3: Mismatch in @param names for function 'allowance'. Expected: [_owner, spender], Found: [] [Warning/use-natspec]
/sb/0x0077bcb9899312e8d9c04e531e245f748f05db0d.sol:85:3: Missing @return tag in function 'allowance' [Warning/use-natspec]
/sb/0x0077bcb9899312e8d9c04e531e245f748f05db0d.sol:85:3: Mismatch in @return count for function 'allowance'. Expected: 1, Found: 0 [Warning/use-natspec]
/sb/0x0077bcb9899312e8d9c04e531e245f748f05db0d.sol:87:3: Missing @notice tag in function 'approve' [Warning/use-natspec]
/sb/0x0077bcb9899312e8d9c04e531e245f748f05db0d.sol:87:3: Missing @param tag in function 'approve' [Warning/use-natspec]
/sb/0x0077bcb9899312e8d9c04e531e245f748f05db0d.sol:87:3: Mismatch in @param names for function 'approve'. Expected: [spender, amount], Found: [] [Warning/use-natspec]
/sb/0x0077bcb9899312e8d9c04e531e245f748f05db0d.sol:87:3: Missing @return tag in function 'approve' [Warning/use-natspec]
/sb/0x0077bcb9899312e8d9c04e531e245f748f05db0d.sol:87:3: Mismatch in @return count for function 'approve'. Expected: 1, Found: 0 [Warning/use-natspec]
/sb/0x0077bcb9899312e8d9c04e531e245f748f05db0d.sol:89:3: Missing @notice tag in function 'transferFrom' [Warning/use-natspec]
/sb/0x0077bcb9899312e8d9c04e531e245f748f05db0d.sol:89:3: Missing @param tag in function 'transferFrom' [Warning/use-natspec]
/sb/0x0077bcb9899312e8d9c04e531e245f748f05db0d.sol:89:3: Mismatch in @param names for function 'transferFrom'. Expected: [sender, recipient, amount], Found: [] [Warning/use-natspec]
/sb/0x0077bcb9899312e8d9c04e531e245f748f05db0d.sol:89:3: Missing @return tag in function 'transferFrom' [Warning/use-natspec]
/sb/0x0077bcb9899312e8d9c04e531e245f748f05db0d.sol:89:3: Mismatch in @return count for function 'transferFrom'. Expected: 1, Found: 0 [Warning/use-natspec]
/sb/0x0077bcb9899312e8d9c04e531e245f748f05db0d.sol:91:3: Missing @notice tag in event 'Transfer' [Warning/use-natspec]
/sb/0x0077bcb9899312e8d9c04e531e245f748f05db0d.sol:91:3: Missing @param tag in event 'Transfer' [Warning/use-natspec]
/sb/0x0077bcb9899312e8d9c04e531e245f748f05db0d.sol:91:3: Mismatch in @param names for event 'Transfer'. Expected: [from, to, value], Found: [] [Warning/use-natspec]
/sb/0x0077bcb9899312e8d9c04e531e245f748f05db0d.sol:91:3: GC: [value] on Event [Transfer] could be Indexed [Warning/gas-indexed-events]
/sb/0x0077bcb9899312e8d9c04e531e245f748f05db0d.sol:93:3: Missing @notice tag in event 'Approval' [Warning/use-natspec]
/sb/0x0077bcb9899312e8d9c04e531e245f748f05db0d.sol:93:3: Missing @param tag in event 'Approval' [Warning/use-natspec]
/sb/0x0077bcb9899312e8d9c04e531e245f748f05db0d.sol:93:3: Mismatch in @param names for event 'Approval'. Expected: [owner, spender, value], Found: [] [Warning/use-natspec]
/sb/0x0077bcb9899312e8d9c04e531e245f748f05db0d.sol:93:3: GC: [value] on Event [Approval] could be Indexed [Warning/gas-indexed-events]
/sb/0x0077bcb9899312e8d9c04e531e245f748f05db0d.sol:101:1: Missing @title tag in contract 'IUniswapV2ERC20' [Warning/use-natspec]
/sb/0x0077bcb9899312e8d9c04e531e245f748f05db0d.sol:101:1: Missing @author tag in contract 'IUniswapV2ERC20' [Warning/use-natspec]
/sb/0x0077bcb9899312e8d9c04e531e245f748f05db0d.sol:101:1: Missing @notice tag in contract 'IUniswapV2ERC20' [Warning/use-natspec]
/sb/0x0077bcb9899312e8d9c04e531e245f748f05db0d.sol:103:5: Missing @notice tag in event 'Approval' [Warning/use-natspec]
/sb/0x0077bcb9899312e8d9c04e531e245f748f05db0d.sol:103:5: Missing @param tag in event 'Approval' [Warning/use-natspec]
/sb/0x0077bcb9899312e8d9c04e531e245f748f05db0d.sol:103:5: Mismatch in @param names for event 'Approval'. Expected: [owner, spender, value], Found: [] [Warning/use-natspec]
/sb/0x0077bcb9899312e8d9c04e531e245f748f05db0d.sol:103:5: GC: [value] on Event [Approval] could be Indexed [Warning/gas-indexed-events]
/sb/0x0077bcb9899312e8d9c04e531e245f748f05db0d.sol:103:68: Rule is set with explicit type [var/s: uint] [Warning/explicit-types]
/sb/0x0077bcb9899312e8d9c04e531e245f748f05db0d.sol:105:5: Missing @notice tag in event 'Transfer' [Warning/use-natspec]
/sb/0x0077bcb9899312e8d9c04e531e245f748f05db0d.sol:105:5: Missing @param tag in event 'Transfer' [Warning/use-natspec]
/sb/0x0077bcb9899312e8d9c04e531e245f748f05db0d.sol:105:5: Mismatch in @param names for event 'Transfer'. Expected: [from, to, value], Found: [] [Warning/use-natspec]
/sb/0x0077bcb9899312e8d9c04e531e245f748f05db0d.sol:105:5: GC: [value] on Event [Transfer] could be Indexed [Warning/gas-indexed-events]
/sb/0x0077bcb9899312e8d9c04e531e245f748f05db0d.sol:105:62: Rule is set with explicit type [var/s: uint] [Warning/explicit-types]
/sb/0x0077bcb9899312e8d9c04e531e245f748f05db0d.sol:109:5: Missing @notice tag in function 'name' [Warning/use-natspec]
/sb/0x0077bcb9899312e8d9c04e531e245f748f05db0d.sol:109:5: Missing @return tag in function 'name' [Warning/use-natspec]
/sb/0x0077bcb9899312e8d9c04e531e245f748f05db0d.sol:109:5: Mismatch in @return count for function 'name'. Expected: 1, Found: 0 [Warning/use-natspec]
/sb/0x0077bcb9899312e8d9c04e531e245f748f05db0d.sol:111:5: Missing @notice tag in function 'symbol' [Warning/use-natspec]
/sb/0x0077bcb9899312e8d9c04e531e245f748f05db0d.sol:111:5: Missing @return tag in function 'symbol' [Warning/use-natspec]
/sb/0x0077bcb9899312e8d9c04e531e245f748f05db0d.sol:111:5: Mismatch in @return count for function 'symbol'. Expected: 1, Found: 0 [Warning/use-natspec]
/sb/0x0077bcb9899312e8d9c04e531e245f748f05db0d.sol:113:5: Missing @notice tag in function 'decimals' [Warning/use-natspec]
/sb/0x0077bcb9899312e8d9c04e531e245f748f05db0d.sol:113:5: Missing @return tag in function 'decimals' [Warning/use-natspec]
/sb/0x0077bcb9899312e8d9c04e531e245f748f05db0d.sol:113:5: Mismatch in @return count for function 'decimals'. Expected: 1, Found: 0 [Warning/use-natspec]
/sb/0x0077bcb9899312e8d9c04e531e245f748f05db0d.sol:115:5: Missing @notice tag in function 'totalSupply' [Warning/use-natspec]
/sb/0x0077bcb9899312e8d9c04e531e245f748f05db0d.sol:115:5: Missing @return tag in function 'totalSupply' [Warning/use-natspec]
/sb/0x0077bcb9899312e8d9c04e531e245f748f05db0d.sol:115:5: Mismatch in @return count for function 'totalSupply'. Expected: 1, Found: 0 [Warning/use-natspec]
/sb/0x0077bcb9899312e8d9c04e531e245f748f05db0d.sol:115:51: Rule is set with explicit type [var/s: uint] [Warning/explicit-types]
/sb/0x0077bcb9899312e8d9c04e531e245f748f05db0d.sol:117:5: Missing @notice tag in function 'balanceOf' [Warning/use-natspec]
/sb/0x0077bcb9899312e8d9c04e531e245f748f05db0d.sol:117:5: Missing @param tag in function 'balanceOf' [Warning/use-natspec]
/sb/0x0077bcb9899312e8d9c04e531e245f748f05db0d.sol:117:5: Mismatch in @param names for function 'balanceOf'. Expected: [owner], Found: [] [Warning/use-natspec]
/sb/0x0077bcb9899312e8d9c04e531e245f748f05db0d.sol:117:5: Missing @return tag in function 'balanceOf' [Warning/use-natspec]
/sb/0x0077bcb9899312e8d9c04e531e245f748f05db0d.sol:117:5: Mismatch in @return count for function 'balanceOf'. Expected: 1, Found: 0 [Warning/use-natspec]
/sb/0x0077bcb9899312e8d9c04e531e245f748f05db0d.sol:117:62: Rule is set with explicit type [var/s: uint] [Warning/explicit-types]
/sb/0x0077bcb9899312e8d9c04e531e245f748f05db0d.sol:119:5: Missing @notice tag in function 'allowance' [Warning/use-natspec]
/sb/0x0077bcb9899312e8d9c04e531e245f748f05db0d.sol:119:5: Missing @param tag in function 'allowance' [Warning/use-natspec]
/sb/0x0077bcb9899312e8d9c04e531e245f748f05db0d.sol:119:5: Mismatch in @param names for function 'allowance'. Expected: [owner, spender], Found: [] [Warning/use-natspec]
/sb/0x0077bcb9899312e8d9c04e531e245f748f05db0d.sol:119:5: Missing @return tag in function 'allowance' [Warning/use-natspec]
/sb/0x0077bcb9899312e8d9c04e531e245f748f05db0d.sol:119:5: Mismatch in @return count for function 'allowance'. Expected: 1, Found: 0 [Warning/use-natspec]
/sb/0x0077bcb9899312e8d9c04e531e245f748f05db0d.sol:119:79: Rule is set with explicit type [var/s: uint] [Warning/explicit-types]
/sb/0x0077bcb9899312e8d9c04e531e245f748f05db0d.sol:121:5: Missing @notice tag in function 'approve' [Warning/use-natspec]
/sb/0x0077bcb9899312e8d9c04e531e245f748f05db0d.sol:121:5: Missing @param tag in function 'approve' [Warning/use-natspec]
/sb/0x0077bcb9899312e8d9c04e531e245f748f05db0d.sol:121:5: Mismatch in @param names for function 'approve'. Expected: [spender, value], Found: [] [Warning/use-natspec]
/sb/0x0077bcb9899312e8d9c04e531e245f748f05db0d.sol:121:5: Missing @return tag in function 'approve' [Warning/use-natspec]
/sb/0x0077bcb9899312e8d9c04e531e245f748f05db0d.sol:121:5: Mismatch in @return count for function 'approve'. Expected: 1, Found: 0 [Warning/use-natspec]
/sb/0x0077bcb9899312e8d9c04e531e245f748f05db0d.sol:121:39: Rule is set with explicit type [var/s: uint] [Warning/explicit-types]
/sb/0x0077bcb9899312e8d9c04e531e245f748f05db0d.sol:123:5: Missing @notice tag in function 'transfer' [Warning/use-natspec]
/sb/0x0077bcb9899312e8d9c04e531e245f748f05db0d.sol:123:5: Missing @param tag in function 'transfer' [Warning/use-natspec]
/sb/0x0077bcb9899312e8d9c04e531e245f748f05db0d.sol:123:5: Mismatch in @param names for function 'transfer'. Expected: [to, value], Found: [] [Warning/use-natspec]
/sb/0x0077bcb9899312e8d9c04e531e245f748f05db0d.sol:123:5: Missing @return tag in function 'transfer' [Warning/use-natspec]
/sb/0x0077bcb9899312e8d9c04e531e245f748f05db0d.sol:123:5: Mismatch in @return count for function 'transfer'. Expected: 1, Found: 0 [Warning/use-natspec]
/sb/0x0077bcb9899312e8d9c04e531e245f748f05db0d.sol:123:35: Rule is set with explicit type [var/s: uint] [Warning/explicit-types]
/sb/0x0077bcb9899312e8d9c04e531e245f748f05db0d.sol:125:5: Missing @notice tag in function 'transferFrom' [Warning/use-natspec]
/sb/0x0077bcb9899312e8d9c04e531e245f748f05db0d.sol:125:5: Missing @param tag in function 'transferFrom' [Warning/use-natspec]
/sb/0x0077bcb9899312e8d9c04e531e245f748f05db0d.sol:125:5: Mismatch in @param names for function 'transferFrom'. Expected: [from, to, value], Found: [] [Warning/use-natspec]
/sb/0x0077bcb9899312e8d9c04e531e245f748f05db0d.sol:125:5: Missing @return tag in function 'transferFrom' [Warning/use-natspec]
/sb/0x0077bcb9899312e8d9c04e531e245f748f05db0d.sol:125:5: Mismatch in @return count for function 'transferFrom'. Expected: 1, Found: 0 [Warning/use-natspec]
/sb/0x0077bcb9899312e8d9c04e531e245f748f05db0d.sol:125:53: Rule is set with explicit type [var/s: uint] [Warning/explicit-types]
/sb/0x0077bcb9899312e8d9c04e531e245f748f05db0d.sol:127:5: Missing @notice tag in function 'DOMAIN_SEPARATOR' [Warning/use-natspec]
/sb/0x0077bcb9899312e8d9c04e531e245f748f05db0d.sol:127:5: Missing @return tag in function 'DOMAIN_SEPARATOR' [Warning/use-natspec]
/sb/0x0077bcb9899312e8d9c04e531e245f748f05db0d.sol:127:5: Mismatch in @return count for function 'DOMAIN_SEPARATOR'. Expected: 1, Found: 0 [Warning/use-natspec]
/sb/0x0077bcb9899312e8d9c04e531e245f748f05db0d.sol:127:5: Function name must be in mixedCase [Warning/func-name-mixedcase]
/sb/0x0077bcb9899312e8d9c04e531e245f748f05db0d.sol:129:5: Missing @notice tag in function 'PERMIT_TYPEHASH' [Warning/use-natspec]
/sb/0x0077bcb9899312e8d9c04e531e245f748f05db0d.sol:129:5: Missing @return tag in function 'PERMIT_TYPEHASH' [Warning/use-natspec]
/sb/0x0077bcb9899312e8d9c04e531e245f748f05db0d.sol:129:5: Mismatch in @return count for function 'PERMIT_TYPEHASH'. Expected: 1, Found: 0 [Warning/use-natspec]
/sb/0x0077bcb9899312e8d9c04e531e245f748f05db0d.sol:129:5: Function name must be in mixedCase [Warning/func-name-mixedcase]
/sb/0x0077bcb9899312e8d9c04e531e245f748f05db0d.sol:131:5: Missing @notice tag in function 'nonces' [Warning/use-natspec]
/sb/0x0077bcb9899312e8d9c04e531e245f748f05db0d.sol:131:5: Missing @param tag in function 'nonces' [Warning/use-natspec]
/sb/0x0077bcb9899312e8d9c04e531e245f748f05db0d.sol:131:5: Mismatch in @param names for function 'nonces'. Expected: [owner], Found: [] [Warning/use-natspec]
/sb/0x0077bcb9899312e8d9c04e531e245f748f05db0d.sol:131:5: Missing @return tag in function 'nonces' [Warning/use-natspec]
/sb/0x0077bcb9899312e8d9c04e531e245f748f05db0d.sol:131:5: Mismatch in @return count for function 'nonces'. Expected: 1, Found: 0 [Warning/use-natspec]
/sb/0x0077bcb9899312e8d9c04e531e245f748f05db0d.sol:131:59: Rule is set with explicit type [var/s: uint] [Warning/explicit-types]
/sb/0x0077bcb9899312e8d9c04e531e245f748f05db0d.sol:133:5: Missing @notice tag in function 'permit' [Warning/use-natspec]
/sb/0x0077bcb9899312e8d9c04e531e245f748f05db0d.sol:133:5: Missing @param tag in function 'permit' [Warning/use-natspec]
/sb/0x0077bcb9899312e8d9c04e531e245f748f05db0d.sol:133:5: Mismatch in @param names for function 'permit'. Expected: [owner, spender, value, deadline, v, r, s], Found: [] [Warning/use-natspec]
/sb/0x0077bcb9899312e8d9c04e531e245f748f05db0d.sol:133:53: Rule is set with explicit type [var/s: uint] [Warning/explicit-types]
/sb/0x0077bcb9899312e8d9c04e531e245f748f05db0d.sol:133:65: Rule is set with explicit type [var/s: uint] [Warning/explicit-types]
/sb/0x0077bcb9899312e8d9c04e531e245f748f05db0d.sol:139:1: Missing @title tag in contract 'IUniswapV2Factory' [Warning/use-natspec]
/sb/0x0077bcb9899312e8d9c04e531e245f748f05db0d.sol:139:1: Missing @author tag in contract 'IUniswapV2Factory' [Warning/use-natspec]
/sb/0x0077bcb9899312e8d9c04e531e245f748f05db0d.sol:139:1: Missing @notice tag in contract 'IUniswapV2Factory' [Warning/use-natspec]
/sb/0x0077bcb9899312e8d9c04e531e245f748f05db0d.sol:141:5: Missing @notice tag in event 'PairCreated' [Warning/use-natspec]
/sb/0x0077bcb9899312e8d9c04e531e245f748f05db0d.sol:141:5: Missing @param tag in event 'PairCreated' [Warning/use-natspec]
/sb/0x0077bcb9899312e8d9c04e531e245f748f05db0d.sol:141:5: Mismatch in @param count for event 'PairCreated'. Expected: 4, Found: 0 [Warning/use-natspec]
/sb/0x0077bcb9899312e8d9c04e531e245f748f05db0d.sol:141:5: GC: [pair] on Event [PairCreated] could be Indexed [Warning/gas-indexed-events]
/sb/0x0077bcb9899312e8d9c04e531e245f748f05db0d.sol:141:5: GC: [null] on Event [PairCreated] could be Indexed [Warning/gas-indexed-events]
/sb/0x0077bcb9899312e8d9c04e531e245f748f05db0d.sol:141:85: Rule is set with explicit type [var/s: uint] [Warning/explicit-types]
/sb/0x0077bcb9899312e8d9c04e531e245f748f05db0d.sol:145:5: Missing @notice tag in function 'feeTo' [Warning/use-natspec]
/sb/0x0077bcb9899312e8d9c04e531e245f748f05db0d.sol:145:5: Missing @return tag in function 'feeTo' [Warning/use-natspec]
/sb/0x0077bcb9899312e8d9c04e531e245f748f05db0d.sol:145:5: Mismatch in @return count for function 'feeTo'. Expected: 1, Found: 0 [Warning/use-natspec]
/sb/0x0077bcb9899312e8d9c04e531e245f748f05db0d.sol:147:5: Missing @notice tag in function 'feeToSetter' [Warning/use-natspec]
/sb/0x0077bcb9899312e8d9c04e531e245f748f05db0d.sol:147:5: Missing @return tag in function 'feeToSetter' [Warning/use-natspec]
/sb/0x0077bcb9899312e8d9c04e531e245f748f05db0d.sol:147:5: Mismatch in @return count for function 'feeToSetter'. Expected: 1, Found: 0 [Warning/use-natspec]
/sb/0x0077bcb9899312e8d9c04e531e245f748f05db0d.sol:149:5: Missing @notice tag in function 'getPair' [Warning/use-natspec]
/sb/0x0077bcb9899312e8d9c04e531e245f748f05db0d.sol:149:5: Missing @param tag in function 'getPair' [Warning/use-natspec]
/sb/0x0077bcb9899312e8d9c04e531e245f748f05db0d.sol:149:5: Mismatch in @param names for function 'getPair'. Expected: [tokenA, tokenB], Found: [] [Warning/use-natspec]
/sb/0x0077bcb9899312e8d9c04e531e245f748f05db0d.sol:149:5: Missing @return tag in function 'getPair' [Warning/use-natspec]
/sb/0x0077bcb9899312e8d9c04e531e245f748f05db0d.sol:149:5: Mismatch in @return names for function 'getPair'. Expected: [pair], Found: [] [Warning/use-natspec]
/sb/0x0077bcb9899312e8d9c04e531e245f748f05db0d.sol:151:5: Missing @notice tag in function 'allPairs' [Warning/use-natspec]
/sb/0x0077bcb9899312e8d9c04e531e245f748f05db0d.sol:151:5: Missing @param tag in function 'allPairs' [Warning/use-natspec]
/sb/0x0077bcb9899312e8d9c04e531e245f748f05db0d.sol:151:5: Mismatch in @param count for function 'allPairs'. Expected: 1, Found: 0 [Warning/use-natspec]
/sb/0x0077bcb9899312e8d9c04e531e245f748f05db0d.sol:151:5: Missing @return tag in function 'allPairs' [Warning/use-natspec]
/sb/0x0077bcb9899312e8d9c04e531e245f748f05db0d.sol:151:5: Mismatch in @return names for function 'allPairs'. Expected: [pair], Found: [] [Warning/use-natspec]
/sb/0x0077bcb9899312e8d9c04e531e245f748f05db0d.sol:151:23: Rule is set with explicit type [var/s: uint] [Warning/explicit-types]
/sb/0x0077bcb9899312e8d9c04e531e245f748f05db0d.sol:153:5: Missing @notice tag in function 'allPairsLength' [Warning/use-natspec]
/sb/0x0077bcb9899312e8d9c04e531e245f748f05db0d.sol:153:5: Missing @return tag in function 'allPairsLength' [Warning/use-natspec]
/sb/0x0077bcb9899312e8d9c04e531e245f748f05db0d.sol:153:5: Mismatch in @return count for function 'allPairsLength'. Expected: 1, Found: 0 [Warning/use-natspec]
/sb/0x0077bcb9899312e8d9c04e531e245f748f05db0d.sol:153:54: Rule is set with explicit type [var/s: uint] [Warning/explicit-types]
/sb/0x0077bcb9899312e8d9c04e531e245f748f05db0d.sol:155:5: Missing @notice tag in function 'createPair' [Warning/use-natspec]
/sb/0x0077bcb9899312e8d9c04e531e245f748f05db0d.sol:155:5: Missing @param tag in function 'createPair' [Warning/use-natspec]
/sb/0x0077bcb9899312e8d9c04e531e245f748f05db0d.sol:155:5: Mismatch in @param names for function 'createPair'. Expected: [tokenA, tokenB], Found: [] [Warning/use-natspec]
/sb/0x0077bcb9899312e8d9c04e531e245f748f05db0d.sol:155:5: Missing @return tag in function 'createPair' [Warning/use-natspec]
/sb/0x0077bcb9899312e8d9c04e531e245f748f05db0d.sol:155:5: Mismatch in @return names for function 'createPair'. Expected: [pair], Found: [] [Warning/use-natspec]
/sb/0x0077bcb9899312e8d9c04e531e245f748f05db0d.sol:157:5: Missing @notice tag in function 'setFeeTo' [Warning/use-natspec]
/sb/0x0077bcb9899312e8d9c04e531e245f748f05db0d.sol:157:5: Missing @param tag in function 'setFeeTo' [Warning/use-natspec]
/sb/0x0077bcb9899312e8d9c04e531e245f748f05db0d.sol:157:5: Mismatch in @param count for function 'setFeeTo'. Expected: 1, Found: 0 [Warning/use-natspec]
/sb/0x0077bcb9899312e8d9c04e531e245f748f05db0d.sol:159:5: Missing @notice tag in function 'setFeeToSetter' [Warning/use-natspec]
/sb/0x0077bcb9899312e8d9c04e531e245f748f05db0d.sol:159:5: Missing @param tag in function 'setFeeToSetter' [Warning/use-natspec]
/sb/0x0077bcb9899312e8d9c04e531e245f748f05db0d.sol:159:5: Mismatch in @param count for function 'setFeeToSetter'. Expected: 1, Found: 0 [Warning/use-natspec]
/sb/0x0077bcb9899312e8d9c04e531e245f748f05db0d.sol:165:1: Missing @title tag in contract 'IUniswapV2Router01' [Warning/use-natspec]
/sb/0x0077bcb9899312e8d9c04e531e245f748f05db0d.sol:165:1: Missing @author tag in contract 'IUniswapV2Router01' [Warning/use-natspec]
/sb/0x0077bcb9899312e8d9c04e531e245f748f05db0d.sol:165:1: Missing @notice tag in contract 'IUniswapV2Router01' [Warning/use-natspec]
/sb/0x0077bcb9899312e8d9c04e531e245f748f05db0d.sol:167:5: Missing @notice tag in function 'addLiquidity' [Warning/use-natspec]
/sb/0x0077bcb9899312e8d9c04e531e245f748f05db0d.sol:167:5: Missing @param tag in function 'addLiquidity' [Warning/use-natspec]
/sb/0x0077bcb9899312e8d9c04e531e245f748f05db0d.sol:167:5: Mismatch in @param names for function 'addLiquidity'. Expected: [tokenA, tokenB, amountADesired, amountBDesired, amountAMin, amountBMin, to, deadline], Found: [] [Warning/use-natspec]
/sb/0x0077bcb9899312e8d9c04e531e245f748f05db0d.sol:167:5: Missing @return tag in function 'addLiquidity' [Warning/use-natspec]
/sb/0x0077bcb9899312e8d9c04e531e245f748f05db0d.sol:167:5: Mismatch in @return names for function 'addLiquidity'. Expected: [amountA, amountB, liquidity], Found: [] [Warning/use-natspec]
/sb/0x0077bcb9899312e8d9c04e531e245f748f05db0d.sol:173:9: Rule is set with explicit type [var/s: uint] [Warning/explicit-types]
/sb/0x0077bcb9899312e8d9c04e531e245f748f05db0d.sol:175:9: Rule is set with explicit type [var/s: uint] [Warning/explicit-types]
/sb/0x0077bcb9899312e8d9c04e531e245f748f05db0d.sol:177:9: Rule is set with explicit type [var/s: uint] [Warning/explicit-types]
/sb/0x0077bcb9899312e8d9c04e531e245f748f05db0d.sol:179:9: Rule is set with explicit type [var/s: uint] [Warning/explicit-types]
/sb/0x0077bcb9899312e8d9c04e531e245f748f05db0d.sol:183:9: Rule is set with explicit type [var/s: uint] [Warning/explicit-types]
/sb/0x0077bcb9899312e8d9c04e531e245f748f05db0d.sol:185:25: Rule is set with explicit type [var/s: uint] [Warning/explicit-types]
/sb/0x0077bcb9899312e8d9c04e531e245f748f05db0d.sol:185:39: Rule is set with explicit type [var/s: uint] [Warning/explicit-types]
/sb/0x0077bcb9899312e8d9c04e531e245f748f05db0d.sol:185:53: Rule is set with explicit type [var/s: uint] [Warning/explicit-types]
/sb/0x0077bcb9899312e8d9c04e531e245f748f05db0d.sol:187:5: Missing @notice tag in function 'addLiquidityETH' [Warning/use-natspec]
/sb/0x0077bcb9899312e8d9c04e531e245f748f05db0d.sol:187:5: Missing @param tag in function 'addLiquidityETH' [Warning/use-natspec]
/sb/0x0077bcb9899312e8d9c04e531e245f748f05db0d.sol:187:5: Mismatch in @param names for function 'addLiquidityETH'. Expected: [token, amountTokenDesired, amountTokenMin, amountETHMin, to, deadline], Found: [] [Warning/use-natspec]
/sb/0x0077bcb9899312e8d9c04e531e245f748f05db0d.sol:187:5: Missing @return tag in function 'addLiquidityETH' [Warning/use-natspec]
/sb/0x0077bcb9899312e8d9c04e531e245f748f05db0d.sol:187:5: Mismatch in @return names for function 'addLiquidityETH'. Expected: [amountToken, amountETH, liquidity], Found: [] [Warning/use-natspec]
/sb/0x0077bcb9899312e8d9c04e531e245f748f05db0d.sol:191:9: Rule is set with explicit type [var/s: uint] [Warning/explicit-types]
/sb/0x0077bcb9899312e8d9c04e531e245f748f05db0d.sol:193:9: Rule is set with explicit type [var/s: uint] [Warning/explicit-types]
/sb/0x0077bcb9899312e8d9c04e531e245f748f05db0d.sol:195:9: Rule is set with explicit type [var/s: uint] [Warning/explicit-types]
/sb/0x0077bcb9899312e8d9c04e531e245f748f05db0d.sol:199:9: Rule is set with explicit type [var/s: uint] [Warning/explicit-types]
/sb/0x0077bcb9899312e8d9c04e531e245f748f05db0d.sol:201:33: Rule is set with explicit type [var/s: uint] [Warning/explicit-types]
/sb/0x0077bcb9899312e8d9c04e531e245f748f05db0d.sol:201:51: Rule is set with explicit type [var/s: uint] [Warning/explicit-types]
/sb/0x0077bcb9899312e8d9c04e531e245f748f05db0d.sol:201:67: Rule is set with explicit type [var/s: uint] [Warning/explicit-types]
/sb/0x0077bcb9899312e8d9c04e531e245f748f05db0d.sol:203:5: Missing @notice tag in function 'removeLiquidity' [Warning/use-natspec]
/sb/0x0077bcb9899312e8d9c04e531e245f748f05db0d.sol:203:5: Missing @param tag in function 'removeLiquidity' [Warning/use-natspec]
/sb/0x0077bcb9899312e8d9c04e531e245f748f05db0d.sol:203:5: Mismatch in @param names for function 'removeLiquidity'. Expected: [tokenA, tokenB, liquidity, amountAMin, amountBMin, to, deadline], Found: [] [Warning/use-natspec]
/sb/0x0077bcb9899312e8d9c04e531e245f748f05db0d.sol:203:5: Missing @return tag in function 'removeLiquidity' [Warning/use-natspec]
/sb/0x0077bcb9899312e8d9c04e531e245f748f05db0d.sol:203:5: Mismatch in @return names for function 'removeLiquidity'. Expected: [amountA, amountB], Found: [] [Warning/use-natspec]
/sb/0x0077bcb9899312e8d9c04e531e245f748f05db0d.sol:209:9: Rule is set with explicit type [var/s: uint] [Warning/explicit-types]
/sb/0x0077bcb9899312e8d9c04e531e245f748f05db0d.sol:211:9: Rule is set with explicit type [var/s: uint] [Warning/explicit-types]
/sb/0x0077bcb9899312e8d9c04e531e245f748f05db0d.sol:213:9: Rule is set with explicit type [var/s: uint] [Warning/explicit-types]
/sb/0x0077bcb9899312e8d9c04e531e245f748f05db0d.sol:217:9: Rule is set with explicit type [var/s: uint] [Warning/explicit-types]
/sb/0x0077bcb9899312e8d9c04e531e245f748f05db0d.sol:219:25: Rule is set with explicit type [var/s: uint] [Warning/explicit-types]
/sb/0x0077bcb9899312e8d9c04e531e245f748f05db0d.sol:219:39: Rule is set with explicit type [var/s: uint] [Warning/explicit-types]
/sb/0x0077bcb9899312e8d9c04e531e245f748f05db0d.sol:221:5: Missing @notice tag in function 'removeLiquidityETH' [Warning/use-natspec]
/sb/0x0077bcb9899312e8d9c04e531e245f748f05db0d.sol:221:5: Missing @param tag in function 'removeLiquidityETH' [Warning/use-natspec]
/sb/0x0077bcb9899312e8d9c04e531e245f748f05db0d.sol:221:5: Mismatch in @param names for function 'removeLiquidityETH'. Expected: [token, liquidity, amountTokenMin, amountETHMin, to, deadline], Found: [] [Warning/use-natspec]
/sb/0x0077bcb9899312e8d9c04e531e245f748f05db0d.sol:221:5: Missing @return tag in function 'removeLiquidityETH' [Warning/use-natspec]
/sb/0x0077bcb9899312e8d9c04e531e245f748f05db0d.sol:221:5: Mismatch in @return names for function 'removeLiquidityETH'. Expected: [amountToken, amountETH], Found: [] [Warning/use-natspec]
/sb/0x0077bcb9899312e8d9c04e531e245f748f05db0d.sol:225:9: Rule is set with explicit type [var/s: uint] [Warning/explicit-types]
/sb/0x0077bcb9899312e8d9c04e531e245f748f05db0d.sol:227:9: Rule is set with explicit type [var/s: uint] [Warning/explicit-types]
/sb/0x0077bcb9899312e8d9c04e531e245f748f05db0d.sol:229:9: Rule is set with explicit type [var/s: uint] [Warning/explicit-types]
/sb/0x0077bcb9899312e8d9c04e531e245f748f05db0d.sol:233:9: Rule is set with explicit type [var/s: uint] [Warning/explicit-types]
/sb/0x0077bcb9899312e8d9c04e531e245f748f05db0d.sol:235:25: Rule is set with explicit type [var/s: uint] [Warning/explicit-types]
/sb/0x0077bcb9899312e8d9c04e531e245f748f05db0d.sol:235:43: Rule is set with explicit type [var/s: uint] [Warning/explicit-types]
/sb/0x0077bcb9899312e8d9c04e531e245f748f05db0d.sol:237:5: Missing @notice tag in function 'removeLiquidityWithPermit' [Warning/use-natspec]
/sb/0x0077bcb9899312e8d9c04e531e245f748f05db0d.sol:237:5: Missing @param tag in function 'removeLiquidityWithPermit' [Warning/use-natspec]
/sb/0x0077bcb9899312e8d9c04e531e245f748f05db0d.sol:237:5: Mismatch in @param names for function 'removeLiquidityWithPermit'. Expected: [tokenA, tokenB, liquidity, amountAMin, amountBMin, to, deadline, approveMax, v, r, s], Found: [] [Warning/use-natspec]
/sb/0x0077bcb9899312e8d9c04e531e245f748f05db0d.sol:237:5: Missing @return tag in function 'removeLiquidityWithPermit' [Warning/use-natspec]
/sb/0x0077bcb9899312e8d9c04e531e245f748f05db0d.sol:237:5: Mismatch in @return names for function 'removeLiquidityWithPermit'. Expected: [amountA, amountB], Found: [] [Warning/use-natspec]
/sb/0x0077bcb9899312e8d9c04e531e245f748f05db0d.sol:243:9: Rule is set with explicit type [var/s: uint] [Warning/explicit-types]
/sb/0x0077bcb9899312e8d9c04e531e245f748f05db0d.sol:245:9: Rule is set with explicit type [var/s: uint] [Warning/explicit-types]
/sb/0x0077bcb9899312e8d9c04e531e245f748f05db0d.sol:247:9: Rule is set with explicit type [var/s: uint] [Warning/explicit-types]
/sb/0x0077bcb9899312e8d9c04e531e245f748f05db0d.sol:251:9: Rule is set with explicit type [var/s: uint] [Warning/explicit-types]
/sb/0x0077bcb9899312e8d9c04e531e245f748f05db0d.sol:255:25: Rule is set with explicit type [var/s: uint] [Warning/explicit-types]
/sb/0x0077bcb9899312e8d9c04e531e245f748f05db0d.sol:255:39: Rule is set with explicit type [var/s: uint] [Warning/explicit-types]
/sb/0x0077bcb9899312e8d9c04e531e245f748f05db0d.sol:257:5: Missing @notice tag in function 'removeLiquidityETHWithPermit' [Warning/use-natspec]
/sb/0x0077bcb9899312e8d9c04e531e245f748f05db0d.sol:257:5: Missing @param tag in function 'removeLiquidityETHWithPermit' [Warning/use-natspec]
/sb/0x0077bcb9899312e8d9c04e531e245f748f05db0d.sol:257:5: Mismatch in @param names for function 'removeLiquidityETHWithPermit'. Expected: [token, liquidity, amountTokenMin, amountETHMin, to, deadline, approveMax, v, r, s], Found: [] [Warning/use-natspec]
/sb/0x0077bcb9899312e8d9c04e531e245f748f05db0d.sol:257:5: Missing @return tag in function 'removeLiquidityETHWithPermit' [Warning/use-natspec]
/sb/0x0077bcb9899312e8d9c04e531e245f748f05db0d.sol:257:5: Mismatch in @return names for function 'removeLiquidityETHWithPermit'. Expected: [amountToken, amountETH], Found: [] [Warning/use-natspec]
/sb/0x0077bcb9899312e8d9c04e531e245f748f05db0d.sol:261:9: Rule is set with explicit type [var/s: uint] [Warning/explicit-types]
/sb/0x0077bcb9899312e8d9c04e531e245f748f05db0d.sol:263:9: Rule is set with explicit type [var/s: uint] [Warning/explicit-types]
/sb/0x0077bcb9899312e8d9c04e531e245f748f05db0d.sol:265:9: Rule is set with explicit type [var/s: uint] [Warning/explicit-types]
/sb/0x0077bcb9899312e8d9c04e531e245f748f05db0d.sol:269:9: Rule is set with explicit type [var/s: uint] [Warning/explicit-types]
/sb/0x0077bcb9899312e8d9c04e531e245f748f05db0d.sol:273:25: Rule is set with explicit type [var/s: uint] [Warning/explicit-types]
/sb/0x0077bcb9899312e8d9c04e531e245f748f05db0d.sol:273:43: Rule is set with explicit type [var/s: uint] [Warning/explicit-types]
/sb/0x0077bcb9899312e8d9c04e531e245f748f05db0d.sol:275:5: Missing @notice tag in function 'swapExactTokensForTokens' [Warning/use-natspec]
/sb/0x0077bcb9899312e8d9c04e531e245f748f05db0d.sol:275:5: Missing @param tag in function 'swapExactTokensForTokens' [Warning/use-natspec]
/sb/0x0077bcb9899312e8d9c04e531e245f748f05db0d.sol:275:5: Mismatch in @param names for function 'swapExactTokensForTokens'. Expected: [amountIn, amountOutMin, path, to, deadline], Found: [] [Warning/use-natspec]
/sb/0x0077bcb9899312e8d9c04e531e245f748f05db0d.sol:275:5: Missing @return tag in function 'swapExactTokensForTokens' [Warning/use-natspec]
/sb/0x0077bcb9899312e8d9c04e531e245f748f05db0d.sol:275:5: Mismatch in @return names for function 'swapExactTokensForTokens'. Expected: [amounts], Found: [] [Warning/use-natspec]
/sb/0x0077bcb9899312e8d9c04e531e245f748f05db0d.sol:277:9: Rule is set with explicit type [var/s: uint] [Warning/explicit-types]
/sb/0x0077bcb9899312e8d9c04e531e245f748f05db0d.sol:279:9: Rule is set with explicit type [var/s: uint] [Warning/explicit-types]
/sb/0x0077bcb9899312e8d9c04e531e245f748f05db0d.sol:285:9: Rule is set with explicit type [var/s: uint] [Warning/explicit-types]
/sb/0x0077bcb9899312e8d9c04e531e245f748f05db0d.sol:287:25: Rule is set with explicit type [var/s: uint] [Warning/explicit-types]
/sb/0x0077bcb9899312e8d9c04e531e245f748f05db0d.sol:289:5: Missing @notice tag in function 'swapTokensForExactTokens' [Warning/use-natspec]
/sb/0x0077bcb9899312e8d9c04e531e245f748f05db0d.sol:289:5: Missing @param tag in function 'swapTokensForExactTokens' [Warning/use-natspec]
/sb/0x0077bcb9899312e8d9c04e531e245f748f05db0d.sol:289:5: Mismatch in @param names for function 'swapTokensForExactTokens'. Expected: [amountOut, amountInMax, path, to, deadline], Found: [] [Warning/use-natspec]
/sb/0x0077bcb9899312e8d9c04e531e245f748f05db0d.sol:289:5: Missing @return tag in function 'swapTokensForExactTokens' [Warning/use-natspec]
/sb/0x0077bcb9899312e8d9c04e531e245f748f05db0d.sol:289:5: Mismatch in @return names for function 'swapTokensForExactTokens'. Expected: [amounts], Found: [] [Warning/use-natspec]
/sb/0x0077bcb9899312e8d9c04e531e245f748f05db0d.sol:291:9: Rule is set with explicit type [var/s: uint] [Warning/explicit-types]
/sb/0x0077bcb9899312e8d9c04e531e245f748f05db0d.sol:293:9: Rule is set with explicit type [var/s: uint] [Warning/explicit-types]
/sb/0x0077bcb9899312e8d9c04e531e245f748f05db0d.sol:299:9: Rule is set with explicit type [var/s: uint] [Warning/explicit-types]
/sb/0x0077bcb9899312e8d9c04e531e245f748f05db0d.sol:301:25: Rule is set with explicit type [var/s: uint] [Warning/explicit-types]
/sb/0x0077bcb9899312e8d9c04e531e245f748f05db0d.sol:303:5: Missing @notice tag in function 'swapExactETHForTokens' [Warning/use-natspec]
/sb/0x0077bcb9899312e8d9c04e531e245f748f05db0d.sol:303:5: Missing @param tag in function 'swapExactETHForTokens' [Warning/use-natspec]
/sb/0x0077bcb9899312e8d9c04e531e245f748f05db0d.sol:303:5: Mismatch in @param names for function 'swapExactETHForTokens'. Expected: [amountOutMin, path, to, deadline], Found: [] [Warning/use-natspec]
/sb/0x0077bcb9899312e8d9c04e531e245f748f05db0d.sol:303:5: Missing @return tag in function 'swapExactETHForTokens' [Warning/use-natspec]
/sb/0x0077bcb9899312e8d9c04e531e245f748f05db0d.sol:303:5: Mismatch in @return names for function 'swapExactETHForTokens'. Expected: [amounts], Found: [] [Warning/use-natspec]
/sb/0x0077bcb9899312e8d9c04e531e245f748f05db0d.sol:303:36: Rule is set with explicit type [var/s: uint] [Warning/explicit-types]
/sb/0x0077bcb9899312e8d9c04e531e245f748f05db0d.sol:303:92: Rule is set with explicit type [var/s: uint] [Warning/explicit-types]
/sb/0x0077bcb9899312e8d9c04e531e245f748f05db0d.sol:309:18: Rule is set with explicit type [var/s: uint] [Warning/explicit-types]
/sb/0x0077bcb9899312e8d9c04e531e245f748f05db0d.sol:311:5: Missing @notice tag in function 'swapTokensForExactETH' [Warning/use-natspec]
/sb/0x0077bcb9899312e8d9c04e531e245f748f05db0d.sol:311:5: Missing @param tag in function 'swapTokensForExactETH' [Warning/use-natspec]
/sb/0x0077bcb9899312e8d9c04e531e245f748f05db0d.sol:311:5: Mismatch in @param names for function 'swapTokensForExactETH'. Expected: [amountOut, amountInMax, path, to, deadline], Found: [] [Warning/use-natspec]
/sb/0x0077bcb9899312e8d9c04e531e245f748f05db0d.sol:311:5: Missing @return tag in function 'swapTokensForExactETH' [Warning/use-natspec]
/sb/0x0077bcb9899312e8d9c04e531e245f748f05db0d.sol:311:5: Mismatch in @return names for function 'swapTokensForExactETH'. Expected: [amounts], Found: [] [Warning/use-natspec]
/sb/0x0077bcb9899312e8d9c04e531e245f748f05db0d.sol:311:36: Rule is set with explicit type [var/s: uint] [Warning/explicit-types]
/sb/0x0077bcb9899312e8d9c04e531e245f748f05db0d.sol:311:52: Rule is set with explicit type [var/s: uint] [Warning/explicit-types]
/sb/0x0077bcb9899312e8d9c04e531e245f748f05db0d.sol:311:107: Rule is set with explicit type [var/s: uint] [Warning/explicit-types]
/sb/0x0077bcb9899312e8d9c04e531e245f748f05db0d.sol:315:18: Rule is set with explicit type [var/s: uint] [Warning/explicit-types]
/sb/0x0077bcb9899312e8d9c04e531e245f748f05db0d.sol:317:5: Missing @notice tag in function 'swapExactTokensForETH' [Warning/use-natspec]
/sb/0x0077bcb9899312e8d9c04e531e245f748f05db0d.sol:317:5: Missing @param tag in function 'swapExactTokensForETH' [Warning/use-natspec]
/sb/0x0077bcb9899312e8d9c04e531e245f748f05db0d.sol:317:5: Mismatch in @param names for function 'swapExactTokensForETH'. Expected: [amountIn, amountOutMin, path, to, deadline], Found: [] [Warning/use-natspec]
/sb/0x0077bcb9899312e8d9c04e531e245f748f05db0d.sol:317:5: Missing @return tag in function 'swapExactTokensForETH' [Warning/use-natspec]
/sb/0x0077bcb9899312e8d9c04e531e245f748f05db0d.sol:317:5: Mismatch in @return names for function 'swapExactTokensForETH'. Expected: [amounts], Found: [] [Warning/use-natspec]
/sb/0x0077bcb9899312e8d9c04e531e245f748f05db0d.sol:317:36: Rule is set with explicit type [var/s: uint] [Warning/explicit-types]
/sb/0x0077bcb9899312e8d9c04e531e245f748f05db0d.sol:317:51: Rule is set with explicit type [var/s: uint] [Warning/explicit-types]
/sb/0x0077bcb9899312e8d9c04e531e245f748f05db0d.sol:317:107: Rule is set with explicit type [var/s: uint] [Warning/explicit-types]
/sb/0x0077bcb9899312e8d9c04e531e245f748f05db0d.sol:321:18: Rule is set with explicit type [var/s: uint] [Warning/explicit-types]
/sb/0x0077bcb9899312e8d9c04e531e245f748f05db0d.sol:323:5: Missing @notice tag in function 'swapETHForExactTokens' [Warning/use-natspec]
/sb/0x0077bcb9899312e8d9c04e531e245f748f05db0d.sol:323:5: Missing @param tag in function 'swapETHForExactTokens' [Warning/use-natspec]
/sb/0x0077bcb9899312e8d9c04e531e245f748f05db0d.sol:323:5: Mismatch in @param names for function 'swapETHForExactTokens'. Expected: [amountOut, path, to, deadline], Found: [] [Warning/use-natspec]
/sb/0x0077bcb9899312e8d9c04e531e245f748f05db0d.sol:323:5: Missing @return tag in function 'swapETHForExactTokens' [Warning/use-natspec]
/sb/0x0077bcb9899312e8d9c04e531e245f748f05db0d.sol:323:5: Mismatch in @return names for function 'swapETHForExactTokens'. Expected: [amounts], Found: [] [Warning/use-natspec]
/sb/0x0077bcb9899312e8d9c04e531e245f748f05db0d.sol:323:36: Rule is set with explicit type [var/s: uint] [Warning/explicit-types]
/sb/0x0077bcb9899312e8d9c04e531e245f748f05db0d.sol:323:89: Rule is set with explicit type [var/s: uint] [Warning/explicit-types]
/sb/0x0077bcb9899312e8d9c04e531e245f748f05db0d.sol:329:18: Rule is set with explicit type [var/s: uint] [Warning/explicit-types]
/sb/0x0077bcb9899312e8d9c04e531e245f748f05db0d.sol:333:5: Missing @notice tag in function 'factory' [Warning/use-natspec]
/sb/0x0077bcb9899312e8d9c04e531e245f748f05db0d.sol:333:5: Missing @return tag in function 'factory' [Warning/use-natspec]
/sb/0x0077bcb9899312e8d9c04e531e245f748f05db0d.sol:333:5: Mismatch in @return count for function 'factory'. Expected: 1, Found: 0 [Warning/use-natspec]
/sb/0x0077bcb9899312e8d9c04e531e245f748f05db0d.sol:335:5: Missing @notice tag in function 'WETH' [Warning/use-natspec]
/sb/0x0077bcb9899312e8d9c04e531e245f748f05db0d.sol:335:5: Missing @return tag in function 'WETH' [Warning/use-natspec]
/sb/0x0077bcb9899312e8d9c04e531e245f748f05db0d.sol:335:5: Mismatch in @return count for function 'WETH'. Expected: 1, Found: 0 [Warning/use-natspec]
/sb/0x0077bcb9899312e8d9c04e531e245f748f05db0d.sol:335:5: Function name must be in mixedCase [Warning/func-name-mixedcase]
/sb/0x0077bcb9899312e8d9c04e531e245f748f05db0d.sol:337:5: Missing @notice tag in function 'quote' [Warning/use-natspec]
/sb/0x0077bcb9899312e8d9c04e531e245f748f05db0d.sol:337:5: Missing @param tag in function 'quote' [Warning/use-natspec]
/sb/0x0077bcb9899312e8d9c04e531e245f748f05db0d.sol:337:5: Mismatch in @param names for function 'quote'. Expected: [amountA, reserveA, reserveB], Found: [] [Warning/use-natspec]
/sb/0x0077bcb9899312e8d9c04e531e245f748f05db0d.sol:337:5: Missing @return tag in function 'quote' [Warning/use-natspec]
/sb/0x0077bcb9899312e8d9c04e531e245f748f05db0d.sol:337:5: Mismatch in @return names for function 'quote'. Expected: [amountB], Found: [] [Warning/use-natspec]
/sb/0x0077bcb9899312e8d9c04e531e245f748f05db0d.sol:337:20: Rule is set with explicit type [var/s: uint] [Warning/explicit-types]
/sb/0x0077bcb9899312e8d9c04e531e245f748f05db0d.sol:337:34: Rule is set with explicit type [var/s: uint] [Warning/explicit-types]
/sb/0x0077bcb9899312e8d9c04e531e245f748f05db0d.sol:337:49: Rule is set with explicit type [var/s: uint] [Warning/explicit-types]
/sb/0x0077bcb9899312e8d9c04e531e245f748f05db0d.sol:337:87: Rule is set with explicit type [var/s: uint] [Warning/explicit-types]
/sb/0x0077bcb9899312e8d9c04e531e245f748f05db0d.sol:339:5: Missing @notice tag in function 'getamountOut' [Warning/use-natspec]
/sb/0x0077bcb9899312e8d9c04e531e245f748f05db0d.sol:339:5: Missing @param tag in function 'getamountOut' [Warning/use-natspec]
/sb/0x0077bcb9899312e8d9c04e531e245f748f05db0d.sol:339:5: Mismatch in @param names for function 'getamountOut'. Expected: [amountIn, reserveIn, reserveOut], Found: [] [Warning/use-natspec]
/sb/0x0077bcb9899312e8d9c04e531e245f748f05db0d.sol:339:5: Missing @return tag in function 'getamountOut' [Warning/use-natspec]
/sb/0x0077bcb9899312e8d9c04e531e245f748f05db0d.sol:339:5: Mismatch in @return names for function 'getamountOut'. Expected: [amountOut], Found: [] [Warning/use-natspec]
/sb/0x0077bcb9899312e8d9c04e531e245f748f05db0d.sol:339:27: Rule is set with explicit type [var/s: uint] [Warning/explicit-types]
/sb/0x0077bcb9899312e8d9c04e531e245f748f05db0d.sol:339:42: Rule is set with explicit type [var/s: uint] [Warning/explicit-types]
/sb/0x0077bcb9899312e8d9c04e531e245f748f05db0d.sol:339:58: Rule is set with explicit type [var/s: uint] [Warning/explicit-types]
/sb/0x0077bcb9899312e8d9c04e531e245f748f05db0d.sol:339:98: Rule is set with explicit type [var/s: uint] [Warning/explicit-types]
/sb/0x0077bcb9899312e8d9c04e531e245f748f05db0d.sol:341:5: Missing @notice tag in function 'getamountIn' [Warning/use-natspec]
/sb/0x0077bcb9899312e8d9c04e531e245f748f05db0d.sol:341:5: Missing @param tag in function 'getamountIn' [Warning/use-natspec]
/sb/0x0077bcb9899312e8d9c04e531e245f748f05db0d.sol:341:5: Mismatch in @param names for function 'getamountIn'. Expected: [amountOut, reserveIn, reserveOut], Found: [] [Warning/use-natspec]
/sb/0x0077bcb9899312e8d9c04e531e245f748f05db0d.sol:341:5: Missing @return tag in function 'getamountIn' [Warning/use-natspec]
/sb/0x0077bcb9899312e8d9c04e531e245f748f05db0d.sol:341:5: Mismatch in @return names for function 'getamountIn'. Expected: [amountIn], Found: [] [Warning/use-natspec]
/sb/0x0077bcb9899312e8d9c04e531e245f748f05db0d.sol:341:26: Rule is set with explicit type [var/s: uint] [Warning/explicit-types]
/sb/0x0077bcb9899312e8d9c04e531e245f748f05db0d.sol:341:42: Rule is set with explicit type [var/s: uint] [Warning/explicit-types]
/sb/0x0077bcb9899312e8d9c04e531e245f748f05db0d.sol:341:58: Rule is set with explicit type [var/s: uint] [Warning/explicit-types]
/sb/0x0077bcb9899312e8d9c04e531e245f748f05db0d.sol:341:98: Rule is set with explicit type [var/s: uint] [Warning/explicit-types]
/sb/0x0077bcb9899312e8d9c04e531e245f748f05db0d.sol:343:5: Missing @notice tag in function 'getamountsOut' [Warning/use-natspec]
/sb/0x0077bcb9899312e8d9c04e531e245f748f05db0d.sol:343:5: Missing @param tag in function 'getamountsOut' [Warning/use-natspec]
/sb/0x0077bcb9899312e8d9c04e531e245f748f05db0d.sol:343:5: Mismatch in @param names for function 'getamountsOut'. Expected: [amountIn, path], Found: [] [Warning/use-natspec]
/sb/0x0077bcb9899312e8d9c04e531e245f748f05db0d.sol:343:5: Missing @return tag in function 'getamountsOut' [Warning/use-natspec]
/sb/0x0077bcb9899312e8d9c04e531e245f748f05db0d.sol:343:5: Mismatch in @return names for function 'getamountsOut'. Expected: [amounts], Found: [] [Warning/use-natspec]
/sb/0x0077bcb9899312e8d9c04e531e245f748f05db0d.sol:343:28: Rule is set with explicit type [var/s: uint] [Warning/explicit-types]
/sb/0x0077bcb9899312e8d9c04e531e245f748f05db0d.sol:343:91: Rule is set with explicit type [var/s: uint] [Warning/explicit-types]
/sb/0x0077bcb9899312e8d9c04e531e245f748f05db0d.sol:345:5: Missing @notice tag in function 'getamountsIn' [Warning/use-natspec]
/sb/0x0077bcb9899312e8d9c04e531e245f748f05db0d.sol:345:5: Missing @param tag in function 'getamountsIn' [Warning/use-natspec]
/sb/0x0077bcb9899312e8d9c04e531e245f748f05db0d.sol:345:5: Mismatch in @param names for function 'getamountsIn'. Expected: [amountOut, path], Found: [] [Warning/use-natspec]
/sb/0x0077bcb9899312e8d9c04e531e245f748f05db0d.sol:345:5: Missing @return tag in function 'getamountsIn' [Warning/use-natspec]
/sb/0x0077bcb9899312e8d9c04e531e245f748f05db0d.sol:345:5: Mismatch in @return names for function 'getamountsIn'. Expected: [amounts], Found: [] [Warning/use-natspec]
/sb/0x0077bcb9899312e8d9c04e531e245f748f05db0d.sol:345:27: Rule is set with explicit type [var/s: uint] [Warning/explicit-types]
/sb/0x0077bcb9899312e8d9c04e531e245f748f05db0d.sol:345:91: Rule is set with explicit type [var/s: uint] [Warning/explicit-types]
/sb/0x0077bcb9899312e8d9c04e531e245f748f05db0d.sol:351:1: Missing @title tag in contract 'IUniswapV2Router02' [Warning/use-natspec]
/sb/0x0077bcb9899312e8d9c04e531e245f748f05db0d.sol:351:1: Missing @author tag in contract 'IUniswapV2Router02' [Warning/use-natspec]
/sb/0x0077bcb9899312e8d9c04e531e245f748f05db0d.sol:351:1: Missing @notice tag in contract 'IUniswapV2Router02' [Warning/use-natspec]
/sb/0x0077bcb9899312e8d9c04e531e245f748f05db0d.sol:353:5: Missing @notice tag in function 'removeLiquidityETHSupportingFeeOnTransferTokens' [Warning/use-natspec]
/sb/0x0077bcb9899312e8d9c04e531e245f748f05db0d.sol:353:5: Missing @param tag in function 'removeLiquidityETHSupportingFeeOnTransferTokens' [Warning/use-natspec]
/sb/0x0077bcb9899312e8d9c04e531e245f748f05db0d.sol:353:5: Mismatch in @param names for function 'removeLiquidityETHSupportingFeeOnTransferTokens'. Expected: [token, liquidity, amountTokenMin, amountETHMin, to, deadline], Found: [] [Warning/use-natspec]
/sb/0x0077bcb9899312e8d9c04e531e245f748f05db0d.sol:353:5: Missing @return tag in function 'removeLiquidityETHSupportingFeeOnTransferTokens' [Warning/use-natspec]
/sb/0x0077bcb9899312e8d9c04e531e245f748f05db0d.sol:353:5: Mismatch in @return names for function 'removeLiquidityETHSupportingFeeOnTransferTokens'. Expected: [amountETH], Found: [] [Warning/use-natspec]
/sb/0x0077bcb9899312e8d9c04e531e245f748f05db0d.sol:357:9: Rule is set with explicit type [var/s: uint] [Warning/explicit-types]
/sb/0x0077bcb9899312e8d9c04e531e245f748f05db0d.sol:359:9: Rule is set with explicit type [var/s: uint] [Warning/explicit-types]
/sb/0x0077bcb9899312e8d9c04e531e245f748f05db0d.sol:361:9: Rule is set with explicit type [var/s: uint] [Warning/explicit-types]
/sb/0x0077bcb9899312e8d9c04e531e245f748f05db0d.sol:365:9: Rule is set with explicit type [var/s: uint] [Warning/explicit-types]
/sb/0x0077bcb9899312e8d9c04e531e245f748f05db0d.sol:367:25: Rule is set with explicit type [var/s: uint] [Warning/explicit-types]
/sb/0x0077bcb9899312e8d9c04e531e245f748f05db0d.sol:369:5: Missing @notice tag in function 'removeLiquidityETHWithPermitSupportingFeeOnTransferTokens' [Warning/use-natspec]
/sb/0x0077bcb9899312e8d9c04e531e245f748f05db0d.sol:369:5: Missing @param tag in function 'removeLiquidityETHWithPermitSupportingFeeOnTransferTokens' [Warning/use-natspec]
/sb/0x0077bcb9899312e8d9c04e531e245f748f05db0d.sol:369:5: Mismatch in @param names for function 'removeLiquidityETHWithPermitSupportingFeeOnTransferTokens'. Expected: [token, liquidity, amountTokenMin, amountETHMin, to, deadline, approveMax, v, r, s], Found: [] [Warning/use-natspec]
/sb/0x0077bcb9899312e8d9c04e531e245f748f05db0d.sol:369:5: Missing @return tag in function 'removeLiquidityETHWithPermitSupportingFeeOnTransferTokens' [Warning/use-natspec]
/sb/0x0077bcb9899312e8d9c04e531e245f748f05db0d.sol:369:5: Mismatch in @return names for function 'removeLiquidityETHWithPermitSupportingFeeOnTransferTokens'. Expected: [amountETH], Found: [] [Warning/use-natspec]
/sb/0x0077bcb9899312e8d9c04e531e245f748f05db0d.sol:373:9: Rule is set with explicit type [var/s: uint] [Warning/explicit-types]
/sb/0x0077bcb9899312e8d9c04e531e245f748f05db0d.sol:375:9: Rule is set with explicit type [var/s: uint] [Warning/explicit-types]
/sb/0x0077bcb9899312e8d9c04e531e245f748f05db0d.sol:377:9: Rule is set with explicit type [var/s: uint] [Warning/explicit-types]
/sb/0x0077bcb9899312e8d9c04e531e245f748f05db0d.sol:381:9: Rule is set with explicit type [var/s: uint] [Warning/explicit-types]
/sb/0x0077bcb9899312e8d9c04e531e245f748f05db0d.sol:385:25: Rule is set with explicit type [var/s: uint] [Warning/explicit-types]
/sb/0x0077bcb9899312e8d9c04e531e245f748f05db0d.sol:387:5: Missing @notice tag in function 'swapExactTokensForTokensSupportingFeeOnTransferTokens' [Warning/use-natspec]
/sb/0x0077bcb9899312e8d9c04e531e245f748f05db0d.sol:387:5: Missing @param tag in function 'swapExactTokensForTokensSupportingFeeOnTransferTokens' [Warning/use-natspec]
/sb/0x0077bcb9899312e8d9c04e531e245f748f05db0d.sol:387:5: Mismatch in @param names for function 'swapExactTokensForTokensSupportingFeeOnTransferTokens'. Expected: [amountIn, amountOutMin, path, to, deadline], Found: [] [Warning/use-natspec]
/sb/0x0077bcb9899312e8d9c04e531e245f748f05db0d.sol:389:9: Rule is set with explicit type [var/s: uint] [Warning/explicit-types]
/sb/0x0077bcb9899312e8d9c04e531e245f748f05db0d.sol:391:9: Rule is set with explicit type [var/s: uint] [Warning/explicit-types]
/sb/0x0077bcb9899312e8d9c04e531e245f748f05db0d.sol:397:9: Rule is set with explicit type [var/s: uint] [Warning/explicit-types]
/sb/0x0077bcb9899312e8d9c04e531e245f748f05db0d.sol:401:5: Missing @notice tag in function 'swapExactETHForTokensSupportingFeeOnTransferTokens' [Warning/use-natspec]
/sb/0x0077bcb9899312e8d9c04e531e245f748f05db0d.sol:401:5: Missing @param tag in function 'swapExactETHForTokensSupportingFeeOnTransferTokens' [Warning/use-natspec]
/sb/0x0077bcb9899312e8d9c04e531e245f748f05db0d.sol:401:5: Mismatch in @param names for function 'swapExactETHForTokensSupportingFeeOnTransferTokens'. Expected: [amountOutMin, path, to, deadline], Found: [] [Warning/use-natspec]
/sb/0x0077bcb9899312e8d9c04e531e245f748f05db0d.sol:403:9: Rule is set with explicit type [var/s: uint] [Warning/explicit-types]
/sb/0x0077bcb9899312e8d9c04e531e245f748f05db0d.sol:409:9: Rule is set with explicit type [var/s: uint] [Warning/explicit-types]
/sb/0x0077bcb9899312e8d9c04e531e245f748f05db0d.sol:413:5: Missing @notice tag in function 'swapExactTokensForETHSupportingFeeOnTransferTokens' [Warning/use-natspec]
/sb/0x0077bcb9899312e8d9c04e531e245f748f05db0d.sol:413:5: Missing @param tag in function 'swapExactTokensForETHSupportingFeeOnTransferTokens' [Warning/use-natspec]
/sb/0x0077bcb9899312e8d9c04e531e245f748f05db0d.sol:413:5: Mismatch in @param names for function 'swapExactTokensForETHSupportingFeeOnTransferTokens'. Expected: [amountIn, amountOutMin, path, to, deadline], Found: [] [Warning/use-natspec]
/sb/0x0077bcb9899312e8d9c04e531e245f748f05db0d.sol:415:9: Rule is set with explicit type [var/s: uint] [Warning/explicit-types]
/sb/0x0077bcb9899312e8d9c04e531e245f748f05db0d.sol:417:9: Rule is set with explicit type [var/s: uint] [Warning/explicit-types]
/sb/0x0077bcb9899312e8d9c04e531e245f748f05db0d.sol:423:9: Rule is set with explicit type [var/s: uint] [Warning/explicit-types]
/sb/0x0077bcb9899312e8d9c04e531e245f748f05db0d.sol:459:1: Missing @title tag in contract 'Ownable' [Warning/use-natspec]
/sb/0x0077bcb9899312e8d9c04e531e245f748f05db0d.sol:459:1: Missing @author tag in contract 'Ownable' [Warning/use-natspec]
/sb/0x0077bcb9899312e8d9c04e531e245f748f05db0d.sol:459:1: Missing @notice tag in contract 'Ownable' [Warning/use-natspec]
/sb/0x0077bcb9899312e8d9c04e531e245f748f05db0d.sol:465:5: Missing @notice tag in event 'OwnershipTransferred' [Warning/use-natspec]
/sb/0x0077bcb9899312e8d9c04e531e245f748f05db0d.sol:465:5: Missing @param tag in event 'OwnershipTransferred' [Warning/use-natspec]
/sb/0x0077bcb9899312e8d9c04e531e245f748f05db0d.sol:465:5: Mismatch in @param names for event 'OwnershipTransferred'. Expected: [previousOwner, newOwner], Found: [] [Warning/use-natspec]
/sb/0x0077bcb9899312e8d9c04e531e245f748f05db0d.sol:475:5: Missing @notice tag in function '<anonymous>' [Warning/use-natspec]
/sb/0x0077bcb9899312e8d9c04e531e245f748f05db0d.sol:475:5: Explicitly mark visibility in function (Set ignoreConstructors to true if using solidity >=0.7.0) [Warning/func-visibility]
/sb/0x0077bcb9899312e8d9c04e531e245f748f05db0d.sol:493:5: Missing @notice tag in function 'owner' [Warning/use-natspec]
/sb/0x0077bcb9899312e8d9c04e531e245f748f05db0d.sol:493:5: Missing @return tag in function 'owner' [Warning/use-natspec]
/sb/0x0077bcb9899312e8d9c04e531e245f748f05db0d.sol:493:5: Mismatch in @return count for function 'owner'. Expected: 1, Found: 0 [Warning/use-natspec]
/sb/0x0077bcb9899312e8d9c04e531e245f748f05db0d.sol:509:9: GC: Use Custom Errors instead of require statements [Warning/gas-custom-errors]
/sb/0x0077bcb9899312e8d9c04e531e245f748f05db0d.sol:531:5: Missing @notice tag in function 'renounceOwnership' [Warning/use-natspec]
/sb/0x0077bcb9899312e8d9c04e531e245f748f05db0d.sol:549:5: Missing @notice tag in function 'transferOwnership' [Warning/use-natspec]
/sb/0x0077bcb9899312e8d9c04e531e245f748f05db0d.sol:549:5: Missing @param tag in function 'transferOwnership' [Warning/use-natspec]
/sb/0x0077bcb9899312e8d9c04e531e245f748f05db0d.sol:549:5: Mismatch in @param names for function 'transferOwnership'. Expected: [newOwner], Found: [] [Warning/use-natspec]
/sb/0x0077bcb9899312e8d9c04e531e245f748f05db0d.sol:551:9: Error message for require is too long: 38 counted / 32 allowed [Warning/reason-string]
/sb/0x0077bcb9899312e8d9c04e531e245f748f05db0d.sol:551:9: GC: String exceeds 32 bytes [Warning/gas-small-strings]
/sb/0x0077bcb9899312e8d9c04e531e245f748f05db0d.sol:551:9: GC: Use Custom Errors instead of require statements [Warning/gas-custom-errors]
/sb/0x0077bcb9899312e8d9c04e531e245f748f05db0d.sol:569:1: Missing @title tag in contract 'Address' [Warning/use-natspec]
/sb/0x0077bcb9899312e8d9c04e531e245f748f05db0d.sol:569:1: Missing @author tag in contract 'Address' [Warning/use-natspec]
/sb/0x0077bcb9899312e8d9c04e531e245f748f05db0d.sol:569:1: Missing @notice tag in contract 'Address' [Warning/use-natspec]
/sb/0x0077bcb9899312e8d9c04e531e245f748f05db0d.sol:605:5: Missing @notice tag in function 'isContract' [Warning/use-natspec]
/sb/0x0077bcb9899312e8d9c04e531e245f748f05db0d.sol:605:5: Missing @param tag in function 'isContract' [Warning/use-natspec]
/sb/0x0077bcb9899312e8d9c04e531e245f748f05db0d.sol:605:5: Mismatch in @param names for function 'isContract'. Expected: [account], Found: [] [Warning/use-natspec]
/sb/0x0077bcb9899312e8d9c04e531e245f748f05db0d.sol:605:5: Missing @return tag in function 'isContract' [Warning/use-natspec]
/sb/0x0077bcb9899312e8d9c04e531e245f748f05db0d.sol:605:5: Mismatch in @return count for function 'isContract'. Expected: 1, Found: 0 [Warning/use-natspec]
/sb/0x0077bcb9899312e8d9c04e531e245f748f05db0d.sol:619:9: Avoid to use inline assembly. It is acceptable only in rare cases [Warning/no-inline-assembly]
/sb/0x0077bcb9899312e8d9c04e531e245f748f05db0d.sol:659:5: Missing @notice tag in function 'sendValue' [Warning/use-natspec]
/sb/0x0077bcb9899312e8d9c04e531e245f748f05db0d.sol:659:5: Missing @param tag in function 'sendValue' [Warning/use-natspec]
/sb/0x0077bcb9899312e8d9c04e531e245f748f05db0d.sol:659:5: Mismatch in @param names for function 'sendValue'. Expected: [recipient, amount], Found: [] [Warning/use-natspec]
/sb/0x0077bcb9899312e8d9c04e531e245f748f05db0d.sol:661:9: GC: Use Custom Errors instead of require statements [Warning/gas-custom-errors]
/sb/0x0077bcb9899312e8d9c04e531e245f748f05db0d.sol:661:17: GC: Non strict inequality found. Try converting to a strict one [Warning/gas-strict-inequalities]
/sb/0x0077bcb9899312e8d9c04e531e245f748f05db0d.sol:669:9: Error message for require is too long: 58 counted / 32 allowed [Warning/reason-string]
/sb/0x0077bcb9899312e8d9c04e531e245f748f05db0d.sol:669:9: GC: String exceeds 32 bytes [Warning/gas-small-strings]
/sb/0x0077bcb9899312e8d9c04e531e245f748f05db0d.sol:669:9: GC: Use Custom Errors instead of require statements [Warning/gas-custom-errors]
/sb/0x0077bcb9899312e8d9c04e531e245f748f05db0d.sol:711:5: Missing @notice tag in function 'functionCall' [Warning/use-natspec]
/sb/0x0077bcb9899312e8d9c04e531e245f748f05db0d.sol:711:5: Missing @param tag in function 'functionCall' [Warning/use-natspec]
/sb/0x0077bcb9899312e8d9c04e531e245f748f05db0d.sol:711:5: Mismatch in @param names for function 'functionCall'. Expected: [target, data], Found: [] [Warning/use-natspec]
/sb/0x0077bcb9899312e8d9c04e531e245f748f05db0d.sol:711:5: Missing @return tag in function 'functionCall' [Warning/use-natspec]
/sb/0x0077bcb9899312e8d9c04e531e245f748f05db0d.sol:711:5: Mismatch in @return count for function 'functionCall'. Expected: 1, Found: 0 [Warning/use-natspec]
/sb/0x0077bcb9899312e8d9c04e531e245f748f05db0d.sol:731:5: Missing @notice tag in function 'functionCall' [Warning/use-natspec]
/sb/0x0077bcb9899312e8d9c04e531e245f748f05db0d.sol:731:5: Missing @param tag in function 'functionCall' [Warning/use-natspec]
/sb/0x0077bcb9899312e8d9c04e531e245f748f05db0d.sol:731:5: Mismatch in @param names for function 'functionCall'. Expected: [target, data, errorMessage], Found: [] [Warning/use-natspec]
/sb/0x0077bcb9899312e8d9c04e531e245f748f05db0d.sol:731:5: Missing @return tag in function 'functionCall' [Warning/use-natspec]
/sb/0x0077bcb9899312e8d9c04e531e245f748f05db0d.sol:731:5: Mismatch in @return count for function 'functionCall'. Expected: 1, Found: 0 [Warning/use-natspec]
/sb/0x0077bcb9899312e8d9c04e531e245f748f05db0d.sol:761:5: Missing @notice tag in function 'functionCallWithValue' [Warning/use-natspec]
/sb/0x0077bcb9899312e8d9c04e531e245f748f05db0d.sol:761:5: Missing @param tag in function 'functionCallWithValue' [Warning/use-natspec]
/sb/0x0077bcb9899312e8d9c04e531e245f748f05db0d.sol:761:5: Mismatch in @param names for function 'functionCallWithValue'. Expected: [target, data, value], Found: [] [Warning/use-natspec]
/sb/0x0077bcb9899312e8d9c04e531e245f748f05db0d.sol:761:5: Missing @return tag in function 'functionCallWithValue' [Warning/use-natspec]
/sb/0x0077bcb9899312e8d9c04e531e245f748f05db0d.sol:761:5: Mismatch in @return count for function 'functionCallWithValue'. Expected: 1, Found: 0 [Warning/use-natspec]
/sb/0x0077bcb9899312e8d9c04e531e245f748f05db0d.sol:763:16: GC: String exceeds 32 bytes [Warning/gas-small-strings]
/sb/0x0077bcb9899312e8d9c04e531e245f748f05db0d.sol:781:5: Missing @notice tag in function 'functionCallWithValue' [Warning/use-natspec]
/sb/0x0077bcb9899312e8d9c04e531e245f748f05db0d.sol:781:5: Missing @param tag in function 'functionCallWithValue' [Warning/use-natspec]
/sb/0x0077bcb9899312e8d9c04e531e245f748f05db0d.sol:781:5: Mismatch in @param names for function 'functionCallWithValue'. Expected: [target, data, value, errorMessage], Found: [] [Warning/use-natspec]
/sb/0x0077bcb9899312e8d9c04e531e245f748f05db0d.sol:781:5: Missing @return tag in function 'functionCallWithValue' [Warning/use-natspec]
/sb/0x0077bcb9899312e8d9c04e531e245f748f05db0d.sol:781:5: Mismatch in @return count for function 'functionCallWithValue'. Expected: 1, Found: 0 [Warning/use-natspec]
/sb/0x0077bcb9899312e8d9c04e531e245f748f05db0d.sol:783:9: Error message for require is too long: 38 counted / 32 allowed [Warning/reason-string]
/sb/0x0077bcb9899312e8d9c04e531e245f748f05db0d.sol:783:9: GC: String exceeds 32 bytes [Warning/gas-small-strings]
/sb/0x0077bcb9899312e8d9c04e531e245f748f05db0d.sol:783:9: GC: Use Custom Errors instead of require statements [Warning/gas-custom-errors]
/sb/0x0077bcb9899312e8d9c04e531e245f748f05db0d.sol:783:17: GC: Non strict inequality found. Try converting to a strict one [Warning/gas-strict-inequalities]
/sb/0x0077bcb9899312e8d9c04e531e245f748f05db0d.sol:785:9: GC: Use Custom Errors instead of require statements [Warning/gas-custom-errors]
/sb/0x0077bcb9899312e8d9c04e531e245f748f05db0d.sol:811:5: Missing @notice tag in function 'functionStaticCall' [Warning/use-natspec]
/sb/0x0077bcb9899312e8d9c04e531e245f748f05db0d.sol:811:5: Missing @param tag in function 'functionStaticCall' [Warning/use-natspec]
/sb/0x0077bcb9899312e8d9c04e531e245f748f05db0d.sol:811:5: Mismatch in @param names for function 'functionStaticCall'. Expected: [target, data], Found: [] [Warning/use-natspec]
/sb/0x0077bcb9899312e8d9c04e531e245f748f05db0d.sol:811:5: Missing @return tag in function 'functionStaticCall' [Warning/use-natspec]
/sb/0x0077bcb9899312e8d9c04e531e245f748f05db0d.sol:811:5: Mismatch in @return count for function 'functionStaticCall'. Expected: 1, Found: 0 [Warning/use-natspec]
/sb/0x0077bcb9899312e8d9c04e531e245f748f05db0d.sol:813:16: GC: String exceeds 32 bytes [Warning/gas-small-strings]
/sb/0x0077bcb9899312e8d9c04e531e245f748f05db0d.sol:831:5: Missing @notice tag in function 'functionStaticCall' [Warning/use-natspec]
/sb/0x0077bcb9899312e8d9c04e531e245f748f05db0d.sol:831:5: Missing @param tag in function 'functionStaticCall' [Warning/use-natspec]
/sb/0x0077bcb9899312e8d9c04e531e245f748f05db0d.sol:831:5: Mismatch in @param names for function 'functionStaticCall'. Expected: [target, data, errorMessage], Found: [] [Warning/use-natspec]
/sb/0x0077bcb9899312e8d9c04e531e245f748f05db0d.sol:831:5: Missing @return tag in function 'functionStaticCall' [Warning/use-natspec]
/sb/0x0077bcb9899312e8d9c04e531e245f748f05db0d.sol:831:5: Mismatch in @return count for function 'functionStaticCall'. Expected: 1, Found: 0 [Warning/use-natspec]
/sb/0x0077bcb9899312e8d9c04e531e245f748f05db0d.sol:833:9: Error message for require is too long: 36 counted / 32 allowed [Warning/reason-string]
/sb/0x0077bcb9899312e8d9c04e531e245f748f05db0d.sol:833:9: GC: String exceeds 32 bytes [Warning/gas-small-strings]
/sb/0x0077bcb9899312e8d9c04e531e245f748f05db0d.sol:833:9: GC: Use Custom Errors instead of require statements [Warning/gas-custom-errors]
/sb/0x0077bcb9899312e8d9c04e531e245f748f05db0d.sol:859:5: Missing @notice tag in function 'functionDelegateCall' [Warning/use-natspec]
/sb/0x0077bcb9899312e8d9c04e531e245f748f05db0d.sol:859:5: Missing @param tag in function 'functionDelegateCall' [Warning/use-natspec]
/sb/0x0077bcb9899312e8d9c04e531e245f748f05db0d.sol:859:5: Mismatch in @param names for function 'functionDelegateCall'. Expected: [target, data], Found: [] [Warning/use-natspec]
/sb/0x0077bcb9899312e8d9c04e531e245f748f05db0d.sol:859:5: Missing @return tag in function 'functionDelegateCall' [Warning/use-natspec]
/sb/0x0077bcb9899312e8d9c04e531e245f748f05db0d.sol:859:5: Mismatch in @return count for function 'functionDelegateCall'. Expected: 1, Found: 0 [Warning/use-natspec]
/sb/0x0077bcb9899312e8d9c04e531e245f748f05db0d.sol:861:16: GC: String exceeds 32 bytes [Warning/gas-small-strings]
/sb/0x0077bcb9899312e8d9c04e531e245f748f05db0d.sol:879:5: Missing @notice tag in function 'functionDelegateCall' [Warning/use-natspec]
/sb/0x0077bcb9899312e8d9c04e531e245f748f05db0d.sol:879:5: Missing @param tag in function 'funct
