A new version of Solhint is available: 6.0.1
Please consider updating your Solhint package.
/sb/0x00c3bedb44d4e3521563de947f6800aa4302c441.sol:5:1: Found more than One contract per file. 6 contracts found! [Warning/one-contract-per-file]
/sb/0x00c3bedb44d4e3521563de947f6800aa4302c441.sol:5:1: Compiler version >=0.6.0 does not satisfy the ^0.8.24 semver requirement [Error/compiler-version]
/sb/0x00c3bedb44d4e3521563de947f6800aa4302c441.sol:15:1: Missing @title tag in contract 'Address' [Warning/use-natspec]
/sb/0x00c3bedb44d4e3521563de947f6800aa4302c441.sol:15:1: Missing @author tag in contract 'Address' [Warning/use-natspec]
/sb/0x00c3bedb44d4e3521563de947f6800aa4302c441.sol:15:1: Missing @notice tag in contract 'Address' [Warning/use-natspec]
/sb/0x00c3bedb44d4e3521563de947f6800aa4302c441.sol:51:5: Missing @notice tag in function 'isContract' [Warning/use-natspec]
/sb/0x00c3bedb44d4e3521563de947f6800aa4302c441.sol:51:5: Missing @param tag in function 'isContract' [Warning/use-natspec]
/sb/0x00c3bedb44d4e3521563de947f6800aa4302c441.sol:51:5: Mismatch in @param names for function 'isContract'. Expected: [account], Found: [] [Warning/use-natspec]
/sb/0x00c3bedb44d4e3521563de947f6800aa4302c441.sol:51:5: Missing @return tag in function 'isContract' [Warning/use-natspec]
/sb/0x00c3bedb44d4e3521563de947f6800aa4302c441.sol:51:5: Mismatch in @return count for function 'isContract'. Expected: 1, Found: 0 [Warning/use-natspec]
/sb/0x00c3bedb44d4e3521563de947f6800aa4302c441.sol:65:9: Avoid to use inline assembly. It is acceptable only in rare cases [Warning/no-inline-assembly]
/sb/0x00c3bedb44d4e3521563de947f6800aa4302c441.sol:105:5: Missing @notice tag in function 'sendValue' [Warning/use-natspec]
/sb/0x00c3bedb44d4e3521563de947f6800aa4302c441.sol:105:5: Missing @param tag in function 'sendValue' [Warning/use-natspec]
/sb/0x00c3bedb44d4e3521563de947f6800aa4302c441.sol:105:5: Mismatch in @param names for function 'sendValue'. Expected: [recipient, amount], Found: [] [Warning/use-natspec]
/sb/0x00c3bedb44d4e3521563de947f6800aa4302c441.sol:107:9: GC: Use Custom Errors instead of require statements [Warning/gas-custom-errors]
/sb/0x00c3bedb44d4e3521563de947f6800aa4302c441.sol:107:17: GC: Non strict inequality found. Try converting to a strict one [Warning/gas-strict-inequalities]
/sb/0x00c3bedb44d4e3521563de947f6800aa4302c441.sol:115:9: Error message for require is too long: 58 counted / 32 allowed [Warning/reason-string]
/sb/0x00c3bedb44d4e3521563de947f6800aa4302c441.sol:115:9: GC: String exceeds 32 bytes [Warning/gas-small-strings]
/sb/0x00c3bedb44d4e3521563de947f6800aa4302c441.sol:115:9: GC: Use Custom Errors instead of require statements [Warning/gas-custom-errors]
/sb/0x00c3bedb44d4e3521563de947f6800aa4302c441.sol:157:5: Missing @notice tag in function 'functionCall' [Warning/use-natspec]
/sb/0x00c3bedb44d4e3521563de947f6800aa4302c441.sol:157:5: Missing @param tag in function 'functionCall' [Warning/use-natspec]
/sb/0x00c3bedb44d4e3521563de947f6800aa4302c441.sol:157:5: Mismatch in @param names for function 'functionCall'. Expected: [target, data], Found: [] [Warning/use-natspec]
/sb/0x00c3bedb44d4e3521563de947f6800aa4302c441.sol:157:5: Missing @return tag in function 'functionCall' [Warning/use-natspec]
/sb/0x00c3bedb44d4e3521563de947f6800aa4302c441.sol:157:5: Mismatch in @return count for function 'functionCall'. Expected: 1, Found: 0 [Warning/use-natspec]
/sb/0x00c3bedb44d4e3521563de947f6800aa4302c441.sol:177:5: Missing @notice tag in function 'functionCall' [Warning/use-natspec]
/sb/0x00c3bedb44d4e3521563de947f6800aa4302c441.sol:177:5: Missing @param tag in function 'functionCall' [Warning/use-natspec]
/sb/0x00c3bedb44d4e3521563de947f6800aa4302c441.sol:177:5: Mismatch in @param names for function 'functionCall'. Expected: [target, data, errorMessage], Found: [] [Warning/use-natspec]
/sb/0x00c3bedb44d4e3521563de947f6800aa4302c441.sol:177:5: Missing @return tag in function 'functionCall' [Warning/use-natspec]
/sb/0x00c3bedb44d4e3521563de947f6800aa4302c441.sol:177:5: Mismatch in @return count for function 'functionCall'. Expected: 1, Found: 0 [Warning/use-natspec]
/sb/0x00c3bedb44d4e3521563de947f6800aa4302c441.sol:207:5: Missing @notice tag in function 'functionCallWithValue' [Warning/use-natspec]
/sb/0x00c3bedb44d4e3521563de947f6800aa4302c441.sol:207:5: Missing @param tag in function 'functionCallWithValue' [Warning/use-natspec]
/sb/0x00c3bedb44d4e3521563de947f6800aa4302c441.sol:207:5: Mismatch in @param names for function 'functionCallWithValue'. Expected: [target, data, value], Found: [] [Warning/use-natspec]
/sb/0x00c3bedb44d4e3521563de947f6800aa4302c441.sol:207:5: Missing @return tag in function 'functionCallWithValue' [Warning/use-natspec]
/sb/0x00c3bedb44d4e3521563de947f6800aa4302c441.sol:207:5: Mismatch in @return count for function 'functionCallWithValue'. Expected: 1, Found: 0 [Warning/use-natspec]
/sb/0x00c3bedb44d4e3521563de947f6800aa4302c441.sol:209:16: GC: String exceeds 32 bytes [Warning/gas-small-strings]
/sb/0x00c3bedb44d4e3521563de947f6800aa4302c441.sol:227:5: Missing @notice tag in function 'functionCallWithValue' [Warning/use-natspec]
/sb/0x00c3bedb44d4e3521563de947f6800aa4302c441.sol:227:5: Missing @param tag in function 'functionCallWithValue' [Warning/use-natspec]
/sb/0x00c3bedb44d4e3521563de947f6800aa4302c441.sol:227:5: Mismatch in @param names for function 'functionCallWithValue'. Expected: [target, data, value, errorMessage], Found: [] [Warning/use-natspec]
/sb/0x00c3bedb44d4e3521563de947f6800aa4302c441.sol:227:5: Missing @return tag in function 'functionCallWithValue' [Warning/use-natspec]
/sb/0x00c3bedb44d4e3521563de947f6800aa4302c441.sol:227:5: Mismatch in @return count for function 'functionCallWithValue'. Expected: 1, Found: 0 [Warning/use-natspec]
/sb/0x00c3bedb44d4e3521563de947f6800aa4302c441.sol:229:9: Error message for require is too long: 38 counted / 32 allowed [Warning/reason-string]
/sb/0x00c3bedb44d4e3521563de947f6800aa4302c441.sol:229:9: GC: String exceeds 32 bytes [Warning/gas-small-strings]
/sb/0x00c3bedb44d4e3521563de947f6800aa4302c441.sol:229:9: GC: Use Custom Errors instead of require statements [Warning/gas-custom-errors]
/sb/0x00c3bedb44d4e3521563de947f6800aa4302c441.sol:229:17: GC: Non strict inequality found. Try converting to a strict one [Warning/gas-strict-inequalities]
/sb/0x00c3bedb44d4e3521563de947f6800aa4302c441.sol:237:5: Missing @notice tag in function '_functionCallWithValue' [Warning/use-natspec]
/sb/0x00c3bedb44d4e3521563de947f6800aa4302c441.sol:237:5: Missing @param tag in function '_functionCallWithValue' [Warning/use-natspec]
/sb/0x00c3bedb44d4e3521563de947f6800aa4302c441.sol:237:5: Mismatch in @param names for function '_functionCallWithValue'. Expected: [target, data, weiValue, errorMessage], Found: [] [Warning/use-natspec]
/sb/0x00c3bedb44d4e3521563de947f6800aa4302c441.sol:237:5: Missing @return tag in function '_functionCallWithValue' [Warning/use-natspec]
/sb/0x00c3bedb44d4e3521563de947f6800aa4302c441.sol:237:5: Mismatch in @return count for function '_functionCallWithValue'. Expected: 1, Found: 0 [Warning/use-natspec]
/sb/0x00c3bedb44d4e3521563de947f6800aa4302c441.sol:239:9: GC: Use Custom Errors instead of require statements [Warning/gas-custom-errors]
/sb/0x00c3bedb44d4e3521563de947f6800aa4302c441.sol:263:17: Avoid to use inline assembly. It is acceptable only in rare cases [Warning/no-inline-assembly]
/sb/0x00c3bedb44d4e3521563de947f6800aa4302c441.sol:311:1: Missing @title tag in contract 'SafeMath' [Warning/use-natspec]
/sb/0x00c3bedb44d4e3521563de947f6800aa4302c441.sol:311:1: Missing @author tag in contract 'SafeMath' [Warning/use-natspec]
/sb/0x00c3bedb44d4e3521563de947f6800aa4302c441.sol:311:1: Missing @notice tag in contract 'SafeMath' [Warning/use-natspec]
/sb/0x00c3bedb44d4e3521563de947f6800aa4302c441.sol:333:5: Missing @notice tag in function 'add' [Warning/use-natspec]
/sb/0x00c3bedb44d4e3521563de947f6800aa4302c441.sol:333:5: Missing @param tag in function 'add' [Warning/use-natspec]
/sb/0x00c3bedb44d4e3521563de947f6800aa4302c441.sol:333:5: Mismatch in @param names for function 'add'. Expected: [a, b], Found: [] [Warning/use-natspec]
/sb/0x00c3bedb44d4e3521563de947f6800aa4302c441.sol:333:5: Missing @return tag in function 'add' [Warning/use-natspec]
/sb/0x00c3bedb44d4e3521563de947f6800aa4302c441.sol:333:5: Mismatch in @return count for function 'add'. Expected: 1, Found: 0 [Warning/use-natspec]
/sb/0x00c3bedb44d4e3521563de947f6800aa4302c441.sol:337:9: GC: Use Custom Errors instead of require statements [Warning/gas-custom-errors]
/sb/0x00c3bedb44d4e3521563de947f6800aa4302c441.sol:337:17: GC: Non strict inequality found. Try converting to a strict one [Warning/gas-strict-inequalities]
/sb/0x00c3bedb44d4e3521563de947f6800aa4302c441.sol:367:5: Missing @notice tag in function 'sub' [Warning/use-natspec]
/sb/0x00c3bedb44d4e3521563de947f6800aa4302c441.sol:367:5: Missing @param tag in function 'sub' [Warning/use-natspec]
/sb/0x00c3bedb44d4e3521563de947f6800aa4302c441.sol:367:5: Mismatch in @param names for function 'sub'. Expected: [a, b], Found: [] [Warning/use-natspec]
/sb/0x00c3bedb44d4e3521563de947f6800aa4302c441.sol:367:5: Missing @return tag in function 'sub' [Warning/use-natspec]
/sb/0x00c3bedb44d4e3521563de947f6800aa4302c441.sol:367:5: Mismatch in @return count for function 'sub'. Expected: 1, Found: 0 [Warning/use-natspec]
/sb/0x00c3bedb44d4e3521563de947f6800aa4302c441.sol:395:5: Missing @notice tag in function 'sub' [Warning/use-natspec]
/sb/0x00c3bedb44d4e3521563de947f6800aa4302c441.sol:395:5: Missing @param tag in function 'sub' [Warning/use-natspec]
/sb/0x00c3bedb44d4e3521563de947f6800aa4302c441.sol:395:5: Mismatch in @param names for function 'sub'. Expected: [a, b, errorMessage], Found: [] [Warning/use-natspec]
/sb/0x00c3bedb44d4e3521563de947f6800aa4302c441.sol:395:5: Missing @return tag in function 'sub' [Warning/use-natspec]
/sb/0x00c3bedb44d4e3521563de947f6800aa4302c441.sol:395:5: Mismatch in @return count for function 'sub'. Expected: 1, Found: 0 [Warning/use-natspec]
/sb/0x00c3bedb44d4e3521563de947f6800aa4302c441.sol:397:9: GC: Use Custom Errors instead of require statements [Warning/gas-custom-errors]
/sb/0x00c3bedb44d4e3521563de947f6800aa4302c441.sol:397:17: GC: Non strict inequality found. Try converting to a strict one [Warning/gas-strict-inequalities]
/sb/0x00c3bedb44d4e3521563de947f6800aa4302c441.sol:429:5: Missing @notice tag in function 'mul' [Warning/use-natspec]
/sb/0x00c3bedb44d4e3521563de947f6800aa4302c441.sol:429:5: Missing @param tag in function 'mul' [Warning/use-natspec]
/sb/0x00c3bedb44d4e3521563de947f6800aa4302c441.sol:429:5: Mismatch in @param names for function 'mul'. Expected: [a, b], Found: [] [Warning/use-natspec]
/sb/0x00c3bedb44d4e3521563de947f6800aa4302c441.sol:429:5: Missing @return tag in function 'mul' [Warning/use-natspec]
/sb/0x00c3bedb44d4e3521563de947f6800aa4302c441.sol:429:5: Mismatch in @return count for function 'mul'. Expected: 1, Found: 0 [Warning/use-natspec]
/sb/0x00c3bedb44d4e3521563de947f6800aa4302c441.sol:447:9: Error message for require is too long: 33 counted / 32 allowed [Warning/reason-string]
/sb/0x00c3bedb44d4e3521563de947f6800aa4302c441.sol:447:9: GC: String exceeds 32 bytes [Warning/gas-small-strings]
/sb/0x00c3bedb44d4e3521563de947f6800aa4302c441.sol:447:9: GC: Use Custom Errors instead of require statements [Warning/gas-custom-errors]
/sb/0x00c3bedb44d4e3521563de947f6800aa4302c441.sol:481:5: Missing @notice tag in function 'div' [Warning/use-natspec]
/sb/0x00c3bedb44d4e3521563de947f6800aa4302c441.sol:481:5: Missing @param tag in function 'div' [Warning/use-natspec]
/sb/0x00c3bedb44d4e3521563de947f6800aa4302c441.sol:481:5: Mismatch in @param names for function 'div'. Expected: [a, b], Found: [] [Warning/use-natspec]
/sb/0x00c3bedb44d4e3521563de947f6800aa4302c441.sol:481:5: Missing @return tag in function 'div' [Warning/use-natspec]
/sb/0x00c3bedb44d4e3521563de947f6800aa4302c441.sol:481:5: Mismatch in @return count for function 'div'. Expected: 1, Found: 0 [Warning/use-natspec]
/sb/0x00c3bedb44d4e3521563de947f6800aa4302c441.sol:513:5: Missing @notice tag in function 'div' [Warning/use-natspec]
/sb/0x00c3bedb44d4e3521563de947f6800aa4302c441.sol:513:5: Missing @param tag in function 'div' [Warning/use-natspec]
/sb/0x00c3bedb44d4e3521563de947f6800aa4302c441.sol:513:5: Mismatch in @param names for function 'div'. Expected: [a, b, errorMessage], Found: [] [Warning/use-natspec]
/sb/0x00c3bedb44d4e3521563de947f6800aa4302c441.sol:513:5: Missing @return tag in function 'div' [Warning/use-natspec]
/sb/0x00c3bedb44d4e3521563de947f6800aa4302c441.sol:513:5: Mismatch in @return count for function 'div'. Expected: 1, Found: 0 [Warning/use-natspec]
/sb/0x00c3bedb44d4e3521563de947f6800aa4302c441.sol:515:9: GC: Use Custom Errors instead of require statements [Warning/gas-custom-errors]
/sb/0x00c3bedb44d4e3521563de947f6800aa4302c441.sol:553:5: Missing @notice tag in function 'mod' [Warning/use-natspec]
/sb/0x00c3bedb44d4e3521563de947f6800aa4302c441.sol:553:5: Missing @param tag in function 'mod' [Warning/use-natspec]
/sb/0x00c3bedb44d4e3521563de947f6800aa4302c441.sol:553:5: Mismatch in @param names for function 'mod'. Expected: [a, b], Found: [] [Warning/use-natspec]
/sb/0x00c3bedb44d4e3521563de947f6800aa4302c441.sol:553:5: Missing @return tag in function 'mod' [Warning/use-natspec]
/sb/0x00c3bedb44d4e3521563de947f6800aa4302c441.sol:553:5: Mismatch in @return count for function 'mod'. Expected: 1, Found: 0 [Warning/use-natspec]
/sb/0x00c3bedb44d4e3521563de947f6800aa4302c441.sol:585:5: Missing @notice tag in function 'mod' [Warning/use-natspec]
/sb/0x00c3bedb44d4e3521563de947f6800aa4302c441.sol:585:5: Missing @param tag in function 'mod' [Warning/use-natspec]
/sb/0x00c3bedb44d4e3521563de947f6800aa4302c441.sol:585:5: Mismatch in @param names for function 'mod'. Expected: [a, b, errorMessage], Found: [] [Warning/use-natspec]
/sb/0x00c3bedb44d4e3521563de947f6800aa4302c441.sol:585:5: Missing @return tag in function 'mod' [Warning/use-natspec]
/sb/0x00c3bedb44d4e3521563de947f6800aa4302c441.sol:585:5: Mismatch in @return count for function 'mod'. Expected: 1, Found: 0 [Warning/use-natspec]
/sb/0x00c3bedb44d4e3521563de947f6800aa4302c441.sol:587:9: GC: Use Custom Errors instead of require statements [Warning/gas-custom-errors]
/sb/0x00c3bedb44d4e3521563de947f6800aa4302c441.sol:617:1: Missing @title tag in contract 'Context' [Warning/use-natspec]
/sb/0x00c3bedb44d4e3521563de947f6800aa4302c441.sol:617:1: Missing @author tag in contract 'Context' [Warning/use-natspec]
/sb/0x00c3bedb44d4e3521563de947f6800aa4302c441.sol:617:1: Missing @notice tag in contract 'Context' [Warning/use-natspec]
/sb/0x00c3bedb44d4e3521563de947f6800aa4302c441.sol:619:5: Missing @notice tag in function '_msgSender' [Warning/use-natspec]
/sb/0x00c3bedb44d4e3521563de947f6800aa4302c441.sol:619:5: Missing @return tag in function '_msgSender' [Warning/use-natspec]
/sb/0x00c3bedb44d4e3521563de947f6800aa4302c441.sol:619:5: Mismatch in @return names for function '_msgSender'. Expected: [payable], Found: [] [Warning/use-natspec]
/sb/0x00c3bedb44d4e3521563de947f6800aa4302c441.sol:627:5: Missing @notice tag in function '_msgData' [Warning/use-natspec]
/sb/0x00c3bedb44d4e3521563de947f6800aa4302c441.sol:627:5: Missing @return tag in function '_msgData' [Warning/use-natspec]
/sb/0x00c3bedb44d4e3521563de947f6800aa4302c441.sol:627:5: Mismatch in @return count for function '_msgData'. Expected: 1, Found: 0 [Warning/use-natspec]
/sb/0x00c3bedb44d4e3521563de947f6800aa4302c441.sol:645:1: Missing @title tag in contract 'IERC20' [Warning/use-natspec]
/sb/0x00c3bedb44d4e3521563de947f6800aa4302c441.sol:645:1: Missing @author tag in contract 'IERC20' [Warning/use-natspec]
/sb/0x00c3bedb44d4e3521563de947f6800aa4302c441.sol:645:1: Missing @notice tag in contract 'IERC20' [Warning/use-natspec]
/sb/0x00c3bedb44d4e3521563de947f6800aa4302c441.sol:653:5: Missing @notice tag in function 'totalSupply' [Warning/use-natspec]
/sb/0x00c3bedb44d4e3521563de947f6800aa4302c441.sol:653:5: Missing @return tag in function 'totalSupply' [Warning/use-natspec]
/sb/0x00c3bedb44d4e3521563de947f6800aa4302c441.sol:653:5: Mismatch in @return count for function 'totalSupply'. Expected: 1, Found: 0 [Warning/use-natspec]
/sb/0x00c3bedb44d4e3521563de947f6800aa4302c441.sol:663:5: Missing @notice tag in function 'balanceOf' [Warning/use-natspec]
/sb/0x00c3bedb44d4e3521563de947f6800aa4302c441.sol:663:5: Missing @param tag in function 'balanceOf' [Warning/use-natspec]
/sb/0x00c3bedb44d4e3521563de947f6800aa4302c441.sol:663:5: Mismatch in @param names for function 'balanceOf'. Expected: [account], Found: [] [Warning/use-natspec]
/sb/0x00c3bedb44d4e3521563de947f6800aa4302c441.sol:663:5: Missing @return tag in function 'balanceOf' [Warning/use-natspec]
/sb/0x00c3bedb44d4e3521563de947f6800aa4302c441.sol:663:5: Mismatch in @return count for function 'balanceOf'. Expected: 1, Found: 0 [Warning/use-natspec]
/sb/0x00c3bedb44d4e3521563de947f6800aa4302c441.sol:681:5: Missing @notice tag in function 'transfer' [Warning/use-natspec]
/sb/0x00c3bedb44d4e3521563de947f6800aa4302c441.sol:681:5: Missing @param tag in function 'transfer' [Warning/use-natspec]
/sb/0x00c3bedb44d4e3521563de947f6800aa4302c441.sol:681:5: Mismatch in @param names for function 'transfer'. Expected: [recipient, amount], Found: [] [Warning/use-natspec]
/sb/0x00c3bedb44d4e3521563de947f6800aa4302c441.sol:681:5: Missing @return tag in function 'transfer' [Warning/use-natspec]
/sb/0x00c3bedb44d4e3521563de947f6800aa4302c441.sol:681:5: Mismatch in @return count for function 'transfer'. Expected: 1, Found: 0 [Warning/use-natspec]
/sb/0x00c3bedb44d4e3521563de947f6800aa4302c441.sol:699:5: Missing @notice tag in function 'allowance' [Warning/use-natspec]
/sb/0x00c3bedb44d4e3521563de947f6800aa4302c441.sol:699:5: Missing @param tag in function 'allowance' [Warning/use-natspec]
/sb/0x00c3bedb44d4e3521563de947f6800aa4302c441.sol:699:5: Mismatch in @param names for function 'allowance'. Expected: [owner, spender], Found: [] [Warning/use-natspec]
/sb/0x00c3bedb44d4e3521563de947f6800aa4302c441.sol:699:5: Missing @return tag in function 'allowance' [Warning/use-natspec]
/sb/0x00c3bedb44d4e3521563de947f6800aa4302c441.sol:699:5: Mismatch in @return count for function 'allowance'. Expected: 1, Found: 0 [Warning/use-natspec]
/sb/0x00c3bedb44d4e3521563de947f6800aa4302c441.sol:731:5: Missing @notice tag in function 'approve' [Warning/use-natspec]
/sb/0x00c3bedb44d4e3521563de947f6800aa4302c441.sol:731:5: Missing @param tag in function 'approve' [Warning/use-natspec]
/sb/0x00c3bedb44d4e3521563de947f6800aa4302c441.sol:731:5: Mismatch in @param names for function 'approve'. Expected: [spender, amount], Found: [] [Warning/use-natspec]
/sb/0x00c3bedb44d4e3521563de947f6800aa4302c441.sol:731:5: Missing @return tag in function 'approve' [Warning/use-natspec]
/sb/0x00c3bedb44d4e3521563de947f6800aa4302c441.sol:731:5: Mismatch in @return count for function 'approve'. Expected: 1, Found: 0 [Warning/use-natspec]
/sb/0x00c3bedb44d4e3521563de947f6800aa4302c441.sol:753:5: Missing @notice tag in function 'transferFrom' [Warning/use-natspec]
/sb/0x00c3bedb44d4e3521563de947f6800aa4302c441.sol:753:5: Missing @param tag in function 'transferFrom' [Warning/use-natspec]
/sb/0x00c3bedb44d4e3521563de947f6800aa4302c441.sol:753:5: Mismatch in @param names for function 'transferFrom'. Expected: [sender, recipient, amount], Found: [] [Warning/use-natspec]
/sb/0x00c3bedb44d4e3521563de947f6800aa4302c441.sol:753:5: Missing @return tag in function 'transferFrom' [Warning/use-natspec]
/sb/0x00c3bedb44d4e3521563de947f6800aa4302c441.sol:753:5: Mismatch in @return count for function 'transferFrom'. Expected: 1, Found: 0 [Warning/use-natspec]
/sb/0x00c3bedb44d4e3521563de947f6800aa4302c441.sol:769:5: Missing @notice tag in event 'Transfer' [Warning/use-natspec]
/sb/0x00c3bedb44d4e3521563de947f6800aa4302c441.sol:769:5: Missing @param tag in event 'Transfer' [Warning/use-natspec]
/sb/0x00c3bedb44d4e3521563de947f6800aa4302c441.sol:769:5: Mismatch in @param names for event 'Transfer'. Expected: [from, to, value], Found: [] [Warning/use-natspec]
/sb/0x00c3bedb44d4e3521563de947f6800aa4302c441.sol:769:5: GC: [value] on Event [Transfer] could be Indexed [Warning/gas-indexed-events]
/sb/0x00c3bedb44d4e3521563de947f6800aa4302c441.sol:781:5: Missing @notice tag in event 'Approval' [Warning/use-natspec]
/sb/0x00c3bedb44d4e3521563de947f6800aa4302c441.sol:781:5: Missing @param tag in event 'Approval' [Warning/use-natspec]
/sb/0x00c3bedb44d4e3521563de947f6800aa4302c441.sol:781:5: Mismatch in @param names for event 'Approval'. Expected: [owner, spender, value], Found: [] [Warning/use-natspec]
/sb/0x00c3bedb44d4e3521563de947f6800aa4302c441.sol:781:5: GC: [value] on Event [Approval] could be Indexed [Warning/gas-indexed-events]
/sb/0x00c3bedb44d4e3521563de947f6800aa4302c441.sol:835:1: Missing @title tag in contract 'ERC20' [Warning/use-natspec]
/sb/0x00c3bedb44d4e3521563de947f6800aa4302c441.sol:835:1: Missing @author tag in contract 'ERC20' [Warning/use-natspec]
/sb/0x00c3bedb44d4e3521563de947f6800aa4302c441.sol:835:1: Missing @notice tag in contract 'ERC20' [Warning/use-natspec]
/sb/0x00c3bedb44d4e3521563de947f6800aa4302c441.sol:881:5: Missing @notice tag in function '<anonymous>' [Warning/use-natspec]
/sb/0x00c3bedb44d4e3521563de947f6800aa4302c441.sol:881:5: Missing @param tag in function '<anonymous>' [Warning/use-natspec]
/sb/0x00c3bedb44d4e3521563de947f6800aa4302c441.sol:881:5: Mismatch in @param names for function '<anonymous>'. Expected: [name, symbol], Found: [] [Warning/use-natspec]
/sb/0x00c3bedb44d4e3521563de947f6800aa4302c441.sol:899:5: Missing @notice tag in function 'name' [Warning/use-natspec]
/sb/0x00c3bedb44d4e3521563de947f6800aa4302c441.sol:899:5: Missing @return tag in function 'name' [Warning/use-natspec]
/sb/0x00c3bedb44d4e3521563de947f6800aa4302c441.sol:899:5: Mismatch in @return count for function 'name'. Expected: 1, Found: 0 [Warning/use-natspec]
/sb/0x00c3bedb44d4e3521563de947f6800aa4302c441.sol:915:5: Missing @notice tag in function 'symbol' [Warning/use-natspec]
/sb/0x00c3bedb44d4e3521563de947f6800aa4302c441.sol:915:5: Missing @return tag in function 'symbol' [Warning/use-natspec]
/sb/0x00c3bedb44d4e3521563de947f6800aa4302c441.sol:915:5: Mismatch in @return count for function 'symbol'. Expected: 1, Found: 0 [Warning/use-natspec]
/sb/0x00c3bedb44d4e3521563de947f6800aa4302c441.sol:949:5: Missing @notice tag in function 'decimals' [Warning/use-natspec]
/sb/0x00c3bedb44d4e3521563de947f6800aa4302c441.sol:949:5: Missing @return tag in function 'decimals' [Warning/use-natspec]
/sb/0x00c3bedb44d4e3521563de947f6800aa4302c441.sol:949:5: Mismatch in @return count for function 'decimals'. Expected: 1, Found: 0 [Warning/use-natspec]
/sb/0x00c3bedb44d4e3521563de947f6800aa4302c441.sol:963:5: Missing @notice tag in function 'totalSupply' [Warning/use-natspec]
/sb/0x00c3bedb44d4e3521563de947f6800aa4302c441.sol:963:5: Missing @return tag in function 'totalSupply' [Warning/use-natspec]
/sb/0x00c3bedb44d4e3521563de947f6800aa4302c441.sol:963:5: Mismatch in @return count for function 'totalSupply'. Expected: 1, Found: 0 [Warning/use-natspec]
/sb/0x00c3bedb44d4e3521563de947f6800aa4302c441.sol:977:5: Missing @notice tag in function 'balanceOf' [Warning/use-natspec]
/sb/0x00c3bedb44d4e3521563de947f6800aa4302c441.sol:977:5: Missing @param tag in function 'balanceOf' [Warning/use-natspec]
/sb/0x00c3bedb44d4e3521563de947f6800aa4302c441.sol:977:5: Mismatch in @param names for function 'balanceOf'. Expected: [account], Found: [] [Warning/use-natspec]
/sb/0x00c3bedb44d4e3521563de947f6800aa4302c441.sol:977:5: Missing @return tag in function 'balanceOf' [Warning/use-natspec]
/sb/0x00c3bedb44d4e3521563de947f6800aa4302c441.sol:977:5: Mismatch in @return count for function 'balanceOf'. Expected: 1, Found: 0 [Warning/use-natspec]
/sb/0x00c3bedb44d4e3521563de947f6800aa4302c441.sol:1001:5: Missing @notice tag in function 'transfer' [Warning/use-natspec]
/sb/0x00c3bedb44d4e3521563de947f6800aa4302c441.sol:1001:5: Missing @param tag in function 'transfer' [Warning/use-natspec]
/sb/0x00c3bedb44d4e3521563de947f6800aa4302c441.sol:1001:5: Mismatch in @param names for function 'transfer'. Expected: [recipient, amount], Found: [] [Warning/use-natspec]
/sb/0x00c3bedb44d4e3521563de947f6800aa4302c441.sol:1001:5: Missing @return tag in function 'transfer' [Warning/use-natspec]
/sb/0x00c3bedb44d4e3521563de947f6800aa4302c441.sol:1001:5: Mismatch in @return count for function 'transfer'. Expected: 1, Found: 0 [Warning/use-natspec]
/sb/0x00c3bedb44d4e3521563de947f6800aa4302c441.sol:1017:5: Missing @notice tag in function 'allowance' [Warning/use-natspec]
/sb/0x00c3bedb44d4e3521563de947f6800aa4302c441.sol:1017:5: Missing @param tag in function 'allowance' [Warning/use-natspec]
/sb/0x00c3bedb44d4e3521563de947f6800aa4302c441.sol:1017:5: Mismatch in @param names for function 'allowance'. Expected: [owner, spender], Found: [] [Warning/use-natspec]
/sb/0x00c3bedb44d4e3521563de947f6800aa4302c441.sol:1017:5: Missing @return tag in function 'allowance' [Warning/use-natspec]
/sb/0x00c3bedb44d4e3521563de947f6800aa4302c441.sol:1017:5: Mismatch in @return count for function 'allowance'. Expected: 1, Found: 0 [Warning/use-natspec]
/sb/0x00c3bedb44d4e3521563de947f6800aa4302c441.sol:1039:5: Missing @notice tag in function 'approve' [Warning/use-natspec]
/sb/0x00c3bedb44d4e3521563de947f6800aa4302c441.sol:1039:5: Missing @param tag in function 'approve' [Warning/use-natspec]
/sb/0x00c3bedb44d4e3521563de947f6800aa4302c441.sol:1039:5: Mismatch in @param names for function 'approve'. Expected: [spender, amount], Found: [] [Warning/use-natspec]
/sb/0x00c3bedb44d4e3521563de947f6800aa4302c441.sol:1039:5: Missing @return tag in function 'approve' [Warning/use-natspec]
/sb/0x00c3bedb44d4e3521563de947f6800aa4302c441.sol:1039:5: Mismatch in @return count for function 'approve'. Expected: 1, Found: 0 [Warning/use-natspec]
/sb/0x00c3bedb44d4e3521563de947f6800aa4302c441.sol:1073:5: Missing @notice tag in function 'transferFrom' [Warning/use-natspec]
/sb/0x00c3bedb44d4e3521563de947f6800aa4302c441.sol:1073:5: Missing @param tag in function 'transferFrom' [Warning/use-natspec]
/sb/0x00c3bedb44d4e3521563de947f6800aa4302c441.sol:1073:5: Mismatch in @param names for function 'transferFrom'. Expected: [sender, recipient, amount], Found: [] [Warning/use-natspec]
/sb/0x00c3bedb44d4e3521563de947f6800aa4302c441.sol:1073:5: Missing @return tag in function 'transferFrom' [Warning/use-natspec]
/sb/0x00c3bedb44d4e3521563de947f6800aa4302c441.sol:1073:5: Mismatch in @return count for function 'transferFrom'. Expected: 1, Found: 0 [Warning/use-natspec]
/sb/0x00c3bedb44d4e3521563de947f6800aa4302c441.sol:1077:40: GC: String exceeds 32 bytes [Warning/gas-small-strings]
/sb/0x00c3bedb44d4e3521563de947f6800aa4302c441.sol:1109:5: Missing @notice tag in function 'increaseAllowance' [Warning/use-natspec]
/sb/0x00c3bedb44d4e3521563de947f6800aa4302c441.sol:1109:5: Missing @param tag in function 'increaseAllowance' [Warning/use-natspec]
/sb/0x00c3bedb44d4e3521563de947f6800aa4302c441.sol:1109:5: Mismatch in @param names for function 'increaseAllowance'. Expected: [spender, addedValue], Found: [] [Warning/use-natspec]
/sb/0x00c3bedb44d4e3521563de947f6800aa4302c441.sol:1109:5: Missing @return tag in function 'increaseAllowance' [Warning/use-natspec]
/sb/0x00c3bedb44d4e3521563de947f6800aa4302c441.sol:1109:5: Mismatch in @return count for function 'increaseAllowance'. Expected: 1, Found: 0 [Warning/use-natspec]
/sb/0x00c3bedb44d4e3521563de947f6800aa4302c441.sol:1147:5: Missing @notice tag in function 'decreaseAllowance' [Warning/use-natspec]
/sb/0x00c3bedb44d4e3521563de947f6800aa4302c441.sol:1147:5: Missing @param tag in function 'decreaseAllowance' [Warning/use-natspec]
/sb/0x00c3bedb44d4e3521563de947f6800aa4302c441.sol:1147:5: Mismatch in @param names for function 'decreaseAllowance'. Expected: [spender, subtractedValue], Found: [] [Warning/use-natspec]
/sb/0x00c3bedb44d4e3521563de947f6800aa4302c441.sol:1147:5: Missing @return tag in function 'decreaseAllowance' [Warning/use-natspec]
/sb/0x00c3bedb44d4e3521563de947f6800aa4302c441.sol:1147:5: Mismatch in @return count for function 'decreaseAllowance'. Expected: 1, Found: 0 [Warning/use-natspec]
/sb/0x00c3bedb44d4e3521563de947f6800aa4302c441.sol:1149:41: GC: String exceeds 32 bytes [Warning/gas-small-strings]
/sb/0x00c3bedb44d4e3521563de947f6800aa4302c441.sol:1185:5: Missing @notice tag in function '_transfer' [Warning/use-natspec]
/sb/0x00c3bedb44d4e3521563de947f6800aa4302c441.sol:1185:5: Missing @param tag in function '_transfer' [Warning/use-natspec]
/sb/0x00c3bedb44d4e3521563de947f6800aa4302c441.sol:1185:5: Mismatch in @param names for function '_transfer'. Expected: [sender, recipient, amount], Found: [] [Warning/use-natspec]
/sb/0x00c3bedb44d4e3521563de947f6800aa4302c441.sol:1187:9: Error message for require is too long: 37 counted / 32 allowed [Warning/reason-string]
/sb/0x00c3bedb44d4e3521563de947f6800aa4302c441.sol:1187:9: GC: String exceeds 32 bytes [Warning/gas-small-strings]
/sb/0x00c3bedb44d4e3521563de947f6800aa4302c441.sol:1187:9: GC: Use Custom Errors instead of require statements [Warning/gas-custom-errors]
/sb/0x00c3bedb44d4e3521563de947f6800aa4302c441.sol:1189:9: Error message for require is too long: 35 counted / 32 allowed [Warning/reason-string]
/sb/0x00c3bedb44d4e3521563de947f6800aa4302c441.sol:1189:9: GC: String exceeds 32 bytes [Warning/gas-small-strings]
/sb/0x00c3bedb44d4e3521563de947f6800aa4302c441.sol:1189:9: GC: Use Custom Errors instead of require statements [Warning/gas-custom-errors]
/sb/0x00c3bedb44d4e3521563de947f6800aa4302c441.sol:1197:29: GC: String exceeds 32 bytes [Warning/gas-small-strings]
/sb/0x00c3bedb44d4e3521563de947f6800aa4302c441.sol:1225:5: Missing @notice tag in function '_mint' [Warning/use-natspec]
/sb/0x00c3bedb44d4e3521563de947f6800aa4302c441.sol:1225:5: Missing @param tag in function '_mint' [Warning/use-natspec]
/sb/0x00c3bedb44d4e3521563de947f6800aa4302c441.sol:1225:5: Mismatch in @param names for function '_mint'. Expected: [account, amount], Found: [] [Warning/use-natspec]
/sb/0x00c3bedb44d4e3521563de947f6800aa4302c441.sol:1227:9: GC: Use Custom Errors instead of require statements [Warning/gas-custom-errors]
/sb/0x00c3bedb44d4e3521563de947f6800aa4302c441.sol:1267:5: Missing @notice tag in function '_burn' [Warning/use-natspec]
/sb/0x00c3bedb44d4e3521563de947f6800aa4302c441.sol:1267:5: Missing @param tag in function '_burn' [Warning/use-natspec]
/sb/0x00c3bedb44d4e3521563de947f6800aa4302c441.sol:1267:5: Mismatch in @param names for function '_burn'. Expected: [account, amount], Found: [] [Warning/use-natspec]
/sb/0x00c3bedb44d4e3521563de947f6800aa4302c441.sol:1269:9: Error message for require is too long: 33 counted / 32 allowed [Warning/reason-string]
/sb/0x00c3bedb44d4e3521563de947f6800aa4302c441.sol:1269:9: GC: String exceeds 32 bytes [Warning/gas-small-strings]
/sb/0x00c3bedb44d4e3521563de947f6800aa4302c441.sol:1269:9: GC: Use Custom Errors instead of require statements [Warning/gas-custom-errors]
/sb/0x00c3bedb44d4e3521563de947f6800aa4302c441.sol:1277:30: GC: String exceeds 32 bytes [Warning/gas-small-strings]
/sb/0x00c3bedb44d4e3521563de947f6800aa4302c441.sol:1313:5: Missing @notice tag in function '_approve' [Warning/use-natspec]
/sb/0x00c3bedb44d4e3521563de947f6800aa4302c441.sol:1313:5: Missing @param tag in function '_approve' [Warning/use-natspec]
/sb/0x00c3bedb44d4e3521563de947f6800aa4302c441.sol:1313:5: Mismatch in @param names for function '_approve'. Expected: [owner, spender, amount], Found: [] [Warning/use-natspec]
/sb/0x00c3bedb44d4e3521563de947f6800aa4302c441.sol:1315:9: Error message for require is too long: 36 counted / 32 allowed [Warning/reason-string]
/sb/0x00c3bedb44d4e3521563de947f6800aa4302c441.sol:1315:9: GC: String exceeds 32 bytes [Warning/gas-small-strings]
/sb/0x00c3bedb44d4e3521563de947f6800aa4302c441.sol:1315:9: GC: Use Custom Errors instead of require statements [Warning/gas-custom-errors]
/sb/0x00c3bedb44d4e3521563de947f6800aa4302c441.sol:1317:9: Error message for require is too long: 34 counted / 32 allowed [Warning/reason-string]
/sb/0x00c3bedb44d4e3521563de947f6800aa4302c441.sol:1317:9: GC: String exceeds 32 bytes [Warning/gas-small-strings]
/sb/0x00c3bedb44d4e3521563de947f6800aa4302c441.sol:1317:9: GC: Use Custom Errors instead of require statements [Warning/gas-custom-errors]
/sb/0x00c3bedb44d4e3521563de947f6800aa4302c441.sol:1343:5: Missing @notice tag in function '_setupDecimals' [Warning/use-natspec]
/sb/0x00c3bedb44d4e3521563de947f6800aa4302c441.sol:1343:5: Missing @param tag in function '_setupDecimals' [Warning/use-natspec]
/sb/0x00c3bedb44d4e3521563de947f6800aa4302c441.sol:1343:5: Mismatch in @param names for function '_setupDecimals'. Expected: [decimals_], Found: [] [Warning/use-natspec]
/sb/0x00c3bedb44d4e3521563de947f6800aa4302c441.sol:1379:5: Missing @notice tag in function '_beforeTokenTransfer' [Warning/use-natspec]
/sb/0x00c3bedb44d4e3521563de947f6800aa4302c441.sol:1379:5: Missing @param tag in function '_beforeTokenTransfer' [Warning/use-natspec]
/sb/0x00c3bedb44d4e3521563de947f6800aa4302c441.sol:1379:5: Mismatch in @param names for function '_beforeTokenTransfer'. Expected: [from, to, amount], Found: [] [Warning/use-natspec]
/sb/0x00c3bedb44d4e3521563de947f6800aa4302c441.sol:1379:94: Code contains empty blocks [Warning/no-empty-blocks]
/sb/0x00c3bedb44d4e3521563de947f6800aa4302c441.sol:1395:1: Missing @title tag in contract 'ERC20Burnable' [Warning/use-natspec]
/sb/0x00c3bedb44d4e3521563de947f6800aa4302c441.sol:1395:1: Missing @author tag in contract 'ERC20Burnable' [Warning/use-natspec]
/sb/0x00c3bedb44d4e3521563de947f6800aa4302c441.sol:1395:1: Missing @notice tag in contract 'ERC20Burnable' [Warning/use-natspec]
/sb/0x00c3bedb44d4e3521563de947f6800aa4302c441.sol:1407:5: Missing @notice tag in function 'burn' [Warning/use-natspec]
/sb/0x00c3bedb44d4e3521563de947f6800aa4302c441.sol:1407:5: Missing @param tag in function 'burn' [Warning/use-natspec]
/sb/0x00c3bedb44d4e3521563de947f6800aa4302c441.sol:1407:5: Mismatch in @param names for function 'burn'. Expected: [amount], Found: [] [Warning/use-natspec]
/sb/0x00c3bedb44d4e3521563de947f6800aa4302c441.sol:1437:5: Missing @notice tag in function 'burnFrom' [Warning/use-natspec]
/sb/0x00c3bedb44d4e3521563de947f6800aa4302c441.sol:1437:5: Missing @param tag in function 'burnFrom' [Warning/use-natspec]
/sb/0x00c3bedb44d4e3521563de947f6800aa4302c441.sol:1437:5: Mismatch in @param names for function 'burnFrom'. Expected: [account, amount], Found: [] [Warning/use-natspec]
/sb/0x00c3bedb44d4e3521563de947f6800aa4302c441.sol:1439:38: GC: String exceeds 32 bytes [Warning/gas-small-strings]
/sb/0x00c3bedb44d4e3521563de947f6800aa4302c441.sol:1453:1: Missing @title tag in contract 'ScalpexToken' [Warning/use-natspec]
/sb/0x00c3bedb44d4e3521563de947f6800aa4302c441.sol:1453:1: Missing @author tag in contract 'ScalpexToken' [Warning/use-natspec]
/sb/0x00c3bedb44d4e3521563de947f6800aa4302c441.sol:1453:1: Missing @notice tag in contract 'ScalpexToken' [Warning/use-natspec]
/sb/0x00c3bedb44d4e3521563de947f6800aa4302c441.sol:1455:5: Missing @notice tag in function '<anonymous>' [Warning/use-natspec]

257 problem/s (1 error/s, 256 warning/s)
