A new version of Solhint is available: 6.0.1
Please consider updating your Solhint package.
/sb/0x00312b3d7f39f63b15d5b2078f2862249b09338d.sol:1:1: Found more than One contract per file. 8 contracts found! [Warning/one-contract-per-file]
/sb/0x00312b3d7f39f63b15d5b2078f2862249b09338d.sol:1:1: Compiler version ^0.4.11 does not satisfy the ^0.8.24 semver requirement [Error/compiler-version]
/sb/0x00312b3d7f39f63b15d5b2078f2862249b09338d.sol:17:1: Missing @author tag in contract 'ERC20Basic' [Warning/use-natspec]
/sb/0x00312b3d7f39f63b15d5b2078f2862249b09338d.sol:17:1: Missing @notice tag in contract 'ERC20Basic' [Warning/use-natspec]
/sb/0x00312b3d7f39f63b15d5b2078f2862249b09338d.sol:19:3: Missing @notice tag in variable 'totalSupply' [Warning/use-natspec]
/sb/0x00312b3d7f39f63b15d5b2078f2862249b09338d.sol:21:3: Missing @notice tag in function 'balanceOf' [Warning/use-natspec]
/sb/0x00312b3d7f39f63b15d5b2078f2862249b09338d.sol:21:3: Missing @param tag in function 'balanceOf' [Warning/use-natspec]
/sb/0x00312b3d7f39f63b15d5b2078f2862249b09338d.sol:21:3: Mismatch in @param names for function 'balanceOf'. Expected: [who], Found: [] [Warning/use-natspec]
/sb/0x00312b3d7f39f63b15d5b2078f2862249b09338d.sol:21:3: Missing @return tag in function 'balanceOf' [Warning/use-natspec]
/sb/0x00312b3d7f39f63b15d5b2078f2862249b09338d.sol:21:3: Mismatch in @return count for function 'balanceOf'. Expected: 1, Found: 0 [Warning/use-natspec]
/sb/0x00312b3d7f39f63b15d5b2078f2862249b09338d.sol:23:3: Missing @notice tag in function 'transfer' [Warning/use-natspec]
/sb/0x00312b3d7f39f63b15d5b2078f2862249b09338d.sol:23:3: Missing @param tag in function 'transfer' [Warning/use-natspec]
/sb/0x00312b3d7f39f63b15d5b2078f2862249b09338d.sol:23:3: Mismatch in @param names for function 'transfer'. Expected: [to, value], Found: [] [Warning/use-natspec]
/sb/0x00312b3d7f39f63b15d5b2078f2862249b09338d.sol:23:3: Missing @return tag in function 'transfer' [Warning/use-natspec]
/sb/0x00312b3d7f39f63b15d5b2078f2862249b09338d.sol:23:3: Mismatch in @return count for function 'transfer'. Expected: 1, Found: 0 [Warning/use-natspec]
/sb/0x00312b3d7f39f63b15d5b2078f2862249b09338d.sol:25:3: Missing @notice tag in event 'Transfer' [Warning/use-natspec]
/sb/0x00312b3d7f39f63b15d5b2078f2862249b09338d.sol:25:3: Missing @param tag in event 'Transfer' [Warning/use-natspec]
/sb/0x00312b3d7f39f63b15d5b2078f2862249b09338d.sol:25:3: Mismatch in @param names for event 'Transfer'. Expected: [from, to, value], Found: [] [Warning/use-natspec]
/sb/0x00312b3d7f39f63b15d5b2078f2862249b09338d.sol:25:3: GC: [value] on Event [Transfer] could be Indexed [Warning/gas-indexed-events]
/sb/0x00312b3d7f39f63b15d5b2078f2862249b09338d.sol:43:1: Missing @author tag in contract 'Ownable' [Warning/use-natspec]
/sb/0x00312b3d7f39f63b15d5b2078f2862249b09338d.sol:43:1: Missing @notice tag in contract 'Ownable' [Warning/use-natspec]
/sb/0x00312b3d7f39f63b15d5b2078f2862249b09338d.sol:45:3: Missing @notice tag in variable 'owner' [Warning/use-natspec]
/sb/0x00312b3d7f39f63b15d5b2078f2862249b09338d.sol:51:3: Missing @notice tag in event 'OwnershipTransferred' [Warning/use-natspec]
/sb/0x00312b3d7f39f63b15d5b2078f2862249b09338d.sol:51:3: Missing @param tag in event 'OwnershipTransferred' [Warning/use-natspec]
/sb/0x00312b3d7f39f63b15d5b2078f2862249b09338d.sol:51:3: Mismatch in @param names for event 'OwnershipTransferred'. Expected: [previousOwner, newOwner], Found: [] [Warning/use-natspec]
/sb/0x00312b3d7f39f63b15d5b2078f2862249b09338d.sol:65:3: Missing @notice tag in function 'Ownable' [Warning/use-natspec]
/sb/0x00312b3d7f39f63b15d5b2078f2862249b09338d.sol:65:3: Explicitly mark visibility in function (Set ignoreConstructors to true if using solidity >=0.7.0) [Warning/func-visibility]
/sb/0x00312b3d7f39f63b15d5b2078f2862249b09338d.sol:83:5: Provide an error message for require [Warning/reason-string]
/sb/0x00312b3d7f39f63b15d5b2078f2862249b09338d.sol:101:3: Missing @notice tag in function 'transferOwnership' [Warning/use-natspec]
/sb/0x00312b3d7f39f63b15d5b2078f2862249b09338d.sol:101:58: Visibility modifier must be first in list of modifiers [Warning/visibility-modifier-order]
/sb/0x00312b3d7f39f63b15d5b2078f2862249b09338d.sol:103:5: Provide an error message for require [Warning/reason-string]
/sb/0x00312b3d7f39f63b15d5b2078f2862249b09338d.sol:127:1: Missing @author tag in contract 'SafeMath' [Warning/use-natspec]
/sb/0x00312b3d7f39f63b15d5b2078f2862249b09338d.sol:127:1: Missing @notice tag in contract 'SafeMath' [Warning/use-natspec]
/sb/0x00312b3d7f39f63b15d5b2078f2862249b09338d.sol:129:3: Missing @notice tag in function 'mul' [Warning/use-natspec]
/sb/0x00312b3d7f39f63b15d5b2078f2862249b09338d.sol:129:3: Missing @param tag in function 'mul' [Warning/use-natspec]
/sb/0x00312b3d7f39f63b15d5b2078f2862249b09338d.sol:129:3: Mismatch in @param names for function 'mul'. Expected: [a, b], Found: [] [Warning/use-natspec]
/sb/0x00312b3d7f39f63b15d5b2078f2862249b09338d.sol:129:3: Missing @return tag in function 'mul' [Warning/use-natspec]
/sb/0x00312b3d7f39f63b15d5b2078f2862249b09338d.sol:129:3: Mismatch in @return count for function 'mul'. Expected: 1, Found: 0 [Warning/use-natspec]
/sb/0x00312b3d7f39f63b15d5b2078f2862249b09338d.sol:141:3: Missing @notice tag in function 'div' [Warning/use-natspec]
/sb/0x00312b3d7f39f63b15d5b2078f2862249b09338d.sol:141:3: Missing @param tag in function 'div' [Warning/use-natspec]
/sb/0x00312b3d7f39f63b15d5b2078f2862249b09338d.sol:141:3: Mismatch in @param names for function 'div'. Expected: [a, b], Found: [] [Warning/use-natspec]
/sb/0x00312b3d7f39f63b15d5b2078f2862249b09338d.sol:141:3: Missing @return tag in function 'div' [Warning/use-natspec]
/sb/0x00312b3d7f39f63b15d5b2078f2862249b09338d.sol:141:3: Mismatch in @return count for function 'div'. Expected: 1, Found: 0 [Warning/use-natspec]
/sb/0x00312b3d7f39f63b15d5b2078f2862249b09338d.sol:155:3: Missing @notice tag in function 'sub' [Warning/use-natspec]
/sb/0x00312b3d7f39f63b15d5b2078f2862249b09338d.sol:155:3: Missing @param tag in function 'sub' [Warning/use-natspec]
/sb/0x00312b3d7f39f63b15d5b2078f2862249b09338d.sol:155:3: Mismatch in @param names for function 'sub'. Expected: [a, b], Found: [] [Warning/use-natspec]
/sb/0x00312b3d7f39f63b15d5b2078f2862249b09338d.sol:155:3: Missing @return tag in function 'sub' [Warning/use-natspec]
/sb/0x00312b3d7f39f63b15d5b2078f2862249b09338d.sol:155:3: Mismatch in @return count for function 'sub'. Expected: 1, Found: 0 [Warning/use-natspec]
/sb/0x00312b3d7f39f63b15d5b2078f2862249b09338d.sol:157:12: GC: Non strict inequality found. Try converting to a strict one [Warning/gas-strict-inequalities]
/sb/0x00312b3d7f39f63b15d5b2078f2862249b09338d.sol:165:3: Missing @notice tag in function 'add' [Warning/use-natspec]
/sb/0x00312b3d7f39f63b15d5b2078f2862249b09338d.sol:165:3: Missing @param tag in function 'add' [Warning/use-natspec]
/sb/0x00312b3d7f39f63b15d5b2078f2862249b09338d.sol:165:3: Mismatch in @param names for function 'add'. Expected: [a, b], Found: [] [Warning/use-natspec]
/sb/0x00312b3d7f39f63b15d5b2078f2862249b09338d.sol:165:3: Missing @return tag in function 'add' [Warning/use-natspec]
/sb/0x00312b3d7f39f63b15d5b2078f2862249b09338d.sol:165:3: Mismatch in @return count for function 'add'. Expected: 1, Found: 0 [Warning/use-natspec]
/sb/0x00312b3d7f39f63b15d5b2078f2862249b09338d.sol:169:12: GC: Non strict inequality found. Try converting to a strict one [Warning/gas-strict-inequalities]
/sb/0x00312b3d7f39f63b15d5b2078f2862249b09338d.sol:189:1: Missing @author tag in contract 'BasicToken' [Warning/use-natspec]
/sb/0x00312b3d7f39f63b15d5b2078f2862249b09338d.sol:189:1: Missing @notice tag in contract 'BasicToken' [Warning/use-natspec]
/sb/0x00312b3d7f39f63b15d5b2078f2862249b09338d.sol:195:3: Explicitly mark visibility of state [Warning/state-visibility]
/sb/0x00312b3d7f39f63b15d5b2078f2862249b09338d.sol:209:3: Missing @notice tag in function 'transfer' [Warning/use-natspec]
/sb/0x00312b3d7f39f63b15d5b2078f2862249b09338d.sol:209:3: Missing @return tag in function 'transfer' [Warning/use-natspec]
/sb/0x00312b3d7f39f63b15d5b2078f2862249b09338d.sol:209:3: Mismatch in @return count for function 'transfer'. Expected: 1, Found: 0 [Warning/use-natspec]
/sb/0x00312b3d7f39f63b15d5b2078f2862249b09338d.sol:211:5: Provide an error message for require [Warning/reason-string]
/sb/0x00312b3d7f39f63b15d5b2078f2862249b09338d.sol:239:3: Missing @notice tag in function 'balanceOf' [Warning/use-natspec]
/sb/0x00312b3d7f39f63b15d5b2078f2862249b09338d.sol:239:3: Mismatch in @return names for function 'balanceOf'. Expected: [balance], Found: [An] [Warning/use-natspec]
/sb/0x00312b3d7f39f63b15d5b2078f2862249b09338d.sol:261:1: Missing @author tag in contract 'ERC20' [Warning/use-natspec]
/sb/0x00312b3d7f39f63b15d5b2078f2862249b09338d.sol:261:1: Missing @notice tag in contract 'ERC20' [Warning/use-natspec]
/sb/0x00312b3d7f39f63b15d5b2078f2862249b09338d.sol:263:3: Missing @notice tag in function 'allowance' [Warning/use-natspec]
/sb/0x00312b3d7f39f63b15d5b2078f2862249b09338d.sol:263:3: Missing @param tag in function 'allowance' [Warning/use-natspec]
/sb/0x00312b3d7f39f63b15d5b2078f2862249b09338d.sol:263:3: Mismatch in @param names for function 'allowance'. Expected: [owner, spender], Found: [] [Warning/use-natspec]
/sb/0x00312b3d7f39f63b15d5b2078f2862249b09338d.sol:263:3: Missing @return tag in function 'allowance' [Warning/use-natspec]
/sb/0x00312b3d7f39f63b15d5b2078f2862249b09338d.sol:263:3: Mismatch in @return count for function 'allowance'. Expected: 1, Found: 0 [Warning/use-natspec]
/sb/0x00312b3d7f39f63b15d5b2078f2862249b09338d.sol:265:3: Missing @notice tag in function 'transferFrom' [Warning/use-natspec]
/sb/0x00312b3d7f39f63b15d5b2078f2862249b09338d.sol:265:3: Missing @param tag in function 'transferFrom' [Warning/use-natspec]
/sb/0x00312b3d7f39f63b15d5b2078f2862249b09338d.sol:265:3: Mismatch in @param names for function 'transferFrom'. Expected: [from, to, value], Found: [] [Warning/use-natspec]
/sb/0x00312b3d7f39f63b15d5b2078f2862249b09338d.sol:265:3: Missing @return tag in function 'transferFrom' [Warning/use-natspec]
/sb/0x00312b3d7f39f63b15d5b2078f2862249b09338d.sol:265:3: Mismatch in @return count for function 'transferFrom'. Expected: 1, Found: 0 [Warning/use-natspec]
/sb/0x00312b3d7f39f63b15d5b2078f2862249b09338d.sol:267:3: Missing @notice tag in function 'approve' [Warning/use-natspec]
/sb/0x00312b3d7f39f63b15d5b2078f2862249b09338d.sol:267:3: Missing @param tag in function 'approve' [Warning/use-natspec]
/sb/0x00312b3d7f39f63b15d5b2078f2862249b09338d.sol:267:3: Mismatch in @param names for function 'approve'. Expected: [spender, value], Found: [] [Warning/use-natspec]
/sb/0x00312b3d7f39f63b15d5b2078f2862249b09338d.sol:267:3: Missing @return tag in function 'approve' [Warning/use-natspec]
/sb/0x00312b3d7f39f63b15d5b2078f2862249b09338d.sol:267:3: Mismatch in @return count for function 'approve'. Expected: 1, Found: 0 [Warning/use-natspec]
/sb/0x00312b3d7f39f63b15d5b2078f2862249b09338d.sol:269:3: Missing @notice tag in event 'Approval' [Warning/use-natspec]
/sb/0x00312b3d7f39f63b15d5b2078f2862249b09338d.sol:269:3: Missing @param tag in event 'Approval' [Warning/use-natspec]
/sb/0x00312b3d7f39f63b15d5b2078f2862249b09338d.sol:269:3: Mismatch in @param names for event 'Approval'. Expected: [owner, spender, value], Found: [] [Warning/use-natspec]
/sb/0x00312b3d7f39f63b15d5b2078f2862249b09338d.sol:269:3: GC: [value] on Event [Approval] could be Indexed [Warning/gas-indexed-events]
/sb/0x00312b3d7f39f63b15d5b2078f2862249b09338d.sol:291:1: Missing @author tag in contract 'StandardToken' [Warning/use-natspec]
/sb/0x00312b3d7f39f63b15d5b2078f2862249b09338d.sol:291:1: Missing @notice tag in contract 'StandardToken' [Warning/use-natspec]
/sb/0x00312b3d7f39f63b15d5b2078f2862249b09338d.sol:295:3: Explicitly mark visibility of state [Warning/state-visibility]
/sb/0x00312b3d7f39f63b15d5b2078f2862249b09338d.sol:313:3: Missing @notice tag in function 'transferFrom' [Warning/use-natspec]
/sb/0x00312b3d7f39f63b15d5b2078f2862249b09338d.sol:313:3: Missing @return tag in function 'transferFrom' [Warning/use-natspec]
/sb/0x00312b3d7f39f63b15d5b2078f2862249b09338d.sol:313:3: Mismatch in @return count for function 'transferFrom'. Expected: 1, Found: 0 [Warning/use-natspec]
/sb/0x00312b3d7f39f63b15d5b2078f2862249b09338d.sol:315:5: Provide an error message for require [Warning/reason-string]
/sb/0x00312b3d7f39f63b15d5b2078f2862249b09338d.sol:363:3: Missing @notice tag in function 'approve' [Warning/use-natspec]
/sb/0x00312b3d7f39f63b15d5b2078f2862249b09338d.sol:363:3: Missing @return tag in function 'approve' [Warning/use-natspec]
/sb/0x00312b3d7f39f63b15d5b2078f2862249b09338d.sol:363:3: Mismatch in @return count for function 'approve'. Expected: 1, Found: 0 [Warning/use-natspec]
/sb/0x00312b3d7f39f63b15d5b2078f2862249b09338d.sol:387:3: Missing @notice tag in function 'allowance' [Warning/use-natspec]
/sb/0x00312b3d7f39f63b15d5b2078f2862249b09338d.sol:387:3: Mismatch in @return names for function 'allowance'. Expected: [remaining], Found: [A] [Warning/use-natspec]
/sb/0x00312b3d7f39f63b15d5b2078f2862249b09338d.sol:407:3: Missing @notice tag in function 'increaseApproval' [Warning/use-natspec]
/sb/0x00312b3d7f39f63b15d5b2078f2862249b09338d.sol:407:3: Missing @param tag in function 'increaseApproval' [Warning/use-natspec]
/sb/0x00312b3d7f39f63b15d5b2078f2862249b09338d.sol:407:3: Mismatch in @param names for function 'increaseApproval'. Expected: [_spender, _addedValue], Found: [] [Warning/use-natspec]
/sb/0x00312b3d7f39f63b15d5b2078f2862249b09338d.sol:407:3: Missing @return tag in function 'increaseApproval' [Warning/use-natspec]
/sb/0x00312b3d7f39f63b15d5b2078f2862249b09338d.sol:407:3: Mismatch in @return names for function 'increaseApproval'. Expected: [success], Found: [] [Warning/use-natspec]
/sb/0x00312b3d7f39f63b15d5b2078f2862249b09338d.sol:407:3: Explicitly mark visibility in function [Warning/func-visibility]
/sb/0x00312b3d7f39f63b15d5b2078f2862249b09338d.sol:407:48: Rule is set with explicit type [var/s: uint] [Warning/explicit-types]
/sb/0x00312b3d7f39f63b15d5b2078f2862249b09338d.sol:421:3: Missing @notice tag in function 'decreaseApproval' [Warning/use-natspec]
/sb/0x00312b3d7f39f63b15d5b2078f2862249b09338d.sol:421:3: Missing @param tag in function 'decreaseApproval' [Warning/use-natspec]
/sb/0x00312b3d7f39f63b15d5b2078f2862249b09338d.sol:421:3: Mismatch in @param names for function 'decreaseApproval'. Expected: [_spender, _subtractedValue], Found: [] [Warning/use-natspec]
/sb/0x00312b3d7f39f63b15d5b2078f2862249b09338d.sol:421:3: Missing @return tag in function 'decreaseApproval' [Warning/use-natspec]
/sb/0x00312b3d7f39f63b15d5b2078f2862249b09338d.sol:421:3: Mismatch in @return names for function 'decreaseApproval'. Expected: [success], Found: [] [Warning/use-natspec]
/sb/0x00312b3d7f39f63b15d5b2078f2862249b09338d.sol:421:3: Explicitly mark visibility in function [Warning/func-visibility]
/sb/0x00312b3d7f39f63b15d5b2078f2862249b09338d.sol:421:48: Rule is set with explicit type [var/s: uint] [Warning/explicit-types]
/sb/0x00312b3d7f39f63b15d5b2078f2862249b09338d.sol:425:5: Rule is set with explicit type [var/s: uint] [Warning/explicit-types]
/sb/0x00312b3d7f39f63b15d5b2078f2862249b09338d.sol:459:1: Missing @author tag in contract 'Pausable' [Warning/use-natspec]
/sb/0x00312b3d7f39f63b15d5b2078f2862249b09338d.sol:459:1: Missing @notice tag in contract 'Pausable' [Warning/use-natspec]
/sb/0x00312b3d7f39f63b15d5b2078f2862249b09338d.sol:461:3: Missing @notice tag in event 'Pause' [Warning/use-natspec]
/sb/0x00312b3d7f39f63b15d5b2078f2862249b09338d.sol:463:3: Missing @notice tag in event 'Unpause' [Warning/use-natspec]
/sb/0x00312b3d7f39f63b15d5b2078f2862249b09338d.sol:467:3: Missing @notice tag in variable 'paused' [Warning/use-natspec]
/sb/0x00312b3d7f39f63b15d5b2078f2862249b09338d.sol:481:5: Provide an error message for require [Warning/reason-string]
/sb/0x00312b3d7f39f63b15d5b2078f2862249b09338d.sol:497:5: Provide an error message for require [Warning/reason-string]
/sb/0x00312b3d7f39f63b15d5b2078f2862249b09338d.sol:511:3: Missing @notice tag in function 'pause' [Warning/use-natspec]
/sb/0x00312b3d7f39f63b15d5b2078f2862249b09338d.sol:511:44: Visibility modifier must be first in list of modifiers [Warning/visibility-modifier-order]
/sb/0x00312b3d7f39f63b15d5b2078f2862249b09338d.sol:527:3: Missing @notice tag in function 'unpause' [Warning/use-natspec]
/sb/0x00312b3d7f39f63b15d5b2078f2862249b09338d.sol:527:43: Visibility modifier must be first in list of modifiers [Warning/visibility-modifier-order]
/sb/0x00312b3d7f39f63b15d5b2078f2862249b09338d.sol:539:1: Missing @title tag in contract 'APToken' [Warning/use-natspec]
/sb/0x00312b3d7f39f63b15d5b2078f2862249b09338d.sol:539:1: Missing @author tag in contract 'APToken' [Warning/use-natspec]
/sb/0x00312b3d7f39f63b15d5b2078f2862249b09338d.sol:539:1: Missing @notice tag in contract 'APToken' [Warning/use-natspec]
/sb/0x00312b3d7f39f63b15d5b2078f2862249b09338d.sol:543:3: Missing @notice tag in variable 'name' [Warning/use-natspec]
/sb/0x00312b3d7f39f63b15d5b2078f2862249b09338d.sol:543:3: Constant name must be in capitalized SNAKE_CASE [Warning/const-name-snakecase]
/sb/0x00312b3d7f39f63b15d5b2078f2862249b09338d.sol:543:33: Use double quotes for string literals [Error/quotes]
/sb/0x00312b3d7f39f63b15d5b2078f2862249b09338d.sol:545:3: Missing @notice tag in variable 'symbol' [Warning/use-natspec]
/sb/0x00312b3d7f39f63b15d5b2078f2862249b09338d.sol:545:3: Constant name must be in capitalized SNAKE_CASE [Warning/const-name-snakecase]
/sb/0x00312b3d7f39f63b15d5b2078f2862249b09338d.sol:545:35: Use double quotes for string literals [Error/quotes]
/sb/0x00312b3d7f39f63b15d5b2078f2862249b09338d.sol:547:3: Missing @notice tag in variable 'decimals' [Warning/use-natspec]
/sb/0x00312b3d7f39f63b15d5b2078f2862249b09338d.sol:547:3: Constant name must be in capitalized SNAKE_CASE [Warning/const-name-snakecase]
/sb/0x00312b3d7f39f63b15d5b2078f2862249b09338d.sol:549:3: Missing @notice tag in variable 'INITIAL_SUPPLY' [Warning/use-natspec]
/sb/0x00312b3d7f39f63b15d5b2078f2862249b09338d.sol:561:5: Provide an error message for require [Warning/reason-string]
/sb/0x00312b3d7f39f63b15d5b2078f2862249b09338d.sol:577:3: Missing @notice tag in function 'APToken' [Warning/use-natspec]
/sb/0x00312b3d7f39f63b15d5b2078f2862249b09338d.sol:577:3: Explicitly mark visibility in function (Set ignoreConstructors to true if using solidity >=0.7.0) [Warning/func-visibility]
/sb/0x00312b3d7f39f63b15d5b2078f2862249b09338d.sol:599:3: Missing @notice tag in function 'transfer' [Warning/use-natspec]
/sb/0x00312b3d7f39f63b15d5b2078f2862249b09338d.sol:599:3: Missing @return tag in function 'transfer' [Warning/use-natspec]
/sb/0x00312b3d7f39f63b15d5b2078f2862249b09338d.sol:599:3: Mismatch in @return count for function 'transfer'. Expected: 1, Found: 0 [Warning/use-natspec]
/sb/0x00312b3d7f39f63b15d5b2078f2862249b09338d.sol:599:78: Visibility modifier must be first in list of modifiers [Warning/visibility-modifier-order]
/sb/0x00312b3d7f39f63b15d5b2078f2862249b09338d.sol:619:3: Missing @notice tag in function 'transferFrom' [Warning/use-natspec]
/sb/0x00312b3d7f39f63b15d5b2078f2862249b09338d.sol:619:3: Missing @return tag in function 'transferFrom' [Warning/use-natspec]
/sb/0x00312b3d7f39f63b15d5b2078f2862249b09338d.sol:619:3: Mismatch in @return count for function 'transferFrom'. Expected: 1, Found: 0 [Warning/use-natspec]
/sb/0x00312b3d7f39f63b15d5b2078f2862249b09338d.sol:619:97: Visibility modifier must be first in list of modifiers [Warning/visibility-modifier-order]
/sb/0x00312b3d7f39f63b15d5b2078f2862249b09338d.sol:637:3: Missing @notice tag in function 'approve' [Warning/use-natspec]
/sb/0x00312b3d7f39f63b15d5b2078f2862249b09338d.sol:637:3: Missing @return tag in function 'approve' [Warning/use-natspec]
/sb/0x00312b3d7f39f63b15d5b2078f2862249b09338d.sol:637:3: Mismatch in @return count for function 'approve'. Expected: 1, Found: 0 [Warning/use-natspec]
/sb/0x00312b3d7f39f63b15d5b2078f2862249b09338d.sol:651:3: Missing @notice tag in function 'increaseApproval' [Warning/use-natspec]
/sb/0x00312b3d7f39f63b15d5b2078f2862249b09338d.sol:651:3: Missing @param tag in function 'increaseApproval' [Warning/use-natspec]
/sb/0x00312b3d7f39f63b15d5b2078f2862249b09338d.sol:651:3: Mismatch in @param names for function 'increaseApproval'. Expected: [_spender, _addedValue], Found: [] [Warning/use-natspec]
/sb/0x00312b3d7f39f63b15d5b2078f2862249b09338d.sol:651:3: Missing @return tag in function 'increaseApproval' [Warning/use-natspec]
/sb/0x00312b3d7f39f63b15d5b2078f2862249b09338d.sol:651:3: Mismatch in @return names for function 'increaseApproval'. Expected: [success], Found: [] [Warning/use-natspec]
/sb/0x00312b3d7f39f63b15d5b2078f2862249b09338d.sol:651:48: Rule is set with explicit type [var/s: uint] [Warning/explicit-types]
/sb/0x00312b3d7f39f63b15d5b2078f2862249b09338d.sol:665:3: Missing @notice tag in function 'decreaseApproval' [Warning/use-natspec]
/sb/0x00312b3d7f39f63b15d5b2078f2862249b09338d.sol:665:3: Missing @param tag in function 'decreaseApproval' [Warning/use-natspec]
/sb/0x00312b3d7f39f63b15d5b2078f2862249b09338d.sol:665:3: Mismatch in @param names for function 'decreaseApproval'. Expected: [_spender, _subtractedValue], Found: [] [Warning/use-natspec]
/sb/0x00312b3d7f39f63b15d5b2078f2862249b09338d.sol:665:3: Missing @return tag in function 'decreaseApproval' [Warning/use-natspec]
/sb/0x00312b3d7f39f63b15d5b2078f2862249b09338d.sol:665:3: Mismatch in @return names for function 'decreaseApproval'. Expected: [success], Found: [] [Warning/use-natspec]
/sb/0x00312b3d7f39f63b15d5b2078f2862249b09338d.sol:665:48: Rule is set with explicit type [var/s: uint] [Warning/explicit-types]

161 problem/s (3 error/s, 158 warning/s)
