A new version of Solhint is available: 6.0.1
Please consider updating your Solhint package.
/sb/0xfc047dd076ce776f0154bb72dfc4a7a2aca00fff.sol:1:1: Found more than One contract per file. 2 contracts found! [Warning/one-contract-per-file]
/sb/0xfc047dd076ce776f0154bb72dfc4a7a2aca00fff.sol:1:1: Compiler version ^0.4.16 does not satisfy the ^0.8.24 semver requirement [Error/compiler-version]
/sb/0xfc047dd076ce776f0154bb72dfc4a7a2aca00fff.sol:3:1: Missing @title tag in contract 'owned' [Warning/use-natspec]
/sb/0xfc047dd076ce776f0154bb72dfc4a7a2aca00fff.sol:3:1: Missing @author tag in contract 'owned' [Warning/use-natspec]
/sb/0xfc047dd076ce776f0154bb72dfc4a7a2aca00fff.sol:3:1: Missing @notice tag in contract 'owned' [Warning/use-natspec]
/sb/0xfc047dd076ce776f0154bb72dfc4a7a2aca00fff.sol:3:1: Contract, Structs and Enums should be in CapWords [Warning/contract-name-capwords]
/sb/0xfc047dd076ce776f0154bb72dfc4a7a2aca00fff.sol:4:5: Missing @notice tag in variable 'owner' [Warning/use-natspec]
/sb/0xfc047dd076ce776f0154bb72dfc4a7a2aca00fff.sol:6:5: Missing @notice tag in function 'owned' [Warning/use-natspec]
/sb/0xfc047dd076ce776f0154bb72dfc4a7a2aca00fff.sol:11:9: Provide an error message for require [Warning/reason-string]
/sb/0xfc047dd076ce776f0154bb72dfc4a7a2aca00fff.sol:15:5: Missing @notice tag in function 'transferOwnership' [Warning/use-natspec]
/sb/0xfc047dd076ce776f0154bb72dfc4a7a2aca00fff.sol:15:5: Missing @param tag in function 'transferOwnership' [Warning/use-natspec]
/sb/0xfc047dd076ce776f0154bb72dfc4a7a2aca00fff.sol:15:5: Mismatch in @param names for function 'transferOwnership'. Expected: [newOwner], Found: [] [Warning/use-natspec]
/sb/0xfc047dd076ce776f0154bb72dfc4a7a2aca00fff.sol:15:60: Visibility modifier must be first in list of modifiers [Warning/visibility-modifier-order]
/sb/0xfc047dd076ce776f0154bb72dfc4a7a2aca00fff.sol:20:1: Interface name 'tokenRecipient' must start with "I" [Warning/interface-starts-with-i]
/sb/0xfc047dd076ce776f0154bb72dfc4a7a2aca00fff.sol:20:1: Missing @title tag in contract 'tokenRecipient' [Warning/use-natspec]
/sb/0xfc047dd076ce776f0154bb72dfc4a7a2aca00fff.sol:20:1: Missing @author tag in contract 'tokenRecipient' [Warning/use-natspec]
/sb/0xfc047dd076ce776f0154bb72dfc4a7a2aca00fff.sol:20:1: Missing @notice tag in contract 'tokenRecipient' [Warning/use-natspec]
/sb/0xfc047dd076ce776f0154bb72dfc4a7a2aca00fff.sol:20:1: Contract, Structs and Enums should be in CapWords [Warning/contract-name-capwords]
/sb/0xfc047dd076ce776f0154bb72dfc4a7a2aca00fff.sol:20:28: Missing @notice tag in function 'receiveApproval' [Warning/use-natspec]
/sb/0xfc047dd076ce776f0154bb72dfc4a7a2aca00fff.sol:20:28: Missing @param tag in function 'receiveApproval' [Warning/use-natspec]
/sb/0xfc047dd076ce776f0154bb72dfc4a7a2aca00fff.sol:20:28: Mismatch in @param names for function 'receiveApproval'. Expected: [_from, _value, _token, _extraData], Found: [] [Warning/use-natspec]
/sb/0xfc047dd076ce776f0154bb72dfc4a7a2aca00fff.sol:22:1: Missing @title tag in contract 'TokenERC20' [Warning/use-natspec]
/sb/0xfc047dd076ce776f0154bb72dfc4a7a2aca00fff.sol:22:1: Missing @author tag in contract 'TokenERC20' [Warning/use-natspec]
/sb/0xfc047dd076ce776f0154bb72dfc4a7a2aca00fff.sol:22:1: Missing @notice tag in contract 'TokenERC20' [Warning/use-natspec]
/sb/0xfc047dd076ce776f0154bb72dfc4a7a2aca00fff.sol:24:5: Missing @notice tag in variable 'name' [Warning/use-natspec]
/sb/0xfc047dd076ce776f0154bb72dfc4a7a2aca00fff.sol:25:5: Missing @notice tag in variable 'symbol' [Warning/use-natspec]
/sb/0xfc047dd076ce776f0154bb72dfc4a7a2aca00fff.sol:26:5: Missing @notice tag in variable 'decimals' [Warning/use-natspec]
/sb/0xfc047dd076ce776f0154bb72dfc4a7a2aca00fff.sol:28:5: Missing @notice tag in variable 'totalSupply' [Warning/use-natspec]
/sb/0xfc047dd076ce776f0154bb72dfc4a7a2aca00fff.sol:31:5: Missing @notice tag in variable 'balanceOf' [Warning/use-natspec]
/sb/0xfc047dd076ce776f0154bb72dfc4a7a2aca00fff.sol:32:5: Missing @notice tag in variable 'allowance' [Warning/use-natspec]
/sb/0xfc047dd076ce776f0154bb72dfc4a7a2aca00fff.sol:35:5: Missing @notice tag in event 'Transfer' [Warning/use-natspec]
/sb/0xfc047dd076ce776f0154bb72dfc4a7a2aca00fff.sol:35:5: Missing @param tag in event 'Transfer' [Warning/use-natspec]
/sb/0xfc047dd076ce776f0154bb72dfc4a7a2aca00fff.sol:35:5: Mismatch in @param names for event 'Transfer'. Expected: [from, to, value], Found: [] [Warning/use-natspec]
/sb/0xfc047dd076ce776f0154bb72dfc4a7a2aca00fff.sol:35:5: GC: [value] on Event [Transfer] could be Indexed [Warning/gas-indexed-events]
/sb/0xfc047dd076ce776f0154bb72dfc4a7a2aca00fff.sol:38:5: Missing @notice tag in event 'Burn' [Warning/use-natspec]
/sb/0xfc047dd076ce776f0154bb72dfc4a7a2aca00fff.sol:38:5: Missing @param tag in event 'Burn' [Warning/use-natspec]
/sb/0xfc047dd076ce776f0154bb72dfc4a7a2aca00fff.sol:38:5: Mismatch in @param names for event 'Burn'. Expected: [from, value], Found: [] [Warning/use-natspec]
/sb/0xfc047dd076ce776f0154bb72dfc4a7a2aca00fff.sol:38:5: GC: [value] on Event [Burn] could be Indexed [Warning/gas-indexed-events]
/sb/0xfc047dd076ce776f0154bb72dfc4a7a2aca00fff.sol:45:5: Missing @notice tag in function 'TokenERC20' [Warning/use-natspec]
/sb/0xfc047dd076ce776f0154bb72dfc4a7a2aca00fff.sol:56:5: Missing @notice tag in function '_transfer' [Warning/use-natspec]
/sb/0xfc047dd076ce776f0154bb72dfc4a7a2aca00fff.sol:56:5: Missing @param tag in function '_transfer' [Warning/use-natspec]
/sb/0xfc047dd076ce776f0154bb72dfc4a7a2aca00fff.sol:56:5: Mismatch in @param names for function '_transfer'. Expected: [_from, _to, _value], Found: [] [Warning/use-natspec]
/sb/0xfc047dd076ce776f0154bb72dfc4a7a2aca00fff.sol:56:52: Rule is set with explicit type [var/s: uint] [Warning/explicit-types]
/sb/0xfc047dd076ce776f0154bb72dfc4a7a2aca00fff.sol:58:9: Provide an error message for require [Warning/reason-string]
/sb/0xfc047dd076ce776f0154bb72dfc4a7a2aca00fff.sol:60:9: Provide an error message for require [Warning/reason-string]
/sb/0xfc047dd076ce776f0154bb72dfc4a7a2aca00fff.sol:60:17: GC: Non strict inequality found. Try converting to a strict one [Warning/gas-strict-inequalities]
/sb/0xfc047dd076ce776f0154bb72dfc4a7a2aca00fff.sol:62:9: Provide an error message for require [Warning/reason-string]
/sb/0xfc047dd076ce776f0154bb72dfc4a7a2aca00fff.sol:64:9: Rule is set with explicit type [var/s: uint] [Warning/explicit-types]
/sb/0xfc047dd076ce776f0154bb72dfc4a7a2aca00fff.sol:82:5: Missing @notice tag in function 'transfer' [Warning/use-natspec]
/sb/0xfc047dd076ce776f0154bb72dfc4a7a2aca00fff.sol:95:5: Missing @notice tag in function 'transferFrom' [Warning/use-natspec]
/sb/0xfc047dd076ce776f0154bb72dfc4a7a2aca00fff.sol:95:5: Missing @return tag in function 'transferFrom' [Warning/use-natspec]
/sb/0xfc047dd076ce776f0154bb72dfc4a7a2aca00fff.sol:95:5: Mismatch in @return names for function 'transferFrom'. Expected: [success], Found: [] [Warning/use-natspec]
/sb/0xfc047dd076ce776f0154bb72dfc4a7a2aca00fff.sol:96:9: Provide an error message for require [Warning/reason-string]
/sb/0xfc047dd076ce776f0154bb72dfc4a7a2aca00fff.sol:96:17: GC: Non strict inequality found. Try converting to a strict one [Warning/gas-strict-inequalities]
/sb/0xfc047dd076ce776f0154bb72dfc4a7a2aca00fff.sol:110:5: Missing @notice tag in function 'approve' [Warning/use-natspec]
/sb/0xfc047dd076ce776f0154bb72dfc4a7a2aca00fff.sol:110:5: Missing @return tag in function 'approve' [Warning/use-natspec]
/sb/0xfc047dd076ce776f0154bb72dfc4a7a2aca00fff.sol:110:5: Mismatch in @return names for function 'approve'. Expected: [success], Found: [] [Warning/use-natspec]
/sb/0xfc047dd076ce776f0154bb72dfc4a7a2aca00fff.sol:125:5: Missing @notice tag in function 'approveAndCall' [Warning/use-natspec]
/sb/0xfc047dd076ce776f0154bb72dfc4a7a2aca00fff.sol:125:5: Missing @return tag in function 'approveAndCall' [Warning/use-natspec]
/sb/0xfc047dd076ce776f0154bb72dfc4a7a2aca00fff.sol:125:5: Mismatch in @return names for function 'approveAndCall'. Expected: [success], Found: [] [Warning/use-natspec]
/sb/0xfc047dd076ce776f0154bb72dfc4a7a2aca00fff.sol:142:5: Missing @notice tag in function 'burn' [Warning/use-natspec]
/sb/0xfc047dd076ce776f0154bb72dfc4a7a2aca00fff.sol:142:5: Missing @return tag in function 'burn' [Warning/use-natspec]
/sb/0xfc047dd076ce776f0154bb72dfc4a7a2aca00fff.sol:142:5: Mismatch in @return names for function 'burn'. Expected: [success], Found: [] [Warning/use-natspec]
/sb/0xfc047dd076ce776f0154bb72dfc4a7a2aca00fff.sol:143:9: Provide an error message for require [Warning/reason-string]
/sb/0xfc047dd076ce776f0154bb72dfc4a7a2aca00fff.sol:143:17: GC: Non strict inequality found. Try converting to a strict one [Warning/gas-strict-inequalities]
/sb/0xfc047dd076ce776f0154bb72dfc4a7a2aca00fff.sol:158:5: Missing @notice tag in function 'burnFrom' [Warning/use-natspec]
/sb/0xfc047dd076ce776f0154bb72dfc4a7a2aca00fff.sol:158:5: Missing @return tag in function 'burnFrom' [Warning/use-natspec]
/sb/0xfc047dd076ce776f0154bb72dfc4a7a2aca00fff.sol:158:5: Mismatch in @return names for function 'burnFrom'. Expected: [success], Found: [] [Warning/use-natspec]
/sb/0xfc047dd076ce776f0154bb72dfc4a7a2aca00fff.sol:159:9: Provide an error message for require [Warning/reason-string]
/sb/0xfc047dd076ce776f0154bb72dfc4a7a2aca00fff.sol:159:17: GC: Non strict inequality found. Try converting to a strict one [Warning/gas-strict-inequalities]
/sb/0xfc047dd076ce776f0154bb72dfc4a7a2aca00fff.sol:160:9: Provide an error message for require [Warning/reason-string]
/sb/0xfc047dd076ce776f0154bb72dfc4a7a2aca00fff.sol:160:17: GC: Non strict inequality found. Try converting to a strict one [Warning/gas-strict-inequalities]

72 problem/s (1 error/s, 71 warning/s)
