Extract contract ResetPonzi from /sb/0x3ab274f835d1939d20d0bbb72a1fb513d7a7a675.sol
Extracted 1 contract(s) from /sb/0x3ab274f835d1939d20d0bbb72a1fb513d7a7a675.sol
[0;32m> Created "fuzzMe"[0m
[0;32m> To fuzz contracts:[0m
  chmod +x fuzzMe
  ./fuzzMe
contracts/ResetPonzi.sol:21:3: Warning: Defining constructors as functions with the same name as the contract is deprecated. Use "constructor(...) { ... }" instead.
  function ResetPonzi() {
  ^ (Relevant source part starts here and spans across multiple lines).
contracts/ResetPonzi.sol:33:9: Warning: "throw" is deprecated in favour of "revert()", "require()" and "assert()".
        throw;
        ^---^
contracts/ResetPonzi.sol:58:4: Warning: Failure condition of 'send' ignored. Consider using 'transfer' instead.
	  currentNiceGuy.send(1 ether);
	  ^--------------------------^
contracts/ResetPonzi.sol:62:12: Warning: Using contract member "balance" inherited from the address type is deprecated. Convert the contract to "address" type to access the member, for example use "address(contract).balance" instead.
    while (this.balance > 10 ether) {
           ^----------^
contracts/ResetPonzi.sol:63:7: Warning: Failure condition of 'send' ignored. Consider using 'transfer' instead.
      persons[payoutIdx].addr.send(10 ether);
      ^------------------------------------^
contracts/ResetPonzi.sol:21:3: Warning: No visibility specified. Defaulting to "public". 
  function ResetPonzi() {
  ^ (Relevant source part starts here and spans across multiple lines).
contracts/ResetPonzi.sol:26:3: Warning: No visibility specified. Defaulting to "public". 
  function() {
  ^ (Relevant source part starts here and spans across multiple lines).
contracts/ResetPonzi.sol:31:3: Warning: No visibility specified. Defaulting to "public". 
  function enter() {
  ^ (Relevant source part starts here and spans across multiple lines).
contracts/ResetPonzi.sol:32:9: Warning: "msg.value" used in non-payable function. Do you want to add the "payable" modifier to this function?
    if (msg.value != 9 ether) {
        ^-------^
assets/NormalAttacker.sol:5:3: Warning: No visibility specified. Defaulting to "public". 
  function() payable {
  ^ (Relevant source part starts here and spans across multiple lines).
assets/ReentrancyAttacker.sol:8:7: Warning: Return value of low-level calls not used.
      msg.sender.call(bytes4(255));
      ^--------------------------^
assets/ReentrancyAttacker.sol:5:3: Warning: No visibility specified. Defaulting to "public". 
  function() payable {
  ^ (Relevant source part starts here and spans across multiple lines).
>> Fuzz ResetPonzi
** Write stats: 0.003128
** Write stats: 5.00012
** Write stats: 10.0001
** Write stats: 15.0028
** Write stats: 20.0003
** Write stats: 25.0001
** Write stats: 30.0002
** Write stats: 35.0002
** Write stats: 40.0002
** Write stats: 45.0002
** Write stats: 50.0003
** Write stats: 55.0004
** Write stats: 60.0004
** Write stats: 65.0007
** Write stats: 70.0002
** Write stats: 75.0001
** Write stats: 80.0002
** Write stats: 85.0003
** Write stats: 90.0005
** Write stats: 95.0003
** Write stats: 100
** Write stats: 105.001
** Write stats: 110
** Write stats: 115
** Write stats: 120
** Write stats: 120.005
