ANTLR runtime and generated code versions disagree: 4.9.2!=4.7.2
ANTLR runtime and generated code versions disagree: 4.9.2!=4.7.2
Analysing /sb/0x160a9f91993f81281127b7144344976cdfe2095b.sol:WinEtherPot10...
Vulnerability: Integer Underflow. Maybe in function: drawWinner(). PC: 0xcf4. Line number: 203.
If a = 0
and b = 1
Vulnerability: Integer Overflow. Maybe in function: getParticipants(). PC: 0x259. Line number: 293.
If a = 32
and b = 61514547407324228818772085785865451047049679353621549645961841504203850121215
Vulnerability: Integer Underflow. Maybe in function: getParticipants(). PC: 0x971. Line number: 294.
If a = 3618502788666131106986593281521497120414687020801267626233049500247285301243
and b = 128
Vulnerability: Integer Overflow. Maybe in function: getParticipants(). PC: 0x90d. Line number: 294.
If a = 32
and b = 18092513943330655534932966407607485602073435104006338131165247501236426506238
Vulnerability: Transaction Ordering Dependence. Maybe in function: withdraw(). PC: 0x72a. Line number: 277.
Vulnerability: Integer Overflow. Maybe in function: getParticipants(). PC: 0x99d. Line number: 295.
If a = 32
and b = 10855508365998393320959779844564491361244061062403802878699148500741855903743
Vulnerability: Reentrancy. Maybe in function: destroy(). PC: 0xbf9. Line number: 389.
Vulnerability: Integer Overflow. Maybe in function: getBet(uint256). PC: 0x5c4. Line number: 339.
If a = 87903029871075914254377627908054574944891091886930582284385770809450030037083
and b = 54956024485271144742323798485769204194068165180757205423771953952697424414592
