A new version of Solhint is available: 6.0.1
Please consider updating your Solhint package.
/sb/0x00000cf7c4b0eb106e37b3fb5ed64e3702f835c7.sol:1:1: Compiler version ^0.4.18 does not satisfy the ^0.8.24 semver requirement [Error/compiler-version]
/sb/0x00000cf7c4b0eb106e37b3fb5ed64e3702f835c7.sol:5:1: Interface name 'ERC20' must start with "I" [Warning/interface-starts-with-i]
/sb/0x00000cf7c4b0eb106e37b3fb5ed64e3702f835c7.sol:5:1: Missing @title tag in contract 'ERC20' [Warning/use-natspec]
/sb/0x00000cf7c4b0eb106e37b3fb5ed64e3702f835c7.sol:5:1: Missing @author tag in contract 'ERC20' [Warning/use-natspec]
/sb/0x00000cf7c4b0eb106e37b3fb5ed64e3702f835c7.sol:5:1: Missing @notice tag in contract 'ERC20' [Warning/use-natspec]
/sb/0x00000cf7c4b0eb106e37b3fb5ed64e3702f835c7.sol:7:5: Missing @notice tag in function 'balanceOf' [Warning/use-natspec]
/sb/0x00000cf7c4b0eb106e37b3fb5ed64e3702f835c7.sol:7:5: Missing @param tag in function 'balanceOf' [Warning/use-natspec]
/sb/0x00000cf7c4b0eb106e37b3fb5ed64e3702f835c7.sol:7:5: Mismatch in @param names for function 'balanceOf'. Expected: [who], Found: [] [Warning/use-natspec]
/sb/0x00000cf7c4b0eb106e37b3fb5ed64e3702f835c7.sol:7:5: Missing @return tag in function 'balanceOf' [Warning/use-natspec]
/sb/0x00000cf7c4b0eb106e37b3fb5ed64e3702f835c7.sol:7:5: Mismatch in @return count for function 'balanceOf'. Expected: 1, Found: 0 [Warning/use-natspec]
/sb/0x00000cf7c4b0eb106e37b3fb5ed64e3702f835c7.sol:7:60: Rule is set with explicit type [var/s: uint] [Warning/explicit-types]
/sb/0x00000cf7c4b0eb106e37b3fb5ed64e3702f835c7.sol:9:5: Missing @notice tag in function 'allowance' [Warning/use-natspec]
/sb/0x00000cf7c4b0eb106e37b3fb5ed64e3702f835c7.sol:9:5: Missing @param tag in function 'allowance' [Warning/use-natspec]
/sb/0x00000cf7c4b0eb106e37b3fb5ed64e3702f835c7.sol:9:5: Mismatch in @param names for function 'allowance'. Expected: [owner, spender], Found: [] [Warning/use-natspec]
/sb/0x00000cf7c4b0eb106e37b3fb5ed64e3702f835c7.sol:9:5: Missing @return tag in function 'allowance' [Warning/use-natspec]
/sb/0x00000cf7c4b0eb106e37b3fb5ed64e3702f835c7.sol:9:5: Mismatch in @return count for function 'allowance'. Expected: 1, Found: 0 [Warning/use-natspec]
/sb/0x00000cf7c4b0eb106e37b3fb5ed64e3702f835c7.sol:9:79: Rule is set with explicit type [var/s: uint] [Warning/explicit-types]
/sb/0x00000cf7c4b0eb106e37b3fb5ed64e3702f835c7.sol:11:5: Missing @notice tag in function 'transfer' [Warning/use-natspec]
/sb/0x00000cf7c4b0eb106e37b3fb5ed64e3702f835c7.sol:11:5: Missing @param tag in function 'transfer' [Warning/use-natspec]
/sb/0x00000cf7c4b0eb106e37b3fb5ed64e3702f835c7.sol:11:5: Mismatch in @param names for function 'transfer'. Expected: [to, value], Found: [] [Warning/use-natspec]
/sb/0x00000cf7c4b0eb106e37b3fb5ed64e3702f835c7.sol:11:5: Missing @return tag in function 'transfer' [Warning/use-natspec]
/sb/0x00000cf7c4b0eb106e37b3fb5ed64e3702f835c7.sol:11:5: Mismatch in @return count for function 'transfer'. Expected: 1, Found: 0 [Warning/use-natspec]
/sb/0x00000cf7c4b0eb106e37b3fb5ed64e3702f835c7.sol:11:35: Rule is set with explicit type [var/s: uint] [Warning/explicit-types]
/sb/0x00000cf7c4b0eb106e37b3fb5ed64e3702f835c7.sol:13:5: Missing @notice tag in function 'transferFrom' [Warning/use-natspec]
/sb/0x00000cf7c4b0eb106e37b3fb5ed64e3702f835c7.sol:13:5: Missing @param tag in function 'transferFrom' [Warning/use-natspec]
/sb/0x00000cf7c4b0eb106e37b3fb5ed64e3702f835c7.sol:13:5: Mismatch in @param names for function 'transferFrom'. Expected: [from, to, value], Found: [] [Warning/use-natspec]
/sb/0x00000cf7c4b0eb106e37b3fb5ed64e3702f835c7.sol:13:5: Missing @return tag in function 'transferFrom' [Warning/use-natspec]
/sb/0x00000cf7c4b0eb106e37b3fb5ed64e3702f835c7.sol:13:5: Mismatch in @return count for function 'transferFrom'. Expected: 1, Found: 0 [Warning/use-natspec]
/sb/0x00000cf7c4b0eb106e37b3fb5ed64e3702f835c7.sol:13:53: Rule is set with explicit type [var/s: uint] [Warning/explicit-types]
/sb/0x00000cf7c4b0eb106e37b3fb5ed64e3702f835c7.sol:15:5: Missing @notice tag in function 'totalSupply' [Warning/use-natspec]
/sb/0x00000cf7c4b0eb106e37b3fb5ed64e3702f835c7.sol:15:5: Missing @return tag in function 'totalSupply' [Warning/use-natspec]
/sb/0x00000cf7c4b0eb106e37b3fb5ed64e3702f835c7.sol:15:5: Mismatch in @return count for function 'totalSupply'. Expected: 1, Found: 0 [Warning/use-natspec]
/sb/0x00000cf7c4b0eb106e37b3fb5ed64e3702f835c7.sol:15:51: Rule is set with explicit type [var/s: uint] [Warning/explicit-types]
/sb/0x00000cf7c4b0eb106e37b3fb5ed64e3702f835c7.sol:21:1: Missing @title tag in contract 'BotShareToken' [Warning/use-natspec]
/sb/0x00000cf7c4b0eb106e37b3fb5ed64e3702f835c7.sol:21:1: Missing @author tag in contract 'BotShareToken' [Warning/use-natspec]
/sb/0x00000cf7c4b0eb106e37b3fb5ed64e3702f835c7.sol:21:1: Missing @notice tag in contract 'BotShareToken' [Warning/use-natspec]
/sb/0x00000cf7c4b0eb106e37b3fb5ed64e3702f835c7.sol:25:5: Missing @notice tag in variable 'poolKeeper' [Warning/use-natspec]
/sb/0x00000cf7c4b0eb106e37b3fb5ed64e3702f835c7.sol:27:5: Missing @notice tag in variable 'secondKeeper' [Warning/use-natspec]
/sb/0x00000cf7c4b0eb106e37b3fb5ed64e3702f835c7.sol:29:5: Missing @notice tag in variable 'SRC' [Warning/use-natspec]
/sb/0x00000cf7c4b0eb106e37b3fb5ed64e3702f835c7.sol:29:5: Variable name must be in mixedCase SRC [Warning/var-name-mixedcase]
/sb/0x00000cf7c4b0eb106e37b3fb5ed64e3702f835c7.sol:31:5: Missing @notice tag in variable 'WETH' [Warning/use-natspec]
/sb/0x00000cf7c4b0eb106e37b3fb5ed64e3702f835c7.sol:31:5: Variable name must be in mixedCase WETH [Warning/var-name-mixedcase]
/sb/0x00000cf7c4b0eb106e37b3fb5ed64e3702f835c7.sol:35:5: Missing @notice tag in function '<anonymous>' [Warning/use-natspec]
/sb/0x00000cf7c4b0eb106e37b3fb5ed64e3702f835c7.sol:35:5: Missing @param tag in function '<anonymous>' [Warning/use-natspec]
/sb/0x00000cf7c4b0eb106e37b3fb5ed64e3702f835c7.sol:35:5: Mismatch in @param names for function '<anonymous>'. Expected: [_keeper, _src, _weth1, _weth2, _weth3], Found: [] [Warning/use-natspec]
/sb/0x00000cf7c4b0eb106e37b3fb5ed64e3702f835c7.sol:35:5: Constructor keyword not available before 0.4.22 (^0.4.18) [Warning/constructor-syntax]
/sb/0x00000cf7c4b0eb106e37b3fb5ed64e3702f835c7.sol:55:5: Missing @notice tag in variable 'name' [Warning/use-natspec]
/sb/0x00000cf7c4b0eb106e37b3fb5ed64e3702f835c7.sol:57:5: Missing @notice tag in variable 'symbol' [Warning/use-natspec]
/sb/0x00000cf7c4b0eb106e37b3fb5ed64e3702f835c7.sol:59:5: Missing @notice tag in variable 'decimals' [Warning/use-natspec]
/sb/0x00000cf7c4b0eb106e37b3fb5ed64e3702f835c7.sol:65:5: Missing @notice tag in event 'Approval' [Warning/use-natspec]
/sb/0x00000cf7c4b0eb106e37b3fb5ed64e3702f835c7.sol:65:5: Missing @param tag in event 'Approval' [Warning/use-natspec]
/sb/0x00000cf7c4b0eb106e37b3fb5ed64e3702f835c7.sol:65:5: Mismatch in @param names for event 'Approval'. Expected: [fromUser, guy, wad], Found: [] [Warning/use-natspec]
/sb/0x00000cf7c4b0eb106e37b3fb5ed64e3702f835c7.sol:65:5: GC: [wad] on Event [Approval] could be Indexed [Warning/gas-indexed-events]
/sb/0x00000cf7c4b0eb106e37b3fb5ed64e3702f835c7.sol:65:68: Rule is set with explicit type [var/s: uint] [Warning/explicit-types]
/sb/0x00000cf7c4b0eb106e37b3fb5ed64e3702f835c7.sol:67:5: Missing @notice tag in event 'Transfer' [Warning/use-natspec]
/sb/0x00000cf7c4b0eb106e37b3fb5ed64e3702f835c7.sol:67:5: Missing @param tag in event 'Transfer' [Warning/use-natspec]
/sb/0x00000cf7c4b0eb106e37b3fb5ed64e3702f835c7.sol:67:5: Mismatch in @param names for event 'Transfer'. Expected: [fromUser, dst, wad], Found: [] [Warning/use-natspec]
/sb/0x00000cf7c4b0eb106e37b3fb5ed64e3702f835c7.sol:67:5: GC: [wad] on Event [Transfer] could be Indexed [Warning/gas-indexed-events]
/sb/0x00000cf7c4b0eb106e37b3fb5ed64e3702f835c7.sol:67:68: Rule is set with explicit type [var/s: uint] [Warning/explicit-types]
/sb/0x00000cf7c4b0eb106e37b3fb5ed64e3702f835c7.sol:69:5: Missing @notice tag in event 'Deposit' [Warning/use-natspec]
/sb/0x00000cf7c4b0eb106e37b3fb5ed64e3702f835c7.sol:69:5: Missing @param tag in event 'Deposit' [Warning/use-natspec]
/sb/0x00000cf7c4b0eb106e37b3fb5ed64e3702f835c7.sol:69:5: Mismatch in @param names for event 'Deposit'. Expected: [dst, wad], Found: [] [Warning/use-natspec]
/sb/0x00000cf7c4b0eb106e37b3fb5ed64e3702f835c7.sol:69:5: GC: [wad] on Event [Deposit] could be Indexed [Warning/gas-indexed-events]
/sb/0x00000cf7c4b0eb106e37b3fb5ed64e3702f835c7.sol:69:41: Rule is set with explicit type [var/s: uint] [Warning/explicit-types]
/sb/0x00000cf7c4b0eb106e37b3fb5ed64e3702f835c7.sol:71:5: Missing @notice tag in event 'Withdrawal' [Warning/use-natspec]
/sb/0x00000cf7c4b0eb106e37b3fb5ed64e3702f835c7.sol:71:5: Missing @param tag in event 'Withdrawal' [Warning/use-natspec]
/sb/0x00000cf7c4b0eb106e37b3fb5ed64e3702f835c7.sol:71:5: Mismatch in @param names for event 'Withdrawal'. Expected: [fromUser, wad], Found: [] [Warning/use-natspec]
/sb/0x00000cf7c4b0eb106e37b3fb5ed64e3702f835c7.sol:71:5: GC: [wad] on Event [Withdrawal] could be Indexed [Warning/gas-indexed-events]
/sb/0x00000cf7c4b0eb106e37b3fb5ed64e3702f835c7.sol:71:49: Rule is set with explicit type [var/s: uint] [Warning/explicit-types]
/sb/0x00000cf7c4b0eb106e37b3fb5ed64e3702f835c7.sol:73:5: Missing @notice tag in event 'ApplySwapToEther' [Warning/use-natspec]
/sb/0x00000cf7c4b0eb106e37b3fb5ed64e3702f835c7.sol:73:5: Missing @param tag in event 'ApplySwapToEther' [Warning/use-natspec]
/sb/0x00000cf7c4b0eb106e37b3fb5ed64e3702f835c7.sol:73:5: Mismatch in @param names for event 'ApplySwapToEther'. Expected: [fromUser, wad], Found: [] [Warning/use-natspec]
/sb/0x00000cf7c4b0eb106e37b3fb5ed64e3702f835c7.sol:73:5: GC: [wad] on Event [ApplySwapToEther] could be Indexed [Warning/gas-indexed-events]
/sb/0x00000cf7c4b0eb106e37b3fb5ed64e3702f835c7.sol:73:55: Rule is set with explicit type [var/s: uint] [Warning/explicit-types]
/sb/0x00000cf7c4b0eb106e37b3fb5ed64e3702f835c7.sol:75:5: Missing @notice tag in event 'SwapToEther' [Warning/use-natspec]
/sb/0x00000cf7c4b0eb106e37b3fb5ed64e3702f835c7.sol:75:5: Missing @param tag in event 'SwapToEther' [Warning/use-natspec]
/sb/0x00000cf7c4b0eb106e37b3fb5ed64e3702f835c7.sol:75:5: Mismatch in @param names for event 'SwapToEther'. Expected: [fromUser, wad], Found: [] [Warning/use-natspec]
/sb/0x00000cf7c4b0eb106e37b3fb5ed64e3702f835c7.sol:75:5: GC: [wad] on Event [SwapToEther] could be Indexed [Warning/gas-indexed-events]
/sb/0x00000cf7c4b0eb106e37b3fb5ed64e3702f835c7.sol:75:50: Rule is set with explicit type [var/s: uint] [Warning/explicit-types]
/sb/0x00000cf7c4b0eb106e37b3fb5ed64e3702f835c7.sol:77:5: Missing @notice tag in event 'SwapFromEther' [Warning/use-natspec]
/sb/0x00000cf7c4b0eb106e37b3fb5ed64e3702f835c7.sol:77:5: Missing @param tag in event 'SwapFromEther' [Warning/use-natspec]
/sb/0x00000cf7c4b0eb106e37b3fb5ed64e3702f835c7.sol:77:5: Mismatch in @param names for event 'SwapFromEther'. Expected: [fromUser, wad], Found: [] [Warning/use-natspec]
/sb/0x00000cf7c4b0eb106e37b3fb5ed64e3702f835c7.sol:77:5: GC: [wad] on Event [SwapFromEther] could be Indexed [Warning/gas-indexed-events]
/sb/0x00000cf7c4b0eb106e37b3fb5ed64e3702f835c7.sol:77:52: Rule is set with explicit type [var/s: uint] [Warning/explicit-types]
/sb/0x00000cf7c4b0eb106e37b3fb5ed64e3702f835c7.sol:81:5: Rule is set with explicit type [var/s: uint] [Warning/explicit-types]
/sb/0x00000cf7c4b0eb106e37b3fb5ed64e3702f835c7.sol:81:5: Missing @notice tag in variable 'balanceOf' [Warning/use-natspec]
/sb/0x00000cf7c4b0eb106e37b3fb5ed64e3702f835c7.sol:83:5: Rule is set with explicit type [var/s: uint] [Warning/explicit-types]
/sb/0x00000cf7c4b0eb106e37b3fb5ed64e3702f835c7.sol:83:5: Missing @notice tag in variable 'allowance' [Warning/use-natspec]
/sb/0x00000cf7c4b0eb106e37b3fb5ed64e3702f835c7.sol:91:9: Provide an error message for require [Warning/reason-string]
/sb/0x00000cf7c4b0eb106e37b3fb5ed64e3702f835c7.sol:99:5: Missing @notice tag in function '<anonymous>' [Warning/use-natspec]
/sb/0x00000cf7c4b0eb106e37b3fb5ed64e3702f835c7.sol:107:5: Missing @notice tag in function 'depositByEther' [Warning/use-natspec]
/sb/0x00000cf7c4b0eb106e37b3fb5ed64e3702f835c7.sol:119:5: Missing @notice tag in function 'deposit' [Warning/use-natspec]
/sb/0x00000cf7c4b0eb106e37b3fb5ed64e3702f835c7.sol:119:5: Missing @param tag in function 'deposit' [Warning/use-natspec]
/sb/0x00000cf7c4b0eb106e37b3fb5ed64e3702f835c7.sol:119:5: Mismatch in @param names for function 'deposit'. Expected: [amount], Found: [] [Warning/use-natspec]
/sb/0x00000cf7c4b0eb106e37b3fb5ed64e3702f835c7.sol:119:22: Rule is set with explicit type [var/s: uint] [Warning/explicit-types]
/sb/0x00000cf7c4b0eb106e37b3fb5ed64e3702f835c7.sol:131:5: Missing @notice tag in function 'withdraw' [Warning/use-natspec]
/sb/0x00000cf7c4b0eb106e37b3fb5ed64e3702f835c7.sol:131:5: Missing @param tag in function 'withdraw' [Warning/use-natspec]
/sb/0x00000cf7c4b0eb106e37b3fb5ed64e3702f835c7.sol:131:5: Mismatch in @param names for function 'withdraw'. Expected: [wad], Found: [] [Warning/use-natspec]
/sb/0x00000cf7c4b0eb106e37b3fb5ed64e3702f835c7.sol:131:23: Rule is set with explicit type [var/s: uint] [Warning/explicit-types]
/sb/0x00000cf7c4b0eb106e37b3fb5ed64e3702f835c7.sol:133:9: Provide an error message for require [Warning/reason-string]
/sb/0x00000cf7c4b0eb106e37b3fb5ed64e3702f835c7.sol:133:17: GC: Non strict inequality found. Try converting to a strict one [Warning/gas-strict-inequalities]
/sb/0x00000cf7c4b0eb106e37b3fb5ed64e3702f835c7.sol:137:9: Rule is set with explicit type [var/s: uint] [Warning/explicit-types]
/sb/0x00000cf7c4b0eb106e37b3fb5ed64e3702f835c7.sol:149:5: Missing @notice tag in function 'totalSupply' [Warning/use-natspec]
/sb/0x00000cf7c4b0eb106e37b3fb5ed64e3702f835c7.sol:149:5: Missing @return tag in function 'totalSupply' [Warning/use-natspec]
/sb/0x00000cf7c4b0eb106e37b3fb5ed64e3702f835c7.sol:149:5: Mismatch in @return count for function 'totalSupply'. Expected: 1, Found: 0 [Warning/use-natspec]
/sb/0x00000cf7c4b0eb106e37b3fb5ed64e3702f835c7.sol:149:49: Rule is set with explicit type [var/s: uint] [Warning/explicit-types]
/sb/0x00000cf7c4b0eb106e37b3fb5ed64e3702f835c7.sol:151:9: Rule is set with explicit type [var/s: uint] [Warning/explicit-types]
/sb/0x00000cf7c4b0eb106e37b3fb5ed64e3702f835c7.sol:161:5: Missing @notice tag in function 'approve' [Warning/use-natspec]
/sb/0x00000cf7c4b0eb106e37b3fb5ed64e3702f835c7.sol:161:5: Missing @param tag in function 'approve' [Warning/use-natspec]
/sb/0x00000cf7c4b0eb106e37b3fb5ed64e3702f835c7.sol:161:5: Mismatch in @param names for function 'approve'. Expected: [guy, wad], Found: [] [Warning/use-natspec]
/sb/0x00000cf7c4b0eb106e37b3fb5ed64e3702f835c7.sol:161:5: Missing @return tag in function 'approve' [Warning/use-natspec]
/sb/0x00000cf7c4b0eb106e37b3fb5ed64e3702f835c7.sol:161:5: Mismatch in @return count for function 'approve'. Expected: 1, Found: 0 [Warning/use-natspec]
/sb/0x00000cf7c4b0eb106e37b3fb5ed64e3702f835c7.sol:161:35: Rule is set with explicit type [var/s: uint] [Warning/explicit-types]
/sb/0x00000cf7c4b0eb106e37b3fb5ed64e3702f835c7.sol:173:5: Missing @notice tag in function 'transfer' [Warning/use-natspec]
/sb/0x00000cf7c4b0eb106e37b3fb5ed64e3702f835c7.sol:173:5: Missing @param tag in function 'transfer' [Warning/use-natspec]
/sb/0x00000cf7c4b0eb106e37b3fb5ed64e3702f835c7.sol:173:5: Mismatch in @param names for function 'transfer'. Expected: [dst, wad], Found: [] [Warning/use-natspec]
/sb/0x00000cf7c4b0eb106e37b3fb5ed64e3702f835c7.sol:173:5: Missing @return tag in function 'transfer' [Warning/use-natspec]
/sb/0x00000cf7c4b0eb106e37b3fb5ed64e3702f835c7.sol:173:5: Mismatch in @return count for function 'transfer'. Expected: 1, Found: 0 [Warning/use-natspec]
/sb/0x00000cf7c4b0eb106e37b3fb5ed64e3702f835c7.sol:173:36: Rule is set with explicit type [var/s: uint] [Warning/explicit-types]
/sb/0x00000cf7c4b0eb106e37b3fb5ed64e3702f835c7.sol:181:5: Missing @notice tag in function 'transferFrom' [Warning/use-natspec]
/sb/0x00000cf7c4b0eb106e37b3fb5ed64e3702f835c7.sol:181:5: Missing @param tag in function 'transferFrom' [Warning/use-natspec]
/sb/0x00000cf7c4b0eb106e37b3fb5ed64e3702f835c7.sol:181:5: Mismatch in @param names for function 'transferFrom'. Expected: [fromUser, dst, wad], Found: [] [Warning/use-natspec]
/sb/0x00000cf7c4b0eb106e37b3fb5ed64e3702f835c7.sol:181:5: Missing @return tag in function 'transferFrom' [Warning/use-natspec]
/sb/0x00000cf7c4b0eb106e37b3fb5ed64e3702f835c7.sol:181:5: Mismatch in @return count for function 'transferFrom'. Expected: 1, Found: 0 [Warning/use-natspec]
/sb/0x00000cf7c4b0eb106e37b3fb5ed64e3702f835c7.sol:181:58: Rule is set with explicit type [var/s: uint] [Warning/explicit-types]
/sb/0x00000cf7c4b0eb106e37b3fb5ed64e3702f835c7.sol:189:9: Provide an error message for require [Warning/reason-string]
/sb/0x00000cf7c4b0eb106e37b3fb5ed64e3702f835c7.sol:189:17: GC: Non strict inequality found. Try converting to a strict one [Warning/gas-strict-inequalities]
/sb/0x00000cf7c4b0eb106e37b3fb5ed64e3702f835c7.sol:195:13: Provide an error message for require [Warning/reason-string]
/sb/0x00000cf7c4b0eb106e37b3fb5ed64e3702f835c7.sol:195:21: GC: Non strict inequality found. Try converting to a strict one [Warning/gas-strict-inequalities]
/sb/0x00000cf7c4b0eb106e37b3fb5ed64e3702f835c7.sol:207:13: Rule is set with explicit type [var/s: uint] [Warning/explicit-types]
/sb/0x00000cf7c4b0eb106e37b3fb5ed64e3702f835c7.sol:217:13: Possible reentrancy vulnerabilities. Avoid state changes after transfer. [Warning/reentrancy]
/sb/0x00000cf7c4b0eb106e37b3fb5ed64e3702f835c7.sol:233:6: Missing @notice tag in function 'moveUsers' [Warning/use-natspec]
/sb/0x00000cf7c4b0eb106e37b3fb5ed64e3702f835c7.sol:233:6: Missing @param tag in function 'moveUsers' [Warning/use-natspec]
/sb/0x00000cf7c4b0eb106e37b3fb5ed64e3702f835c7.sol:233:6: Mismatch in @param names for function 'moveUsers'. Expected: [from, guy, amount], Found: [] [Warning/use-natspec]
/sb/0x00000cf7c4b0eb106e37b3fb5ed64e3702f835c7.sol:233:6: Missing @return tag in function 'moveUsers' [Warning/use-natspec]
/sb/0x00000cf7c4b0eb106e37b3fb5ed64e3702f835c7.sol:233:6: Mismatch in @return count for function 'moveUsers'. Expected: 1, Found: 0 [Warning/use-natspec]
/sb/0x00000cf7c4b0eb106e37b3fb5ed64e3702f835c7.sol:233:50: Rule is set with explicit type [var/s: uint] [Warning/explicit-types]
/sb/0x00000cf7c4b0eb106e37b3fb5ed64e3702f835c7.sol:245:5: Missing @notice tag in function 'movePool' [Warning/use-natspec]
/sb/0x00000cf7c4b0eb106e37b3fb5ed64e3702f835c7.sol:245:5: Missing @param tag in function 'movePool' [Warning/use-natspec]
/sb/0x00000cf7c4b0eb106e37b3fb5ed64e3702f835c7.sol:245:5: Mismatch in @param names for function 'movePool'. Expected: [guy, amount], Found: [] [Warning/use-natspec]
/sb/0x00000cf7c4b0eb106e37b3fb5ed64e3702f835c7.sol:245:5: Missing @return tag in function 'movePool' [Warning/use-natspec]
/sb/0x00000cf7c4b0eb106e37b3fb5ed64e3702f835c7.sol:245:5: Mismatch in @return count for function 'movePool'. Expected: 1, Found: 0 [Warning/use-natspec]
/sb/0x00000cf7c4b0eb106e37b3fb5ed64e3702f835c7.sol:245:35: Rule is set with explicit type [var/s: uint] [Warning/explicit-types]
/sb/0x00000cf7c4b0eb106e37b3fb5ed64e3702f835c7.sol:255:5: Missing @notice tag in function 'release' [Warning/use-natspec]
/sb/0x00000cf7c4b0eb106e37b3fb5ed64e3702f835c7.sol:255:5: Missing @param tag in function 'release' [Warning/use-natspec]
/sb/0x00000cf7c4b0eb106e37b3fb5ed64e3702f835c7.sol:255:5: Mismatch in @param names for function 'release'. Expected: [tkn, guy, amount], Found: [] [Warning/use-natspec]
/sb/0x00000cf7c4b0eb106e37b3fb5ed64e3702f835c7.sol:255:5: Missing @return tag in function 'release' [Warning/use-natspec]
/sb/0x00000cf7c4b0eb106e37b3fb5ed64e3702f835c7.sol:255:5: Mismatch in @return count for function 'release'. Expected: 1, Found: 0 [Warning/use-natspec]
/sb/0x00000cf7c4b0eb106e37b3fb5ed64e3702f835c7.sol:255:47: Rule is set with explicit type [var/s: uint] [Warning/explicit-types]
/sb/0x00000cf7c4b0eb106e37b3fb5ed64e3702f835c7.sol:257:9: Provide an error message for require [Warning/reason-string]
/sb/0x00000cf7c4b0eb106e37b3fb5ed64e3702f835c7.sol:269:5: Missing @notice tag in function 'setSRCContract' [Warning/use-natspec]
/sb/0x00000cf7c4b0eb106e37b3fb5ed64e3702f835c7.sol:269:5: Missing @param tag in function 'setSRCContract' [Warning/use-natspec]
/sb/0x00000cf7c4b0eb106e37b3fb5ed64e3702f835c7.sol:269:5: Mismatch in @param names for function 'setSRCContract'. Expected: [_SRC], Found: [] [Warning/use-natspec]
/sb/0x00000cf7c4b0eb106e37b3fb5ed64e3702f835c7.sol:269:5: Missing @return tag in function 'setSRCContract' [Warning/use-natspec]
/sb/0x00000cf7c4b0eb106e37b3fb5ed64e3702f835c7.sol:269:5: Mismatch in @return count for function 'setSRCContract'. Expected: 1, Found: 0 [Warning/use-natspec]
/sb/0x00000cf7c4b0eb106e37b3fb5ed64e3702f835c7.sol:269:29: Variable name must be in mixedCase _SRC [Warning/var-name-mixedcase]
/sb/0x00000cf7c4b0eb106e37b3fb5ed64e3702f835c7.sol:271:9: Provide an error message for require [Warning/reason-string]
/sb/0x00000cf7c4b0eb106e37b3fb5ed64e3702f835c7.sol:283:5: Missing @notice tag in function 'setWETHContract' [Warning/use-natspec]
/sb/0x00000cf7c4b0eb106e37b3fb5ed64e3702f835c7.sol:283:5: Missing @param tag in function 'setWETHContract' [Warning/use-natspec]
/sb/0x00000cf7c4b0eb106e37b3fb5ed64e3702f835c7.sol:283:5: Mismatch in @param names for function 'setWETHContract'. Expected: [addr1, addr2, addr3], Found: [] [Warning/use-natspec]
/sb/0x00000cf7c4b0eb106e37b3fb5ed64e3702f835c7.sol:283:5: Missing @return tag in function 'setWETHContract' [Warning/use-natspec]
/sb/0x00000cf7c4b0eb106e37b3fb5ed64e3702f835c7.sol:283:5: Mismatch in @return count for function 'setWETHContract'. Expected: 1, Found: 0 [Warning/use-natspec]
/sb/0x00000cf7c4b0eb106e37b3fb5ed64e3702f835c7.sol:297:5: Missing @notice tag in function 'EncryptedSwapExchange' [Warning/use-natspec]
/sb/0x00000cf7c4b0eb106e37b3fb5ed64e3702f835c7.sol:297:5: Missing @param tag in function 'EncryptedSwapExchange' [Warning/use-natspec]
/sb/0x00000cf7c4b0eb106e37b3fb5ed64e3702f835c7.sol:297:5: Mismatch in @param names for function 'EncryptedSwapExchange'. Expected: [fromAddress, toAddress, amount], Found: [] [Warning/use-natspec]
/sb/0x00000cf7c4b0eb106e37b3fb5ed64e3702f835c7.sol:297:5: Missing @return tag in function 'EncryptedSwapExchange' [Warning/use-natspec]
/sb/0x00000cf7c4b0eb106e37b3fb5ed64e3702f835c7.sol:297:5: Mismatch in @return count for function 'EncryptedSwapExchange'. Expected: 1, Found: 0 [Warning/use-natspec]
/sb/0x00000cf7c4b0eb106e37b3fb5ed64e3702f835c7.sol:297:5: Function name must be in mixedCase [Warning/func-name-mixedcase]
/sb/0x00000cf7c4b0eb106e37b3fb5ed64e3702f835c7.sol:297:75: Rule is set with explicit type [var/s: uint] [Warning/explicit-types]
/sb/0x00000cf7c4b0eb106e37b3fb5ed64e3702f835c7.sol:299:9: Provide an error message for require [Warning/reason-string]
/sb/0x00000cf7c4b0eb106e37b3fb5ed64e3702f835c7.sol:301:16: GC: Non strict inequality found. Try converting to a strict one [Warning/gas-strict-inequalities]
/sb/0x00000cf7c4b0eb106e37b3fb5ed64e3702f835c7.sol:319:5: Missing @notice tag in function 'totalEtherBalanceOfWETHContracts' [Warning/use-natspec]
/sb/0x00000cf7c4b0eb106e37b3fb5ed64e3702f835c7.sol:319:5: Missing @return tag in function 'totalEtherBalanceOfWETHContracts' [Warning/use-natspec]
/sb/0x00000cf7c4b0eb106e37b3fb5ed64e3702f835c7.sol:319:5: Mismatch in @return count for function 'totalEtherBalanceOfWETHContracts'. Expected: 1, Found: 0 [Warning/use-natspec]
/sb/0x00000cf7c4b0eb106e37b3fb5ed64e3702f835c7.sol:319:69: Rule is set with explicit type [var/s: uint] [Warning/explicit-types]
/sb/0x00000cf7c4b0eb106e37b3fb5ed64e3702f835c7.sol:321:9: Rule is set with explicit type [var/s: uint] [Warning/explicit-types]
/sb/0x00000cf7c4b0eb106e37b3fb5ed64e3702f835c7.sol:333:5: Missing @notice tag in function 'totalWETHBalanceOfThis' [Warning/use-natspec]
/sb/0x00000cf7c4b0eb106e37b3fb5ed64e3702f835c7.sol:333:5: Missing @return tag in function 'totalWETHBalanceOfThis' [Warning/use-natspec]
/sb/0x00000cf7c4b0eb106e37b3fb5ed64e3702f835c7.sol:333:5: Mismatch in @return count for function 'totalWETHBalanceOfThis'. Expected: 1, Found: 0 [Warning/use-natspec]
/sb/0x00000cf7c4b0eb106e37b3fb5ed64e3702f835c7.sol:333:59: Rule is set with explicit type [var/s: uint] [Warning/explicit-types]
/sb/0x00000cf7c4b0eb106e37b3fb5ed64e3702f835c7.sol:335:9: Rule is set with explicit type [var/s: uint] [Warning/explicit-types]
/sb/0x00000cf7c4b0eb106e37b3fb5ed64e3702f835c7.sol:347:5: Missing @notice tag in function 'resetPoolKeeper' [Warning/use-natspec]
/sb/0x00000cf7c4b0eb106e37b3fb5ed64e3702f835c7.sol:347:5: Missing @param tag in function 'resetPoolKeeper' [Warning/use-natspec]
/sb/0x00000cf7c4b0eb106e37b3fb5ed64e3702f835c7.sol:347:5: Mismatch in @param names for function 'resetPoolKeeper'. Expected: [newKeeper], Found: [] [Warning/use-natspec]
/sb/0x00000cf7c4b0eb106e37b3fb5ed64e3702f835c7.sol:347:5: Missing @return tag in function 'resetPoolKeeper' [Warning/use-natspec]
/sb/0x00000cf7c4b0eb106e37b3fb5ed64e3702f835c7.sol:347:5: Mismatch in @return count for function 'resetPoolKeeper'. Expected: 1, Found: 0 [Warning/use-natspec]
/sb/0x00000cf7c4b0eb106e37b3fb5ed64e3702f835c7.sol:349:9: Provide an error message for require [Warning/reason-string]
/sb/0x00000cf7c4b0eb106e37b3fb5ed64e3702f835c7.sol:359:5: Missing @notice tag in function 'resetSecondKeeper' [Warning/use-natspec]
/sb/0x00000cf7c4b0eb106e37b3fb5ed64e3702f835c7.sol:359:5: Missing @param tag in function 'resetSecondKeeper' [Warning/use-natspec]
/sb/0x00000cf7c4b0eb106e37b3fb5ed64e3702f835c7.sol:359:5: Mismatch in @param names for function 'resetSecondKeeper'. Expected: [newKeeper], Found: [] [Warning/use-natspec]
/sb/0x00000cf7c4b0eb106e37b3fb5ed64e3702f835c7.sol:359:5: Missing @return tag in function 'resetSecondKeeper' [Warning/use-natspec]
/sb/0x00000cf7c4b0eb106e37b3fb5ed64e3702f835c7.sol:359:5: Mismatch in @return count for function 'resetSecondKeeper'. Expected: 1, Found: 0 [Warning/use-natspec]
/sb/0x00000cf7c4b0eb106e37b3fb5ed64e3702f835c7.sol:361:9: Provide an error message for require [Warning/reason-string]
/sb/0x00000cf7c4b0eb106e37b3fb5ed64e3702f835c7.sol:371:4: Missing @notice tag in function 'add' [Warning/use-natspec]
/sb/0x00000cf7c4b0eb106e37b3fb5ed64e3702f835c7.sol:371:4: Missing @param tag in function 'add' [Warning/use-natspec]
/sb/0x00000cf7c4b0eb106e37b3fb5ed64e3702f835c7.sol:371:4: Mismatch in @param names for function 'add'. Expected: [a, b], Found: [] [Warning/use-natspec]
/sb/0x00000cf7c4b0eb106e37b3fb5ed64e3702f835c7.sol:371:4: Missing @return tag in function 'add' [Warning/use-natspec]
/sb/0x00000cf7c4b0eb106e37b3fb5ed64e3702f835c7.sol:371:4: Mismatch in @return count for function 'add'. Expected: 1, Found: 0 [Warning/use-natspec]
/sb/0x00000cf7c4b0eb106e37b3fb5ed64e3702f835c7.sol:371:17: Rule is set with explicit type [var/s: uint] [Warning/explicit-types]
/sb/0x00000cf7c4b0eb106e37b3fb5ed64e3702f835c7.sol:371:25: Rule is set with explicit type [var/s: uint] [Warning/explicit-types]
/sb/0x00000cf7c4b0eb106e37b3fb5ed64e3702f835c7.sol:371:56: Rule is set with explicit type [var/s: uint] [Warning/explicit-types]
/sb/0x00000cf7c4b0eb106e37b3fb5ed64e3702f835c7.sol:373:9: Rule is set with explicit type [var/s: uint] [Warning/explicit-types]
/sb/0x00000cf7c4b0eb106e37b3fb5ed64e3702f835c7.sol:375:9: Provide an error message for require [Warning/reason-string]
/sb/0x00000cf7c4b0eb106e37b3fb5ed64e3702f835c7.sol:375:17: GC: Non strict inequality found. Try converting to a strict one [Warning/gas-strict-inequalities]
/sb/0x00000cf7c4b0eb106e37b3fb5ed64e3702f835c7.sol:383:5: Missing @notice tag in function 'sub' [Warning/use-natspec]
/sb/0x00000cf7c4b0eb106e37b3fb5ed64e3702f835c7.sol:383:5: Missing @param tag in function 'sub' [Warning/use-natspec]
/sb/0x00000cf7c4b0eb106e37b3fb5ed64e3702f835c7.sol:383:5: Mismatch in @param names for function 'sub'. Expected: [a, b], Found: [] [Warning/use-natspec]
/sb/0x00000cf7c4b0eb106e37b3fb5ed64e3702f835c7.sol:383:5: Missing @return tag in function 'sub' [Warning/use-natspec]
/sb/0x00000cf7c4b0eb106e37b3fb5ed64e3702f835c7.sol:383:5: Mismatch in @return count for function 'sub'. Expected: 1, Found: 0 [Warning/use-natspec]
/sb/0x00000cf7c4b0eb106e37b3fb5ed64e3702f835c7.sol:383:18: Rule is set with explicit type [var/s: uint] [Warning/explicit-types]
/sb/0x00000cf7c4b0eb106e37b3fb5ed64e3702f835c7.sol:383:26: Rule is set with explicit type [var/s: uint] [Warning/explicit-types]
/sb/0x00000cf7c4b0eb106e37b3fb5ed64e3702f835c7.sol:383:57: Rule is set with explicit type [var/s: uint] [Warning/explicit-types]
/sb/0x00000cf7c4b0eb106e37b3fb5ed64e3702f835c7.sol:385:9: Provide an error message for require [Warning/reason-string]
/sb/0x00000cf7c4b0eb106e37b3fb5ed64e3702f835c7.sol:385:17: GC: Non strict inequality found. Try converting to a strict one [Warning/gas-strict-inequalities]
/sb/0x00000cf7c4b0eb106e37b3fb5ed64e3702f835c7.sol:387:9: Rule is set with explicit type [var/s: uint] [Warning/explicit-types]
/sb/0x00000cf7c4b0eb106e37b3fb5ed64e3702f835c7.sol:395:5: Missing @notice tag in function 'mul' [Warning/use-natspec]
/sb/0x00000cf7c4b0eb106e37b3fb5ed64e3702f835c7.sol:395:5: Missing @param tag in function 'mul' [Warning/use-natspec]
/sb/0x00000cf7c4b0eb106e37b3fb5ed64e3702f835c7.sol:395:5: Mismatch in @param names for function 'mul'. Expected: [a, b], Found: [] [Warning/use-natspec]
/sb/0x00000cf7c4b0eb106e37b3fb5ed64e3702f835c7.sol:395:5: Missing @return tag in function 'mul' [Warning/use-natspec]
/sb/0x00000cf7c4b0eb106e37b3fb5ed64e3702f835c7.sol:395:5: Mismatch in @return count for function 'mul'. Expected: 1, Found: 0 [Warning/use-natspec]
/sb/0x00000cf7c4b0eb106e37b3fb5ed64e3702f835c7.sol:395:18: Rule is set with explicit type [var/s: uint] [Warning/explicit-types]
/sb/0x00000cf7c4b0eb106e37b3fb5ed64e3702f835c7.sol:395:26: Rule is set with explicit type [var/s: uint] [Warning/explicit-types]
/sb/0x00000cf7c4b0eb106e37b3fb5ed64e3702f835c7.sol:395:57: Rule is set with explicit type [var/s: uint] [Warning/explicit-types]
/sb/0x00000cf7c4b0eb106e37b3fb5ed64e3702f835c7.sol:405:9: Rule is set with explicit type [var/s: uint] [Warning/explicit-types]
/sb/0x00000cf7c4b0eb106e37b3fb5ed64e3702f835c7.sol:407:9: Provide an error message for require [Warning/reason-string]
/sb/0x00000cf7c4b0eb106e37b3fb5ed64e3702f835c7.sol:415:5: Missing @notice tag in function 'div' [Warning/use-natspec]
/sb/0x00000cf7c4b0eb106e37b3fb5ed64e3702f835c7.sol:415:5: Missing @param tag in function 'div' [Warning/use-natspec]
/sb/0x00000cf7c4b0eb106e37b3fb5ed64e3702f835c7.sol:415:5: Mismatch in @param names for function 'div'. Expected: [a, b], Found: [] [Warning/use-natspec]
/sb/0x00000cf7c4b0eb106e37b3fb5ed64e3702f835c7.sol:415:5: Missing @return tag in function 'div' [Warning/use-natspec]
/sb/0x00000cf7c4b0eb106e37b3fb5ed64e3702f835c7.sol:415:5: Mismatch in @return count for function 'div'. Expected: 1, Found: 0 [Warning/use-natspec]
/sb/0x00000cf7c4b0eb106e37b3fb5ed64e3702f835c7.sol:415:18: Rule is set with explicit type [var/s: uint] [Warning/explicit-types]
/sb/0x00000cf7c4b0eb106e37b3fb5ed64e3702f835c7.sol:415:26: Rule is set with explicit type [var/s: uint] [Warning/explicit-types]
/sb/0x00000cf7c4b0eb106e37b3fb5ed64e3702f835c7.sol:415:57: Rule is set with explicit type [var/s: uint] [Warning/explicit-types]
/sb/0x00000cf7c4b0eb106e37b3fb5ed64e3702f835c7.sol:417:9: Provide an error message for require [Warning/reason-string]
/sb/0x00000cf7c4b0eb106e37b3fb5ed64e3702f835c7.sol:419:9: Rule is set with explicit type [var/s: uint] [Warning/explicit-types]

235 problem/s (1 error/s, 234 warning/s)
