'solc --version' running
'solc /sb/0xc624d3eda184ac3ec874dbab2cb84b51c30cf301.sol --combined-json abi,ast,bin,bin-runtime,srcmap,srcmap-runtime,userdoc,devdoc,hashes,compact-format --allow-paths .,/sb' running

Version constraint ^0.4.25 contains known severe issues (https://solidity.readthedocs.io/en/latest/bugs.html)
	- DirtyBytesArrayToStorage
	- ABIDecodeTwoDimensionalArrayMemory
	- KeccakCaching
	- EmptyByteArrayCopy
	- DynamicArrayCleanup
	- ImplicitConstructorCallvalueCheck
	- TupleAssignmentMultiStackSlotComponents
	- MemoryArrayCreationOverflow
	- privateCanBeOverridden
	- SignedArrayStorageCopy
	- ABIEncoderV2StorageArrayWithMultiSlotElement
	- DynamicConstructorArgumentsClippedABIV2
	- UninitializedFunctionPointerInConstructor_0.4.x
	- IncorrectEventSignatureInLibraries_0.4.x
	- ABIEncoderV2PackedStorage_0.4.x.
It is used by:
	- ^0.4.25 (../sb/0xc624d3eda184ac3ec874dbab2cb84b51c30cf301.sol#1)
solc-0.4.26 is an outdated solc version. Use a more recent version (at least 0.8.0), if possible.
Reference: https://github.com/crytic/slither/wiki/Detector-Documentation#incorrect-versions-of-solidity

Function Gravestone.do_worship(string,string) (../sb/0xc624d3eda184ac3ec874dbab2cb84b51c30cf301.sol#20-25) is not in mixedCase
Parameter Gravestone.do_worship(string,string)._fullname (../sb/0xc624d3eda184ac3ec874dbab2cb84b51c30cf301.sol#20) is not in mixedCase
Parameter Gravestone.do_worship(string,string)._message (../sb/0xc624d3eda184ac3ec874dbab2cb84b51c30cf301.sol#20) is not in mixedCase
Variable Gravestone.worship_count (../sb/0xc624d3eda184ac3ec874dbab2cb84b51c30cf301.sol#11) is not in mixedCase
Reference: https://github.com/crytic/slither/wiki/Detector-Documentation#conformance-to-solidity-naming-conventions

do_worship(string,string) should be declared external:
	- Gravestone.do_worship(string,string) (../sb/0xc624d3eda184ac3ec874dbab2cb84b51c30cf301.sol#20-25)
Reference: https://github.com/crytic/slither/wiki/Detector-Documentation#public-function-that-could-be-declared-external
/sb/0xc624d3eda184ac3ec874dbab2cb84b51c30cf301.sol analyzed (2 contracts with 100 detectors), 7 result(s) found
