A new version of Solhint is available: 6.0.1
Please consider updating your Solhint package.
/sb/0xe12edfe61d15de827be477859a201235a7f600ff.sol:1:1: Found more than One contract per file. 13 contracts found! [Warning/one-contract-per-file]
/sb/0xe12edfe61d15de827be477859a201235a7f600ff.sol:1:1: Compiler version ^0.4.23 does not satisfy the ^0.8.24 semver requirement [Error/compiler-version]
/sb/0xe12edfe61d15de827be477859a201235a7f600ff.sol:9:1: Missing @author tag in contract 'SafeMath' [Warning/use-natspec]
/sb/0xe12edfe61d15de827be477859a201235a7f600ff.sol:9:1: Missing @notice tag in contract 'SafeMath' [Warning/use-natspec]
/sb/0xe12edfe61d15de827be477859a201235a7f600ff.sol:14:3: Missing @notice tag in function 'mul' [Warning/use-natspec]
/sb/0xe12edfe61d15de827be477859a201235a7f600ff.sol:14:3: Missing @param tag in function 'mul' [Warning/use-natspec]
/sb/0xe12edfe61d15de827be477859a201235a7f600ff.sol:14:3: Mismatch in @param names for function 'mul'. Expected: [a, b], Found: [] [Warning/use-natspec]
/sb/0xe12edfe61d15de827be477859a201235a7f600ff.sol:14:3: Missing @return tag in function 'mul' [Warning/use-natspec]
/sb/0xe12edfe61d15de827be477859a201235a7f600ff.sol:14:3: Mismatch in @return names for function 'mul'. Expected: [c], Found: [] [Warning/use-natspec]
/sb/0xe12edfe61d15de827be477859a201235a7f600ff.sol:30:3: Missing @notice tag in function 'div' [Warning/use-natspec]
/sb/0xe12edfe61d15de827be477859a201235a7f600ff.sol:30:3: Missing @param tag in function 'div' [Warning/use-natspec]
/sb/0xe12edfe61d15de827be477859a201235a7f600ff.sol:30:3: Mismatch in @param names for function 'div'. Expected: [a, b], Found: [] [Warning/use-natspec]
/sb/0xe12edfe61d15de827be477859a201235a7f600ff.sol:30:3: Missing @return tag in function 'div' [Warning/use-natspec]
/sb/0xe12edfe61d15de827be477859a201235a7f600ff.sol:30:3: Mismatch in @return count for function 'div'. Expected: 1, Found: 0 [Warning/use-natspec]
/sb/0xe12edfe61d15de827be477859a201235a7f600ff.sol:40:3: Missing @notice tag in function 'sub' [Warning/use-natspec]
/sb/0xe12edfe61d15de827be477859a201235a7f600ff.sol:40:3: Missing @param tag in function 'sub' [Warning/use-natspec]
/sb/0xe12edfe61d15de827be477859a201235a7f600ff.sol:40:3: Mismatch in @param names for function 'sub'. Expected: [a, b], Found: [] [Warning/use-natspec]
/sb/0xe12edfe61d15de827be477859a201235a7f600ff.sol:40:3: Missing @return tag in function 'sub' [Warning/use-natspec]
/sb/0xe12edfe61d15de827be477859a201235a7f600ff.sol:40:3: Mismatch in @return count for function 'sub'. Expected: 1, Found: 0 [Warning/use-natspec]
/sb/0xe12edfe61d15de827be477859a201235a7f600ff.sol:41:12: GC: Non strict inequality found. Try converting to a strict one [Warning/gas-strict-inequalities]
/sb/0xe12edfe61d15de827be477859a201235a7f600ff.sol:48:3: Missing @notice tag in function 'add' [Warning/use-natspec]
/sb/0xe12edfe61d15de827be477859a201235a7f600ff.sol:48:3: Missing @param tag in function 'add' [Warning/use-natspec]
/sb/0xe12edfe61d15de827be477859a201235a7f600ff.sol:48:3: Mismatch in @param names for function 'add'. Expected: [a, b], Found: [] [Warning/use-natspec]
/sb/0xe12edfe61d15de827be477859a201235a7f600ff.sol:48:3: Missing @return tag in function 'add' [Warning/use-natspec]
/sb/0xe12edfe61d15de827be477859a201235a7f600ff.sol:48:3: Mismatch in @return names for function 'add'. Expected: [c], Found: [] [Warning/use-natspec]
/sb/0xe12edfe61d15de827be477859a201235a7f600ff.sol:50:12: GC: Non strict inequality found. Try converting to a strict one [Warning/gas-strict-inequalities]
/sb/0xe12edfe61d15de827be477859a201235a7f600ff.sol:62:1: Missing @author tag in contract 'ERC20Basic' [Warning/use-natspec]
/sb/0xe12edfe61d15de827be477859a201235a7f600ff.sol:62:1: Missing @notice tag in contract 'ERC20Basic' [Warning/use-natspec]
/sb/0xe12edfe61d15de827be477859a201235a7f600ff.sol:63:3: Missing @notice tag in function 'totalSupply' [Warning/use-natspec]
/sb/0xe12edfe61d15de827be477859a201235a7f600ff.sol:63:3: Missing @return tag in function 'totalSupply' [Warning/use-natspec]
/sb/0xe12edfe61d15de827be477859a201235a7f600ff.sol:63:3: Mismatch in @return count for function 'totalSupply'. Expected: 1, Found: 0 [Warning/use-natspec]
/sb/0xe12edfe61d15de827be477859a201235a7f600ff.sol:64:3: Missing @notice tag in function 'balanceOf' [Warning/use-natspec]
/sb/0xe12edfe61d15de827be477859a201235a7f600ff.sol:64:3: Missing @param tag in function 'balanceOf' [Warning/use-natspec]
/sb/0xe12edfe61d15de827be477859a201235a7f600ff.sol:64:3: Mismatch in @param names for function 'balanceOf'. Expected: [who], Found: [] [Warning/use-natspec]
/sb/0xe12edfe61d15de827be477859a201235a7f600ff.sol:64:3: Missing @return tag in function 'balanceOf' [Warning/use-natspec]
/sb/0xe12edfe61d15de827be477859a201235a7f600ff.sol:64:3: Mismatch in @return count for function 'balanceOf'. Expected: 1, Found: 0 [Warning/use-natspec]
/sb/0xe12edfe61d15de827be477859a201235a7f600ff.sol:65:3: Missing @notice tag in function 'transfer' [Warning/use-natspec]
/sb/0xe12edfe61d15de827be477859a201235a7f600ff.sol:65:3: Missing @param tag in function 'transfer' [Warning/use-natspec]
/sb/0xe12edfe61d15de827be477859a201235a7f600ff.sol:65:3: Mismatch in @param names for function 'transfer'. Expected: [to, value], Found: [] [Warning/use-natspec]
/sb/0xe12edfe61d15de827be477859a201235a7f600ff.sol:65:3: Missing @return tag in function 'transfer' [Warning/use-natspec]
/sb/0xe12edfe61d15de827be477859a201235a7f600ff.sol:65:3: Mismatch in @return count for function 'transfer'. Expected: 1, Found: 0 [Warning/use-natspec]
/sb/0xe12edfe61d15de827be477859a201235a7f600ff.sol:66:3: Missing @notice tag in event 'Transfer' [Warning/use-natspec]
/sb/0xe12edfe61d15de827be477859a201235a7f600ff.sol:66:3: Missing @param tag in event 'Transfer' [Warning/use-natspec]
/sb/0xe12edfe61d15de827be477859a201235a7f600ff.sol:66:3: Mismatch in @param names for event 'Transfer'. Expected: [from, to, value], Found: [] [Warning/use-natspec]
/sb/0xe12edfe61d15de827be477859a201235a7f600ff.sol:66:3: GC: [value] on Event [Transfer] could be Indexed [Warning/gas-indexed-events]
/sb/0xe12edfe61d15de827be477859a201235a7f600ff.sol:75:1: Missing @author tag in contract 'BasicToken' [Warning/use-natspec]
/sb/0xe12edfe61d15de827be477859a201235a7f600ff.sol:75:1: Missing @notice tag in contract 'BasicToken' [Warning/use-natspec]
/sb/0xe12edfe61d15de827be477859a201235a7f600ff.sol:78:3: Explicitly mark visibility of state [Warning/state-visibility]
/sb/0xe12edfe61d15de827be477859a201235a7f600ff.sol:80:3: Explicitly mark visibility of state [Warning/state-visibility]
/sb/0xe12edfe61d15de827be477859a201235a7f600ff.sol:85:3: Missing @notice tag in function 'totalSupply' [Warning/use-natspec]
/sb/0xe12edfe61d15de827be477859a201235a7f600ff.sol:85:3: Missing @return tag in function 'totalSupply' [Warning/use-natspec]
/sb/0xe12edfe61d15de827be477859a201235a7f600ff.sol:85:3: Mismatch in @return count for function 'totalSupply'. Expected: 1, Found: 0 [Warning/use-natspec]
/sb/0xe12edfe61d15de827be477859a201235a7f600ff.sol:94:3: Missing @notice tag in function 'transfer' [Warning/use-natspec]
/sb/0xe12edfe61d15de827be477859a201235a7f600ff.sol:94:3: Missing @return tag in function 'transfer' [Warning/use-natspec]
/sb/0xe12edfe61d15de827be477859a201235a7f600ff.sol:94:3: Mismatch in @return count for function 'transfer'. Expected: 1, Found: 0 [Warning/use-natspec]
/sb/0xe12edfe61d15de827be477859a201235a7f600ff.sol:95:5: Provide an error message for require [Warning/reason-string]
/sb/0xe12edfe61d15de827be477859a201235a7f600ff.sol:96:5: Provide an error message for require [Warning/reason-string]
/sb/0xe12edfe61d15de827be477859a201235a7f600ff.sol:96:13: GC: Non strict inequality found. Try converting to a strict one [Warning/gas-strict-inequalities]
/sb/0xe12edfe61d15de827be477859a201235a7f600ff.sol:109:3: Missing @notice tag in function 'balanceOf' [Warning/use-natspec]
/sb/0xe12edfe61d15de827be477859a201235a7f600ff.sol:121:1: Missing @author tag in contract 'BurnableToken' [Warning/use-natspec]
/sb/0xe12edfe61d15de827be477859a201235a7f600ff.sol:121:1: Missing @notice tag in contract 'BurnableToken' [Warning/use-natspec]
/sb/0xe12edfe61d15de827be477859a201235a7f600ff.sol:123:3: Missing @notice tag in event 'Burn' [Warning/use-natspec]
/sb/0xe12edfe61d15de827be477859a201235a7f600ff.sol:123:3: Missing @param tag in event 'Burn' [Warning/use-natspec]
/sb/0xe12edfe61d15de827be477859a201235a7f600ff.sol:123:3: Mismatch in @param names for event 'Burn'. Expected: [burner, value], Found: [] [Warning/use-natspec]
/sb/0xe12edfe61d15de827be477859a201235a7f600ff.sol:123:3: GC: [value] on Event [Burn] could be Indexed [Warning/gas-indexed-events]
/sb/0xe12edfe61d15de827be477859a201235a7f600ff.sol:129:3: Missing @notice tag in function 'burn' [Warning/use-natspec]
/sb/0xe12edfe61d15de827be477859a201235a7f600ff.sol:133:3: Missing @notice tag in function '_burn' [Warning/use-natspec]
/sb/0xe12edfe61d15de827be477859a201235a7f600ff.sol:133:3: Missing @param tag in function '_burn' [Warning/use-natspec]
/sb/0xe12edfe61d15de827be477859a201235a7f600ff.sol:133:3: Mismatch in @param names for function '_burn'. Expected: [_who, _value], Found: [] [Warning/use-natspec]
/sb/0xe12edfe61d15de827be477859a201235a7f600ff.sol:134:5: Provide an error message for require [Warning/reason-string]
/sb/0xe12edfe61d15de827be477859a201235a7f600ff.sol:134:13: GC: Non strict inequality found. Try converting to a strict one [Warning/gas-strict-inequalities]
/sb/0xe12edfe61d15de827be477859a201235a7f600ff.sol:152:1: Missing @author tag in contract 'Ownable' [Warning/use-natspec]
/sb/0xe12edfe61d15de827be477859a201235a7f600ff.sol:152:1: Missing @notice tag in contract 'Ownable' [Warning/use-natspec]
/sb/0xe12edfe61d15de827be477859a201235a7f600ff.sol:153:3: Missing @notice tag in variable 'owner' [Warning/use-natspec]
/sb/0xe12edfe61d15de827be477859a201235a7f600ff.sol:156:3: Missing @notice tag in event 'OwnershipRenounced' [Warning/use-natspec]
/sb/0xe12edfe61d15de827be477859a201235a7f600ff.sol:156:3: Missing @param tag in event 'OwnershipRenounced' [Warning/use-natspec]
/sb/0xe12edfe61d15de827be477859a201235a7f600ff.sol:156:3: Mismatch in @param names for event 'OwnershipRenounced'. Expected: [previousOwner], Found: [] [Warning/use-natspec]
/sb/0xe12edfe61d15de827be477859a201235a7f600ff.sol:157:3: Missing @notice tag in event 'OwnershipTransferred' [Warning/use-natspec]
/sb/0xe12edfe61d15de827be477859a201235a7f600ff.sol:157:3: Missing @param tag in event 'OwnershipTransferred' [Warning/use-natspec]
/sb/0xe12edfe61d15de827be477859a201235a7f600ff.sol:157:3: Mismatch in @param names for event 'OwnershipTransferred'. Expected: [previousOwner, newOwner], Found: [] [Warning/use-natspec]
/sb/0xe12edfe61d15de827be477859a201235a7f600ff.sol:167:3: Missing @notice tag in function '<anonymous>' [Warning/use-natspec]
/sb/0xe12edfe61d15de827be477859a201235a7f600ff.sol:175:5: Provide an error message for require [Warning/reason-string]
/sb/0xe12edfe61d15de827be477859a201235a7f600ff.sol:182:3: Missing @notice tag in function 'renounceOwnership' [Warning/use-natspec]
/sb/0xe12edfe61d15de827be477859a201235a7f600ff.sol:191:3: Missing @notice tag in function 'transferOwnership' [Warning/use-natspec]
/sb/0xe12edfe61d15de827be477859a201235a7f600ff.sol:199:3: Missing @notice tag in function '_transferOwnership' [Warning/use-natspec]
/sb/0xe12edfe61d15de827be477859a201235a7f600ff.sol:200:5: Provide an error message for require [Warning/reason-string]
/sb/0xe12edfe61d15de827be477859a201235a7f600ff.sol:212:1: Missing @author tag in contract 'ERC20' [Warning/use-natspec]
/sb/0xe12edfe61d15de827be477859a201235a7f600ff.sol:212:1: Missing @notice tag in contract 'ERC20' [Warning/use-natspec]
/sb/0xe12edfe61d15de827be477859a201235a7f600ff.sol:213:3: Missing @notice tag in function 'allowance' [Warning/use-natspec]
/sb/0xe12edfe61d15de827be477859a201235a7f600ff.sol:213:3: Missing @param tag in function 'allowance' [Warning/use-natspec]
/sb/0xe12edfe61d15de827be477859a201235a7f600ff.sol:213:3: Mismatch in @param names for function 'allowance'. Expected: [owner, spender], Found: [] [Warning/use-natspec]
/sb/0xe12edfe61d15de827be477859a201235a7f600ff.sol:213:3: Missing @return tag in function 'allowance' [Warning/use-natspec]
/sb/0xe12edfe61d15de827be477859a201235a7f600ff.sol:213:3: Mismatch in @return count for function 'allowance'. Expected: 1, Found: 0 [Warning/use-natspec]
/sb/0xe12edfe61d15de827be477859a201235a7f600ff.sol:216:3: Missing @notice tag in function 'transferFrom' [Warning/use-natspec]
/sb/0xe12edfe61d15de827be477859a201235a7f600ff.sol:216:3: Missing @param tag in function 'transferFrom' [Warning/use-natspec]
/sb/0xe12edfe61d15de827be477859a201235a7f600ff.sol:216:3: Mismatch in @param names for function 'transferFrom'. Expected: [from, to, value], Found: [] [Warning/use-natspec]
/sb/0xe12edfe61d15de827be477859a201235a7f600ff.sol:216:3: Missing @return tag in function 'transferFrom' [Warning/use-natspec]
/sb/0xe12edfe61d15de827be477859a201235a7f600ff.sol:216:3: Mismatch in @return count for function 'transferFrom'. Expected: 1, Found: 0 [Warning/use-natspec]
/sb/0xe12edfe61d15de827be477859a201235a7f600ff.sol:219:3: Missing @notice tag in function 'approve' [Warning/use-natspec]
/sb/0xe12edfe61d15de827be477859a201235a7f600ff.sol:219:3: Missing @param tag in function 'approve' [Warning/use-natspec]
/sb/0xe12edfe61d15de827be477859a201235a7f600ff.sol:219:3: Mismatch in @param names for function 'approve'. Expected: [spender, value], Found: [] [Warning/use-natspec]
/sb/0xe12edfe61d15de827be477859a201235a7f600ff.sol:219:3: Missing @return tag in function 'approve' [Warning/use-natspec]
/sb/0xe12edfe61d15de827be477859a201235a7f600ff.sol:219:3: Mismatch in @return count for function 'approve'. Expected: 1, Found: 0 [Warning/use-natspec]
/sb/0xe12edfe61d15de827be477859a201235a7f600ff.sol:220:3: Missing @notice tag in event 'Approval' [Warning/use-natspec]
/sb/0xe12edfe61d15de827be477859a201235a7f600ff.sol:220:3: Missing @param tag in event 'Approval' [Warning/use-natspec]
/sb/0xe12edfe61d15de827be477859a201235a7f600ff.sol:220:3: Mismatch in @param names for event 'Approval'. Expected: [owner, spender, value], Found: [] [Warning/use-natspec]
/sb/0xe12edfe61d15de827be477859a201235a7f600ff.sol:220:3: GC: [value] on Event [Approval] could be Indexed [Warning/gas-indexed-events]
/sb/0xe12edfe61d15de827be477859a201235a7f600ff.sol:236:1: Missing @author tag in contract 'StandardToken' [Warning/use-natspec]
/sb/0xe12edfe61d15de827be477859a201235a7f600ff.sol:236:1: Missing @notice tag in contract 'StandardToken' [Warning/use-natspec]
/sb/0xe12edfe61d15de827be477859a201235a7f600ff.sol:247:3: Missing @notice tag in function 'transferFrom' [Warning/use-natspec]
/sb/0xe12edfe61d15de827be477859a201235a7f600ff.sol:247:3: Missing @return tag in function 'transferFrom' [Warning/use-natspec]
/sb/0xe12edfe61d15de827be477859a201235a7f600ff.sol:247:3: Mismatch in @return count for function 'transferFrom'. Expected: 1, Found: 0 [Warning/use-natspec]
/sb/0xe12edfe61d15de827be477859a201235a7f600ff.sol:255:5: Provide an error message for require [Warning/reason-string]
/sb/0xe12edfe61d15de827be477859a201235a7f600ff.sol:256:5: Provide an error message for require [Warning/reason-string]
/sb/0xe12edfe61d15de827be477859a201235a7f600ff.sol:256:13: GC: Non strict inequality found. Try converting to a strict one [Warning/gas-strict-inequalities]
/sb/0xe12edfe61d15de827be477859a201235a7f600ff.sol:257:5: Provide an error message for require [Warning/reason-string]
/sb/0xe12edfe61d15de827be477859a201235a7f600ff.sol:257:13: GC: Non strict inequality found. Try converting to a strict one [Warning/gas-strict-inequalities]
/sb/0xe12edfe61d15de827be477859a201235a7f600ff.sol:276:3: Missing @notice tag in function 'approve' [Warning/use-natspec]
/sb/0xe12edfe61d15de827be477859a201235a7f600ff.sol:276:3: Missing @return tag in function 'approve' [Warning/use-natspec]
/sb/0xe12edfe61d15de827be477859a201235a7f600ff.sol:276:3: Mismatch in @return count for function 'approve'. Expected: 1, Found: 0 [Warning/use-natspec]
/sb/0xe12edfe61d15de827be477859a201235a7f600ff.sol:288:3: Missing @notice tag in function 'allowance' [Warning/use-natspec]
/sb/0xe12edfe61d15de827be477859a201235a7f600ff.sol:309:3: Missing @notice tag in function 'increaseApproval' [Warning/use-natspec]
/sb/0xe12edfe61d15de827be477859a201235a7f600ff.sol:309:3: Missing @return tag in function 'increaseApproval' [Warning/use-natspec]
/sb/0xe12edfe61d15de827be477859a201235a7f600ff.sol:309:3: Mismatch in @return count for function 'increaseApproval'. Expected: 1, Found: 0 [Warning/use-natspec]
/sb/0xe12edfe61d15de827be477859a201235a7f600ff.sol:311:5: Rule is set with explicit type [var/s: uint] [Warning/explicit-types]
/sb/0xe12edfe61d15de827be477859a201235a7f600ff.sol:332:3: Missing @notice tag in function 'decreaseApproval' [Warning/use-natspec]
/sb/0xe12edfe61d15de827be477859a201235a7f600ff.sol:332:3: Missing @return tag in function 'decreaseApproval' [Warning/use-natspec]
/sb/0xe12edfe61d15de827be477859a201235a7f600ff.sol:332:3: Mismatch in @return count for function 'decreaseApproval'. Expected: 1, Found: 0 [Warning/use-natspec]
/sb/0xe12edfe61d15de827be477859a201235a7f600ff.sol:334:5: Rule is set with explicit type [var/s: uint] [Warning/explicit-types]
/sb/0xe12edfe61d15de827be477859a201235a7f600ff.sol:339:5: Rule is set with explicit type [var/s: uint] [Warning/explicit-types]
/sb/0xe12edfe61d15de827be477859a201235a7f600ff.sol:359:1: Missing @author tag in contract 'MintableToken' [Warning/use-natspec]
/sb/0xe12edfe61d15de827be477859a201235a7f600ff.sol:359:1: Missing @notice tag in contract 'MintableToken' [Warning/use-natspec]
/sb/0xe12edfe61d15de827be477859a201235a7f600ff.sol:360:3: Missing @notice tag in event 'Mint' [Warning/use-natspec]
/sb/0xe12edfe61d15de827be477859a201235a7f600ff.sol:360:3: Missing @param tag in event 'Mint' [Warning/use-natspec]
/sb/0xe12edfe61d15de827be477859a201235a7f600ff.sol:360:3: Mismatch in @param names for event 'Mint'. Expected: [to, amount], Found: [] [Warning/use-natspec]
/sb/0xe12edfe61d15de827be477859a201235a7f600ff.sol:360:3: GC: [amount] on Event [Mint] could be Indexed [Warning/gas-indexed-events]
/sb/0xe12edfe61d15de827be477859a201235a7f600ff.sol:361:3: Missing @notice tag in event 'MintFinished' [Warning/use-natspec]
/sb/0xe12edfe61d15de827be477859a201235a7f600ff.sol:363:3: Missing @notice tag in variable 'mintingFinished' [Warning/use-natspec]
/sb/0xe12edfe61d15de827be477859a201235a7f600ff.sol:367:5: Provide an error message for require [Warning/reason-string]
/sb/0xe12edfe61d15de827be477859a201235a7f600ff.sol:372:5: Provide an error message for require [Warning/reason-string]
/sb/0xe12edfe61d15de827be477859a201235a7f600ff.sol:382:3: Missing @notice tag in function 'mint' [Warning/use-natspec]
/sb/0xe12edfe61d15de827be477859a201235a7f600ff.sol:388:5: Visibility modifier must be first in list of modifiers [Warning/visibility-modifier-order]
/sb/0xe12edfe61d15de827be477859a201235a7f600ff.sol:402:3: Missing @notice tag in function 'finishMinting' [Warning/use-natspec]
/sb/0xe12edfe61d15de827be477859a201235a7f600ff.sol:402:46: Visibility modifier must be first in list of modifiers [Warning/visibility-modifier-order]
/sb/0xe12edfe61d15de827be477859a201235a7f600ff.sol:415:1: Missing @author tag in contract 'Pausable' [Warning/use-natspec]
/sb/0xe12edfe61d15de827be477859a201235a7f600ff.sol:415:1: Missing @notice tag in contract 'Pausable' [Warning/use-natspec]
/sb/0xe12edfe61d15de827be477859a201235a7f600ff.sol:416:3: Missing @notice tag in event 'Pause' [Warning/use-natspec]
/sb/0xe12edfe61d15de827be477859a201235a7f600ff.sol:417:3: Missing @notice tag in event 'Unpause' [Warning/use-natspec]
/sb/0xe12edfe61d15de827be477859a201235a7f600ff.sol:419:3: Missing @notice tag in variable 'paused' [Warning/use-natspec]
/sb/0xe12edfe61d15de827be477859a201235a7f600ff.sol:426:5: Provide an error message for require [Warning/reason-string]
/sb/0xe12edfe61d15de827be477859a201235a7f600ff.sol:434:5: Provide an error message for require [Warning/reason-string]
/sb/0xe12edfe61d15de827be477859a201235a7f600ff.sol:441:3: Missing @notice tag in function 'pause' [Warning/use-natspec]
/sb/0xe12edfe61d15de827be477859a201235a7f600ff.sol:441:44: Visibility modifier must be first in list of modifiers [Warning/visibility-modifier-order]
/sb/0xe12edfe61d15de827be477859a201235a7f600ff.sol:449:3: Missing @notice tag in function 'unpause' [Warning/use-natspec]
/sb/0xe12edfe61d15de827be477859a201235a7f600ff.sol:449:43: Visibility modifier must be first in list of modifiers [Warning/visibility-modifier-order]
/sb/0xe12edfe61d15de827be477859a201235a7f600ff.sol:461:1: Missing @author tag in contract 'PausableToken' [Warning/use-natspec]
/sb/0xe12edfe61d15de827be477859a201235a7f600ff.sol:461:1: Missing @notice tag in contract 'PausableToken' [Warning/use-natspec]
/sb/0xe12edfe61d15de827be477859a201235a7f600ff.sol:463:3: Missing @notice tag in function 'transfer' [Warning/use-natspec]
/sb/0xe12edfe61d15de827be477859a201235a7f600ff.sol:463:3: Missing @param tag in function 'transfer' [Warning/use-natspec]
/sb/0xe12edfe61d15de827be477859a201235a7f600ff.sol:463:3: Mismatch in @param names for function 'transfer'. Expected: [_to, _value], Found: [] [Warning/use-natspec]
/sb/0xe12edfe61d15de827be477859a201235a7f600ff.sol:463:3: Missing @return tag in function 'transfer' [Warning/use-natspec]
/sb/0xe12edfe61d15de827be477859a201235a7f600ff.sol:463:3: Mismatch in @return count for function 'transfer'. Expected: 1, Found: 0 [Warning/use-natspec]
/sb/0xe12edfe61d15de827be477859a201235a7f600ff.sol:474:3: Missing @notice tag in function 'transferFrom' [Warning/use-natspec]
/sb/0xe12edfe61d15de827be477859a201235a7f600ff.sol:474:3: Missing @param tag in function 'transferFrom' [Warning/use-natspec]
/sb/0xe12edfe61d15de827be477859a201235a7f600ff.sol:474:3: Mismatch in @param names for function 'transferFrom'. Expected: [_from, _to, _value], Found: [] [Warning/use-natspec]
/sb/0xe12edfe61d15de827be477859a201235a7f600ff.sol:474:3: Missing @return tag in function 'transferFrom' [Warning/use-natspec]
/sb/0xe12edfe61d15de827be477859a201235a7f600ff.sol:474:3: Mismatch in @return count for function 'transferFrom'. Expected: 1, Found: 0 [Warning/use-natspec]
/sb/0xe12edfe61d15de827be477859a201235a7f600ff.sol:486:3: Missing @notice tag in function 'approve' [Warning/use-natspec]
/sb/0xe12edfe61d15de827be477859a201235a7f600ff.sol:486:3: Missing @param tag in function 'approve' [Warning/use-natspec]
/sb/0xe12edfe61d15de827be477859a201235a7f600ff.sol:486:3: Mismatch in @param names for function 'approve'. Expected: [_spender, _value], Found: [] [Warning/use-natspec]
/sb/0xe12edfe61d15de827be477859a201235a7f600ff.sol:486:3: Missing @return tag in function 'approve' [Warning/use-natspec]
/sb/0xe12edfe61d15de827be477859a201235a7f600ff.sol:486:3: Mismatch in @return count for function 'approve'. Expected: 1, Found: 0 [Warning/use-natspec]
/sb/0xe12edfe61d15de827be477859a201235a7f600ff.sol:497:3: Missing @notice tag in function 'increaseApproval' [Warning/use-natspec]
/sb/0xe12edfe61d15de827be477859a201235a7f600ff.sol:497:3: Missing @param tag in function 'increaseApproval' [Warning/use-natspec]
/sb/0xe12edfe61d15de827be477859a201235a7f600ff.sol:497:3: Mismatch in @param names for function 'increaseApproval'. Expected: [_spender, _addedValue], Found: [] [Warning/use-natspec]
/sb/0xe12edfe61d15de827be477859a201235a7f600ff.sol:497:3: Missing @return tag in function 'increaseApproval' [Warning/use-natspec]
/sb/0xe12edfe61d15de827be477859a201235a7f600ff.sol:497:3: Mismatch in @return names for function 'increaseApproval'. Expected: [success], Found: [] [Warning/use-natspec]
/sb/0xe12edfe61d15de827be477859a201235a7f600ff.sol:499:5: Rule is set with explicit type [var/s: uint] [Warning/explicit-types]
/sb/0xe12edfe61d15de827be477859a201235a7f600ff.sol:508:3: Missing @notice tag in function 'decreaseApproval' [Warning/use-natspec]
/sb/0xe12edfe61d15de827be477859a201235a7f600ff.sol:508:3: Missing @param tag in function 'decreaseApproval' [Warning/use-natspec]
/sb/0xe12edfe61d15de827be477859a201235a7f600ff.sol:508:3: Mismatch in @param names for function 'decreaseApproval'. Expected: [_spender, _subtractedValue], Found: [] [Warning/use-natspec]
/sb/0xe12edfe61d15de827be477859a201235a7f600ff.sol:508:3: Missing @return tag in function 'decreaseApproval' [Warning/use-natspec]
/sb/0xe12edfe61d15de827be477859a201235a7f600ff.sol:508:3: Mismatch in @return names for function 'decreaseApproval'. Expected: [success], Found: [] [Warning/use-natspec]
/sb/0xe12edfe61d15de827be477859a201235a7f600ff.sol:510:5: Rule is set with explicit type [var/s: uint] [Warning/explicit-types]
/sb/0xe12edfe61d15de827be477859a201235a7f600ff.sol:529:1: Missing @author tag in contract 'ERC827' [Warning/use-natspec]
/sb/0xe12edfe61d15de827be477859a201235a7f600ff.sol:529:1: Missing @notice tag in contract 'ERC827' [Warning/use-natspec]
/sb/0xe12edfe61d15de827be477859a201235a7f600ff.sol:530:3: Missing @notice tag in function 'approveAndCall' [Warning/use-natspec]
/sb/0xe12edfe61d15de827be477859a201235a7f600ff.sol:530:3: Missing @param tag in function 'approveAndCall' [Warning/use-natspec]
/sb/0xe12edfe61d15de827be477859a201235a7f600ff.sol:530:3: Mismatch in @param names for function 'approveAndCall'. Expected: [_spender, _value, _data], Found: [] [Warning/use-natspec]
/sb/0xe12edfe61d15de827be477859a201235a7f600ff.sol:530:3: Missing @return tag in function 'approveAndCall' [Warning/use-natspec]
/sb/0xe12edfe61d15de827be477859a201235a7f600ff.sol:530:3: Mismatch in @return count for function 'approveAndCall'. Expected: 1, Found: 0 [Warning/use-natspec]
/sb/0xe12edfe61d15de827be477859a201235a7f600ff.sol:539:3: Missing @notice tag in function 'transferAndCall' [Warning/use-natspec]
/sb/0xe12edfe61d15de827be477859a201235a7f600ff.sol:539:3: Missing @param tag in function 'transferAndCall' [Warning/use-natspec]
/sb/0xe12edfe61d15de827be477859a201235a7f600ff.sol:539:3: Mismatch in @param names for function 'transferAndCall'. Expected: [_to, _value, _data], Found: [] [Warning/use-natspec]
/sb/0xe12edfe61d15de827be477859a201235a7f600ff.sol:539:3: Missing @return tag in function 'transferAndCall' [Warning/use-natspec]
/sb/0xe12edfe61d15de827be477859a201235a7f600ff.sol:539:3: Mismatch in @return count for function 'transferAndCall'. Expected: 1, Found: 0 [Warning/use-natspec]
/sb/0xe12edfe61d15de827be477859a201235a7f600ff.sol:548:3: Missing @notice tag in function 'transferFromAndCall' [Warning/use-natspec]
/sb/0xe12edfe61d15de827be477859a201235a7f600ff.sol:548:3: Missing @param tag in function 'transferFromAndCall' [Warning/use-natspec]
/sb/0xe12edfe61d15de827be477859a201235a7f600ff.sol:548:3: Mismatch in @param names for function 'transferFromAndCall'. Expected: [_from, _to, _value, _data], Found: [] [Warning/use-natspec]
/sb/0xe12edfe61d15de827be477859a201235a7f600ff.sol:548:3: Missing @return tag in function 'transferFromAndCall' [Warning/use-natspec]
/sb/0xe12edfe61d15de827be477859a201235a7f600ff.sol:548:3: Mismatch in @return count for function 'transferFromAndCall'. Expected: 1, Found: 0 [Warning/use-natspec]
/sb/0xe12edfe61d15de827be477859a201235a7f600ff.sol:563:1: Compiler version ^0.4.23 does not satisfy the ^0.8.24 semver requirement [Error/compiler-version]
/sb/0xe12edfe61d15de827be477859a201235a7f600ff.sol:577:1: Missing @author tag in contract 'ERC827Token' [Warning/use-natspec]
/sb/0xe12edfe61d15de827be477859a201235a7f600ff.sol:577:1: Missing @notice tag in contract 'ERC827Token' [Warning/use-natspec]
/sb/0xe12edfe61d15de827be477859a201235a7f600ff.sol:596:3: Missing @notice tag in function 'approveAndCall' [Warning/use-natspec]
/sb/0xe12edfe61d15de827be477859a201235a7f600ff.sol:605:5: Provide an error message for require [Warning/reason-string]
/sb/0xe12edfe61d15de827be477859a201235a7f600ff.sol:610:5: Provide an error message for require [Warning/reason-string]
/sb/0xe12edfe61d15de827be477859a201235a7f600ff.sol:610:13: Avoid to use low level calls. [Warning/avoid-low-level-calls]
/sb/0xe12edfe61d15de827be477859a201235a7f600ff.sol:610:13: Avoid to use ".call.value()()" [Warning/avoid-call-value]
/sb/0xe12edfe61d15de827be477859a201235a7f600ff.sol:625:3: Missing @notice tag in function 'transferAndCall' [Warning/use-natspec]
/sb/0xe12edfe61d15de827be477859a201235a7f600ff.sol:634:5: Provide an error message for require [Warning/reason-string]
/sb/0xe12edfe61d15de827be477859a201235a7f600ff.sol:639:5: Provide an error message for require [Warning/reason-string]
/sb/0xe12edfe61d15de827be477859a201235a7f600ff.sol:639:13: Avoid to use low level calls. [Warning/avoid-low-level-calls]
/sb/0xe12edfe61d15de827be477859a201235a7f600ff.sol:639:13: Avoid to use ".call.value()()" [Warning/avoid-call-value]
/sb/0xe12edfe61d15de827be477859a201235a7f600ff.sol:654:3: Missing @notice tag in function 'transferFromAndCall' [Warning/use-natspec]
/sb/0xe12edfe61d15de827be477859a201235a7f600ff.sol:662:5: Provide an error message for require [Warning/reason-string]
/sb/0xe12edfe61d15de827be477859a201235a7f600ff.sol:667:5: Provide an error message for require [Warning/reason-string]
/sb/0xe12edfe61d15de827be477859a201235a7f600ff.sol:667:13: Avoid to use low level calls. [Warning/avoid-low-level-calls]
/sb/0xe12edfe61d15de827be477859a201235a7f600ff.sol:667:13: Avoid to use ".call.value()()" [Warning/avoid-call-value]
/sb/0xe12edfe61d15de827be477859a201235a7f600ff.sol:684:3: Missing @notice tag in function 'increaseApprovalAndCall' [Warning/use-natspec]
/sb/0xe12edfe61d15de827be477859a201235a7f600ff.sol:684:3: Missing @return tag in function 'increaseApprovalAndCall' [Warning/use-natspec]
/sb/0xe12edfe61d15de827be477859a201235a7f600ff.sol:684:3: Mismatch in @return count for function 'increaseApprovalAndCall'. Expected: 1, Found: 0 [Warning/use-natspec]
/sb/0xe12edfe61d15de827be477859a201235a7f600ff.sol:686:5: Rule is set with explicit type [var/s: uint] [Warning/explicit-types]
/sb/0xe12edfe61d15de827be477859a201235a7f600ff.sol:693:5: Provide an error message for require [Warning/reason-string]
/sb/0xe12edfe61d15de827be477859a201235a7f600ff.sol:698:5: Provide an error message for require [Warning/reason-string]
/sb/0xe12edfe61d15de827be477859a201235a7f600ff.sol:698:13: Avoid to use low level calls. [Warning/avoid-low-level-calls]
/sb/0xe12edfe61d15de827be477859a201235a7f600ff.sol:698:13: Avoid to use ".call.value()()" [Warning/avoid-call-value]
/sb/0xe12edfe61d15de827be477859a201235a7f600ff.sol:716:3: Missing @notice tag in function 'decreaseApprovalAndCall' [Warning/use-natspec]
/sb/0xe12edfe61d15de827be477859a201235a7f600ff.sol:716:3: Missing @return tag in function 'decreaseApprovalAndCall' [Warning/use-natspec]
/sb/0xe12edfe61d15de827be477859a201235a7f600ff.sol:716:3: Mismatch in @return count for function 'decreaseApprovalAndCall'. Expected: 1, Found: 0 [Warning/use-natspec]
/sb/0xe12edfe61d15de827be477859a201235a7f600ff.sol:718:5: Rule is set with explicit type [var/s: uint] [Warning/explicit-types]
/sb/0xe12edfe61d15de827be477859a201235a7f600ff.sol:725:5: Provide an error message for require [Warning/reason-string]
/sb/0xe12edfe61d15de827be477859a201235a7f600ff.sol:730:5: Provide an error message for require [Warning/reason-string]
/sb/0xe12edfe61d15de827be477859a201235a7f600ff.sol:730:13: Avoid to use low level calls. [Warning/avoid-low-level-calls]
/sb/0xe12edfe61d15de827be477859a201235a7f600ff.sol:730:13: Avoid to use ".call.value()()" [Warning/avoid-call-value]
/sb/0xe12edfe61d15de827be477859a201235a7f600ff.sol:739:1: Missing @title tag in contract 'ZeexToken' [Warning/use-natspec]
/sb/0xe12edfe61d15de827be477859a201235a7f600ff.sol:739:1: Missing @author tag in contract 'ZeexToken' [Warning/use-natspec]
/sb/0xe12edfe61d15de827be477859a201235a7f600ff.sol:739:1: Missing @notice tag in contract 'ZeexToken' [Warning/use-natspec]
/sb/0xe12edfe61d15de827be477859a201235a7f600ff.sol:740:3: Missing @notice tag in variable 'name' [Warning/use-natspec]
/sb/0xe12edfe61d15de827be477859a201235a7f600ff.sol:740:3: Constant name must be in capitalized SNAKE_CASE [Warning/const-name-snakecase]
/sb/0xe12edfe61d15de827be477859a201235a7f600ff.sol:741:3: Missing @notice tag in variable 'symbol' [Warning/use-natspec]
/sb/0xe12edfe61d15de827be477859a201235a7f600ff.sol:741:3: Constant name must be in capitalized SNAKE_CASE [Warning/const-name-snakecase]
/sb/0xe12edfe61d15de827be477859a201235a7f600ff.sol:742:3: Missing @notice tag in variable 'decimals' [Warning/use-natspec]
/sb/0xe12edfe61d15de827be477859a201235a7f600ff.sol:742:3: Constant name must be in capitalized SNAKE_CASE [Warning/const-name-snakecase]
/sb/0xe12edfe61d15de827be477859a201235a7f600ff.sol:743:3: Missing @notice tag in variable 'version' [Warning/use-natspec]
/sb/0xe12edfe61d15de827be477859a201235a7f600ff.sol:743:3: Constant name must be in capitalized SNAKE_CASE [Warning/const-name-snakecase]
/sb/0xe12edfe61d15de827be477859a201235a7f600ff.sol:745:3: Missing @notice tag in function '<anonymous>' [Warning/use-natspec]
/sb/0xe12edfe61d15de827be477859a201235a7f600ff.sol:749:3: Missing @notice tag in function 'transfer' [Warning/use-natspec]
/sb/0xe12edfe61d15de827be477859a201235a7f600ff.sol:749:3: Missing @param tag in function 'transfer' [Warning/use-natspec]
/sb/0xe12edfe61d15de827be477859a201235a7f600ff.sol:749:3: Mismatch in @param names for function 'transfer'. Expected: [_to, _value], Found: [] [Warning/use-natspec]
/sb/0xe12edfe61d15de827be477859a201235a7f600ff.sol:749:3: Missing @return tag in function 'transfer' [Warning/use-natspec]
/sb/0xe12edfe61d15de827be477859a201235a7f600ff.sol:749:3: Mismatch in @return count for function 'transfer'. Expected: 1, Found: 0 [Warning/use-natspec]
/sb/0xe12edfe61d15de827be477859a201235a7f600ff.sol:753:3: Missing @notice tag in function 'transferFrom' [Warning/use-natspec]
/sb/0xe12edfe61d15de827be477859a201235a7f600ff.sol:753:3: Missing @param tag in function 'transferFrom' [Warning/use-natspec]
/sb/0xe12edfe61d15de827be477859a201235a7f600ff.sol:753:3: Mismatch in @param names for function 'transferFrom'. Expected: [_from, _to, _value], Found: [] [Warning/use-natspec]
/sb/0xe12edfe61d15de827be477859a201235a7f600ff.sol:753:3: Missing @return tag in function 'transferFrom' [Warning/use-natspec]
/sb/0xe12edfe61d15de827be477859a201235a7f600ff.sol:753:3: Mismatch in @return count for function 'transferFrom'. Expected: 1, Found: 0 [Warning/use-natspec]
/sb/0xe12edfe61d15de827be477859a201235a7f600ff.sol:759:3: Missing @notice tag in function 'approveAndCall' [Warning/use-natspec]
/sb/0xe12edfe61d15de827be477859a201235a7f600ff.sol:759:3: Missing @param tag in function 'approveAndCall' [Warning/use-natspec]
/sb/0xe12edfe61d15de827be477859a201235a7f600ff.sol:759:3: Mismatch in @param names for function 'approveAndCall'. Expected: [_spender, _value, _data], Found: [] [Warning/use-natspec]
/sb/0xe12edfe61d15de827be477859a201235a7f600ff.sol:759:3: Missing @return tag in function 'approveAndCall' [Warning/use-natspec]
/sb/0xe12edfe61d15de827be477859a201235a7f600ff.sol:759:3: Mismatch in @return count for function 'approveAndCall'. Expected: 1, Found: 0 [Warning/use-natspec]
/sb/0xe12edfe61d15de827be477859a201235a7f600ff.sol:763:3: Missing @notice tag in function 'transferAndCall' [Warning/use-natspec]
/sb/0xe12edfe61d15de827be477859a201235a7f600ff.sol:763:3: Missing @param tag in function 'transferAndCall' [Warning/use-natspec]
/sb/0xe12edfe61d15de827be477859a201235a7f600ff.sol:763:3: Mismatch in @param names for function 'transferAndCall'. Expected: [_to, _value, _data], Found: [] [Warning/use-natspec]
/sb/0xe12edfe61d15de827be477859a201235a7f600ff.sol:763:3: Missing @return tag in function 'transferAndCall' [Warning/use-natspec]
/sb/0xe12edfe61d15de827be477859a201235a7f600ff.sol:763:3: Mismatch in @return count for function 'transferAndCall'. Expected: 1, Found: 0 [Warning/use-natspec]
/sb/0xe12edfe61d15de827be477859a201235a7f600ff.sol:767:3: Missing @notice tag in function 'transferFromAndCall' [Warning/use-natspec]
/sb/0xe12edfe61d15de827be477859a201235a7f600ff.sol:767:3: Missing @param tag in function 'transferFromAndCall' [Warning/use-natspec]
/sb/0xe12edfe61d15de827be477859a201235a7f600ff.sol:767:3: Mismatch in @param names for function 'transferFromAndCall'. Expected: [_from, _to, _value, _data], Found: [] [Warning/use-natspec]
/sb/0xe12edfe61d15de827be477859a201235a7f600ff.sol:767:3: Missing @return tag in function 'transferFromAndCall' [Warning/use-natspec]
/sb/0xe12edfe61d15de827be477859a201235a7f600ff.sol:767:3: Mismatch in @return count for function 'transferFromAndCall'. Expected: 1, Found: 0 [Warning/use-natspec]
/sb/0xe12edfe61d15de827be477859a201235a7f600ff.sol:771:3: Missing @notice tag in function 'increaseApprovalAndCall' [Warning/use-natspec]
/sb/0xe12edfe61d15de827be477859a201235a7f600ff.sol:771:3: Missing @param tag in function 'increaseApprovalAndCall' [Warning/use-natspec]
/sb/0xe12edfe61d15de827be477859a201235a7f600ff.sol:771:3: Mismatch in @param names for function 'increaseApprovalAndCall'. Expected: [_spender, _addedValue, _data], Found: [] [Warning/use-natspec]
/sb/0xe12edfe61d15de827be477859a201235a7f600ff.sol:771:3: Missing @return tag in function 'increaseApprovalAndCall' [Warning/use-natspec]
/sb/0xe12edfe61d15de827be477859a201235a7f600ff.sol:771:3: Mismatch in @return count for function 'increaseApprovalAndCall'. Expected: 1, Found: 0 [Warning/use-natspec]
/sb/0xe12edfe61d15de827be477859a201235a7f600ff.sol:771:54: Rule is set with explicit type [var/s: uint] [Warning/explicit-types]
/sb/0xe12edfe61d15de827be477859a201235a7f600ff.sol:775:3: Missing @notice tag in function 'decreaseApprovalAndCall' [Warning/use-natspec]
/sb/0xe12edfe61d15de827be477859a201235a7f600ff.sol:775:3: Missing @param tag in function 'decreaseApprovalAndCall' [Warning/use-natspec]
/sb/0xe12edfe61d15de827be477859a201235a7f600ff.sol:775:3: Mismatch in @param names for function 'decreaseApprovalAndCall'. Expected: [_spender, _subtractedValue, _data], Found: [] [Warning/use-natspec]
/sb/0xe12edfe61d15de827be477859a201235a7f600ff.sol:775:3: Missing @return tag in function 'decreaseApprovalAndCall' [Warning/use-natspec]
/sb/0xe12edfe61d15de827be477859a201235a7f600ff.sol:775:3: Mismatch in @return count for function 'decreaseApprovalAndCall'. Expected: 1, Found: 0 [Warning/use-natspec]
/sb/0xe12edfe61d15de827be477859a201235a7f600ff.sol:775:54: Rule is set with explicit type [var/s: uint] [Warning/explicit-types]

284 problem/s (2 error/s, 282 warning/s)
