A new version of Solhint is available: 6.0.1
Please consider updating your Solhint package.
/sb/0xeebd616859f28305dab8b9f5711903574282f5a3.sol:1:1: Found more than One contract per file. 6 contracts found! [Warning/one-contract-per-file]
/sb/0xeebd616859f28305dab8b9f5711903574282f5a3.sol:1:1: Compiler version ^0.4.23 does not satisfy the ^0.8.24 semver requirement [Error/compiler-version]
/sb/0xeebd616859f28305dab8b9f5711903574282f5a3.sol:7:1: Missing @author tag in contract 'SafeMath' [Warning/use-natspec]
/sb/0xeebd616859f28305dab8b9f5711903574282f5a3.sol:7:1: Missing @notice tag in contract 'SafeMath' [Warning/use-natspec]
/sb/0xeebd616859f28305dab8b9f5711903574282f5a3.sol:12:3: Missing @notice tag in function 'mul' [Warning/use-natspec]
/sb/0xeebd616859f28305dab8b9f5711903574282f5a3.sol:12:3: Missing @param tag in function 'mul' [Warning/use-natspec]
/sb/0xeebd616859f28305dab8b9f5711903574282f5a3.sol:12:3: Mismatch in @param names for function 'mul'. Expected: [a, b], Found: [] [Warning/use-natspec]
/sb/0xeebd616859f28305dab8b9f5711903574282f5a3.sol:12:3: Missing @return tag in function 'mul' [Warning/use-natspec]
/sb/0xeebd616859f28305dab8b9f5711903574282f5a3.sol:12:3: Mismatch in @return names for function 'mul'. Expected: [c], Found: [] [Warning/use-natspec]
/sb/0xeebd616859f28305dab8b9f5711903574282f5a3.sol:24:3: Missing @notice tag in function 'div' [Warning/use-natspec]
/sb/0xeebd616859f28305dab8b9f5711903574282f5a3.sol:24:3: Missing @param tag in function 'div' [Warning/use-natspec]
/sb/0xeebd616859f28305dab8b9f5711903574282f5a3.sol:24:3: Mismatch in @param names for function 'div'. Expected: [a, b], Found: [] [Warning/use-natspec]
/sb/0xeebd616859f28305dab8b9f5711903574282f5a3.sol:24:3: Missing @return tag in function 'div' [Warning/use-natspec]
/sb/0xeebd616859f28305dab8b9f5711903574282f5a3.sol:24:3: Mismatch in @return count for function 'div'. Expected: 1, Found: 0 [Warning/use-natspec]
/sb/0xeebd616859f28305dab8b9f5711903574282f5a3.sol:34:3: Missing @notice tag in function 'sub' [Warning/use-natspec]
/sb/0xeebd616859f28305dab8b9f5711903574282f5a3.sol:34:3: Missing @param tag in function 'sub' [Warning/use-natspec]
/sb/0xeebd616859f28305dab8b9f5711903574282f5a3.sol:34:3: Mismatch in @param names for function 'sub'. Expected: [a, b], Found: [] [Warning/use-natspec]
/sb/0xeebd616859f28305dab8b9f5711903574282f5a3.sol:34:3: Missing @return tag in function 'sub' [Warning/use-natspec]
/sb/0xeebd616859f28305dab8b9f5711903574282f5a3.sol:34:3: Mismatch in @return count for function 'sub'. Expected: 1, Found: 0 [Warning/use-natspec]
/sb/0xeebd616859f28305dab8b9f5711903574282f5a3.sol:35:12: GC: Non strict inequality found. Try converting to a strict one [Warning/gas-strict-inequalities]
/sb/0xeebd616859f28305dab8b9f5711903574282f5a3.sol:42:3: Missing @notice tag in function 'add' [Warning/use-natspec]
/sb/0xeebd616859f28305dab8b9f5711903574282f5a3.sol:42:3: Missing @param tag in function 'add' [Warning/use-natspec]
/sb/0xeebd616859f28305dab8b9f5711903574282f5a3.sol:42:3: Mismatch in @param names for function 'add'. Expected: [a, b], Found: [] [Warning/use-natspec]
/sb/0xeebd616859f28305dab8b9f5711903574282f5a3.sol:42:3: Missing @return tag in function 'add' [Warning/use-natspec]
/sb/0xeebd616859f28305dab8b9f5711903574282f5a3.sol:42:3: Mismatch in @return names for function 'add'. Expected: [c], Found: [] [Warning/use-natspec]
/sb/0xeebd616859f28305dab8b9f5711903574282f5a3.sol:44:12: GC: Non strict inequality found. Try converting to a strict one [Warning/gas-strict-inequalities]
/sb/0xeebd616859f28305dab8b9f5711903574282f5a3.sol:56:1: Missing @author tag in contract 'ERC20StandardToken' [Warning/use-natspec]
/sb/0xeebd616859f28305dab8b9f5711903574282f5a3.sol:56:1: Missing @notice tag in contract 'ERC20StandardToken' [Warning/use-natspec]
/sb/0xeebd616859f28305dab8b9f5711903574282f5a3.sol:57:3: Missing @notice tag in event 'Transfer' [Warning/use-natspec]
/sb/0xeebd616859f28305dab8b9f5711903574282f5a3.sol:57:3: Missing @param tag in event 'Transfer' [Warning/use-natspec]
/sb/0xeebd616859f28305dab8b9f5711903574282f5a3.sol:57:3: Mismatch in @param names for event 'Transfer'. Expected: [from, to, value], Found: [] [Warning/use-natspec]
/sb/0xeebd616859f28305dab8b9f5711903574282f5a3.sol:57:3: GC: [value] on Event [Transfer] could be Indexed [Warning/gas-indexed-events]
/sb/0xeebd616859f28305dab8b9f5711903574282f5a3.sol:58:3: Missing @notice tag in event 'Approval' [Warning/use-natspec]
/sb/0xeebd616859f28305dab8b9f5711903574282f5a3.sol:58:3: Missing @param tag in event 'Approval' [Warning/use-natspec]
/sb/0xeebd616859f28305dab8b9f5711903574282f5a3.sol:58:3: Mismatch in @param names for event 'Approval'. Expected: [_owner, _spender, _value], Found: [] [Warning/use-natspec]
/sb/0xeebd616859f28305dab8b9f5711903574282f5a3.sol:58:3: GC: [_value] on Event [Approval] could be Indexed [Warning/gas-indexed-events]
/sb/0xeebd616859f28305dab8b9f5711903574282f5a3.sol:58:68: Rule is set with explicit type [var/s: uint] [Warning/explicit-types]
/sb/0xeebd616859f28305dab8b9f5711903574282f5a3.sol:61:3: Missing @notice tag in variable 'balanceOf' [Warning/use-natspec]
/sb/0xeebd616859f28305dab8b9f5711903574282f5a3.sol:64:3: Explicitly mark visibility of state [Warning/state-visibility]
/sb/0xeebd616859f28305dab8b9f5711903574282f5a3.sol:73:3: Missing @notice tag in function 'transferFrom' [Warning/use-natspec]
/sb/0xeebd616859f28305dab8b9f5711903574282f5a3.sol:73:3: Missing @return tag in function 'transferFrom' [Warning/use-natspec]
/sb/0xeebd616859f28305dab8b9f5711903574282f5a3.sol:73:3: Mismatch in @return count for function 'transferFrom'. Expected: 1, Found: 0 [Warning/use-natspec]
/sb/0xeebd616859f28305dab8b9f5711903574282f5a3.sol:75:5: Provide an error message for require [Warning/reason-string]
/sb/0xeebd616859f28305dab8b9f5711903574282f5a3.sol:76:5: Provide an error message for require [Warning/reason-string]
/sb/0xeebd616859f28305dab8b9f5711903574282f5a3.sol:76:13: GC: Non strict inequality found. Try converting to a strict one [Warning/gas-strict-inequalities]
/sb/0xeebd616859f28305dab8b9f5711903574282f5a3.sol:77:5: Provide an error message for require [Warning/reason-string]
/sb/0xeebd616859f28305dab8b9f5711903574282f5a3.sol:77:13: GC: Non strict inequality found. Try converting to a strict one [Warning/gas-strict-inequalities]
/sb/0xeebd616859f28305dab8b9f5711903574282f5a3.sol:89:3: Missing @notice tag in function 'totalSupply' [Warning/use-natspec]
/sb/0xeebd616859f28305dab8b9f5711903574282f5a3.sol:89:3: Missing @return tag in function 'totalSupply' [Warning/use-natspec]
/sb/0xeebd616859f28305dab8b9f5711903574282f5a3.sol:89:3: Mismatch in @return count for function 'totalSupply'. Expected: 1, Found: 0 [Warning/use-natspec]
/sb/0xeebd616859f28305dab8b9f5711903574282f5a3.sol:98:3: Missing @notice tag in function 'transfer' [Warning/use-natspec]
/sb/0xeebd616859f28305dab8b9f5711903574282f5a3.sol:98:3: Missing @return tag in function 'transfer' [Warning/use-natspec]
/sb/0xeebd616859f28305dab8b9f5711903574282f5a3.sol:98:3: Mismatch in @return count for function 'transfer'. Expected: 1, Found: 0 [Warning/use-natspec]
/sb/0xeebd616859f28305dab8b9f5711903574282f5a3.sol:99:5: Provide an error message for require [Warning/reason-string]
/sb/0xeebd616859f28305dab8b9f5711903574282f5a3.sol:100:5: Provide an error message for require [Warning/reason-string]
/sb/0xeebd616859f28305dab8b9f5711903574282f5a3.sol:100:13: GC: Non strict inequality found. Try converting to a strict one [Warning/gas-strict-inequalities]
/sb/0xeebd616859f28305dab8b9f5711903574282f5a3.sol:120:3: Missing @notice tag in function 'approve' [Warning/use-natspec]
/sb/0xeebd616859f28305dab8b9f5711903574282f5a3.sol:120:3: Missing @return tag in function 'approve' [Warning/use-natspec]
/sb/0xeebd616859f28305dab8b9f5711903574282f5a3.sol:120:3: Mismatch in @return count for function 'approve'. Expected: 1, Found: 0 [Warning/use-natspec]
/sb/0xeebd616859f28305dab8b9f5711903574282f5a3.sol:133:3: Missing @notice tag in function 'allowance' [Warning/use-natspec]
/sb/0xeebd616859f28305dab8b9f5711903574282f5a3.sol:155:3: Missing @notice tag in function 'increaseApproval' [Warning/use-natspec]
/sb/0xeebd616859f28305dab8b9f5711903574282f5a3.sol:155:3: Missing @return tag in function 'increaseApproval' [Warning/use-natspec]
/sb/0xeebd616859f28305dab8b9f5711903574282f5a3.sol:155:3: Mismatch in @return count for function 'increaseApproval'. Expected: 1, Found: 0 [Warning/use-natspec]
/sb/0xeebd616859f28305dab8b9f5711903574282f5a3.sol:157:5: Rule is set with explicit type [var/s: uint] [Warning/explicit-types]
/sb/0xeebd616859f28305dab8b9f5711903574282f5a3.sol:179:3: Missing @notice tag in function 'decreaseApproval' [Warning/use-natspec]
/sb/0xeebd616859f28305dab8b9f5711903574282f5a3.sol:179:3: Missing @return tag in function 'decreaseApproval' [Warning/use-natspec]
/sb/0xeebd616859f28305dab8b9f5711903574282f5a3.sol:179:3: Mismatch in @return count for function 'decreaseApproval'. Expected: 1, Found: 0 [Warning/use-natspec]
/sb/0xeebd616859f28305dab8b9f5711903574282f5a3.sol:181:5: Rule is set with explicit type [var/s: uint] [Warning/explicit-types]
/sb/0xeebd616859f28305dab8b9f5711903574282f5a3.sol:186:5: Rule is set with explicit type [var/s: uint] [Warning/explicit-types]
/sb/0xeebd616859f28305dab8b9f5711903574282f5a3.sol:204:1: Missing @author tag in contract 'addtionalERC223Interface' [Warning/use-natspec]
/sb/0xeebd616859f28305dab8b9f5711903574282f5a3.sol:204:1: Missing @notice tag in contract 'addtionalERC223Interface' [Warning/use-natspec]
/sb/0xeebd616859f28305dab8b9f5711903574282f5a3.sol:204:1: Contract, Structs and Enums should be in CapWords [Warning/contract-name-capwords]
/sb/0xeebd616859f28305dab8b9f5711903574282f5a3.sol:205:5: Missing @notice tag in function 'transfer' [Warning/use-natspec]
/sb/0xeebd616859f28305dab8b9f5711903574282f5a3.sol:205:5: Missing @param tag in function 'transfer' [Warning/use-natspec]
/sb/0xeebd616859f28305dab8b9f5711903574282f5a3.sol:205:5: Mismatch in @param names for function 'transfer'. Expected: [to, value, data], Found: [] [Warning/use-natspec]
/sb/0xeebd616859f28305dab8b9f5711903574282f5a3.sol:205:5: Missing @return tag in function 'transfer' [Warning/use-natspec]
/sb/0xeebd616859f28305dab8b9f5711903574282f5a3.sol:205:5: Mismatch in @return count for function 'transfer'. Expected: 1, Found: 0 [Warning/use-natspec]
/sb/0xeebd616859f28305dab8b9f5711903574282f5a3.sol:206:5: Missing @notice tag in event 'Transfer' [Warning/use-natspec]
/sb/0xeebd616859f28305dab8b9f5711903574282f5a3.sol:206:5: Missing @param tag in event 'Transfer' [Warning/use-natspec]
/sb/0xeebd616859f28305dab8b9f5711903574282f5a3.sol:206:5: Mismatch in @param names for event 'Transfer'. Expected: [from, to, value, data], Found: [] [Warning/use-natspec]
/sb/0xeebd616859f28305dab8b9f5711903574282f5a3.sol:206:5: GC: [value] on Event [Transfer] could be Indexed [Warning/gas-indexed-events]
/sb/0xeebd616859f28305dab8b9f5711903574282f5a3.sol:206:62: Rule is set with explicit type [var/s: uint] [Warning/explicit-types]
/sb/0xeebd616859f28305dab8b9f5711903574282f5a3.sol:209:1: Missing @title tag in contract 'ERC223ReceivingContract' [Warning/use-natspec]
/sb/0xeebd616859f28305dab8b9f5711903574282f5a3.sol:209:1: Missing @author tag in contract 'ERC223ReceivingContract' [Warning/use-natspec]
/sb/0xeebd616859f28305dab8b9f5711903574282f5a3.sol:209:1: Missing @notice tag in contract 'ERC223ReceivingContract' [Warning/use-natspec]
/sb/0xeebd616859f28305dab8b9f5711903574282f5a3.sol:220:9: Rule is set with explicit type [var/s: uint] [Warning/explicit-types]
/sb/0xeebd616859f28305dab8b9f5711903574282f5a3.sol:225:5: Missing @notice tag in function 'tokenFallback' [Warning/use-natspec]
/sb/0xeebd616859f28305dab8b9f5711903574282f5a3.sol:225:5: Missing @param tag in function 'tokenFallback' [Warning/use-natspec]
/sb/0xeebd616859f28305dab8b9f5711903574282f5a3.sol:225:5: Mismatch in @param names for function 'tokenFallback'. Expected: [_from, _value, _data], Found: [] [Warning/use-natspec]
/sb/0xeebd616859f28305dab8b9f5711903574282f5a3.sol:240:1: Missing @author tag in contract 'ERC223Token' [Warning/use-natspec]
/sb/0xeebd616859f28305dab8b9f5711903574282f5a3.sol:240:1: Missing @notice tag in contract 'ERC223Token' [Warning/use-natspec]
/sb/0xeebd616859f28305dab8b9f5711903574282f5a3.sol:242:5: Missing @notice tag in function '_transfer' [Warning/use-natspec]
/sb/0xeebd616859f28305dab8b9f5711903574282f5a3.sol:242:5: Missing @param tag in function '_transfer' [Warning/use-natspec]
/sb/0xeebd616859f28305dab8b9f5711903574282f5a3.sol:242:5: Mismatch in @param names for function '_transfer'. Expected: [_to, _value], Found: [] [Warning/use-natspec]
/sb/0xeebd616859f28305dab8b9f5711903574282f5a3.sol:242:5: Missing @return tag in function '_transfer' [Warning/use-natspec]
/sb/0xeebd616859f28305dab8b9f5711903574282f5a3.sol:242:5: Mismatch in @return count for function '_transfer'. Expected: 1, Found: 0 [Warning/use-natspec]
/sb/0xeebd616859f28305dab8b9f5711903574282f5a3.sol:243:9: Provide an error message for require [Warning/reason-string]
/sb/0xeebd616859f28305dab8b9f5711903574282f5a3.sol:243:17: GC: Non strict inequality found. Try converting to a strict one [Warning/gas-strict-inequalities]
/sb/0xeebd616859f28305dab8b9f5711903574282f5a3.sol:251:5: Missing @notice tag in function '_transferFallback' [Warning/use-natspec]
/sb/0xeebd616859f28305dab8b9f5711903574282f5a3.sol:251:5: Missing @param tag in function '_transferFallback' [Warning/use-natspec]
/sb/0xeebd616859f28305dab8b9f5711903574282f5a3.sol:251:5: Mismatch in @param names for function '_transferFallback'. Expected: [_to, _value, _data], Found: [] [Warning/use-natspec]
/sb/0xeebd616859f28305dab8b9f5711903574282f5a3.sol:251:5: Missing @return tag in function '_transferFallback' [Warning/use-natspec]
/sb/0xeebd616859f28305dab8b9f5711903574282f5a3.sol:251:5: Mismatch in @return count for function '_transferFallback'. Expected: 1, Found: 0 [Warning/use-natspec]
/sb/0xeebd616859f28305dab8b9f5711903574282f5a3.sol:252:9: Provide an error message for require [Warning/reason-string]
/sb/0xeebd616859f28305dab8b9f5711903574282f5a3.sol:252:17: GC: Non strict inequality found. Try converting to a strict one [Warning/gas-strict-inequalities]
/sb/0xeebd616859f28305dab8b9f5711903574282f5a3.sol:276:5: Missing @notice tag in function 'transfer' [Warning/use-natspec]
/sb/0xeebd616859f28305dab8b9f5711903574282f5a3.sol:276:5: Missing @return tag in function 'transfer' [Warning/use-natspec]
/sb/0xeebd616859f28305dab8b9f5711903574282f5a3.sol:276:5: Mismatch in @return names for function 'transfer'. Expected: [OK], Found: [] [Warning/use-natspec]
/sb/0xeebd616859f28305dab8b9f5711903574282f5a3.sol:276:81: Variable name must be in mixedCase OK [Warning/var-name-mixedcase]
/sb/0xeebd616859f28305dab8b9f5711903574282f5a3.sol:299:5: Missing @notice tag in function 'transfer' [Warning/use-natspec]
/sb/0xeebd616859f28305dab8b9f5711903574282f5a3.sol:299:5: Missing @return tag in function 'transfer' [Warning/use-natspec]
/sb/0xeebd616859f28305dab8b9f5711903574282f5a3.sol:299:5: Mismatch in @return count for function 'transfer'. Expected: 1, Found: 0 [Warning/use-natspec]
/sb/0xeebd616859f28305dab8b9f5711903574282f5a3.sol:313:5: Missing @notice tag in function 'isContract' [Warning/use-natspec]
/sb/0xeebd616859f28305dab8b9f5711903574282f5a3.sol:313:5: Missing @param tag in function 'isContract' [Warning/use-natspec]
/sb/0xeebd616859f28305dab8b9f5711903574282f5a3.sol:313:5: Mismatch in @param names for function 'isContract'. Expected: [_addr], Found: [] [Warning/use-natspec]
/sb/0xeebd616859f28305dab8b9f5711903574282f5a3.sol:313:5: Missing @return tag in function 'isContract' [Warning/use-natspec]
/sb/0xeebd616859f28305dab8b9f5711903574282f5a3.sol:313:5: Mismatch in @return count for function 'isContract'. Expected: 1, Found: 0 [Warning/use-natspec]
/sb/0xeebd616859f28305dab8b9f5711903574282f5a3.sol:314:9: Rule is set with explicit type [var/s: uint] [Warning/explicit-types]
/sb/0xeebd616859f28305dab8b9f5711903574282f5a3.sol:315:9: Avoid to use inline assembly. It is acceptable only in rare cases [Warning/no-inline-assembly]
/sb/0xeebd616859f28305dab8b9f5711903574282f5a3.sol:324:1: Missing @title tag in contract 'TowaCoin' [Warning/use-natspec]
/sb/0xeebd616859f28305dab8b9f5711903574282f5a3.sol:324:1: Missing @author tag in contract 'TowaCoin' [Warning/use-natspec]
/sb/0xeebd616859f28305dab8b9f5711903574282f5a3.sol:324:1: Missing @notice tag in contract 'TowaCoin' [Warning/use-natspec]
/sb/0xeebd616859f28305dab8b9f5711903574282f5a3.sol:326:5: Missing @notice tag in variable 'name' [Warning/use-natspec]
/sb/0xeebd616859f28305dab8b9f5711903574282f5a3.sol:327:5: Missing @notice tag in variable 'symbol' [Warning/use-natspec]
/sb/0xeebd616859f28305dab8b9f5711903574282f5a3.sol:328:5: Missing @notice tag in variable 'decimals' [Warning/use-natspec]
/sb/0xeebd616859f28305dab8b9f5711903574282f5a3.sol:330:5: Missing @notice tag in function '<anonymous>' [Warning/use-natspec]

126 problem/s (1 error/s, 125 warning/s)
