A new version of Solhint is available: 6.0.1
Please consider updating your Solhint package.
/sb/0xb6cf4da49ef2b526e2ef480ff5c74c23819218e4.sol:1:1: Found more than One contract per file. 3 contracts found! [Warning/one-contract-per-file]
/sb/0xb6cf4da49ef2b526e2ef480ff5c74c23819218e4.sol:1:1: Compiler version ^0.4.16 does not satisfy the ^0.8.24 semver requirement [Error/compiler-version]
/sb/0xb6cf4da49ef2b526e2ef480ff5c74c23819218e4.sol:3:1: Missing @title tag in contract 'owned' [Warning/use-natspec]
/sb/0xb6cf4da49ef2b526e2ef480ff5c74c23819218e4.sol:3:1: Missing @author tag in contract 'owned' [Warning/use-natspec]
/sb/0xb6cf4da49ef2b526e2ef480ff5c74c23819218e4.sol:3:1: Missing @notice tag in contract 'owned' [Warning/use-natspec]
/sb/0xb6cf4da49ef2b526e2ef480ff5c74c23819218e4.sol:3:1: Contract, Structs and Enums should be in CapWords [Warning/contract-name-capwords]
/sb/0xb6cf4da49ef2b526e2ef480ff5c74c23819218e4.sol:4:5: Missing @notice tag in variable 'owner' [Warning/use-natspec]
/sb/0xb6cf4da49ef2b526e2ef480ff5c74c23819218e4.sol:6:5: Missing @notice tag in function 'owned' [Warning/use-natspec]
/sb/0xb6cf4da49ef2b526e2ef480ff5c74c23819218e4.sol:11:9: Provide an error message for require [Warning/reason-string]
/sb/0xb6cf4da49ef2b526e2ef480ff5c74c23819218e4.sol:15:5: Missing @notice tag in function 'transferOwnership' [Warning/use-natspec]
/sb/0xb6cf4da49ef2b526e2ef480ff5c74c23819218e4.sol:15:5: Missing @param tag in function 'transferOwnership' [Warning/use-natspec]
/sb/0xb6cf4da49ef2b526e2ef480ff5c74c23819218e4.sol:15:5: Mismatch in @param names for function 'transferOwnership'. Expected: [newOwner], Found: [] [Warning/use-natspec]
/sb/0xb6cf4da49ef2b526e2ef480ff5c74c23819218e4.sol:15:60: Visibility modifier must be first in list of modifiers [Warning/visibility-modifier-order]
/sb/0xb6cf4da49ef2b526e2ef480ff5c74c23819218e4.sol:20:1: Interface name 'tokenRecipient' must start with "I" [Warning/interface-starts-with-i]
/sb/0xb6cf4da49ef2b526e2ef480ff5c74c23819218e4.sol:20:1: Missing @title tag in contract 'tokenRecipient' [Warning/use-natspec]
/sb/0xb6cf4da49ef2b526e2ef480ff5c74c23819218e4.sol:20:1: Missing @author tag in contract 'tokenRecipient' [Warning/use-natspec]
/sb/0xb6cf4da49ef2b526e2ef480ff5c74c23819218e4.sol:20:1: Missing @notice tag in contract 'tokenRecipient' [Warning/use-natspec]
/sb/0xb6cf4da49ef2b526e2ef480ff5c74c23819218e4.sol:20:1: Contract, Structs and Enums should be in CapWords [Warning/contract-name-capwords]
/sb/0xb6cf4da49ef2b526e2ef480ff5c74c23819218e4.sol:20:28: Missing @notice tag in function 'receiveApproval' [Warning/use-natspec]
/sb/0xb6cf4da49ef2b526e2ef480ff5c74c23819218e4.sol:20:28: Missing @param tag in function 'receiveApproval' [Warning/use-natspec]
/sb/0xb6cf4da49ef2b526e2ef480ff5c74c23819218e4.sol:20:28: Mismatch in @param names for function 'receiveApproval'. Expected: [_from, _value, _token, _extraData], Found: [] [Warning/use-natspec]
/sb/0xb6cf4da49ef2b526e2ef480ff5c74c23819218e4.sol:22:1: Missing @title tag in contract 'TokenERC20' [Warning/use-natspec]
/sb/0xb6cf4da49ef2b526e2ef480ff5c74c23819218e4.sol:22:1: Missing @author tag in contract 'TokenERC20' [Warning/use-natspec]
/sb/0xb6cf4da49ef2b526e2ef480ff5c74c23819218e4.sol:22:1: Missing @notice tag in contract 'TokenERC20' [Warning/use-natspec]
/sb/0xb6cf4da49ef2b526e2ef480ff5c74c23819218e4.sol:24:5: Missing @notice tag in variable 'name' [Warning/use-natspec]
/sb/0xb6cf4da49ef2b526e2ef480ff5c74c23819218e4.sol:25:5: Missing @notice tag in variable 'symbol' [Warning/use-natspec]
/sb/0xb6cf4da49ef2b526e2ef480ff5c74c23819218e4.sol:26:5: Missing @notice tag in variable 'decimals' [Warning/use-natspec]
/sb/0xb6cf4da49ef2b526e2ef480ff5c74c23819218e4.sol:28:5: Missing @notice tag in variable 'totalSupply' [Warning/use-natspec]
/sb/0xb6cf4da49ef2b526e2ef480ff5c74c23819218e4.sol:31:5: Missing @notice tag in variable 'balanceOf' [Warning/use-natspec]
/sb/0xb6cf4da49ef2b526e2ef480ff5c74c23819218e4.sol:32:5: Missing @notice tag in variable 'allowance' [Warning/use-natspec]
/sb/0xb6cf4da49ef2b526e2ef480ff5c74c23819218e4.sol:35:5: Missing @notice tag in event 'Transfer' [Warning/use-natspec]
/sb/0xb6cf4da49ef2b526e2ef480ff5c74c23819218e4.sol:35:5: Missing @param tag in event 'Transfer' [Warning/use-natspec]
/sb/0xb6cf4da49ef2b526e2ef480ff5c74c23819218e4.sol:35:5: Mismatch in @param names for event 'Transfer'. Expected: [from, to, value], Found: [] [Warning/use-natspec]
/sb/0xb6cf4da49ef2b526e2ef480ff5c74c23819218e4.sol:35:5: GC: [value] on Event [Transfer] could be Indexed [Warning/gas-indexed-events]
/sb/0xb6cf4da49ef2b526e2ef480ff5c74c23819218e4.sol:38:5: Missing @notice tag in event 'Burn' [Warning/use-natspec]
/sb/0xb6cf4da49ef2b526e2ef480ff5c74c23819218e4.sol:38:5: Missing @param tag in event 'Burn' [Warning/use-natspec]
/sb/0xb6cf4da49ef2b526e2ef480ff5c74c23819218e4.sol:38:5: Mismatch in @param names for event 'Burn'. Expected: [from, value], Found: [] [Warning/use-natspec]
/sb/0xb6cf4da49ef2b526e2ef480ff5c74c23819218e4.sol:38:5: GC: [value] on Event [Burn] could be Indexed [Warning/gas-indexed-events]
/sb/0xb6cf4da49ef2b526e2ef480ff5c74c23819218e4.sol:45:5: Missing @notice tag in function 'TokenERC20' [Warning/use-natspec]
/sb/0xb6cf4da49ef2b526e2ef480ff5c74c23819218e4.sol:45:5: Missing @param tag in function 'TokenERC20' [Warning/use-natspec]
/sb/0xb6cf4da49ef2b526e2ef480ff5c74c23819218e4.sol:45:5: Mismatch in @param names for function 'TokenERC20'. Expected: [initialSupply, tokenName, tokenSymbol], Found: [] [Warning/use-natspec]
/sb/0xb6cf4da49ef2b526e2ef480ff5c74c23819218e4.sol:59:5: Missing @notice tag in function '_transfer' [Warning/use-natspec]
/sb/0xb6cf4da49ef2b526e2ef480ff5c74c23819218e4.sol:59:5: Missing @param tag in function '_transfer' [Warning/use-natspec]
/sb/0xb6cf4da49ef2b526e2ef480ff5c74c23819218e4.sol:59:5: Mismatch in @param names for function '_transfer'. Expected: [_from, _to, _value], Found: [] [Warning/use-natspec]
/sb/0xb6cf4da49ef2b526e2ef480ff5c74c23819218e4.sol:59:52: Rule is set with explicit type [var/s: uint] [Warning/explicit-types]
/sb/0xb6cf4da49ef2b526e2ef480ff5c74c23819218e4.sol:61:9: Provide an error message for require [Warning/reason-string]
/sb/0xb6cf4da49ef2b526e2ef480ff5c74c23819218e4.sol:63:9: Provide an error message for require [Warning/reason-string]
/sb/0xb6cf4da49ef2b526e2ef480ff5c74c23819218e4.sol:63:17: GC: Non strict inequality found. Try converting to a strict one [Warning/gas-strict-inequalities]
/sb/0xb6cf4da49ef2b526e2ef480ff5c74c23819218e4.sol:65:9: Provide an error message for require [Warning/reason-string]
/sb/0xb6cf4da49ef2b526e2ef480ff5c74c23819218e4.sol:67:9: Rule is set with explicit type [var/s: uint] [Warning/explicit-types]
/sb/0xb6cf4da49ef2b526e2ef480ff5c74c23819218e4.sol:85:5: Missing @notice tag in function 'transfer' [Warning/use-natspec]
/sb/0xb6cf4da49ef2b526e2ef480ff5c74c23819218e4.sol:98:5: Missing @notice tag in function 'transferFrom' [Warning/use-natspec]
/sb/0xb6cf4da49ef2b526e2ef480ff5c74c23819218e4.sol:98:5: Missing @return tag in function 'transferFrom' [Warning/use-natspec]
/sb/0xb6cf4da49ef2b526e2ef480ff5c74c23819218e4.sol:98:5: Mismatch in @return names for function 'transferFrom'. Expected: [success], Found: [] [Warning/use-natspec]
/sb/0xb6cf4da49ef2b526e2ef480ff5c74c23819218e4.sol:99:9: Provide an error message for require [Warning/reason-string]
/sb/0xb6cf4da49ef2b526e2ef480ff5c74c23819218e4.sol:99:17: GC: Non strict inequality found. Try converting to a strict one [Warning/gas-strict-inequalities]
/sb/0xb6cf4da49ef2b526e2ef480ff5c74c23819218e4.sol:113:5: Missing @notice tag in function 'approve' [Warning/use-natspec]
/sb/0xb6cf4da49ef2b526e2ef480ff5c74c23819218e4.sol:113:5: Missing @return tag in function 'approve' [Warning/use-natspec]
/sb/0xb6cf4da49ef2b526e2ef480ff5c74c23819218e4.sol:113:5: Mismatch in @return names for function 'approve'. Expected: [success], Found: [] [Warning/use-natspec]
/sb/0xb6cf4da49ef2b526e2ef480ff5c74c23819218e4.sol:128:5: Missing @notice tag in function 'approveAndCall' [Warning/use-natspec]
/sb/0xb6cf4da49ef2b526e2ef480ff5c74c23819218e4.sol:128:5: Missing @return tag in function 'approveAndCall' [Warning/use-natspec]
/sb/0xb6cf4da49ef2b526e2ef480ff5c74c23819218e4.sol:128:5: Mismatch in @return names for function 'approveAndCall'. Expected: [success], Found: [] [Warning/use-natspec]
/sb/0xb6cf4da49ef2b526e2ef480ff5c74c23819218e4.sol:145:5: Missing @notice tag in function 'burn' [Warning/use-natspec]
/sb/0xb6cf4da49ef2b526e2ef480ff5c74c23819218e4.sol:145:5: Missing @return tag in function 'burn' [Warning/use-natspec]
/sb/0xb6cf4da49ef2b526e2ef480ff5c74c23819218e4.sol:145:5: Mismatch in @return names for function 'burn'. Expected: [success], Found: [] [Warning/use-natspec]
/sb/0xb6cf4da49ef2b526e2ef480ff5c74c23819218e4.sol:146:9: Provide an error message for require [Warning/reason-string]
/sb/0xb6cf4da49ef2b526e2ef480ff5c74c23819218e4.sol:146:17: GC: Non strict inequality found. Try converting to a strict one [Warning/gas-strict-inequalities]
/sb/0xb6cf4da49ef2b526e2ef480ff5c74c23819218e4.sol:161:5: Missing @notice tag in function 'burnFrom' [Warning/use-natspec]
/sb/0xb6cf4da49ef2b526e2ef480ff5c74c23819218e4.sol:161:5: Missing @return tag in function 'burnFrom' [Warning/use-natspec]
/sb/0xb6cf4da49ef2b526e2ef480ff5c74c23819218e4.sol:161:5: Mismatch in @return names for function 'burnFrom'. Expected: [success], Found: [] [Warning/use-natspec]
/sb/0xb6cf4da49ef2b526e2ef480ff5c74c23819218e4.sol:162:9: Provide an error message for require [Warning/reason-string]
/sb/0xb6cf4da49ef2b526e2ef480ff5c74c23819218e4.sol:162:17: GC: Non strict inequality found. Try converting to a strict one [Warning/gas-strict-inequalities]
/sb/0xb6cf4da49ef2b526e2ef480ff5c74c23819218e4.sol:163:9: Provide an error message for require [Warning/reason-string]
/sb/0xb6cf4da49ef2b526e2ef480ff5c74c23819218e4.sol:163:17: GC: Non strict inequality found. Try converting to a strict one [Warning/gas-strict-inequalities]
/sb/0xb6cf4da49ef2b526e2ef480ff5c74c23819218e4.sol:176:1: Missing @title tag in contract 'ResidualShare' [Warning/use-natspec]
/sb/0xb6cf4da49ef2b526e2ef480ff5c74c23819218e4.sol:176:1: Missing @author tag in contract 'ResidualShare' [Warning/use-natspec]
/sb/0xb6cf4da49ef2b526e2ef480ff5c74c23819218e4.sol:176:1: Missing @notice tag in contract 'ResidualShare' [Warning/use-natspec]
/sb/0xb6cf4da49ef2b526e2ef480ff5c74c23819218e4.sol:178:5: Missing @notice tag in variable 'sellPrice' [Warning/use-natspec]
/sb/0xb6cf4da49ef2b526e2ef480ff5c74c23819218e4.sol:179:5: Missing @notice tag in variable 'buyPrice' [Warning/use-natspec]
/sb/0xb6cf4da49ef2b526e2ef480ff5c74c23819218e4.sol:181:5: Missing @notice tag in variable 'frozenAccount' [Warning/use-natspec]
/sb/0xb6cf4da49ef2b526e2ef480ff5c74c23819218e4.sol:184:5: Missing @notice tag in event 'FrozenFunds' [Warning/use-natspec]
/sb/0xb6cf4da49ef2b526e2ef480ff5c74c23819218e4.sol:184:5: Missing @param tag in event 'FrozenFunds' [Warning/use-natspec]
/sb/0xb6cf4da49ef2b526e2ef480ff5c74c23819218e4.sol:184:5: Mismatch in @param names for event 'FrozenFunds'. Expected: [target, frozen], Found: [] [Warning/use-natspec]
/sb/0xb6cf4da49ef2b526e2ef480ff5c74c23819218e4.sol:184:5: GC: [target] on Event [FrozenFunds] could be Indexed [Warning/gas-indexed-events]
/sb/0xb6cf4da49ef2b526e2ef480ff5c74c23819218e4.sol:184:5: GC: [frozen] on Event [FrozenFunds] could be Indexed [Warning/gas-indexed-events]
/sb/0xb6cf4da49ef2b526e2ef480ff5c74c23819218e4.sol:187:5: Missing @notice tag in function 'ResidualShare' [Warning/use-natspec]
/sb/0xb6cf4da49ef2b526e2ef480ff5c74c23819218e4.sol:187:5: Missing @param tag in function 'ResidualShare' [Warning/use-natspec]
/sb/0xb6cf4da49ef2b526e2ef480ff5c74c23819218e4.sol:187:5: Mismatch in @param names for function 'ResidualShare'. Expected: [initialSupply, tokenName, tokenSymbol], Found: [] [Warning/use-natspec]
/sb/0xb6cf4da49ef2b526e2ef480ff5c74c23819218e4.sol:191:57: Visibility modifier must be first in list of modifiers [Warning/visibility-modifier-order]
/sb/0xb6cf4da49ef2b526e2ef480ff5c74c23819218e4.sol:194:5: Missing @notice tag in function '_transfer' [Warning/use-natspec]
/sb/0xb6cf4da49ef2b526e2ef480ff5c74c23819218e4.sol:194:5: Missing @param tag in function '_transfer' [Warning/use-natspec]
/sb/0xb6cf4da49ef2b526e2ef480ff5c74c23819218e4.sol:194:5: Mismatch in @param names for function '_transfer'. Expected: [_from, _to, _value], Found: [] [Warning/use-natspec]
/sb/0xb6cf4da49ef2b526e2ef480ff5c74c23819218e4.sol:194:52: Rule is set with explicit type [var/s: uint] [Warning/explicit-types]
/sb/0xb6cf4da49ef2b526e2ef480ff5c74c23819218e4.sol:195:9: Provide an error message for require [Warning/reason-string]
/sb/0xb6cf4da49ef2b526e2ef480ff5c74c23819218e4.sol:196:9: Provide an error message for require [Warning/reason-string]
/sb/0xb6cf4da49ef2b526e2ef480ff5c74c23819218e4.sol:196:18: GC: Non strict inequality found. Try converting to a strict one [Warning/gas-strict-inequalities]
/sb/0xb6cf4da49ef2b526e2ef480ff5c74c23819218e4.sol:197:9: Provide an error message for require [Warning/reason-string]
/sb/0xb6cf4da49ef2b526e2ef480ff5c74c23819218e4.sol:197:18: GC: Non strict inequality found. Try converting to a strict one [Warning/gas-strict-inequalities]
/sb/0xb6cf4da49ef2b526e2ef480ff5c74c23819218e4.sol:198:9: Provide an error message for require [Warning/reason-string]
/sb/0xb6cf4da49ef2b526e2ef480ff5c74c23819218e4.sol:199:9: Provide an error message for require [Warning/reason-string]
/sb/0xb6cf4da49ef2b526e2ef480ff5c74c23819218e4.sol:208:72: Visibility modifier must be first in list of modifiers [Warning/visibility-modifier-order]
/sb/0xb6cf4da49ef2b526e2ef480ff5c74c23819218e4.sol:218:67: Visibility modifier must be first in list of modifiers [Warning/visibility-modifier-order]
/sb/0xb6cf4da49ef2b526e2ef480ff5c74c23819218e4.sol:226:77: Visibility modifier must be first in list of modifiers [Warning/visibility-modifier-order]
/sb/0xb6cf4da49ef2b526e2ef480ff5c74c23819218e4.sol:231:5: Missing @notice tag in function 'buy' [Warning/use-natspec]
/sb/0xb6cf4da49ef2b526e2ef480ff5c74c23819218e4.sol:231:5: Missing @return tag in function 'buy' [Warning/use-natspec]
/sb/0xb6cf4da49ef2b526e2ef480ff5c74c23819218e4.sol:231:5: Mismatch in @return names for function 'buy'. Expected: [amount], Found: [] [Warning/use-natspec]
/sb/0xb6cf4da49ef2b526e2ef480ff5c74c23819218e4.sol:231:28: Visibility modifier must be first in list of modifiers [Warning/visibility-modifier-order]
/sb/0xb6cf4da49ef2b526e2ef480ff5c74c23819218e4.sol:231:44: Rule is set with explicit type [var/s: uint] [Warning/explicit-types]
/sb/0xb6cf4da49ef2b526e2ef480ff5c74c23819218e4.sol:233:9: Provide an error message for require [Warning/reason-string]
/sb/0xb6cf4da49ef2b526e2ef480ff5c74c23819218e4.sol:233:17: GC: Non strict inequality found. Try converting to a strict one [Warning/gas-strict-inequalities]
/sb/0xb6cf4da49ef2b526e2ef480ff5c74c23819218e4.sol:240:5: Missing @notice tag in function 'sell' [Warning/use-natspec]
/sb/0xb6cf4da49ef2b526e2ef480ff5c74c23819218e4.sol:240:5: Missing @param tag in function 'sell' [Warning/use-natspec]
/sb/0xb6cf4da49ef2b526e2ef480ff5c74c23819218e4.sol:240:5: Mismatch in @param names for function 'sell'. Expected: [amount], Found: [] [Warning/use-natspec]
/sb/0xb6cf4da49ef2b526e2ef480ff5c74c23819218e4.sol:240:5: Missing @return tag in function 'sell' [Warning/use-natspec]
/sb/0xb6cf4da49ef2b526e2ef480ff5c74c23819218e4.sol:240:5: Mismatch in @return names for function 'sell'. Expected: [revenue], Found: [] [Warning/use-natspec]
/sb/0xb6cf4da49ef2b526e2ef480ff5c74c23819218e4.sol:240:19: Rule is set with explicit type [var/s: uint] [Warning/explicit-types]
/sb/0xb6cf4da49ef2b526e2ef480ff5c74c23819218e4.sol:240:48: Rule is set with explicit type [var/s: uint] [Warning/explicit-types]
/sb/0xb6cf4da49ef2b526e2ef480ff5c74c23819218e4.sol:241:9: Provide an error message for require [Warning/reason-string]
/sb/0xb6cf4da49ef2b526e2ef480ff5c74c23819218e4.sol:241:17: GC: Non strict inequality found. Try converting to a strict one [Warning/gas-strict-inequalities]

119 problem/s (1 error/s, 118 warning/s)
