A new version of Solhint is available: 6.0.1
Please consider updating your Solhint package.
/sb/0x000000931cf36c464623bb0eefb6b0c205338d67.sol:1:1: Found more than One contract per file. 25 contracts found! [Warning/one-contract-per-file]
/sb/0x000000931cf36c464623bb0eefb6b0c205338d67.sol:1:1: Compiler version ^0.4.18 does not satisfy the ^0.8.24 semver requirement [Error/compiler-version]
/sb/0x000000931cf36c464623bb0eefb6b0c205338d67.sol:5:1: Missing @title tag in contract 'DelegateERC20' [Warning/use-natspec]
/sb/0x000000931cf36c464623bb0eefb6b0c205338d67.sol:5:1: Missing @author tag in contract 'DelegateERC20' [Warning/use-natspec]
/sb/0x000000931cf36c464623bb0eefb6b0c205338d67.sol:5:1: Missing @notice tag in contract 'DelegateERC20' [Warning/use-natspec]
/sb/0x000000931cf36c464623bb0eefb6b0c205338d67.sol:7:3: Missing @notice tag in function 'delegateTotalSupply' [Warning/use-natspec]
/sb/0x000000931cf36c464623bb0eefb6b0c205338d67.sol:7:3: Missing @return tag in function 'delegateTotalSupply' [Warning/use-natspec]
/sb/0x000000931cf36c464623bb0eefb6b0c205338d67.sol:7:3: Mismatch in @return count for function 'delegateTotalSupply'. Expected: 1, Found: 0 [Warning/use-natspec]
/sb/0x000000931cf36c464623bb0eefb6b0c205338d67.sol:9:3: Missing @notice tag in function 'delegateBalanceOf' [Warning/use-natspec]
/sb/0x000000931cf36c464623bb0eefb6b0c205338d67.sol:9:3: Missing @param tag in function 'delegateBalanceOf' [Warning/use-natspec]
/sb/0x000000931cf36c464623bb0eefb6b0c205338d67.sol:9:3: Mismatch in @param names for function 'delegateBalanceOf'. Expected: [who], Found: [] [Warning/use-natspec]
/sb/0x000000931cf36c464623bb0eefb6b0c205338d67.sol:9:3: Missing @return tag in function 'delegateBalanceOf' [Warning/use-natspec]
/sb/0x000000931cf36c464623bb0eefb6b0c205338d67.sol:9:3: Mismatch in @return count for function 'delegateBalanceOf'. Expected: 1, Found: 0 [Warning/use-natspec]
/sb/0x000000931cf36c464623bb0eefb6b0c205338d67.sol:11:3: Missing @notice tag in function 'delegateTransfer' [Warning/use-natspec]
/sb/0x000000931cf36c464623bb0eefb6b0c205338d67.sol:11:3: Missing @param tag in function 'delegateTransfer' [Warning/use-natspec]
/sb/0x000000931cf36c464623bb0eefb6b0c205338d67.sol:11:3: Mismatch in @param names for function 'delegateTransfer'. Expected: [to, value, origSender], Found: [] [Warning/use-natspec]
/sb/0x000000931cf36c464623bb0eefb6b0c205338d67.sol:11:3: Missing @return tag in function 'delegateTransfer' [Warning/use-natspec]
/sb/0x000000931cf36c464623bb0eefb6b0c205338d67.sol:11:3: Mismatch in @return count for function 'delegateTransfer'. Expected: 1, Found: 0 [Warning/use-natspec]
/sb/0x000000931cf36c464623bb0eefb6b0c205338d67.sol:13:3: Missing @notice tag in function 'delegateAllowance' [Warning/use-natspec]
/sb/0x000000931cf36c464623bb0eefb6b0c205338d67.sol:13:3: Missing @param tag in function 'delegateAllowance' [Warning/use-natspec]
/sb/0x000000931cf36c464623bb0eefb6b0c205338d67.sol:13:3: Mismatch in @param names for function 'delegateAllowance'. Expected: [owner, spender], Found: [] [Warning/use-natspec]
/sb/0x000000931cf36c464623bb0eefb6b0c205338d67.sol:13:3: Missing @return tag in function 'delegateAllowance' [Warning/use-natspec]
/sb/0x000000931cf36c464623bb0eefb6b0c205338d67.sol:13:3: Mismatch in @return count for function 'delegateAllowance'. Expected: 1, Found: 0 [Warning/use-natspec]
/sb/0x000000931cf36c464623bb0eefb6b0c205338d67.sol:15:3: Missing @notice tag in function 'delegateTransferFrom' [Warning/use-natspec]
/sb/0x000000931cf36c464623bb0eefb6b0c205338d67.sol:15:3: Missing @param tag in function 'delegateTransferFrom' [Warning/use-natspec]
/sb/0x000000931cf36c464623bb0eefb6b0c205338d67.sol:15:3: Mismatch in @param names for function 'delegateTransferFrom'. Expected: [from, to, value, origSender], Found: [] [Warning/use-natspec]
/sb/0x000000931cf36c464623bb0eefb6b0c205338d67.sol:15:3: Missing @return tag in function 'delegateTransferFrom' [Warning/use-natspec]
/sb/0x000000931cf36c464623bb0eefb6b0c205338d67.sol:15:3: Mismatch in @return count for function 'delegateTransferFrom'. Expected: 1, Found: 0 [Warning/use-natspec]
/sb/0x000000931cf36c464623bb0eefb6b0c205338d67.sol:17:3: Missing @notice tag in function 'delegateApprove' [Warning/use-natspec]
/sb/0x000000931cf36c464623bb0eefb6b0c205338d67.sol:17:3: Missing @param tag in function 'delegateApprove' [Warning/use-natspec]
/sb/0x000000931cf36c464623bb0eefb6b0c205338d67.sol:17:3: Mismatch in @param names for function 'delegateApprove'. Expected: [spender, value, origSender], Found: [] [Warning/use-natspec]
/sb/0x000000931cf36c464623bb0eefb6b0c205338d67.sol:17:3: Missing @return tag in function 'delegateApprove' [Warning/use-natspec]
/sb/0x000000931cf36c464623bb0eefb6b0c205338d67.sol:17:3: Mismatch in @return count for function 'delegateApprove'. Expected: 1, Found: 0 [Warning/use-natspec]
/sb/0x000000931cf36c464623bb0eefb6b0c205338d67.sol:19:3: Missing @notice tag in function 'delegateIncreaseApproval' [Warning/use-natspec]
/sb/0x000000931cf36c464623bb0eefb6b0c205338d67.sol:19:3: Missing @param tag in function 'delegateIncreaseApproval' [Warning/use-natspec]
/sb/0x000000931cf36c464623bb0eefb6b0c205338d67.sol:19:3: Mismatch in @param names for function 'delegateIncreaseApproval'. Expected: [spender, addedValue, origSender], Found: [] [Warning/use-natspec]
/sb/0x000000931cf36c464623bb0eefb6b0c205338d67.sol:19:3: Missing @return tag in function 'delegateIncreaseApproval' [Warning/use-natspec]
/sb/0x000000931cf36c464623bb0eefb6b0c205338d67.sol:19:3: Mismatch in @return count for function 'delegateIncreaseApproval'. Expected: 1, Found: 0 [Warning/use-natspec]
/sb/0x000000931cf36c464623bb0eefb6b0c205338d67.sol:19:54: Rule is set with explicit type [var/s: uint] [Warning/explicit-types]
/sb/0x000000931cf36c464623bb0eefb6b0c205338d67.sol:21:3: Missing @notice tag in function 'delegateDecreaseApproval' [Warning/use-natspec]
/sb/0x000000931cf36c464623bb0eefb6b0c205338d67.sol:21:3: Missing @param tag in function 'delegateDecreaseApproval' [Warning/use-natspec]
/sb/0x000000931cf36c464623bb0eefb6b0c205338d67.sol:21:3: Mismatch in @param names for function 'delegateDecreaseApproval'. Expected: [spender, subtractedValue, origSender], Found: [] [Warning/use-natspec]
/sb/0x000000931cf36c464623bb0eefb6b0c205338d67.sol:21:3: Missing @return tag in function 'delegateDecreaseApproval' [Warning/use-natspec]
/sb/0x000000931cf36c464623bb0eefb6b0c205338d67.sol:21:3: Mismatch in @return count for function 'delegateDecreaseApproval'. Expected: 1, Found: 0 [Warning/use-natspec]
/sb/0x000000931cf36c464623bb0eefb6b0c205338d67.sol:21:54: Rule is set with explicit type [var/s: uint] [Warning/explicit-types]
/sb/0x000000931cf36c464623bb0eefb6b0c205338d67.sol:27:1: Missing @title tag in contract 'SafeMath' [Warning/use-natspec]
/sb/0x000000931cf36c464623bb0eefb6b0c205338d67.sol:27:1: Missing @author tag in contract 'SafeMath' [Warning/use-natspec]
/sb/0x000000931cf36c464623bb0eefb6b0c205338d67.sol:27:1: Missing @notice tag in contract 'SafeMath' [Warning/use-natspec]
/sb/0x000000931cf36c464623bb0eefb6b0c205338d67.sol:37:3: Missing @notice tag in function 'mul' [Warning/use-natspec]
/sb/0x000000931cf36c464623bb0eefb6b0c205338d67.sol:37:3: Missing @param tag in function 'mul' [Warning/use-natspec]
/sb/0x000000931cf36c464623bb0eefb6b0c205338d67.sol:37:3: Mismatch in @param names for function 'mul'. Expected: [a, b], Found: [] [Warning/use-natspec]
/sb/0x000000931cf36c464623bb0eefb6b0c205338d67.sol:37:3: Missing @return tag in function 'mul' [Warning/use-natspec]
/sb/0x000000931cf36c464623bb0eefb6b0c205338d67.sol:37:3: Mismatch in @return count for function 'mul'. Expected: 1, Found: 0 [Warning/use-natspec]
/sb/0x000000931cf36c464623bb0eefb6b0c205338d67.sol:61:3: Missing @notice tag in function 'div' [Warning/use-natspec]
/sb/0x000000931cf36c464623bb0eefb6b0c205338d67.sol:61:3: Missing @param tag in function 'div' [Warning/use-natspec]
/sb/0x000000931cf36c464623bb0eefb6b0c205338d67.sol:61:3: Mismatch in @param names for function 'div'. Expected: [a, b], Found: [] [Warning/use-natspec]
/sb/0x000000931cf36c464623bb0eefb6b0c205338d67.sol:61:3: Missing @return tag in function 'div' [Warning/use-natspec]
/sb/0x000000931cf36c464623bb0eefb6b0c205338d67.sol:61:3: Mismatch in @return count for function 'div'. Expected: 1, Found: 0 [Warning/use-natspec]
/sb/0x000000931cf36c464623bb0eefb6b0c205338d67.sol:81:3: Missing @notice tag in function 'sub' [Warning/use-natspec]
/sb/0x000000931cf36c464623bb0eefb6b0c205338d67.sol:81:3: Missing @param tag in function 'sub' [Warning/use-natspec]
/sb/0x000000931cf36c464623bb0eefb6b0c205338d67.sol:81:3: Mismatch in @param names for function 'sub'. Expected: [a, b], Found: [] [Warning/use-natspec]
/sb/0x000000931cf36c464623bb0eefb6b0c205338d67.sol:81:3: Missing @return tag in function 'sub' [Warning/use-natspec]
/sb/0x000000931cf36c464623bb0eefb6b0c205338d67.sol:81:3: Mismatch in @return count for function 'sub'. Expected: 1, Found: 0 [Warning/use-natspec]
/sb/0x000000931cf36c464623bb0eefb6b0c205338d67.sol:83:12: GC: Non strict inequality found. Try converting to a strict one [Warning/gas-strict-inequalities]
/sb/0x000000931cf36c464623bb0eefb6b0c205338d67.sol:97:3: Missing @notice tag in function 'add' [Warning/use-natspec]
/sb/0x000000931cf36c464623bb0eefb6b0c205338d67.sol:97:3: Missing @param tag in function 'add' [Warning/use-natspec]
/sb/0x000000931cf36c464623bb0eefb6b0c205338d67.sol:97:3: Mismatch in @param names for function 'add'. Expected: [a, b], Found: [] [Warning/use-natspec]
/sb/0x000000931cf36c464623bb0eefb6b0c205338d67.sol:97:3: Missing @return tag in function 'add' [Warning/use-natspec]
/sb/0x000000931cf36c464623bb0eefb6b0c205338d67.sol:97:3: Mismatch in @return count for function 'add'. Expected: 1, Found: 0 [Warning/use-natspec]
/sb/0x000000931cf36c464623bb0eefb6b0c205338d67.sol:101:12: GC: Non strict inequality found. Try converting to a strict one [Warning/gas-strict-inequalities]
/sb/0x000000931cf36c464623bb0eefb6b0c205338d67.sol:111:1: Missing @title tag in contract 'Ownable' [Warning/use-natspec]
/sb/0x000000931cf36c464623bb0eefb6b0c205338d67.sol:111:1: Missing @author tag in contract 'Ownable' [Warning/use-natspec]
/sb/0x000000931cf36c464623bb0eefb6b0c205338d67.sol:111:1: Missing @notice tag in contract 'Ownable' [Warning/use-natspec]
/sb/0x000000931cf36c464623bb0eefb6b0c205338d67.sol:113:3: Missing @notice tag in variable 'owner' [Warning/use-natspec]
/sb/0x000000931cf36c464623bb0eefb6b0c205338d67.sol:119:3: Missing @notice tag in event 'OwnershipTransferred' [Warning/use-natspec]
/sb/0x000000931cf36c464623bb0eefb6b0c205338d67.sol:119:3: Missing @param tag in event 'OwnershipTransferred' [Warning/use-natspec]
/sb/0x000000931cf36c464623bb0eefb6b0c205338d67.sol:119:3: Mismatch in @param names for event 'OwnershipTransferred'. Expected: [previousOwner, newOwner], Found: [] [Warning/use-natspec]
/sb/0x000000931cf36c464623bb0eefb6b0c205338d67.sol:133:3: Missing @notice tag in function 'Ownable' [Warning/use-natspec]
/sb/0x000000931cf36c464623bb0eefb6b0c205338d67.sol:149:5: Provide an error message for require [Warning/reason-string]
/sb/0x000000931cf36c464623bb0eefb6b0c205338d67.sol:165:3: Missing @notice tag in function 'transferOwnership' [Warning/use-natspec]
/sb/0x000000931cf36c464623bb0eefb6b0c205338d67.sol:167:5: Provide an error message for require [Warning/reason-string]
/sb/0x000000931cf36c464623bb0eefb6b0c205338d67.sol:181:1: Missing @title tag in contract 'Pausable' [Warning/use-natspec]
/sb/0x000000931cf36c464623bb0eefb6b0c205338d67.sol:181:1: Missing @author tag in contract 'Pausable' [Warning/use-natspec]
/sb/0x000000931cf36c464623bb0eefb6b0c205338d67.sol:181:1: Missing @notice tag in contract 'Pausable' [Warning/use-natspec]
/sb/0x000000931cf36c464623bb0eefb6b0c205338d67.sol:183:3: Missing @notice tag in event 'Pause' [Warning/use-natspec]
/sb/0x000000931cf36c464623bb0eefb6b0c205338d67.sol:185:3: Missing @notice tag in event 'Unpause' [Warning/use-natspec]
/sb/0x000000931cf36c464623bb0eefb6b0c205338d67.sol:189:3: Missing @notice tag in variable 'paused' [Warning/use-natspec]
/sb/0x000000931cf36c464623bb0eefb6b0c205338d67.sol:203:5: Provide an error message for require [Warning/reason-string]
/sb/0x000000931cf36c464623bb0eefb6b0c205338d67.sol:219:5: Provide an error message for require [Warning/reason-string]
/sb/0x000000931cf36c464623bb0eefb6b0c205338d67.sol:233:3: Missing @notice tag in function 'pause' [Warning/use-natspec]
/sb/0x000000931cf36c464623bb0eefb6b0c205338d67.sol:233:44: Visibility modifier must be first in list of modifiers [Warning/visibility-modifier-order]
/sb/0x000000931cf36c464623bb0eefb6b0c205338d67.sol:249:3: Missing @notice tag in function 'unpause' [Warning/use-natspec]
/sb/0x000000931cf36c464623bb0eefb6b0c205338d67.sol:249:43: Visibility modifier must be first in list of modifiers [Warning/visibility-modifier-order]
/sb/0x000000931cf36c464623bb0eefb6b0c205338d67.sol:261:1: Missing @title tag in contract 'CanReclaimToken' [Warning/use-natspec]
/sb/0x000000931cf36c464623bb0eefb6b0c205338d67.sol:261:1: Missing @author tag in contract 'CanReclaimToken' [Warning/use-natspec]
/sb/0x000000931cf36c464623bb0eefb6b0c205338d67.sol:261:1: Missing @notice tag in contract 'CanReclaimToken' [Warning/use-natspec]
/sb/0x000000931cf36c464623bb0eefb6b0c205338d67.sol:275:3: Missing @notice tag in function 'reclaimToken' [Warning/use-natspec]
/sb/0x000000931cf36c464623bb0eefb6b0c205338d67.sol:289:1: Missing @title tag in contract 'Claimable' [Warning/use-natspec]
/sb/0x000000931cf36c464623bb0eefb6b0c205338d67.sol:289:1: Missing @author tag in contract 'Claimable' [Warning/use-natspec]
/sb/0x000000931cf36c464623bb0eefb6b0c205338d67.sol:289:1: Missing @notice tag in contract 'Claimable' [Warning/use-natspec]
/sb/0x000000931cf36c464623bb0eefb6b0c205338d67.sol:291:3: Missing @notice tag in variable 'pendingOwner' [Warning/use-natspec]
/sb/0x000000931cf36c464623bb0eefb6b0c205338d67.sol:303:5: Provide an error message for require [Warning/reason-string]
/sb/0x000000931cf36c464623bb0eefb6b0c205338d67.sol:319:3: Missing @notice tag in function 'transferOwnership' [Warning/use-natspec]
/sb/0x000000931cf36c464623bb0eefb6b0c205338d67.sol:319:58: Visibility modifier must be first in list of modifiers [Warning/visibility-modifier-order]
/sb/0x000000931cf36c464623bb0eefb6b0c205338d67.sol:333:3: Missing @notice tag in function 'claimOwnership' [Warning/use-natspec]
/sb/0x000000931cf36c464623bb0eefb6b0c205338d67.sol:333:46: Visibility modifier must be first in list of modifiers [Warning/visibility-modifier-order]
/sb/0x000000931cf36c464623bb0eefb6b0c205338d67.sol:347:1: Missing @title tag in contract 'AddressList' [Warning/use-natspec]
/sb/0x000000931cf36c464623bb0eefb6b0c205338d67.sol:347:1: Missing @author tag in contract 'AddressList' [Warning/use-natspec]
/sb/0x000000931cf36c464623bb0eefb6b0c205338d67.sol:347:1: Missing @notice tag in contract 'AddressList' [Warning/use-natspec]
/sb/0x000000931cf36c464623bb0eefb6b0c205338d67.sol:349:5: Missing @notice tag in variable 'name' [Warning/use-natspec]
/sb/0x000000931cf36c464623bb0eefb6b0c205338d67.sol:351:5: Missing @notice tag in variable 'onList' [Warning/use-natspec]
/sb/0x000000931cf36c464623bb0eefb6b0c205338d67.sol:355:5: Missing @notice tag in function 'AddressList' [Warning/use-natspec]
/sb/0x000000931cf36c464623bb0eefb6b0c205338d67.sol:355:5: Missing @param tag in function 'AddressList' [Warning/use-natspec]
/sb/0x000000931cf36c464623bb0eefb6b0c205338d67.sol:355:5: Mismatch in @param names for function 'AddressList'. Expected: [_name, nullValue], Found: [] [Warning/use-natspec]
/sb/0x000000931cf36c464623bb0eefb6b0c205338d67.sol:363:5: Missing @notice tag in event 'ChangeWhiteList' [Warning/use-natspec]
/sb/0x000000931cf36c464623bb0eefb6b0c205338d67.sol:363:5: Missing @param tag in event 'ChangeWhiteList' [Warning/use-natspec]
/sb/0x000000931cf36c464623bb0eefb6b0c205338d67.sol:363:5: Mismatch in @param names for event 'ChangeWhiteList'. Expected: [to, onList], Found: [] [Warning/use-natspec]
/sb/0x000000931cf36c464623bb0eefb6b0c205338d67.sol:363:5: GC: [onList] on Event [ChangeWhiteList] could be Indexed [Warning/gas-indexed-events]
/sb/0x000000931cf36c464623bb0eefb6b0c205338d67.sol:371:5: Missing @notice tag in function 'changeList' [Warning/use-natspec]
/sb/0x000000931cf36c464623bb0eefb6b0c205338d67.sol:371:5: Missing @param tag in function 'changeList' [Warning/use-natspec]
/sb/0x000000931cf36c464623bb0eefb6b0c205338d67.sol:371:5: Mismatch in @param names for function 'changeList'. Expected: [_to, _onList], Found: [] [Warning/use-natspec]
/sb/0x000000931cf36c464623bb0eefb6b0c205338d67.sol:371:62: Visibility modifier must be first in list of modifiers [Warning/visibility-modifier-order]
/sb/0x000000931cf36c464623bb0eefb6b0c205338d67.sol:373:9: Provide an error message for require [Warning/reason-string]
/sb/0x000000931cf36c464623bb0eefb6b0c205338d67.sol:389:1: Missing @title tag in contract 'NamableAddressList' [Warning/use-natspec]
/sb/0x000000931cf36c464623bb0eefb6b0c205338d67.sol:389:1: Missing @author tag in contract 'NamableAddressList' [Warning/use-natspec]
/sb/0x000000931cf36c464623bb0eefb6b0c205338d67.sol:389:1: Missing @notice tag in contract 'NamableAddressList' [Warning/use-natspec]
/sb/0x000000931cf36c464623bb0eefb6b0c205338d67.sol:391:5: Missing @notice tag in function 'NamableAddressList' [Warning/use-natspec]
/sb/0x000000931cf36c464623bb0eefb6b0c205338d67.sol:391:5: Missing @param tag in function 'NamableAddressList' [Warning/use-natspec]
/sb/0x000000931cf36c464623bb0eefb6b0c205338d67.sol:391:5: Mismatch in @param names for function 'NamableAddressList'. Expected: [_name, nullValue], Found: [] [Warning/use-natspec]
/sb/0x000000931cf36c464623bb0eefb6b0c205338d67.sol:393:39: Visibility modifier must be first in list of modifiers [Warning/visibility-modifier-order]
/sb/0x000000931cf36c464623bb0eefb6b0c205338d67.sol:397:5: Missing @notice tag in function 'changeName' [Warning/use-natspec]
/sb/0x000000931cf36c464623bb0eefb6b0c205338d67.sol:397:5: Missing @param tag in function 'changeName' [Warning/use-natspec]
/sb/0x000000931cf36c464623bb0eefb6b0c205338d67.sol:397:5: Mismatch in @param names for function 'changeName'. Expected: [_name], Found: [] [Warning/use-natspec]
/sb/0x000000931cf36c464623bb0eefb6b0c205338d67.sol:397:49: Visibility modifier must be first in list of modifiers [Warning/visibility-modifier-order]
/sb/0x000000931cf36c464623bb0eefb6b0c205338d67.sol:407:1: Missing @title tag in contract 'HasNoContracts' [Warning/use-natspec]
/sb/0x000000931cf36c464623bb0eefb6b0c205338d67.sol:407:1: Missing @author tag in contract 'HasNoContracts' [Warning/use-natspec]
/sb/0x000000931cf36c464623bb0eefb6b0c205338d67.sol:407:1: Missing @notice tag in contract 'HasNoContracts' [Warning/use-natspec]
/sb/0x000000931cf36c464623bb0eefb6b0c205338d67.sol:419:3: Missing @notice tag in function 'reclaimContract' [Warning/use-natspec]
/sb/0x000000931cf36c464623bb0eefb6b0c205338d67.sol:431:1: Missing @title tag in contract 'HasNoEther' [Warning/use-natspec]
/sb/0x000000931cf36c464623bb0eefb6b0c205338d67.sol:431:1: Missing @author tag in contract 'HasNoEther' [Warning/use-natspec]
/sb/0x000000931cf36c464623bb0eefb6b0c205338d67.sol:431:1: Missing @notice tag in contract 'HasNoEther' [Warning/use-natspec]
/sb/0x000000931cf36c464623bb0eefb6b0c205338d67.sol:449:3: Missing @notice tag in function 'HasNoEther' [Warning/use-natspec]
/sb/0x000000931cf36c464623bb0eefb6b0c205338d67.sol:451:5: Provide an error message for require [Warning/reason-string]
/sb/0x000000931cf36c464623bb0eefb6b0c205338d67.sol:463:3: Missing @notice tag in function '<anonymous>' [Warning/use-natspec]
/sb/0x000000931cf36c464623bb0eefb6b0c205338d67.sol:475:3: Missing @notice tag in function 'reclaimEther' [Warning/use-natspec]
/sb/0x000000931cf36c464623bb0eefb6b0c205338d67.sol:485:1: Missing @title tag in contract 'HasNoTokens' [Warning/use-natspec]
/sb/0x000000931cf36c464623bb0eefb6b0c205338d67.sol:485:1: Missing @author tag in contract 'HasNoTokens' [Warning/use-natspec]
/sb/0x000000931cf36c464623bb0eefb6b0c205338d67.sol:485:1: Missing @notice tag in contract 'HasNoTokens' [Warning/use-natspec]
/sb/0x000000931cf36c464623bb0eefb6b0c205338d67.sol:501:3: Missing @notice tag in function 'tokenFallback' [Warning/use-natspec]
/sb/0x000000931cf36c464623bb0eefb6b0c205338d67.sol:509:5: Provide an error message for revert [Warning/reason-string]
/sb/0x000000931cf36c464623bb0eefb6b0c205338d67.sol:519:1: Missing @title tag in contract 'TimeLockedController' [Warning/use-natspec]
/sb/0x000000931cf36c464623bb0eefb6b0c205338d67.sol:519:1: Missing @author tag in contract 'TimeLockedController' [Warning/use-natspec]
/sb/0x000000931cf36c464623bb0eefb6b0c205338d67.sol:519:1: Missing @notice tag in contract 'TimeLockedController' [Warning/use-natspec]
/sb/0x000000931cf36c464623bb0eefb6b0c205338d67.sol:529:5: Rule is set with explicit type [var/s: uint] [Warning/explicit-types]
/sb/0x000000931cf36c464623bb0eefb6b0c205338d67.sol:529:5: Missing @notice tag in variable 'blocksDelay' [Warning/use-natspec]
/sb/0x000000931cf36c464623bb0eefb6b0c205338d67.sol:529:5: Constant name must be in capitalized SNAKE_CASE [Warning/const-name-snakecase]
/sb/0x000000931cf36c464623bb0eefb6b0c205338d67.sol:541:9: Rule is set with explicit type [var/s: uint] [Warning/explicit-types]
/sb/0x000000931cf36c464623bb0eefb6b0c205338d67.sol:547:5: Missing @notice tag in variable 'admin' [Warning/use-natspec]
/sb/0x000000931cf36c464623bb0eefb6b0c205338d67.sol:549:5: Missing @notice tag in variable 'trueUSD' [Warning/use-natspec]
/sb/0x000000931cf36c464623bb0eefb6b0c205338d67.sol:551:5: Missing @notice tag in variable 'mintOperations' [Warning/use-natspec]
/sb/0x000000931cf36c464623bb0eefb6b0c205338d67.sol:557:9: Provide an error message for require [Warning/reason-string]
/sb/0x000000931cf36c464623bb0eefb6b0c205338d67.sol:565:5: Missing @notice tag in event 'MintOperationEvent' [Warning/use-natspec]
/sb/0x000000931cf36c464623bb0eefb6b0c205338d67.sol:565:5: Missing @param tag in event 'MintOperationEvent' [Warning/use-natspec]
/sb/0x000000931cf36c464623bb0eefb6b0c205338d67.sol:565:5: Mismatch in @param names for event 'MintOperationEvent'. Expected: [_to, amount, deferBlock, opIndex], Found: [] [Warning/use-natspec]
/sb/0x000000931cf36c464623bb0eefb6b0c205338d67.sol:565:5: GC: [amount] on Event [MintOperationEvent] could be Indexed [Warning/gas-indexed-events]
/sb/0x000000931cf36c464623bb0eefb6b0c205338d67.sol:565:5: GC: [deferBlock] on Event [MintOperationEvent] could be Indexed [Warning/gas-indexed-events]
/sb/0x000000931cf36c464623bb0eefb6b0c205338d67.sol:565:5: GC: [opIndex] on Event [MintOperationEvent] could be Indexed [Warning/gas-indexed-events]
/sb/0x000000931cf36c464623bb0eefb6b0c205338d67.sol:565:67: Rule is set with explicit type [var/s: uint] [Warning/explicit-types]
/sb/0x000000931cf36c464623bb0eefb6b0c205338d67.sol:565:84: Rule is set with explicit type [var/s: uint] [Warning/explicit-types]
/sb/0x000000931cf36c464623bb0eefb6b0c205338d67.sol:567:5: Missing @notice tag in event 'TransferChildEvent' [Warning/use-natspec]
/sb/0x000000931cf36c464623bb0eefb6b0c205338d67.sol:567:5: Missing @param tag in event 'TransferChildEvent' [Warning/use-natspec]
/sb/0x000000931cf36c464623bb0eefb6b0c205338d67.sol:567:5: Mismatch in @param names for event 'TransferChildEvent'. Expected: [_child, _newOwner], Found: [] [Warning/use-natspec]
/sb/0x000000931cf36c464623bb0eefb6b0c205338d67.sol:569:5: Missing @notice tag in event 'ReclaimEvent' [Warning/use-natspec]
/sb/0x000000931cf36c464623bb0eefb6b0c205338d67.sol:569:5: Missing @param tag in event 'ReclaimEvent' [Warning/use-natspec]
/sb/0x000000931cf36c464623bb0eefb6b0c205338d67.sol:569:5: Mismatch in @param names for event 'ReclaimEvent'. Expected: [other], Found: [] [Warning/use-natspec]
/sb/0x000000931cf36c464623bb0eefb6b0c205338d67.sol:571:5: Missing @notice tag in event 'ChangeBurnBoundsEvent' [Warning/use-natspec]
/sb/0x000000931cf36c464623bb0eefb6b0c205338d67.sol:571:5: Missing @param tag in event 'ChangeBurnBoundsEvent' [Warning/use-natspec]
/sb/0x000000931cf36c464623bb0eefb6b0c205338d67.sol:571:5: Mismatch in @param names for event 'ChangeBurnBoundsEvent'. Expected: [newMin, newMax], Found: [] [Warning/use-natspec]
/sb/0x000000931cf36c464623bb0eefb6b0c205338d67.sol:571:5: GC: [newMin] on Event [ChangeBurnBoundsEvent] could be Indexed [Warning/gas-indexed-events]
/sb/0x000000931cf36c464623bb0eefb6b0c205338d67.sol:571:5: GC: [newMax] on Event [ChangeBurnBoundsEvent] could be Indexed [Warning/gas-indexed-events]
/sb/0x000000931cf36c464623bb0eefb6b0c205338d67.sol:571:33: Rule is set with explicit type [var/s: uint] [Warning/explicit-types]
/sb/0x000000931cf36c464623bb0eefb6b0c205338d67.sol:571:46: Rule is set with explicit type [var/s: uint] [Warning/explicit-types]
/sb/0x000000931cf36c464623bb0eefb6b0c205338d67.sol:573:5: Missing @notice tag in event 'ChangeStakingFeesEvent' [Warning/use-natspec]
/sb/0x000000931cf36c464623bb0eefb6b0c205338d67.sol:573:5: Missing @param tag in event 'ChangeStakingFeesEvent' [Warning/use-natspec]
/sb/0x000000931cf36c464623bb0eefb6b0c205338d67.sol:573:5: Mismatch in @param names for event 'ChangeStakingFeesEvent'. Expected: [_transferFeeNumerator, _transferFeeDenominator, _mintFeeNumerator, _mintFeeDenominator, _mintFeeFlat, _burnFeeNumerator, _burnFeeDenominator, _burnFeeFlat], Found: [] [Warning/use-natspec]
/sb/0x000000931cf36c464623bb0eefb6b0c205338d67.sol:573:5: GC: [_transferFeeNumerator] on Event [ChangeStakingFeesEvent] could be Indexed [Warning/gas-indexed-events]
/sb/0x000000931cf36c464623bb0eefb6b0c205338d67.sol:573:5: GC: [_transferFeeDenominator] on Event [ChangeStakingFeesEvent] could be Indexed [Warning/gas-indexed-events]
/sb/0x000000931cf36c464623bb0eefb6b0c205338d67.sol:573:5: GC: [_mintFeeNumerator] on Event [ChangeStakingFeesEvent] could be Indexed [Warning/gas-indexed-events]
/sb/0x000000931cf36c464623bb0eefb6b0c205338d67.sol:573:5: GC: [_mintFeeDenominator] on Event [ChangeStakingFeesEvent] could be Indexed [Warning/gas-indexed-events]
/sb/0x000000931cf36c464623bb0eefb6b0c205338d67.sol:573:5: GC: [_mintFeeFlat] on Event [ChangeStakingFeesEvent] could be Indexed [Warning/gas-indexed-events]
/sb/0x000000931cf36c464623bb0eefb6b0c205338d67.sol:573:5: GC: [_burnFeeNumerator] on Event [ChangeStakingFeesEvent] could be Indexed [Warning/gas-indexed-events]
/sb/0x000000931cf36c464623bb0eefb6b0c205338d67.sol:573:5: GC: [_burnFeeDenominator] on Event [ChangeStakingFeesEvent] could be Indexed [Warning/gas-indexed-events]
/sb/0x000000931cf36c464623bb0eefb6b0c205338d67.sol:573:5: GC: [_burnFeeFlat] on Event [ChangeStakingFeesEvent] could be Indexed [Warning/gas-indexed-events]
/sb/0x000000931cf36c464623bb0eefb6b0c205338d67.sol:589:5: Missing @notice tag in event 'ChangeStakerEvent' [Warning/use-natspec]
/sb/0x000000931cf36c464623bb0eefb6b0c205338d67.sol:589:5: Missing @param tag in event 'ChangeStakerEvent' [Warning/use-natspec]
/sb/0x000000931cf36c464623bb0eefb6b0c205338d67.sol:589:5: Mismatch in @param names for event 'ChangeStakerEvent'. Expected: [newStaker], Found: [] [Warning/use-natspec]
/sb/0x000000931cf36c464623bb0eefb6b0c205338d67.sol:589:5: GC: [newStaker] on Event [ChangeStakerEvent] could be Indexed [Warning/gas-indexed-events]
/sb/0x000000931cf36c464623bb0eefb6b0c205338d67.sol:591:5: Missing @notice tag in event 'DelegateEvent' [Warning/use-natspec]
/sb/0x000000931cf36c464623bb0eefb6b0c205338d67.sol:591:5: Missing @param tag in event 'DelegateEvent' [Warning/use-natspec]
/sb/0x000000931cf36c464623bb0eefb6b0c205338d67.sol:591:5: Mismatch in @param names for event 'DelegateEvent'. Expected: [delegate], Found: [] [Warning/use-natspec]
/sb/0x000000931cf36c464623bb0eefb6b0c205338d67.sol:593:5: Missing @notice tag in event 'SetDelegatedFromEvent' [Warning/use-natspec]
/sb/0x000000931cf36c464623bb0eefb6b0c205338d67.sol:593:5: Missing @param tag in event 'SetDelegatedFromEvent' [Warning/use-natspec]
/sb/0x000000931cf36c464623bb0eefb6b0c205338d67.sol:593:5: Mismatch in @param names for event 'SetDelegatedFromEvent'. Expected: [source], Found: [] [Warning/use-natspec]
/sb/0x000000931cf36c464623bb0eefb6b0c205338d67.sol:593:5: GC: [source] on Event [SetDelegatedFromEvent] could be Indexed [Warning/gas-indexed-events]
/sb/0x000000931cf36c464623bb0eefb6b0c205338d67.sol:595:5: Missing @notice tag in event 'ChangeTrueUSDEvent' [Warning/use-natspec]
/sb/0x000000931cf36c464623bb0eefb6b0c205338d67.sol:595:5: Missing @param tag in event 'ChangeTrueUSDEvent' [Warning/use-natspec]
/sb/0x000000931cf36c464623bb0eefb6b0c205338d67.sol:595:5: Mismatch in @param names for event 'ChangeTrueUSDEvent'. Expected: [newContract], Found: [] [Warning/use-natspec]
/sb/0x000000931cf36c464623bb0eefb6b0c205338d67.sol:597:5: Missing @notice tag in event 'ChangeNameEvent' [Warning/use-natspec]
/sb/0x000000931cf36c464623bb0eefb6b0c205338d67.sol:597:5: Missing @param tag in event 'ChangeNameEvent' [Warning/use-natspec]
/sb/0x000000931cf36c464623bb0eefb6b0c205338d67.sol:597:5: Mismatch in @param names for event 'ChangeNameEvent'. Expected: [name, symbol], Found: [] [Warning/use-natspec]
/sb/0x000000931cf36c464623bb0eefb6b0c205338d67.sol:599:5: Missing @notice tag in event 'AdminshipTransferred' [Warning/use-natspec]
/sb/0x000000931cf36c464623bb0eefb6b0c205338d67.sol:599:5: Missing @param tag in event 'AdminshipTransferred' [Warning/use-natspec]
/sb/0x000000931cf36c464623bb0eefb6b0c205338d67.sol:599:5: Mismatch in @param names for event 'AdminshipTransferred'. Expected: [previousAdmin, newAdmin], Found: [] [Warning/use-natspec]
/sb/0x000000931cf36c464623bb0eefb6b0c205338d67.sol:605:5: Missing @notice tag in function 'requestMint' [Warning/use-natspec]
/sb/0x000000931cf36c464623bb0eefb6b0c205338d67.sol:605:5: Missing @param tag in function 'requestMint' [Warning/use-natspec]
/sb/0x000000931cf36c464623bb0eefb6b0c205338d67.sol:605:5: Mismatch in @param names for function 'requestMint'. Expected: [_to, _amount], Found: [] [Warning/use-natspec]
/sb/0x000000931cf36c464623bb0eefb6b0c205338d67.sol:607:9: Rule is set with explicit type [var/s: uint] [Warning/explicit-types]
/sb/0x000000931cf36c464623bb0eefb6b0c205338d67.sol:629:5: Missing @notice tag in function 'finalizeMint' [Warning/use-natspec]
/sb/0x000000931cf36c464623bb0eefb6b0c205338d67.sol:629:5: Missing @param tag in function 'finalizeMint' [Warning/use-natspec]
/sb/0x000000931cf36c464623bb0eefb6b0c205338d67.sol:629:5: Mismatch in @param names for function 'finalizeMint'. Expected: [index], Found: [] [Warning/use-natspec]
/sb/0x000000931cf36c464623bb0eefb6b0c205338d67.sol:629:27: Rule is set with explicit type [var/s: uint] [Warning/explicit-types]
/sb/0x000000931cf36c464623bb0eefb6b0c205338d67.sol:633:9: Provide an error message for require [Warning/reason-string]
/sb/0x000000931cf36c464623bb0eefb6b0c205338d67.sol:635:9: Provide an error message for require [Warning/reason-string]
/sb/0x000000931cf36c464623bb0eefb6b0c205338d67.sol:635:17: GC: Non strict inequality found. Try converting to a strict one [Warning/gas-strict-inequalities]
/sb/0x000000931cf36c464623bb0eefb6b0c205338d67.sol:653:5: Missing @notice tag in function 'transferChild' [Warning/use-natspec]
/sb/0x000000931cf36c464623bb0eefb6b0c205338d67.sol:653:5: Missing @param tag in function 'transferChild' [Warning/use-natspec]
/sb/0x000000931cf36c464623bb0eefb6b0c205338d67.sol:653:5: Mismatch in @param names for function 'transferChild'. Expected: [_child, _newOwner], Found: [] [Warning/use-natspec]
/sb/0x000000931cf36c464623bb0eefb6b0c205338d67.sol:669:5: Missing @notice tag in function 'requestReclaim' [Warning/use-natspec]
/sb/0x000000931cf36c464623bb0eefb6b0c205338d67.sol:669:5: Missing @param tag in function 'requestReclaim' [Warning/use-natspec]
/sb/0x000000931cf36c464623bb0eefb6b0c205338d67.sol:669:5: Mismatch in @param names for function 'requestReclaim'. Expected: [other], Found: [] [Warning/use-natspec]
/sb/0x000000931cf36c464623bb0eefb6b0c205338d67.sol:683:5: Missing @notice tag in function 'changeBurnBounds' [Warning/use-natspec]
/sb/0x000000931cf36c464623bb0eefb6b0c205338d67.sol:683:5: Missing @param tag in function 'changeBurnBounds' [Warning/use-natspec]
/sb/0x000000931cf36c464623bb0eefb6b0c205338d67.sol:683:5: Mismatch in @param names for function 'changeBurnBounds'. Expected: [newMin, newMax], Found: [] [Warning/use-natspec]
/sb/0x000000931cf36c464623bb0eefb6b0c205338d67.sol:683:31: Rule is set with explicit type [var/s: uint] [Warning/explicit-types]
/sb/0x000000931cf36c464623bb0eefb6b0c205338d67.sol:683:44: Rule is set with explicit type [var/s: uint] [Warning/explicit-types]
/sb/0x000000931cf36c464623bb0eefb6b0c205338d67.sol:695:5: Missing @notice tag in function 'changeStakingFees' [Warning/use-natspec]
/sb/0x000000931cf36c464623bb0eefb6b0c205338d67.sol:695:5: Missing @param tag in function 'changeStakingFees' [Warning/use-natspec]
/sb/0x000000931cf36c464623bb0eefb6b0c205338d67.sol:695:5: Mismatch in @param names for function 'changeStakingFees'. Expected: [_transferFeeNumerator, _transferFeeDenominator, _mintFeeNumerator, _mintFeeDenominator, _mintFeeFlat, _burnFeeNumerator, _burnFeeDenominator, _burnFeeFlat], Found: [] [Warning/use-natspec]
/sb/0x000000931cf36c464623bb0eefb6b0c205338d67.sol:749:5: Missing @notice tag in function 'changeStaker' [Warning/use-natspec]
/sb/0x000000931cf36c464623bb0eefb6b0c205338d67.sol:749:5: Missing @param tag in function 'changeStaker' [Warning/use-natspec]
/sb/0x000000931cf36c464623bb0eefb6b0c205338d67.sol:749:5: Mismatch in @param names for function 'changeStaker'. Expected: [newStaker], Found: [] [Warning/use-natspec]
/sb/0x000000931cf36c464623bb0eefb6b0c205338d67.sol:761:5: Missing @notice tag in function 'delegateToNewContract' [Warning/use-natspec]
/sb/0x000000931cf36c464623bb0eefb6b0c205338d67.sol:761:5: Missing @param tag in function 'delegateToNewContract' [Warning/use-natspec]
/sb/0x000000931cf36c464623bb0eefb6b0c205338d67.sol:761:5: Mismatch in @param names for function 'delegateToNewContract'. Expected: [delegate], Found: [] [Warning/use-natspec]
/sb/0x000000931cf36c464623bb0eefb6b0c205338d67.sol:773:5: Missing @notice tag in function 'setDelegatedFrom' [Warning/use-natspec]
/sb/0x000000931cf36c464623bb0eefb6b0c205338d67.sol:773:5: Missing @param tag in function 'setDelegatedFrom' [Warning/use-natspec]
/sb/0x000000931cf36c464623bb0eefb6b0c205338d67.sol:773:5: Mismatch in @param names for function 'setDelegatedFrom'. Expected: [_source], Found: [] [Warning/use-natspec]
/sb/0x000000931cf36c464623bb0eefb6b0c205338d67.sol:787:5: Missing @notice tag in function 'setTrueUSD' [Warning/use-natspec]
/sb/0x000000931cf36c464623bb0eefb6b0c205338d67.sol:787:5: Missing @param tag in function 'setTrueUSD' [Warning/use-natspec]
/sb/0x000000931cf36c464623bb0eefb6b0c205338d67.sol:787:5: Mismatch in @param names for function 'setTrueUSD'. Expected: [newContract], Found: [] [Warning/use-natspec]
/sb/0x000000931cf36c464623bb0eefb6b0c205338d67.sol:799:5: Missing @notice tag in function 'changeName' [Warning/use-natspec]
/sb/0x000000931cf36c464623bb0eefb6b0c205338d67.sol:799:5: Missing @param tag in function 'changeName' [Warning/use-natspec]
/sb/0x000000931cf36c464623bb0eefb6b0c205338d67.sol:799:5: Mismatch in @param names for function 'changeName'. Expected: [name, symbol], Found: [] [Warning/use-natspec]
/sb/0x000000931cf36c464623bb0eefb6b0c205338d67.sol:811:5: Missing @notice tag in function 'transferAdminship' [Warning/use-natspec]
/sb/0x000000931cf36c464623bb0eefb6b0c205338d67.sol:811:5: Missing @param tag in function 'transferAdminship' [Warning/use-natspec]
/sb/0x000000931cf36c464623bb0eefb6b0c205338d67.sol:811:5: Mismatch in @param names for function 'transferAdminship'. Expected: [newAdmin], Found: [] [Warning/use-natspec]
/sb/0x000000931cf36c464623bb0eefb6b0c205338d67.sol:823:5: Missing @notice tag in function 'setLists' [Warning/use-natspec]
/sb/0x000000931cf36c464623bb0eefb6b0c205338d67.sol:823:5: Missing @param tag in function 'setLists' [Warning/use-natspec]
/sb/0x000000931cf36c464623bb0eefb6b0c205338d67.sol:823:5: Mismatch in @param names for function 'setLists'. Expected: [_canReceiveMintWhiteList, _canBurnWhiteList, _blackList, _noFeesList], Found: [] [Warning/use-natspec]
/sb/0x000000931cf36c464623bb0eefb6b0c205338d67.sol:823:151: Visibility modifier must be first in list of modifiers [Warning/visibility-modifier-order]
/sb/0x000000931cf36c464623bb0eefb6b0c205338d67.sol:833:5: Missing @notice tag in function 'updateList' [Warning/use-natspec]
/sb/0x000000931cf36c464623bb0eefb6b0c205338d67.sol:833:5: Missing @param tag in function 'updateList' [Warning/use-natspec]
/sb/0x000000931cf36c464623bb0eefb6b0c205338d67.sol:833:5: Mismatch in @param names for function 'updateList'. Expected: [list, entry, flag], Found: [] [Warning/use-natspec]
/sb/0x000000931cf36c464623bb0eefb6b0c205338d67.sol:843:5: Missing @notice tag in function 'renameList' [Warning/use-natspec]
/sb/0x000000931cf36c464623bb0eefb6b0c205338d67.sol:843:5: Missing @param tag in function 'renameList' [Warning/use-natspec]
/sb/0x000000931cf36c464623bb0eefb6b0c205338d67.sol:843:5: Mismatch in @param names for function 'renameList'. Expected: [list, name], Found: [] [Warning/use-natspec]
/sb/0x000000931cf36c464623bb0eefb6b0c205338d67.sol:853:5: Missing @notice tag in function 'issueClaimOwnership' [Warning/use-natspec]
/sb/0x000000931cf36c464623bb0eefb6b0c205338d67.sol:853:5: Missing @param tag in function 'issueClaimOwnership' [Warning/use-natspec]
/sb/0x000000931cf36c464623bb0eefb6b0c205338d67.sol:853:5: Mismatch in @param names for function 'issueClaimOwnership'. Expected: [_other], Found: [] [Warning/use-natspec]
/sb/0x000000931cf36c464623bb0eefb6b0c205338d67.sol:865:1: Code contains empty blocks [Warning/no-empty-blocks]
/sb/0x000000931cf36c464623bb0eefb6b0c205338d67.sol:865:1: Missing @title tag in contract 'NoOwner' [Warning/use-natspec]
/sb/0x000000931cf36c464623bb0eefb6b0c205338d67.sol:865:1: Missing @author tag in contract 'NoOwner' [Warning/use-natspec]
/sb/0x000000931cf36c464623bb0eefb6b0c205338d67.sol:865:1: Missing @notice tag in contract 'NoOwner' [Warning/use-natspec]
/sb/0x000000931cf36c464623bb0eefb6b0c205338d67.sol:871:1: Missing @title tag in contract 'AllowanceSheet' [Warning/use-natspec]
/sb/0x000000931cf36c464623bb0eefb6b0c205338d67.sol:871:1: Missing @author tag in contract 'AllowanceSheet' [Warning/use-natspec]
/sb/0x000000931cf36c464623bb0eefb6b0c205338d67.sol:871:1: Missing @notice tag in contract 'AllowanceSheet' [Warning/use-natspec]
/sb/0x000000931cf36c464623bb0eefb6b0c205338d67.sol:877:5: Missing @notice tag in variable 'allowanceOf' [Warning/use-natspec]
/sb/0x000000931cf36c464623bb0eefb6b0c205338d67.sol:881:5: Missing @notice tag in function 'addAllowance' [Warning/use-natspec]
/sb/0x000000931cf36c464623bb0eefb6b0c205338d67.sol:881:5: Missing @param tag in function 'addAllowance' [Warning/use-natspec]
/sb/0x000000931cf36c464623bb0eefb6b0c205338d67.sol:881:5: Mismatch in @param names for function 'addAllowance'. Expected: [tokenHolder, spender, value], Found: [] [Warning/use-natspec]
/sb/0x000000931cf36c464623bb0eefb6b0c205338d67.sol:889:5: Missing @notice tag in function 'subAllowance' [Warning/use-natspec]
/sb/0x000000931cf36c464623bb0eefb6b0c205338d67.sol:889:5: Missing @param tag in function 'subAllowance' [Warning/use-natspec]
/sb/0x000000931cf36c464623bb0eefb6b0c205338d67.sol:889:5: Mismatch in @param names for function 'subAllowance'. Expected: [tokenHolder, spender, value], Found: [] [Warning/use-natspec]
/sb/0x000000931cf36c464623bb0eefb6b0c205338d67.sol:897:5: Missing @notice tag in function 'setAllowance' [Warning/use-natspec]
/sb/0x000000931cf36c464623bb0eefb6b0c205338d67.sol:897:5: Missing @param tag in function 'setAllowance' [Warning/use-natspec]
/sb/0x000000931cf36c464623bb0eefb6b0c205338d67.sol:897:5: Mismatch in @param names for function 'setAllowance'. Expected: [tokenHolder, spender, value], Found: [] [Warning/use-natspec]
/sb/0x000000931cf36c464623bb0eefb6b0c205338d67.sol:907:1: Missing @title tag in contract 'BalanceSheet' [Warning/use-natspec]
/sb/0x000000931cf36c464623bb0eefb6b0c205338d67.sol:907:1: Missing @author tag in contract 'BalanceSheet' [Warning/use-natspec]
/sb/0x000000931cf36c464623bb0eefb6b0c205338d67.sol:907:1: Missing @notice tag in contract 'BalanceSheet' [Warning/use-natspec]
/sb/0x000000931cf36c464623bb0eefb6b0c205338d67.sol:913:5: Missing @notice tag in variable 'balanceOf' [Warning/use-natspec]
/sb/0x000000931cf36c464623bb0eefb6b0c205338d67.sol:917:5: Missing @notice tag in function 'addBalance' [Warning/use-natspec]
/sb/0x000000931cf36c464623bb0eefb6b0c205338d67.sol:917:5: Missing @param tag in function 'addBalance' [Warning/use-natspec]
/sb/0x000000931cf36c464623bb0eefb6b0c205338d67.sol:917:5: Mismatch in @param names for function 'addBalance'. Expected: [addr, value], Found: [] [Warning/use-natspec]
/sb/0x000000931cf36c464623bb0eefb6b0c205338d67.sol:925:5: Missing @notice tag in function 'subBalance' [Warning/use-natspec]
/sb/0x000000931cf36c464623bb0eefb6b0c205338d67.sol:925:5: Missing @param tag in function 'subBalance' [Warning/use-natspec]
/sb/0x000000931cf36c464623bb0eefb6b0c205338d67.sol:925:5: Mismatch in @param names for function 'subBalance'. Expected: [addr, value], Found: [] [Warning/use-natspec]
/sb/0x000000931cf36c464623bb0eefb6b0c205338d67.sol:933:5: Missing @notice tag in function 'setBalance' [Warning/use-natspec]
/sb/0x000000931cf36c464623bb0eefb6b0c205338d67.sol:933:5: Missing @param tag in function 'setBalance' [Warning/use-natspec]
/sb/0x000000931cf36c464623bb0eefb6b0c205338d67.sol:933:5: Mismatch in @param names for function 'setBalance'. Expected: [addr, value], Found: [] [Warning/use-natspec]
/sb/0x000000931cf36c464623bb0eefb6b0c205338d67.sol:943:1: Missing @title tag in contract 'ERC20Basic' [Warning/use-natspec]
/sb/0x000000931cf36c464623bb0eefb6b0c205338d67.sol:943:1: Missing @author tag in contract 'ERC20Basic' [Warning/use-natspec]
/sb/0x000000931cf36c464623bb0eefb6b0c205338d67.sol:943:1: Missing @notice tag in contract 'ERC20Basic' [Warning/use-natspec]
/sb/0x000000931cf36c464623bb0eefb6b0c205338d67.sol:945:3: Missing @notice tag in function 'totalSupply' [Warning/use-natspec]
/sb/0x000000931cf36c464623bb0eefb6b0c205338d67.sol:945:3: Missing @return tag in function 'totalSupply' [Warning/use-natspec]
/sb/0x000000931cf36c464623bb0eefb6b0c205338d67.sol:945:3: Mismatch in @return count for function 'totalSupply'. Expected: 1, Found: 0 [Warning/use-natspec]
/sb/0x000000931cf36c464623bb0eefb6b0c205338d67.sol:947:3: Missing @notice tag in function 'balanceOf' [Warning/use-natspec]
/sb/0x000000931cf36c464623bb0eefb6b0c205338d67.sol:947:3: Missing @param tag in function 'balanceOf' [Warning/use-natspec]
/sb/0x000000931cf36c464623bb0eefb6b0c205338d67.sol:947:3: Mismatch in @param names for function 'balanceOf'. Expected: [who], Found: [] [Warning/use-natspec]
/sb/0x000000931cf36c464623bb0eefb6b0c205338d67.sol:947:3: Missing @return tag in function 'balanceOf' [Warning/use-natspec]
/sb/0x000000931cf36c464623bb0eefb6b0c205338d67.sol:947:3: Mismatch in @return count for function 'balanceOf'. Expected: 1, Found: 0 [Warning/use-natspec]
/sb/0x000000931cf36c464623bb0eefb6b0c205338d67.sol:949:3: Missing @notice tag in function 'transfer' [Warning/use-natspec]
/sb/0x000000931cf36c464623bb0eefb6b0c205338d67.sol:949:3: Missing @param tag in function 'transfer' [Warning/use-natspec]
/sb/0x000000931cf36c464623bb0eefb6b0c205338d67.sol:949:3: Mismatch in @param names for function 'transfer'. Expected: [to, value], Found: [] [Warning/use-natspec]
/sb/0x000000931cf36c464623bb0eefb6b0c205338d67.sol:949:3: Missing @return tag in function 'transfer' [Warning/use-natspec]
/sb/0x000000931cf36c464623bb0eefb6b0c205338d67.sol:949:3: Mismatch in @return count for function 'transfer'. Expected: 1, Found: 0 [Warning/use-natspec]
/sb/0x000000931cf36c464623bb0eefb6b0c205338d67.sol:951:3: Missing @notice tag in event 'Transfer' [Warning/use-natspec]
/sb/0x000000931cf36c464623bb0eefb6b0c205338d67.sol:951:3: Missing @param tag in event 'Transfer' [Warning/use-natspec]
/sb/0x000000931cf36c464623bb0eefb6b0c205338d67.sol:951:3: Mismatch in @param names for event 'Transfer'. Expected: [from, to, value], Found: [] [Warning/use-natspec]
/sb/0x000000931cf36c464623bb0eefb6b0c205338d67.sol:951:3: GC: [value] on Event [Transfer] could be Indexed [Warning/gas-indexed-events]
/sb/0x000000931cf36c464623bb0eefb6b0c205338d67.sol:957:1: Missing @title tag in contract 'BasicToken' [Warning/use-natspec]
/sb/0x000000931cf36c464623bb0eefb6b0c205338d67.sol:957:1: Missing @author tag in contract 'BasicToken' [Warning/use-natspec]
/sb/0x000000931cf36c464623bb0eefb6b0c205338d67.sol:957:1: Missing @notice tag in contract 'BasicToken' [Warning/use-natspec]
/sb/0x000000931cf36c464623bb0eefb6b0c205338d67.sol:963:3: Missing @notice tag in variable 'balances' [Warning/use-natspec]
/sb/0x000000931cf36c464623bb0eefb6b0c205338d67.sol:967:3: Explicitly mark visibility of state [Warning/state-visibility]
/sb/0x000000931cf36c464623bb0eefb6b0c205338d67.sol:971:3: Missing @notice tag in function 'setBalanceSheet' [Warning/use-natspec]
/sb/0x000000931cf36c464623bb0eefb6b0c205338d67.sol:971:3: Missing @param tag in function 'setBalanceSheet' [Warning/use-natspec]
/sb/0x000000931cf36c464623bb0eefb6b0c205338d67.sol:971:3: Mismatch in @param names for function 'setBalanceSheet'. Expected: [sheet], Found: [] [Warning/use-natspec]
/sb/0x000000931cf36c464623bb0eefb6b0c205338d67.sol:987:3: Missing @notice tag in function 'totalSupply' [Warning/use-natspec]
/sb/0x000000931cf36c464623bb0eefb6b0c205338d67.sol:987:3: Missing @return tag in function 'totalSupply' [Warning/use-natspec]
/sb/0x000000931cf36c464623bb0eefb6b0c205338d67.sol:987:3: Mismatch in @return count for function 'totalSupply'. Expected: 1, Found: 0 [Warning/use-natspec]
/sb/0x000000931cf36c464623bb0eefb6b0c205338d67.sol:1005:3: Missing @notice tag in function 'transfer' [Warning/use-natspec]
/sb/0x000000931cf36c464623bb0eefb6b0c205338d67.sol:1005:3: Missing @return tag in function 'transfer' [Warning/use-natspec]
/sb/0x000000931cf36c464623bb0eefb6b0c205338d67.sol:1005:3: Mismatch in @return count for function 'transfer'. Expected: 1, Found: 0 [Warning/use-natspec]
/sb/0x000000931cf36c464623bb0eefb6b0c205338d67.sol:1015:3: Missing @notice tag in function 'transferAllArgsNoAllowance' [Warning/use-natspec]
/sb/0x000000931cf36c464623bb0eefb6b0c205338d67.sol:1015:3: Missing @param tag in function 'transferAllArgsNoAllowance' [Warning/use-natspec]
/sb/0x000000931cf36c464623bb0eefb6b0c205338d67.sol:1015:3: Mismatch in @param names for function 'transferAllArgsNoAllowance'. Expected: [_from, _to, _value], Found: [] [Warning/use-natspec]
/sb/0x000000931cf36c464623bb0eefb6b0c205338d67.sol:1017:5: Provide an error message for require [Warning/reason-string]
/sb/0x000000931cf36c464623bb0eefb6b0c205338d67.sol:1019:5: Provide an error message for require [Warning/reason-string]
/sb/0x000000931cf36c464623bb0eefb6b0c205338d67.sol:1021:5: Provide an error message for require [Warning/reason-string]
/sb/0x000000931cf36c464623bb0eefb6b0c205338d67.sol:1021:13: GC: Non strict inequality found. Try converting to a strict one [Warning/gas-strict-inequalities]
/sb/0x000000931cf36c464623bb0eefb6b0c205338d67.sol:1047:3: Missing @notice tag in function 'balanceOf' [Warning/use-natspec]
/sb/0x000000931cf36c464623bb0eefb6b0c205338d67.sol:1047:3: Mismatch in @return names for function 'balanceOf'. Expected: [balance], Found: [An] [Warning/use-natspec]
/sb/0x000000931cf36c464623bb0eefb6b0c205338d67.sol:1057:1: Missing @title tag in contract 'BurnableToken' [Warning/use-natspec]
/sb/0x000000931cf36c464623bb0eefb6b0c205338d67.sol:1057:1: Missing @author tag in contract 'BurnableToken' [Warning/use-natspec]
/sb/0x000000931cf36c464623bb0eefb6b0c205338d67.sol:1057:1: Missing @notice tag in contract 'BurnableToken' [Warning/use-natspec]
/sb/0x000000931cf36c464623bb0eefb6b0c205338d67.sol:1061:3: Missing @notice tag in event 'Burn' [Warning/use-natspec]
/sb/0x000000931cf36c464623bb0eefb6b0c205338d67.sol:1061:3: Missing @param tag in event 'Burn' [Warning/use-natspec]
/sb/0x000000931cf36c464623bb0eefb6b0c205338d67.sol:1061:3: Mismatch in @param names for event 'Burn'. Expected: [burner, value], Found: [] [Warning/use-natspec]
/sb/0x000000931cf36c464623bb0eefb6b0c205338d67.sol:1061:3: GC: [value] on Event [Burn] could be Indexed [Warning/gas-indexed-events]
/sb/0x000000931cf36c464623bb0eefb6b0c205338d67.sol:1073:3: Missing @notice tag in function 'burn' [Warning/use-natspec]
/sb/0x000000931cf36c464623bb0eefb6b0c205338d67.sol:1075:5: Provide an error message for require [Warning/reason-string]
/sb/0x000000931cf36c464623bb0eefb6b0c205338d67.sol:1075:13: GC: Non strict inequality found. Try converting to a strict one [Warning/gas-strict-inequalities]
/sb/0x000000931cf36c464623bb0eefb6b0c205338d67.sol:1099:1: Missing @title tag in contract 'ERC20' [Warning/use-natspec]
/sb/0x000000931cf36c464623bb0eefb6b0c205338d67.sol:1099:1: Missing @author tag in contract 'ERC20' [Warning/use-natspec]
/sb/0x000000931cf36c464623bb0eefb6b0c205338d67.sol:1099:1: Missing @notice tag in contract 'ERC20' [Warning/use-natspec]
/sb/0x000000931cf36c464623bb0eefb6b0c205338d67.sol:1101:3: Missing @notice tag in function 'allowance' [Warning/use-natspec]
/sb/0x000000931cf36c464623bb0eefb6b0c205338d67.sol:1101:3: Missing @param tag in function 'allowance' [Warning/use-natspec]
/sb/0x000000931cf36c464623bb0eefb6b0c205338d67.sol:1101:3: Mismatch in @param names for function 'allowance'. Expected: [owner, spender], Found: [] [Warning/use-natspec]
/sb/0x000000931cf36c464623bb0eefb6b0c205338d67.sol:1101:3: Missing @return tag in function 'allowance' [Warning/use-natspec]
/sb/0x000000931cf36c464623bb0eefb6b0c205338d67.sol:1101:3: Mismatch in @return count for function 'allowance'. Expected: 1, Found: 0 [Warning/use-natspec]
/sb/0x000000931cf36c464623bb0eefb6b0c205338d67.sol:1103:3: Missing @notice tag in function 'transferFrom' [Warning/use-natspec]
/sb/0x000000931cf36c464623bb0eefb6b0c205338d67.sol:1103:3: Missing @param tag in function 'transferFrom' [Warning/use-natspec]
/sb/0x000000931cf36c464623bb0eefb6b0c205338d67.sol:1103:3: Mismatch in @param names for function 'transferFrom'. Expected: [from, to, value], Found: [] [Warning/use-natspec]
/sb/0x000000931cf36c464623bb0eefb6b0c205338d67.sol:1103:3: Missing @return tag in function 'transferFrom' [Warning/use-natspec]
/sb/0x000000931cf36c464623bb0eefb6b0c205338d67.sol:1103:3: Mismatch in @return count for function 'transferFrom'. Expected: 1, Found: 0 [Warning/use-natspec]
/sb/0x000000931cf36c464623bb0eefb6b0c205338d67.sol:1105:3: Missing @notice tag in function 'approve' [Warning/use-natspec]
/sb/0x000000931cf36c464623bb0eefb6b0c205338d67.sol:1105:3: Missing @param tag in function 'approve' [Warning/use-natspec]
/sb/0x000000931cf36c464623bb0eefb6b0c205338d67.sol:1105:3: Mismatch in @param names for function 'approve'. Expected: [spender, value], Found: [] [Warning/use-natspec]
/sb/0x000000931cf36c464623bb0eefb6b0c205338d67.sol:1105:3: Missing @return tag in function 'approve' [Warning/use-natspec]
/sb/0x000000931cf36c464623bb0eefb6b0c205338d67.sol:1105:3: Mismatch in @return count for function 'approve'. Expected: 1, Found: 0 [Warning/use-natspec]
/sb/0x000000931cf36c464623bb0eefb6b0c205338d67.sol:1107:3: Missing @notice tag in event 'Approval' [Warning/use-natspec]
/sb/0x000000931cf36c464623bb0eefb6b0c205338d67.sol:1107:3: Missing @param tag in event 'Approval' [Warning/use-natspec]
/sb/0x000000931cf36c464623bb0eefb6b0c205338d67.sol:1107:3: Mismatch in @param names for event 'Approval'. Expected: [owner, spender, value], Found: [] [Warning/use-natspec]
/sb/0x000000931cf36c464623bb0eefb6b0c205338d67.sol:1107:3: GC: [value] on Event [Approval] could be Indexed [Warning/gas-indexed-events]
/sb/0x000000931cf36c464623bb0eefb6b0c205338d67.sol:1113:1: Missing @title tag in contract 'SafeERC20' [Warning/use-natspec]
/sb/0x000000931cf36c464623bb0eefb6b0c205338d67.sol:1113:1: Missing @author tag in contract 'SafeERC20' [Warning/use-natspec]
/sb/0x000000931cf36c464623bb0eefb6b0c205338d67.sol:1113:1: Missing @notice tag in contract 'SafeERC20' [Warning/use-natspec]
/sb/0x000000931cf36c464623bb0eefb6b0c205338d67.sol:1115:3: Missing @notice tag in function 'safeTransfer' [Warning/use-natspec]
/sb/0x000000931cf36c464623bb0eefb6b0c205338d67.sol:1115:3: Missing @param tag in function 'safeTransfer' [Warning/use-natspec]
/sb/0x000000931cf36c464623bb0eefb6b0c205338d67.sol:1115:3: Mismatch in @param names for function 'safeTransfer'. Expected: [token, to, value], Found: [] [Warning/use-natspec]
/sb/0x000000931cf36c464623bb0eefb6b0c205338d67.sol:1123:3: Missing @notice tag in function 'safeTransferFrom' [Warning/use-natspec]
/sb/0x000000931cf36c464623bb0eefb6b0c205338d67.sol:1123:3: Missing @param tag in function 'safeTransferFrom' [Warning/use-natspec]
/sb/0x000000931cf36c464623bb0eefb6b0c205338d67.sol:1123:3: Mismatch in @param names for function 'safeTransferFrom'. Expected: [token, from, to, value], Found: [] [Warning/use-natspec]
/sb/0x000000931cf36c464623bb0eefb6b0c205338d67.sol:1131:3: Missing @notice tag in function 'safeApprove' [Warning/use-natspec]
/sb/0x000000931cf36c464623bb0eefb6b0c205338d67.sol:1131:3: Missing @param tag in function 'safeApprove' [Warning/use-natspec]
/sb/0x000000931cf36c464623bb0eefb6b0c205338d67.sol:1131:3: Mismatch in @param names for function 'safeApprove'. Expected: [token, spender, value], Found: [] [Warning/use-natspec]
/sb/0x000000931cf36c464623bb0eefb6b0c205338d67.sol:1141:1: Missing @title tag in contract 'StandardToken' [Warning/use-natspec]
/sb/0x000000931cf36c464623bb0eefb6b0c205338d67.sol:1141:1: Missing @author tag in contract 'StandardToken' [Warning/use-natspec]
/sb/0x000000931cf36c464623bb0eefb6b0c205338d67.sol:1141:1: Missing @notice tag in contract 'StandardToken' [Warning/use-natspec]
/sb/0x000000931cf36c464623bb0eefb6b0c205338d67.sol:1145:3: Missing @notice tag in variable 'allowances' [Warning/use-natspec]
/sb/0x000000931cf36c464623bb0eefb6b0c205338d67.sol:1149:3: Missing @notice tag in function 'setAllowanceSheet' [Warning/use-natspec]
/sb/0x000000931cf36c464623bb0eefb6b0c205338d67.sol:1149:3: Missing @param tag in function 'setAllowanceSheet' [Warning/use-natspec]
/sb/0x000000931cf36c464623bb0eefb6b0c205338d67.sol:1149:3: Mismatch in @param names for function 'setAllowanceSheet'. Expected: [sheet], Found: [] [Warning/use-natspec]
/sb/0x000000931cf36c464623bb0eefb6b0c205338d67.sol:1171:3: Missing @notice tag in function 'transferFrom' [Warning/use-natspec]
/sb/0x000000931cf36c464623bb0eefb6b0c205338d67.sol:1171:3: Missing @return tag in function 'transferFrom' [Warning/use-natspec]
/sb/0x000000931cf36c464623bb0eefb6b0c205338d67.sol:1171:3: Mismatch in @return count for function 'transferFrom'. Expected: 1, Found: 0 [Warning/use-natspec]
/sb/0x000000931cf36c464623bb0eefb6b0c205338d67.sol:1181:3: Missing @notice tag in function 'transferAllArgsYesAllowance' [Warning/use-natspec]
/sb/0x000000931cf36c464623bb0eefb6b0c205338d67.sol:1181:3: Missing @param tag in function 'transferAllArgsYesAllowance' [Warning/use-natspec]
/sb/0x000000931cf36c464623bb0eefb6b0c205338d67.sol:1181:3: Mismatch in @param names for function 'transferAllArgsYesAllowance'. Expected: [_from, _to, _value, spender], Found: [] [Warning/use-natspec]
/sb/0x000000931cf36c464623bb0eefb6b0c205338d67.sol:1183:5: Provide an error message for require [Warning/reason-string]
/sb/0x000000931cf36c464623bb0eefb6b0c205338d67.sol:1183:13: GC: Non strict inequality found. Try converting to a strict one [Warning/gas-strict-inequalities]
/sb/0x000000931cf36c464623bb0eefb6b0c205338d67.sol:1215:3: Missing @notice tag in function 'approve' [Warning/use-natspec]
/sb/0x000000931cf36c464623bb0eefb6b0c205338d67.sol:1215:3: Missing @return tag in function 'approve' [Warning/use-natspec]
/sb/0x000000931cf36c464623bb0eefb6b0c205338d67.sol:1215:3: Mismatch in @return count for function 'approve'. Expected: 1, Found: 0 [Warning/use-natspec]
/sb/0x000000931cf36c464623bb0eefb6b0c205338d67.sol:1225:3: Missing @notice tag in function 'approveAllArgs' [Warning/use-natspec]
/sb/0x000000931cf36c464623bb0eefb6b0c205338d67.sol:1225:3: Missing @param tag in function 'approveAllArgs' [Warning/use-natspec]
/sb/0x000000931cf36c464623bb0eefb6b0c205338d67.sol:1225:3: Mismatch in @param names for function 'approveAllArgs'. Expected: [_spender, _value, _tokenHolder], Found: [] [Warning/use-natspec]
/sb/0x000000931cf36c464623bb0eefb6b0c205338d67.sol:1247:3: Missing @notice tag in function 'allowance' [Warning/use-natspec]
/sb/0x000000931cf36c464623bb0eefb6b0c205338d67.sol:1275:3: Missing @notice tag in function 'increaseApproval' [Warning/use-natspec]
/sb/0x000000931cf36c464623bb0eefb6b0c205338d67.sol:1275:3: Missing @return tag in function 'increaseApproval' [Warning/use-natspec]
/sb/0x000000931cf36c464623bb0eefb6b0c205338d67.sol:1275:3: Mismatch in @return count for function 'increaseApproval'. Expected: 1, Found: 0 [Warning/use-natspec]
/sb/0x000000931cf36c464623bb0eefb6b0c205338d67.sol:1275:47: Rule is set with explicit type [var/s: uint] [Warning/explicit-types]
/sb/0x000000931cf36c464623bb0eefb6b0c205338d67.sol:1285:3: Missing @notice tag in function 'increaseApprovalAllArgs' [Warning/use-natspec]
/sb/0x000000931cf36c464623bb0eefb6b0c205338d67.sol:1285:3: Missing @param tag in function 'increaseApprovalAllArgs' [Warning/use-natspec]
/sb/0x000000931cf36c464623bb0eefb6b0c205338d67.sol:1285:3: Mismatch in @param names for function 'increaseApprovalAllArgs'. Expected: [_spender, _addedValue, tokenHolder], Found: [] [Warning/use-natspec]
/sb/0x000000931cf36c464623bb0eefb6b0c205338d67.sol:1285:54: Rule is set with explicit type [var/s: uint] [Warning/explicit-types]
/sb/0x000000931cf36c464623bb0eefb6b0c205338d67.sol:1315:3: Missing @notice tag in function 'decreaseApproval' [Warning/use-natspec]
/sb/0x000000931cf36c464623bb0eefb6b0c205338d67.sol:1315:3: Missing @return tag in function 'decreaseApproval' [Warning/use-natspec]
/sb/0x000000931cf36c464623bb0eefb6b0c205338d67.sol:1315:3: Mismatch in @return count for function 'decreaseApproval'. Expected: 1, Found: 0 [Warning/use-natspec]
/sb/0x000000931cf36c464623bb0eefb6b0c205338d67.sol:1315:47: Rule is set with explicit type [var/s: uint] [Warning/explicit-types]
/sb/0x000000931cf36c464623bb0eefb6b0c205338d67.sol:1325:3: Missing @notice tag in function 'decreaseApprovalAllArgs' [Warning/use-natspec]
/sb/0x000000931cf36c464623bb0eefb6b0c205338d67.sol:1325:3: Missing @param tag in function 'decreaseApprovalAllArgs' [Warning/use-natspec]
/sb/0x000000931cf36c464623bb0eefb6b0c205338d67.sol:1325:3: Mismatch in @param names for function 'decreaseApprovalAllArgs'. Expected: [_spender, _subtractedValue, tokenHolder], Found: [] [Warning/use-natspec]
/sb/0x000000931cf36c464623bb0eefb6b0c205338d67.sol:1325:54: Rule is set with explicit type [var/s: uint] [Warning/explicit-types]
/sb/0x000000931cf36c464623bb0eefb6b0c205338d67.sol:1327:5: Rule is set with explicit type [var/s: uint] [Warning/explicit-types]
/sb/0x000000931cf36c464623bb0eefb6b0c205338d67.sol:1349:1: Missing @title tag in contract 'CanDelegate' [Warning/use-natspec]
/sb/0x000000931cf36c464623bb0eefb6b0c205338d67.sol:1349:1: Missing @author tag in contract 'CanDelegate' [Warning/use-natspec]
/sb/0x000000931cf36c464623bb0eefb6b0c205338d67.sol:1349:1: Missing @notice tag in contract 'CanDelegate' [Warning/use-natspec]
/sb/0x000000931cf36c464623bb0eefb6b0c205338d67.sol:1355:5: Missing @notice tag in variable 'delegate' [Warning/use-natspec]
/sb/0x000000931cf36c464623bb0eefb6b0c205338d67.sol:1359:5: Missing @notice tag in event 'DelegatedTo' [Warning/use-natspec]
/sb/0x000000931cf36c464623bb0eefb6b0c205338d67.sol:1359:5: Missing @param tag in event 'DelegatedTo' [Warning/use-natspec]
/sb/0x000000931cf36c464623bb0eefb6b0c205338d67.sol:1359:5: Mismatch in @param names for event 'DelegatedTo'. Expected: [newContract], Found: [] [Warning/use-natspec]
/sb/0x000000931cf36c464623bb0eefb6b0c205338d67.sol:1365:5: Missing @notice tag in function 'delegateToNewContract' [Warning/use-natspec]
/sb/0x000000931cf36c464623bb0eefb6b0c205338d67.sol:1365:5: Missing @param tag in function 'delegateToNewContract' [Warning/use-natspec]
/sb/0x000000931cf36c464623bb0eefb6b0c205338d67.sol:1365:5: Mismatch in @param names for function 'delegateToNewContract'. Expected: [newContract], Found: [] [Warning/use-natspec]
/sb/0x000000931cf36c464623bb0eefb6b0c205338d67.sol:1377:5: Missing @notice tag in function 'transfer' [Warning/use-natspec]
/sb/0x000000931cf36c464623bb0eefb6b0c205338d67.sol:1377:5: Missing @param tag in function 'transfer' [Warning/use-natspec]
/sb/0x000000931cf36c464623bb0eefb6b0c205338d67.sol:1377:5: Mismatch in @param names for function 'transfer'. Expected: [to, value], Found: [] [Warning/use-natspec]
/sb/0x000000931cf36c464623bb0eefb6b0c205338d67.sol:1377:5: Missing @return tag in function 'transfer' [Warning/use-natspec]
/sb/0x000000931cf36c464623bb0eefb6b0c205338d67.sol:1377:5: Mismatch in @return count for function 'transfer'. Expected: 1, Found: 0 [Warning/use-natspec]
/sb/0x000000931cf36c464623bb0eefb6b0c205338d67.sol:1393:5: Missing @notice tag in function 'transferFrom' [Warning/use-natspec]
/sb/0x000000931cf36c464623bb0eefb6b0c205338d67.sol:1393:5: Missing @param tag in function 'transferFrom' [Warning/use-natspec]
/sb/0x000000931cf36c464623bb0eefb6b0c205338d67.sol:1393:5: Mismatch in @param names for function 'transferFrom'. Expected: [from, to, value], Found: [] [Warning/use-natspec]
/sb/0x000000931cf36c464623bb0eefb6b0c205338d67.sol:1393:5: Missing @return tag in function 'transferFrom' [Warning/use-natspec]
/sb/0x000000931cf36c464623bb0eefb6b0c205338d67.sol:1393:5: Mismatch in @return count for function 'transferFrom'. Expected: 1, Found: 0 [Warning/use-natspec]
/sb/0x000000931cf36c464623bb0eefb6b0c205338d67.sol:1409:5: Missing @notice tag in function 'balanceOf' [Warning/use-natspec]
/sb/0x000000931cf36c464623bb0eefb6b0c205338d67.sol:1409:5: Missing @param tag in function 'balanceOf' [Warning/use-natspec]
/sb/0x000000931cf36c464623bb0eefb6b0c205338d67.sol:1409:5: Mismatch in @param names for function 'balanceOf'. Expected: [who], Found: [] [Warning/use-natspec]
/sb/0x000000931cf36c464623bb0eefb6b0c205338d67.sol:1409:5: Missing @return tag in function 'balanceOf' [Warning/use-natspec]
/sb/0x000000931cf36c464623bb0eefb6b0c205338d67.sol:1409:5: Mismatch in @return count for function 'balanceOf'. Expected: 1, Found: 0 [Warning/use-natspec]
/sb/0x000000931cf36c464623bb0eefb6b0c205338d67.sol:1425:5: Missing @notice tag in function 'approve' [Warning/use-natspec]
/sb/0x000000931cf36c464623bb0eefb6b0c205338d67.sol:1425:5: Missing @param tag in function 'approve' [Warning/use-natspec]
/sb/0x000000931cf36c464623bb0eefb6b0c205338d67.sol:1425:5: Mismatch in @param names for function 'approve'. Expected: [spender, value], Found: [] [Warning/use-natspec]
/sb/0x000000931cf36c464623bb0eefb6b0c205338d67.sol:1425:5: Missing @return tag in function 'approve' [Warning/use-natspec]
/sb/0x000000931cf36c464623bb0eefb6b0c205338d67.sol:1425:5: Mismatch in @return count for function 'approve'. Expected: 1, Found: 0 [Warning/use-natspec]
/sb/0x000000931cf36c464623bb0eefb6b0c205338d67.sol:1441:5: Missing @notice tag in function 'allowance' [Warning/use-natspec]
/sb/0x000000931cf36c464623bb0eefb6b0c205338d67.sol:1441:5: Missing @param tag in function 'allowance' [Warning/use-natspec]
/sb/0x000000931cf36c464623bb0eefb6b0c205338d67.sol:1441:5: Mismatch in @param names for function 'allowance'. Expected: [_owner, spender], Found: [] [Warning/use-natspec]
/sb/0x000000931cf36c464623bb0eefb6b0c205338d67.sol:1441:5: Missing @return tag in function 'allowance' [Warning/use-natspec]
/sb/0x000000931cf36c464623bb0eefb6b0c205338d67.sol:1441:5: Mismatch in @return count for function 'allowance'. Expected: 1, Found: 0 [Warning/use-natspec]
/sb/0x000000931cf36c464623bb0eefb6b0c205338d67.sol:1457:5: Missing @notice tag in function 'totalSupply' [Warning/use-natspec]
/sb/0x000000931cf36c464623bb0eefb6b0c205338d67.sol:1457:5: Missing @return tag in function 'totalSupply' [Warning/use-natspec]
/sb/0x000000931cf36c464623bb0eefb6b0c205338d67.sol:1457:5: Mismatch in @return count for function 'totalSupply'. Expected: 1, Found: 0 [Warning/use-natspec]
/sb/0x000000931cf36c464623bb0eefb6b0c205338d67.sol:1473:5: Missing @notice tag in function 'increaseApproval' [Warning/use-natspec]
/sb/0x000000931cf36c464623bb0eefb6b0c205338d67.sol:1473:5: Missing @param tag in function 'increaseApproval' [Warning/use-natspec]
/sb/0x000000931cf36c464623bb0eefb6b0c205338d67.sol:1473:5: Mismatch in @param names for function 'increaseApproval'. Expected: [spender, addedValue], Found: [] [Warning/use-natspec]
/sb/0x000000931cf36c464623bb0eefb6b0c205338d67.sol:1473:5: Missing @return tag in function 'increaseApproval' [Warning/use-natspec]
/sb/0x000000931cf36c464623bb0eefb6b0c205338d67.sol:1473:5: Mismatch in @return count for function 'increaseApproval'. Expected: 1, Found: 0 [Warning/use-natspec]
/sb/0x000000931cf36c464623bb0eefb6b0c205338d67.sol:1473:48: Rule is set with explicit type [var/s: uint] [Warning/explicit-types]
/sb/0x000000931cf36c464623bb0eefb6b0c205338d67.sol:1489:5: Missing @notice tag in function 'decreaseApproval' [Warning/use-natspec]
/sb/0x000000931cf36c464623bb0eefb6b0c205338d67.sol:1489:5: Missing @param tag in function 'decreaseApproval' [Warning/use-natspec]
/sb/0x000000931cf36c464623bb0eefb6b0c205338d67.sol:1489:5: Mismatch in @param names for function
