A new version of Solhint is available: 6.0.1
Please consider updating your Solhint package.
/sb/0x0003ed19f80564745e84b4cc411a7b6be4f0cf31.sol:5:1: Found more than One contract per file. 4 contracts found! [Warning/one-contract-per-file]
/sb/0x0003ed19f80564745e84b4cc411a7b6be4f0cf31.sol:5:1: Compiler version ^0.8.4 does not satisfy the ^0.8.24 semver requirement [Error/compiler-version]
/sb/0x0003ed19f80564745e84b4cc411a7b6be4f0cf31.sol:9:1: Missing @title tag in contract 'Context' [Warning/use-natspec]
/sb/0x0003ed19f80564745e84b4cc411a7b6be4f0cf31.sol:9:1: Missing @author tag in contract 'Context' [Warning/use-natspec]
/sb/0x0003ed19f80564745e84b4cc411a7b6be4f0cf31.sol:9:1: Missing @notice tag in contract 'Context' [Warning/use-natspec]
/sb/0x0003ed19f80564745e84b4cc411a7b6be4f0cf31.sol:11:5: Missing @notice tag in function '_msgSender' [Warning/use-natspec]
/sb/0x0003ed19f80564745e84b4cc411a7b6be4f0cf31.sol:11:5: Missing @return tag in function '_msgSender' [Warning/use-natspec]
/sb/0x0003ed19f80564745e84b4cc411a7b6be4f0cf31.sol:11:5: Mismatch in @return count for function '_msgSender'. Expected: 1, Found: 0 [Warning/use-natspec]
/sb/0x0003ed19f80564745e84b4cc411a7b6be4f0cf31.sol:21:1: Missing @title tag in contract 'IERC20' [Warning/use-natspec]
/sb/0x0003ed19f80564745e84b4cc411a7b6be4f0cf31.sol:21:1: Missing @author tag in contract 'IERC20' [Warning/use-natspec]
/sb/0x0003ed19f80564745e84b4cc411a7b6be4f0cf31.sol:21:1: Missing @notice tag in contract 'IERC20' [Warning/use-natspec]
/sb/0x0003ed19f80564745e84b4cc411a7b6be4f0cf31.sol:23:5: Missing @notice tag in function 'totalSupply' [Warning/use-natspec]
/sb/0x0003ed19f80564745e84b4cc411a7b6be4f0cf31.sol:23:5: Missing @return tag in function 'totalSupply' [Warning/use-natspec]
/sb/0x0003ed19f80564745e84b4cc411a7b6be4f0cf31.sol:23:5: Mismatch in @return count for function 'totalSupply'. Expected: 1, Found: 0 [Warning/use-natspec]
/sb/0x0003ed19f80564745e84b4cc411a7b6be4f0cf31.sol:27:5: Missing @notice tag in function 'balanceOf' [Warning/use-natspec]
/sb/0x0003ed19f80564745e84b4cc411a7b6be4f0cf31.sol:27:5: Missing @param tag in function 'balanceOf' [Warning/use-natspec]
/sb/0x0003ed19f80564745e84b4cc411a7b6be4f0cf31.sol:27:5: Mismatch in @param names for function 'balanceOf'. Expected: [account], Found: [] [Warning/use-natspec]
/sb/0x0003ed19f80564745e84b4cc411a7b6be4f0cf31.sol:27:5: Missing @return tag in function 'balanceOf' [Warning/use-natspec]
/sb/0x0003ed19f80564745e84b4cc411a7b6be4f0cf31.sol:27:5: Mismatch in @return count for function 'balanceOf'. Expected: 1, Found: 0 [Warning/use-natspec]
/sb/0x0003ed19f80564745e84b4cc411a7b6be4f0cf31.sol:31:5: Missing @notice tag in function 'transfer' [Warning/use-natspec]
/sb/0x0003ed19f80564745e84b4cc411a7b6be4f0cf31.sol:31:5: Missing @param tag in function 'transfer' [Warning/use-natspec]
/sb/0x0003ed19f80564745e84b4cc411a7b6be4f0cf31.sol:31:5: Mismatch in @param names for function 'transfer'. Expected: [recipient, amount], Found: [] [Warning/use-natspec]
/sb/0x0003ed19f80564745e84b4cc411a7b6be4f0cf31.sol:31:5: Missing @return tag in function 'transfer' [Warning/use-natspec]
/sb/0x0003ed19f80564745e84b4cc411a7b6be4f0cf31.sol:31:5: Mismatch in @return count for function 'transfer'. Expected: 1, Found: 0 [Warning/use-natspec]
/sb/0x0003ed19f80564745e84b4cc411a7b6be4f0cf31.sol:39:5: Missing @notice tag in function 'allowance' [Warning/use-natspec]
/sb/0x0003ed19f80564745e84b4cc411a7b6be4f0cf31.sol:39:5: Missing @param tag in function 'allowance' [Warning/use-natspec]
/sb/0x0003ed19f80564745e84b4cc411a7b6be4f0cf31.sol:39:5: Mismatch in @param names for function 'allowance'. Expected: [owner, spender], Found: [] [Warning/use-natspec]
/sb/0x0003ed19f80564745e84b4cc411a7b6be4f0cf31.sol:39:5: Missing @return tag in function 'allowance' [Warning/use-natspec]
/sb/0x0003ed19f80564745e84b4cc411a7b6be4f0cf31.sol:39:5: Mismatch in @return count for function 'allowance'. Expected: 1, Found: 0 [Warning/use-natspec]
/sb/0x0003ed19f80564745e84b4cc411a7b6be4f0cf31.sol:49:5: Missing @notice tag in function 'approve' [Warning/use-natspec]
/sb/0x0003ed19f80564745e84b4cc411a7b6be4f0cf31.sol:49:5: Missing @param tag in function 'approve' [Warning/use-natspec]
/sb/0x0003ed19f80564745e84b4cc411a7b6be4f0cf31.sol:49:5: Mismatch in @param names for function 'approve'. Expected: [spender, amount], Found: [] [Warning/use-natspec]
/sb/0x0003ed19f80564745e84b4cc411a7b6be4f0cf31.sol:49:5: Missing @return tag in function 'approve' [Warning/use-natspec]
/sb/0x0003ed19f80564745e84b4cc411a7b6be4f0cf31.sol:49:5: Mismatch in @return count for function 'approve'. Expected: 1, Found: 0 [Warning/use-natspec]
/sb/0x0003ed19f80564745e84b4cc411a7b6be4f0cf31.sol:53:5: Missing @notice tag in function 'transferFrom' [Warning/use-natspec]
/sb/0x0003ed19f80564745e84b4cc411a7b6be4f0cf31.sol:53:5: Missing @param tag in function 'transferFrom' [Warning/use-natspec]
/sb/0x0003ed19f80564745e84b4cc411a7b6be4f0cf31.sol:53:5: Mismatch in @param names for function 'transferFrom'. Expected: [sender, recipient, amount], Found: [] [Warning/use-natspec]
/sb/0x0003ed19f80564745e84b4cc411a7b6be4f0cf31.sol:53:5: Missing @return tag in function 'transferFrom' [Warning/use-natspec]
/sb/0x0003ed19f80564745e84b4cc411a7b6be4f0cf31.sol:53:5: Mismatch in @return count for function 'transferFrom'. Expected: 1, Found: 0 [Warning/use-natspec]
/sb/0x0003ed19f80564745e84b4cc411a7b6be4f0cf31.sol:65:5: Missing @notice tag in event 'Transfer' [Warning/use-natspec]
/sb/0x0003ed19f80564745e84b4cc411a7b6be4f0cf31.sol:65:5: Missing @param tag in event 'Transfer' [Warning/use-natspec]
/sb/0x0003ed19f80564745e84b4cc411a7b6be4f0cf31.sol:65:5: Mismatch in @param names for event 'Transfer'. Expected: [from, to, value], Found: [] [Warning/use-natspec]
/sb/0x0003ed19f80564745e84b4cc411a7b6be4f0cf31.sol:65:5: GC: [value] on Event [Transfer] could be Indexed [Warning/gas-indexed-events]
/sb/0x0003ed19f80564745e84b4cc411a7b6be4f0cf31.sol:67:5: Missing @notice tag in event 'Approval' [Warning/use-natspec]
/sb/0x0003ed19f80564745e84b4cc411a7b6be4f0cf31.sol:67:5: Missing @param tag in event 'Approval' [Warning/use-natspec]
/sb/0x0003ed19f80564745e84b4cc411a7b6be4f0cf31.sol:67:5: Mismatch in @param names for event 'Approval'. Expected: [owner, spender, value], Found: [] [Warning/use-natspec]
/sb/0x0003ed19f80564745e84b4cc411a7b6be4f0cf31.sol:67:5: GC: [value] on Event [Approval] could be Indexed [Warning/gas-indexed-events]
/sb/0x0003ed19f80564745e84b4cc411a7b6be4f0cf31.sol:81:1: Missing @title tag in contract 'SafeMath' [Warning/use-natspec]
/sb/0x0003ed19f80564745e84b4cc411a7b6be4f0cf31.sol:81:1: Missing @author tag in contract 'SafeMath' [Warning/use-natspec]
/sb/0x0003ed19f80564745e84b4cc411a7b6be4f0cf31.sol:81:1: Missing @notice tag in contract 'SafeMath' [Warning/use-natspec]
/sb/0x0003ed19f80564745e84b4cc411a7b6be4f0cf31.sol:83:5: Missing @notice tag in function 'add' [Warning/use-natspec]
/sb/0x0003ed19f80564745e84b4cc411a7b6be4f0cf31.sol:83:5: Missing @param tag in function 'add' [Warning/use-natspec]
/sb/0x0003ed19f80564745e84b4cc411a7b6be4f0cf31.sol:83:5: Mismatch in @param names for function 'add'. Expected: [a, b], Found: [] [Warning/use-natspec]
/sb/0x0003ed19f80564745e84b4cc411a7b6be4f0cf31.sol:83:5: Missing @return tag in function 'add' [Warning/use-natspec]
/sb/0x0003ed19f80564745e84b4cc411a7b6be4f0cf31.sol:83:5: Mismatch in @return count for function 'add'. Expected: 1, Found: 0 [Warning/use-natspec]
/sb/0x0003ed19f80564745e84b4cc411a7b6be4f0cf31.sol:87:9: GC: Use Custom Errors instead of require statements [Warning/gas-custom-errors]
/sb/0x0003ed19f80564745e84b4cc411a7b6be4f0cf31.sol:87:17: GC: Non strict inequality found. Try converting to a strict one [Warning/gas-strict-inequalities]
/sb/0x0003ed19f80564745e84b4cc411a7b6be4f0cf31.sol:95:5: Missing @notice tag in function 'sub' [Warning/use-natspec]
/sb/0x0003ed19f80564745e84b4cc411a7b6be4f0cf31.sol:95:5: Missing @param tag in function 'sub' [Warning/use-natspec]
/sb/0x0003ed19f80564745e84b4cc411a7b6be4f0cf31.sol:95:5: Mismatch in @param names for function 'sub'. Expected: [a, b], Found: [] [Warning/use-natspec]
/sb/0x0003ed19f80564745e84b4cc411a7b6be4f0cf31.sol:95:5: Missing @return tag in function 'sub' [Warning/use-natspec]
/sb/0x0003ed19f80564745e84b4cc411a7b6be4f0cf31.sol:95:5: Mismatch in @return count for function 'sub'. Expected: 1, Found: 0 [Warning/use-natspec]
/sb/0x0003ed19f80564745e84b4cc411a7b6be4f0cf31.sol:103:5: Missing @notice tag in function 'sub' [Warning/use-natspec]
/sb/0x0003ed19f80564745e84b4cc411a7b6be4f0cf31.sol:103:5: Missing @param tag in function 'sub' [Warning/use-natspec]
/sb/0x0003ed19f80564745e84b4cc411a7b6be4f0cf31.sol:103:5: Mismatch in @param names for function 'sub'. Expected: [a, b, errorMessage], Found: [] [Warning/use-natspec]
/sb/0x0003ed19f80564745e84b4cc411a7b6be4f0cf31.sol:103:5: Missing @return tag in function 'sub' [Warning/use-natspec]
/sb/0x0003ed19f80564745e84b4cc411a7b6be4f0cf31.sol:103:5: Mismatch in @return count for function 'sub'. Expected: 1, Found: 0 [Warning/use-natspec]
/sb/0x0003ed19f80564745e84b4cc411a7b6be4f0cf31.sol:113:9: GC: Use Custom Errors instead of require statements [Warning/gas-custom-errors]
/sb/0x0003ed19f80564745e84b4cc411a7b6be4f0cf31.sol:113:17: GC: Non strict inequality found. Try converting to a strict one [Warning/gas-strict-inequalities]
/sb/0x0003ed19f80564745e84b4cc411a7b6be4f0cf31.sol:123:5: Missing @notice tag in function 'mul' [Warning/use-natspec]
/sb/0x0003ed19f80564745e84b4cc411a7b6be4f0cf31.sol:123:5: Missing @param tag in function 'mul' [Warning/use-natspec]
/sb/0x0003ed19f80564745e84b4cc411a7b6be4f0cf31.sol:123:5: Mismatch in @param names for function 'mul'. Expected: [a, b], Found: [] [Warning/use-natspec]
/sb/0x0003ed19f80564745e84b4cc411a7b6be4f0cf31.sol:123:5: Missing @return tag in function 'mul' [Warning/use-natspec]
/sb/0x0003ed19f80564745e84b4cc411a7b6be4f0cf31.sol:123:5: Mismatch in @return count for function 'mul'. Expected: 1, Found: 0 [Warning/use-natspec]
/sb/0x0003ed19f80564745e84b4cc411a7b6be4f0cf31.sol:133:9: Error message for require is too long: 33 counted / 32 allowed [Warning/reason-string]
/sb/0x0003ed19f80564745e84b4cc411a7b6be4f0cf31.sol:133:9: GC: String exceeds 32 bytes [Warning/gas-small-strings]
/sb/0x0003ed19f80564745e84b4cc411a7b6be4f0cf31.sol:133:9: GC: Use Custom Errors instead of require statements [Warning/gas-custom-errors]
/sb/0x0003ed19f80564745e84b4cc411a7b6be4f0cf31.sol:141:5: Missing @notice tag in function 'div' [Warning/use-natspec]
/sb/0x0003ed19f80564745e84b4cc411a7b6be4f0cf31.sol:141:5: Missing @param tag in function 'div' [Warning/use-natspec]
/sb/0x0003ed19f80564745e84b4cc411a7b6be4f0cf31.sol:141:5: Mismatch in @param names for function 'div'. Expected: [a, b], Found: [] [Warning/use-natspec]
/sb/0x0003ed19f80564745e84b4cc411a7b6be4f0cf31.sol:141:5: Missing @return tag in function 'div' [Warning/use-natspec]
/sb/0x0003ed19f80564745e84b4cc411a7b6be4f0cf31.sol:141:5: Mismatch in @return count for function 'div'. Expected: 1, Found: 0 [Warning/use-natspec]
/sb/0x0003ed19f80564745e84b4cc411a7b6be4f0cf31.sol:149:5: Missing @notice tag in function 'div' [Warning/use-natspec]
/sb/0x0003ed19f80564745e84b4cc411a7b6be4f0cf31.sol:149:5: Missing @param tag in function 'div' [Warning/use-natspec]
/sb/0x0003ed19f80564745e84b4cc411a7b6be4f0cf31.sol:149:5: Mismatch in @param names for function 'div'. Expected: [a, b, errorMessage], Found: [] [Warning/use-natspec]
/sb/0x0003ed19f80564745e84b4cc411a7b6be4f0cf31.sol:149:5: Missing @return tag in function 'div' [Warning/use-natspec]
/sb/0x0003ed19f80564745e84b4cc411a7b6be4f0cf31.sol:149:5: Mismatch in @return count for function 'div'. Expected: 1, Found: 0 [Warning/use-natspec]
/sb/0x0003ed19f80564745e84b4cc411a7b6be4f0cf31.sol:159:9: GC: Use Custom Errors instead of require statements [Warning/gas-custom-errors]
/sb/0x0003ed19f80564745e84b4cc411a7b6be4f0cf31.sol:171:1: Missing @title tag in contract 'Ownable' [Warning/use-natspec]
/sb/0x0003ed19f80564745e84b4cc411a7b6be4f0cf31.sol:171:1: Missing @author tag in contract 'Ownable' [Warning/use-natspec]
/sb/0x0003ed19f80564745e84b4cc411a7b6be4f0cf31.sol:171:1: Missing @notice tag in contract 'Ownable' [Warning/use-natspec]
/sb/0x0003ed19f80564745e84b4cc411a7b6be4f0cf31.sol:177:5: Missing @notice tag in event 'OwnershipTransferred' [Warning/use-natspec]
/sb/0x0003ed19f80564745e84b4cc411a7b6be4f0cf31.sol:177:5: Missing @param tag in event 'OwnershipTransferred' [Warning/use-natspec]
/sb/0x0003ed19f80564745e84b4cc411a7b6be4f0cf31.sol:177:5: Mismatch in @param names for event 'OwnershipTransferred'. Expected: [previousOwner, newOwner], Found: [] [Warning/use-natspec]
/sb/0x0003ed19f80564745e84b4cc411a7b6be4f0cf31.sol:187:5: Missing @notice tag in function '<anonymous>' [Warning/use-natspec]
/sb/0x0003ed19f80564745e84b4cc411a7b6be4f0cf31.sol:187:5: Explicitly mark visibility in function (Set ignoreConstructors to true if using solidity >=0.7.0) [Warning/func-visibility]
/sb/0x0003ed19f80564745e84b4cc411a7b6be4f0cf31.sol:199:5: Missing @notice tag in function 'owner' [Warning/use-natspec]
/sb/0x0003ed19f80564745e84b4cc411a7b6be4f0cf31.sol:199:5: Missing @return tag in function 'owner' [Warning/use-natspec]
/sb/0x0003ed19f80564745e84b4cc411a7b6be4f0cf31.sol:199:5: Mismatch in @return count for function 'owner'. Expected: 1, Found: 0 [Warning/use-natspec]
/sb/0x0003ed19f80564745e84b4cc411a7b6be4f0cf31.sol:209:9: GC: Use Custom Errors instead of require statements [Warning/gas-custom-errors]
/sb/0x0003ed19f80564745e84b4cc411a7b6be4f0cf31.sol:217:5: Missing @notice tag in function 'renounceOwnership' [Warning/use-natspec]
/sb/0x0003ed19f80564745e84b4cc411a7b6be4f0cf31.sol:229:1: Missing @title tag in contract 'IUniswapV2Factory' [Warning/use-natspec]
/sb/0x0003ed19f80564745e84b4cc411a7b6be4f0cf31.sol:229:1: Missing @author tag in contract 'IUniswapV2Factory' [Warning/use-natspec]
/sb/0x0003ed19f80564745e84b4cc411a7b6be4f0cf31.sol:229:1: Missing @notice tag in contract 'IUniswapV2Factory' [Warning/use-natspec]
/sb/0x0003ed19f80564745e84b4cc411a7b6be4f0cf31.sol:231:5: Missing @notice tag in function 'createPair' [Warning/use-natspec]
/sb/0x0003ed19f80564745e84b4cc411a7b6be4f0cf31.sol:231:5: Missing @param tag in function 'createPair' [Warning/use-natspec]
/sb/0x0003ed19f80564745e84b4cc411a7b6be4f0cf31.sol:231:5: Mismatch in @param names for function 'createPair'. Expected: [tokenA, tokenB], Found: [] [Warning/use-natspec]
/sb/0x0003ed19f80564745e84b4cc411a7b6be4f0cf31.sol:231:5: Missing @return tag in function 'createPair' [Warning/use-natspec]
/sb/0x0003ed19f80564745e84b4cc411a7b6be4f0cf31.sol:231:5: Mismatch in @return names for function 'createPair'. Expected: [pair], Found: [] [Warning/use-natspec]
/sb/0x0003ed19f80564745e84b4cc411a7b6be4f0cf31.sol:241:1: Missing @title tag in contract 'IUniswapV2Router02' [Warning/use-natspec]
/sb/0x0003ed19f80564745e84b4cc411a7b6be4f0cf31.sol:241:1: Missing @author tag in contract 'IUniswapV2Router02' [Warning/use-natspec]
/sb/0x0003ed19f80564745e84b4cc411a7b6be4f0cf31.sol:241:1: Missing @notice tag in contract 'IUniswapV2Router02' [Warning/use-natspec]
/sb/0x0003ed19f80564745e84b4cc411a7b6be4f0cf31.sol:243:5: Missing @notice tag in function 'swapExactTokensForETHSupportingFeeOnTransferTokens' [Warning/use-natspec]
/sb/0x0003ed19f80564745e84b4cc411a7b6be4f0cf31.sol:243:5: Missing @param tag in function 'swapExactTokensForETHSupportingFeeOnTransferTokens' [Warning/use-natspec]
/sb/0x0003ed19f80564745e84b4cc411a7b6be4f0cf31.sol:243:5: Mismatch in @param names for function 'swapExactTokensForETHSupportingFeeOnTransferTokens'. Expected: [amountIn, amountOutMin, path, to, deadline], Found: [] [Warning/use-natspec]
/sb/0x0003ed19f80564745e84b4cc411a7b6be4f0cf31.sol:259:5: Missing @notice tag in function 'factory' [Warning/use-natspec]
/sb/0x0003ed19f80564745e84b4cc411a7b6be4f0cf31.sol:259:5: Missing @return tag in function 'factory' [Warning/use-natspec]
/sb/0x0003ed19f80564745e84b4cc411a7b6be4f0cf31.sol:259:5: Mismatch in @return count for function 'factory'. Expected: 1, Found: 0 [Warning/use-natspec]
/sb/0x0003ed19f80564745e84b4cc411a7b6be4f0cf31.sol:263:5: Missing @notice tag in function 'WETH' [Warning/use-natspec]
/sb/0x0003ed19f80564745e84b4cc411a7b6be4f0cf31.sol:263:5: Missing @return tag in function 'WETH' [Warning/use-natspec]
/sb/0x0003ed19f80564745e84b4cc411a7b6be4f0cf31.sol:263:5: Mismatch in @return count for function 'WETH'. Expected: 1, Found: 0 [Warning/use-natspec]
/sb/0x0003ed19f80564745e84b4cc411a7b6be4f0cf31.sol:263:5: Function name must be in mixedCase [Warning/func-name-mixedcase]
/sb/0x0003ed19f80564745e84b4cc411a7b6be4f0cf31.sol:267:5: Missing @notice tag in function 'addLiquidityETH' [Warning/use-natspec]
/sb/0x0003ed19f80564745e84b4cc411a7b6be4f0cf31.sol:267:5: Missing @param tag in function 'addLiquidityETH' [Warning/use-natspec]
/sb/0x0003ed19f80564745e84b4cc411a7b6be4f0cf31.sol:267:5: Mismatch in @param names for function 'addLiquidityETH'. Expected: [token, amountTokenDesired, amountTokenMin, amountETHMin, to, deadline], Found: [] [Warning/use-natspec]
/sb/0x0003ed19f80564745e84b4cc411a7b6be4f0cf31.sol:267:5: Missing @return tag in function 'addLiquidityETH' [Warning/use-natspec]
/sb/0x0003ed19f80564745e84b4cc411a7b6be4f0cf31.sol:267:5: Mismatch in @return names for function 'addLiquidityETH'. Expected: [amountToken, amountETH, liquidity], Found: [] [Warning/use-natspec]
/sb/0x0003ed19f80564745e84b4cc411a7b6be4f0cf31.sol:301:1: Contract has 27 states declarations but allowed no more than 15 [Warning/max-states-count]
/sb/0x0003ed19f80564745e84b4cc411a7b6be4f0cf31.sol:301:1: Missing @title tag in contract 'NeverJeet' [Warning/use-natspec]
/sb/0x0003ed19f80564745e84b4cc411a7b6be4f0cf31.sol:301:1: Missing @author tag in contract 'NeverJeet' [Warning/use-natspec]
/sb/0x0003ed19f80564745e84b4cc411a7b6be4f0cf31.sol:301:1: Missing @notice tag in contract 'NeverJeet' [Warning/use-natspec]
/sb/0x0003ed19f80564745e84b4cc411a7b6be4f0cf31.sol:307:5: Constant name must be in capitalized SNAKE_CASE [Warning/const-name-snakecase]
/sb/0x0003ed19f80564745e84b4cc411a7b6be4f0cf31.sol:309:5: Constant name must be in capitalized SNAKE_CASE [Warning/const-name-snakecase]
/sb/0x0003ed19f80564745e84b4cc411a7b6be4f0cf31.sol:311:5: Constant name must be in capitalized SNAKE_CASE [Warning/const-name-snakecase]
/sb/0x0003ed19f80564745e84b4cc411a7b6be4f0cf31.sol:327:5: Constant name must be in capitalized SNAKE_CASE [Warning/const-name-snakecase]
/sb/0x0003ed19f80564745e84b4cc411a7b6be4f0cf31.sol:359:5: Variable name must be in mixedCase _MarketTax [Warning/var-name-mixedcase]
/sb/0x0003ed19f80564745e84b4cc411a7b6be4f0cf31.sol:361:5: Variable name must be in mixedCase _Dev [Warning/var-name-mixedcase]
/sb/0x0003ed19f80564745e84b4cc411a7b6be4f0cf31.sol:363:5: Variable name must be in mixedCase _DevTax [Warning/var-name-mixedcase]
/sb/0x0003ed19f80564745e84b4cc411a7b6be4f0cf31.sol:377:5: Missing @notice tag in variable 'launchBlock' [Warning/use-natspec]
/sb/0x0003ed19f80564745e84b4cc411a7b6be4f0cf31.sol:381:5: Missing @notice tag in event 'MaxTxAmountUpdated' [Warning/use-natspec]
/sb/0x0003ed19f80564745e84b4cc411a7b6be4f0cf31.sol:381:5: Missing @param tag in event 'MaxTxAmountUpdated' [Warning/use-natspec]
/sb/0x0003ed19f80564745e84b4cc411a7b6be4f0cf31.sol:381:5: Mismatch in @param names for event 'MaxTxAmountUpdated'. Expected: [_maxTxAmount], Found: [] [Warning/use-natspec]
/sb/0x0003ed19f80564745e84b4cc411a7b6be4f0cf31.sol:381:5: GC: [_maxTxAmount] on Event [MaxTxAmountUpdated] could be Indexed [Warning/gas-indexed-events]
/sb/0x0003ed19f80564745e84b4cc411a7b6be4f0cf31.sol:395:5: Missing @notice tag in function '<anonymous>' [Warning/use-natspec]
/sb/0x0003ed19f80564745e84b4cc411a7b6be4f0cf31.sol:395:5: Missing @param tag in function '<anonymous>' [Warning/use-natspec]
/sb/0x0003ed19f80564745e84b4cc411a7b6be4f0cf31.sol:395:5: Mismatch in @param names for function '<anonymous>'. Expected: [markettax, devtax, dev], Found: [] [Warning/use-natspec]
/sb/0x0003ed19f80564745e84b4cc411a7b6be4f0cf31.sol:395:5: Explicitly mark visibility in function (Set ignoreConstructors to true if using solidity >=0.7.0) [Warning/func-visibility]
/sb/0x0003ed19f80564745e84b4cc411a7b6be4f0cf31.sol:421:5: Missing @notice tag in function 'name' [Warning/use-natspec]
/sb/0x0003ed19f80564745e84b4cc411a7b6be4f0cf31.sol:421:5: Missing @return tag in function 'name' [Warning/use-natspec]
/sb/0x0003ed19f80564745e84b4cc411a7b6be4f0cf31.sol:421:5: Mismatch in @return count for function 'name'. Expected: 1, Found: 0 [Warning/use-natspec]
/sb/0x0003ed19f80564745e84b4cc411a7b6be4f0cf31.sol:429:5: Missing @notice tag in function 'symbol' [Warning/use-natspec]
/sb/0x0003ed19f80564745e84b4cc411a7b6be4f0cf31.sol:429:5: Missing @return tag in function 'symbol' [Warning/use-natspec]
/sb/0x0003ed19f80564745e84b4cc411a7b6be4f0cf31.sol:429:5: Mismatch in @return count for function 'symbol'. Expected: 1, Found: 0 [Warning/use-natspec]
/sb/0x0003ed19f80564745e84b4cc411a7b6be4f0cf31.sol:437:5: Missing @notice tag in function 'decimals' [Warning/use-natspec]
/sb/0x0003ed19f80564745e84b4cc411a7b6be4f0cf31.sol:437:5: Missing @return tag in function 'decimals' [Warning/use-natspec]
/sb/0x0003ed19f80564745e84b4cc411a7b6be4f0cf31.sol:437:5: Mismatch in @return count for function 'decimals'. Expected: 1, Found: 0 [Warning/use-natspec]
/sb/0x0003ed19f80564745e84b4cc411a7b6be4f0cf31.sol:445:5: Missing @notice tag in function 'totalSupply' [Warning/use-natspec]
/sb/0x0003ed19f80564745e84b4cc411a7b6be4f0cf31.sol:445:5: Missing @return tag in function 'totalSupply' [Warning/use-natspec]
/sb/0x0003ed19f80564745e84b4cc411a7b6be4f0cf31.sol:445:5: Mismatch in @return count for function 'totalSupply'. Expected: 1, Found: 0 [Warning/use-natspec]
/sb/0x0003ed19f80564745e84b4cc411a7b6be4f0cf31.sol:453:5: Missing @notice tag in function 'balanceOf' [Warning/use-natspec]
/sb/0x0003ed19f80564745e84b4cc411a7b6be4f0cf31.sol:453:5: Missing @param tag in function 'balanceOf' [Warning/use-natspec]
/sb/0x0003ed19f80564745e84b4cc411a7b6be4f0cf31.sol:453:5: Mismatch in @param names for function 'balanceOf'. Expected: [account], Found: [] [Warning/use-natspec]
/sb/0x0003ed19f80564745e84b4cc411a7b6be4f0cf31.sol:453:5: Missing @return tag in function 'balanceOf' [Warning/use-natspec]
/sb/0x0003ed19f80564745e84b4cc411a7b6be4f0cf31.sol:453:5: Mismatch in @return count for function 'balanceOf'. Expected: 1, Found: 0 [Warning/use-natspec]
/sb/0x0003ed19f80564745e84b4cc411a7b6be4f0cf31.sol:461:5: Missing @notice tag in function 'transfer' [Warning/use-natspec]
/sb/0x0003ed19f80564745e84b4cc411a7b6be4f0cf31.sol:461:5: Missing @param tag in function 'transfer' [Warning/use-natspec]
/sb/0x0003ed19f80564745e84b4cc411a7b6be4f0cf31.sol:461:5: Mismatch in @param names for function 'transfer'. Expected: [recipient, amount], Found: [] [Warning/use-natspec]
/sb/0x0003ed19f80564745e84b4cc411a7b6be4f0cf31.sol:461:5: Missing @return tag in function 'transfer' [Warning/use-natspec]
/sb/0x0003ed19f80564745e84b4cc411a7b6be4f0cf31.sol:461:5: Mismatch in @return count for function 'transfer'. Expected: 1, Found: 0 [Warning/use-natspec]
/sb/0x0003ed19f80564745e84b4cc411a7b6be4f0cf31.sol:479:5: Missing @notice tag in function 'allowance' [Warning/use-natspec]
/sb/0x0003ed19f80564745e84b4cc411a7b6be4f0cf31.sol:479:5: Missing @param tag in function 'allowance' [Warning/use-natspec]
/sb/0x0003ed19f80564745e84b4cc411a7b6be4f0cf31.sol:479:5: Mismatch in @param names for function 'allowance'. Expected: [owner, spender], Found: [] [Warning/use-natspec]
/sb/0x0003ed19f80564745e84b4cc411a7b6be4f0cf31.sol:479:5: Missing @return tag in function 'allowance' [Warning/use-natspec]
/sb/0x0003ed19f80564745e84b4cc411a7b6be4f0cf31.sol:479:5: Mismatch in @return count for function 'allowance'. Expected: 1, Found: 0 [Warning/use-natspec]
/sb/0x0003ed19f80564745e84b4cc411a7b6be4f0cf31.sol:497:5: Missing @notice tag in function 'approve' [Warning/use-natspec]
/sb/0x0003ed19f80564745e84b4cc411a7b6be4f0cf31.sol:497:5: Missing @param tag in function 'approve' [Warning/use-natspec]
/sb/0x0003ed19f80564745e84b4cc411a7b6be4f0cf31.sol:497:5: Mismatch in @param names for function 'approve'. Expected: [spender, amount], Found: [] [Warning/use-natspec]
/sb/0x0003ed19f80564745e84b4cc411a7b6be4f0cf31.sol:497:5: Missing @return tag in function 'approve' [Warning/use-natspec]
/sb/0x0003ed19f80564745e84b4cc411a7b6be4f0cf31.sol:497:5: Mismatch in @return count for function 'approve'. Expected: 1, Found: 0 [Warning/use-natspec]
/sb/0x0003ed19f80564745e84b4cc411a7b6be4f0cf31.sol:515:5: Missing @notice tag in function 'transferFrom' [Warning/use-natspec]
/sb/0x0003ed19f80564745e84b4cc411a7b6be4f0cf31.sol:515:5: Missing @param tag in function 'transferFrom' [Warning/use-natspec]
/sb/0x0003ed19f80564745e84b4cc411a7b6be4f0cf31.sol:515:5: Mismatch in @param names for function 'transferFrom'. Expected: [sender, recipient, amount], Found: [] [Warning/use-natspec]
/sb/0x0003ed19f80564745e84b4cc411a7b6be4f0cf31.sol:515:5: Missing @return tag in function 'transferFrom' [Warning/use-natspec]
/sb/0x0003ed19f80564745e84b4cc411a7b6be4f0cf31.sol:515:5: Mismatch in @return count for function 'transferFrom'. Expected: 1, Found: 0 [Warning/use-natspec]
/sb/0x0003ed19f80564745e84b4cc411a7b6be4f0cf31.sol:533:13: GC: String exceeds 32 bytes [Warning/gas-small-strings]
/sb/0x0003ed19f80564745e84b4cc411a7b6be4f0cf31.sol:549:5: Missing @notice tag in function 'tokenFromReflection' [Warning/use-natspec]
/sb/0x0003ed19f80564745e84b4cc411a7b6be4f0cf31.sol:549:5: Missing @param tag in function 'tokenFromReflection' [Warning/use-natspec]
/sb/0x0003ed19f80564745e84b4cc411a7b6be4f0cf31.sol:549:5: Mismatch in @param names for function 'tokenFromReflection'. Expected: [rAmount], Found: [] [Warning/use-natspec]
/sb/0x0003ed19f80564745e84b4cc411a7b6be4f0cf31.sol:549:5: Missing @return tag in function 'tokenFromReflection' [Warning/use-natspec]
/sb/0x0003ed19f80564745e84b4cc411a7b6be4f0cf31.sol:549:5: Mismatch in @return count for function 'tokenFromReflection'. Expected: 1, Found: 0 [Warning/use-natspec]
/sb/0x0003ed19f80564745e84b4cc411a7b6be4f0cf31.sol:559:9: Error message for require is too long: 42 counted / 32 allowed [Warning/reason-string]
/sb/0x0003ed19f80564745e84b4cc411a7b6be4f0cf31.sol:559:9: GC: String exceeds 32 bytes [Warning/gas-small-strings]
/sb/0x0003ed19f80564745e84b4cc411a7b6be4f0cf31.sol:559:9: GC: Use Custom Errors instead of require statements [Warning/gas-custom-errors]
/sb/0x0003ed19f80564745e84b4cc411a7b6be4f0cf31.sol:561:13: GC: Non strict inequality found. Try converting to a strict one [Warning/gas-strict-inequalities]
/sb/0x0003ed19f80564745e84b4cc411a7b6be4f0cf31.sol:575:5: Missing @notice tag in function 'removeAllFee' [Warning/use-natspec]
/sb/0x0003ed19f80564745e84b4cc411a7b6be4f0cf31.sol:595:5: Missing @notice tag in function 'restoreAllFee' [Warning/use-natspec]
/sb/0x0003ed19f80564745e84b4cc411a7b6be4f0cf31.sol:605:5: Missing @notice tag in function '_approve' [Warning/use-natspec]
/sb/0x0003ed19f80564745e84b4cc411a7b6be4f0cf31.sol:605:5: Missing @param tag in function '_approve' [Warning/use-natspec]
/sb/0x0003ed19f80564745e84b4cc411a7b6be4f0cf31.sol:605:5: Mismatch in @param names for function '_approve'. Expected: [owner, spender, amount], Found: [] [Warning/use-natspec]
/sb/0x0003ed19f80564745e84b4cc411a7b6be4f0cf31.sol:615:9: Error message for require is too long: 36 counted / 32 allowed [Warning/reason-string]
/sb/0x0003ed19f80564745e84b4cc411a7b6be4f0cf31.sol:615:9: GC: String exceeds 32 bytes [Warning/gas-small-strings]
/sb/0x0003ed19f80564745e84b4cc411a7b6be4f0cf31.sol:615:9: GC: Use Custom Errors instead of require statements [Warning/gas-custom-errors]
/sb/0x0003ed19f80564745e84b4cc411a7b6be4f0cf31.sol:617:9: Error message for require is too long: 34 counted / 32 allowed [Warning/reason-string]
/sb/0x0003ed19f80564745e84b4cc411a7b6be4f0cf31.sol:617:9: GC: String exceeds 32 bytes [Warning/gas-small-strings]
/sb/0x0003ed19f80564745e84b4cc411a7b6be4f0cf31.sol:617:9: GC: Use Custom Errors instead of require statements [Warning/gas-custom-errors]
/sb/0x0003ed19f80564745e84b4cc411a7b6be4f0cf31.sol:627:5: Function body contains 89 lines but allowed no more than 50 lines [Warning/function-max-lines]
/sb/0x0003ed19f80564745e84b4cc411a7b6be4f0cf31.sol:627:5: Missing @notice tag in function '_transfer' [Warning/use-natspec]
/sb/0x0003ed19f80564745e84b4cc411a7b6be4f0cf31.sol:627:5: Missing @param tag in function '_transfer' [Warning/use-natspec]
/sb/0x0003ed19f80564745e84b4cc411a7b6be4f0cf31.sol:627:5: Mismatch in @param names for function '_transfer'. Expected: [from, to, amount], Found: [] [Warning/use-natspec]
/sb/0x0003ed19f80564745e84b4cc411a7b6be4f0cf31.sol:637:9: Error message for require is too long: 37 counted / 32 allowed [Warning/reason-string]
/sb/0x0003ed19f80564745e84b4cc411a7b6be4f0cf31.sol:637:9: GC: String exceeds 32 bytes [Warning/gas-small-strings]
/sb/0x0003ed19f80564745e84b4cc411a7b6be4f0cf31.sol:637:9: GC: Use Custom Errors instead of require statements [Warning/gas-custom-errors]
/sb/0x0003ed19f80564745e84b4cc411a7b6be4f0cf31.sol:639:9: Error message for require is too long: 35 counted / 32 allowed [Warning/reason-string]
/sb/0x0003ed19f80564745e84b4cc411a7b6be4f0cf31.sol:639:9: GC: String exceeds 32 bytes [Warning/gas-small-strings]
/sb/0x0003ed19f80564745e84b4cc411a7b6be4f0cf31.sol:639:9: GC: Use Custom Errors instead of require statements [Warning/gas-custom-errors]
/sb/0x0003ed19f80564745e84b4cc411a7b6be4f0cf31.sol:641:9: Error message for require is too long: 41 counted / 32 allowed [Warning/reason-string]
/sb/0x0003ed19f80564745e84b4cc411a7b6be4f0cf31.sol:641:9: GC: String exceeds 32 bytes [Warning/gas-small-strings]
/sb/0x0003ed19f80564745e84b4cc411a7b6be4f0cf31.sol:641:9: GC: Use Custom Errors instead of require statements [Warning/gas-custom-errors]
/sb/0x0003ed19f80564745e84b4cc411a7b6be4f0cf31.sol:651:17: Provide an error message for require [Warning/reason-string]
/sb/0x0003ed19f80564745e84b4cc411a7b6be4f0cf31.sol:651:17: GC: Use Custom Errors instead of require statements [Warning/gas-custom-errors]
/sb/0x0003ed19f80564745e84b4cc411a7b6be4f0cf31.sol:651:25: GC: Non strict inequality found. Try converting to a strict one [Warning/gas-strict-inequalities]
/sb/0x0003ed19f80564745e84b4cc411a7b6be4f0cf31.sol:661:13: Provide an error message for require [Warning/reason-string]
/sb/0x0003ed19f80564745e84b4cc411a7b6be4f0cf31.sol:661:13: GC: Use Custom Errors instead of require statements [Warning/gas-custom-errors]
/sb/0x0003ed19f80564745e84b4cc411a7b6be4f0cf31.sol:669:16: GC: Non strict inequality found. Try converting to a strict one [Warning/gas-strict-inequalities]
/sb/0x0003ed19f80564745e84b4cc411a7b6be4f0cf31.sol:677:40: GC: Non strict inequality found. Try converting to a strict one [Warning/gas-strict-inequalities]
/sb/0x0003ed19f80564745e84b4cc411a7b6be4f0cf31.sol:721:5: Missing @notice tag in function 'isExcluded' [Warning/use-natspec]
/sb/0x0003ed19f80564745e84b4cc411a7b6be4f0cf31.sol:721:5: Missing @param tag in function 'isExcluded' [Warning/use-natspec]
/sb/0x0003ed19f80564745e84b4cc411a7b6be4f0cf31.sol:721:5: Mismatch in @param names for function 'isExcluded'. Expected: [account], Found: [] [Warning/use-natspec]
/sb/0x0003ed19f80564745e84b4cc411a7b6be4f0cf31.sol:721:5: Missing @return tag in function 'isExcluded' [Warning/use-natspec]
/sb/0x0003ed19f80564745e84b4cc411a7b6be4f0cf31.sol:721:5: Mismatch in @return count for function 'isExcluded'. Expected: 1, Found: 0 [Warning/use-natspec]
/sb/0x0003ed19f80564745e84b4cc411a7b6be4f0cf31.sol:729:5: Missing @notice tag in function 'isBlackListed' [Warning/use-natspec]
/sb/0x0003ed19f80564745e84b4cc411a7b6be4f0cf31.sol:729:5: Missing @param tag in function 'isBlackListed' [Warning/use-natspec]
/sb/0x0003ed19f80564745e84b4cc411a7b6be4f0cf31.sol:729:5: Mismatch in @param names for function 'isBlackListed'. Expected: [account], Found: [] [Warning/use-natspec]
/sb/0x0003ed19f80564745e84b4cc411a7b6be4f0cf31.sol:729:5: Missing @return tag in function 'isBlackListed' [Warning/use-natspec]
/sb/0x0003ed19f80564745e84b4cc411a7b6be4f0cf31.sol:729:5: Mismatch in @return count for function 'isBlackListed'. Expected: 1, Found: 0 [Warning/use-natspec]
/sb/0x0003ed19f80564745e84b4cc411a7b6be4f0cf31.sol:735:5: Missing @notice tag in function 'isWhiteListed' [Warning/use-natspec]
/sb/0x0003ed19f80564745e84b4cc411a7b6be4f0cf31.sol:735:5: Missing @param tag in function 'isWhiteListed' [Warning/use-natspec]
/sb/0x0003ed19f80564745e84b4cc411a7b6be4f0cf31.sol:735:5: Mismatch in @param names for function 'isWhiteListed'. Expected: [account], Found: [] [Warning/use-natspec]
/sb/0x0003ed19f80564745e84b4cc411a7b6be4f0cf31.sol:735:5: Missing @return tag in function 'isWhiteListed' [Warning/use-natspec]
/sb/0x0003ed19f80564745e84b4cc411a7b6be4f0cf31.sol:735:5: Mismatch in @return count for function 'isWhiteListed'. Expected: 1, Found: 0 [Warning/use-natspec]
/sb/0x0003ed19f80564745e84b4cc411a7b6be4f0cf31.sol:741:5: Missing @notice tag in function 'swapTokensForEth' [Warning/use-natspec]
/sb/0x0003ed19f80564745e84b4cc411a7b6be4f0cf31.sol:741:5: Missing @param tag in function 'swapTokensForEth' [Warning/use-natspec]
/sb/0x0003ed19f80564745e84b4cc411a7b6be4f0cf31.sol:741:5: Mismatch in @param names for function 'swapTokensForEth'. Expected: [tokenAmount], Found: [] [Warning/use-natspec]
/sb/0x0003ed19f80564745e84b4cc411a7b6be4f0cf31.sol:777:5: Missing @notice tag in function 'sendETHToFee' [Warning/use-natspec]
/sb/0x0003ed19f80564745e84b4cc411a7b6be4f0cf31.sol:777:5: Missing @param tag in function 'sendETHToFee' [Warning/use-natspec]
/sb/0x0003ed19f80564745e84b4cc411a7b6be4f0cf31.sol:777:5: Mismatch in @param names for function 'sendETHToFee'. Expected: [amount], Found: [] [Warning/use-natspec]
/sb/0x0003ed19f80564745e84b4cc411a7b6be4f0cf31.sol:787:5: Missing @notice tag in function 'openTrading' [Warning/use-natspec]
/sb/0x0003ed19f80564745e84b4cc411a7b6be4f0cf31.sol:789:9: GC: Use Custom Errors instead of require statements [Warning/gas-custom-errors]
/sb/0x0003ed19f80564745e84b4cc411a7b6be4f0cf31.sol:839:5: Missing @notice tag in function 'setSwapEnabled' [Warning/use-natspec]
/sb/0x0003ed19f80564745e84b4cc411a7b6be4f0cf31.sol:839:5: Missing @param tag in function 'setSwapEnabled' [Warning/use-natspec]
/sb/0x0003ed19f80564745e84b4cc411a7b6be4f0cf31.sol:839:5: Mismatch in @param names for function 'setSwapEnabled'. Expected: [enabled], Found: [] [Warning/use-natspec]
/sb/0x0003ed19f80564745e84b4cc411a7b6be4f0cf31.sol:841:9: Provide an error message for require [Warning/reason-string]
/sb/0x0003ed19f80564745e84b4cc411a7b6be4f0cf31.sol:841:9: GC: Use Custom Errors instead of require statements [Warning/gas-custom-errors]
/sb/0x0003ed19f80564745e84b4cc411a7b6be4f0cf31.sol:851:5: Missing @notice tag in function 'manualswap' [Warning/use-natspec]
/sb/0x0003ed19f80564745e84b4cc411a7b6be4f0cf31.sol:853:9: Provide an error message for require [Warning/reason-string]
/sb/0x0003ed19f80564745e84b4cc411a7b6be4f0cf31.sol:853:9: GC: Use Custom Errors instead of require statements [Warning/gas-custom-errors]
/sb/0x0003ed19f80564745e84b4cc411a7b6be4f0cf31.sol:861:5: Missing @notice tag in function 'manualswapcustom' [Warning/use-natspec]
/sb/0x0003ed19f80564745e84b4cc411a7b6be4f0cf31.sol:861:5: Missing @param tag in function 'manualswapcustom' [Warning/use-natspec]
/sb/0x0003ed19f80564745e84b4cc411a7b6be4f0cf31.sol:861:5: Mismatch in @param names for function 'manualswapcustom'. Expected: [percentage], Found: [] [Warning/use-natspec]
/sb/0x0003ed19f80564745e84b4cc411a7b6be4f0cf31.sol:863:9: Provide an error message for require [Warning/reason-string]
/sb/0x0003ed19f80564745e84b4cc411a7b6be4f0cf31.sol:863:9: GC: Use Custom Errors instead of require statements [Warning/gas-custom-errors]
/sb/0x0003ed19f80564745e84b4cc411a7b6be4f0cf31.sol:873:5: Missing @notice tag in function 'manualsend' [Warning/use-natspec]
/sb/0x0003ed19f80564745e84b4cc411a7b6be4f0cf31.sol:875:9: Provide an error message for require [Warning/reason-string]
/sb/0x0003ed19f80564745e84b4cc411a7b6be4f0cf31.sol:875:9: GC: Use Custom Errors instead of require statements [Warning/gas-custom-errors]
/sb/0x0003ed19f80564745e84b4cc411a7b6be4f0cf31.sol:885:5: Missing @notice tag in function 'setBots' [Warning/use-natspec]
/sb/0x0003ed19f80564745e84b4cc411a7b6be4f0cf31.sol:885:5: Missing @param tag in function 'setBots' [Warning/use-natspec]
/sb/0x0003ed19f80564745e84b4cc411a7b6be4f0cf31.sol:885:5: Mismatch in @param names for function 'setBots'. Expected: [bots_], Found: [] [Warning/use-natspec]
/sb/0x0003ed19f80564745e84b4cc411a7b6be4f0cf31.sol:887:47: GC: For [ i ] variable, increment/decrement by 1 using: [ ++variable ] to save gas [Warning/gas-increment-by-one]
/sb/0x0003ed19f80564745e84b4cc411a7b6be4f0cf31.sol:895:5: Missing @notice tag in function 'delBot' [Warning/use-natspec]
/sb/0x0003ed19f80564745e84b4cc411a7b6be4f0cf31.sol:895:5: Missing @param tag in function 'delBot' [Warning/use-natspec]
/sb/0x0003ed19f80564745e84b4cc411a7b6be4f0cf31.sol:895:5: Mismatch in @param names for function 'delBot'. Expected: [notbot], Found: [] [Warning/use-natspec]
/sb/0x0003ed19f80564745e84b4cc411a7b6be4f0cf31.sol:903:5: Missing @notice tag in function '_tokenTransfer' [Warning/use-natspec]
/sb/0x0003ed19f80564745e84b4cc411a7b6be4f0cf31.sol:903:5: Missing @param tag in function '_tokenTransfer' [Warning/use-natspec]
/sb/0x0003ed19f80564745e84b4cc411a7b6be4f0cf31.sol:903:5: Mismatch in @param names for function '_tokenTransfer'. Expected: [sender, recipient, amount, takeFee], Found: [] [Warning/use-natspec]
/sb/0x0003ed19f80564745e84b4cc411a7b6be4f0cf31.sol:925:5: Missing @notice tag in function '_transferStandard' [Warning/use-natspec]
/sb/0x0003ed19f80564745e84b4cc411a7b6be4f0cf31.sol:925:5: Missing @param tag in function '_transferStandard' [Warning/use-natspec]
/sb/0x0003ed19f80564745e84b4cc411a7b6be4f0cf31.sol:925:5: Mismatch in @param names for function '_transferStandard'. Expected: [sender, recipient, tAmount], Found: [] [Warning/use-natspec]
/sb/0x0003ed19f80564745e84b4cc411a7b6be4f0cf31.sol:965:5: Missing @notice tag in function '_takeTeam' [Warning/use-natspec]
/sb/0x0003ed19f80564745e84b4cc411a7b6be4f0cf31.sol:965:5: Missing @param tag in function '_takeTeam' [Warning/use-natspec]
/sb/0x0003ed19f80564745e84b4cc411a7b6be4f0cf31.sol:965:5: Mismatch in @param names for function '_takeTeam'. Expected: [tTeam], Found: [] [Warning/use-natspec]
/sb/0x0003ed19f80564745e84b4cc411a7b6be4f0cf31.sol:977:5: Missing @notice tag in function '_reflectFee' [Warning/use-natspec]
/sb/0x0003ed19f80564745e84b4cc411a7b6be4f0cf31.sol:977:5: Missing @param tag in function '_reflectFee' [Warning/use-natspec]
/sb/0x0003ed19f80564745e84b4cc411a7b6be4f0cf31.sol:977:5: Mismatch in @param names for function '_reflectFee'. Expected: [rFee, tFee], Found: [] [Warning/use-natspec]
/sb/0x0003ed19f80564745e84b4cc411a7b6be4f0cf31.sol:987:5: Missing @notice tag in function '<anonymous>' [Warning/use-natspec]
/sb/0x0003ed19f80564745e84b4cc411a7b6be4f0cf31.sol:991:5: Missing @notice tag in function '_getValues' [Warning/use-natspec]
/sb/0x0003ed19f80564745e84b4cc411a7b6be4f0cf31.sol:991:5: Missing @param tag in function '_getValues' [Warning/use-natspec]
/sb/0x0003ed19f80564745e84b4cc411a7b6be4f0cf31.sol:991:5: Mismatch in @param names for function '_getValues'. Expected: [tAmount], Found: [] [Warning/use-natspec]
/sb/0x0003ed19f80564745e84b4cc411a7b6be4f0cf31.sol:991:5: Missing @return tag in function '_getValues' [Warning/use-natspec]
/sb/0x0003ed19f80564745e84b4cc411a7b6be4f0cf31.sol:991:5: Mismatch in @return count for function '_getValues'. Expected: 6, Found: 0 [Warning/use-natspec]
/sb/0x0003ed19f80564745e84b4cc411a7b6be4f0cf31.sol:1031:5: Missing @notice tag in function '_getTValues' [Warning/use-natspec]
/sb/0x0003ed19f80564745e84b4cc411a7b6be4f0cf31.sol:1031:5: Missing @param tag in function '_getTValues' [Warning/use-natspec]
/sb/0x0003ed19f80564745e84b4cc411a7b6be4f0cf31.sol:1031:5: Mismatch in @param names for function '_getTValues'. Expected: [tAmount, taxFee, TeamFee], Found: [] [Warning/use-natspec]
/sb/0x0003ed19f80564745e84b4cc411a7b6be4f0cf31.sol:1031:5: Missing @return tag in function '_getTValues' [Warning/use-natspec]
/sb/0x0003ed19f80564745e84b4cc411a7b6be4f0cf31.sol:1031:5: Mismatch in @return count for function '_getTValues'. Expected: 3, Found: 0 [Warning/use-natspec]
/sb/0x0003ed19f80564745e84b4cc411a7b6be4f0cf31.sol:1037:9: Variable name must be in mixedCase TeamFee [Warning/var-name-mixedcase]
/sb/0x0003ed19f80564745e84b4cc411a7b6be4f0cf31.sol:1069:5: Missing @notice tag in function '_getRValues' [Warning/use-natspec]
/sb/0x0003ed19f80564745e84b4cc411a7b6be4f0cf31.sol:1069:5: Missing @param tag in function '_getRValues' [Warning/use-natspec]
/sb/0x0003ed19f80564745e84b4cc411a7b6be4f0cf31.sol:1069:5: Mismatch in @param names for function '_getRValues'. Expected: [tAmount, tFee, tTeam, currentRate], Found: [] [Warning/use-natspec]
/sb/0x0003ed19f80564745e84b4cc411a7b6be4f0cf31.sol:1069:5: Missing @return tag in function '_getRValues' [Warning/use-natspec]
/sb/0x0003ed19f80564745e84b4cc411a7b6be4f0cf31.sol:1069:5: Mismatch in @return count for function '_getRValues'. Expected: 3, Found: 0 [Warning/use-natspec]
/sb/0x0003ed19f80564745e84b4cc411a7b6be4f0cf31.sol:1111:5: Missing @notice tag in function '_getRate' [Warning/use-natspec]
/sb/0x0003ed19f80564745e84b4cc411a7b6be4f0cf31.sol:1111:5: Missing @return tag in function '_getRate' [Warning/use-natspec]
/sb/0x0003ed19f80564745e84b4cc411a7b6be4f0cf31.sol:1111:5: Mismatch in @return count for function '_getRate'. Expected: 1, Found: 0 [Warning/use-natspec]
/sb/0x0003ed19f80564745e84b4cc411a7b6be4f0cf31.sol:1121:5: Missing @notice tag in function '_getCurrentSupply' [Warning/use-natspec]
/sb/0x0003ed19f80564745e84b4cc411a7b6be4f0cf31.sol:1121:5: Missing @return tag in function '_getCurrentSupply' [Warning/use-natspec]
/sb/0x0003ed19f80564745e84b4cc411a7b6be4f0cf31.sol:1121:5: Mismatch in @return count for function '_getCurrentSupply'. Expected: 2, Found: 0 [Warning/use-natspec]
/sb/0x0003ed19f80564745e84b4cc411a7b6be4f0cf31.sol:1135:5: Missing @notice tag in function 'setMaxTxPercent' [Warning/use-natspec]
/sb/0x0003ed19f80564745e84b4cc411a7b6be4f0cf31.sol:1135:5: Missing @param tag in function 'setMaxTxPercent' [Warning/use-natspec]
/sb/0x0003ed19f80564745e84b4cc411a7b6be4f0cf31.sol:1135:5: Mismatch in @param names for function 'setMaxTxPercent'. Expected: [maxTxPercent], Found: [] [Warning/use-natspec]
/sb/0x0003ed19f80564745e84b4cc411a7b6be4f0cf31.sol:1137:9: GC: Use Custom Errors instead of require statements [Warning/gas-custom-errors]
/sb/0x0003ed19f80564745e84b4cc411a7b6be4f0cf31.sol:1145:5: Missing @notice tag in function 'setRouterPercent' [Warning/use-natspec]
/sb/0x0003ed19f80564745e84b4cc411a7b6be4f0cf31.sol:1145:5: Missing @param tag in function 'setRouterPercent' [Warning/use-natspec]
/sb/0x0003ed19f80564745e84b4cc411a7b6be4f0cf31.sol:1145:5: Mismatch in @param names for function 'setRouterPercent'. Expected: [maxRouterPercent], Found: [] [Warning/use-natspec]
/sb/0x0003ed19f80564745e84b4cc411a7b6be4f0cf31.sol:1147:9: Provide an error message for require [Warning/reason-string]
/sb/0x0003ed19f80564745e84b4cc411a7b6be4f0cf31.sol:1147:9: GC: Use Custom Errors instead of require statements [Warning/gas-custom-errors]
/sb/0x0003ed19f80564745e84b4cc411a7b6be4f0cf31.sol:1149:9: GC: Use Custom Errors instead of require statements [Warning/gas-custom-errors]
/sb/0x0003ed19f80564745e84b4cc411a7b6be4f0cf31.sol:1157:5: Missing @notice tag in function '_setSellTax' [Warning/use-natspec]
/sb/0x0003ed19f80564745e84b4cc411a7b6be4f0cf31.sol:1157:5: Missing @param tag in function '_setSellTax' [Warning/use-natspec]
/sb/0x0003ed19f80564745e84b4cc411a7b6be4f0cf31.sol:1157:5: Mismatch in @param names for function '_setSellTax'. Expected: [selltax], Found: [] [Warning/use-natspec]
/sb/0x0003ed19f80564745e84b4cc411a7b6be4f0cf31.sol:1159:9: GC: Use Custom Errors instead of require statements [Warning/gas-custom-errors]
/sb/0x0003ed19f80564745e84b4cc411a7b6be4f0cf31.sol:1159:17: GC: Non strict inequality found. Try converting to a strict one [Warning/gas-strict-inequalities]
/sb/0x0003ed19f80564745e84b4cc411a7b6be4f0cf31.sol:1159:33: GC: Non strict inequality found. Try converting to a strict one [Warning/gas-strict-inequalities]
/sb/0x0003ed19f80564745e84b4cc411a7b6be4f0cf31.sol:1159:48: Use double quotes for string literals [Error/quotes]
/sb/0x0003ed19f80564745e84b4cc411a7b6be4f0cf31.sol:1167:5: Missing @notice tag in function '_setBuyTax' [Warning/use-natspec]
/sb/0x0003ed19f80564745e84b4cc411a7b6be4f0cf31.sol:1167:5: Missing @param tag in function '_setBuyTax' [Warning/use-natspec]
/sb/0x0003ed19f80564745e84b4cc411a7b6be4f0cf31.sol:1167:5: Mismatch in @param names for function '_setBuyTax'. Expected: [buytax], Found: [] [Warning/use-natspec]
/sb/0x0003ed19f80564745e84b4cc411a7b6be4f0cf31.sol:1169:9: GC: Use Custom Errors instead of require statements [Warning/gas-custom-errors]
/sb/0x0003ed19f80564745e84b4cc411a7b6be4f0cf31.sol:1169:17: GC: Non strict inequality found. Try converting to a strict one [Warning/gas-strict-inequalities]
/sb/0x0003ed19f80564745e84b4cc411a7b6be4f0cf31.sol:1169:32: GC: Non strict inequality found. Try converting to a strict one [Warning/gas-strict-inequalities]
/sb/0x0003ed19f80564745e84b4cc411a7b6be4f0cf31.sol:1169:46: Use double quotes for string literals [Error/quotes]
/sb/0x0003ed19f80564745e84b4cc411a7b6be4f0cf31.sol:1177:5: Missing @notice tag in function 'excludeFromFee' [Warning/use-natspec]
/sb/0x0003ed19f80564745e84b4cc411a7b6be4f0cf31.sol:1177:5: Missing @param tag in function 'excludeFromFee' [Warning/use-natspec]
/sb/0x0003ed19f80564745e84b4cc411a7b6be4f0cf31.sol:1177:5: Mismatch in @param names for function 'excludeFromFee'. Expected: [account], Found: [] [Warning/use-natspec]
/sb/0x0003ed19f80564745e84b4cc411a7b6be4f0cf31.sol:1183:5: Missing @notice tag in function 'setMarket' [Warning/use-natspec]
/sb/0x0003ed19f80564745e84b4cc411a7b6be4f0cf31.sol:1183:5: Missing @param tag in function 'setMarket' [Warning/use-natspec]
/sb/0x0003ed19f80564745e84b4cc411a7b6be4f0cf31.sol:1183:5: Mismatch in @param names for function 'setMarket'. Expected: [account], Found: [] [Warning/use-natspec]
/sb/0x0003ed19f80564745e84b4cc411a7b6be4f0cf31.sol:1185:9: Provide an error message for require [Warning/reason-string]
/sb/0x0003ed19f80564745e84b4cc411a7b6be4f0cf31.sol:1185:9: GC: Use Custom Errors instead of require statements [Warning/gas-custom-errors]
/sb/0x0003ed19f80564745e84b4cc411a7b6be4f0cf31.sol:1193:5: Missing @notice tag in function 'setDev' [Warning/use-natspec]
/sb/0x0003ed19f80564745e84b4cc411a7b6be4f0cf31.sol:1193:5: Missing @param tag in function 'setDev' [Warning/use-natspec]
/sb/0x0003ed19f80564745e84b4cc411a7b6be4f0cf31.sol:1193:5: Mismatch in @param names for function 'setDev'. Expected: [account], Found: [] [Warning/use-natspec]
/sb/0x0003ed19f80564745e84b4cc411a7b6be4f0cf31.sol:1195:9: Provide an error message for require [Warning/reason-string]
/sb/0x0003ed19f80564745e84b4cc411a7b6be4f0cf31.sol:1195:9: GC: Use Custom Errors instead of require statements [Warning/gas-custom-errors]
/sb/0x0003ed19f80564745e84b4cc411a7b6be4f0cf31.sol:1201:5: Missing @notice tag in function 'setDevpay' [Warning/use-natspec]
/sb/0x0003ed19f80564745e84b4cc411a7b6be4f0cf31.sol:1201:5: Missing @param tag in function 'setDevpay' [Warning/use-natspec]
/sb/0x0003ed19f80564745e84b4cc411a7b6be4f0cf31.sol:1201:5: Mismatch in @param names for function 'setDevpay'. Expected: [account], Found: [] [Warning/use-natspec]
/sb/0x0003ed19f80564745e84b4cc411a7b6be4f0cf31.sol:1203:9: Provide an error message for require [Warning/reason-string]
/sb/0x0003ed19f80564745e84b4cc411a7b6be4f0cf31.sol:1203:9: GC: Use Custom Errors instead of require statements [Warning/gas-custom-errors]
/sb/0x0003ed19f80564745e84b4cc411a7b6be4f0cf31.sol:1209:5: Missing @notice tag in function '_ZeroSellTax' [Warning/use-natspec]
/sb/0x0003ed19f80564745e84b4cc411a7b6be4f0cf31.sol:1209:5: Function name must be in mixedCase [Warning/func-name-mixedcase]
/sb/0x0003ed19f80564745e84b4cc411a7b6be4f0cf31.sol:1211:9: Provide an error message for require [Warning/reason-string]
/sb/0x0003ed19f80564745e84b4cc411a7b6be4f0cf31.sol:1211:9: GC: Use Custom Errors instead of require statements [Warning/gas-custom-errors]
/sb/0x0003ed19f80564745e84b4cc411a7b6be4f0cf31.sol:1217:5: Missing @notice tag in function '_ZeroBuyTax' [Warning/use-natspec]
/sb/0x0003ed19f80564745e84b4cc411a7b6be4f0cf31.sol:1217:5: Function name must be in mixedCase [Warning/func-name-mixedcase]
/sb/0x0003ed19f80564745e84b4cc411a7b6be4f0cf31.sol:1219:9: Provide an error message for require [Warning/reason-string]
/sb/0x0003ed19f80564745e84b4cc411a7b6be4f0cf31.sol:1219:9: GC: Use Custom Errors instead of require statements [Warning/gas-custom-errors]

356 problem/s (3 error/s, 353 warning/s)
