'solc --version' running
'solc /sb/0x9b8c435196c8398ff021f375535cf04e3459b15c.sol --combined-json abi,ast,bin,bin-runtime,srcmap,srcmap-runtime,userdoc,devdoc,hashes,compact-format --allow-paths .,/sb' running
Compilation warnings/errors on /sb/0x9b8c435196c8398ff021f375535cf04e3459b15c.sol:
/sb/0x9b8c435196c8398ff021f375535cf04e3459b15c.sol:56:5: Warning: Defining constructors as functions with the same name as the contract is deprecated. Use "constructor(...) { ... }" instead.
    function MatchPay() {
    ^ (Relevant source part starts here and spans across multiple lines).
/sb/0x9b8c435196c8398ff021f375535cf04e3459b15c.sol:77:21: Warning: Using contract member "balance" inherited from the address type is deprecated. Convert the contract to "address" type to access the member, for example use "address(contract).balance" instead.
        dividends = this.balance;
                    ^----------^
/sb/0x9b8c435196c8398ff021f375535cf04e3459b15c.sol:9:3: Warning: No visibility specified. Defaulting to "public". 
  function getSupply() constant returns (uint256);
  ^----------------------------------------------^
/sb/0x9b8c435196c8398ff021f375535cf04e3459b15c.sol:12:3: Warning: No visibility specified. Defaulting to "public". 
  function balanceOf(address _owner) constant returns (uint256);
  ^------------------------------------------------------------^
/sb/0x9b8c435196c8398ff021f375535cf04e3459b15c.sol:56:5: Warning: No visibility specified. Defaulting to "public". 
    function MatchPay() {
    ^ (Relevant source part starts here and spans across multiple lines).
/sb/0x9b8c435196c8398ff021f375535cf04e3459b15c.sol:65:5: Warning: No visibility specified. Defaulting to "public". 
    function setTokenAddress(address _MPYAddress) only_owner_once(msg.sender) returns (bool) {
    ^ (Relevant source part starts here and spans across multiple lines).
/sb/0x9b8c435196c8398ff021f375535cf04e3459b15c.sol:73:5: Warning: No visibility specified. Defaulting to "public". 
    function redeem(uint _amount) is_window_open() returns (bool) {
    ^ (Relevant source part starts here and spans across multiple lines).
/sb/0x9b8c435196c8398ff021f375535cf04e3459b15c.sol:107:5: Warning: No visibility specified. Defaulting to "public". 
    function switch_period() is_window_close() returns (bool) {
    ^ (Relevant source part starts here and spans across multiple lines).
/sb/0x9b8c435196c8398ff021f375535cf04e3459b15c.sol:121:5: Warning: No visibility specified. Defaulting to "public". 
    function() payable {}
    ^-------------------^


MatchPay.redeem(uint256) (../sb/0x9b8c435196c8398ff021f375535cf04e3459b15c.sol#73-103) uses a dangerous strict equality:
	- tokenBalance == 0 (../sb/0x9b8c435196c8398ff021f375535cf04e3459b15c.sol#82)
Reference: https://github.com/crytic/slither/wiki/Detector-Documentation#dangerous-strict-equalities

Reentrancy in MatchPay.redeem(uint256) (../sb/0x9b8c435196c8398ff021f375535cf04e3459b15c.sol#73-103):
	External calls:
	- tokenBalance = token.balanceOf(msg.sender) (../sb/0x9b8c435196c8398ff021f375535cf04e3459b15c.sol#81)
	- tokenSupply = token.getSupply() (../sb/0x9b8c435196c8398ff021f375535cf04e3459b15c.sol#83)
	State variables written after the call(s):
	- dividends_redeemed[msg.sender]._total_owed = 0 (../sb/0x9b8c435196c8398ff021f375535cf04e3459b15c.sol#87)
	- dividends_redeemed[msg.sender]._period = current_period (../sb/0x9b8c435196c8398ff021f375535cf04e3459b15c.sol#88)
	- dividends_redeemed[msg.sender]._total_owed += _amount (../sb/0x9b8c435196c8398ff021f375535cf04e3459b15c.sol#92)
Reentrancy in MatchPay.redeem(uint256) (../sb/0x9b8c435196c8398ff021f375535cf04e3459b15c.sol#73-103):
	External calls:
	- tokenBalance = token.balanceOf(msg.sender) (../sb/0x9b8c435196c8398ff021f375535cf04e3459b15c.sol#81)
	- tokenSupply = token.getSupply() (../sb/0x9b8c435196c8398ff021f375535cf04e3459b15c.sol#83)
	External calls sending eth:
	- ! msg.sender.send(_amount) (../sb/0x9b8c435196c8398ff021f375535cf04e3459b15c.sol#96)
	State variables written after the call(s):
	- dividends_redeemed[msg.sender]._total_owed -= _amount (../sb/0x9b8c435196c8398ff021f375535cf04e3459b15c.sol#97)
Reference: https://github.com/crytic/slither/wiki/Detector-Documentation#reentrancy-vulnerabilities-2

Version constraint ^0.4.11 contains known severe issues (https://solidity.readthedocs.io/en/latest/bugs.html)
	- DirtyBytesArrayToStorage
	- KeccakCaching
	- EmptyByteArrayCopy
	- DynamicArrayCleanup
	- ImplicitConstructorCallvalueCheck
	- TupleAssignmentMultiStackSlotComponents
	- MemoryArrayCreationOverflow
	- privateCanBeOverridden
	- SignedArrayStorageCopy
	- UninitializedFunctionPointerInConstructor_0.4.x
	- IncorrectEventSignatureInLibraries_0.4.x
	- ExpExponentCleanup
	- NestedArrayFunctionCallDecoder
	- ZeroFunctionSelector
	- DelegateCallReturnValue
	- ECRecoverMalformedInput
	- SkipEmptyStringLiteral.
It is used by:
	- ^0.4.11 (../sb/0x9b8c435196c8398ff021f375535cf04e3459b15c.sol#1)
solc-0.4.26 is an outdated solc version. Use a more recent version (at least 0.8.0), if possible.
Reference: https://github.com/crytic/slither/wiki/Detector-Documentation#incorrect-versions-of-solidity

Struct MatchPay.dividend_right (../sb/0x9b8c435196c8398ff021f375535cf04e3459b15c.sol#23-26) is not in CapWords
Parameter MatchPay.setTokenAddress(address)._MPYAddress (../sb/0x9b8c435196c8398ff021f375535cf04e3459b15c.sol#65) is not in mixedCase
Parameter MatchPay.redeem(uint256)._amount (../sb/0x9b8c435196c8398ff021f375535cf04e3459b15c.sol#73) is not in mixedCase
Function MatchPay.switch_period() (../sb/0x9b8c435196c8398ff021f375535cf04e3459b15c.sol#107-117) is not in mixedCase
Variable MatchPay.genesis_date (../sb/0x9b8c435196c8398ff021f375535cf04e3459b15c.sol#28) is not in mixedCase
Variable MatchPay.current_period (../sb/0x9b8c435196c8398ff021f375535cf04e3459b15c.sol#29) is not in mixedCase
Variable MatchPay.is_payday (../sb/0x9b8c435196c8398ff021f375535cf04e3459b15c.sol#34) is not in mixedCase
Variable MatchPay.dividends_redeemed (../sb/0x9b8c435196c8398ff021f375535cf04e3459b15c.sol#36) is not in mixedCase
Modifier MatchPay.only_owner_once(address) (../sb/0x9b8c435196c8398ff021f375535cf04e3459b15c.sol#41) is not in mixedCase
Modifier MatchPay.is_window_open() (../sb/0x9b8c435196c8398ff021f375535cf04e3459b15c.sol#44) is not in mixedCase
Modifier MatchPay.is_window_close() (../sb/0x9b8c435196c8398ff021f375535cf04e3459b15c.sol#47) is not in mixedCase
Reference: https://github.com/crytic/slither/wiki/Detector-Documentation#conformance-to-solidity-naming-conventions
/sb/0x9b8c435196c8398ff021f375535cf04e3459b15c.sol analyzed (2 contracts with 100 detectors), 16 result(s) found
