A new version of Solhint is available: 6.0.1
Please consider updating your Solhint package.
/sb/0x0082f8addb9c0d6cc27783d41198300b4cd2e19b.sol:9:1: Missing @notice tag in contract 'ERC721' [Warning/use-natspec]
/sb/0x0082f8addb9c0d6cc27783d41198300b4cd2e19b.sol:13:3: Missing @notice tag in function 'approve' [Warning/use-natspec]
/sb/0x0082f8addb9c0d6cc27783d41198300b4cd2e19b.sol:13:3: Missing @param tag in function 'approve' [Warning/use-natspec]
/sb/0x0082f8addb9c0d6cc27783d41198300b4cd2e19b.sol:13:3: Mismatch in @param names for function 'approve'. Expected: [_to, _tokenId], Found: [] [Warning/use-natspec]
/sb/0x0082f8addb9c0d6cc27783d41198300b4cd2e19b.sol:15:3: Missing @notice tag in function 'balanceOf' [Warning/use-natspec]
/sb/0x0082f8addb9c0d6cc27783d41198300b4cd2e19b.sol:15:3: Missing @param tag in function 'balanceOf' [Warning/use-natspec]
/sb/0x0082f8addb9c0d6cc27783d41198300b4cd2e19b.sol:15:3: Mismatch in @param names for function 'balanceOf'. Expected: [_owner], Found: [] [Warning/use-natspec]
/sb/0x0082f8addb9c0d6cc27783d41198300b4cd2e19b.sol:15:3: Missing @return tag in function 'balanceOf' [Warning/use-natspec]
/sb/0x0082f8addb9c0d6cc27783d41198300b4cd2e19b.sol:15:3: Mismatch in @return names for function 'balanceOf'. Expected: [balance], Found: [] [Warning/use-natspec]
/sb/0x0082f8addb9c0d6cc27783d41198300b4cd2e19b.sol:17:3: Missing @notice tag in function 'implementsERC721' [Warning/use-natspec]
/sb/0x0082f8addb9c0d6cc27783d41198300b4cd2e19b.sol:17:3: Missing @return tag in function 'implementsERC721' [Warning/use-natspec]
/sb/0x0082f8addb9c0d6cc27783d41198300b4cd2e19b.sol:17:3: Mismatch in @return count for function 'implementsERC721'. Expected: 1, Found: 0 [Warning/use-natspec]
/sb/0x0082f8addb9c0d6cc27783d41198300b4cd2e19b.sol:19:3: Missing @notice tag in function 'ownerOf' [Warning/use-natspec]
/sb/0x0082f8addb9c0d6cc27783d41198300b4cd2e19b.sol:19:3: Missing @param tag in function 'ownerOf' [Warning/use-natspec]
/sb/0x0082f8addb9c0d6cc27783d41198300b4cd2e19b.sol:19:3: Mismatch in @param names for function 'ownerOf'. Expected: [_tokenId], Found: [] [Warning/use-natspec]
/sb/0x0082f8addb9c0d6cc27783d41198300b4cd2e19b.sol:19:3: Missing @return tag in function 'ownerOf' [Warning/use-natspec]
/sb/0x0082f8addb9c0d6cc27783d41198300b4cd2e19b.sol:19:3: Mismatch in @return names for function 'ownerOf'. Expected: [addr], Found: [] [Warning/use-natspec]
/sb/0x0082f8addb9c0d6cc27783d41198300b4cd2e19b.sol:21:3: Missing @notice tag in function 'takeOwnership' [Warning/use-natspec]
/sb/0x0082f8addb9c0d6cc27783d41198300b4cd2e19b.sol:21:3: Missing @param tag in function 'takeOwnership' [Warning/use-natspec]
/sb/0x0082f8addb9c0d6cc27783d41198300b4cd2e19b.sol:21:3: Mismatch in @param names for function 'takeOwnership'. Expected: [_tokenId], Found: [] [Warning/use-natspec]
/sb/0x0082f8addb9c0d6cc27783d41198300b4cd2e19b.sol:23:3: Missing @notice tag in function 'totalSupply' [Warning/use-natspec]
/sb/0x0082f8addb9c0d6cc27783d41198300b4cd2e19b.sol:23:3: Missing @return tag in function 'totalSupply' [Warning/use-natspec]
/sb/0x0082f8addb9c0d6cc27783d41198300b4cd2e19b.sol:23:3: Mismatch in @return names for function 'totalSupply'. Expected: [total], Found: [] [Warning/use-natspec]
/sb/0x0082f8addb9c0d6cc27783d41198300b4cd2e19b.sol:25:3: Missing @notice tag in function 'transferFrom' [Warning/use-natspec]
/sb/0x0082f8addb9c0d6cc27783d41198300b4cd2e19b.sol:25:3: Missing @param tag in function 'transferFrom' [Warning/use-natspec]
/sb/0x0082f8addb9c0d6cc27783d41198300b4cd2e19b.sol:25:3: Mismatch in @param names for function 'transferFrom'. Expected: [_from, _to, _tokenId], Found: [] [Warning/use-natspec]
/sb/0x0082f8addb9c0d6cc27783d41198300b4cd2e19b.sol:27:3: Missing @notice tag in function 'transfer' [Warning/use-natspec]
/sb/0x0082f8addb9c0d6cc27783d41198300b4cd2e19b.sol:27:3: Missing @param tag in function 'transfer' [Warning/use-natspec]
/sb/0x0082f8addb9c0d6cc27783d41198300b4cd2e19b.sol:27:3: Mismatch in @param names for function 'transfer'. Expected: [_to, _tokenId], Found: [] [Warning/use-natspec]
/sb/0x0082f8addb9c0d6cc27783d41198300b4cd2e19b.sol:31:3: Missing @notice tag in event 'Transfer' [Warning/use-natspec]
/sb/0x0082f8addb9c0d6cc27783d41198300b4cd2e19b.sol:31:3: Missing @param tag in event 'Transfer' [Warning/use-natspec]
/sb/0x0082f8addb9c0d6cc27783d41198300b4cd2e19b.sol:31:3: Mismatch in @param names for event 'Transfer'. Expected: [from, to, tokenId], Found: [] [Warning/use-natspec]
/sb/0x0082f8addb9c0d6cc27783d41198300b4cd2e19b.sol:31:3: GC: [tokenId] on Event [Transfer] could be Indexed [Warning/gas-indexed-events]
/sb/0x0082f8addb9c0d6cc27783d41198300b4cd2e19b.sol:33:3: Missing @notice tag in event 'Approval' [Warning/use-natspec]
/sb/0x0082f8addb9c0d6cc27783d41198300b4cd2e19b.sol:33:3: Missing @param tag in event 'Approval' [Warning/use-natspec]
/sb/0x0082f8addb9c0d6cc27783d41198300b4cd2e19b.sol:33:3: Mismatch in @param names for event 'Approval'. Expected: [owner, approved, tokenId], Found: [] [Warning/use-natspec]
/sb/0x0082f8addb9c0d6cc27783d41198300b4cd2e19b.sol:33:3: GC: [tokenId] on Event [Approval] could be Indexed [Warning/gas-indexed-events]
/sb/0x0082f8addb9c0d6cc27783d41198300b4cd2e19b.sol:51:1: Missing @title tag in contract 'CryptoCelebrity' [Warning/use-natspec]
/sb/0x0082f8addb9c0d6cc27783d41198300b4cd2e19b.sol:51:1: Missing @author tag in contract 'CryptoCelebrity' [Warning/use-natspec]
/sb/0x0082f8addb9c0d6cc27783d41198300b4cd2e19b.sol:51:1: Missing @notice tag in contract 'CryptoCelebrity' [Warning/use-natspec]
/sb/0x0082f8addb9c0d6cc27783d41198300b4cd2e19b.sol:61:3: Missing @notice tag in event 'Birth' [Warning/use-natspec]
/sb/0x0082f8addb9c0d6cc27783d41198300b4cd2e19b.sol:61:3: Missing @param tag in event 'Birth' [Warning/use-natspec]
/sb/0x0082f8addb9c0d6cc27783d41198300b4cd2e19b.sol:61:3: Mismatch in @param names for event 'Birth'. Expected: [tokenId, name, owner], Found: [] [Warning/use-natspec]
/sb/0x0082f8addb9c0d6cc27783d41198300b4cd2e19b.sol:61:3: GC: [tokenId] on Event [Birth] could be Indexed [Warning/gas-indexed-events]
/sb/0x0082f8addb9c0d6cc27783d41198300b4cd2e19b.sol:61:3: GC: [owner] on Event [Birth] could be Indexed [Warning/gas-indexed-events]
/sb/0x0082f8addb9c0d6cc27783d41198300b4cd2e19b.sol:67:3: Missing @notice tag in event 'TokenSold' [Warning/use-natspec]
/sb/0x0082f8addb9c0d6cc27783d41198300b4cd2e19b.sol:67:3: Missing @param tag in event 'TokenSold' [Warning/use-natspec]
/sb/0x0082f8addb9c0d6cc27783d41198300b4cd2e19b.sol:67:3: Mismatch in @param names for event 'TokenSold'. Expected: [tokenId, oldPrice, newPrice, prevOwner, winner, name], Found: [] [Warning/use-natspec]
/sb/0x0082f8addb9c0d6cc27783d41198300b4cd2e19b.sol:67:3: GC: [tokenId] on Event [TokenSold] could be Indexed [Warning/gas-indexed-events]
/sb/0x0082f8addb9c0d6cc27783d41198300b4cd2e19b.sol:67:3: GC: [oldPrice] on Event [TokenSold] could be Indexed [Warning/gas-indexed-events]
/sb/0x0082f8addb9c0d6cc27783d41198300b4cd2e19b.sol:67:3: GC: [newPrice] on Event [TokenSold] could be Indexed [Warning/gas-indexed-events]
/sb/0x0082f8addb9c0d6cc27783d41198300b4cd2e19b.sol:67:3: GC: [prevOwner] on Event [TokenSold] could be Indexed [Warning/gas-indexed-events]
/sb/0x0082f8addb9c0d6cc27783d41198300b4cd2e19b.sol:67:3: GC: [winner] on Event [TokenSold] could be Indexed [Warning/gas-indexed-events]
/sb/0x0082f8addb9c0d6cc27783d41198300b4cd2e19b.sol:73:3: Missing @notice tag in event 'PriceChange' [Warning/use-natspec]
/sb/0x0082f8addb9c0d6cc27783d41198300b4cd2e19b.sol:73:3: Missing @param tag in event 'PriceChange' [Warning/use-natspec]
/sb/0x0082f8addb9c0d6cc27783d41198300b4cd2e19b.sol:73:3: Mismatch in @param names for event 'PriceChange'. Expected: [tokenId, oldPrice, newPrice, name], Found: [] [Warning/use-natspec]
/sb/0x0082f8addb9c0d6cc27783d41198300b4cd2e19b.sol:73:3: GC: [tokenId] on Event [PriceChange] could be Indexed [Warning/gas-indexed-events]
/sb/0x0082f8addb9c0d6cc27783d41198300b4cd2e19b.sol:73:3: GC: [oldPrice] on Event [PriceChange] could be Indexed [Warning/gas-indexed-events]
/sb/0x0082f8addb9c0d6cc27783d41198300b4cd2e19b.sol:73:3: GC: [newPrice] on Event [PriceChange] could be Indexed [Warning/gas-indexed-events]
/sb/0x0082f8addb9c0d6cc27783d41198300b4cd2e19b.sol:81:3: Missing @notice tag in event 'Transfer' [Warning/use-natspec]
/sb/0x0082f8addb9c0d6cc27783d41198300b4cd2e19b.sol:81:3: Missing @param tag in event 'Transfer' [Warning/use-natspec]
/sb/0x0082f8addb9c0d6cc27783d41198300b4cd2e19b.sol:81:3: Mismatch in @param names for event 'Transfer'. Expected: [from, to, tokenId], Found: [] [Warning/use-natspec]
/sb/0x0082f8addb9c0d6cc27783d41198300b4cd2e19b.sol:81:3: GC: [from] on Event [Transfer] could be Indexed [Warning/gas-indexed-events]
/sb/0x0082f8addb9c0d6cc27783d41198300b4cd2e19b.sol:81:3: GC: [to] on Event [Transfer] could be Indexed [Warning/gas-indexed-events]
/sb/0x0082f8addb9c0d6cc27783d41198300b4cd2e19b.sol:81:3: GC: [tokenId] on Event [Transfer] could be Indexed [Warning/gas-indexed-events]
/sb/0x0082f8addb9c0d6cc27783d41198300b4cd2e19b.sol:115:3: Missing @notice tag in variable 'personIndexToOwner' [Warning/use-natspec]
/sb/0x0082f8addb9c0d6cc27783d41198300b4cd2e19b.sol:133:3: Missing @notice tag in variable 'personIndexToApproved' [Warning/use-natspec]
/sb/0x0082f8addb9c0d6cc27783d41198300b4cd2e19b.sol:145:3: Missing @notice tag in variable 'ceoAddress' [Warning/use-natspec]
/sb/0x0082f8addb9c0d6cc27783d41198300b4cd2e19b.sol:147:3: Missing @notice tag in variable 'cooAddress' [Warning/use-natspec]
/sb/0x0082f8addb9c0d6cc27783d41198300b4cd2e19b.sol:151:3: Missing @notice tag in variable 'promoCreatedCount' [Warning/use-natspec]
/sb/0x0082f8addb9c0d6cc27783d41198300b4cd2e19b.sol:175:5: Provide an error message for require [Warning/reason-string]
/sb/0x0082f8addb9c0d6cc27783d41198300b4cd2e19b.sol:187:5: Provide an error message for require [Warning/reason-string]
/sb/0x0082f8addb9c0d6cc27783d41198300b4cd2e19b.sol:199:5: Provide an error message for require [Warning/reason-string]
/sb/0x0082f8addb9c0d6cc27783d41198300b4cd2e19b.sol:215:3: Missing @notice tag in function 'CryptoCelebrity' [Warning/use-natspec]
/sb/0x0082f8addb9c0d6cc27783d41198300b4cd2e19b.sol:247:5: Provide an error message for require [Warning/reason-string]
/sb/0x0082f8addb9c0d6cc27783d41198300b4cd2e19b.sol:267:3: Missing @notice tag in function 'balanceOf' [Warning/use-natspec]
/sb/0x0082f8addb9c0d6cc27783d41198300b4cd2e19b.sol:267:3: Missing @return tag in function 'balanceOf' [Warning/use-natspec]
/sb/0x0082f8addb9c0d6cc27783d41198300b4cd2e19b.sol:267:3: Mismatch in @return names for function 'balanceOf'. Expected: [balance], Found: [] [Warning/use-natspec]
/sb/0x0082f8addb9c0d6cc27783d41198300b4cd2e19b.sol:277:3: Missing @notice tag in function 'createPromoPerson' [Warning/use-natspec]
/sb/0x0082f8addb9c0d6cc27783d41198300b4cd2e19b.sol:277:3: Missing @param tag in function 'createPromoPerson' [Warning/use-natspec]
/sb/0x0082f8addb9c0d6cc27783d41198300b4cd2e19b.sol:277:3: Mismatch in @param names for function 'createPromoPerson'. Expected: [_owner, _name, _price], Found: [] [Warning/use-natspec]
/sb/0x0082f8addb9c0d6cc27783d41198300b4cd2e19b.sol:279:5: Provide an error message for require [Warning/reason-string]
/sb/0x0082f8addb9c0d6cc27783d41198300b4cd2e19b.sol:293:9: GC: Non strict inequality found. Try converting to a strict one [Warning/gas-strict-inequalities]
/sb/0x0082f8addb9c0d6cc27783d41198300b4cd2e19b.sol:301:5: GC: For [ promoCreatedCount ] variable, increment/decrement by 1 using: [ ++variable ] to save gas [Warning/gas-increment-by-one]
/sb/0x0082f8addb9c0d6cc27783d41198300b4cd2e19b.sol:311:3: Missing @notice tag in function 'createContractPerson' [Warning/use-natspec]
/sb/0x0082f8addb9c0d6cc27783d41198300b4cd2e19b.sol:311:3: Missing @param tag in function 'createContractPerson' [Warning/use-natspec]
/sb/0x0082f8addb9c0d6cc27783d41198300b4cd2e19b.sol:311:3: Mismatch in @param names for function 'createContractPerson'. Expected: [_name], Found: [] [Warning/use-natspec]
/sb/0x0082f8addb9c0d6cc27783d41198300b4cd2e19b.sol:323:3: Missing @return tag in function 'getPerson' [Warning/use-natspec]
/sb/0x0082f8addb9c0d6cc27783d41198300b4cd2e19b.sol:323:3: Mismatch in @return names for function 'getPerson'. Expected: [personName, sellingPrice, owner], Found: [] [Warning/use-natspec]
/sb/0x0082f8addb9c0d6cc27783d41198300b4cd2e19b.sol:345:3: Missing @notice tag in function 'implementsERC721' [Warning/use-natspec]
/sb/0x0082f8addb9c0d6cc27783d41198300b4cd2e19b.sol:345:3: Missing @return tag in function 'implementsERC721' [Warning/use-natspec]
/sb/0x0082f8addb9c0d6cc27783d41198300b4cd2e19b.sol:345:3: Mismatch in @return count for function 'implementsERC721'. Expected: 1, Found: 0 [Warning/use-natspec]
/sb/0x0082f8addb9c0d6cc27783d41198300b4cd2e19b.sol:355:3: Missing @notice tag in function 'name' [Warning/use-natspec]
/sb/0x0082f8addb9c0d6cc27783d41198300b4cd2e19b.sol:355:3: Missing @return tag in function 'name' [Warning/use-natspec]
/sb/0x0082f8addb9c0d6cc27783d41198300b4cd2e19b.sol:355:3: Mismatch in @return count for function 'name'. Expected: 1, Found: 0 [Warning/use-natspec]
/sb/0x0082f8addb9c0d6cc27783d41198300b4cd2e19b.sol:369:3: Missing @notice tag in function 'ownerOf' [Warning/use-natspec]
/sb/0x0082f8addb9c0d6cc27783d41198300b4cd2e19b.sol:369:3: Missing @return tag in function 'ownerOf' [Warning/use-natspec]
/sb/0x0082f8addb9c0d6cc27783d41198300b4cd2e19b.sol:369:3: Mismatch in @return names for function 'ownerOf'. Expected: [owner], Found: [] [Warning/use-natspec]
/sb/0x0082f8addb9c0d6cc27783d41198300b4cd2e19b.sol:381:5: Provide an error message for require [Warning/reason-string]
/sb/0x0082f8addb9c0d6cc27783d41198300b4cd2e19b.sol:387:3: Missing @notice tag in function 'payout' [Warning/use-natspec]
/sb/0x0082f8addb9c0d6cc27783d41198300b4cd2e19b.sol:387:3: Missing @param tag in function 'payout' [Warning/use-natspec]
/sb/0x0082f8addb9c0d6cc27783d41198300b4cd2e19b.sol:387:3: Mismatch in @param names for function 'payout'. Expected: [_to], Found: [] [Warning/use-natspec]
/sb/0x0082f8addb9c0d6cc27783d41198300b4cd2e19b.sol:395:3: Missing @notice tag in function 'withdrawAmountTo' [Warning/use-natspec]
/sb/0x0082f8addb9c0d6cc27783d41198300b4cd2e19b.sol:395:3: Missing @param tag in function 'withdrawAmountTo' [Warning/use-natspec]
/sb/0x0082f8addb9c0d6cc27783d41198300b4cd2e19b.sol:395:3: Mismatch in @param names for function 'withdrawAmountTo'. Expected: [_amount, _to], Found: [] [Warning/use-natspec]
/sb/0x0082f8addb9c0d6cc27783d41198300b4cd2e19b.sol:405:3: Function body contains 83 lines but allowed no more than 50 lines [Warning/function-max-lines]
/sb/0x0082f8addb9c0d6cc27783d41198300b4cd2e19b.sol:405:3: Missing @notice tag in function 'purchase' [Warning/use-natspec]
/sb/0x0082f8addb9c0d6cc27783d41198300b4cd2e19b.sol:405:3: Missing @param tag in function 'purchase' [Warning/use-natspec]
/sb/0x0082f8addb9c0d6cc27783d41198300b4cd2e19b.sol:405:3: Mismatch in @param names for function 'purchase'. Expected: [_tokenId], Found: [] [Warning/use-natspec]
/sb/0x0082f8addb9c0d6cc27783d41198300b4cd2e19b.sol:419:5: Provide an error message for require [Warning/reason-string]
/sb/0x0082f8addb9c0d6cc27783d41198300b4cd2e19b.sol:425:5: Provide an error message for require [Warning/reason-string]
/sb/0x0082f8addb9c0d6cc27783d41198300b4cd2e19b.sol:431:5: Provide an error message for require [Warning/reason-string]
/sb/0x0082f8addb9c0d6cc27783d41198300b4cd2e19b.sol:431:13: GC: Non strict inequality found. Try converting to a strict one [Warning/gas-strict-inequalities]
/sb/0x0082f8addb9c0d6cc27783d41198300b4cd2e19b.sol:501:5: Provide an error message for require [Warning/reason-string]
/sb/0x0082f8addb9c0d6cc27783d41198300b4cd2e19b.sol:509:5: Provide an error message for require [Warning/reason-string]
/sb/0x0082f8addb9c0d6cc27783d41198300b4cd2e19b.sol:521:3: Missing @notice tag in function 'priceOf' [Warning/use-natspec]
/sb/0x0082f8addb9c0d6cc27783d41198300b4cd2e19b.sol:521:3: Missing @param tag in function 'priceOf' [Warning/use-natspec]
/sb/0x0082f8addb9c0d6cc27783d41198300b4cd2e19b.sol:521:3: Mismatch in @param names for function 'priceOf'. Expected: [_tokenId], Found: [] [Warning/use-natspec]
/sb/0x0082f8addb9c0d6cc27783d41198300b4cd2e19b.sol:521:3: Missing @return tag in function 'priceOf' [Warning/use-natspec]
/sb/0x0082f8addb9c0d6cc27783d41198300b4cd2e19b.sol:521:3: Mismatch in @return names for function 'priceOf'. Expected: [price], Found: [] [Warning/use-natspec]
/sb/0x0082f8addb9c0d6cc27783d41198300b4cd2e19b.sol:533:3: Missing @notice tag in function 'setCEO' [Warning/use-natspec]
/sb/0x0082f8addb9c0d6cc27783d41198300b4cd2e19b.sol:535:5: Provide an error message for require [Warning/reason-string]
/sb/0x0082f8addb9c0d6cc27783d41198300b4cd2e19b.sol:549:3: Missing @notice tag in function 'setCOO' [Warning/use-natspec]
/sb/0x0082f8addb9c0d6cc27783d41198300b4cd2e19b.sol:551:5: Provide an error message for require [Warning/reason-string]
/sb/0x0082f8addb9c0d6cc27783d41198300b4cd2e19b.sol:563:3: Missing @notice tag in function 'symbol' [Warning/use-natspec]
/sb/0x0082f8addb9c0d6cc27783d41198300b4cd2e19b.sol:563:3: Missing @return tag in function 'symbol' [Warning/use-natspec]
/sb/0x0082f8addb9c0d6cc27783d41198300b4cd2e19b.sol:563:3: Mismatch in @return count for function 'symbol'. Expected: 1, Found: 0 [Warning/use-natspec]
/sb/0x0082f8addb9c0d6cc27783d41198300b4cd2e19b.sol:587:5: Provide an error message for require [Warning/reason-string]
/sb/0x0082f8addb9c0d6cc27783d41198300b4cd2e19b.sol:593:5: Provide an error message for require [Warning/reason-string]
/sb/0x0082f8addb9c0d6cc27783d41198300b4cd2e19b.sol:613:3: Missing @notice tag in function 'tokensOfOwner' [Warning/use-natspec]
/sb/0x0082f8addb9c0d6cc27783d41198300b4cd2e19b.sol:613:3: Missing @return tag in function 'tokensOfOwner' [Warning/use-natspec]
/sb/0x0082f8addb9c0d6cc27783d41198300b4cd2e19b.sol:613:3: Mismatch in @return names for function 'tokensOfOwner'. Expected: [ownerTokens], Found: [] [Warning/use-natspec]
/sb/0x0082f8addb9c0d6cc27783d41198300b4cd2e19b.sol:635:26: GC: Non strict inequality found. Try converting to a strict one [Warning/gas-strict-inequalities]
/sb/0x0082f8addb9c0d6cc27783d41198300b4cd2e19b.sol:635:52: GC: For [ personId ] variable, increment/decrement by 1 using: [ ++variable ] to save gas [Warning/gas-increment-by-one]
/sb/0x0082f8addb9c0d6cc27783d41198300b4cd2e19b.sol:641:11: GC: For [ resultIndex ] variable, increment/decrement by 1 using: [ ++variable ] to save gas [Warning/gas-increment-by-one]
/sb/0x0082f8addb9c0d6cc27783d41198300b4cd2e19b.sol:659:3: Missing @notice tag in function 'totalSupply' [Warning/use-natspec]
/sb/0x0082f8addb9c0d6cc27783d41198300b4cd2e19b.sol:659:3: Missing @return tag in function 'totalSupply' [Warning/use-natspec]
/sb/0x0082f8addb9c0d6cc27783d41198300b4cd2e19b.sol:659:3: Mismatch in @return names for function 'totalSupply'. Expected: [total], Found: [] [Warning/use-natspec]
/sb/0x0082f8addb9c0d6cc27783d41198300b4cd2e19b.sol:675:3: Missing @notice tag in function 'transfer' [Warning/use-natspec]
/sb/0x0082f8addb9c0d6cc27783d41198300b4cd2e19b.sol:683:5: Provide an error message for require [Warning/reason-string]
/sb/0x0082f8addb9c0d6cc27783d41198300b4cd2e19b.sol:685:5: Provide an error message for require [Warning/reason-string]
/sb/0x0082f8addb9c0d6cc27783d41198300b4cd2e19b.sol:705:3: Missing @notice tag in function 'transferFrom' [Warning/use-natspec]
/sb/0x0082f8addb9c0d6cc27783d41198300b4cd2e19b.sol:715:5: Provide an error message for require [Warning/reason-string]
/sb/0x0082f8addb9c0d6cc27783d41198300b4cd2e19b.sol:717:5: Provide an error message for require [Warning/reason-string]
/sb/0x0082f8addb9c0d6cc27783d41198300b4cd2e19b.sol:719:5: Provide an error message for require [Warning/reason-string]
/sb/0x0082f8addb9c0d6cc27783d41198300b4cd2e19b.sol:733:3: Missing @notice tag in function '_addressNotNull' [Warning/use-natspec]
/sb/0x0082f8addb9c0d6cc27783d41198300b4cd2e19b.sol:733:3: Missing @param tag in function '_addressNotNull' [Warning/use-natspec]
/sb/0x0082f8addb9c0d6cc27783d41198300b4cd2e19b.sol:733:3: Mismatch in @param names for function '_addressNotNull'. Expected: [_to], Found: [] [Warning/use-natspec]
/sb/0x0082f8addb9c0d6cc27783d41198300b4cd2e19b.sol:733:3: Missing @return tag in function '_addressNotNull' [Warning/use-natspec]
/sb/0x0082f8addb9c0d6cc27783d41198300b4cd2e19b.sol:733:3: Mismatch in @return count for function '_addressNotNull'. Expected: 1, Found: 0 [Warning/use-natspec]
/sb/0x0082f8addb9c0d6cc27783d41198300b4cd2e19b.sol:743:3: Missing @notice tag in function '_approved' [Warning/use-natspec]
/sb/0x0082f8addb9c0d6cc27783d41198300b4cd2e19b.sol:743:3: Missing @param tag in function '_approved' [Warning/use-natspec]
/sb/0x0082f8addb9c0d6cc27783d41198300b4cd2e19b.sol:743:3: Mismatch in @param names for function '_approved'. Expected: [_to, _tokenId], Found: [] [Warning/use-natspec]
/sb/0x0082f8addb9c0d6cc27783d41198300b4cd2e19b.sol:743:3: Missing @return tag in function '_approved' [Warning/use-natspec]
/sb/0x0082f8addb9c0d6cc27783d41198300b4cd2e19b.sol:743:3: Mismatch in @return count for function '_approved'. Expected: 1, Found: 0 [Warning/use-natspec]
/sb/0x0082f8addb9c0d6cc27783d41198300b4cd2e19b.sol:753:3: Missing @notice tag in function '_createPerson' [Warning/use-natspec]
/sb/0x0082f8addb9c0d6cc27783d41198300b4cd2e19b.sol:753:3: Missing @param tag in function '_createPerson' [Warning/use-natspec]
/sb/0x0082f8addb9c0d6cc27783d41198300b4cd2e19b.sol:753:3: Mismatch in @param names for function '_createPerson'. Expected: [_name, _owner, _price], Found: [] [Warning/use-natspec]
/sb/0x0082f8addb9c0d6cc27783d41198300b4cd2e19b.sol:769:5: Provide an error message for require [Warning/reason-string]
/sb/0x0082f8addb9c0d6cc27783d41198300b4cd2e19b.sol:793:3: Missing @notice tag in function '_owns' [Warning/use-natspec]
/sb/0x0082f8addb9c0d6cc27783d41198300b4cd2e19b.sol:793:3: Missing @param tag in function '_owns' [Warning/use-natspec]
/sb/0x0082f8addb9c0d6cc27783d41198300b4cd2e19b.sol:793:3: Mismatch in @param names for function '_owns'. Expected: [claimant, _tokenId], Found: [] [Warning/use-natspec]
/sb/0x0082f8addb9c0d6cc27783d41198300b4cd2e19b.sol:793:3: Missing @return tag in function '_owns' [Warning/use-natspec]
/sb/0x0082f8addb9c0d6cc27783d41198300b4cd2e19b.sol:793:3: Mismatch in @return count for function '_owns'. Expected: 1, Found: 0 [Warning/use-natspec]
/sb/0x0082f8addb9c0d6cc27783d41198300b4cd2e19b.sol:803:3: Missing @notice tag in function '_payout' [Warning/use-natspec]
/sb/0x0082f8addb9c0d6cc27783d41198300b4cd2e19b.sol:803:3: Missing @param tag in function '_payout' [Warning/use-natspec]
/sb/0x0082f8addb9c0d6cc27783d41198300b4cd2e19b.sol:803:3: Mismatch in @param names for function '_payout'. Expected: [_to], Found: [] [Warning/use-natspec]
/sb/0x0082f8addb9c0d6cc27783d41198300b4cd2e19b.sol:821:3: Missing @notice tag in function '_transfer' [Warning/use-natspec]
/sb/0x0082f8addb9c0d6cc27783d41198300b4cd2e19b.sol:821:3: Missing @param tag in function '_transfer' [Warning/use-natspec]
/sb/0x0082f8addb9c0d6cc27783d41198300b4cd2e19b.sol:821:3: Mismatch in @param names for function '_transfer'. Expected: [_from, _to, _tokenId], Found: [] [Warning/use-natspec]
/sb/0x0082f8addb9c0d6cc27783d41198300b4cd2e19b.sol:825:5: GC: For [ ownershipTokenCount ] variable, increment/decrement by 1 using: [ ++variable ] to save gas [Warning/gas-increment-by-one]
/sb/0x0082f8addb9c0d6cc27783d41198300b4cd2e19b.sol:837:7: GC: For [ ownershipTokenCount ] variable, increment/decrement by 1 using: [ ++variable ] to save gas [Warning/gas-increment-by-one]
/sb/0x0082f8addb9c0d6cc27783d41198300b4cd2e19b.sol:855:1: Missing @title tag in contract 'SafeMath' [Warning/use-natspec]
/sb/0x0082f8addb9c0d6cc27783d41198300b4cd2e19b.sol:855:1: Missing @author tag in contract 'SafeMath' [Warning/use-natspec]
/sb/0x0082f8addb9c0d6cc27783d41198300b4cd2e19b.sol:855:1: Missing @notice tag in contract 'SafeMath' [Warning/use-natspec]
/sb/0x0082f8addb9c0d6cc27783d41198300b4cd2e19b.sol:865:3: Missing @notice tag in function 'mul' [Warning/use-natspec]
/sb/0x0082f8addb9c0d6cc27783d41198300b4cd2e19b.sol:865:3: Missing @param tag in function 'mul' [Warning/use-natspec]
/sb/0x0082f8addb9c0d6cc27783d41198300b4cd2e19b.sol:865:3: Mismatch in @param names for function 'mul'. Expected: [a, b], Found: [] [Warning/use-natspec]
/sb/0x0082f8addb9c0d6cc27783d41198300b4cd2e19b.sol:865:3: Missing @return tag in function 'mul' [Warning/use-natspec]
/sb/0x0082f8addb9c0d6cc27783d41198300b4cd2e19b.sol:865:3: Mismatch in @return count for function 'mul'. Expected: 1, Found: 0 [Warning/use-natspec]
/sb/0x0082f8addb9c0d6cc27783d41198300b4cd2e19b.sol:889:3: Missing @notice tag in function 'div' [Warning/use-natspec]
/sb/0x0082f8addb9c0d6cc27783d41198300b4cd2e19b.sol:889:3: Missing @param tag in function 'div' [Warning/use-natspec]
/sb/0x0082f8addb9c0d6cc27783d41198300b4cd2e19b.sol:889:3: Mismatch in @param names for function 'div'. Expected: [a, b], Found: [] [Warning/use-natspec]
/sb/0x0082f8addb9c0d6cc27783d41198300b4cd2e19b.sol:889:3: Missing @return tag in function 'div' [Warning/use-natspec]
/sb/0x0082f8addb9c0d6cc27783d41198300b4cd2e19b.sol:889:3: Mismatch in @return count for function 'div'. Expected: 1, Found: 0 [Warning/use-natspec]
/sb/0x0082f8addb9c0d6cc27783d41198300b4cd2e19b.sol:909:3: Missing @notice tag in function 'sub' [Warning/use-natspec]
/sb/0x0082f8addb9c0d6cc27783d41198300b4cd2e19b.sol:909:3: Missing @param tag in function 'sub' [Warning/use-natspec]
/sb/0x0082f8addb9c0d6cc27783d41198300b4cd2e19b.sol:909:3: Mismatch in @param names for function 'sub'. Expected: [a, b], Found: [] [Warning/use-natspec]
/sb/0x0082f8addb9c0d6cc27783d41198300b4cd2e19b.sol:909:3: Missing @return tag in function 'sub' [Warning/use-natspec]
/sb/0x0082f8addb9c0d6cc27783d41198300b4cd2e19b.sol:909:3: Mismatch in @return count for function 'sub'. Expected: 1, Found: 0 [Warning/use-natspec]
/sb/0x0082f8addb9c0d6cc27783d41198300b4cd2e19b.sol:911:12: GC: Non strict inequality found. Try converting to a strict one [Warning/gas-strict-inequalities]
/sb/0x0082f8addb9c0d6cc27783d41198300b4cd2e19b.sol:925:3: Missing @notice tag in function 'add' [Warning/use-natspec]
/sb/0x0082f8addb9c0d6cc27783d41198300b4cd2e19b.sol:925:3: Missing @param tag in function 'add' [Warning/use-natspec]
/sb/0x0082f8addb9c0d6cc27783d41198300b4cd2e19b.sol:925:3: Mismatch in @param names for function 'add'. Expected: [a, b], Found: [] [Warning/use-natspec]
/sb/0x0082f8addb9c0d6cc27783d41198300b4cd2e19b.sol:925:3: Missing @return tag in function 'add' [Warning/use-natspec]
/sb/0x0082f8addb9c0d6cc27783d41198300b4cd2e19b.sol:925:3: Mismatch in @return count for function 'add'. Expected: 1, Found: 0 [Warning/use-natspec]
/sb/0x0082f8addb9c0d6cc27783d41198300b4cd2e19b.sol:929:12: GC: Non strict inequality found. Try converting to a strict one [Warning/gas-strict-inequalities]

197 problem/s (197 warning/s)
