ANTLR runtime and generated code versions disagree: 4.9.2!=4.7.2
ANTLR runtime and generated code versions disagree: 4.9.2!=4.7.2
Analysing /sb/0xb0ce867bf4cc52d13f79155dcd398de62bc5f111.sol:ApproveAndCallFallBack...
Nothing to analyse
Analysing /sb/0xb0ce867bf4cc52d13f79155dcd398de62bc5f111.sol:ERC20Interface...
Nothing to analyse
Analysing /sb/0xb0ce867bf4cc52d13f79155dcd398de62bc5f111.sol:Owned...
Analysing /sb/0xb0ce867bf4cc52d13f79155dcd398de62bc5f111.sol:RLC...
Vulnerability: Integer Overflow. Maybe in function: approveAndCall(address,uint256,bytes). PC: 0x744. Line number: 198.
If a = 32
and b = 115792089237316195423570985008687907853269984665640564039457584007913129639900
Vulnerability: Time Manipulation. Maybe in function: _fallthrough. PC: 0x123. Line number: 209.
Vulnerability: Integer Overflow. Maybe in function: approveAndCall(address,uint256,bytes). PC: 0x139e. Line number: 201.
If a = 32
and b = 115792089237316195423570985008687907853269984665640564039457584007913129639618
Vulnerability: Reentrancy. Maybe in function: approveAndCall(address,uint256,bytes). PC: 0x1428. Line number: 201.
Vulnerability: Reentrancy. Maybe in function: _fallthrough. PC: 0x29c. Line number: 219.
Vulnerability: Integer Overflow. Maybe in function: _fallthrough. PC: 0x144. Line number: 214.
If a = 18549874817313725803811405254625590339882859151435878302276565712119927954468
and b = 500
Vulnerability: Reentrancy. Maybe in function: transferAnyERC20Token(address,uint256). PC: 0x1592. Line number: 228.
Vulnerability: Integer Overflow. Maybe in function: approveAndCall(address,uint256,bytes). PC: 0x12d6. Line number: 200.
If a = 32
and b = 115792089237316195423570985008687907853269984665640564039457584007913129639716
Vulnerability: Time Manipulation. Maybe in function: _fallthrough. PC: 0x133. Line number: 211.
Vulnerability: Integer Underflow. Maybe in function: totalSupply(). PC: 0xb0b. Line number: 126.
If a = 0
and b = 1
Vulnerability: Integer Overflow. Maybe in function: _fallthrough. PC: 0x138. Line number: 212.
If a = 1244608481182529792870134954060332025253328046381738855556120466991047786625
and b = 1000
Analysing /sb/0xb0ce867bf4cc52d13f79155dcd398de62bc5f111.sol:SafeMath...
