Extract contract Blammascoin from /sb/0x4ca748e2f804ed759939799cdc2de94f6cb19f79.sol
Extract contract StandardToken from /sb/0x4ca748e2f804ed759939799cdc2de94f6cb19f79.sol
Extract contract Token from /sb/0x4ca748e2f804ed759939799cdc2de94f6cb19f79.sol
Extracted 3 contract(s) from /sb/0x4ca748e2f804ed759939799cdc2de94f6cb19f79.sol
[0;32m> Created "fuzzMe"[0m
[0;32m> To fuzz contracts:[0m
  chmod +x fuzzMe
  ./fuzzMe
contracts/Token.sol:95:9: Warning: "throw" is deprecated in favour of "revert()", "require()" and "assert()".
        throw;
        ^---^
contracts/Token.sol:117:5: Warning: Defining constructors as functions with the same name as the contract is deprecated. Use "constructor(...) { ... }" instead.
    function Blammascoin(
    ^ (Relevant source part starts here and spans across multiple lines).
contracts/Token.sol:134:141: Warning: "throw" is deprecated in favour of "revert()", "require()" and "assert()".
        if(!_spender.call(bytes4(bytes32(sha3("receiveApproval(address,uint256,address,bytes)"))), msg.sender, _value, this, _extraData)) { throw; }
                                                                                                                                            ^---^
contracts/Token.sol:53:13: Warning: Invoking events without "emit" prefix is deprecated.
            Transfer(msg.sender, _to, _value);
            ^-------------------------------^
contracts/Token.sol:65:13: Warning: Invoking events without "emit" prefix is deprecated.
            Transfer(_from, _to, _value);
            ^--------------------------^
contracts/Token.sol:76:9: Warning: Invoking events without "emit" prefix is deprecated.
        Approval(msg.sender, _spender, _value);
        ^------------------------------------^
contracts/Token.sol:129:9: Warning: Invoking events without "emit" prefix is deprecated.
        Approval(msg.sender, _spender, _value);
        ^------------------------------------^
contracts/Token.sol:134:42: Warning: "sha3" has been deprecated in favour of "keccak256"
        if(!_spender.call(bytes4(bytes32(sha3("receiveApproval(address,uint256,address,bytes)"))), msg.sender, _value, this, _extraData)) { throw; }
                                         ^----------------------------------------------------^
contracts/Token.sol:6:5: Warning: No visibility specified. Defaulting to "public". 
    function totalSupply() constant returns (uint256 supply) {}
    ^---------------------------------------------------------^
contracts/Token.sol:6:46: Warning: Unused function parameter. Remove or comment out the variable name to silence this warning.
    function totalSupply() constant returns (uint256 supply) {}
                                             ^------------^
contracts/Token.sol:10:5: Warning: No visibility specified. Defaulting to "public". 
    function balanceOf(address _owner) constant returns (uint256 balance) {}
    ^----------------------------------------------------------------------^
contracts/Token.sol:10:24: Warning: Unused function parameter. Remove or comment out the variable name to silence this warning.
    function balanceOf(address _owner) constant returns (uint256 balance) {}
                       ^------------^
contracts/Token.sol:10:58: Warning: Unused function parameter. Remove or comment out the variable name to silence this warning.
    function balanceOf(address _owner) constant returns (uint256 balance) {}
                                                         ^-------------^
contracts/Token.sol:16:5: Warning: No visibility specified. Defaulting to "public". 
    function transfer(address _to, uint256 _value) returns (bool success) {}
    ^----------------------------------------------------------------------^
contracts/Token.sol:16:23: Warning: Unused function parameter. Remove or comment out the variable name to silence this warning.
    function transfer(address _to, uint256 _value) returns (bool success) {}
                      ^---------^
contracts/Token.sol:16:36: Warning: Unused function parameter. Remove or comment out the variable name to silence this warning.
    function transfer(address _to, uint256 _value) returns (bool success) {}
                                   ^------------^
contracts/Token.sol:16:61: Warning: Unused function parameter. Remove or comment out the variable name to silence this warning.
    function transfer(address _to, uint256 _value) returns (bool success) {}
                                                            ^----------^
contracts/Token.sol:23:5: Warning: No visibility specified. Defaulting to "public". 
    function transferFrom(address _from, address _to, uint256 _value) returns (bool success) {}
    ^-----------------------------------------------------------------------------------------^
contracts/Token.sol:23:27: Warning: Unused function parameter. Remove or comment out the variable name to silence this warning.
    function transferFrom(address _from, address _to, uint256 _value) returns (bool success) {}
                          ^-----------^
contracts/Token.sol:23:42: Warning: Unused function parameter. Remove or comment out the variable name to silence this warning.
    function transferFrom(address _from, address _to, uint256 _value) returns (bool success) {}
                                         ^---------^
contracts/Token.sol:23:55: Warning: Unused function parameter. Remove or comment out the variable name to silence this warning.
    function transferFrom(address _from, address _to, uint256 _value) returns (bool success) {}
                                                      ^------------^
contracts/Token.sol:23:80: Warning: Unused function parameter. Remove or comment out the variable name to silence this warning.
    function transferFrom(address _from, address _to, uint256 _value) returns (bool success) {}
                                                                               ^----------^
contracts/Token.sol:29:5: Warning: No visibility specified. Defaulting to "public". 
    function approve(address _spender, uint256 _value) returns (bool success) {}
    ^--------------------------------------------------------------------------^
contracts/Token.sol:29:22: Warning: Unused function parameter. Remove or comment out the variable name to silence this warning.
    function approve(address _spender, uint256 _value) returns (bool success) {}
                     ^--------------^
contracts/Token.sol:29:40: Warning: Unused function parameter. Remove or comment out the variable name to silence this warning.
    function approve(address _spender, uint256 _value) returns (bool success) {}
                                       ^------------^
contracts/Token.sol:29:65: Warning: Unused function parameter. Remove or comment out the variable name to silence this warning.
    function approve(address _spender, uint256 _value) returns (bool success) {}
                                                                ^----------^
contracts/Token.sol:34:5: Warning: No visibility specified. Defaulting to "public". 
    function allowance(address _owner, address _spender) constant returns (uint256 remaining) {}
    ^------------------------------------------------------------------------------------------^
contracts/Token.sol:34:24: Warning: Unused function parameter. Remove or comment out the variable name to silence this warning.
    function allowance(address _owner, address _spender) constant returns (uint256 remaining) {}
                       ^------------^
contracts/Token.sol:34:40: Warning: Unused function parameter. Remove or comment out the variable name to silence this warning.
    function allowance(address _owner, address _spender) constant returns (uint256 remaining) {}
                                       ^--------------^
contracts/Token.sol:34:76: Warning: Unused function parameter. Remove or comment out the variable name to silence this warning.
    function allowance(address _owner, address _spender) constant returns (uint256 remaining) {}
                                                                           ^---------------^
contracts/Token.sol:45:5: Warning: No visibility specified. Defaulting to "public". 
    function transfer(address _to, uint256 _value) returns (bool success) {
    ^ (Relevant source part starts here and spans across multiple lines).
contracts/Token.sol:58:5: Warning: No visibility specified. Defaulting to "public". 
    function transferFrom(address _from, address _to, uint256 _value) returns (bool success) {
    ^ (Relevant source part starts here and spans across multiple lines).
contracts/Token.sol:70:5: Warning: No visibility specified. Defaulting to "public". 
    function balanceOf(address _owner) constant returns (uint256 balance) {
    ^ (Relevant source part starts here and spans across multiple lines).
contracts/Token.sol:74:5: Warning: No visibility specified. Defaulting to "public". 
    function approve(address _spender, uint256 _value) returns (bool success) {
    ^ (Relevant source part starts here and spans across multiple lines).
contracts/Token.sol:80:5: Warning: No visibility specified. Defaulting to "public". 
    function allowance(address _owner, address _spender) constant returns (uint256 remaining) {
    ^ (Relevant source part starts here and spans across multiple lines).
contracts/Token.sol:93:5: Warning: No visibility specified. Defaulting to "public". 
    function () {
    ^ (Relevant source part starts here and spans across multiple lines).
contracts/Token.sol:117:5: Warning: No visibility specified. Defaulting to "public". 
    function Blammascoin(
    ^ (Relevant source part starts here and spans across multiple lines).
contracts/Token.sol:127:5: Warning: No visibility specified. Defaulting to "public". 
    function approveAndCall(address _spender, uint256 _value, bytes _extraData) returns (bool success) {
    ^ (Relevant source part starts here and spans across multiple lines).
contracts/Token.sol:6:5: Warning: Function state mutability can be restricted to pure
    function totalSupply() constant returns (uint256 supply) {}
    ^---------------------------------------------------------^
contracts/Token.sol:10:5: Warning: Function state mutability can be restricted to pure
    function balanceOf(address _owner) constant returns (uint256 balance) {}
    ^----------------------------------------------------------------------^
contracts/Token.sol:16:5: Warning: Function state mutability can be restricted to pure
    function transfer(address _to, uint256 _value) returns (bool success) {}
    ^----------------------------------------------------------------------^
contracts/Token.sol:23:5: Warning: Function state mutability can be restricted to pure
    function transferFrom(address _from, address _to, uint256 _value) returns (bool success) {}
    ^-----------------------------------------------------------------------------------------^
contracts/Token.sol:29:5: Warning: Function state mutability can be restricted to pure
    function approve(address _spender, uint256 _value) returns (bool success) {}
    ^--------------------------------------------------------------------------^
contracts/Token.sol:34:5: Warning: Function state mutability can be restricted to pure
    function allowance(address _owner, address _spender) constant returns (uint256 remaining) {}
    ^------------------------------------------------------------------------------------------^
contracts/Blammascoin.sol:95:9: Warning: "throw" is deprecated in favour of "revert()", "require()" and "assert()".
        throw;
        ^---^
contracts/Blammascoin.sol:117:5: Warning: Defining constructors as functions with the same name as the contract is deprecated. Use "constructor(...) { ... }" instead.
    function Blammascoin(
    ^ (Relevant source part starts here and spans across multiple lines).
contracts/Blammascoin.sol:134:141: Warning: "throw" is deprecated in favour of "revert()", "require()" and "assert()".
        if(!_spender.call(bytes4(bytes32(sha3("receiveApproval(address,uint256,address,bytes)"))), msg.sender, _value, this, _extraData)) { throw; }
                                                                                                                                            ^---^
contracts/Blammascoin.sol:53:13: Warning: Invoking events without "emit" prefix is deprecated.
            Transfer(msg.sender, _to, _value);
            ^-------------------------------^
contracts/Blammascoin.sol:65:13: Warning: Invoking events without "emit" prefix is deprecated.
            Transfer(_from, _to, _value);
            ^--------------------------^
contracts/Blammascoin.sol:76:9: Warning: Invoking events without "emit" prefix is deprecated.
        Approval(msg.sender, _spender, _value);
        ^------------------------------------^
contracts/Blammascoin.sol:129:9: Warning: Invoking events without "emit" prefix is deprecated.
        Approval(msg.sender, _spender, _value);
        ^------------------------------------^
contracts/Blammascoin.sol:134:42: Warning: "sha3" has been deprecated in favour of "keccak256"
        if(!_spender.call(bytes4(bytes32(sha3("receiveApproval(address,uint256,address,bytes)"))), msg.sender, _value, this, _extraData)) { throw; }
                                         ^----------------------------------------------------^
contracts/Blammascoin.sol:6:5: Warning: No visibility specified. Defaulting to "public". 
    function totalSupply() constant returns (uint256 supply) {}
    ^---------------------------------------------------------^
contracts/Blammascoin.sol:6:46: Warning: Unused function parameter. Remove or comment out the variable name to silence this warning.
    function totalSupply() constant returns (uint256 supply) {}
                                             ^------------^
contracts/Blammascoin.sol:10:5: Warning: No visibility specified. Defaulting to "public". 
    function balanceOf(address _owner) constant returns (uint256 balance) {}
    ^----------------------------------------------------------------------^
contracts/Blammascoin.sol:10:24: Warning: Unused function parameter. Remove or comment out the variable name to silence this warning.
    function balanceOf(address _owner) constant returns (uint256 balance) {}
                       ^------------^
contracts/Blammascoin.sol:10:58: Warning: Unused function parameter. Remove or comment out the variable name to silence this warning.
    function balanceOf(address _owner) constant returns (uint256 balance) {}
                                                         ^-------------^
contracts/Blammascoin.sol:16:5: Warning: No visibility specified. Defaulting to "public". 
    function transfer(address _to, uint256 _value) returns (bool success) {}
    ^----------------------------------------------------------------------^
contracts/Blammascoin.sol:16:23: Warning: Unused function parameter. Remove or comment out the variable name to silence this warning.
    function transfer(address _to, uint256 _value) returns (bool success) {}
                      ^---------^
contracts/Blammascoin.sol:16:36: Warning: Unused function parameter. Remove or comment out the variable name to silence this warning.
    function transfer(address _to, uint256 _value) returns (bool success) {}
                                   ^------------^
contracts/Blammascoin.sol:16:61: Warning: Unused function parameter. Remove or comment out the variable name to silence this warning.
    function transfer(address _to, uint256 _value) returns (bool success) {}
                                                            ^----------^
contracts/Blammascoin.sol:23:5: Warning: No visibility specified. Defaulting to "public". 
    function transferFrom(address _from, address _to, uint256 _value) returns (bool success) {}
    ^-----------------------------------------------------------------------------------------^
contracts/Blammascoin.sol:23:27: Warning: Unused function parameter. Remove or comment out the variable name to silence this warning.
    function transferFrom(address _from, address _to, uint256 _value) returns (bool success) {}
                          ^-----------^
contracts/Blammascoin.sol:23:42: Warning: Unused function parameter. Remove or comment out the variable name to silence this warning.
    function transferFrom(address _from, address _to, uint256 _value) returns (bool success) {}
                                         ^---------^
contracts/Blammascoin.sol:23:55: Warning: Unused function parameter. Remove or comment out the variable name to silence this warning.
    function transferFrom(address _from, address _to, uint256 _value) returns (bool success) {}
                                                      ^------------^
contracts/Blammascoin.sol:23:80: Warning: Unused function parameter. Remove or comment out the variable name to silence this warning.
    function transferFrom(address _from, address _to, uint256 _value) returns (bool success) {}
                                                                               ^----------^
contracts/Blammascoin.sol:29:5: Warning: No visibility specified. Defaulting to "public". 
    function approve(address _spender, uint256 _value) returns (bool success) {}
    ^--------------------------------------------------------------------------^
contracts/Blammascoin.sol:29:22: Warning: Unused function parameter. Remove or comment out the variable name to silence this warning.
    function approve(address _spender, uint256 _value) returns (bool success) {}
                     ^--------------^
contracts/Blammascoin.sol:29:40: Warning: Unused function parameter. Remove or comment out the variable name to silence this warning.
    function approve(address _spender, uint256 _value) returns (bool success) {}
                                       ^------------^
contracts/Blammascoin.sol:29:65: Warning: Unused function parameter. Remove or comment out the variable name to silence this warning.
    function approve(address _spender, uint256 _value) returns (bool success) {}
                                                                ^----------^
contracts/Blammascoin.sol:34:5: Warning: No visibility specified. Defaulting to "public". 
    function allowance(address _owner, address _spender) constant returns (uint256 remaining) {}
    ^------------------------------------------------------------------------------------------^
contracts/Blammascoin.sol:34:24: Warning: Unused function parameter. Remove or comment out the variable name to silence this warning.
    function allowance(address _owner, address _spender) constant returns (uint256 remaining) {}
                       ^------------^
contracts/Blammascoin.sol:34:40: Warning: Unused function parameter. Remove or comment out the variable name to silence this warning.
    function allowance(address _owner, address _spender) constant returns (uint256 remaining) {}
                                       ^--------------^
contracts/Blammascoin.sol:34:76: Warning: Unused function parameter. Remove or comment out the variable name to silence this warning.
    function allowance(address _owner, address _spender) constant returns (uint256 remaining) {}
                                                                           ^---------------^
contracts/Blammascoin.sol:45:5: Warning: No visibility specified. Defaulting to "public". 
    function transfer(address _to, uint256 _value) returns (bool success) {
    ^ (Relevant source part starts here and spans across multiple lines).
contracts/Blammascoin.sol:58:5: Warning: No visibility specified. Defaulting to "public". 
    function transferFrom(address _from, address _to, uint256 _value) returns (bool success) {
    ^ (Relevant source part starts here and spans across multiple lines).
contracts/Blammascoin.sol:70:5: Warning: No visibility specified. Defaulting to "public". 
    function balanceOf(address _owner) constant returns (uint256 balance) {
    ^ (Relevant source part starts here and spans across multiple lines).
contracts/Blammascoin.sol:74:5: Warning: No visibility specified. Defaulting to "public". 
    function approve(address _spender, uint256 _value) returns (bool success) {
    ^ (Relevant source part starts here and spans across multiple lines).
contracts/Blammascoin.sol:80:5: Warning: No visibility specified. Defaulting to "public". 
    function allowance(address _owner, address _spender) constant returns (uint256 remaining) {
    ^ (Relevant source part starts here and spans across multiple lines).
contracts/Blammascoin.sol:93:5: Warning: No visibility specified. Defaulting to "public". 
    function () {
    ^ (Relevant source part starts here and spans across multiple lines).
contracts/Blammascoin.sol:117:5: Warning: No visibility specified. Defaulting to "public". 
    function Blammascoin(
    ^ (Relevant source part starts here and spans across multiple lines).
contracts/Blammascoin.sol:127:5: Warning: No visibility specified. Defaulting to "public". 
    function approveAndCall(address _spender, uint256 _value, bytes _extraData) returns (bool success) {
    ^ (Relevant source part starts here and spans across multiple lines).
contracts/Blammascoin.sol:6:5: Warning: Function state mutability can be restricted to pure
    function totalSupply() constant returns (uint256 supply) {}
    ^---------------------------------------------------------^
contracts/Blammascoin.sol:10:5: Warning: Function state mutability can be restricted to pure
    function balanceOf(address _owner) constant returns (uint256 balance) {}
    ^----------------------------------------------------------------------^
contracts/Blammascoin.sol:16:5: Warning: Function state mutability can be restricted to pure
    function transfer(address _to, uint256 _value) returns (bool success) {}
    ^----------------------------------------------------------------------^
contracts/Blammascoin.sol:23:5: Warning: Function state mutability can be restricted to pure
    function transferFrom(address _from, address _to, uint256 _value) returns (bool success) {}
    ^-----------------------------------------------------------------------------------------^
contracts/Blammascoin.sol:29:5: Warning: Function state mutability can be restricted to pure
    function approve(address _spender, uint256 _value) returns (bool success) {}
    ^--------------------------------------------------------------------------^
contracts/Blammascoin.sol:34:5: Warning: Function state mutability can be restricted to pure
    function allowance(address _owner, address _spender) constant returns (uint256 remaining) {}
    ^------------------------------------------------------------------------------------------^
contracts/StandardToken.sol:95:9: Warning: "throw" is deprecated in favour of "revert()", "require()" and "assert()".
        throw;
        ^---^
contracts/StandardToken.sol:117:5: Warning: Defining constructors as functions with the same name as the contract is deprecated. Use "constructor(...) { ... }" instead.
    function Blammascoin(
    ^ (Relevant source part starts here and spans across multiple lines).
contracts/StandardToken.sol:134:141: Warning: "throw" is deprecated in favour of "revert()", "require()" and "assert()".
        if(!_spender.call(bytes4(bytes32(sha3("receiveApproval(address,uint256,address,bytes)"))), msg.sender, _value, this, _extraData)) { throw; }
                                                                                                                                            ^---^
contracts/StandardToken.sol:53:13: Warning: Invoking events without "emit" prefix is deprecated.
            Transfer(msg.sender, _to, _value);
            ^-------------------------------^
contracts/StandardToken.sol:65:13: Warning: Invoking events without "emit" prefix is deprecated.
            Transfer(_from, _to, _value);
            ^--------------------------^
contracts/StandardToken.sol:76:9: Warning: Invoking events without "emit" prefix is deprecated.
        Approval(msg.sender, _spender, _value);
        ^------------------------------------^
contracts/StandardToken.sol:129:9: Warning: Invoking events without "emit" prefix is deprecated.
        Approval(msg.sender, _spender, _value);
        ^------------------------------------^
contracts/StandardToken.sol:134:42: Warning: "sha3" has been deprecated in favour of "keccak256"
        if(!_spender.call(bytes4(bytes32(sha3("receiveApproval(address,uint256,address,bytes)"))), msg.sender, _value, this, _extraData)) { throw; }
                                         ^----------------------------------------------------^
contracts/StandardToken.sol:6:5: Warning: No visibility specified. Defaulting to "public". 
    function totalSupply() constant returns (uint256 supply) {}
    ^---------------------------------------------------------^
contracts/StandardToken.sol:6:46: Warning: Unused function parameter. Remove or comment out the variable name to silence this warning.
    function totalSupply() constant returns (uint256 supply) {}
                                             ^------------^
contracts/StandardToken.sol:10:5: Warning: No visibility specified. Defaulting to "public". 
    function balanceOf(address _owner) constant returns (uint256 balance) {}
    ^----------------------------------------------------------------------^
contracts/StandardToken.sol:10:24: Warning: Unused function parameter. Remove or comment out the variable name to silence this warning.
    function balanceOf(address _owner) constant returns (uint256 balance) {}
                       ^------------^
contracts/StandardToken.sol:10:58: Warning: Unused function parameter. Remove or comment out the variable name to silence this warning.
    function balanceOf(address _owner) constant returns (uint256 balance) {}
                                                         ^-------------^
contracts/StandardToken.sol:16:5: Warning: No visibility specified. Defaulting to "public". 
    function transfer(address _to, uint256 _value) returns (bool success) {}
    ^----------------------------------------------------------------------^
contracts/StandardToken.sol:16:23: Warning: Unused function parameter. Remove or comment out the variable name to silence this warning.
    function transfer(address _to, uint256 _value) returns (bool success) {}
                      ^---------^
contracts/StandardToken.sol:16:36: Warning: Unused function parameter. Remove or comment out the variable name to silence this warning.
    function transfer(address _to, uint256 _value) returns (bool success) {}
                                   ^------------^
contracts/StandardToken.sol:16:61: Warning: Unused function parameter. Remove or comment out the variable name to silence this warning.
    function transfer(address _to, uint256 _value) returns (bool success) {}
                                                            ^----------^
contracts/StandardToken.sol:23:5: Warning: No visibility specified. Defaulting to "public". 
    function transferFrom(address _from, address _to, uint256 _value) returns (bool success) {}
    ^-----------------------------------------------------------------------------------------^
contracts/StandardToken.sol:23:27: Warning: Unused function parameter. Remove or comment out the variable name to silence this warning.
    function transferFrom(address _from, address _to, uint256 _value) returns (bool success) {}
                          ^-----------^
contracts/StandardToken.sol:23:42: Warning: Unused function parameter. Remove or comment out the variable name to silence this warning.
    function transferFrom(address _from, address _to, uint256 _value) returns (bool success) {}
                                         ^---------^
contracts/StandardToken.sol:23:55: Warning: Unused function parameter. Remove or comment out the variable name to silence this warning.
    function transferFrom(address _from, address _to, uint256 _value) returns (bool success) {}
                                                      ^------------^
contracts/StandardToken.sol:23:80: Warning: Unused function parameter. Remove or comment out the variable name to silence this warning.
    function transferFrom(address _from, address _to, uint256 _value) returns (bool success) {}
                                                                               ^----------^
contracts/StandardToken.sol:29:5: Warning: No visibility specified. Defaulting to "public". 
    function approve(address _spender, uint256 _value) returns (bool success) {}
    ^--------------------------------------------------------------------------^
contracts/StandardToken.sol:29:22: Warning: Unused function parameter. Remove or comment out the variable name to silence this warning.
    function approve(address _spender, uint256 _value) returns (bool success) {}
                     ^--------------^
contracts/StandardToken.sol:29:40: Warning: Unused function parameter. Remove or comment out the variable name to silence this warning.
    function approve(address _spender, uint256 _value) returns (bool success) {}
                                       ^------------^
contracts/StandardToken.sol:29:65: Warning: Unused function parameter. Remove or comment out the variable name to silence this warning.
    function approve(address _spender, uint256 _value) returns (bool success) {}
                                                                ^----------^
contracts/StandardToken.sol:34:5: Warning: No visibility specified. Defaulting to "public". 
    function allowance(address _owner, address _spender) constant returns (uint256 remaining) {}
    ^------------------------------------------------------------------------------------------^
contracts/StandardToken.sol:34:24: Warning: Unused function parameter. Remove or comment out the variable name to silence this warning.
    function allowance(address _owner, address _spender) constant returns (uint256 remaining) {}
                       ^------------^
contracts/StandardToken.sol:34:40: Warning: Unused function parameter. Remove or comment out the variable name to silence this warning.
    function allowance(address _owner, address _spender) constant returns (uint256 remaining) {}
                                       ^--------------^
contracts/StandardToken.sol:34:76: Warning: Unused function parameter. Remove or comment out the variable name to silence this warning.
    function allowance(address _owner, address _spender) constant returns (uint256 remaining) {}
                                                                           ^---------------^
contracts/StandardToken.sol:45:5: Warning: No visibility specified. Defaulting to "public". 
    function transfer(address _to, uint256 _value) returns (bool success) {
    ^ (Relevant source part starts here and spans across multiple lines).
contracts/StandardToken.sol:58:5: Warning: No visibility specified. Defaulting to "public". 
    function transferFrom(address _from, address _to, uint256 _value) returns (bool success) {
    ^ (Relevant source part starts here and spans across multiple lines).
contracts/StandardToken.sol:70:5: Warning: No visibility specified. Defaulting to "public". 
    function balanceOf(address _owner) constant returns (uint256 balance) {
    ^ (Relevant source part starts here and spans across multiple lines).
contracts/StandardToken.sol:74:5: Warning: No visibility specified. Defaulting to "public". 
    function approve(address _spender, uint256 _value) returns (bool success) {
    ^ (Relevant source part starts here and spans across multiple lines).
contracts/StandardToken.sol:80:5: Warning: No visibility specified. Defaulting to "public". 
    function allowance(address _owner, address _spender) constant returns (uint256 remaining) {
    ^ (Relevant source part starts here and spans across multiple lines).
contracts/StandardToken.sol:93:5: Warning: No visibility specified. Defaulting to "public". 
    function () {
    ^ (Relevant source part starts here and spans across multiple lines).
contracts/StandardToken.sol:117:5: Warning: No visibility specified. Defaulting to "public". 
    function Blammascoin(
    ^ (Relevant source part starts here and spans across multiple lines).
contracts/StandardToken.sol:127:5: Warning: No visibility specified. Defaulting to "public". 
    function approveAndCall(address _spender, uint256 _value, bytes _extraData) returns (bool success) {
    ^ (Relevant source part starts here and spans across multiple lines).
contracts/StandardToken.sol:6:5: Warning: Function state mutability can be restricted to pure
    function totalSupply() constant returns (uint256 supply) {}
    ^---------------------------------------------------------^
contracts/StandardToken.sol:10:5: Warning: Function state mutability can be restricted to pure
    function balanceOf(address _owner) constant returns (uint256 balance) {}
    ^----------------------------------------------------------------------^
contracts/StandardToken.sol:16:5: Warning: Function state mutability can be restricted to pure
    function transfer(address _to, uint256 _value) returns (bool success) {}
    ^----------------------------------------------------------------------^
contracts/StandardToken.sol:23:5: Warning: Function state mutability can be restricted to pure
    function transferFrom(address _from, address _to, uint256 _value) returns (bool success) {}
    ^-----------------------------------------------------------------------------------------^
contracts/StandardToken.sol:29:5: Warning: Function state mutability can be restricted to pure
    function approve(address _spender, uint256 _value) returns (bool success) {}
    ^--------------------------------------------------------------------------^
contracts/StandardToken.sol:34:5: Warning: Function state mutability can be restricted to pure
    function allowance(address _owner, address _spender) constant returns (uint256 remaining) {}
    ^------------------------------------------------------------------------------------------^
assets/NormalAttacker.sol:5:3: Warning: No visibility specified. Defaulting to "public". 
  function() payable {
  ^ (Relevant source part starts here and spans across multiple lines).
assets/ReentrancyAttacker.sol:8:7: Warning: Return value of low-level calls not used.
      msg.sender.call(bytes4(255));
      ^--------------------------^
assets/ReentrancyAttacker.sol:5:3: Warning: No visibility specified. Defaulting to "public". 
  function() payable {
  ^ (Relevant source part starts here and spans across multiple lines).
>> Fuzz Token
** Write stats: 0.007102
** Write stats: 5.00266
** Write stats: 10.0013
** Write stats: 15.0017
** Write stats: 20.0005
** Write stats: 25.0036
** Write stats: 30.0004
** Write stats: 35.0025
** Write stats: 40.0062
** Write stats: 45.0016
** Write stats: 50.0007
** Write stats: 55.0071
** Write stats: 60.004
** Write stats: 65.0061
** Write stats: 70.0004
** Write stats: 75.0058
** Write stats: 80.0042
** Write stats: 85.0066
** Write stats: 90.007
** Write stats: 95.0053
** Write stats: 100.005
** Write stats: 105.004
** Write stats: 110.004
** Write stats: 115.006
** Write stats: 120.007
** Write stats: 125.007
** Write stats: 130.003
** Write stats: 135.008
** Write stats: 140.011
** Write stats: 145.01
** Write stats: 150.005
** Write stats: 155.009
** Write stats: 160.001
** Write stats: 165.001
** Write stats: 170.002
** Write stats: 175.005
** Write stats: 180.001
** Write stats: 185
** Write stats: 190.004
** Write stats: 195.004
** Write stats: 200.005
** Write stats: 205.006
** Write stats: 210
** Write stats: 215.003
** Write stats: 220.009
** Write stats: 225.002
** Write stats: 230.003
** Write stats: 235.001
** Write stats: 240.002
** Write stats: 245.007
** Write stats: 250.002
** Write stats: 255.006
** Write stats: 260.001
** Write stats: 265.008
** Write stats: 270.008
** Write stats: 275.005
** Write stats: 280.006
** Write stats: 285
** Write stats: 290.009
** Write stats: 295.009
** Write stats: 298.034
>> Fuzz Blammascoin
** Write stats: 0.011622
** Write stats: 5.0018
** Write stats: 10.001
** Write stats: 15.0037
** Write stats: 20.0001
** Write stats: 25.0005
** Write stats: 30.004
** Write stats: 35.0049
** Write stats: 40.0048
** Write stats: 45.0084
** Write stats: 50.002
** Write stats: 55.0068
** Write stats: 60.0033
** Write stats: 65.0008
** Write stats: 70.0006
** Write stats: 75.003
** Write stats: 80.0061
** Write stats: 85.0003
** Write stats: 90.0012
** Write stats: 95.0042
** Write stats: 100.001
** Write stats: 105.003
** Write stats: 110.003
** Write stats: 115.006
** Write stats: 120.003
** Write stats: 125.001
** Write stats: 130.012
** Write stats: 135.003
** Write stats: 140.002
** Write stats: 145.002
** Write stats: 150.01
** Write stats: 155.011
** Write stats: 160.003
** Write stats: 165.017
** Write stats: 170.008
** Write stats: 175.008
** Write stats: 180.016
** Write stats: 185.003
** Write stats: 190.003
** Write stats: 195.012
** Write stats: 200.009
** Write stats: 205.001
** Write stats: 210.022
** Write stats: 215.002
** Write stats: 220.009
** Write stats: 225.01
** Write stats: 230.018
** Write stats: 235
** Write stats: 240.007
** Write stats: 245.002
** Write stats: 250.018
** Write stats: 255.004
** Write stats: 260.018
** Write stats: 265.017
** Write stats: 270.004
** Write stats: 275.005
** Write stats: 280.011
** Write stats: 285.026
** Write stats: 290.01
** Write stats: 295.005
** Write stats: 298.071
>> Fuzz StandardToken
** Write stats: 0.007564
** Write stats: 5.0032
** Write stats: 10.0057
** Write stats: 15.0059
** Write stats: 20.0462
** Write stats: 25.0018
** Write stats: 30.0043
** Write stats: 35.0041
** Write stats: 40.0073
** Write stats: 45.0045
** Write stats: 50.0006
** Write stats: 55.0075
** Write stats: 60.0039
** Write stats: 65.0073
** Write stats: 70.005
** Write stats: 75.0071
** Write stats: 80.0042
** Write stats: 85.0023
** Write stats: 90.0039
** Write stats: 95.0014
** Write stats: 100.005
** Write stats: 105.007
** Write stats: 110.004
** Write stats: 115.003
** Write stats: 120.006
** Write stats: 125.008
** Write stats: 130.001
** Write stats: 135.007
** Write stats: 140.002
** Write stats: 145.003
** Write stats: 150.01
** Write stats: 155.005
** Write stats: 160.003
** Write stats: 165.008
** Write stats: 170.005
** Write stats: 175.008
** Write stats: 180.012
** Write stats: 185.003
** Write stats: 190.001
** Write stats: 195.004
** Write stats: 200
** Write stats: 205.01
** Write stats: 210.001
** Write stats: 215.008
** Write stats: 220.006
** Write stats: 225.007
** Write stats: 230.009
** Write stats: 235.004
** Write stats: 240.008
** Write stats: 245.001
** Write stats: 250.003
** Write stats: 255.006
** Write stats: 260.005
** Write stats: 265.003
** Write stats: 270.004
** Write stats: 275.005
** Write stats: 280.008
** Write stats: 285.001
** Write stats: 290.01
** Write stats: 295.007
** Write stats: 298.015
