Extract contract BaseERC20Token from /sb/0x00a33297f4fdd205a429baa6f0f5f8c0962ac6ae.sol
Extract contract ERC20 from /sb/0x00a33297f4fdd205a429baa6f0f5f8c0962ac6ae.sol
Extract contract ERC20Burnable from /sb/0x00a33297f4fdd205a429baa6f0f5f8c0962ac6ae.sol
Extract contract ERC20Capped from /sb/0x00a33297f4fdd205a429baa6f0f5f8c0962ac6ae.sol
Extract contract ERC20Mintable from /sb/0x00a33297f4fdd205a429baa6f0f5f8c0962ac6ae.sol
Extract contract ERC20Token from /sb/0x00a33297f4fdd205a429baa6f0f5f8c0962ac6ae.sol
Extract contract Roles from /sb/0x00a33297f4fdd205a429baa6f0f5f8c0962ac6ae.sol
Extract contract SafeMath from /sb/0x00a33297f4fdd205a429baa6f0f5f8c0962ac6ae.sol
Extract contract TokenRecover from /sb/0x00a33297f4fdd205a429baa6f0f5f8c0962ac6ae.sol
Extracted 9 contract(s) from /sb/0x00a33297f4fdd205a429baa6f0f5f8c0962ac6ae.sol
[0;32m> Created "fuzzMe"[0m
[0;32m> To fuzz contracts:[0m
  chmod +x fuzzMe
  ./fuzzMe
assets/NormalAttacker.sol:1:1: Error: Source file requires different compiler version (current compiler is 0.5.17+commit.d19bba13.Linux.g++ - note that nightly builds are considered to be strictly less than the released version
pragma solidity ^0.4.24;
^----------------------^
assets/ReentrancyAttacker.sol:1:1: Error: Source file requires different compiler version (current compiler is 0.5.17+commit.d19bba13.Linux.g++ - note that nightly builds are considered to be strictly less than the released version
pragma solidity ^0.4.24;
^----------------------^
terminate called after throwing an instance of 'boost::exception_detail::clone_impl<boost::exception_detail::error_info_injector<boost::property_tree::json_parser::json_parser_error> >'
  what():  assets/NormalAttacker.sol.json(1): expected value
./fuzzMe: line 13:    37 Aborted                 (core dumped) ./fuzzer --file contracts/ERC20Mintable.sol.json --name ERC20Mintable --assets assets/ --duration 120 --mode 1 --reporter 1 --log 0 --attacker ReentrancyAttacker
terminate called after throwing an instance of 'boost::exception_detail::clone_impl<boost::exception_detail::error_info_injector<boost::property_tree::json_parser::json_parser_error> >'
  what():  assets/NormalAttacker.sol.json(1): expected value
./fuzzMe: line 14:    38 Aborted                 (core dumped) ./fuzzer --file contracts/ERC20.sol.json --name ERC20 --assets assets/ --duration 120 --mode 1 --reporter 1 --log 0 --attacker ReentrancyAttacker
terminate called after throwing an instance of 'boost::exception_detail::clone_impl<boost::exception_detail::error_info_injector<boost::property_tree::json_parser::json_parser_error> >'
  what():  assets/NormalAttacker.sol.json(1): expected value
./fuzzMe: line 15:    39 Aborted                 (core dumped) ./fuzzer --file contracts/ERC20Capped.sol.json --name ERC20Capped --assets assets/ --duration 120 --mode 1 --reporter 1 --log 0 --attacker ReentrancyAttacker
terminate called after throwing an instance of 'boost::exception_detail::clone_impl<boost::exception_detail::error_info_injector<boost::property_tree::json_parser::json_parser_error> >'
  what():  assets/NormalAttacker.sol.json(1): expected value
./fuzzMe: line 16:    40 Aborted                 (core dumped) ./fuzzer --file contracts/TokenRecover.sol.json --name TokenRecover --assets assets/ --duration 120 --mode 1 --reporter 1 --log 0 --attacker ReentrancyAttacker
terminate called after throwing an instance of 'boost::exception_detail::clone_impl<boost::exception_detail::error_info_injector<boost::property_tree::json_parser::json_parser_error> >'
  what():  assets/NormalAttacker.sol.json(1): expected value
./fuzzMe: line 17:    41 Aborted                 (core dumped) ./fuzzer --file contracts/SafeMath.sol.json --name SafeMath --assets assets/ --duration 120 --mode 1 --reporter 1 --log 0 --attacker ReentrancyAttacker
terminate called after throwing an instance of 'boost::exception_detail::clone_impl<boost::exception_detail::error_info_injector<boost::property_tree::json_parser::json_parser_error> >'
  what():  assets/NormalAttacker.sol.json(1): expected value
./fuzzMe: line 18:    42 Aborted                 (core dumped) ./fuzzer --file contracts/BaseERC20Token.sol.json --name BaseERC20Token --assets assets/ --duration 120 --mode 1 --reporter 1 --log 0 --attacker ReentrancyAttacker
terminate called after throwing an instance of 'boost::exception_detail::clone_impl<boost::exception_detail::error_info_injector<boost::property_tree::json_parser::json_parser_error> >'
  what():  assets/NormalAttacker.sol.json(1): expected value
./fuzzMe: line 19:    43 Aborted                 (core dumped) ./fuzzer --file contracts/ERC20Token.sol.json --name ERC20Token --assets assets/ --duration 120 --mode 1 --reporter 1 --log 0 --attacker ReentrancyAttacker
terminate called after throwing an instance of 'boost::exception_detail::clone_impl<boost::exception_detail::error_info_injector<boost::property_tree::json_parser::json_parser_error> >'
  what():  assets/NormalAttacker.sol.json(1): expected value
./fuzzMe: line 20:    44 Aborted                 (core dumped) ./fuzzer --file contracts/Roles.sol.json --name Roles --assets assets/ --duration 120 --mode 1 --reporter 1 --log 0 --attacker ReentrancyAttacker
terminate called after throwing an instance of 'boost::exception_detail::clone_impl<boost::exception_detail::error_info_injector<boost::property_tree::json_parser::json_parser_error> >'
  what():  assets/NormalAttacker.sol.json(1): expected value
./fuzzMe: line 21:    45 Aborted                 (core dumped) ./fuzzer --file contracts/ERC20Burnable.sol.json --name ERC20Burnable --assets assets/ --duration 120 --mode 1 --reporter 1 --log 0 --attacker ReentrancyAttacker
