ANTLR runtime and generated code versions disagree: 4.9.2!=4.7.2
ANTLR runtime and generated code versions disagree: 4.9.2!=4.7.2
Analysing /sb/0xe57297258717ec66749fcfb4bf23869e252b03c3.sol:BitcoinPro...
Vulnerability: Integer Overflow. Maybe in function: transfer(address,uint256). PC: 0xcc9. Line number: 60.
If a = 115792089237316195423570985008687907852929702298719625575869168577551744717297
and b = 57896044618658097711785491756055115613212698212533647668746492721990786706408
Vulnerability: Integer Overflow. Maybe in function: transferFrom(address,address,uint256). PC: 0x7a0. Line number: 79.
If a = 115792089237316195423570985008687907852929702298719625575982312104822947728572
and b = 57896044618658097711785492504343953926464851149359812787960966623739603064838
Vulnerability: Integer Overflow. Maybe in function: transferFrom(address,address,uint256). PC: 0x8c4. Line number: 82.
If a = 56115394425145412261160962719881185034685368687705687951480887308582589550810
and b = 114930419214093660434893456666117400712318938999545258606334736265502088973990
Vulnerability: Integer Overflow. Maybe in function: transfer(address,uint256). PC: 0xd63. Line number: 62.
If a = 89462424316121747641401570709880456361184625032241772030623428687625326002977
and b = 81826187221254091428137919866864021247321403477807191996424250058322070513645
Vulnerability: Integer Underflow. Maybe in function: distributeBTR(address[]). PC: 0xa23. Line number: 41.
If a = 618475290624
and b = 200000000000
Vulnerability: Integer Overflow. Maybe in function: distributeBTR(address[]). PC: 0xb2b. Line number: 43.
If a = 32
and b = 3618502788666131106986593281521497120414687020801267626233049500247285301242
Vulnerability: Integer Underflow. Maybe in function: distributeBTR(address[]). PC: 0xb34. Line number: 43.
If a = 3618502788666131106986593281521497120414687020801267626233049500247285301242
and b = 3618502788666131106986593281521497120414687020801267626233049500247285301242
Analysing /sb/0xe57297258717ec66749fcfb4bf23869e252b03c3.sol:ERC20...
Nothing to analyse
