ANTLR runtime and generated code versions disagree: 4.9.2!=4.7.2
ANTLR runtime and generated code versions disagree: 4.9.2!=4.7.2
Traceback (most recent call last):
  File "conkas.py", line 143, in <module>
    main()
  File "conkas.py", line 89, in main
    contracts = compile_files([filename])
  File "/usr/local/lib/python3.8/dist-packages/solcx/main.py", line 118, in compile_files
    stdoutdata, stderrdata, command, proc = solc_wrapper(**compiler_kwargs)
  File "/usr/local/lib/python3.8/dist-packages/solcx/utils/string.py", line 78, in inner
    return force_obj_to_text(fn(*args, **kwargs))
  File "/usr/local/lib/python3.8/dist-packages/solcx/wrapper.py", line 187, in solc_wrapper
    raise SolcError(
solcx.exceptions.SolcError: An error occurred during execution
        > command: `/root/.solcx/solc-v0.6.11 --combined-json abi,asm,ast,bin,bin-runtime,devdoc,opcodes,userdoc /sb/0x872b91913dc7279702b7591c970b02519c4615cf.sol`
        > return code: `1`
        > stderr:

        > stdout:
        Warning: SPDX license identifier not provided in source file. Before publishing, consider adding a comment containing "SPDX-License-Identifier: <SPDX-License>" to each source file. Use "SPDX-License-Identifier: UNLICENSED" for non-open-source code. Please see https://spdx.org for more information.
--> /sb/0x872b91913dc7279702b7591c970b02519c4615cf.sol

Error: Functions are not allowed to have the same name as the contract. If you intend this to be a constructor, use "constructor(...) { ... }" to define it.
 --> /sb/0x872b91913dc7279702b7591c970b02519c4615cf.sol:6:5:
  |
6 |     function mortal() { owner = msg.sender; }
  |     ^^^^^^^^^^^^^^^^^^^^^^^^^^^^^^^^^^^^^^^^^

Error: No visibility specified. Did you intend to add "public"?
 --> /sb/0x872b91913dc7279702b7591c970b02519c4615cf.sol:6:5:
  |
6 |     function mortal() { owner = msg.sender; }
  |     ^^^^^^^^^^^^^^^^^^^^^^^^^^^^^^^^^^^^^^^^^

Error: No visibility specified. Did you intend to add "public"?
 --> /sb/0x872b91913dc7279702b7591c970b02519c4615cf.sol:9:5:
  |
9 |     function kill() { if (msg.sender == owner) selfdestruct(owner); }
  |     ^^^^^^^^^^^^^^^^^^^^^^^^^^^^^^^^^^^^^^^^^^^^^^^^^^^^^^^^^^^^^^^^^

Error: Functions are not allowed to have the same name as the contract. If you intend this to be a constructor, use "constructor(...) { ... }" to define it.
  --> /sb/0x872b91913dc7279702b7591c970b02519c4615cf.sol:23:5:
   |
23 |     function Videos(){
   |     ^ (Relevant source part starts here and spans across multiple lines).

Error: No visibility specified. Did you intend to add "public"?
  --> /sb/0x872b91913dc7279702b7591c970b02519c4615cf.sol:23:5:
   |
23 |     function Videos(){
   |     ^ (Relevant source part starts here and spans across multiple lines).

Error: No visibility specified. Did you intend to add "public"?
  --> /sb/0x872b91913dc7279702b7591c970b02519c4615cf.sol:28:5:
   |
28 |     function submitVideo(string videoURL, string team) returns (uint videoID)
   |     ^ (Relevant source part starts here and spans across multiple lines).

Error: No visibility specified. Did you intend to add "public"?
  --> /sb/0x872b91913dc7279702b7591c970b02519c4615cf.sol:35:9:
   |
35 |         function vote(uint videoID)
   |         ^ (Relevant source part starts here and spans across multiple lines).

Warning: This declaration shadows an existing declaration.
 --> /sb/0x872b91913dc7279702b7591c970b02519c4615cf.sol:6:5:
  |
6 |     function mortal() { owner = msg.sender; }
  |     ^^^^^^^^^^^^^^^^^^^^^^^^^^^^^^^^^^^^^^^^^
Note: The shadowed declaration is here:
 --> /sb/0x872b91913dc7279702b7591c970b02519c4615cf.sol:2:1:
  |
2 | contract mortal {
  | ^ (Relevant source part starts here and spans across multiple lines).

Warning: This declaration shadows an existing declaration.
  --> /sb/0x872b91913dc7279702b7591c970b02519c4615cf.sol:23:5:
   |
23 |     function Videos(){
   |     ^ (Relevant source part starts here and spans across multiple lines).
Note: The shadowed declaration is here:
  --> /sb/0x872b91913dc7279702b7591c970b02519c4615cf.sol:12:1:
   |
12 | contract Videos is mortal {
   | ^ (Relevant source part starts here and spans across multiple lines).

Error: Data location must be "memory" or "calldata" for parameter in function, but none was given.
  --> /sb/0x872b91913dc7279702b7591c970b02519c4615cf.sol:28:26:
   |
28 |     function submitVideo(string videoURL, string team) returns (uint videoID)
   |                          ^^^^^^^^^^^^^^^

Error: Data location must be "memory" or "calldata" for parameter in function, but none was given.
  --> /sb/0x872b91913dc7279702b7591c970b02519c4615cf.sol:28:43:
   |
28 |     function submitVideo(string videoURL, string team) returns (uint videoID)
   |                                           ^^^^^^^^^^^
