'solc --version' running
'solc /sb/0xaf13c1914b9547e6452b9ef7cd795c6dea761a25.sol --combined-json abi,ast,bin,bin-runtime,srcmap,srcmap-runtime,userdoc,devdoc,hashes,compact-format --allow-paths .,/sb' running
Compilation warnings/errors on /sb/0xaf13c1914b9547e6452b9ef7cd795c6dea761a25.sol:
/sb/0xaf13c1914b9547e6452b9ef7cd795c6dea761a25.sol:17:5: Warning: Defining constructors as functions with the same name as the contract is deprecated. Use "constructor(...) { ... }" instead.
    function Ownable() public{
    ^ (Relevant source part starts here and spans across multiple lines).
/sb/0xaf13c1914b9547e6452b9ef7cd795c6dea761a25.sol:107:5: Warning: Defining constructors as functions with the same name as the contract is deprecated. Use "constructor(...) { ... }" instead.
    function ApolloSeptemBaseCrowdsale(address _wallet, address _tokens) public{		
    ^ (Relevant source part starts here and spans across multiple lines).
/sb/0xaf13c1914b9547e6452b9ef7cd795c6dea761a25.sol:208:5: Warning: Defining constructors as functions with the same name as the contract is deprecated. Use "constructor(...) { ... }" instead.
    function ApolloSeptemCappedCrowdsale() public {}
    ^----------------------------------------------^
/sb/0xaf13c1914b9547e6452b9ef7cd795c6dea761a25.sol:238:5: Warning: Defining constructors as functions with the same name as the contract is deprecated. Use "constructor(...) { ... }" instead.
    function ApolloSeptemCrowdsaleExtended(address _wallet,address _tokensAddress) public
    ^ (Relevant source part starts here and spans across multiple lines).
/sb/0xaf13c1914b9547e6452b9ef7cd795c6dea761a25.sol:35:9: Warning: Invoking events without "emit" prefix is deprecated.
        OwnershipTransferred(owner,newOwner);
        ^----------------------------------^
/sb/0xaf13c1914b9547e6452b9ef7cd795c6dea761a25.sol:138:9: Warning: Invoking events without "emit" prefix is deprecated.
        ApolloSeptemTokenPurchase(msg.sender, beneficiary, weiAmount, tokens);
        ^-------------------------------------------------------------------^
/sb/0xaf13c1914b9547e6452b9ef7cd795c6dea761a25.sol:152:9: Warning: Invoking events without "emit" prefix is deprecated.
        ApolloSeptemTokenSpecialPurchase(msg.sender, _to, tokens);
        ^-------------------------------------------------------^
/sb/0xaf13c1914b9547e6452b9ef7cd795c6dea761a25.sol:250:9: Warning: Invoking events without "emit" prefix is deprecated.
        ApolloSeptemStarted();
        ^-------------------^
/sb/0xaf13c1914b9547e6452b9ef7cd795c6dea761a25.sol:269:9: Warning: Invoking events without "emit" prefix is deprecated.
        ApolloSeptemFinalized();
        ^---------------------^


ApolloSeptemBaseCrowdsale.buyTokens(address) (../sb/0xaf13c1914b9547e6452b9ef7cd795c6dea761a25.sol#121-141) ignores return value by tokenReward.transfer(beneficiary,tokens) (../sb/0xaf13c1914b9547e6452b9ef7cd795c6dea761a25.sol#136)
ApolloSeptemBaseCrowdsale.specialTransfer(address,uint256) (../sb/0xaf13c1914b9547e6452b9ef7cd795c6dea761a25.sol#144-155) ignores return value by tokenReward.transfer(_to,tokens) (../sb/0xaf13c1914b9547e6452b9ef7cd795c6dea761a25.sol#151)
ApolloSeptemBaseCrowdsale.sendAllToOwner(address) (../sb/0xaf13c1914b9547e6452b9ef7cd795c6dea761a25.sol#187-190) ignores return value by tokenReward.transfer(beneficiary,tokenReward.balanceOf(this)) (../sb/0xaf13c1914b9547e6452b9ef7cd795c6dea761a25.sol#188)
Reference: https://github.com/crytic/slither/wiki/Detector-Documentation#unchecked-transfer

ApolloSeptemBaseCrowdsale.isWithinICOLimit(uint256) (../sb/0xaf13c1914b9547e6452b9ef7cd795c6dea761a25.sol#179-181) contains a tautology or contradiction:
	- tokenReward.balanceOf(this).sub(_tokens) >= 0 (../sb/0xaf13c1914b9547e6452b9ef7cd795c6dea761a25.sol#180)
Reference: https://github.com/crytic/slither/wiki/Detector-Documentation#tautology-or-contradiction

ApolloSeptemBaseCrowdsale.ApolloSeptemBaseCrowdsale(address,address)._tokens (../sb/0xaf13c1914b9547e6452b9ef7cd795c6dea761a25.sol#107) lacks a zero-check on :
		- tokenAddress = _tokens (../sb/0xaf13c1914b9547e6452b9ef7cd795c6dea761a25.sol#109)
Reference: https://github.com/crytic/slither/wiki/Detector-Documentation#missing-zero-address-validation

Reentrancy in ApolloSeptemBaseCrowdsale.buyTokens(address) (../sb/0xaf13c1914b9547e6452b9ef7cd795c6dea761a25.sol#121-141):
	External calls:
	- require(bool)(isWithinTokenAllocLimit(tokens)) (../sb/0xaf13c1914b9547e6452b9ef7cd795c6dea761a25.sol#130)
		- tokenReward.balanceOf(this).sub(_tokens) >= 0 (../sb/0xaf13c1914b9547e6452b9ef7cd795c6dea761a25.sol#180)
	State variables written after the call(s):
	- weiRaised = weiRaised.add(weiAmount) (../sb/0xaf13c1914b9547e6452b9ef7cd795c6dea761a25.sol#133)
Reference: https://github.com/crytic/slither/wiki/Detector-Documentation#reentrancy-vulnerabilities-2

Reentrancy in ApolloSeptemBaseCrowdsale.buyTokens(address) (../sb/0xaf13c1914b9547e6452b9ef7cd795c6dea761a25.sol#121-141):
	External calls:
	- require(bool)(isWithinTokenAllocLimit(tokens)) (../sb/0xaf13c1914b9547e6452b9ef7cd795c6dea761a25.sol#130)
		- tokenReward.balanceOf(this).sub(_tokens) >= 0 (../sb/0xaf13c1914b9547e6452b9ef7cd795c6dea761a25.sol#180)
	- tokenReward.transfer(beneficiary,tokens) (../sb/0xaf13c1914b9547e6452b9ef7cd795c6dea761a25.sol#136)
	Event emitted after the call(s):
	- ApolloSeptemTokenPurchase(msg.sender,beneficiary,weiAmount,tokens) (../sb/0xaf13c1914b9547e6452b9ef7cd795c6dea761a25.sol#138)
Reentrancy in ApolloSeptemBaseCrowdsale.specialTransfer(address,uint256) (../sb/0xaf13c1914b9547e6452b9ef7cd795c6dea761a25.sol#144-155):
	External calls:
	- tokenReward.transfer(_to,tokens) (../sb/0xaf13c1914b9547e6452b9ef7cd795c6dea761a25.sol#151)
	Event emitted after the call(s):
	- ApolloSeptemTokenSpecialPurchase(msg.sender,_to,tokens) (../sb/0xaf13c1914b9547e6452b9ef7cd795c6dea761a25.sol#152)
Reference: https://github.com/crytic/slither/wiki/Detector-Documentation#reentrancy-vulnerabilities-3

ApolloSeptemBaseCrowdsale.hasEnded() (../sb/0xaf13c1914b9547e6452b9ef7cd795c6dea761a25.sol#158-160) uses timestamp for comparisons
	Dangerous comparisons:
	- now > endTime (../sb/0xaf13c1914b9547e6452b9ef7cd795c6dea761a25.sol#159)
ApolloSeptemBaseCrowdsale.validPurchase() (../sb/0xaf13c1914b9547e6452b9ef7cd795c6dea761a25.sol#168-173) uses timestamp for comparisons
	Dangerous comparisons:
	- withinPeriod = now >= startTime && now <= endTime (../sb/0xaf13c1914b9547e6452b9ef7cd795c6dea761a25.sol#169)
	- withinPeriod && nonZeroPurchase && isWithinICOTimeLimit() (../sb/0xaf13c1914b9547e6452b9ef7cd795c6dea761a25.sol#172)
ApolloSeptemBaseCrowdsale.isWithinICOTimeLimit() (../sb/0xaf13c1914b9547e6452b9ef7cd795c6dea761a25.sol#175-177) uses timestamp for comparisons
	Dangerous comparisons:
	- now <= endTime (../sb/0xaf13c1914b9547e6452b9ef7cd795c6dea761a25.sol#176)
ApolloSeptemBaseCrowdsale.isWithinTokenAllocLimit(uint256) (../sb/0xaf13c1914b9547e6452b9ef7cd795c6dea761a25.sol#183-185) uses timestamp for comparisons
	Dangerous comparisons:
	- (isWithinICOTimeLimit() && isWithinICOLimit(_tokens)) (../sb/0xaf13c1914b9547e6452b9ef7cd795c6dea761a25.sol#184)
ApolloSeptemCappedCrowdsale.validPurchase() (../sb/0xaf13c1914b9547e6452b9ef7cd795c6dea761a25.sol#212-216) uses timestamp for comparisons
	Dangerous comparisons:
	- super.validPurchase() && withinCap (../sb/0xaf13c1914b9547e6452b9ef7cd795c6dea761a25.sol#215)
ApolloSeptemCappedCrowdsale.hasEnded() (../sb/0xaf13c1914b9547e6452b9ef7cd795c6dea761a25.sol#220-223) uses timestamp for comparisons
	Dangerous comparisons:
	- super.hasEnded() || capReached (../sb/0xaf13c1914b9547e6452b9ef7cd795c6dea761a25.sol#222)
Reference: https://github.com/crytic/slither/wiki/Detector-Documentation#block-timestamp

Version constraint ^0.4.18 contains known severe issues (https://solidity.readthedocs.io/en/latest/bugs.html)
	- DirtyBytesArrayToStorage
	- ABIDecodeTwoDimensionalArrayMemory
	- KeccakCaching
	- EmptyByteArrayCopy
	- DynamicArrayCleanup
	- ImplicitConstructorCallvalueCheck
	- TupleAssignmentMultiStackSlotComponents
	- MemoryArrayCreationOverflow
	- privateCanBeOverridden
	- SignedArrayStorageCopy
	- ABIEncoderV2StorageArrayWithMultiSlotElement
	- DynamicConstructorArgumentsClippedABIV2
	- UninitializedFunctionPointerInConstructor_0.4.x
	- IncorrectEventSignatureInLibraries_0.4.x
	- ExpExponentCleanup
	- EventStructWrongData
	- NestedArrayFunctionCallDecoder.
It is used by:
	- ^0.4.18 (../sb/0xaf13c1914b9547e6452b9ef7cd795c6dea761a25.sol#1)
solc-0.4.26 is an outdated solc version. Use a more recent version (at least 0.8.0), if possible.
Reference: https://github.com/crytic/slither/wiki/Detector-Documentation#incorrect-versions-of-solidity

Contract token (../sb/0xaf13c1914b9547e6452b9ef7cd795c6dea761a25.sol#69-73) is not in CapWords
Parameter ApolloSeptemBaseCrowdsale.specialTransfer(address,uint256)._to (../sb/0xaf13c1914b9547e6452b9ef7cd795c6dea761a25.sol#144) is not in mixedCase
Parameter ApolloSeptemBaseCrowdsale.specialTransfer(address,uint256)._amount (../sb/0xaf13c1914b9547e6452b9ef7cd795c6dea761a25.sol#144) is not in mixedCase
Parameter ApolloSeptemBaseCrowdsale.isWithinICOLimit(uint256)._tokens (../sb/0xaf13c1914b9547e6452b9ef7cd795c6dea761a25.sol#179) is not in mixedCase
Parameter ApolloSeptemBaseCrowdsale.isWithinTokenAllocLimit(uint256)._tokens (../sb/0xaf13c1914b9547e6452b9ef7cd795c6dea761a25.sol#183) is not in mixedCase
Parameter ApolloSeptemCrowdsaleExtended.start(uint256)._weiRaised (../sb/0xaf13c1914b9547e6452b9ef7cd795c6dea761a25.sol#246) is not in mixedCase
Parameter ApolloSeptemCrowdsaleExtended.starting(uint256)._weiRaised (../sb/0xaf13c1914b9547e6452b9ef7cd795c6dea761a25.sol#255) is not in mixedCase
Parameter ApolloSeptemCrowdsaleExtended.apolloSpecialTransfer(address,uint256)._beneficiary (../sb/0xaf13c1914b9547e6452b9ef7cd795c6dea761a25.sol#277) is not in mixedCase
Parameter ApolloSeptemCrowdsaleExtended.apolloSpecialTransfer(address,uint256)._amount (../sb/0xaf13c1914b9547e6452b9ef7cd795c6dea761a25.sol#277) is not in mixedCase
Parameter ApolloSeptemCrowdsaleExtended.sendRemaningBalanceToOwner(address)._tokenOwner (../sb/0xaf13c1914b9547e6452b9ef7cd795c6dea761a25.sol#284) is not in mixedCase
Reference: https://github.com/crytic/slither/wiki/Detector-Documentation#conformance-to-solidity-naming-conventions
/sb/0xaf13c1914b9547e6452b9ef7cd795c6dea761a25.sol analyzed (6 contracts with 100 detectors), 26 result(s) found
