Extract contract /sb/0xb5aff01f3e820735fac9abb594dc9993cb9e5bd2.sol:42:13: from /sb/0xb5aff01f3e820735fac9abb594dc9993cb9e5bd2.sol
cp: cannot create regular file '/home/contracts//sb/0xb5aff01f3e820735fac9abb594dc9993cb9e5bd2.sol:42:13:.sol': No such file or directory
Extract contract TypeError: from /sb/0xb5aff01f3e820735fac9abb594dc9993cb9e5bd2.sol
Extract contract Operator from /sb/0xb5aff01f3e820735fac9abb594dc9993cb9e5bd2.sol
Extract contract < from /sb/0xb5aff01f3e820735fac9abb594dc9993cb9e5bd2.sol
Extract contract not from /sb/0xb5aff01f3e820735fac9abb594dc9993cb9e5bd2.sol
Extract contract compatible from /sb/0xb5aff01f3e820735fac9abb594dc9993cb9e5bd2.sol
Extract contract with from /sb/0xb5aff01f3e820735fac9abb594dc9993cb9e5bd2.sol
Extract contract types from /sb/0xb5aff01f3e820735fac9abb594dc9993cb9e5bd2.sol
Extract contract uint256 from /sb/0xb5aff01f3e820735fac9abb594dc9993cb9e5bd2.sol
Extract contract and from /sb/0xb5aff01f3e820735fac9abb594dc9993cb9e5bd2.sol
Extract contract rational_const from /sb/0xb5aff01f3e820735fac9abb594dc9993cb9e5bd2.sol
Extract contract 1 from /sb/0xb5aff01f3e820735fac9abb594dc9993cb9e5bd2.sol
Extract contract / from /sb/0xb5aff01f3e820735fac9abb594dc9993cb9e5bd2.sol
Extract contract 2000000000000000000 from /sb/0xb5aff01f3e820735fac9abb594dc9993cb9e5bd2.sol
Extract contract if from /sb/0xb5aff01f3e820735fac9abb594dc9993cb9e5bd2.sol
Extract contract (amount from /sb/0xb5aff01f3e820735fac9abb594dc9993cb9e5bd2.sol
Extract contract < from /sb/0xb5aff01f3e820735fac9abb594dc9993cb9e5bd2.sol
Extract contract 1 from /sb/0xb5aff01f3e820735fac9abb594dc9993cb9e5bd2.sol
Extract contract / from /sb/0xb5aff01f3e820735fac9abb594dc9993cb9e5bd2.sol
Extract contract 2 from /sb/0xb5aff01f3e820735fac9abb594dc9993cb9e5bd2.sol
Extract contract ether) from /sb/0xb5aff01f3e820735fac9abb594dc9993cb9e5bd2.sol
Extract contract {
 from /sb/0xb5aff01f3e820735fac9abb594dc9993cb9e5bd2.sol
Extract contract ^------------------^ from /sb/0xb5aff01f3e820735fac9abb594dc9993cb9e5bd2.sol
Extracted 23 contract(s) from /sb/0xb5aff01f3e820735fac9abb594dc9993cb9e5bd2.sol
[0;32m> Created "fuzzMe"[0m
[0;32m> To fuzz contracts:[0m
  chmod +x fuzzMe
  ./fuzzMe
contracts/TypeError:.sol:29:5: Warning: Defining constructors as functions with the same name as the contract is deprecated. Use "constructor(...) { ... }" instead.
    function TheGame() {
    ^ (Relevant source part starts here and spans across multiple lines).
contracts/TypeError:.sol:130:29: Warning: This declaration shadows an existing declaration.
    function new_mainPlayer(address new_mainPlayer) {
                            ^--------------------^
contracts/TypeError:.sol:130:5: The shadowed declaration is here:
    function new_mainPlayer(address new_mainPlayer) {
    ^ (Relevant source part starts here and spans across multiple lines).

contracts/TypeError:.sol:144:30: Warning: This declaration shadows an existing declaration.
    function newfirst_player(address newfirst_player) {
                             ^---------------------^
contracts/TypeError:.sol:144:5: The shadowed declaration is here:
    function newfirst_player(address newfirst_player) {
    ^ (Relevant source part starts here and spans across multiple lines).

contracts/TypeError:.sol:42:13: Error: Operator < not compatible with types uint256 and rational_const 1 / 2000000000000000000
        if (amount < 1 / 2 ether) {
            ^------------------^
contracts/TypeError:.sol:43:13: Warning: Failure condition of 'send' ignored. Consider using 'transfer' instead.
            msg.sender.send(msg.value);
            ^------------------------^
contracts/TypeError:.sol:48:13: Warning: Failure condition of 'send' ignored. Consider using 'transfer' instead.
            msg.sender.send(msg.value - 25 ether);
            ^-----------------------------------^
contracts/TypeError:.sol:58:17: Warning: Failure condition of 'send' ignored. Consider using 'transfer' instead.
                playersAddresses[playersAddresses.length - 1].send(jackpot);
                ^---------------------------------------------------------^
contracts/TypeError:.sol:61:17: Warning: Failure condition of 'send' ignored. Consider using 'transfer' instead.
                playersAddresses[playersAddresses.length - 1].send(jackpot * 70 / 100);
                ^--------------------------------------------------------------------^
contracts/TypeError:.sol:62:17: Warning: Failure condition of 'send' ignored. Consider using 'transfer' instead.
                playersAddresses[playersAddresses.length - 2].send(jackpot * 30 / 100);
                ^--------------------------------------------------------------------^
contracts/TypeError:.sol:65:17: Warning: Failure condition of 'send' ignored. Consider using 'transfer' instead.
                playersAddresses[playersAddresses.length - 1].send(jackpot * 70 / 100);
                ^--------------------------------------------------------------------^
contracts/TypeError:.sol:66:17: Warning: Failure condition of 'send' ignored. Consider using 'transfer' instead.
                playersAddresses[playersAddresses.length - 2].send(jackpot * 20 / 100);
                ^--------------------------------------------------------------------^
contracts/TypeError:.sol:67:17: Warning: Failure condition of 'send' ignored. Consider using 'transfer' instead.
                playersAddresses[playersAddresses.length - 3].send(jackpot * 10 / 100);
                ^--------------------------------------------------------------------^
contracts/TypeError:.sol:85:13: Warning: Failure condition of 'send' ignored. Consider using 'transfer' instead.
            first_player.send(amount * 3 / 100);
            ^---------------------------------^
contracts/TypeError:.sol:103:13: Warning: Failure condition of 'send' ignored. Consider using 'transfer' instead.
            first_player.send(amount * 3 / 100);
            ^---------------------------------^
contracts/TypeError:.sol:109:17: Warning: Failure condition of 'send' ignored. Consider using 'transfer' instead.
                playersAddresses[lastPlayerPaid].send(playersAmounts[lastPlayerPaid]);
                ^-------------------------------------------------------------------^
contracts/TypeError:.sol:124:13: Warning: Failure condition of 'send' ignored. Consider using 'transfer' instead.
            mainPlayer.send(address(this).balance);
            ^------------------------------------^
contracts/TypeError:.sol:139:13: Warning: Failure condition of 'send' ignored. Consider using 'transfer' instead.
            mainPlayer.send(collectedFee);
            ^---------------------------^
./fuzzMe: line 3: syntax error near unexpected token `)'
./fuzzMe: line 3: `solc --combined-json abi,bin,bin-runtime,srcmap,srcmap-runtime contracts/ether).sol > contracts/ether).sol.json'
