Extract contract /sb/0x316201F586706aAa2795bC2a3F0BAd2379c363e4.sol:21:64: from /sb/0x316201F586706aAa2795bC2a3F0BAd2379c363e4.sol
cp: cannot create regular file '/home/contracts//sb/0x316201F586706aAa2795bC2a3F0BAd2379c363e4.sol:21:64:.sol': No such file or directory
Extract contract ParserError: from /sb/0x316201F586706aAa2795bC2a3F0BAd2379c363e4.sol
Extract contract Expected from /sb/0x316201F586706aAa2795bC2a3F0BAd2379c363e4.sol
Extract contract ';' from /sb/0x316201F586706aAa2795bC2a3F0BAd2379c363e4.sol
Extract contract but from /sb/0x316201F586706aAa2795bC2a3F0BAd2379c363e4.sol
Extract contract got from /sb/0x316201F586706aAa2795bC2a3F0BAd2379c363e4.sol
Extract contract '}' from /sb/0x316201F586706aAa2795bC2a3F0BAd2379c363e4.sol
Extract contract address from /sb/0x316201F586706aAa2795bC2a3F0BAd2379c363e4.sol
Extract contract public from /sb/0x316201F586706aAa2795bC2a3F0BAd2379c363e4.sol
Extract contract owner; from /sb/0x316201F586706aAa2795bC2a3F0BAd2379c363e4.sol
Extract contract modifier from /sb/0x316201F586706aAa2795bC2a3F0BAd2379c363e4.sol
Extract contract onlyowner{if(msg.sender==owner)_}
 from /sb/0x316201F586706aAa2795bC2a3F0BAd2379c363e4.sol
Extract contract ^ from /sb/0x316201F586706aAa2795bC2a3F0BAd2379c363e4.sol
Extracted 13 contract(s) from /sb/0x316201F586706aAa2795bC2a3F0BAd2379c363e4.sol
[0;32m> Created "fuzzMe"[0m
[0;32m> To fuzz contracts:[0m
  chmod +x fuzzMe
  ./fuzzMe
contracts/modifier.sol:21:64: Error: Expected ';' but got '}'
address public owner; modifier onlyowner{if(msg.sender==owner)_}
                                                               ^
contracts/got.sol:21:64: Error: Expected ';' but got '}'
address public owner; modifier onlyowner{if(msg.sender==owner)_}
                                                               ^
contracts/ParserError:.sol:21:64: Error: Expected ';' but got '}'
address public owner; modifier onlyowner{if(msg.sender==owner)_}
                                                               ^
contracts/Expected.sol:21:64: Error: Expected ';' but got '}'
address public owner; modifier onlyowner{if(msg.sender==owner)_}
                                                               ^
""contracts/}.sol"" is not found
contracts/but.sol:21:64: Error: Expected ';' but got '}'
address public owner; modifier onlyowner{if(msg.sender==owner)_}
                                                               ^
""contracts/;.sol"" is not found
""contracts/owner"" is not found
./fuzzMe: line 9: .sol: command not found
./fuzzMe: line 9: .sol.json: command not found
./fuzzMe: line 10: syntax error near unexpected token `('
./fuzzMe: line 10: `solc --combined-json abi,bin,bin-runtime,srcmap,srcmap-runtime contracts/onlyowner{if(msg.sender==owner)_}
.sol > contracts/onlyowner{if(msg.sender==owner)_}
.sol.json'
