A new version of Solhint is available: 6.0.1
Please consider updating your Solhint package.
/sb/0x29171eeaa66a2565b8e26e5403e667258dcc1b3e.sol:1:1: Found more than One contract per file. 6 contracts found! [Warning/one-contract-per-file]
/sb/0x29171eeaa66a2565b8e26e5403e667258dcc1b3e.sol:1:1: Compiler version ^0.4.24 does not satisfy the ^0.8.24 semver requirement [Error/compiler-version]
/sb/0x29171eeaa66a2565b8e26e5403e667258dcc1b3e.sol:3:1: Missing @title tag in contract 'POOHMOXevents' [Warning/use-natspec]
/sb/0x29171eeaa66a2565b8e26e5403e667258dcc1b3e.sol:3:1: Missing @author tag in contract 'POOHMOXevents' [Warning/use-natspec]
/sb/0x29171eeaa66a2565b8e26e5403e667258dcc1b3e.sol:3:1: Missing @notice tag in contract 'POOHMOXevents' [Warning/use-natspec]
/sb/0x29171eeaa66a2565b8e26e5403e667258dcc1b3e.sol:5:5: Missing @notice tag in event 'onNewName' [Warning/use-natspec]
/sb/0x29171eeaa66a2565b8e26e5403e667258dcc1b3e.sol:5:5: Missing @param tag in event 'onNewName' [Warning/use-natspec]
/sb/0x29171eeaa66a2565b8e26e5403e667258dcc1b3e.sol:5:5: Mismatch in @param names for event 'onNewName'. Expected: [playerID, playerAddress, playerName, isNewPlayer, affiliateID, affiliateAddress, affiliateName, amountPaid, timeStamp], Found: [] [Warning/use-natspec]
/sb/0x29171eeaa66a2565b8e26e5403e667258dcc1b3e.sol:5:5: Event name must be in CapWords [Warning/event-name-capwords]
/sb/0x29171eeaa66a2565b8e26e5403e667258dcc1b3e.sol:19:5: Missing @notice tag in event 'onEndTx' [Warning/use-natspec]
/sb/0x29171eeaa66a2565b8e26e5403e667258dcc1b3e.sol:19:5: Missing @param tag in event 'onEndTx' [Warning/use-natspec]
/sb/0x29171eeaa66a2565b8e26e5403e667258dcc1b3e.sol:19:5: Mismatch in @param names for event 'onEndTx'. Expected: [compressedData, compressedIDs, playerName, playerAddress, ethIn, keysBought, winnerAddr, winnerName, amountWon, newPot, POOHAmount, genAmount, potAmount], Found: [] [Warning/use-natspec]
/sb/0x29171eeaa66a2565b8e26e5403e667258dcc1b3e.sol:19:5: Event name must be in CapWords [Warning/event-name-capwords]
/sb/0x29171eeaa66a2565b8e26e5403e667258dcc1b3e.sol:19:5: GC: [compressedData] on Event [onEndTx] could be Indexed [Warning/gas-indexed-events]
/sb/0x29171eeaa66a2565b8e26e5403e667258dcc1b3e.sol:19:5: GC: [compressedIDs] on Event [onEndTx] could be Indexed [Warning/gas-indexed-events]
/sb/0x29171eeaa66a2565b8e26e5403e667258dcc1b3e.sol:19:5: GC: [playerAddress] on Event [onEndTx] could be Indexed [Warning/gas-indexed-events]
/sb/0x29171eeaa66a2565b8e26e5403e667258dcc1b3e.sol:19:5: GC: [ethIn] on Event [onEndTx] could be Indexed [Warning/gas-indexed-events]
/sb/0x29171eeaa66a2565b8e26e5403e667258dcc1b3e.sol:19:5: GC: [keysBought] on Event [onEndTx] could be Indexed [Warning/gas-indexed-events]
/sb/0x29171eeaa66a2565b8e26e5403e667258dcc1b3e.sol:19:5: GC: [winnerAddr] on Event [onEndTx] could be Indexed [Warning/gas-indexed-events]
/sb/0x29171eeaa66a2565b8e26e5403e667258dcc1b3e.sol:19:5: GC: [amountWon] on Event [onEndTx] could be Indexed [Warning/gas-indexed-events]
/sb/0x29171eeaa66a2565b8e26e5403e667258dcc1b3e.sol:19:5: GC: [newPot] on Event [onEndTx] could be Indexed [Warning/gas-indexed-events]
/sb/0x29171eeaa66a2565b8e26e5403e667258dcc1b3e.sol:19:5: GC: [POOHAmount] on Event [onEndTx] could be Indexed [Warning/gas-indexed-events]
/sb/0x29171eeaa66a2565b8e26e5403e667258dcc1b3e.sol:19:5: GC: [genAmount] on Event [onEndTx] could be Indexed [Warning/gas-indexed-events]
/sb/0x29171eeaa66a2565b8e26e5403e667258dcc1b3e.sol:19:5: GC: [potAmount] on Event [onEndTx] could be Indexed [Warning/gas-indexed-events]
/sb/0x29171eeaa66a2565b8e26e5403e667258dcc1b3e.sol:31:9: Variable name must be in mixedCase POOHAmount [Warning/var-name-mixedcase]
/sb/0x29171eeaa66a2565b8e26e5403e667258dcc1b3e.sol:37:5: Missing @notice tag in event 'onWithdraw' [Warning/use-natspec]
/sb/0x29171eeaa66a2565b8e26e5403e667258dcc1b3e.sol:37:5: Missing @param tag in event 'onWithdraw' [Warning/use-natspec]
/sb/0x29171eeaa66a2565b8e26e5403e667258dcc1b3e.sol:37:5: Mismatch in @param names for event 'onWithdraw'. Expected: [playerID, playerAddress, playerName, ethOut, timeStamp], Found: [] [Warning/use-natspec]
/sb/0x29171eeaa66a2565b8e26e5403e667258dcc1b3e.sol:37:5: Event name must be in CapWords [Warning/event-name-capwords]
/sb/0x29171eeaa66a2565b8e26e5403e667258dcc1b3e.sol:37:5: GC: [playerAddress] on Event [onWithdraw] could be Indexed [Warning/gas-indexed-events]
/sb/0x29171eeaa66a2565b8e26e5403e667258dcc1b3e.sol:37:5: GC: [ethOut] on Event [onWithdraw] could be Indexed [Warning/gas-indexed-events]
/sb/0x29171eeaa66a2565b8e26e5403e667258dcc1b3e.sol:37:5: GC: [timeStamp] on Event [onWithdraw] could be Indexed [Warning/gas-indexed-events]
/sb/0x29171eeaa66a2565b8e26e5403e667258dcc1b3e.sol:47:5: Missing @notice tag in event 'onWithdrawAndDistribute' [Warning/use-natspec]
/sb/0x29171eeaa66a2565b8e26e5403e667258dcc1b3e.sol:47:5: Missing @param tag in event 'onWithdrawAndDistribute' [Warning/use-natspec]
/sb/0x29171eeaa66a2565b8e26e5403e667258dcc1b3e.sol:47:5: Mismatch in @param names for event 'onWithdrawAndDistribute'. Expected: [playerAddress, playerName, ethOut, compressedData, compressedIDs, winnerAddr, winnerName, amountWon, newPot, POOHAmount, genAmount], Found: [] [Warning/use-natspec]
/sb/0x29171eeaa66a2565b8e26e5403e667258dcc1b3e.sol:47:5: Event name must be in CapWords [Warning/event-name-capwords]
/sb/0x29171eeaa66a2565b8e26e5403e667258dcc1b3e.sol:47:5: GC: [playerAddress] on Event [onWithdrawAndDistribute] could be Indexed [Warning/gas-indexed-events]
/sb/0x29171eeaa66a2565b8e26e5403e667258dcc1b3e.sol:47:5: GC: [ethOut] on Event [onWithdrawAndDistribute] could be Indexed [Warning/gas-indexed-events]
/sb/0x29171eeaa66a2565b8e26e5403e667258dcc1b3e.sol:47:5: GC: [compressedData] on Event [onWithdrawAndDistribute] could be Indexed [Warning/gas-indexed-events]
/sb/0x29171eeaa66a2565b8e26e5403e667258dcc1b3e.sol:47:5: GC: [compressedIDs] on Event [onWithdrawAndDistribute] could be Indexed [Warning/gas-indexed-events]
/sb/0x29171eeaa66a2565b8e26e5403e667258dcc1b3e.sol:47:5: GC: [winnerAddr] on Event [onWithdrawAndDistribute] could be Indexed [Warning/gas-indexed-events]
/sb/0x29171eeaa66a2565b8e26e5403e667258dcc1b3e.sol:47:5: GC: [amountWon] on Event [onWithdrawAndDistribute] could be Indexed [Warning/gas-indexed-events]
/sb/0x29171eeaa66a2565b8e26e5403e667258dcc1b3e.sol:47:5: GC: [newPot] on Event [onWithdrawAndDistribute] could be Indexed [Warning/gas-indexed-events]
/sb/0x29171eeaa66a2565b8e26e5403e667258dcc1b3e.sol:47:5: GC: [POOHAmount] on Event [onWithdrawAndDistribute] could be Indexed [Warning/gas-indexed-events]
/sb/0x29171eeaa66a2565b8e26e5403e667258dcc1b3e.sol:47:5: GC: [genAmount] on Event [onWithdrawAndDistribute] could be Indexed [Warning/gas-indexed-events]
/sb/0x29171eeaa66a2565b8e26e5403e667258dcc1b3e.sol:58:9: Variable name must be in mixedCase POOHAmount [Warning/var-name-mixedcase]
/sb/0x29171eeaa66a2565b8e26e5403e667258dcc1b3e.sol:64:5: Missing @notice tag in event 'onBuyAndDistribute' [Warning/use-natspec]
/sb/0x29171eeaa66a2565b8e26e5403e667258dcc1b3e.sol:64:5: Missing @param tag in event 'onBuyAndDistribute' [Warning/use-natspec]
/sb/0x29171eeaa66a2565b8e26e5403e667258dcc1b3e.sol:64:5: Mismatch in @param names for event 'onBuyAndDistribute'. Expected: [playerAddress, playerName, ethIn, compressedData, compressedIDs, winnerAddr, winnerName, amountWon, newPot, POOHAmount, genAmount], Found: [] [Warning/use-natspec]
/sb/0x29171eeaa66a2565b8e26e5403e667258dcc1b3e.sol:64:5: Event name must be in CapWords [Warning/event-name-capwords]
/sb/0x29171eeaa66a2565b8e26e5403e667258dcc1b3e.sol:64:5: GC: [playerAddress] on Event [onBuyAndDistribute] could be Indexed [Warning/gas-indexed-events]
/sb/0x29171eeaa66a2565b8e26e5403e667258dcc1b3e.sol:64:5: GC: [ethIn] on Event [onBuyAndDistribute] could be Indexed [Warning/gas-indexed-events]
/sb/0x29171eeaa66a2565b8e26e5403e667258dcc1b3e.sol:64:5: GC: [compressedData] on Event [onBuyAndDistribute] could be Indexed [Warning/gas-indexed-events]
/sb/0x29171eeaa66a2565b8e26e5403e667258dcc1b3e.sol:64:5: GC: [compressedIDs] on Event [onBuyAndDistribute] could be Indexed [Warning/gas-indexed-events]
/sb/0x29171eeaa66a2565b8e26e5403e667258dcc1b3e.sol:64:5: GC: [winnerAddr] on Event [onBuyAndDistribute] could be Indexed [Warning/gas-indexed-events]
/sb/0x29171eeaa66a2565b8e26e5403e667258dcc1b3e.sol:64:5: GC: [amountWon] on Event [onBuyAndDistribute] could be Indexed [Warning/gas-indexed-events]
/sb/0x29171eeaa66a2565b8e26e5403e667258dcc1b3e.sol:64:5: GC: [newPot] on Event [onBuyAndDistribute] could be Indexed [Warning/gas-indexed-events]
/sb/0x29171eeaa66a2565b8e26e5403e667258dcc1b3e.sol:64:5: GC: [POOHAmount] on Event [onBuyAndDistribute] could be Indexed [Warning/gas-indexed-events]
/sb/0x29171eeaa66a2565b8e26e5403e667258dcc1b3e.sol:64:5: GC: [genAmount] on Event [onBuyAndDistribute] could be Indexed [Warning/gas-indexed-events]
/sb/0x29171eeaa66a2565b8e26e5403e667258dcc1b3e.sol:75:9: Variable name must be in mixedCase POOHAmount [Warning/var-name-mixedcase]
/sb/0x29171eeaa66a2565b8e26e5403e667258dcc1b3e.sol:81:5: Missing @notice tag in event 'onReLoadAndDistribute' [Warning/use-natspec]
/sb/0x29171eeaa66a2565b8e26e5403e667258dcc1b3e.sol:81:5: Missing @param tag in event 'onReLoadAndDistribute' [Warning/use-natspec]
/sb/0x29171eeaa66a2565b8e26e5403e667258dcc1b3e.sol:81:5: Mismatch in @param names for event 'onReLoadAndDistribute'. Expected: [playerAddress, playerName, compressedData, compressedIDs, winnerAddr, winnerName, amountWon, newPot, POOHAmount, genAmount], Found: [] [Warning/use-natspec]
/sb/0x29171eeaa66a2565b8e26e5403e667258dcc1b3e.sol:81:5: Event name must be in CapWords [Warning/event-name-capwords]
/sb/0x29171eeaa66a2565b8e26e5403e667258dcc1b3e.sol:81:5: GC: [playerAddress] on Event [onReLoadAndDistribute] could be Indexed [Warning/gas-indexed-events]
/sb/0x29171eeaa66a2565b8e26e5403e667258dcc1b3e.sol:81:5: GC: [compressedData] on Event [onReLoadAndDistribute] could be Indexed [Warning/gas-indexed-events]
/sb/0x29171eeaa66a2565b8e26e5403e667258dcc1b3e.sol:81:5: GC: [compressedIDs] on Event [onReLoadAndDistribute] could be Indexed [Warning/gas-indexed-events]
/sb/0x29171eeaa66a2565b8e26e5403e667258dcc1b3e.sol:81:5: GC: [winnerAddr] on Event [onReLoadAndDistribute] could be Indexed [Warning/gas-indexed-events]
/sb/0x29171eeaa66a2565b8e26e5403e667258dcc1b3e.sol:81:5: GC: [amountWon] on Event [onReLoadAndDistribute] could be Indexed [Warning/gas-indexed-events]
/sb/0x29171eeaa66a2565b8e26e5403e667258dcc1b3e.sol:81:5: GC: [newPot] on Event [onReLoadAndDistribute] could be Indexed [Warning/gas-indexed-events]
/sb/0x29171eeaa66a2565b8e26e5403e667258dcc1b3e.sol:81:5: GC: [POOHAmount] on Event [onReLoadAndDistribute] could be Indexed [Warning/gas-indexed-events]
/sb/0x29171eeaa66a2565b8e26e5403e667258dcc1b3e.sol:81:5: GC: [genAmount] on Event [onReLoadAndDistribute] could be Indexed [Warning/gas-indexed-events]
/sb/0x29171eeaa66a2565b8e26e5403e667258dcc1b3e.sol:91:9: Variable name must be in mixedCase POOHAmount [Warning/var-name-mixedcase]
/sb/0x29171eeaa66a2565b8e26e5403e667258dcc1b3e.sol:96:5: Missing @notice tag in event 'onAffiliatePayout' [Warning/use-natspec]
/sb/0x29171eeaa66a2565b8e26e5403e667258dcc1b3e.sol:96:5: Missing @param tag in event 'onAffiliatePayout' [Warning/use-natspec]
/sb/0x29171eeaa66a2565b8e26e5403e667258dcc1b3e.sol:96:5: Mismatch in @param names for event 'onAffiliatePayout'. Expected: [affiliateID, affiliateAddress, affiliateName, roundID, buyerID, amount, timeStamp], Found: [] [Warning/use-natspec]
/sb/0x29171eeaa66a2565b8e26e5403e667258dcc1b3e.sol:96:5: Event name must be in CapWords [Warning/event-name-capwords]
/sb/0x29171eeaa66a2565b8e26e5403e667258dcc1b3e.sol:108:5: Missing @notice tag in event 'onPotSwapDeposit' [Warning/use-natspec]
/sb/0x29171eeaa66a2565b8e26e5403e667258dcc1b3e.sol:108:5: Missing @param tag in event 'onPotSwapDeposit' [Warning/use-natspec]
/sb/0x29171eeaa66a2565b8e26e5403e667258dcc1b3e.sol:108:5: Mismatch in @param names for event 'onPotSwapDeposit'. Expected: [roundID, amountAddedToPot], Found: [] [Warning/use-natspec]
/sb/0x29171eeaa66a2565b8e26e5403e667258dcc1b3e.sol:108:5: Event name must be in CapWords [Warning/event-name-capwords]
/sb/0x29171eeaa66a2565b8e26e5403e667258dcc1b3e.sol:108:5: GC: [roundID] on Event [onPotSwapDeposit] could be Indexed [Warning/gas-indexed-events]
/sb/0x29171eeaa66a2565b8e26e5403e667258dcc1b3e.sol:108:5: GC: [amountAddedToPot] on Event [onPotSwapDeposit] could be Indexed [Warning/gas-indexed-events]
/sb/0x29171eeaa66a2565b8e26e5403e667258dcc1b3e.sol:120:1: Contract has 18 states declarations but allowed no more than 15 [Warning/max-states-count]
/sb/0x29171eeaa66a2565b8e26e5403e667258dcc1b3e.sol:120:1: Missing @title tag in contract 'POOHMOX' [Warning/use-natspec]
/sb/0x29171eeaa66a2565b8e26e5403e667258dcc1b3e.sol:120:1: Missing @author tag in contract 'POOHMOX' [Warning/use-natspec]
/sb/0x29171eeaa66a2565b8e26e5403e667258dcc1b3e.sol:120:1: Missing @notice tag in contract 'POOHMOX' [Warning/use-natspec]
/sb/0x29171eeaa66a2565b8e26e5403e667258dcc1b3e.sol:125:5: Variable name must be in mixedCase PlayerBook [Warning/var-name-mixedcase]
/sb/0x29171eeaa66a2565b8e26e5403e667258dcc1b3e.sol:133:5: Missing @notice tag in variable 'name' [Warning/use-natspec]
/sb/0x29171eeaa66a2565b8e26e5403e667258dcc1b3e.sol:133:5: Constant name must be in capitalized SNAKE_CASE [Warning/const-name-snakecase]
/sb/0x29171eeaa66a2565b8e26e5403e667258dcc1b3e.sol:134:5: Missing @notice tag in variable 'symbol' [Warning/use-natspec]
/sb/0x29171eeaa66a2565b8e26e5403e667258dcc1b3e.sol:134:5: Constant name must be in capitalized SNAKE_CASE [Warning/const-name-snakecase]
/sb/0x29171eeaa66a2565b8e26e5403e667258dcc1b3e.sol:139:5: Constant name must be in capitalized SNAKE_CASE [Warning/const-name-snakecase]
/sb/0x29171eeaa66a2565b8e26e5403e667258dcc1b3e.sol:145:5: Missing @notice tag in variable 'rID_' [Warning/use-natspec]
/sb/0x29171eeaa66a2565b8e26e5403e667258dcc1b3e.sol:149:5: Missing @notice tag in variable 'pIDxAddr_' [Warning/use-natspec]
/sb/0x29171eeaa66a2565b8e26e5403e667258dcc1b3e.sol:150:5: Missing @notice tag in variable 'pIDxName_' [Warning/use-natspec]
/sb/0x29171eeaa66a2565b8e26e5403e667258dcc1b3e.sol:151:5: Missing @notice tag in variable 'plyr_' [Warning/use-natspec]
/sb/0x29171eeaa66a2565b8e26e5403e667258dcc1b3e.sol:152:5: Missing @notice tag in variable 'plyrRnds_' [Warning/use-natspec]
/sb/0x29171eeaa66a2565b8e26e5403e667258dcc1b3e.sol:153:5: Missing @notice tag in variable 'plyrNames_' [Warning/use-natspec]
/sb/0x29171eeaa66a2565b8e26e5403e667258dcc1b3e.sol:157:5: Missing @notice tag in variable 'round_' [Warning/use-natspec]
/sb/0x29171eeaa66a2565b8e26e5403e667258dcc1b3e.sol:158:5: Missing @notice tag in variable 'rndTmEth_' [Warning/use-natspec]
/sb/0x29171eeaa66a2565b8e26e5403e667258dcc1b3e.sol:162:5: Missing @notice tag in variable 'fees_' [Warning/use-natspec]
/sb/0x29171eeaa66a2565b8e26e5403e667258dcc1b3e.sol:163:5: Missing @notice tag in variable 'potSplit_' [Warning/use-natspec]
/sb/0x29171eeaa66a2565b8e26e5403e667258dcc1b3e.sol:168:5: Missing @notice tag in function '<anonymous>' [Warning/use-natspec]
/sb/0x29171eeaa66a2565b8e26e5403e667258dcc1b3e.sol:168:5: Missing @param tag in function '<anonymous>' [Warning/use-natspec]
/sb/0x29171eeaa66a2565b8e26e5403e667258dcc1b3e.sol:168:5: Mismatch in @param names for function '<anonymous>'. Expected: [whaleContract, playerbook], Found: [] [Warning/use-natspec]
/sb/0x29171eeaa66a2565b8e26e5403e667258dcc1b3e.sol:190:9: Provide an error message for require [Warning/reason-string]
/sb/0x29171eeaa66a2565b8e26e5403e667258dcc1b3e.sol:201:9: Avoid to use inline assembly. It is acceptable only in rare cases [Warning/no-inline-assembly]
/sb/0x29171eeaa66a2565b8e26e5403e667258dcc1b3e.sol:202:9: Provide an error message for require [Warning/reason-string]
/sb/0x29171eeaa66a2565b8e26e5403e667258dcc1b3e.sol:203:9: Provide an error message for require [Warning/reason-string]
/sb/0x29171eeaa66a2565b8e26e5403e667258dcc1b3e.sol:203:26: Avoid to use tx.origin [Warning/avoid-tx-origin]
/sb/0x29171eeaa66a2565b8e26e5403e667258dcc1b3e.sol:211:9: Provide an error message for require [Warning/reason-string]
/sb/0x29171eeaa66a2565b8e26e5403e667258dcc1b3e.sol:211:17: GC: Non strict inequality found. Try converting to a strict one [Warning/gas-strict-inequalities]
/sb/0x29171eeaa66a2565b8e26e5403e667258dcc1b3e.sol:212:9: Provide an error message for require [Warning/reason-string]
/sb/0x29171eeaa66a2565b8e26e5403e667258dcc1b3e.sol:212:17: GC: Non strict inequality found. Try converting to a strict one [Warning/gas-strict-inequalities]
/sb/0x29171eeaa66a2565b8e26e5403e667258dcc1b3e.sol:223:5: Missing @notice tag in function '<anonymous>' [Warning/use-natspec]
/sb/0x29171eeaa66a2565b8e26e5403e667258dcc1b3e.sol:223:5: Fallback function must be simple [Warning/no-complex-fallback]
/sb/0x29171eeaa66a2565b8e26e5403e667258dcc1b3e.sol:227:9: Visibility modifier must be first in list of modifiers [Warning/visibility-modifier-order]
/sb/0x29171eeaa66a2565b8e26e5403e667258dcc1b3e.sol:247:5: Missing @notice tag in function 'buyXid' [Warning/use-natspec]
/sb/0x29171eeaa66a2565b8e26e5403e667258dcc1b3e.sol:251:9: Visibility modifier must be first in list of modifiers [Warning/visibility-modifier-order]
/sb/0x29171eeaa66a2565b8e26e5403e667258dcc1b3e.sol:277:5: Missing @notice tag in function 'buyXaddr' [Warning/use-natspec]
/sb/0x29171eeaa66a2565b8e26e5403e667258dcc1b3e.sol:277:5: Missing @param tag in function 'buyXaddr' [Warning/use-natspec]
/sb/0x29171eeaa66a2565b8e26e5403e667258dcc1b3e.sol:277:5: Mismatch in @param names for function 'buyXaddr'. Expected: [_affCode], Found: [] [Warning/use-natspec]
/sb/0x29171eeaa66a2565b8e26e5403e667258dcc1b3e.sol:281:9: Visibility modifier must be first in list of modifiers [Warning/visibility-modifier-order]
/sb/0x29171eeaa66a2565b8e26e5403e667258dcc1b3e.sol:314:5: Missing @notice tag in function 'buyXname' [Warning/use-natspec]
/sb/0x29171eeaa66a2565b8e26e5403e667258dcc1b3e.sol:314:5: Missing @param tag in function 'buyXname' [Warning/use-natspec]
/sb/0x29171eeaa66a2565b8e26e5403e667258dcc1b3e.sol:314:5: Mismatch in @param names for function 'buyXname'. Expected: [_affCode], Found: [] [Warning/use-natspec]
/sb/0x29171eeaa66a2565b8e26e5403e667258dcc1b3e.sol:318:9: Visibility modifier must be first in list of modifiers [Warning/visibility-modifier-order]
/sb/0x29171eeaa66a2565b8e26e5403e667258dcc1b3e.sol:330:25: Use double quotes for string literals [Error/quotes]
/sb/0x29171eeaa66a2565b8e26e5403e667258dcc1b3e.sol:361:5: Missing @notice tag in function 'reLoadXid' [Warning/use-natspec]
/sb/0x29171eeaa66a2565b8e26e5403e667258dcc1b3e.sol:365:9: Visibility modifier must be first in list of modifiers [Warning/visibility-modifier-order]
/sb/0x29171eeaa66a2565b8e26e5403e667258dcc1b3e.sol:390:5: Missing @notice tag in function 'reLoadXaddr' [Warning/use-natspec]
/sb/0x29171eeaa66a2565b8e26e5403e667258dcc1b3e.sol:390:5: Missing @param tag in function 'reLoadXaddr' [Warning/use-natspec]
/sb/0x29171eeaa66a2565b8e26e5403e667258dcc1b3e.sol:390:5: Mismatch in @param names for function 'reLoadXaddr'. Expected: [_affCode, _eth], Found: [] [Warning/use-natspec]
/sb/0x29171eeaa66a2565b8e26e5403e667258dcc1b3e.sol:394:9: Visibility modifier must be first in list of modifiers [Warning/visibility-modifier-order]
/sb/0x29171eeaa66a2565b8e26e5403e667258dcc1b3e.sol:427:5: Missing @notice tag in function 'reLoadXname' [Warning/use-natspec]
/sb/0x29171eeaa66a2565b8e26e5403e667258dcc1b3e.sol:427:5: Missing @param tag in function 'reLoadXname' [Warning/use-natspec]
/sb/0x29171eeaa66a2565b8e26e5403e667258dcc1b3e.sol:427:5: Mismatch in @param names for function 'reLoadXname'. Expected: [_affCode, _eth], Found: [] [Warning/use-natspec]
/sb/0x29171eeaa66a2565b8e26e5403e667258dcc1b3e.sol:431:9: Visibility modifier must be first in list of modifiers [Warning/visibility-modifier-order]
/sb/0x29171eeaa66a2565b8e26e5403e667258dcc1b3e.sol:442:25: Use double quotes for string literals [Error/quotes]
/sb/0x29171eeaa66a2565b8e26e5403e667258dcc1b3e.sol:468:5: Function body contains 65 lines but allowed no more than 50 lines [Warning/function-max-lines]
/sb/0x29171eeaa66a2565b8e26e5403e667258dcc1b3e.sol:468:5: Missing @notice tag in function 'withdraw' [Warning/use-natspec]
/sb/0x29171eeaa66a2565b8e26e5403e667258dcc1b3e.sol:471:9: Visibility modifier must be first in list of modifiers [Warning/visibility-modifier-order]
/sb/0x29171eeaa66a2565b8e26e5403e667258dcc1b3e.sol:560:5: Missing @notice tag in function 'registerNameXID' [Warning/use-natspec]
/sb/0x29171eeaa66a2565b8e26e5403e667258dcc1b3e.sol:562:9: Visibility modifier must be first in list of modifiers [Warning/visibility-modifier-order]
/sb/0x29171eeaa66a2565b8e26e5403e667258dcc1b3e.sol:576:5: Missing @notice tag in function 'registerNameXaddr' [Warning/use-natspec]
/sb/0x29171eeaa66a2565b8e26e5403e667258dcc1b3e.sol:576:5: Missing @param tag in function 'registerNameXaddr' [Warning/use-natspec]
/sb/0x29171eeaa66a2565b8e26e5403e667258dcc1b3e.sol:576:5: Mismatch in @param names for function 'registerNameXaddr'. Expected: [_nameString, _affCode, _all], Found: [] [Warning/use-natspec]
/sb/0x29171eeaa66a2565b8e26e5403e667258dcc1b3e.sol:578:9: Visibility modifier must be first in list of modifiers [Warning/visibility-modifier-order]
/sb/0x29171eeaa66a2565b8e26e5403e667258dcc1b3e.sol:592:5: Missing @notice tag in function 'registerNameXname' [Warning/use-natspec]
/sb/0x29171eeaa66a2565b8e26e5403e667258dcc1b3e.sol:592:5: Missing @param tag in function 'registerNameXname' [Warning/use-natspec]
/sb/0x29171eeaa66a2565b8e26e5403e667258dcc1b3e.sol:592:5: Mismatch in @param names for function 'registerNameXname'. Expected: [_nameString, _affCode, _all], Found: [] [Warning/use-natspec]
/sb/0x29171eeaa66a2565b8e26e5403e667258dcc1b3e.sol:594:9: Visibility modifier must be first in list of modifiers [Warning/visibility-modifier-order]
/sb/0x29171eeaa66a2565b8e26e5403e667258dcc1b3e.sol:616:5: Missing @notice tag in function 'getBuyPrice' [Warning/use-natspec]
/sb/0x29171eeaa66a2565b8e26e5403e667258dcc1b3e.sol:630:5: Missing @notice tag in function 'getTimeLeft' [Warning/use-natspec]
/sb/0x29171eeaa66a2565b8e26e5403e667258dcc1b3e.sol:657:5: Missing @notice tag in function 'getPlayerVaults' [Warning/use-natspec]
/sb/0x29171eeaa66a2565b8e26e5403e667258dcc1b3e.sol:657:5: Missing @param tag in function 'getPlayerVaults' [Warning/use-natspec]
/sb/0x29171eeaa66a2565b8e26e5403e667258dcc1b3e.sol:657:5: Mismatch in @param names for function 'getPlayerVaults'. Expected: [_pID], Found: [] [Warning/use-natspec]
/sb/0x29171eeaa66a2565b8e26e5403e667258dcc1b3e.sol:701:5: Missing @notice tag in function 'getPlayerVaultsHelper' [Warning/use-natspec]
/sb/0x29171eeaa66a2565b8e26e5403e667258dcc1b3e.sol:701:5: Missing @param tag in function 'getPlayerVaultsHelper' [Warning/use-natspec]
/sb/0x29171eeaa66a2565b8e26e5403e667258dcc1b3e.sol:701:5: Mismatch in @param names for function 'getPlayerVaultsHelper'. Expected: [_pID, _rID], Found: [] [Warning/use-natspec]
/sb/0x29171eeaa66a2565b8e26e5403e667258dcc1b3e.sol:701:5: Missing @return tag in function 'getPlayerVaultsHelper' [Warning/use-natspec]
/sb/0x29171eeaa66a2565b8e26e5403e667258dcc1b3e.sol:701:5: Mismatch in @return count for function 'getPlayerVaultsHelper'. Expected: 1, Found: 0 [Warning/use-natspec]
/sb/0x29171eeaa66a2565b8e26e5403e667258dcc1b3e.sol:726:5: Missing @notice tag in function 'getCurrentRoundInfo' [Warning/use-natspec]
/sb/0x29171eeaa66a2565b8e26e5403e667258dcc1b3e.sol:766:5: Missing @notice tag in function 'getPlayerInfoByAddress' [Warning/use-natspec]
/sb/0x29171eeaa66a2565b8e26e5403e667258dcc1b3e.sol:800:5: Missing @notice tag in function 'buyCore' [Warning/use-natspec]
/sb/0x29171eeaa66a2565b8e26e5403e667258dcc1b3e.sol:800:5: Missing @param tag in function 'buyCore' [Warning/use-natspec]
/sb/0x29171eeaa66a2565b8e26e5403e667258dcc1b3e.sol:800:5: Mismatch in @param names for function 'buyCore'. Expected: [_pID, _affID, _eventData_], Found: [] [Warning/use-natspec]
/sb/0x29171eeaa66a2565b8e26e5403e667258dcc1b3e.sol:810:52: GC: Non strict inequality found. Try converting to a strict one [Warning/gas-strict-inequalities]
/sb/0x29171eeaa66a2565b8e26e5403e667258dcc1b3e.sol:854:5: Missing @notice tag in function 'reLoadCore' [Warning/use-natspec]
/sb/0x29171eeaa66a2565b8e26e5403e667258dcc1b3e.sol:854:5: Missing @param tag in function 'reLoadCore' [Warning/use-natspec]
/sb/0x29171eeaa66a2565b8e26e5403e667258dcc1b3e.sol:854:5: Mismatch in @param names for function 'reLoadCore'. Expected: [_pID, _affID, _eth, _eventData_], Found: [] [Warning/use-natspec]
/sb/0x29171eeaa66a2565b8e26e5403e667258dcc1b3e.sol:864:52: GC: Non strict inequality found. Try converting to a strict one [Warning/gas-strict-inequalities]
/sb/0x29171eeaa66a2565b8e26e5403e667258dcc1b3e.sol:905:5: Function body contains 53 lines but allowed no more than 50 lines [Warning/function-max-lines]
/sb/0x29171eeaa66a2565b8e26e5403e667258dcc1b3e.sol:905:5: Missing @notice tag in function 'core' [Warning/use-natspec]
/sb/0x29171eeaa66a2565b8e26e5403e667258dcc1b3e.sol:905:5: Missing @param tag in function 'core' [Warning/use-natspec]
/sb/0x29171eeaa66a2565b8e26e5403e667258dcc1b3e.sol:905:5: Mismatch in @param names for function 'core'. Expected: [_rID, _pID, _eth, _affID, _team, _eventData_], Found: [] [Warning/use-natspec]
/sb/0x29171eeaa66a2565b8e26e5403e667258dcc1b3e.sol:908:9: Provide an error message for require [Warning/reason-string]
/sb/0x29171eeaa66a2565b8e26e5403e667258dcc1b3e.sol:908:17: GC: Non strict inequality found. Try converting to a strict one [Warning/gas-strict-inequalities]
/sb/0x29171eeaa66a2565b8e26e5403e667258dcc1b3e.sol:930:17: GC: Non strict inequality found. Try converting to a strict one [Warning/gas-strict-inequalities]
/sb/0x29171eeaa66a2565b8e26e5403e667258dcc1b3e.sol:968:5: Missing @notice tag in function 'calcUnMaskedEarnings' [Warning/use-natspec]
/sb/0x29171eeaa66a2565b8e26e5403e667258dcc1b3e.sol:968:5: Missing @param tag in function 'calcUnMaskedEarnings' [Warning/use-natspec]
/sb/0x29171eeaa66a2565b8e26e5403e667258dcc1b3e.sol:968:5: Mismatch in @param names for function 'calcUnMaskedEarnings'. Expected: [_pID, _rIDlast], Found: [] [Warning/use-natspec]
/sb/0x29171eeaa66a2565b8e26e5403e667258dcc1b3e.sol:983:5: Missing @notice tag in function 'calcKeysReceived' [Warning/use-natspec]
/sb/0x29171eeaa66a2565b8e26e5403e667258dcc1b3e.sol:992:52: GC: Non strict inequality found. Try converting to a strict one [Warning/gas-strict-inequalities]
/sb/0x29171eeaa66a2565b8e26e5403e667258dcc1b3e.sol:1004:5: Missing @notice tag in function 'iWantXKeys' [Warning/use-natspec]
/sb/0x29171eeaa66a2565b8e26e5403e667258dcc1b3e.sol:1016:52: GC: Non strict inequality found. Try converting to a strict one [Warning/gas-strict-inequalities]
/sb/0x29171eeaa66a2565b8e26e5403e667258dcc1b3e.sol:1028:5: Missing @notice tag in function 'receivePlayerInfo' [Warning/use-natspec]
/sb/0x29171eeaa66a2565b8e26e5403e667258dcc1b3e.sol:1028:5: Missing @param tag in function 'receivePlayerInfo' [Warning/use-natspec]
/sb/0x29171eeaa66a2565b8e26e5403e667258dcc1b3e.sol:1028:5: Mismatch in @param names for function 'receivePlayerInfo'. Expected: [_pID, _addr, _name, _laff], Found: [] [Warning/use-natspec]
/sb/0x29171eeaa66a2565b8e26e5403e667258dcc1b3e.sol:1031:9: Provide an error message for require [Warning/reason-string]
/sb/0x29171eeaa66a2565b8e26e5403e667258dcc1b3e.sol:1049:5: Missing @notice tag in function 'receivePlayerNameList' [Warning/use-natspec]
/sb/0x29171eeaa66a2565b8e26e5403e667258dcc1b3e.sol:1049:5: Missing @param tag in function 'receivePlayerNameList' [Warning/use-natspec]
/sb/0x29171eeaa66a2565b8e26e5403e667258dcc1b3e.sol:1049:5: Mismatch in @param names for function 'receivePlayerNameList'. Expected: [_pID, _name], Found: [] [Warning/use-natspec]
/sb/0x29171eeaa66a2565b8e26e5403e667258dcc1b3e.sol:1052:9: Provide an error message for require [Warning/reason-string]
/sb/0x29171eeaa66a2565b8e26e5403e667258dcc1b3e.sol:1061:5: Missing @notice tag in function 'determinePID' [Warning/use-natspec]
/sb/0x29171eeaa66a2565b8e26e5403e667258dcc1b3e.sol:1061:5: Missing @param tag in function 'determinePID' [Warning/use-natspec]
/sb/0x29171eeaa66a2565b8e26e5403e667258dcc1b3e.sol:1061:5: Mismatch in @param names for function 'determinePID'. Expected: [_eventData_], Found: [] [Warning/use-natspec]
/sb/0x29171eeaa66a2565b8e26e5403e667258dcc1b3e.sol:1089:13: GC: For [ _eventData_ ] variable, increment/decrement by 1 using: [ ++variable ] to save gas [Warning/gas-increment-by-one]
/sb/0x29171eeaa66a2565b8e26e5403e667258dcc1b3e.sol:1100:5: Missing @notice tag in function 'managePlayer' [Warning/use-natspec]
/sb/0x29171eeaa66a2565b8e26e5403e667258dcc1b3e.sol:1100:5: Missing @param tag in function 'managePlayer' [Warning/use-natspec]
/sb/0x29171eeaa66a2565b8e26e5403e667258dcc1b3e.sol:1100:5: Mismatch in @param names for function 'managePlayer'. Expected: [_pID, _eventData_], Found: [] [Warning/use-natspec]
/sb/0x29171eeaa66a2565b8e26e5403e667258dcc1b3e.sol:1100:5: Missing @return tag in function 'managePlayer' [Warning/use-natspec]
/sb/0x29171eeaa66a2565b8e26e5403e667258dcc1b3e.sol:1100:5: Mismatch in @return count for function 'managePlayer'. Expected: 1, Found: 0 [Warning/use-natspec]
/sb/0x29171eeaa66a2565b8e26e5403e667258dcc1b3e.sol:1121:5: Function body contains 60 lines but allowed no more than 50 lines [Warning/function-max-lines]
/sb/0x29171eeaa66a2565b8e26e5403e667258dcc1b3e.sol:1121:5: Missing @notice tag in function 'endRound' [Warning/use-natspec]
/sb/0x29171eeaa66a2565b8e26e5403e667258dcc1b3e.sol:1121:5: Missing @param tag in function 'endRound' [Warning/use-natspec]
/sb/0x29171eeaa66a2565b8e26e5403e667258dcc1b3e.sol:1121:5: Mismatch in @param names for function 'endRound'. Expected: [_eventData_], Found: [] [Warning/use-natspec]
/sb/0x29171eeaa66a2565b8e26e5403e667258dcc1b3e.sol:1121:5: Missing @return tag in function 'endRound' [Warning/use-natspec]
/sb/0x29171eeaa66a2565b8e26e5403e667258dcc1b3e.sol:1121:5: Mismatch in @return count for function 'endRound'. Expected: 1, Found: 0 [Warning/use-natspec]
/sb/0x29171eeaa66a2565b8e26e5403e667258dcc1b3e.sol:1140:9: Variable name must be in mixedCase _POOH [Warning/var-name-mixedcase]
/sb/0x29171eeaa66a2565b8e26e5403e667258dcc1b3e.sol:1159:9: Avoid to use low level calls. [Warning/avoid-low-level-calls]
/sb/0x29171eeaa66a2565b8e26e5403e667258dcc1b3e.sol:1159:9: Avoid to use ".call.value()()" [Warning/avoid-call-value]
/sb/0x29171eeaa66a2565b8e26e5403e667258dcc1b3e.sol:1162:9: Possible reentrancy vulnerabilities. Avoid state changes after transfer. [Warning/reentrancy]
/sb/0x29171eeaa66a2565b8e26e5403e667258dcc1b3e.sol:1175:9: GC: For [ rID_ ] variable, increment/decrement by 1 using: [ ++variable ] to save gas [Warning/gas-increment-by-one]
/sb/0x29171eeaa66a2565b8e26e5403e667258dcc1b3e.sol:1176:9: GC: For [ _rID ] variable, increment/decrement by 1 using: [ ++variable ] to save gas [Warning/gas-increment-by-one]
/sb/0x29171eeaa66a2565b8e26e5403e667258dcc1b3e.sol:1177:9: Possible reentrancy vulnerabilities. Avoid state changes after transfer. [Warning/reentrancy]
/sb/0x29171eeaa66a2565b8e26e5403e667258dcc1b3e.sol:1178:9: Possible reentrancy vulnerabilities. Avoid state changes after transfer. [Warning/reentrancy]
/sb/0x29171eeaa66a2565b8e26e5403e667258dcc1b3e.sol:1179:9: Possible reentrancy vulnerabilities. Avoid state changes after transfer. [Warning/reentrancy]
/sb/0x29171eeaa66a2565b8e26e5403e667258dcc1b3e.sol:1188:5: Missing @notice tag in function 'updateGenVault' [Warning/use-natspec]
/sb/0x29171eeaa66a2565b8e26e5403e667258dcc1b3e.sol:1188:5: Missing @param tag in function 'updateGenVault' [Warning/use-natspec]
/sb/0x29171eeaa66a2565b8e26e5403e667258dcc1b3e.sol:1188:5: Mismatch in @param names for function 'updateGenVault'. Expected: [_pID, _rIDlast], Found: [] [Warning/use-natspec]
/sb/0x29171eeaa66a2565b8e26e5403e667258dcc1b3e.sol:1204:5: Missing @notice tag in function 'updateTimer' [Warning/use-natspec]
/sb/0x29171eeaa66a2565b8e26e5403e667258dcc1b3e.sol:1204:5: Missing @param tag in function 'updateTimer' [Warning/use-natspec]
/sb/0x29171eeaa66a2565b8e26e5403e667258dcc1b3e.sol:1204:5: Mismatch in @param names for function 'updateTimer'. Expected: [_keys, _rID], Found: [] [Warning/use-natspec]
/sb/0x29171eeaa66a2565b8e26e5403e667258dcc1b3e.sol:1228:5: Missing @notice tag in function 'distributeExternal' [Warning/use-natspec]
/sb/0x29171eeaa66a2565b8e26e5403e667258dcc1b3e.sol:1228:5: Missing @param tag in function 'distributeExternal' [Warning/use-natspec]
/sb/0x29171eeaa66a2565b8e26e5403e667258dcc1b3e.sol:1228:5: Mismatch in @param names for function 'distributeExternal'. Expected: [_rID, _pID, _eth, _affID, _team, _eventData_], Found: [] [Warning/use-natspec]
/sb/0x29171eeaa66a2565b8e26e5403e667258dcc1b3e.sol:1228:5: Missing @return tag in function 'distributeExternal' [Warning/use-natspec]
/sb/0x29171eeaa66a2565b8e26e5403e667258dcc1b3e.sol:1228:5: Mismatch in @return count for function 'distributeExternal'. Expected: 1, Found: 0 [Warning/use-natspec]
/sb/0x29171eeaa66a2565b8e26e5403e667258dcc1b3e.sol:1235:9: Variable name must be in mixedCase _POOH [Warning/var-name-mixedcase]
/sb/0x29171eeaa66a2565b8e26e5403e667258dcc1b3e.sol:1236:14: Avoid to use low level calls. [Warning/avoid-low-level-calls]
/sb/0x29171eeaa66a2565b8e26e5403e667258dcc1b3e.sol:1236:14: Avoid to use ".call.value()()" [Warning/avoid-call-value]
/sb/0x29171eeaa66a2565b8e26e5403e667258dcc1b3e.sol:1248:53: Use double quotes for string literals [Error/quotes]
/sb/0x29171eeaa66a2565b8e26e5403e667258dcc1b3e.sol:1260:13: Avoid to use low level calls. [Warning/avoid-low-level-calls]
/sb/0x29171eeaa66a2565b8e26e5403e667258dcc1b3e.sol:1260:13: Avoid to use ".call.value()()" [Warning/avoid-call-value]
/sb/0x29171eeaa66a2565b8e26e5403e667258dcc1b3e.sol:1269:5: Missing @notice tag in function 'potSwap' [Warning/use-natspec]
/sb/0x29171eeaa66a2565b8e26e5403e667258dcc1b3e.sol:1280:5: Missing @notice tag in function 'distributeInternal' [Warning/use-natspec]
/sb/0x29171eeaa66a2565b8e26e5403e667258dcc1b3e.sol:1280:5: Missing @param tag in function 'distributeInternal' [Warning/use-natspec]
/sb/0x29171eeaa66a2565b8e26e5403e667258dcc1b3e.sol:1280:5: Mismatch in @param names for function 'distributeInternal'. Expected: [_rID, _pID, _eth, _team, _keys, _eventData_], Found: [] [Warning/use-natspec]
/sb/0x29171eeaa66a2565b8e26e5403e667258dcc1b3e.sol:1280:5: Missing @return tag in function 'distributeInternal' [Warning/use-natspec]
/sb/0x29171eeaa66a2565b8e26e5403e667258dcc1b3e.sol:1280:5: Mismatch in @return count for function 'distributeInternal'. Expected: 1, Found: 0 [Warning/use-natspec]
/sb/0x29171eeaa66a2565b8e26e5403e667258dcc1b3e.sol:1314:5: Missing @notice tag in function 'updateMasks' [Warning/use-natspec]
/sb/0x29171eeaa66a2565b8e26e5403e667258dcc1b3e.sol:1314:5: Missing @param tag in function 'updateMasks' [Warning/use-natspec]
/sb/0x29171eeaa66a2565b8e26e5403e667258dcc1b3e.sol:1314:5: Mismatch in @param names for function 'updateMasks'. Expected: [_rID, _pID, _gen, _keys], Found: [] [Warning/use-natspec]
/sb/0x29171eeaa66a2565b8e26e5403e667258dcc1b3e.sol:1346:5: Missing @notice tag in function 'withdrawEarnings' [Warning/use-natspec]
/sb/0x29171eeaa66a2565b8e26e5403e667258dcc1b3e.sol:1346:5: Missing @param tag in function 'withdrawEarnings' [Warning/use-natspec]
/sb/0x29171eeaa66a2565b8e26e5403e667258dcc1b3e.sol:1346:5: Mismatch in @param names for function 'withdrawEarnings'. Expected: [_pID], Found: [] [Warning/use-natspec]
/sb/0x29171eeaa66a2565b8e26e5403e667258dcc1b3e.sol:1368:5: Missing @notice tag in function 'endTx' [Warning/use-natspec]
/sb/0x29171eeaa66a2565b8e26e5403e667258dcc1b3e.sol:1368:5: Missing @param tag in function 'endTx' [Warning/use-natspec]
/sb/0x29171eeaa66a2565b8e26e5403e667258dcc1b3e.sol:1368:5: Mismatch in @param names for function 'endTx'. Expected: [_pID, _team, _eth, _keys, _eventData_], Found: [] [Warning/use-natspec]
/sb/0x29171eeaa66a2565b8e26e5403e667258dcc1b3e.sol:1398:5: Missing @notice tag in variable 'activated_' [Warning/use-natspec]
/sb/0x29171eeaa66a2565b8e26e5403e667258dcc1b3e.sol:1399:5: Missing @notice tag in function 'activate' [Warning/use-natspec]
/sb/0x29171eeaa66a2565b8e26e5403e667258dcc1b3e.sol:1403:9: Provide an error message for require [Warning/reason-string]
/sb/0x29171eeaa66a2565b8e26e5403e667258dcc1b3e.sol:1407:9: Provide an error message for require [Warning/reason-string]
/sb/0x29171eeaa66a2565b8e26e5403e667258dcc1b3e.sol:1422:5: Missing @notice tag in function 'whenGameDies' [Warning/use-natspec]
/sb/0x29171eeaa66a2565b8e26e5403e667258dcc1b3e.sol:1426:9: Provide an error message for require [Warning/reason-string]
/sb/0x29171eeaa66a2565b8e26e5403e667258dcc1b3e.sol:1429:10: Avoid to use low level calls. [Warning/avoid-low-level-calls]
/sb/0x29171eeaa66a2565b8e26e5403e667258dcc1b3e.sol:1429:10: Avoid to use ".call.value()()" [Warning/avoid-call-value]
/sb/0x29171eeaa66a2565b8e26e5403e667258dcc1b3e.sol:1440:1: Missing @title tag in contract 'POOHMOXDatasets' [Warning/use-natspec]
/sb/0x29171eeaa66a2565b8e26e5403e667258dcc1b3e.sol:1440:1: Missing @author tag in contract 'POOHMOXDatasets' [Warning/use-natspec]
/sb/0x29171eeaa66a2565b8e26e5403e667258dcc1b3e.sol:1440:1: Missing @notice tag in contract 'POOHMOXDatasets' [Warning/use-natspec]
/sb/0x29171eeaa66a2565b8e26e5403e667258dcc1b3e.sol:1449:9: Variable name must be in mixedCase POOHAmount [Warning/var-name-mixedcase]
/sb/0x29171eeaa66a2565b8e26e5403e667258dcc1b3e.sol:1496:1: Missing @title tag in contract 'KeysCalc' [Warning/use-natspec]
/sb/0x29171eeaa66a2565b8e26e5403e667258dcc1b3e.sol:1496:1: Missing @author tag in contract 'KeysCalc' [Warning/use-natspec]
/sb/0x29171eeaa66a2565b8e26e5403e667258dcc1b3e.sol:1496:1: Missing @notice tag in contract 'KeysCalc' [Warning/use-natspec]
/sb/0x29171eeaa66a2565b8e26e5403e667258dcc1b3e.sol:1504:5: Missing @notice tag in function 'keysRec' [Warning/use-natspec]
/sb/0x29171eeaa66a2565b8e26e5403e667258dcc1b3e.sol:1518:5: Missing @notice tag in function 'ethRec' [Warning/use-natspec]
/sb/0x29171eeaa66a2565b8e26e5403e667258dcc1b3e.sol:1531:5: Missing @notice tag in function 'keys' [Warning/use-natspec]
/sb/0x29171eeaa66a2565b8e26e5403e667258dcc1b3e.sol:1545:5: Missing @notice tag in function 'eth' [Warning/use-natspec]
/sb/0x29171eeaa66a2565b8e26e5403e667258dcc1b3e.sol:1560:1: Interface name 'PlayerBookInterface' must start with "I" [Warning/interface-starts-with-i]
/sb/0x29171eeaa66a2565b8e26e5403e667258dcc1b3e.sol:1560:1: Missing @title tag in contract 'PlayerBookInterface' [Warning/use-natspec]
/sb/0x29171eeaa66a2565b8e26e5403e667258dcc1b3e.sol:1560:1: Missing @author tag in contract 'PlayerBookInterface' [Warning/use-natspec]
/sb/0x29171eeaa66a2565b8e26e5403e667258dcc1b3e.sol:1560:1: Missing @notice tag in contract 'PlayerBookInterface' [Warning/use-natspec]
/sb/0x29171eeaa66a2565b8e26e5403e667258dcc1b3e.sol:1561:5: Missing @notice tag in function 'getPlayerID' [Warning/use-natspec]
/sb/0x29171eeaa66a2565b8e26e5403e667258dcc1b3e.sol:1561:5: Missing @param tag in function 'getPlayerID' [Warning/use-natspec]
/sb/0x29171eeaa66a2565b8e26e5403e667258dcc1b3e.sol:1561:5: Mismatch in @param names for function 'getPlayerID'. Expected: [_addr], Found: [] [Warning/use-natspec]
/sb/0x29171eeaa66a2565b8e26e5403e667258dcc1b3e.sol:1561:5: Missing @return tag in function 'getPlayerID' [Warning/use-natspec]
/sb/0x29171eeaa66a2565b8e26e5403e667258dcc1b3e.sol:1561:5: Mismatch in @return count for function 'getPlayerID'. Expected: 1, Found: 0 [Warning/use-natspec]
/sb/0x29171eeaa66a2565b8e26e5403e667258dcc1b3e.sol:1562:5: Missing @notice tag in function 'getPlayerName' [Warning/use-natspec]
/sb/0x29171eeaa66a2565b8e26e5403e667258dcc1b3e.sol:1562:5: Missing @param tag in function 'getPlayerName' [Warning/use-natspec]
/sb/0x29171eeaa66a2565b8e26e5403e667258dcc1b3e.sol:1562:5: Mismatch in @param names for function 'getPlayerName'. Expected: [_pID], Found: [] [Warning/use-natspec]
/sb/0x29171eeaa66a2565b8e26e5403e667258dcc1b3e.sol:1562:5: Missing @return tag in function 'getPlayerName' [Warning/use-natspec]
/sb/0x29171eeaa66a2565b8e26e5403e667258dcc1b3e.sol:1562:5: Mismatch in @return count for function 'getPlayerName'. Expected: 1, Found: 0 [Warning/use-natspec]
/sb/0x29171eeaa66a2565b8e26e5403e667258dcc1b3e.sol:1563:5: Missing @notice tag in function 'getPlayerLAff' [Warning/use-natspec]
/sb/0x29171eeaa66a2565b8e26e5403e667258dcc1b3e.sol:1563:5: Missing @param tag in function 'getPlayerLAff' [Warning/use-natspec]
/sb/0x29171eeaa66a2565b8e26e5403e667258dcc1b3e.sol:1563:5: Mismatch in @param names for function 'getPlayerLAff'. Expected: [_pID], Found: [] [Warning/use-natspec]
/sb/0x29171eeaa66a2565b8e26e5403e667258dcc1b3e.sol:1563:5: Missing @return tag in function 'getPlayerLAff' [Warning/use-natspec]
/sb/0x29171eeaa66a2565b8e26e5403e667258dcc1b3e.sol:1563:5: Mismatch in @return count for function 'getPlayerLAff'. Expected: 1, Found: 0 [Warning/use-natspec]
/sb/0x29171eeaa66a2565b8e26e5403e667258dcc1b3e.sol:1564:5: Missing @notice tag in function 'getPlayerAddr' [Warning/use-natspec]
/sb/0x29171eeaa66a2565b8e26e5403e667258dcc1b3e.sol:1564:5: Missing @param tag in function 'getPlayerAddr' [Warning/use-natspec]
/sb/0x29171eeaa66a2565b8e26e5403e667258dcc1b3e.sol:1564:5: Mismatch in @param names for function 'getPlayerAddr'. Expected: [_pID], Found: [] [Warning/use-natspec]
/sb/0x29171eeaa66a2565b8e26e5403e667258dcc1b3e.sol:1564:5: Missing @return tag in function 'getPlayerAddr' [Warning/use-natspec]
/sb/0x29171eeaa66a2565b8e26e5403e667258dcc1b3e.sol:1564:5: Mismatch in @return count for function 'getPlayerAddr'. Expected: 1, Found: 0 [Warning/use-natspec]
/sb/0x29171eeaa66a2565b8e26e5403e667258dcc1b3e.sol:1565:5: Missing @notice tag in function 'getNameFee' [Warning/use-natspec]
/sb/0x29171eeaa66a2565b8e26e5403e667258dcc1b3e.sol:1565:5: Missing @return tag in function 'getNameFee' [Warning/use-natspec]
/sb/0x29171eeaa66a2565b8e26e5403e667258dcc1b3e.sol:1565:5: Mismatch in @return count for function 'getNameFee'. Expected: 1, Found: 0 [Warning/use-natspec]
/sb/0x29171eeaa66a2565b8e26e5403e667258dcc1b3e.sol:1566:5: Missing @notice tag in function 'registerNameXIDFromDapp' [Warning/use-natspec]
/sb/0x29171eeaa66a2565b8e26e5403e667258dcc1b3e.sol:1566:5: Missing @param tag in function 'registerNameXIDFromDapp' [Warning/use-natspec]
/sb/0x29171eeaa66a2565b8e26e5403e667258dcc1b3e.sol:1566:5: Mismatch in @param names for function 'registerNameXIDFromDapp'. Expected: [_addr, _name, _affCode, _all], Found: [] [Warning/use-natspec]
/sb/0x29171eeaa66a2565b8e26e5403e667258dcc1b3e.sol:1566:5: Missing @return tag in function 'registerNameXIDFromDapp' [Warning/use-natspec]
/sb/0x29171eeaa66a2565b8e26e5403e667258dcc1b3e.sol:1566:5: Mismatch in @return count for function 'registerNameXIDFromDapp'. Expected: 2, Found: 0 [Warning/use-natspec]
/sb/0x29171eeaa66a2565b8e26e5403e667258dcc1b3e.sol:1567:5: Missing @notice tag in function 'registerNameXaddrFromDapp' [Warning/use-natspec]
/sb/0x29171eeaa66a2565b8e26e5403e667258dcc1b3e.sol:1567:5: Missing @param tag in function 'registerNameXaddrFromDapp' [Warning/use-natspec]
/sb/0x29171eeaa66a2565b8e26e5403e667258dcc1b3e.sol:1567:5: Mismatch in @param names for function 'registerNameXaddrFromDapp'. Expected: [_addr, _name, _affCode, _all], Found: [] [Warning/use-natspec]
/sb/0x29171eeaa66a2565b8e26e5403e667258dcc1b3e.sol:1567:5: Missing @return tag in function 'registerNameXaddrFromDapp' [Warning/use-natspec]
/sb/0x29171eeaa66a2565b8e26e5403e667258dcc1b3e.sol:1567:5: Mismatch in @return count for function 'registerNameXaddrFromDapp'. Expected: 2, Found: 0 [Warning/use-natspec]
/sb/0x29171eeaa66a2565b8e26e5403e667258dcc1b3e.sol:1568:5: Missing @notice tag in function 'registerNameXnameFromDapp' [Warning/use-natspec]
/sb/0x29171eeaa66a2565b8e26e5403e667258dcc1b3e.sol:1568:5: Missing @param tag in function 'registerNameXnameFromDapp' [Warning/use-natspec]
/sb/0x29171eeaa66a2565b8e26e5403e667258dcc1b3e.sol:1568:5: Mismatch in @param names for function 'registerNameXnameFromDapp'. Expected: [_addr, _name, _affCode, _all], Found: [] [Warning/use-natspec]
/sb/0x29171eeaa66a2565b8e26e5403e667258dcc1b3e.sol:1568:5: Missing @return tag in function 'registerNameXnameFromDapp' [Warning/use-natspec]
/sb/0x29171eeaa66a2565b8e26e5403e667258dcc1b3e.sol:1568:5: Mismatch in @return count for function 'registerNameXnameFromDapp'. Expected: 2, Found: 0 [Warning/use-natspec]
/sb/0x29171eeaa66a2565b8e26e5403e667258dcc1b3e.sol:1572:1: Missing @title tag in contract 'NameFilter' [Warning/use-natspec]
/sb/0x29171eeaa66a2565b8e26e5403e667258dcc1b3e.sol:1572:1: Missing @author tag in contract 'NameFilter' [Warning/use-natspec]
/sb/0x29171eeaa66a2565b8e26e5403e667258dcc1b3e.sol:1572:1: Missing @notice tag in contract 'NameFilter' [Warning/use-natspec]
/sb/0x29171eeaa66a2565b8e26e5403e667258dcc1b3e.sol:1583:5: Function body contains 59 lines but allowed no more than 50 lines [Warning/function-max-lines]
/sb/0x29171eeaa66a2565b8e26e5403e667258dcc1b3e.sol:1583:5: Missing @notice tag in function 'nameFilter' [Warning/use-natspec]
/sb/0x29171eeaa66a2565b8e26e5403e667258dcc1b3e.sol:1583:5: Missing @param tag in function 'nameFilter' [Warning/use-natspec]
/sb/0x29171eeaa66a2565b8e26e5403e667258dcc1b3e.sol:1583:5: Mismatch in @param names for function 'nameFilter'. Expected: [_input], Found: [] [Warning/use-natspec]
/sb/0x29171eeaa66a2565b8e26e5403e667258dcc1b3e.sol:1592:9: Provide an error message for require [Warning/reason-string]
/sb/0x29171eeaa66a2565b8e26e5403e667258dcc1b3e.sol:1592:18: GC: Non strict inequality found. Try converting to a strict one [Warning/gas-strict-inequalities]
/sb/0x29171eeaa66a2565b8e26e5403e667258dcc1b3e.sol:1594:9: Provide an error message for require [Warning/reason-string]
/sb/0x29171eeaa66a2565b8e26e5403e667258dcc1b3e.sol:1598:13: Provide an error message for require [Warning/reason-string]
/sb/0x29171eeaa66a2565b8e26e5403e667258dcc1b3e.sol:1599:13: Provide an error message for require [Warning/reason-string]
/sb/0x29171eeaa66a2565b8e26e5403e667258dcc1b3e.sol:1606:42: GC: For [ i ] variable, increment/decrement by 1 using: [ ++variable ] to save gas [Warning/gas-increment-by-one]
/sb/0x29171eeaa66a2565b8e26e5403e667258dcc1b3e.sol:1612:17: Rule is set with explicit type [var/s: uint] [Warning/explicit-types]
/sb/0x29171eeaa66a2565b8e26e5403e667258dcc1b3e.sol:1618:17: Provide an error message for require [Warning/reason-string]
/sb/0x29171eeaa66a2565b8e26e5403e667258dcc1b3e.sol:1628:21: Provide an error message for require [Warning/reason-string]
/sb/0x29171eeaa66a2565b8e26e5403e667258dcc1b3e.sol:1636:9: Provide an error message for require [Warning/reason-string]
/sb/0x29171eeaa66a2565b8e26e5403e667258dcc1b3e.sol:1639:9: Avoid to use inline assembly. It is acceptable only in rare cases [Warning/no-inline-assembly]
/sb/0x29171eeaa66a2565b8e26e5403e667258dcc1b3e.sol:1656:1: Missing @author tag in contract 'SafeMath' [Warning/use-natspec]
/sb/0x29171eeaa66a2565b8e26e5403e667258dcc1b3e.sol:1656:1: Missing @notice tag in contract 'SafeMath' [Warning/use-natspec]
/sb/0x29171eeaa66a2565b8e26e5403e667258dcc1b3e.sol:1661:5: Missing @notice tag in function 'mul' [Warning/use-natspec]
/sb/0x29171eeaa66a2565b8e26e5403e667258dcc1b3e.sol:1661:5: Missing @param tag in function 'mul' [Warning/use-natspec]
/sb/0x29171eeaa66a2565b8e26e5403e667258dcc1b3e.sol:1661:5: Mismatch in @param names for function 'mul'. Expected: [a, b], Found: [] [Warning/use-natspec]
/sb/0x29171eeaa66a2565b8e26e5403e667258dcc1b3e.sol:1661:5: Missing @return tag in function 'mul' [Warning/use-natspec]
/sb/0x29171eeaa66a2565b8e26e5403e667258dcc1b3e.sol:1661:5: Mismatch in @return names for function 'mul'. Expected: [c], Found: [] [Warning/use-natspec]
/sb/0x29171eeaa66a2565b8e26e5403e667258dcc1b3e.sol:1677:5: Missing @notice tag in function 'sub' [Warning/use-natspec]
/sb/0x29171eeaa66a2565b8e26e5403e667258dcc1b3e.sol:1677:5: Missing @param tag in function 'sub' [Warning/use-natspec]
/sb/0x29171eeaa66a2565b8e26e5403e667258dcc1b3e.sol:1677:5: Mismatch in @param names for function 'sub'. Expected: [a, b], Found: [] [Warning/use-natspec]
/sb/0x29171eeaa66a2565b8e26e5403e667258dcc1b3e.sol:1677:5: Missing @return tag in function 'sub' [Warning/use-natspec]
/sb/0x29171eeaa66a2565b8e26e5403e667258dcc1b3e.sol:1677:5: Mismatch in @return count for function 'sub'. Expected: 1, Found: 0 [Warning/use-natspec]
/sb/0x29171eeaa66a2565b8e26e5403e667258dcc1b3e.sol:1682:17: GC: Non strict inequality found. Try converting to a strict one [Warning/gas-strict-inequalities]
/sb/0x29171eeaa66a2565b8e26e5403e667258dcc1b3e.sol:1689:5: Missing @notice tag in function 'add' [Warning/use-natspec]
/sb/0x29171eeaa66a2565b8e26e5403e667258dcc1b3e.sol:1689:5: Missing @param tag in function 'add' [Warning/use-natspec]
/sb/0x29171eeaa66a2565b8e26e5403e667258dcc1b3e.sol:1689:5: Mismatch in @param names for function 'add'. Expected: [a, b], Found: [] [Warning/use-natspec]
/sb/0x29171eeaa66a2565b8e26e5403e667258dcc1b3e.sol:1689:5: Missing @return tag in function 'add' [Warning/use-natspec]
/sb/0x29171eeaa66a2565b8e26e5403e667258dcc1b3e.sol:1689:5: Mismatch in @return names for function 'add'. Expected: [c], Found: [] [Warning/use-natspec]
/sb/0x29171eeaa66a2565b8e26e5403e667258dcc1b3e.sol:1695:17: GC: Non strict inequality found. Try converting to a strict one [Warning/gas-strict-inequalities]
/sb/0x29171eeaa66a2565b8e26e5403e667258dcc1b3e.sol:1702:5: Missing @notice tag in function 'sqrt' [Warning/use-natspec]
/sb/0x29171eeaa66a2565b8e26e5403e667258dcc1b3e.sol:1702:5: Missing @param tag in function 'sqrt' [Warning/use-natspec]
/sb/0x29171eeaa66a2565b8e26e5403e667258dcc1b3e.sol:1702:5: Mismatch in @param names for function 'sqrt'. Expected: [x], Found: [] [Warning/use-natspec]
/sb/0x29171eeaa66a2565b8e26e5403e667258dcc1b3e.sol:1702:5: Missing @return tag in function 'sqrt' [Warning/use-natspec]
/sb/0x29171eeaa66a2565b8e26e5403e667258dcc1b3e.sol:1702:5: Mismatch in @return names for function 'sqrt'. Expected: [y], Found: [] [Warning/use-natspec]
/sb/0x29171eeaa66a2565b8e26e5403e667258dcc1b3e.sol:1719:5: Missing @notice tag in function 'sq' [Warning/use-natspec]
/sb/0x29171eeaa66a2565b8e26e5403e667258dcc1b3e.sol:1719:5: Missing @param tag in function 'sq' [Warning/use-natspec]
/sb/0x29171eeaa66a2565b8e26e5403e667258dcc1b3e.sol:1719:5: Mismatch in @param names for function 'sq'. Expected: [x], Found: [] [Warning/use-natspec]
/sb/0x29171eeaa66a2565b8e26e5403e667258dcc1b3e.sol:1719:5: Missing @return tag in function 'sq' [Warning/use-natspec]
/sb/0x29171eeaa66a2565b8e26e5403e667258dcc1b3e.sol:1719:5: Mismatch in @return count for function 'sq'. Expected: 1, Found: 0 [Warning/use-natspec]
/sb/0x29171eeaa66a2565b8e26e5403e667258dcc1b3e.sol:1730:5: Missing @notice tag in function 'pwr' [Warning/use-natspec]
/sb/0x29171eeaa66a2565b8e26e5403e667258dcc1b3e.sol:1730:5: Missing @param tag in function 'pwr' [Warning/use-natspec]
/sb/0x29171eeaa66a2565b8e26e5403e667258dcc1b3e.sol:1730:5: Mismatch in @param names for function 'pwr'. Expected: [x, y], Found: [] [Warning/use-natspec]
/sb/0x29171eeaa66a2565b8e26e5403e667258dcc1b3e.sol:1730:5: Missing @return tag in function 'pwr' [Warning/use-natspec]
/sb/0x29171eeaa66a2565b8e26e5403e667258dcc1b3e.sol:1730:5: Mismatch in @return count for function 'pwr'. Expected: 1, Found: 0 [Warning/use-natspec]
/sb/0x29171eeaa66a2565b8e26e5403e667258dcc1b3e.sol:1742:38: GC: For [ i ] variable, increment/decrement by 1 using: [ ++variable ] to save gas [Warning/gas-increment-by-one]

365 problem/s (4 error/s, 361 warning/s)
