ANTLR runtime and generated code versions disagree: 4.9.2!=4.7.2
ANTLR runtime and generated code versions disagree: 4.9.2!=4.7.2
Analysing /sb/0x484897c3292ba2a600919e9cbde64bcf586fe29c.sol:PLAY_iQUIZ...
Vulnerability: Integer Overflow. Maybe in function: Start(string,string). PC: 0x545. Line number: 23.
If a = 32
and b = 115792089237316195423570985008687907853269984665640564039457584007913129639713
Vulnerability: Integer Overflow. Maybe in function: Start(string,string). PC: 0x6be. Line number: 3.
If a = 160
and b = 115792089237316195423570985008687907853269984665640564039457584007913129639904
Vulnerability: Integer Overflow. Maybe in function: New(string,bytes32). PC: 0x1ee. Line number: 32.
If a = 4
and b = 115792089237316195423570985008687907853269984665640564039457584007913129639932
Vulnerability: Integer Overflow. Maybe in function: Try(string). PC: 0x28b. Line number: 9.
If a = 128
and b = 115792089237316195423570985008687907853269984665640564039457584007913129639808
Vulnerability: Integer Overflow. Maybe in function: Start(string,string). PC: 0x167. Line number: 21.
If a = 128
and b = 115792089237316195423570985008687907853269984665640564039457584007913129639745
Vulnerability: Reentrancy. Maybe in function: Try(string). PC: 0x305. Line number: 11.
Vulnerability: Reentrancy. Maybe in function: Stop(). PC: 0x48a. Line number: 29.
Vulnerability: Integer Overflow. Maybe in function: Try(string). PC: 0x8a. Line number: 5.
If a = 32
and b = 115792089237316195423570985008687907853269984665640564039457584007913129639900
Vulnerability: Integer Underflow. Maybe in function: Try(string). PC: 0x298. Line number: 9.
If a = 115792089237316195423570985008687907853269984665640564039457584007913129639808
and b = 128
