A new version of Solhint is available: 6.0.1
Please consider updating your Solhint package.
/sb/0x0074d43246adc737101eca26bc8681c481d10ae8.sol:1:1: Found more than One contract per file. 5 contracts found! [Warning/one-contract-per-file]
/sb/0x0074d43246adc737101eca26bc8681c481d10ae8.sol:1:1: Compiler version ^0.4.18 does not satisfy the ^0.8.24 semver requirement [Error/compiler-version]
/sb/0x0074d43246adc737101eca26bc8681c481d10ae8.sol:5:1: Missing @title tag in contract 'SafeMath' [Warning/use-natspec]
/sb/0x0074d43246adc737101eca26bc8681c481d10ae8.sol:5:1: Missing @author tag in contract 'SafeMath' [Warning/use-natspec]
/sb/0x0074d43246adc737101eca26bc8681c481d10ae8.sol:5:1: Missing @notice tag in contract 'SafeMath' [Warning/use-natspec]
/sb/0x0074d43246adc737101eca26bc8681c481d10ae8.sol:9:3: Missing @notice tag in function 'mul' [Warning/use-natspec]
/sb/0x0074d43246adc737101eca26bc8681c481d10ae8.sol:9:3: Missing @param tag in function 'mul' [Warning/use-natspec]
/sb/0x0074d43246adc737101eca26bc8681c481d10ae8.sol:9:3: Mismatch in @param names for function 'mul'. Expected: [a, b], Found: [] [Warning/use-natspec]
/sb/0x0074d43246adc737101eca26bc8681c481d10ae8.sol:9:3: Missing @return tag in function 'mul' [Warning/use-natspec]
/sb/0x0074d43246adc737101eca26bc8681c481d10ae8.sol:9:3: Mismatch in @return count for function 'mul'. Expected: 1, Found: 0 [Warning/use-natspec]
/sb/0x0074d43246adc737101eca26bc8681c481d10ae8.sol:29:3: Missing @notice tag in function 'div' [Warning/use-natspec]
/sb/0x0074d43246adc737101eca26bc8681c481d10ae8.sol:29:3: Missing @param tag in function 'div' [Warning/use-natspec]
/sb/0x0074d43246adc737101eca26bc8681c481d10ae8.sol:29:3: Mismatch in @param names for function 'div'. Expected: [a, b], Found: [] [Warning/use-natspec]
/sb/0x0074d43246adc737101eca26bc8681c481d10ae8.sol:29:3: Missing @return tag in function 'div' [Warning/use-natspec]
/sb/0x0074d43246adc737101eca26bc8681c481d10ae8.sol:29:3: Mismatch in @return count for function 'div'. Expected: 1, Found: 0 [Warning/use-natspec]
/sb/0x0074d43246adc737101eca26bc8681c481d10ae8.sol:43:3: Missing @notice tag in function 'sub' [Warning/use-natspec]
/sb/0x0074d43246adc737101eca26bc8681c481d10ae8.sol:43:3: Missing @param tag in function 'sub' [Warning/use-natspec]
/sb/0x0074d43246adc737101eca26bc8681c481d10ae8.sol:43:3: Mismatch in @param names for function 'sub'. Expected: [a, b], Found: [] [Warning/use-natspec]
/sb/0x0074d43246adc737101eca26bc8681c481d10ae8.sol:43:3: Missing @return tag in function 'sub' [Warning/use-natspec]
/sb/0x0074d43246adc737101eca26bc8681c481d10ae8.sol:43:3: Mismatch in @return count for function 'sub'. Expected: 1, Found: 0 [Warning/use-natspec]
/sb/0x0074d43246adc737101eca26bc8681c481d10ae8.sol:45:12: GC: Non strict inequality found. Try converting to a strict one [Warning/gas-strict-inequalities]
/sb/0x0074d43246adc737101eca26bc8681c481d10ae8.sol:53:3: Missing @notice tag in function 'add' [Warning/use-natspec]
/sb/0x0074d43246adc737101eca26bc8681c481d10ae8.sol:53:3: Missing @param tag in function 'add' [Warning/use-natspec]
/sb/0x0074d43246adc737101eca26bc8681c481d10ae8.sol:53:3: Mismatch in @param names for function 'add'. Expected: [a, b], Found: [] [Warning/use-natspec]
/sb/0x0074d43246adc737101eca26bc8681c481d10ae8.sol:53:3: Missing @return tag in function 'add' [Warning/use-natspec]
/sb/0x0074d43246adc737101eca26bc8681c481d10ae8.sol:53:3: Mismatch in @return count for function 'add'. Expected: 1, Found: 0 [Warning/use-natspec]
/sb/0x0074d43246adc737101eca26bc8681c481d10ae8.sol:57:12: GC: Non strict inequality found. Try converting to a strict one [Warning/gas-strict-inequalities]
/sb/0x0074d43246adc737101eca26bc8681c481d10ae8.sol:69:1: Missing @title tag in contract 'Ownable' [Warning/use-natspec]
/sb/0x0074d43246adc737101eca26bc8681c481d10ae8.sol:69:1: Missing @author tag in contract 'Ownable' [Warning/use-natspec]
/sb/0x0074d43246adc737101eca26bc8681c481d10ae8.sol:69:1: Missing @notice tag in contract 'Ownable' [Warning/use-natspec]
/sb/0x0074d43246adc737101eca26bc8681c481d10ae8.sol:71:3: Missing @notice tag in variable 'owner' [Warning/use-natspec]
/sb/0x0074d43246adc737101eca26bc8681c481d10ae8.sol:77:3: Missing @notice tag in event 'OwnershipTransferred' [Warning/use-natspec]
/sb/0x0074d43246adc737101eca26bc8681c481d10ae8.sol:77:3: Missing @param tag in event 'OwnershipTransferred' [Warning/use-natspec]
/sb/0x0074d43246adc737101eca26bc8681c481d10ae8.sol:77:3: Mismatch in @param names for event 'OwnershipTransferred'. Expected: [previousOwner, newOwner], Found: [] [Warning/use-natspec]
/sb/0x0074d43246adc737101eca26bc8681c481d10ae8.sol:81:3: Missing @notice tag in function 'Ownable' [Warning/use-natspec]
/sb/0x0074d43246adc737101eca26bc8681c481d10ae8.sol:91:5: Provide an error message for require [Warning/reason-string]
/sb/0x0074d43246adc737101eca26bc8681c481d10ae8.sol:99:3: Missing @notice tag in function 'transferOwnership' [Warning/use-natspec]
/sb/0x0074d43246adc737101eca26bc8681c481d10ae8.sol:99:3: Missing @param tag in function 'transferOwnership' [Warning/use-natspec]
/sb/0x0074d43246adc737101eca26bc8681c481d10ae8.sol:99:3: Mismatch in @param names for function 'transferOwnership'. Expected: [newOwner], Found: [] [Warning/use-natspec]
/sb/0x0074d43246adc737101eca26bc8681c481d10ae8.sol:101:5: Provide an error message for require [Warning/reason-string]
/sb/0x0074d43246adc737101eca26bc8681c481d10ae8.sol:115:1: Missing @title tag in contract 'Pausable' [Warning/use-natspec]
/sb/0x0074d43246adc737101eca26bc8681c481d10ae8.sol:115:1: Missing @author tag in contract 'Pausable' [Warning/use-natspec]
/sb/0x0074d43246adc737101eca26bc8681c481d10ae8.sol:115:1: Missing @notice tag in contract 'Pausable' [Warning/use-natspec]
/sb/0x0074d43246adc737101eca26bc8681c481d10ae8.sol:117:3: Missing @notice tag in event 'Pause' [Warning/use-natspec]
/sb/0x0074d43246adc737101eca26bc8681c481d10ae8.sol:119:3: Missing @notice tag in event 'Unpause' [Warning/use-natspec]
/sb/0x0074d43246adc737101eca26bc8681c481d10ae8.sol:123:3: Missing @notice tag in variable 'paused' [Warning/use-natspec]
/sb/0x0074d43246adc737101eca26bc8681c481d10ae8.sol:129:5: Provide an error message for require [Warning/reason-string]
/sb/0x0074d43246adc737101eca26bc8681c481d10ae8.sol:139:5: Provide an error message for require [Warning/reason-string]
/sb/0x0074d43246adc737101eca26bc8681c481d10ae8.sol:147:3: Missing @notice tag in function 'pause' [Warning/use-natspec]
/sb/0x0074d43246adc737101eca26bc8681c481d10ae8.sol:147:44: Visibility modifier must be first in list of modifiers [Warning/visibility-modifier-order]
/sb/0x0074d43246adc737101eca26bc8681c481d10ae8.sol:157:3: Missing @notice tag in function 'unpause' [Warning/use-natspec]
/sb/0x0074d43246adc737101eca26bc8681c481d10ae8.sol:157:43: Visibility modifier must be first in list of modifiers [Warning/visibility-modifier-order]
/sb/0x0074d43246adc737101eca26bc8681c481d10ae8.sol:173:1: Missing @title tag in contract 'ERC20' [Warning/use-natspec]
/sb/0x0074d43246adc737101eca26bc8681c481d10ae8.sol:173:1: Missing @author tag in contract 'ERC20' [Warning/use-natspec]
/sb/0x0074d43246adc737101eca26bc8681c481d10ae8.sol:173:1: Missing @notice tag in contract 'ERC20' [Warning/use-natspec]
/sb/0x0074d43246adc737101eca26bc8681c481d10ae8.sol:175:5: Missing @notice tag in function 'totalSupply' [Warning/use-natspec]
/sb/0x0074d43246adc737101eca26bc8681c481d10ae8.sol:175:5: Missing @return tag in function 'totalSupply' [Warning/use-natspec]
/sb/0x0074d43246adc737101eca26bc8681c481d10ae8.sol:175:5: Mismatch in @return count for function 'totalSupply'. Expected: 1, Found: 0 [Warning/use-natspec]
/sb/0x0074d43246adc737101eca26bc8681c481d10ae8.sol:177:5: Missing @notice tag in function 'balanceOf' [Warning/use-natspec]
/sb/0x0074d43246adc737101eca26bc8681c481d10ae8.sol:177:5: Missing @param tag in function 'balanceOf' [Warning/use-natspec]
/sb/0x0074d43246adc737101eca26bc8681c481d10ae8.sol:177:5: Mismatch in @param names for function 'balanceOf'. Expected: [who], Found: [] [Warning/use-natspec]
/sb/0x0074d43246adc737101eca26bc8681c481d10ae8.sol:177:5: Missing @return tag in function 'balanceOf' [Warning/use-natspec]
/sb/0x0074d43246adc737101eca26bc8681c481d10ae8.sol:177:5: Mismatch in @return count for function 'balanceOf'. Expected: 1, Found: 0 [Warning/use-natspec]
/sb/0x0074d43246adc737101eca26bc8681c481d10ae8.sol:179:5: Missing @notice tag in function 'allowance' [Warning/use-natspec]
/sb/0x0074d43246adc737101eca26bc8681c481d10ae8.sol:179:5: Missing @param tag in function 'allowance' [Warning/use-natspec]
/sb/0x0074d43246adc737101eca26bc8681c481d10ae8.sol:179:5: Mismatch in @param names for function 'allowance'. Expected: [owner, spender], Found: [] [Warning/use-natspec]
/sb/0x0074d43246adc737101eca26bc8681c481d10ae8.sol:179:5: Missing @return tag in function 'allowance' [Warning/use-natspec]
/sb/0x0074d43246adc737101eca26bc8681c481d10ae8.sol:179:5: Mismatch in @return count for function 'allowance'. Expected: 1, Found: 0 [Warning/use-natspec]
/sb/0x0074d43246adc737101eca26bc8681c481d10ae8.sol:181:5: Missing @notice tag in function 'transfer' [Warning/use-natspec]
/sb/0x0074d43246adc737101eca26bc8681c481d10ae8.sol:181:5: Missing @param tag in function 'transfer' [Warning/use-natspec]
/sb/0x0074d43246adc737101eca26bc8681c481d10ae8.sol:181:5: Mismatch in @param names for function 'transfer'. Expected: [to, value], Found: [] [Warning/use-natspec]
/sb/0x0074d43246adc737101eca26bc8681c481d10ae8.sol:181:5: Missing @return tag in function 'transfer' [Warning/use-natspec]
/sb/0x0074d43246adc737101eca26bc8681c481d10ae8.sol:181:5: Mismatch in @return count for function 'transfer'. Expected: 1, Found: 0 [Warning/use-natspec]
/sb/0x0074d43246adc737101eca26bc8681c481d10ae8.sol:183:5: Missing @notice tag in function 'transferFrom' [Warning/use-natspec]
/sb/0x0074d43246adc737101eca26bc8681c481d10ae8.sol:183:5: Missing @param tag in function 'transferFrom' [Warning/use-natspec]
/sb/0x0074d43246adc737101eca26bc8681c481d10ae8.sol:183:5: Mismatch in @param names for function 'transferFrom'. Expected: [from, to, value], Found: [] [Warning/use-natspec]
/sb/0x0074d43246adc737101eca26bc8681c481d10ae8.sol:183:5: Missing @return tag in function 'transferFrom' [Warning/use-natspec]
/sb/0x0074d43246adc737101eca26bc8681c481d10ae8.sol:183:5: Mismatch in @return count for function 'transferFrom'. Expected: 1, Found: 0 [Warning/use-natspec]
/sb/0x0074d43246adc737101eca26bc8681c481d10ae8.sol:185:5: Missing @notice tag in function 'approve' [Warning/use-natspec]
/sb/0x0074d43246adc737101eca26bc8681c481d10ae8.sol:185:5: Missing @param tag in function 'approve' [Warning/use-natspec]
/sb/0x0074d43246adc737101eca26bc8681c481d10ae8.sol:185:5: Mismatch in @param names for function 'approve'. Expected: [spender, value], Found: [] [Warning/use-natspec]
/sb/0x0074d43246adc737101eca26bc8681c481d10ae8.sol:185:5: Missing @return tag in function 'approve' [Warning/use-natspec]
/sb/0x0074d43246adc737101eca26bc8681c481d10ae8.sol:185:5: Mismatch in @return count for function 'approve'. Expected: 1, Found: 0 [Warning/use-natspec]
/sb/0x0074d43246adc737101eca26bc8681c481d10ae8.sol:189:5: Missing @notice tag in event 'Approval' [Warning/use-natspec]
/sb/0x0074d43246adc737101eca26bc8681c481d10ae8.sol:189:5: Missing @param tag in event 'Approval' [Warning/use-natspec]
/sb/0x0074d43246adc737101eca26bc8681c481d10ae8.sol:189:5: Mismatch in @param names for event 'Approval'. Expected: [owner, spender, value], Found: [] [Warning/use-natspec]
/sb/0x0074d43246adc737101eca26bc8681c481d10ae8.sol:189:5: GC: [value] on Event [Approval] could be Indexed [Warning/gas-indexed-events]
/sb/0x0074d43246adc737101eca26bc8681c481d10ae8.sol:191:5: Missing @notice tag in event 'Transfer' [Warning/use-natspec]
/sb/0x0074d43246adc737101eca26bc8681c481d10ae8.sol:191:5: Missing @param tag in event 'Transfer' [Warning/use-natspec]
/sb/0x0074d43246adc737101eca26bc8681c481d10ae8.sol:191:5: Mismatch in @param names for event 'Transfer'. Expected: [from, to, value], Found: [] [Warning/use-natspec]
/sb/0x0074d43246adc737101eca26bc8681c481d10ae8.sol:191:5: GC: [value] on Event [Transfer] could be Indexed [Warning/gas-indexed-events]
/sb/0x0074d43246adc737101eca26bc8681c481d10ae8.sol:197:1: Missing @title tag in contract 'ShieldCureToken' [Warning/use-natspec]
/sb/0x0074d43246adc737101eca26bc8681c481d10ae8.sol:197:1: Missing @author tag in contract 'ShieldCureToken' [Warning/use-natspec]
/sb/0x0074d43246adc737101eca26bc8681c481d10ae8.sol:197:1: Missing @notice tag in contract 'ShieldCureToken' [Warning/use-natspec]
/sb/0x0074d43246adc737101eca26bc8681c481d10ae8.sol:205:5: Missing @notice tag in variable 'name' [Warning/use-natspec]
/sb/0x0074d43246adc737101eca26bc8681c481d10ae8.sol:207:5: Missing @notice tag in variable 'symbol' [Warning/use-natspec]
/sb/0x0074d43246adc737101eca26bc8681c481d10ae8.sol:209:5: Missing @notice tag in variable 'decimals' [Warning/use-natspec]
/sb/0x0074d43246adc737101eca26bc8681c481d10ae8.sol:211:5: Explicitly mark visibility of state [Warning/state-visibility]
/sb/0x0074d43246adc737101eca26bc8681c481d10ae8.sol:213:5: Explicitly mark visibility of state [Warning/state-visibility]
/sb/0x0074d43246adc737101eca26bc8681c481d10ae8.sol:217:5: Explicitly mark visibility of state [Warning/state-visibility]
/sb/0x0074d43246adc737101eca26bc8681c481d10ae8.sol:225:5: Missing @notice tag in function 'ShieldCureToken' [Warning/use-natspec]
/sb/0x0074d43246adc737101eca26bc8681c481d10ae8.sol:235:9: Rule is set with explicit type [var/s: uint] [Warning/explicit-types]
/sb/0x0074d43246adc737101eca26bc8681c481d10ae8.sol:245:5: Missing @notice tag in function 'totalSupply' [Warning/use-natspec]
/sb/0x0074d43246adc737101eca26bc8681c481d10ae8.sol:245:5: Missing @return tag in function 'totalSupply' [Warning/use-natspec]
/sb/0x0074d43246adc737101eca26bc8681c481d10ae8.sol:245:5: Mismatch in @return count for function 'totalSupply'. Expected: 1, Found: 0 [Warning/use-natspec]
/sb/0x0074d43246adc737101eca26bc8681c481d10ae8.sol:253:5: Missing @notice tag in function 'transfer' [Warning/use-natspec]
/sb/0x0074d43246adc737101eca26bc8681c481d10ae8.sol:253:5: Missing @param tag in function 'transfer' [Warning/use-natspec]
/sb/0x0074d43246adc737101eca26bc8681c481d10ae8.sol:253:5: Mismatch in @param names for function 'transfer'. Expected: [_to, _value], Found: [] [Warning/use-natspec]
/sb/0x0074d43246adc737101eca26bc8681c481d10ae8.sol:253:5: Missing @return tag in function 'transfer' [Warning/use-natspec]
/sb/0x0074d43246adc737101eca26bc8681c481d10ae8.sol:253:5: Mismatch in @return count for function 'transfer'. Expected: 1, Found: 0 [Warning/use-natspec]
/sb/0x0074d43246adc737101eca26bc8681c481d10ae8.sol:255:9: Provide an error message for require [Warning/reason-string]
/sb/0x0074d43246adc737101eca26bc8681c481d10ae8.sol:257:9: Provide an error message for require [Warning/reason-string]
/sb/0x0074d43246adc737101eca26bc8681c481d10ae8.sol:257:17: GC: Non strict inequality found. Try converting to a strict one [Warning/gas-strict-inequalities]
/sb/0x0074d43246adc737101eca26bc8681c481d10ae8.sol:259:9: Provide an error message for require [Warning/reason-string]
/sb/0x0074d43246adc737101eca26bc8681c481d10ae8.sol:277:5: Missing @notice tag in function 'balanceOf' [Warning/use-natspec]
/sb/0x0074d43246adc737101eca26bc8681c481d10ae8.sol:277:5: Missing @param tag in function 'balanceOf' [Warning/use-natspec]
/sb/0x0074d43246adc737101eca26bc8681c481d10ae8.sol:277:5: Mismatch in @param names for function 'balanceOf'. Expected: [_owner], Found: [] [Warning/use-natspec]
/sb/0x0074d43246adc737101eca26bc8681c481d10ae8.sol:277:5: Missing @return tag in function 'balanceOf' [Warning/use-natspec]
/sb/0x0074d43246adc737101eca26bc8681c481d10ae8.sol:277:5: Mismatch in @return names for function 'balanceOf'. Expected: [balance], Found: [] [Warning/use-natspec]
/sb/0x0074d43246adc737101eca26bc8681c481d10ae8.sol:285:5: Missing @notice tag in function 'transferFrom' [Warning/use-natspec]
/sb/0x0074d43246adc737101eca26bc8681c481d10ae8.sol:285:5: Missing @param tag in function 'transferFrom' [Warning/use-natspec]
/sb/0x0074d43246adc737101eca26bc8681c481d10ae8.sol:285:5: Mismatch in @param names for function 'transferFrom'. Expected: [_from, _to, _value], Found: [] [Warning/use-natspec]
/sb/0x0074d43246adc737101eca26bc8681c481d10ae8.sol:285:5: Missing @return tag in function 'transferFrom' [Warning/use-natspec]
/sb/0x0074d43246adc737101eca26bc8681c481d10ae8.sol:285:5: Mismatch in @return count for function 'transferFrom'. Expected: 1, Found: 0 [Warning/use-natspec]
/sb/0x0074d43246adc737101eca26bc8681c481d10ae8.sol:287:9: Provide an error message for require [Warning/reason-string]
/sb/0x0074d43246adc737101eca26bc8681c481d10ae8.sol:289:9: Provide an error message for require [Warning/reason-string]
/sb/0x0074d43246adc737101eca26bc8681c481d10ae8.sol:289:17: GC: Non strict inequality found. Try converting to a strict one [Warning/gas-strict-inequalities]
/sb/0x0074d43246adc737101eca26bc8681c481d10ae8.sol:291:9: Provide an error message for require [Warning/reason-string]
/sb/0x0074d43246adc737101eca26bc8681c481d10ae8.sol:291:17: GC: Non strict inequality found. Try converting to a strict one [Warning/gas-strict-inequalities]
/sb/0x0074d43246adc737101eca26bc8681c481d10ae8.sol:293:9: Provide an error message for require [Warning/reason-string]
/sb/0x0074d43246adc737101eca26bc8681c481d10ae8.sol:311:5: Missing @notice tag in function 'approve' [Warning/use-natspec]
/sb/0x0074d43246adc737101eca26bc8681c481d10ae8.sol:311:5: Missing @param tag in function 'approve' [Warning/use-natspec]
/sb/0x0074d43246adc737101eca26bc8681c481d10ae8.sol:311:5: Mismatch in @param names for function 'approve'. Expected: [_spender, _value], Found: [] [Warning/use-natspec]
/sb/0x0074d43246adc737101eca26bc8681c481d10ae8.sol:311:5: Missing @return tag in function 'approve' [Warning/use-natspec]
/sb/0x0074d43246adc737101eca26bc8681c481d10ae8.sol:311:5: Mismatch in @return count for function 'approve'. Expected: 1, Found: 0 [Warning/use-natspec]
/sb/0x0074d43246adc737101eca26bc8681c481d10ae8.sol:313:9: Provide an error message for require [Warning/reason-string]
/sb/0x0074d43246adc737101eca26bc8681c481d10ae8.sol:325:5: Missing @notice tag in function 'allowance' [Warning/use-natspec]
/sb/0x0074d43246adc737101eca26bc8681c481d10ae8.sol:325:5: Missing @param tag in function 'allowance' [Warning/use-natspec]
/sb/0x0074d43246adc737101eca26bc8681c481d10ae8.sol:325:5: Mismatch in @param names for function 'allowance'. Expected: [_owner, _spender], Found: [] [Warning/use-natspec]
/sb/0x0074d43246adc737101eca26bc8681c481d10ae8.sol:325:5: Missing @return tag in function 'allowance' [Warning/use-natspec]
/sb/0x0074d43246adc737101eca26bc8681c481d10ae8.sol:325:5: Mismatch in @return count for function 'allowance'. Expected: 1, Found: 0 [Warning/use-natspec]
/sb/0x0074d43246adc737101eca26bc8681c481d10ae8.sol:333:5: Missing @notice tag in function 'burn' [Warning/use-natspec]
/sb/0x0074d43246adc737101eca26bc8681c481d10ae8.sol:333:5: Missing @param tag in function 'burn' [Warning/use-natspec]
/sb/0x0074d43246adc737101eca26bc8681c481d10ae8.sol:333:5: Mismatch in @param names for function 'burn'. Expected: [_value], Found: [] [Warning/use-natspec]
/sb/0x0074d43246adc737101eca26bc8681c481d10ae8.sol:333:5: Missing @return tag in function 'burn' [Warning/use-natspec]
/sb/0x0074d43246adc737101eca26bc8681c481d10ae8.sol:333:5: Mismatch in @return names for function 'burn'. Expected: [success], Found: [] [Warning/use-natspec]
/sb/0x0074d43246adc737101eca26bc8681c481d10ae8.sol:335:9: Provide an error message for require [Warning/reason-string]
/sb/0x0074d43246adc737101eca26bc8681c481d10ae8.sol:335:17: GC: Non strict inequality found. Try converting to a strict one [Warning/gas-strict-inequalities]
/sb/0x0074d43246adc737101eca26bc8681c481d10ae8.sol:349:5: Missing @notice tag in function 'lock' [Warning/use-natspec]
/sb/0x0074d43246adc737101eca26bc8681c481d10ae8.sol:349:5: Missing @param tag in function 'lock' [Warning/use-natspec]
/sb/0x0074d43246adc737101eca26bc8681c481d10ae8.sol:349:5: Mismatch in @param names for function 'lock'. Expected: [_owner], Found: [] [Warning/use-natspec]
/sb/0x0074d43246adc737101eca26bc8681c481d10ae8.sol:349:5: Missing @return tag in function 'lock' [Warning/use-natspec]
/sb/0x0074d43246adc737101eca26bc8681c481d10ae8.sol:349:5: Mismatch in @return count for function 'lock'. Expected: 1, Found: 0 [Warning/use-natspec]
/sb/0x0074d43246adc737101eca26bc8681c481d10ae8.sol:351:9: Provide an error message for require [Warning/reason-string]
/sb/0x0074d43246adc737101eca26bc8681c481d10ae8.sol:361:5: Missing @notice tag in function 'unlock' [Warning/use-natspec]
/sb/0x0074d43246adc737101eca26bc8681c481d10ae8.sol:361:5: Missing @param tag in function 'unlock' [Warning/use-natspec]
/sb/0x0074d43246adc737101eca26bc8681c481d10ae8.sol:361:5: Mismatch in @param names for function 'unlock'. Expected: [_owner], Found: [] [Warning/use-natspec]
/sb/0x0074d43246adc737101eca26bc8681c481d10ae8.sol:361:5: Missing @return tag in function 'unlock' [Warning/use-natspec]
/sb/0x0074d43246adc737101eca26bc8681c481d10ae8.sol:361:5: Mismatch in @return count for function 'unlock'. Expected: 1, Found: 0 [Warning/use-natspec]
/sb/0x0074d43246adc737101eca26bc8681c481d10ae8.sol:363:9: Provide an error message for require [Warning/reason-string]
/sb/0x0074d43246adc737101eca26bc8681c481d10ae8.sol:373:5: Missing @notice tag in function 'showLockState' [Warning/use-natspec]
/sb/0x0074d43246adc737101eca26bc8681c481d10ae8.sol:373:5: Missing @param tag in function 'showLockState' [Warning/use-natspec]
/sb/0x0074d43246adc737101eca26bc8681c481d10ae8.sol:373:5: Mismatch in @param names for function 'showLockState'. Expected: [_owner], Found: [] [Warning/use-natspec]
/sb/0x0074d43246adc737101eca26bc8681c481d10ae8.sol:373:5: Missing @return tag in function 'showLockState' [Warning/use-natspec]
/sb/0x0074d43246adc737101eca26bc8681c481d10ae8.sol:373:5: Mismatch in @return count for function 'showLockState'. Expected: 1, Found: 0 [Warning/use-natspec]
/sb/0x0074d43246adc737101eca26bc8681c481d10ae8.sol:381:5: Missing @notice tag in function '<anonymous>' [Warning/use-natspec]
/sb/0x0074d43246adc737101eca26bc8681c481d10ae8.sol:383:9: Provide an error message for revert [Warning/reason-string]
/sb/0x0074d43246adc737101eca26bc8681c481d10ae8.sol:389:5: Missing @notice tag in function 'mint' [Warning/use-natspec]
/sb/0x0074d43246adc737101eca26bc8681c481d10ae8.sol:389:5: Missing @param tag in function 'mint' [Warning/use-natspec]
/sb/0x0074d43246adc737101eca26bc8681c481d10ae8.sol:389:5: Mismatch in @param names for function 'mint'. Expected: [_amount], Found: [] [Warning/use-natspec]
/sb/0x0074d43246adc737101eca26bc8681c481d10ae8.sol:389:5: Missing @return tag in function 'mint' [Warning/use-natspec]
/sb/0x0074d43246adc737101eca26bc8681c481d10ae8.sol:389:5: Mismatch in @return count for function 'mint'. Expected: 1, Found: 0 [Warning/use-natspec]
/sb/0x0074d43246adc737101eca26bc8681c481d10ae8.sol:389:47: Visibility modifier must be first in list of modifiers [Warning/visibility-modifier-order]
/sb/0x0074d43246adc737101eca26bc8681c481d10ae8.sol:405:5: Missing @notice tag in function 'distribute' [Warning/use-natspec]
/sb/0x0074d43246adc737101eca26bc8681c481d10ae8.sol:405:5: Missing @param tag in function 'distribute' [Warning/use-natspec]
/sb/0x0074d43246adc737101eca26bc8681c481d10ae8.sol:405:5: Mismatch in @param names for function 'distribute'. Expected: [_to, _value], Found: [] [Warning/use-natspec]
/sb/0x0074d43246adc737101eca26bc8681c481d10ae8.sol:405:5: Missing @return tag in function 'distribute' [Warning/use-natspec]
/sb/0x0074d43246adc737101eca26bc8681c481d10ae8.sol:405:5: Mismatch in @return count for function 'distribute'. Expected: 1, Found: 0 [Warning/use-natspec]
/sb/0x0074d43246adc737101eca26bc8681c481d10ae8.sol:407:9: Provide an error message for require [Warning/reason-string]
/sb/0x0074d43246adc737101eca26bc8681c481d10ae8.sol:409:9: Provide an error message for require [Warning/reason-string]
/sb/0x0074d43246adc737101eca26bc8681c481d10ae8.sol:409:17: GC: Non strict inequality found. Try converting to a strict one [Warning/gas-strict-inequalities]

181 problem/s (1 error/s, 180 warning/s)
