A new version of Solhint is available: 6.0.1
Please consider updating your Solhint package.
/sb/0x159903d22cd86e2e04747b52c8eab795e5ce92ce.sol:1:1: Found more than One contract per file. 8 contracts found! [Warning/one-contract-per-file]
/sb/0x159903d22cd86e2e04747b52c8eab795e5ce92ce.sol:1:1: Compiler version ^0.4.24 does not satisfy the ^0.8.24 semver requirement [Error/compiler-version]
/sb/0x159903d22cd86e2e04747b52c8eab795e5ce92ce.sol:9:1: Missing @author tag in contract 'Roles' [Warning/use-natspec]
/sb/0x159903d22cd86e2e04747b52c8eab795e5ce92ce.sol:9:1: Missing @notice tag in contract 'Roles' [Warning/use-natspec]
/sb/0x159903d22cd86e2e04747b52c8eab795e5ce92ce.sol:17:3: Missing @notice tag in function 'add' [Warning/use-natspec]
/sb/0x159903d22cd86e2e04747b52c8eab795e5ce92ce.sol:17:3: Missing @param tag in function 'add' [Warning/use-natspec]
/sb/0x159903d22cd86e2e04747b52c8eab795e5ce92ce.sol:17:3: Mismatch in @param names for function 'add'. Expected: [role, account], Found: [] [Warning/use-natspec]
/sb/0x159903d22cd86e2e04747b52c8eab795e5ce92ce.sol:18:5: Provide an error message for require [Warning/reason-string]
/sb/0x159903d22cd86e2e04747b52c8eab795e5ce92ce.sol:19:5: Provide an error message for require [Warning/reason-string]
/sb/0x159903d22cd86e2e04747b52c8eab795e5ce92ce.sol:27:3: Missing @notice tag in function 'remove' [Warning/use-natspec]
/sb/0x159903d22cd86e2e04747b52c8eab795e5ce92ce.sol:27:3: Missing @param tag in function 'remove' [Warning/use-natspec]
/sb/0x159903d22cd86e2e04747b52c8eab795e5ce92ce.sol:27:3: Mismatch in @param names for function 'remove'. Expected: [role, account], Found: [] [Warning/use-natspec]
/sb/0x159903d22cd86e2e04747b52c8eab795e5ce92ce.sol:28:5: Provide an error message for require [Warning/reason-string]
/sb/0x159903d22cd86e2e04747b52c8eab795e5ce92ce.sol:29:5: Provide an error message for require [Warning/reason-string]
/sb/0x159903d22cd86e2e04747b52c8eab795e5ce92ce.sol:38:3: Missing @notice tag in function 'has' [Warning/use-natspec]
/sb/0x159903d22cd86e2e04747b52c8eab795e5ce92ce.sol:38:3: Missing @param tag in function 'has' [Warning/use-natspec]
/sb/0x159903d22cd86e2e04747b52c8eab795e5ce92ce.sol:38:3: Mismatch in @param names for function 'has'. Expected: [role, account], Found: [] [Warning/use-natspec]
/sb/0x159903d22cd86e2e04747b52c8eab795e5ce92ce.sol:43:5: Provide an error message for require [Warning/reason-string]
/sb/0x159903d22cd86e2e04747b52c8eab795e5ce92ce.sol:50:1: Missing @title tag in contract 'PauserRole' [Warning/use-natspec]
/sb/0x159903d22cd86e2e04747b52c8eab795e5ce92ce.sol:50:1: Missing @author tag in contract 'PauserRole' [Warning/use-natspec]
/sb/0x159903d22cd86e2e04747b52c8eab795e5ce92ce.sol:50:1: Missing @notice tag in contract 'PauserRole' [Warning/use-natspec]
/sb/0x159903d22cd86e2e04747b52c8eab795e5ce92ce.sol:53:3: Missing @notice tag in event 'PauserAdded' [Warning/use-natspec]
/sb/0x159903d22cd86e2e04747b52c8eab795e5ce92ce.sol:53:3: Missing @param tag in event 'PauserAdded' [Warning/use-natspec]
/sb/0x159903d22cd86e2e04747b52c8eab795e5ce92ce.sol:53:3: Mismatch in @param names for event 'PauserAdded'. Expected: [account], Found: [] [Warning/use-natspec]
/sb/0x159903d22cd86e2e04747b52c8eab795e5ce92ce.sol:54:3: Missing @notice tag in event 'PauserRemoved' [Warning/use-natspec]
/sb/0x159903d22cd86e2e04747b52c8eab795e5ce92ce.sol:54:3: Missing @param tag in event 'PauserRemoved' [Warning/use-natspec]
/sb/0x159903d22cd86e2e04747b52c8eab795e5ce92ce.sol:54:3: Mismatch in @param names for event 'PauserRemoved'. Expected: [account], Found: [] [Warning/use-natspec]
/sb/0x159903d22cd86e2e04747b52c8eab795e5ce92ce.sol:58:3: Missing @notice tag in function '<anonymous>' [Warning/use-natspec]
/sb/0x159903d22cd86e2e04747b52c8eab795e5ce92ce.sol:63:5: Provide an error message for require [Warning/reason-string]
/sb/0x159903d22cd86e2e04747b52c8eab795e5ce92ce.sol:67:3: Missing @notice tag in function 'isPauser' [Warning/use-natspec]
/sb/0x159903d22cd86e2e04747b52c8eab795e5ce92ce.sol:67:3: Missing @param tag in function 'isPauser' [Warning/use-natspec]
/sb/0x159903d22cd86e2e04747b52c8eab795e5ce92ce.sol:67:3: Mismatch in @param names for function 'isPauser'. Expected: [account], Found: [] [Warning/use-natspec]
/sb/0x159903d22cd86e2e04747b52c8eab795e5ce92ce.sol:67:3: Missing @return tag in function 'isPauser' [Warning/use-natspec]
/sb/0x159903d22cd86e2e04747b52c8eab795e5ce92ce.sol:67:3: Mismatch in @return count for function 'isPauser'. Expected: 1, Found: 0 [Warning/use-natspec]
/sb/0x159903d22cd86e2e04747b52c8eab795e5ce92ce.sol:71:3: Missing @notice tag in function 'addPauser' [Warning/use-natspec]
/sb/0x159903d22cd86e2e04747b52c8eab795e5ce92ce.sol:71:3: Missing @param tag in function 'addPauser' [Warning/use-natspec]
/sb/0x159903d22cd86e2e04747b52c8eab795e5ce92ce.sol:71:3: Mismatch in @param names for function 'addPauser'. Expected: [account], Found: [] [Warning/use-natspec]
/sb/0x159903d22cd86e2e04747b52c8eab795e5ce92ce.sol:75:3: Missing @notice tag in function 'renouncePauser' [Warning/use-natspec]
/sb/0x159903d22cd86e2e04747b52c8eab795e5ce92ce.sol:79:3: Missing @notice tag in function '_addPauser' [Warning/use-natspec]
/sb/0x159903d22cd86e2e04747b52c8eab795e5ce92ce.sol:79:3: Missing @param tag in function '_addPauser' [Warning/use-natspec]
/sb/0x159903d22cd86e2e04747b52c8eab795e5ce92ce.sol:79:3: Mismatch in @param names for function '_addPauser'. Expected: [account], Found: [] [Warning/use-natspec]
/sb/0x159903d22cd86e2e04747b52c8eab795e5ce92ce.sol:84:3: Missing @notice tag in function '_removePauser' [Warning/use-natspec]
/sb/0x159903d22cd86e2e04747b52c8eab795e5ce92ce.sol:84:3: Missing @param tag in function '_removePauser' [Warning/use-natspec]
/sb/0x159903d22cd86e2e04747b52c8eab795e5ce92ce.sol:84:3: Mismatch in @param names for function '_removePauser'. Expected: [account], Found: [] [Warning/use-natspec]
/sb/0x159903d22cd86e2e04747b52c8eab795e5ce92ce.sol:96:1: Missing @author tag in contract 'Pausable' [Warning/use-natspec]
/sb/0x159903d22cd86e2e04747b52c8eab795e5ce92ce.sol:96:1: Missing @notice tag in contract 'Pausable' [Warning/use-natspec]
/sb/0x159903d22cd86e2e04747b52c8eab795e5ce92ce.sol:97:3: Missing @notice tag in event 'Paused' [Warning/use-natspec]
/sb/0x159903d22cd86e2e04747b52c8eab795e5ce92ce.sol:97:3: Missing @param tag in event 'Paused' [Warning/use-natspec]
/sb/0x159903d22cd86e2e04747b52c8eab795e5ce92ce.sol:97:3: Mismatch in @param names for event 'Paused'. Expected: [account], Found: [] [Warning/use-natspec]
/sb/0x159903d22cd86e2e04747b52c8eab795e5ce92ce.sol:97:3: GC: [account] on Event [Paused] could be Indexed [Warning/gas-indexed-events]
/sb/0x159903d22cd86e2e04747b52c8eab795e5ce92ce.sol:98:3: Missing @notice tag in event 'Unpaused' [Warning/use-natspec]
/sb/0x159903d22cd86e2e04747b52c8eab795e5ce92ce.sol:98:3: Missing @param tag in event 'Unpaused' [Warning/use-natspec]
/sb/0x159903d22cd86e2e04747b52c8eab795e5ce92ce.sol:98:3: Mismatch in @param names for event 'Unpaused'. Expected: [account], Found: [] [Warning/use-natspec]
/sb/0x159903d22cd86e2e04747b52c8eab795e5ce92ce.sol:98:3: GC: [account] on Event [Unpaused] could be Indexed [Warning/gas-indexed-events]
/sb/0x159903d22cd86e2e04747b52c8eab795e5ce92ce.sol:102:3: Missing @notice tag in function '<anonymous>' [Warning/use-natspec]
/sb/0x159903d22cd86e2e04747b52c8eab795e5ce92ce.sol:109:3: Missing @notice tag in function 'paused' [Warning/use-natspec]
/sb/0x159903d22cd86e2e04747b52c8eab795e5ce92ce.sol:117:5: Provide an error message for require [Warning/reason-string]
/sb/0x159903d22cd86e2e04747b52c8eab795e5ce92ce.sol:125:5: Provide an error message for require [Warning/reason-string]
/sb/0x159903d22cd86e2e04747b52c8eab795e5ce92ce.sol:132:3: Missing @notice tag in function 'pause' [Warning/use-natspec]
/sb/0x159903d22cd86e2e04747b52c8eab795e5ce92ce.sol:140:3: Missing @notice tag in function 'unpause' [Warning/use-natspec]
/sb/0x159903d22cd86e2e04747b52c8eab795e5ce92ce.sol:153:1: Missing @author tag in contract 'Ownable' [Warning/use-natspec]
/sb/0x159903d22cd86e2e04747b52c8eab795e5ce92ce.sol:153:1: Missing @notice tag in contract 'Ownable' [Warning/use-natspec]
/sb/0x159903d22cd86e2e04747b52c8eab795e5ce92ce.sol:156:3: Missing @notice tag in event 'OwnershipTransferred' [Warning/use-natspec]
/sb/0x159903d22cd86e2e04747b52c8eab795e5ce92ce.sol:156:3: Missing @param tag in event 'OwnershipTransferred' [Warning/use-natspec]
/sb/0x159903d22cd86e2e04747b52c8eab795e5ce92ce.sol:156:3: Mismatch in @param names for event 'OwnershipTransferred'. Expected: [previousOwner, newOwner], Found: [] [Warning/use-natspec]
/sb/0x159903d22cd86e2e04747b52c8eab795e5ce92ce.sol:165:3: Missing @notice tag in function '<anonymous>' [Warning/use-natspec]
/sb/0x159903d22cd86e2e04747b52c8eab795e5ce92ce.sol:173:3: Missing @notice tag in function 'owner' [Warning/use-natspec]
/sb/0x159903d22cd86e2e04747b52c8eab795e5ce92ce.sol:181:5: Provide an error message for require [Warning/reason-string]
/sb/0x159903d22cd86e2e04747b52c8eab795e5ce92ce.sol:188:3: Missing @notice tag in function 'isOwner' [Warning/use-natspec]
/sb/0x159903d22cd86e2e04747b52c8eab795e5ce92ce.sol:207:3: Missing @notice tag in function 'transferOwnership' [Warning/use-natspec]
/sb/0x159903d22cd86e2e04747b52c8eab795e5ce92ce.sol:215:3: Missing @notice tag in function '_transferOwnership' [Warning/use-natspec]
/sb/0x159903d22cd86e2e04747b52c8eab795e5ce92ce.sol:216:5: Provide an error message for require [Warning/reason-string]
/sb/0x159903d22cd86e2e04747b52c8eab795e5ce92ce.sol:224:1: Missing @title tag in contract 'IBounty' [Warning/use-natspec]
/sb/0x159903d22cd86e2e04747b52c8eab795e5ce92ce.sol:224:1: Missing @author tag in contract 'IBounty' [Warning/use-natspec]
/sb/0x159903d22cd86e2e04747b52c8eab795e5ce92ce.sol:224:1: Missing @notice tag in contract 'IBounty' [Warning/use-natspec]
/sb/0x159903d22cd86e2e04747b52c8eab795e5ce92ce.sol:226:3: Missing @notice tag in function 'packageBounty' [Warning/use-natspec]
/sb/0x159903d22cd86e2e04747b52c8eab795e5ce92ce.sol:226:3: Missing @param tag in function 'packageBounty' [Warning/use-natspec]
/sb/0x159903d22cd86e2e04747b52c8eab795e5ce92ce.sol:226:3: Mismatch in @param names for function 'packageBounty'. Expected: [owner, needHopsAmount, tokenAddress, tokenAmount], Found: [] [Warning/use-natspec]
/sb/0x159903d22cd86e2e04747b52c8eab795e5ce92ce.sol:226:3: Missing @return tag in function 'packageBounty' [Warning/use-natspec]
/sb/0x159903d22cd86e2e04747b52c8eab795e5ce92ce.sol:226:3: Mismatch in @return count for function 'packageBounty'. Expected: 1, Found: 0 [Warning/use-natspec]
/sb/0x159903d22cd86e2e04747b52c8eab795e5ce92ce.sol:233:3: Missing @notice tag in function 'openBounty' [Warning/use-natspec]
/sb/0x159903d22cd86e2e04747b52c8eab795e5ce92ce.sol:233:3: Missing @param tag in function 'openBounty' [Warning/use-natspec]
/sb/0x159903d22cd86e2e04747b52c8eab795e5ce92ce.sol:233:3: Mismatch in @param names for function 'openBounty'. Expected: [bountyId], Found: [] [Warning/use-natspec]
/sb/0x159903d22cd86e2e04747b52c8eab795e5ce92ce.sol:233:3: Missing @return tag in function 'openBounty' [Warning/use-natspec]
/sb/0x159903d22cd86e2e04747b52c8eab795e5ce92ce.sol:233:3: Mismatch in @return count for function 'openBounty'. Expected: 1, Found: 0 [Warning/use-natspec]
/sb/0x159903d22cd86e2e04747b52c8eab795e5ce92ce.sol:236:3: Missing @notice tag in function 'checkBounty' [Warning/use-natspec]
/sb/0x159903d22cd86e2e04747b52c8eab795e5ce92ce.sol:236:3: Missing @param tag in function 'checkBounty' [Warning/use-natspec]
/sb/0x159903d22cd86e2e04747b52c8eab795e5ce92ce.sol:236:3: Mismatch in @param names for function 'checkBounty'. Expected: [bountyId], Found: [] [Warning/use-natspec]
/sb/0x159903d22cd86e2e04747b52c8eab795e5ce92ce.sol:236:3: Missing @return tag in function 'checkBounty' [Warning/use-natspec]
/sb/0x159903d22cd86e2e04747b52c8eab795e5ce92ce.sol:236:3: Mismatch in @return count for function 'checkBounty'. Expected: 4, Found: 0 [Warning/use-natspec]
/sb/0x159903d22cd86e2e04747b52c8eab795e5ce92ce.sol:240:3: Missing @notice tag in event 'BountyEvt' [Warning/use-natspec]
/sb/0x159903d22cd86e2e04747b52c8eab795e5ce92ce.sol:240:3: Missing @param tag in event 'BountyEvt' [Warning/use-natspec]
/sb/0x159903d22cd86e2e04747b52c8eab795e5ce92ce.sol:240:3: Mismatch in @param names for event 'BountyEvt'. Expected: [bountyId, owner, needHopsAmount, tokenAddress, tokenAmount], Found: [] [Warning/use-natspec]
/sb/0x159903d22cd86e2e04747b52c8eab795e5ce92ce.sol:248:3: Missing @notice tag in event 'OpenBountyEvt' [Warning/use-natspec]
/sb/0x159903d22cd86e2e04747b52c8eab795e5ce92ce.sol:248:3: Missing @param tag in event 'OpenBountyEvt' [Warning/use-natspec]
/sb/0x159903d22cd86e2e04747b52c8eab795e5ce92ce.sol:248:3: Mismatch in @param names for event 'OpenBountyEvt'. Expected: [bountyId, sender, needHopsAmount, tokenAddress, tokenAmount], Found: [] [Warning/use-natspec]
/sb/0x159903d22cd86e2e04747b52c8eab795e5ce92ce.sol:263:1: Missing @author tag in contract 'WhitelistAdminRole' [Warning/use-natspec]
/sb/0x159903d22cd86e2e04747b52c8eab795e5ce92ce.sol:263:1: Missing @notice tag in contract 'WhitelistAdminRole' [Warning/use-natspec]
/sb/0x159903d22cd86e2e04747b52c8eab795e5ce92ce.sol:266:3: Missing @notice tag in event 'WhitelistAdminAdded' [Warning/use-natspec]
/sb/0x159903d22cd86e2e04747b52c8eab795e5ce92ce.sol:266:3: Missing @param tag in event 'WhitelistAdminAdded' [Warning/use-natspec]
/sb/0x159903d22cd86e2e04747b52c8eab795e5ce92ce.sol:266:3: Mismatch in @param names for event 'WhitelistAdminAdded'. Expected: [account], Found: [] [Warning/use-natspec]
/sb/0x159903d22cd86e2e04747b52c8eab795e5ce92ce.sol:267:3: Missing @notice tag in event 'WhitelistAdminRemoved' [Warning/use-natspec]
/sb/0x159903d22cd86e2e04747b52c8eab795e5ce92ce.sol:267:3: Missing @param tag in event 'WhitelistAdminRemoved' [Warning/use-natspec]
/sb/0x159903d22cd86e2e04747b52c8eab795e5ce92ce.sol:267:3: Mismatch in @param names for event 'WhitelistAdminRemoved'. Expected: [account], Found: [] [Warning/use-natspec]
/sb/0x159903d22cd86e2e04747b52c8eab795e5ce92ce.sol:271:3: Missing @notice tag in function '<anonymous>' [Warning/use-natspec]
/sb/0x159903d22cd86e2e04747b52c8eab795e5ce92ce.sol:276:5: Provide an error message for require [Warning/reason-string]
/sb/0x159903d22cd86e2e04747b52c8eab795e5ce92ce.sol:280:3: Missing @notice tag in function 'isWhitelistAdmin' [Warning/use-natspec]
/sb/0x159903d22cd86e2e04747b52c8eab795e5ce92ce.sol:280:3: Missing @param tag in function 'isWhitelistAdmin' [Warning/use-natspec]
/sb/0x159903d22cd86e2e04747b52c8eab795e5ce92ce.sol:280:3: Mismatch in @param names for function 'isWhitelistAdmin'. Expected: [account], Found: [] [Warning/use-natspec]
/sb/0x159903d22cd86e2e04747b52c8eab795e5ce92ce.sol:280:3: Missing @return tag in function 'isWhitelistAdmin' [Warning/use-natspec]
/sb/0x159903d22cd86e2e04747b52c8eab795e5ce92ce.sol:280:3: Mismatch in @return count for function 'isWhitelistAdmin'. Expected: 1, Found: 0 [Warning/use-natspec]
/sb/0x159903d22cd86e2e04747b52c8eab795e5ce92ce.sol:284:3: Missing @notice tag in function 'addWhitelistAdmin' [Warning/use-natspec]
/sb/0x159903d22cd86e2e04747b52c8eab795e5ce92ce.sol:284:3: Missing @param tag in function 'addWhitelistAdmin' [Warning/use-natspec]
/sb/0x159903d22cd86e2e04747b52c8eab795e5ce92ce.sol:284:3: Mismatch in @param names for function 'addWhitelistAdmin'. Expected: [account], Found: [] [Warning/use-natspec]
/sb/0x159903d22cd86e2e04747b52c8eab795e5ce92ce.sol:288:3: Missing @notice tag in function 'renounceWhitelistAdmin' [Warning/use-natspec]
/sb/0x159903d22cd86e2e04747b52c8eab795e5ce92ce.sol:292:3: Missing @notice tag in function '_addWhitelistAdmin' [Warning/use-natspec]
/sb/0x159903d22cd86e2e04747b52c8eab795e5ce92ce.sol:292:3: Missing @param tag in function '_addWhitelistAdmin' [Warning/use-natspec]
/sb/0x159903d22cd86e2e04747b52c8eab795e5ce92ce.sol:292:3: Mismatch in @param names for function '_addWhitelistAdmin'. Expected: [account], Found: [] [Warning/use-natspec]
/sb/0x159903d22cd86e2e04747b52c8eab795e5ce92ce.sol:297:3: Missing @notice tag in function '_removeWhitelistAdmin' [Warning/use-natspec]
/sb/0x159903d22cd86e2e04747b52c8eab795e5ce92ce.sol:297:3: Missing @param tag in function '_removeWhitelistAdmin' [Warning/use-natspec]
/sb/0x159903d22cd86e2e04747b52c8eab795e5ce92ce.sol:297:3: Mismatch in @param names for function '_removeWhitelistAdmin'. Expected: [account], Found: [] [Warning/use-natspec]
/sb/0x159903d22cd86e2e04747b52c8eab795e5ce92ce.sol:311:1: Missing @author tag in contract 'WhitelistedRole' [Warning/use-natspec]
/sb/0x159903d22cd86e2e04747b52c8eab795e5ce92ce.sol:311:1: Missing @notice tag in contract 'WhitelistedRole' [Warning/use-natspec]
/sb/0x159903d22cd86e2e04747b52c8eab795e5ce92ce.sol:314:3: Missing @notice tag in event 'WhitelistedAdded' [Warning/use-natspec]
/sb/0x159903d22cd86e2e04747b52c8eab795e5ce92ce.sol:314:3: Missing @param tag in event 'WhitelistedAdded' [Warning/use-natspec]
/sb/0x159903d22cd86e2e04747b52c8eab795e5ce92ce.sol:314:3: Mismatch in @param names for event 'WhitelistedAdded'. Expected: [account], Found: [] [Warning/use-natspec]
/sb/0x159903d22cd86e2e04747b52c8eab795e5ce92ce.sol:315:3: Missing @notice tag in event 'WhitelistedRemoved' [Warning/use-natspec]
/sb/0x159903d22cd86e2e04747b52c8eab795e5ce92ce.sol:315:3: Missing @param tag in event 'WhitelistedRemoved' [Warning/use-natspec]
/sb/0x159903d22cd86e2e04747b52c8eab795e5ce92ce.sol:315:3: Mismatch in @param names for event 'WhitelistedRemoved'. Expected: [account], Found: [] [Warning/use-natspec]
/sb/0x159903d22cd86e2e04747b52c8eab795e5ce92ce.sol:320:5: Provide an error message for require [Warning/reason-string]
/sb/0x159903d22cd86e2e04747b52c8eab795e5ce92ce.sol:324:3: Missing @notice tag in function 'isWhitelisted' [Warning/use-natspec]
/sb/0x159903d22cd86e2e04747b52c8eab795e5ce92ce.sol:324:3: Missing @param tag in function 'isWhitelisted' [Warning/use-natspec]
/sb/0x159903d22cd86e2e04747b52c8eab795e5ce92ce.sol:324:3: Mismatch in @param names for function 'isWhitelisted'. Expected: [account], Found: [] [Warning/use-natspec]
/sb/0x159903d22cd86e2e04747b52c8eab795e5ce92ce.sol:324:3: Missing @return tag in function 'isWhitelisted' [Warning/use-natspec]
/sb/0x159903d22cd86e2e04747b52c8eab795e5ce92ce.sol:324:3: Mismatch in @return count for function 'isWhitelisted'. Expected: 1, Found: 0 [Warning/use-natspec]
/sb/0x159903d22cd86e2e04747b52c8eab795e5ce92ce.sol:328:3: Missing @notice tag in function 'addWhitelisted' [Warning/use-natspec]
/sb/0x159903d22cd86e2e04747b52c8eab795e5ce92ce.sol:328:3: Missing @param tag in function 'addWhitelisted' [Warning/use-natspec]
/sb/0x159903d22cd86e2e04747b52c8eab795e5ce92ce.sol:328:3: Mismatch in @param names for function 'addWhitelisted'. Expected: [account], Found: [] [Warning/use-natspec]
/sb/0x159903d22cd86e2e04747b52c8eab795e5ce92ce.sol:332:3: Missing @notice tag in function 'removeWhitelisted' [Warning/use-natspec]
/sb/0x159903d22cd86e2e04747b52c8eab795e5ce92ce.sol:332:3: Missing @param tag in function 'removeWhitelisted' [Warning/use-natspec]
/sb/0x159903d22cd86e2e04747b52c8eab795e5ce92ce.sol:332:3: Mismatch in @param names for function 'removeWhitelisted'. Expected: [account], Found: [] [Warning/use-natspec]
/sb/0x159903d22cd86e2e04747b52c8eab795e5ce92ce.sol:336:3: Missing @notice tag in function 'renounceWhitelisted' [Warning/use-natspec]
/sb/0x159903d22cd86e2e04747b52c8eab795e5ce92ce.sol:340:3: Missing @notice tag in function '_addWhitelisted' [Warning/use-natspec]
/sb/0x159903d22cd86e2e04747b52c8eab795e5ce92ce.sol:340:3: Missing @param tag in function '_addWhitelisted' [Warning/use-natspec]
/sb/0x159903d22cd86e2e04747b52c8eab795e5ce92ce.sol:340:3: Mismatch in @param names for function '_addWhitelisted'. Expected: [account], Found: [] [Warning/use-natspec]
/sb/0x159903d22cd86e2e04747b52c8eab795e5ce92ce.sol:345:3: Missing @notice tag in function '_removeWhitelisted' [Warning/use-natspec]
/sb/0x159903d22cd86e2e04747b52c8eab795e5ce92ce.sol:345:3: Missing @param tag in function '_removeWhitelisted' [Warning/use-natspec]
/sb/0x159903d22cd86e2e04747b52c8eab795e5ce92ce.sol:345:3: Mismatch in @param names for function '_removeWhitelisted'. Expected: [account], Found: [] [Warning/use-natspec]
/sb/0x159903d22cd86e2e04747b52c8eab795e5ce92ce.sol:356:1: Missing @author tag in contract 'SafeMath' [Warning/use-natspec]
/sb/0x159903d22cd86e2e04747b52c8eab795e5ce92ce.sol:356:1: Missing @notice tag in contract 'SafeMath' [Warning/use-natspec]
/sb/0x159903d22cd86e2e04747b52c8eab795e5ce92ce.sol:360:3: Missing @notice tag in function 'div' [Warning/use-natspec]
/sb/0x159903d22cd86e2e04747b52c8eab795e5ce92ce.sol:360:3: Missing @param tag in function 'div' [Warning/use-natspec]
/sb/0x159903d22cd86e2e04747b52c8eab795e5ce92ce.sol:360:3: Mismatch in @param names for function 'div'. Expected: [a, b], Found: [] [Warning/use-natspec]
/sb/0x159903d22cd86e2e04747b52c8eab795e5ce92ce.sol:360:3: Missing @return tag in function 'div' [Warning/use-natspec]
/sb/0x159903d22cd86e2e04747b52c8eab795e5ce92ce.sol:360:3: Mismatch in @return count for function 'div'. Expected: 1, Found: 0 [Warning/use-natspec]
/sb/0x159903d22cd86e2e04747b52c8eab795e5ce92ce.sol:370:3: Missing @notice tag in function 'mul' [Warning/use-natspec]
/sb/0x159903d22cd86e2e04747b52c8eab795e5ce92ce.sol:370:3: Missing @param tag in function 'mul' [Warning/use-natspec]
/sb/0x159903d22cd86e2e04747b52c8eab795e5ce92ce.sol:370:3: Mismatch in @param names for function 'mul'. Expected: [a, b], Found: [] [Warning/use-natspec]
/sb/0x159903d22cd86e2e04747b52c8eab795e5ce92ce.sol:370:3: Missing @return tag in function 'mul' [Warning/use-natspec]
/sb/0x159903d22cd86e2e04747b52c8eab795e5ce92ce.sol:370:3: Mismatch in @return names for function 'mul'. Expected: [c], Found: [] [Warning/use-natspec]
/sb/0x159903d22cd86e2e04747b52c8eab795e5ce92ce.sol:386:3: Missing @notice tag in function 'sub' [Warning/use-natspec]
/sb/0x159903d22cd86e2e04747b52c8eab795e5ce92ce.sol:386:3: Missing @param tag in function 'sub' [Warning/use-natspec]
/sb/0x159903d22cd86e2e04747b52c8eab795e5ce92ce.sol:386:3: Mismatch in @param names for function 'sub'. Expected: [a, b], Found: [] [Warning/use-natspec]
/sb/0x159903d22cd86e2e04747b52c8eab795e5ce92ce.sol:386:3: Missing @return tag in function 'sub' [Warning/use-natspec]
/sb/0x159903d22cd86e2e04747b52c8eab795e5ce92ce.sol:386:3: Mismatch in @return count for function 'sub'. Expected: 1, Found: 0 [Warning/use-natspec]
/sb/0x159903d22cd86e2e04747b52c8eab795e5ce92ce.sol:391:13: GC: Non strict inequality found. Try converting to a strict one [Warning/gas-strict-inequalities]
/sb/0x159903d22cd86e2e04747b52c8eab795e5ce92ce.sol:398:3: Missing @notice tag in function 'add' [Warning/use-natspec]
/sb/0x159903d22cd86e2e04747b52c8eab795e5ce92ce.sol:398:3: Missing @param tag in function 'add' [Warning/use-natspec]
/sb/0x159903d22cd86e2e04747b52c8eab795e5ce92ce.sol:398:3: Mismatch in @param names for function 'add'. Expected: [a, b], Found: [] [Warning/use-natspec]
/sb/0x159903d22cd86e2e04747b52c8eab795e5ce92ce.sol:398:3: Missing @return tag in function 'add' [Warning/use-natspec]
/sb/0x159903d22cd86e2e04747b52c8eab795e5ce92ce.sol:398:3: Mismatch in @return names for function 'add'. Expected: [c], Found: [] [Warning/use-natspec]
/sb/0x159903d22cd86e2e04747b52c8eab795e5ce92ce.sol:404:13: GC: Non strict inequality found. Try converting to a strict one [Warning/gas-strict-inequalities]
/sb/0x159903d22cd86e2e04747b52c8eab795e5ce92ce.sol:411:3: Missing @notice tag in function 'sqrt' [Warning/use-natspec]
/sb/0x159903d22cd86e2e04747b52c8eab795e5ce92ce.sol:411:3: Missing @param tag in function 'sqrt' [Warning/use-natspec]
/sb/0x159903d22cd86e2e04747b52c8eab795e5ce92ce.sol:411:3: Mismatch in @param names for function 'sqrt'. Expected: [x], Found: [] [Warning/use-natspec]
/sb/0x159903d22cd86e2e04747b52c8eab795e5ce92ce.sol:411:3: Missing @return tag in function 'sqrt' [Warning/use-natspec]
/sb/0x159903d22cd86e2e04747b52c8eab795e5ce92ce.sol:411:3: Mismatch in @return names for function 'sqrt'. Expected: [y], Found: [] [Warning/use-natspec]
/sb/0x159903d22cd86e2e04747b52c8eab795e5ce92ce.sol:428:3: Missing @notice tag in function 'sq' [Warning/use-natspec]
/sb/0x159903d22cd86e2e04747b52c8eab795e5ce92ce.sol:428:3: Missing @param tag in function 'sq' [Warning/use-natspec]
/sb/0x159903d22cd86e2e04747b52c8eab795e5ce92ce.sol:428:3: Mismatch in @param names for function 'sq'. Expected: [x], Found: [] [Warning/use-natspec]
/sb/0x159903d22cd86e2e04747b52c8eab795e5ce92ce.sol:428:3: Missing @return tag in function 'sq' [Warning/use-natspec]
/sb/0x159903d22cd86e2e04747b52c8eab795e5ce92ce.sol:428:3: Mismatch in @return count for function 'sq'. Expected: 1, Found: 0 [Warning/use-natspec]
/sb/0x159903d22cd86e2e04747b52c8eab795e5ce92ce.sol:439:3: Missing @notice tag in function 'pwr' [Warning/use-natspec]
/sb/0x159903d22cd86e2e04747b52c8eab795e5ce92ce.sol:439:3: Missing @param tag in function 'pwr' [Warning/use-natspec]
/sb/0x159903d22cd86e2e04747b52c8eab795e5ce92ce.sol:439:3: Mismatch in @param names for function 'pwr'. Expected: [x, y], Found: [] [Warning/use-natspec]
/sb/0x159903d22cd86e2e04747b52c8eab795e5ce92ce.sol:439:3: Missing @return tag in function 'pwr' [Warning/use-natspec]
/sb/0x159903d22cd86e2e04747b52c8eab795e5ce92ce.sol:439:3: Mismatch in @return count for function 'pwr'. Expected: 1, Found: 0 [Warning/use-natspec]
/sb/0x159903d22cd86e2e04747b52c8eab795e5ce92ce.sol:451:32: GC: For [ i ] variable, increment/decrement by 1 using: [ ++variable ] to save gas [Warning/gas-increment-by-one]
/sb/0x159903d22cd86e2e04747b52c8eab795e5ce92ce.sol:460:1: Missing @title tag in contract 'IERC20' [Warning/use-natspec]
/sb/0x159903d22cd86e2e04747b52c8eab795e5ce92ce.sol:460:1: Missing @author tag in contract 'IERC20' [Warning/use-natspec]
/sb/0x159903d22cd86e2e04747b52c8eab795e5ce92ce.sol:460:1: Missing @notice tag in contract 'IERC20' [Warning/use-natspec]
/sb/0x159903d22cd86e2e04747b52c8eab795e5ce92ce.sol:461:3: Missing @notice tag in function 'transfer' [Warning/use-natspec]
/sb/0x159903d22cd86e2e04747b52c8eab795e5ce92ce.sol:461:3: Missing @param tag in function 'transfer' [Warning/use-natspec]
/sb/0x159903d22cd86e2e04747b52c8eab795e5ce92ce.sol:461:3: Mismatch in @param names for function 'transfer'. Expected: [to, value], Found: [] [Warning/use-natspec]
/sb/0x159903d22cd86e2e04747b52c8eab795e5ce92ce.sol:461:3: Missing @return tag in function 'transfer' [Warning/use-natspec]
/sb/0x159903d22cd86e2e04747b52c8eab795e5ce92ce.sol:461:3: Mismatch in @return count for function 'transfer'. Expected: 1, Found: 0 [Warning/use-natspec]
/sb/0x159903d22cd86e2e04747b52c8eab795e5ce92ce.sol:462:3: Missing @notice tag in function 'balanceOf' [Warning/use-natspec]
/sb/0x159903d22cd86e2e04747b52c8eab795e5ce92ce.sol:462:3: Missing @param tag in function 'balanceOf' [Warning/use-natspec]
/sb/0x159903d22cd86e2e04747b52c8eab795e5ce92ce.sol:462:3: Mismatch in @param names for function 'balanceOf'. Expected: [who], Found: [] [Warning/use-natspec]
/sb/0x159903d22cd86e2e04747b52c8eab795e5ce92ce.sol:462:3: Missing @return tag in function 'balanceOf' [Warning/use-natspec]
/sb/0x159903d22cd86e2e04747b52c8eab795e5ce92ce.sol:462:3: Mismatch in @return count for function 'balanceOf'. Expected: 1, Found: 0 [Warning/use-natspec]
/sb/0x159903d22cd86e2e04747b52c8eab795e5ce92ce.sol:463:3: Missing @notice tag in function 'allowance' [Warning/use-natspec]
/sb/0x159903d22cd86e2e04747b52c8eab795e5ce92ce.sol:463:3: Missing @param tag in function 'allowance' [Warning/use-natspec]
/sb/0x159903d22cd86e2e04747b52c8eab795e5ce92ce.sol:463:3: Mismatch in @param names for function 'allowance'. Expected: [tokenOwner, spender], Found: [] [Warning/use-natspec]
/sb/0x159903d22cd86e2e04747b52c8eab795e5ce92ce.sol:463:3: Missing @return tag in function 'allowance' [Warning/use-natspec]
/sb/0x159903d22cd86e2e04747b52c8eab795e5ce92ce.sol:463:3: Mismatch in @return count for function 'allowance'. Expected: 1, Found: 0 [Warning/use-natspec]
/sb/0x159903d22cd86e2e04747b52c8eab795e5ce92ce.sol:464:3: Missing @notice tag in function 'burnFrom' [Warning/use-natspec]
/sb/0x159903d22cd86e2e04747b52c8eab795e5ce92ce.sol:464:3: Missing @param tag in function 'burnFrom' [Warning/use-natspec]
/sb/0x159903d22cd86e2e04747b52c8eab795e5ce92ce.sol:464:3: Mismatch in @param names for function 'burnFrom'. Expected: [from, value], Found: [] [Warning/use-natspec]
/sb/0x159903d22cd86e2e04747b52c8eab795e5ce92ce.sol:467:1: Missing @title tag in contract 'IERC721' [Warning/use-natspec]
/sb/0x159903d22cd86e2e04747b52c8eab795e5ce92ce.sol:467:1: Missing @author tag in contract 'IERC721' [Warning/use-natspec]
/sb/0x159903d22cd86e2e04747b52c8eab795e5ce92ce.sol:467:1: Missing @notice tag in contract 'IERC721' [Warning/use-natspec]
/sb/0x159903d22cd86e2e04747b52c8eab795e5ce92ce.sol:468:3: Missing @notice tag in function 'mintTo' [Warning/use-natspec]
/sb/0x159903d22cd86e2e04747b52c8eab795e5ce92ce.sol:468:3: Missing @param tag in function 'mintTo' [Warning/use-natspec]
/sb/0x159903d22cd86e2e04747b52c8eab795e5ce92ce.sol:468:3: Mismatch in @param names for function 'mintTo'. Expected: [to], Found: [] [Warning/use-natspec]
/sb/0x159903d22cd86e2e04747b52c8eab795e5ce92ce.sol:468:3: Missing @return tag in function 'mintTo' [Warning/use-natspec]
/sb/0x159903d22cd86e2e04747b52c8eab795e5ce92ce.sol:468:3: Mismatch in @return count for function 'mintTo'. Expected: 2, Found: 0 [Warning/use-natspec]
/sb/0x159903d22cd86e2e04747b52c8eab795e5ce92ce.sol:469:3: Missing @notice tag in function 'ownerOf' [Warning/use-natspec]
/sb/0x159903d22cd86e2e04747b52c8eab795e5ce92ce.sol:469:3: Missing @param tag in function 'ownerOf' [Warning/use-natspec]
/sb/0x159903d22cd86e2e04747b52c8eab795e5ce92ce.sol:469:3: Mismatch in @param names for function 'ownerOf'. Expected: [tokenId], Found: [] [Warning/use-natspec]
/sb/0x159903d22cd86e2e04747b52c8eab795e5ce92ce.sol:469:3: Missing @return tag in function 'ownerOf' [Warning/use-natspec]
/sb/0x159903d22cd86e2e04747b52c8eab795e5ce92ce.sol:469:3: Mismatch in @return count for function 'ownerOf'. Expected: 1, Found: 0 [Warning/use-natspec]
/sb/0x159903d22cd86e2e04747b52c8eab795e5ce92ce.sol:470:3: Missing @notice tag in function 'burn' [Warning/use-natspec]
/sb/0x159903d22cd86e2e04747b52c8eab795e5ce92ce.sol:470:3: Missing @param tag in function 'burn' [Warning/use-natspec]
/sb/0x159903d22cd86e2e04747b52c8eab795e5ce92ce.sol:470:3: Mismatch in @param names for function 'burn'. Expected: [tokenId], Found: [] [Warning/use-natspec]
/sb/0x159903d22cd86e2e04747b52c8eab795e5ce92ce.sol:471:3: Missing @notice tag in function 'isApprovedForAll' [Warning/use-natspec]
/sb/0x159903d22cd86e2e04747b52c8eab795e5ce92ce.sol:471:3: Missing @param tag in function 'isApprovedForAll' [Warning/use-natspec]
/sb/0x159903d22cd86e2e04747b52c8eab795e5ce92ce.sol:471:3: Mismatch in @param names for function 'isApprovedForAll'. Expected: [owner, operator], Found: [] [Warning/use-natspec]
/sb/0x159903d22cd86e2e04747b52c8eab795e5ce92ce.sol:471:3: Missing @return tag in function 'isApprovedForAll' [Warning/use-natspec]
/sb/0x159903d22cd86e2e04747b52c8eab795e5ce92ce.sol:471:3: Mismatch in @return count for function 'isApprovedForAll'. Expected: 1, Found: 0 [Warning/use-natspec]
/sb/0x159903d22cd86e2e04747b52c8eab795e5ce92ce.sol:474:1: Missing @title tag in contract 'Bounty' [Warning/use-natspec]
/sb/0x159903d22cd86e2e04747b52c8eab795e5ce92ce.sol:474:1: Missing @author tag in contract 'Bounty' [Warning/use-natspec]
/sb/0x159903d22cd86e2e04747b52c8eab795e5ce92ce.sol:474:1: Missing @notice tag in contract 'Bounty' [Warning/use-natspec]
/sb/0x159903d22cd86e2e04747b52c8eab795e5ce92ce.sol:478:3: Missing @notice tag in variable 'erc20Address' [Warning/use-natspec]
/sb/0x159903d22cd86e2e04747b52c8eab795e5ce92ce.sol:479:3: Missing @notice tag in variable 'bountyNFTAddress' [Warning/use-natspec]
/sb/0x159903d22cd86e2e04747b52c8eab795e5ce92ce.sol:487:3: Missing @notice tag in variable 'planBaseIds' [Warning/use-natspec]
/sb/0x159903d22cd86e2e04747b52c8eab795e5ce92ce.sol:489:3: Explicitly mark visibility of state [Warning/state-visibility]
/sb/0x159903d22cd86e2e04747b52c8eab795e5ce92ce.sol:491:3: Missing @notice tag in function '<anonymous>' [Warning/use-natspec]
/sb/0x159903d22cd86e2e04747b52c8eab795e5ce92ce.sol:491:3: Missing @param tag in function '<anonymous>' [Warning/use-natspec]
/sb/0x159903d22cd86e2e04747b52c8eab795e5ce92ce.sol:491:3: Mismatch in @param names for function '<anonymous>'. Expected: [_erc20Address, _bountyNFTAddress], Found: [] [Warning/use-natspec]
/sb/0x159903d22cd86e2e04747b52c8eab795e5ce92ce.sol:491:3: Explicitly mark visibility in function (Set ignoreConstructors to true if using solidity >=0.7.0) [Warning/func-visibility]
/sb/0x159903d22cd86e2e04747b52c8eab795e5ce92ce.sol:496:3: Missing @notice tag in function 'packageBounty' [Warning/use-natspec]
/sb/0x159903d22cd86e2e04747b52c8eab795e5ce92ce.sol:496:3: Missing @param tag in function 'packageBounty' [Warning/use-natspec]
/sb/0x159903d22cd86e2e04747b52c8eab795e5ce92ce.sol:496:3: Mismatch in @param names for function 'packageBounty'. Expected: [owner, needHopsAmount, tokenAddress, tokenAmount], Found: [] [Warning/use-natspec]
/sb/0x159903d22cd86e2e04747b52c8eab795e5ce92ce.sol:496:3: Missing @return tag in function 'packageBounty' [Warning/use-natspec]
/sb/0x159903d22cd86e2e04747b52c8eab795e5ce92ce.sol:496:3: Mismatch in @return count for function 'packageBounty'. Expected: 1, Found: 0 [Warning/use-natspec]
/sb/0x159903d22cd86e2e04747b52c8eab795e5ce92ce.sol:501:19: Visibility modifier must be first in list of modifiers [Warning/visibility-modifier-order]
/sb/0x159903d22cd86e2e04747b52c8eab795e5ce92ce.sol:502:5: Provide an error message for require [Warning/reason-string]
/sb/0x159903d22cd86e2e04747b52c8eab795e5ce92ce.sol:505:5: Provide an error message for require [Warning/reason-string]
/sb/0x159903d22cd86e2e04747b52c8eab795e5ce92ce.sol:510:3: Missing @notice tag in function 'openBounty' [Warning/use-natspec]
/sb/0x159903d22cd86e2e04747b52c8eab795e5ce92ce.sol:510:3: Missing @param tag in function 'openBounty' [Warning/use-natspec]
/sb/0x159903d22cd86e2e04747b52c8eab795e5ce92ce.sol:510:3: Mismatch in @param names for function 'openBounty'. Expected: [bountyId], Found: [] [Warning/use-natspec]
/sb/0x159903d22cd86e2e04747b52c8eab795e5ce92ce.sol:510:3: Missing @return tag in function 'openBounty' [Warning/use-natspec]
/sb/0x159903d22cd86e2e04747b52c8eab795e5ce92ce.sol:510:3: Mismatch in @return count for function 'openBounty'. Expected: 1, Found: 0 [Warning/use-natspec]
/sb/0x159903d22cd86e2e04747b52c8eab795e5ce92ce.sol:511:19: Visibility modifier must be first in list of modifiers [Warning/visibility-modifier-order]
/sb/0x159903d22cd86e2e04747b52c8eab795e5ce92ce.sol:513:5: Provide an error message for require [Warning/reason-string]
/sb/0x159903d22cd86e2e04747b52c8eab795e5ce92ce.sol:515:5: Provide an error message for require [Warning/reason-string]
/sb/0x159903d22cd86e2e04747b52c8eab795e5ce92ce.sol:516:5: Provide an error message for require [Warning/reason-string]
/sb/0x159903d22cd86e2e04747b52c8eab795e5ce92ce.sol:516:13: GC: Non strict inequality found. Try converting to a strict one [Warning/gas-strict-inequalities]
/sb/0x159903d22cd86e2e04747b52c8eab795e5ce92ce.sol:517:5: Provide an error message for require [Warning/reason-string]
/sb/0x159903d22cd86e2e04747b52c8eab795e5ce92ce.sol:517:13: GC: Non strict inequality found. Try converting to a strict one [Warning/gas-strict-inequalities]
/sb/0x159903d22cd86e2e04747b52c8eab795e5ce92ce.sol:520:55: GC: For [ i ] variable, increment/decrement by 1 using: [ ++variable ] to save gas [Warning/gas-increment-by-one]
/sb/0x159903d22cd86e2e04747b52c8eab795e5ce92ce.sol:521:7: Provide an error message for require [Warning/reason-string]
/sb/0x159903d22cd86e2e04747b52c8eab795e5ce92ce.sol:530:3: Missing @notice tag in function 'checkBounty' [Warning/use-natspec]
/sb/0x159903d22cd86e2e04747b52c8eab795e5ce92ce.sol:530:3: Missing @param tag in function 'checkBounty' [Warning/use-natspec]
/sb/0x159903d22cd86e2e04747b52c8eab795e5ce92ce.sol:530:3: Mismatch in @param names for function 'checkBounty'. Expected: [bountyId], Found: [] [Warning/use-natspec]
/sb/0x159903d22cd86e2e04747b52c8eab795e5ce92ce.sol:530:3: Missing @return tag in function 'checkBounty' [Warning/use-natspec]
/sb/0x159903d22cd86e2e04747b52c8eab795e5ce92ce.sol:530:3: Mismatch in @return count for function 'checkBounty'. Expected: 4, Found: 0 [Warning/use-natspec]

268 problem/s (1 error/s, 267 warning/s)
