ANTLR runtime and generated code versions disagree: 4.9.2!=4.7.2
ANTLR runtime and generated code versions disagree: 4.9.2!=4.7.2
Analysing /sb/0x73d100cfb06c91ef649f442eda7ac6dc80138095.sol:CanReclaimToken...
Vulnerability: Reentrancy. Maybe in function: reclaimToken(address). PC: 0x234. Line number: 46.
Analysing /sb/0x73d100cfb06c91ef649f442eda7ac6dc80138095.sol:Claimable...
Analysing /sb/0x73d100cfb06c91ef649f442eda7ac6dc80138095.sol:Distribution...
Vulnerability: Integer Overflow. Maybe in function: setReceivers(address[],uint256). PC: 0x2ac. Line number: 202.
If a = 32
and b = 115792089237316195423570985008687907853269984665640564039457584007913129639916
Vulnerability: Integer Overflow. Maybe in function: batchDistribute(address[],uint256). PC: 0x593. Line number: 224.
If a = 4
and b = 115792089237316195423570985008687907853269984665640564039457584007913129639932
Vulnerability: Integer Overflow. Maybe in function: receivers(uint256). PC: 0xdcb. Line number: 193.
If a = 87903029871075914254377627908054574944891091886930582284385770809450030037083
and b = 27889059366240281169193357100633332908378892778709981755071813198463099602854
Vulnerability: Integer Overflow. Maybe in function: addAddressesToWhitelist(address[]). PC: 0xcae. Line number: 103.
If a = 32
and b = 3618502788666131106986593281521497120414687020801267626233049500247285301242
Vulnerability: Reentrancy. Maybe in function: reclaimToken(address). PC: 0x708. Line number: 46.
Analysing /sb/0x73d100cfb06c91ef649f442eda7ac6dc80138095.sol:ERC20...
Nothing to analyse
Analysing /sb/0x73d100cfb06c91ef649f442eda7ac6dc80138095.sol:ERC20Basic...
Nothing to analyse
Analysing /sb/0x73d100cfb06c91ef649f442eda7ac6dc80138095.sol:Ownable...
Analysing /sb/0x73d100cfb06c91ef649f442eda7ac6dc80138095.sol:SafeERC20...
Analysing /sb/0x73d100cfb06c91ef649f442eda7ac6dc80138095.sol:Whitelist...
