Non-hexadecimal digit found
Traceback (most recent call last):
  File "conkas.py", line 111, in main
    ssa = Recover(bytecode, edges=[], optimize=True)
  File "/conkas/rattle/recover.py", line 768, in __init__
    self.internal = InternalRecover(filedata, edges, optimize, split_functions)
  File "/conkas/rattle/recover.py", line 32, in __init__
    self.recover(dispatch)
  File "/conkas/rattle/recover.py", line 95, in recover
    self.identify_blocks(function)
  File "/conkas/rattle/recover.py", line 167, in identify_blocks
    insns = list(EVMAsm.disassemble_all(binascii.unhexlify(self.filedata), 0))
binascii.Error: Non-hexadecimal digit found
maximum recursion depth exceeded while calling a Python object
Traceback (most recent call last):
  File "conkas.py", line 111, in main
    ssa = Recover(bytecode, edges=[], optimize=True)
  File "/conkas/rattle/recover.py", line 768, in __init__
    self.internal = InternalRecover(filedata, edges, optimize, split_functions)
  File "/conkas/rattle/recover.py", line 32, in __init__
    self.recover(dispatch)
  File "/conkas/rattle/recover.py", line 107, in recover
    self.recover_loop(function)
  File "/conkas/rattle/recover.py", line 159, in recover_loop
    self.resolve_phis(function)
  File "/conkas/rattle/recover.py", line 259, in resolve_phis
    insn.resolve_arguments()
  File "/conkas/rattle/ssa.py", line 332, in resolve_arguments
    a, update = arg.resolve()
  File "/conkas/rattle/ssa.py", line 199, in resolve
    new_slot, _ = new_slot.resolve()  # Resolve it as far as you can
  File "/conkas/rattle/ssa.py", line 172, in resolve
    rv = new_slot.resolve()
  File "/conkas/rattle/ssa.py", line 172, in resolve
    rv = new_slot.resolve()
  File "/conkas/rattle/ssa.py", line 199, in resolve
    new_slot, _ = new_slot.resolve()  # Resolve it as far as you can
  File "/conkas/rattle/ssa.py", line 172, in resolve
    rv = new_slot.resolve()
  File "/conkas/rattle/ssa.py", line 172, in resolve
    rv = new_slot.resolve()
  File "/conkas/rattle/ssa.py", line 199, in resolve
    new_slot, _ = new_slot.resolve()  # Resolve it as far as you can
  File "/conkas/rattle/ssa.py", line 172, in resolve
    rv = new_slot.resolve()
  File "/conkas/rattle/ssa.py", line 172, in resolve
    rv = new_slot.resolve()
  File "/conkas/rattle/ssa.py", line 199, in resolve
    new_slot, _ = new_slot.resolve()  # Resolve it as far as you can
  File "/conkas/rattle/ssa.py", line 172, in resolve
    rv = new_slot.resolve()
  File "/conkas/rattle/ssa.py", line 172, in resolve
    rv = new_slot.resolve()
  File "/conkas/rattle/ssa.py", line 199, in resolve
    new_slot, _ = new_slot.resolve()  # Resolve it as far as you can
  File "/conkas/rattle/ssa.py", line 172, in resolve
    rv = new_slot.resolve()
  File "/conkas/rattle/ssa.py", line 172, in resolve
    rv = new_slot.resolve()
  File "/conkas/rattle/ssa.py", line 199, in resolve
    new_slot, _ = new_slot.resolve()  # Resolve it as far as you can
  File "/conkas/rattle/ssa.py", line 172, in resolve
    rv = new_slot.resolve()
  File "/conkas/rattle/ssa.py", line 172, in resolve
    rv = new_slot.resolve()
  File "/conkas/rattle/ssa.py", line 199, in resolve
    new_slot, _ = new_slot.resolve()  # Resolve it as far as you can
  File "/conkas/rattle/ssa.py", line 172, in resolve
    rv = new_slot.resolve()
  File "/conkas/rattle/ssa.py", line 172, in resolve
    rv = new_slot.resolve()
  File "/conkas/rattle/ssa.py", line 199, in resolve
    new_slot, _ = new_slot.resolve()  # Resolve it as far as you can
  File "/conkas/rattle/ssa.py", line 172, in resolve
    rv = new_slot.resolve()
  File "/conkas/rattle/ssa.py", line 172, in resolve
    rv = new_slot.resolve()
  File "/conkas/rattle/ssa.py", line 199, in resolve
    new_slot, _ = new_slot.resolve()  # Resolve it as far as you can
  File "/conkas/rattle/ssa.py", line 172, in resolve
    rv = new_slot.resolve()
  File "/conkas/rattle/ssa.py", line 172, in resolve
    rv = new_slot.resolve()
  File "/conkas/rattle/ssa.py", line 199, in resolve
    new_slot, _ = new_slot.resolve()  # Resolve it as far as you can
  File "/conkas/rattle/ssa.py", line 172, in resolve
    rv = new_slot.resolve()
  File "/conkas/rattle/ssa.py", line 172, in resolve
    rv = new_slot.resolve()
  File "/conkas/rattle/ssa.py", line 199, in resolve
    new_slot, _ = new_slot.resolve()  # Resolve it as far as you can
  File "/conkas/rattle/ssa.py", line 172, in resolve
    rv = new_slot.resolve()
  File "/conkas/rattle/ssa.py", line 172, in resolve
    rv = new_slot.resolve()
  File "/conkas/rattle/ssa.py", line 199, in resolve
    new_slot, _ = new_slot.resolve()  # Resolve it as far as you can
  File "/conkas/rattle/ssa.py", line 172, in resolve
    rv = new_slot.resolve()
  File "/conkas/rattle/ssa.py", line 172, in resolve
    rv = new_slot.resolve()
  File "/conkas/rattle/ssa.py", line 199, in resolve
    new_slot, _ = new_slot.resolve()  # Resolve it as far as you can
  File "/conkas/rattle/ssa.py", line 172, in resolve
    rv = new_slot.resolve()
  File "/conkas/rattle/ssa.py", line 172, in resolve
    rv = new_slot.resolve()
  File "/conkas/rattle/ssa.py", line 199, in resolve
    new_slot, _ = new_slot.resolve()  # Resolve it as far as you can
  File "/conkas/rattle/ssa.py", line 172, in resolve
    rv = new_slot.resolve()
  File "/conkas/rattle/ssa.py", line 172, in resolve
    rv = new_slot.resolve()
  File "/conkas/rattle/ssa.py", line 199, in resolve
    new_slot, _ = new_slot.resolve()  # Resolve it as far as you can
  File "/conkas/rattle/ssa.py", line 172, in resolve
    rv = new_slot.resolve()
  File "/conkas/rattle/ssa.py", line 172, in resolve
    rv = new_slot.resolve()
  File "/conkas/rattle/ssa.py", line 199, in resolve
    new_slot, _ = new_slot.resolve()  # Resolve it as far as you can
  File "/conkas/rattle/ssa.py", line 172, in resolve
    rv = new_slot.resolve()
  File "/conkas/rattle/ssa.py", line 172, in resolve
    rv = new_slot.resolve()
  File "/conkas/rattle/ssa.py", line 199, in resolve
    new_slot, _ = new_slot.resolve()  # Resolve it as far as you can
  File "/conkas/rattle/ssa.py", line 172, in resolve
    rv = new_slot.resolve()
  File "/conkas/rattle/ssa.py", line 172, in resolve
    rv = new_slot.resolve()
  File "/conkas/rattle/ssa.py", line 199, in resolve
    new_slot, _ = new_slot.resolve()  # Resolve it as far as you can
  File "/conkas/rattle/ssa.py", line 172, in resolve
    rv = new_slot.resolve()
  File "/conkas/rattle/ssa.py", line 172, in resolve
    rv = new_slot.resolve()
  File "/conkas/rattle/ssa.py", line 199, in resolve
    new_slot, _ = new_slot.resolve()  # Resolve it as far as you can
  File "/conkas/rattle/ssa.py", line 172, in resolve
    rv = new_slot.resolve()
  File "/conkas/rattle/ssa.py", line 172, in resolve
    rv = new_slot.resolve()
  File "/conkas/rattle/ssa.py", line 199, in resolve
    new_slot, _ = new_slot.resolve()  # Resolve it as far as you can
  File "/conkas/rattle/ssa.py", line 172, in resolve
    rv = new_slot.resolve()
  File "/conkas/rattle/ssa.py", line 172, in resolve
    rv = new_slot.resolve()
  File "/conkas/rattle/ssa.py", line 199, in resolve
    new_slot, _ = new_slot.resolve()  # Resolve it as far as you can
  File "/conkas/rattle/ssa.py", line 172, in resolve
    rv = new_slot.resolve()
  File "/conkas/rattle/ssa.py", line 172, in resolve
    rv = new_slot.resolve()
  File "/conkas/rattle/ssa.py", line 199, in resolve
    new_slot, _ = new_slot.resolve()  # Resolve it as far as you can
  File "/conkas/rattle/ssa.py", line 172, in resolve
    rv = new_slot.resolve()
  File "/conkas/rattle/ssa.py", line 172, in resolve
    rv = new_slot.resolve()
  File "/conkas/rattle/ssa.py", line 199, in resolve
    new_slot, _ = new_slot.resolve()  # Resolve it as far as you can
  File "/conkas/rattle/ssa.py", line 172, in resolve
    rv = new_slot.resolve()
  File "/conkas/rattle/ssa.py", line 172, in resolve
    rv = new_slot.resolve()
  File "/conkas/rattle/ssa.py", line 199, in resolve
    new_slot, _ = new_slot.resolve()  # Resolve it as far as you can
  File "/conkas/rattle/ssa.py", line 172, in resolve
    rv = new_slot.resolve()
  File "/conkas/rattle/ssa.py", line 172, in resolve
    rv = new_slot.resolve()
  File "/conkas/rattle/ssa.py", line 199, in resolve
    new_slot, _ = new_slot.resolve()  # Resolve it as far as you can
  File "/conkas/rattle/ssa.py", line 172, in resolve
    rv = new_slot.resolve()
  File "/conkas/rattle/ssa.py", line 172, in resolve
    rv = new_slot.resolve()
  File "/conkas/rattle/ssa.py", line 199, in resolve
    new_slot, _ = new_slot.resolve()  # Resolve it as far as you can
  File "/conkas/rattle/ssa.py", line 172, in resolve
    rv = new_slot.resolve()
  File "/conkas/rattle/ssa.py", line 172, in resolve
    rv = new_slot.resolve()
  File "/conkas/rattle/ssa.py", line 199, in resolve
    new_slot, _ = new_slot.resolve()  # Resolve it as far as you can
  File "/conkas/rattle/ssa.py", line 172, in resolve
    rv = new_slot.resolve()
  File "/conkas/rattle/ssa.py", line 172, in resolve
    rv = new_slot.resolve()
  File "/conkas/rattle/ssa.py", line 199, in resolve
    new_slot, _ = new_slot.resolve()  # Resolve it as far as you can
  File "/conkas/rattle/ssa.py", line 172, in resolve
    rv = new_slot.resolve()
  File "/conkas/rattle/ssa.py", line 172, in resolve
    rv = new_slot.resolve()
  File "/conkas/rattle/ssa.py", line 199, in resolve
    new_slot, _ = new_slot.resolve()  # Resolve it as far as you can
  File "/conkas/rattle/ssa.py", line 172, in resolve
    rv = new_slot.resolve()
  File "/conkas/rattle/ssa.py", line 172, in resolve
    rv = new_slot.resolve()
  File "/conkas/rattle/ssa.py", line 199, in resolve
    new_slot, _ = new_slot.resolve()  # Resolve it as far as you can
  File "/conkas/rattle/ssa.py", line 172, in resolve
    rv = new_slot.resolve()
  File "/conkas/rattle/ssa.py", line 172, in resolve
    rv = new_slot.resolve()
  File "/conkas/rattle/ssa.py", line 199, in resolve
    new_slot, _ = new_slot.resolve()  # Resolve it as far as you can
  File "/conkas/rattle/ssa.py", line 172, in resolve
    rv = new_slot.resolve()
  File "/conkas/rattle/ssa.py", line 172, in resolve
    rv = new_slot.resolve()
  File "/conkas/rattle/ssa.py", line 199, in resolve
    new_slot, _ = new_slot.resolve()  # Resolve it as far as you can
  File "/conkas/rattle/ssa.py", line 172, in resolve
    rv = new_slot.resolve()
  File "/conkas/rattle/ssa.py", line 172, in resolve
    rv = new_slot.resolve()
  File "/conkas/rattle/ssa.py", line 199, in resolve
    new_slot, _ = new_slot.resolve()  # Resolve it as far as you can
  File "/conkas/rattle/ssa.py", line 172, in resolve
    rv = new_slot.resolve()
  File "/conkas/rattle/ssa.py", line 172, in resolve
    rv = new_slot.resolve()
  File "/conkas/rattle/ssa.py", line 199, in resolve
    new_slot, _ = new_slot.resolve()  # Resolve it as far as you can
  File "/conkas/rattle/ssa.py", line 172, in resolve
    rv = new_slot.resolve()
  File "/conkas/rattle/ssa.py", line 172, in resolve
    rv = new_slot.resolve()
  File "/conkas/rattle/ssa.py", line 199, in resolve
    new_slot, _ = new_slot.resolve()  # Resolve it as far as you can
  File "/conkas/rattle/ssa.py", line 172, in resolve
    rv = new_slot.resolve()
  File "/conkas/rattle/ssa.py", line 172, in resolve
    rv = new_slot.resolve()
  File "/conkas/rattle/ssa.py", line 199, in resolve
    new_slot, _ = new_slot.resolve()  # Resolve it as far as you can
  File "/conkas/rattle/ssa.py", line 172, in resolve
    rv = new_slot.resolve()
  File "/conkas/rattle/ssa.py", line 172, in resolve
    rv = new_slot.resolve()
  File "/conkas/rattle/ssa.py", line 199, in resolve
    new_slot, _ = new_slot.resolve()  # Resolve it as far as you can
  File "/conkas/rattle/ssa.py", line 172, in resolve
    rv = new_slot.resolve()
  File "/conkas/rattle/ssa.py", line 172, in resolve
    rv = new_slot.resolve()
  File "/conkas/rattle/ssa.py", line 199, in resolve
    new_slot, _ = new_slot.resolve()  # Resolve it as far as you can
  File "/conkas/rattle/ssa.py", line 172, in resolve
    rv = new_slot.resolve()
  File "/conkas/rattle/ssa.py", line 172, in resolve
    rv = new_slot.resolve()
  File "/conkas/rattle/ssa.py", line 199, in resolve
    new_slot, _ = new_slot.resolve()  # Resolve it as far as you can
  File "/conkas/rattle/ssa.py", line 172, in resolve
    rv = new_slot.resolve()
  File "/conkas/rattle/ssa.py", line 172, in resolve
    rv = new_slot.resolve()
  File "/conkas/rattle/ssa.py", line 199, in resolve
    new_slot, _ = new_slot.resolve()  # Resolve it as far as you can
  File "/conkas/rattle/ssa.py", line 172, in resolve
    rv = new_slot.resolve()
  File "/conkas/rattle/ssa.py", line 172, in resolve
    rv = new_slot.resolve()
  File "/conkas/rattle/ssa.py", line 199, in resolve
    new_slot, _ = new_slot.resolve()  # Resolve it as far as you can
  File "/conkas/rattle/ssa.py", line 172, in resolve
    rv = new_slot.resolve()
  File "/conkas/rattle/ssa.py", line 172, in resolve
    rv = new_slot.resolve()
  File "/conkas/rattle/ssa.py", line 199, in resolve
    new_slot, _ = new_slot.resolve()  # Resolve it as far as you can
  File "/conkas/rattle/ssa.py", line 172, in resolve
    rv = new_slot.resolve()
  File "/conkas/rattle/ssa.py", line 172, in resolve
    rv = new_slot.resolve()
  File "/conkas/rattle/ssa.py", line 199, in resolve
    new_slot, _ = new_slot.resolve()  # Resolve it as far as you can
  File "/conkas/rattle/ssa.py", line 172, in resolve
    rv = new_slot.resolve()
  File "/conkas/rattle/ssa.py", line 172, in resolve
    rv = new_slot.resolve()
  File "/conkas/rattle/ssa.py", line 199, in resolve
    new_slot, _ = new_slot.resolve()  # Resolve it as far as you can
  File "/conkas/rattle/ssa.py", line 172, in resolve
    rv = new_slot.resolve()
  File "/conkas/rattle/ssa.py", line 172, in resolve
    rv = new_slot.resolve()
  File "/conkas/rattle/ssa.py", line 199, in resolve
    new_slot, _ = new_slot.resolve()  # Resolve it as far as you can
  File "/conkas/rattle/ssa.py", line 172, in resolve
    rv = new_slot.resolve()
  File "/conkas/rattle/ssa.py", line 172, in resolve
    rv = new_slot.resolve()
  File "/conkas/rattle/ssa.py", line 199, in resolve
    new_slot, _ = new_slot.resolve()  # Resolve it as far as you can
  File "/conkas/rattle/ssa.py", line 172, in resolve
    rv = new_slot.resolve()
  File "/conkas/rattle/ssa.py", line 172, in resolve
    rv = new_slot.resolve()
  File "/conkas/rattle/ssa.py", line 199, in resolve
    new_slot, _ = new_slot.resolve()  # Resolve it as far as you can
  File "/conkas/rattle/ssa.py", line 172, in resolve
    rv = new_slot.resolve()
  File "/conkas/rattle/ssa.py", line 172, in resolve
    rv = new_slot.resolve()
  File "/conkas/rattle/ssa.py", line 199, in resolve
    new_slot, _ = new_slot.resolve()  # Resolve it as far as you can
  File "/conkas/rattle/ssa.py", line 172, in resolve
    rv = new_slot.resolve()
  File "/conkas/rattle/ssa.py", line 172, in resolve
    rv = new_slot.resolve()
  File "/conkas/rattle/ssa.py", line 199, in resolve
    new_slot, _ = new_slot.resolve()  # Resolve it as far as you can
  File "/conkas/rattle/ssa.py", line 172, in resolve
    rv = new_slot.resolve()
  File "/conkas/rattle/ssa.py", line 172, in resolve
    rv = new_slot.resolve()
  File "/conkas/rattle/ssa.py", line 199, in resolve
    new_slot, _ = new_slot.resolve()  # Resolve it as far as you can
  File "/conkas/rattle/ssa.py", line 172, in resolve
    rv = new_slot.resolve()
  File "/conkas/rattle/ssa.py", line 172, in resolve
    rv = new_slot.resolve()
  File "/conkas/rattle/ssa.py", line 199, in resolve
    new_slot, _ = new_slot.resolve()  # Resolve it as far as you can
  File "/conkas/rattle/ssa.py", line 172, in resolve
    rv = new_slot.resolve()
  File "/conkas/rattle/ssa.py", line 172, in resolve
    rv = new_slot.resolve()
  File "/conkas/rattle/ssa.py", line 199, in resolve
    new_slot, _ = new_slot.resolve()  # Resolve it as far as you can
  File "/conkas/rattle/ssa.py", line 172, in resolve
    rv = new_slot.resolve()
  File "/conkas/rattle/ssa.py", line 172, in resolve
    rv = new_slot.resolve()
  File "/conkas/rattle/ssa.py", line 199, in resolve
    new_slot, _ = new_slot.resolve()  # Resolve it as far as you can
  File "/conkas/rattle/ssa.py", line 172, in resolve
    rv = new_slot.resolve()
  File "/conkas/rattle/ssa.py", line 172, in resolve
    rv = new_slot.resolve()
  File "/conkas/rattle/ssa.py", line 199, in resolve
    new_slot, _ = new_slot.resolve()  # Resolve it as far as you can
  File "/conkas/rattle/ssa.py", line 172, in resolve
    rv = new_slot.resolve()
  File "/conkas/rattle/ssa.py", line 172, in resolve
    rv = new_slot.resolve()
  File "/conkas/rattle/ssa.py", line 199, in resolve
    new_slot, _ = new_slot.resolve()  # Resolve it as far as you can
  File "/conkas/rattle/ssa.py", line 172, in resolve
    rv = new_slot.resolve()
  File "/conkas/rattle/ssa.py", line 172, in resolve
    rv = new_slot.resolve()
  File "/conkas/rattle/ssa.py", line 199, in resolve
    new_slot, _ = new_slot.resolve()  # Resolve it as far as you can
  File "/conkas/rattle/ssa.py", line 172, in resolve
    rv = new_slot.resolve()
  File "/conkas/rattle/ssa.py", line 172, in resolve
    rv = new_slot.resolve()
  File "/conkas/rattle/ssa.py", line 199, in resolve
    new_slot, _ = new_slot.resolve()  # Resolve it as far as you can
  File "/conkas/rattle/ssa.py", line 172, in resolve
    rv = new_slot.resolve()
  File "/conkas/rattle/ssa.py", line 172, in resolve
    rv = new_slot.resolve()
  File "/conkas/rattle/ssa.py", line 199, in resolve
    new_slot, _ = new_slot.resolve()  # Resolve it as far as you can
  File "/conkas/rattle/ssa.py", line 172, in resolve
    rv = new_slot.resolve()
  File "/conkas/rattle/ssa.py", line 172, in resolve
    rv = new_slot.resolve()
  File "/conkas/rattle/ssa.py", line 199, in resolve
    new_slot, _ = new_slot.resolve()  # Resolve it as far as you can
  File "/conkas/rattle/ssa.py", line 172, in resolve
    rv = new_slot.resolve()
  File "/conkas/rattle/ssa.py", line 172, in resolve
    rv = new_slot.resolve()
  File "/conkas/rattle/ssa.py", line 199, in resolve
    new_slot, _ = new_slot.resolve()  # Resolve it as far as you can
  File "/conkas/rattle/ssa.py", line 172, in resolve
    rv = new_slot.resolve()
  File "/conkas/rattle/ssa.py", line 172, in resolve
    rv = new_slot.resolve()
  File "/conkas/rattle/ssa.py", line 199, in resolve
    new_slot, _ = new_slot.resolve()  # Resolve it as far as you can
  File "/conkas/rattle/ssa.py", line 172, in resolve
    rv = new_slot.resolve()
  File "/conkas/rattle/ssa.py", line 172, in resolve
    rv = new_slot.resolve()
  File "/conkas/rattle/ssa.py", line 199, in resolve
    new_slot, _ = new_slot.resolve()  # Resolve it as far as you can
  File "/conkas/rattle/ssa.py", line 172, in resolve
    rv = new_slot.resolve()
  File "/conkas/rattle/ssa.py", line 172, in resolve
    rv = new_slot.resolve()
  File "/conkas/rattle/ssa.py", line 199, in resolve
    new_slot, _ = new_slot.resolve()  # Resolve it as far as you can
  File "/conkas/rattle/ssa.py", line 172, in resolve
    rv = new_slot.resolve()
  File "/conkas/rattle/ssa.py", line 172, in resolve
    rv = new_slot.resolve()
  File "/conkas/rattle/ssa.py", line 199, in resolve
    new_slot, _ = new_slot.resolve()  # Resolve it as far as you can
  File "/conkas/rattle/ssa.py", line 172, in resolve
    rv = new_slot.resolve()
  File "/conkas/rattle/ssa.py", line 172, in resolve
    rv = new_slot.resolve()
  File "/conkas/rattle/ssa.py", line 199, in resolve
    new_slot, _ = new_slot.resolve()  # Resolve it as far as you can
  File "/conkas/rattle/ssa.py", line 172, in resolve
    rv = new_slot.resolve()
  File "/conkas/rattle/ssa.py", line 172, in resolve
    rv = new_slot.resolve()
  File "/conkas/rattle/ssa.py", line 199, in resolve
    new_slot, _ = new_slot.resolve()  # Resolve it as far as you can
  File "/conkas/rattle/ssa.py", line 172, in resolve
    rv = new_slot.resolve()
  File "/conkas/rattle/ssa.py", line 172, in resolve
    rv = new_slot.resolve()
  File "/conkas/rattle/ssa.py", line 199, in resolve
    new_slot, _ = new_slot.resolve()  # Resolve it as far as you can
  File "/conkas/rattle/ssa.py", line 172, in resolve
    rv = new_slot.resolve()
  File "/conkas/rattle/ssa.py", line 172, in resolve
    rv = new_slot.resolve()
  File "/conkas/rattle/ssa.py", line 199, in resolve
    new_slot, _ = new_slot.resolve()  # Resolve it as far as you can
  File "/conkas/rattle/ssa.py", line 172, in resolve
    rv = new_slot.resolve()
  File "/conkas/rattle/ssa.py", line 172, in resolve
    rv = new_slot.resolve()
  File "/conkas/rattle/ssa.py", line 199, in resolve
    new_slot, _ = new_slot.resolve()  # Resolve it as far as you can
  File "/conkas/rattle/ssa.py", line 172, in resolve
    rv = new_slot.resolve()
  File "/conkas/rattle/ssa.py", line 172, in resolve
    rv = new_slot.resolve()
  File "/conkas/rattle/ssa.py", line 199, in resolve
    new_slot, _ = new_slot.resolve()  # Resolve it as far as you can
  File "/conkas/rattle/ssa.py", line 172, in resolve
    rv = new_slot.resolve()
  File "/conkas/rattle/ssa.py", line 172, in resolve
    rv = new_slot.resolve()
  File "/conkas/rattle/ssa.py", line 199, in resolve
    new_slot, _ = new_slot.resolve()  # Resolve it as far as you can
  File "/conkas/rattle/ssa.py", line 172, in resolve
    rv = new_slot.resolve()
  File "/conkas/rattle/ssa.py", line 172, in resolve
    rv = new_slot.resolve()
  File "/conkas/rattle/ssa.py", line 199, in resolve
    new_slot, _ = new_slot.resolve()  # Resolve it as far as you can
  File "/conkas/rattle/ssa.py", line 172, in resolve
    rv = new_slot.resolve()
  File "/conkas/rattle/ssa.py", line 172, in resolve
    rv = new_slot.resolve()
  File "/conkas/rattle/ssa.py", line 199, in resolve
    new_slot, _ = new_slot.resolve()  # Resolve it as far as you can
  File "/conkas/rattle/ssa.py", line 172, in resolve
    rv = new_slot.resolve()
  File "/conkas/rattle/ssa.py", line 172, in resolve
    rv = new_slot.resolve()
  File "/conkas/rattle/ssa.py", line 199, in resolve
    new_slot, _ = new_slot.resolve()  # Resolve it as far as you can
  File "/conkas/rattle/ssa.py", line 172, in resolve
    rv = new_slot.resolve()
  File "/conkas/rattle/ssa.py", line 172, in resolve
    rv = new_slot.resolve()
  File "/conkas/rattle/ssa.py", line 199, in resolve
    new_slot, _ = new_slot.resolve()  # Resolve it as far as you can
  File "/conkas/rattle/ssa.py", line 172, in resolve
    rv = new_slot.resolve()
  File "/conkas/rattle/ssa.py", line 172, in resolve
    rv = new_slot.resolve()
  File "/conkas/rattle/ssa.py", line 199, in resolve
    new_slot, _ = new_slot.resolve()  # Resolve it as far as you can
  File "/conkas/rattle/ssa.py", line 172, in resolve
    rv = new_slot.resolve()
  File "/conkas/rattle/ssa.py", line 172, in resolve
    rv = new_slot.resolve()
  File "/conkas/rattle/ssa.py", line 199, in resolve
    new_slot, _ = new_slot.resolve()  # Resolve it as far as you can
  File "/conkas/rattle/ssa.py", line 172, in resolve
    rv = new_slot.resolve()
  File "/conkas/rattle/ssa.py", line 172, in resolve
    rv = new_slot.resolve()
  File "/conkas/rattle/ssa.py", line 199, in resolve
    new_slot, _ = new_slot.resolve()  # Resolve it as far as you can
  File "/conkas/rattle/ssa.py", line 172, in resolve
    rv = new_slot.resolve()
  File "/conkas/rattle/ssa.py", line 172, in resolve
    rv = new_slot.resolve()
  File "/conkas/rattle/ssa.py", line 199, in resolve
    new_slot, _ = new_slot.resolve()  # Resolve it as far as you can
  File "/conkas/rattle/ssa.py", line 172, in resolve
    rv = new_slot.resolve()
  File "/conkas/rattle/ssa.py", line 172, in resolve
    rv = new_slot.resolve()
  File "/conkas/rattle/ssa.py", line 199, in resolve
    new_slot, _ = new_slot.resolve()  # Resolve it as far as you can
  File "/conkas/rattle/ssa.py", line 172, in resolve
    rv = new_slot.resolve()
  File "/conkas/rattle/ssa.py", line 172, in resolve
    rv = new_slot.resolve()
  File "/conkas/rattle/ssa.py", line 199, in resolve
    new_slot, _ = new_slot.resolve()  # Resolve it as far as you can
  File "/conkas/rattle/ssa.py", line 172, in resolve
    rv = new_slot.resolve()
  File "/conkas/rattle/ssa.py", line 172, in resolve
    rv = new_slot.resolve()
  File "/conkas/rattle/ssa.py", line 199, in resolve
    new_slot, _ = new_slot.resolve()  # Resolve it as far as you can
  File "/conkas/rattle/ssa.py", line 172, in resolve
    rv = new_slot.resolve()
  File "/conkas/rattle/ssa.py", line 172, in resolve
    rv = new_slot.resolve()
  File "/conkas/rattle/ssa.py", line 199, in resolve
    new_slot, _ = new_slot.resolve()  # Resolve it as far as you can
  File "/conkas/rattle/ssa.py", line 172, in resolve
    rv = new_slot.resolve()
  File "/conkas/rattle/ssa.py", line 172, in resolve
    rv = new_slot.resolve()
  File "/conkas/rattle/ssa.py", line 199, in resolve
    new_slot, _ = new_slot.resolve()  # Resolve it as far as you can
  File "/conkas/rattle/ssa.py", line 172, in resolve
    rv = new_slot.resolve()
  File "/conkas/rattle/ssa.py", line 172, in resolve
    rv = new_slot.resolve()
  File "/conkas/rattle/ssa.py", line 199, in resolve
    new_slot, _ = new_slot.resolve()  # Resolve it as far as you can
  File "/conkas/rattle/ssa.py", line 172, in resolve
    rv = new_slot.resolve()
  File "/conkas/rattle/ssa.py", line 172, in resolve
    rv = new_slot.resolve()
  File "/conkas/rattle/ssa.py", line 199, in resolve
    new_slot, _ = new_slot.resolve()  # Resolve it as far as you can
  File "/conkas/rattle/ssa.py", line 172, in resolve
    rv = new_slot.resolve()
  File "/conkas/rattle/ssa.py", line 172, in resolve
    rv = new_slot.resolve()
  File "/conkas/rattle/ssa.py", line 199, in resolve
    new_slot, _ = new_slot.resolve()  # Resolve it as far as you can
  File "/conkas/rattle/ssa.py", line 172, in resolve
    rv = new_slot.resolve()
  File "/conkas/rattle/ssa.py", line 172, in resolve
    rv = new_slot.resolve()
  File "/conkas/rattle/ssa.py", line 199, in resolve
    new_slot, _ = new_slot.resolve()  # Resolve it as far as you can
  File "/conkas/rattle/ssa.py", line 172, in resolve
    rv = new_slot.resolve()
  File "/conkas/rattle/ssa.py", line 172, in resolve
    rv = new_slot.resolve()
  File "/conkas/rattle/ssa.py", line 199, in resolve
    new_slot, _ = new_slot.resolve()  # Resolve it as far as you can
  File "/conkas/rattle/ssa.py", line 172, in resolve
    rv = new_slot.resolve()
  File "/conkas/rattle/ssa.py", line 172, in resolve
    rv = new_slot.resolve()
  File "/conkas/rattle/ssa.py", line 199, in resolve
    new_slot, _ = new_slot.resolve()  # Resolve it as far as you can
  File "/conkas/rattle/ssa.py", line 172, in resolve
    rv = new_slot.resolve()
  File "/conkas/rattle/ssa.py", line 172, in resolve
    rv = new_slot.resolve()
  File "/conkas/rattle/ssa.py", line 199, in resolve
    new_slot, _ = new_slot.resolve()  # Resolve it as far as you can
  File "/conkas/rattle/ssa.py", line 172, in resolve
    rv = new_slot.resolve()
  File "/conkas/rattle/ssa.py", line 172, in resolve
    rv = new_slot.resolve()
  File "/conkas/rattle/ssa.py", line 199, in resolve
    new_slot, _ = new_slot.resolve()  # Resolve it as far as you can
  File "/conkas/rattle/ssa.py", line 172, in resolve
    rv = new_slot.resolve()
  File "/conkas/rattle/ssa.py", line 172, in resolve
    rv = new_slot.resolve()
  File "/conkas/rattle/ssa.py", line 199, in resolve
    new_slot, _ = new_slot.resolve()  # Resolve it as far as you can
  File "/conkas/rattle/ssa.py", line 172, in resolve
    rv = new_slot.resolve()
  File "/conkas/rattle/ssa.py", line 172, in resolve
    rv = new_slot.resolve()
  File "/conkas/rattle/ssa.py", line 199, in resolve
    new_slot, _ = new_slot.resolve()  # Resolve it as far as you can
  File "/conkas/rattle/ssa.py", line 172, in resolve
    rv = new_slot.resolve()
  File "/conkas/rattle/ssa.py", line 172, in resolve
    rv = new_slot.resolve()
  File "/conkas/rattle/ssa.py", line 199, in resolve
    new_slot, _ = new_slot.resolve()  # Resolve it as far as you can
  File "/conkas/rattle/ssa.py", line 172, in resolve
    rv = new_slot.resolve()
  File "/conkas/rattle/ssa.py", line 172, in resolve
    rv = new_slot.resolve()
  File "/conkas/rattle/ssa.py", line 199, in resolve
    new_slot, _ = new_slot.resolve()  # Resolve it as far as you can
  File "/conkas/rattle/ssa.py", line 172, in resolve
    rv = new_slot.resolve()
  File "/conkas/rattle/ssa.py", line 172, in resolve
    rv = new_slot.resolve()
  File "/conkas/rattle/ssa.py", line 199, in resolve
    new_slot, _ = new_slot.resolve()  # Resolve it as far as you can
  File "/conkas/rattle/ssa.py", line 172, in resolve
    rv = new_slot.resolve()
  File "/conkas/rattle/ssa.py", line 172, in resolve
    rv = new_slot.resolve()
  File "/conkas/rattle/ssa.py", line 199, in resolve
    new_slot, _ = new_slot.resolve()  # Resolve it as far as you can
  File "/conkas/rattle/ssa.py", line 172, in resolve
    rv = new_slot.resolve()
  File "/conkas/rattle/ssa.py", line 172, in resolve
    rv = new_slot.resolve()
  File "/conkas/rattle/ssa.py", line 199, in resolve
    new_slot, _ = new_slot.resolve()  # Resolve it as far as you can
  File "/conkas/rattle/ssa.py", line 172, in resolve
    rv = new_slot.resolve()
  File "/conkas/rattle/ssa.py", line 172, in resolve
    rv = new_slot.resolve()
  File "/conkas/rattle/ssa.py", line 199, in resolve
    new_slot, _ = new_slot.resolve()  # Resolve it as far as you can
  File "/conkas/rattle/ssa.py", line 172, in resolve
    rv = new_slot.resolve()
  File "/conkas/rattle/ssa.py", line 172, in resolve
    rv = new_slot.resolve()
  File "/conkas/rattle/ssa.py", line 199, in resolve
    new_slot, _ = new_slot.resolve()  # Resolve it as far as you can
  File "/conkas/rattle/ssa.py", line 172, in resolve
    rv = new_slot.resolve()
  File "/conkas/rattle/ssa.py", line 172, in resolve
    rv = new_slot.resolve()
  File "/conkas/rattle/ssa.py", line 199, in resolve
    new_slot, _ = new_slot.resolve()  # Resolve it as far as you can
  File "/conkas/rattle/ssa.py", line 172, in resolve
    rv = new_slot.resolve()
  File "/conkas/rattle/ssa.py", line 172, in resolve
    rv = new_slot.resolve()
  File "/conkas/rattle/ssa.py", line 199, in resolve
    new_slot, _ = new_slot.resolve()  # Resolve it as far as you can
  File "/conkas/rattle/ssa.py", line 172, in resolve
    rv = new_slot.resolve()
  File "/conkas/rattle/ssa.py", line 172, in resolve
    rv = new_slot.resolve()
  File "/conkas/rattle/ssa.py", line 199, in resolve
    new_slot, _ = new_slot.resolve()  # Resolve it as far as you can
  File "/conkas/rattle/ssa.py", line 172, in resolve
    rv = new_slot.resolve()
  File "/conkas/rattle/ssa.py", line 172, in resolve
    rv = new_slot.resolve()
  File "/conkas/rattle/ssa.py", line 199, in resolve
    new_slot, _ = new_slot.resolve()  # Resolve it as far as you can
  File "/conkas/rattle/ssa.py", line 172, in resolve
    rv = new_slot.resolve()
  File "/conkas/rattle/ssa.py", line 172, in resolve
    rv = new_slot.resolve()
  File "/conkas/rattle/ssa.py", line 199, in resolve
    new_slot, _ = new_slot.resolve()  # Resolve it as far as you can
  File "/conkas/rattle/ssa.py", line 172, in resolve
    rv = new_slot.resolve()
  File "/conkas/rattle/ssa.py", line 172, in resolve
    rv = new_slot.resolve()
  File "/conkas/rattle/ssa.py", line 199, in resolve
    new_slot, _ = new_slot.resolve()  # Resolve it as far as you can
  File "/conkas/rattle/ssa.py", line 172, in resolve
    rv = new_slot.resolve()
  File "/conkas/rattle/ssa.py", line 172, in resolve
    rv = new_slot.resolve()
  File "/conkas/rattle/ssa.py", line 199, in resolve
    new_slot, _ = new_slot.resolve()  # Resolve it as far as you can
  File "/conkas/rattle/ssa.py", line 172, in resolve
    rv = new_slot.resolve()
  File "/conkas/rattle/ssa.py", line 172, in resolve
    rv = new_slot.resolve()
  File "/conkas/rattle/ssa.py", line 199, in resolve
    new_slot, _ = new_slot.resolve()  # Resolve it as far as you can
  File "/conkas/rattle/ssa.py", line 172, in resolve
    rv = new_slot.resolve()
  File "/conkas/rattle/ssa.py", line 172, in resolve
    rv = new_slot.resolve()
  File "/conkas/rattle/ssa.py", line 199, in resolve
    new_slot, _ = new_slot.resolve()  # Resolve it as far as you can
  File "/conkas/rattle/ssa.py", line 172, in resolve
    rv = new_slot.resolve()
  File "/conkas/rattle/ssa.py", line 172, in resolve
    rv = new_slot.resolve()
  File "/conkas/rattle/ssa.py", line 199, in resolve
    new_slot, _ = new_slot.resolve()  # Resolve it as far as you can
  File "/conkas/rattle/ssa.py", line 172, in resolve
    rv = new_slot.resolve()
  File "/conkas/rattle/ssa.py", line 172, in resolve
    rv = new_slot.resolve()
  File "/conkas/rattle/ssa.py", line 199, in resolve
    new_slot, _ = new_slot.resolve()  # Resolve it as far as you can
  File "/conkas/rattle/ssa.py", line 172, in resolve
    rv = new_slot.resolve()
  File "/conkas/rattle/ssa.py", line 172, in resolve
    rv = new_slot.resolve()
  File "/conkas/rattle/ssa.py", line 199, in resolve
    new_slot, _ = new_slot.resolve()  # Resolve it as far as you can
  File "/conkas/rattle/ssa.py", line 172, in resolve
    rv = new_slot.resolve()
  File "/conkas/rattle/ssa.py", line 172, in resolve
    rv = new_slot.resolve()
  File "/conkas/rattle/ssa.py", line 199, in resolve
    new_slot, _ = new_slot.resolve()  # Resolve it as far as you can
  File "/conkas/rattle/ssa.py", line 172, in resolve
    rv = new_slot.resolve()
  File "/conkas/rattle/ssa.py", line 172, in resolve
    rv = new_slot.resolve()
  File "/conkas/rattle/ssa.py", line 199, in resolve
    new_slot, _ = new_slot.resolve()  # Resolve it as far as you can
  File "/conkas/rattle/ssa.py", line 172, in resolve
    rv = new_slot.resolve()
  File "/conkas/rattle/ssa.py", line 172, in resolve
    rv = new_slot.resolve()
  File "/conkas/rattle/ssa.py", line 199, in resolve
    new_slot, _ = new_slot.resolve()  # Resolve it as far as you can
  File "/conkas/rattle/ssa.py", line 172, in resolve
    rv = new_slot.resolve()
  File "/conkas/rattle/ssa.py", line 172, in resolve
    rv = new_slot.resolve()
  File "/conkas/rattle/ssa.py", line 199, in resolve
    new_slot, _ = new_slot.resolve()  # Resolve it as far as you can
  File "/conkas/rattle/ssa.py", line 172, in resolve
    rv = new_slot.resolve()
  File "/conkas/rattle/ssa.py", line 172, in resolve
    rv = new_slot.resolve()
  File "/conkas/rattle/ssa.py", line 199, in resolve
    new_slot, _ = new_slot.resolve()  # Resolve it as far as you can
  File "/conkas/rattle/ssa.py", line 172, in resolve
    rv = new_slot.resolve()
  File "/conkas/rattle/ssa.py", line 172, in resolve
    rv = new_slot.resolve()
  File "/conkas/rattle/ssa.py", line 199, in resolve
    new_slot, _ = new_slot.resolve()  # Resolve it as far as you can
  File "/conkas/rattle/ssa.py", line 172, in resolve
    rv = new_slot.resolve()
  File "/conkas/rattle/ssa.py", line 172, in resolve
    rv = new_slot.resolve()
  File "/conkas/rattle/ssa.py", line 199, in resolve
    new_slot, _ = new_slot.resolve()  # Resolve it as far as you can
  File "/conkas/rattle/ssa.py", line 172, in resolve
    rv = new_slot.resolve()
  File "/conkas/rattle/ssa.py", line 172, in resolve
    rv = new_slot.resolve()
  File "/conkas/rattle/ssa.py", line 199, in resolve
    new_slot, _ = new_slot.resolve()  # Resolve it as far as you can
  File "/conkas/rattle/ssa.py", line 172, in resolve
    rv = new_slot.resolve()
  File "/conkas/rattle/ssa.py", line 172, in resolve
    rv = new_slot.resolve()
  File "/conkas/rattle/ssa.py", line 199, in resolve
    new_slot, _ = new_slot.resolve()  # Resolve it as far as you can
  File "/conkas/rattle/ssa.py", line 172, in resolve
    rv = new_slot.resolve()
  File "/conkas/rattle/ssa.py", line 172, in resolve
    rv = new_slot.resolve()
  File "/conkas/rattle/ssa.py", line 199, in resolve
    new_slot, _ = new_slot.resolve()  # Resolve it as far as you can
  File "/conkas/rattle/ssa.py", line 172, in resolve
    rv = new_slot.resolve()
  File "/conkas/rattle/ssa.py", line 172, in resolve
    rv = new_slot.resolve()
  File "/conkas/rattle/ssa.py", line 199, in resolve
    new_slot, _ = new_slot.resolve()  # Resolve it as far as you can
  File "/conkas/rattle/ssa.py", line 172, in resolve
    rv = new_slot.resolve()
  File "/conkas/rattle/ssa.py", line 172, in resolve
    rv = new_slot.resolve()
  File "/conkas/rattle/ssa.py", line 199, in resolve
    new_slot, _ = new_slot.resolve()  # Resolve it as far as you can
  File "/conkas/rattle/ssa.py", line 172, in resolve
    rv = new_slot.resolve()
  File "/conkas/rattle/ssa.py", line 172, in resolve
    rv = new_slot.resolve()
  File "/conkas/rattle/ssa.py", line 199, in resolve
    new_slot, _ = new_slot.resolve()  # Resolve it as far as you can
  File "/conkas/rattle/ssa.py", line 172, in resolve
    rv = new_slot.resolve()
  File "/conkas/rattle/ssa.py", line 172, in resolve
    rv = new_slot.resolve()
  File "/conkas/rattle/ssa.py", line 199, in resolve
    new_slot, _ = new_slot.resolve()  # Resolve it as far as you can
  File "/conkas/rattle/ssa.py", line 172, in resolve
    rv = new_slot.resolve()
  File "/conkas/rattle/ssa.py", line 172, in resolve
    rv = new_slot.resolve()
  File "/conkas/rattle/ssa.py", line 199, in resolve
    new_slot, _ = new_slot.resolve()  # Resolve it as far as you can
  File "/conkas/rattle/ssa.py", line 172, in resolve
    rv = new_slot.resolve()
  File "/conkas/rattle/ssa.py", line 172, in resolve
    rv = new_slot.resolve()
  File "/conkas/rattle/ssa.py", line 199, in resolve
    new_slot, _ = new_slot.resolve()  # Resolve it as far as you can
  File "/conkas/rattle/ssa.py", line 172, in resolve
    rv = new_slot.resolve()
  File "/conkas/rattle/ssa.py", line 172, in resolve
    rv = new_slot.resolve()
  File "/conkas/rattle/ssa.py", line 199, in resolve
    new_slot, _ = new_slot.resolve()  # Resolve it as far as you can
  File "/conkas/rattle/ssa.py", line 172, in resolve
    rv = new_slot.resolve()
  File "/conkas/rattle/ssa.py", line 172, in resolve
    rv = new_slot.resolve()
  File "/conkas/rattle/ssa.py", line 199, in resolve
    new_slot, _ = new_slot.resolve()  # Resolve it as far as you can
  File "/conkas/rattle/ssa.py", line 172, in resolve
    rv = new_slot.resolve()
  File "/conkas/rattle/ssa.py", line 172, in resolve
    rv = new_slot.resolve()
  File "/conkas/rattle/ssa.py", line 199, in resolve
    new_slot, _ = new_slot.resolve()  # Resolve it as far as you can
  File "/conkas/rattle/ssa.py", line 172, in resolve
    rv = new_slot.resolve()
  File "/conkas/rattle/ssa.py", line 172, in resolve
    rv = new_slot.resolve()
  File "/conkas/rattle/ssa.py", line 199, in resolve
    new_slot, _ = new_slot.resolve()  # Resolve it as far as you can
  File "/conkas/rattle/ssa.py", line 172, in resolve
    rv = new_slot.resolve()
  File "/conkas/rattle/ssa.py", line 172, in resolve
    rv = new_slot.resolve()
  File "/conkas/rattle/ssa.py", line 199, in resolve
    new_slot, _ = new_slot.resolve()  # Resolve it as far as you can
  File "/conkas/rattle/ssa.py", line 172, in resolve
    rv = new_slot.resolve()
  File "/conkas/rattle/ssa.py", line 172, in resolve
    rv = new_slot.resolve()
  File "/conkas/rattle/ssa.py", line 199, in resolve
    new_slot, _ = new_slot.resolve()  # Resolve it as far as you can
  File "/conkas/rattle/ssa.py", line 172, in resolve
    rv = new_slot.resolve()
  File "/conkas/rattle/ssa.py", line 172, in resolve
    rv = new_slot.resolve()
  File "/conkas/rattle/ssa.py", line 199, in resolve
    new_slot, _ = new_slot.resolve()  # Resolve it as far as you can
  File "/conkas/rattle/ssa.py", line 172, in resolve
    rv = new_slot.resolve()
  File "/conkas/rattle/ssa.py", line 172, in resolve
    rv = new_slot.resolve()
  File "/conkas/rattle/ssa.py", line 199, in resolve
    new_slot, _ = new_slot.resolve()  # Resolve it as far as you can
  File "/conkas/rattle/ssa.py", line 172, in resolve
    rv = new_slot.resolve()
  File "/conkas/rattle/ssa.py", line 172, in resolve
    rv = new_slot.resolve()
  File "/conkas/rattle/ssa.py", line 199, in resolve
    new_slot, _ = new_slot.resolve()  # Resolve it as far as you can
  File "/conkas/rattle/ssa.py", line 172, in resolve
    rv = new_slot.resolve()
  File "/conkas/rattle/ssa.py", line 172, in resolve
    rv = new_slot.resolve()
  File "/conkas/rattle/ssa.py", line 199, in resolve
    new_slot, _ = new_slot.resolve()  # Resolve it as far as you can
  File "/conkas/rattle/ssa.py", line 172, in resolve
    rv = new_slot.resolve()
  File "/conkas/rattle/ssa.py", line 172, in resolve
    rv = new_slot.resolve()
  File "/conkas/rattle/ssa.py", line 199, in resolve
    new_slot, _ = new_slot.resolve()  # Resolve it as far as you can
  File "/conkas/rattle/ssa.py", line 172, in resolve
    rv = new_slot.resolve()
  File "/conkas/rattle/ssa.py", line 172, in resolve
    rv = new_slot.resolve()
  File "/conkas/rattle/ssa.py", line 199, in resolve
    new_slot, _ = new_slot.resolve()  # Resolve it as far as you can
  File "/conkas/rattle/ssa.py", line 172, in resolve
    rv = new_slot.resolve()
  File "/conkas/rattle/ssa.py", line 172, in resolve
    rv = new_slot.resolve()
  File "/conkas/rattle/ssa.py", line 199, in resolve
    new_slot, _ = new_slot.resolve()  # Resolve it as far as you can
  File "/conkas/rattle/ssa.py", line 172, in resolve
    rv = new_slot.resolve()
  File "/conkas/rattle/ssa.py", line 172, in resolve
    rv = new_slot.resolve()
  File "/conkas/rattle/ssa.py", line 199, in resolve
    new_slot, _ = new_slot.resolve()  # Resolve it as far as you can
  File "/conkas/rattle/ssa.py", line 172, in resolve
    rv = new_slot.resolve()
  File "/conkas/rattle/ssa.py", line 172, in resolve
    rv = new_slot.resolve()
  File "/conkas/rattle/ssa.py", line 199, in resolve
    new_slot, _ = new_slot.resolve()  # Resolve it as far as you can
  File "/conkas/rattle/ssa.py", line 172, in resolve
    rv = new_slot.resolve()
  File "/conkas/rattle/ssa.py", line 172, in resolve
    rv = new_slot.resolve()
  File "/conkas/rattle/ssa.py", line 199, in resolve
    new_slot, _ = new_slot.resolve()  # Resolve it as far as you can
  File "/conkas/rattle/ssa.py", line 172, in resolve
    rv = new_slot.resolve()
  File "/conkas/rattle/ssa.py", line 172, in resolve
    rv = new_slot.resolve()
  File "/conkas/rattle/ssa.py", line 199, in resolve
    new_slot, _ = new_slot.resolve()  # Resolve it as far as you can
  File "/conkas/rattle/ssa.py", line 172, in resolve
    rv = new_slot.resolve()
  File "/conkas/rattle/ssa.py", line 172, in resolve
    rv = new_slot.resolve()
  File "/conkas/rattle/ssa.py", line 199, in resolve
    new_slot, _ = new_slot.resolve()  # Resolve it as far as you can
  File "/conkas/rattle/ssa.py", line 172, in resolve
    rv = new_slot.resolve()
  File "/conkas/rattle/ssa.py", line 172, in resolve
    rv = new_slot.resolve()
  File "/conkas/rattle/ssa.py", line 199, in resolve
    new_slot, _ = new_slot.resolve()  # Resolve it as far as you can
  File "/conkas/rattle/ssa.py", line 172, in resolve
    rv = new_slot.resolve()
  File "/conkas/rattle/ssa.py", line 172, in resolve
    rv = new_slot.resolve()
  File "/conkas/rattle/ssa.py", line 199, in resolve
    new_slot, _ = new_slot.resolve()  # Resolve it as far as you can
  File "/conkas/rattle/ssa.py", line 172, in resolve
    rv = new_slot.resolve()
  File "/conkas/rattle/ssa.py", line 172, in resolve
    rv = new_slot.resolve()
  File "/conkas/rattle/ssa.py", line 199, in resolve
    new_slot, _ = new_slot.resolve()  # Resolve it as far as you can
  File "/conkas/rattle/ssa.py", line 172, in resolve
    rv = new_slot.resolve()
  File "/conkas/rattle/ssa.py", line 172, in resolve
    rv = new_slot.resolve()
  File "/conkas/rattle/ssa.py", line 199, in resolve
    new_slot, _ = new_slot.resolve()  # Resolve it as far as you can
  File "/conkas/rattle/ssa.py", line 172, in resolve
    rv = new_slot.resolve()
  File "/conkas/rattle/ssa.py", line 172, in resolve
    rv = new_slot.resolve()
  File "/conkas/rattle/ssa.py", line 199, in resolve
    new_slot, _ = new_slot.resolve()  # Resolve it as far as you can
  File "/conkas/rattle/ssa.py", line 172, in resolve
    rv = new_slot.resolve()
  File "/conkas/rattle/ssa.py", line 172, in resolve
    rv = new_slot.resolve()
  File "/conkas/rattle/ssa.py", line 199, in resolve
    new_slot, _ = new_slot.resolve()  # Resolve it as far as you can
  File "/conkas/rattle/ssa.py", line 172, in resolve
    rv = new_slot.resolve()
  File "/conkas/rattle/ssa.py", line 172, in resolve
    rv = new_slot.resolve()
  File "/conkas/rattle/ssa.py", line 199, in resolve
    new_slot, _ = new_slot.resolve()  # Resolve it as far as you can
  File "/conkas/rattle/ssa.py", line 172, in resolve
    rv = new_slot.resolve()
  File "/conkas/rattle/ssa.py", line 172, in resolve
    rv = new_slot.resolve()
  File "/conkas/rattle/ssa.py", line 199, in resolve
    new_slot, _ = new_slot.resolve()  # Resolve it as far as you can
  File "/conkas/rattle/ssa.py", line 172, in resolve
    rv = new_slot.resolve()
  File "/conkas/rattle/ssa.py", line 172, in resolve
    rv = new_slot.resolve()
  File "/conkas/rattle/ssa.py", line 199, in resolve
    new_slot, _ = new_slot.resolve()  # Resolve it as far as you can
  File "/conkas/rattle/ssa.py", line 172, in resolve
    rv = new_slot.resolve()
  File "/conkas/rattle/ssa.py", line 172, in resolve
    rv = new_slot.resolve()
  File "/conkas/rattle/ssa.py", line 199, in resolve
    new_slot, _ = new_slot.resolve()  # Resolve it as far as you can
  File "/conkas/rattle/ssa.py", line 172, in resolve
    rv = new_slot.resolve()
  File "/conkas/rattle/ssa.py", line 172, in resolve
    rv = new_slot.resolve()
  File "/conkas/rattle/ssa.py", line 199, in resolve
    new_slot, _ = new_slot.resolve()  # Resolve it as far as you can
  File "/conkas/rattle/ssa.py", line 172, in resolve
    rv = new_slot.resolve()
  File "/conkas/rattle/ssa.py", line 172, in resolve
    rv = new_slot.resolve()
  File "/conkas/rattle/ssa.py", line 199, in resolve
    new_slot, _ = new_slot.resolve()  # Resolve it as far as you can
  File "/conkas/rattle/ssa.py", line 172, in resolve
    rv = new_slot.resolve()
  File "/conkas/rattle/ssa.py", line 172, in resolve
    rv = new_slot.resolve()
  File "/conkas/rattle/ssa.py", line 199, in resolve
    new_slot, _ = new_slot.resolve()  # Resolve it as far as you can
  File "/conkas/rattle/ssa.py", line 172, in resolve
    rv = new_slot.resolve()
  File "/conkas/rattle/ssa.py", line 172, in resolve
    rv = new_slot.resolve()
  File "/conkas/rattle/ssa.py", line 199, in resolve
    new_slot, _ = new_slot.resolve()  # Resolve it as far as you can
  File "/conkas/rattle/ssa.py", line 172, in resolve
    rv = new_slot.resolve()
  File "/conkas/rattle/ssa.py", line 172, in resolve
    rv = new_slot.resolve()
  File "/conkas/rattle/ssa.py", line 199, in resolve
    new_slot, _ = new_slot.resolve()  # Resolve it as far as you can
  File "/conkas/rattle/ssa.py", line 172, in resolve
    rv = new_slot.resolve()
  File "/conkas/rattle/ssa.py", line 172, in resolve
    rv = new_slot.resolve()
  File "/conkas/rattle/ssa.py", line 199, in resolve
    new_slot, _ = new_slot.resolve()  # Resolve it as far as you can
  File "/conkas/rattle/ssa.py", line 172, in resolve
    rv = new_slot.resolve()
  File "/conkas/rattle/ssa.py", line 172, in resolve
    rv = new_slot.resolve()
  File "/conkas/rattle/ssa.py", line 199, in resolve
    new_slot, _ = new_slot.resolve()  # Resolve it as far as you can
  File "/conkas/rattle/ssa.py", line 172, in resolve
    rv = new_slot.resolve()
  File "/conkas/rattle/ssa.py", line 172, in resolve
    rv = new_slot.resolve()
  File "/conkas/rattle/ssa.py", line 199, in resolve
    new_slot, _ = new_slot.resolve()  # Resolve it as far as you can
  File "/conkas/rattle/ssa.py", line 172, in resolve
    rv = new_slot.resolve()
  File "/conkas/rattle/ssa.py", line 172, in resolve
    rv = new_slot.resolve()
  File "/conkas/rattle/ssa.py", line 199, in resolve
    new_slot, _ = new_slot.resolve()  # Resolve it as far as you can
  File "/conkas/rattle/ssa.py", line 172, in resolve
    rv = new_slot.resolve()
  File "/conkas/rattle/ssa.py", line 172, in resolve
    rv = new_slot.resolve()
  File "/conkas/rattle/ssa.py", line 199, in resolve
    new_slot, _ = new_slot.resolve()  # Resolve it as far as you can
  File "/conkas/rattle/ssa.py", line 172, in resolve
    rv = new_slot.resolve()
  File "/conkas/rattle/ssa.py", line 172, in resolve
    rv = new_slot.resolve()
  File "/conkas/rattle/ssa.py", line 199, in resolve
    new_slot, _ = new_slot.resolve()  # Resolve it as far as you can
  File "/conkas/rattle/ssa.py", line 172, in resolve
    rv = new_slot.resolve()
  File "/conkas/rattle/ssa.py", line 172, in resolve
    rv = new_slot.resolve()
  File "/conkas/rattle/ssa.py", line 199, in resolve
    new_slot, _ = new_slot.resolve()  # Resolve it as far as you can
  File "/conkas/rattle/ssa.py", line 172, in resolve
    rv = new_slot.resolve()
  File "/conkas/rattle/ssa.py", line 172, in resolve
    rv = new_slot.resolve()
  File "/conkas/rattle/ssa.py", line 199, in resolve
    new_slot, _ = new_slot.resolve()  # Resolve it as far as you can
  File "/conkas/rattle/ssa.py", line 172, in resolve
    rv = new_slot.resolve()
  File "/conkas/rattle/ssa.py", line 172, in resolve
    rv = new_slot.resolve()
  File "/conkas/rattle/ssa.py", line 199, in resolve
    new_slot, _ = new_slot.resolve()  # Resolve it as far as you can
  File "/conkas/rattle/ssa.py", line 172, in resolve
    rv = new_slot.resolve()
  File "/conkas/rattle/ssa.py", line 172, in resolve
    rv = new_slot.resolve()
  File "/conkas/rattle/ssa.py", line 199, in resolve
    new_slot, _ = new_slot.resolve()  # Resolve it as far as you can
  File "/conkas/rattle/ssa.py", line 172, in resolve
    rv = new_slot.resolve()
  File "/conkas/rattle/ssa.py", line 172, in resolve
    rv = new_slot.resolve()
  File "/conkas/rattle/ssa.py", line 199, in resolve
    new_slot, _ = new_slot.resolve()  # Resolve it as far as you can
  File "/conkas/rattle/ssa.py", line 172, in resolve
    rv = new_slot.resolve()
  File "/conkas/rattle/ssa.py", line 172, in resolve
    rv = new_slot.resolve()
  File "/conkas/rattle/ssa.py", line 199, in resolve
    new_slot, _ = new_slot.resolve()  # Resolve it as far as you can
  File "/conkas/rattle/ssa.py", line 172, in resolve
    rv = new_slot.resolve()
  File "/conkas/rattle/ssa.py", line 172, in resolve
    rv = new_slot.resolve()
  File "/conkas/rattle/ssa.py", line 199, in resolve
    new_slot, _ = new_slot.resolve()  # Resolve it as far as you can
  File "/conkas/rattle/ssa.py", line 172, in resolve
    rv = new_slot.resolve()
  File "/conkas/rattle/ssa.py", line 172, in resolve
    rv = new_slot.resolve()
  File "/conkas/rattle/ssa.py", line 199, in resolve
    new_slot, _ = new_slot.resolve()  # Resolve it as far as you can
  File "/conkas/rattle/ssa.py", line 172, in resolve
    rv = new_slot.resolve()
  File "/conkas/rattle/ssa.py", line 172, in resolve
    rv = new_slot.resolve()
  File "/conkas/rattle/ssa.py", line 199, in resolve
    new_slot, _ = new_slot.resolve()  # Resolve it as far as you can
  File "/conkas/rattle/ssa.py", line 172, in resolve
    rv = new_slot.resolve()
  File "/conkas/rattle/ssa.py", line 172, in resolve
    rv = new_slot.resolve()
  File "/conkas/rattle/ssa.py", line 199, in resolve
    new_slot, _ = new_slot.resolve()  # Resolve it as far as you can
  File "/conkas/rattle/ssa.py", line 172, in resolve
    rv = new_slot.resolve()
  File "/conkas/rattle/ssa.py", line 172, in resolve
    rv = new_slot.resolve()
  File "/conkas/rattle/ssa.py", line 199, in resolve
    new_slot, _ = new_slot.resolve()  # Resolve it as far as you can
  File "/conkas/rattle/ssa.py", line 172, in resolve
    rv = new_slot.resolve()
  File "/conkas/rattle/ssa.py", line 172, in resolve
    rv = new_slot.resolve()
  File "/conkas/rattle/ssa.py", line 199, in resolve
    new_slot, _ = new_slot.resolve()  # Resolve it as far as you can
  File "/conkas/rattle/ssa.py", line 172, in resolve
    rv = new_slot.resolve()
  File "/conkas/rattle/ssa.py", line 172, in resolve
    rv = new_slot.resolve()
  File "/conkas/rattle/ssa.py", line 199, in resolve
    new_slot, _ = new_slot.resolve()  # Resolve it as far as you can
  File "/conkas/rattle/ssa.py", line 172, in resolve
    rv = new_slot.resolve()
  File "/conkas/rattle/ssa.py", line 172, in resolve
    rv = new_slot.resolve()
  File "/conkas/rattle/ssa.py", line 199, in resolve
    new_slot, _ = new_slot.resolve()  # Resolve it as far as you can
  File "/conkas/rattle/ssa.py", line 172, in resolve
    rv = new_slot.resolve()
  File "/conkas/rattle/ssa.py", line 172, in resolve
    rv = new_slot.resolve()
  File "/conkas/rattle/ssa.py", line 199, in resolve
    new_slot, _ = new_slot.resolve()  # Resolve it as far as you can
  File "/conkas/rattle/ssa.py", line 172, in resolve
    rv = new_slot.resolve()
  File "/conkas/rattle/ssa.py", line 172, in resolve
    rv = new_slot.resolve()
  File "/conkas/rattle/ssa.py", line 199, in resolve
    new_slot, _ = new_slot.resolve()  # Resolve it as far as you can
  File "/conkas/rattle/ssa.py", line 172, in resolve
    rv = new_slot.resolve()
  File "/conkas/rattle/ssa.py", line 172, in resolve
    rv = new_slot.resolve()
  File "/conkas/rattle/ssa.py", line 199, in resolve
    new_slot, _ = new_slot.resolve()  # Resolve it as far as you can
  File "/conkas/rattle/ssa.py", line 172, in resolve
    rv = new_slot.resolve()
  File "/conkas/rattle/ssa.py", line 172, in resolve
    rv = new_slot.resolve()
  File "/conkas/rattle/ssa.py", line 199, in resolve
    new_slot, _ = new_slot.resolve()  # Resolve it as far as you can
  File "/conkas/rattle/ssa.py", line 172, in resolve
    rv = new_slot.resolve()
  File "/conkas/rattle/ssa.py", line 172, in resolve
    rv = new_slot.resolve()
  File "/conkas/rattle/ssa.py", line 199, in resolve
    new_slot, _ = new_slot.resolve()  # Resolve it as far as you can
  File "/conkas/rattle/ssa.py", line 172, in resolve
    rv = new_slot.resolve()
  File "/conkas/rattle/ssa.py", line 172, in resolve
    rv = new_slot.resolve()
  File "/conkas/rattle/ssa.py", line 199, in resolve
    new_slot, _ = new_slot.resolve()  # Resolve it as far as you can
  File "/conkas/rattle/ssa.py", line 172, in resolve
    rv = new_slot.resolve()
  File "/conkas/rattle/ssa.py", line 172, in resolve
    rv = new_slot.resolve()
  File "/conkas/rattle/ssa.py", line 199, in resolve
    new_slot, _ = new_slot.resolve()  # Resolve it as far as you can
  File "/conkas/rattle/ssa.py", line 172, in resolve
    rv = new_slot.resolve()
  File "/conkas/rattle/ssa.py", line 172, in resolve
    rv = new_slot.resolve()
  File "/conkas/rattle/ssa.py", line 199, in resolve
    new_slot, _ = new_slot.resolve()  # Resolve it as far as you can
  File "/conkas/rattle/ssa.py", line 172, in resolve
    rv = new_slot.resolve()
  File "/conkas/rattle/ssa.py", line 172, in resolve
    rv = new_slot.resolve()
  File "/conkas/rattle/ssa.py", line 199, in resolve
    new_slot, _ = new_slot.resolve()  # Resolve it as far as you can
  File "/conkas/rattle/ssa.py", line 172, in resolve
    rv = new_slot.resolve()
  File "/conkas/rattle/ssa.py", line 172, in resolve
    rv = new_slot.resolve()
  File "/conkas/rattle/ssa.py", line 199, in resolve
    new_slot, _ = new_slot.resolve()  # Resolve it as far as you can
  File "/conkas/rattle/ssa.py", line 172, in resolve
    rv = new_slot.resolve()
  File "/conkas/rattle/ssa.py", line 172, in resolve
    rv = new_slot.resolve()
  File "/conkas/rattle/ssa.py", line 199, in resolve
    new_slot, _ = new_slot.resolve()  # Resolve it as far as you can
  File "/conkas/rattle/ssa.py", line 172, in resolve
    rv = new_slot.resolve()
  File "/conkas/rattle/ssa.py", line 172, in resolve
    rv = new_slot.resolve()
  File "/conkas/rattle/ssa.py", line 199, in resolve
    new_slot, _ = new_slot.resolve()  # Resolve it as far as you can
  File "/conkas/rattle/ssa.py", line 172, in resolve
    rv = new_slot.resolve()
  File "/conkas/rattle/ssa.py", line 172, in resolve
    rv = new_slot.resolve()
  File "/conkas/rattle/ssa.py", line 199, in resolve
    new_slot, _ = new_slot.resolve()  # Resolve it as far as you can
  File "/conkas/rattle/ssa.py", line 172, in resolve
    rv = new_slot.resolve()
  File "/conkas/rattle/ssa.py", line 172, in resolve
    rv = new_slot.resolve()
  File "/conkas/rattle/ssa.py", line 199, in resolve
    new_slot, _ = new_slot.resolve()  # Resolve it as far as you can
  File "/conkas/rattle/ssa.py", line 172, in resolve
    rv = new_slot.resolve()
  File "/conkas/rattle/ssa.py", line 172, in resolve
    rv = new_slot.resolve()
  File "/conkas/rattle/ssa.py", line 199, in resolve
    new_slot, _ = new_slot.resolve()  # Resolve it as far as you can
  File "/conkas/rattle/ssa.py", line 172, in resolve
    rv = new_slot.resolve()
  File "/conkas/rattle/ssa.py", line 172, in resolve
    rv = new_slot.resolve()
  File "/conkas/rattle/ssa.py", line 199, in resolve
    new_slot, _ = new_slot.resolve()  # Resolve it as far as you can
  File "/conkas/rattle/ssa.py", line 172, in resolve
    rv = new_slot.resolve()
  File "/conkas/rattle/ssa.py", line 172, in resolve
    rv = new_slot.resolve()
  File "/conkas/rattle/ssa.py", line 199, in resolve
    new_slot, _ = new_slot.resolve()  # Resolve it as far as you can
  File "/conkas/rattle/ssa.py", line 172, in resolve
    rv = new_slot.resolve()
  File "/conkas/rattle/ssa.py", line 172, in resolve
    rv = new_slot.resolve()
  File "/conkas/rattle/ssa.py", line 199, in resolve
    new_slot, _ = new_slot.resolve()  # Resolve it as far as you can
  File "/conkas/rattle/ssa.py", line 172, in resolve
    rv = new_slot.resolve()
  File "/conkas/rattle/ssa.py", line 172, in resolve
    rv = new_slot.resolve()
  File "/conkas/rattle/ssa.py", line 199, in resolve
    new_slot, _ = new_slot.resolve()  # Resolve it as far as you can
  File "/conkas/rattle/ssa.py", line 172, in resolve
    rv = new_slot.resolve()
  File "/conkas/rattle/ssa.py", line 172, in resolve
    rv = new_slot.resolve()
  File "/conkas/rattle/ssa.py", line 199, in resolve
    new_slot, _ = new_slot.resolve()  # Resolve it as far as you can
  File "/conkas/rattle/ssa.py", line 172, in resolve
    rv = new_slot.resolve()
  File "/conkas/rattle/ssa.py", line 172, in resolve
    rv = new_slot.resolve()
  File "/conkas/rattle/ssa.py", line 199, in resolve
    new_slot, _ = new_slot.resolve()  # Resolve it as far as you can
  File "/conkas/rattle/ssa.py", line 172, in resolve
    rv = new_slot.resolve()
  File "/conkas/rattle/ssa.py", line 172, in resolve
    rv = new_slot.resolve()
  File "/conkas/rattle/ssa.py", line 199, in resolve
    new_slot, _ = new_slot.resolve()  # Resolve it as far as you can
  File "/conkas/rattle/ssa.py", line 172, in resolve
    rv = new_slot.resolve()
  File "/conkas/rattle/ssa.py", line 172, in resolve
    rv = new_slot.resolve()
  File "/conkas/rattle/ssa.py", line 199, in resolve
    new_slot, _ = new_slot.resolve()  # Resolve it as far as you can
  File "/conkas/rattle/ssa.py", line 172, in resolve
    rv = new_slot.resolve()
  File "/conkas/rattle/ssa.py", line 172, in resolve
    rv = new_slot.resolve()
  File "/conkas/rattle/ssa.py", line 199, in resolve
    new_slot, _ = new_slot.resolve()  # Resolve it as far as you can
  File "/conkas/rattle/ssa.py", line 172, in resolve
    rv = new_slot.resolve()
  File "/conkas/rattle/ssa.py", line 172, in resolve
    rv = new_slot.resolve()
  File "/conkas/rattle/ssa.py", line 199, in resolve
    new_slot, _ = new_slot.resolve()  # Resolve it as far as you can
  File "/conkas/rattle/ssa.py", line 172, in resolve
    rv = new_slot.resolve()
  File "/conkas/rattle/ssa.py", line 172, in resolve
    rv = new_slot.resolve()
  File "/conkas/rattle/ssa.py", line 199, in resolve
    new_slot, _ = new_slot.resolve()  # Resolve it as far as you can
  File "/conkas/rattle/ssa.py", line 172, in resolve
    rv = new_slot.resolve()
  File "/conkas/rattle/ssa.py", line 172, in resolve
    rv = new_slot.resolve()
  File "/conkas/rattle/ssa.py", line 199, in resolve
    new_slot, _ = new_slot.resolve()  # Resolve it as far as you can
  File "/conkas/rattle/ssa.py", line 172, in resolve
    rv = new_slot.resolve()
  File "/conkas/rattle/ssa.py", line 172, in resolve
    rv = new_slot.resolve()
  File "/conkas/rattle/ssa.py", line 199, in resolve
    new_slot, _ = new_slot.resolve()  # Resolve it as far as you can
  File "/conkas/rattle/ssa.py", line 172, in resolve
    rv = new_slot.resolve()
  File "/conkas/rattle/ssa.py", line 172, in resolve
    rv = new_slot.resolve()
  File "/conkas/rattle/ssa.py", line 199, in resolve
    new_slot, _ = new_slot.resolve()  # Resolve it as far as you can
  File "/conkas/rattle/ssa.py", line 172, in resolve
    rv = new_slot.resolve()
  File "/conkas/rattle/ssa.py", line 172, in resolve
    rv = new_slot.resolve()
  File "/conkas/rattle/ssa.py", line 199, in resolve
    new_slot, _ = new_slot.resolve()  # Resolve it as far as you can
  File "/conkas/rattle/ssa.py", line 172, in resolve
    rv = new_slot.resolve()
  File "/conkas/rattle/ssa.py", line 172, in resolve
    rv = new_slot.resolve()
  File "/conkas/rattle/ssa.py", line 199, in resolve
    new_slot, _ = new_slot.resolve()  # Resolve it as far as you can
  File "/conkas/rattle/ssa.py", line 172, in resolve
    rv = new_slot.resolve()
  File "/conkas/rattle/ssa.py", line 172, in resolve
    rv = new_slot.resolve()
  File "/conkas/rattle/ssa.py", line 199, in resolve
    new_slot, _ = new_slot.resolve()  # Resolve it as far as you can
  File "/conkas/rattle/ssa.py", line 172, in resolve
    rv = new_slot.resolve()
  File "/conkas/rattle/ssa.py", line 172, in resolve
    rv = new_slot.resolve()
  File "/conkas/rattle/ssa.py", line 199, in resolve
    new_slot, _ = new_slot.resolve()  # Resolve it as far as you can
  File "/conkas/rattle/ssa.py", line 172, in resolve
    rv = new_slot.resolve()
  File "/conkas/rattle/ssa.py", line 172, in resolve
    rv = new_slot.resolve()
  File "/conkas/rattle/ssa.py", line 199, in resolve
    new_slot, _ = new_slot.resolve()  # Resolve it as far as you can
  File "/conkas/rattle/ssa.py", line 172, in resolve
    rv = new_slot.resolve()
  File "/conkas/rattle/ssa.py", line 172, in resolve
    rv = new_slot.resolve()
  File "/conkas/rattle/ssa.py", line 199, in resolve
    new_slot, _ = new_slot.resolve()  # Resolve it as far as you can
  File "/conkas/rattle/ssa.py", line 172, in resolve
    rv = new_slot.resolve()
  File "/conkas/rattle/ssa.py", line 172, in resolve
    rv = new_slot.resolve()
  File "/conkas/rattle/ssa.py", line 199, in resolve
    new_slot, _ = new_slot.resolve()  # Resolve it as far as you can
  File "/conkas/rattle/ssa.py", line 172, in resolve
    rv = new_slot.resolve()
  File "/conkas/rattle/ssa.py", line 172, in resolve
    rv = new_slot.resolve()
  File "/conkas/rattle/ssa.py", line 199, in resolve
    new_slot, _ = new_slot.resolve()  # Resolve it as far as you can
  File "/conkas/rattle/ssa.py", line 172, in resolve
    rv = new_slot.resolve()
  File "/conkas/rattle/ssa.py", line 172, in resolve
    rv = new_slot.resolve()
  File "/conkas/rattle/ssa.py", line 199, in resolve
    new_slot, _ = new_slot.resolve()  # Resolve it as far as you can
  File "/conkas/rattle/ssa.py", line 172, in resolve
    rv = new_slot.resolve()
  File "/conkas/rattle/ssa.py", line 172, in resolve
    rv = new_slot.resolve()
  File "/conkas/rattle/ssa.py", line 199, in resolve
    new_slot, _ = new_slot.resolve()  # Resolve it as far as you can
  File "/conkas/rattle/ssa.py", line 172, in resolve
    rv = new_slot.resolve()
  File "/conkas/rattle/ssa.py", line 172, in resolve
    rv = new_slot.resolve()
  File "/conkas/rattle/ssa.py", line 199, in resolve
    new_slot, _ = new_slot.resolve()  # Resolve it as far as you can
  File "/conkas/rattle/ssa.py", line 172, in resolve
    rv = new_slot.resolve()
  File "/conkas/rattle/ssa.py", line 172, in resolve
    rv = new_slot.resolve()
  File "/conkas/rattle/ssa.py", line 199, in resolve
    new_slot, _ = new_slot.resolve()  # Resolve it as far as you can
  File "/conkas/rattle/ssa.py", line 172, in resolve
    rv = new_slot.resolve()
  File "/conkas/rattle/ssa.py", line 172, in resolve
    rv = new_slot.resolve()
  File "/conkas/rattle/ssa.py", line 199, in resolve
    new_slot, _ = new_slot.resolve()  # Resolve it as far as you can
  File "/conkas/rattle/ssa.py", line 172, in resolve
    rv = new_slot.resolve()
  File "/conkas/rattle/ssa.py", line 172, in resolve
    rv = new_slot.resolve()
  File "/conkas/rattle/ssa.py", line 199, in resolve
    new_slot, _ = new_slot.resolve()  # Resolve it as far as you can
  File "/conkas/rattle/ssa.py", line 172, in resolve
    rv = new_slot.resolve()
  File "/conkas/rattle/ssa.py", line 172, in resolve
    rv = new_slot.resolve()
  File "/conkas/rattle/ssa.py", line 199, in resolve
    new_slot, _ = new_slot.resolve()  # Resolve it as far as you can
  File "/conkas/rattle/ssa.py", line 172, in resolve
    rv = new_slot.resolve()
  File "/conkas/rattle/ssa.py", line 172, in resolve
    rv = new_slot.resolve()
  File "/conkas/rattle/ssa.py", line 199, in resolve
    new_slot, _ = new_slot.resolve()  # Resolve it as far as you can
  File "/conkas/rattle/ssa.py", line 172, in resolve
    rv = new_slot.resolve()
  File "/conkas/rattle/ssa.py", line 172, in resolve
    rv = new_slot.resolve()
  File "/conkas/rattle/ssa.py", line 199, in resolve
    new_slot, _ = new_slot.resolve()  # Resolve it as far as you can
  File "/conkas/rattle/ssa.py", line 172, in resolve
    rv = new_slot.resolve()
  File "/conkas/rattle/ssa.py", line 172, in resolve
    rv = new_slot.resolve()
  File "/conkas/rattle/ssa.py", line 199, in resolve
    new_slot, _ = new_slot.resolve()  # Resolve it as far as you can
  File "/conkas/rattle/ssa.py", line 172, in resolve
    rv = new_slot.resolve()
  File "/conkas/rattle/ssa.py", line 172, in resolve
    rv = new_slot.resolve()
  File "/conkas/rattle/ssa.py", line 199, in resolve
    new_slot, _ = new_slot.resolve()  # Resolve it as far as you can
  File "/conkas/rattle/ssa.py", line 172, in resolve
    rv = new_slot.resolve()
  File "/conkas/rattle/ssa.py", line 172, in resolve
    rv = new_slot.resolve()
  File "/conkas/rattle/ssa.py", line 199, in resolve
    new_slot, _ = new_slot.resolve()  # Resolve it as far as you can
  File "/conkas/rattle/ssa.py", line 172, in resolve
    rv = new_slot.resolve()
  File "/conkas/rattle/ssa.py", line 172, in resolve
    rv = new_slot.resolve()
  File "/conkas/rattle/ssa.py", line 199, in resolve
    new_slot, _ = new_slot.resolve()  # Resolve it as far as you can
  File "/conkas/rattle/ssa.py", line 172, in resolve
    rv = new_slot.resolve()
  File "/conkas/rattle/ssa.py", line 172, in resolve
    rv = new_slot.resolve()
  File "/conkas/rattle/ssa.py", line 199, in resolve
    new_slot, _ = new_slot.resolve()  # Resolve it as far as you can
  File "/conkas/rattle/ssa.py", line 172, in resolve
    rv = new_slot.resolve()
  File "/conkas/rattle/ssa.py", line 172, in resolve
    rv = new_slot.resolve()
  File "/conkas/rattle/ssa.py", line 199, in resolve
    new_slot, _ = new_slot.resolve()  # Resolve it as far as you can
  File "/conkas/rattle/ssa.py", line 172, in resolve
    rv = new_slot.resolve()
  File "/conkas/rattle/ssa.py", line 172, in resolve
    rv = new_slot.resolve()
  File "/conkas/rattle/ssa.py", line 199, in resolve
    new_slot, _ = new_slot.resolve()  # Resolve it as far as you can
  File "/conkas/rattle/ssa.py", line 172, in resolve
    rv = new_slot.resolve()
  File "/conkas/rattle/ssa.py", line 172, in resolve
    rv = new_slot.resolve()
  File "/conkas/rattle/ssa.py", line 199, in resolve
    new_slot, _ = new_slot.resolve()  # Resolve it as far as you can
  File "/conkas/rattle/ssa.py", line 172, in resolve
    rv = new_slot.resolve()
  File "/conkas/rattle/ssa.py", line 172, in resolve
    rv = new_slot.resolve()
  File "/conkas/rattle/ssa.py", line 199, in resolve
    new_slot, _ = new_slot.resolve()  # Resolve it as far as you can
  File "/conkas/rattle/ssa.py", line 172, in resolve
    rv = new_slot.resolve()
  File "/conkas/rattle/ssa.py", line 172, in resolve
    rv = new_slot.resolve()
  File "/conkas/rattle/ssa.py", line 199, in resolve
    new_slot, _ = new_slot.resolve()  # Resolve it as far as you can
  File "/conkas/rattle/ssa.py", line 172, in resolve
    rv = new_slot.resolve()
  File "/conkas/rattle/ssa.py", line 172, in resolve
    rv = new_slot.resolve()
  File "/conkas/rattle/ssa.py", line 199, in resolve
    new_slot, _ = new_slot.resolve()  # Resolve it as far as you can
  File "/conkas/rattle/ssa.py", line 172, in resolve
    rv = new_slot.resolve()
  File "/conkas/rattle/ssa.py", line 172, in resolve
    rv = new_slot.resolve()
  File "/conkas/rattle/ssa.py", line 199, in resolve
    new_slot, _ = new_slot.resolve()  # Resolve it as far as you can
  File "/conkas/rattle/ssa.py", line 172, in resolve
    rv = new_slot.resolve()
  File "/conkas/rattle/ssa.py", line 172, in resolve
    rv = new_slot.resolve()
  File "/conkas/rattle/ssa.py", line 199, in resolve
    new_slot, _ = new_slot.resolve()  # Resolve it as far as you can
  File "/conkas/rattle/ssa.py", line 172, in resolve
    rv = new_slot.resolve()
  File "/conkas/rattle/ssa.py", line 172, in resolve
    rv = new_slot.resolve()
  File "/conkas/rattle/ssa.py", line 199, in resolve
    new_slot, _ = new_slot.resolve()  # Resolve it as far as you can
  File "/conkas/rattle/ssa.py", line 172, in resolve
    rv = new_slot.resolve()
  File "/conkas/rattle/ssa.py", line 172, in resolve
    rv = new_slot.resolve()
  File "/conkas/rattle/ssa.py", line 199, in resolve
    new_slot, _ = new_slot.resolve()  # Resolve it as far as you can
  File "/conkas/rattle/ssa.py", line 172, in resolve
    rv = new_slot.resolve()
  File "/conkas/rattle/ssa.py", line 172, in resolve
    rv = new_slot.resolve()
  File "/conkas/rattle/ssa.py", line 199, in resolve
    new_slot, _ = new_slot.resolve()  # Resolve it as far as you can
  File "/conkas/rattle/ssa.py", line 172, in resolve
    rv = new_slot.resolve()
  File "/conkas/rattle/ssa.py", line 172, in resolve
    rv = new_slot.resolve()
  File "/conkas/rattle/ssa.py", line 199, in resolve
    new_slot, _ = new_slot.resolve()  # Resolve it as far as you can
  File "/conkas/rattle/ssa.py", line 172, in resolve
    rv = new_slot.resolve()
  File "/conkas/rattle/ssa.py", line 172, in resolve
    rv = new_slot.resolve()
  File "/conkas/rattle/ssa.py", line 199, in resolve
    new_slot, _ = new_slot.resolve()  # Resolve it as far as you can
  File "/conkas/rattle/ssa.py", line 172, in resolve
    rv = new_slot.resolve()
  File "/conkas/rattle/ssa.py", line 172, in resolve
    rv = new_slot.resolve()
  File "/conkas/rattle/ssa.py", line 199, in resolve
    new_slot, _ = new_slot.resolve()  # Resolve it as far as you can
  File "/conkas/rattle/ssa.py", line 172, in resolve
    rv = new_slot.resolve()
  File "/conkas/rattle/ssa.py", line 172, in resolve
    rv = new_slot.resolve()
  File "/conkas/rattle/ssa.py", line 199, in resolve
    new_slot, _ = new_slot.resolve()  # Resolve it as far as you can
  File "/conkas/rattle/ssa.py", line 172, in resolve
    rv = new_slot.resolve()
  File "/conkas/rattle/ssa.py", line 172, in resolve
    rv = new_slot.resolve()
  File "/conkas/rattle/ssa.py", line 199, in resolve
    new_slot, _ = new_slot.resolve()  # Resolve it as far as you can
  File "/conkas/rattle/ssa.py", line 172, in resolve
    rv = new_slot.resolve()
  File "/conkas/rattle/ssa.py", line 172, in resolve
    rv = new_slot.resolve()
  File "/conkas/rattle/ssa.py", line 199, in resolve
    new_slot, _ = new_slot.resolve()  # Resolve it as far as you can
  File "/conkas/rattle/ssa.py", line 172, in resolve
    rv = new_slot.resolve()
  File "/conkas/rattle/ssa.py", line 172, in resolve
    rv = new_slot.resolve()
  File "/conkas/rattle/ssa.py", line 199, in resolve
    new_slot, _ = new_slot.resolve()  # Resolve it as far as you can
  File "/conkas/rattle/ssa.py", line 172, in resolve
    rv = new_slot.resolve()
  File "/conkas/rattle/ssa.py", line 172, in resolve
    rv = new_slot.resolve()
  File "/conkas/rattle/ssa.py", line 199, in resolve
    new_slot, _ = new_slot.resolve()  # Resolve it as far as you can
  File "/conkas/rattle/ssa.py", line 172, in resolve
    rv = new_slot.resolve()
  File "/conkas/rattle/ssa.py", line 172, in resolve
    rv = new_slot.resolve()
  File "/conkas/rattle/ssa.py", line 199, in resolve
    new_slot, _ = new_slot.resolve()  # Resolve it as far as you can
  File "/conkas/rattle/ssa.py", line 172, in resolve
    rv = new_slot.resolve()
  File "/conkas/rattle/ssa.py", line 172, in resolve
    rv = new_slot.resolve()
  File "/conkas/rattle/ssa.py", line 199, in resolve
    new_slot, _ = new_slot.resolve()  # Resolve it as far as you can
  File "/conkas/rattle/ssa.py", line 172, in resolve
    rv = new_slot.resolve()
  File "/conkas/rattle/ssa.py", line 172, in resolve
    rv = new_slot.resolve()
  File "/conkas/rattle/ssa.py", line 199, in resolve
    new_slot, _ = new_slot.resolve()  # Resolve it as far as you can
  File "/conkas/rattle/ssa.py", line 172, in resolve
    rv = new_slot.resolve()
  File "/conkas/rattle/ssa.py", line 172, in resolve
    rv = new_slot.resolve()
  File "/conkas/rattle/ssa.py", line 199, in resolve
    new_slot, _ = new_slot.resolve()  # Resolve it as far as you can
  File "/conkas/rattle/ssa.py", line 172, in resolve
    rv = new_slot.resolve()
  File "/conkas/rattle/ssa.py", line 172, in resolve
    rv = new_slot.resolve()
  File "/conkas/rattle/ssa.py", line 199, in resolve
    new_slot, _ = new_slot.resolve()  # Resolve it as far as you can
  File "/conkas/rattle/ssa.py", line 172, in resolve
    rv = new_slot.resolve()
  File "/conkas/rattle/ssa.py", line 172, in resolve
    rv = new_slot.resolve()
  File "/conkas/rattle/ssa.py", line 199, in resolve
    new_slot, _ = new_slot.resolve()  # Resolve it as far as you can
  File "/conkas/rattle/ssa.py", line 172, in resolve
    rv = new_slot.resolve()
  File "/conkas/rattle/ssa.py", line 172, in resolve
    rv = new_slot.resolve()
  File "/conkas/rattle/ssa.py", line 199, in resolve
    new_slot, _ = new_slot.resolve()  # Resolve it as far as you can
  File "/conkas/rattle/ssa.py", line 172, in resolve
    rv = new_slot.resolve()
  File "/conkas/rattle/ssa.py", line 172, in resolve
    rv = new_slot.resolve()
  File "/conkas/rattle/ssa.py", line 199, in resolve
    new_slot, _ = new_slot.resolve()  # Resolve it as far as you can
  File "/conkas/rattle/ssa.py", line 172, in resolve
    rv = new_slot.resolve()
  File "/conkas/rattle/ssa.py", line 172, in resolve
    rv = new_slot.resolve()
  File "/conkas/rattle/ssa.py", line 199, in resolve
    new_slot, _ = new_slot.resolve()  # Resolve it as far as you can
  File "/conkas/rattle/ssa.py", line 172, in resolve
    rv = new_slot.resolve()
  File "/conkas/rattle/ssa.py", line 172, in resolve
    rv = new_slot.resolve()
  File "/conkas/rattle/ssa.py", line 199, in resolve
    new_slot, _ = new_slot.resolve()  # Resolve it as far as you can
  File "/conkas/rattle/ssa.py", line 172, in resolve
    rv = new_slot.resolve()
  File "/conkas/rattle/ssa.py", line 172, in resolve
    rv = new_slot.resolve()
  File "/conkas/rattle/ssa.py", line 199, in resolve
    new_slot, _ = new_slot.resolve()  # Resolve it as far as you can
  File "/conkas/rattle/ssa.py", line 172, in resolve
    rv = new_slot.resolve()
  File "/conkas/rattle/ssa.py", line 172, in resolve
    rv = new_slot.resolve()
  File "/conkas/rattle/ssa.py", line 199, in resolve
    new_slot, _ = new_slot.resolve()  # Resolve it as far as you can
  File "/conkas/rattle/ssa.py", line 172, in resolve
    rv = new_slot.resolve()
  File "/conkas/rattle/ssa.py", line 172, in resolve
    rv = new_slot.resolve()
  File "/conkas/rattle/ssa.py", line 199, in resolve
    new_slot, _ = new_slot.resolve()  # Resolve it as far as you can
  File "/conkas/rattle/ssa.py", line 172, in resolve
    rv = new_slot.resolve()
  File "/conkas/rattle/ssa.py", line 172, in resolve
    rv = new_slot.resolve()
  File "/conkas/rattle/ssa.py", line 199, in resolve
    new_slot, _ = new_slot.resolve()  # Resolve it as far as you can
  File "/conkas/rattle/ssa.py", line 172, in resolve
    rv = new_slot.resolve()
  File "/conkas/rattle/ssa.py", line 172, in resolve
    rv = new_slot.resolve()
  File "/conkas/rattle/ssa.py", line 199, in resolve
    new_slot, _ = new_slot.resolve()  # Resolve it as far as you can
  File "/conkas/rattle/ssa.py", line 172, in resolve
    rv = new_slot.resolve()
  File "/conkas/rattle/ssa.py", line 172, in resolve
    rv = new_slot.resolve()
  File "/conkas/rattle/ssa.py", line 199, in resolve
    new_slot, _ = new_slot.resolve()  # Resolve it as far as you can
  File "/conkas/rattle/ssa.py", line 172, in resolve
    rv = new_slot.resolve()
  File "/conkas/rattle/ssa.py", line 172, in resolve
    rv = new_slot.resolve()
  File "/conkas/rattle/ssa.py", line 199, in resolve
    new_slot, _ = new_slot.resolve()  # Resolve it as far as you can
  File "/conkas/rattle/ssa.py", line 172, in resolve
    rv = new_slot.resolve()
  File "/conkas/rattle/ssa.py", line 172, in resolve
    rv = new_slot.resolve()
  File "/conkas/rattle/ssa.py", line 199, in resolve
    new_slot, _ = new_slot.resolve()  # Resolve it as far as you can
  File "/conkas/rattle/ssa.py", line 172, in resolve
    rv = new_slot.resolve()
  File "/conkas/rattle/ssa.py", line 172, in resolve
    rv = new_slot.resolve()
  File "/conkas/rattle/ssa.py", line 199, in resolve
    new_slot, _ = new_slot.resolve()  # Resolve it as far as you can
  File "/conkas/rattle/ssa.py", line 172, in resolve
    rv = new_slot.resolve()
  File "/conkas/rattle/ssa.py", line 172, in resolve
    rv = new_slot.resolve()
  File "/conkas/rattle/ssa.py", line 199, in resolve
    new_slot, _ = new_slot.resolve()  # Resolve it as far as you can
  File "/conkas/rattle/ssa.py", line 172, in resolve
    rv = new_slot.resolve()
  File "/conkas/rattle/ssa.py", line 172, in resolve
    rv = new_slot.resolve()
  File "/conkas/rattle/ssa.py", line 199, in resolve
    new_slot, _ = new_slot.resolve()  # Resolve it as far as you can
  File "/conkas/rattle/ssa.py", line 172, in resolve
    rv = new_slot.resolve()
  File "/conkas/rattle/ssa.py", line 172, in resolve
    rv = new_slot.resolve()
  File "/conkas/rattle/ssa.py", line 199, in resolve
    new_slot, _ = new_slot.resolve()  # Resolve it as far as you can
  File "/conkas/rattle/ssa.py", line 172, in resolve
    rv = new_slot.resolve()
  File "/conkas/rattle/ssa.py", line 172, in resolve
    rv = new_slot.resolve()
  File "/conkas/rattle/ssa.py", line 199, in resolve
    new_slot, _ = new_slot.resolve()  # Resolve it as far as you can
  File "/conkas/rattle/ssa.py", line 172, in resolve
    rv = new_slot.resolve()
  File "/conkas/rattle/ssa.py", line 172, in resolve
    rv = new_slot.resolve()
  File "/conkas/rattle/ssa.py", line 199, in resolve
    new_slot, _ = new_slot.resolve()  # Resolve it as far as you can
  File "/conkas/rattle/ssa.py", line 172, in resolve
    rv = new_slot.resolve()
  File "/conkas/rattle/ssa.py", line 172, in resolve
    rv = new_slot.resolve()
  File "/conkas/rattle/ssa.py", line 199, in resolve
    new_slot, _ = new_slot.resolve()  # Resolve it as far as you can
  File "/conkas/rattle/ssa.py", line 172, in resolve
    rv = new_slot.resolve()
  File "/conkas/rattle/ssa.py", line 172, in resolve
    rv = new_slot.resolve()
  File "/conkas/rattle/ssa.py", line 199, in resolve
    new_slot, _ = new_slot.resolve()  # Resolve it as far as you can
  File "/conkas/rattle/ssa.py", line 172, in resolve
    rv = new_slot.resolve()
  File "/conkas/rattle/ssa.py", line 172, in resolve
    rv = new_slot.resolve()
  File "/conkas/rattle/ssa.py", line 199, in resolve
    new_slot, _ = new_slot.resolve()  # Resolve it as far as you can
  File "/conkas/rattle/ssa.py", line 172, in resolve
    rv = new_slot.resolve()
  File "/conkas/rattle/ssa.py", line 172, in resolve
    rv = new_slot.resolve()
  File "/conkas/rattle/ssa.py", line 199, in resolve
    new_slot, _ = new_slot.resolve()  # Resolve it as far as you can
  File "/conkas/rattle/ssa.py", line 172, in resolve
    rv = new_slot.resolve()
  File "/conkas/rattle/ssa.py", line 172, in resolve
    rv = new_slot.resolve()
  File "/conkas/rattle/ssa.py", line 199, in resolve
    new_slot, _ = new_slot.resolve()  # Resolve it as far as you can
  File "/conkas/rattle/ssa.py", line 172, in resolve
    rv = new_slot.resolve()
  File "/conkas/rattle/ssa.py", line 172, in resolve
    rv = new_slot.resolve()
  File "/conkas/rattle/ssa.py", line 199, in resolve
    new_slot, _ = new_slot.resolve()  # Resolve it as far as you can
  File "/conkas/rattle/ssa.py", line 172, in resolve
    rv = new_slot.resolve()
  File "/conkas/rattle/ssa.py", line 172, in resolve
    rv = new_slot.resolve()
  File "/conkas/rattle/ssa.py", line 199, in resolve
    new_slot, _ = new_slot.resolve()  # Resolve it as far as you can
  File "/conkas/rattle/ssa.py", line 172, in resolve
    rv = new_slot.resolve()
  File "/conkas/rattle/ssa.py", line 172, in resolve
    rv = new_slot.resolve()
  File "/conkas/rattle/ssa.py", line 199, in resolve
    new_slot, _ = new_slot.resolve()  # Resolve it as far as you can
  File "/conkas/rattle/ssa.py", line 172, in resolve
    rv = new_slot.resolve()
  File "/conkas/rattle/ssa.py", line 172, in resolve
    rv = new_slot.resolve()
  File "/conkas/rattle/ssa.py", line 199, in resolve
    new_slot, _ = new_slot.resolve()  # Resolve it as far as you can
  File "/conkas/rattle/ssa.py", line 172, in resolve
    rv = new_slot.resolve()
  File "/conkas/rattle/ssa.py", line 172, in resolve
    rv = new_slot.resolve()
  File "/conkas/rattle/ssa.py", line 199, in resolve
    new_slot, _ = new_slot.resolve()  # Resolve it as far as you can
  File "/conkas/rattle/ssa.py", line 172, in resolve
    rv = new_slot.resolve()
  File "/conkas/rattle/ssa.py", line 172, in resolve
    rv = new_slot.resolve()
  File "/conkas/rattle/ssa.py", line 199, in resolve
    new_slot, _ = new_slot.resolve()  # Resolve it as far as you can
  File "/conkas/rattle/ssa.py", line 172, in resolve
    rv = new_slot.resolve()
  File "/conkas/rattle/ssa.py", line 172, in resolve
    rv = new_slot.resolve()
  File "/conkas/rattle/ssa.py", line 199, in resolve
    new_slot, _ = new_slot.resolve()  # Resolve it as far as you can
  File "/conkas/rattle/ssa.py", line 172, in resolve
    rv = new_slot.resolve()
  File "/conkas/rattle/ssa.py", line 172, in resolve
    rv = new_slot.resolve()
  File "/conkas/rattle/ssa.py", line 199, in resolve
    new_slot, _ = new_slot.resolve()  # Resolve it as far as you can
  File "/conkas/rattle/ssa.py", line 172, in resolve
    rv = new_slot.resolve()
  File "/conkas/rattle/ssa.py", line 172, in resolve
    rv = new_slot.resolve()
  File "/conkas/rattle/ssa.py", line 199, in resolve
    new_slot, _ = new_slot.resolve()  # Resolve it as far as you can
  File "/conkas/rattle/ssa.py", line 172, in resolve
    rv = new_slot.resolve()
  File "/conkas/rattle/ssa.py", line 172, in resolve
    rv = new_slot.resolve()
  File "/conkas/rattle/ssa.py", line 199, in resolve
    new_slot, _ = new_slot.resolve()  # Resolve it as far as you can
  File "/conkas/rattle/ssa.py", line 172, in resolve
    rv = new_slot.resolve()
  File "/conkas/rattle/ssa.py", line 172, in resolve
    rv = new_slot.resolve()
  File "/conkas/rattle/ssa.py", line 199, in resolve
    new_slot, _ = new_slot.resolve()  # Resolve it as far as you can
  File "/conkas/rattle/ssa.py", line 172, in resolve
    rv = new_slot.resolve()
  File "/conkas/rattle/ssa.py", line 172, in resolve
    rv = new_slot.resolve()
  File "/conkas/rattle/ssa.py", line 199, in resolve
    new_slot, _ = new_slot.resolve()  # Resolve it as far as you can
  File "/conkas/rattle/ssa.py", line 172, in resolve
    rv = new_slot.resolve()
  File "/conkas/rattle/ssa.py", line 172, in resolve
    rv = new_slot.resolve()
  File "/conkas/rattle/ssa.py", line 199, in resolve
    new_slot, _ = new_slot.resolve()  # Resolve it as far as you can
  File "/conkas/rattle/ssa.py", line 172, in resolve
    rv = new_slot.resolve()
  File "/conkas/rattle/ssa.py", line 172, in resolve
    rv = new_slot.resolve()
  File "/conkas/rattle/ssa.py", line 199, in resolve
    new_slot, _ = new_slot.resolve()  # Resolve it as far as you can
  File "/conkas/rattle/ssa.py", line 172, in resolve
    rv = new_slot.resolve()
  File "/conkas/rattle/ssa.py", line 172, in resolve
    rv = new_slot.resolve()
  File "/conkas/rattle/ssa.py", line 199, in resolve
    new_slot, _ = new_slot.resolve()  # Resolve it as far as you can
  File "/conkas/rattle/ssa.py", line 172, in resolve
    rv = new_slot.resolve()
  File "/conkas/rattle/ssa.py", line 172, in resolve
    rv = new_slot.resolve()
  File "/conkas/rattle/ssa.py", line 199, in resolve
    new_slot, _ = new_slot.resolve()  # Resolve it as far as you can
  File "/conkas/rattle/ssa.py", line 172, in resolve
    rv = new_slot.resolve()
  File "/conkas/rattle/ssa.py", line 172, in resolve
    rv = new_slot.resolve()
  File "/conkas/rattle/ssa.py", line 199, in resolve
    new_slot, _ = new_slot.resolve()  # Resolve it as far as you can
  File "/conkas/rattle/ssa.py", line 172, in resolve
    rv = new_slot.resolve()
  File "/conkas/rattle/ssa.py", line 172, in resolve
    rv = new_slot.resolve()
  File "/conkas/rattle/ssa.py", line 199, in resolve
    new_slot, _ = new_slot.resolve()  # Resolve it as far as you can
  File "/conkas/rattle/ssa.py", line 172, in resolve
    rv = new_slot.resolve()
  File "/conkas/rattle/ssa.py", line 172, in resolve
    rv = new_slot.resolve()
  File "/conkas/rattle/ssa.py", line 199, in resolve
    new_slot, _ = new_slot.resolve()  # Resolve it as far as you can
  File "/conkas/rattle/ssa.py", line 172, in resolve
    rv = new_slot.resolve()
  File "/conkas/rattle/ssa.py", line 172, in resolve
    rv = new_slot.resolve()
  File "/conkas/rattle/ssa.py", line 199, in resolve
    new_slot, _ = new_slot.resolve()  # Resolve it as far as you can
  File "/conkas/rattle/ssa.py", line 172, in resolve
    rv = new_slot.resolve()
  File "/conkas/rattle/ssa.py", line 172, in resolve
    rv = new_slot.resolve()
  File "/conkas/rattle/ssa.py", line 199, in resolve
    new_slot, _ = new_slot.resolve()  # Resolve it as far as you can
  File "/conkas/rattle/ssa.py", line 172, in resolve
    rv = new_slot.resolve()
  File "/conkas/rattle/ssa.py", line 172, in resolve
    rv = new_slot.resolve()
  File "/conkas/rattle/ssa.py", line 199, in resolve
    new_slot, _ = new_slot.resolve()  # Resolve it as far as you can
  File "/conkas/rattle/ssa.py", line 172, in resolve
    rv = new_slot.resolve()
  File "/conkas/rattle/ssa.py", line 172, in resolve
    rv = new_slot.resolve()
  File "/conkas/rattle/ssa.py", line 199, in resolve
    new_slot, _ = new_slot.resolve()  # Resolve it as far as you can
  File "/conkas/rattle/ssa.py", line 172, in resolve
    rv = new_slot.resolve()
  File "/conkas/rattle/ssa.py", line 172, in resolve
    rv = new_slot.resolve()
  File "/conkas/rattle/ssa.py", line 199, in resolve
    new_slot, _ = new_slot.resolve()  # Resolve it as far as you can
  File "/conkas/rattle/ssa.py", line 172, in resolve
    rv = new_slot.resolve()
  File "/conkas/rattle/ssa.py", line 172, in resolve
    rv = new_slot.resolve()
  File "/conkas/rattle/ssa.py", line 199, in resolve
    new_slot, _ = new_slot.resolve()  # Resolve it as far as you can
  File "/conkas/rattle/ssa.py", line 172, in resolve
    rv = new_slot.resolve()
  File "/conkas/rattle/ssa.py", line 172, in resolve
    rv = new_slot.resolve()
  File "/conkas/rattle/ssa.py", line 199, in resolve
    new_slot, _ = new_slot.resolve()  # Resolve it as far as you can
  File "/conkas/rattle/ssa.py", line 172, in resolve
    rv = new_slot.resolve()
  File "/conkas/rattle/ssa.py", line 172, in resolve
    rv = new_slot.resolve()
  File "/conkas/rattle/ssa.py", line 199, in resolve
    new_slot, _ = new_slot.resolve()  # Resolve it as far as you can
  File "/conkas/rattle/ssa.py", line 172, in resolve
    rv = new_slot.resolve()
  File "/conkas/rattle/ssa.py", line 172, in resolve
    rv = new_slot.resolve()
  File "/conkas/rattle/ssa.py", line 199, in resolve
    new_slot, _ = new_slot.resolve()  # Resolve it as far as you can
  File "/conkas/rattle/ssa.py", line 172, in resolve
    rv = new_slot.resolve()
  File "/conkas/rattle/ssa.py", line 172, in resolve
    rv = new_slot.resolve()
  File "/conkas/rattle/ssa.py", line 199, in resolve
    new_slot, _ = new_slot.resolve()  # Resolve it as far as you can
  File "/conkas/rattle/ssa.py", line 172, in resolve
    rv = new_slot.resolve()
  File "/conkas/rattle/ssa.py", line 172, in resolve
    rv = new_slot.resolve()
  File "/conkas/rattle/ssa.py", line 199, in resolve
    new_slot, _ = new_slot.resolve()  # Resolve it as far as you can
  File "/conkas/rattle/ssa.py", line 172, in resolve
    rv = new_slot.resolve()
  File "/conkas/rattle/ssa.py", line 172, in resolve
    rv = new_slot.resolve()
  File "/conkas/rattle/ssa.py", line 199, in resolve
    new_slot, _ = new_slot.resolve()  # Resolve it as far as you can
  File "/conkas/rattle/ssa.py", line 172, in resolve
    rv = new_slot.resolve()
  File "/conkas/rattle/ssa.py", line 172, in resolve
    rv = new_slot.resolve()
  File "/conkas/rattle/ssa.py", line 199, in resolve
    new_slot, _ = new_slot.resolve()  # Resolve it as far as you can
  File "/conkas/rattle/ssa.py", line 172, in resolve
    rv = new_slot.resolve()
  File "/conkas/rattle/ssa.py", line 172, in resolve
    rv = new_slot.resolve()
  File "/conkas/rattle/ssa.py", line 199, in resolve
    new_slot, _ = new_slot.resolve()  # Resolve it as far as you can
  File "/conkas/rattle/ssa.py", line 172, in resolve
    rv = new_slot.resolve()
  File "/conkas/rattle/ssa.py", line 172, in resolve
    rv = new_slot.resolve()
  File "/conkas/rattle/ssa.py", line 199, in resolve
    new_slot, _ = new_slot.resolve()  # Resolve it as far as you can
  File "/conkas/rattle/ssa.py", line 172, in resolve
    rv = new_slot.resolve()
  File "/conkas/rattle/ssa.py", line 172, in resolve
    rv = new_slot.resolve()
  File "/conkas/rattle/ssa.py", line 199, in resolve
    new_slot, _ = new_slot.resolve()  # Resolve it as far as you can
  File "/conkas/rattle/ssa.py", line 172, in resolve
    rv = new_slot.resolve()
  File "/conkas/rattle/ssa.py", line 172, in resolve
    rv = new_slot.resolve()
  File "/conkas/rattle/ssa.py", line 199, in resolve
    new_slot, _ = new_slot.resolve()  # Resolve it as far as you can
  File "/conkas/rattle/ssa.py", line 172, in resolve
    rv = new_slot.resolve()
  File "/conkas/rattle/ssa.py", line 172, in resolve
    rv = new_slot.resolve()
  File "/conkas/rattle/ssa.py", line 199, in resolve
    new_slot, _ = new_slot.resolve()  # Resolve it as far as you can
  File "/conkas/rattle/ssa.py", line 172, in resolve
    rv = new_slot.resolve()
  File "/conkas/rattle/ssa.py", line 172, in resolve
    rv = new_slot.resolve()
  File "/conkas/rattle/ssa.py", line 199, in resolve
    new_slot, _ = new_slot.resolve()  # Resolve it as far as you can
  File "/conkas/rattle/ssa.py", line 172, in resolve
    rv = new_slot.resolve()
  File "/conkas/rattle/ssa.py", line 172, in resolve
    rv = new_slot.resolve()
  File "/conkas/rattle/ssa.py", line 199, in resolve
    new_slot, _ = new_slot.resolve()  # Resolve it as far as you can
  File "/conkas/rattle/ssa.py", line 172, in resolve
    rv = new_slot.resolve()
  File "/conkas/rattle/ssa.py", line 172, in resolve
    rv = new_slot.resolve()
  File "/conkas/rattle/ssa.py", line 199, in resolve
    new_slot, _ = new_slot.resolve()  # Resolve it as far as you can
  File "/conkas/rattle/ssa.py", line 172, in resolve
    rv = new_slot.resolve()
  File "/conkas/rattle/ssa.py", line 172, in resolve
    rv = new_slot.resolve()
  File "/conkas/rattle/ssa.py", line 199, in resolve
    new_slot, _ = new_slot.resolve()  # Resolve it as far as you can
  File "/conkas/rattle/ssa.py", line 172, in resolve
    rv = new_slot.resolve()
  File "/conkas/rattle/ssa.py", line 172, in resolve
    rv = new_slot.resolve()
  File "/conkas/rattle/ssa.py", line 199, in resolve
    new_slot, _ = new_slot.resolve()  # Resolve it as far as you can
  File "/conkas/rattle/ssa.py", line 172, in resolve
    rv = new_slot.resolve()
  File "/conkas/rattle/ssa.py", line 172, in resolve
    rv = new_slot.resolve()
  File "/conkas/rattle/ssa.py", line 199, in resolve
    new_slot, _ = new_slot.resolve()  # Resolve it as far as you can
  File "/conkas/rattle/ssa.py", line 172, in resolve
    rv = new_slot.resolve()
  File "/conkas/rattle/ssa.py", line 172, in resolve
    rv = new_slot.resolve()
  File "/conkas/rattle/ssa.py", line 199, in resolve
    new_slot, _ = new_slot.resolve()  # Resolve it as far as you can
  File "/conkas/rattle/ssa.py", line 172, in resolve
    rv = new_slot.resolve()
  File "/conkas/rattle/ssa.py", line 172, in resolve
    rv = new_slot.resolve()
  File "/conkas/rattle/ssa.py", line 199, in resolve
    new_slot, _ = new_slot.resolve()  # Resolve it as far as you can
  File "/conkas/rattle/ssa.py", line 172, in resolve
    rv = new_slot.resolve()
  File "/conkas/rattle/ssa.py", line 172, in resolve
    rv = new_slot.resolve()
  File "/conkas/rattle/ssa.py", line 199, in resolve
    new_slot, _ = new_slot.resolve()  # Resolve it as far as you can
  File "/conkas/rattle/ssa.py", line 172, in resolve
    rv = new_slot.resolve()
  File "/conkas/rattle/ssa.py", line 172, in resolve
    rv = new_slot.resolve()
  File "/conkas/rattle/ssa.py", line 199, in resolve
    new_slot, _ = new_slot.resolve()  # Resolve it as far as you can
  File "/conkas/rattle/ssa.py", line 172, in resolve
    rv = new_slot.resolve()
  File "/conkas/rattle/ssa.py", line 172, in resolve
    rv = new_slot.resolve()
  File "/conkas/rattle/ssa.py", line 199, in resolve
    new_slot, _ = new_slot.resolve()  # Resolve it as far as you can
  File "/conkas/rattle/ssa.py", line 172, in resolve
    rv = new_slot.resolve()
  File "/conkas/rattle/ssa.py", line 172, in resolve
    rv = new_slot.resolve()
  File "/conkas/rattle/ssa.py", line 190, in resolve
    if self.block.function.phis.get(self, False):
  File "/conkas/rattle/ssa.py", line 140, in __hash__
    return hash((self.sp, self.block))
RecursionError: maximum recursion depth exceeded while calling a Python object
Non-hexadecimal digit found
Traceback (most recent call last):
  File "conkas.py", line 111, in main
    ssa = Recover(bytecode, edges=[], optimize=True)
  File "/conkas/rattle/recover.py", line 768, in __init__
    self.internal = InternalRecover(filedata, edges, optimize, split_functions)
  File "/conkas/rattle/recover.py", line 32, in __init__
    self.recover(dispatch)
  File "/conkas/rattle/recover.py", line 95, in recover
    self.identify_blocks(function)
  File "/conkas/rattle/recover.py", line 167, in identify_blocks
    insns = list(EVMAsm.disassemble_all(binascii.unhexlify(self.filedata), 0))
binascii.Error: Non-hexadecimal digit found
ANTLR runtime and generated code versions disagree: 4.9.2!=4.7.2
ANTLR runtime and generated code versions disagree: 4.9.2!=4.7.2
Analysing /sb/0xbaca9c2faf03898fc5197ee90efb6e13df7f1d55.sol:Cascading...
Vulnerability: Integer Underflow. Maybe in function: addCascade(address,uint256). PC: 0x559. Line number: 644.
If a = 115792089237316195423570985008687907853269984665640564039457584007913129639935
and b = 1
Vulnerability: Integer Overflow. Maybe in function: cascades(uint256). PC: 0x257. Line number: 639.
If a = 29102676481673041902632991033461445430619272659676223336789171408008386403022
and b = 86689412755643153520937993975226462422650712005964340703258417362915953737776
Vulnerability: Integer Overflow. Maybe in function: addCascade(address,uint256). PC: 0x5e3. Line number: 645.
If a = 1
and b = 115792089237316195423570985008687907853269984665640564039457584007913129639935
Vulnerability: Integer Overflow. Maybe in function: addCascade(address,uint256). PC: 0x563. Line number: 644.
If a = 29102676481673041902632991033461445430619272659676223336789171408008386403022
and b = 86689412755643153520937993975226462422650712005964340702668412599904743236914
Analysing /sb/0xbaca9c2faf03898fc5197ee90efb6e13df7f1d55.sol:DateBasedRaffle...
Analysing /sb/0xbaca9c2faf03898fc5197ee90efb6e13df7f1d55.sol:FullERC20...
Nothing to analyse
Analysing /sb/0xbaca9c2faf03898fc5197ee90efb6e13df7f1d55.sol:Math...
Analysing /sb/0xbaca9c2faf03898fc5197ee90efb6e13df7f1d55.sol:OraclizeAddrResolverI...
Nothing to analyse
Analysing /sb/0xbaca9c2faf03898fc5197ee90efb6e13df7f1d55.sol:OraclizeI...
Nothing to analyse
Analysing /sb/0xbaca9c2faf03898fc5197ee90efb6e13df7f1d55.sol:OraclizeLib...
Analysing /sb/0xbaca9c2faf03898fc5197ee90efb6e13df7f1d55.sol:Ownable...
Analysing /sb/0xbaca9c2faf03898fc5197ee90efb6e13df7f1d55.sol:Priceable...
Analysing /sb/0xbaca9c2faf03898fc5197ee90efb6e13df7f1d55.sol:ProgressiveRaffle...
Analysing /sb/0xbaca9c2faf03898fc5197ee90efb6e13df7f1d55.sol:Raffle...
Nothing to analyse
Analysing /sb/0xbaca9c2faf03898fc5197ee90efb6e13df7f1d55.sol:RewardApprover...
Analysing /sb/0xbaca9c2faf03898fc5197ee90efb6e13df7f1d55.sol:RewardDistributable...
Nothing to analyse
Analysing /sb/0xbaca9c2faf03898fc5197ee90efb6e13df7f1d55.sol:SafeMath...
Analysing /sb/0xbaca9c2faf03898fc5197ee90efb6e13df7f1d55.sol:SafeWinner...
Vulnerability: Integer Overflow. Maybe in function: pendingWinners(uint256). PC: 0x2d3. Line number: 692.
If a = 29102676481673041902632991033461445430619272659676223336789171408008386403022
and b = 103127329476984736549412147667208918592623382723633646675247564590711738204160
Vulnerability: Integer Overflow. Maybe in function: retryWinner(uint256). PC: 0x5e7. Line number: 726.
If a = 29102676481673041902632991033461445430619272659676223336789171408008386403022
and b = 86689412755643153520937993975226462422650712005964340702668412599904743243776
