A new version of Solhint is available: 6.0.1
Please consider updating your Solhint package.
/sb/0x000387483308752ee8a478d1939002aa6da18461.sol:1:1: Found more than One contract per file. 15 contracts found! [Warning/one-contract-per-file]
/sb/0x000387483308752ee8a478d1939002aa6da18461.sol:1:1: Compiler version ^0.6.0 does not satisfy the ^0.8.24 semver requirement [Error/compiler-version]
/sb/0x000387483308752ee8a478d1939002aa6da18461.sol:25:1: Missing @title tag in contract 'Context' [Warning/use-natspec]
/sb/0x000387483308752ee8a478d1939002aa6da18461.sol:25:1: Missing @author tag in contract 'Context' [Warning/use-natspec]
/sb/0x000387483308752ee8a478d1939002aa6da18461.sol:25:1: Missing @notice tag in contract 'Context' [Warning/use-natspec]
/sb/0x000387483308752ee8a478d1939002aa6da18461.sol:31:5: Missing @notice tag in function '<anonymous>' [Warning/use-natspec]
/sb/0x000387483308752ee8a478d1939002aa6da18461.sol:31:29: Code contains empty blocks [Warning/no-empty-blocks]
/sb/0x000387483308752ee8a478d1939002aa6da18461.sol:35:5: Missing @notice tag in function '_msgSender' [Warning/use-natspec]
/sb/0x000387483308752ee8a478d1939002aa6da18461.sol:35:5: Missing @return tag in function '_msgSender' [Warning/use-natspec]
/sb/0x000387483308752ee8a478d1939002aa6da18461.sol:35:5: Mismatch in @return names for function '_msgSender'. Expected: [payable], Found: [] [Warning/use-natspec]
/sb/0x000387483308752ee8a478d1939002aa6da18461.sol:43:5: Missing @notice tag in function '_msgData' [Warning/use-natspec]
/sb/0x000387483308752ee8a478d1939002aa6da18461.sol:43:5: Missing @return tag in function '_msgData' [Warning/use-natspec]
/sb/0x000387483308752ee8a478d1939002aa6da18461.sol:43:5: Mismatch in @return count for function '_msgData'. Expected: 1, Found: 0 [Warning/use-natspec]
/sb/0x000387483308752ee8a478d1939002aa6da18461.sol:59:1: Compiler version ^0.6.0 does not satisfy the ^0.8.24 semver requirement [Error/compiler-version]
/sb/0x000387483308752ee8a478d1939002aa6da18461.sol:69:1: Missing @title tag in contract 'IERC20' [Warning/use-natspec]
/sb/0x000387483308752ee8a478d1939002aa6da18461.sol:69:1: Missing @author tag in contract 'IERC20' [Warning/use-natspec]
/sb/0x000387483308752ee8a478d1939002aa6da18461.sol:69:1: Missing @notice tag in contract 'IERC20' [Warning/use-natspec]
/sb/0x000387483308752ee8a478d1939002aa6da18461.sol:77:5: Missing @notice tag in function 'totalSupply' [Warning/use-natspec]
/sb/0x000387483308752ee8a478d1939002aa6da18461.sol:77:5: Missing @return tag in function 'totalSupply' [Warning/use-natspec]
/sb/0x000387483308752ee8a478d1939002aa6da18461.sol:77:5: Mismatch in @return count for function 'totalSupply'. Expected: 1, Found: 0 [Warning/use-natspec]
/sb/0x000387483308752ee8a478d1939002aa6da18461.sol:87:5: Missing @notice tag in function 'balanceOf' [Warning/use-natspec]
/sb/0x000387483308752ee8a478d1939002aa6da18461.sol:87:5: Missing @param tag in function 'balanceOf' [Warning/use-natspec]
/sb/0x000387483308752ee8a478d1939002aa6da18461.sol:87:5: Mismatch in @param names for function 'balanceOf'. Expected: [account], Found: [] [Warning/use-natspec]
/sb/0x000387483308752ee8a478d1939002aa6da18461.sol:87:5: Missing @return tag in function 'balanceOf' [Warning/use-natspec]
/sb/0x000387483308752ee8a478d1939002aa6da18461.sol:87:5: Mismatch in @return count for function 'balanceOf'. Expected: 1, Found: 0 [Warning/use-natspec]
/sb/0x000387483308752ee8a478d1939002aa6da18461.sol:105:5: Missing @notice tag in function 'transfer' [Warning/use-natspec]
/sb/0x000387483308752ee8a478d1939002aa6da18461.sol:105:5: Missing @param tag in function 'transfer' [Warning/use-natspec]
/sb/0x000387483308752ee8a478d1939002aa6da18461.sol:105:5: Mismatch in @param names for function 'transfer'. Expected: [recipient, amount], Found: [] [Warning/use-natspec]
/sb/0x000387483308752ee8a478d1939002aa6da18461.sol:105:5: Missing @return tag in function 'transfer' [Warning/use-natspec]
/sb/0x000387483308752ee8a478d1939002aa6da18461.sol:105:5: Mismatch in @return count for function 'transfer'. Expected: 1, Found: 0 [Warning/use-natspec]
/sb/0x000387483308752ee8a478d1939002aa6da18461.sol:123:5: Missing @notice tag in function 'allowance' [Warning/use-natspec]
/sb/0x000387483308752ee8a478d1939002aa6da18461.sol:123:5: Missing @param tag in function 'allowance' [Warning/use-natspec]
/sb/0x000387483308752ee8a478d1939002aa6da18461.sol:123:5: Mismatch in @param names for function 'allowance'. Expected: [owner, spender], Found: [] [Warning/use-natspec]
/sb/0x000387483308752ee8a478d1939002aa6da18461.sol:123:5: Missing @return tag in function 'allowance' [Warning/use-natspec]
/sb/0x000387483308752ee8a478d1939002aa6da18461.sol:123:5: Mismatch in @return count for function 'allowance'. Expected: 1, Found: 0 [Warning/use-natspec]
/sb/0x000387483308752ee8a478d1939002aa6da18461.sol:155:5: Missing @notice tag in function 'approve' [Warning/use-natspec]
/sb/0x000387483308752ee8a478d1939002aa6da18461.sol:155:5: Missing @param tag in function 'approve' [Warning/use-natspec]
/sb/0x000387483308752ee8a478d1939002aa6da18461.sol:155:5: Mismatch in @param names for function 'approve'. Expected: [spender, amount], Found: [] [Warning/use-natspec]
/sb/0x000387483308752ee8a478d1939002aa6da18461.sol:155:5: Missing @return tag in function 'approve' [Warning/use-natspec]
/sb/0x000387483308752ee8a478d1939002aa6da18461.sol:155:5: Mismatch in @return count for function 'approve'. Expected: 1, Found: 0 [Warning/use-natspec]
/sb/0x000387483308752ee8a478d1939002aa6da18461.sol:177:5: Missing @notice tag in function 'transferFrom' [Warning/use-natspec]
/sb/0x000387483308752ee8a478d1939002aa6da18461.sol:177:5: Missing @param tag in function 'transferFrom' [Warning/use-natspec]
/sb/0x000387483308752ee8a478d1939002aa6da18461.sol:177:5: Mismatch in @param names for function 'transferFrom'. Expected: [sender, recipient, amount], Found: [] [Warning/use-natspec]
/sb/0x000387483308752ee8a478d1939002aa6da18461.sol:177:5: Missing @return tag in function 'transferFrom' [Warning/use-natspec]
/sb/0x000387483308752ee8a478d1939002aa6da18461.sol:177:5: Mismatch in @return count for function 'transferFrom'. Expected: 1, Found: 0 [Warning/use-natspec]
/sb/0x000387483308752ee8a478d1939002aa6da18461.sol:193:5: Missing @notice tag in event 'Transfer' [Warning/use-natspec]
/sb/0x000387483308752ee8a478d1939002aa6da18461.sol:193:5: Missing @param tag in event 'Transfer' [Warning/use-natspec]
/sb/0x000387483308752ee8a478d1939002aa6da18461.sol:193:5: Mismatch in @param names for event 'Transfer'. Expected: [from, to, value], Found: [] [Warning/use-natspec]
/sb/0x000387483308752ee8a478d1939002aa6da18461.sol:193:5: GC: [value] on Event [Transfer] could be Indexed [Warning/gas-indexed-events]
/sb/0x000387483308752ee8a478d1939002aa6da18461.sol:205:5: Missing @notice tag in event 'Approval' [Warning/use-natspec]
/sb/0x000387483308752ee8a478d1939002aa6da18461.sol:205:5: Missing @param tag in event 'Approval' [Warning/use-natspec]
/sb/0x000387483308752ee8a478d1939002aa6da18461.sol:205:5: Mismatch in @param names for event 'Approval'. Expected: [owner, spender, value], Found: [] [Warning/use-natspec]
/sb/0x000387483308752ee8a478d1939002aa6da18461.sol:205:5: GC: [value] on Event [Approval] could be Indexed [Warning/gas-indexed-events]
/sb/0x000387483308752ee8a478d1939002aa6da18461.sol:215:1: Compiler version ^0.6.0 does not satisfy the ^0.8.24 semver requirement [Error/compiler-version]
/sb/0x000387483308752ee8a478d1939002aa6da18461.sol:245:1: Missing @title tag in contract 'SafeMath' [Warning/use-natspec]
/sb/0x000387483308752ee8a478d1939002aa6da18461.sol:245:1: Missing @author tag in contract 'SafeMath' [Warning/use-natspec]
/sb/0x000387483308752ee8a478d1939002aa6da18461.sol:245:1: Missing @notice tag in contract 'SafeMath' [Warning/use-natspec]
/sb/0x000387483308752ee8a478d1939002aa6da18461.sol:265:5: Missing @notice tag in function 'add' [Warning/use-natspec]
/sb/0x000387483308752ee8a478d1939002aa6da18461.sol:265:5: Missing @param tag in function 'add' [Warning/use-natspec]
/sb/0x000387483308752ee8a478d1939002aa6da18461.sol:265:5: Mismatch in @param names for function 'add'. Expected: [a, b], Found: [] [Warning/use-natspec]
/sb/0x000387483308752ee8a478d1939002aa6da18461.sol:265:5: Missing @return tag in function 'add' [Warning/use-natspec]
/sb/0x000387483308752ee8a478d1939002aa6da18461.sol:265:5: Mismatch in @return count for function 'add'. Expected: 1, Found: 0 [Warning/use-natspec]
/sb/0x000387483308752ee8a478d1939002aa6da18461.sol:269:17: GC: Non strict inequality found. Try converting to a strict one [Warning/gas-strict-inequalities]
/sb/0x000387483308752ee8a478d1939002aa6da18461.sol:297:5: Missing @notice tag in function 'sub' [Warning/use-natspec]
/sb/0x000387483308752ee8a478d1939002aa6da18461.sol:297:5: Missing @param tag in function 'sub' [Warning/use-natspec]
/sb/0x000387483308752ee8a478d1939002aa6da18461.sol:297:5: Mismatch in @param names for function 'sub'. Expected: [a, b], Found: [] [Warning/use-natspec]
/sb/0x000387483308752ee8a478d1939002aa6da18461.sol:297:5: Missing @return tag in function 'sub' [Warning/use-natspec]
/sb/0x000387483308752ee8a478d1939002aa6da18461.sol:297:5: Mismatch in @return count for function 'sub'. Expected: 1, Found: 0 [Warning/use-natspec]
/sb/0x000387483308752ee8a478d1939002aa6da18461.sol:323:5: Missing @notice tag in function 'sub' [Warning/use-natspec]
/sb/0x000387483308752ee8a478d1939002aa6da18461.sol:323:5: Missing @param tag in function 'sub' [Warning/use-natspec]
/sb/0x000387483308752ee8a478d1939002aa6da18461.sol:323:5: Mismatch in @param names for function 'sub'. Expected: [a, b, errorMessage], Found: [] [Warning/use-natspec]
/sb/0x000387483308752ee8a478d1939002aa6da18461.sol:323:5: Missing @return tag in function 'sub' [Warning/use-natspec]
/sb/0x000387483308752ee8a478d1939002aa6da18461.sol:323:5: Mismatch in @return count for function 'sub'. Expected: 1, Found: 0 [Warning/use-natspec]
/sb/0x000387483308752ee8a478d1939002aa6da18461.sol:325:17: GC: Non strict inequality found. Try converting to a strict one [Warning/gas-strict-inequalities]
/sb/0x000387483308752ee8a478d1939002aa6da18461.sol:355:5: Missing @notice tag in function 'mul' [Warning/use-natspec]
/sb/0x000387483308752ee8a478d1939002aa6da18461.sol:355:5: Missing @param tag in function 'mul' [Warning/use-natspec]
/sb/0x000387483308752ee8a478d1939002aa6da18461.sol:355:5: Mismatch in @param names for function 'mul'. Expected: [a, b], Found: [] [Warning/use-natspec]
/sb/0x000387483308752ee8a478d1939002aa6da18461.sol:355:5: Missing @return tag in function 'mul' [Warning/use-natspec]
/sb/0x000387483308752ee8a478d1939002aa6da18461.sol:355:5: Mismatch in @return count for function 'mul'. Expected: 1, Found: 0 [Warning/use-natspec]
/sb/0x000387483308752ee8a478d1939002aa6da18461.sol:373:9: Error message for require is too long: 33 counted / 32 allowed [Warning/reason-string]
/sb/0x000387483308752ee8a478d1939002aa6da18461.sol:373:9: GC: String exceeds 32 bytes [Warning/gas-small-strings]
/sb/0x000387483308752ee8a478d1939002aa6da18461.sol:405:5: Missing @notice tag in function 'div' [Warning/use-natspec]
/sb/0x000387483308752ee8a478d1939002aa6da18461.sol:405:5: Missing @param tag in function 'div' [Warning/use-natspec]
/sb/0x000387483308752ee8a478d1939002aa6da18461.sol:405:5: Mismatch in @param names for function 'div'. Expected: [a, b], Found: [] [Warning/use-natspec]
/sb/0x000387483308752ee8a478d1939002aa6da18461.sol:405:5: Missing @return tag in function 'div' [Warning/use-natspec]
/sb/0x000387483308752ee8a478d1939002aa6da18461.sol:405:5: Mismatch in @return count for function 'div'. Expected: 1, Found: 0 [Warning/use-natspec]
/sb/0x000387483308752ee8a478d1939002aa6da18461.sol:435:5: Missing @notice tag in function 'div' [Warning/use-natspec]
/sb/0x000387483308752ee8a478d1939002aa6da18461.sol:435:5: Missing @param tag in function 'div' [Warning/use-natspec]
/sb/0x000387483308752ee8a478d1939002aa6da18461.sol:435:5: Mismatch in @param names for function 'div'. Expected: [a, b, errorMessage], Found: [] [Warning/use-natspec]
/sb/0x000387483308752ee8a478d1939002aa6da18461.sol:435:5: Missing @return tag in function 'div' [Warning/use-natspec]
/sb/0x000387483308752ee8a478d1939002aa6da18461.sol:435:5: Mismatch in @return count for function 'div'. Expected: 1, Found: 0 [Warning/use-natspec]
/sb/0x000387483308752ee8a478d1939002aa6da18461.sol:475:5: Missing @notice tag in function 'mod' [Warning/use-natspec]
/sb/0x000387483308752ee8a478d1939002aa6da18461.sol:475:5: Missing @param tag in function 'mod' [Warning/use-natspec]
/sb/0x000387483308752ee8a478d1939002aa6da18461.sol:475:5: Mismatch in @param names for function 'mod'. Expected: [a, b], Found: [] [Warning/use-natspec]
/sb/0x000387483308752ee8a478d1939002aa6da18461.sol:475:5: Missing @return tag in function 'mod' [Warning/use-natspec]
/sb/0x000387483308752ee8a478d1939002aa6da18461.sol:475:5: Mismatch in @return count for function 'mod'. Expected: 1, Found: 0 [Warning/use-natspec]
/sb/0x000387483308752ee8a478d1939002aa6da18461.sol:505:5: Missing @notice tag in function 'mod' [Warning/use-natspec]
/sb/0x000387483308752ee8a478d1939002aa6da18461.sol:505:5: Missing @param tag in function 'mod' [Warning/use-natspec]
/sb/0x000387483308752ee8a478d1939002aa6da18461.sol:505:5: Mismatch in @param names for function 'mod'. Expected: [a, b, errorMessage], Found: [] [Warning/use-natspec]
/sb/0x000387483308752ee8a478d1939002aa6da18461.sol:505:5: Missing @return tag in function 'mod' [Warning/use-natspec]
/sb/0x000387483308752ee8a478d1939002aa6da18461.sol:505:5: Mismatch in @return count for function 'mod'. Expected: 1, Found: 0 [Warning/use-natspec]
/sb/0x000387483308752ee8a478d1939002aa6da18461.sol:521:1: Compiler version ^0.6.2 does not satisfy the ^0.8.24 semver requirement [Error/compiler-version]
/sb/0x000387483308752ee8a478d1939002aa6da18461.sol:531:1: Missing @title tag in contract 'Address' [Warning/use-natspec]
/sb/0x000387483308752ee8a478d1939002aa6da18461.sol:531:1: Missing @author tag in contract 'Address' [Warning/use-natspec]
/sb/0x000387483308752ee8a478d1939002aa6da18461.sol:531:1: Missing @notice tag in contract 'Address' [Warning/use-natspec]
/sb/0x000387483308752ee8a478d1939002aa6da18461.sol:567:5: Missing @notice tag in function 'isContract' [Warning/use-natspec]
/sb/0x000387483308752ee8a478d1939002aa6da18461.sol:567:5: Missing @param tag in function 'isContract' [Warning/use-natspec]
/sb/0x000387483308752ee8a478d1939002aa6da18461.sol:567:5: Mismatch in @param names for function 'isContract'. Expected: [account], Found: [] [Warning/use-natspec]
/sb/0x000387483308752ee8a478d1939002aa6da18461.sol:567:5: Missing @return tag in function 'isContract' [Warning/use-natspec]
/sb/0x000387483308752ee8a478d1939002aa6da18461.sol:567:5: Mismatch in @return count for function 'isContract'. Expected: 1, Found: 0 [Warning/use-natspec]
/sb/0x000387483308752ee8a478d1939002aa6da18461.sol:581:9: Avoid to use inline assembly. It is acceptable only in rare cases [Warning/no-inline-assembly]
/sb/0x000387483308752ee8a478d1939002aa6da18461.sol:621:5: Missing @notice tag in function 'sendValue' [Warning/use-natspec]
/sb/0x000387483308752ee8a478d1939002aa6da18461.sol:621:5: Missing @param tag in function 'sendValue' [Warning/use-natspec]
/sb/0x000387483308752ee8a478d1939002aa6da18461.sol:621:5: Mismatch in @param names for function 'sendValue'. Expected: [recipient, amount], Found: [] [Warning/use-natspec]
/sb/0x000387483308752ee8a478d1939002aa6da18461.sol:623:17: GC: Non strict inequality found. Try converting to a strict one [Warning/gas-strict-inequalities]
/sb/0x000387483308752ee8a478d1939002aa6da18461.sol:631:9: Error message for require is too long: 58 counted / 32 allowed [Warning/reason-string]
/sb/0x000387483308752ee8a478d1939002aa6da18461.sol:631:9: GC: String exceeds 32 bytes [Warning/gas-small-strings]
/sb/0x000387483308752ee8a478d1939002aa6da18461.sol:643:1: Compiler version ^0.6.0 does not satisfy the ^0.8.24 semver requirement [Error/compiler-version]
/sb/0x000387483308752ee8a478d1939002aa6da18461.sol:703:1: Missing @title tag in contract 'ERC20' [Warning/use-natspec]
/sb/0x000387483308752ee8a478d1939002aa6da18461.sol:703:1: Missing @author tag in contract 'ERC20' [Warning/use-natspec]
/sb/0x000387483308752ee8a478d1939002aa6da18461.sol:703:1: Missing @notice tag in contract 'ERC20' [Warning/use-natspec]
/sb/0x000387483308752ee8a478d1939002aa6da18461.sol:749:5: Missing @notice tag in function '<anonymous>' [Warning/use-natspec]
/sb/0x000387483308752ee8a478d1939002aa6da18461.sol:749:5: Missing @param tag in function '<anonymous>' [Warning/use-natspec]
/sb/0x000387483308752ee8a478d1939002aa6da18461.sol:749:5: Mismatch in @param names for function '<anonymous>'. Expected: [name, symbol], Found: [] [Warning/use-natspec]
/sb/0x000387483308752ee8a478d1939002aa6da18461.sol:767:5: Missing @notice tag in function 'name' [Warning/use-natspec]
/sb/0x000387483308752ee8a478d1939002aa6da18461.sol:767:5: Missing @return tag in function 'name' [Warning/use-natspec]
/sb/0x000387483308752ee8a478d1939002aa6da18461.sol:767:5: Mismatch in @return count for function 'name'. Expected: 1, Found: 0 [Warning/use-natspec]
/sb/0x000387483308752ee8a478d1939002aa6da18461.sol:783:5: Missing @notice tag in function 'symbol' [Warning/use-natspec]
/sb/0x000387483308752ee8a478d1939002aa6da18461.sol:783:5: Missing @return tag in function 'symbol' [Warning/use-natspec]
/sb/0x000387483308752ee8a478d1939002aa6da18461.sol:783:5: Mismatch in @return count for function 'symbol'. Expected: 1, Found: 0 [Warning/use-natspec]
/sb/0x000387483308752ee8a478d1939002aa6da18461.sol:817:5: Missing @notice tag in function 'decimals' [Warning/use-natspec]
/sb/0x000387483308752ee8a478d1939002aa6da18461.sol:817:5: Missing @return tag in function 'decimals' [Warning/use-natspec]
/sb/0x000387483308752ee8a478d1939002aa6da18461.sol:817:5: Mismatch in @return count for function 'decimals'. Expected: 1, Found: 0 [Warning/use-natspec]
/sb/0x000387483308752ee8a478d1939002aa6da18461.sol:831:5: Missing @notice tag in function 'totalSupply' [Warning/use-natspec]
/sb/0x000387483308752ee8a478d1939002aa6da18461.sol:831:5: Missing @return tag in function 'totalSupply' [Warning/use-natspec]
/sb/0x000387483308752ee8a478d1939002aa6da18461.sol:831:5: Mismatch in @return count for function 'totalSupply'. Expected: 1, Found: 0 [Warning/use-natspec]
/sb/0x000387483308752ee8a478d1939002aa6da18461.sol:845:5: Missing @notice tag in function 'balanceOf' [Warning/use-natspec]
/sb/0x000387483308752ee8a478d1939002aa6da18461.sol:845:5: Missing @param tag in function 'balanceOf' [Warning/use-natspec]
/sb/0x000387483308752ee8a478d1939002aa6da18461.sol:845:5: Mismatch in @param names for function 'balanceOf'. Expected: [account], Found: [] [Warning/use-natspec]
/sb/0x000387483308752ee8a478d1939002aa6da18461.sol:845:5: Missing @return tag in function 'balanceOf' [Warning/use-natspec]
/sb/0x000387483308752ee8a478d1939002aa6da18461.sol:845:5: Mismatch in @return count for function 'balanceOf'. Expected: 1, Found: 0 [Warning/use-natspec]
/sb/0x000387483308752ee8a478d1939002aa6da18461.sol:869:5: Missing @notice tag in function 'transfer' [Warning/use-natspec]
/sb/0x000387483308752ee8a478d1939002aa6da18461.sol:869:5: Missing @param tag in function 'transfer' [Warning/use-natspec]
/sb/0x000387483308752ee8a478d1939002aa6da18461.sol:869:5: Mismatch in @param names for function 'transfer'. Expected: [recipient, amount], Found: [] [Warning/use-natspec]
/sb/0x000387483308752ee8a478d1939002aa6da18461.sol:869:5: Missing @return tag in function 'transfer' [Warning/use-natspec]
/sb/0x000387483308752ee8a478d1939002aa6da18461.sol:869:5: Mismatch in @return count for function 'transfer'. Expected: 1, Found: 0 [Warning/use-natspec]
/sb/0x000387483308752ee8a478d1939002aa6da18461.sol:885:5: Missing @notice tag in function 'allowance' [Warning/use-natspec]
/sb/0x000387483308752ee8a478d1939002aa6da18461.sol:885:5: Missing @param tag in function 'allowance' [Warning/use-natspec]
/sb/0x000387483308752ee8a478d1939002aa6da18461.sol:885:5: Mismatch in @param names for function 'allowance'. Expected: [owner, spender], Found: [] [Warning/use-natspec]
/sb/0x000387483308752ee8a478d1939002aa6da18461.sol:885:5: Missing @return tag in function 'allowance' [Warning/use-natspec]
/sb/0x000387483308752ee8a478d1939002aa6da18461.sol:885:5: Mismatch in @return count for function 'allowance'. Expected: 1, Found: 0 [Warning/use-natspec]
/sb/0x000387483308752ee8a478d1939002aa6da18461.sol:907:5: Missing @notice tag in function 'approve' [Warning/use-natspec]
/sb/0x000387483308752ee8a478d1939002aa6da18461.sol:907:5: Missing @param tag in function 'approve' [Warning/use-natspec]
/sb/0x000387483308752ee8a478d1939002aa6da18461.sol:907:5: Mismatch in @param names for function 'approve'. Expected: [spender, amount], Found: [] [Warning/use-natspec]
/sb/0x000387483308752ee8a478d1939002aa6da18461.sol:907:5: Missing @return tag in function 'approve' [Warning/use-natspec]
/sb/0x000387483308752ee8a478d1939002aa6da18461.sol:907:5: Mismatch in @return count for function 'approve'. Expected: 1, Found: 0 [Warning/use-natspec]
/sb/0x000387483308752ee8a478d1939002aa6da18461.sol:941:5: Missing @notice tag in function 'transferFrom' [Warning/use-natspec]
/sb/0x000387483308752ee8a478d1939002aa6da18461.sol:941:5: Missing @param tag in function 'transferFrom' [Warning/use-natspec]
/sb/0x000387483308752ee8a478d1939002aa6da18461.sol:941:5: Mismatch in @param names for function 'transferFrom'. Expected: [sender, recipient, amount], Found: [] [Warning/use-natspec]
/sb/0x000387483308752ee8a478d1939002aa6da18461.sol:941:5: Missing @return tag in function 'transferFrom' [Warning/use-natspec]
/sb/0x000387483308752ee8a478d1939002aa6da18461.sol:941:5: Mismatch in @return count for function 'transferFrom'. Expected: 1, Found: 0 [Warning/use-natspec]
/sb/0x000387483308752ee8a478d1939002aa6da18461.sol:945:40: GC: String exceeds 32 bytes [Warning/gas-small-strings]
/sb/0x000387483308752ee8a478d1939002aa6da18461.sol:977:5: Missing @notice tag in function 'increaseAllowance' [Warning/use-natspec]
/sb/0x000387483308752ee8a478d1939002aa6da18461.sol:977:5: Missing @param tag in function 'increaseAllowance' [Warning/use-natspec]
/sb/0x000387483308752ee8a478d1939002aa6da18461.sol:977:5: Mismatch in @param names for function 'increaseAllowance'. Expected: [spender, addedValue], Found: [] [Warning/use-natspec]
/sb/0x000387483308752ee8a478d1939002aa6da18461.sol:977:5: Missing @return tag in function 'increaseAllowance' [Warning/use-natspec]
/sb/0x000387483308752ee8a478d1939002aa6da18461.sol:977:5: Mismatch in @return count for function 'increaseAllowance'. Expected: 1, Found: 0 [Warning/use-natspec]
/sb/0x000387483308752ee8a478d1939002aa6da18461.sol:1015:5: Missing @notice tag in function 'decreaseAllowance' [Warning/use-natspec]
/sb/0x000387483308752ee8a478d1939002aa6da18461.sol:1015:5: Missing @param tag in function 'decreaseAllowance' [Warning/use-natspec]
/sb/0x000387483308752ee8a478d1939002aa6da18461.sol:1015:5: Mismatch in @param names for function 'decreaseAllowance'. Expected: [spender, subtractedValue], Found: [] [Warning/use-natspec]
/sb/0x000387483308752ee8a478d1939002aa6da18461.sol:1015:5: Missing @return tag in function 'decreaseAllowance' [Warning/use-natspec]
/sb/0x000387483308752ee8a478d1939002aa6da18461.sol:1015:5: Mismatch in @return count for function 'decreaseAllowance'. Expected: 1, Found: 0 [Warning/use-natspec]
/sb/0x000387483308752ee8a478d1939002aa6da18461.sol:1017:41: GC: String exceeds 32 bytes [Warning/gas-small-strings]
/sb/0x000387483308752ee8a478d1939002aa6da18461.sol:1053:5: Missing @notice tag in function '_transfer' [Warning/use-natspec]
/sb/0x000387483308752ee8a478d1939002aa6da18461.sol:1053:5: Missing @param tag in function '_transfer' [Warning/use-natspec]
/sb/0x000387483308752ee8a478d1939002aa6da18461.sol:1053:5: Mismatch in @param names for function '_transfer'. Expected: [sender, recipient, amount], Found: [] [Warning/use-natspec]
/sb/0x000387483308752ee8a478d1939002aa6da18461.sol:1055:9: Error message for require is too long: 37 counted / 32 allowed [Warning/reason-string]
/sb/0x000387483308752ee8a478d1939002aa6da18461.sol:1055:9: GC: String exceeds 32 bytes [Warning/gas-small-strings]
/sb/0x000387483308752ee8a478d1939002aa6da18461.sol:1057:9: Error message for require is too long: 35 counted / 32 allowed [Warning/reason-string]
/sb/0x000387483308752ee8a478d1939002aa6da18461.sol:1057:9: GC: String exceeds 32 bytes [Warning/gas-small-strings]
/sb/0x000387483308752ee8a478d1939002aa6da18461.sol:1065:29: GC: String exceeds 32 bytes [Warning/gas-small-strings]
/sb/0x000387483308752ee8a478d1939002aa6da18461.sol:1093:5: Missing @notice tag in function '_mint' [Warning/use-natspec]
/sb/0x000387483308752ee8a478d1939002aa6da18461.sol:1093:5: Missing @param tag in function '_mint' [Warning/use-natspec]
/sb/0x000387483308752ee8a478d1939002aa6da18461.sol:1093:5: Mismatch in @param names for function '_mint'. Expected: [account, amount], Found: [] [Warning/use-natspec]
/sb/0x000387483308752ee8a478d1939002aa6da18461.sol:1135:5: Missing @notice tag in function '_burn' [Warning/use-natspec]
/sb/0x000387483308752ee8a478d1939002aa6da18461.sol:1135:5: Missing @param tag in function '_burn' [Warning/use-natspec]
/sb/0x000387483308752ee8a478d1939002aa6da18461.sol:1135:5: Mismatch in @param names for function '_burn'. Expected: [account, amount], Found: [] [Warning/use-natspec]
/sb/0x000387483308752ee8a478d1939002aa6da18461.sol:1137:9: Error message for require is too long: 33 counted / 32 allowed [Warning/reason-string]
/sb/0x000387483308752ee8a478d1939002aa6da18461.sol:1137:9: GC: String exceeds 32 bytes [Warning/gas-small-strings]
/sb/0x000387483308752ee8a478d1939002aa6da18461.sol:1145:30: GC: String exceeds 32 bytes [Warning/gas-small-strings]
/sb/0x000387483308752ee8a478d1939002aa6da18461.sol:1181:5: Missing @notice tag in function '_approve' [Warning/use-natspec]
/sb/0x000387483308752ee8a478d1939002aa6da18461.sol:1181:5: Missing @param tag in function '_approve' [Warning/use-natspec]
/sb/0x000387483308752ee8a478d1939002aa6da18461.sol:1181:5: Mismatch in @param names for function '_approve'. Expected: [owner, spender, amount], Found: [] [Warning/use-natspec]
/sb/0x000387483308752ee8a478d1939002aa6da18461.sol:1183:9: Error message for require is too long: 36 counted / 32 allowed [Warning/reason-string]
/sb/0x000387483308752ee8a478d1939002aa6da18461.sol:1183:9: GC: String exceeds 32 bytes [Warning/gas-small-strings]
/sb/0x000387483308752ee8a478d1939002aa6da18461.sol:1185:9: Error message for require is too long: 34 counted / 32 allowed [Warning/reason-string]
/sb/0x000387483308752ee8a478d1939002aa6da18461.sol:1185:9: GC: String exceeds 32 bytes [Warning/gas-small-strings]
/sb/0x000387483308752ee8a478d1939002aa6da18461.sol:1211:5: Missing @notice tag in function '_setupDecimals' [Warning/use-natspec]
/sb/0x000387483308752ee8a478d1939002aa6da18461.sol:1211:5: Missing @param tag in function '_setupDecimals' [Warning/use-natspec]
/sb/0x000387483308752ee8a478d1939002aa6da18461.sol:1211:5: Mismatch in @param names for function '_setupDecimals'. Expected: [decimals_], Found: [] [Warning/use-natspec]
/sb/0x000387483308752ee8a478d1939002aa6da18461.sol:1247:5: Missing @notice tag in function '_beforeTokenTransfer' [Warning/use-natspec]
/sb/0x000387483308752ee8a478d1939002aa6da18461.sol:1247:5: Missing @param tag in function '_beforeTokenTransfer' [Warning/use-natspec]
/sb/0x000387483308752ee8a478d1939002aa6da18461.sol:1247:5: Mismatch in @param names for function '_beforeTokenTransfer'. Expected: [from, to, amount], Found: [] [Warning/use-natspec]
/sb/0x000387483308752ee8a478d1939002aa6da18461.sol:1247:94: Code contains empty blocks [Warning/no-empty-blocks]
/sb/0x000387483308752ee8a478d1939002aa6da18461.sol:1257:1: Compiler version ^0.6.0 does not satisfy the ^0.8.24 semver requirement [Error/compiler-version]
/sb/0x000387483308752ee8a478d1939002aa6da18461.sol:1269:1: Missing @title tag in contract 'ERC20Capped' [Warning/use-natspec]
/sb/0x000387483308752ee8a478d1939002aa6da18461.sol:1269:1: Missing @author tag in contract 'ERC20Capped' [Warning/use-natspec]
/sb/0x000387483308752ee8a478d1939002aa6da18461.sol:1269:1: Missing @notice tag in contract 'ERC20Capped' [Warning/use-natspec]
/sb/0x000387483308752ee8a478d1939002aa6da18461.sol:1283:5: Missing @notice tag in function '<anonymous>' [Warning/use-natspec]
/sb/0x000387483308752ee8a478d1939002aa6da18461.sol:1283:5: Missing @param tag in function '<anonymous>' [Warning/use-natspec]
/sb/0x000387483308752ee8a478d1939002aa6da18461.sol:1283:5: Mismatch in @param names for function '<anonymous>'. Expected: [cap], Found: [] [Warning/use-natspec]
/sb/0x000387483308752ee8a478d1939002aa6da18461.sol:1299:5: Missing @notice tag in function 'cap' [Warning/use-natspec]
/sb/0x000387483308752ee8a478d1939002aa6da18461.sol:1299:5: Missing @return tag in function 'cap' [Warning/use-natspec]
/sb/0x000387483308752ee8a478d1939002aa6da18461.sol:1299:5: Mismatch in @return count for function 'cap'. Expected: 1, Found: 0 [Warning/use-natspec]
/sb/0x000387483308752ee8a478d1939002aa6da18461.sol:1321:5: Missing @notice tag in function '_beforeTokenTransfer' [Warning/use-natspec]
/sb/0x000387483308752ee8a478d1939002aa6da18461.sol:1321:5: Missing @param tag in function '_beforeTokenTransfer' [Warning/use-natspec]
/sb/0x000387483308752ee8a478d1939002aa6da18461.sol:1321:5: Mismatch in @param names for function '_beforeTokenTransfer'. Expected: [from, to, amount], Found: [] [Warning/use-natspec]
/sb/0x000387483308752ee8a478d1939002aa6da18461.sol:1329:21: GC: Non strict inequality found. Try converting to a strict one [Warning/gas-strict-inequalities]
/sb/0x000387483308752ee8a478d1939002aa6da18461.sol:1343:1: Compiler version ^0.6.0 does not satisfy the ^0.8.24 semver requirement [Error/compiler-version]
/sb/0x000387483308752ee8a478d1939002aa6da18461.sol:1361:1: Missing @title tag in contract 'ERC20Burnable' [Warning/use-natspec]
/sb/0x000387483308752ee8a478d1939002aa6da18461.sol:1361:1: Missing @author tag in contract 'ERC20Burnable' [Warning/use-natspec]
/sb/0x000387483308752ee8a478d1939002aa6da18461.sol:1361:1: Missing @notice tag in contract 'ERC20Burnable' [Warning/use-natspec]
/sb/0x000387483308752ee8a478d1939002aa6da18461.sol:1373:5: Missing @notice tag in function 'burn' [Warning/use-natspec]
/sb/0x000387483308752ee8a478d1939002aa6da18461.sol:1373:5: Missing @param tag in function 'burn' [Warning/use-natspec]
/sb/0x000387483308752ee8a478d1939002aa6da18461.sol:1373:5: Mismatch in @param names for function 'burn'. Expected: [amount], Found: [] [Warning/use-natspec]
/sb/0x000387483308752ee8a478d1939002aa6da18461.sol:1403:5: Missing @notice tag in function 'burnFrom' [Warning/use-natspec]
/sb/0x000387483308752ee8a478d1939002aa6da18461.sol:1403:5: Missing @param tag in function 'burnFrom' [Warning/use-natspec]
/sb/0x000387483308752ee8a478d1939002aa6da18461.sol:1403:5: Mismatch in @param names for function 'burnFrom'. Expected: [account, amount], Found: [] [Warning/use-natspec]
/sb/0x000387483308752ee8a478d1939002aa6da18461.sol:1405:38: GC: String exceeds 32 bytes [Warning/gas-small-strings]
/sb/0x000387483308752ee8a478d1939002aa6da18461.sol:1423:1: Compiler version ^0.6.0 does not satisfy the ^0.8.24 semver requirement [Error/compiler-version]
/sb/0x000387483308752ee8a478d1939002aa6da18461.sol:1445:1: Missing @title tag in contract 'IERC165' [Warning/use-natspec]
/sb/0x000387483308752ee8a478d1939002aa6da18461.sol:1445:1: Missing @author tag in contract 'IERC165' [Warning/use-natspec]
/sb/0x000387483308752ee8a478d1939002aa6da18461.sol:1445:1: Missing @notice tag in contract 'IERC165' [Warning/use-natspec]
/sb/0x000387483308752ee8a478d1939002aa6da18461.sol:1463:5: Missing @notice tag in function 'supportsInterface' [Warning/use-natspec]
/sb/0x000387483308752ee8a478d1939002aa6da18461.sol:1463:5: Missing @param tag in function 'supportsInterface' [Warning/use-natspec]
/sb/0x000387483308752ee8a478d1939002aa6da18461.sol:1463:5: Mismatch in @param names for function 'supportsInterface'. Expected: [interfaceId], Found: [] [Warning/use-natspec]
/sb/0x000387483308752ee8a478d1939002aa6da18461.sol:1463:5: Missing @return tag in function 'supportsInterface' [Warning/use-natspec]
/sb/0x000387483308752ee8a478d1939002aa6da18461.sol:1463:5: Mismatch in @return count for function 'supportsInterface'. Expected: 1, Found: 0 [Warning/use-natspec]
/sb/0x000387483308752ee8a478d1939002aa6da18461.sol:1473:1: Compiler version ^0.6.0 does not satisfy the ^0.8.24 semver requirement [Error/compiler-version]
/sb/0x000387483308752ee8a478d1939002aa6da18461.sol:1493:1: Missing @notice tag in contract 'IERC1363' [Warning/use-natspec]
/sb/0x000387483308752ee8a478d1939002aa6da18461.sol:1619:5: Missing @return tag in function 'approveAndCall' [Warning/use-natspec]
/sb/0x000387483308752ee8a478d1939002aa6da18461.sol:1619:5: Mismatch in @return count for function 'approveAndCall'. Expected: 1, Found: 0 [Warning/use-natspec]
/sb/0x000387483308752ee8a478d1939002aa6da18461.sol:1645:5: Missing @return tag in function 'approveAndCall' [Warning/use-natspec]
/sb/0x000387483308752ee8a478d1939002aa6da18461.sol:1645:5: Mismatch in @return count for function 'approveAndCall'. Expected: 1, Found: 0 [Warning/use-natspec]
/sb/0x000387483308752ee8a478d1939002aa6da18461.sol:1655:1: Compiler version ^0.6.0 does not satisfy the ^0.8.24 semver requirement [Error/compiler-version]
/sb/0x000387483308752ee8a478d1939002aa6da18461.sol:1673:1: Missing @notice tag in contract 'IERC1363Receiver' [Warning/use-natspec]
/sb/0x000387483308752ee8a478d1939002aa6da18461.sol:1713:5: Mismatch in @return count for function 'onTransferReceived'. Expected: 1, Found: 0 [Warning/use-natspec]
/sb/0x000387483308752ee8a478d1939002aa6da18461.sol:1723:1: Compiler version ^0.6.0 does not satisfy the ^0.8.24 semver requirement [Error/compiler-version]
/sb/0x000387483308752ee8a478d1939002aa6da18461.sol:1741:1: Missing @notice tag in contract 'IERC1363Spender' [Warning/use-natspec]
/sb/0x000387483308752ee8a478d1939002aa6da18461.sol:1779:5: Mismatch in @return count for function 'onApprovalReceived'. Expected: 1, Found: 0 [Warning/use-natspec]
/sb/0x000387483308752ee8a478d1939002aa6da18461.sol:1789:1: Compiler version ^0.6.2 does not satisfy the ^0.8.24 semver requirement [Error/compiler-version]
/sb/0x000387483308752ee8a478d1939002aa6da18461.sol:1807:1: Missing @title tag in contract 'ERC165Checker' [Warning/use-natspec]
/sb/0x000387483308752ee8a478d1939002aa6da18461.sol:1807:1: Missing @author tag in contract 'ERC165Checker' [Warning/use-natspec]
/sb/0x000387483308752ee8a478d1939002aa6da18461.sol:1807:1: Missing @notice tag in contract 'ERC165Checker' [Warning/use-natspec]
/sb/0x000387483308752ee8a478d1939002aa6da18461.sol:1831:5: Missing @notice tag in function 'supportsERC165' [Warning/use-natspec]
/sb/0x000387483308752ee8a478d1939002aa6da18461.sol:1831:5: Missing @param tag in function 'supportsERC165' [Warning/use-natspec]
/sb/0x000387483308752ee8a478d1939002aa6da18461.sol:1831:5: Mismatch in @param names for function 'supportsERC165'. Expected: [account], Found: [] [Warning/use-natspec]
/sb/0x000387483308752ee8a478d1939002aa6da18461.sol:1831:5: Missing @return tag in function 'supportsERC165' [Warning/use-natspec]
/sb/0x000387483308752ee8a478d1939002aa6da18461.sol:1831:5: Mismatch in @return count for function 'supportsERC165'. Expected: 1, Found: 0 [Warning/use-natspec]
/sb/0x000387483308752ee8a478d1939002aa6da18461.sol:1857:5: Missing @notice tag in function 'supportsInterface' [Warning/use-natspec]
/sb/0x000387483308752ee8a478d1939002aa6da18461.sol:1857:5: Missing @param tag in function 'supportsInterface' [Warning/use-natspec]
/sb/0x000387483308752ee8a478d1939002aa6da18461.sol:1857:5: Mismatch in @param names for function 'supportsInterface'. Expected: [account, interfaceId], Found: [] [Warning/use-natspec]
/sb/0x000387483308752ee8a478d1939002aa6da18461.sol:1857:5: Missing @return tag in function 'supportsInterface' [Warning/use-natspec]
/sb/0x000387483308752ee8a478d1939002aa6da18461.sol:1857:5: Mismatch in @return count for function 'supportsInterface'. Expected: 1, Found: 0 [Warning/use-natspec]
/sb/0x000387483308752ee8a478d1939002aa6da18461.sol:1887:5: Missing @notice tag in function 'supportsAllInterfaces' [Warning/use-natspec]
/sb/0x000387483308752ee8a478d1939002aa6da18461.sol:1887:5: Missing @param tag in function 'supportsAllInterfaces' [Warning/use-natspec]
/sb/0x000387483308752ee8a478d1939002aa6da18461.sol:1887:5: Mismatch in @param names for function 'supportsAllInterfaces'. Expected: [account, interfaceIds], Found: [] [Warning/use-natspec]
/sb/0x000387483308752ee8a478d1939002aa6da18461.sol:1887:5: Missing @return tag in function 'supportsAllInterfaces' [Warning/use-natspec]
/sb/0x000387483308752ee8a478d1939002aa6da18461.sol:1887:5: Mismatch in @return count for function 'supportsAllInterfaces'. Expected: 1, Found: 0 [Warning/use-natspec]
/sb/0x000387483308752ee8a478d1939002aa6da18461.sol:1901:54: GC: For [ i ] variable, increment/decrement by 1 using: [ ++variable ] to save gas [Warning/gas-increment-by-one]
/sb/0x000387483308752ee8a478d1939002aa6da18461.sol:2003:1: Compiler version ^0.6.0 does not satisfy the ^0.8.24 semver requirement [Error/compiler-version]
/sb/0x000387483308752ee8a478d1939002aa6da18461.sol:2021:1: Missing @title tag in contract 'ERC165' [Warning/use-natspec]
/sb/0x000387483308752ee8a478d1939002aa6da18461.sol:2021:1: Missing @author tag in contract 'ERC165' [Warning/use-natspec]
/sb/0x000387483308752ee8a478d1939002aa6da18461.sol:2021:1: Missing @notice tag in contract 'ERC165' [Warning/use-natspec]
/sb/0x000387483308752ee8a478d1939002aa6da18461.sol:2043:5: Missing @notice tag in function '<anonymous>' [Warning/use-natspec]
/sb/0x000387483308752ee8a478d1939002aa6da18461.sol:2065:5: Missing @notice tag in function 'supportsInterface' [Warning/use-natspec]
/sb/0x000387483308752ee8a478d1939002aa6da18461.sol:2065:5: Missing @param tag in function 'supportsInterface' [Warning/use-natspec]
/sb/0x000387483308752ee8a478d1939002aa6da18461.sol:2065:5: Mismatch in @param names for function 'supportsInterface'. Expected: [interfaceId], Found: [] [Warning/use-natspec]
/sb/0x000387483308752ee8a478d1939002aa6da18461.sol:2065:5: Missing @return tag in function 'supportsInterface' [Warning/use-natspec]
/sb/0x000387483308752ee8a478d1939002aa6da18461.sol:2065:5: Mismatch in @return count for function 'supportsInterface'. Expected: 1, Found: 0 [Warning/use-natspec]
/sb/0x000387483308752ee8a478d1939002aa6da18461.sol:2095:5: Missing @notice tag in function '_registerInterface' [Warning/use-natspec]
/sb/0x000387483308752ee8a478d1939002aa6da18461.sol:2095:5: Missing @param tag in function '_registerInterface' [Warning/use-natspec]
/sb/0x000387483308752ee8a478d1939002aa6da18461.sol:2095:5: Mismatch in @param names for function '_registerInterface'. Expected: [interfaceId], Found: [] [Warning/use-natspec]
/sb/0x000387483308752ee8a478d1939002aa6da18461.sol:2111:1: Compiler version ^0.6.0 does not satisfy the ^0.8.24 semver requirement [Error/compiler-version]
/sb/0x000387483308752ee8a478d1939002aa6da18461.sol:2139:1: Missing @notice tag in contract 'ERC1363' [Warning/use-natspec]
/sb/0x000387483308752ee8a478d1939002aa6da18461.sol:2205:5: Missing @notice tag in function '<anonymous>' [Warning/use-natspec]
/sb/0x000387483308752ee8a478d1939002aa6da18461.sol:2235:5: Missing @notice tag in function 'transferAndCall' [Warning/use-natspec]
/sb/0x000387483308752ee8a478d1939002aa6da18461.sol:2257:5: Missing @notice tag in function 'transferAndCall' [Warning/use-natspec]
/sb/0x000387483308752ee8a478d1939002aa6da18461.sol:2261:9: Error message for require is too long: 38 counted / 32 allowed [Warning/reason-string]
/sb/0x000387483308752ee8a478d1939002aa6da18461.sol:2261:9: GC: String exceeds 32 bytes [Warning/gas-small-strings]
/sb/0x000387483308752ee8a478d1939002aa6da18461.sol:2283:5: Missing @notice tag in function 'transferFromAndCall' [Warning/use-natspec]
/sb/0x000387483308752ee8a478d1939002aa6da18461.sol:2307:5: Missing @notice tag in function 'transferFromAndCall' [Warning/use-natspec]
/sb/0x000387483308752ee8a478d1939002aa6da18461.sol:2311:9: Error message for require is too long: 38 counted / 32 allowed [Warning/reason-string]
/sb/0x000387483308752ee8a478d1939002aa6da18461.sol:2311:9: GC: String exceeds 32 bytes [Warning/gas-small-strings]
/sb/0x000387483308752ee8a478d1939002aa6da18461.sol:2331:5: Missing @notice tag in function 'approveAndCall' [Warning/use-natspec]
/sb/0x000387483308752ee8a478d1939002aa6da18461.sol:2353:5: Missing @notice tag in function 'approveAndCall' [Warning/use-natspec]
/sb/0x000387483308752ee8a478d1939002aa6da18461.sol:2357:9: Error message for require is too long: 37 counted / 32 allowed [Warning/reason-string]
/sb/0x000387483308752ee8a478d1939002aa6da18461.sol:2357:9: GC: String exceeds 32 bytes [Warning/gas-small-strings]
/sb/0x000387483308752ee8a478d1939002aa6da18461.sol:2383:5: Missing @notice tag in function '_checkAndCallTransfer' [Warning/use-natspec]
/sb/0x000387483308752ee8a478d1939002aa6da18461.sol:2419:5: Missing @notice tag in function '_checkAndCallApprove' [Warning/use-natspec]
/sb/0x000387483308752ee8a478d1939002aa6da18461.sol:2445:1: Compiler version ^0.6.0 does not satisfy the ^0.8.24 semver requirement [Error/compiler-version]
/sb/0x000387483308752ee8a478d1939002aa6da18461.sol:2473:1: Missing @title tag in contract 'Ownable' [Warning/use-natspec]
/sb/0x000387483308752ee8a478d1939002aa6da18461.sol:2473:1: Missing @author tag in contract 'Ownable' [Warning/use-natspec]
/sb/0x000387483308752ee8a478d1939002aa6da18461.sol:2473:1: Missing @notice tag in contract 'Ownable' [Warning/use-natspec]
/sb/0x000387483308752ee8a478d1939002aa6da18461.sol:2479:5: Missing @notice tag in event 'OwnershipTransferred' [Warning/use-natspec]
/sb/0x000387483308752ee8a478d1939002aa6da18461.sol:2479:5: Missing @param tag in event 'OwnershipTransferred' [Warning/use-natspec]
/sb/0x000387483308752ee8a478d1939002aa6da18461.sol:2479:5: Mismatch in @param names for event 'OwnershipTransferred'. Expected: [previousOwner, newOwner], Found: [] [Warning/use-natspec]
/sb/0x000387483308752ee8a478d1939002aa6da18461.sol:2489:5: Missing @notice tag in function '<anonymous>' [Warning/use-natspec]
/sb/0x000387483308752ee8a478d1939002aa6da18461.sol:2507:5: Missing @notice tag in function 'owner' [Warning/use-natspec]
/sb/0x000387483308752ee8a478d1939002aa6da18461.sol:2507:5: Missing @return tag in function 'owner' [Warning/use-natspec]
/sb/0x000387483308752ee8a478d1939002aa6da18461.sol:2507:5: Mismatch in @return count for function 'owner'. Expected: 1, Found: 0 [Warning/use-natspec]
/sb/0x000387483308752ee8a478d1939002aa6da18461.sol:2545:5: Missing @notice tag in function 'renounceOwnership' [Warning/use-natspec]
/sb/0x000387483308752ee8a478d1939002aa6da18461.sol:2563:5: Missing @notice tag in function 'transferOwnership' [Warning/use-natspec]
/sb/0x000387483308752ee8a478d1939002aa6da18461.sol:2563:5: Missing @param tag in function 'transferOwnership' [Warning/use-natspec]
/sb/0x000387483308752ee8a478d1939002aa6da18461.sol:2563:5: Mismatch in @param names for function 'transferOwnership'. Expected: [newOwner], Found: [] [Warning/use-natspec]
/sb/0x000387483308752ee8a478d1939002aa6da18461.sol:2565:9: Error message for require is too long: 38 counted / 32 allowed [Warning/reason-string]
/sb/0x000387483308752ee8a478d1939002aa6da18461.sol:2565:9: GC: String exceeds 32 bytes [Warning/gas-small-strings]
/sb/0x000387483308752ee8a478d1939002aa6da18461.sol:2581:1: Compiler version ^0.6.0 does not satisfy the ^0.8.24 semver requirement [Error/compiler-version]
/sb/0x000387483308752ee8a478d1939002aa6da18461.sol:2599:1: Missing @notice tag in contract 'TokenRecover' [Warning/use-natspec]
/sb/0x000387483308752ee8a478d1939002aa6da18461.sol:2613:5: Missing @notice tag in function 'recoverERC20' [Warning/use-natspec]
/sb/0x000387483308752ee8a478d1939002aa6da18461.sol:2627:1: Compiler version ^0.6.0 does not satisfy the ^0.8.24 semver requirement [Error/compiler-version]
/sb/0x000387483308752ee8a478d1939002aa6da18461.sol:2679:1: Missing @title tag in contract 'EnumerableSet' [Warning/use-natspec]
/sb/0x000387483308752ee8a478d1939002aa6da18461.sol:2679:1: Missing @author tag in contract 'EnumerableSet' [Warning/use-natspec]
/sb/0x000387483308752ee8a478d1939002aa6da18461.sol:2679:1: Missing @notice tag in contract 'EnumerableSet' [Warning/use-natspec]
/sb/0x000387483308752ee8a478d1939002aa6da18461.sol:2729:5: Missing @notice tag in function '_add' [Warning/use-natspec]
/sb/0x000387483308752ee8a478d1939002aa6da18461.sol:2729:5: Missing @param tag in function '_add' [Warning/use-natspec]
/sb/0x000387483308752ee8a478d1939002aa6da18461.sol:2729:5: Mismatch in @param names for function '_add'. Expected: [set, value], Found: [] [Warning/use-natspec]
/sb/0x000387483308752ee8a478d1939002aa6da18461.sol:2729:5: Missing @return tag in function '_add' [Warning/use-natspec]
/sb/0x000387483308752ee8a478d1939002aa6da18461.sol:2729:5: Mismatch in @return count for function '_add'. Expected: 1, Found: 0 [Warning/use-natspec]
/sb/0x000387483308752ee8a478d1939002aa6da18461.sol:2765:5: Function body contains 63 lines but allowed no more than 50 lines [Warning/function-max-lines]
/sb/0x000387483308752ee8a478d1939002aa6da18461.sol:2765:5: Missing @notice tag in function '_remove' [Warning/use-natspec]
/sb/0x000387483308752ee8a478d1939002aa6da18461.sol:2765:5: Missing @param tag in function '_remove' [Warning/use-natspec]
/sb/0x000387483308752ee8a478d1939002aa6da18461.sol:2765:5: Mismatch in @param names for function '_remove'. Expected: [set, value], Found: [] [Warning/use-natspec]
/sb/0x000387483308752ee8a478d1939002aa6da18461.sol:2765:5: Missing @return tag in function '_remove' [Warning/use-natspec]
/sb/0x000387483308752ee8a478d1939002aa6da18461.sol:2765:5: Mismatch in @return count for function '_remove'. Expected: 1, Found: 0 [Warning/use-natspec]
/sb/0x000387483308752ee8a478d1939002aa6da18461.sol:2839:5: Missing @notice tag in function '_contains' [Warning/use-natspec]
/sb/0x000387483308752ee8a478d1939002aa6da18461.sol:2839:5: Missing @param tag in function '_contains' [Warning/use-natspec]
/sb/0x000387483308752ee8a478d1939002aa6da18461.sol:2839:5: Mismatch in @param names for function '_contains'. Expected: [set, value], Found: [] [Warning/use-natspec]
/sb/0x000387483308752ee8a478d1939002aa6da18461.sol:2839:5: Missing @return tag in function '_contains' [Warning/use-natspec]
/sb/0x000387483308752ee8a478d1939002aa6da18461.sol:2839:5: Mismatch in @return count for function '_contains'. Expected: 1, Found: 0 [Warning/use-natspec]
/sb/0x000387483308752ee8a478d1939002aa6da18461.sol:2853:5: Missing @notice tag in function '_length' [Warning/use-natspec]
/sb/0x000387483308752ee8a478d1939002aa6da18461.sol:2853:5: Missing @param tag in function '_length' [Warning/use-natspec]
/sb/0x000387483308752ee8a478d1939002aa6da18461.sol:2853:5: Mismatch in @param names for function '_length'. Expected: [set], Found: [] [Warning/use-natspec]
/sb/0x000387483308752ee8a478d1939002aa6da18461.sol:2853:5: Missing @return tag in function '_length' [Warning/use-natspec]
/sb/0x000387483308752ee8a478d1939002aa6da18461.sol:2853:5: Mismatch in @return count for function '_length'. Expected: 1, Found: 0 [Warning/use-natspec]
/sb/0x000387483308752ee8a478d1939002aa6da18461.sol:2881:5: Missing @notice tag in function '_at' [Warning/use-natspec]
/sb/0x000387483308752ee8a478d1939002aa6da18461.sol:2881:5: Missing @param tag in function '_at' [Warning/use-natspec]
/sb/0x000387483308752ee8a478d1939002aa6da18461.sol:2881:5: Mismatch in @param names for function '_at'. Expected: [set, index], Found: [] [Warning/use-natspec]
/sb/0x000387483308752ee8a478d1939002aa6da18461.sol:2881:5: Missing @return tag in function '_at' [Warning/use-natspec]
/sb/0x000387483308752ee8a478d1939002aa6da18461.sol:2881:5: Mismatch in @return count for function '_at'. Expected: 1, Found: 0 [Warning/use-natspec]
/sb/0x000387483308752ee8a478d1939002aa6da18461.sol:2883:9: Error message for require is too long: 34 counted / 32 allowed [Warning/reason-string]
/sb/0x000387483308752ee8a478d1939002aa6da18461.sol:2883:9: GC: String exceeds 32 bytes [Warning/gas-small-strings]
/sb/0x000387483308752ee8a478d1939002aa6da18461.sol:2915:5: Missing @notice tag in function 'add' [Warning/use-natspec]
/sb/0x000387483308752ee8a478d1939002aa6da18461.sol:2915:5: Missing @param tag in function 'add' [Warning/use-natspec]
/sb/0x000387483308752ee8a478d1939002aa6da18461.sol:2915:5: Mismatch in @param names for function 'add'. Expected: [set, value], Found: [] [Warning/use-natspec]
/sb/0x000387483308752ee8a478d1939002aa6da18461.sol:2915:5: Missing @return tag in function 'add' [Warning/use-natspec]
/sb/0x000387483308752ee8a478d1939002aa6da18461.sol:2915:5: Mismatch in @return count for function 'add'. Expected: 1, Found: 0 [Warning/use-natspec]
/sb/0x000387483308752ee8a478d1939002aa6da18461.sol:2935:5: Missing @notice tag in function 'remove' [Warning/use-natspec]
/sb/0x000387483308752ee8a478d1939002aa6da18461.sol:2935:5: Missing @param tag in function 'remove' [Warning/use-natspec]
/sb/0x000387483308752ee8a478d1939002aa6da18461.sol:2935:5: Mismatch in @param names for function 'remove'. Expected: [set, value], Found: [] [Warning/use-natspec]
/sb/0x000387483308752ee8a478d1939002aa6da18461.sol:2935:5: Missing @return tag in function 'remove' [Warning/use-natspec]
/sb/0x000387483308752ee8a478d1939002aa6da18461.sol:2935:5: Mismatch in @return count for function 'remove'. Expected: 1, Found: 0 [Warning/use-natspec]
/sb/0x000387483308752ee8a478d1939002aa6da18461.sol:2949:5: Missing @notice tag in function 'contains' [Warning/use-natspec]
/sb/0x000387483308752ee8a478d1939002aa6da18461.sol:2949:5: Missing @param tag in function 'contains' [Warning/use-natspec]
/sb/0x000387483308752ee8a478d1939002aa6da18461.sol:2949:5: Mismatch in @param names for function 'contains'. Expected: [set, value], Found: [] [Warning/use-natspec]
/sb/0x000387483308752ee8a478d1939002aa6da18461.sol:2949:5: Missing @return tag in function 'contains' [Warning/use-natspec]
/sb/0x000387483308752ee8a478d1939002aa6da18461.sol:2949:5: Mismatch in @return count for function 'contains'. Expected: 1, Found: 0 [Warning/use-natspec]
/sb/0x000387483308752ee8a478d1939002aa6da18461.sol:2963:5: Missing @notice tag in function 'length' [Warning/use-natspec]
/sb/0x000387483308752ee8a478d1939002aa6da18461.sol:2963:5: Missing @param tag in function 'length' [Warning/use-natspec]
/sb/0x000387483308752ee8a478d1939002aa6da18461.sol:2963:5: Mismatch in @param names for function 'length'. Expected: [set], Found: [] [Warning/use-natspec]
/sb/0x000387483308752ee8a478d1939002aa6da18461.sol:2963:5: Missing @return tag in function 'length' [Warning/use-natspec]
/sb/0x000387483308752ee8a478d1939002aa6da18461.sol:2963:5: Mismatch in @return count for function 'length'. Expected: 1, Found: 0 [Warning/use-natspec]
/sb/0x000387483308752ee8a478d1939002aa6da18461.sol:2991:5: Missing @notice tag in function 'at' [Warning/use-natspec]
/sb/0x000387483308752ee8a478d1939002aa6da18461.sol:2991:5: Missing @param tag in function 'at' [Warning/use-natspec]
/sb/0x000387483308752ee8a478d1939002aa6da18461.sol:2991:5: Mismatch in @param names for function 'at'. Expected: [set, index], Found: [] [Warning/use-natspec]
/sb/0x000387483308752ee8a478d1939002aa6da18461.sol:2991:5: Missing @return tag in function 'at' [Warning/use-natspec]
/sb/0x000387483308752ee8a478d1939002aa6da18461.sol:2991:5: Mismatch in @return count for function 'at'. Expected: 1, Found: 0 [Warning/use-natspec]
/sb/0x000387483308752ee8a478d1939002aa6da18461.sol:3025:5: Missing @notice tag in function 'add' [Warning/use-natspec]
/sb/0x000387483308752ee8a478d1939002aa6da18461.sol:3025:5: Missing @param tag in function 'add' [Warning/use-natspec]
/sb/0x000387483308752ee8a478d1939002aa6da18461.sol:3025:5: Mismatch in @param names for function 'add'. Expected: [set, value], Found: [] [Warning/use-natspec]
/sb/0x000387483308752ee8a478d1939002aa6da18461.sol:3025:5: Missing @return tag in function 'add' [Warning/use-natspec]
/sb/0x000387483308752ee8a478d1939002aa6da18461.sol:3025:5: Mismatch in @return count for function 'add'. Expected: 1, Found: 0 [Warning/use-natspec]
/sb/0x000387483308752ee8a478d1939002aa6da18461.sol:3045:5: Missing @notice tag in function 'remove' [Warning/use-natspec]
/sb/0x000387483308752ee8a478d1939002aa6da18461.sol:3045:5: Missing @param tag in function 'remove' [Warning/use-natspec]
/sb/0x000387483308752ee8a478d1939002aa6da18461.sol:3045:5: Mismatch in @param names for function 'remove'. Expected: [set, value], Found: [] [Warning/use-natspec]
/sb/0x000387483308752ee8a478d1939002aa6da18461.sol:3045:5: Missing @return tag in function 'remove' [Warning/use-natspec]
/sb/0x000387483308752ee8a478d1939002aa6da18461.sol:3045:5: Mismatch in @return count for function 'remove'. Expected: 1, Found: 0 [Warning/use-natspec]
/sb/0x000387483308752ee8a478d1939002aa6da18461.sol:3059:5: Missing @notice tag in function 'contains' [Warning/use-natspec]
/sb/0x000387483308752ee8a478d1939002aa6da18461.sol:3059:5: Missing @param tag in function 'contains' [Warning/use-natspec]
/sb/0x000387483308752ee8a478d1939002aa6da18461.sol:3059:5: Mismatch in @param names for function 'contains'. Expected: [set, value], Found: [] [Warning/use-natspec]
/sb/0x000387483308752ee8a478d1939002aa6da18461.sol:3059:5: Missing @return tag in function 'contains' [Warning/use-natspec]
/sb/0x000387483308752ee8a478d1939002aa6da18461.sol:3059:5: Mismatch in @return count for function 'contains'. Expected: 1, Found: 0 [Warning/use-natspec]
/sb/0x000387483308752ee8a478d1939002aa6da18461.sol:3073:5: Missing @notice tag in function 'length' [Warning/use-natspec]
/sb/0x000387483308752ee8a478d1939002aa6da18461.sol:3073:5: Missing @param tag in function 'length' [Warning/use-natspec]
/sb/0x000387483308752ee8a478d1939002aa6da18461.sol:3073:5: Mismatch in @param names for function 'length'. Expected: [set], Found: [] [Warning/use-natspec]
/sb/0x000387483308752ee8a478d1939002aa6da18461.sol:3073:5: Missing @return tag in function 'length' [Warning/use-natspec]
/sb/0x000387483308752ee8a478d1939002aa6da18461.sol:3073:5: Mismatch in @return count for function 'length'. Expected: 1, Found: 0 [Warning/use-natspec]
/sb/0x000387483308752ee8a478d1939002aa6da18461.sol:3101:5: Missing @notice tag in function 'at' [Warning/use-natspec]
/sb/0x000387483308752ee8a478d1939002aa6da18461.sol:3101:5: Missing @param tag in function 'at' [Warning/use-natspec]
/sb/0x000387483308752ee8a478d1939002aa6da18461.sol:3101:5: Mismatch in @param names for function 'at'. Expected: [set, index], Found: [] [Warning/use-natspec]
/sb/0x000387483308752ee8a478d1939002aa6da18461.sol:3101:5: Missing @return tag in function 'at' [Warning/use-natspec]
/sb/0x000387483308752ee8a478d1939002aa6da18461.sol:3101:5: Mismatch in @return count for function 'at'. Expected: 1, Found: 0 [Warning/use-natspec]
/sb/0x000387483308752ee8a478d1939002aa6da18461.sol:3115:1: Compiler version ^0.6.0 does not satisfy the ^0.8.24 semver requirement [Error/compiler-version]
/sb/0x000387483308752ee8a478d1939002aa6da18461.sol:3187:1: Missing @title tag in contract 'AccessControl' [Warning/use-natspec]
/sb/0x000387483308752ee8a478d1939002aa6da18461.sol:3187:1: Missing @author tag in contract 'AccessControl' [Warning/use-natspec]
/sb/0x000387483308752ee8a478d1939002aa6da18461.sol:3187:1: Missing @notice tag in contract 'AccessControl' [Warning/use-natspec]
/sb/0x000387483308752ee8a478d1939002aa6da18461.sol:3209:5: Missing @notice tag in variable 'DEFAULT_ADMIN_ROLE' [Warning/use-natspec]
/sb/0x000387483308752ee8a478d1939002aa6da18461.sol:3225:5: Missing @notice tag in event 'RoleGranted' [Warning/use-natspec]
/sb/0x000387483308752ee8a478d1939002aa6da18461.sol:3225:5: Missing @param tag in event 'RoleGranted' [Warning/use-natspec]
/sb/0x000387483308752ee8a478d1939002aa6da18461.sol:3225:5: Mismatch in @param names for event 'RoleGranted'. Expected: [role, account, sender], Found: [] [Warning/use-natspec]
/sb/0x000387483308752ee8a478d1939002aa6da18461.sol:3243:5: Missing @notice tag in event 'RoleRevoked' [Warning/use-natspec]
/sb/0x000387483308752ee8a478d1939002aa6da18461.sol:3243:5: Missing @param tag in event 'RoleRevoked' [Warning/use-natspec]
/sb/0x000387483308752ee8a478d1939002aa6da18461.sol:3243:5: Mismatch in @param names for event 'RoleRevoked'. Expected: [role, account, sender], Found: [] [Warning/use-natspec]
/sb/0x000387483308752ee8a478d1939002aa6da18461.sol:3253:5: Missing @notice tag in function 'hasRole' [Warning/use-natspec]
/sb/0x000387483308752ee8a478d1939002aa6da18461.sol:3253:5: Missing @param tag in function 'hasRole' [Warning/use-natspec]
/sb/0x000387483308752ee8a478d1939002aa6da18461.sol:3253:5: Mismatch in @param names for function 'hasRole'. Expected: [role, account], Found: [] [Warning/use-natspec]
/sb/0x000387483308752ee8a478d1939002aa6da18461.sol:3253:5: Missing @return tag in function 'hasRole' [Warning/use-natspec]
/sb/0x000387483308752ee8a478d1939002aa6da18461.sol:3253:5: Mismatch in @return count for function 'hasRole'. Expected: 1, Found: 0 [Warning/use-natspec]
/sb/0x000387483308752ee8a478d1939002aa6da18461.sol:3269:5: Missing @notice tag in function 'getRoleMemberCount' [Warning/use-natspec]
/sb/0x000387483308752ee8a478d1939002aa6da18461.sol:3269:5: Missing @param tag in function 'getRoleMemberCount' [Warning/use-natspec]
/sb/0x000387483308752ee8a478d1939002aa6da18461.sol:3269:5: Mismatch in @param names for function 'getRoleMemberCount'. Expected: [role], Found: [] [Warning/use-natspec]
/sb/0x000387483308752ee8a478d1939002aa6da18461.sol:3269:5: Missing @return tag in function 'getRoleMemberCount' [Warning/use-natspec]
/sb/0x000387483308752ee8a478d1939002aa6da18461.sol:3269:5: Mismatch in @return count for function 'getRoleMemberCount'. Expected: 1, Found: 0 [Warning/use-natspec]
/sb/0x000387483308752ee8a478d1939002aa6da18461.sol:3301:5: Missing @notice tag in function 'getRoleMember' [Warning/use-natspec]
/sb/0x000387483308752ee8a478d1939002aa6da18461.sol:3301:5: Missing @param tag in function 'getRoleMember' [Warning/use-natspec]
/sb/0x000387483308752ee8a478d1939002aa6da18461.sol:3301:5: Mismatch in @param names for function 'getRoleMember'. Expected: [role, index], Found: [] [Warning/use-natspec]
/sb/0x000387483308752ee8a478d1939002aa6da18461.sol:3301:5: Missing @return tag in function 'getRoleMember' [Warning/use-natspec]
/sb/0x000387483308752ee8a478d1939002aa6da18461.sol:3301:5: Mismatch in @return count for function 'getRoleMember'. Expected: 1, Found: 0 [Warning/use-natspec]
/sb/0x000387483308752ee8a478d1939002aa6da18461.sol:3321:5: Missing @notice tag in function 'getRoleAdmin' [Warning/use-natspec]
/sb/0x000387483308752ee8a478d1939002aa6da18461.sol:3321:5: Missing @param tag in function 'getRoleAdmin' [Warning/use-natspec]
/sb/0x000387483308752ee8a478d1939002aa6da18461.sol:3321:5: Mismatch in @param names for function 'getRoleAdmin'. Expected: [role], Found: [] [Warning/use-natspec]
/sb/0x000387483308752ee8a478d1939002aa6da18461.sol:3321:5: Missing @return tag in function 'getRoleAdmin' [Warning/use-natspec]
/sb/0x000387483308752ee8a478d1939002aa6da18461.sol:3321:5: Mismatch in @return count for function 'getRoleAdmin'. Expected: 1, Found: 0 [Warning/use-natspec]
/sb/0x000387483308752ee8a478d1939002aa6da18461.sol:3349:5: Missing @notice tag in function 'grantRole' [Warning/use-natspec]
/sb/0x000387483308752ee8a478d1939002aa6da18461.sol:3349:5: Missing @param tag in function 'grantRole' [Warning/use-natspec]
/sb/0x000387483308752ee8a478d1939002aa6da18461.sol:3349:5: Mismatch in @param names for function 'grantRole'. Expected: [role, account], Found: [] [Warning/use-natspec]
/sb/0x000387483308752ee8a478d1939002aa6da18461.sol:3351:9: Error message for require is too long: 47 counted / 32 allowed [Warning/reason-string]
/sb/0x000387483308752ee8a478d1939002aa6da18461.sol:3351:9: GC: String exceeds 32 bytes [Warning/gas-small-strings]
/sb/0x000387483308752ee8a478d1939002aa6da18461.sol:3379:5: Missing @notice tag in function 'revokeRole' [Warning/use-natspec]
/sb/0x000387483308752ee8a478d1939002aa6da18461.sol:3379:5: Missing @param tag in function 'revokeRole' [Warning/use-natspec]
/sb/0x000387483308752ee8a478d1939002aa6da18461.sol:3379:5: Mismatch in @param names for function 'revokeRole'. Expected: [role, account], Found: [] [Warning/use-natspec]
/sb/0x000387483308752ee8a478d1939002aa6da18461.sol:3381:9: Error message for require is too long: 48 counted / 32 allowed [Warning/reason-string]
/sb/0x000387483308752ee8a478d1939002aa6da18461.sol:3381:9: GC: String exceeds 32 bytes [Warning/gas-small-strings]
/sb/0x000387483308752ee8a478d1939002aa6da18461.sol:3419:5: Missing @notice tag in function 'renounceRole' [Warning/use-natspec]
/sb/0x000387483308752ee8a478d1939002aa6da18461.sol:3419:5: Missing @param tag in function 'renounceRole' [Warning/use-natspec]
/sb/0x000387483308752ee8a478d1939002aa6da18461.sol:3419:5: Mismatch in @param names for function 'renounceRole'. Expected: [role, account], Found: [] [Warning/use-natspec]
/sb/0x000387483308752ee8a478d1939002aa6da18461.sol:3421:9: Error message for require is too long: 47 counted / 32 allowed [Warning/reason-string]
/sb/0x000387483308752ee8a478d1939002aa6da18461.sol:3421:9: GC: String exceeds 32 bytes [Warning/gas-small-strings]
/sb/0x000387483308752ee8a478d1939002aa6da18461.sol:3463:5: Missing @notice tag in function '_setupRole' [Warning/use-natspec]
/sb/0x000387483308752ee8a478d1939002aa6da18461.sol:3463:5: Missing @param tag in function '_setupRole' [Warning/use-natspec]
/sb/0x000387483308752ee8a478d1939002aa6da18461.sol:3463:5: Mismatch in @param names for function '_setupRole'. Expected: [role, account], Found: [] [Warning/use-natspec]
/sb/0x000387483308752ee8a478d1939002aa6da18461.sol:3477:5: Missing @notice tag in function '_setRoleAdmin' [Warning/use-natspec]
/sb/0x000387483308752ee8a478d1939002aa6da18461.sol:3477:5: Missing @param tag in function '_setRoleAdmin' [Warning/use-natspec]
/sb/0x000387483308752ee8a478d1939002aa6da18461.sol:3477:5: Mismatch in @param names for function '_setRoleAdmin'. Expected: [role, adminRole], Found: [] [Warning/use-natspec]
/sb/0x000387483308752ee8a478d1939002aa6da18461.sol:3485:5: Missing @notice tag in function '_grantRole' [Warning/use-natspec]
/sb/0x000387483308752ee8a478d1939002aa6da18461.sol:3485:5: Missing @param tag in function '_grantRole' [Warning/use-natspec]
/sb/0x000387483308752ee8a478d1939002aa6da18461.sol:3485:5: Mismatch in @param names for function '_grantRole'. Expected: [role, account], Found: [] [Warning/use-natspec]
/sb/0x000387483308752ee8a478d1939002aa6da18461.sol:3497:5: Missing @notice tag in function '_revokeRole' [Warning/use-natspec]
/sb/0x000387483308752ee8a478d1939002aa6da18461.sol:3497:5: Missing @param tag in function '_revokeRole' [Warning/use-natspec]
/sb/0x000387483308752ee8a478d1939002aa6da18461.sol:3497:5: Mismatch in @param names for function '_revokeRole'. Expected: [role, account], Found: [] [Warning/use-natspec]
/sb/0x000387483308752ee8a478d1939002aa6da18461.sol:3515:1: Compiler version ^0.6.0 does not satisfy the ^0.8.24 semver requirement [Error/compiler-version]
/sb/0x000387483308752ee8a478d1939002aa6da18461.sol:3521:1: Missing @title tag in contract 'Roles' [Warning/use-natspec]
/sb/0x000387483308752ee8a478d1939002aa6da18461.sol:3521:1: Missing @author tag in contract 'Roles' [Warning/use-natspec]
/sb/0x000387483308752ee8a478d1939002aa6da18461.sol:3521:1: Missing @notice tag in contract 'Roles' [Warning/use-natspec]
/sb/0x000387483308752ee8a478d1939002aa6da18461.sol:3525:5: Missing @notice tag in variable 'MINTER_ROLE' [Warning/use-natspec]
/sb/0x000387483308752ee8a478d1939002aa6da18461.sol:3527:5: Missing @notice tag in variable 'OPERATOR_ROLE' [Warning/use-natspec]
/sb/0x000387483308752ee8a478d1939002aa6da18461.sol:3531:5: Missing @notice tag in function '<anonymous>' [Warning/use-natspec]
/sb/0x000387483308752ee8a478d1939002aa6da18461.sol:3545:9: Error message for require is too long: 43 counted / 32 allowed [Warning/reason-string]
/sb/0x000387483308752ee8a478d1939002aa6da18461.sol:3545:9: GC: String exceeds 32 bytes [Warning/gas-small-strings]
/sb/0x000387483308752ee8a478d1939002aa6da18461.sol:3555:9: Error message for require is too long: 45 counted / 32 allowed [Warning/reason-string]
/sb/0x000387483308752ee8a478d1939002aa6da18461.sol:3555:9: GC: String exceeds 32 bytes [Warning/gas-small-strings]
/sb/0x000387483308752ee8a478d1939002aa6da18461.sol:3569:1: Compiler version ^0.6.0 does not satisfy the ^0.8.24 semver requirement [Error/compiler-version]
/sb/0x000387483308752ee8a478d1939002aa6da18461.sol:3593:1: Missing @notice tag in contract 'BaseToken' [Warning/use-natspec]
/sb/0x000387483308752ee8a478d1939002aa6da18461.sol:3615:5: Missing @notice tag in event 'MintFinished' [Warning/use-natspec]
/sb/0x000387483308752ee8a478d1939002aa6da18461.sol:3625:5: Missing @notice tag in event 'TransferEnabled' [Warning/use-natspec]
/sb/0x000387483308752ee8a478d1939002aa6da18461.sol:3653:9: Error message for require is too long: 74 counted / 32 allowed [Warning/reason-string]
/sb/0x000387483308752ee8a478d1939002aa6da18461.sol:3653:9: GC: String exceeds 32 bytes [Warning/gas-small-strings]
/sb/0x000387483308752ee8a478d1939002aa6da18461.sol:3685:5: Function body contains 61 lines but allowed no more than 50 lines [Warning/function-max-lines]
/sb/0x000387483308752ee8a478d1939002aa6da18461.sol:3685:5: Missing @notice tag in fun
