'solc --version' running
'solc /sb/0x16A4ff536001405f2B0d7ddAfC79f6A10D024640.sol --combined-json abi,ast,bin,bin-runtime,srcmap,srcmap-runtime,userdoc,devdoc,hashes,compact-format --allow-paths .,/sb' running
Compilation warnings/errors on /sb/0x16A4ff536001405f2B0d7ddAfC79f6A10D024640.sol:
/sb/0x16A4ff536001405f2B0d7ddAfC79f6A10D024640.sol:15:3: Warning: Defining constructors as functions with the same name as the contract is deprecated. Use "constructor(...) { ... }" instead.
  function plusOnePonzi() {
  ^ (Relevant source part starts here and spans across multiple lines).
/sb/0x16A4ff536001405f2B0d7ddAfC79f6A10D024640.sol:20:7: Warning: "throw" is deprecated in favour of "revert()", "require()" and "assert()".
      throw;
      ^---^
/sb/0x16A4ff536001405f2B0d7ddAfC79f6A10D024640.sol:28:41: Warning: Using contract member "balance" inherited from the address type is deprecated. Convert the contract to "address" type to access the member, for example use "address(contract).balance" instead.
    while (payouts[payoutIndex].yield < this.balance) {
                                        ^----------^
/sb/0x16A4ff536001405f2B0d7ddAfC79f6A10D024640.sol:30:7: Warning: Failure condition of 'send' ignored. Consider using 'transfer' instead.
      payouts[payoutIndex].addr.send(payouts[payoutIndex].yield);
      ^--------------------------------------------------------^
/sb/0x16A4ff536001405f2B0d7ddAfC79f6A10D024640.sol:15:3: Warning: No visibility specified. Defaulting to "public". 
  function plusOnePonzi() {
  ^ (Relevant source part starts here and spans across multiple lines).
/sb/0x16A4ff536001405f2B0d7ddAfC79f6A10D024640.sol:18:3: Warning: No visibility specified. Defaulting to "public". 
  function() {
  ^ (Relevant source part starts here and spans across multiple lines).
/sb/0x16A4ff536001405f2B0d7ddAfC79f6A10D024640.sol:19:9: Warning: "msg.value" used in non-payable function. Do you want to add the "payable" modifier to this function?
    if (msg.value < VALUE) {
        ^-------^


plusOnePonzi.fallback() (../sb/0x16A4ff536001405f2B0d7ddAfC79f6A10D024640.sol#18-33) ignores return value by payouts[payoutIndex].addr.send(payouts[payoutIndex].yield) (../sb/0x16A4ff536001405f2B0d7ddAfC79f6A10D024640.sol#30)
Reference: https://github.com/crytic/slither/wiki/Detector-Documentation#unchecked-send

plusOnePonzi.fallback() (../sb/0x16A4ff536001405f2B0d7ddAfC79f6A10D024640.sol#18-33) has external calls inside a loop: payouts[payoutIndex].addr.send(payouts[payoutIndex].yield) (../sb/0x16A4ff536001405f2B0d7ddAfC79f6A10D024640.sol#30)
Reference: https://github.com/crytic/slither/wiki/Detector-Documentation/#calls-inside-a-loop

plusOnePonzi.fallback() (../sb/0x16A4ff536001405f2B0d7ddAfC79f6A10D024640.sol#18-33) has costly operations inside a loop:
	- payoutTotal += payouts[payoutIndex].yield (../sb/0x16A4ff536001405f2B0d7ddAfC79f6A10D024640.sol#29)
plusOnePonzi.fallback() (../sb/0x16A4ff536001405f2B0d7ddAfC79f6A10D024640.sol#18-33) has costly operations inside a loop:
	- payoutIndex += 1 (../sb/0x16A4ff536001405f2B0d7ddAfC79f6A10D024640.sol#31)
Reference: https://github.com/crytic/slither/wiki/Detector-Documentation#costly-operations-inside-a-loop

Deprecated standard detected THROW (../sb/0x16A4ff536001405f2B0d7ddAfC79f6A10D024640.sol#20):
	- Usage of "throw" should be replaced with "revert()"
Reference: https://github.com/crytic/slither/wiki/Detector-Documentation#deprecated-standards

Version constraint >=0.4.0<0.9.0 is too complex.
It is used by:
	- >=0.4.0<0.9.0 (../sb/0x16A4ff536001405f2B0d7ddAfC79f6A10D024640.sol#1)
solc-0.4.26 is an outdated solc version. Use a more recent version (at least 0.8.0), if possible.
Reference: https://github.com/crytic/slither/wiki/Detector-Documentation#incorrect-versions-of-solidity

Contract plusOnePonzi (../sb/0x16A4ff536001405f2B0d7ddAfC79f6A10D024640.sol#2-35) is not in CapWords
Reference: https://github.com/crytic/slither/wiki/Detector-Documentation#conformance-to-solidity-naming-conventions

Reentrancy in plusOnePonzi.fallback() (../sb/0x16A4ff536001405f2B0d7ddAfC79f6A10D024640.sol#18-33):
	External calls:
	- payouts[payoutIndex].addr.send(payouts[payoutIndex].yield) (../sb/0x16A4ff536001405f2B0d7ddAfC79f6A10D024640.sol#30)
	State variables written after the call(s):
	- payoutIndex += 1 (../sb/0x16A4ff536001405f2B0d7ddAfC79f6A10D024640.sol#31)
	- payoutTotal += payouts[payoutIndex].yield (../sb/0x16A4ff536001405f2B0d7ddAfC79f6A10D024640.sol#29)
Reference: https://github.com/crytic/slither/wiki/Detector-Documentation#reentrancy-vulnerabilities-4
/sb/0x16A4ff536001405f2B0d7ddAfC79f6A10D024640.sol analyzed (1 contracts with 100 detectors), 9 result(s) found
