Extract contract Ownable from /sb/0xb0d7c78f5b672879e8f8eec0a3fd4c225e4a132e.sol
Extract contract SafeMath from /sb/0xb0d7c78f5b672879e8f8eec0a3fd4c225e4a132e.sol
Extract contract lockEtherPay from /sb/0xb0d7c78f5b672879e8f8eec0a3fd4c225e4a132e.sol
Extracted 3 contract(s) from /sb/0xb0d7c78f5b672879e8f8eec0a3fd4c225e4a132e.sol
[0;32m> Created "fuzzMe"[0m
[0;32m> To fuzz contracts:[0m
  chmod +x fuzzMe
  ./fuzzMe
assets/NormalAttacker.sol:5:3: Warning: No visibility specified. Defaulting to "public". 
  function() payable {
  ^ (Relevant source part starts here and spans across multiple lines).
assets/ReentrancyAttacker.sol:8:7: Warning: Return value of low-level calls not used.
      msg.sender.call(bytes4(255));
      ^--------------------------^
assets/ReentrancyAttacker.sol:5:3: Warning: No visibility specified. Defaulting to "public". 
  function() payable {
  ^ (Relevant source part starts here and spans across multiple lines).
>> Fuzz Ownable
** Write stats: 0.00637
** Write stats: 5.00028
** Write stats: 10.0035
** Write stats: 15.0004
** Write stats: 20.0008
** Write stats: 25.0004
** Write stats: 30.0003
** Write stats: 35.0001
** Write stats: 40.0002
** Write stats: 45.0002
** Write stats: 50.0002
** Write stats: 55.0002
** Write stats: 60.0002
** Write stats: 65.0001
** Write stats: 70.0001
** Write stats: 75.0006
** Write stats: 80.0001
** Write stats: 85.0063
** Write stats: 90.0002
** Write stats: 95.0003
** Write stats: 100
** Write stats: 105
** Write stats: 110
** Write stats: 115
** Write stats: 120.007
** Write stats: 125.451
** Write stats: 130
** Write stats: 135
** Write stats: 140
** Write stats: 145
** Write stats: 150
** Write stats: 155.001
** Write stats: 160
** Write stats: 165
** Write stats: 170
** Write stats: 175
** Write stats: 180
** Write stats: 185
** Write stats: 190.012
** Write stats: 195
** Write stats: 200
** Write stats: 205
** Write stats: 210
** Write stats: 215
** Write stats: 225
** Write stats: 230
** Write stats: 235.01
** Write stats: 240.007
** Write stats: 245
** Write stats: 250
** Write stats: 255
** Write stats: 260
** Write stats: 265
** Write stats: 270
** Write stats: 275
** Write stats: 280
** Write stats: 285
** Write stats: 290
** Write stats: 295.011
** Write stats: 298.012
>> Fuzz SafeMath
** Write stats: 0.001865
** Write stats: 5.00009
** Write stats: 10.0001
** Write stats: 15.0001
** Write stats: 20.0001
** Write stats: 25.0001
** Write stats: 30.0289
** Write stats: 35.0001
** Write stats: 40.0001
** Write stats: 45.0002
** Write stats: 50.0001
** Write stats: 55.0001
** Write stats: 60.0001
** Write stats: 65.0001
** Write stats: 70.0001
** Write stats: 75.0002
** Write stats: 80.0001
** Write stats: 85.0001
** Write stats: 90.0001
** Write stats: 95.0001
** Write stats: 100
** Write stats: 105
** Write stats: 110
** Write stats: 115
** Write stats: 120
** Write stats: 135
** Write stats: 140
** Write stats: 145
** Write stats: 150
** Write stats: 155
** Write stats: 160
** Write stats: 165
** Write stats: 170
** Write stats: 175
** Write stats: 180
** Write stats: 185
** Write stats: 190
** Write stats: 195
** Write stats: 200
** Write stats: 205
** Write stats: 210.001
** Write stats: 215
** Write stats: 220
** Write stats: 225
** Write stats: 230
** Write stats: 235
** Write stats: 240
** Write stats: 245
** Write stats: 250
** Write stats: 255
** Write stats: 260
** Write stats: 265
** Write stats: 290
** Write stats: 295
** Write stats: 298
>> Fuzz lockEtherPay
** Write stats: 0.004541
** Write stats: 5.00008
** Write stats: 10.0002
** Write stats: 15.0002
** Write stats: 20.0004
** Write stats: 25.0003
** Write stats: 30.0005
** Write stats: 35.0004
** Write stats: 40.0001
** Write stats: 45.0005
** Write stats: 50.0004
** Write stats: 55.0001
** Write stats: 60.002
** Write stats: 65.0007
** Write stats: 70.0092
** Write stats: 75.0006
** Write stats: 80.0007
** Write stats: 85.0003
** Write stats: 90.0009
** Write stats: 95.0001
** Write stats: 100.001
** Write stats: 105.001
** Write stats: 110
** Write stats: 115
** Write stats: 120.001
** Write stats: 125
** Write stats: 130
** Write stats: 135.001
** Write stats: 140.001
** Write stats: 145.001
** Write stats: 150
** Write stats: 155.001
** Write stats: 160.001
** Write stats: 165.001
** Write stats: 170
** Write stats: 175.001
** Write stats: 180.001
** Write stats: 185.356
** Write stats: 190
** Write stats: 195
** Write stats: 200.001
** Write stats: 205.001
** Write stats: 210
** Write stats: 215.001
** Write stats: 220
** Write stats: 225.001
** Write stats: 230
** Write stats: 235.001
** Write stats: 240.001
** Write stats: 245.012
** Write stats: 250.001
** Write stats: 255
** Write stats: 260
** Write stats: 265.001
** Write stats: 270
** Write stats: 275.001
** Write stats: 280
** Write stats: 285.001
** Write stats: 290.001
** Write stats: 295.001
** Write stats: 298.031
