A new version of Solhint is available: 6.0.1
Please consider updating your Solhint package.
/sb/0x4c7bc4d7c5e2ed2f14f8722b7ded6c615d578c1e.sol:1:1: Found more than One contract per file. 5 contracts found! [Warning/one-contract-per-file]
/sb/0x4c7bc4d7c5e2ed2f14f8722b7ded6c615d578c1e.sol:1:1: Compiler version ^0.4.18 does not satisfy the ^0.8.24 semver requirement [Error/compiler-version]
/sb/0x4c7bc4d7c5e2ed2f14f8722b7ded6c615d578c1e.sol:19:1: Missing @title tag in contract 'SafeMath' [Warning/use-natspec]
/sb/0x4c7bc4d7c5e2ed2f14f8722b7ded6c615d578c1e.sol:19:1: Missing @author tag in contract 'SafeMath' [Warning/use-natspec]
/sb/0x4c7bc4d7c5e2ed2f14f8722b7ded6c615d578c1e.sol:19:1: Missing @notice tag in contract 'SafeMath' [Warning/use-natspec]
/sb/0x4c7bc4d7c5e2ed2f14f8722b7ded6c615d578c1e.sol:20:5: Missing @notice tag in function 'add' [Warning/use-natspec]
/sb/0x4c7bc4d7c5e2ed2f14f8722b7ded6c615d578c1e.sol:20:5: Missing @param tag in function 'add' [Warning/use-natspec]
/sb/0x4c7bc4d7c5e2ed2f14f8722b7ded6c615d578c1e.sol:20:5: Mismatch in @param names for function 'add'. Expected: [a, b], Found: [] [Warning/use-natspec]
/sb/0x4c7bc4d7c5e2ed2f14f8722b7ded6c615d578c1e.sol:20:5: Missing @return tag in function 'add' [Warning/use-natspec]
/sb/0x4c7bc4d7c5e2ed2f14f8722b7ded6c615d578c1e.sol:20:5: Mismatch in @return names for function 'add'. Expected: [c], Found: [] [Warning/use-natspec]
/sb/0x4c7bc4d7c5e2ed2f14f8722b7ded6c615d578c1e.sol:20:18: Rule is set with explicit type [var/s: uint] [Warning/explicit-types]
/sb/0x4c7bc4d7c5e2ed2f14f8722b7ded6c615d578c1e.sol:20:26: Rule is set with explicit type [var/s: uint] [Warning/explicit-types]
/sb/0x4c7bc4d7c5e2ed2f14f8722b7ded6c615d578c1e.sol:20:57: Rule is set with explicit type [var/s: uint] [Warning/explicit-types]
/sb/0x4c7bc4d7c5e2ed2f14f8722b7ded6c615d578c1e.sol:22:9: Provide an error message for require [Warning/reason-string]
/sb/0x4c7bc4d7c5e2ed2f14f8722b7ded6c615d578c1e.sol:22:17: GC: Non strict inequality found. Try converting to a strict one [Warning/gas-strict-inequalities]
/sb/0x4c7bc4d7c5e2ed2f14f8722b7ded6c615d578c1e.sol:24:5: Missing @notice tag in function 'sub' [Warning/use-natspec]
/sb/0x4c7bc4d7c5e2ed2f14f8722b7ded6c615d578c1e.sol:24:5: Missing @param tag in function 'sub' [Warning/use-natspec]
/sb/0x4c7bc4d7c5e2ed2f14f8722b7ded6c615d578c1e.sol:24:5: Mismatch in @param names for function 'sub'. Expected: [a, b], Found: [] [Warning/use-natspec]
/sb/0x4c7bc4d7c5e2ed2f14f8722b7ded6c615d578c1e.sol:24:5: Missing @return tag in function 'sub' [Warning/use-natspec]
/sb/0x4c7bc4d7c5e2ed2f14f8722b7ded6c615d578c1e.sol:24:5: Mismatch in @return names for function 'sub'. Expected: [c], Found: [] [Warning/use-natspec]
/sb/0x4c7bc4d7c5e2ed2f14f8722b7ded6c615d578c1e.sol:24:18: Rule is set with explicit type [var/s: uint] [Warning/explicit-types]
/sb/0x4c7bc4d7c5e2ed2f14f8722b7ded6c615d578c1e.sol:24:26: Rule is set with explicit type [var/s: uint] [Warning/explicit-types]
/sb/0x4c7bc4d7c5e2ed2f14f8722b7ded6c615d578c1e.sol:24:57: Rule is set with explicit type [var/s: uint] [Warning/explicit-types]
/sb/0x4c7bc4d7c5e2ed2f14f8722b7ded6c615d578c1e.sol:25:9: Provide an error message for require [Warning/reason-string]
/sb/0x4c7bc4d7c5e2ed2f14f8722b7ded6c615d578c1e.sol:25:17: GC: Non strict inequality found. Try converting to a strict one [Warning/gas-strict-inequalities]
/sb/0x4c7bc4d7c5e2ed2f14f8722b7ded6c615d578c1e.sol:28:5: Missing @notice tag in function 'mul' [Warning/use-natspec]
/sb/0x4c7bc4d7c5e2ed2f14f8722b7ded6c615d578c1e.sol:28:5: Missing @param tag in function 'mul' [Warning/use-natspec]
/sb/0x4c7bc4d7c5e2ed2f14f8722b7ded6c615d578c1e.sol:28:5: Mismatch in @param names for function 'mul'. Expected: [a, b], Found: [] [Warning/use-natspec]
/sb/0x4c7bc4d7c5e2ed2f14f8722b7ded6c615d578c1e.sol:28:5: Missing @return tag in function 'mul' [Warning/use-natspec]
/sb/0x4c7bc4d7c5e2ed2f14f8722b7ded6c615d578c1e.sol:28:5: Mismatch in @return names for function 'mul'. Expected: [c], Found: [] [Warning/use-natspec]
/sb/0x4c7bc4d7c5e2ed2f14f8722b7ded6c615d578c1e.sol:28:18: Rule is set with explicit type [var/s: uint] [Warning/explicit-types]
/sb/0x4c7bc4d7c5e2ed2f14f8722b7ded6c615d578c1e.sol:28:26: Rule is set with explicit type [var/s: uint] [Warning/explicit-types]
/sb/0x4c7bc4d7c5e2ed2f14f8722b7ded6c615d578c1e.sol:28:57: Rule is set with explicit type [var/s: uint] [Warning/explicit-types]
/sb/0x4c7bc4d7c5e2ed2f14f8722b7ded6c615d578c1e.sol:30:9: Provide an error message for require [Warning/reason-string]
/sb/0x4c7bc4d7c5e2ed2f14f8722b7ded6c615d578c1e.sol:32:5: Missing @notice tag in function 'div' [Warning/use-natspec]
/sb/0x4c7bc4d7c5e2ed2f14f8722b7ded6c615d578c1e.sol:32:5: Missing @param tag in function 'div' [Warning/use-natspec]
/sb/0x4c7bc4d7c5e2ed2f14f8722b7ded6c615d578c1e.sol:32:5: Mismatch in @param names for function 'div'. Expected: [a, b], Found: [] [Warning/use-natspec]
/sb/0x4c7bc4d7c5e2ed2f14f8722b7ded6c615d578c1e.sol:32:5: Missing @return tag in function 'div' [Warning/use-natspec]
/sb/0x4c7bc4d7c5e2ed2f14f8722b7ded6c615d578c1e.sol:32:5: Mismatch in @return names for function 'div'. Expected: [c], Found: [] [Warning/use-natspec]
/sb/0x4c7bc4d7c5e2ed2f14f8722b7ded6c615d578c1e.sol:32:18: Rule is set with explicit type [var/s: uint] [Warning/explicit-types]
/sb/0x4c7bc4d7c5e2ed2f14f8722b7ded6c615d578c1e.sol:32:26: Rule is set with explicit type [var/s: uint] [Warning/explicit-types]
/sb/0x4c7bc4d7c5e2ed2f14f8722b7ded6c615d578c1e.sol:32:57: Rule is set with explicit type [var/s: uint] [Warning/explicit-types]
/sb/0x4c7bc4d7c5e2ed2f14f8722b7ded6c615d578c1e.sol:33:9: Provide an error message for require [Warning/reason-string]
/sb/0x4c7bc4d7c5e2ed2f14f8722b7ded6c615d578c1e.sol:43:1: Missing @title tag in contract 'ERC20Interface' [Warning/use-natspec]
/sb/0x4c7bc4d7c5e2ed2f14f8722b7ded6c615d578c1e.sol:43:1: Missing @author tag in contract 'ERC20Interface' [Warning/use-natspec]
/sb/0x4c7bc4d7c5e2ed2f14f8722b7ded6c615d578c1e.sol:43:1: Missing @notice tag in contract 'ERC20Interface' [Warning/use-natspec]
/sb/0x4c7bc4d7c5e2ed2f14f8722b7ded6c615d578c1e.sol:44:5: Missing @notice tag in function 'totalSupply' [Warning/use-natspec]
/sb/0x4c7bc4d7c5e2ed2f14f8722b7ded6c615d578c1e.sol:44:5: Missing @return tag in function 'totalSupply' [Warning/use-natspec]
/sb/0x4c7bc4d7c5e2ed2f14f8722b7ded6c615d578c1e.sol:44:5: Mismatch in @return count for function 'totalSupply'. Expected: 1, Found: 0 [Warning/use-natspec]
/sb/0x4c7bc4d7c5e2ed2f14f8722b7ded6c615d578c1e.sol:44:53: Rule is set with explicit type [var/s: uint] [Warning/explicit-types]
/sb/0x4c7bc4d7c5e2ed2f14f8722b7ded6c615d578c1e.sol:45:5: Missing @notice tag in function 'balanceOf' [Warning/use-natspec]
/sb/0x4c7bc4d7c5e2ed2f14f8722b7ded6c615d578c1e.sol:45:5: Missing @param tag in function 'balanceOf' [Warning/use-natspec]
/sb/0x4c7bc4d7c5e2ed2f14f8722b7ded6c615d578c1e.sol:45:5: Mismatch in @param names for function 'balanceOf'. Expected: [tokenOwner], Found: [] [Warning/use-natspec]
/sb/0x4c7bc4d7c5e2ed2f14f8722b7ded6c615d578c1e.sol:45:5: Missing @return tag in function 'balanceOf' [Warning/use-natspec]
/sb/0x4c7bc4d7c5e2ed2f14f8722b7ded6c615d578c1e.sol:45:5: Mismatch in @return names for function 'balanceOf'. Expected: [balance], Found: [] [Warning/use-natspec]
/sb/0x4c7bc4d7c5e2ed2f14f8722b7ded6c615d578c1e.sol:45:69: Rule is set with explicit type [var/s: uint] [Warning/explicit-types]
/sb/0x4c7bc4d7c5e2ed2f14f8722b7ded6c615d578c1e.sol:46:5: Missing @notice tag in function 'allowance' [Warning/use-natspec]
/sb/0x4c7bc4d7c5e2ed2f14f8722b7ded6c615d578c1e.sol:46:5: Missing @param tag in function 'allowance' [Warning/use-natspec]
/sb/0x4c7bc4d7c5e2ed2f14f8722b7ded6c615d578c1e.sol:46:5: Mismatch in @param names for function 'allowance'. Expected: [tokenOwner, spender], Found: [] [Warning/use-natspec]
/sb/0x4c7bc4d7c5e2ed2f14f8722b7ded6c615d578c1e.sol:46:5: Missing @return tag in function 'allowance' [Warning/use-natspec]
/sb/0x4c7bc4d7c5e2ed2f14f8722b7ded6c615d578c1e.sol:46:5: Mismatch in @return names for function 'allowance'. Expected: [remaining], Found: [] [Warning/use-natspec]
/sb/0x4c7bc4d7c5e2ed2f14f8722b7ded6c615d578c1e.sol:46:86: Rule is set with explicit type [var/s: uint] [Warning/explicit-types]
/sb/0x4c7bc4d7c5e2ed2f14f8722b7ded6c615d578c1e.sol:47:5: Missing @notice tag in function 'transfer' [Warning/use-natspec]
/sb/0x4c7bc4d7c5e2ed2f14f8722b7ded6c615d578c1e.sol:47:5: Missing @param tag in function 'transfer' [Warning/use-natspec]
/sb/0x4c7bc4d7c5e2ed2f14f8722b7ded6c615d578c1e.sol:47:5: Mismatch in @param names for function 'transfer'. Expected: [to, tokens], Found: [] [Warning/use-natspec]
/sb/0x4c7bc4d7c5e2ed2f14f8722b7ded6c615d578c1e.sol:47:5: Missing @return tag in function 'transfer' [Warning/use-natspec]
/sb/0x4c7bc4d7c5e2ed2f14f8722b7ded6c615d578c1e.sol:47:5: Mismatch in @return names for function 'transfer'. Expected: [success], Found: [] [Warning/use-natspec]
/sb/0x4c7bc4d7c5e2ed2f14f8722b7ded6c615d578c1e.sol:47:35: Rule is set with explicit type [var/s: uint] [Warning/explicit-types]
/sb/0x4c7bc4d7c5e2ed2f14f8722b7ded6c615d578c1e.sol:48:5: Missing @notice tag in function 'approve' [Warning/use-natspec]
/sb/0x4c7bc4d7c5e2ed2f14f8722b7ded6c615d578c1e.sol:48:5: Missing @param tag in function 'approve' [Warning/use-natspec]
/sb/0x4c7bc4d7c5e2ed2f14f8722b7ded6c615d578c1e.sol:48:5: Mismatch in @param names for function 'approve'. Expected: [spender, tokens], Found: [] [Warning/use-natspec]
/sb/0x4c7bc4d7c5e2ed2f14f8722b7ded6c615d578c1e.sol:48:5: Missing @return tag in function 'approve' [Warning/use-natspec]
/sb/0x4c7bc4d7c5e2ed2f14f8722b7ded6c615d578c1e.sol:48:5: Mismatch in @return names for function 'approve'. Expected: [success], Found: [] [Warning/use-natspec]
/sb/0x4c7bc4d7c5e2ed2f14f8722b7ded6c615d578c1e.sol:48:39: Rule is set with explicit type [var/s: uint] [Warning/explicit-types]
/sb/0x4c7bc4d7c5e2ed2f14f8722b7ded6c615d578c1e.sol:49:5: Missing @notice tag in function 'transferFrom' [Warning/use-natspec]
/sb/0x4c7bc4d7c5e2ed2f14f8722b7ded6c615d578c1e.sol:49:5: Missing @param tag in function 'transferFrom' [Warning/use-natspec]
/sb/0x4c7bc4d7c5e2ed2f14f8722b7ded6c615d578c1e.sol:49:5: Mismatch in @param names for function 'transferFrom'. Expected: [from, to, tokens], Found: [] [Warning/use-natspec]
/sb/0x4c7bc4d7c5e2ed2f14f8722b7ded6c615d578c1e.sol:49:5: Missing @return tag in function 'transferFrom' [Warning/use-natspec]
/sb/0x4c7bc4d7c5e2ed2f14f8722b7ded6c615d578c1e.sol:49:5: Mismatch in @return names for function 'transferFrom'. Expected: [success], Found: [] [Warning/use-natspec]
/sb/0x4c7bc4d7c5e2ed2f14f8722b7ded6c615d578c1e.sol:49:53: Rule is set with explicit type [var/s: uint] [Warning/explicit-types]
/sb/0x4c7bc4d7c5e2ed2f14f8722b7ded6c615d578c1e.sol:51:5: Missing @notice tag in event 'Transfer' [Warning/use-natspec]
/sb/0x4c7bc4d7c5e2ed2f14f8722b7ded6c615d578c1e.sol:51:5: Missing @param tag in event 'Transfer' [Warning/use-natspec]
/sb/0x4c7bc4d7c5e2ed2f14f8722b7ded6c615d578c1e.sol:51:5: Mismatch in @param names for event 'Transfer'. Expected: [from, to, tokens], Found: [] [Warning/use-natspec]
/sb/0x4c7bc4d7c5e2ed2f14f8722b7ded6c615d578c1e.sol:51:5: GC: [tokens] on Event [Transfer] could be Indexed [Warning/gas-indexed-events]
/sb/0x4c7bc4d7c5e2ed2f14f8722b7ded6c615d578c1e.sol:51:62: Rule is set with explicit type [var/s: uint] [Warning/explicit-types]
/sb/0x4c7bc4d7c5e2ed2f14f8722b7ded6c615d578c1e.sol:52:5: Missing @notice tag in event 'Approval' [Warning/use-natspec]
/sb/0x4c7bc4d7c5e2ed2f14f8722b7ded6c615d578c1e.sol:52:5: Missing @param tag in event 'Approval' [Warning/use-natspec]
/sb/0x4c7bc4d7c5e2ed2f14f8722b7ded6c615d578c1e.sol:52:5: Mismatch in @param names for event 'Approval'. Expected: [tokenOwner, spender, tokens], Found: [] [Warning/use-natspec]
/sb/0x4c7bc4d7c5e2ed2f14f8722b7ded6c615d578c1e.sol:52:5: GC: [tokens] on Event [Approval] could be Indexed [Warning/gas-indexed-events]
/sb/0x4c7bc4d7c5e2ed2f14f8722b7ded6c615d578c1e.sol:52:73: Rule is set with explicit type [var/s: uint] [Warning/explicit-types]
/sb/0x4c7bc4d7c5e2ed2f14f8722b7ded6c615d578c1e.sol:61:1: Missing @title tag in contract 'ApproveAndCallFallBack' [Warning/use-natspec]
/sb/0x4c7bc4d7c5e2ed2f14f8722b7ded6c615d578c1e.sol:61:1: Missing @author tag in contract 'ApproveAndCallFallBack' [Warning/use-natspec]
/sb/0x4c7bc4d7c5e2ed2f14f8722b7ded6c615d578c1e.sol:61:1: Missing @notice tag in contract 'ApproveAndCallFallBack' [Warning/use-natspec]
/sb/0x4c7bc4d7c5e2ed2f14f8722b7ded6c615d578c1e.sol:62:5: Missing @notice tag in function 'receiveApproval' [Warning/use-natspec]
/sb/0x4c7bc4d7c5e2ed2f14f8722b7ded6c615d578c1e.sol:62:5: Missing @param tag in function 'receiveApproval' [Warning/use-natspec]
/sb/0x4c7bc4d7c5e2ed2f14f8722b7ded6c615d578c1e.sol:62:5: Mismatch in @param names for function 'receiveApproval'. Expected: [from, tokens, token, data], Found: [] [Warning/use-natspec]
/sb/0x4c7bc4d7c5e2ed2f14f8722b7ded6c615d578c1e.sol:69:1: Missing @title tag in contract 'Owned' [Warning/use-natspec]
/sb/0x4c7bc4d7c5e2ed2f14f8722b7ded6c615d578c1e.sol:69:1: Missing @author tag in contract 'Owned' [Warning/use-natspec]
/sb/0x4c7bc4d7c5e2ed2f14f8722b7ded6c615d578c1e.sol:69:1: Missing @notice tag in contract 'Owned' [Warning/use-natspec]
/sb/0x4c7bc4d7c5e2ed2f14f8722b7ded6c615d578c1e.sol:70:5: Missing @notice tag in variable 'owner' [Warning/use-natspec]
/sb/0x4c7bc4d7c5e2ed2f14f8722b7ded6c615d578c1e.sol:71:5: Missing @notice tag in variable 'newOwner' [Warning/use-natspec]
/sb/0x4c7bc4d7c5e2ed2f14f8722b7ded6c615d578c1e.sol:73:5: Missing @notice tag in event 'OwnershipTransferred' [Warning/use-natspec]
/sb/0x4c7bc4d7c5e2ed2f14f8722b7ded6c615d578c1e.sol:73:5: Missing @param tag in event 'OwnershipTransferred' [Warning/use-natspec]
/sb/0x4c7bc4d7c5e2ed2f14f8722b7ded6c615d578c1e.sol:73:5: Mismatch in @param names for event 'OwnershipTransferred'. Expected: [_from, _to], Found: [] [Warning/use-natspec]
/sb/0x4c7bc4d7c5e2ed2f14f8722b7ded6c615d578c1e.sol:75:5: Missing @notice tag in function 'Owned' [Warning/use-natspec]
/sb/0x4c7bc4d7c5e2ed2f14f8722b7ded6c615d578c1e.sol:80:9: Provide an error message for require [Warning/reason-string]
/sb/0x4c7bc4d7c5e2ed2f14f8722b7ded6c615d578c1e.sol:84:5: Missing @notice tag in function 'transferOwnership' [Warning/use-natspec]
/sb/0x4c7bc4d7c5e2ed2f14f8722b7ded6c615d578c1e.sol:84:5: Missing @param tag in function 'transferOwnership' [Warning/use-natspec]
/sb/0x4c7bc4d7c5e2ed2f14f8722b7ded6c615d578c1e.sol:84:5: Mismatch in @param names for function 'transferOwnership'. Expected: [_newOwner], Found: [] [Warning/use-natspec]
/sb/0x4c7bc4d7c5e2ed2f14f8722b7ded6c615d578c1e.sol:87:5: Missing @notice tag in function 'acceptOwnership' [Warning/use-natspec]
/sb/0x4c7bc4d7c5e2ed2f14f8722b7ded6c615d578c1e.sol:88:9: Provide an error message for require [Warning/reason-string]
/sb/0x4c7bc4d7c5e2ed2f14f8722b7ded6c615d578c1e.sol:100:1: Missing @title tag in contract 'ZeroChainToken' [Warning/use-natspec]
/sb/0x4c7bc4d7c5e2ed2f14f8722b7ded6c615d578c1e.sol:100:1: Missing @author tag in contract 'ZeroChainToken' [Warning/use-natspec]
/sb/0x4c7bc4d7c5e2ed2f14f8722b7ded6c615d578c1e.sol:100:1: Missing @notice tag in contract 'ZeroChainToken' [Warning/use-natspec]
/sb/0x4c7bc4d7c5e2ed2f14f8722b7ded6c615d578c1e.sol:103:5: Missing @notice tag in variable 'symbol' [Warning/use-natspec]
/sb/0x4c7bc4d7c5e2ed2f14f8722b7ded6c615d578c1e.sol:104:5: Missing @notice tag in variable 'name' [Warning/use-natspec]
/sb/0x4c7bc4d7c5e2ed2f14f8722b7ded6c615d578c1e.sol:105:5: Missing @notice tag in variable 'decimals' [Warning/use-natspec]
/sb/0x4c7bc4d7c5e2ed2f14f8722b7ded6c615d578c1e.sol:106:5: Rule is set with explicit type [var/s: uint] [Warning/explicit-types]
/sb/0x4c7bc4d7c5e2ed2f14f8722b7ded6c615d578c1e.sol:106:5: Missing @notice tag in variable '_totalSupply' [Warning/use-natspec]
/sb/0x4c7bc4d7c5e2ed2f14f8722b7ded6c615d578c1e.sol:108:5: Explicitly mark visibility of state [Warning/state-visibility]
/sb/0x4c7bc4d7c5e2ed2f14f8722b7ded6c615d578c1e.sol:108:5: Rule is set with explicit type [var/s: uint] [Warning/explicit-types]
/sb/0x4c7bc4d7c5e2ed2f14f8722b7ded6c615d578c1e.sol:109:5: Explicitly mark visibility of state [Warning/state-visibility]
/sb/0x4c7bc4d7c5e2ed2f14f8722b7ded6c615d578c1e.sol:109:5: Rule is set with explicit type [var/s: uint] [Warning/explicit-types]
/sb/0x4c7bc4d7c5e2ed2f14f8722b7ded6c615d578c1e.sol:115:5: Missing @notice tag in function 'ZeroChainToken' [Warning/use-natspec]
/sb/0x4c7bc4d7c5e2ed2f14f8722b7ded6c615d578c1e.sol:119:9: Rule is set with explicit type [var/s: uint] [Warning/explicit-types]
/sb/0x4c7bc4d7c5e2ed2f14f8722b7ded6c615d578c1e.sol:128:5: Missing @notice tag in function 'totalSupply' [Warning/use-natspec]
/sb/0x4c7bc4d7c5e2ed2f14f8722b7ded6c615d578c1e.sol:128:5: Missing @return tag in function 'totalSupply' [Warning/use-natspec]
/sb/0x4c7bc4d7c5e2ed2f14f8722b7ded6c615d578c1e.sol:128:5: Mismatch in @return count for function 'totalSupply'. Expected: 1, Found: 0 [Warning/use-natspec]
/sb/0x4c7bc4d7c5e2ed2f14f8722b7ded6c615d578c1e.sol:128:53: Rule is set with explicit type [var/s: uint] [Warning/explicit-types]
/sb/0x4c7bc4d7c5e2ed2f14f8722b7ded6c615d578c1e.sol:136:5: Missing @notice tag in function 'balanceOf' [Warning/use-natspec]
/sb/0x4c7bc4d7c5e2ed2f14f8722b7ded6c615d578c1e.sol:136:5: Missing @param tag in function 'balanceOf' [Warning/use-natspec]
/sb/0x4c7bc4d7c5e2ed2f14f8722b7ded6c615d578c1e.sol:136:5: Mismatch in @param names for function 'balanceOf'. Expected: [tokenOwner], Found: [] [Warning/use-natspec]
/sb/0x4c7bc4d7c5e2ed2f14f8722b7ded6c615d578c1e.sol:136:5: Missing @return tag in function 'balanceOf' [Warning/use-natspec]
/sb/0x4c7bc4d7c5e2ed2f14f8722b7ded6c615d578c1e.sol:136:5: Mismatch in @return names for function 'balanceOf'. Expected: [balance], Found: [] [Warning/use-natspec]
/sb/0x4c7bc4d7c5e2ed2f14f8722b7ded6c615d578c1e.sol:136:69: Rule is set with explicit type [var/s: uint] [Warning/explicit-types]
/sb/0x4c7bc4d7c5e2ed2f14f8722b7ded6c615d578c1e.sol:146:5: Missing @notice tag in function 'transfer' [Warning/use-natspec]
/sb/0x4c7bc4d7c5e2ed2f14f8722b7ded6c615d578c1e.sol:146:5: Missing @param tag in function 'transfer' [Warning/use-natspec]
/sb/0x4c7bc4d7c5e2ed2f14f8722b7ded6c615d578c1e.sol:146:5: Mismatch in @param names for function 'transfer'. Expected: [to, tokens], Found: [] [Warning/use-natspec]
/sb/0x4c7bc4d7c5e2ed2f14f8722b7ded6c615d578c1e.sol:146:5: Missing @return tag in function 'transfer' [Warning/use-natspec]
/sb/0x4c7bc4d7c5e2ed2f14f8722b7ded6c615d578c1e.sol:146:5: Mismatch in @return names for function 'transfer'. Expected: [success], Found: [] [Warning/use-natspec]
/sb/0x4c7bc4d7c5e2ed2f14f8722b7ded6c615d578c1e.sol:146:35: Rule is set with explicit type [var/s: uint] [Warning/explicit-types]
/sb/0x4c7bc4d7c5e2ed2f14f8722b7ded6c615d578c1e.sol:162:5: Missing @notice tag in function 'approve' [Warning/use-natspec]
/sb/0x4c7bc4d7c5e2ed2f14f8722b7ded6c615d578c1e.sol:162:5: Missing @param tag in function 'approve' [Warning/use-natspec]
/sb/0x4c7bc4d7c5e2ed2f14f8722b7ded6c615d578c1e.sol:162:5: Mismatch in @param names for function 'approve'. Expected: [spender, tokens], Found: [] [Warning/use-natspec]
/sb/0x4c7bc4d7c5e2ed2f14f8722b7ded6c615d578c1e.sol:162:5: Missing @return tag in function 'approve' [Warning/use-natspec]
/sb/0x4c7bc4d7c5e2ed2f14f8722b7ded6c615d578c1e.sol:162:5: Mismatch in @return names for function 'approve'. Expected: [success], Found: [] [Warning/use-natspec]
/sb/0x4c7bc4d7c5e2ed2f14f8722b7ded6c615d578c1e.sol:162:39: Rule is set with explicit type [var/s: uint] [Warning/explicit-types]
/sb/0x4c7bc4d7c5e2ed2f14f8722b7ded6c615d578c1e.sol:178:5: Missing @notice tag in function 'transferFrom' [Warning/use-natspec]
/sb/0x4c7bc4d7c5e2ed2f14f8722b7ded6c615d578c1e.sol:178:5: Missing @param tag in function 'transferFrom' [Warning/use-natspec]
/sb/0x4c7bc4d7c5e2ed2f14f8722b7ded6c615d578c1e.sol:178:5: Mismatch in @param names for function 'transferFrom'. Expected: [from, to, tokens], Found: [] [Warning/use-natspec]
/sb/0x4c7bc4d7c5e2ed2f14f8722b7ded6c615d578c1e.sol:178:5: Missing @return tag in function 'transferFrom' [Warning/use-natspec]
/sb/0x4c7bc4d7c5e2ed2f14f8722b7ded6c615d578c1e.sol:178:5: Mismatch in @return names for function 'transferFrom'. Expected: [success], Found: [] [Warning/use-natspec]
/sb/0x4c7bc4d7c5e2ed2f14f8722b7ded6c615d578c1e.sol:178:53: Rule is set with explicit type [var/s: uint] [Warning/explicit-types]
/sb/0x4c7bc4d7c5e2ed2f14f8722b7ded6c615d578c1e.sol:191:5: Missing @notice tag in function 'allowance' [Warning/use-natspec]
/sb/0x4c7bc4d7c5e2ed2f14f8722b7ded6c615d578c1e.sol:191:5: Missing @param tag in function 'allowance' [Warning/use-natspec]
/sb/0x4c7bc4d7c5e2ed2f14f8722b7ded6c615d578c1e.sol:191:5: Mismatch in @param names for function 'allowance'. Expected: [tokenOwner, spender], Found: [] [Warning/use-natspec]
/sb/0x4c7bc4d7c5e2ed2f14f8722b7ded6c615d578c1e.sol:191:5: Missing @return tag in function 'allowance' [Warning/use-natspec]
/sb/0x4c7bc4d7c5e2ed2f14f8722b7ded6c615d578c1e.sol:191:5: Mismatch in @return names for function 'allowance'. Expected: [remaining], Found: [] [Warning/use-natspec]
/sb/0x4c7bc4d7c5e2ed2f14f8722b7ded6c615d578c1e.sol:191:86: Rule is set with explicit type [var/s: uint] [Warning/explicit-types]
/sb/0x4c7bc4d7c5e2ed2f14f8722b7ded6c615d578c1e.sol:201:5: Missing @notice tag in function 'approveAndCall' [Warning/use-natspec]
/sb/0x4c7bc4d7c5e2ed2f14f8722b7ded6c615d578c1e.sol:201:5: Missing @param tag in function 'approveAndCall' [Warning/use-natspec]
/sb/0x4c7bc4d7c5e2ed2f14f8722b7ded6c615d578c1e.sol:201:5: Mismatch in @param names for function 'approveAndCall'. Expected: [spender, tokens, data], Found: [] [Warning/use-natspec]
/sb/0x4c7bc4d7c5e2ed2f14f8722b7ded6c615d578c1e.sol:201:5: Missing @return tag in function 'approveAndCall' [Warning/use-natspec]
/sb/0x4c7bc4d7c5e2ed2f14f8722b7ded6c615d578c1e.sol:201:5: Mismatch in @return names for function 'approveAndCall'. Expected: [success], Found: [] [Warning/use-natspec]
/sb/0x4c7bc4d7c5e2ed2f14f8722b7ded6c615d578c1e.sol:201:46: Rule is set with explicit type [var/s: uint] [Warning/explicit-types]
/sb/0x4c7bc4d7c5e2ed2f14f8722b7ded6c615d578c1e.sol:212:5: Missing @notice tag in function '<anonymous>' [Warning/use-natspec]
/sb/0x4c7bc4d7c5e2ed2f14f8722b7ded6c615d578c1e.sol:213:9: Provide an error message for revert [Warning/reason-string]
/sb/0x4c7bc4d7c5e2ed2f14f8722b7ded6c615d578c1e.sol:220:5: Missing @notice tag in function 'transferAnyERC20Token' [Warning/use-natspec]
/sb/0x4c7bc4d7c5e2ed2f14f8722b7ded6c615d578c1e.sol:220:5: Missing @param tag in function 'transferAnyERC20Token' [Warning/use-natspec]
/sb/0x4c7bc4d7c5e2ed2f14f8722b7ded6c615d578c1e.sol:220:5: Mismatch in @param names for function 'transferAnyERC20Token'. Expected: [tokenAddress, tokens], Found: [] [Warning/use-natspec]
/sb/0x4c7bc4d7c5e2ed2f14f8722b7ded6c615d578c1e.sol:220:5: Missing @return tag in function 'transferAnyERC20Token' [Warning/use-natspec]
/sb/0x4c7bc4d7c5e2ed2f14f8722b7ded6c615d578c1e.sol:220:5: Mismatch in @return names for function 'transferAnyERC20Token'. Expected: [success], Found: [] [Warning/use-natspec]
/sb/0x4c7bc4d7c5e2ed2f14f8722b7ded6c615d578c1e.sol:220:58: Rule is set with explicit type [var/s: uint] [Warning/explicit-types]

173 problem/s (1 error/s, 172 warning/s)
