'solc --version' running
'solc /sb/0x4763fc5d561abbb2486c4408d9670f337e2bf5d9.sol --combined-json abi,ast,bin,bin-runtime,srcmap,srcmap-runtime,userdoc,devdoc,hashes,compact-format --allow-paths .,/sb' running

Airdrop.drop(ERC20,address[],uint256[]) (../sb/0x4763fc5d561abbb2486c4408d9670f337e2bf5d9.sol#8-12) ignores return value by token.transfer(recipients[i],values[i]) (../sb/0x4763fc5d561abbb2486c4408d9670f337e2bf5d9.sol#10)
Reference: https://github.com/crytic/slither/wiki/Detector-Documentation#unchecked-transfer

Airdrop.drop(ERC20,address[],uint256[]) (../sb/0x4763fc5d561abbb2486c4408d9670f337e2bf5d9.sol#8-12) has external calls inside a loop: token.transfer(recipients[i],values[i]) (../sb/0x4763fc5d561abbb2486c4408d9670f337e2bf5d9.sol#10)
Reference: https://github.com/crytic/slither/wiki/Detector-Documentation/#calls-inside-a-loop

Version constraint ^0.4.25 contains known severe issues (https://solidity.readthedocs.io/en/latest/bugs.html)
	- DirtyBytesArrayToStorage
	- ABIDecodeTwoDimensionalArrayMemory
	- KeccakCaching
	- EmptyByteArrayCopy
	- DynamicArrayCleanup
	- ImplicitConstructorCallvalueCheck
	- TupleAssignmentMultiStackSlotComponents
	- MemoryArrayCreationOverflow
	- privateCanBeOverridden
	- SignedArrayStorageCopy
	- ABIEncoderV2StorageArrayWithMultiSlotElement
	- DynamicConstructorArgumentsClippedABIV2
	- UninitializedFunctionPointerInConstructor_0.4.x
	- IncorrectEventSignatureInLibraries_0.4.x
	- ABIEncoderV2PackedStorage_0.4.x.
It is used by:
	- ^0.4.25 (../sb/0x4763fc5d561abbb2486c4408d9670f337e2bf5d9.sol#1)
solc-0.4.26 is an outdated solc version. Use a more recent version (at least 0.8.0), if possible.
Reference: https://github.com/crytic/slither/wiki/Detector-Documentation#incorrect-versions-of-solidity

drop(ERC20,address[],uint256[]) should be declared external:
	- Airdrop.drop(ERC20,address[],uint256[]) (../sb/0x4763fc5d561abbb2486c4408d9670f337e2bf5d9.sol#8-12)
Reference: https://github.com/crytic/slither/wiki/Detector-Documentation#public-function-that-could-be-declared-external
/sb/0x4763fc5d561abbb2486c4408d9670f337e2bf5d9.sol analyzed (2 contracts with 100 detectors), 5 result(s) found
