A new version of Solhint is available: 6.0.1
Please consider updating your Solhint package.
/sb/0x0046f822ef4e6d51a40dd87d34ab1d5f088291a4.sol:1:1: Found more than One contract per file. 4 contracts found! [Warning/one-contract-per-file]
/sb/0x0046f822ef4e6d51a40dd87d34ab1d5f088291a4.sol:1:1: Compiler version ^0.4.11 does not satisfy the ^0.8.24 semver requirement [Error/compiler-version]
/sb/0x0046f822ef4e6d51a40dd87d34ab1d5f088291a4.sol:61:1: Compiler version ^0.4.0 does not satisfy the ^0.8.24 semver requirement [Error/compiler-version]
/sb/0x0046f822ef4e6d51a40dd87d34ab1d5f088291a4.sol:65:1: Missing @title tag in contract 'OraclizeI' [Warning/use-natspec]
/sb/0x0046f822ef4e6d51a40dd87d34ab1d5f088291a4.sol:65:1: Missing @author tag in contract 'OraclizeI' [Warning/use-natspec]
/sb/0x0046f822ef4e6d51a40dd87d34ab1d5f088291a4.sol:65:1: Missing @notice tag in contract 'OraclizeI' [Warning/use-natspec]
/sb/0x0046f822ef4e6d51a40dd87d34ab1d5f088291a4.sol:67:5: Missing @notice tag in variable 'cbAddress' [Warning/use-natspec]
/sb/0x0046f822ef4e6d51a40dd87d34ab1d5f088291a4.sol:69:5: Missing @notice tag in function 'query' [Warning/use-natspec]
/sb/0x0046f822ef4e6d51a40dd87d34ab1d5f088291a4.sol:69:5: Missing @param tag in function 'query' [Warning/use-natspec]
/sb/0x0046f822ef4e6d51a40dd87d34ab1d5f088291a4.sol:69:5: Mismatch in @param names for function 'query'. Expected: [_timestamp, _datasource, _arg], Found: [] [Warning/use-natspec]
/sb/0x0046f822ef4e6d51a40dd87d34ab1d5f088291a4.sol:69:5: Missing @return tag in function 'query' [Warning/use-natspec]
/sb/0x0046f822ef4e6d51a40dd87d34ab1d5f088291a4.sol:69:5: Mismatch in @return names for function 'query'. Expected: [_id], Found: [] [Warning/use-natspec]
/sb/0x0046f822ef4e6d51a40dd87d34ab1d5f088291a4.sol:69:5: Explicitly mark visibility in function [Warning/func-visibility]
/sb/0x0046f822ef4e6d51a40dd87d34ab1d5f088291a4.sol:69:20: Rule is set with explicit type [var/s: uint] [Warning/explicit-types]
/sb/0x0046f822ef4e6d51a40dd87d34ab1d5f088291a4.sol:71:5: Missing @notice tag in function 'query_withGasLimit' [Warning/use-natspec]
/sb/0x0046f822ef4e6d51a40dd87d34ab1d5f088291a4.sol:71:5: Missing @param tag in function 'query_withGasLimit' [Warning/use-natspec]
/sb/0x0046f822ef4e6d51a40dd87d34ab1d5f088291a4.sol:71:5: Mismatch in @param names for function 'query_withGasLimit'. Expected: [_timestamp, _datasource, _arg, _gaslimit], Found: [] [Warning/use-natspec]
/sb/0x0046f822ef4e6d51a40dd87d34ab1d5f088291a4.sol:71:5: Missing @return tag in function 'query_withGasLimit' [Warning/use-natspec]
/sb/0x0046f822ef4e6d51a40dd87d34ab1d5f088291a4.sol:71:5: Mismatch in @return names for function 'query_withGasLimit'. Expected: [_id], Found: [] [Warning/use-natspec]
/sb/0x0046f822ef4e6d51a40dd87d34ab1d5f088291a4.sol:71:5: Function name must be in mixedCase [Warning/func-name-mixedcase]
/sb/0x0046f822ef4e6d51a40dd87d34ab1d5f088291a4.sol:71:5: Explicitly mark visibility in function [Warning/func-visibility]
/sb/0x0046f822ef4e6d51a40dd87d34ab1d5f088291a4.sol:71:33: Rule is set with explicit type [var/s: uint] [Warning/explicit-types]
/sb/0x0046f822ef4e6d51a40dd87d34ab1d5f088291a4.sol:71:83: Rule is set with explicit type [var/s: uint] [Warning/explicit-types]
/sb/0x0046f822ef4e6d51a40dd87d34ab1d5f088291a4.sol:73:5: Missing @notice tag in function 'query2' [Warning/use-natspec]
/sb/0x0046f822ef4e6d51a40dd87d34ab1d5f088291a4.sol:73:5: Missing @param tag in function 'query2' [Warning/use-natspec]
/sb/0x0046f822ef4e6d51a40dd87d34ab1d5f088291a4.sol:73:5: Mismatch in @param names for function 'query2'. Expected: [_timestamp, _datasource, _arg1, _arg2], Found: [] [Warning/use-natspec]
/sb/0x0046f822ef4e6d51a40dd87d34ab1d5f088291a4.sol:73:5: Missing @return tag in function 'query2' [Warning/use-natspec]
/sb/0x0046f822ef4e6d51a40dd87d34ab1d5f088291a4.sol:73:5: Mismatch in @return names for function 'query2'. Expected: [_id], Found: [] [Warning/use-natspec]
/sb/0x0046f822ef4e6d51a40dd87d34ab1d5f088291a4.sol:73:5: Explicitly mark visibility in function [Warning/func-visibility]
/sb/0x0046f822ef4e6d51a40dd87d34ab1d5f088291a4.sol:73:21: Rule is set with explicit type [var/s: uint] [Warning/explicit-types]
/sb/0x0046f822ef4e6d51a40dd87d34ab1d5f088291a4.sol:75:5: Missing @notice tag in function 'query2_withGasLimit' [Warning/use-natspec]
/sb/0x0046f822ef4e6d51a40dd87d34ab1d5f088291a4.sol:75:5: Missing @param tag in function 'query2_withGasLimit' [Warning/use-natspec]
/sb/0x0046f822ef4e6d51a40dd87d34ab1d5f088291a4.sol:75:5: Mismatch in @param names for function 'query2_withGasLimit'. Expected: [_timestamp, _datasource, _arg1, _arg2, _gaslimit], Found: [] [Warning/use-natspec]
/sb/0x0046f822ef4e6d51a40dd87d34ab1d5f088291a4.sol:75:5: Missing @return tag in function 'query2_withGasLimit' [Warning/use-natspec]
/sb/0x0046f822ef4e6d51a40dd87d34ab1d5f088291a4.sol:75:5: Mismatch in @return names for function 'query2_withGasLimit'. Expected: [_id], Found: [] [Warning/use-natspec]
/sb/0x0046f822ef4e6d51a40dd87d34ab1d5f088291a4.sol:75:5: Function name must be in mixedCase [Warning/func-name-mixedcase]
/sb/0x0046f822ef4e6d51a40dd87d34ab1d5f088291a4.sol:75:5: Explicitly mark visibility in function [Warning/func-visibility]
/sb/0x0046f822ef4e6d51a40dd87d34ab1d5f088291a4.sol:75:34: Rule is set with explicit type [var/s: uint] [Warning/explicit-types]
/sb/0x0046f822ef4e6d51a40dd87d34ab1d5f088291a4.sol:75:99: Rule is set with explicit type [var/s: uint] [Warning/explicit-types]
/sb/0x0046f822ef4e6d51a40dd87d34ab1d5f088291a4.sol:77:5: Missing @notice tag in function 'queryN' [Warning/use-natspec]
/sb/0x0046f822ef4e6d51a40dd87d34ab1d5f088291a4.sol:77:5: Missing @param tag in function 'queryN' [Warning/use-natspec]
/sb/0x0046f822ef4e6d51a40dd87d34ab1d5f088291a4.sol:77:5: Mismatch in @param names for function 'queryN'. Expected: [_timestamp, _datasource, _argN], Found: [] [Warning/use-natspec]
/sb/0x0046f822ef4e6d51a40dd87d34ab1d5f088291a4.sol:77:5: Missing @return tag in function 'queryN' [Warning/use-natspec]
/sb/0x0046f822ef4e6d51a40dd87d34ab1d5f088291a4.sol:77:5: Mismatch in @return names for function 'queryN'. Expected: [_id], Found: [] [Warning/use-natspec]
/sb/0x0046f822ef4e6d51a40dd87d34ab1d5f088291a4.sol:77:5: Explicitly mark visibility in function [Warning/func-visibility]
/sb/0x0046f822ef4e6d51a40dd87d34ab1d5f088291a4.sol:77:21: Rule is set with explicit type [var/s: uint] [Warning/explicit-types]
/sb/0x0046f822ef4e6d51a40dd87d34ab1d5f088291a4.sol:79:5: Missing @notice tag in function 'queryN_withGasLimit' [Warning/use-natspec]
/sb/0x0046f822ef4e6d51a40dd87d34ab1d5f088291a4.sol:79:5: Missing @param tag in function 'queryN_withGasLimit' [Warning/use-natspec]
/sb/0x0046f822ef4e6d51a40dd87d34ab1d5f088291a4.sol:79:5: Mismatch in @param names for function 'queryN_withGasLimit'. Expected: [_timestamp, _datasource, _argN, _gaslimit], Found: [] [Warning/use-natspec]
/sb/0x0046f822ef4e6d51a40dd87d34ab1d5f088291a4.sol:79:5: Missing @return tag in function 'queryN_withGasLimit' [Warning/use-natspec]
/sb/0x0046f822ef4e6d51a40dd87d34ab1d5f088291a4.sol:79:5: Mismatch in @return names for function 'queryN_withGasLimit'. Expected: [_id], Found: [] [Warning/use-natspec]
/sb/0x0046f822ef4e6d51a40dd87d34ab1d5f088291a4.sol:79:5: Function name must be in mixedCase [Warning/func-name-mixedcase]
/sb/0x0046f822ef4e6d51a40dd87d34ab1d5f088291a4.sol:79:5: Explicitly mark visibility in function [Warning/func-visibility]
/sb/0x0046f822ef4e6d51a40dd87d34ab1d5f088291a4.sol:79:34: Rule is set with explicit type [var/s: uint] [Warning/explicit-types]
/sb/0x0046f822ef4e6d51a40dd87d34ab1d5f088291a4.sol:79:84: Rule is set with explicit type [var/s: uint] [Warning/explicit-types]
/sb/0x0046f822ef4e6d51a40dd87d34ab1d5f088291a4.sol:81:5: Missing @notice tag in function 'getPrice' [Warning/use-natspec]
/sb/0x0046f822ef4e6d51a40dd87d34ab1d5f088291a4.sol:81:5: Missing @param tag in function 'getPrice' [Warning/use-natspec]
/sb/0x0046f822ef4e6d51a40dd87d34ab1d5f088291a4.sol:81:5: Mismatch in @param names for function 'getPrice'. Expected: [_datasource], Found: [] [Warning/use-natspec]
/sb/0x0046f822ef4e6d51a40dd87d34ab1d5f088291a4.sol:81:5: Missing @return tag in function 'getPrice' [Warning/use-natspec]
/sb/0x0046f822ef4e6d51a40dd87d34ab1d5f088291a4.sol:81:5: Mismatch in @return names for function 'getPrice'. Expected: [_dsprice], Found: [] [Warning/use-natspec]
/sb/0x0046f822ef4e6d51a40dd87d34ab1d5f088291a4.sol:81:5: Explicitly mark visibility in function [Warning/func-visibility]
/sb/0x0046f822ef4e6d51a40dd87d34ab1d5f088291a4.sol:81:52: Rule is set with explicit type [var/s: uint] [Warning/explicit-types]
/sb/0x0046f822ef4e6d51a40dd87d34ab1d5f088291a4.sol:83:5: Missing @notice tag in function 'getPrice' [Warning/use-natspec]
/sb/0x0046f822ef4e6d51a40dd87d34ab1d5f088291a4.sol:83:5: Missing @param tag in function 'getPrice' [Warning/use-natspec]
/sb/0x0046f822ef4e6d51a40dd87d34ab1d5f088291a4.sol:83:5: Mismatch in @param names for function 'getPrice'. Expected: [_datasource, gaslimit], Found: [] [Warning/use-natspec]
/sb/0x0046f822ef4e6d51a40dd87d34ab1d5f088291a4.sol:83:5: Missing @return tag in function 'getPrice' [Warning/use-natspec]
/sb/0x0046f822ef4e6d51a40dd87d34ab1d5f088291a4.sol:83:5: Mismatch in @return names for function 'getPrice'. Expected: [_dsprice], Found: [] [Warning/use-natspec]
/sb/0x0046f822ef4e6d51a40dd87d34ab1d5f088291a4.sol:83:5: Explicitly mark visibility in function [Warning/func-visibility]
/sb/0x0046f822ef4e6d51a40dd87d34ab1d5f088291a4.sol:83:43: Rule is set with explicit type [var/s: uint] [Warning/explicit-types]
/sb/0x0046f822ef4e6d51a40dd87d34ab1d5f088291a4.sol:83:67: Rule is set with explicit type [var/s: uint] [Warning/explicit-types]
/sb/0x0046f822ef4e6d51a40dd87d34ab1d5f088291a4.sol:85:5: Missing @notice tag in function 'useCoupon' [Warning/use-natspec]
/sb/0x0046f822ef4e6d51a40dd87d34ab1d5f088291a4.sol:85:5: Missing @param tag in function 'useCoupon' [Warning/use-natspec]
/sb/0x0046f822ef4e6d51a40dd87d34ab1d5f088291a4.sol:85:5: Mismatch in @param names for function 'useCoupon'. Expected: [_coupon], Found: [] [Warning/use-natspec]
/sb/0x0046f822ef4e6d51a40dd87d34ab1d5f088291a4.sol:85:5: Explicitly mark visibility in function [Warning/func-visibility]
/sb/0x0046f822ef4e6d51a40dd87d34ab1d5f088291a4.sol:87:5: Missing @notice tag in function 'setProofType' [Warning/use-natspec]
/sb/0x0046f822ef4e6d51a40dd87d34ab1d5f088291a4.sol:87:5: Missing @param tag in function 'setProofType' [Warning/use-natspec]
/sb/0x0046f822ef4e6d51a40dd87d34ab1d5f088291a4.sol:87:5: Mismatch in @param names for function 'setProofType'. Expected: [_proofType], Found: [] [Warning/use-natspec]
/sb/0x0046f822ef4e6d51a40dd87d34ab1d5f088291a4.sol:87:5: Explicitly mark visibility in function [Warning/func-visibility]
/sb/0x0046f822ef4e6d51a40dd87d34ab1d5f088291a4.sol:89:5: Missing @notice tag in function 'setConfig' [Warning/use-natspec]
/sb/0x0046f822ef4e6d51a40dd87d34ab1d5f088291a4.sol:89:5: Missing @param tag in function 'setConfig' [Warning/use-natspec]
/sb/0x0046f822ef4e6d51a40dd87d34ab1d5f088291a4.sol:89:5: Mismatch in @param names for function 'setConfig'. Expected: [_config], Found: [] [Warning/use-natspec]
/sb/0x0046f822ef4e6d51a40dd87d34ab1d5f088291a4.sol:89:5: Explicitly mark visibility in function [Warning/func-visibility]
/sb/0x0046f822ef4e6d51a40dd87d34ab1d5f088291a4.sol:91:5: Missing @notice tag in function 'setCustomGasPrice' [Warning/use-natspec]
/sb/0x0046f822ef4e6d51a40dd87d34ab1d5f088291a4.sol:91:5: Missing @param tag in function 'setCustomGasPrice' [Warning/use-natspec]
/sb/0x0046f822ef4e6d51a40dd87d34ab1d5f088291a4.sol:91:5: Mismatch in @param names for function 'setCustomGasPrice'. Expected: [_gasPrice], Found: [] [Warning/use-natspec]
/sb/0x0046f822ef4e6d51a40dd87d34ab1d5f088291a4.sol:91:5: Explicitly mark visibility in function [Warning/func-visibility]
/sb/0x0046f822ef4e6d51a40dd87d34ab1d5f088291a4.sol:91:32: Rule is set with explicit type [var/s: uint] [Warning/explicit-types]
/sb/0x0046f822ef4e6d51a40dd87d34ab1d5f088291a4.sol:93:5: Missing @notice tag in function 'randomDS_getSessionPubKeyHash' [Warning/use-natspec]
/sb/0x0046f822ef4e6d51a40dd87d34ab1d5f088291a4.sol:93:5: Missing @return tag in function 'randomDS_getSessionPubKeyHash' [Warning/use-natspec]
/sb/0x0046f822ef4e6d51a40dd87d34ab1d5f088291a4.sol:93:5: Mismatch in @return count for function 'randomDS_getSessionPubKeyHash'. Expected: 1, Found: 0 [Warning/use-natspec]
/sb/0x0046f822ef4e6d51a40dd87d34ab1d5f088291a4.sol:93:5: Function name must be in mixedCase [Warning/func-name-mixedcase]
/sb/0x0046f822ef4e6d51a40dd87d34ab1d5f088291a4.sol:93:5: Explicitly mark visibility in function [Warning/func-visibility]
/sb/0x0046f822ef4e6d51a40dd87d34ab1d5f088291a4.sol:97:1: Missing @title tag in contract 'OraclizeAddrResolverI' [Warning/use-natspec]
/sb/0x0046f822ef4e6d51a40dd87d34ab1d5f088291a4.sol:97:1: Missing @author tag in contract 'OraclizeAddrResolverI' [Warning/use-natspec]
/sb/0x0046f822ef4e6d51a40dd87d34ab1d5f088291a4.sol:97:1: Missing @notice tag in contract 'OraclizeAddrResolverI' [Warning/use-natspec]
/sb/0x0046f822ef4e6d51a40dd87d34ab1d5f088291a4.sol:99:5: Missing @notice tag in function 'getAddress' [Warning/use-natspec]
/sb/0x0046f822ef4e6d51a40dd87d34ab1d5f088291a4.sol:99:5: Missing @return tag in function 'getAddress' [Warning/use-natspec]
/sb/0x0046f822ef4e6d51a40dd87d34ab1d5f088291a4.sol:99:5: Mismatch in @return names for function 'getAddress'. Expected: [_addr], Found: [] [Warning/use-natspec]
/sb/0x0046f822ef4e6d51a40dd87d34ab1d5f088291a4.sol:99:5: Explicitly mark visibility in function [Warning/func-visibility]
/sb/0x0046f822ef4e6d51a40dd87d34ab1d5f088291a4.sol:103:1: Missing @title tag in contract 'usingOraclize' [Warning/use-natspec]
/sb/0x0046f822ef4e6d51a40dd87d34ab1d5f088291a4.sol:103:1: Missing @author tag in contract 'usingOraclize' [Warning/use-natspec]
/sb/0x0046f822ef4e6d51a40dd87d34ab1d5f088291a4.sol:103:1: Missing @notice tag in contract 'usingOraclize' [Warning/use-natspec]
/sb/0x0046f822ef4e6d51a40dd87d34ab1d5f088291a4.sol:103:1: Contract, Structs and Enums should be in CapWords [Warning/contract-name-capwords]
/sb/0x0046f822ef4e6d51a40dd87d34ab1d5f088291a4.sol:105:5: Explicitly mark visibility of state [Warning/state-visibility]
/sb/0x0046f822ef4e6d51a40dd87d34ab1d5f088291a4.sol:105:5: Rule is set with explicit type [var/s: uint] [Warning/explicit-types]
/sb/0x0046f822ef4e6d51a40dd87d34ab1d5f088291a4.sol:105:5: Constant name must be in capitalized SNAKE_CASE [Warning/const-name-snakecase]
/sb/0x0046f822ef4e6d51a40dd87d34ab1d5f088291a4.sol:107:5: Explicitly mark visibility of state [Warning/state-visibility]
/sb/0x0046f822ef4e6d51a40dd87d34ab1d5f088291a4.sol:107:5: Rule is set with explicit type [var/s: uint] [Warning/explicit-types]
/sb/0x0046f822ef4e6d51a40dd87d34ab1d5f088291a4.sol:107:5: Constant name must be in capitalized SNAKE_CASE [Warning/const-name-snakecase]
/sb/0x0046f822ef4e6d51a40dd87d34ab1d5f088291a4.sol:109:5: Explicitly mark visibility of state [Warning/state-visibility]
/sb/0x0046f822ef4e6d51a40dd87d34ab1d5f088291a4.sol:109:5: Rule is set with explicit type [var/s: uint] [Warning/explicit-types]
/sb/0x0046f822ef4e6d51a40dd87d34ab1d5f088291a4.sol:109:5: Constant name must be in capitalized SNAKE_CASE [Warning/const-name-snakecase]
/sb/0x0046f822ef4e6d51a40dd87d34ab1d5f088291a4.sol:111:5: Explicitly mark visibility of state [Warning/state-visibility]
/sb/0x0046f822ef4e6d51a40dd87d34ab1d5f088291a4.sol:111:5: Constant name must be in capitalized SNAKE_CASE [Warning/const-name-snakecase]
/sb/0x0046f822ef4e6d51a40dd87d34ab1d5f088291a4.sol:113:5: Explicitly mark visibility of state [Warning/state-visibility]
/sb/0x0046f822ef4e6d51a40dd87d34ab1d5f088291a4.sol:113:5: Constant name must be in capitalized SNAKE_CASE [Warning/const-name-snakecase]
/sb/0x0046f822ef4e6d51a40dd87d34ab1d5f088291a4.sol:115:5: Explicitly mark visibility of state [Warning/state-visibility]
/sb/0x0046f822ef4e6d51a40dd87d34ab1d5f088291a4.sol:115:5: Constant name must be in capitalized SNAKE_CASE [Warning/const-name-snakecase]
/sb/0x0046f822ef4e6d51a40dd87d34ab1d5f088291a4.sol:117:5: Explicitly mark visibility of state [Warning/state-visibility]
/sb/0x0046f822ef4e6d51a40dd87d34ab1d5f088291a4.sol:117:5: Constant name must be in capitalized SNAKE_CASE [Warning/const-name-snakecase]
/sb/0x0046f822ef4e6d51a40dd87d34ab1d5f088291a4.sol:119:5: Explicitly mark visibility of state [Warning/state-visibility]
/sb/0x0046f822ef4e6d51a40dd87d34ab1d5f088291a4.sol:119:5: Constant name must be in capitalized SNAKE_CASE [Warning/const-name-snakecase]
/sb/0x0046f822ef4e6d51a40dd87d34ab1d5f088291a4.sol:121:5: Explicitly mark visibility of state [Warning/state-visibility]
/sb/0x0046f822ef4e6d51a40dd87d34ab1d5f088291a4.sol:121:5: Constant name must be in capitalized SNAKE_CASE [Warning/const-name-snakecase]
/sb/0x0046f822ef4e6d51a40dd87d34ab1d5f088291a4.sol:123:5: Explicitly mark visibility of state [Warning/state-visibility]
/sb/0x0046f822ef4e6d51a40dd87d34ab1d5f088291a4.sol:123:5: Constant name must be in capitalized SNAKE_CASE [Warning/const-name-snakecase]
/sb/0x0046f822ef4e6d51a40dd87d34ab1d5f088291a4.sol:125:5: Explicitly mark visibility of state [Warning/state-visibility]
/sb/0x0046f822ef4e6d51a40dd87d34ab1d5f088291a4.sol:125:5: Constant name must be in capitalized SNAKE_CASE [Warning/const-name-snakecase]
/sb/0x0046f822ef4e6d51a40dd87d34ab1d5f088291a4.sol:127:5: Explicitly mark visibility of state [Warning/state-visibility]
/sb/0x0046f822ef4e6d51a40dd87d34ab1d5f088291a4.sol:127:5: Constant name must be in capitalized SNAKE_CASE [Warning/const-name-snakecase]
/sb/0x0046f822ef4e6d51a40dd87d34ab1d5f088291a4.sol:129:5: Explicitly mark visibility of state [Warning/state-visibility]
/sb/0x0046f822ef4e6d51a40dd87d34ab1d5f088291a4.sol:129:5: Constant name must be in capitalized SNAKE_CASE [Warning/const-name-snakecase]
/sb/0x0046f822ef4e6d51a40dd87d34ab1d5f088291a4.sol:131:5: Explicitly mark visibility of state [Warning/state-visibility]
/sb/0x0046f822ef4e6d51a40dd87d34ab1d5f088291a4.sol:131:5: Constant name must be in capitalized SNAKE_CASE [Warning/const-name-snakecase]
/sb/0x0046f822ef4e6d51a40dd87d34ab1d5f088291a4.sol:135:5: Explicitly mark visibility of state [Warning/state-visibility]
/sb/0x0046f822ef4e6d51a40dd87d34ab1d5f088291a4.sol:135:5: Variable name must be in mixedCase OAR [Warning/var-name-mixedcase]
/sb/0x0046f822ef4e6d51a40dd87d34ab1d5f088291a4.sol:139:5: Explicitly mark visibility of state [Warning/state-visibility]
/sb/0x0046f822ef4e6d51a40dd87d34ab1d5f088291a4.sol:171:5: Function body contains 67 lines but allowed no more than 50 lines [Warning/function-max-lines]
/sb/0x0046f822ef4e6d51a40dd87d34ab1d5f088291a4.sol:171:5: Missing @notice tag in function 'oraclize_setNetwork' [Warning/use-natspec]
/sb/0x0046f822ef4e6d51a40dd87d34ab1d5f088291a4.sol:171:5: Missing @param tag in function 'oraclize_setNetwork' [Warning/use-natspec]
/sb/0x0046f822ef4e6d51a40dd87d34ab1d5f088291a4.sol:171:5: Mismatch in @param names for function 'oraclize_setNetwork'. Expected: [networkID], Found: [] [Warning/use-natspec]
/sb/0x0046f822ef4e6d51a40dd87d34ab1d5f088291a4.sol:171:5: Missing @return tag in function 'oraclize_setNetwork' [Warning/use-natspec]
/sb/0x0046f822ef4e6d51a40dd87d34ab1d5f088291a4.sol:171:5: Mismatch in @return count for function 'oraclize_setNetwork'. Expected: 1, Found: 0 [Warning/use-natspec]
/sb/0x0046f822ef4e6d51a40dd87d34ab1d5f088291a4.sol:171:5: Function name must be in mixedCase [Warning/func-name-mixedcase]
/sb/0x0046f822ef4e6d51a40dd87d34ab1d5f088291a4.sol:171:34: Variable "networkID" is unused [Warning/no-unused-vars]
/sb/0x0046f822ef4e6d51a40dd87d34ab1d5f088291a4.sol:243:5: Missing @notice tag in function '__callback' [Warning/use-natspec]
/sb/0x0046f822ef4e6d51a40dd87d34ab1d5f088291a4.sol:243:5: Missing @param tag in function '__callback' [Warning/use-natspec]
/sb/0x0046f822ef4e6d51a40dd87d34ab1d5f088291a4.sol:243:5: Mismatch in @param names for function '__callback'. Expected: [myid, result], Found: [] [Warning/use-natspec]
/sb/0x0046f822ef4e6d51a40dd87d34ab1d5f088291a4.sol:243:5: Explicitly mark visibility in function [Warning/func-visibility]
/sb/0x0046f822ef4e6d51a40dd87d34ab1d5f088291a4.sol:249:5: Missing @notice tag in function '__callback' [Warning/use-natspec]
/sb/0x0046f822ef4e6d51a40dd87d34ab1d5f088291a4.sol:249:5: Missing @param tag in function '__callback' [Warning/use-natspec]
/sb/0x0046f822ef4e6d51a40dd87d34ab1d5f088291a4.sol:249:5: Mismatch in @param names for function '__callback'. Expected: [myid, result, proof], Found: [] [Warning/use-natspec]
/sb/0x0046f822ef4e6d51a40dd87d34ab1d5f088291a4.sol:249:5: Explicitly mark visibility in function [Warning/func-visibility]
/sb/0x0046f822ef4e6d51a40dd87d34ab1d5f088291a4.sol:249:67: Code contains empty blocks [Warning/no-empty-blocks]
/sb/0x0046f822ef4e6d51a40dd87d34ab1d5f088291a4.sol:255:5: Missing @notice tag in function 'oraclize_useCoupon' [Warning/use-natspec]
/sb/0x0046f822ef4e6d51a40dd87d34ab1d5f088291a4.sol:255:5: Missing @param tag in function 'oraclize_useCoupon' [Warning/use-natspec]
/sb/0x0046f822ef4e6d51a40dd87d34ab1d5f088291a4.sol:255:5: Mismatch in @param names for function 'oraclize_useCoupon'. Expected: [code], Found: [] [Warning/use-natspec]
/sb/0x0046f822ef4e6d51a40dd87d34ab1d5f088291a4.sol:255:5: Function name must be in mixedCase [Warning/func-name-mixedcase]
/sb/0x0046f822ef4e6d51a40dd87d34ab1d5f088291a4.sol:255:58: Visibility modifier must be first in list of modifiers [Warning/visibility-modifier-order]
/sb/0x0046f822ef4e6d51a40dd87d34ab1d5f088291a4.sol:263:5: Missing @notice tag in function 'oraclize_getPrice' [Warning/use-natspec]
/sb/0x0046f822ef4e6d51a40dd87d34ab1d5f088291a4.sol:263:5: Missing @param tag in function 'oraclize_getPrice' [Warning/use-natspec]
/sb/0x0046f822ef4e6d51a40dd87d34ab1d5f088291a4.sol:263:5: Mismatch in @param names for function 'oraclize_getPrice'. Expected: [datasource], Found: [] [Warning/use-natspec]
/sb/0x0046f822ef4e6d51a40dd87d34ab1d5f088291a4.sol:263:5: Missing @return tag in function 'oraclize_getPrice' [Warning/use-natspec]
/sb/0x0046f822ef4e6d51a40dd87d34ab1d5f088291a4.sol:263:5: Mismatch in @return count for function 'oraclize_getPrice'. Expected: 1, Found: 0 [Warning/use-natspec]
/sb/0x0046f822ef4e6d51a40dd87d34ab1d5f088291a4.sol:263:5: Function name must be in mixedCase [Warning/func-name-mixedcase]
/sb/0x0046f822ef4e6d51a40dd87d34ab1d5f088291a4.sol:263:63: Visibility modifier must be first in list of modifiers [Warning/visibility-modifier-order]
/sb/0x0046f822ef4e6d51a40dd87d34ab1d5f088291a4.sol:263:81: Rule is set with explicit type [var/s: uint] [Warning/explicit-types]
/sb/0x0046f822ef4e6d51a40dd87d34ab1d5f088291a4.sol:271:5: Missing @notice tag in function 'oraclize_getPrice' [Warning/use-natspec]
/sb/0x0046f822ef4e6d51a40dd87d34ab1d5f088291a4.sol:271:5: Missing @param tag in function 'oraclize_getPrice' [Warning/use-natspec]
/sb/0x0046f822ef4e6d51a40dd87d34ab1d5f088291a4.sol:271:5: Mismatch in @param names for function 'oraclize_getPrice'. Expected: [datasource, gaslimit], Found: [] [Warning/use-natspec]
/sb/0x0046f822ef4e6d51a40dd87d34ab1d5f088291a4.sol:271:5: Missing @return tag in function 'oraclize_getPrice' [Warning/use-natspec]
/sb/0x0046f822ef4e6d51a40dd87d34ab1d5f088291a4.sol:271:5: Mismatch in @return count for function 'oraclize_getPrice'. Expected: 1, Found: 0 [Warning/use-natspec]
/sb/0x0046f822ef4e6d51a40dd87d34ab1d5f088291a4.sol:271:5: Function name must be in mixedCase [Warning/func-name-mixedcase]
/sb/0x0046f822ef4e6d51a40dd87d34ab1d5f088291a4.sol:271:78: Visibility modifier must be first in list of modifiers [Warning/visibility-modifier-order]
/sb/0x0046f822ef4e6d51a40dd87d34ab1d5f088291a4.sol:271:51: Rule is set with explicit type [var/s: uint] [Warning/explicit-types]
/sb/0x0046f822ef4e6d51a40dd87d34ab1d5f088291a4.sol:271:96: Rule is set with explicit type [var/s: uint] [Warning/explicit-types]
/sb/0x0046f822ef4e6d51a40dd87d34ab1d5f088291a4.sol:279:5: Missing @notice tag in function 'oraclize_query' [Warning/use-natspec]
/sb/0x0046f822ef4e6d51a40dd87d34ab1d5f088291a4.sol:279:5: Missing @param tag in function 'oraclize_query' [Warning/use-natspec]
/sb/0x0046f822ef4e6d51a40dd87d34ab1d5f088291a4.sol:279:5: Mismatch in @param names for function 'oraclize_query'. Expected: [datasource, arg], Found: [] [Warning/use-natspec]
/sb/0x0046f822ef4e6d51a40dd87d34ab1d5f088291a4.sol:279:5: Missing @return tag in function 'oraclize_query' [Warning/use-natspec]
/sb/0x0046f822ef4e6d51a40dd87d34ab1d5f088291a4.sol:279:5: Mismatch in @return names for function 'oraclize_query'. Expected: [id], Found: [] [Warning/use-natspec]
/sb/0x0046f822ef4e6d51a40dd87d34ab1d5f088291a4.sol:279:5: Function name must be in mixedCase [Warning/func-name-mixedcase]
/sb/0x0046f822ef4e6d51a40dd87d34ab1d5f088291a4.sol:279:72: Visibility modifier must be first in list of modifiers [Warning/visibility-modifier-order]
/sb/0x0046f822ef4e6d51a40dd87d34ab1d5f088291a4.sol:281:9: Rule is set with explicit type [var/s: uint] [Warning/explicit-types]
/sb/0x0046f822ef4e6d51a40dd87d34ab1d5f088291a4.sol:289:5: Missing @notice tag in function 'oraclize_query' [Warning/use-natspec]
/sb/0x0046f822ef4e6d51a40dd87d34ab1d5f088291a4.sol:289:5: Missing @param tag in function 'oraclize_query' [Warning/use-natspec]
/sb/0x0046f822ef4e6d51a40dd87d34ab1d5f088291a4.sol:289:5: Mismatch in @param names for function 'oraclize_query'. Expected: [timestamp, datasource, arg], Found: [] [Warning/use-natspec]
/sb/0x0046f822ef4e6d51a40dd87d34ab1d5f088291a4.sol:289:5: Missing @return tag in function 'oraclize_query' [Warning/use-natspec]
/sb/0x0046f822ef4e6d51a40dd87d34ab1d5f088291a4.sol:289:5: Mismatch in @return names for function 'oraclize_query'. Expected: [id], Found: [] [Warning/use-natspec]
/sb/0x0046f822ef4e6d51a40dd87d34ab1d5f088291a4.sol:289:5: Function name must be in mixedCase [Warning/func-name-mixedcase]
/sb/0x0046f822ef4e6d51a40dd87d34ab1d5f088291a4.sol:289:88: Visibility modifier must be first in list of modifiers [Warning/visibility-modifier-order]
/sb/0x0046f822ef4e6d51a40dd87d34ab1d5f088291a4.sol:289:29: Rule is set with explicit type [var/s: uint] [Warning/explicit-types]
/sb/0x0046f822ef4e6d51a40dd87d34ab1d5f088291a4.sol:291:9: Rule is set with explicit type [var/s: uint] [Warning/explicit-types]
/sb/0x0046f822ef4e6d51a40dd87d34ab1d5f088291a4.sol:299:5: Missing @notice tag in function 'oraclize_query' [Warning/use-natspec]
/sb/0x0046f822ef4e6d51a40dd87d34ab1d5f088291a4.sol:299:5: Missing @param tag in function 'oraclize_query' [Warning/use-natspec]
/sb/0x0046f822ef4e6d51a40dd87d34ab1d5f088291a4.sol:299:5: Mismatch in @param names for function 'oraclize_query'. Expected: [timestamp, datasource, arg, gaslimit], Found: [] [Warning/use-natspec]
/sb/0x0046f822ef4e6d51a40dd87d34ab1d5f088291a4.sol:299:5: Missing @return tag in function 'oraclize_query' [Warning/use-natspec]
/sb/0x0046f822ef4e6d51a40dd87d34ab1d5f088291a4.sol:299:5: Mismatch in @return names for function 'oraclize_query'. Expected: [id], Found: [] [Warning/use-natspec]
/sb/0x0046f822ef4e6d51a40dd87d34ab1d5f088291a4.sol:299:5: Function name must be in mixedCase [Warning/func-name-mixedcase]
/sb/0x0046f822ef4e6d51a40dd87d34ab1d5f088291a4.sol:299:103: Visibility modifier must be first in list of modifiers [Warning/visibility-modifier-order]
/sb/0x0046f822ef4e6d51a40dd87d34ab1d5f088291a4.sol:299:29: Rule is set with explicit type [var/s: uint] [Warning/explicit-types]
/sb/0x0046f822ef4e6d51a40dd87d34ab1d5f088291a4.sol:299:76: Rule is set with explicit type [var/s: uint] [Warning/explicit-types]
/sb/0x0046f822ef4e6d51a40dd87d34ab1d5f088291a4.sol:301:9: Rule is set with explicit type [var/s: uint] [Warning/explicit-types]
/sb/0x0046f822ef4e6d51a40dd87d34ab1d5f088291a4.sol:309:5: Missing @notice tag in function 'oraclize_query' [Warning/use-natspec]
/sb/0x0046f822ef4e6d51a40dd87d34ab1d5f088291a4.sol:309:5: Missing @param tag in function 'oraclize_query' [Warning/use-natspec]
/sb/0x0046f822ef4e6d51a40dd87d34ab1d5f088291a4.sol:309:5: Mismatch in @param names for function 'oraclize_query'. Expected: [datasource, arg, gaslimit], Found: [] [Warning/use-natspec]
/sb/0x0046f822ef4e6d51a40dd87d34ab1d5f088291a4.sol:309:5: Missing @return tag in function 'oraclize_query' [Warning/use-natspec]
/sb/0x0046f822ef4e6d51a40dd87d34ab1d5f088291a4.sol:309:5: Mismatch in @return names for function 'oraclize_query'. Expected: [id], Found: [] [Warning/use-natspec]
/sb/0x0046f822ef4e6d51a40dd87d34ab1d5f088291a4.sol:309:5: Function name must be in mixedCase [Warning/func-name-mixedcase]
/sb/0x0046f822ef4e6d51a40dd87d34ab1d5f088291a4.sol:309:87: Visibility modifier must be first in list of modifiers [Warning/visibility-modifier-order]
/sb/0x0046f822ef4e6d51a40dd87d34ab1d5f088291a4.sol:309:60: Rule is set with explicit type [var/s: uint] [Warning/explicit-types]
/sb/0x0046f822ef4e6d51a40dd87d34ab1d5f088291a4.sol:311:9: Rule is set with explicit type [var/s: uint] [Warning/explicit-types]
/sb/0x0046f822ef4e6d51a40dd87d34ab1d5f088291a4.sol:319:5: Missing @notice tag in function 'oraclize_query' [Warning/use-natspec]
/sb/0x0046f822ef4e6d51a40dd87d34ab1d5f088291a4.sol:319:5: Missing @param tag in function 'oraclize_query' [Warning/use-natspec]
/sb/0x0046f822ef4e6d51a40dd87d34ab1d5f088291a4.sol:319:5: Mismatch in @param names for function 'oraclize_query'. Expected: [datasource, arg1, arg2], Found: [] [Warning/use-natspec]
/sb/0x0046f822ef4e6d51a40dd87d34ab1d5f088291a4.sol:319:5: Missing @return tag in function 'oraclize_query' [Warning/use-natspec]
/sb/0x0046f822ef4e6d51a40dd87d34ab1d5f088291a4.sol:319:5: Mismatch in @return names for function 'oraclize_query'. Expected: [id], Found: [] [Warning/use-natspec]
/sb/0x0046f822ef4e6d51a40dd87d34ab1d5f088291a4.sol:319:5: Function name must be in mixedCase [Warning/func-name-mixedcase]
/sb/0x0046f822ef4e6d51a40dd87d34ab1d5f088291a4.sol:319:86: Visibility modifier must be first in list of modifiers [Warning/visibility-modifier-order]
/sb/0x0046f822ef4e6d51a40dd87d34ab1d5f088291a4.sol:321:9: Rule is set with explicit type [var/s: uint] [Warning/explicit-types]
/sb/0x0046f822ef4e6d51a40dd87d34ab1d5f088291a4.sol:329:5: Missing @notice tag in function 'oraclize_query' [Warning/use-natspec]
/sb/0x0046f822ef4e6d51a40dd87d34ab1d5f088291a4.sol:329:5: Missing @param tag in function 'oraclize_query' [Warning/use-natspec]
/sb/0x0046f822ef4e6d51a40dd87d34ab1d5f088291a4.sol:329:5: Mismatch in @param names for function 'oraclize_query'. Expected: [timestamp, datasource, arg1, arg2], Found: [] [Warning/use-natspec]
/sb/0x0046f822ef4e6d51a40dd87d34ab1d5f088291a4.sol:329:5: Missing @return tag in function 'oraclize_query' [Warning/use-natspec]
/sb/0x0046f822ef4e6d51a40dd87d34ab1d5f088291a4.sol:329:5: Mismatch in @return names for function 'oraclize_query'. Expected: [id], Found: [] [Warning/use-natspec]
/sb/0x0046f822ef4e6d51a40dd87d34ab1d5f088291a4.sol:329:5: Function name must be in mixedCase [Warning/func-name-mixedcase]
/sb/0x0046f822ef4e6d51a40dd87d34ab1d5f088291a4.sol:329:102: Visibility modifier must be first in list of modifiers [Warning/visibility-modifier-order]
/sb/0x0046f822ef4e6d51a40dd87d34ab1d5f088291a4.sol:329:29: Rule is set with explicit type [var/s: uint] [Warning/explicit-types]
/sb/0x0046f822ef4e6d51a40dd87d34ab1d5f088291a4.sol:331:9: Rule is set with explicit type [var/s: uint] [Warning/explicit-types]
/sb/0x0046f822ef4e6d51a40dd87d34ab1d5f088291a4.sol:339:5: Missing @notice tag in function 'oraclize_query' [Warning/use-natspec]
/sb/0x0046f822ef4e6d51a40dd87d34ab1d5f088291a4.sol:339:5: Missing @param tag in function 'oraclize_query' [Warning/use-natspec]
/sb/0x0046f822ef4e6d51a40dd87d34ab1d5f088291a4.sol:339:5: Mismatch in @param names for function 'oraclize_query'. Expected: [timestamp, datasource, arg1, arg2, gaslimit], Found: [] [Warning/use-natspec]
/sb/0x0046f822ef4e6d51a40dd87d34ab1d5f088291a4.sol:339:5: Missing @return tag in function 'oraclize_query' [Warning/use-natspec]
/sb/0x0046f822ef4e6d51a40dd87d34ab1d5f088291a4.sol:339:5: Mismatch in @return names for function 'oraclize_query'. Expected: [id], Found: [] [Warning/use-natspec]
/sb/0x0046f822ef4e6d51a40dd87d34ab1d5f088291a4.sol:339:5: Function name must be in mixedCase [Warning/func-name-mixedcase]
/sb/0x0046f822ef4e6d51a40dd87d34ab1d5f088291a4.sol:339:117: Visibility modifier must be first in list of modifiers [Warning/visibility-modifier-order]
/sb/0x0046f822ef4e6d51a40dd87d34ab1d5f088291a4.sol:339:29: Rule is set with explicit type [var/s: uint] [Warning/explicit-types]
/sb/0x0046f822ef4e6d51a40dd87d34ab1d5f088291a4.sol:339:90: Rule is set with explicit type [var/s: uint] [Warning/explicit-types]
/sb/0x0046f822ef4e6d51a40dd87d34ab1d5f088291a4.sol:341:9: Rule is set with explicit type [var/s: uint] [Warning/explicit-types]
/sb/0x0046f822ef4e6d51a40dd87d34ab1d5f088291a4.sol:349:5: Missing @notice tag in function 'oraclize_query' [Warning/use-natspec]
/sb/0x0046f822ef4e6d51a40dd87d34ab1d5f088291a4.sol:349:5: Missing @param tag in function 'oraclize_query' [Warning/use-natspec]
/sb/0x0046f822ef4e6d51a40dd87d34ab1d5f088291a4.sol:349:5: Mismatch in @param names for function 'oraclize_query'. Expected: [datasource, arg1, arg2, gaslimit], Found: [] [Warning/use-natspec]
/sb/0x0046f822ef4e6d51a40dd87d34ab1d5f088291a4.sol:349:5: Missing @return tag in function 'oraclize_query' [Warning/use-natspec]
/sb/0x0046f822ef4e6d51a40dd87d34ab1d5f088291a4.sol:349:5: Mismatch in @return names for function 'oraclize_query'. Expected: [id], Found: [] [Warning/use-natspec]
/sb/0x0046f822ef4e6d51a40dd87d34ab1d5f088291a4.sol:349:5: Function name must be in mixedCase [Warning/func-name-mixedcase]
/sb/0x0046f822ef4e6d51a40dd87d34ab1d5f088291a4.sol:349:101: Visibility modifier must be first in list of modifiers [Warning/visibility-modifier-order]
/sb/0x0046f822ef4e6d51a40dd87d34ab1d5f088291a4.sol:349:74: Rule is set with explicit type [var/s: uint] [Warning/explicit-types]
/sb/0x0046f822ef4e6d51a40dd87d34ab1d5f088291a4.sol:351:9: Rule is set with explicit type [var/s: uint] [Warning/explicit-types]
/sb/0x0046f822ef4e6d51a40dd87d34ab1d5f088291a4.sol:359:5: Missing @notice tag in function 'oraclize_query' [Warning/use-natspec]
/sb/0x0046f822ef4e6d51a40dd87d34ab1d5f088291a4.sol:359:5: Missing @param tag in function 'oraclize_query' [Warning/use-natspec]
/sb/0x0046f822ef4e6d51a40dd87d34ab1d5f088291a4.sol:359:5: Mismatch in @param names for function 'oraclize_query'. Expected: [datasource, argN], Found: [] [Warning/use-natspec]
/sb/0x0046f822ef4e6d51a40dd87d34ab1d5f088291a4.sol:359:5: Missing @return tag in function 'oraclize_query' [Warning/use-natspec]
/sb/0x0046f822ef4e6d51a40dd87d34ab1d5f088291a4.sol:359:5: Mismatch in @return names for function 'oraclize_query'. Expected: [id], Found: [] [Warning/use-natspec]
/sb/0x0046f822ef4e6d51a40dd87d34ab1d5f088291a4.sol:359:5: Function name must be in mixedCase [Warning/func-name-mixedcase]
/sb/0x0046f822ef4e6d51a40dd87d34ab1d5f088291a4.sol:359:75: Visibility modifier must be first in list of modifiers [Warning/visibility-modifier-order]
/sb/0x0046f822ef4e6d51a40dd87d34ab1d5f088291a4.sol:361:9: Rule is set with explicit type [var/s: uint] [Warning/explicit-types]
/sb/0x0046f822ef4e6d51a40dd87d34ab1d5f088291a4.sol:371:5: Missing @notice tag in function 'oraclize_query' [Warning/use-natspec]
/sb/0x0046f822ef4e6d51a40dd87d34ab1d5f088291a4.sol:371:5: Missing @param tag in function 'oraclize_query' [Warning/use-natspec]
/sb/0x0046f822ef4e6d51a40dd87d34ab1d5f088291a4.sol:371:5: Mismatch in @param names for function 'oraclize_query'. Expected: [timestamp, datasource, argN], Found: [] [Warning/use-natspec]
/sb/0x0046f822ef4e6d51a40dd87d34ab1d5f088291a4.sol:371:5: Missing @return tag in function 'oraclize_query' [Warning/use-natspec]
/sb/0x0046f822ef4e6d51a40dd87d34ab1d5f088291a4.sol:371:5: Mismatch in @return names for function 'oraclize_query'. Expected: [id], Found: [] [Warning/use-natspec]
/sb/0x0046f822ef4e6d51a40dd87d34ab1d5f088291a4.sol:371:5: Function name must be in mixedCase [Warning/func-name-mixedcase]
/sb/0x0046f822ef4e6d51a40dd87d34ab1d5f088291a4.sol:371:91: Visibility modifier must be first in list of modifiers [Warning/visibility-modifier-order]
/sb/0x0046f822ef4e6d51a40dd87d34ab1d5f088291a4.sol:371:29: Rule is set with explicit type [var/s: uint] [Warning/explicit-types]
/sb/0x0046f822ef4e6d51a40dd87d34ab1d5f088291a4.sol:373:9: Rule is set with explicit type [var/s: uint] [Warning/explicit-types]
/sb/0x0046f822ef4e6d51a40dd87d34ab1d5f088291a4.sol:383:5: Missing @notice tag in function 'oraclize_query' [Warning/use-natspec]
/sb/0x0046f822ef4e6d51a40dd87d34ab1d5f088291a4.sol:383:5: Missing @param tag in function 'oraclize_query' [Warning/use-natspec]
/sb/0x0046f822ef4e6d51a40dd87d34ab1d5f088291a4.sol:383:5: Mismatch in @param names for function 'oraclize_query'. Expected: [timestamp, datasource, argN, gaslimit], Found: [] [Warning/use-natspec]
/sb/0x0046f822ef4e6d51a40dd87d34ab1d5f088291a4.sol:383:5: Missing @return tag in function 'oraclize_query' [Warning/use-natspec]
/sb/0x0046f822ef4e6d51a40dd87d34ab1d5f088291a4.sol:383:5: Mismatch in @return names for function 'oraclize_query'. Expected: [id], Found: [] [Warning/use-natspec]
/sb/0x0046f822ef4e6d51a40dd87d34ab1d5f088291a4.sol:383:5: Function name must be in mixedCase [Warning/func-name-mixedcase]
/sb/0x0046f822ef4e6d51a40dd87d34ab1d5f088291a4.sol:383:106: Visibility modifier must be first in list of modifiers [Warning/visibility-modifier-order]
/sb/0x0046f822ef4e6d51a40dd87d34ab1d5f088291a4.sol:383:29: Rule is set with explicit type [var/s: uint] [Warning/explicit-types]
/sb/0x0046f822ef4e6d51a40dd87d34ab1d5f088291a4.sol:383:79: Rule is set with explicit type [var/s: uint] [Warning/explicit-types]
/sb/0x0046f822ef4e6d51a40dd87d34ab1d5f088291a4.sol:385:9: Rule is set with explicit type [var/s: uint] [Warning/explicit-types]
/sb/0x0046f822ef4e6d51a40dd87d34ab1d5f088291a4.sol:395:5: Missing @notice tag in function 'oraclize_query' [Warning/use-natspec]
/sb/0x0046f822ef4e6d51a40dd87d34ab1d5f088291a4.sol:395:5: Missing @param tag in function 'oraclize_query' [Warning/use-natspec]
/sb/0x0046f822ef4e6d51a40dd87d34ab1d5f088291a4.sol:395:5: Mismatch in @param names for function 'oraclize_query'. Expected: [datasource, argN, gaslimit], Found: [] [Warning/use-natspec]
/sb/0x0046f822ef4e6d51a40dd87d34ab1d5f088291a4.sol:395:5: Missing @return tag in function 'oraclize_query' [Warning/use-natspec]
/sb/0x0046f822ef4e6d51a40dd87d34ab1d5f088291a4.sol:395:5: Mismatch in @return names for function 'oraclize_query'. Expected: [id], Found: [] [Warning/use-natspec]
/sb/0x0046f822ef4e6d51a40dd87d34ab1d5f088291a4.sol:395:5: Function name must be in mixedCase [Warning/func-name-mixedcase]
/sb/0x0046f822ef4e6d51a40dd87d34ab1d5f088291a4.sol:395:90: Visibility modifier must be first in list of modifiers [Warning/visibility-modifier-order]
/sb/0x0046f822ef4e6d51a40dd87d34ab1d5f088291a4.sol:395:63: Rule is set with explicit type [var/s: uint] [Warning/explicit-types]
/sb/0x0046f822ef4e6d51a40dd87d34ab1d5f088291a4.sol:397:9: Rule is set with explicit type [var/s: uint] [Warning/explicit-types]
/sb/0x0046f822ef4e6d51a40dd87d34ab1d5f088291a4.sol:407:5: Missing @notice tag in function 'oraclize_query' [Warning/use-natspec]
/sb/0x0046f822ef4e6d51a40dd87d34ab1d5f088291a4.sol:407:5: Missing @param tag in function 'oraclize_query' [Warning/use-natspec]
/sb/0x0046f822ef4e6d51a40dd87d34ab1d5f088291a4.sol:407:5: Mismatch in @param names for function 'oraclize_query'. Expected: [datasource, args], Found: [] [Warning/use-natspec]
/sb/0x0046f822ef4e6d51a40dd87d34ab1d5f088291a4.sol:407:5: Missing @return tag in function 'oraclize_query' [Warning/use-natspec]
/sb/0x0046f822ef4e6d51a40dd87d34ab1d5f088291a4.sol:407:5: Mismatch in @return names for function 'oraclize_query'. Expected: [id], Found: [] [Warning/use-natspec]
/sb/0x0046f822ef4e6d51a40dd87d34ab1d5f088291a4.sol:407:5: Function name must be in mixedCase [Warning/func-name-mixedcase]
/sb/0x0046f822ef4e6d51a40dd87d34ab1d5f088291a4.sol:407:76: Visibility modifier must be first in list of modifiers [Warning/visibility-modifier-order]
/sb/0x0046f822ef4e6d51a40dd87d34ab1d5f088291a4.sol:417:5: Missing @notice tag in function 'oraclize_query' [Warning/use-natspec]
/sb/0x0046f822ef4e6d51a40dd87d34ab1d5f088291a4.sol:417:5: Missing @param tag in function 'oraclize_query' [Warning/use-natspec]
/sb/0x0046f822ef4e6d51a40dd87d34ab1d5f088291a4.sol:417:5: Mismatch in @param names for function 'oraclize_query'. Expected: [timestamp, datasource, args], Found: [] [Warning/use-natspec]
/sb/0x0046f822ef4e6d51a40dd87d34ab1d5f088291a4.sol:417:5: Missing @return tag in function 'oraclize_query' [Warning/use-natspec]
/sb/0x0046f822ef4e6d51a40dd87d34ab1d5f088291a4.sol:417:5: Mismatch in @return names for function 'oraclize_query'. Expected: [id], Found: [] [Warning/use-natspec]
/sb/0x0046f822ef4e6d51a40dd87d34ab1d5f088291a4.sol:417:5: Function name must be in mixedCase [Warning/func-name-mixedcase]
/sb/0x0046f822ef4e6d51a40dd87d34ab1d5f088291a4.sol:417:92: Visibility modifier must be first in list of modifiers [Warning/visibility-modifier-order]
/sb/0x0046f822ef4e6d51a40dd87d34ab1d5f088291a4.sol:417:29: Rule is set with explicit type [var/s: uint] [Warning/explicit-types]
/sb/0x0046f822ef4e6d51a40dd87d34ab1d5f088291a4.sol:427:5: Missing @notice tag in function 'oraclize_query' [Warning/use-natspec]
/sb/0x0046f822ef4e6d51a40dd87d34ab1d5f088291a4.sol:427:5: Missing @param tag in function 'oraclize_query' [Warning/use-natspec]
/sb/0x0046f822ef4e6d51a40dd87d34ab1d5f088291a4.sol:427:5: Mismatch in @param names for function 'oraclize_query'. Expected: [timestamp, datasource, args, gaslimit], Found: [] [Warning/use-natspec]
/sb/0x0046f822ef4e6d51a40dd87d34ab1d5f088291a4.sol:427:5: Missing @return tag in function 'oraclize_query' [Warning/use-natspec]
/sb/0x0046f822ef4e6d51a40dd87d34ab1d5f088291a4.sol:427:5: Mismatch in @return names for function 'oraclize_query'. Expected: [id], Found: [] [Warning/use-natspec]
/sb/0x0046f822ef4e6d51a40dd87d34ab1d5f088291a4.sol:427:5: Function name must be in mixedCase [Warning/func-name-mixedcase]
/sb/0x0046f822ef4e6d51a40dd87d34ab1d5f088291a4.sol:427:107: Visibility modifier must be first in list of modifiers [Warning/visibility-modifier-order]
/sb/0x0046f822ef4e6d51a40dd87d34ab1d5f088291a4.sol:427:29: Rule is set with explicit type [var/s: uint] [Warning/explicit-types]
/sb/0x0046f822ef4e6d51a40dd87d34ab1d5f088291a4.sol:427:80: Rule is set with explicit type [var/s: uint] [Warning/explicit-types]
/sb/0x0046f822ef4e6d51a40dd87d34ab1d5f088291a4.sol:437:5: Missing @notice tag in function 'oraclize_query' [Warning/use-natspec]
/sb/0x0046f822ef4e6d51a40dd87d34ab1d5f088291a4.sol:437:5: Missing @param tag in function 'oraclize_query' [Warning/use-natspec]
/sb/0x0046f822ef4e6d51a40dd87d34ab1d5f088291a4.sol:437:5: Mismatch in @param names for function 'oraclize_query'. Expected: [datasource, args, gaslimit], Found: [] [Warning/use-natspec]
/sb/0x0046f822ef4e6d51a40dd87d34ab1d5f088291a4.sol:437:5: Missing @return tag in function 'oraclize_query' [Warning/use-natspec]
/sb/0x0046f822ef4e6d51a40dd87d34ab1d5f088291a4.sol:437:5: Mismatch in @return names for function 'oraclize_query'. Expected: [id], Found: [] [Warning/use-natspec]
/sb/0x0046f822ef4e6d51a40dd87d34ab1d5f088291a4.sol:437:5: Function name must be in mixedCase [Warning/func-name-mixedcase]
/sb/0x0046f822ef4e6d51a40dd87d34ab1d5f088291a4.sol:437:91: Visibility modifier must be first in list of modifiers [Warning/visibility-modifier-order]
/sb/0x0046f822ef4e6d51a40dd87d34ab1d5f088291a4.sol:437:64: Rule is set with explicit type [var/s: uint] [Warning/explicit-types]
/sb/0x0046f822ef4e6d51a40dd87d34ab1d5f088291a4.sol:449:5: Missing @notice tag in function 'oraclize_query' [Warning/use-natspec]
/sb/0x0046f822ef4e6d51a40dd87d34ab1d5f088291a4.sol:449:5: Missing @param tag in function 'oraclize_query' [Warning/use-natspec]
/sb/0x0046f822ef4e6d51a40dd87d34ab1d5f088291a4.sol:449:5: Mismatch in @param names for function 'oraclize_query'. Expected: [datasource, args], Found: [] [Warning/use-natspec]
/sb/0x0046f822ef4e6d51a40dd87d34ab1d5f088291a4.sol:449:5: Missing @return tag in function 'oraclize_query' [Warning/use-natspec]
/sb/0x0046f822ef4e6d51a40dd87d34ab1d5f088291a4.sol:449:5: Mismatch in @return names for function 'oraclize_query'. Expected: [id], Found: [] [Warning/use-natspec]
/sb/0x0046f822ef4e6d51a40dd87d34ab1d5f088291a4.sol:449:5: Function name must be in mixedCase [Warning/func-name-mixedcase]
/sb/0x0046f822ef4e6d51a40dd87d34ab1d5f088291a4.sol:449:76: Visibility modifier must be first in list of modifiers [Warning/visibility-modifier-order]
/sb/0x0046f822ef4e6d51a40dd87d34ab1d5f088291a4.sol:461:5: Missing @notice tag in function 'oraclize_query' [Warning/use-natspec]
/sb/0x0046f822ef4e6d51a40dd87d34ab1d5f088291a4.sol:461:5: Missing @param tag in function 'oraclize_query' [Warning/use-natspec]
/sb/0x0046f822ef4e6d51a40dd87d34ab1d5f088291a4.sol:461:5: Mismatch in @param names for function 'oraclize_query'. Expected: [timestamp, datasource, args], Found: [] [Warning/use-natspec]
/sb/0x0046f822ef4e6d51a40dd87d34ab1d5f088291a4.sol:461:5: Missing @return tag in function 'oraclize_query' [Warning/use-natspec]
/sb/0x0046f822ef4e6d51a40dd87d34ab1d5f088291a4.sol:461:5: Mismatch in @return names for function 'oraclize_query'. Expected: [id], Found: [] [Warning/use-natspec]
/sb/0x0046f822ef4e6d51a40dd87d34ab1d5f088291a4.sol:461:5: Function name must be in mixedCase [Warning/func-name-mixedcase]
/sb/0x0046f822ef4e6d51a40dd87d34ab1d5f088291a4.sol:461:92: Visibility modifier must be first in list of modifiers [Warning/visibility-modifier-order]
/sb/0x0046f822ef4e6d51a40dd87d34ab1d5f088291a4.sol:461:29: Rule is set with explicit type [var/s: uint] [Warning/explicit-types]
/sb/0x0046f822ef4e6d51a40dd87d34ab1d5f088291a4.sol:473:5: Missing @notice tag in function 'oraclize_query' [Warning/use-natspec]
/sb/0x0046f822ef4e6d51a40dd87d34ab1d5f088291a4.sol:473:5: Missing @param tag in function 'oraclize_query' [Warning/use-natspec]
/sb/0x0046f822ef4e6d51a40dd87d34ab1d5f088291a4.sol:473:5: Mismatch in @param names for function 'oraclize_query'. Expected: [timestamp, datasource, args, gaslimit], Found: [] [Warning/use-natspec]
/sb/0x0046f822ef4e6d51a40dd87d34ab1d5f088291a4.sol:473:5: Missing @return tag in function 'oraclize_query' [Warning/use-natspec]
/sb/0x0046f822ef4e6d51a40dd87d34ab1d5f088291a4.sol:473:5: Mismatch in @return names for function 'oraclize_query'. Expected: [id], Found: [] [Warning/use-natspec]
/sb/0x0046f822ef4e6d51a40dd87d34ab1d5f088291a4.sol:473:5: Function name must be in mixedCase [Warning/func-name-mixedcase]
/sb/0x0046f822ef4e6d51a40dd87d34ab1d5f088291a4.sol:473:107: Visibility modifier must be first in list of modifiers [Warning/visibility-modifier-order]
/sb/0x0046f822ef4e6d51a40dd87d34ab1d5f088291a4.sol:473:29: Rule is set with explicit type [var/s: uint] [Warning/explicit-types]
/sb/0x0046f822ef4e6d51a40dd87d34ab1d5f088291a4.sol:473:80: Rule is set with explicit type [var/s: uint] [Warning/explicit-types]
/sb/0x0046f822ef4e6d51a40dd87d34ab1d5f088291a4.sol:485:5: Missing @notice tag in function 'oraclize_query' [Warning/use-natspec]
/sb/0x0046f822ef4e6d51a40dd87d34ab1d5f088291a4.sol:485:5: Missing @param tag in function 'oraclize_query' [Warning/use-natspec]
/sb/0x0046f822ef4e6d51a40dd87d34ab1d5f088291a4.sol:485:5: Mismatch in @param names for function 'oraclize_query'. Expected: [datasource, args, gaslimit], Found: [] [Warning/use-natspec]
/sb/0x0046f822ef4e6d51a40dd87d34ab1d5f088291a4.sol:485:5: Missing @return tag in function 'oraclize_query' [Warning/use-natspec]
/sb/0x0046f822ef4e6d51a40dd87d34ab1d5f088291a4.sol:485:5: Mismatch in @return names for function 'oraclize_query'. Expected: [id], Found: [] [Warning/use-natspec]
/sb/0x0046f822ef4e6d51a40dd87d34ab1d5f088291a4.sol:485:5: Function name must be in mixedCase [Warning/func-name-mixedcase]
/sb/0x0046f822ef4e6d51a40dd87d34ab1d5f088291a4.sol:485:91: Visibility modifier must be first in list of modifiers [Warning/visibility-modifier-order]
/sb/0x0046f822ef4e6d51a40dd87d34ab1d5f088291a4.sol:485:64: Rule is set with explicit type [var/s: uint] [Warning/explicit-types]
/sb/0x0046f822ef4e6d51a40dd87d34ab1d5f088291a4.sol:497:5: Missing @notice tag in function 'oraclize_query' [Warning/use-natspec]
/sb/0x0046f822ef4e6d51a40dd87d34ab1d5f088291a4.sol:497:5: Missing @param tag in function 'oraclize_query' [Warning/use-natspec]
/sb/0x0046f822ef4e6d51a40dd87d34ab1d5f088291a4.sol:497:5: Mismatch in @param names for function 'oraclize_query'. Expected: [datasource, args], Found: [] [Warning/use-natspec]
/sb/0x0046f822ef4e6d51a40dd87d34ab1d5f088291a4.sol:497:5: Missing @return tag in function 'oraclize_query' [Warning/use-natspec]
/sb/0x0046f822ef4e6d51a40dd87d34ab1d5f088291a4.sol:497:5: Mismatch in @return names for function 'oraclize_query'. Expected: [id], Found: [] [Warning/use-natspec]
/sb/0x0046f822ef4e6d51a40dd87d34ab1d5f088291a4.sol:497:5: Function name must be in mixedCase [Warning/func-name-mixedcase]
/sb/0x0046f822ef4e6d51a40dd87d34ab1d5f088291a4.sol:497:76: Visibility modifier must be first in list of modifiers [Warning/visibility-modifier-order]
/sb/0x0046f822ef4e6d51a40dd87d34ab1d5f088291a4.sol:511:5: Missing @notice tag in function 'oraclize_query' [Warning/use-natspec]
/sb/0x0046f822ef4e6d51a40dd87d34ab1d5f088291a4.sol:511:5: Missing @param tag in function 'oraclize_query' [Warning/use-natspec]
/sb/0x0046f822ef4e6d51a40dd87d34ab1d5f088291a4.sol:511:5: Mismatch in @param names for function 'oraclize_query'. Expected: [timestamp, datasource, args], Found: [] [Warning/use-natspec]
/sb/0x0046f822ef4e6d51a40dd87d34ab1d5f088291a4.sol:511:5: Missing @return tag in function 'oraclize_query' [Warning/use-natspec]
/sb/0x0046f822ef4e6d51a40dd87d34ab1d5f088291a4.sol:511:5: Mismatch in @return names for function 'oraclize_query'. Expected: [id], Found: [] [Warning/use-natspec]
/sb/0x0046f822ef4e6d51a40dd87d34ab1d5f088291a4.sol:511:5: Function name must be in mixedCase [Warning/func-name-mixedcase]
/sb/0x0046f822ef4e6d51a40dd87d34ab1d5f088291a4.sol:511:92: Visibility modifier must be first in list of modifiers [Warning/visibility-modifier-order]
/sb/0x0046f822ef4e6d51a40dd87d34ab1d5f088291a4.sol:511:29: Rule is set with explicit type [var/s: uint] [Warning/explicit-types]
/sb/0x0046f822ef4e6d51a40dd87d34ab1d5f088291a4.sol:525:5: Missing @notice tag in function 'oraclize_query' [Warning/use-natspec]
/sb/0x0046f822ef4e6d51a40dd87d34ab1d5f088291a4.sol:525:5: Missing @param tag in function 'oraclize_query' [Warning/use-natspec]
/sb/0x0046f822ef4e6d51a40dd87d34ab1d5f088291a4.sol:525:5: Mismatch in @param names for function 'oraclize_query'. Expected: [timestamp, datasource, args, gaslimit], Found: [] [Warning/use-natspec]
/sb/0x0046f822ef4e6d51a40dd87d34ab1d5f088291a4.sol:525:5: Missing @return tag in function 'oraclize_query' [Warning/use-natspec]
/sb/0x0046f822ef4e6d51a40dd87d34ab1d5f088291a4.sol:525:5: Mismatch in @return names for function 'oraclize_query'. Expected: [id], Found: [] [Warning/use-natspec]
/sb/0x0046f822ef4e6d51a40dd87d34ab1d5f088291a4.sol:525:5: Function name must be in mixedCase [Warning/func-name-mixedcase]
/sb/0x0046f822ef4e6d51a40dd87d34ab1d5f088291a4.sol:525:107: Visibility modifier must be first in list of modifiers [Warning/visibility-modifier-order]
/sb/0x0046f822ef4e6d51a40dd87d34ab1d5f088291a4.sol:525:29: Rule is set with explicit type [var/s: uint] [Warning/explicit-types]
/sb/0x0046f822ef4e6d51a40dd87d34ab1d5f088291a4.sol:525:80: Rule is set with explicit type [var/s: uint] [Warning/explicit-types]
/sb/0x0046f822ef4e6d51a40dd87d34ab1d5f088291a4.sol:539:5: Missing @notice tag in function 'oraclize_query' [Warning/use-natspec]
/sb/0x0046f822ef4e6d51a40dd87d34ab1d5f088291a4.sol:539:5: Missing @param tag in function 'oraclize_query' [Warning/use-natspec]
/sb/0x0046f822ef4e6d51a40dd87d34ab1d5f088291a4.sol:539:5: Mismatch in @param names for function 'oraclize_query'. Expected: [datasource, args, gaslimit], Found: [] [Warning/use-natspec]
/sb/0x0046f822ef4e6d51a40dd87d34ab1d5f088291a4.sol:539:5: Missing @return tag in function 'oraclize_query' [Warning/use-natspec]
/sb/0x0046f822ef4e6d51a40dd87d34ab1d5f088291a4.sol:539:5: Mismatch in @return names for function 'oraclize_query'. Expected: [id], Found: [] [Warning/use-natspec]
/sb/0x0046f822ef4e6d51a40dd87d34ab1d5f088291a4.sol:539:5: Function name must be in mixedCase [Warning/func-name-mixedcase]
/sb/0x0046f822ef4e6d51a40dd87d34ab1d5f088291a4.sol:539:91: Visibility modifier must be first in list of modifiers [Warning/visibility-modifier-order]
/sb/0x0046f822ef4e6d51a40dd87d34ab1d5f088291a4.sol:539:64: Rule is set with explicit type [var/s: uint] [Warning/explicit-types]
/sb/0x0046f822ef4e6d51a40dd87d34ab1d5f088291a4.sol:555:5: Missing @notice tag in function 'oraclize_query' [Warning/use-natspec]
/sb/0x0046f822ef4e6d51a40dd87d34ab1d5f088291a4.sol:555:5: Missing @param tag in function 'oraclize_query' [Warning/use-natspec]
/sb/0x0046f822ef4e6d51a40dd87d34ab1d5f088291a4.sol:555:5: Mismatch in @param names for function 'oraclize_query'. Expected: [datasource, args], Found: [] [Warning/use-natspec]
/sb/0x0046f822ef4e6d51a40dd87d34ab1d5f088291a4.sol:555:5: Missing @return tag in function 'oraclize_query' [Warning/use-natspec]
/sb/0x0046f822ef4e6d51a40dd87d34ab1d5f088291a4.sol:555:5: Mismatch in @return names for function 'oraclize_query'. Expected: [id], Found: [] [Warning/use-natspec]
/sb/0x0046f822ef4e6d51a40dd87d34ab1d5f088291a4.sol:555:5: Function name must be in mixedCase [Warning/func-name-mixedcase]
/sb/0x0046f822ef4e6d51a40dd87d34ab1d5f088291a4.sol:555:76: Visibility modifier must be first in list of modifiers [Warning/visibility-modifier-order]
/sb/0x0046f822ef4e6d51a40dd87d34ab1d5f088291a4.sol:571:5: Missing @notice tag in function 'oraclize_query' [Warning/use-natspec]
/sb/0x0046f822ef4e6d51a40dd87d34ab1d5f088291a4.sol:571:5: Missing @param tag in function 'oraclize_query' [Warning/use-natspec]
/sb/0x0046f822ef4e6d51a40dd87d34ab1d5f088291a4.sol:571:5: Mismatch in @param names for function 'oraclize_query'. Expected: [timestamp, datasource, args], Found: [] [Warning/use-natspec]
/sb/0x0046f822ef4e6d51a40dd87d34ab1d5f088291a4.sol:571:5: Missing @return tag in function 'oraclize_query' [Warning/use-natspec]
/sb/0x0046f822ef4e6d51a40dd87d34ab1d5f088291a4.sol:571:5: Mismatch in @return names for function 'oraclize_query'. Expected: [id], Found: [] [Warning/use-natspec]
/sb/0x0046f822ef4e6d51a40dd87d34ab1d5f088291a4.sol:571:5: Function name must be in mixedCase [Warning/func-name-mixedcase]
/sb/0x0046f822ef4e6d51a40dd87d34ab1d5f088291a4.sol:571:92: Visibility modifier must be first in list of modifiers [Warning/visibility-modifier-order]
/sb/0x0046f822ef4e6d51a40dd87d34ab1d5f088291a4.sol:571:29: Rule is set with explicit type [var/s: uint] [Warning/explicit-types]
/sb/0x0046f822ef4e6d51a40dd87d34ab1d5f088291a4.sol:587:5: Missing @notice tag in function 'oraclize_query' [Warning/use-natspec]
/sb/0x0046f822ef4e6d51a40dd87d34ab1d5f088291a4.sol:587:5: Missing @param tag in function 'oraclize_query' [Warning/use-natspec]
/sb/0x0046f822ef4e6d51a40dd87d34ab1d5f088291a4.sol:587:5: Mismatch in @param names for function 'oraclize_query'. Expected: [timestamp, datasource, args, gaslimit], Found: [] [Warning/use-natspec]
/sb/0x0046f822ef4e6d51a40dd87d34ab1d5f088291a4.sol:587:5: Missing @return tag in function 'oraclize_query' [Warning/use-natspec]
/sb/0x0046f822ef4e6d51a40dd87d34ab1d5f088291a4.sol:587:5: Mismatch in @return names for function 'oraclize_query'. Expected: [id], Found: [] [Warning/use-natspec]
/sb/0x0046f822ef4e6d51a40dd87d34ab1d5f088291a4.sol:587:5: Function name must be in mixedCase [Warning/func-name-mixedcase]
/sb/0x0046f822ef4e6d51a40dd87d34ab1d5f088291a4.sol:587:107: Visibility modifier must be first in list of modifiers [Warning/visibility-modifier-order]
/sb/0x0046f822ef4e6d51a40dd87d34ab1d5f088291a4.sol:587:29: Rule is set with explicit type [var/s: uint] [Warning/explicit-types]
/sb/0x0046f822ef4e6d51a40dd87d34ab1d5f088291a4.sol:587:80: Rule is set with explicit type [var/s: uint] [Warning/explicit-types]
/sb/0x0046f822ef4e6d51a40dd87d34ab1d5f088291a4.sol:603:5: Missing @notice tag in function 'oraclize_query' [Warning/use-natspec]
/sb/0x0046f822ef4e6d51a40dd87d34ab1d5f088291a4.sol:603:5: Missing @param tag in function 'oraclize_query' [Warning/use-natspec]
/sb/0x0046f822ef4e6d51a40dd87d34ab1d5f088291a4.sol:603:5: Mismatch in @param names for function 'oraclize_query'. Expected: [datasource, args, gaslimit], Found: [] [Warning/use-natspec]
/sb/0x0046f822ef4e6d51a40dd87d34ab1d5f088291a4.sol:603:5: Missing @return tag in function 'oraclize_query' [Warning/use-natspec]
/sb/0x0046f822ef4e6d51a40dd87d34ab1d5f088291a4.sol:603:5: Mismatch in @return names for function 'oraclize_query'. Expected: [id], Found: [] [Warning/use-natspec]
/sb/0x0046f822ef4e6d51a40dd87d34ab1d5f088291a4.sol:603:5: Function name must be in mixedCase [Warning/func-name-mixedcase]
/sb/0x0046f822ef4e6d51a40dd87d34ab1d5f088291a4.sol:603:91: Visibility modifier must be first in list of modifiers [Warning/visibility-modifier-order]
/sb/0x0046f822ef4e6d51a40dd87d34ab1d5f088291a4.sol:603:64: Rule is set with explicit type [var/s: uint] [Warning/explicit-types]
/sb/0x0046f822ef4e6d51a40dd87d34ab1d5f088291a4.sol:619:5: Missing @notice tag in function 'oraclize_query' [Warning/use-natspec]
/sb/0x0046f822ef4e6d51a40dd87d34ab1d5f088291a4.sol:619:5: Missing @param tag in function 'oraclize_query' [Warning/use-natspec]
/sb/0x0046f822ef4e6d51a40dd87d34ab1d5f088291a4.sol:619:5: Mismatch in @param names for function 'oraclize_query'. Expected: [datasource, args], Found: [] [Warning/use-natspec]
/sb/0x0046f822ef4e6d51a40dd87d34ab1d5f088291a4.sol:619:5: Missing @return tag in function 'oraclize_query' [Warning/use-natspec]
/sb/0x0046f822ef4e6d51a40dd87d34ab1d5f088291a4.sol:619:5: Mismatch in @return names for function 'oraclize_query'. Expected: [id], Found: [] [Warning/use-natspec]
/sb/0x0046f822ef4e6d51a40dd87d34ab1d5f088291a4.sol:619:5: Function name must be in mixedCase [Warning/func-name-mixedcase]
/sb/0x0046f822ef4e6d51a40dd87d34ab1d5f088291a4.sol:619:76: Visibility modifier must be first in list of modifiers [Warning/visibility-modifier-order]
/sb/0x0046f822ef4e6d51a40dd87d34ab1d5f088291a4.sol:637:5: Missing @notice tag in function 'oraclize_query' [Warning/use-natspec]
/sb/0x0046f822ef4e6d51a40dd87d34ab1d5f088291a4.sol:637:5: Missing @param tag in function 'oraclize_query' [Warning/use-natspec]
/sb/0x0046f822ef4e6d51a40dd87d34ab1d5f088291a4.sol:637:5: Mismatch in @param names for function 'oraclize_query'. Expected: [timestamp, datasource, args], Found: [] [Warning/use-natspec]
/sb/0x0046f822ef4e6d51a40dd87d34ab1d5f088291a4.sol:637:5: Missing @return tag in function 'oraclize_query' [Warning/use-natspec]
/sb/0x0046f822ef4e6d51a40dd87d34ab1d5f088291a4.sol:637:5: Mismatch in @return names for function 'oraclize_query'. Expected: [id], Found: [] [Warning/use-natspec]
/sb/0x0046f822ef4e6d51a40dd87d34ab1d5f088291a4.sol:637:5: Function name must be in mixedCase [Warning/func-name-mixedcase]
/sb/0x0046f822ef4e6d51a40dd87d34ab1d5f088291a4.sol:637:92: Visibility modifier must be first in list of modifiers [Warning/visibility-modifier-order]
/sb/0x0046f822ef4e6d51a40dd87d34ab1d5f088291a4.sol:637:29: Rule is set with explicit type [var/s: uint] [Warning/explicit-types]
/sb/0x0046f822ef4e6d51a40dd87d34ab1d5f088291a4.sol:655:5: Missing @notice tag in function 'oraclize_query' [Warning/use-natspec]
/sb/0x0046f822ef4e6d51a40dd87d34ab1d5f088291a4.sol:655:5: Missing @param tag in function 'oraclize_query' [Warning/use-natspec]
/sb/0x0046f822ef4e6d51a40dd87d34ab1d5f088291a4.sol:655:5: Mismatch in @param names for function 'oraclize_query'. Expected: [timestamp, datasource, args, gaslimit], Found: [] [Warning/use-natspec]
/sb/0x0046f822ef4e6d51a40dd87d34ab1d5f088291a4.sol:655:5: Missing @return tag in function 'oraclize_query' [Warning/use-natspec]
/sb/0x0046f822ef4e6d51a40dd87d34ab1d5f088291a4.sol:655:5: Mismatch in @return names for function 'oraclize_query'. Expected: [id], Found: [] [Warning/use-natspec]
/sb/0x0046f822ef4e6d51a40dd87d34ab1d5f088291a4.sol:655:5: Function name must be in mixedCase [Warning/func-name-mixedcase]
/sb/0x0046f822ef4e6d51a40dd87d34ab1d5f088291a4.sol:655:107: Visibility modifier must be first in list of modifiers [Warning/visibility-modifier-order]
/sb/0x0046f822ef4e6d51a40dd87d34ab1d5f088291a4.sol:655:29: Rule is set with explicit type [var/s: uint] [Warning/explicit-types]
/sb/0x0046f822ef4e6d51a40dd87d34ab1d5f088291a4.sol:655:80: Rule is set with explicit type [var/s: uint] [Warning/explicit-types]
/sb/0x0046f822ef4e6d51a40dd87d34ab1d5f088291a4.sol:673:5: Missing @notice tag in function 'oraclize_query' [Warning/use-natspec]
/sb/0x0046f822ef4e6d51a40dd87d34ab1d5f088291a4.sol:673:5: Missing @param tag in function 'oraclize_query' [Warning/use-natspec]
/sb/0x0046f822ef4e6d51a40dd87d34ab1d5f088291a4.sol:673:5: Mismatch in @param names for function 'oraclize_query'. Expected: [datasource, args, gaslimit], Found: [] [Warning/use-natspec]
/sb/0x0046f822ef4e6d51a40dd87d34ab1d5f088291a4.sol:673:5: Missing @return tag in function 'oraclize_query' [Warning/use-natspec]
/sb/0x0046f822ef4e6d51a40dd87d34ab1d5f088291a4.sol:673:5: Mismatch in @return names for function 'oraclize_query'. Expected: [id], Found: [] [Warning/use-natspec]
/sb/0x0046f822ef4e6d51a40dd87d34ab1d5f088291a4.sol:673:5: Function name must be in mixedCase [Warning/func-name-mixedcase]
/sb/0x0046f822ef4e6d51a40dd87d34ab1d5f088291a4.sol:673:91: Visibility modifier must be first in list of modifiers [Warning/visibility-modifier-order]
/sb/0x0046f822ef4e6d51a40dd87d34ab1d5f088291a4.sol:673:64: Rule is set with explicit type [var/s: uint] [Warning/explicit-types]
/sb/0x0046f822ef4e6d51a40dd87d34ab1d5f088291a4.sol:691:5: Missing @notice tag in function 'oraclize_query' [Warning/use-natspec]
/sb/0x0046f822ef4e6d51a40dd87d34ab1d5f088291a4.sol:691:5: Missing @param tag in function 'oraclize_query' [Warning/use-natspec]
/sb/0x0046f822ef4e6d51a40dd87d34ab1d5f088291a4.sol:691:5: Mismatch in @param names for function 'oraclize_query'. Expected: [datasource, argN], Found: [] [Warning/use-natspec]
/sb/0x0046f822ef4e6d51a40dd87d34ab1d5f088291a4.sol:691:5: Missing @return tag in function 'oraclize_query' [Warning/use-natspec]
/sb/0x0046f822ef4e6d51a40dd87d34ab1d5f088291a4.sol:691:5: Mismatch in @return names for function 'oraclize_query'. Expected: [id], Found: [] [Warning/use-natspec]
/sb/0x0046f822ef4e6d51a40dd87d34ab1d5f088291a4.sol:691:5: Function name must be in mixedCase [Warning/func-name-mixedcase]
/sb/0x0046f822ef4e6d51a40dd87d34ab1d5f088291a4.sol:691:74: Visibility modifier must be first in list of modifiers [Warning/visibility-modifier-order]
/sb/0x0046f822ef4e6d51a40dd87d34ab1d5f088291a4.sol:693:9: Rule is set with explicit type [var/s: uint] [Warning/explicit-types]
/sb/0x0046f822ef4e6d51a40dd87d34ab1d5f088291a4.sol:703:5: Missing @notice tag in function 'oraclize_query' [Warning/use-natspec]
/sb/0x0046f822ef4e6d51a40dd87d34ab1d5f088291a4.sol:703:5: Missing @param tag in function 'oraclize_query' [Warning/use-natspec]
/sb/0x0046f822ef4e6d51a40dd87d34ab1d5f088291a4.sol:703:5: Mismatch in @param names for function 'oraclize_query'. Expected: [timestamp, datasource, argN], Found: [] [Warning/use-natspec]
/sb/0x0046f822ef4e6d51a40dd87d34ab1d5f088291a4.sol:703:5: Missing @return tag in function 'oraclize_query' [Warning/use-natspec]
/sb/0x0046f822ef4e6d51a40dd87d34ab1d5f088291a4.sol:703:5: Mismatch in @return names for function 'oraclize_query'. Expected: [id], Found: [] [Warning/use-natspec]
/sb/0x0046f822ef4e6d51a40dd87d34ab1d5f088291a4.sol:703:5: Function name must be in mixedCase [Warning/func-name-mixedcase]
/sb/0x0046f822ef4e6d51a40dd87d34ab1d5f088291a4.sol:703:90: Visibility modifier must be first in list of modifiers [Warning/visibility-modifier-order]
/sb/0x0046f822ef4e6d51a40dd87d34ab1d5f088291a4.sol:703:29: Rule is set with explicit type [var/s: uint] [Warning/explicit-types]
/sb/0x0046f822ef4e6d51a40dd87d34ab1d5f088291a4.sol:705:9: Rule is set with explicit type [var/s: uint] [Warning/explicit-types]
/sb/0x0046f822ef4e6d51a40dd87d34ab1d5f088291a4.sol:715:5: Missing @notice tag in function 'oraclize_query' [Warning/use-natspec]
/sb/0x0046f822ef4e6d51a40dd87d34ab1d5f088291a4.sol:715:5: Missing @param tag in function 'oraclize_query' [Warning/use-natspec]
/sb/0x0046f822ef4e6d51a40dd87d34ab1d5f088291a4.sol:715:5: Mismatch in @param names for function 'oraclize_query'. Expected: [timestamp, datasource, argN, gaslimit], Found: [] [Warning/use-natspec]
/sb/0x0046f822ef4e6d51a40dd87d34ab1d5f088291a4.sol:715:5: Missing @return tag in function 'oraclize_query' [Warning/use-natspec]
/sb/0x0046f822ef4e6d51a40dd87d34ab1d5f088291a4.sol:715:5: Mismatch in @return names for function 'oraclize_query'. Expected: [id], Found: [] [Warning/use-natspec]
/sb/0x0046f822ef4e6d51a40dd87d34ab1d5f088291a4.sol:715:5: Function name must be in mixedCase [Warning/func-name-mixedcase]
/sb/0x0046f822ef4e6d51a40dd87d34ab1d5f088291a4.sol:715:105: Visibility modifier must be first in list of modifiers [Warning/visibility-modifier-order]
/sb/0x0046f822ef4e6d51a40dd87d34ab1d5f088291a4.sol:715:29: Rule is set with explicit type [var/s: uint] [Warning/explicit-types]
/sb/0x0046f822ef4e6d51a40dd87d34ab1d5f088291a4.sol:715:78: Rule is set with explicit type [var/s: uint] [Warning/explicit-types]
/sb/0x0046f822ef4e6d51a40dd87d34ab1d5f08829
