ANTLR runtime and generated code versions disagree: 4.9.2!=4.7.2
ANTLR runtime and generated code versions disagree: 4.9.2!=4.7.2
Analysing /sb/0x68662fae9167d1e3eb6fd0ed7c416826faa20b0c.sol:MyAdvancedToken...
Vulnerability: Integer Overflow. Maybe in function: mintToken(address,uint256). PC: 0xf67. Line number: 150.
If a = 1
and b = 115792089237316195423570985008687907853269984665640564039457584007913129639935
Vulnerability: Integer Overflow. Maybe in function: approveAndCall(address,uint256,bytes). PC: 0x153f. Line number: 84.
If a = 32
and b = 115792089237316195423570985008687907853269984665640564039457584007913129639681
Vulnerability: Integer Overflow. Maybe in function: sell(uint256). PC: 0x1750. Line number: 177.
If a = 8151361451498329286367889275872592014200055696511659324590510290739882053674
and b = 11041225061566138620180043187339669661017485715546663662855643767032919426871
Vulnerability: Reentrancy. Maybe in function: sell(uint256). PC: 0x1765. Line number: 177.
Vulnerability: Integer Overflow. Maybe in function: sell(uint256). PC: 0x16dd. Line number: 175.
If a = 115792089237316195423570985008687907852929702298719625575976008152378816089118
and b = 28948022309329048855892746252171976963317496166410141009835046617070047823118
Vulnerability: Integer Overflow. Maybe in function: mintToken(address,uint256). PC: 0xf57. Line number: 149.
If a = 1
and b = 115792089237316195423570985008687907853269984665640564039457584007913129639935
Vulnerability: Transaction Ordering Dependence. Maybe in function: sell(uint256). PC: 0x1765. Line number: 177.
Vulnerability: Integer Overflow. Maybe in function: approveAndCall(address,uint256,bytes). PC: 0x6d3. Line number: 80.
If a = 32
and b = 115792089237316195423570985008687907853269984665640564039457584007913129639900
Analysing /sb/0x68662fae9167d1e3eb6fd0ed7c416826faa20b0c.sol:mortal...
Analysing /sb/0x68662fae9167d1e3eb6fd0ed7c416826faa20b0c.sol:owned...
Analysing /sb/0x68662fae9167d1e3eb6fd0ed7c416826faa20b0c.sol:token...
Vulnerability: Reentrancy. Maybe in function: approveAndCall(address,uint256,bytes). PC: 0xe4a. Line number: 84.
Vulnerability: Integer Overflow. Maybe in function: approveAndCall(address,uint256,bytes). PC: 0x4c2. Line number: 80.
If a = 128
and b = 115792089237316195423570985008687907853269984665640564039457584007913129639748
Vulnerability: Integer Overflow. Maybe in function: approveAndCall(address,uint256,bytes). PC: 0xd8a. Line number: 84.
If a = 32
and b = 115792089237316195423570985008687907853269984665640564039457584007913129639712
Analysing /sb/0x68662fae9167d1e3eb6fd0ed7c416826faa20b0c.sol:tokenRecipient...
Nothing to analyse
