Extract contract TestToken from /sb/0xb84005872b407999a4a97f91d5ef40baaf1b9dc2.sol
Extracted 1 contract(s) from /sb/0xb84005872b407999a4a97f91d5ef40baaf1b9dc2.sol
[0;32m> Created "fuzzMe"[0m
[0;32m> To fuzz contracts:[0m
  chmod +x fuzzMe
  ./fuzzMe
contracts/TestToken.sol:24:5: Warning: Defining constructors as functions with the same name as the contract is deprecated. Use "constructor(...) { ... }" instead.
    function TestToken(address _owner, uint256 _startMark, uint256 _endMark) {
    ^ (Relevant source part starts here and spans across multiple lines).
contracts/TestToken.sol:32:9: Warning: Use of the "var" keyword is deprecated.
        var senderBalance = balances[msg.sender];
        ^---------------^
contracts/TestToken.sol:46:34: Warning: "throw" is deprecated in favour of "revert()", "require()" and "assert()".
        if (msg.sender != owner) throw;
                                 ^---^
contracts/TestToken.sol:48:9: Warning: Use of the "var" keyword is deprecated.
        var srcBalance = balances[_from];
        ^------------^
contracts/TestToken.sol:73:29: Warning: "throw" is deprecated in favour of "revert()", "require()" and "assert()".
        if (msg.value == 0) throw;
                            ^---^
contracts/TestToken.sol:75:9: Warning: Use of the "var" keyword is deprecated.
        var numTokens = msg.value * tokenCreationRate;
        ^-----------^
contracts/TestToken.sol:88:9: Warning: Use of the "var" keyword is deprecated.
        var tokenValue = balances[msg.sender];
        ^------------^
contracts/TestToken.sol:89:30: Warning: "throw" is deprecated in favour of "revert()", "require()" and "assert()".
        if (tokenValue == 0) throw;
                             ^---^
contracts/TestToken.sol:93:9: Warning: Use of the "var" keyword is deprecated.
        var ethValue = tokenValue / tokenCreationRate;
        ^----------^
contracts/TestToken.sol:96:41: Warning: "throw" is deprecated in favour of "revert()", "require()" and "assert()".
        if (!msg.sender.send(ethValue)) throw;
                                        ^---^
contracts/TestToken.sol:100:33: Warning: "throw" is deprecated in favour of "revert()", "require()" and "assert()".
        if(msg.sender != owner) throw;
                                ^---^
contracts/TestToken.sol:37:13: Warning: Invoking events without "emit" prefix is deprecated.
            Transfer(msg.sender, _to, _value);
            ^-------------------------------^
contracts/TestToken.sol:54:13: Warning: Invoking events without "emit" prefix is deprecated.
            Transfer(_from, _to, _value);
            ^--------------------------^
contracts/TestToken.sol:83:9: Warning: Invoking events without "emit" prefix is deprecated.
        Transfer(0x0, msg.sender, numTokens);
        ^----------------------------------^
contracts/TestToken.sol:94:9: Warning: Invoking events without "emit" prefix is deprecated.
        Refund(msg.sender, ethValue);
        ^--------------------------^
contracts/TestToken.sol:24:5: Warning: No visibility specified. Defaulting to "public". 
    function TestToken(address _owner, uint256 _startMark, uint256 _endMark) {
    ^ (Relevant source part starts here and spans across multiple lines).
contracts/TestToken.sol:31:5: Warning: No visibility specified. Defaulting to "public". 
    function transfer(address _to, uint256 _value) returns (bool) {
    ^ (Relevant source part starts here and spans across multiple lines).
contracts/TestToken.sol:45:5: Warning: No visibility specified. Defaulting to "public". 
    function privilegedTransfer(address _from, address _to, uint256 _value) returns (bool) {
    ^ (Relevant source part starts here and spans across multiple lines).
contracts/TestToken.sol:99:5: Warning: No visibility specified. Defaulting to "public". 
    function kill() {
    ^ (Relevant source part starts here and spans across multiple lines).
assets/NormalAttacker.sol:5:3: Warning: No visibility specified. Defaulting to "public". 
  function() payable {
  ^ (Relevant source part starts here and spans across multiple lines).
assets/ReentrancyAttacker.sol:8:7: Warning: Return value of low-level calls not used.
      msg.sender.call(bytes4(255));
      ^--------------------------^
assets/ReentrancyAttacker.sol:5:3: Warning: No visibility specified. Defaulting to "public". 
  function() payable {
  ^ (Relevant source part starts here and spans across multiple lines).
>> Fuzz TestToken
** Write stats: 0.017425
** Write stats: 5.00587
** Write stats: 10.0059
** Write stats: 15.0032
** Write stats: 20.0023
** Write stats: 25.0054
** Write stats: 30.001
** Write stats: 35.0066
** Write stats: 40.0071
** Write stats: 45.0026
** Write stats: 50.0041
** Write stats: 55.0002
** Write stats: 60.0002
** Write stats: 65.0059
** Write stats: 70.0054
** Write stats: 75.0061
** Write stats: 80.0058
** Write stats: 85.0064
** Write stats: 90.0017
** Write stats: 95.0053
** Write stats: 100.004
** Write stats: 105.002
** Write stats: 110.006
** Write stats: 115.007
** Write stats: 120.012
** Write stats: 120.058
