ANTLR runtime and generated code versions disagree: 4.9.2!=4.7.2
ANTLR runtime and generated code versions disagree: 4.9.2!=4.7.2
Analysing /sb/0x956d760f8665358ea1a9f11b82913020e5479376.sol:BasicToken...
Analysing /sb/0x956d760f8665358ea1a9f11b82913020e5479376.sol:CanReclaimToken...
Vulnerability: Reentrancy. Maybe in function: reclaimToken(address). PC: 0x234. Line number: 191.
Analysing /sb/0x956d760f8665358ea1a9f11b82913020e5479376.sol:ERC20...
Nothing to analyse
Analysing /sb/0x956d760f8665358ea1a9f11b82913020e5479376.sol:ERC20Basic...
Nothing to analyse
Analysing /sb/0x956d760f8665358ea1a9f11b82913020e5479376.sol:HasNoContracts...
Vulnerability: Reentrancy. Maybe in function: reclaimContract(address). PC: 0x258. Line number: 173.
Analysing /sb/0x956d760f8665358ea1a9f11b82913020e5479376.sol:HasNoEther...
Vulnerability: Reentrancy. Maybe in function: reclaimEther(). PC: 0x1ff. Line number: 155.
Analysing /sb/0x956d760f8665358ea1a9f11b82913020e5479376.sol:HasNoTokens...
Vulnerability: Reentrancy. Maybe in function: reclaimToken(address). PC: 0x2a4. Line number: 191.
Analysing /sb/0x956d760f8665358ea1a9f11b82913020e5479376.sol:MintableToken...
Analysing /sb/0x956d760f8665358ea1a9f11b82913020e5479376.sol:Ownable...
Analysing /sb/0x956d760f8665358ea1a9f11b82913020e5479376.sol:SafeERC20...
Analysing /sb/0x956d760f8665358ea1a9f11b82913020e5479376.sol:SafeMath...
Analysing /sb/0x956d760f8665358ea1a9f11b82913020e5479376.sol:StandardToken...
Analysing /sb/0x956d760f8665358ea1a9f11b82913020e5479376.sol:ZDRToken...
Vulnerability: Reentrancy. Maybe in function: reclaimContract(address). PC: 0xc38. Line number: 173.
Vulnerability: Reentrancy. Maybe in function: reclaimToken(address). PC: 0xa56. Line number: 191.
