A new version of Solhint is available: 6.0.1
Please consider updating your Solhint package.
/sb/0x00af71260cfad64c2db4dd890ced62601989ec21.sol:13:1: Found more than One contract per file. 5 contracts found! [Warning/one-contract-per-file]
/sb/0x00af71260cfad64c2db4dd890ced62601989ec21.sol:13:1: Compiler version ^0.8.4 does not satisfy the ^0.8.24 semver requirement [Error/compiler-version]
/sb/0x00af71260cfad64c2db4dd890ced62601989ec21.sol:19:1: Missing @title tag in contract 'Context' [Warning/use-natspec]
/sb/0x00af71260cfad64c2db4dd890ced62601989ec21.sol:19:1: Missing @author tag in contract 'Context' [Warning/use-natspec]
/sb/0x00af71260cfad64c2db4dd890ced62601989ec21.sol:19:1: Missing @notice tag in contract 'Context' [Warning/use-natspec]
/sb/0x00af71260cfad64c2db4dd890ced62601989ec21.sol:23:5: Missing @notice tag in function '_msgSender' [Warning/use-natspec]
/sb/0x00af71260cfad64c2db4dd890ced62601989ec21.sol:23:5: Missing @return tag in function '_msgSender' [Warning/use-natspec]
/sb/0x00af71260cfad64c2db4dd890ced62601989ec21.sol:23:5: Mismatch in @return names for function '_msgSender'. Expected: [payable], Found: [] [Warning/use-natspec]
/sb/0x00af71260cfad64c2db4dd890ced62601989ec21.sol:31:5: Missing @notice tag in function '_msgData' [Warning/use-natspec]
/sb/0x00af71260cfad64c2db4dd890ced62601989ec21.sol:31:5: Missing @return tag in function '_msgData' [Warning/use-natspec]
/sb/0x00af71260cfad64c2db4dd890ced62601989ec21.sol:31:5: Mismatch in @return count for function '_msgData'. Expected: 1, Found: 0 [Warning/use-natspec]
/sb/0x00af71260cfad64c2db4dd890ced62601989ec21.sol:43:1: Missing @title tag in contract 'IERC20' [Warning/use-natspec]
/sb/0x00af71260cfad64c2db4dd890ced62601989ec21.sol:43:1: Missing @author tag in contract 'IERC20' [Warning/use-natspec]
/sb/0x00af71260cfad64c2db4dd890ced62601989ec21.sol:43:1: Missing @notice tag in contract 'IERC20' [Warning/use-natspec]
/sb/0x00af71260cfad64c2db4dd890ced62601989ec21.sol:47:5: Missing @notice tag in function 'totalSupply' [Warning/use-natspec]
/sb/0x00af71260cfad64c2db4dd890ced62601989ec21.sol:47:5: Missing @return tag in function 'totalSupply' [Warning/use-natspec]
/sb/0x00af71260cfad64c2db4dd890ced62601989ec21.sol:47:5: Mismatch in @return count for function 'totalSupply'. Expected: 1, Found: 0 [Warning/use-natspec]
/sb/0x00af71260cfad64c2db4dd890ced62601989ec21.sol:49:5: Missing @notice tag in function 'balanceOf' [Warning/use-natspec]
/sb/0x00af71260cfad64c2db4dd890ced62601989ec21.sol:49:5: Missing @param tag in function 'balanceOf' [Warning/use-natspec]
/sb/0x00af71260cfad64c2db4dd890ced62601989ec21.sol:49:5: Mismatch in @param names for function 'balanceOf'. Expected: [account], Found: [] [Warning/use-natspec]
/sb/0x00af71260cfad64c2db4dd890ced62601989ec21.sol:49:5: Missing @return tag in function 'balanceOf' [Warning/use-natspec]
/sb/0x00af71260cfad64c2db4dd890ced62601989ec21.sol:49:5: Mismatch in @return count for function 'balanceOf'. Expected: 1, Found: 0 [Warning/use-natspec]
/sb/0x00af71260cfad64c2db4dd890ced62601989ec21.sol:51:5: Missing @notice tag in function 'transfer' [Warning/use-natspec]
/sb/0x00af71260cfad64c2db4dd890ced62601989ec21.sol:51:5: Missing @param tag in function 'transfer' [Warning/use-natspec]
/sb/0x00af71260cfad64c2db4dd890ced62601989ec21.sol:51:5: Mismatch in @param names for function 'transfer'. Expected: [recipient, amount], Found: [] [Warning/use-natspec]
/sb/0x00af71260cfad64c2db4dd890ced62601989ec21.sol:51:5: Missing @return tag in function 'transfer' [Warning/use-natspec]
/sb/0x00af71260cfad64c2db4dd890ced62601989ec21.sol:51:5: Mismatch in @return count for function 'transfer'. Expected: 1, Found: 0 [Warning/use-natspec]
/sb/0x00af71260cfad64c2db4dd890ced62601989ec21.sol:53:5: Missing @notice tag in function 'allowance' [Warning/use-natspec]
/sb/0x00af71260cfad64c2db4dd890ced62601989ec21.sol:53:5: Missing @param tag in function 'allowance' [Warning/use-natspec]
/sb/0x00af71260cfad64c2db4dd890ced62601989ec21.sol:53:5: Mismatch in @param names for function 'allowance'. Expected: [owner, spender], Found: [] [Warning/use-natspec]
/sb/0x00af71260cfad64c2db4dd890ced62601989ec21.sol:53:5: Missing @return tag in function 'allowance' [Warning/use-natspec]
/sb/0x00af71260cfad64c2db4dd890ced62601989ec21.sol:53:5: Mismatch in @return count for function 'allowance'. Expected: 1, Found: 0 [Warning/use-natspec]
/sb/0x00af71260cfad64c2db4dd890ced62601989ec21.sol:55:5: Missing @notice tag in function 'approve' [Warning/use-natspec]
/sb/0x00af71260cfad64c2db4dd890ced62601989ec21.sol:55:5: Missing @param tag in function 'approve' [Warning/use-natspec]
/sb/0x00af71260cfad64c2db4dd890ced62601989ec21.sol:55:5: Mismatch in @param names for function 'approve'. Expected: [spender, amount], Found: [] [Warning/use-natspec]
/sb/0x00af71260cfad64c2db4dd890ced62601989ec21.sol:55:5: Missing @return tag in function 'approve' [Warning/use-natspec]
/sb/0x00af71260cfad64c2db4dd890ced62601989ec21.sol:55:5: Mismatch in @return count for function 'approve'. Expected: 1, Found: 0 [Warning/use-natspec]
/sb/0x00af71260cfad64c2db4dd890ced62601989ec21.sol:57:5: Missing @notice tag in function 'transferFrom' [Warning/use-natspec]
/sb/0x00af71260cfad64c2db4dd890ced62601989ec21.sol:57:5: Missing @param tag in function 'transferFrom' [Warning/use-natspec]
/sb/0x00af71260cfad64c2db4dd890ced62601989ec21.sol:57:5: Mismatch in @param names for function 'transferFrom'. Expected: [sender, recipient, amount], Found: [] [Warning/use-natspec]
/sb/0x00af71260cfad64c2db4dd890ced62601989ec21.sol:57:5: Missing @return tag in function 'transferFrom' [Warning/use-natspec]
/sb/0x00af71260cfad64c2db4dd890ced62601989ec21.sol:57:5: Mismatch in @return count for function 'transferFrom'. Expected: 1, Found: 0 [Warning/use-natspec]
/sb/0x00af71260cfad64c2db4dd890ced62601989ec21.sol:59:5: Missing @notice tag in event 'Transfer' [Warning/use-natspec]
/sb/0x00af71260cfad64c2db4dd890ced62601989ec21.sol:59:5: Missing @param tag in event 'Transfer' [Warning/use-natspec]
/sb/0x00af71260cfad64c2db4dd890ced62601989ec21.sol:59:5: Mismatch in @param names for event 'Transfer'. Expected: [from, to, value], Found: [] [Warning/use-natspec]
/sb/0x00af71260cfad64c2db4dd890ced62601989ec21.sol:59:5: GC: [value] on Event [Transfer] could be Indexed [Warning/gas-indexed-events]
/sb/0x00af71260cfad64c2db4dd890ced62601989ec21.sol:61:5: Missing @notice tag in event 'Approval' [Warning/use-natspec]
/sb/0x00af71260cfad64c2db4dd890ced62601989ec21.sol:61:5: Missing @param tag in event 'Approval' [Warning/use-natspec]
/sb/0x00af71260cfad64c2db4dd890ced62601989ec21.sol:61:5: Mismatch in @param names for event 'Approval'. Expected: [owner, spender, value], Found: [] [Warning/use-natspec]
/sb/0x00af71260cfad64c2db4dd890ced62601989ec21.sol:61:5: GC: [value] on Event [Approval] could be Indexed [Warning/gas-indexed-events]
/sb/0x00af71260cfad64c2db4dd890ced62601989ec21.sol:67:1: Missing @title tag in contract 'SafeMath' [Warning/use-natspec]
/sb/0x00af71260cfad64c2db4dd890ced62601989ec21.sol:67:1: Missing @author tag in contract 'SafeMath' [Warning/use-natspec]
/sb/0x00af71260cfad64c2db4dd890ced62601989ec21.sol:67:1: Missing @notice tag in contract 'SafeMath' [Warning/use-natspec]
/sb/0x00af71260cfad64c2db4dd890ced62601989ec21.sol:71:5: Missing @notice tag in function 'add' [Warning/use-natspec]
/sb/0x00af71260cfad64c2db4dd890ced62601989ec21.sol:71:5: Missing @param tag in function 'add' [Warning/use-natspec]
/sb/0x00af71260cfad64c2db4dd890ced62601989ec21.sol:71:5: Mismatch in @param names for function 'add'. Expected: [a, b], Found: [] [Warning/use-natspec]
/sb/0x00af71260cfad64c2db4dd890ced62601989ec21.sol:71:5: Missing @return tag in function 'add' [Warning/use-natspec]
/sb/0x00af71260cfad64c2db4dd890ced62601989ec21.sol:71:5: Mismatch in @return count for function 'add'. Expected: 1, Found: 0 [Warning/use-natspec]
/sb/0x00af71260cfad64c2db4dd890ced62601989ec21.sol:75:9: GC: Use Custom Errors instead of require statements [Warning/gas-custom-errors]
/sb/0x00af71260cfad64c2db4dd890ced62601989ec21.sol:75:17: GC: Non strict inequality found. Try converting to a strict one [Warning/gas-strict-inequalities]
/sb/0x00af71260cfad64c2db4dd890ced62601989ec21.sol:85:5: Missing @notice tag in function 'sub' [Warning/use-natspec]
/sb/0x00af71260cfad64c2db4dd890ced62601989ec21.sol:85:5: Missing @param tag in function 'sub' [Warning/use-natspec]
/sb/0x00af71260cfad64c2db4dd890ced62601989ec21.sol:85:5: Mismatch in @param names for function 'sub'. Expected: [a, b], Found: [] [Warning/use-natspec]
/sb/0x00af71260cfad64c2db4dd890ced62601989ec21.sol:85:5: Missing @return tag in function 'sub' [Warning/use-natspec]
/sb/0x00af71260cfad64c2db4dd890ced62601989ec21.sol:85:5: Mismatch in @return count for function 'sub'. Expected: 1, Found: 0 [Warning/use-natspec]
/sb/0x00af71260cfad64c2db4dd890ced62601989ec21.sol:93:5: Missing @notice tag in function 'sub' [Warning/use-natspec]
/sb/0x00af71260cfad64c2db4dd890ced62601989ec21.sol:93:5: Missing @param tag in function 'sub' [Warning/use-natspec]
/sb/0x00af71260cfad64c2db4dd890ced62601989ec21.sol:93:5: Mismatch in @param names for function 'sub'. Expected: [a, b, errorMessage], Found: [] [Warning/use-natspec]
/sb/0x00af71260cfad64c2db4dd890ced62601989ec21.sol:93:5: Missing @return tag in function 'sub' [Warning/use-natspec]
/sb/0x00af71260cfad64c2db4dd890ced62601989ec21.sol:93:5: Mismatch in @return count for function 'sub'. Expected: 1, Found: 0 [Warning/use-natspec]
/sb/0x00af71260cfad64c2db4dd890ced62601989ec21.sol:95:9: GC: Use Custom Errors instead of require statements [Warning/gas-custom-errors]
/sb/0x00af71260cfad64c2db4dd890ced62601989ec21.sol:95:17: GC: Non strict inequality found. Try converting to a strict one [Warning/gas-strict-inequalities]
/sb/0x00af71260cfad64c2db4dd890ced62601989ec21.sol:107:5: Missing @notice tag in function 'mul' [Warning/use-natspec]
/sb/0x00af71260cfad64c2db4dd890ced62601989ec21.sol:107:5: Missing @param tag in function 'mul' [Warning/use-natspec]
/sb/0x00af71260cfad64c2db4dd890ced62601989ec21.sol:107:5: Mismatch in @param names for function 'mul'. Expected: [a, b], Found: [] [Warning/use-natspec]
/sb/0x00af71260cfad64c2db4dd890ced62601989ec21.sol:107:5: Missing @return tag in function 'mul' [Warning/use-natspec]
/sb/0x00af71260cfad64c2db4dd890ced62601989ec21.sol:107:5: Mismatch in @return count for function 'mul'. Expected: 1, Found: 0 [Warning/use-natspec]
/sb/0x00af71260cfad64c2db4dd890ced62601989ec21.sol:119:9: Error message for require is too long: 33 counted / 32 allowed [Warning/reason-string]
/sb/0x00af71260cfad64c2db4dd890ced62601989ec21.sol:119:9: GC: String exceeds 32 bytes [Warning/gas-small-strings]
/sb/0x00af71260cfad64c2db4dd890ced62601989ec21.sol:119:9: GC: Use Custom Errors instead of require statements [Warning/gas-custom-errors]
/sb/0x00af71260cfad64c2db4dd890ced62601989ec21.sol:129:5: Missing @notice tag in function 'div' [Warning/use-natspec]
/sb/0x00af71260cfad64c2db4dd890ced62601989ec21.sol:129:5: Missing @param tag in function 'div' [Warning/use-natspec]
/sb/0x00af71260cfad64c2db4dd890ced62601989ec21.sol:129:5: Mismatch in @param names for function 'div'. Expected: [a, b], Found: [] [Warning/use-natspec]
/sb/0x00af71260cfad64c2db4dd890ced62601989ec21.sol:129:5: Missing @return tag in function 'div' [Warning/use-natspec]
/sb/0x00af71260cfad64c2db4dd890ced62601989ec21.sol:129:5: Mismatch in @return count for function 'div'. Expected: 1, Found: 0 [Warning/use-natspec]
/sb/0x00af71260cfad64c2db4dd890ced62601989ec21.sol:137:5: Missing @notice tag in function 'div' [Warning/use-natspec]
/sb/0x00af71260cfad64c2db4dd890ced62601989ec21.sol:137:5: Missing @param tag in function 'div' [Warning/use-natspec]
/sb/0x00af71260cfad64c2db4dd890ced62601989ec21.sol:137:5: Mismatch in @param names for function 'div'. Expected: [a, b, errorMessage], Found: [] [Warning/use-natspec]
/sb/0x00af71260cfad64c2db4dd890ced62601989ec21.sol:137:5: Missing @return tag in function 'div' [Warning/use-natspec]
/sb/0x00af71260cfad64c2db4dd890ced62601989ec21.sol:137:5: Mismatch in @return count for function 'div'. Expected: 1, Found: 0 [Warning/use-natspec]
/sb/0x00af71260cfad64c2db4dd890ced62601989ec21.sol:139:9: GC: Use Custom Errors instead of require statements [Warning/gas-custom-errors]
/sb/0x00af71260cfad64c2db4dd890ced62601989ec21.sol:153:5: Missing @notice tag in function 'mod' [Warning/use-natspec]
/sb/0x00af71260cfad64c2db4dd890ced62601989ec21.sol:153:5: Missing @param tag in function 'mod' [Warning/use-natspec]
/sb/0x00af71260cfad64c2db4dd890ced62601989ec21.sol:153:5: Mismatch in @param names for function 'mod'. Expected: [a, b], Found: [] [Warning/use-natspec]
/sb/0x00af71260cfad64c2db4dd890ced62601989ec21.sol:153:5: Missing @return tag in function 'mod' [Warning/use-natspec]
/sb/0x00af71260cfad64c2db4dd890ced62601989ec21.sol:153:5: Mismatch in @return count for function 'mod'. Expected: 1, Found: 0 [Warning/use-natspec]
/sb/0x00af71260cfad64c2db4dd890ced62601989ec21.sol:161:5: Missing @notice tag in function 'mod' [Warning/use-natspec]
/sb/0x00af71260cfad64c2db4dd890ced62601989ec21.sol:161:5: Missing @param tag in function 'mod' [Warning/use-natspec]
/sb/0x00af71260cfad64c2db4dd890ced62601989ec21.sol:161:5: Mismatch in @param names for function 'mod'. Expected: [a, b, errorMessage], Found: [] [Warning/use-natspec]
/sb/0x00af71260cfad64c2db4dd890ced62601989ec21.sol:161:5: Missing @return tag in function 'mod' [Warning/use-natspec]
/sb/0x00af71260cfad64c2db4dd890ced62601989ec21.sol:161:5: Mismatch in @return count for function 'mod'. Expected: 1, Found: 0 [Warning/use-natspec]
/sb/0x00af71260cfad64c2db4dd890ced62601989ec21.sol:163:9: GC: Use Custom Errors instead of require statements [Warning/gas-custom-errors]
/sb/0x00af71260cfad64c2db4dd890ced62601989ec21.sol:173:1: Missing @title tag in contract 'Address' [Warning/use-natspec]
/sb/0x00af71260cfad64c2db4dd890ced62601989ec21.sol:173:1: Missing @author tag in contract 'Address' [Warning/use-natspec]
/sb/0x00af71260cfad64c2db4dd890ced62601989ec21.sol:173:1: Missing @notice tag in contract 'Address' [Warning/use-natspec]
/sb/0x00af71260cfad64c2db4dd890ced62601989ec21.sol:177:5: Missing @notice tag in function 'isContract' [Warning/use-natspec]
/sb/0x00af71260cfad64c2db4dd890ced62601989ec21.sol:177:5: Missing @param tag in function 'isContract' [Warning/use-natspec]
/sb/0x00af71260cfad64c2db4dd890ced62601989ec21.sol:177:5: Mismatch in @param names for function 'isContract'. Expected: [account], Found: [] [Warning/use-natspec]
/sb/0x00af71260cfad64c2db4dd890ced62601989ec21.sol:177:5: Missing @return tag in function 'isContract' [Warning/use-natspec]
/sb/0x00af71260cfad64c2db4dd890ced62601989ec21.sol:177:5: Mismatch in @return count for function 'isContract'. Expected: 1, Found: 0 [Warning/use-natspec]
/sb/0x00af71260cfad64c2db4dd890ced62601989ec21.sol:191:9: Avoid to use inline assembly. It is acceptable only in rare cases [Warning/no-inline-assembly]
/sb/0x00af71260cfad64c2db4dd890ced62601989ec21.sol:199:5: Missing @notice tag in function 'sendValue' [Warning/use-natspec]
/sb/0x00af71260cfad64c2db4dd890ced62601989ec21.sol:199:5: Missing @param tag in function 'sendValue' [Warning/use-natspec]
/sb/0x00af71260cfad64c2db4dd890ced62601989ec21.sol:199:5: Mismatch in @param names for function 'sendValue'. Expected: [recipient, amount], Found: [] [Warning/use-natspec]
/sb/0x00af71260cfad64c2db4dd890ced62601989ec21.sol:201:9: GC: Use Custom Errors instead of require statements [Warning/gas-custom-errors]
/sb/0x00af71260cfad64c2db4dd890ced62601989ec21.sol:201:17: GC: Non strict inequality found. Try converting to a strict one [Warning/gas-strict-inequalities]
/sb/0x00af71260cfad64c2db4dd890ced62601989ec21.sol:209:9: Error message for require is too long: 58 counted / 32 allowed [Warning/reason-string]
/sb/0x00af71260cfad64c2db4dd890ced62601989ec21.sol:209:9: GC: String exceeds 32 bytes [Warning/gas-small-strings]
/sb/0x00af71260cfad64c2db4dd890ced62601989ec21.sol:209:9: GC: Use Custom Errors instead of require statements [Warning/gas-custom-errors]
/sb/0x00af71260cfad64c2db4dd890ced62601989ec21.sol:215:5: Missing @notice tag in function 'functionCall' [Warning/use-natspec]
/sb/0x00af71260cfad64c2db4dd890ced62601989ec21.sol:215:5: Missing @param tag in function 'functionCall' [Warning/use-natspec]
/sb/0x00af71260cfad64c2db4dd890ced62601989ec21.sol:215:5: Mismatch in @param names for function 'functionCall'. Expected: [target, data], Found: [] [Warning/use-natspec]
/sb/0x00af71260cfad64c2db4dd890ced62601989ec21.sol:215:5: Missing @return tag in function 'functionCall' [Warning/use-natspec]
/sb/0x00af71260cfad64c2db4dd890ced62601989ec21.sol:215:5: Mismatch in @return count for function 'functionCall'. Expected: 1, Found: 0 [Warning/use-natspec]
/sb/0x00af71260cfad64c2db4dd890ced62601989ec21.sol:223:5: Missing @notice tag in function 'functionCall' [Warning/use-natspec]
/sb/0x00af71260cfad64c2db4dd890ced62601989ec21.sol:223:5: Missing @param tag in function 'functionCall' [Warning/use-natspec]
/sb/0x00af71260cfad64c2db4dd890ced62601989ec21.sol:223:5: Mismatch in @param names for function 'functionCall'. Expected: [target, data, errorMessage], Found: [] [Warning/use-natspec]
/sb/0x00af71260cfad64c2db4dd890ced62601989ec21.sol:223:5: Missing @return tag in function 'functionCall' [Warning/use-natspec]
/sb/0x00af71260cfad64c2db4dd890ced62601989ec21.sol:223:5: Mismatch in @return count for function 'functionCall'. Expected: 1, Found: 0 [Warning/use-natspec]
/sb/0x00af71260cfad64c2db4dd890ced62601989ec21.sol:231:5: Missing @notice tag in function 'functionCallWithValue' [Warning/use-natspec]
/sb/0x00af71260cfad64c2db4dd890ced62601989ec21.sol:231:5: Missing @param tag in function 'functionCallWithValue' [Warning/use-natspec]
/sb/0x00af71260cfad64c2db4dd890ced62601989ec21.sol:231:5: Mismatch in @param names for function 'functionCallWithValue'. Expected: [target, data, value], Found: [] [Warning/use-natspec]
/sb/0x00af71260cfad64c2db4dd890ced62601989ec21.sol:231:5: Missing @return tag in function 'functionCallWithValue' [Warning/use-natspec]
/sb/0x00af71260cfad64c2db4dd890ced62601989ec21.sol:231:5: Mismatch in @return count for function 'functionCallWithValue'. Expected: 1, Found: 0 [Warning/use-natspec]
/sb/0x00af71260cfad64c2db4dd890ced62601989ec21.sol:233:16: GC: String exceeds 32 bytes [Warning/gas-small-strings]
/sb/0x00af71260cfad64c2db4dd890ced62601989ec21.sol:239:5: Missing @notice tag in function 'functionCallWithValue' [Warning/use-natspec]
/sb/0x00af71260cfad64c2db4dd890ced62601989ec21.sol:239:5: Missing @param tag in function 'functionCallWithValue' [Warning/use-natspec]
/sb/0x00af71260cfad64c2db4dd890ced62601989ec21.sol:239:5: Mismatch in @param names for function 'functionCallWithValue'. Expected: [target, data, value, errorMessage], Found: [] [Warning/use-natspec]
/sb/0x00af71260cfad64c2db4dd890ced62601989ec21.sol:239:5: Missing @return tag in function 'functionCallWithValue' [Warning/use-natspec]
/sb/0x00af71260cfad64c2db4dd890ced62601989ec21.sol:239:5: Mismatch in @return count for function 'functionCallWithValue'. Expected: 1, Found: 0 [Warning/use-natspec]
/sb/0x00af71260cfad64c2db4dd890ced62601989ec21.sol:241:9: Error message for require is too long: 38 counted / 32 allowed [Warning/reason-string]
/sb/0x00af71260cfad64c2db4dd890ced62601989ec21.sol:241:9: GC: String exceeds 32 bytes [Warning/gas-small-strings]
/sb/0x00af71260cfad64c2db4dd890ced62601989ec21.sol:241:9: GC: Use Custom Errors instead of require statements [Warning/gas-custom-errors]
/sb/0x00af71260cfad64c2db4dd890ced62601989ec21.sol:241:17: GC: Non strict inequality found. Try converting to a strict one [Warning/gas-strict-inequalities]
/sb/0x00af71260cfad64c2db4dd890ced62601989ec21.sol:249:5: Missing @notice tag in function '_functionCallWithValue' [Warning/use-natspec]
/sb/0x00af71260cfad64c2db4dd890ced62601989ec21.sol:249:5: Missing @param tag in function '_functionCallWithValue' [Warning/use-natspec]
/sb/0x00af71260cfad64c2db4dd890ced62601989ec21.sol:249:5: Mismatch in @param names for function '_functionCallWithValue'. Expected: [target, data, weiValue, errorMessage], Found: [] [Warning/use-natspec]
/sb/0x00af71260cfad64c2db4dd890ced62601989ec21.sol:249:5: Missing @return tag in function '_functionCallWithValue' [Warning/use-natspec]
/sb/0x00af71260cfad64c2db4dd890ced62601989ec21.sol:249:5: Mismatch in @return count for function '_functionCallWithValue'. Expected: 1, Found: 0 [Warning/use-natspec]
/sb/0x00af71260cfad64c2db4dd890ced62601989ec21.sol:251:9: GC: Use Custom Errors instead of require statements [Warning/gas-custom-errors]
/sb/0x00af71260cfad64c2db4dd890ced62601989ec21.sol:267:17: Avoid to use inline assembly. It is acceptable only in rare cases [Warning/no-inline-assembly]
/sb/0x00af71260cfad64c2db4dd890ced62601989ec21.sol:289:1: Missing @title tag in contract 'Ownable' [Warning/use-natspec]
/sb/0x00af71260cfad64c2db4dd890ced62601989ec21.sol:289:1: Missing @author tag in contract 'Ownable' [Warning/use-natspec]
/sb/0x00af71260cfad64c2db4dd890ced62601989ec21.sol:289:1: Missing @notice tag in contract 'Ownable' [Warning/use-natspec]
/sb/0x00af71260cfad64c2db4dd890ced62601989ec21.sol:297:5: Missing @notice tag in event 'OwnershipTransferred' [Warning/use-natspec]
/sb/0x00af71260cfad64c2db4dd890ced62601989ec21.sol:297:5: Missing @param tag in event 'OwnershipTransferred' [Warning/use-natspec]
/sb/0x00af71260cfad64c2db4dd890ced62601989ec21.sol:297:5: Mismatch in @param names for event 'OwnershipTransferred'. Expected: [previousOwner, newOwner], Found: [] [Warning/use-natspec]
/sb/0x00af71260cfad64c2db4dd890ced62601989ec21.sol:301:5: Missing @notice tag in function '<anonymous>' [Warning/use-natspec]
/sb/0x00af71260cfad64c2db4dd890ced62601989ec21.sol:301:5: Explicitly mark visibility in function (Set ignoreConstructors to true if using solidity >=0.7.0) [Warning/func-visibility]
/sb/0x00af71260cfad64c2db4dd890ced62601989ec21.sol:313:5: Missing @notice tag in function 'owner' [Warning/use-natspec]
/sb/0x00af71260cfad64c2db4dd890ced62601989ec21.sol:313:5: Missing @return tag in function 'owner' [Warning/use-natspec]
/sb/0x00af71260cfad64c2db4dd890ced62601989ec21.sol:313:5: Mismatch in @return count for function 'owner'. Expected: 1, Found: 0 [Warning/use-natspec]
/sb/0x00af71260cfad64c2db4dd890ced62601989ec21.sol:323:9: GC: Use Custom Errors instead of require statements [Warning/gas-custom-errors]
/sb/0x00af71260cfad64c2db4dd890ced62601989ec21.sol:331:5: Missing @notice tag in function 'RenounceOwnership' [Warning/use-natspec]
/sb/0x00af71260cfad64c2db4dd890ced62601989ec21.sol:331:5: Function name must be in mixedCase [Warning/func-name-mixedcase]
/sb/0x00af71260cfad64c2db4dd890ced62601989ec21.sol:341:5: Missing @notice tag in function 'transferOwnership' [Warning/use-natspec]
/sb/0x00af71260cfad64c2db4dd890ced62601989ec21.sol:341:5: Missing @param tag in function 'transferOwnership' [Warning/use-natspec]
/sb/0x00af71260cfad64c2db4dd890ced62601989ec21.sol:341:5: Mismatch in @param names for function 'transferOwnership'. Expected: [newOwner], Found: [] [Warning/use-natspec]
/sb/0x00af71260cfad64c2db4dd890ced62601989ec21.sol:343:9: Error message for require is too long: 38 counted / 32 allowed [Warning/reason-string]
/sb/0x00af71260cfad64c2db4dd890ced62601989ec21.sol:343:9: GC: String exceeds 32 bytes [Warning/gas-small-strings]
/sb/0x00af71260cfad64c2db4dd890ced62601989ec21.sol:343:9: GC: Use Custom Errors instead of require statements [Warning/gas-custom-errors]
/sb/0x00af71260cfad64c2db4dd890ced62601989ec21.sol:355:1: Missing @title tag in contract 'IUniswapV2Factory' [Warning/use-natspec]
/sb/0x00af71260cfad64c2db4dd890ced62601989ec21.sol:355:1: Missing @author tag in contract 'IUniswapV2Factory' [Warning/use-natspec]
/sb/0x00af71260cfad64c2db4dd890ced62601989ec21.sol:355:1: Missing @notice tag in contract 'IUniswapV2Factory' [Warning/use-natspec]
/sb/0x00af71260cfad64c2db4dd890ced62601989ec21.sol:357:5: Missing @notice tag in event 'PairCreated' [Warning/use-natspec]
/sb/0x00af71260cfad64c2db4dd890ced62601989ec21.sol:357:5: Missing @param tag in event 'PairCreated' [Warning/use-natspec]
/sb/0x00af71260cfad64c2db4dd890ced62601989ec21.sol:357:5: Mismatch in @param count for event 'PairCreated'. Expected: 4, Found: 0 [Warning/use-natspec]
/sb/0x00af71260cfad64c2db4dd890ced62601989ec21.sol:357:5: GC: [pair] on Event [PairCreated] could be Indexed [Warning/gas-indexed-events]
/sb/0x00af71260cfad64c2db4dd890ced62601989ec21.sol:357:5: GC: [null] on Event [PairCreated] could be Indexed [Warning/gas-indexed-events]
/sb/0x00af71260cfad64c2db4dd890ced62601989ec21.sol:357:85: Rule is set with explicit type [var/s: uint] [Warning/explicit-types]
/sb/0x00af71260cfad64c2db4dd890ced62601989ec21.sol:361:5: Missing @notice tag in function 'feeTo' [Warning/use-natspec]
/sb/0x00af71260cfad64c2db4dd890ced62601989ec21.sol:361:5: Missing @return tag in function 'feeTo' [Warning/use-natspec]
/sb/0x00af71260cfad64c2db4dd890ced62601989ec21.sol:361:5: Mismatch in @return count for function 'feeTo'. Expected: 1, Found: 0 [Warning/use-natspec]
/sb/0x00af71260cfad64c2db4dd890ced62601989ec21.sol:363:5: Missing @notice tag in function 'feeToSetter' [Warning/use-natspec]
/sb/0x00af71260cfad64c2db4dd890ced62601989ec21.sol:363:5: Missing @return tag in function 'feeToSetter' [Warning/use-natspec]
/sb/0x00af71260cfad64c2db4dd890ced62601989ec21.sol:363:5: Mismatch in @return count for function 'feeToSetter'. Expected: 1, Found: 0 [Warning/use-natspec]
/sb/0x00af71260cfad64c2db4dd890ced62601989ec21.sol:367:5: Missing @notice tag in function 'getPair' [Warning/use-natspec]
/sb/0x00af71260cfad64c2db4dd890ced62601989ec21.sol:367:5: Missing @param tag in function 'getPair' [Warning/use-natspec]
/sb/0x00af71260cfad64c2db4dd890ced62601989ec21.sol:367:5: Mismatch in @param names for function 'getPair'. Expected: [tokenA, tokenB], Found: [] [Warning/use-natspec]
/sb/0x00af71260cfad64c2db4dd890ced62601989ec21.sol:367:5: Missing @return tag in function 'getPair' [Warning/use-natspec]
/sb/0x00af71260cfad64c2db4dd890ced62601989ec21.sol:367:5: Mismatch in @return names for function 'getPair'. Expected: [pair], Found: [] [Warning/use-natspec]
/sb/0x00af71260cfad64c2db4dd890ced62601989ec21.sol:369:5: Missing @notice tag in function 'allPairs' [Warning/use-natspec]
/sb/0x00af71260cfad64c2db4dd890ced62601989ec21.sol:369:5: Missing @param tag in function 'allPairs' [Warning/use-natspec]
/sb/0x00af71260cfad64c2db4dd890ced62601989ec21.sol:369:5: Mismatch in @param count for function 'allPairs'. Expected: 1, Found: 0 [Warning/use-natspec]
/sb/0x00af71260cfad64c2db4dd890ced62601989ec21.sol:369:5: Missing @return tag in function 'allPairs' [Warning/use-natspec]
/sb/0x00af71260cfad64c2db4dd890ced62601989ec21.sol:369:5: Mismatch in @return names for function 'allPairs'. Expected: [pair], Found: [] [Warning/use-natspec]
/sb/0x00af71260cfad64c2db4dd890ced62601989ec21.sol:369:23: Rule is set with explicit type [var/s: uint] [Warning/explicit-types]
/sb/0x00af71260cfad64c2db4dd890ced62601989ec21.sol:371:5: Missing @notice tag in function 'allPairsLength' [Warning/use-natspec]
/sb/0x00af71260cfad64c2db4dd890ced62601989ec21.sol:371:5: Missing @return tag in function 'allPairsLength' [Warning/use-natspec]
/sb/0x00af71260cfad64c2db4dd890ced62601989ec21.sol:371:5: Mismatch in @return count for function 'allPairsLength'. Expected: 1, Found: 0 [Warning/use-natspec]
/sb/0x00af71260cfad64c2db4dd890ced62601989ec21.sol:371:54: Rule is set with explicit type [var/s: uint] [Warning/explicit-types]
/sb/0x00af71260cfad64c2db4dd890ced62601989ec21.sol:375:5: Missing @notice tag in function 'createPair' [Warning/use-natspec]
/sb/0x00af71260cfad64c2db4dd890ced62601989ec21.sol:375:5: Missing @param tag in function 'createPair' [Warning/use-natspec]
/sb/0x00af71260cfad64c2db4dd890ced62601989ec21.sol:375:5: Mismatch in @param names for function 'createPair'. Expected: [tokenA, tokenB], Found: [] [Warning/use-natspec]
/sb/0x00af71260cfad64c2db4dd890ced62601989ec21.sol:375:5: Missing @return tag in function 'createPair' [Warning/use-natspec]
/sb/0x00af71260cfad64c2db4dd890ced62601989ec21.sol:375:5: Mismatch in @return names for function 'createPair'. Expected: [pair], Found: [] [Warning/use-natspec]
/sb/0x00af71260cfad64c2db4dd890ced62601989ec21.sol:379:5: Missing @notice tag in function 'setFeeTo' [Warning/use-natspec]
/sb/0x00af71260cfad64c2db4dd890ced62601989ec21.sol:379:5: Missing @param tag in function 'setFeeTo' [Warning/use-natspec]
/sb/0x00af71260cfad64c2db4dd890ced62601989ec21.sol:379:5: Mismatch in @param count for function 'setFeeTo'. Expected: 1, Found: 0 [Warning/use-natspec]
/sb/0x00af71260cfad64c2db4dd890ced62601989ec21.sol:381:5: Missing @notice tag in function 'setFeeToSetter' [Warning/use-natspec]
/sb/0x00af71260cfad64c2db4dd890ced62601989ec21.sol:381:5: Missing @param tag in function 'setFeeToSetter' [Warning/use-natspec]
/sb/0x00af71260cfad64c2db4dd890ced62601989ec21.sol:381:5: Mismatch in @param count for function 'setFeeToSetter'. Expected: 1, Found: 0 [Warning/use-natspec]
/sb/0x00af71260cfad64c2db4dd890ced62601989ec21.sol:387:1: Missing @title tag in contract 'IUniswapV2Pair' [Warning/use-natspec]
/sb/0x00af71260cfad64c2db4dd890ced62601989ec21.sol:387:1: Missing @author tag in contract 'IUniswapV2Pair' [Warning/use-natspec]
/sb/0x00af71260cfad64c2db4dd890ced62601989ec21.sol:387:1: Missing @notice tag in contract 'IUniswapV2Pair' [Warning/use-natspec]
/sb/0x00af71260cfad64c2db4dd890ced62601989ec21.sol:389:5: Missing @notice tag in event 'Approval' [Warning/use-natspec]
/sb/0x00af71260cfad64c2db4dd890ced62601989ec21.sol:389:5: Missing @param tag in event 'Approval' [Warning/use-natspec]
/sb/0x00af71260cfad64c2db4dd890ced62601989ec21.sol:389:5: Mismatch in @param names for event 'Approval'. Expected: [owner, spender, value], Found: [] [Warning/use-natspec]
/sb/0x00af71260cfad64c2db4dd890ced62601989ec21.sol:389:5: GC: [value] on Event [Approval] could be Indexed [Warning/gas-indexed-events]
/sb/0x00af71260cfad64c2db4dd890ced62601989ec21.sol:389:68: Rule is set with explicit type [var/s: uint] [Warning/explicit-types]
/sb/0x00af71260cfad64c2db4dd890ced62601989ec21.sol:391:5: Missing @notice tag in event 'Transfer' [Warning/use-natspec]
/sb/0x00af71260cfad64c2db4dd890ced62601989ec21.sol:391:5: Missing @param tag in event 'Transfer' [Warning/use-natspec]
/sb/0x00af71260cfad64c2db4dd890ced62601989ec21.sol:391:5: Mismatch in @param names for event 'Transfer'. Expected: [from, to, value], Found: [] [Warning/use-natspec]
/sb/0x00af71260cfad64c2db4dd890ced62601989ec21.sol:391:5: GC: [value] on Event [Transfer] could be Indexed [Warning/gas-indexed-events]
/sb/0x00af71260cfad64c2db4dd890ced62601989ec21.sol:391:62: Rule is set with explicit type [var/s: uint] [Warning/explicit-types]
/sb/0x00af71260cfad64c2db4dd890ced62601989ec21.sol:395:5: Missing @notice tag in function 'name' [Warning/use-natspec]
/sb/0x00af71260cfad64c2db4dd890ced62601989ec21.sol:395:5: Missing @return tag in function 'name' [Warning/use-natspec]
/sb/0x00af71260cfad64c2db4dd890ced62601989ec21.sol:395:5: Mismatch in @return count for function 'name'. Expected: 1, Found: 0 [Warning/use-natspec]
/sb/0x00af71260cfad64c2db4dd890ced62601989ec21.sol:397:5: Missing @notice tag in function 'symbol' [Warning/use-natspec]
/sb/0x00af71260cfad64c2db4dd890ced62601989ec21.sol:397:5: Missing @return tag in function 'symbol' [Warning/use-natspec]
/sb/0x00af71260cfad64c2db4dd890ced62601989ec21.sol:397:5: Mismatch in @return count for function 'symbol'. Expected: 1, Found: 0 [Warning/use-natspec]
/sb/0x00af71260cfad64c2db4dd890ced62601989ec21.sol:399:5: Missing @notice tag in function 'decimals' [Warning/use-natspec]
/sb/0x00af71260cfad64c2db4dd890ced62601989ec21.sol:399:5: Missing @return tag in function 'decimals' [Warning/use-natspec]
/sb/0x00af71260cfad64c2db4dd890ced62601989ec21.sol:399:5: Mismatch in @return count for function 'decimals'. Expected: 1, Found: 0 [Warning/use-natspec]
/sb/0x00af71260cfad64c2db4dd890ced62601989ec21.sol:401:5: Missing @notice tag in function 'totalSupply' [Warning/use-natspec]
/sb/0x00af71260cfad64c2db4dd890ced62601989ec21.sol:401:5: Missing @return tag in function 'totalSupply' [Warning/use-natspec]
/sb/0x00af71260cfad64c2db4dd890ced62601989ec21.sol:401:5: Mismatch in @return count for function 'totalSupply'. Expected: 1, Found: 0 [Warning/use-natspec]
/sb/0x00af71260cfad64c2db4dd890ced62601989ec21.sol:401:51: Rule is set with explicit type [var/s: uint] [Warning/explicit-types]
/sb/0x00af71260cfad64c2db4dd890ced62601989ec21.sol:403:5: Missing @notice tag in function 'balanceOf' [Warning/use-natspec]
/sb/0x00af71260cfad64c2db4dd890ced62601989ec21.sol:403:5: Missing @param tag in function 'balanceOf' [Warning/use-natspec]
/sb/0x00af71260cfad64c2db4dd890ced62601989ec21.sol:403:5: Mismatch in @param names for function 'balanceOf'. Expected: [owner], Found: [] [Warning/use-natspec]
/sb/0x00af71260cfad64c2db4dd890ced62601989ec21.sol:403:5: Missing @return tag in function 'balanceOf' [Warning/use-natspec]
/sb/0x00af71260cfad64c2db4dd890ced62601989ec21.sol:403:5: Mismatch in @return count for function 'balanceOf'. Expected: 1, Found: 0 [Warning/use-natspec]
/sb/0x00af71260cfad64c2db4dd890ced62601989ec21.sol:403:62: Rule is set with explicit type [var/s: uint] [Warning/explicit-types]
/sb/0x00af71260cfad64c2db4dd890ced62601989ec21.sol:405:5: Missing @notice tag in function 'allowance' [Warning/use-natspec]
/sb/0x00af71260cfad64c2db4dd890ced62601989ec21.sol:405:5: Missing @param tag in function 'allowance' [Warning/use-natspec]
/sb/0x00af71260cfad64c2db4dd890ced62601989ec21.sol:405:5: Mismatch in @param names for function 'allowance'. Expected: [owner, spender], Found: [] [Warning/use-natspec]
/sb/0x00af71260cfad64c2db4dd890ced62601989ec21.sol:405:5: Missing @return tag in function 'allowance' [Warning/use-natspec]
/sb/0x00af71260cfad64c2db4dd890ced62601989ec21.sol:405:5: Mismatch in @return count for function 'allowance'. Expected: 1, Found: 0 [Warning/use-natspec]
/sb/0x00af71260cfad64c2db4dd890ced62601989ec21.sol:405:79: Rule is set with explicit type [var/s: uint] [Warning/explicit-types]
/sb/0x00af71260cfad64c2db4dd890ced62601989ec21.sol:409:5: Missing @notice tag in function 'approve' [Warning/use-natspec]
/sb/0x00af71260cfad64c2db4dd890ced62601989ec21.sol:409:5: Missing @param tag in function 'approve' [Warning/use-natspec]
/sb/0x00af71260cfad64c2db4dd890ced62601989ec21.sol:409:5: Mismatch in @param names for function 'approve'. Expected: [spender, value], Found: [] [Warning/use-natspec]
/sb/0x00af71260cfad64c2db4dd890ced62601989ec21.sol:409:5: Missing @return tag in function 'approve' [Warning/use-natspec]
/sb/0x00af71260cfad64c2db4dd890ced62601989ec21.sol:409:5: Mismatch in @return count for function 'approve'. Expected: 1, Found: 0 [Warning/use-natspec]
/sb/0x00af71260cfad64c2db4dd890ced62601989ec21.sol:409:39: Rule is set with explicit type [var/s: uint] [Warning/explicit-types]
/sb/0x00af71260cfad64c2db4dd890ced62601989ec21.sol:411:5: Missing @notice tag in function 'transfer' [Warning/use-natspec]
/sb/0x00af71260cfad64c2db4dd890ced62601989ec21.sol:411:5: Missing @param tag in function 'transfer' [Warning/use-natspec]
/sb/0x00af71260cfad64c2db4dd890ced62601989ec21.sol:411:5: Mismatch in @param names for function 'transfer'. Expected: [to, value], Found: [] [Warning/use-natspec]
/sb/0x00af71260cfad64c2db4dd890ced62601989ec21.sol:411:5: Missing @return tag in function 'transfer' [Warning/use-natspec]
/sb/0x00af71260cfad64c2db4dd890ced62601989ec21.sol:411:5: Mismatch in @return count for function 'transfer'. Expected: 1, Found: 0 [Warning/use-natspec]
/sb/0x00af71260cfad64c2db4dd890ced62601989ec21.sol:411:35: Rule is set with explicit type [var/s: uint] [Warning/explicit-types]
/sb/0x00af71260cfad64c2db4dd890ced62601989ec21.sol:413:5: Missing @notice tag in function 'transferFrom' [Warning/use-natspec]
/sb/0x00af71260cfad64c2db4dd890ced62601989ec21.sol:413:5: Missing @param tag in function 'transferFrom' [Warning/use-natspec]
/sb/0x00af71260cfad64c2db4dd890ced62601989ec21.sol:413:5: Mismatch in @param names for function 'transferFrom'. Expected: [from, to, value], Found: [] [Warning/use-natspec]
/sb/0x00af71260cfad64c2db4dd890ced62601989ec21.sol:413:5: Missing @return tag in function 'transferFrom' [Warning/use-natspec]
/sb/0x00af71260cfad64c2db4dd890ced62601989ec21.sol:413:5: Mismatch in @return count for function 'transferFrom'. Expected: 1, Found: 0 [Warning/use-natspec]
/sb/0x00af71260cfad64c2db4dd890ced62601989ec21.sol:413:53: Rule is set with explicit type [var/s: uint] [Warning/explicit-types]
/sb/0x00af71260cfad64c2db4dd890ced62601989ec21.sol:417:5: Missing @notice tag in function 'DOMAIN_SEPARATOR' [Warning/use-natspec]
/sb/0x00af71260cfad64c2db4dd890ced62601989ec21.sol:417:5: Missing @return tag in function 'DOMAIN_SEPARATOR' [Warning/use-natspec]
/sb/0x00af71260cfad64c2db4dd890ced62601989ec21.sol:417:5: Mismatch in @return count for function 'DOMAIN_SEPARATOR'. Expected: 1, Found: 0 [Warning/use-natspec]
/sb/0x00af71260cfad64c2db4dd890ced62601989ec21.sol:417:5: Function name must be in mixedCase [Warning/func-name-mixedcase]
/sb/0x00af71260cfad64c2db4dd890ced62601989ec21.sol:419:5: Missing @notice tag in function 'PERMIT_TYPEHASH' [Warning/use-natspec]
/sb/0x00af71260cfad64c2db4dd890ced62601989ec21.sol:419:5: Missing @return tag in function 'PERMIT_TYPEHASH' [Warning/use-natspec]
/sb/0x00af71260cfad64c2db4dd890ced62601989ec21.sol:419:5: Mismatch in @return count for function 'PERMIT_TYPEHASH'. Expected: 1, Found: 0 [Warning/use-natspec]
/sb/0x00af71260cfad64c2db4dd890ced62601989ec21.sol:419:5: Function name must be in mixedCase [Warning/func-name-mixedcase]
/sb/0x00af71260cfad64c2db4dd890ced62601989ec21.sol:421:5: Missing @notice tag in function 'nonces' [Warning/use-natspec]
/sb/0x00af71260cfad64c2db4dd890ced62601989ec21.sol:421:5: Missing @param tag in function 'nonces' [Warning/use-natspec]
/sb/0x00af71260cfad64c2db4dd890ced62601989ec21.sol:421:5: Mismatch in @param names for function 'nonces'. Expected: [owner], Found: [] [Warning/use-natspec]
/sb/0x00af71260cfad64c2db4dd890ced62601989ec21.sol:421:5: Missing @return tag in function 'nonces' [Warning/use-natspec]
/sb/0x00af71260cfad64c2db4dd890ced62601989ec21.sol:421:5: Mismatch in @return count for function 'nonces'. Expected: 1, Found: 0 [Warning/use-natspec]
/sb/0x00af71260cfad64c2db4dd890ced62601989ec21.sol:421:59: Rule is set with explicit type [var/s: uint] [Warning/explicit-types]
/sb/0x00af71260cfad64c2db4dd890ced62601989ec21.sol:425:5: Missing @notice tag in function 'permit' [Warning/use-natspec]
/sb/0x00af71260cfad64c2db4dd890ced62601989ec21.sol:425:5: Missing @param tag in function 'permit' [Warning/use-natspec]
/sb/0x00af71260cfad64c2db4dd890ced62601989ec21.sol:425:5: Mismatch in @param names for function 'permit'. Expected: [owner, spender, value, deadline, v, r, s], Found: [] [Warning/use-natspec]
/sb/0x00af71260cfad64c2db4dd890ced62601989ec21.sol:425:53: Rule is set with explicit type [var/s: uint] [Warning/explicit-types]
/sb/0x00af71260cfad64c2db4dd890ced62601989ec21.sol:425:65: Rule is set with explicit type [var/s: uint] [Warning/explicit-types]
/sb/0x00af71260cfad64c2db4dd890ced62601989ec21.sol:429:5: Missing @notice tag in event 'Burn' [Warning/use-natspec]
/sb/0x00af71260cfad64c2db4dd890ced62601989ec21.sol:429:5: Missing @param tag in event 'Burn' [Warning/use-natspec]
/sb/0x00af71260cfad64c2db4dd890ced62601989ec21.sol:429:5: Mismatch in @param names for event 'Burn'. Expected: [sender, amount0, amount1, to], Found: [] [Warning/use-natspec]
/sb/0x00af71260cfad64c2db4dd890ced62601989ec21.sol:429:5: GC: [amount0] on Event [Burn] could be Indexed [Warning/gas-indexed-events]
/sb/0x00af71260cfad64c2db4dd890ced62601989ec21.sol:429:5: GC: [amount1] on Event [Burn] could be Indexed [Warning/gas-indexed-events]
/sb/0x00af71260cfad64c2db4dd890ced62601989ec21.sol:429:40: Rule is set with explicit type [var/s: uint] [Warning/explicit-types]
/sb/0x00af71260cfad64c2db4dd890ced62601989ec21.sol:429:54: Rule is set with explicit type [var/s: uint] [Warning/explicit-types]
/sb/0x00af71260cfad64c2db4dd890ced62601989ec21.sol:431:5: Missing @notice tag in event 'Swap' [Warning/use-natspec]
/sb/0x00af71260cfad64c2db4dd890ced62601989ec21.sol:431:5: Missing @param tag in event 'Swap' [Warning/use-natspec]
/sb/0x00af71260cfad64c2db4dd890ced62601989ec21.sol:431:5: Mismatch in @param names for event 'Swap'. Expected: [sender, amount0In, amount1In, amount0Out, amount1Out, to], Found: [] [Warning/use-natspec]
/sb/0x00af71260cfad64c2db4dd890ced62601989ec21.sol:431:5: GC: [amount0In] on Event [Swap] could be Indexed [Warning/gas-indexed-events]
/sb/0x00af71260cfad64c2db4dd890ced62601989ec21.sol:431:5: GC: [amount1In] on Event [Swap] could be Indexed [Warning/gas-indexed-events]
/sb/0x00af71260cfad64c2db4dd890ced62601989ec21.sol:431:5: GC: [amount0Out] on Event [Swap] could be Indexed [Warning/gas-indexed-events]
/sb/0x00af71260cfad64c2db4dd890ced62601989ec21.sol:431:5: GC: [amount1Out] on Event [Swap] could be Indexed [Warning/gas-indexed-events]
/sb/0x00af71260cfad64c2db4dd890ced62601989ec21.sol:435:9: Rule is set with explicit type [var/s: uint] [Warning/explicit-types]
/sb/0x00af71260cfad64c2db4dd890ced62601989ec21.sol:437:9: Rule is set with explicit type [var/s: uint] [Warning/explicit-types]
/sb/0x00af71260cfad64c2db4dd890ced62601989ec21.sol:439:9: Rule is set with explicit type [var/s: uint] [Warning/explicit-types]
/sb/0x00af71260cfad64c2db4dd890ced62601989ec21.sol:441:9: Rule is set with explicit type [var/s: uint] [Warning/explicit-types]
/sb/0x00af71260cfad64c2db4dd890ced62601989ec21.sol:447:5: Missing @notice tag in event 'Sync' [Warning/use-natspec]
/sb/0x00af71260cfad64c2db4dd890ced62601989ec21.sol:447:5: Missing @param tag in event 'Sync' [Warning/use-natspec]
/sb/0x00af71260cfad64c2db4dd890ced62601989ec21.sol:447:5: Mismatch in @param names for event 'Sync'. Expected: [reserve0, reserve1], Found: [] [Warning/use-natspec]
/sb/0x00af71260cfad64c2db4dd890ced62601989ec21.sol:447:5: GC: [reserve0] on Event [Sync] could be Indexed [Warning/gas-indexed-events]
/sb/0x00af71260cfad64c2db4dd890ced62601989ec21.sol:447:5: GC: [reserve1] on Event [Sync] could be Indexed [Warning/gas-indexed-events]
/sb/0x00af71260cfad64c2db4dd890ced62601989ec21.sol:451:5: Missing @notice tag in function 'MINIMUM_LIQUIDITY' [Warning/use-natspec]
/sb/0x00af71260cfad64c2db4dd890ced62601989ec21.sol:451:5: Missing @return tag in function 'MINIMUM_LIQUIDITY' [Warning/use-natspec]
/sb/0x00af71260cfad64c2db4dd890ced62601989ec21.sol:451:5: Mismatch in @return count for function 'MINIMUM_LIQUIDITY'. Expected: 1, Found: 0 [Warning/use-natspec]
/sb/0x00af71260cfad64c2db4dd890ced62601989ec21.sol:451:5: Function name must be in mixedCase [Warning/func-name-mixedcase]
/sb/0x00af71260cfad64c2db4dd890ced62601989ec21.sol:451:57: Rule is set with explicit type [var/s: uint] [Warning/explicit-types]
/sb/0x00af71260cfad64c2db4dd890ced62601989ec21.sol:453:5: Missing @notice tag in function 'factory' [Warning/use-natspec]
/sb/0x00af71260cfad64c2db4dd890ced62601989ec21.sol:453:5: Missing @return tag in function 'factory' [Warning/use-natspec]
/sb/0x00af71260cfad64c2db4dd890ced62601989ec21.sol:453:5: Mismatch in @return count for function 'factory'. Expected: 1, Found: 0 [Warning/use-natspec]
/sb/0x00af71260cfad64c2db4dd890ced62601989ec21.sol:455:5: Missing @notice tag in function 'token0' [Warning/use-natspec]
/sb/0x00af71260cfad64c2db4dd890ced62601989ec21.sol:455:5: Missing @return tag in function 'token0' [Warning/use-natspec]
/sb/0x00af71260cfad64c2db4dd890ced62601989ec21.sol:455:5: Mismatch in @return count for function 'token0'. Expected: 1, Found: 0 [Warning/use-natspec]
/sb/0x00af71260cfad64c2db4dd890ced62601989ec21.sol:457:5: Missing @notice tag in function 'token1' [Warning/use-natspec]
/sb/0x00af71260cfad64c2db4dd890ced62601989ec21.sol:457:5: Missing @return tag in function 'token1' [Warning/use-natspec]
/sb/0x00af71260cfad64c2db4dd890ced62601989ec21.sol:457:5: Mismatch in @return count for function 'token1'. Expected: 1, Found: 0 [Warning/use-natspec]
/sb/0x00af71260cfad64c2db4dd890ced62601989ec21.sol:459:5: Missing @notice tag in function 'getReserves' [Warning/use-natspec]
/sb/0x00af71260cfad64c2db4dd890ced62601989ec21.sol:459:5: Missing @return tag in function 'getReserves' [Warning/use-natspec]
/sb/0x00af71260cfad64c2db4dd890ced62601989ec21.sol:459:5: Mismatch in @return names for function 'getReserves'. Expected: [reserve0, reserve1, blockTimestampLast], Found: [] [Warning/use-natspec]
/sb/0x00af71260cfad64c2db4dd890ced62601989ec21.sol:461:5: Missing @notice tag in function 'price0CumulativeLast' [Warning/use-natspec]
/sb/0x00af71260cfad64c2db4dd890ced62601989ec21.sol:461:5: Missing @return tag in function 'price0CumulativeLast' [Warning/use-natspec]
/sb/0x00af71260cfad64c2db4dd890ced62601989ec21.sol:461:5: Mismatch in @return count for function 'price0CumulativeLast'. Expected: 1, Found: 0 [Warning/use-natspec]
/sb/0x00af71260cfad64c2db4dd890ced62601989ec21.sol:461:60: Rule is set with explicit type [var/s: uint] [Warning/explicit-types]
/sb/0x00af71260cfad64c2db4dd890ced62601989ec21.sol:463:5: Missing @notice tag in function 'price1CumulativeLast' [Warning/use-natspec]
/sb/0x00af71260cfad64c2db4dd890ced62601989ec21.sol:463:5: Missing @return tag in function 'price1CumulativeLast' [Warning/use-natspec]
/sb/0x00af71260cfad64c2db4dd890ced62601989ec21.sol:463:5: Mismatch in @return count for function 'price1CumulativeLast'. Expected: 1, Found: 0 [Warning/use-natspec]
/sb/0x00af71260cfad64c2db4dd890ced62601989ec21.sol:463:60: Rule is set with explicit type [var/s: uint] [Warning/explicit-types]
/sb/0x00af71260cfad64c2db4dd890ced62601989ec21.sol:465:5: Missing @notice tag in function 'kLast' [Warning/use-natspec]
/sb/0x00af71260cfad64c2db4dd890ced62601989ec21.sol:465:5: Missing @return tag in function 'kLast' [Warning/use-natspec]
/sb/0x00af71260cfad64c2db4dd890ced62601989ec21.sol:465:5: Mismatch in @return count for function 'kLast'. Expected: 1, Found: 0 [Warning/use-natspec]
/sb/0x00af71260cfad64c2db4dd890ced62601989ec21.sol:465:45: Rule is set with explicit type [var/s: uint] [Warning/explicit-types]
/sb/0x00af71260cfad64c2db4dd890ced62601989ec21.sol:469:5: Missing @notice tag in function 'burn' [Warning/use-natspec]
/sb/0x00af71260cfad64c2db4dd890ced62601989ec21.sol:469:5: Missing @param tag in function 'burn' [Warning/use-natspec]
/sb/0x00af71260cfad64c2db4dd890ced62601989ec21.sol:469:5: Mismatch in @param names for function 'burn'. Expected: [to], Found: [] [Warning/use-natspec]
/sb/0x00af71260cfad64c2db4dd890ced62601989ec21.sol:469:5: Missing @return tag in function 'burn' [Warning/use-natspec]
/sb/0x00af71260cfad64c2db4dd890ced62601989ec21.sol:469:5: Mismatch in @return names for function 'burn'. Expected: [amount0, amount1], Found: [] [Warning/use-natspec]
/sb/0x00af71260cfad64c2db4dd890ced62601989ec21.sol:469:49: Rule is set with explicit type [var/s: uint] [Warning/explicit-types]
/sb/0x00af71260cfad64c2db4dd890ced62601989ec21.sol:469:63: Rule is set with explicit type [var/s: uint] [Warning/explicit-types]
/sb/0x00af71260cfad64c2db4dd890ced62601989ec21.sol:471:5: Missing @notice tag in function 'swap' [Warning/use-natspec]
/sb/0x00af71260cfad64c2db4dd890ced62601989ec21.sol:471:5: Missing @param tag in function 'swap' [Warning/use-natspec]
/sb/0x00af71260cfad64c2db4dd890ced62601989ec21.sol:471:5: Mismatch in @param names for function 'swap'. Expected: [amount0Out, amount1Out, to, data], Found: [] [Warning/use-natspec]
/sb/0x00af71260cfad64c2db4dd890ced62601989ec21.sol:471:19: Rule is set with explicit type [var/s: uint] [Warning/explicit-types]
/sb/0x00af71260cfad64c2db4dd890ced62601989ec21.sol:471:36: Rule is set with explicit type [var/s: uint] [Warning/explicit-types]
/sb/0x00af71260cfad64c2db4dd890ced62601989ec21.sol:473:5: Missing @notice tag in function 'skim' [Warning/use-natspec]
/sb/0x00af71260cfad64c2db4dd890ced62601989ec21.sol:473:5: Missing @param tag in function 'skim' [Warning/use-natspec]
/sb/0x00af71260cfad64c2db4dd890ced62601989ec21.sol:473:5: Mismatch in @param names for function 'skim'. Expected: [to], Found: [] [Warning/use-natspec]
/sb/0x00af71260cfad64c2db4dd890ced62601989ec21.sol:475:5: Missing @notice tag in function 'sync' [Warning/use-natspec]
/sb/0x00af71260cfad64c2db4dd890ced62601989ec21.sol:479:5: Missing @notice tag in function 'initialize' [Warning/use-natspec]
/sb/0x00af71260cfad64c2db4dd890ced62601989ec21.sol:479:5: Missing @param tag in function 'initialize' [Warning/use-natspec]
/sb/0x00af71260cfad64c2db4dd890ced62601989ec21.sol:479:5: Mismatch in @param count for function 'initialize'. Expected: 2, Found: 0 [Warning/use-natspec]
/sb/0x00af71260cfad64c2db4dd890ced62601989ec21.sol:485:1: Missing @title tag in contract 'IUniswapV2Router01' [Warning/use-natspec]
/sb/0x00af71260cfad64c2db4dd890ced62601989ec21.sol:485:1: Missing @author tag in contract 'IUniswapV2Router01' [Warning/use-natspec]
/sb/0x00af71260cfad64c2db4dd890ced62601989ec21.sol:485:1: Missing @notice tag in contract 'IUniswapV2Router01' [Warning/use-natspec]
/sb/0x00af71260cfad64c2db4dd890ced62601989ec21.sol:487:5: Missing @notice tag in function 'factory' [Warning/use-natspec]
/sb/0x00af71260cfad64c2db4dd890ced62601989ec21.sol:487:5: Missing @return tag in function 'factory' [Warning/use-natspec]
/sb/0x00af71260cfad64c2db4dd890ced62601989ec21.sol:487:5: Mismatch in @return count for function 'factory'. Expected: 1, Found: 0 [Warning/use-natspec]
/sb/0x00af71260cfad64c2db4dd890ced62601989ec21.sol:489:5: Missing @notice tag in function 'WETH' [Warning/use-natspec]
/sb/0x00af71260cfad64c2db4dd890ced62601989ec21.sol:489:5: Missing @return tag in function 'WETH' [Warning/use-natspec]
/sb/0x00af71260cfad64c2db4dd890ced62601989ec21.sol:489:5: Mismatch in @return count for function 'WETH'. Expected: 1, Found: 0 [Warning/use-natspec]
/sb/0x00af71260cfad64c2db4dd890ced62601989ec21.sol:489:5: Function name must be in mixedCase [Warning/func-name-mixedcase]
/sb/0x00af71260cfad64c2db4dd890ced62601989ec21.sol:493:5: Missing @notice tag in function 'addLiquidity' [Warning/use-natspec]
/sb/0x00af71260cfad64c2db4dd890ced62601989ec21.sol:493:5: Missing @param tag in function 'addLiquidity' [Warning/use-natspec]
/sb/0x00af71260cfad64c2db4dd890ced62601989ec21.sol:493:5: Mismatch in @param names for function 'addLiquidity'. Expected: [tokenA, tokenB, amountADesired, amountBDesired, amountAMin, amountBMin, to, deadline], Found: [] [Warning/use-natspec]
/sb/0x00af71260cfad64c2db4dd890ced62601989ec21.sol:493:5: Missing @return tag in function 'addLiquidity' [Warning/use-natspec]
/sb/0x00af71260cfad64c2db4dd890ced62601989ec21.sol:493:5: Mismatch in @return names for function 'addLiquidity'. Expected: [amountA, amountB, liquidity], Found: [] [Warning/use-natspec]
/sb/0x00af71260cfad64c2db4dd890ced62601989ec21.sol:499:9: Rule is set with explicit type [var/s: uint] [Warning/explicit-types]
/sb/0x00af71260cfad64c2db4dd890ced62601989ec21.sol:501:9: Rule is set with explicit type [var/s: uint] [Warning/explicit-types]
/sb/0x00af71260cfad64c2db4dd890ced62601989ec21.sol:503:9: Rule is set with explicit type [var/s: uint] [Warning/explicit-types]
/sb/0x00af71260cfad64c2db4dd890ced62601989ec21.sol:505:9: Rule is set with explicit type [var/s: uint] [Warning/explicit-types]
/sb/0x00af71260cfad64c2db4dd890ced62601989ec21.sol:509:9: Rule is set with explicit type [var/s: uint] [Warning/explicit-types]
/sb/0x00af71260cfad64c2db4dd890ced62601989ec21.sol:511:25: Rule is set with explicit type [var/s: uint] [Warning/explicit-types]
/sb/0x00af71260cfad64c2db4dd890ced62601989ec21.sol:511:39: Rule is set with explicit type [var/s: uint] [Warning/explicit-types]
/sb/0x00af71260cfad64c2db4dd890ced62601989ec21.sol:511:53: Rule is set with explicit type [var/s: uint] [Warning/explicit-types]
/sb/0x00af71260cfad64c2db4dd890ced62601989ec21.sol:513:5: Missing @notice tag in function 'addLiquidityETH' [Warning/use-natspec]
/sb/0x00af71260cfad64c2db4dd890ced62601989ec21.sol:513:5: Missing @param tag in function 'addLiquidityETH' [Warning/use-natspec]
/sb/0x00af71260cfad64c2db4dd890ced62601989ec21.sol:513:5: Mismatch in @param names for function 'addLiquidityETH'. Expected: [token, amountTokenDesired, amountTokenMin, amountETHMin, to, deadline], Found: [] [Warning/use-natspec]
/sb/0x00af71260cfad64c2db4dd890ced62601989ec21.sol:513:5: Missing @return tag in function 'addLiquidityETH' [Warning/use-natspec]
/sb/0x00af71260cfad64c2db4dd890ced62601989ec21.sol:513:5: Mismatch in @return names for function 'addLiquidityETH'. Expected: [amountToken, amountETH, liquidity], Found: [] [Warning/use-natspec]
/sb/0x00af71260cfad64c2db4dd890ced62601989ec21.sol:517:9: Rule is set with explicit type [var/s: uint] [Warning/explicit-types]
/sb/0x00af71260cfad64c2db4dd890ced62601989ec21.sol:519:9: Rule is set with explicit type [var/s: uint] [Warning/explicit-types]
/sb/0x00af71260cfad64c2db4dd890ced62601989ec21.sol:521:9: Rule is set with explicit type [var/s: uint] [Warning/explicit-types]
/sb/0x00af71260cfad64c2db4dd890ced62601989ec21.sol:525:9: Rule is set with explicit type [var/s: uint] [Warning/explicit-types]
/sb/0x00af71260cfad64c2db4dd890ced62601989ec21.sol:527:33: Rule is set with explicit type [var/s: uint] [Warning/explicit-types]
/sb/0x00af71260cfad64c2db4dd890ced62601989ec21.sol:527:51: Rule is set with explicit type [var/s: uint] [Warning/explicit-types]
/sb/0x00af71260cfad64c2db4dd890ced62601989ec21.sol:527:67: Rule is set with explicit type [var/s: uint] [Warning/explicit-types]
/sb/0x00af71260cfad64c2db4dd890ced62601989ec21.sol:529:5: Missing @notice tag in function 'removeLiquidity' [Warning/use-natspec]
/sb/0x00af71260cfad64c2db4dd890ced62601989ec21.sol:529:5: Missing @param tag in function 'removeLiquidity' [Warning/use-natspec]
/sb/0x00af71260cfad64c2db4dd890ced62601989ec21.sol:529:5: Mismatch in @param names for function 'removeLiquidity'. Expected: [tokenA, tokenB, liquidity, amountAMin, amountBMin, to, deadline], Found: [] [Warning/use-natspec]
/sb/0x00af71260cfad64c2db4dd890ced62601989ec21.sol:529:5: Missing @return tag in function 'removeLiquidity' [Warning/use-natspec]
/sb/0x00af71260cfad64c2db4dd890ced62601989ec21.sol:529:5: Mismatch in @return names for function 'removeLiquidity'. Expected: [amountA, amountB], Found: [] [Warning/use-natspec]
/sb/0x00af71260cfad64c2db4dd890ced62601989ec21.sol:535:9: Rule is set with explicit type [var/s: uint] [Warning/explicit-types]
/sb/0x00af71260cfad64c2db4dd890ced62601989ec21.sol:537:9: Rule is set with explicit type [var/s: uint] [Warning/explicit-types]
/sb/0x00af71260cfad64c2db4dd890ced62601989ec21.sol:539:9: Rule is set with explicit type [var/s: uint] [Warning/explicit-types]
/sb/0x00af71260cfad64c2db4dd890ced62601989ec21.sol:543:9: Rule is set with explicit type [var/s: uint] [Warning/explicit-types]
/sb/0x00af71260cfad64c2db4dd890ced62601989ec21.sol:545:25: Rule is set with explicit type [var/s: uint] [Warning/explicit-types]
/sb/0x00af71260cfad64c2db4dd890ced62601989ec21.sol:545:39: Rule is set with explicit type [var/s: uint] [Warning/explicit-types]
/sb/0x00af71260cfad64c2db4dd890ced62601989ec21.sol:547:5: Missing @notice tag in function 'removeLiquidityETH' [Warning/use-natspec]
/sb/0x00af71260cfad64c2db4dd890ced62601989ec21.sol:547:5: Missing @param tag in function 'removeLiquidityETH' [Warning/use-natspec]
/sb/0x00af71260cfad64c2db4dd890ced62601989ec21.sol:547:5: Mismatch in @param names for function 'removeLiquidityETH'. Expected: [token, liquidity, amountTokenMin, amountETHMin, to, deadline], Found: [] [Warning/use-natspec]
/sb/0x00af71260cfad64c2db4dd890ced62601989ec21.sol:547:5: Missing @return tag in function 'removeLiquidityETH' [Warning/use-natspec]
/sb/0x00af71260cfad64c2db4dd890ced62601989ec21.sol:547:5: Mismatch in @return names for function 'removeLiquidityETH'. Expected: [amountToken, amountETH], Found: [] [Warning/use-natspec]
/sb/0x00af71260cfad64c2db4dd890ced62601989ec21.sol:551:9: Rule is set with explicit type [var/s: uint] [Warning/explicit-types]
/sb/0x00af71260cfad64c2db4dd890ced62601989ec21.sol:553:9: Rule is set with explicit type [var/s: uint] [Warning/explicit-types]
/sb/0x00af71260cfad64c2db4dd890ced62601989ec21.sol:555:9: Rule is set with explicit type [var/s: uint] [Warning/explicit-types]
/sb/0x00af71260cfad64c2db4dd890ced62601989ec21.sol:559:9: Rule is set with explicit type [var/s: uint] [Warning/explicit-types]
/sb/0x00af71260cfad64c2db4dd890ced62601989ec21.sol:561:25: Rule is set with explicit type [var/s: uint] [Warning/explicit-types]
/sb/0x00af71260cfad64c2db4dd890ced62601989ec21.sol:561:43: Rule is set with explicit type [var/s: uint] [Warning/explicit-types]
/sb/0x00af71260cfad64c2db4dd890ced62601989ec21.sol:563:5: Missing @notice tag in function 'removeLiquidityWithPermit' [Warning/use-natspec]
/sb/0x00af71260cfad64c2db4dd890ced62601989ec21.sol:563:5: Missing @param tag in function 'removeLiquidityWithPermit' [Warning/use-natspec]
/sb/0x00af71260cfad64c2db4dd890ced62601989ec21.sol:563:5: Mismatch in @param names for function 'removeLiquidityWithPermit'. Expected: [tokenA, tokenB, liquidity, amountAMin, amountBMin, to, deadline, approveMax, v, r, s], Found: [] [Warning/use-natspec]
/sb/0x00af71260cfad64c2db4dd890ced62601989ec21.sol:563:5: Missing @return tag in function 'removeLiquidityWithPermit' [Warning/use-natspec]
/sb/0x00af71260cfad64c2db4dd890ced62601989ec21.sol:563:5: Mismatch in @return names for function 'removeLiquidityWithPermit'. Expected: [amountA, amountB], Found: [] [Warning/use-natspec]
/sb/0x00af71260cfad64c2db4dd890ced62601989ec21.sol:569:9: Rule is set with explicit type [var/s: uint] [Warning/explicit-types]
/sb/0x00af71260cfad64c2db4dd890ced62601989ec21.sol:571:9: Rule is set with explicit type [var/s: uint] [Warning/explicit-types]
/sb/0x00af71260cfad64c2db4dd890ced62601989ec21.sol:573:9: Rule is set with explicit type [var/s: uint] [Warning/explicit-types]
/sb/0x00af71260cfad64c2db4dd890ced62601989ec21.sol:577:9: Rule is set with explicit type [var/s: uint] [Warning/explicit-types]
/sb/0x00af71260cfad64c2db4dd890ced62601989ec21.sol:581:25: Rule is set with explicit type [var/s: uint] [Warning/explicit-types]
/sb/0x00af71260cfad64c2db4dd890ced62601989ec21.sol:581:39: Rule is set with explicit type [var/s: uint] [Warning/explicit-types]
/sb/0x00af71260cfad64c2db4dd890ced62601989ec21.sol:583:5: Missing @notice tag in function 'removeLiquidityETHWithPermit' [Warning/use-natspec]
/sb/0x00af71260cfad64c2db4dd890ced62601989ec21.sol:583:5: Missing @param tag in function 'removeLiquidityETHWithPermit' [Warning/use-natspec]
/sb/0x00af71260cfad64c2db4dd890ced62601989ec21.sol:583:5: Mismatch in @param names for function 'removeLiquidityETHWithPermit'. Expected: [token, liquidity, amountTokenMin, amountETHMin, to, deadline, approveMax, v, r, s], Found: [] [Warning/use-natspec]
/sb/0x00af71260cfad64c2db4dd890ced62601989ec21.sol:583:5: Missing @return tag in function 'removeLiquidityETHWithPermit' [Warning/use-natspec]
/sb/0x00af71260cfad64c2db4dd890ced62601989ec21.sol:583:5: Mismatch in @return names for function 'removeLiquidityETHWithPermit'. Expected: [amountToken, amountETH], Found: [] [Warning/use-natspec]
/sb/0x00af71260cfad64c2db4dd890ced62601989ec21.sol:587:9: Rule is set with explicit type [var/s: uint] [Warning/explicit-types]
/sb/0x00af71260cfad64c2db4dd890ced62601989ec21.sol:589:9: Rule is set with explicit type [var/s: uint] [Warning/explicit-types]
/sb/0x00af71260cfad64c2db4dd890ced62601989ec21.sol:591:9: Rule is set with explicit type [var/s: uint] [Warning/explicit-types]
/sb/0x00af71260cfad64c2db4dd890ced62601989ec21.sol:595:9: Rule is set with explicit type [var/s: uint] [Warning/explicit-types]
/sb/0x00af71260cfad64c2db4dd890ced62601989ec21.sol:599:25: Rule is set with explicit type [var/s: uint] [Warning/explicit-types]
/sb/0x00af71260cfad64c2db4dd890ced62601989ec21.sol:599:43: Rule is set with explicit type [var/s: uint] [Warning/explicit-types]
/sb/0x00af71260cfad64c2db4dd890ced62601989ec21.sol:601:5: Missing @notice tag in function 'swapExactTokensForTokens' [Warning/use-natspec]
/sb/0x00af71260cfad64c2db4dd890ced62601989ec21.sol:601:5: Missing @param tag in function 'swapExactTokensForTokens' [Warning/use-natspec]
/sb/0x00af71260cfad64c2db4dd890ced62601989ec21.sol:601:5: Mismatch in @param names for function 'swapExactTokensForTokens'. Expected: [amountIn, amountOutMin, path, to, deadline], Found: [] [Warning/use-natspec]
/sb/0x00af71260cfad64c2db4dd890ced62601989ec21.sol:601:5: Missing @return tag in function 'swapExactTokensForTokens' [Warning/use-natspec]
/sb/0x00af71260cfad64c2db4dd890ced62601989ec21.sol:601:5: Mismatch in @return names for function 'swapExactTokensForTokens'. Expected: [amounts], Found: [] [Warning/use-natspec]
/sb/0x00af71260cfad64c2db4dd890ced62601989ec21.sol:603:9: Rule is set with explicit type [var/s: uint] [Warning/explicit-types]
/sb/0x00af71260cfad64c2db4dd890ced62601989ec21.sol:605:9: Rule is set with explicit type [var/s: uint] [Warning/explicit-types]
/sb/0x00af71260cfad64c2db4dd890ced62601989ec21.sol:611:9: Rule is set with explicit type [var/s: uint] [Warning/explicit-types]
/sb/0x00af71260cfad64c2db4dd890ced62601989ec21.sol:613:25: Rule is set with explicit type [var/s: uint] [Warning/explicit-types]
/sb/0x00af71260cfad64c2db4dd890ced62601989ec21.sol:615:5: Missing @notice tag in function 'swapTokensForExactTokens' [Warning/use-natspec]
/sb/0x00af71260cfad64c2db4dd890ced62601989ec21.sol:615:5: Missing @param tag in function 'swapTokensForExactTokens' [Warning/use-natspec]
/sb/0x00af71260cfad64c2db4dd890ced62601989ec21.sol:615:5: Mismatch in @param names for function 'swapTokensForExactTokens'. Expected: [amountOut, amountInMax, path, to, deadline], Found: [] [Warning/use-natspec]
/sb/0x00af71260cfad64c2db4dd890ced62601989ec21.sol:615:5: Missing @return tag in function 'swapTokensForExactTokens' [Warning/use-natspec]
/sb/0x00af71260cfad64c2db4dd890ced62601989ec21.sol:615:5: Mismatch in @return names for function 'swapTokensForExactTokens'. Expected: [amounts], Found: [] [Warning/use-natspec]
/sb/0x00af71260cfad64c2db4dd890ced62601989ec21.sol:617:9: Rule is set with explicit type [var/s: uint] [Warning/explicit-types]
/sb/0x00af71260cfad64c2db4dd890ced62601989ec21.sol:619:9: Rule is set with explicit type [var/s: uint] [Warning/explicit-types]
/sb/0x00af71260cfad64c2db4dd890ced62601989ec21.sol:625:9: Rule is set with explicit type [var/s: uint] [Warning/explicit-types]
/sb/0x00af71260cfad64c2db4dd890ced62601989ec21.sol:627:25: Rule is set with explicit type [var/s: uint] [Warning/explicit-types]
/sb/0x00af71260cfad64c2db4dd890ced62601989ec21.sol:629:5: Missing @notice tag in function 'swapExactETHForTokens' [Warning/use-natspec]
/sb/0x00af71260cfad64c2db4dd890ced62601989ec21.sol:629:5: Missing @param tag in function 'swapExactETHForTokens' [Warning/use-natspec]
/sb/0x00af71260cfad64c2db4dd890ced62601989ec21.sol:629:5: Mismatch in @param names for function 'swapExactETHForTokens'. Expected: [amountOutMin, path, to, deadline], Found: [] [Warning/use-natspec]
/sb/0x00af71260cfad64c2db4dd890ced62601989ec21.sol:629:5: Missing @return tag in function 'swapExactETHForTokens' [Warning/use-natspec]
/sb/0x00af71260cfad64c2db4dd890ced62601989ec21.sol:629:5: Mismatch in @return names for function 'swapExactETHForTokens'. Expected: [amounts], Found: [] [Warning/use-natspec]
/sb/0x00af71260cfad64c2db4dd890ced62601989ec21.sol:629:36: Rule is set with explicit type [var/s: uint] [Warning/explicit-types]
/sb/0x00af71260cfad64c2db4dd890ced62601989ec21.sol:629:92: Rule is set with explicit type [var/s: uint] [Warning/explicit-types]
/sb/0x00af71260cfad64c2db4dd890ced62601989ec21.sol:635:18: Rule is set with explicit type [var/s: uint] [Warning/explicit-types]
/sb/0x00af71260cfad64c2db4dd890ced62601989ec21.sol:637:5: Missing @notice tag in function 'swapTokensForExactETH' [Warning/use-natspec]
/sb/0x00af71260cfad64c2db4dd890ced62601989ec21.sol:637:5: Missing @param tag in function 'swapTokensForExactETH' [Warning/use-natspec]
/sb/0x00af71260cfad64c2db4dd890ced62601989ec21.sol:637:5: Mismatch in @param names for function 'swapTokensForExactETH'. Expected: [amountOut, amountInMax, path, to, deadline], Found: [] [Warning/use-natspec]
/sb/0x00af71260cfad64c2db4dd890ced62601989ec21.sol:637:5: Missing @return tag in function 'swapTokensForExactETH' [Warning/use-natspec]
/sb/0x00af71260cfad64c2db4dd890ced62601989ec21.sol:637:5: Mismatch in @return names for function 'swapTokensForExactETH'. Expected: [amounts], Found: [] [Warning/use-natspec]
/sb/0x00af71260cfad64c2db4dd890ced62601989ec21.sol:637:36: Rule is set with explicit type [var/s: uint] [Warning/explicit-types]
/sb/0x00af71260cfad64c2db4dd890ced62601989ec21.sol:637:52: Rule is set with explicit type [var/s: uint] [Warning/explicit-types]
/sb/0x00af71260cfad64c2db4dd890ced62601989ec21.sol:637:107: Rule is set with explicit type [var/s: uint] [Warning/explicit-types]
/sb/0x00af71260cfad64c2db4dd890ced62601989ec21.sol:641:18: Rule is set with explicit type [var/s: uint] [Warning/explicit-types]
/sb/0x00af71260cfad64c2db4dd890ced62601989ec21.sol:643:5: Missing @notice tag in function 'swapExactTokensForETH' [Warning/use-natspec]
/sb/0x00af71260cfad64c2db4dd890ced62601989ec21.sol:643:5: Missing @param tag in function 'swapExactTokensForETH' [Warning/use-natspec]
/sb/0x00af71260cfad64c2db4dd890ced62601989ec21.sol:643:5: Mismatch in @param names for function 'swapExactTokensForETH'. Expected: [amountIn, amountOutMin, path, to, deadline], Found: [] [Warning/use-natspec]
/sb/0x00
