Extract contract EthicHubBase from /sb/0x00abb63f1ee0d7434140b524a8587063f612d5a7.sol
Extract contract EthicHubLending from /sb/0x00abb63f1ee0d7434140b524a8587063f612d5a7.sol
Extract contract Ownable from /sb/0x00abb63f1ee0d7434140b524a8587063f612d5a7.sol
Extract contract Pausable from /sb/0x00abb63f1ee0d7434140b524a8587063f612d5a7.sol
Extract contract SafeMath from /sb/0x00abb63f1ee0d7434140b524a8587063f612d5a7.sol
Extracted 5 contract(s) from /sb/0x00abb63f1ee0d7434140b524a8587063f612d5a7.sol
[0;32m> Created "fuzzMe"[0m
[0;32m> To fuzz contracts:[0m
  chmod +x fuzzMe
  ./fuzzMe
assets/NormalAttacker.sol:5:3: Warning: No visibility specified. Defaulting to "public". 
  function() payable {
  ^ (Relevant source part starts here and spans across multiple lines).
assets/ReentrancyAttacker.sol:8:7: Warning: Return value of low-level calls not used.
      msg.sender.call(bytes4(255));
      ^--------------------------^
assets/ReentrancyAttacker.sol:5:3: Warning: No visibility specified. Defaulting to "public". 
  function() payable {
  ^ (Relevant source part starts here and spans across multiple lines).
>> Fuzz Ownable
** Write stats: 0.003077
** Write stats: 5.00008
** Write stats: 10.0002
** Write stats: 15.0003
** Write stats: 20.0002
** Write stats: 25.0004
** Write stats: 30.0002
** Write stats: 35.0001
** Write stats: 40.0006
** Write stats: 45.0001
** Write stats: 50.0002
** Write stats: 55.0003
** Write stats: 60.0002
** Write stats: 65.0004
** Write stats: 70.0001
** Write stats: 75.0002
** Write stats: 80.0001
** Write stats: 85.0003
** Write stats: 90.0089
** Write stats: 95.0117
** Write stats: 100
** Write stats: 105.028
** Write stats: 110.036
** Write stats: 115
** Write stats: 120
** Write stats: 120.008
>> Fuzz SafeMath
** Write stats: 0.001615
** Write stats: 5.00007
** Write stats: 10.0001
** Write stats: 15.0001
** Write stats: 20.0001
** Write stats: 25.0004
** Write stats: 30.0001
** Write stats: 35.0001
** Write stats: 40.0001
** Write stats: 45.0001
** Write stats: 50.0002
** Write stats: 60.0001
** Write stats: 65.0001
** Write stats: 70.0001
** Write stats: 75.0001
** Write stats: 80.0001
** Write stats: 85.0001
** Write stats: 90.0004
** Write stats: 95.0001
** Write stats: 100
** Write stats: 105
** Write stats: 110
** Write stats: 115
** Write stats: 125.091
** Write stats: 125.091
>> Fuzz EthicHubBase
** Write stats: 0.002624
** Write stats: 5.0001
** Write stats: 10.0001
** Write stats: 15.0001
** Write stats: 20.0001
** Write stats: 25.0001
** Write stats: 30.0001
** Write stats: 35.0001
** Write stats: 40.0001
** Write stats: 45.0001
** Write stats: 50.0001
** Write stats: 55.0002
** Write stats: 60.0001
** Write stats: 65.0034
** Write stats: 70.0001
** Write stats: 75.0001
** Write stats: 80.0001
** Write stats: 85.0001
** Write stats: 90.0053
** Write stats: 95.0001
** Write stats: 100
** Write stats: 105
** Write stats: 110
** Write stats: 115
** Write stats: 120
** Write stats: 120.01
>> Fuzz EthicHubLending
** Write stats: 0.028192
** Write stats: 5.00102
** Write stats: 10.0007
** Write stats: 15.0003
** Write stats: 20.0007
** Write stats: 25.0005
** Write stats: 30.001
** Write stats: 35.0004
** Write stats: 40.0009
** Write stats: 45.0007
** Write stats: 50.001
** Write stats: 55.0003
** Write stats: 60.0004
** Write stats: 65.0011
** Write stats: 70.0002
** Write stats: 75.0014
** Write stats: 80.0008
** Write stats: 85.0016
** Write stats: 90.001
** Write stats: 95.0004
** Write stats: 100.001
** Write stats: 105.001
** Write stats: 110.001
** Write stats: 115.001
** Write stats: 120.001
** Write stats: 120.023
>> Fuzz Pausable
** Write stats: 0.003439
** Write stats: 5.00031
** Write stats: 10.0001
** Write stats: 15.0002
** Write stats: 20.0001
** Write stats: 25.0001
** Write stats: 30.0001
** Write stats: 35.0002
** Write stats: 40.0001
** Write stats: 45.0003
** Write stats: 50.0003
** Write stats: 55.0003
** Write stats: 60.0003
** Write stats: 65.0003
** Write stats: 70.0002
** Write stats: 75.0002
** Write stats: 80.0003
** Write stats: 85.0001
** Write stats: 90.0003
** Write stats: 95.0003
** Write stats: 100
** Write stats: 105.001
** Write stats: 110.004
** Write stats: 115
** Write stats: 120
** Write stats: 120.009
