ANTLR runtime and generated code versions disagree: 4.9.2!=4.7.2
ANTLR runtime and generated code versions disagree: 4.9.2!=4.7.2
Analysing /sb/0xcf9b7ce5a25a1439804b437dad7aee496c5283ea.sol:ApproveAndCallFallBack...
Nothing to analyse
Analysing /sb/0xcf9b7ce5a25a1439804b437dad7aee496c5283ea.sol:Bitcoin...
Vulnerability: Integer Overflow. Maybe in function: approveAndCall(address,uint256,bytes). PC: 0x73c. Line number: 204.
If a = 4
and b = 115792089237316195423570985008687907853269984665640564039457584007913129639932
Vulnerability: Time Manipulation. Maybe in function: _fallthrough. PC: 0x123. Line number: 215.
Vulnerability: Integer Overflow. Maybe in function: approveAndCall(address,uint256,bytes). PC: 0x1398. Line number: 207.
If a = 32
and b = 115792089237316195423570985008687907853269984665640564039457584007913129639680
Vulnerability: Reentrancy. Maybe in function: approveAndCall(address,uint256,bytes). PC: 0x1426. Line number: 207.
Vulnerability: Integer Underflow. Maybe in function: totalSupply(). PC: 0xb09. Line number: 132.
If a = 0
and b = 1
Vulnerability: Reentrancy. Maybe in function: _fallthrough. PC: 0x29a. Line number: 225.
Vulnerability: Reentrancy. Maybe in function: transferAnyERC20Token(address,uint256). PC: 0x1590. Line number: 234.
Vulnerability: Integer Overflow. Maybe in function: _fallthrough. PC: 0x142. Line number: 220.
If a = 2722781998546117992832506286316497699631804332144439399741555982379349529941
and b = 100
Vulnerability: Integer Overflow. Maybe in function: approveAndCall(address,uint256,bytes). PC: 0x12d4. Line number: 206.
If a = 32
and b = 115792089237316195423570985008687907853269984665640564039457584007913129639716
Vulnerability: Time Manipulation. Maybe in function: _fallthrough. PC: 0x133. Line number: 217.
Vulnerability: Integer Overflow. Maybe in function: _fallthrough. PC: 0x137. Line number: 218.
If a = 57924315425815979156853006243306178013856284393734243877930961935696913478675
and b = 110
Analysing /sb/0xcf9b7ce5a25a1439804b437dad7aee496c5283ea.sol:ERC20Interface...
Nothing to analyse
Analysing /sb/0xcf9b7ce5a25a1439804b437dad7aee496c5283ea.sol:Owned...
Analysing /sb/0xcf9b7ce5a25a1439804b437dad7aee496c5283ea.sol:SafeMath...
