ANTLR runtime and generated code versions disagree: 4.9.2!=4.7.2
ANTLR runtime and generated code versions disagree: 4.9.2!=4.7.2
Analysing /sb/0xac5a4f78924d74518338a6c19bae24dbe7da44f5.sol:Datasets...
Analysing /sb/0xac5a4f78924d74518338a6c19bae24dbe7da44f5.sol:JCLYLong...
Vulnerability: Time Manipulation. Maybe in function: getPlayerVaults(uint256). PC: 0x1795. Line number: 378.
Vulnerability: Time Manipulation. Maybe in function: activate(). PC: 0x129f. Line number: 1217.
Vulnerability: Time Manipulation. Maybe in function: _dispatch. PC: 0x10d4. Line number: 503.
Vulnerability: Time Manipulation. Maybe in function: _dispatch. PC: 0x1147. Line number: 511.
Vulnerability: Time Manipulation. Maybe in function: activate(). PC: 0x12c3. Line number: 1221.
Vulnerability: Time Manipulation. Maybe in function: _dispatch. PC: 0xf7c. Line number: 498.
Vulnerability: Integer Overflow. Maybe in function: activate(). PC: 0x12c9. Line number: 1222.
If a = 115792089237316195423570985008687907853269984665640564039457584007913129638896
and b = 3600
Vulnerability: Time Manipulation. Maybe in function: _dispatch. PC: 0x14e5. Line number: 287.
Vulnerability: Integer Overflow. Maybe in function: getCurrentRoundInfo(). PC: 0x1b9a. Line number: 435.
If a = 245605654185807850035145937622956562822192131617656184754629646563116335233
and b = 1000
Vulnerability: Time Manipulation. Maybe in function: activate(). PC: 0x12e3. Line number: 1222.
Vulnerability: Integer Overflow. Maybe in function: _dispatch. PC: 0x41c. Line number: 180.
If a = 1
and b = 115792089237316195423570985008687907853269984665640564039457584007913129639935
Analysing /sb/0xac5a4f78924d74518338a6c19bae24dbe7da44f5.sol:Ownable...
Analysing /sb/0xac5a4f78924d74518338a6c19bae24dbe7da44f5.sol:Pausable...
Analysing /sb/0xac5a4f78924d74518338a6c19bae24dbe7da44f5.sol:SafeMath...
