'solc --version' running
'solc /sb/0xa90b25b4934cc43aa7dc9acc05f0730b41b50cf2.sol --combined-json abi,ast,bin,bin-runtime,srcmap,srcmap-runtime,userdoc,devdoc,hashes,compact-format --allow-paths .,/sb' running
Compilation warnings/errors on /sb/0xa90b25b4934cc43aa7dc9acc05f0730b41b50cf2.sol:
/sb/0xa90b25b4934cc43aa7dc9acc05f0730b41b50cf2.sol:147:3: Warning: Defining constructors as functions with the same name as the contract is deprecated. Use "constructor(...) { ... }" instead.
  function DetailedERC20(string _name, string _symbol, uint8 _decimals) public {
  ^ (Relevant source part starts here and spans across multiple lines).
/sb/0xa90b25b4934cc43aa7dc9acc05f0730b41b50cf2.sol:243:5: Warning: Defining constructors as functions with the same name as the contract is deprecated. Use "constructor(...) { ... }" instead.
    function CustomToken(string _name, string _symbol, uint8 _decimals, uint maximumSupply) DetailedERC20(_name, _symbol, _decimals) {
    ^ (Relevant source part starts here and spans across multiple lines).
/sb/0xa90b25b4934cc43aa7dc9acc05f0730b41b50cf2.sol:93:5: Warning: Invoking events without "emit" prefix is deprecated.
    Transfer(msg.sender, _to, _value);
    ^-------------------------------^
/sb/0xa90b25b4934cc43aa7dc9acc05f0730b41b50cf2.sol:128:5: Warning: Invoking events without "emit" prefix is deprecated.
    Burn(burner, _value);
    ^------------------^
/sb/0xa90b25b4934cc43aa7dc9acc05f0730b41b50cf2.sol:129:5: Warning: Invoking events without "emit" prefix is deprecated.
    Transfer(burner, address(0), _value);
    ^----------------------------------^
/sb/0xa90b25b4934cc43aa7dc9acc05f0730b41b50cf2.sol:172:5: Warning: Invoking events without "emit" prefix is deprecated.
    Transfer(_from, _to, _value);
    ^--------------------------^
/sb/0xa90b25b4934cc43aa7dc9acc05f0730b41b50cf2.sol:188:5: Warning: Invoking events without "emit" prefix is deprecated.
    Approval(msg.sender, _spender, _value);
    ^------------------------------------^
/sb/0xa90b25b4934cc43aa7dc9acc05f0730b41b50cf2.sol:214:5: Warning: Invoking events without "emit" prefix is deprecated.
    Approval(msg.sender, _spender, allowed[msg.sender][_spender]);
    ^-----------------------------------------------------------^
/sb/0xa90b25b4934cc43aa7dc9acc05f0730b41b50cf2.sol:235:5: Warning: Invoking events without "emit" prefix is deprecated.
    Approval(msg.sender, _spender, allowed[msg.sender][_spender]);
    ^-----------------------------------------------------------^
/sb/0xa90b25b4934cc43aa7dc9acc05f0730b41b50cf2.sol:243:5: Warning: No visibility specified. Defaulting to "public". 
    function CustomToken(string _name, string _symbol, uint8 _decimals, uint maximumSupply) DetailedERC20(_name, _symbol, _decimals) {
    ^ (Relevant source part starts here and spans across multiple lines).


Version constraint ^0.4.0 contains known severe issues (https://solidity.readthedocs.io/en/latest/bugs.html)
	- DirtyBytesArrayToStorage
	- KeccakCaching
	- EmptyByteArrayCopy
	- DynamicArrayCleanup
	- TupleAssignmentMultiStackSlotComponents
	- MemoryArrayCreationOverflow
	- privateCanBeOverridden
	- IncorrectEventSignatureInLibraries_0.4.x
	- ExpExponentCleanup
	- NestedArrayFunctionCallDecoder
	- ZeroFunctionSelector
	- DelegateCallReturnValue
	- ECRecoverMalformedInput
	- SkipEmptyStringLiteral
	- ConstantOptimizerSubtraction
	- IdentityPrecompileReturnIgnored
	- HighOrderByteCleanStorage
	- OptimizerStaleKnowledgeAboutSHA3
	- LibrariesNotCallableFromPayableFunctions.
It is used by:
	- ^0.4.0 (../sb/0xa90b25b4934cc43aa7dc9acc05f0730b41b50cf2.sol#1)
solc-0.4.26 is an outdated solc version. Use a more recent version (at least 0.8.0), if possible.
Reference: https://github.com/crytic/slither/wiki/Detector-Documentation#incorrect-versions-of-solidity

Parameter BasicToken.transfer(address,uint256)._to (../sb/0xa90b25b4934cc43aa7dc9acc05f0730b41b50cf2.sol#86) is not in mixedCase
Parameter BasicToken.transfer(address,uint256)._value (../sb/0xa90b25b4934cc43aa7dc9acc05f0730b41b50cf2.sol#86) is not in mixedCase
Parameter BasicToken.balanceOf(address)._owner (../sb/0xa90b25b4934cc43aa7dc9acc05f0730b41b50cf2.sol#102) is not in mixedCase
Parameter BurnableToken.burn(uint256)._value (../sb/0xa90b25b4934cc43aa7dc9acc05f0730b41b50cf2.sol#120) is not in mixedCase
Parameter StandardToken.transferFrom(address,address,uint256)._from (../sb/0xa90b25b4934cc43aa7dc9acc05f0730b41b50cf2.sol#164) is not in mixedCase
Parameter StandardToken.transferFrom(address,address,uint256)._to (../sb/0xa90b25b4934cc43aa7dc9acc05f0730b41b50cf2.sol#164) is not in mixedCase
Parameter StandardToken.transferFrom(address,address,uint256)._value (../sb/0xa90b25b4934cc43aa7dc9acc05f0730b41b50cf2.sol#164) is not in mixedCase
Parameter StandardToken.approve(address,uint256)._spender (../sb/0xa90b25b4934cc43aa7dc9acc05f0730b41b50cf2.sol#186) is not in mixedCase
Parameter StandardToken.approve(address,uint256)._value (../sb/0xa90b25b4934cc43aa7dc9acc05f0730b41b50cf2.sol#186) is not in mixedCase
Parameter StandardToken.allowance(address,address)._owner (../sb/0xa90b25b4934cc43aa7dc9acc05f0730b41b50cf2.sol#198) is not in mixedCase
Parameter StandardToken.allowance(address,address)._spender (../sb/0xa90b25b4934cc43aa7dc9acc05f0730b41b50cf2.sol#198) is not in mixedCase
Parameter StandardToken.increaseApproval(address,uint256)._spender (../sb/0xa90b25b4934cc43aa7dc9acc05f0730b41b50cf2.sol#212) is not in mixedCase
Parameter StandardToken.increaseApproval(address,uint256)._addedValue (../sb/0xa90b25b4934cc43aa7dc9acc05f0730b41b50cf2.sol#212) is not in mixedCase
Parameter StandardToken.decreaseApproval(address,uint256)._spender (../sb/0xa90b25b4934cc43aa7dc9acc05f0730b41b50cf2.sol#228) is not in mixedCase
Parameter StandardToken.decreaseApproval(address,uint256)._subtractedValue (../sb/0xa90b25b4934cc43aa7dc9acc05f0730b41b50cf2.sol#228) is not in mixedCase
Reference: https://github.com/crytic/slither/wiki/Detector-Documentation#conformance-to-solidity-naming-conventions
/sb/0xa90b25b4934cc43aa7dc9acc05f0730b41b50cf2.sol analyzed (8 contracts with 100 detectors), 17 result(s) found
