Extract contract ERC20 from /sb/0x00d8318e44780edeefcf3020a5448f636788883c.sol
Extract contract ERC20Burnable from /sb/0x00d8318e44780edeefcf3020a5448f636788883c.sol
Extract contract SafeMath from /sb/0x00d8318e44780edeefcf3020a5448f636788883c.sol
Extract contract dAppStoreToken from /sb/0x00d8318e44780edeefcf3020a5448f636788883c.sol
Extracted 4 contract(s) from /sb/0x00d8318e44780edeefcf3020a5448f636788883c.sol
[0;32m> Created "fuzzMe"[0m
[0;32m> To fuzz contracts:[0m
  chmod +x fuzzMe
  ./fuzzMe
assets/NormalAttacker.sol:1:1: Error: Source file requires different compiler version (current compiler is 0.5.17+commit.d19bba13.Linux.g++ - note that nightly builds are considered to be strictly less than the released version
pragma solidity ^0.4.24;
^----------------------^
assets/ReentrancyAttacker.sol:1:1: Error: Source file requires different compiler version (current compiler is 0.5.17+commit.d19bba13.Linux.g++ - note that nightly builds are considered to be strictly less than the released version
pragma solidity ^0.4.24;
^----------------------^
terminate called after throwing an instance of 'boost::exception_detail::clone_impl<boost::exception_detail::error_info_injector<boost::property_tree::json_parser::json_parser_error> >'
  what():  assets/NormalAttacker.sol.json(1): expected value
./fuzzMe: line 8:    27 Aborted                 (core dumped) ./fuzzer --file contracts/ERC20.sol.json --name ERC20 --assets assets/ --duration 120 --mode 1 --reporter 1 --log 0 --attacker ReentrancyAttacker
terminate called after throwing an instance of 'boost::exception_detail::clone_impl<boost::exception_detail::error_info_injector<boost::property_tree::json_parser::json_parser_error> >'
  what():  assets/NormalAttacker.sol.json(1): expected value
./fuzzMe: line 9:    28 Aborted                 (core dumped) ./fuzzer --file contracts/SafeMath.sol.json --name SafeMath --assets assets/ --duration 120 --mode 1 --reporter 1 --log 0 --attacker ReentrancyAttacker
terminate called after throwing an instance of 'boost::exception_detail::clone_impl<boost::exception_detail::error_info_injector<boost::property_tree::json_parser::json_parser_error> >'
  what():  assets/NormalAttacker.sol.json(1): expected value
./fuzzMe: line 10:    29 Aborted                 (core dumped) ./fuzzer --file contracts/ERC20Burnable.sol.json --name ERC20Burnable --assets assets/ --duration 120 --mode 1 --reporter 1 --log 0 --attacker ReentrancyAttacker
terminate called after throwing an instance of 'boost::exception_detail::clone_impl<boost::exception_detail::error_info_injector<boost::property_tree::json_parser::json_parser_error> >'
  what():  assets/NormalAttacker.sol.json(1): expected value
./fuzzMe: line 11:    30 Aborted                 (core dumped) ./fuzzer --file contracts/dAppStoreToken.sol.json --name dAppStoreToken --assets assets/ --duration 120 --mode 1 --reporter 1 --log 0 --attacker ReentrancyAttacker
