A new version of Solhint is available: 6.0.1
Please consider updating your Solhint package.
/sb/0x42f67fe3c40b90c00adee3377f92afc3cb9fa8ac.sol:1:1: Found more than One contract per file. 3 contracts found! [Warning/one-contract-per-file]
/sb/0x42f67fe3c40b90c00adee3377f92afc3cb9fa8ac.sol:1:1: Compiler version ^0.4.18 does not satisfy the ^0.8.24 semver requirement [Error/compiler-version]
/sb/0x42f67fe3c40b90c00adee3377f92afc3cb9fa8ac.sol:4:1: Missing @title tag in contract 'Owned' [Warning/use-natspec]
/sb/0x42f67fe3c40b90c00adee3377f92afc3cb9fa8ac.sol:4:1: Missing @author tag in contract 'Owned' [Warning/use-natspec]
/sb/0x42f67fe3c40b90c00adee3377f92afc3cb9fa8ac.sol:4:1: Missing @notice tag in contract 'Owned' [Warning/use-natspec]
/sb/0x42f67fe3c40b90c00adee3377f92afc3cb9fa8ac.sol:5:5: Missing @notice tag in variable 'owner' [Warning/use-natspec]
/sb/0x42f67fe3c40b90c00adee3377f92afc3cb9fa8ac.sol:6:5: Missing @notice tag in function 'Owned' [Warning/use-natspec]
/sb/0x42f67fe3c40b90c00adee3377f92afc3cb9fa8ac.sol:11:9: Provide an error message for require [Warning/reason-string]
/sb/0x42f67fe3c40b90c00adee3377f92afc3cb9fa8ac.sol:15:5: Missing @notice tag in function 'transferOwnership' [Warning/use-natspec]
/sb/0x42f67fe3c40b90c00adee3377f92afc3cb9fa8ac.sol:15:5: Missing @param tag in function 'transferOwnership' [Warning/use-natspec]
/sb/0x42f67fe3c40b90c00adee3377f92afc3cb9fa8ac.sol:15:5: Mismatch in @param names for function 'transferOwnership'. Expected: [newOwner], Found: [] [Warning/use-natspec]
/sb/0x42f67fe3c40b90c00adee3377f92afc3cb9fa8ac.sol:15:60: Visibility modifier must be first in list of modifiers [Warning/visibility-modifier-order]
/sb/0x42f67fe3c40b90c00adee3377f92afc3cb9fa8ac.sol:21:1: Interface name 'tokenRecipient' must start with "I" [Warning/interface-starts-with-i]
/sb/0x42f67fe3c40b90c00adee3377f92afc3cb9fa8ac.sol:21:1: Missing @title tag in contract 'tokenRecipient' [Warning/use-natspec]
/sb/0x42f67fe3c40b90c00adee3377f92afc3cb9fa8ac.sol:21:1: Missing @author tag in contract 'tokenRecipient' [Warning/use-natspec]
/sb/0x42f67fe3c40b90c00adee3377f92afc3cb9fa8ac.sol:21:1: Missing @notice tag in contract 'tokenRecipient' [Warning/use-natspec]
/sb/0x42f67fe3c40b90c00adee3377f92afc3cb9fa8ac.sol:21:1: Contract, Structs and Enums should be in CapWords [Warning/contract-name-capwords]
/sb/0x42f67fe3c40b90c00adee3377f92afc3cb9fa8ac.sol:21:28: Missing @notice tag in function 'receiveApproval' [Warning/use-natspec]
/sb/0x42f67fe3c40b90c00adee3377f92afc3cb9fa8ac.sol:21:28: Missing @param tag in function 'receiveApproval' [Warning/use-natspec]
/sb/0x42f67fe3c40b90c00adee3377f92afc3cb9fa8ac.sol:21:28: Mismatch in @param names for function 'receiveApproval'. Expected: [_from, _value, _token, _extraData], Found: [] [Warning/use-natspec]
/sb/0x42f67fe3c40b90c00adee3377f92afc3cb9fa8ac.sol:21:68: Rule is set with explicit type [var/s: uint] [Warning/explicit-types]
/sb/0x42f67fe3c40b90c00adee3377f92afc3cb9fa8ac.sol:24:1: Missing @title tag in contract 'TokenBase' [Warning/use-natspec]
/sb/0x42f67fe3c40b90c00adee3377f92afc3cb9fa8ac.sol:24:1: Missing @author tag in contract 'TokenBase' [Warning/use-natspec]
/sb/0x42f67fe3c40b90c00adee3377f92afc3cb9fa8ac.sol:24:1: Missing @notice tag in contract 'TokenBase' [Warning/use-natspec]
/sb/0x42f67fe3c40b90c00adee3377f92afc3cb9fa8ac.sol:25:5: Missing @notice tag in variable 'name' [Warning/use-natspec]
/sb/0x42f67fe3c40b90c00adee3377f92afc3cb9fa8ac.sol:26:5: Missing @notice tag in variable 'symbol' [Warning/use-natspec]
/sb/0x42f67fe3c40b90c00adee3377f92afc3cb9fa8ac.sol:27:5: Missing @notice tag in variable 'decimals' [Warning/use-natspec]
/sb/0x42f67fe3c40b90c00adee3377f92afc3cb9fa8ac.sol:28:5: Rule is set with explicit type [var/s: uint] [Warning/explicit-types]
/sb/0x42f67fe3c40b90c00adee3377f92afc3cb9fa8ac.sol:28:5: Missing @notice tag in variable 'totalSupply' [Warning/use-natspec]
/sb/0x42f67fe3c40b90c00adee3377f92afc3cb9fa8ac.sol:29:5: Rule is set with explicit type [var/s: uint] [Warning/explicit-types]
/sb/0x42f67fe3c40b90c00adee3377f92afc3cb9fa8ac.sol:29:5: Rule is set with explicit type [var/s: uint] [Warning/explicit-types]
/sb/0x42f67fe3c40b90c00adee3377f92afc3cb9fa8ac.sol:29:5: Missing @notice tag in variable 'tokenUnit' [Warning/use-natspec]
/sb/0x42f67fe3c40b90c00adee3377f92afc3cb9fa8ac.sol:30:5: Rule is set with explicit type [var/s: uint] [Warning/explicit-types]
/sb/0x42f67fe3c40b90c00adee3377f92afc3cb9fa8ac.sol:30:5: Missing @notice tag in variable 'wanUnit' [Warning/use-natspec]
/sb/0x42f67fe3c40b90c00adee3377f92afc3cb9fa8ac.sol:31:5: Rule is set with explicit type [var/s: uint] [Warning/explicit-types]
/sb/0x42f67fe3c40b90c00adee3377f92afc3cb9fa8ac.sol:31:5: Missing @notice tag in variable 'foundingTime' [Warning/use-natspec]
/sb/0x42f67fe3c40b90c00adee3377f92afc3cb9fa8ac.sol:33:5: Rule is set with explicit type [var/s: uint] [Warning/explicit-types]
/sb/0x42f67fe3c40b90c00adee3377f92afc3cb9fa8ac.sol:33:5: Missing @notice tag in variable 'balanceOf' [Warning/use-natspec]
/sb/0x42f67fe3c40b90c00adee3377f92afc3cb9fa8ac.sol:34:5: Rule is set with explicit type [var/s: uint] [Warning/explicit-types]
/sb/0x42f67fe3c40b90c00adee3377f92afc3cb9fa8ac.sol:34:5: Missing @notice tag in variable 'allowance' [Warning/use-natspec]
/sb/0x42f67fe3c40b90c00adee3377f92afc3cb9fa8ac.sol:36:5: Missing @notice tag in event 'Transfer' [Warning/use-natspec]
/sb/0x42f67fe3c40b90c00adee3377f92afc3cb9fa8ac.sol:36:5: Missing @param tag in event 'Transfer' [Warning/use-natspec]
/sb/0x42f67fe3c40b90c00adee3377f92afc3cb9fa8ac.sol:36:5: Mismatch in @param names for event 'Transfer'. Expected: [_from, _to, _value], Found: [] [Warning/use-natspec]
/sb/0x42f67fe3c40b90c00adee3377f92afc3cb9fa8ac.sol:36:5: GC: [_value] on Event [Transfer] could be Indexed [Warning/gas-indexed-events]
/sb/0x42f67fe3c40b90c00adee3377f92afc3cb9fa8ac.sol:36:64: Rule is set with explicit type [var/s: uint] [Warning/explicit-types]
/sb/0x42f67fe3c40b90c00adee3377f92afc3cb9fa8ac.sol:38:5: Missing @notice tag in function 'TokenBase' [Warning/use-natspec]
/sb/0x42f67fe3c40b90c00adee3377f92afc3cb9fa8ac.sol:42:5: Missing @notice tag in function '_transfer' [Warning/use-natspec]
/sb/0x42f67fe3c40b90c00adee3377f92afc3cb9fa8ac.sol:42:5: Missing @param tag in function '_transfer' [Warning/use-natspec]
/sb/0x42f67fe3c40b90c00adee3377f92afc3cb9fa8ac.sol:42:5: Mismatch in @param names for function '_transfer'. Expected: [_from, _to, _value], Found: [] [Warning/use-natspec]
/sb/0x42f67fe3c40b90c00adee3377f92afc3cb9fa8ac.sol:42:52: Rule is set with explicit type [var/s: uint] [Warning/explicit-types]
/sb/0x42f67fe3c40b90c00adee3377f92afc3cb9fa8ac.sol:43:9: Provide an error message for require [Warning/reason-string]
/sb/0x42f67fe3c40b90c00adee3377f92afc3cb9fa8ac.sol:44:9: Provide an error message for require [Warning/reason-string]
/sb/0x42f67fe3c40b90c00adee3377f92afc3cb9fa8ac.sol:44:17: GC: Non strict inequality found. Try converting to a strict one [Warning/gas-strict-inequalities]
/sb/0x42f67fe3c40b90c00adee3377f92afc3cb9fa8ac.sol:45:9: Provide an error message for require [Warning/reason-string]
/sb/0x42f67fe3c40b90c00adee3377f92afc3cb9fa8ac.sol:46:9: Rule is set with explicit type [var/s: uint] [Warning/explicit-types]
/sb/0x42f67fe3c40b90c00adee3377f92afc3cb9fa8ac.sol:53:5: Missing @notice tag in function 'transfer' [Warning/use-natspec]
/sb/0x42f67fe3c40b90c00adee3377f92afc3cb9fa8ac.sol:53:5: Missing @param tag in function 'transfer' [Warning/use-natspec]
/sb/0x42f67fe3c40b90c00adee3377f92afc3cb9fa8ac.sol:53:5: Mismatch in @param names for function 'transfer'. Expected: [_to, _value], Found: [] [Warning/use-natspec]
/sb/0x42f67fe3c40b90c00adee3377f92afc3cb9fa8ac.sol:53:36: Rule is set with explicit type [var/s: uint] [Warning/explicit-types]
/sb/0x42f67fe3c40b90c00adee3377f92afc3cb9fa8ac.sol:57:5: Missing @notice tag in function 'transferFrom' [Warning/use-natspec]
/sb/0x42f67fe3c40b90c00adee3377f92afc3cb9fa8ac.sol:57:5: Missing @param tag in function 'transferFrom' [Warning/use-natspec]
/sb/0x42f67fe3c40b90c00adee3377f92afc3cb9fa8ac.sol:57:5: Mismatch in @param names for function 'transferFrom'. Expected: [_from, _to, _value], Found: [] [Warning/use-natspec]
/sb/0x42f67fe3c40b90c00adee3377f92afc3cb9fa8ac.sol:57:5: Missing @return tag in function 'transferFrom' [Warning/use-natspec]
/sb/0x42f67fe3c40b90c00adee3377f92afc3cb9fa8ac.sol:57:5: Mismatch in @return names for function 'transferFrom'. Expected: [success], Found: [] [Warning/use-natspec]
/sb/0x42f67fe3c40b90c00adee3377f92afc3cb9fa8ac.sol:57:55: Rule is set with explicit type [var/s: uint] [Warning/explicit-types]
/sb/0x42f67fe3c40b90c00adee3377f92afc3cb9fa8ac.sol:58:9: Provide an error message for require [Warning/reason-string]
/sb/0x42f67fe3c40b90c00adee3377f92afc3cb9fa8ac.sol:58:17: GC: Non strict inequality found. Try converting to a strict one [Warning/gas-strict-inequalities]
/sb/0x42f67fe3c40b90c00adee3377f92afc3cb9fa8ac.sol:64:5: Missing @notice tag in function 'approve' [Warning/use-natspec]
/sb/0x42f67fe3c40b90c00adee3377f92afc3cb9fa8ac.sol:64:5: Missing @param tag in function 'approve' [Warning/use-natspec]
/sb/0x42f67fe3c40b90c00adee3377f92afc3cb9fa8ac.sol:64:5: Mismatch in @param names for function 'approve'. Expected: [_spender, _value], Found: [] [Warning/use-natspec]
/sb/0x42f67fe3c40b90c00adee3377f92afc3cb9fa8ac.sol:64:5: Missing @return tag in function 'approve' [Warning/use-natspec]
/sb/0x42f67fe3c40b90c00adee3377f92afc3cb9fa8ac.sol:64:5: Mismatch in @return names for function 'approve'. Expected: [success], Found: [] [Warning/use-natspec]
/sb/0x42f67fe3c40b90c00adee3377f92afc3cb9fa8ac.sol:64:40: Rule is set with explicit type [var/s: uint] [Warning/explicit-types]
/sb/0x42f67fe3c40b90c00adee3377f92afc3cb9fa8ac.sol:69:5: Missing @notice tag in function 'approveAndCall' [Warning/use-natspec]
/sb/0x42f67fe3c40b90c00adee3377f92afc3cb9fa8ac.sol:69:5: Missing @param tag in function 'approveAndCall' [Warning/use-natspec]
/sb/0x42f67fe3c40b90c00adee3377f92afc3cb9fa8ac.sol:69:5: Mismatch in @param names for function 'approveAndCall'. Expected: [_spender, _value, _extraData], Found: [] [Warning/use-natspec]
/sb/0x42f67fe3c40b90c00adee3377f92afc3cb9fa8ac.sol:69:5: Missing @return tag in function 'approveAndCall' [Warning/use-natspec]
/sb/0x42f67fe3c40b90c00adee3377f92afc3cb9fa8ac.sol:69:5: Mismatch in @return names for function 'approveAndCall'. Expected: [success], Found: [] [Warning/use-natspec]
/sb/0x42f67fe3c40b90c00adee3377f92afc3cb9fa8ac.sol:69:47: Rule is set with explicit type [var/s: uint] [Warning/explicit-types]
/sb/0x42f67fe3c40b90c00adee3377f92afc3cb9fa8ac.sol:80:1: Missing @title tag in contract 'Token' [Warning/use-natspec]
/sb/0x42f67fe3c40b90c00adee3377f92afc3cb9fa8ac.sol:80:1: Missing @author tag in contract 'Token' [Warning/use-natspec]
/sb/0x42f67fe3c40b90c00adee3377f92afc3cb9fa8ac.sol:80:1: Missing @notice tag in contract 'Token' [Warning/use-natspec]
/sb/0x42f67fe3c40b90c00adee3377f92afc3cb9fa8ac.sol:81:5: Rule is set with explicit type [var/s: uint] [Warning/explicit-types]
/sb/0x42f67fe3c40b90c00adee3377f92afc3cb9fa8ac.sol:81:5: Missing @notice tag in variable 'initialSupply' [Warning/use-natspec]
/sb/0x42f67fe3c40b90c00adee3377f92afc3cb9fa8ac.sol:82:5: Rule is set with explicit type [var/s: uint] [Warning/explicit-types]
/sb/0x42f67fe3c40b90c00adee3377f92afc3cb9fa8ac.sol:82:5: Missing @notice tag in variable 'reserveSupply' [Warning/use-natspec]
/sb/0x42f67fe3c40b90c00adee3377f92afc3cb9fa8ac.sol:84:5: Missing @notice tag in function 'Token' [Warning/use-natspec]
/sb/0x42f67fe3c40b90c00adee3377f92afc3cb9fa8ac.sol:91:5: Missing @notice tag in function 'releaseReserve' [Warning/use-natspec]
/sb/0x42f67fe3c40b90c00adee3377f92afc3cb9fa8ac.sol:91:5: Missing @param tag in function 'releaseReserve' [Warning/use-natspec]
/sb/0x42f67fe3c40b90c00adee3377f92afc3cb9fa8ac.sol:91:5: Mismatch in @param names for function 'releaseReserve'. Expected: [value], Found: [] [Warning/use-natspec]
/sb/0x42f67fe3c40b90c00adee3377f92afc3cb9fa8ac.sol:91:51: Visibility modifier must be first in list of modifiers [Warning/visibility-modifier-order]
/sb/0x42f67fe3c40b90c00adee3377f92afc3cb9fa8ac.sol:91:29: Rule is set with explicit type [var/s: uint] [Warning/explicit-types]
/sb/0x42f67fe3c40b90c00adee3377f92afc3cb9fa8ac.sol:92:9: Provide an error message for require [Warning/reason-string]
/sb/0x42f67fe3c40b90c00adee3377f92afc3cb9fa8ac.sol:92:17: GC: Non strict inequality found. Try converting to a strict one [Warning/gas-strict-inequalities]

94 problem/s (1 error/s, 93 warning/s)
