A new version of Solhint is available: 6.0.1
Please consider updating your Solhint package.
/sb/0x22622d0c254ad9b6046911a744b0bdf815aabe26.sol:4:1: Found more than One contract per file. 13 contracts found! [Warning/one-contract-per-file]
/sb/0x22622d0c254ad9b6046911a744b0bdf815aabe26.sol:4:1: Compiler version ^0.4.8 does not satisfy the ^0.8.24 semver requirement [Error/compiler-version]
/sb/0x22622d0c254ad9b6046911a744b0bdf815aabe26.sol:10:1: Missing @title tag in contract 'SafeMath' [Warning/use-natspec]
/sb/0x22622d0c254ad9b6046911a744b0bdf815aabe26.sol:10:1: Missing @author tag in contract 'SafeMath' [Warning/use-natspec]
/sb/0x22622d0c254ad9b6046911a744b0bdf815aabe26.sol:10:1: Missing @notice tag in contract 'SafeMath' [Warning/use-natspec]
/sb/0x22622d0c254ad9b6046911a744b0bdf815aabe26.sol:11:3: Missing @notice tag in function 'safeMul' [Warning/use-natspec]
/sb/0x22622d0c254ad9b6046911a744b0bdf815aabe26.sol:11:3: Missing @param tag in function 'safeMul' [Warning/use-natspec]
/sb/0x22622d0c254ad9b6046911a744b0bdf815aabe26.sol:11:3: Mismatch in @param names for function 'safeMul'. Expected: [a, b], Found: [] [Warning/use-natspec]
/sb/0x22622d0c254ad9b6046911a744b0bdf815aabe26.sol:11:3: Missing @return tag in function 'safeMul' [Warning/use-natspec]
/sb/0x22622d0c254ad9b6046911a744b0bdf815aabe26.sol:11:3: Mismatch in @return count for function 'safeMul'. Expected: 1, Found: 0 [Warning/use-natspec]
/sb/0x22622d0c254ad9b6046911a744b0bdf815aabe26.sol:11:20: Rule is set with explicit type [var/s: uint] [Warning/explicit-types]
/sb/0x22622d0c254ad9b6046911a744b0bdf815aabe26.sol:11:28: Rule is set with explicit type [var/s: uint] [Warning/explicit-types]
/sb/0x22622d0c254ad9b6046911a744b0bdf815aabe26.sol:11:54: Rule is set with explicit type [var/s: uint] [Warning/explicit-types]
/sb/0x22622d0c254ad9b6046911a744b0bdf815aabe26.sol:12:5: Rule is set with explicit type [var/s: uint] [Warning/explicit-types]
/sb/0x22622d0c254ad9b6046911a744b0bdf815aabe26.sol:17:3: Missing @notice tag in function 'safeDiv' [Warning/use-natspec]
/sb/0x22622d0c254ad9b6046911a744b0bdf815aabe26.sol:17:3: Missing @param tag in function 'safeDiv' [Warning/use-natspec]
/sb/0x22622d0c254ad9b6046911a744b0bdf815aabe26.sol:17:3: Mismatch in @param names for function 'safeDiv'. Expected: [a, b], Found: [] [Warning/use-natspec]
/sb/0x22622d0c254ad9b6046911a744b0bdf815aabe26.sol:17:3: Missing @return tag in function 'safeDiv' [Warning/use-natspec]
/sb/0x22622d0c254ad9b6046911a744b0bdf815aabe26.sol:17:3: Mismatch in @return count for function 'safeDiv'. Expected: 1, Found: 0 [Warning/use-natspec]
/sb/0x22622d0c254ad9b6046911a744b0bdf815aabe26.sol:17:20: Rule is set with explicit type [var/s: uint] [Warning/explicit-types]
/sb/0x22622d0c254ad9b6046911a744b0bdf815aabe26.sol:17:28: Rule is set with explicit type [var/s: uint] [Warning/explicit-types]
/sb/0x22622d0c254ad9b6046911a744b0bdf815aabe26.sol:17:54: Rule is set with explicit type [var/s: uint] [Warning/explicit-types]
/sb/0x22622d0c254ad9b6046911a744b0bdf815aabe26.sol:19:5: Rule is set with explicit type [var/s: uint] [Warning/explicit-types]
/sb/0x22622d0c254ad9b6046911a744b0bdf815aabe26.sol:24:3: Missing @notice tag in function 'safeSub' [Warning/use-natspec]
/sb/0x22622d0c254ad9b6046911a744b0bdf815aabe26.sol:24:3: Missing @param tag in function 'safeSub' [Warning/use-natspec]
/sb/0x22622d0c254ad9b6046911a744b0bdf815aabe26.sol:24:3: Mismatch in @param names for function 'safeSub'. Expected: [a, b], Found: [] [Warning/use-natspec]
/sb/0x22622d0c254ad9b6046911a744b0bdf815aabe26.sol:24:3: Missing @return tag in function 'safeSub' [Warning/use-natspec]
/sb/0x22622d0c254ad9b6046911a744b0bdf815aabe26.sol:24:3: Mismatch in @return count for function 'safeSub'. Expected: 1, Found: 0 [Warning/use-natspec]
/sb/0x22622d0c254ad9b6046911a744b0bdf815aabe26.sol:24:20: Rule is set with explicit type [var/s: uint] [Warning/explicit-types]
/sb/0x22622d0c254ad9b6046911a744b0bdf815aabe26.sol:24:28: Rule is set with explicit type [var/s: uint] [Warning/explicit-types]
/sb/0x22622d0c254ad9b6046911a744b0bdf815aabe26.sol:24:54: Rule is set with explicit type [var/s: uint] [Warning/explicit-types]
/sb/0x22622d0c254ad9b6046911a744b0bdf815aabe26.sol:25:12: GC: Non strict inequality found. Try converting to a strict one [Warning/gas-strict-inequalities]
/sb/0x22622d0c254ad9b6046911a744b0bdf815aabe26.sol:29:3: Missing @notice tag in function 'safeAdd' [Warning/use-natspec]
/sb/0x22622d0c254ad9b6046911a744b0bdf815aabe26.sol:29:3: Missing @param tag in function 'safeAdd' [Warning/use-natspec]
/sb/0x22622d0c254ad9b6046911a744b0bdf815aabe26.sol:29:3: Mismatch in @param names for function 'safeAdd'. Expected: [a, b], Found: [] [Warning/use-natspec]
/sb/0x22622d0c254ad9b6046911a744b0bdf815aabe26.sol:29:3: Missing @return tag in function 'safeAdd' [Warning/use-natspec]
/sb/0x22622d0c254ad9b6046911a744b0bdf815aabe26.sol:29:3: Mismatch in @return count for function 'safeAdd'. Expected: 1, Found: 0 [Warning/use-natspec]
/sb/0x22622d0c254ad9b6046911a744b0bdf815aabe26.sol:29:20: Rule is set with explicit type [var/s: uint] [Warning/explicit-types]
/sb/0x22622d0c254ad9b6046911a744b0bdf815aabe26.sol:29:28: Rule is set with explicit type [var/s: uint] [Warning/explicit-types]
/sb/0x22622d0c254ad9b6046911a744b0bdf815aabe26.sol:29:54: Rule is set with explicit type [var/s: uint] [Warning/explicit-types]
/sb/0x22622d0c254ad9b6046911a744b0bdf815aabe26.sol:30:5: Rule is set with explicit type [var/s: uint] [Warning/explicit-types]
/sb/0x22622d0c254ad9b6046911a744b0bdf815aabe26.sol:31:12: GC: Non strict inequality found. Try converting to a strict one [Warning/gas-strict-inequalities]
/sb/0x22622d0c254ad9b6046911a744b0bdf815aabe26.sol:31:20: GC: Non strict inequality found. Try converting to a strict one [Warning/gas-strict-inequalities]
/sb/0x22622d0c254ad9b6046911a744b0bdf815aabe26.sol:35:3: Missing @notice tag in function 'max64' [Warning/use-natspec]
/sb/0x22622d0c254ad9b6046911a744b0bdf815aabe26.sol:35:3: Missing @param tag in function 'max64' [Warning/use-natspec]
/sb/0x22622d0c254ad9b6046911a744b0bdf815aabe26.sol:35:3: Mismatch in @param names for function 'max64'. Expected: [a, b], Found: [] [Warning/use-natspec]
/sb/0x22622d0c254ad9b6046911a744b0bdf815aabe26.sol:35:3: Missing @return tag in function 'max64' [Warning/use-natspec]
/sb/0x22622d0c254ad9b6046911a744b0bdf815aabe26.sol:35:3: Mismatch in @return count for function 'max64'. Expected: 1, Found: 0 [Warning/use-natspec]
/sb/0x22622d0c254ad9b6046911a744b0bdf815aabe26.sol:36:12: GC: Non strict inequality found. Try converting to a strict one [Warning/gas-strict-inequalities]
/sb/0x22622d0c254ad9b6046911a744b0bdf815aabe26.sol:39:3: Missing @notice tag in function 'min64' [Warning/use-natspec]
/sb/0x22622d0c254ad9b6046911a744b0bdf815aabe26.sol:39:3: Missing @param tag in function 'min64' [Warning/use-natspec]
/sb/0x22622d0c254ad9b6046911a744b0bdf815aabe26.sol:39:3: Mismatch in @param names for function 'min64'. Expected: [a, b], Found: [] [Warning/use-natspec]
/sb/0x22622d0c254ad9b6046911a744b0bdf815aabe26.sol:39:3: Missing @return tag in function 'min64' [Warning/use-natspec]
/sb/0x22622d0c254ad9b6046911a744b0bdf815aabe26.sol:39:3: Mismatch in @return count for function 'min64'. Expected: 1, Found: 0 [Warning/use-natspec]
/sb/0x22622d0c254ad9b6046911a744b0bdf815aabe26.sol:43:3: Missing @notice tag in function 'max256' [Warning/use-natspec]
/sb/0x22622d0c254ad9b6046911a744b0bdf815aabe26.sol:43:3: Missing @param tag in function 'max256' [Warning/use-natspec]
/sb/0x22622d0c254ad9b6046911a744b0bdf815aabe26.sol:43:3: Mismatch in @param names for function 'max256'. Expected: [a, b], Found: [] [Warning/use-natspec]
/sb/0x22622d0c254ad9b6046911a744b0bdf815aabe26.sol:43:3: Missing @return tag in function 'max256' [Warning/use-natspec]
/sb/0x22622d0c254ad9b6046911a744b0bdf815aabe26.sol:43:3: Mismatch in @return count for function 'max256'. Expected: 1, Found: 0 [Warning/use-natspec]
/sb/0x22622d0c254ad9b6046911a744b0bdf815aabe26.sol:44:12: GC: Non strict inequality found. Try converting to a strict one [Warning/gas-strict-inequalities]
/sb/0x22622d0c254ad9b6046911a744b0bdf815aabe26.sol:47:3: Missing @notice tag in function 'min256' [Warning/use-natspec]
/sb/0x22622d0c254ad9b6046911a744b0bdf815aabe26.sol:47:3: Missing @param tag in function 'min256' [Warning/use-natspec]
/sb/0x22622d0c254ad9b6046911a744b0bdf815aabe26.sol:47:3: Mismatch in @param names for function 'min256'. Expected: [a, b], Found: [] [Warning/use-natspec]
/sb/0x22622d0c254ad9b6046911a744b0bdf815aabe26.sol:47:3: Missing @return tag in function 'min256' [Warning/use-natspec]
/sb/0x22622d0c254ad9b6046911a744b0bdf815aabe26.sol:47:3: Mismatch in @return count for function 'min256'. Expected: 1, Found: 0 [Warning/use-natspec]
/sb/0x22622d0c254ad9b6046911a744b0bdf815aabe26.sol:60:1: Missing @author tag in contract 'ERC20Basic' [Warning/use-natspec]
/sb/0x22622d0c254ad9b6046911a744b0bdf815aabe26.sol:60:1: Missing @notice tag in contract 'ERC20Basic' [Warning/use-natspec]
/sb/0x22622d0c254ad9b6046911a744b0bdf815aabe26.sol:61:3: Missing @notice tag in variable 'totalSupply' [Warning/use-natspec]
/sb/0x22622d0c254ad9b6046911a744b0bdf815aabe26.sol:62:3: Missing @notice tag in function 'balanceOf' [Warning/use-natspec]
/sb/0x22622d0c254ad9b6046911a744b0bdf815aabe26.sol:62:3: Missing @param tag in function 'balanceOf' [Warning/use-natspec]
/sb/0x22622d0c254ad9b6046911a744b0bdf815aabe26.sol:62:3: Mismatch in @param names for function 'balanceOf'. Expected: [who], Found: [] [Warning/use-natspec]
/sb/0x22622d0c254ad9b6046911a744b0bdf815aabe26.sol:62:3: Missing @return tag in function 'balanceOf' [Warning/use-natspec]
/sb/0x22622d0c254ad9b6046911a744b0bdf815aabe26.sol:62:3: Mismatch in @return count for function 'balanceOf'. Expected: 1, Found: 0 [Warning/use-natspec]
/sb/0x22622d0c254ad9b6046911a744b0bdf815aabe26.sol:63:3: Missing @notice tag in function 'transfer' [Warning/use-natspec]
/sb/0x22622d0c254ad9b6046911a744b0bdf815aabe26.sol:63:3: Missing @param tag in function 'transfer' [Warning/use-natspec]
/sb/0x22622d0c254ad9b6046911a744b0bdf815aabe26.sol:63:3: Mismatch in @param names for function 'transfer'. Expected: [to, value], Found: [] [Warning/use-natspec]
/sb/0x22622d0c254ad9b6046911a744b0bdf815aabe26.sol:63:3: Missing @return tag in function 'transfer' [Warning/use-natspec]
/sb/0x22622d0c254ad9b6046911a744b0bdf815aabe26.sol:63:3: Mismatch in @return count for function 'transfer'. Expected: 1, Found: 0 [Warning/use-natspec]
/sb/0x22622d0c254ad9b6046911a744b0bdf815aabe26.sol:64:3: Missing @notice tag in event 'Transfer' [Warning/use-natspec]
/sb/0x22622d0c254ad9b6046911a744b0bdf815aabe26.sol:64:3: Missing @param tag in event 'Transfer' [Warning/use-natspec]
/sb/0x22622d0c254ad9b6046911a744b0bdf815aabe26.sol:64:3: Mismatch in @param names for event 'Transfer'. Expected: [from, to, value], Found: [] [Warning/use-natspec]
/sb/0x22622d0c254ad9b6046911a744b0bdf815aabe26.sol:64:3: GC: [value] on Event [Transfer] could be Indexed [Warning/gas-indexed-events]
/sb/0x22622d0c254ad9b6046911a744b0bdf815aabe26.sol:74:1: Missing @author tag in contract 'Ownable' [Warning/use-natspec]
/sb/0x22622d0c254ad9b6046911a744b0bdf815aabe26.sol:74:1: Missing @notice tag in contract 'Ownable' [Warning/use-natspec]
/sb/0x22622d0c254ad9b6046911a744b0bdf815aabe26.sol:75:3: Missing @notice tag in variable 'owner' [Warning/use-natspec]
/sb/0x22622d0c254ad9b6046911a744b0bdf815aabe26.sol:78:3: Missing @notice tag in event 'OwnershipTransferred' [Warning/use-natspec]
/sb/0x22622d0c254ad9b6046911a744b0bdf815aabe26.sol:78:3: Missing @param tag in event 'OwnershipTransferred' [Warning/use-natspec]
/sb/0x22622d0c254ad9b6046911a744b0bdf815aabe26.sol:78:3: Mismatch in @param names for event 'OwnershipTransferred'. Expected: [previousOwner, newOwner], Found: [] [Warning/use-natspec]
/sb/0x22622d0c254ad9b6046911a744b0bdf815aabe26.sol:85:3: Missing @notice tag in function 'Ownable' [Warning/use-natspec]
/sb/0x22622d0c254ad9b6046911a744b0bdf815aabe26.sol:85:3: Constructors should use the new constructor keyword. [Warning/constructor-syntax]
/sb/0x22622d0c254ad9b6046911a744b0bdf815aabe26.sol:85:3: Explicitly mark visibility in function (Set ignoreConstructors to true if using solidity >=0.7.0) [Warning/func-visibility]
/sb/0x22622d0c254ad9b6046911a744b0bdf815aabe26.sol:94:5: Provide an error message for require [Warning/reason-string]
/sb/0x22622d0c254ad9b6046911a744b0bdf815aabe26.sol:103:3: Missing @notice tag in function 'transferOwnership' [Warning/use-natspec]
/sb/0x22622d0c254ad9b6046911a744b0bdf815aabe26.sol:103:58: Visibility modifier must be first in list of modifiers [Warning/visibility-modifier-order]
/sb/0x22622d0c254ad9b6046911a744b0bdf815aabe26.sol:104:5: Provide an error message for require [Warning/reason-string]
/sb/0x22622d0c254ad9b6046911a744b0bdf815aabe26.sol:144:1: Missing @title tag in contract 'SafeMathLibExt' [Warning/use-natspec]
/sb/0x22622d0c254ad9b6046911a744b0bdf815aabe26.sol:144:1: Missing @author tag in contract 'SafeMathLibExt' [Warning/use-natspec]
/sb/0x22622d0c254ad9b6046911a744b0bdf815aabe26.sol:144:1: Missing @notice tag in contract 'SafeMathLibExt' [Warning/use-natspec]
/sb/0x22622d0c254ad9b6046911a744b0bdf815aabe26.sol:146:3: Missing @notice tag in function 'times' [Warning/use-natspec]
/sb/0x22622d0c254ad9b6046911a744b0bdf815aabe26.sol:146:3: Missing @param tag in function 'times' [Warning/use-natspec]
/sb/0x22622d0c254ad9b6046911a744b0bdf815aabe26.sol:146:3: Mismatch in @param names for function 'times'. Expected: [a, b], Found: [] [Warning/use-natspec]
/sb/0x22622d0c254ad9b6046911a744b0bdf815aabe26.sol:146:3: Missing @return tag in function 'times' [Warning/use-natspec]
/sb/0x22622d0c254ad9b6046911a744b0bdf815aabe26.sol:146:3: Mismatch in @return count for function 'times'. Expected: 1, Found: 0 [Warning/use-natspec]
/sb/0x22622d0c254ad9b6046911a744b0bdf815aabe26.sol:146:3: Explicitly mark visibility in function [Warning/func-visibility]
/sb/0x22622d0c254ad9b6046911a744b0bdf815aabe26.sol:146:18: Rule is set with explicit type [var/s: uint] [Warning/explicit-types]
/sb/0x22622d0c254ad9b6046911a744b0bdf815aabe26.sol:146:26: Rule is set with explicit type [var/s: uint] [Warning/explicit-types]
/sb/0x22622d0c254ad9b6046911a744b0bdf815aabe26.sol:146:43: Rule is set with explicit type [var/s: uint] [Warning/explicit-types]
/sb/0x22622d0c254ad9b6046911a744b0bdf815aabe26.sol:147:5: Rule is set with explicit type [var/s: uint] [Warning/explicit-types]
/sb/0x22622d0c254ad9b6046911a744b0bdf815aabe26.sol:152:3: Missing @notice tag in function 'divides' [Warning/use-natspec]
/sb/0x22622d0c254ad9b6046911a744b0bdf815aabe26.sol:152:3: Missing @param tag in function 'divides' [Warning/use-natspec]
/sb/0x22622d0c254ad9b6046911a744b0bdf815aabe26.sol:152:3: Mismatch in @param names for function 'divides'. Expected: [a, b], Found: [] [Warning/use-natspec]
/sb/0x22622d0c254ad9b6046911a744b0bdf815aabe26.sol:152:3: Missing @return tag in function 'divides' [Warning/use-natspec]
/sb/0x22622d0c254ad9b6046911a744b0bdf815aabe26.sol:152:3: Mismatch in @return count for function 'divides'. Expected: 1, Found: 0 [Warning/use-natspec]
/sb/0x22622d0c254ad9b6046911a744b0bdf815aabe26.sol:152:3: Explicitly mark visibility in function [Warning/func-visibility]
/sb/0x22622d0c254ad9b6046911a744b0bdf815aabe26.sol:152:20: Rule is set with explicit type [var/s: uint] [Warning/explicit-types]
/sb/0x22622d0c254ad9b6046911a744b0bdf815aabe26.sol:152:28: Rule is set with explicit type [var/s: uint] [Warning/explicit-types]
/sb/0x22622d0c254ad9b6046911a744b0bdf815aabe26.sol:152:45: Rule is set with explicit type [var/s: uint] [Warning/explicit-types]
/sb/0x22622d0c254ad9b6046911a744b0bdf815aabe26.sol:154:5: Rule is set with explicit type [var/s: uint] [Warning/explicit-types]
/sb/0x22622d0c254ad9b6046911a744b0bdf815aabe26.sol:159:3: Missing @notice tag in function 'minus' [Warning/use-natspec]
/sb/0x22622d0c254ad9b6046911a744b0bdf815aabe26.sol:159:3: Missing @param tag in function 'minus' [Warning/use-natspec]
/sb/0x22622d0c254ad9b6046911a744b0bdf815aabe26.sol:159:3: Mismatch in @param names for function 'minus'. Expected: [a, b], Found: [] [Warning/use-natspec]
/sb/0x22622d0c254ad9b6046911a744b0bdf815aabe26.sol:159:3: Missing @return tag in function 'minus' [Warning/use-natspec]
/sb/0x22622d0c254ad9b6046911a744b0bdf815aabe26.sol:159:3: Mismatch in @return count for function 'minus'. Expected: 1, Found: 0 [Warning/use-natspec]
/sb/0x22622d0c254ad9b6046911a744b0bdf815aabe26.sol:159:3: Explicitly mark visibility in function [Warning/func-visibility]
/sb/0x22622d0c254ad9b6046911a744b0bdf815aabe26.sol:159:18: Rule is set with explicit type [var/s: uint] [Warning/explicit-types]
/sb/0x22622d0c254ad9b6046911a744b0bdf815aabe26.sol:159:26: Rule is set with explicit type [var/s: uint] [Warning/explicit-types]
/sb/0x22622d0c254ad9b6046911a744b0bdf815aabe26.sol:159:43: Rule is set with explicit type [var/s: uint] [Warning/explicit-types]
/sb/0x22622d0c254ad9b6046911a744b0bdf815aabe26.sol:160:12: GC: Non strict inequality found. Try converting to a strict one [Warning/gas-strict-inequalities]
/sb/0x22622d0c254ad9b6046911a744b0bdf815aabe26.sol:164:3: Missing @notice tag in function 'plus' [Warning/use-natspec]
/sb/0x22622d0c254ad9b6046911a744b0bdf815aabe26.sol:164:3: Missing @param tag in function 'plus' [Warning/use-natspec]
/sb/0x22622d0c254ad9b6046911a744b0bdf815aabe26.sol:164:3: Mismatch in @param names for function 'plus'. Expected: [a, b], Found: [] [Warning/use-natspec]
/sb/0x22622d0c254ad9b6046911a744b0bdf815aabe26.sol:164:3: Missing @return tag in function 'plus' [Warning/use-natspec]
/sb/0x22622d0c254ad9b6046911a744b0bdf815aabe26.sol:164:3: Mismatch in @return count for function 'plus'. Expected: 1, Found: 0 [Warning/use-natspec]
/sb/0x22622d0c254ad9b6046911a744b0bdf815aabe26.sol:164:3: Explicitly mark visibility in function [Warning/func-visibility]
/sb/0x22622d0c254ad9b6046911a744b0bdf815aabe26.sol:164:17: Rule is set with explicit type [var/s: uint] [Warning/explicit-types]
/sb/0x22622d0c254ad9b6046911a744b0bdf815aabe26.sol:164:25: Rule is set with explicit type [var/s: uint] [Warning/explicit-types]
/sb/0x22622d0c254ad9b6046911a744b0bdf815aabe26.sol:164:42: Rule is set with explicit type [var/s: uint] [Warning/explicit-types]
/sb/0x22622d0c254ad9b6046911a744b0bdf815aabe26.sol:165:5: Rule is set with explicit type [var/s: uint] [Warning/explicit-types]
/sb/0x22622d0c254ad9b6046911a744b0bdf815aabe26.sol:166:12: GC: Non strict inequality found. Try converting to a strict one [Warning/gas-strict-inequalities]
/sb/0x22622d0c254ad9b6046911a744b0bdf815aabe26.sol:191:1: Missing @title tag in contract 'Haltable' [Warning/use-natspec]
/sb/0x22622d0c254ad9b6046911a744b0bdf815aabe26.sol:191:1: Missing @author tag in contract 'Haltable' [Warning/use-natspec]
/sb/0x22622d0c254ad9b6046911a744b0bdf815aabe26.sol:191:1: Missing @notice tag in contract 'Haltable' [Warning/use-natspec]
/sb/0x22622d0c254ad9b6046911a744b0bdf815aabe26.sol:192:3: Missing @notice tag in variable 'halted' [Warning/use-natspec]
/sb/0x22622d0c254ad9b6046911a744b0bdf815aabe26.sol:195:17: "throw" is deprecated, avoid to use it [Warning/avoid-throw]
/sb/0x22622d0c254ad9b6046911a744b0bdf815aabe26.sol:200:40: "throw" is deprecated, avoid to use it [Warning/avoid-throw]
/sb/0x22622d0c254ad9b6046911a744b0bdf815aabe26.sol:205:18: "throw" is deprecated, avoid to use it [Warning/avoid-throw]
/sb/0x22622d0c254ad9b6046911a744b0bdf815aabe26.sol:210:3: Missing @notice tag in function 'halt' [Warning/use-natspec]
/sb/0x22622d0c254ad9b6046911a744b0bdf815aabe26.sol:215:3: Missing @notice tag in function 'unhalt' [Warning/use-natspec]
/sb/0x22622d0c254ad9b6046911a744b0bdf815aabe26.sol:232:1: Missing @title tag in contract 'PricingStrategy' [Warning/use-natspec]
/sb/0x22622d0c254ad9b6046911a744b0bdf815aabe26.sol:232:1: Missing @author tag in contract 'PricingStrategy' [Warning/use-natspec]
/sb/0x22622d0c254ad9b6046911a744b0bdf815aabe26.sol:232:1: Missing @notice tag in contract 'PricingStrategy' [Warning/use-natspec]
/sb/0x22622d0c254ad9b6046911a744b0bdf815aabe26.sol:234:3: Missing @notice tag in variable 'tier' [Warning/use-natspec]
/sb/0x22622d0c254ad9b6046911a744b0bdf815aabe26.sol:237:3: Missing @notice tag in function 'isPricingStrategy' [Warning/use-natspec]
/sb/0x22622d0c254ad9b6046911a744b0bdf815aabe26.sol:237:3: Missing @return tag in function 'isPricingStrategy' [Warning/use-natspec]
/sb/0x22622d0c254ad9b6046911a744b0bdf815aabe26.sol:237:3: Mismatch in @return count for function 'isPricingStrategy'. Expected: 1, Found: 0 [Warning/use-natspec]
/sb/0x22622d0c254ad9b6046911a744b0bdf815aabe26.sol:245:3: Missing @notice tag in function 'isSane' [Warning/use-natspec]
/sb/0x22622d0c254ad9b6046911a744b0bdf815aabe26.sol:245:3: Missing @param tag in function 'isSane' [Warning/use-natspec]
/sb/0x22622d0c254ad9b6046911a744b0bdf815aabe26.sol:245:3: Mismatch in @param names for function 'isSane'. Expected: [crowdsale], Found: [] [Warning/use-natspec]
/sb/0x22622d0c254ad9b6046911a744b0bdf815aabe26.sol:245:3: Missing @return tag in function 'isSane' [Warning/use-natspec]
/sb/0x22622d0c254ad9b6046911a744b0bdf815aabe26.sol:245:3: Mismatch in @return count for function 'isSane'. Expected: 1, Found: 0 [Warning/use-natspec]
/sb/0x22622d0c254ad9b6046911a744b0bdf815aabe26.sol:245:19: Variable "crowdsale" is unused [Warning/no-unused-vars]
/sb/0x22622d0c254ad9b6046911a744b0bdf815aabe26.sol:254:3: Missing @notice tag in function 'isPresalePurchase' [Warning/use-natspec]
/sb/0x22622d0c254ad9b6046911a744b0bdf815aabe26.sol:254:30: Variable "purchaser" is unused [Warning/no-unused-vars]
/sb/0x22622d0c254ad9b6046911a744b0bdf815aabe26.sol:259:3: Missing @notice tag in function 'updateRate' [Warning/use-natspec]
/sb/0x22622d0c254ad9b6046911a744b0bdf815aabe26.sol:259:3: Missing @param tag in function 'updateRate' [Warning/use-natspec]
/sb/0x22622d0c254ad9b6046911a744b0bdf815aabe26.sol:259:3: Mismatch in @param names for function 'updateRate'. Expected: [newOneTokenInWei], Found: [] [Warning/use-natspec]
/sb/0x22622d0c254ad9b6046911a744b0bdf815aabe26.sol:259:23: Rule is set with explicit type [var/s: uint] [Warning/explicit-types]
/sb/0x22622d0c254ad9b6046911a744b0bdf815aabe26.sol:272:3: Missing @notice tag in function 'calculatePrice' [Warning/use-natspec]
/sb/0x22622d0c254ad9b6046911a744b0bdf815aabe26.sol:272:3: Mismatch in @param names for function 'calculatePrice'. Expected: [value, weiRaised, tokensSold, msgSender, decimals], Found: [value, tokensSold, weiRaised, msgSender, decimals] [Warning/use-natspec]
/sb/0x22622d0c254ad9b6046911a744b0bdf815aabe26.sol:272:3: Mismatch in @return names for function 'calculatePrice'. Expected: [tokenAmount], Found: [Amount] [Warning/use-natspec]
/sb/0x22622d0c254ad9b6046911a744b0bdf815aabe26.sol:272:27: Rule is set with explicit type [var/s: uint] [Warning/explicit-types]
/sb/0x22622d0c254ad9b6046911a744b0bdf815aabe26.sol:272:39: Rule is set with explicit type [var/s: uint] [Warning/explicit-types]
/sb/0x22622d0c254ad9b6046911a744b0bdf815aabe26.sol:272:55: Rule is set with explicit type [var/s: uint] [Warning/explicit-types]
/sb/0x22622d0c254ad9b6046911a744b0bdf815aabe26.sol:272:91: Rule is set with explicit type [var/s: uint] [Warning/explicit-types]
/sb/0x22622d0c254ad9b6046911a744b0bdf815aabe26.sol:272:131: Rule is set with explicit type [var/s: uint] [Warning/explicit-types]
/sb/0x22622d0c254ad9b6046911a744b0bdf815aabe26.sol:290:1: Missing @title tag in contract 'FinalizeAgent' [Warning/use-natspec]
/sb/0x22622d0c254ad9b6046911a744b0bdf815aabe26.sol:290:1: Missing @author tag in contract 'FinalizeAgent' [Warning/use-natspec]
/sb/0x22622d0c254ad9b6046911a744b0bdf815aabe26.sol:290:1: Missing @notice tag in contract 'FinalizeAgent' [Warning/use-natspec]
/sb/0x22622d0c254ad9b6046911a744b0bdf815aabe26.sol:292:3: Missing @notice tag in variable 'reservedTokensAreDistributed' [Warning/use-natspec]
/sb/0x22622d0c254ad9b6046911a744b0bdf815aabe26.sol:294:3: Missing @notice tag in function 'isFinalizeAgent' [Warning/use-natspec]
/sb/0x22622d0c254ad9b6046911a744b0bdf815aabe26.sol:294:3: Missing @return tag in function 'isFinalizeAgent' [Warning/use-natspec]
/sb/0x22622d0c254ad9b6046911a744b0bdf815aabe26.sol:294:3: Mismatch in @return count for function 'isFinalizeAgent'. Expected: 1, Found: 0 [Warning/use-natspec]
/sb/0x22622d0c254ad9b6046911a744b0bdf815aabe26.sol:303:3: Missing @notice tag in function 'isSane' [Warning/use-natspec]
/sb/0x22622d0c254ad9b6046911a744b0bdf815aabe26.sol:303:3: Missing @return tag in function 'isSane' [Warning/use-natspec]
/sb/0x22622d0c254ad9b6046911a744b0bdf815aabe26.sol:303:3: Mismatch in @return count for function 'isSane'. Expected: 1, Found: 0 [Warning/use-natspec]
/sb/0x22622d0c254ad9b6046911a744b0bdf815aabe26.sol:305:3: Missing @notice tag in function 'distributeReservedTokens' [Warning/use-natspec]
/sb/0x22622d0c254ad9b6046911a744b0bdf815aabe26.sol:305:3: Missing @param tag in function 'distributeReservedTokens' [Warning/use-natspec]
/sb/0x22622d0c254ad9b6046911a744b0bdf815aabe26.sol:305:3: Mismatch in @param names for function 'distributeReservedTokens'. Expected: [reservedTokensDistributionBatch], Found: [] [Warning/use-natspec]
/sb/0x22622d0c254ad9b6046911a744b0bdf815aabe26.sol:305:3: Explicitly mark visibility in function [Warning/func-visibility]
/sb/0x22622d0c254ad9b6046911a744b0bdf815aabe26.sol:305:37: Rule is set with explicit type [var/s: uint] [Warning/explicit-types]
/sb/0x22622d0c254ad9b6046911a744b0bdf815aabe26.sol:308:3: Missing @notice tag in function 'finalizeCrowdsale' [Warning/use-natspec]
/sb/0x22622d0c254ad9b6046911a744b0bdf815aabe26.sol:308:3: Explicitly mark visibility in function [Warning/func-visibility]
/sb/0x22622d0c254ad9b6046911a744b0bdf815aabe26.sol:329:1: Missing @author tag in contract 'ERC20' [Warning/use-natspec]
/sb/0x22622d0c254ad9b6046911a744b0bdf815aabe26.sol:329:1: Missing @notice tag in contract 'ERC20' [Warning/use-natspec]
/sb/0x22622d0c254ad9b6046911a744b0bdf815aabe26.sol:330:3: Missing @notice tag in function 'allowance' [Warning/use-natspec]
/sb/0x22622d0c254ad9b6046911a744b0bdf815aabe26.sol:330:3: Missing @param tag in function 'allowance' [Warning/use-natspec]
/sb/0x22622d0c254ad9b6046911a744b0bdf815aabe26.sol:330:3: Mismatch in @param names for function 'allowance'. Expected: [owner, spender], Found: [] [Warning/use-natspec]
/sb/0x22622d0c254ad9b6046911a744b0bdf815aabe26.sol:330:3: Missing @return tag in function 'allowance' [Warning/use-natspec]
/sb/0x22622d0c254ad9b6046911a744b0bdf815aabe26.sol:330:3: Mismatch in @return count for function 'allowance'. Expected: 1, Found: 0 [Warning/use-natspec]
/sb/0x22622d0c254ad9b6046911a744b0bdf815aabe26.sol:331:3: Missing @notice tag in function 'transferFrom' [Warning/use-natspec]
/sb/0x22622d0c254ad9b6046911a744b0bdf815aabe26.sol:331:3: Missing @param tag in function 'transferFrom' [Warning/use-natspec]
/sb/0x22622d0c254ad9b6046911a744b0bdf815aabe26.sol:331:3: Mismatch in @param names for function 'transferFrom'. Expected: [from, to, value], Found: [] [Warning/use-natspec]
/sb/0x22622d0c254ad9b6046911a744b0bdf815aabe26.sol:331:3: Missing @return tag in function 'transferFrom' [Warning/use-natspec]
/sb/0x22622d0c254ad9b6046911a744b0bdf815aabe26.sol:331:3: Mismatch in @return count for function 'transferFrom'. Expected: 1, Found: 0 [Warning/use-natspec]
/sb/0x22622d0c254ad9b6046911a744b0bdf815aabe26.sol:332:3: Missing @notice tag in function 'approve' [Warning/use-natspec]
/sb/0x22622d0c254ad9b6046911a744b0bdf815aabe26.sol:332:3: Missing @param tag in function 'approve' [Warning/use-natspec]
/sb/0x22622d0c254ad9b6046911a744b0bdf815aabe26.sol:332:3: Mismatch in @param names for function 'approve'. Expected: [spender, value], Found: [] [Warning/use-natspec]
/sb/0x22622d0c254ad9b6046911a744b0bdf815aabe26.sol:332:3: Missing @return tag in function 'approve' [Warning/use-natspec]
/sb/0x22622d0c254ad9b6046911a744b0bdf815aabe26.sol:332:3: Mismatch in @return count for function 'approve'. Expected: 1, Found: 0 [Warning/use-natspec]
/sb/0x22622d0c254ad9b6046911a744b0bdf815aabe26.sol:333:3: Missing @notice tag in event 'Approval' [Warning/use-natspec]
/sb/0x22622d0c254ad9b6046911a744b0bdf815aabe26.sol:333:3: Missing @param tag in event 'Approval' [Warning/use-natspec]
/sb/0x22622d0c254ad9b6046911a744b0bdf815aabe26.sol:333:3: Mismatch in @param names for event 'Approval'. Expected: [owner, spender, value], Found: [] [Warning/use-natspec]
/sb/0x22622d0c254ad9b6046911a744b0bdf815aabe26.sol:333:3: GC: [value] on Event [Approval] could be Indexed [Warning/gas-indexed-events]
/sb/0x22622d0c254ad9b6046911a744b0bdf815aabe26.sol:340:1: Missing @title tag in contract 'FractionalERC20Ext' [Warning/use-natspec]
/sb/0x22622d0c254ad9b6046911a744b0bdf815aabe26.sol:340:1: Missing @author tag in contract 'FractionalERC20Ext' [Warning/use-natspec]
/sb/0x22622d0c254ad9b6046911a744b0bdf815aabe26.sol:340:1: Missing @notice tag in contract 'FractionalERC20Ext' [Warning/use-natspec]
/sb/0x22622d0c254ad9b6046911a744b0bdf815aabe26.sol:342:3: Rule is set with explicit type [var/s: uint] [Warning/explicit-types]
/sb/0x22622d0c254ad9b6046911a744b0bdf815aabe26.sol:342:3: Missing @notice tag in variable 'decimals' [Warning/use-natspec]
/sb/0x22622d0c254ad9b6046911a744b0bdf815aabe26.sol:343:3: Rule is set with explicit type [var/s: uint] [Warning/explicit-types]
/sb/0x22622d0c254ad9b6046911a744b0bdf815aabe26.sol:343:3: Missing @notice tag in variable 'minCap' [Warning/use-natspec]
/sb/0x22622d0c254ad9b6046911a744b0bdf815aabe26.sol:361:1: Contract has 24 states declarations but allowed no more than 15 [Warning/max-states-count]
/sb/0x22622d0c254ad9b6046911a744b0bdf815aabe26.sol:361:1: Missing @title tag in contract 'CrowdsaleExt' [Warning/use-natspec]
/sb/0x22622d0c254ad9b6046911a744b0bdf815aabe26.sol:361:1: Missing @author tag in contract 'CrowdsaleExt' [Warning/use-natspec]
/sb/0x22622d0c254ad9b6046911a744b0bdf815aabe26.sol:361:1: Missing @notice tag in contract 'CrowdsaleExt' [Warning/use-natspec]
/sb/0x22622d0c254ad9b6046911a744b0bdf815aabe26.sol:364:3: Rule is set with explicit type [var/s: uint] [Warning/explicit-types]
/sb/0x22622d0c254ad9b6046911a744b0bdf815aabe26.sol:364:3: Missing @notice tag in variable 'MAX_INVESTMENTS_BEFORE_MULTISIG_CHANGE' [Warning/use-natspec]
/sb/0x22622d0c254ad9b6046911a744b0bdf815aabe26.sol:364:3: Variable name must be in mixedCase MAX_INVESTMENTS_BEFORE_MULTISIG_CHANGE [Warning/var-name-mixedcase]
/sb/0x22622d0c254ad9b6046911a744b0bdf815aabe26.sol:369:3: Missing @notice tag in variable 'token' [Warning/use-natspec]
/sb/0x22622d0c254ad9b6046911a744b0bdf815aabe26.sol:372:3: Missing @notice tag in variable 'pricingStrategy' [Warning/use-natspec]
/sb/0x22622d0c254ad9b6046911a744b0bdf815aabe26.sol:375:3: Missing @notice tag in variable 'finalizeAgent' [Warning/use-natspec]
/sb/0x22622d0c254ad9b6046911a744b0bdf815aabe26.sol:378:3: Missing @notice tag in variable 'name' [Warning/use-natspec]
/sb/0x22622d0c254ad9b6046911a744b0bdf815aabe26.sol:381:3: Missing @notice tag in variable 'multisigWallet' [Warning/use-natspec]
/sb/0x22622d0c254ad9b6046911a744b0bdf815aabe26.sol:384:3: Rule is set with explicit type [var/s: uint] [Warning/explicit-types]
/sb/0x22622d0c254ad9b6046911a744b0bdf815aabe26.sol:384:3: Missing @notice tag in variable 'minimumFundingGoal' [Warning/use-natspec]
/sb/0x22622d0c254ad9b6046911a744b0bdf815aabe26.sol:387:3: Rule is set with explicit type [var/s: uint] [Warning/explicit-types]
/sb/0x22622d0c254ad9b6046911a744b0bdf815aabe26.sol:387:3: Missing @notice tag in variable 'startsAt' [Warning/use-natspec]
/sb/0x22622d0c254ad9b6046911a744b0bdf815aabe26.sol:390:3: Rule is set with explicit type [var/s: uint] [Warning/explicit-types]
/sb/0x22622d0c254ad9b6046911a744b0bdf815aabe26.sol:390:3: Missing @notice tag in variable 'endsAt' [Warning/use-natspec]
/sb/0x22622d0c254ad9b6046911a744b0bdf815aabe26.sol:393:3: Rule is set with explicit type [var/s: uint] [Warning/explicit-types]
/sb/0x22622d0c254ad9b6046911a744b0bdf815aabe26.sol:393:3: Missing @notice tag in variable 'tokensSold' [Warning/use-natspec]
/sb/0x22622d0c254ad9b6046911a744b0bdf815aabe26.sol:396:3: Rule is set with explicit type [var/s: uint] [Warning/explicit-types]
/sb/0x22622d0c254ad9b6046911a744b0bdf815aabe26.sol:396:3: Missing @notice tag in variable 'weiRaised' [Warning/use-natspec]
/sb/0x22622d0c254ad9b6046911a744b0bdf815aabe26.sol:399:3: Rule is set with explicit type [var/s: uint] [Warning/explicit-types]
/sb/0x22622d0c254ad9b6046911a744b0bdf815aabe26.sol:399:3: Missing @notice tag in variable 'investorCount' [Warning/use-natspec]
/sb/0x22622d0c254ad9b6046911a744b0bdf815aabe26.sol:402:3: Missing @notice tag in variable 'finalized' [Warning/use-natspec]
/sb/0x22622d0c254ad9b6046911a744b0bdf815aabe26.sol:404:3: Missing @notice tag in variable 'isWhiteListed' [Warning/use-natspec]
/sb/0x22622d0c254ad9b6046911a744b0bdf815aabe26.sol:406:3: Missing @notice tag in variable 'joinedCrowdsales' [Warning/use-natspec]
/sb/0x22622d0c254ad9b6046911a744b0bdf815aabe26.sol:407:3: Missing @notice tag in variable 'joinedCrowdsalesLen' [Warning/use-natspec]
/sb/0x22622d0c254ad9b6046911a744b0bdf815aabe26.sol:408:3: Missing @notice tag in variable 'joinedCrowdsalesLenMax' [Warning/use-natspec]
/sb/0x22622d0c254ad9b6046911a744b0bdf815aabe26.sol:413:3: Explicitly mark visibility of state [Warning/state-visibility]
/sb/0x22622d0c254ad9b6046911a744b0bdf815aabe26.sol:416:3: Missing @notice tag in variable 'investedAmountOf' [Warning/use-natspec]
/sb/0x22622d0c254ad9b6046911a744b0bdf815aabe26.sol:419:3: Missing @notice tag in variable 'tokenAmountOf' [Warning/use-natspec]
/sb/0x22622d0c254ad9b6046911a744b0bdf815aabe26.sol:423:5: Rule is set with explicit type [var/s: uint] [Warning/explicit-types]
/sb/0x22622d0c254ad9b6046911a744b0bdf815aabe26.sol:424:5: Rule is set with explicit type [var/s: uint] [Warning/explicit-types]
/sb/0x22622d0c254ad9b6046911a744b0bdf815aabe26.sol:428:3: Missing @notice tag in variable 'isUpdatable' [Warning/use-natspec]
/sb/0x22622d0c254ad9b6046911a744b0bdf815aabe26.sol:431:3: Missing @notice tag in variable 'earlyParticipantWhitelist' [Warning/use-natspec]
/sb/0x22622d0c254ad9b6046911a744b0bdf815aabe26.sol:434:3: Missing @notice tag in variable 'whitelistedParticipants' [Warning/use-natspec]
/sb/0x22622d0c254ad9b6046911a744b0bdf815aabe26.sol:437:3: Rule is set with explicit type [var/s: uint] [Warning/explicit-types]
/sb/0x22622d0c254ad9b6046911a744b0bdf815aabe26.sol:437:3: Missing @notice tag in variable 'ownerTestValue' [Warning/use-natspec]
/sb/0x22622d0c254ad9b6046911a744b0bdf815aabe26.sol:451:3: Missing @notice tag in event 'Invested' [Warning/use-natspec]
/sb/0x22622d0c254ad9b6046911a744b0bdf815aabe26.sol:451:3: Missing @param tag in event 'Invested' [Warning/use-natspec]
/sb/0x22622d0c254ad9b6046911a744b0bdf815aabe26.sol:451:3: Mismatch in @param names for event 'Invested'. Expected: [investor, weiAmount, tokenAmount, customerId], Found: [] [Warning/use-natspec]
/sb/0x22622d0c254ad9b6046911a744b0bdf815aabe26.sol:451:3: GC: [investor] on Event [Invested] could be Indexed [Warning/gas-indexed-events]
/sb/0x22622d0c254ad9b6046911a744b0bdf815aabe26.sol:451:3: GC: [weiAmount] on Event [Invested] could be Indexed [Warning/gas-indexed-events]
/sb/0x22622d0c254ad9b6046911a744b0bdf815aabe26.sol:451:3: GC: [tokenAmount] on Event [Invested] could be Indexed [Warning/gas-indexed-events]
/sb/0x22622d0c254ad9b6046911a744b0bdf815aabe26.sol:451:3: GC: [customerId] on Event [Invested] could be Indexed [Warning/gas-indexed-events]
/sb/0x22622d0c254ad9b6046911a744b0bdf815aabe26.sol:451:36: Rule is set with explicit type [var/s: uint] [Warning/explicit-types]
/sb/0x22622d0c254ad9b6046911a744b0bdf815aabe26.sol:451:52: Rule is set with explicit type [var/s: uint] [Warning/explicit-types]
/sb/0x22622d0c254ad9b6046911a744b0bdf815aabe26.sol:454:3: Missing @notice tag in event 'Whitelisted' [Warning/use-natspec]
/sb/0x22622d0c254ad9b6046911a744b0bdf815aabe26.sol:454:3: Missing @param tag in event 'Whitelisted' [Warning/use-natspec]
/sb/0x22622d0c254ad9b6046911a744b0bdf815aabe26.sol:454:3: Mismatch in @param names for event 'Whitelisted'. Expected: [addr, status, minCap, maxCap], Found: [] [Warning/use-natspec]
/sb/0x22622d0c254ad9b6046911a744b0bdf815aabe26.sol:454:3: GC: [addr] on Event [Whitelisted] could be Indexed [Warning/gas-indexed-events]
/sb/0x22622d0c254ad9b6046911a744b0bdf815aabe26.sol:454:3: GC: [status] on Event [Whitelisted] could be Indexed [Warning/gas-indexed-events]
/sb/0x22622d0c254ad9b6046911a744b0bdf815aabe26.sol:454:3: GC: [minCap] on Event [Whitelisted] could be Indexed [Warning/gas-indexed-events]
/sb/0x22622d0c254ad9b6046911a744b0bdf815aabe26.sol:454:3: GC: [maxCap] on Event [Whitelisted] could be Indexed [Warning/gas-indexed-events]
/sb/0x22622d0c254ad9b6046911a744b0bdf815aabe26.sol:454:48: Rule is set with explicit type [var/s: uint] [Warning/explicit-types]
/sb/0x22622d0c254ad9b6046911a744b0bdf815aabe26.sol:454:61: Rule is set with explicit type [var/s: uint] [Warning/explicit-types]
/sb/0x22622d0c254ad9b6046911a744b0bdf815aabe26.sol:455:3: Missing @notice tag in event 'WhitelistItemChanged' [Warning/use-natspec]
/sb/0x22622d0c254ad9b6046911a744b0bdf815aabe26.sol:455:3: Missing @param tag in event 'WhitelistItemChanged' [Warning/use-natspec]
/sb/0x22622d0c254ad9b6046911a744b0bdf815aabe26.sol:455:3: Mismatch in @param names for event 'WhitelistItemChanged'. Expected: [addr, status, minCap, maxCap], Found: [] [Warning/use-natspec]
/sb/0x22622d0c254ad9b6046911a744b0bdf815aabe26.sol:455:3: GC: [addr] on Event [WhitelistItemChanged] could be Indexed [Warning/gas-indexed-events]
/sb/0x22622d0c254ad9b6046911a744b0bdf815aabe26.sol:455:3: GC: [status] on Event [WhitelistItemChanged] could be Indexed [Warning/gas-indexed-events]
/sb/0x22622d0c254ad9b6046911a744b0bdf815aabe26.sol:455:3: GC: [minCap] on Event [WhitelistItemChanged] could be Indexed [Warning/gas-indexed-events]
/sb/0x22622d0c254ad9b6046911a744b0bdf815aabe26.sol:455:3: GC: [maxCap] on Event [WhitelistItemChanged] could be Indexed [Warning/gas-indexed-events]
/sb/0x22622d0c254ad9b6046911a744b0bdf815aabe26.sol:455:57: Rule is set with explicit type [var/s: uint] [Warning/explicit-types]
/sb/0x22622d0c254ad9b6046911a744b0bdf815aabe26.sol:455:70: Rule is set with explicit type [var/s: uint] [Warning/explicit-types]
/sb/0x22622d0c254ad9b6046911a744b0bdf815aabe26.sol:458:3: Missing @notice tag in event 'StartsAtChanged' [Warning/use-natspec]
/sb/0x22622d0c254ad9b6046911a744b0bdf815aabe26.sol:458:3: Missing @param tag in event 'StartsAtChanged' [Warning/use-natspec]
/sb/0x22622d0c254ad9b6046911a744b0bdf815aabe26.sol:458:3: Mismatch in @param names for event 'StartsAtChanged'. Expected: [newStartsAt], Found: [] [Warning/use-natspec]
/sb/0x22622d0c254ad9b6046911a744b0bdf815aabe26.sol:458:3: GC: [newStartsAt] on Event [StartsAtChanged] could be Indexed [Warning/gas-indexed-events]
/sb/0x22622d0c254ad9b6046911a744b0bdf815aabe26.sol:458:25: Rule is set with explicit type [var/s: uint] [Warning/explicit-types]
/sb/0x22622d0c254ad9b6046911a744b0bdf815aabe26.sol:461:3: Missing @notice tag in event 'EndsAtChanged' [Warning/use-natspec]
/sb/0x22622d0c254ad9b6046911a744b0bdf815aabe26.sol:461:3: Missing @param tag in event 'EndsAtChanged' [Warning/use-natspec]
/sb/0x22622d0c254ad9b6046911a744b0bdf815aabe26.sol:461:3: Mismatch in @param names for event 'EndsAtChanged'. Expected: [newEndsAt], Found: [] [Warning/use-natspec]
/sb/0x22622d0c254ad9b6046911a744b0bdf815aabe26.sol:461:3: GC: [newEndsAt] on Event [EndsAtChanged] could be Indexed [Warning/gas-indexed-events]
/sb/0x22622d0c254ad9b6046911a744b0bdf815aabe26.sol:461:23: Rule is set with explicit type [var/s: uint] [Warning/explicit-types]
/sb/0x22622d0c254ad9b6046911a744b0bdf815aabe26.sol:463:3: Missing @notice tag in function 'CrowdsaleExt' [Warning/use-natspec]
/sb/0x22622d0c254ad9b6046911a744b0bdf815aabe26.sol:463:3: Missing @param tag in function 'CrowdsaleExt' [Warning/use-natspec]
/sb/0x22622d0c254ad9b6046911a744b0bdf815aabe26.sol:463:3: Mismatch in @param names for function 'CrowdsaleExt'. Expected: [_name, _token, _pricingStrategy, _multisigWallet, _start, _end, _minimumFundingGoal, _isUpdatable, _isWhiteListed], Found: [] [Warning/use-natspec]
/sb/0x22622d0c254ad9b6046911a744b0bdf815aabe26.sol:463:3: Constructors should use the new constructor keyword. [Warning/constructor-syntax]
/sb/0x22622d0c254ad9b6046911a744b0bdf815aabe26.sol:463:3: Explicitly mark visibility in function (Set ignoreConstructors to true if using solidity >=0.7.0) [Warning/func-visibility]
/sb/0x22622d0c254ad9b6046911a744b0bdf815aabe26.sol:463:114: Rule is set with explicit type [var/s: uint] [Warning/explicit-types]
/sb/0x22622d0c254ad9b6046911a744b0bdf815aabe26.sol:463:127: Rule is set with explicit type [var/s: uint] [Warning/explicit-types]
/sb/0x22622d0c254ad9b6046911a744b0bdf815aabe26.sol:463:138: Rule is set with explicit type [var/s: uint] [Warning/explicit-types]
/sb/0x22622d0c254ad9b6046911a744b0bdf815aabe26.sol:475:9: "throw" is deprecated, avoid to use it [Warning/avoid-throw]
/sb/0x22622d0c254ad9b6046911a744b0bdf815aabe26.sol:479:9: "throw" is deprecated, avoid to use it [Warning/avoid-throw]
/sb/0x22622d0c254ad9b6046911a744b0bdf815aabe26.sol:485:9: "throw" is deprecated, avoid to use it [Warning/avoid-throw]
/sb/0x22622d0c254ad9b6046911a744b0bdf815aabe26.sol:491:8: GC: Non strict inequality found. Try converting to a strict one [Warning/gas-strict-inequalities]
/sb/0x22622d0c254ad9b6046911a744b0bdf815aabe26.sol:492:9: "throw" is deprecated, avoid to use it [Warning/avoid-throw]
/sb/0x22622d0c254ad9b6046911a744b0bdf815aabe26.sol:509:3: Missing @notice tag in function '<anonymous>' [Warning/use-natspec]
/sb/0x22622d0c254ad9b6046911a744b0bdf815aabe26.sol:523:3: Function body contains 71 lines but allowed no more than 50 lines [Warning/function-max-lines]
/sb/0x22622d0c254ad9b6046911a744b0bdf815aabe26.sol:523:3: Missing @notice tag in function 'investInternal' [Warning/use-natspec]
/sb/0x22622d0c254ad9b6046911a744b0bdf815aabe26.sol:523:81: Visibility modifier must be first in list of modifiers [Warning/visibility-modifier-order]
/sb/0x22622d0c254ad9b6046911a744b0bdf815aabe26.sol:528:7: "throw" is deprecated, avoid to use it [Warning/avoid-throw]
/sb/0x22622d0c254ad9b6046911a744b0bdf815aabe26.sol:534:11: "throw" is deprecated, avoid to use it [Warning/avoid-throw]
/sb/0x22622d0c254ad9b6046911a744b0bdf815aabe26.sol:539:7: "throw" is deprecated, avoid to use it [Warning/avoid-throw]
/sb/0x22622d0c254ad9b6046911a744b0bdf815aabe26.sol:542:5: Rule is set with explicit type [var/s: uint] [Warning/explicit-types]
/sb/0x22622d0c254ad9b6046911a744b0bdf815aabe26.sol:545:5: Rule is set with explicit type [var/s: uint] [Warning/explicit-types]
/sb/0x22622d0c254ad9b6046911a744b0bdf815aabe26.sol:549:7: "throw" is deprecated, avoid to use it [Warning/avoid-throw]
/sb/0x22622d0c254ad9b6046911a744b0bdf815aabe26.sol:555:9: "throw" is deprecated, avoid to use it [Warning/avoid-throw]
/sb/0x22622d0c254ad9b6046911a744b0bdf815aabe26.sol:560:9: "throw" is deprecated, avoid to use it [Warning/avoid-throw]
/sb/0x22622d0c254ad9b6046911a744b0bdf815aabe26.sol:566:9: "throw" is deprecated, avoid to use it [Warning/avoid-throw]
/sb/0x22622d0c254ad9b6046911a744b0bdf815aabe26.sol:572:8: GC: For [ investorCount ] variable, increment/decrement by 1 using: [ ++variable ] to save gas [Warning/gas-increment-by-one]
/sb/0x22622d0c254ad9b6046911a744b0bdf815aabe26.sol:585:7: "throw" is deprecated, avoid to use it [Warning/avoid-throw]
/sb/0x22622d0c254ad9b6046911a744b0bdf815aabe26.sol:591:41: "throw" is deprecated, avoid to use it [Warning/avoid-throw]
/sb/0x22622d0c254ad9b6046911a744b0bdf815aabe26.sol:600:3: Missing @notice tag in function 'invest' [Warning/use-natspec]
/sb/0x22622d0c254ad9b6046911a744b0bdf815aabe26.sol:600:3: Missing @param tag in function 'invest' [Warning/use-natspec]
/sb/0x22622d0c254ad9b6046911a744b0bdf815aabe26.sol:600:3: Mismatch in @param names for function 'invest'. Expected: [addr], Found: [] [Warning/use-natspec]
/sb/0x22622d0c254ad9b6046911a744b0bdf815aabe26.sol:609:3: Missing @notice tag in function 'buy' [Warning/use-natspec]
/sb/0x22622d0c254ad9b6046911a744b0bdf815aabe26.sol:613:3: Missing @notice tag in function 'distributeReservedTokens' [Warning/use-natspec]
/sb/0x22622d0c254ad9b6046911a744b0bdf815aabe26.sol:613:3: Missing @param tag in function 'distributeReservedTokens' [Warning/use-natspec]
/sb/0x22622d0c254ad9b6046911a744b0bdf815aabe26.sol:613:3: Mismatch in @param names for function 'distributeReservedTokens'. Expected: [reservedTokensDistributionBatch], Found: [] [Warning/use-natspec]
/sb/0x22622d0c254ad9b6046911a744b0bdf815aabe26.sol:613:37: Rule is set with explicit type [var/s: uint] [Warning/explicit-types]
/sb/0x22622d0c254ad9b6046911a744b0bdf815aabe26.sol:616:7: "throw" is deprecated, avoid to use it [Warning/avoid-throw]
/sb/0x22622d0c254ad9b6046911a744b0bdf815aabe26.sol:625:3: Missing @notice tag in function 'areReservedTokensDistributed' [Warning/use-natspec]
/sb/0x22622d0c254ad9b6046911a744b0bdf815aabe26.sol:625:3: Missing @return tag in function 'areReservedTokensDistributed' [Warning/use-natspec]
/sb/0x22622d0c254ad9b6046911a744b0bdf815aabe26.sol:625:3: Mismatch in @return count for function 'areReservedTokensDistributed'. Expected: 1, Found: 0 [Warning/use-natspec]
/sb/0x22622d0c254ad9b6046911a744b0bdf815aabe26.sol:629:3: Missing @notice tag in function 'canDistributeReservedTokens' [Warning/use-natspec]
/sb/0x22622d0c254ad9b6046911a744b0bdf815aabe26.sol:629:3: Missing @return tag in function 'canDistributeReservedTokens' [Warning/use-natspec]
/sb/0x22622d0c254ad9b6046911a744b0bdf815aabe26.sol:629:3: Mismatch in @return count for function 'canDistributeReservedTokens'. Expected: 1, Found: 0 [Warning/use-natspec]
/sb/0x22622d0c254ad9b6046911a744b0bdf815aabe26.sol:640:3: Missing @notice tag in function 'finalize' [Warning/use-natspec]
/sb/0x22622d0c254ad9b6046911a744b0bdf815aabe26.sol:644:7: "throw" is deprecated, avoid to use it [Warning/avoid-throw]
/sb/0x22622d0c254ad9b6046911a744b0bdf815aabe26.sol:660:3: Missing @notice tag in function 'setFinalizeAgent' [Warning/use-natspec]
/sb/0x22622d0c254ad9b6046911a744b0bdf815aabe26.sol:660:3: Missing @param tag in function 'setFinalizeAgent' [Warning/use-natspec]
/sb/0x22622d0c254ad9b6046911a744b0bdf815aabe26.sol:660:3: Mismatch in @param names for function 'setFinalizeAgent'. Expected: [addr], Found: [] [Warning/use-natspec]
/sb/0x22622d0c254ad9b6046911a744b0bdf815aabe26.sol:667:7: "throw" is deprecated, avoid to use it [Warning/avoid-throw]
/sb/0x22622d0c254ad9b6046911a744b0bdf815aabe26.sol:674:3: Missing @notice tag in function 'setEarlyParticipantWhitelist' [Warning/use-natspec]
/sb/0x22622d0c254ad9b6046911a744b0bdf815aabe26.sol:674:3: Missing @param tag in function 'setEarlyParticipantWhitelist' [Warning/use-natspec]
/sb/0x22622d0c254ad9b6046911a744b0bdf815aabe26.sol:674:3: Mismatch in @param names for function 'setEarlyParticipantWhitelist'. Expected: [addr, status, minCap, maxCap], Found: [] [Warning/use-natspec]
/sb/0x22622d0c254ad9b6046911a744b0bdf815aabe26.sol:674:68: Rule is set with explicit type [var/s: uint] [Warning/explicit-types]
/sb/0x22622d0c254ad9b6046911a744b0bdf815aabe26.sol:674:81: Rule is set with explicit type [var/s: uint] [Warning/explicit-types]
/sb/0x22622d0c254ad9b6046911a744b0bdf815aabe26.sol:675:25: "throw" is deprecated, avoid to use it [Warning/avoid-throw]
/sb/0x22622d0c254ad9b6046911a744b0bdf815aabe26.sol:678:12: GC: Non strict inequality found. Try converting to a strict one [Warning/gas-strict-inequalities]
/sb/0x22622d0c254ad9b6046911a744b0bdf815aabe26.sol:679:12: GC: Non strict inequality found. Try converting to a strict one [Warning/gas-strict-inequalities]
/sb/0x22622d0c254ad9b6046911a744b0bdf815aabe26.sol:691:3: Missing @notice tag in function 'setEarlyParticipantWhitelistMultiple' [Warning/use-natspec]
/sb/0x22622d0c254ad9b6046911a744b0bdf815aabe26.sol:691:3: Missing @param tag in function 'setEarlyParticipantWhitelistMultiple' [Warning/use-natspec]
/sb/0x22622d0c254ad9b6046911a744b0bdf815aabe26.sol:691:3: Mismatch in @param names for function 'setEarlyParticipantWhitelistMultiple'. Expected: [addrs, statuses, minCaps, maxCaps], Found: [] [Warning/use-natspec]
/sb/0x22622d0c254ad9b6046911a744b0bdf815aabe26.sol:691:83: Rule is set with explicit type [var/s: uint] [Warning/explicit-types]
/sb/0x22622d0c254ad9b6046911a744b0bdf815aabe26.sol:691:99: Rule is set with explicit type [var/s: uint] [Warning/explicit-types]
/sb/0x22622d0c254ad9b6046911a744b0bdf815aabe26.sol:692:25: "throw" is deprecated, avoid to use it [Warning/avoid-throw]
/sb/0x22622d0c254ad9b6046911a744b0bdf815aabe26.sol:693:12: GC: Non strict inequality found. Try converting to a strict one [Warning/gas-strict-inequalities]
/sb/0x22622d0c254ad9b6046911a744b0bdf815aabe26.sol:697:10: Rule is set with explicit type [var/s: uint] [Warning/explicit-types]
/sb/0x22622d0c254ad9b6046911a744b0bdf815aabe26.sol:697:54: GC: For [ iterator ] variable, increment/decrement by 1 using: [ ++variable ] to save gas [Warning/gas-increment-by-one]
/sb/0x22622d0c254ad9b6046911a744b0bdf815aabe26.sol:702:3: Missing @notice tag in function 'updateInheritedEarlyParticipantWhitelist' [Warning/use-natspec]
/sb/0x22622d0c254ad9b6046911a744b0bdf815aabe26.sol:702:3: Missing @param tag in function 'updateInheritedEarlyParticipantWhitelist' [Warning/use-natspec]
/sb/0x22622d0c254ad9b6046911a744b0bdf815aabe26.sol:702:3: Mismatch in @param names for function 'updateInheritedEarlyParticipantWhitelist'. Expected: [reciever, tokensBought], Found: [] [Warning/use-natspec]
/sb/0x22622d0c254ad9b6046911a744b0bdf815aabe26.sol:702:71: Rule is set with explicit type [var/s: uint] [Warning/explicit-types]
/sb/0x22622d0c254ad9b6046911a744b0bdf815aabe26.sol:703:25: "throw" is deprecated, avoid to use it [Warning/avoid-throw]
/sb/0x22622d0c254ad9b6046911a744b0bdf815aabe26.sol:704:100: "throw" is deprecated, avoid to use it [Warning/avoid-throw]
/sb/0x22622d0c254ad9b6046911a744b0bdf815aabe26.sol:708:63: GC: For [ j ] variable, increment/decrement by 1 using: [ ++variable ] to save gas [Warning/gas-increment-by-one]
/sb/0x22622d0c254ad9b6046911a744b0bdf815aabe26.sol:714:3: Missing @notice tag in function 'updateEarlyParticipantWhitelist' [Warning/use-natspec]
/sb/0x22622d0c254ad9b6046911a744b0bdf815aabe26.sol:714:3: Missing @param tag in function 'updateEarlyParticipantWhitelist' [Warning/use-natspec]
/sb/0x22622d0c254ad9b6046911a744b0bdf815aabe26.sol:714:3: Mismatch in @param names for function 'updateEarlyParticipantWhitelist'. Expected: [addr, tokensBought], Found: [] [Warning/use-natspec]
/sb/0x22622d0c254ad9b6046911a744b0bdf815aabe26.sol:714:58: Rule is set with explicit type [var/s: uint] [Warning/explicit-types]
/sb/0x22622d0c254ad9b6046911a744b0bdf815aabe26.sol:715:25: "throw" is deprecated, avoid to use it [Warning/avoid-throw]
/sb/0x22622d0c254ad9b6046911a744b0bdf815aabe26.sol:717:12: GC: Non strict inequality found. Try converting to a strict one [Warning/gas-strict-inequalities]
/sb/0x22622d0c254ad9b6046911a744b0bdf815aabe26.sol:719:92: "throw" is deprecated, avoid to use it [Warning/avoid-throw]
/sb/0x22622d0c254ad9b6046911a744b0bdf815aabe26.sol:721:5: Rule is set with explicit type [var/s: uint] [Warning/explicit-types]
/sb/0x22622d0c254ad9b6046911a744b0bdf815aabe26.sol:726:3: Missing @notice tag in function 'isAddressWhitelisted' [Warning/use-natspec]
/sb/0x22622d0c254ad9b6046911a744b0bdf815aabe26.sol:726:3: Missing @param tag in function 'isAddressWhitelisted' [Warning/use-natspec]
/sb/0x22622d0c254ad9b6046911a744b0bdf815aabe26.sol:726:3: Mismatch in @param names for function 'isAddressWhitelisted'. Expected: [addr], Found: [] [Warning/use-natspec]
/sb/0x22622d0c254ad9b6046911a744b0bdf815aabe26.sol:726:3: Missing @return tag in function 'isAddressWhitelisted' [Warning/use-natspec]
/sb/0x22622d0c254ad9b6046911a744b0bdf815aabe26.sol:726:3: Mismatch in @return count for function 'isAddressWhitelisted'. Expected: 1, Found: 0 [Warning/use-natspec]
/sb/0x22622d0c254ad9b6046911a744b0bdf815aabe26.sol:727:10: Rule is set with explicit type [var/s: uint] [Warning/explicit-types]
/sb/0x22622d0c254ad9b6046911a744b0bdf815aabe26.sol:727:58: GC: For [ i ] variable, increment/decrement by 1 using: [ ++variable ] to save gas [Warning/gas-increment-by-one]
/sb/0x22622d0c254ad9b6046911a744b0bdf815aabe26.sol:737:3: Missing @notice tag in function 'whitelistedParticipantsLength' [Warning/use-natspec]
/sb/0x22622d0c254ad9b6046911a744b0bdf815aabe26.sol:737:3: Missing @return tag in function 'whitelistedParticipantsLength' [Warning/use-natspec]
/sb/0x22622d0c254ad9b6046911a744b0bdf815aabe26.sol:737:3: Mismatch in @return count for function 'whitelistedParticipantsLength'. Expected: 1, Found: 0 [Warning/use-natspec]
/sb/0x22622d0c254ad9b6046911a744b0bdf815aabe26.sol:737:69: Rule is set with explicit type [var/s: uint] [Warning/explicit-types]
/sb/0x22622d0c254ad9b6046911a744b0bdf815aabe26.sol:741:3: Missing @notice tag in function 'isTierJoined' [Warning/use-natspec]
/sb/0x22622d0c254ad9b6046911a744b0bdf815aabe26.sol:741:3: Missing @param tag in function 'isTierJoined' [Warning/use-natspec]
/sb/0x22622d0c254ad9b6046911a744b0bdf815aabe26.sol:741:3: Mismatch in @param names for function 'isTierJoined'. Expected: [addr], Found: [] [Warning/use-natspec]
/sb/0x22622d0c254ad9b6046911a744b0bdf815aabe26.sol:741:3: Missing @return tag in function 'isTierJoined' [Warning/use-natspec]
/sb/0x22622d0c254ad9b6046911a744b0bdf815aabe26.sol:741:3: Mismatch in @return count for function 'isTierJoined'. Expected: 1, Found: 0 [Warning/use-natspec]
/sb/0x22622d0c254ad9b6046911a744b0bdf815aabe26.sol:745:3: Missing @notice tag in function 'getTierPosition' [Warning/use-natspec]
/sb/0x22622d0c254ad9b6046911a744b0bdf815aabe26.sol:745:3: Missing @param tag in function 'getTierPosition' [Warning/use-natspec]
/sb/0x22622d0c254ad9b6046911a744b0bdf815aabe26.sol:745:3: Mismatch in @param names for function 'getTierPosition'. Expected: [addr], Found: [] [Warning/use-natspec]
/sb/0x22622d0c254ad9b6046911a744b0bdf815aabe26.sol:745:3: Missing @return tag in function 'getTierPosition' [Warning/use-natspec]
/sb/0x22622d0c254ad9b6046911a744b0bdf815aabe26.sol:745:3: Mismatch in @return count for function 'getTierPosition'. Expected: 1, Found: 0 [Warning/use-natspec]
/sb/0x22622d0c254ad9b6046911a744b0bdf815aabe26.sol:749:3: Missing @notice tag in function 'getLastTier' [Warning/use-natspec]
/sb/0x22622d0c254ad9b6046911a744b0bdf815aabe26.sol:749:3: Missing @return tag in function 'getLastTier' [Warning/use-natspec]
/sb/0x22622d0c254ad9b6046911a744b0bdf815aabe26.sol:749:3: Mismatch in @return count for function 'getLastTier'. Expected: 1, Found: 0 [Warning/use-natspec]
/sb/0x22622d0c254ad9b6046911a744b0bdf815aabe26.sol:756:3: Missing @notice tag in function 'setJoinedCrowdsales' [Warning/use-natspec]
/sb/0x22622d0c254ad9b6046911a744b0bdf815aabe26.sol:756:3: Missing @param tag in function 'setJoinedCrowdsales' [Warning/use-natspec]
/sb/0x22622d0c254ad9b6046911a744b0bdf815aabe26.sol:756:3: Mismatch in @param names for function 'setJoinedCrowdsales'. Expected: [addr], Found: [] [Warning/use-natspec]
/sb/0x22622d0c254ad9b6046911a744b0bdf815aabe26.sol:758:12: GC: Non strict inequality found. Try converting to a strict one [Warning/gas-strict-inequalities]
/sb/0x22622d0c254ad9b6046911a744b0bdf815aabe26.sol:765:5: GC: For [ joinedCrowdsalesLen ] variable, increment/decrement by 1 using: [ ++variable ] to save gas [Warning/gas-increment-by-one]
/sb/0x22622d0c254ad9b6046911a744b0bdf815aabe26.sol:768:3: Missing @notice tag in function 'updateJoinedCrowdsalesMultiple' [Warning/use-natspec]
/sb/0x22622d0c254ad9b6046911a744b0bdf815aabe26.sol:768:3: Missing @param tag in function 'updateJoinedCrowdsalesMultiple' [Warning/use-natspec]
/sb/0x22622d0c254ad9b6046911a744b0bdf815aabe26.sol:768:3: Mismatch in @param names for function 'updateJoinedCrowdsalesMultiple'. Expected: [addrs], Found: [] [Warning/use-natspec]
/sb/0x22622d0c254ad9b6046911a744b0bdf815aabe26.sol:771:12: GC: Non strict inequality found. Try converting to a strict one [Warning/gas-strict-inequalities]
/sb/0x22622d0c254ad9b6046911a744b0bdf815aabe26.sol:772:47: GC: For [ iter ] variable, increment/decrement by 1 using: [ ++variable ] to save gas [Warning/gas-increment-by-one]
/sb/0x22622d0c254ad9b6046911a744b0bdf815aabe26.sol:777:3: Missing @notice tag in function 'setStartsAt' [Warning/use-natspec]
/sb/0x22622d0c254ad9b6046911a744b0bdf815aabe26.sol:777:3: Missing @param tag in function 'setStartsAt' [Warning/use-natspec]
/sb/0x22622d0c254ad9b6046911a744b0bdf815aabe26.sol:777:3: Mismatch in @param names for function 'setStartsAt'. Expected: [time], Found: [] [Warning/use-natspec]
/sb/0x22622d0c254ad9b6046911a744b0bdf815aabe26.sol:777:3: Explicitly mark visibility in function [Warning/func-visibility]
/sb/0x22622d0c254ad9b6046911a744b0bdf815aabe26.sol:777:24: Rule is set with explicit type [var/s: uint] [Warning/explicit-types]
/sb/0x22622d0c254ad9b6046911a744b0bdf815aabe26.sol:780:12: GC: Non strict inequality found. Try converting to a strict one [Warning/gas-strict-inequalities]
/sb/0x22622d0c254ad9b6046911a744b0bdf815aabe26.sol:781:12: GC: Non strict inequality found. Try converting to a strict one [Warning/gas-strict-inequalities]
/sb/0x22622d0c254ad9b6046911a744b0bdf815aabe26.sol:782:12: GC: Non strict inequality found. Try converting to a strict one [Warning/gas-strict-inequalities]
/sb/0x22622d0c254ad9b6046911a744b0bdf815aabe26.sol:785:37: "throw" is deprecated, avoid to use it [Warning/avoid-throw]
/sb/0x22622d0c254ad9b6046911a744b0bdf815aabe26.sol:790:41: GC: For [ j ] variable, increment/decrement by 1 using: [ ++variable ] to save gas [Warning/gas-increment-by-one]
/sb/0x22622d0c254ad9b6046911a744b0bdf815aabe26.sol:792:14: GC: Non strict inequality found. Try converting to a strict one [Warning/gas-strict-inequalities]
/sb/0x22622d0c254ad9b6046911a744b0bdf815aabe26.sol:809:3: Missing @notice tag in function 'setEndsAt' [Warning/use-natspec]
/sb/0x22622d0c254ad9b6046911a744b0bdf815aabe26.sol:809:3: Missing @param tag in function 'setEndsAt' [Warning/use-natspec]
/sb/0x22622d0c254ad9b6046911a744b0bdf815aabe26.sol:809:3: Mismatch in @param names for function 'setEndsAt'. Expected: [time], Found: [] [Warning/use-natspec]
/sb/0x22622d0c254ad9b6046911a744b0bdf815aabe26.sol:809:22: Rule is set with explicit type [var/s: uint] [Warning/explicit-types]
/sb/0x22622d0c254ad9b6046911a744b0bdf815aabe26.sol:812:12: GC: Non strict inequality found. Try converting to a strict one [Warning/gas-strict-inequalities]
/sb/0x22622d0c254ad9b6046911a744b0bdf815aabe26.sol:813:12: GC: Non strict inequality found. Try converting to a strict one [Warning/gas-strict-inequalities]
/sb/0x22622d0c254ad9b6046911a744b0bdf815aabe26.sol:814:12: GC: Non strict inequality found. Try converting to a strict one [Warning/gas-strict-inequalities]
/sb/0x22622d0c254ad9b6046911a744b0bdf815aabe26.sol:817:37: "throw" is deprecated, avoid to use it [Warning/avoid-throw]
/sb/0x22622d0c254ad9b6046911a744b0bdf815aabe26.sol:822:63: GC: For [ j ] variable, increment/decrement by 1 using: [ ++variable ] to save gas [Warning/gas-increment-by-one]
/sb/0x22622d0c254ad9b6046911a744b0bdf815aabe26.sol:824:14: GC: Non strict inequality found. Try converting to a strict one [Warning/gas-strict-inequalities]
/sb/0x22622d0c254ad9b6046911a744b0bdf815aabe26.sol:836:3: Missing @notice tag in function 'setPricingStrategy' [Warning/use-natspec]
/sb/0x22622d0c254ad9b6046911a744b0bdf815aabe26.sol:836:3: Missing @param tag in function 'setPricingStrategy' [Warning/use-natspec]
/sb/0x22622d0c254ad9b6046911a744b0bdf815aabe26.sol:836:3: Mismatch in @param names for function 'setPricingStrategy'. Expected: [_pricingStrategy], Found: [] [Warning/use-natspec]
/sb/0x22622d0c254ad9b6046911a744b0bdf815aabe26.sol:843:7: "throw" is deprecated, avoid to use it [Warning/avoid-throw]
/sb/0x22622d0c254ad9b6046911a744b0bdf815aabe26.sol:854:3: Missing @notice tag in function 'setMultisig' [Warning/use-natspec]
/sb/0x22622d0c254ad9b6046911a744b0bdf815aabe26.sol:854:3: Missing @param tag in function 'setMultisig' [Warning/use-natspec]
/sb/0x22622d0c254ad9b6046911a744b0bdf815aabe26.sol:854:3: Mismatch in @param names for function 'setMultisig'. Expected: [addr], Found: [] [Warning/use-natspec]
/sb/0x22622d0c254ad9b6046911a744b0bdf815aabe26.sol:858:7: "throw" is deprecated, avoid to use it [Warning/avoid-throw]
/sb/0x22622d0c254ad9b6046911a744b0bdf815aabe26.sol:867:3: Missing @notice tag in function 'isMinimumGoalReached' [Warning/use-natspec]
/sb/0x22622d0c254ad9b6046911a744b0bdf815aabe26.sol:867:3: Mismatch in @return names for function 'isMinimumGoalReached'. Expected: [reached], Found: [true] [Warning/use-natspec]
/sb/0x22622d0c254ad9b6046911a744b0bdf815aabe26.sol:868:12: GC: Non strict inequality found. Try converting to a strict one [Warning/gas-strict-inequalities]
/sb/0x22622d0c254ad9b6046911a744b0bdf815aabe26.sol:874:3: Missing @notice tag in function 'isFinalizerSane' [Warning/use-natspec]
/sb/0x22622d0c254ad9b6046911a744b0bdf815aabe26.sol:874:3: Missing @return tag in function 'isFinalizerSane' [Warning/use-natspec]
/sb/0x22622d0c254ad9b6046911a744b0bdf815aabe26.sol:874:3: Mismatch in @return names for function 'isFinalizerSane'. Expected: [sane], Found: [] [Warning/use-natspec]
/sb/0x22622d0c254ad9b6046911a744b0bdf815aabe26.sol:881:3: Missing @notice tag in function 'isPricingSane' [Warning/use-natspec]
/sb/0x22622d0c254ad9b6046911a744b0bdf815aabe26.sol:881:3: Missing @return tag in function 'isPricingSane' [Warning/use-natspec]
/sb/0x22622d0c254ad9b6046911a744b0bdf815aabe26.sol:881:3: Mismatch in @return names for function 'isPricingSane'. Expected: [sane], Found: [] [Warning/use-natspec]
/sb/0x22622d0c254ad9b6046911a744b0bdf815aabe26.sol:890:3: Missing @notice tag in function 'getState' [Warning/use-natspec]
/sb/0x22622d0c254ad9b6046911a744b0bdf815aabe26.sol:890:3: Missing @return tag in function 'getState' [Warning/use-natspec]
/sb/0x22622d0c254ad9b6046911a744b0bdf815aabe26.sol:890:3: Mismatch in @return count for function 'getState'. Expected: 1, Found: 0 [Warning/use-natspec]
/sb/0x22622d0c254ad9b6046911a744b0bdf815aabe26.sol:896:14: GC: Non strict inequality found. Try converting to a strict one [Warning/gas-strict-inequalities]
/sb/0x22622d0c254ad9b6046911a744b0bdf815aabe26.sol:902:3: Missing @notice tag in function 'isCrowdsale' [Warning/use-natspec]
/sb/0x22622d0c254ad9b6046911a744b0bdf815aabe26.sol:902:3: Missing @return tag in function 'isCrowdsale' [Warning/use-natspec]
/sb/0x22622d0c254ad9b6046911a744b0bdf815aabe26.sol:902:3: Mismatch in @return count for function 'isCrowdsale'. Expected: 1, Found: 0 [Warning/use-natspec]
/sb/0x22622d0c254ad9b6046911a744b0bdf815aabe26.sol:912:29: "throw" is deprecated, avoid to use it [Warning/avoid-throw]
/sb/0x22622d0c254ad9b6046911a744b0bdf815aabe26.sol:936:3: Missing @notice tag in function 'isBreakingCap' [Warning/use-natspec]
/sb/0x22622d0c254ad9b6046911a744b0bdf815aabe26.sol:936:3: Mismatch in @return names for function 'isBreakingCap'. Expected: [limitBroken], Found: [true] [Warning/use-natspec]
/sb/0x22622d0c254ad9b6046911a744b0bdf815aabe26.sol:936:26: Rule is set with explicit type [var/s: uint] [Warning/explicit-types]
/sb/0x22622d0c254ad9b6046911a744b0bdf815aabe26.sol:936:42: Rule is set with explicit type [var/s: uint] [Warning/explicit-types]
/sb/0x22622d0c254ad9b6046911a744b0bdf815aabe26.sol:936:60: Rule is set with explicit type [var/s: uint] [Warning/explicit-types]
/sb/0x22622d0c254ad9b6046911a744b0bdf815aabe26.sol:936:81: Rule is set with explicit type [var/s: uint] [Warning/explicit-types]
/sb/0x22622d0c254ad9b6046911a744b0bdf815aabe26.sol:938:3: Missing @notice tag in function 'isBreakingInvestorCap' [Warning/use-natspec]
/sb/0x22622d0c254ad9b6046911a744b0bdf815aabe26.sol:938:3: Missing @param tag in function 'isBreakingInvestorCap' [Warning/use-natspec]
/sb/0x22622d0c254ad9b6046911a744b0bdf815aabe26.sol:938:3: Mismatch in @param names for function 'isBreakingInvestorCap'. Expected: [receiver, tokenAmount], Found: [] [Warning/use-natspec]
/sb/0x22622d0c254ad9b6046911a744b0bdf815aabe26.sol:938:3: Missing @return tag in function 'isBreakingInvestorCap' [Warning/use-natspec]
/sb/0x22622d0c254ad9b6046911a744b0bdf815aabe26.sol:938:3: Mismatch in @return names for function 'isBreakingInvestorCap'. Expected: [limitBroken], Found: [] [Warning/use-natspec]
/sb/0x22622d0c254ad9b6046911a744b0bdf815aabe26.sol:938:52: Rule is set with explicit type [var/s: uint] [Warning/explicit-types]
/sb/0x22622d0c254ad9b6046911a744b0bdf815aabe26.sol:943:3: Missing @notice tag in function 'isCrowdsaleFull' [Warning/use-natspec]
/sb/0x22622d0c254ad9b6046911a744b0bdf815aabe26.sol:943:3: Missing @return tag in function 'isCrowdsaleFull' [Warning/use-natspec]
/sb/0x22622d0c254ad9b6046911a744b0bdf815aabe26.sol:943:3: Mismatch in @return count for function 'isCrowdsaleFull'. Expected: 1, Found: 0 [Warning/use-natspec]
/sb/0x22622d0c254ad9b6046911a744b0bdf815aabe26.sol:948:3: Missing @notice tag in function 'assignTokens' [Warning/use-natspec]
/sb/0x22622d0c254ad9b6046911a744b0bdf815aabe26.sol:948:3: Missing @param tag in function 'assignTokens' [Warning/use-natspec]
/sb/0x22622d0c254ad9b6046911a744b0bdf815aabe26.sol:948:3: Mismatch in @param names for function 'assignTokens'. Expected: [receiver, tokenAmount], Found: [] [Warning/use-natspec]
/sb/0x22622d0c254ad9b6046911a744b0bdf815aabe26.sol:948:43: Rule is set with explicit type [var/s: uint] [Warning/explicit-types]
/sb/0x22622d0c254ad9b6046911a744b0bdf815aabe26.sol:978:1: Missing @title tag in contract 'StandardToken' [Warning/use-natspec]
/sb/0x22622d0c254ad9b6046911a744b0bdf815aabe26.sol:978:1: Missing @author tag in contract 'StandardToken' [Warning/use-natspec]
/sb/0x22622d0c254ad9b6046911a744b0bdf815aabe26.sol:978:1: Missing @notice tag in contract 'StandardToken' [Warning/use-natspec]
/sb/0x22622d0c254ad9b6046911a744b0bdf815aabe26.sol:981:3: Missing @notice tag in event 'Minted' [Warning/use-natspec]
/sb/0x22622d0c254ad9b6046911a744b0bdf815aabe26.sol:981:3: Missing @param tag in event 'Minted' [Warning/use-natspec]
/sb/0x22622d0c254ad9b6046911a744b0bdf815aabe26.sol:981:3: Mismatch in @param names for event 'Minted'. Expected: [receiver, amount], Found: [] [Warning/use-natspec]
/sb/0x22622d0c254ad9b6046911a744b0bdf815aabe26.sol:981:3: GC: [receiver] on Event [Minted] could be Indexed [Warning/gas-indexed-events]
/sb/0x22622d0c254ad9b6046911a744b0bdf815aabe26.sol:981:3: GC: [amount] on Event [Minted] could be Indexed [Warning/gas-indexed-events]
/sb/0x22622d0c254ad9b6046911a744b0bdf815aabe26.sol:981:34: Rule is set with explicit type [var/s: uint] [Warning/explicit-types]
/sb/0x22622d0c254ad9b6046911a744b0bdf815aabe26.sol:984:3: Explicitly mark visibility of state [Warning/state-visibility]
/sb/0x22622d0c254ad9b6046911a744b0bdf815aabe26.sol:984:3: Rule is set with explicit type [var/s: uint] [Warning/explicit-types]
/sb/0x22622d0c254ad9b6046911a744b0bdf815aabe26.sol:987:3: Explicitly mark visibility of state [Warning/state-visibility]
/sb/0x22622d0c254ad9b6046911a744b0bdf815aabe26.sol:987:3: Rule is set with explicit type [var/s: uint] [Warning/explicit-types]
/sb/0x22622d0c254ad9b6046911a744b0bdf815aabe26.sol:990:3: Missing @notice tag in function 'isToken' [Warning/use-natspec]
/sb/0x22622d0c254ad9b6046911a744b0bdf815aabe26.sol:990:3: Missing @return tag in function 'isToken' [Warning/use-natspec]
/sb/0x22622d0c254ad9b6046911a744b0bdf815aabe26.sol:990:3: Mismatch in @return names for function 'isToken'. Expected: [weAre], Found: [] [Warning/use-natspec]
/sb/0x22622d0c254ad9b6046911a744b0bdf815aabe26.sol:994:3: Missing @notice tag in function 'transfer' [Warning/use-natspec]
/sb/0x22622d0c254ad9b6046911a744b0bdf815aabe26.sol:994:3: Missing @param tag in function 'transfer' [Warning/use-natspec]
/sb/0x22622d0c254ad9b6046911a744b0bdf815aabe26.sol:994:3: Mismatch in @param names for function 'transfer'. Expected: [_to, _value], Found: [] [Warning/use-natspec]
/sb/0x22622d0c254ad9b6046911a744b0bdf815aabe26.sol:994:3: Missing @return tag in function 'transfer' [Warning/use-natspec]
/sb/0x22622d0c254ad9b6046911a744b0bdf815aabe26.sol:994:3: Mismatch in @return names for function 'transfer'. Expected: [success], Found: [] [Warning/use-natspec]
/sb/0x22622d0c254ad9b6046911a744b0bdf815aabe26.sol:994:3: Explicitly mark visibility in function [Warning/func-visibility]
/sb/0x22622d0c254ad9b6046911a744b0bdf815aabe26.sol:994:34: Rule is set with explicit type [var/s: uint] [Warning/explicit-types]
/sb/0x22622d0c254ad9b6046911a744b0bdf815aabe26.sol:1001:3: Missing @notice tag in function 'transferFrom' [Warning/use-natspec]
/sb/0x22622d0c254ad9b6046911a744b0bdf815aabe26.sol:1001:3: Missing @param tag in function 'transferFrom' [Warning/use-natspec]
/sb/0x22622d0c254ad9b6046911a744b0bdf815aabe26.sol:1001:3: Mismatch in @param names for function 'transferFrom'. Expected: [_from, _to, _value], Found: [] [Warning/use-natspec]
/sb/0x22622d0c254ad9b6046911a744b0bdf815aabe26.sol:1001:3: Missing @return tag in function 'transferFrom' [Warning/use-natspec]
/sb/0x22622d0c254ad9b6046911a744b0bdf815aabe26.sol:1001:3: Mismatch in @return names for function 'transferFrom'. Expected: [success], Found: [] [Warning/use-natspec]
/sb/0x22622d0c254ad9b6046911a744b0bdf815aabe26.sol:1001:3: Explicitly mark visibility in function [Warning/func-visibility]
/sb/0x22622d0c254ad9b6046911a744b0bdf815aabe26.sol:1001:53: Rule is set with explicit type [var/s: uint] [Warning/explicit-types]
/sb/0x22622d0c254ad9b6046911a744b0bdf815aabe26.sol:1002:5: Rule is set with explicit type [var/s: uint] [Warning/explicit-types]
/sb/0x22622d0c254ad9b6046911a744b0bdf815aabe26.sol:1011:3: Missing @notice tag in function 'balanceOf' [Warning/use-natspec]
/sb/0x22622d0c254ad9b6046911a744b0bdf815aabe26.sol:1011:3: Missing @param tag in function 'balanceOf' [Warning/use-natspec]
/sb/0x22622d0c254ad9b6046911a744b0bdf815aabe26.sol:1011:3: Mismatch in @param names for function 'balanceOf'. Expected: [_owner], Found: [] [Warning/use-natspec]
/sb/0x22622d0c254ad9b6046911a744b0bdf815aabe26.sol:1011:3: Missing @return tag in function 'balanceOf' [Warning/use-natspec]
/sb/0x22622d0c254ad9b6046911a744b0bdf815aabe26.sol:1011:3: Mismatch in @return names for function 'balanceOf'. Expected: [balance], Found: [] [Warning/use-natspec]
/sb/0x22622d0c254ad9b6046911a744b0bdf815aabe26.sol:1011:3: Explicitly mark visibility in function [Warning/func-visibility]
/sb/0x22622d0c254ad9b6046911a744b0bdf815aabe26.sol:1011:56: Rule is set with explicit type [var/s: uint] [Warning/explicit-types]
/sb/0x22622d0c254ad9b6046911a744b0bdf815aabe26.sol:1015:3: Missing @notice tag in function 'approve' [Warning/use-natspec]
/sb/0x22622d0c254ad9b6046911a744b0bdf815aabe26.sol:1015:3: Missing @param tag in function 'approve' [Warning/use-natspec]
/sb/0x22622d0c254ad9b6046911a744b0bdf815aabe26.sol:1015:3: Mismatch in @param names for function 'approve'. Expected: [_spender, _value], Found: [] [Warning/use-natspec]
/sb/0x22622d0c254ad9b6046911a744b0bdf815aabe26.sol:1015:3: Missing @return tag in function 'approve' [Warning/use-natspec]
/sb/0x22622d0c254ad9b6046911a744b0bdf815aabe26.sol:1015:3: Mismatch in @return names for function 'approve'. Expected: [success], Found: [] [Warning/use-natspec]
/sb/0x22622d0c254ad9b6046911a744b0bdf815aabe26.sol:1015:3: Explicitly mark visibility in function [Warning/func-visibility]
/sb/0x22622d0c254ad9b6046911a744b0bdf815aabe26.sol:1015:38: Rule is set with explicit type [var/s: uint] [Warning/explicit-types]
/sb/0x22622d0c254ad9b6046911a744b0bdf815aabe26.sol:1021:64: "throw" is deprecated, avoid to use it [Warning/avoid-throw]
/sb/0x22622d0c254ad9b6046911a744b0bdf815aabe26.sol:1028:3: Missing @notice tag in function 'allowance' [Warning/use-natspec]
/sb/0x22622d0c254ad9b6046911a744b0bdf815aabe26.sol:1028:3: Missing @param tag in function 'allowance' [Warning/use-natspec]
/sb/0x22622d0c254ad9b6046911a744b0bdf815aabe26.sol:1028:3: Mismatch in @param names for function 'allowance'. Expected: [_owner, _spender], Found: [] [Warning/use-natspec]
/sb/0x22622d0c254ad9b6046911a744b0bdf815aabe26.sol:1028:3: Missing @return tag in function 'allowance' [Warning/use-natspec]
/sb/0x22622d0c254ad9b6046911a744b0bdf815aabe26.sol:1028:3: Mismatch in @return names for function 'allowance'. Expected: [remaining], Found: [] [Warning/use-natspec]
/sb/0x22622d0c254ad9b6046911a744b0bdf815aabe26.sol:1028:3: Explicitly mark visibility in function [Warning/func-visibility]
/sb/0x22622d0c254ad9b6046911a744b0bdf815aabe26.sol:1028:74: Rule is set with explicit type [var/s: uint] [Warning/explicit-types]
/sb/0x22622d0c254ad9b6046911a744b0bdf815aabe26.sol:1045:1: Missing @title tag in contract 'MintableTokenExt' [Warning/use-natspec]
/sb/0x22622d0c254ad9b6046911a744b0bdf815aabe26.sol:1045:1: Missing @author tag in contract 'MintableTokenExt' [Warning/use-natspec]
/sb/0x22622d0c254ad9b6046911a744b0bdf815aabe26.sol:1045:1: Missing @notice tag in contract 'MintableTokenExt' [Warning/use-natspec]
/sb/0x22622d0c254ad9b6046911a744b0bdf815aabe26.sol:1049:3: Missing @notice tag in variable 'mintingFinished' [Warning/use-natspec]
/sb/0x22622d0c254ad9b6046911a744b0bdf815aabe26.sol:1052:3: Missing @notice tag in variable 'mintAgents' [Warning/use-natspec]
/sb/0x22622d0c254ad9b6046911a744b0bdf815aabe26.sol:1054:3: Missing @notice tag in event 'MintingAgentChanged' [Warning/use-natspec]
/sb/0x22622d0c254ad9b6046911a744b0bdf815aabe26.sol:1054:3: Missing @param tag in event 'MintingAgentChanged' [Warning/use-natspec]
/sb/0x22622d0c254ad9b6046911a744b0bdf815aabe26.sol:1054:3: Mismatch in @param names for event 'MintingAgentChanged'. Expected: [addr, state], Found: [] [Warning/use-natspec]
/sb/0x22622d0c254ad9b6046911a744b0bdf815aabe26.sol:1054:3: GC: [addr] on Event [MintingAgentChanged] could be Indexed [Warning/gas-indexed-events]
/sb/0x22622d0c254ad9b6046911a744b0bdf815aabe26.sol:1054:3: GC: [state] on Event [MintingAgentChanged] could be Indexed [Warning/gas-indexed-events]
/sb/0x22622d0c254ad9b6046911a744b0bdf815aabe26.sol:1062:5: Rule is set with explicit type [var/s: uint] [Warning/explicit-types]
/sb/0x22622d0c254ad9b6046911a744b0bdf815aabe26.sol:1063:5: Rule is set with explicit type [var/s: uint] [Warning/explicit-types]
/sb/0x22622d0c254ad9b6046911a744b0bdf815aabe26.sol:1064:5: Rule is set with explicit type [var/s: uint] [Warning/explicit-types]
/sb/0x22622d0c254ad9b6046911a744b0bdf815aabe26.sol:1069:3: Missing @notice tag in variable 'reservedTokensList' [Warning/use-natspec]
/sb/0x22622d0c254ad9b6046911a744b0bdf815aabe26.sol:1070:3: Missing @notice tag in variable 'reservedTokensDestinations' [Warning/use-natspec]
/sb/0x22622d0c254ad9b6046911a744b0bdf815aabe26.sol:1071:3: Rule is set with explicit type [var/s: uint] [Warning/explicit-types]
/sb/0x22622d0c254ad9b6046911a744b0bdf815aabe26.sol:1071:3: Missing @notice tag in variable 'reservedTokensDestinationsLen' [Warning/use-natspec]
/sb/0x22622d0c254ad9b6046911a744b0bdf815aabe26.sol:1072:3: Explicitly mark visibility of state [Warning/state-visibility]
/sb/0x22622d0c254ad9b6046911a744b0bdf815aabe26.sol:1077:9: "throw" is deprecated, avoid to use it [Warning/avoid-throw]
/sb/0x22622d0c254ad9b6046911a744b0bdf815aabe26.sol:1084:25: "throw" is deprecated, avoid to use it [Warning/avoid-throw]
/sb/0x22622d0c254ad9b6046911a744b0bdf815aabe26.sol:1088:3: Missing @notice tag in function 'finalizeReservedAddress' [Warning/use-natspec]
/sb/0x22622d0c254ad9b6046911a744b0bdf815aabe26.sol:1088:3: Missing @param tag in function 'finalizeReservedAddress' [Warning/use-natspec]
/sb/0x22622d0c254ad9b6046911a744b0bdf815aabe26.sol:1088:3: Mismatch in @param names for function 'finalizeReservedAddress'. Expected: [addr], Found: [] [Warning/use-natspec]
/sb/0x22622d0c254ad9b6046911a744b0bdf815aabe26.sol:1093:3: Missing @notice tag in function 'isAddressReserved' [Warning/use-natspec]
/sb/0x22622d0c254ad9b6046911a744b0bdf815aabe26.sol:1093:3: Missing @param tag in function 'isAddressReserved' [Warning/use-natspec]
/sb/0x22622d0c254ad9b6046911a744b0bdf815aabe26.sol:1093:3: Mismatch in @param names for function 'isAddressReserved'. Expected: [addr], Found: [] [Warning/use-natspec]
/sb/0x22622d0c254ad9b6046911a744b0bdf815aabe26.sol:1093:3: Missing @return tag in function 'isAddressReserved' [Warning/use-natspec]
/sb/0x22622d0c254ad9b6046911a744b0bdf815aabe26.sol:1093:3: Mismatch in @return names for function 'isAddressReserved'. Expected: [isReserved], Found: [] [Warning/use-natspec]
/sb/0x22622d0c254ad9b6046911a744b0bdf815aabe26.sol:1097:3: Missing @notice tag in function 'areTokensDistributedForAddress' [Warning/use-natspec]
/sb/0x22622d0c254ad9b6046911a744b0bdf815aabe26.sol:1097:3: Missing @param tag in function 'areTokensDistributedForAddress' [Warning/use-natspec]
/sb/0x22622d0c254ad9b6046911a744b0bdf815aabe26.sol:1097:3: Mismatch in @param names for function 'areTokensDistributedForAddress'. Expected: [addr], Found: [] [Warning/use-natspec]
/sb/0x22622d0c254ad9b6046911a744b0bdf815aabe26.sol:1097:3: Missing @return tag in function 'areTokensDistributedForAddress' [Warning/use-natspec]
/sb/0x22622d0c254ad9b6046911a744b0bdf815aabe26.sol:1097:3: Mismatch in @return names for function 'areTokensDistributedForAddress'. Expected: [isDistributed], Found: [] [Warning/use-natspec]
/sb/0x22622d0c254ad9b6046911a744b0bdf815aabe26.sol:1101:3: Missing @notice tag in function 'getReservedTokens' [Warning/use-natspec]
/sb/0x22622d0c254ad9b6046911a744b0bdf815aabe26.sol:1101:3: Missing @param tag in function 'getReservedTokens' [Warning/use-natspec]
/sb/0x22622d0c254ad9b6046911a744b0bdf815aabe26.sol:1101:3: Mismatch in @param names for function 'getReservedTokens'. Expected: [addr], Found: [] [Warning/use-natspec]
/sb/0x22622d0c254ad9b6046911a744b0bdf815aabe26.sol:1101:3: Missing @return tag in function 'getReservedTokens' [Warning/use-natspec]
/sb/0x22622d0c254ad9b6046911a744b0bdf815aabe26.sol:1101:3: Mismatch in @return names for function 'getReservedTokens'. Expected: [inTokens], Found: [] [Warning/use-natspec]
/sb/0x22622d0c254ad9b6046911a744b0bdf815aabe26.sol:1101:69: Rule is set with explicit type [var/s: uint] [Warning/explicit-types]
/sb/0x22622d0c254ad9b6046911a744b0bdf815aabe26.sol:1105:3: Missing @notice tag in function 'getReservedPercentageUnit' [Warning/use-natspec]
/sb/0x22622d0c254ad9b6046911a744b0bdf815aabe26.sol:1105:3: Missing @param tag in function 'getReservedPercentageUnit' [Warning/use-natspec]
/sb/0x22622d0c254ad9b6046911a744b0bdf815aabe26.sol:1105:3: Mismatch in @param names for function 'getReservedPercentageUnit'. Expected: [addr], Found: [] [Warning/use-natspec]
/sb/0x22622d0c254ad9b6046911a744b0bdf815aabe26.sol:1105:3: Missing @return tag in function 'getReservedPercentageUnit' [Warning/use-natspec]
/sb/0x22622d0c254ad9b6046911a744b0bdf815aabe26.sol:1105:3: Mismatch in @return names for function 'getReservedPercentageUnit'. Expected: [inPercentageUnit], Found: [] [Warning/use-natspec]
/sb/0x22622d0c254ad9b6046911a744b0bdf815aabe26.sol:1105:77: Rule is set with explicit type [var/s: uint] [Warning/explicit-types]
/sb/0x22622d0c254ad9b6046911a744b0bdf815aabe26.sol:1109:3: Missing @notice tag in function 'getReservedPercentageDecimals' [Warning/use-natspec]
/sb/0x22622d0c254ad9b6046911a744b0bdf815aabe26.sol:1109:3: Missing @param tag in function 'getReservedPercentageDecimals' [Warning/use-natspec]
/sb/0x22622d0c254ad9b6046911a744b0bdf815aabe26.sol:1109:3: Mismatch in @param names for function 'getReservedPercentageDecimals'. Expected: [addr], Found: [] [Warning/use-natspec]
/sb/0x22622d0c254ad9b6046911a744b0bdf815aabe26.sol:1109:3: Missing @return tag in function 'getReservedPercentageDecimals' [Warning/use-natspec]
/sb/0x22622d0c254ad9b6046911a744b0bdf815aabe26.sol:1109:3: Mismatch in @return names for function 'getReservedPercentageDecimals'. Expected: [inPercentageDecimals], Found: [] [Warning/use-natspec]
/sb/0x22622d0c254ad9b6046911a744b0bdf815aabe26.sol:1109:81: Rule is set with explicit type [var/s: uint] [Warning/explicit-types]
/sb/0x22622d0c254ad9b6046911a744b0bdf815aabe26.sol:1113:3: Missing @notice tag in function 'setReservedTokensListMultiple' [Warning/use-natspec]
/sb/0x22622d0c254ad9b6046911a744b0bdf815aabe26.sol:1113:3: Missing @param tag in function 'setReservedTokensListMultiple' [Warning/use-natspec]
/sb/0x22622d0c254ad9b6046911a744b0bdf815aabe26.sol:1113:3: Mismatch in @param names for function 'setReservedTokensListMultiple'. Expected: [addrs, inTokens, inPercentageUnit, inPercentageDecimals], Found: [] [Warning/use-natspec]
/sb/0x22622d0c254ad9b6046911a744b0bdf815aabe26.sol:1115:5: Rule is set with explicit type [var/s: uint] [Warning/explicit-types]
/sb/0x22622d0c254ad9b6046911a744b0bdf815aabe26.sol:1116:5: Rule is set with explicit type [var/s: uint] [Warning/explicit-types]
/sb/0x22622d0c254ad9b6046911a744b0bdf815aabe26.sol:1117:5: Rule is set with explicit type [var/s: uint] [Warning/explicit-types]
/sb/0x22622d0c254ad9b6046911a744b0bdf815aabe26.sol:1123:10: Rule is set with explicit type [var/s: uint] [Warning/explicit-types]
/sb/0x22622d0c254ad9b6046911a744b0bdf815aabe26.sol:1123:54: GC: For [ iterator ] variable, increment/decrement by 1 using: [ ++variable ] to save gas [Warning/gas-increment-by-one]
/sb/0x22622d0c254ad9b6046911a744b0bdf815aabe26.sol:1136:3: Missing @notice tag in function 'mint' [Warning/use-natspec]
/sb/0x22622d0c254ad9b6046911a744b0bdf815aabe26.sol:1136:3: Missing @param tag in function 'mint' [Warning/use-natspec]
/sb/0x22622d0c254ad9b6046911a744b0bdf815aabe26.sol:1136:3: Mismatch in @param names for function 'mint'. Expected: [receiver, amount], Found: [] [Warning/use-natspec]
/sb/0x22622d0c254ad9b6046911a744b0bdf815aabe26.sol:1136:70: Visibility modifier must be first in list of modifiers [Warning/visibility-modifier-order]
/sb/0x22622d0c254ad9b6046911a744b0bdf815aabe26.sol:1136:35: Rule is set with explicit type [var/s: uint] [Warning/explicit-types]
/sb/0x22622d0c254ad9b6046911a744b0bdf815aabe26.sol:1148:3: Missing @notice tag in function 'setMintAgent' [Warning/use-natspec]
/sb/0x22622d0c254ad9b6046911a744b0bdf815aabe26.sol:1148:3: Missing @param tag in function 'setMintAgent' [Warning/use-natspec]
/sb/0x22622d0c254ad9b6046911a744b0bdf815aabe26.sol:1148:3: Mismatch in @param names for function 'setMintAgent'. Expected: [addr, state], Found: [] [Warning/use-natspec]
/sb/0x22622d0c254ad9b6046911a744b0bdf815aabe26.sol:1148:69: Visibility modifier must be first in list of modifiers [Warning/visibility-modifier-order]
/sb/0x22622d0c254ad9b6046911a744b0bdf815aabe26.sol:1153:3: Missing @notice tag in function 'setReservedTokensList' [Warning/use-natspec]
/sb/0x22622d0c254ad9b6046911a744b0bdf815aabe26.sol:1153:3: Missing @param tag in function 'setReservedTokensList' [Warning/use-natspec]
/sb/0x22622d0c254ad9b6046911a744b0bdf815aabe26.sol:1153:3: Mismatch in @param names for function 'setReservedTokensList'. Expected: [addr, inTokens, inPercentageUnit, inPercentageDecimals], Found: [] [Warning/use-natspec]
/sb/0x22622d0c254ad9b6046911a744b0bdf815aabe26.sol:1153:48: Rule is set with explicit type [var/s: uint] [Warning/explicit-types]
/sb/0x22622d0c254ad9b6046911a744b0bdf815aabe26.sol:1153:63: Rule is set with explicit type [var/s: uint] [Warning/explicit-types]
/sb/0x22622d0c254ad9b6046911a744b0bdf815aabe26.sol:1153:86: Rule is set with explicit type [var/s: uint] [Warning/explicit-types]
/sb/0x22622d0c254ad9b6046911a744b0bdf815aabe26.sol:1157:7: GC: For [ reservedTokensDestinationsLen ] variable, increment/decrement by 1 using: [ ++variable ] to save gas [Warning/gas-increment-by-one]
/sb/0x22622d0c254ad9b6046911a744b0bdf815aabe26.sol:1177:1: Missing @title tag in contract 'MintedTokenCappedCrowdsaleExt' [Warning/use-natspec]
/sb/0x22622d0c254ad9b6046911a744b0bdf815aabe26.sol:1177:1: Missing @author tag in contract 'MintedTokenCappedCrowdsaleExt' [Warning/use-natspec]
/sb/0x22622d0c254ad9b6046911a744b0bdf815aabe26.sol:1177:1: Missing @notice tag in contract 'MintedTokenCappedCrowdsaleExt' [Warning/use-natspec]
/sb/0x22622d0c254ad9b6046911a744b0bdf815aabe26.sol:1180:3: Rule is set with explicit type [var/s: uint] [Warning/explicit-types]
/sb/0x22622d0c254ad9b6046911a744b0bdf815aabe26.sol:1180:3: Missing @notice tag in variable 'maximumSellableTokens' [Warning/use-natspec]
/sb/0x22622d0c254ad9b6046911a744b0bdf815aabe26.sol:1182:3: Missing @notice tag in function 'MintedTokenCappedCrowdsaleExt' [Warning/use-natspec]
/sb/0x22622d0c254ad9b6046911a744b0bdf815aabe26.sol:1182:3: Missing @param tag in function 'MintedTokenCappedCrowdsaleExt' [Warning/use-natspec]
/sb/0x22622d0c254ad9b6046911a744b0bdf815aabe26.sol:1182:3: Mismatch in @param names for function 'MintedTokenCappedCrowdsaleExt'. Expected: [_name, _token, _pricingStrategy, _multisigWallet, _start, _end, _minimumFundingGoal, _maximumSellableTokens, _isUpdatable, _isWhiteListed], Found: [] [Warning/use-natspec]
/sb/0x22622d0c254ad9b6046911a744b0bdf815aabe26.sol:1182:3: Constructors should use the new constructor keyword. [Warning/constructor-syntax]
/sb/0x22622d0c254ad9b6046911a744b0bdf815aabe26.sol:1182:3: Explicitly mark visibility in function (Set ignoreConstructors to true if using solidity >=0.7.0) [Warning/func-visibility]
/sb/0x22622d0c254ad9b6046911a744b0bdf815aabe26.sol:1187:5: Rule is set with explicit type [var/s: uint] [Warning/explicit-types]
/sb/0x22622d0c254ad9b6046911a744b0bdf815aabe26.sol:1187:18: Rule is set with explicit type [var/s: uint] [Warning/explicit-types]
/sb/0x22622d0c254ad9b6046911a744b0bdf815aabe26.sol:1188:5: Rule is set with explicit type [var/s: uint] [Warning/explicit-types]
/sb/0x22622d0c254ad9b6046911a744b0bdf815aabe26.sol:1189:5: Rule is set with explicit type [var/s: uint] [Warning/explicit-types]
/sb/0x22622d0c254ad9b6046911a744b0bdf815aabe26.sol:1197:3: Missing @notice tag in event 'MaximumSellableTokensChanged' [Warning/use-natspec]
/sb/0x22622d0c254ad9b6046911a744b0bdf815aabe26.sol:1197:3: Missing @param tag in event 'MaximumSellableTokensChanged' [Warning/use-natspec]
/sb/0x22622d0c254ad9b6046911a744b0bdf815aabe26.sol:1197:3: Mismatch in @param names for event 'MaximumSellableTokensChanged'. Expected: [newMaximumSellableTokens], Found: [] [Warning/use-natspec]
/sb/0x22622d0c254ad9b6046911a744b0bdf815aabe26.sol:1197:3: GC: [newMaximumSellableTokens] on Event [MaximumSellableTokensChanged] could be Indexed [Warning/gas-indexed-events]
/sb/0x22622d0c254ad9b6046911a744b0bdf815aabe26.sol:1197:38: Rule is set with explicit type [var/s: uint] [Warning/explicit-types]
/sb/0x22622d0c254ad9b6046911a744b0bdf815aabe26.sol:1202:3: Missing @notice tag in function 'isBreakingCap' [Warning/use-natspec]
/sb/0x22622d0c254ad9b6046911a744b0bdf815aabe26.sol:1202:3: Missing @param tag in function 'isBreakingCap' [Warning/use-natspec]
/sb/0x22622d0c254ad9b6046911a744b0bdf815aabe26.sol:1202:3: Mismatch in @param names for function 'isBreakingCap'. Expected: [weiAmount, tokenAmount, weiRaisedTotal, tokensSoldTotal], Found: [] [Warning/use-natspec]
/sb/0x22622d0c254ad9b6046911a744b0bdf815aabe26.sol:1202:3: Missing @return tag in function 'isBreakingCap' [Warning/use-natspec]
/sb/0x22622d0c254ad9b6046911a744b0bdf815aabe26.sol:1202:3: Mismatch in @return names for function 'isBreakingCap'. Expected: [limitBroken], Found: [] [Warning/use-natspec]
/sb/0x22622d0c254ad9b6046911a744b0bdf815aabe26.sol:1202:26: Rule is set with explicit type [var/s: uint] [Warning/explicit-types]
/sb/0x22622d0c254ad9b6046911a744b0bdf815aabe26.sol:1202:42: Rule is set with explicit type [var/s: uint] [Warning/explicit-types]
/sb/0x22622d0c254ad9b6046911a744b0bdf815aabe26.sol:1202:60: Rule is set with explicit type [var/s: uint] [Warning/explicit-types]
/sb/0x22622d0c254ad9b6046911a744b0bdf815aabe26.sol:1202:81: Rule is set with explicit type [var/s: uint] [Warning/explicit-types]
/sb/0x22622d0c254ad9b6046911a744b0bdf815aabe26.sol:1202:26: Variable "weiAmount" is unused [Warning/no-unused-vars]
/sb/0x22622d0c254ad9b6046911a744b0bdf815aabe26.sol:1202:42: Variable "tokenAmount" is unused [Warning/no-unused-vars]
/sb/0x22622d0c254ad9b6046911a744b0bdf815aabe26.sol:1202:60: Variable "weiRaisedTotal" is unused [Warning/no-unused-vars]
/sb/0x22622d0c254ad9b6046911a744b0bdf815aabe26.sol:1206:3: Missing @notice tag in function 'isBreakingInvestorCap' [Warning/use-natspec]
/sb/0x22622d0c254ad9b6046911a744b0bdf815aabe26.sol:1206:3: Missing @param tag in function 'isBreakingInvestorCap' [Warning/use-natspec]
/sb/0x22622d0c254ad9b6046911a744b0bdf815aabe26.sol:1206:3: Mismatch in @param names for function 'isBreakingInvestorCap'. Expected: [addr, tokenAmount], Found: [] [Warning/use-natspec]
/sb/0x22622d0c254ad9b6046911a744b0bdf815aabe26.sol:1206:3: Missing @return tag in function 'isBreakingInvestorCap' [Warning/use-natspec]
/sb/0x22622d0c254ad9b6046911a744b0bdf815aabe26.sol:1206:3: Mismatch in @return names for function 'isBreakingInvestorCap'. Expected: [limitBroken], Found: [] [Warning/use-natspec]
/sb/0x22622d0c254ad9b6046911a744b0bdf815aabe26.sol:1206:48: Rule is set with explicit type [var/s: uint] [Warning/explicit-types]
/sb/0x22622d0c254ad9b6046911a744b0bdf815aabe26.sol:1208:5: Rule is set with explicit type [var/s: uint] [Warning/explicit-types]
/sb/0x22622d0c254ad9b6046911a744b0bdf815aabe26.sol:1212:3: Missing @notice tag in function 'isCrowdsaleFull' [Warning/use-natspec]
/sb/0x22622d0c254ad9b6046911a744b0bdf815aabe26.sol:1212:3: Missing @return tag in function 'isCrowdsaleFull' [Warning/use-natspec]
/sb/0x22622d0c254ad9b6046911a744b0bdf815aabe26.sol:1212:3: Mismatch in @return count for function 'isCrowdsaleFull'. Expected: 1, Found: 0 [Warning/use-natspec]
/sb/0x22622d0c254ad9b6046911a744b0bdf815aabe26.sol:1213:12: GC: Non strict inequality found. Try converting to a strict one [Warning/gas-strict-inequalities]
/sb/0x22622d0c254ad9b6046911a744b0bdf815aabe26.sol:1216:3: Missing @notice tag in function 'setMaximumSellableTokens' [Warning/use-natspec]
/sb/0x22622d0c254ad9b6046911a744b0bdf815aabe26.sol:1216:3: Missing @param tag in function 'setMaximumSellableTokens' [Warning/use-natspec]
/sb/0x22622d0c254ad9b6046911a744b0bdf815aabe26.sol:1216:3: Mismatch in @param names for function 'setMaximumSellableTokens'. Expected: [tokens], Found: [] [Warning/use-natspec]
/sb/0x22622d0c254ad9b6046911a744b0bdf815aabe26.sol:1216:37: Rule is set with explicit type [var/s: uint] [Warning/explicit-types]
/sb/0x22622d0c254ad9b6046911a744b0bdf815aabe26.sol:1219:12: GC: Non strict inequality found. Try converting to a strict one [Warning/gas-strict-inequalities]
/sb/0x22622d0c254ad9b6046911a744b0bdf815aabe26.sol:1228:3: Missing @notice tag in function 'updateRate' [Warning/use-natspec]
/sb/0x22622d0c254ad9b6046911a744b0bdf815aabe26.sol:1228:3: Missing @param tag in function 'updateRate' [Warning/use-natspec]
/sb/0x22622d0c254ad9b6046911a744b0bdf815aabe26.sol:1228:3: Mismatch in @param names for function 'updateRate'. Expected: [newOneTokenInWei], Found: [] [Warning/use-natspec]
/sb/0x22622d0c254ad9b6046911a744b0bdf815aabe26.sol:1228:23: Rule is set with explicit type [var/s: uint] [Warning/explicit-types]
/sb/0x22622d0c254ad9b6046911a744b0bdf815aabe26.sol:1231:12: GC: Non strict inequality found. Try converting to a strict one [Warning/gas-strict-inequalities]
/sb/0x22622d0c254ad9b6046911a744b0bdf815aabe26.sol:1242:3: Missing @notice tag in function 'assignTokens' [Warning/use-natspec]
/sb/0x22622d0c254ad9b6046911a744b0bdf815aabe26.sol:1242:3: Missing @param tag in function 'assignTokens' [Warning/use-natspec]
/sb/0x22622d0c254ad9b6046911a744b0bdf815aabe26.sol:1242:3: Mismatch in @param names for function 'assignTokens'. Expected: [receiver, tokenAmount], Found: [] [Warning/use-natspec]
/sb/0x22622d0c254ad9b6046911a744b0bdf815aabe26.sol:1242:43: Rule is set with explicit type [var/s: uint] [Warning/explicit-types]

661 problem/s (1 error/s, 660 warning/s)
