'solc --version' running
'solc /sb/0x0aeae9db03895d78d164c10d77bdebb95152a85b.sol --combined-json abi,ast,bin,bin-runtime,srcmap,srcmap-runtime,userdoc,devdoc,hashes,compact-format --allow-paths .,/sb' running
Compilation warnings/errors on /sb/0x0aeae9db03895d78d164c10d77bdebb95152a85b.sol:
/sb/0x0aeae9db03895d78d164c10d77bdebb95152a85b.sol:102:5: Warning: Defining constructors as functions with the same name as the contract is deprecated. Use "constructor(...) { ... }" instead.
    function StellarCoin() public {
    ^ (Relevant source part starts here and spans across multiple lines).


StellarCoin.getTokens() (../sb/0x0aeae9db03895d78d164c10d77bdebb95152a85b.sol#136-157) performs a multiplication on the result of a division:
	- value = value.div(100000).mul(99999) (../sb/0x0aeae9db03895d78d164c10d77bdebb95152a85b.sol#156)
Reference: https://github.com/crytic/slither/wiki/Detector-Documentation#divide-before-multiply

StellarCoin.totalSupply (../sb/0x0aeae9db03895d78d164c10d77bdebb95152a85b.sol#67) shadows:
	- ERC20Basic.totalSupply (../sb/0x0aeae9db03895d78d164c10d77bdebb95152a85b.sol#33)
Reference: https://github.com/crytic/slither/wiki/Detector-Documentation#state-variable-shadowing-from-abstract-contracts

StellarCoin.transferOwnership(address) (../sb/0x0aeae9db03895d78d164c10d77bdebb95152a85b.sol#107-111) should emit an event for: 
	- owner = newOwner (../sb/0x0aeae9db03895d78d164c10d77bdebb95152a85b.sol#109) 
Reference: https://github.com/crytic/slither/wiki/Detector-Documentation#missing-events-access-control

StellarCoin.onlyWhitelist() (../sb/0x0aeae9db03895d78d164c10d77bdebb95152a85b.sol#97-100) compares to a boolean constant:
	-require(bool)(blacklist[msg.sender] == false) (../sb/0x0aeae9db03895d78d164c10d77bdebb95152a85b.sol#98)
Reference: https://github.com/crytic/slither/wiki/Detector-Documentation#boolean-equality

StellarCoin.totalRemaining (../sb/0x0aeae9db03895d78d164c10d77bdebb95152a85b.sol#71) is set pre-construction with a non-constant function or state variable:
	- totalSupply.sub(totalDistributed)
Reference: https://github.com/crytic/slither/wiki/Detector-Documentation#function-initializing-state

Version constraint ^0.4.22 contains known severe issues (https://solidity.readthedocs.io/en/latest/bugs.html)
	- DirtyBytesArrayToStorage
	- ABIDecodeTwoDimensionalArrayMemory
	- KeccakCaching
	- EmptyByteArrayCopy
	- DynamicArrayCleanup
	- ImplicitConstructorCallvalueCheck
	- TupleAssignmentMultiStackSlotComponents
	- MemoryArrayCreationOverflow
	- privateCanBeOverridden
	- SignedArrayStorageCopy
	- ABIEncoderV2StorageArrayWithMultiSlotElement
	- DynamicConstructorArgumentsClippedABIV2
	- UninitializedFunctionPointerInConstructor_0.4.x
	- IncorrectEventSignatureInLibraries_0.4.x
	- ABIEncoderV2PackedStorage_0.4.x
	- ExpExponentCleanup
	- EventStructWrongData
	- OneOfTwoConstructorsSkipped.
It is used by:
	- ^0.4.22 (../sb/0x0aeae9db03895d78d164c10d77bdebb95152a85b.sol#1)
solc-0.4.26 is an outdated solc version. Use a more recent version (at least 0.8.0), if possible.
Reference: https://github.com/crytic/slither/wiki/Detector-Documentation#incorrect-versions-of-solidity

Parameter StellarCoin.distr(address,uint256)._to (../sb/0x0aeae9db03895d78d164c10d77bdebb95152a85b.sol#119) is not in mixedCase
Parameter StellarCoin.distr(address,uint256)._amount (../sb/0x0aeae9db03895d78d164c10d77bdebb95152a85b.sol#119) is not in mixedCase
Parameter StellarCoin.balanceOf(address)._owner (../sb/0x0aeae9db03895d78d164c10d77bdebb95152a85b.sol#159) is not in mixedCase
Parameter StellarCoin.transfer(address,uint256)._to (../sb/0x0aeae9db03895d78d164c10d77bdebb95152a85b.sol#168) is not in mixedCase
Parameter StellarCoin.transfer(address,uint256)._amount (../sb/0x0aeae9db03895d78d164c10d77bdebb95152a85b.sol#168) is not in mixedCase
Parameter StellarCoin.transferFrom(address,address,uint256)._from (../sb/0x0aeae9db03895d78d164c10d77bdebb95152a85b.sol#178) is not in mixedCase
Parameter StellarCoin.transferFrom(address,address,uint256)._to (../sb/0x0aeae9db03895d78d164c10d77bdebb95152a85b.sol#178) is not in mixedCase
Parameter StellarCoin.transferFrom(address,address,uint256)._amount (../sb/0x0aeae9db03895d78d164c10d77bdebb95152a85b.sol#178) is not in mixedCase
Parameter StellarCoin.approve(address,uint256)._spender (../sb/0x0aeae9db03895d78d164c10d77bdebb95152a85b.sol#190) is not in mixedCase
Parameter StellarCoin.approve(address,uint256)._value (../sb/0x0aeae9db03895d78d164c10d77bdebb95152a85b.sol#190) is not in mixedCase
Parameter StellarCoin.allowance(address,address)._owner (../sb/0x0aeae9db03895d78d164c10d77bdebb95152a85b.sol#197) is not in mixedCase
Parameter StellarCoin.allowance(address,address)._spender (../sb/0x0aeae9db03895d78d164c10d77bdebb95152a85b.sol#197) is not in mixedCase
Parameter StellarCoin.burn(uint256)._value (../sb/0x0aeae9db03895d78d164c10d77bdebb95152a85b.sol#212) is not in mixedCase
Parameter StellarCoin.withdrawForeignTokens(address)._tokenContract (../sb/0x0aeae9db03895d78d164c10d77bdebb95152a85b.sol#222) is not in mixedCase
Reference: https://github.com/crytic/slither/wiki/Detector-Documentation#conformance-to-solidity-naming-conventions

StellarCoin.getTokens() (../sb/0x0aeae9db03895d78d164c10d77bdebb95152a85b.sol#136-157) uses literals with too many digits:
	- value = value.div(100000).mul(99999) (../sb/0x0aeae9db03895d78d164c10d77bdebb95152a85b.sol#156)
StellarCoin.slitherConstructorVariables() (../sb/0x0aeae9db03895d78d164c10d77bdebb95152a85b.sol#52-228) uses literals with too many digits:
	- totalSupply = 30000000000e18 (../sb/0x0aeae9db03895d78d164c10d77bdebb95152a85b.sol#67)
StellarCoin.slitherConstructorVariables() (../sb/0x0aeae9db03895d78d164c10d77bdebb95152a85b.sol#52-228) uses literals with too many digits:
	- totalDistributed = 15000000000e18 (../sb/0x0aeae9db03895d78d164c10d77bdebb95152a85b.sol#69)
Reference: https://github.com/crytic/slither/wiki/Detector-Documentation#too-many-digits

ERC20Basic.totalSupply (../sb/0x0aeae9db03895d78d164c10d77bdebb95152a85b.sol#33) should be constant 
Reference: https://github.com/crytic/slither/wiki/Detector-Documentation#state-variables-that-could-be-declared-constant
/sb/0x0aeae9db03895d78d164c10d77bdebb95152a85b.sol analyzed (6 contracts with 100 detectors), 25 result(s) found
