'solc --version' running
'solc /sb/0xdc9f5b24b910addcb2e3be7ff75caf20e1fcdcf3.sol --combined-json abi,ast,bin,bin-runtime,srcmap,srcmap-runtime,userdoc,devdoc,hashes,compact-format --allow-paths .,/sb' running
Compilation warnings/errors on /sb/0xdc9f5b24b910addcb2e3be7ff75caf20e1fcdcf3.sol:
/sb/0xdc9f5b24b910addcb2e3be7ff75caf20e1fcdcf3.sol:66:3: Warning: Defining constructors as functions with the same name as the contract is deprecated. Use "constructor(...) { ... }" instead.
  function Ownable() public {
  ^ (Relevant source part starts here and spans across multiple lines).
/sb/0xdc9f5b24b910addcb2e3be7ff75caf20e1fcdcf3.sol:273:6: Warning: Defining constructors as functions with the same name as the contract is deprecated. Use "constructor(...) { ... }" instead.
     function PAD() public {
     ^ (Relevant source part starts here and spans across multiple lines).
/sb/0xdc9f5b24b910addcb2e3be7ff75caf20e1fcdcf3.sol:84:5: Warning: Invoking events without "emit" prefix is deprecated.
    OwnershipTransferred(owner, newOwner);
    ^-----------------------------------^
/sb/0xdc9f5b24b910addcb2e3be7ff75caf20e1fcdcf3.sol:146:5: Warning: Invoking events without "emit" prefix is deprecated.
    Transfer(msg.sender, _to, _value);
    ^-------------------------------^
/sb/0xdc9f5b24b910addcb2e3be7ff75caf20e1fcdcf3.sol:188:5: Warning: Invoking events without "emit" prefix is deprecated.
    Transfer(_from, _to, _value);
    ^--------------------------^
/sb/0xdc9f5b24b910addcb2e3be7ff75caf20e1fcdcf3.sol:204:5: Warning: Invoking events without "emit" prefix is deprecated.
    Approval(msg.sender, _spender, _value);
    ^------------------------------------^
/sb/0xdc9f5b24b910addcb2e3be7ff75caf20e1fcdcf3.sol:230:5: Warning: Invoking events without "emit" prefix is deprecated.
    Approval(msg.sender, _spender, allowed[msg.sender][_spender]);
    ^-----------------------------------------------------------^
/sb/0xdc9f5b24b910addcb2e3be7ff75caf20e1fcdcf3.sol:251:5: Warning: Invoking events without "emit" prefix is deprecated.
    Approval(msg.sender, _spender, allowed[msg.sender][_spender]);
    ^-----------------------------------------------------------^
/sb/0xdc9f5b24b910addcb2e3be7ff75caf20e1fcdcf3.sol:276:7: Warning: Invoking events without "emit" prefix is deprecated.
      Transfer(0x0, msg.sender, INITIAL_SUPPLY);
      ^---------------------------------------^
/sb/0xdc9f5b24b910addcb2e3be7ff75caf20e1fcdcf3.sol:286:9: Warning: Invoking events without "emit" prefix is deprecated.
        Transfer(_from, _to, _value);
        ^--------------------------^
/sb/0xdc9f5b24b910addcb2e3be7ff75caf20e1fcdcf3.sol:321:13: Warning: Invoking events without "emit" prefix is deprecated.
            Transfer(msg.sender, _recipients[j], _values[j]);
            ^----------------------------------------------^


Version constraint ^0.4.18 contains known severe issues (https://solidity.readthedocs.io/en/latest/bugs.html)
	- DirtyBytesArrayToStorage
	- ABIDecodeTwoDimensionalArrayMemory
	- KeccakCaching
	- EmptyByteArrayCopy
	- DynamicArrayCleanup
	- ImplicitConstructorCallvalueCheck
	- TupleAssignmentMultiStackSlotComponents
	- MemoryArrayCreationOverflow
	- privateCanBeOverridden
	- SignedArrayStorageCopy
	- ABIEncoderV2StorageArrayWithMultiSlotElement
	- DynamicConstructorArgumentsClippedABIV2
	- UninitializedFunctionPointerInConstructor_0.4.x
	- IncorrectEventSignatureInLibraries_0.4.x
	- ExpExponentCleanup
	- EventStructWrongData
	- NestedArrayFunctionCallDecoder.
It is used by:
	- ^0.4.18 (../sb/0xdc9f5b24b910addcb2e3be7ff75caf20e1fcdcf3.sol#1)
solc-0.4.26 is an outdated solc version. Use a more recent version (at least 0.8.0), if possible.
Reference: https://github.com/crytic/slither/wiki/Detector-Documentation#incorrect-versions-of-solidity

Parameter BasicToken.transfer(address,uint256)._to (../sb/0xdc9f5b24b910addcb2e3be7ff75caf20e1fcdcf3.sol#139) is not in mixedCase
Parameter BasicToken.transfer(address,uint256)._value (../sb/0xdc9f5b24b910addcb2e3be7ff75caf20e1fcdcf3.sol#139) is not in mixedCase
Parameter BasicToken.balanceOf(address)._owner (../sb/0xdc9f5b24b910addcb2e3be7ff75caf20e1fcdcf3.sol#155) is not in mixedCase
Parameter StandardToken.transferFrom(address,address,uint256)._from (../sb/0xdc9f5b24b910addcb2e3be7ff75caf20e1fcdcf3.sol#180) is not in mixedCase
Parameter StandardToken.transferFrom(address,address,uint256)._to (../sb/0xdc9f5b24b910addcb2e3be7ff75caf20e1fcdcf3.sol#180) is not in mixedCase
Parameter StandardToken.transferFrom(address,address,uint256)._value (../sb/0xdc9f5b24b910addcb2e3be7ff75caf20e1fcdcf3.sol#180) is not in mixedCase
Parameter StandardToken.approve(address,uint256)._spender (../sb/0xdc9f5b24b910addcb2e3be7ff75caf20e1fcdcf3.sol#202) is not in mixedCase
Parameter StandardToken.approve(address,uint256)._value (../sb/0xdc9f5b24b910addcb2e3be7ff75caf20e1fcdcf3.sol#202) is not in mixedCase
Parameter StandardToken.allowance(address,address)._owner (../sb/0xdc9f5b24b910addcb2e3be7ff75caf20e1fcdcf3.sol#214) is not in mixedCase
Parameter StandardToken.allowance(address,address)._spender (../sb/0xdc9f5b24b910addcb2e3be7ff75caf20e1fcdcf3.sol#214) is not in mixedCase
Parameter StandardToken.increaseApproval(address,uint256)._spender (../sb/0xdc9f5b24b910addcb2e3be7ff75caf20e1fcdcf3.sol#228) is not in mixedCase
Parameter StandardToken.increaseApproval(address,uint256)._addedValue (../sb/0xdc9f5b24b910addcb2e3be7ff75caf20e1fcdcf3.sol#228) is not in mixedCase
Parameter StandardToken.decreaseApproval(address,uint256)._spender (../sb/0xdc9f5b24b910addcb2e3be7ff75caf20e1fcdcf3.sol#244) is not in mixedCase
Parameter StandardToken.decreaseApproval(address,uint256)._subtractedValue (../sb/0xdc9f5b24b910addcb2e3be7ff75caf20e1fcdcf3.sol#244) is not in mixedCase
Parameter PAD.safeWithdrawal(uint256)._value (../sb/0xdc9f5b24b910addcb2e3be7ff75caf20e1fcdcf3.sol#302) is not in mixedCase
Parameter PAD.batchTransfer(address[],uint256[])._recipients (../sb/0xdc9f5b24b910addcb2e3be7ff75caf20e1fcdcf3.sol#310) is not in mixedCase
Parameter PAD.batchTransfer(address[],uint256[])._values (../sb/0xdc9f5b24b910addcb2e3be7ff75caf20e1fcdcf3.sol#310) is not in mixedCase
Reference: https://github.com/crytic/slither/wiki/Detector-Documentation#conformance-to-solidity-naming-conventions

PAD.slitherConstructorConstantVariables() (../sb/0xdc9f5b24b910addcb2e3be7ff75caf20e1fcdcf3.sol#262-328) uses literals with too many digits:
	- INITIAL_SUPPLY = 4200000000 * (10 ** uint256(decimals)) (../sb/0xdc9f5b24b910addcb2e3be7ff75caf20e1fcdcf3.sol#267)
Reference: https://github.com/crytic/slither/wiki/Detector-Documentation#too-many-digits

batchTransfer(address[],uint256[]) should be declared external:
	- PAD.batchTransfer(address[],uint256[]) (../sb/0xdc9f5b24b910addcb2e3be7ff75caf20e1fcdcf3.sol#310-326)
Reference: https://github.com/crytic/slither/wiki/Detector-Documentation#public-function-that-could-be-declared-external
/sb/0xdc9f5b24b910addcb2e3be7ff75caf20e1fcdcf3.sol analyzed (7 contracts with 100 detectors), 21 result(s) found
