'solc --version' running
'solc /sb/0x25a4289eeba56c9fc1ec5376c83ecc7f930ed071.sol --combined-json abi,ast,bin,bin-runtime,srcmap,srcmap-runtime,userdoc,devdoc,hashes,compact-format --allow-paths .,/sb' running
Compilation warnings/errors on /sb/0x25a4289eeba56c9fc1ec5376c83ecc7f930ed071.sol:
/sb/0x25a4289eeba56c9fc1ec5376c83ecc7f930ed071.sol:24:5: Warning: Defining constructors as functions with the same name as the contract is deprecated. Use "constructor(...) { ... }" instead.
    function owned() {
    ^ (Relevant source part starts here and spans across multiple lines).
/sb/0x25a4289eeba56c9fc1ec5376c83ecc7f930ed071.sol:113:3: Warning: Defining constructors as functions with the same name as the contract is deprecated. Use "constructor(...) { ... }" instead.
  function BetstreakICO() onlyOwner {
  ^ (Relevant source part starts here and spans across multiple lines).
/sb/0x25a4289eeba56c9fc1ec5376c83ecc7f930ed071.sol:113:27: Warning: Modifier-style base constructor call without arguments.
  function BetstreakICO() onlyOwner {
                          ^-------^
/sb/0x25a4289eeba56c9fc1ec5376c83ecc7f930ed071.sol:248:7: Warning: Invoking events without "emit" prefix is deprecated.
      Transfer(this, msg.sender, msg.value);
      ^-----------------------------------^
/sb/0x25a4289eeba56c9fc1ec5376c83ecc7f930ed071.sol:249:7: Warning: Invoking events without "emit" prefix is deprecated.
      Buy(msg.sender, msg.value, rewardTransferAmount);
      ^----------------------------------------------^
/sb/0x25a4289eeba56c9fc1ec5376c83ecc7f930ed071.sol:327:7: Warning: Invoking events without "emit" prefix is deprecated.
      Burn(msg.sender, ethRefund);
      ^-------------------------^
/sb/0x25a4289eeba56c9fc1ec5376c83ecc7f930ed071.sol:331:7: Warning: Invoking events without "emit" prefix is deprecated.
      Refund(msg.sender, ethRefund);
      ^---------------------------^
/sb/0x25a4289eeba56c9fc1ec5376c83ecc7f930ed071.sol:24:5: Warning: No visibility specified. Defaulting to "public". 
    function owned() {
    ^ (Relevant source part starts here and spans across multiple lines).
/sb/0x25a4289eeba56c9fc1ec5376c83ecc7f930ed071.sol:32:5: Warning: No visibility specified. Defaulting to "public". 
    function transferOwnership(address newOwner) onlyOwner {
    ^ (Relevant source part starts here and spans across multiple lines).
/sb/0x25a4289eeba56c9fc1ec5376c83ecc7f930ed071.sol:68:3: Warning: No visibility specified. Defaulting to "public". 
  function balanceOf(address who) constant returns (uint256);
  ^---------------------------------------------------------^
/sb/0x25a4289eeba56c9fc1ec5376c83ecc7f930ed071.sol:69:3: Warning: No visibility specified. Defaulting to "public". 
  function transfer(address to, uint256 value) returns (bool);
  ^----------------------------------------------------------^
/sb/0x25a4289eeba56c9fc1ec5376c83ecc7f930ed071.sol:113:3: Warning: No visibility specified. Defaulting to "public". 
  function BetstreakICO() onlyOwner {
  ^ (Relevant source part starts here and spans across multiple lines).
/sb/0x25a4289eeba56c9fc1ec5376c83ecc7f930ed071.sol:119:3: Warning: No visibility specified. Defaulting to "public". 
  function initialBSTSupply() constant returns (uint256 tokenTotalSupply) {
  ^ (Relevant source part starts here and spans across multiple lines).
/sb/0x25a4289eeba56c9fc1ec5376c83ecc7f930ed071.sol:124:3: Warning: No visibility specified. Defaulting to "public". 
  function remainingSupply() constant returns (uint256 tokensLeft) {
  ^ (Relevant source part starts here and spans across multiple lines).
/sb/0x25a4289eeba56c9fc1ec5376c83ecc7f930ed071.sol:129:3: Warning: No visibility specified. Defaulting to "public". 
  function SetupCrowdsale(uint256 _fundingStartBlock, uint256 _fundingEndBlock) onlyOwner returns (bytes32 response) {
  ^ (Relevant source part starts here and spans across multiple lines).
/sb/0x25a4289eeba56c9fc1ec5376c83ecc7f930ed071.sol:181:5: Warning: No visibility specified. Defaulting to "public". 
    function setPrice() {
    ^ (Relevant source part starts here and spans across multiple lines).
/sb/0x25a4289eeba56c9fc1ec5376c83ecc7f930ed071.sol:218:5: Warning: No visibility specified. Defaulting to "public". 
    function () payable {
    ^ (Relevant source part starts here and spans across multiple lines).
/sb/0x25a4289eeba56c9fc1ec5376c83ecc7f930ed071.sol:223:5: Warning: No visibility specified. Defaulting to "public". 
    function BuyBSTtokens() payable {
    ^ (Relevant source part starts here and spans across multiple lines).
/sb/0x25a4289eeba56c9fc1ec5376c83ecc7f930ed071.sol:253:5: Warning: No visibility specified. Defaulting to "public". 
    function beneficiaryMultiSigWithdraw(uint256 _amount) onlyOwner {
    ^ (Relevant source part starts here and spans across multiple lines).
/sb/0x25a4289eeba56c9fc1ec5376c83ecc7f930ed071.sol:258:5: Warning: No visibility specified. Defaulting to "public". 
    function checkGoalReached() onlyOwner returns (bytes32 response) {
    ^ (Relevant source part starts here and spans across multiple lines).
/sb/0x25a4289eeba56c9fc1ec5376c83ecc7f930ed071.sol:312:5: Warning: No visibility specified. Defaulting to "public". 
    function refund() { 
    ^ (Relevant source part starts here and spans across multiple lines).
/sb/0x25a4289eeba56c9fc1ec5376c83ecc7f930ed071.sol:62:3: Warning: Function state mutability can be restricted to pure
  function safeAssert(bool assertion) internal {
  ^ (Relevant source part starts here and spans across multiple lines).
/sb/0x25a4289eeba56c9fc1ec5376c83ecc7f930ed071.sol:120:26: Warning: Function declared as view, but this expression (potentially) modifies the state and thus requires non-payable (the default) or payable.
      tokenTotalSupply = safeDiv(initialSupply,100); 
                         ^------------------------^


BetstreakICO.BuyBSTtokens() (../sb/0x25a4289eeba56c9fc1ec5376c83ecc7f930ed071.sol#223-250) ignores return value by tokenReward.transfer(msg.sender,rewardTransferAmount) (../sb/0x25a4289eeba56c9fc1ec5376c83ecc7f930ed071.sol#244)
Reference: https://github.com/crytic/slither/wiki/Detector-Documentation#unchecked-transfer

safeMath.safeDiv(uint256,uint256) (../sb/0x25a4289eeba56c9fc1ec5376c83ecc7f930ed071.sol#44-49) performs a multiplication on the result of a division:
	- c = a / b (../sb/0x25a4289eeba56c9fc1ec5376c83ecc7f930ed071.sol#46)
	- safeAssert(a == b * c + a % b) (../sb/0x25a4289eeba56c9fc1ec5376c83ecc7f930ed071.sol#47)
Reference: https://github.com/crytic/slither/wiki/Detector-Documentation#divide-before-multiply

owned.transferOwnership(address) (../sb/0x25a4289eeba56c9fc1ec5376c83ecc7f930ed071.sol#32-34) should emit an event for: 
	- owner = newOwner (../sb/0x25a4289eeba56c9fc1ec5376c83ecc7f930ed071.sol#33) 
Reference: https://github.com/crytic/slither/wiki/Detector-Documentation#missing-events-access-control

BetstreakICO.SetupCrowdsale(uint256,uint256) (../sb/0x25a4289eeba56c9fc1ec5376c83ecc7f930ed071.sol#129-178) should emit an event for: 
	- fundingStartBlock = _fundingStartBlock (../sb/0x25a4289eeba56c9fc1ec5376c83ecc7f930ed071.sol#160) 
	- fundingEndBlock = _fundingEndBlock (../sb/0x25a4289eeba56c9fc1ec5376c83ecc7f930ed071.sol#161) 
Reference: https://github.com/crytic/slither/wiki/Detector-Documentation#missing-events-arithmetic

owned.transferOwnership(address).newOwner (../sb/0x25a4289eeba56c9fc1ec5376c83ecc7f930ed071.sol#32) lacks a zero-check on :
		- owner = newOwner (../sb/0x25a4289eeba56c9fc1ec5376c83ecc7f930ed071.sol#33)
Reference: https://github.com/crytic/slither/wiki/Detector-Documentation#missing-zero-address-validation

Reentrancy in BetstreakICO.BuyBSTtokens() (../sb/0x25a4289eeba56c9fc1ec5376c83ecc7f930ed071.sol#223-250):
	External calls:
	- tokenReward.transfer(msg.sender,rewardTransferAmount) (../sb/0x25a4289eeba56c9fc1ec5376c83ecc7f930ed071.sol#244)
	State variables written after the call(s):
	- fundValue[msg.sender] = safeAdd(fundValue[msg.sender],msg.value) (../sb/0x25a4289eeba56c9fc1ec5376c83ecc7f930ed071.sol#247)
Reference: https://github.com/crytic/slither/wiki/Detector-Documentation#reentrancy-vulnerabilities-2

Reentrancy in BetstreakICO.BuyBSTtokens() (../sb/0x25a4289eeba56c9fc1ec5376c83ecc7f930ed071.sol#223-250):
	External calls:
	- tokenReward.transfer(msg.sender,rewardTransferAmount) (../sb/0x25a4289eeba56c9fc1ec5376c83ecc7f930ed071.sol#244)
	Event emitted after the call(s):
	- Buy(msg.sender,msg.value,rewardTransferAmount) (../sb/0x25a4289eeba56c9fc1ec5376c83ecc7f930ed071.sol#249)
	- Transfer(this,msg.sender,msg.value) (../sb/0x25a4289eeba56c9fc1ec5376c83ecc7f930ed071.sol#248)
Reference: https://github.com/crytic/slither/wiki/Detector-Documentation#reentrancy-vulnerabilities-3

BetstreakICO.admin (../sb/0x25a4289eeba56c9fc1ec5376c83ecc7f930ed071.sol#76) is set pre-construction with a non-constant function or state variable:
	- owner
Reference: https://github.com/crytic/slither/wiki/Detector-Documentation#function-initializing-state

Version constraint ^0.4.11 contains known severe issues (https://solidity.readthedocs.io/en/latest/bugs.html)
	- DirtyBytesArrayToStorage
	- KeccakCaching
	- EmptyByteArrayCopy
	- DynamicArrayCleanup
	- ImplicitConstructorCallvalueCheck
	- TupleAssignmentMultiStackSlotComponents
	- MemoryArrayCreationOverflow
	- privateCanBeOverridden
	- SignedArrayStorageCopy
	- UninitializedFunctionPointerInConstructor_0.4.x
	- IncorrectEventSignatureInLibraries_0.4.x
	- ExpExponentCleanup
	- NestedArrayFunctionCallDecoder
	- ZeroFunctionSelector
	- DelegateCallReturnValue
	- ECRecoverMalformedInput
	- SkipEmptyStringLiteral.
It is used by:
	- ^0.4.11 (../sb/0x25a4289eeba56c9fc1ec5376c83ecc7f930ed071.sol#1)
solc-0.4.26 is an outdated solc version. Use a more recent version (at least 0.8.0), if possible.
Reference: https://github.com/crytic/slither/wiki/Detector-Documentation#incorrect-versions-of-solidity

Contract owned (../sb/0x25a4289eeba56c9fc1ec5376c83ecc7f930ed071.sol#20-35) is not in CapWords
Contract safeMath (../sb/0x25a4289eeba56c9fc1ec5376c83ecc7f930ed071.sol#37-65) is not in CapWords
Function BetstreakICO.SetupCrowdsale(uint256,uint256) (../sb/0x25a4289eeba56c9fc1ec5376c83ecc7f930ed071.sol#129-178) is not in mixedCase
Parameter BetstreakICO.SetupCrowdsale(uint256,uint256)._fundingStartBlock (../sb/0x25a4289eeba56c9fc1ec5376c83ecc7f930ed071.sol#129) is not in mixedCase
Parameter BetstreakICO.SetupCrowdsale(uint256,uint256)._fundingEndBlock (../sb/0x25a4289eeba56c9fc1ec5376c83ecc7f930ed071.sol#129) is not in mixedCase
Function BetstreakICO.BuyBSTtokens() (../sb/0x25a4289eeba56c9fc1ec5376c83ecc7f930ed071.sol#223-250) is not in mixedCase
Parameter BetstreakICO.beneficiaryMultiSigWithdraw(uint256)._amount (../sb/0x25a4289eeba56c9fc1ec5376c83ecc7f930ed071.sol#253) is not in mixedCase
Variable BetstreakICO.CurrentStatus (../sb/0x25a4289eeba56c9fc1ec5376c83ecc7f930ed071.sol#97) is not in mixedCase
Reference: https://github.com/crytic/slither/wiki/Detector-Documentation#conformance-to-solidity-naming-conventions

Reentrancy in BetstreakICO.refund() (../sb/0x25a4289eeba56c9fc1ec5376c83ecc7f930ed071.sol#312-332):
	External calls:
	- msg.sender.transfer(ethRefund) (../sb/0x25a4289eeba56c9fc1ec5376c83ecc7f930ed071.sol#330)
	Event emitted after the call(s):
	- Refund(msg.sender,ethRefund) (../sb/0x25a4289eeba56c9fc1ec5376c83ecc7f930ed071.sol#331)
Reference: https://github.com/crytic/slither/wiki/Detector-Documentation#reentrancy-vulnerabilities-4

BetstreakICO.SetupCrowdsale(uint256,uint256) (../sb/0x25a4289eeba56c9fc1ec5376c83ecc7f930ed071.sol#129-178) uses literals with too many digits:
	- fundingMinCapInWei = 1000000000000000000000 (../sb/0x25a4289eeba56c9fc1ec5376c83ecc7f930ed071.sol#147)
BetstreakICO.SetupCrowdsale(uint256,uint256) (../sb/0x25a4289eeba56c9fc1ec5376c83ecc7f930ed071.sol#129-178) uses literals with too many digits:
	- initialSupply = 20000000000 (../sb/0x25a4289eeba56c9fc1ec5376c83ecc7f930ed071.sol#154)
BetstreakICO.BuyBSTtokens() (../sb/0x25a4289eeba56c9fc1ec5376c83ecc7f930ed071.sol#223-250) uses literals with too many digits:
	- rewardTransferAmount = safeDiv(safeMul(msg.value,tokensPerEthPrice),10000000000000000) (../sb/0x25a4289eeba56c9fc1ec5376c83ecc7f930ed071.sol#239)
Reference: https://github.com/crytic/slither/wiki/Detector-Documentation#too-many-digits

StandardToken (../sb/0x25a4289eeba56c9fc1ec5376c83ecc7f930ed071.sol#67-71) does not implement functions:
	- StandardToken.balanceOf(address) (../sb/0x25a4289eeba56c9fc1ec5376c83ecc7f930ed071.sol#68)
	- StandardToken.transfer(address,uint256) (../sb/0x25a4289eeba56c9fc1ec5376c83ecc7f930ed071.sol#69)
Reference: https://github.com/crytic/slither/wiki/Detector-Documentation#unimplemented-functions
/sb/0x25a4289eeba56c9fc1ec5376c83ecc7f930ed071.sol analyzed (4 contracts with 100 detectors), 23 result(s) found
