A new version of Solhint is available: 6.0.1
Please consider updating your Solhint package.
/sb/0x9053d234a1ff2290f087a1ca9460e3263121e580.sol:1:1: Found more than One contract per file. 4 contracts found! [Warning/one-contract-per-file]
/sb/0x9053d234a1ff2290f087a1ca9460e3263121e580.sol:1:1: Compiler version ^0.4.4 does not satisfy the ^0.8.24 semver requirement [Error/compiler-version]
/sb/0x9053d234a1ff2290f087a1ca9460e3263121e580.sol:5:1: Missing @author tag in contract 'Owned' [Warning/use-natspec]
/sb/0x9053d234a1ff2290f087a1ca9460e3263121e580.sol:5:1: Missing @notice tag in contract 'Owned' [Warning/use-natspec]
/sb/0x9053d234a1ff2290f087a1ca9460e3263121e580.sol:9:5: Missing @notice tag in variable 'owner' [Warning/use-natspec]
/sb/0x9053d234a1ff2290f087a1ca9460e3263121e580.sol:14:5: Missing @notice tag in function 'Owned' [Warning/use-natspec]
/sb/0x9053d234a1ff2290f087a1ca9460e3263121e580.sol:14:5: Constructors should use the new constructor keyword. [Warning/constructor-syntax]
/sb/0x9053d234a1ff2290f087a1ca9460e3263121e580.sol:14:5: Explicitly mark visibility in function (Set ignoreConstructors to true if using solidity >=0.7.0) [Warning/func-visibility]
/sb/0x9053d234a1ff2290f087a1ca9460e3263121e580.sol:20:5: Missing @notice tag in function 'delegate' [Warning/use-natspec]
/sb/0x9053d234a1ff2290f087a1ca9460e3263121e580.sol:20:5: Explicitly mark visibility in function [Warning/func-visibility]
/sb/0x9053d234a1ff2290f087a1ca9460e3263121e580.sol:26:51: "throw" is deprecated, avoid to use it [Warning/avoid-throw]
/sb/0x9053d234a1ff2290f087a1ca9460e3263121e580.sol:33:1: Missing @author tag in contract 'Mortal' [Warning/use-natspec]
/sb/0x9053d234a1ff2290f087a1ca9460e3263121e580.sol:33:1: Missing @notice tag in contract 'Mortal' [Warning/use-natspec]
/sb/0x9053d234a1ff2290f087a1ca9460e3263121e580.sol:38:5: Explicitly mark visibility in function [Warning/func-visibility]
/sb/0x9053d234a1ff2290f087a1ca9460e3263121e580.sol:39:7: Use "selfdestruct" instead of deprecated "suicide" [Warning/avoid-suicide]
/sb/0x9053d234a1ff2290f087a1ca9460e3263121e580.sol:43:1: Missing @title tag in contract 'Comission' [Warning/use-natspec]
/sb/0x9053d234a1ff2290f087a1ca9460e3263121e580.sol:43:1: Missing @author tag in contract 'Comission' [Warning/use-natspec]
/sb/0x9053d234a1ff2290f087a1ca9460e3263121e580.sol:43:1: Missing @notice tag in contract 'Comission' [Warning/use-natspec]
/sb/0x9053d234a1ff2290f087a1ca9460e3263121e580.sol:44:5: Missing @notice tag in variable 'ledger' [Warning/use-natspec]
/sb/0x9053d234a1ff2290f087a1ca9460e3263121e580.sol:45:5: Missing @notice tag in variable 'taxman' [Warning/use-natspec]
/sb/0x9053d234a1ff2290f087a1ca9460e3263121e580.sol:46:5: Rule is set with explicit type [var/s: uint] [Warning/explicit-types]
/sb/0x9053d234a1ff2290f087a1ca9460e3263121e580.sol:46:5: Missing @notice tag in variable 'taxPerc' [Warning/use-natspec]
/sb/0x9053d234a1ff2290f087a1ca9460e3263121e580.sol:54:5: Missing @notice tag in function 'Comission' [Warning/use-natspec]
/sb/0x9053d234a1ff2290f087a1ca9460e3263121e580.sol:54:5: Constructors should use the new constructor keyword. [Warning/constructor-syntax]
/sb/0x9053d234a1ff2290f087a1ca9460e3263121e580.sol:54:5: Explicitly mark visibility in function (Set ignoreConstructors to true if using solidity >=0.7.0) [Warning/func-visibility]
/sb/0x9053d234a1ff2290f087a1ca9460e3263121e580.sol:54:58: Rule is set with explicit type [var/s: uint] [Warning/explicit-types]
/sb/0x9053d234a1ff2290f087a1ca9460e3263121e580.sol:64:5: Missing @notice tag in function 'process' [Warning/use-natspec]
/sb/0x9053d234a1ff2290f087a1ca9460e3263121e580.sol:64:5: Missing @return tag in function 'process' [Warning/use-natspec]
/sb/0x9053d234a1ff2290f087a1ca9460e3263121e580.sol:64:5: Mismatch in @return count for function 'process'. Expected: 1, Found: 0 [Warning/use-natspec]
/sb/0x9053d234a1ff2290f087a1ca9460e3263121e580.sol:64:5: Explicitly mark visibility in function [Warning/func-visibility]
/sb/0x9053d234a1ff2290f087a1ca9460e3263121e580.sol:66:30: "throw" is deprecated, avoid to use it [Warning/avoid-throw]
/sb/0x9053d234a1ff2290f087a1ca9460e3263121e580.sol:69:29: Use "keccak256" instead of deprecated "sha3" [Warning/avoid-sha3]
/sb/0x9053d234a1ff2290f087a1ca9460e3263121e580.sol:70:15: Avoid to use low level calls. [Warning/avoid-low-level-calls]
/sb/0x9053d234a1ff2290f087a1ca9460e3263121e580.sol:70:15: Avoid to use ".call.value()()" [Warning/avoid-call-value]
/sb/0x9053d234a1ff2290f087a1ca9460e3263121e580.sol:71:15: Avoid to use low level calls. [Warning/avoid-low-level-calls]
/sb/0x9053d234a1ff2290f087a1ca9460e3263121e580.sol:71:15: Avoid to use ".call.value()()" [Warning/avoid-call-value]
/sb/0x9053d234a1ff2290f087a1ca9460e3263121e580.sol:72:14: "throw" is deprecated, avoid to use it [Warning/avoid-throw]
/sb/0x9053d234a1ff2290f087a1ca9460e3263121e580.sol:77:1: Missing @title tag in contract 'CreatorComission' [Warning/use-natspec]
/sb/0x9053d234a1ff2290f087a1ca9460e3263121e580.sol:77:1: Missing @author tag in contract 'CreatorComission' [Warning/use-natspec]
/sb/0x9053d234a1ff2290f087a1ca9460e3263121e580.sol:77:1: Missing @notice tag in contract 'CreatorComission' [Warning/use-natspec]
/sb/0x9053d234a1ff2290f087a1ca9460e3263121e580.sol:78:5: Missing @notice tag in function 'create' [Warning/use-natspec]
/sb/0x9053d234a1ff2290f087a1ca9460e3263121e580.sol:78:5: Missing @param tag in function 'create' [Warning/use-natspec]
/sb/0x9053d234a1ff2290f087a1ca9460e3263121e580.sol:78:5: Mismatch in @param names for function 'create'. Expected: [_ledger, _taxman, _taxPerc], Found: [] [Warning/use-natspec]
/sb/0x9053d234a1ff2290f087a1ca9460e3263121e580.sol:78:5: Missing @return tag in function 'create' [Warning/use-natspec]
/sb/0x9053d234a1ff2290f087a1ca9460e3263121e580.sol:78:5: Mismatch in @return count for function 'create'. Expected: 1, Found: 0 [Warning/use-natspec]
/sb/0x9053d234a1ff2290f087a1ca9460e3263121e580.sol:78:5: Explicitly mark visibility in function [Warning/func-visibility]
/sb/0x9053d234a1ff2290f087a1ca9460e3263121e580.sol:81:5: Missing @notice tag in function 'version' [Warning/use-natspec]
/sb/0x9053d234a1ff2290f087a1ca9460e3263121e580.sol:81:5: Missing @return tag in function 'version' [Warning/use-natspec]
/sb/0x9053d234a1ff2290f087a1ca9460e3263121e580.sol:81:5: Mismatch in @return count for function 'version'. Expected: 1, Found: 0 [Warning/use-natspec]
/sb/0x9053d234a1ff2290f087a1ca9460e3263121e580.sol:81:5: Explicitly mark visibility in function [Warning/func-visibility]
/sb/0x9053d234a1ff2290f087a1ca9460e3263121e580.sol:84:5: Missing @notice tag in function 'abi' [Warning/use-natspec]
/sb/0x9053d234a1ff2290f087a1ca9460e3263121e580.sol:84:5: Missing @return tag in function 'abi' [Warning/use-natspec]
/sb/0x9053d234a1ff2290f087a1ca9460e3263121e580.sol:84:5: Mismatch in @return count for function 'abi'. Expected: 1, Found: 0 [Warning/use-natspec]
/sb/0x9053d234a1ff2290f087a1ca9460e3263121e580.sol:84:5: Explicitly mark visibility in function [Warning/func-visibility]
/sb/0x9053d234a1ff2290f087a1ca9460e3263121e580.sol:85:14: Use double quotes for string literals [Error/quotes]

55 problem/s (2 error/s, 53 warning/s)
