'solc --version' running
'solc /sb/0x66145ee134cd72f7f51996019c4cbaee22e09abd.sol --combined-json abi,ast,bin,bin-runtime,srcmap,srcmap-runtime,userdoc,devdoc,hashes,compact-format --allow-paths .,/sb' running
Compilation warnings/errors on /sb/0x66145ee134cd72f7f51996019c4cbaee22e09abd.sol:
/sb/0x66145ee134cd72f7f51996019c4cbaee22e09abd.sol:23:5: Warning: Defining constructors as functions with the same name as the contract is deprecated. Use "constructor(...) { ... }" instead.
    function SBGCrowdsale() public {
    ^ (Relevant source part starts here and spans across multiple lines).
/sb/0x66145ee134cd72f7f51996019c4cbaee22e09abd.sol:70:9: Warning: Invoking events without "emit" prefix is deprecated.
        FundTransfer(msg.sender, amount, true);
        ^------------------------------------^


Token (../sb/0x66145ee134cd72f7f51996019c4cbaee22e09abd.sol#3-5) has incorrect ERC20 function interface:Token.transfer(address,uint256) (../sb/0x66145ee134cd72f7f51996019c4cbaee22e09abd.sol#4)
Reference: https://github.com/crytic/slither/wiki/Detector-Documentation#incorrect-erc20-interface

SBGCrowdsale.setCreator(address) (../sb/0x66145ee134cd72f7f51996019c4cbaee22e09abd.sol#36-38) should emit an event for: 
	- creator = _creator (../sb/0x66145ee134cd72f7f51996019c4cbaee22e09abd.sol#37) 
Reference: https://github.com/crytic/slither/wiki/Detector-Documentation#missing-events-access-control

SBGCrowdsale.setStartDate(uint256) (../sb/0x66145ee134cd72f7f51996019c4cbaee22e09abd.sol#40-42) should emit an event for: 
	- startDate = _startDate (../sb/0x66145ee134cd72f7f51996019c4cbaee22e09abd.sol#41) 
SBGCrowdsale.setEndtDate(uint256) (../sb/0x66145ee134cd72f7f51996019c4cbaee22e09abd.sol#44-46) should emit an event for: 
	- endDate = _endDate (../sb/0x66145ee134cd72f7f51996019c4cbaee22e09abd.sol#45) 
SBGCrowdsale.setPrice(uint256) (../sb/0x66145ee134cd72f7f51996019c4cbaee22e09abd.sol#48-50) should emit an event for: 
	- price = _price (../sb/0x66145ee134cd72f7f51996019c4cbaee22e09abd.sol#49) 
Reference: https://github.com/crytic/slither/wiki/Detector-Documentation#missing-events-arithmetic

SBGCrowdsale.setOwner(address)._owner (../sb/0x66145ee134cd72f7f51996019c4cbaee22e09abd.sol#32) lacks a zero-check on :
		- owner = _owner (../sb/0x66145ee134cd72f7f51996019c4cbaee22e09abd.sol#33)
SBGCrowdsale.setCreator(address)._creator (../sb/0x66145ee134cd72f7f51996019c4cbaee22e09abd.sol#36) lacks a zero-check on :
		- creator = _creator (../sb/0x66145ee134cd72f7f51996019c4cbaee22e09abd.sol#37)
Reference: https://github.com/crytic/slither/wiki/Detector-Documentation#missing-zero-address-validation

Reentrancy in SBGCrowdsale.fallback() (../sb/0x66145ee134cd72f7f51996019c4cbaee22e09abd.sol#64-72):
	External calls:
	- tokenReward.transfer(msg.sender,amount) (../sb/0x66145ee134cd72f7f51996019c4cbaee22e09abd.sol#69)
	Event emitted after the call(s):
	- FundTransfer(msg.sender,amount,true) (../sb/0x66145ee134cd72f7f51996019c4cbaee22e09abd.sol#70)
Reference: https://github.com/crytic/slither/wiki/Detector-Documentation#reentrancy-vulnerabilities-3

SBGCrowdsale.fallback() (../sb/0x66145ee134cd72f7f51996019c4cbaee22e09abd.sol#64-72) uses timestamp for comparisons
	Dangerous comparisons:
	- require(bool)(now > startDate) (../sb/0x66145ee134cd72f7f51996019c4cbaee22e09abd.sol#66)
	- require(bool)(now < endDate) (../sb/0x66145ee134cd72f7f51996019c4cbaee22e09abd.sol#67)
Reference: https://github.com/crytic/slither/wiki/Detector-Documentation#block-timestamp

Version constraint ^0.4.16 contains known severe issues (https://solidity.readthedocs.io/en/latest/bugs.html)
	- DirtyBytesArrayToStorage
	- ABIDecodeTwoDimensionalArrayMemory
	- KeccakCaching
	- EmptyByteArrayCopy
	- DynamicArrayCleanup
	- ImplicitConstructorCallvalueCheck
	- TupleAssignmentMultiStackSlotComponents
	- MemoryArrayCreationOverflow
	- privateCanBeOverridden
	- SignedArrayStorageCopy
	- ABIEncoderV2StorageArrayWithMultiSlotElement
	- DynamicConstructorArgumentsClippedABIV2
	- UninitializedFunctionPointerInConstructor_0.4.x
	- IncorrectEventSignatureInLibraries_0.4.x
	- ExpExponentCleanup
	- NestedArrayFunctionCallDecoder
	- ZeroFunctionSelector.
It is used by:
	- ^0.4.16 (../sb/0x66145ee134cd72f7f51996019c4cbaee22e09abd.sol#1)
solc-0.4.26 is an outdated solc version. Use a more recent version (at least 0.8.0), if possible.
Reference: https://github.com/crytic/slither/wiki/Detector-Documentation#incorrect-versions-of-solidity

Parameter SBGCrowdsale.setOwner(address)._owner (../sb/0x66145ee134cd72f7f51996019c4cbaee22e09abd.sol#32) is not in mixedCase
Parameter SBGCrowdsale.setCreator(address)._creator (../sb/0x66145ee134cd72f7f51996019c4cbaee22e09abd.sol#36) is not in mixedCase
Parameter SBGCrowdsale.setStartDate(uint256)._startDate (../sb/0x66145ee134cd72f7f51996019c4cbaee22e09abd.sol#40) is not in mixedCase
Parameter SBGCrowdsale.setEndtDate(uint256)._endDate (../sb/0x66145ee134cd72f7f51996019c4cbaee22e09abd.sol#44) is not in mixedCase
Parameter SBGCrowdsale.setPrice(uint256)._price (../sb/0x66145ee134cd72f7f51996019c4cbaee22e09abd.sol#48) is not in mixedCase
Parameter SBGCrowdsale.setToken(address)._token (../sb/0x66145ee134cd72f7f51996019c4cbaee22e09abd.sol#52) is not in mixedCase
Parameter SBGCrowdsale.sendToken(address,uint256)._to (../sb/0x66145ee134cd72f7f51996019c4cbaee22e09abd.sol#56) is not in mixedCase
Parameter SBGCrowdsale.sendToken(address,uint256)._value (../sb/0x66145ee134cd72f7f51996019c4cbaee22e09abd.sol#56) is not in mixedCase
Reference: https://github.com/crytic/slither/wiki/Detector-Documentation#conformance-to-solidity-naming-conventions
/sb/0x66145ee134cd72f7f51996019c4cbaee22e09abd.sol analyzed (2 contracts with 100 detectors), 19 result(s) found
