Extract contract GasManager from /sb/0x00125893df6ca0792c99601c462764ba5d80268a.sol
Extract contract owned from /sb/0x00125893df6ca0792c99601c462764ba5d80268a.sol
Extracted 2 contract(s) from /sb/0x00125893df6ca0792c99601c462764ba5d80268a.sol
[0;32m> Created "fuzzMe"[0m
[0;32m> To fuzz contracts:[0m
  chmod +x fuzzMe
  ./fuzzMe
assets/NormalAttacker.sol:5:3: Warning: No visibility specified. Defaulting to "public". 
  function() payable {
  ^ (Relevant source part starts here and spans across multiple lines).
assets/ReentrancyAttacker.sol:8:7: Warning: Return value of low-level calls not used.
      msg.sender.call(bytes4(255));
      ^--------------------------^
assets/ReentrancyAttacker.sol:5:3: Warning: No visibility specified. Defaulting to "public". 
  function() payable {
  ^ (Relevant source part starts here and spans across multiple lines).
>> Fuzz GasManager
** Write stats: 0.007892
** Write stats: 5.03514
** Write stats: 10.0084
** Write stats: 15.0166
** Write stats: 20.0641
** Write stats: 45.0224
** Write stats: 50.0695
** Write stats: 55.0738
** Write stats: 60.0297
** Write stats: 65.0988
** Write stats: 70.0257
** Write stats: 99.7432
>> Fuzz owned
** Write stats: 0.001683
** Write stats: 5.00006
** Write stats: 10.0001
** Write stats: 15.0001
** Write stats: 20.0001
** Write stats: 25.0001
** Write stats: 30.0001
** Write stats: 35.0001
** Write stats: 40.0001
** Write stats: 45.0001
** Write stats: 50.0001
** Write stats: 55.0001
** Write stats: 60.0001
** Write stats: 65.0001
** Write stats: 70.0001
** Write stats: 75.0001
** Write stats: 80.0001
** Write stats: 90.0001
** Write stats: 95.0001
** Write stats: 100
** Write stats: 105
** Write stats: 110
** Write stats: 115
** Write stats: 120
** Write stats: 120.001
