'solc --version' running
'solc /sb/0x2e2e0a28f6585e895dd646a363bae29b77b88a31.sol --combined-json abi,ast,bin,bin-runtime,srcmap,srcmap-runtime,userdoc,devdoc,hashes,compact-format --allow-paths .,/sb' running

Version constraint ^0.4.24 contains known severe issues (https://solidity.readthedocs.io/en/latest/bugs.html)
	- DirtyBytesArrayToStorage
	- ABIDecodeTwoDimensionalArrayMemory
	- KeccakCaching
	- EmptyByteArrayCopy
	- DynamicArrayCleanup
	- ImplicitConstructorCallvalueCheck
	- TupleAssignmentMultiStackSlotComponents
	- MemoryArrayCreationOverflow
	- privateCanBeOverridden
	- SignedArrayStorageCopy
	- ABIEncoderV2StorageArrayWithMultiSlotElement
	- DynamicConstructorArgumentsClippedABIV2
	- UninitializedFunctionPointerInConstructor_0.4.x
	- IncorrectEventSignatureInLibraries_0.4.x
	- ABIEncoderV2PackedStorage_0.4.x
	- ExpExponentCleanup
	- EventStructWrongData.
It is used by:
	- ^0.4.24 (../sb/0x2e2e0a28f6585e895dd646a363bae29b77b88a31.sol#1)
solc-0.4.26 is an outdated solc version. Use a more recent version (at least 0.8.0), if possible.
Reference: https://github.com/crytic/slither/wiki/Detector-Documentation#incorrect-versions-of-solidity

Parameter Ownable.transferOwnership(address)._newOwner (../sb/0x2e2e0a28f6585e895dd646a363bae29b77b88a31.sol#41) is not in mixedCase
Parameter SafeMath.sub(uint256,uint256)._a (../sb/0x2e2e0a28f6585e895dd646a363bae29b77b88a31.sol#79) is not in mixedCase
Parameter SafeMath.sub(uint256,uint256)._b (../sb/0x2e2e0a28f6585e895dd646a363bae29b77b88a31.sol#79) is not in mixedCase
Parameter SafeMath.add(uint256,uint256)._a (../sb/0x2e2e0a28f6585e895dd646a363bae29b77b88a31.sol#86) is not in mixedCase
Parameter SafeMath.add(uint256,uint256)._b (../sb/0x2e2e0a28f6585e895dd646a363bae29b77b88a31.sol#86) is not in mixedCase
Parameter VOL.balanceOf(address)._owner (../sb/0x2e2e0a28f6585e895dd646a363bae29b77b88a31.sol#121) is not in mixedCase
Parameter VOL.allowance(address,address)._owner (../sb/0x2e2e0a28f6585e895dd646a363bae29b77b88a31.sol#125) is not in mixedCase
Parameter VOL.allowance(address,address)._spender (../sb/0x2e2e0a28f6585e895dd646a363bae29b77b88a31.sol#125) is not in mixedCase
Parameter VOL.transfer(address,uint256)._to (../sb/0x2e2e0a28f6585e895dd646a363bae29b77b88a31.sol#129) is not in mixedCase
Parameter VOL.transfer(address,uint256)._value (../sb/0x2e2e0a28f6585e895dd646a363bae29b77b88a31.sol#129) is not in mixedCase
Parameter VOL.approve(address,uint256,uint256)._spender (../sb/0x2e2e0a28f6585e895dd646a363bae29b77b88a31.sol#139) is not in mixedCase
Parameter VOL.approve(address,uint256,uint256)._fromValue (../sb/0x2e2e0a28f6585e895dd646a363bae29b77b88a31.sol#139) is not in mixedCase
Parameter VOL.approve(address,uint256,uint256)._toValue (../sb/0x2e2e0a28f6585e895dd646a363bae29b77b88a31.sol#139) is not in mixedCase
Parameter VOL.transferFrom(address,address,uint256)._from (../sb/0x2e2e0a28f6585e895dd646a363bae29b77b88a31.sol#147) is not in mixedCase
Parameter VOL.transferFrom(address,address,uint256)._to (../sb/0x2e2e0a28f6585e895dd646a363bae29b77b88a31.sol#147) is not in mixedCase
Parameter VOL.transferFrom(address,address,uint256)._value (../sb/0x2e2e0a28f6585e895dd646a363bae29b77b88a31.sol#147) is not in mixedCase
Reference: https://github.com/crytic/slither/wiki/Detector-Documentation#conformance-to-solidity-naming-conventions
/sb/0x2e2e0a28f6585e895dd646a363bae29b77b88a31.sol analyzed (5 contracts with 100 detectors), 18 result(s) found
