A new version of Solhint is available: 6.0.1
Please consider updating your Solhint package.
/sb/0xe35e828b42d46d27fb4279b451db211c2002845a.sol:1:1: Found more than One contract per file. 11 contracts found! [Warning/one-contract-per-file]
/sb/0xe35e828b42d46d27fb4279b451db211c2002845a.sol:1:1: Compiler version ^0.4.13 does not satisfy the ^0.8.24 semver requirement [Error/compiler-version]
/sb/0xe35e828b42d46d27fb4279b451db211c2002845a.sol:4:1: Missing @title tag in contract 'DSAuthority' [Warning/use-natspec]
/sb/0xe35e828b42d46d27fb4279b451db211c2002845a.sol:4:1: Missing @author tag in contract 'DSAuthority' [Warning/use-natspec]
/sb/0xe35e828b42d46d27fb4279b451db211c2002845a.sol:4:1: Missing @notice tag in contract 'DSAuthority' [Warning/use-natspec]
/sb/0xe35e828b42d46d27fb4279b451db211c2002845a.sol:5:5: Missing @notice tag in function 'canCall' [Warning/use-natspec]
/sb/0xe35e828b42d46d27fb4279b451db211c2002845a.sol:5:5: Missing @param tag in function 'canCall' [Warning/use-natspec]
/sb/0xe35e828b42d46d27fb4279b451db211c2002845a.sol:5:5: Mismatch in @param names for function 'canCall'. Expected: [src, dst, sig], Found: [] [Warning/use-natspec]
/sb/0xe35e828b42d46d27fb4279b451db211c2002845a.sol:5:5: Missing @return tag in function 'canCall' [Warning/use-natspec]
/sb/0xe35e828b42d46d27fb4279b451db211c2002845a.sol:5:5: Mismatch in @return count for function 'canCall'. Expected: 1, Found: 0 [Warning/use-natspec]
/sb/0xe35e828b42d46d27fb4279b451db211c2002845a.sol:10:1: Missing @title tag in contract 'DSAuthEvents' [Warning/use-natspec]
/sb/0xe35e828b42d46d27fb4279b451db211c2002845a.sol:10:1: Missing @author tag in contract 'DSAuthEvents' [Warning/use-natspec]
/sb/0xe35e828b42d46d27fb4279b451db211c2002845a.sol:10:1: Missing @notice tag in contract 'DSAuthEvents' [Warning/use-natspec]
/sb/0xe35e828b42d46d27fb4279b451db211c2002845a.sol:11:5: Missing @notice tag in event 'LogSetAuthority' [Warning/use-natspec]
/sb/0xe35e828b42d46d27fb4279b451db211c2002845a.sol:11:5: Missing @param tag in event 'LogSetAuthority' [Warning/use-natspec]
/sb/0xe35e828b42d46d27fb4279b451db211c2002845a.sol:11:5: Mismatch in @param names for event 'LogSetAuthority'. Expected: [authority], Found: [] [Warning/use-natspec]
/sb/0xe35e828b42d46d27fb4279b451db211c2002845a.sol:12:5: Missing @notice tag in event 'LogSetOwner' [Warning/use-natspec]
/sb/0xe35e828b42d46d27fb4279b451db211c2002845a.sol:12:5: Missing @param tag in event 'LogSetOwner' [Warning/use-natspec]
/sb/0xe35e828b42d46d27fb4279b451db211c2002845a.sol:12:5: Mismatch in @param names for event 'LogSetOwner'. Expected: [owner], Found: [] [Warning/use-natspec]
/sb/0xe35e828b42d46d27fb4279b451db211c2002845a.sol:15:1: Missing @title tag in contract 'DSAuth' [Warning/use-natspec]
/sb/0xe35e828b42d46d27fb4279b451db211c2002845a.sol:15:1: Missing @author tag in contract 'DSAuth' [Warning/use-natspec]
/sb/0xe35e828b42d46d27fb4279b451db211c2002845a.sol:15:1: Missing @notice tag in contract 'DSAuth' [Warning/use-natspec]
/sb/0xe35e828b42d46d27fb4279b451db211c2002845a.sol:16:5: Missing @notice tag in variable 'authority' [Warning/use-natspec]
/sb/0xe35e828b42d46d27fb4279b451db211c2002845a.sol:17:5: Missing @notice tag in variable 'owner' [Warning/use-natspec]
/sb/0xe35e828b42d46d27fb4279b451db211c2002845a.sol:19:5: Missing @notice tag in function 'DSAuth' [Warning/use-natspec]
/sb/0xe35e828b42d46d27fb4279b451db211c2002845a.sol:24:5: Missing @notice tag in function 'setOwner' [Warning/use-natspec]
/sb/0xe35e828b42d46d27fb4279b451db211c2002845a.sol:24:5: Missing @param tag in function 'setOwner' [Warning/use-natspec]
/sb/0xe35e828b42d46d27fb4279b451db211c2002845a.sol:24:5: Mismatch in @param names for function 'setOwner'. Expected: [owner_], Found: [] [Warning/use-natspec]
/sb/0xe35e828b42d46d27fb4279b451db211c2002845a.sol:32:5: Missing @notice tag in function 'setAuthority' [Warning/use-natspec]
/sb/0xe35e828b42d46d27fb4279b451db211c2002845a.sol:32:5: Missing @param tag in function 'setAuthority' [Warning/use-natspec]
/sb/0xe35e828b42d46d27fb4279b451db211c2002845a.sol:32:5: Mismatch in @param names for function 'setAuthority'. Expected: [authority_], Found: [] [Warning/use-natspec]
/sb/0xe35e828b42d46d27fb4279b451db211c2002845a.sol:41:9: Provide an error message for require [Warning/reason-string]
/sb/0xe35e828b42d46d27fb4279b451db211c2002845a.sol:45:5: Missing @notice tag in function 'isAuthorized' [Warning/use-natspec]
/sb/0xe35e828b42d46d27fb4279b451db211c2002845a.sol:45:5: Missing @param tag in function 'isAuthorized' [Warning/use-natspec]
/sb/0xe35e828b42d46d27fb4279b451db211c2002845a.sol:45:5: Mismatch in @param names for function 'isAuthorized'. Expected: [src, sig], Found: [] [Warning/use-natspec]
/sb/0xe35e828b42d46d27fb4279b451db211c2002845a.sol:45:5: Missing @return tag in function 'isAuthorized' [Warning/use-natspec]
/sb/0xe35e828b42d46d27fb4279b451db211c2002845a.sol:45:5: Mismatch in @return count for function 'isAuthorized'. Expected: 1, Found: 0 [Warning/use-natspec]
/sb/0xe35e828b42d46d27fb4279b451db211c2002845a.sol:59:1: Missing @title tag in contract 'DSNote' [Warning/use-natspec]
/sb/0xe35e828b42d46d27fb4279b451db211c2002845a.sol:59:1: Missing @author tag in contract 'DSNote' [Warning/use-natspec]
/sb/0xe35e828b42d46d27fb4279b451db211c2002845a.sol:59:1: Missing @notice tag in contract 'DSNote' [Warning/use-natspec]
/sb/0xe35e828b42d46d27fb4279b451db211c2002845a.sol:60:5: Missing @notice tag in event 'LogNote' [Warning/use-natspec]
/sb/0xe35e828b42d46d27fb4279b451db211c2002845a.sol:60:5: Missing @param tag in event 'LogNote' [Warning/use-natspec]
/sb/0xe35e828b42d46d27fb4279b451db211c2002845a.sol:60:5: Mismatch in @param names for event 'LogNote'. Expected: [sig, guy, foo, bar, wad, fax], Found: [] [Warning/use-natspec]
/sb/0xe35e828b42d46d27fb4279b451db211c2002845a.sol:65:9: Rule is set with explicit type [var/s: uint] [Warning/explicit-types]
/sb/0xe35e828b42d46d27fb4279b451db211c2002845a.sol:73:9: Avoid to use inline assembly. It is acceptable only in rare cases [Warning/no-inline-assembly]
/sb/0xe35e828b42d46d27fb4279b451db211c2002845a.sol:85:1: Missing @title tag in contract 'DSStop' [Warning/use-natspec]
/sb/0xe35e828b42d46d27fb4279b451db211c2002845a.sol:85:1: Missing @author tag in contract 'DSStop' [Warning/use-natspec]
/sb/0xe35e828b42d46d27fb4279b451db211c2002845a.sol:85:1: Missing @notice tag in contract 'DSStop' [Warning/use-natspec]
/sb/0xe35e828b42d46d27fb4279b451db211c2002845a.sol:87:5: Missing @notice tag in variable 'stopped' [Warning/use-natspec]
/sb/0xe35e828b42d46d27fb4279b451db211c2002845a.sol:90:9: Provide an error message for require [Warning/reason-string]
/sb/0xe35e828b42d46d27fb4279b451db211c2002845a.sol:93:5: Missing @notice tag in function 'stop' [Warning/use-natspec]
/sb/0xe35e828b42d46d27fb4279b451db211c2002845a.sol:96:5: Missing @notice tag in function 'start' [Warning/use-natspec]
/sb/0xe35e828b42d46d27fb4279b451db211c2002845a.sol:103:1: Missing @title tag in contract 'ERC20Events' [Warning/use-natspec]
/sb/0xe35e828b42d46d27fb4279b451db211c2002845a.sol:103:1: Missing @author tag in contract 'ERC20Events' [Warning/use-natspec]
/sb/0xe35e828b42d46d27fb4279b451db211c2002845a.sol:103:1: Missing @notice tag in contract 'ERC20Events' [Warning/use-natspec]
/sb/0xe35e828b42d46d27fb4279b451db211c2002845a.sol:104:5: Missing @notice tag in event 'Approval' [Warning/use-natspec]
/sb/0xe35e828b42d46d27fb4279b451db211c2002845a.sol:104:5: Missing @param tag in event 'Approval' [Warning/use-natspec]
/sb/0xe35e828b42d46d27fb4279b451db211c2002845a.sol:104:5: Mismatch in @param names for event 'Approval'. Expected: [src, guy, wad], Found: [] [Warning/use-natspec]
/sb/0xe35e828b42d46d27fb4279b451db211c2002845a.sol:104:5: GC: [wad] on Event [Approval] could be Indexed [Warning/gas-indexed-events]
/sb/0xe35e828b42d46d27fb4279b451db211c2002845a.sol:104:62: Rule is set with explicit type [var/s: uint] [Warning/explicit-types]
/sb/0xe35e828b42d46d27fb4279b451db211c2002845a.sol:105:5: Missing @notice tag in event 'Transfer' [Warning/use-natspec]
/sb/0xe35e828b42d46d27fb4279b451db211c2002845a.sol:105:5: Missing @param tag in event 'Transfer' [Warning/use-natspec]
/sb/0xe35e828b42d46d27fb4279b451db211c2002845a.sol:105:5: Mismatch in @param names for event 'Transfer'. Expected: [src, dst, wad], Found: [] [Warning/use-natspec]
/sb/0xe35e828b42d46d27fb4279b451db211c2002845a.sol:105:5: GC: [wad] on Event [Transfer] could be Indexed [Warning/gas-indexed-events]
/sb/0xe35e828b42d46d27fb4279b451db211c2002845a.sol:105:62: Rule is set with explicit type [var/s: uint] [Warning/explicit-types]
/sb/0xe35e828b42d46d27fb4279b451db211c2002845a.sol:108:1: Missing @title tag in contract 'ERC20' [Warning/use-natspec]
/sb/0xe35e828b42d46d27fb4279b451db211c2002845a.sol:108:1: Missing @author tag in contract 'ERC20' [Warning/use-natspec]
/sb/0xe35e828b42d46d27fb4279b451db211c2002845a.sol:108:1: Missing @notice tag in contract 'ERC20' [Warning/use-natspec]
/sb/0xe35e828b42d46d27fb4279b451db211c2002845a.sol:109:5: Missing @notice tag in function 'totalSupply' [Warning/use-natspec]
/sb/0xe35e828b42d46d27fb4279b451db211c2002845a.sol:109:5: Missing @return tag in function 'totalSupply' [Warning/use-natspec]
/sb/0xe35e828b42d46d27fb4279b451db211c2002845a.sol:109:5: Mismatch in @return count for function 'totalSupply'. Expected: 1, Found: 0 [Warning/use-natspec]
/sb/0xe35e828b42d46d27fb4279b451db211c2002845a.sol:109:49: Rule is set with explicit type [var/s: uint] [Warning/explicit-types]
/sb/0xe35e828b42d46d27fb4279b451db211c2002845a.sol:110:5: Missing @notice tag in function 'balanceOf' [Warning/use-natspec]
/sb/0xe35e828b42d46d27fb4279b451db211c2002845a.sol:110:5: Missing @param tag in function 'balanceOf' [Warning/use-natspec]
/sb/0xe35e828b42d46d27fb4279b451db211c2002845a.sol:110:5: Mismatch in @param names for function 'balanceOf'. Expected: [guy], Found: [] [Warning/use-natspec]
/sb/0xe35e828b42d46d27fb4279b451db211c2002845a.sol:110:5: Missing @return tag in function 'balanceOf' [Warning/use-natspec]
/sb/0xe35e828b42d46d27fb4279b451db211c2002845a.sol:110:5: Mismatch in @return count for function 'balanceOf'. Expected: 1, Found: 0 [Warning/use-natspec]
/sb/0xe35e828b42d46d27fb4279b451db211c2002845a.sol:110:58: Rule is set with explicit type [var/s: uint] [Warning/explicit-types]
/sb/0xe35e828b42d46d27fb4279b451db211c2002845a.sol:111:5: Missing @notice tag in function 'allowance' [Warning/use-natspec]
/sb/0xe35e828b42d46d27fb4279b451db211c2002845a.sol:111:5: Missing @param tag in function 'allowance' [Warning/use-natspec]
/sb/0xe35e828b42d46d27fb4279b451db211c2002845a.sol:111:5: Mismatch in @param names for function 'allowance'. Expected: [src, guy], Found: [] [Warning/use-natspec]
/sb/0xe35e828b42d46d27fb4279b451db211c2002845a.sol:111:5: Missing @return tag in function 'allowance' [Warning/use-natspec]
/sb/0xe35e828b42d46d27fb4279b451db211c2002845a.sol:111:5: Mismatch in @return count for function 'allowance'. Expected: 1, Found: 0 [Warning/use-natspec]
/sb/0xe35e828b42d46d27fb4279b451db211c2002845a.sol:111:71: Rule is set with explicit type [var/s: uint] [Warning/explicit-types]
/sb/0xe35e828b42d46d27fb4279b451db211c2002845a.sol:113:5: Missing @notice tag in function 'approve' [Warning/use-natspec]
/sb/0xe35e828b42d46d27fb4279b451db211c2002845a.sol:113:5: Missing @param tag in function 'approve' [Warning/use-natspec]
/sb/0xe35e828b42d46d27fb4279b451db211c2002845a.sol:113:5: Mismatch in @param names for function 'approve'. Expected: [guy, wad], Found: [] [Warning/use-natspec]
/sb/0xe35e828b42d46d27fb4279b451db211c2002845a.sol:113:5: Missing @return tag in function 'approve' [Warning/use-natspec]
/sb/0xe35e828b42d46d27fb4279b451db211c2002845a.sol:113:5: Mismatch in @return count for function 'approve'. Expected: 1, Found: 0 [Warning/use-natspec]
/sb/0xe35e828b42d46d27fb4279b451db211c2002845a.sol:113:35: Rule is set with explicit type [var/s: uint] [Warning/explicit-types]
/sb/0xe35e828b42d46d27fb4279b451db211c2002845a.sol:114:5: Missing @notice tag in function 'transfer' [Warning/use-natspec]
/sb/0xe35e828b42d46d27fb4279b451db211c2002845a.sol:114:5: Missing @param tag in function 'transfer' [Warning/use-natspec]
/sb/0xe35e828b42d46d27fb4279b451db211c2002845a.sol:114:5: Mismatch in @param names for function 'transfer'. Expected: [dst, wad], Found: [] [Warning/use-natspec]
/sb/0xe35e828b42d46d27fb4279b451db211c2002845a.sol:114:5: Missing @return tag in function 'transfer' [Warning/use-natspec]
/sb/0xe35e828b42d46d27fb4279b451db211c2002845a.sol:114:5: Mismatch in @return count for function 'transfer'. Expected: 1, Found: 0 [Warning/use-natspec]
/sb/0xe35e828b42d46d27fb4279b451db211c2002845a.sol:114:36: Rule is set with explicit type [var/s: uint] [Warning/explicit-types]
/sb/0xe35e828b42d46d27fb4279b451db211c2002845a.sol:115:5: Missing @notice tag in function 'transferFrom' [Warning/use-natspec]
/sb/0xe35e828b42d46d27fb4279b451db211c2002845a.sol:115:5: Missing @param tag in function 'transferFrom' [Warning/use-natspec]
/sb/0xe35e828b42d46d27fb4279b451db211c2002845a.sol:115:5: Mismatch in @param names for function 'transferFrom'. Expected: [src, dst, wad], Found: [] [Warning/use-natspec]
/sb/0xe35e828b42d46d27fb4279b451db211c2002845a.sol:115:5: Missing @return tag in function 'transferFrom' [Warning/use-natspec]
/sb/0xe35e828b42d46d27fb4279b451db211c2002845a.sol:115:5: Mismatch in @return count for function 'transferFrom'. Expected: 1, Found: 0 [Warning/use-natspec]
/sb/0xe35e828b42d46d27fb4279b451db211c2002845a.sol:116:35: Rule is set with explicit type [var/s: uint] [Warning/explicit-types]
/sb/0xe35e828b42d46d27fb4279b451db211c2002845a.sol:121:1: Missing @title tag in contract 'DSMath' [Warning/use-natspec]
/sb/0xe35e828b42d46d27fb4279b451db211c2002845a.sol:121:1: Missing @author tag in contract 'DSMath' [Warning/use-natspec]
/sb/0xe35e828b42d46d27fb4279b451db211c2002845a.sol:121:1: Missing @notice tag in contract 'DSMath' [Warning/use-natspec]
/sb/0xe35e828b42d46d27fb4279b451db211c2002845a.sol:122:5: Missing @notice tag in function 'add' [Warning/use-natspec]
/sb/0xe35e828b42d46d27fb4279b451db211c2002845a.sol:122:5: Missing @param tag in function 'add' [Warning/use-natspec]
/sb/0xe35e828b42d46d27fb4279b451db211c2002845a.sol:122:5: Mismatch in @param names for function 'add'. Expected: [x, y], Found: [] [Warning/use-natspec]
/sb/0xe35e828b42d46d27fb4279b451db211c2002845a.sol:122:5: Missing @return tag in function 'add' [Warning/use-natspec]
/sb/0xe35e828b42d46d27fb4279b451db211c2002845a.sol:122:5: Mismatch in @return names for function 'add'. Expected: [z], Found: [] [Warning/use-natspec]
/sb/0xe35e828b42d46d27fb4279b451db211c2002845a.sol:122:18: Rule is set with explicit type [var/s: uint] [Warning/explicit-types]
/sb/0xe35e828b42d46d27fb4279b451db211c2002845a.sol:122:26: Rule is set with explicit type [var/s: uint] [Warning/explicit-types]
/sb/0xe35e828b42d46d27fb4279b451db211c2002845a.sol:122:57: Rule is set with explicit type [var/s: uint] [Warning/explicit-types]
/sb/0xe35e828b42d46d27fb4279b451db211c2002845a.sol:123:9: Provide an error message for require [Warning/reason-string]
/sb/0xe35e828b42d46d27fb4279b451db211c2002845a.sol:123:17: GC: Non strict inequality found. Try converting to a strict one [Warning/gas-strict-inequalities]
/sb/0xe35e828b42d46d27fb4279b451db211c2002845a.sol:125:5: Missing @notice tag in function 'sub' [Warning/use-natspec]
/sb/0xe35e828b42d46d27fb4279b451db211c2002845a.sol:125:5: Missing @param tag in function 'sub' [Warning/use-natspec]
/sb/0xe35e828b42d46d27fb4279b451db211c2002845a.sol:125:5: Mismatch in @param names for function 'sub'. Expected: [x, y], Found: [] [Warning/use-natspec]
/sb/0xe35e828b42d46d27fb4279b451db211c2002845a.sol:125:5: Missing @return tag in function 'sub' [Warning/use-natspec]
/sb/0xe35e828b42d46d27fb4279b451db211c2002845a.sol:125:5: Mismatch in @return names for function 'sub'. Expected: [z], Found: [] [Warning/use-natspec]
/sb/0xe35e828b42d46d27fb4279b451db211c2002845a.sol:125:18: Rule is set with explicit type [var/s: uint] [Warning/explicit-types]
/sb/0xe35e828b42d46d27fb4279b451db211c2002845a.sol:125:26: Rule is set with explicit type [var/s: uint] [Warning/explicit-types]
/sb/0xe35e828b42d46d27fb4279b451db211c2002845a.sol:125:57: Rule is set with explicit type [var/s: uint] [Warning/explicit-types]
/sb/0xe35e828b42d46d27fb4279b451db211c2002845a.sol:126:9: Provide an error message for require [Warning/reason-string]
/sb/0xe35e828b42d46d27fb4279b451db211c2002845a.sol:126:17: GC: Non strict inequality found. Try converting to a strict one [Warning/gas-strict-inequalities]
/sb/0xe35e828b42d46d27fb4279b451db211c2002845a.sol:128:5: Missing @notice tag in function 'mul' [Warning/use-natspec]
/sb/0xe35e828b42d46d27fb4279b451db211c2002845a.sol:128:5: Missing @param tag in function 'mul' [Warning/use-natspec]
/sb/0xe35e828b42d46d27fb4279b451db211c2002845a.sol:128:5: Mismatch in @param names for function 'mul'. Expected: [x, y], Found: [] [Warning/use-natspec]
/sb/0xe35e828b42d46d27fb4279b451db211c2002845a.sol:128:5: Missing @return tag in function 'mul' [Warning/use-natspec]
/sb/0xe35e828b42d46d27fb4279b451db211c2002845a.sol:128:5: Mismatch in @return names for function 'mul'. Expected: [z], Found: [] [Warning/use-natspec]
/sb/0xe35e828b42d46d27fb4279b451db211c2002845a.sol:128:18: Rule is set with explicit type [var/s: uint] [Warning/explicit-types]
/sb/0xe35e828b42d46d27fb4279b451db211c2002845a.sol:128:26: Rule is set with explicit type [var/s: uint] [Warning/explicit-types]
/sb/0xe35e828b42d46d27fb4279b451db211c2002845a.sol:128:57: Rule is set with explicit type [var/s: uint] [Warning/explicit-types]
/sb/0xe35e828b42d46d27fb4279b451db211c2002845a.sol:129:9: Provide an error message for require [Warning/reason-string]
/sb/0xe35e828b42d46d27fb4279b451db211c2002845a.sol:132:5: Missing @notice tag in function 'min' [Warning/use-natspec]
/sb/0xe35e828b42d46d27fb4279b451db211c2002845a.sol:132:5: Missing @param tag in function 'min' [Warning/use-natspec]
/sb/0xe35e828b42d46d27fb4279b451db211c2002845a.sol:132:5: Mismatch in @param names for function 'min'. Expected: [x, y], Found: [] [Warning/use-natspec]
/sb/0xe35e828b42d46d27fb4279b451db211c2002845a.sol:132:5: Missing @return tag in function 'min' [Warning/use-natspec]
/sb/0xe35e828b42d46d27fb4279b451db211c2002845a.sol:132:5: Mismatch in @return names for function 'min'. Expected: [z], Found: [] [Warning/use-natspec]
/sb/0xe35e828b42d46d27fb4279b451db211c2002845a.sol:132:18: Rule is set with explicit type [var/s: uint] [Warning/explicit-types]
/sb/0xe35e828b42d46d27fb4279b451db211c2002845a.sol:132:26: Rule is set with explicit type [var/s: uint] [Warning/explicit-types]
/sb/0xe35e828b42d46d27fb4279b451db211c2002845a.sol:132:57: Rule is set with explicit type [var/s: uint] [Warning/explicit-types]
/sb/0xe35e828b42d46d27fb4279b451db211c2002845a.sol:133:16: GC: Non strict inequality found. Try converting to a strict one [Warning/gas-strict-inequalities]
/sb/0xe35e828b42d46d27fb4279b451db211c2002845a.sol:135:5: Missing @notice tag in function 'max' [Warning/use-natspec]
/sb/0xe35e828b42d46d27fb4279b451db211c2002845a.sol:135:5: Missing @param tag in function 'max' [Warning/use-natspec]
/sb/0xe35e828b42d46d27fb4279b451db211c2002845a.sol:135:5: Mismatch in @param names for function 'max'. Expected: [x, y], Found: [] [Warning/use-natspec]
/sb/0xe35e828b42d46d27fb4279b451db211c2002845a.sol:135:5: Missing @return tag in function 'max' [Warning/use-natspec]
/sb/0xe35e828b42d46d27fb4279b451db211c2002845a.sol:135:5: Mismatch in @return names for function 'max'. Expected: [z], Found: [] [Warning/use-natspec]
/sb/0xe35e828b42d46d27fb4279b451db211c2002845a.sol:135:18: Rule is set with explicit type [var/s: uint] [Warning/explicit-types]
/sb/0xe35e828b42d46d27fb4279b451db211c2002845a.sol:135:26: Rule is set with explicit type [var/s: uint] [Warning/explicit-types]
/sb/0xe35e828b42d46d27fb4279b451db211c2002845a.sol:135:57: Rule is set with explicit type [var/s: uint] [Warning/explicit-types]
/sb/0xe35e828b42d46d27fb4279b451db211c2002845a.sol:136:16: GC: Non strict inequality found. Try converting to a strict one [Warning/gas-strict-inequalities]
/sb/0xe35e828b42d46d27fb4279b451db211c2002845a.sol:138:5: Missing @notice tag in function 'imin' [Warning/use-natspec]
/sb/0xe35e828b42d46d27fb4279b451db211c2002845a.sol:138:5: Missing @param tag in function 'imin' [Warning/use-natspec]
/sb/0xe35e828b42d46d27fb4279b451db211c2002845a.sol:138:5: Mismatch in @param names for function 'imin'. Expected: [x, y], Found: [] [Warning/use-natspec]
/sb/0xe35e828b42d46d27fb4279b451db211c2002845a.sol:138:5: Missing @return tag in function 'imin' [Warning/use-natspec]
/sb/0xe35e828b42d46d27fb4279b451db211c2002845a.sol:138:5: Mismatch in @return names for function 'imin'. Expected: [z], Found: [] [Warning/use-natspec]
/sb/0xe35e828b42d46d27fb4279b451db211c2002845a.sol:138:19: Rule is set with explicit type [var/s: int] [Warning/explicit-types]
/sb/0xe35e828b42d46d27fb4279b451db211c2002845a.sol:138:26: Rule is set with explicit type [var/s: int] [Warning/explicit-types]
/sb/0xe35e828b42d46d27fb4279b451db211c2002845a.sol:138:56: Rule is set with explicit type [var/s: int] [Warning/explicit-types]
/sb/0xe35e828b42d46d27fb4279b451db211c2002845a.sol:139:16: GC: Non strict inequality found. Try converting to a strict one [Warning/gas-strict-inequalities]
/sb/0xe35e828b42d46d27fb4279b451db211c2002845a.sol:141:5: Missing @notice tag in function 'imax' [Warning/use-natspec]
/sb/0xe35e828b42d46d27fb4279b451db211c2002845a.sol:141:5: Missing @param tag in function 'imax' [Warning/use-natspec]
/sb/0xe35e828b42d46d27fb4279b451db211c2002845a.sol:141:5: Mismatch in @param names for function 'imax'. Expected: [x, y], Found: [] [Warning/use-natspec]
/sb/0xe35e828b42d46d27fb4279b451db211c2002845a.sol:141:5: Missing @return tag in function 'imax' [Warning/use-natspec]
/sb/0xe35e828b42d46d27fb4279b451db211c2002845a.sol:141:5: Mismatch in @return names for function 'imax'. Expected: [z], Found: [] [Warning/use-natspec]
/sb/0xe35e828b42d46d27fb4279b451db211c2002845a.sol:141:19: Rule is set with explicit type [var/s: int] [Warning/explicit-types]
/sb/0xe35e828b42d46d27fb4279b451db211c2002845a.sol:141:26: Rule is set with explicit type [var/s: int] [Warning/explicit-types]
/sb/0xe35e828b42d46d27fb4279b451db211c2002845a.sol:141:56: Rule is set with explicit type [var/s: int] [Warning/explicit-types]
/sb/0xe35e828b42d46d27fb4279b451db211c2002845a.sol:142:16: GC: Non strict inequality found. Try converting to a strict one [Warning/gas-strict-inequalities]
/sb/0xe35e828b42d46d27fb4279b451db211c2002845a.sol:145:5: Explicitly mark visibility of state [Warning/state-visibility]
/sb/0xe35e828b42d46d27fb4279b451db211c2002845a.sol:145:5: Rule is set with explicit type [var/s: uint] [Warning/explicit-types]
/sb/0xe35e828b42d46d27fb4279b451db211c2002845a.sol:146:5: Explicitly mark visibility of state [Warning/state-visibility]
/sb/0xe35e828b42d46d27fb4279b451db211c2002845a.sol:146:5: Rule is set with explicit type [var/s: uint] [Warning/explicit-types]
/sb/0xe35e828b42d46d27fb4279b451db211c2002845a.sol:148:5: Missing @notice tag in function 'wmul' [Warning/use-natspec]
/sb/0xe35e828b42d46d27fb4279b451db211c2002845a.sol:148:5: Missing @param tag in function 'wmul' [Warning/use-natspec]
/sb/0xe35e828b42d46d27fb4279b451db211c2002845a.sol:148:5: Mismatch in @param names for function 'wmul'. Expected: [x, y], Found: [] [Warning/use-natspec]
/sb/0xe35e828b42d46d27fb4279b451db211c2002845a.sol:148:5: Missing @return tag in function 'wmul' [Warning/use-natspec]
/sb/0xe35e828b42d46d27fb4279b451db211c2002845a.sol:148:5: Mismatch in @return names for function 'wmul'. Expected: [z], Found: [] [Warning/use-natspec]
/sb/0xe35e828b42d46d27fb4279b451db211c2002845a.sol:148:19: Rule is set with explicit type [var/s: uint] [Warning/explicit-types]
/sb/0xe35e828b42d46d27fb4279b451db211c2002845a.sol:148:27: Rule is set with explicit type [var/s: uint] [Warning/explicit-types]
/sb/0xe35e828b42d46d27fb4279b451db211c2002845a.sol:148:58: Rule is set with explicit type [var/s: uint] [Warning/explicit-types]
/sb/0xe35e828b42d46d27fb4279b451db211c2002845a.sol:151:5: Missing @notice tag in function 'rmul' [Warning/use-natspec]
/sb/0xe35e828b42d46d27fb4279b451db211c2002845a.sol:151:5: Missing @param tag in function 'rmul' [Warning/use-natspec]
/sb/0xe35e828b42d46d27fb4279b451db211c2002845a.sol:151:5: Mismatch in @param names for function 'rmul'. Expected: [x, y], Found: [] [Warning/use-natspec]
/sb/0xe35e828b42d46d27fb4279b451db211c2002845a.sol:151:5: Missing @return tag in function 'rmul' [Warning/use-natspec]
/sb/0xe35e828b42d46d27fb4279b451db211c2002845a.sol:151:5: Mismatch in @return names for function 'rmul'. Expected: [z], Found: [] [Warning/use-natspec]
/sb/0xe35e828b42d46d27fb4279b451db211c2002845a.sol:151:19: Rule is set with explicit type [var/s: uint] [Warning/explicit-types]
/sb/0xe35e828b42d46d27fb4279b451db211c2002845a.sol:151:27: Rule is set with explicit type [var/s: uint] [Warning/explicit-types]
/sb/0xe35e828b42d46d27fb4279b451db211c2002845a.sol:151:58: Rule is set with explicit type [var/s: uint] [Warning/explicit-types]
/sb/0xe35e828b42d46d27fb4279b451db211c2002845a.sol:154:5: Missing @notice tag in function 'wdiv' [Warning/use-natspec]
/sb/0xe35e828b42d46d27fb4279b451db211c2002845a.sol:154:5: Missing @param tag in function 'wdiv' [Warning/use-natspec]
/sb/0xe35e828b42d46d27fb4279b451db211c2002845a.sol:154:5: Mismatch in @param names for function 'wdiv'. Expected: [x, y], Found: [] [Warning/use-natspec]
/sb/0xe35e828b42d46d27fb4279b451db211c2002845a.sol:154:5: Missing @return tag in function 'wdiv' [Warning/use-natspec]
/sb/0xe35e828b42d46d27fb4279b451db211c2002845a.sol:154:5: Mismatch in @return names for function 'wdiv'. Expected: [z], Found: [] [Warning/use-natspec]
/sb/0xe35e828b42d46d27fb4279b451db211c2002845a.sol:154:19: Rule is set with explicit type [var/s: uint] [Warning/explicit-types]
/sb/0xe35e828b42d46d27fb4279b451db211c2002845a.sol:154:27: Rule is set with explicit type [var/s: uint] [Warning/explicit-types]
/sb/0xe35e828b42d46d27fb4279b451db211c2002845a.sol:154:58: Rule is set with explicit type [var/s: uint] [Warning/explicit-types]
/sb/0xe35e828b42d46d27fb4279b451db211c2002845a.sol:157:5: Missing @notice tag in function 'rdiv' [Warning/use-natspec]
/sb/0xe35e828b42d46d27fb4279b451db211c2002845a.sol:157:5: Missing @param tag in function 'rdiv' [Warning/use-natspec]
/sb/0xe35e828b42d46d27fb4279b451db211c2002845a.sol:157:5: Mismatch in @param names for function 'rdiv'. Expected: [x, y], Found: [] [Warning/use-natspec]
/sb/0xe35e828b42d46d27fb4279b451db211c2002845a.sol:157:5: Missing @return tag in function 'rdiv' [Warning/use-natspec]
/sb/0xe35e828b42d46d27fb4279b451db211c2002845a.sol:157:5: Mismatch in @return names for function 'rdiv'. Expected: [z], Found: [] [Warning/use-natspec]
/sb/0xe35e828b42d46d27fb4279b451db211c2002845a.sol:157:19: Rule is set with explicit type [var/s: uint] [Warning/explicit-types]
/sb/0xe35e828b42d46d27fb4279b451db211c2002845a.sol:157:27: Rule is set with explicit type [var/s: uint] [Warning/explicit-types]
/sb/0xe35e828b42d46d27fb4279b451db211c2002845a.sol:157:58: Rule is set with explicit type [var/s: uint] [Warning/explicit-types]
/sb/0xe35e828b42d46d27fb4279b451db211c2002845a.sol:176:5: Missing @notice tag in function 'rpow' [Warning/use-natspec]
/sb/0xe35e828b42d46d27fb4279b451db211c2002845a.sol:176:5: Missing @param tag in function 'rpow' [Warning/use-natspec]
/sb/0xe35e828b42d46d27fb4279b451db211c2002845a.sol:176:5: Mismatch in @param names for function 'rpow'. Expected: [x, n], Found: [] [Warning/use-natspec]
/sb/0xe35e828b42d46d27fb4279b451db211c2002845a.sol:176:5: Missing @return tag in function 'rpow' [Warning/use-natspec]
/sb/0xe35e828b42d46d27fb4279b451db211c2002845a.sol:176:5: Mismatch in @return names for function 'rpow'. Expected: [z], Found: [] [Warning/use-natspec]
/sb/0xe35e828b42d46d27fb4279b451db211c2002845a.sol:176:19: Rule is set with explicit type [var/s: uint] [Warning/explicit-types]
/sb/0xe35e828b42d46d27fb4279b451db211c2002845a.sol:176:27: Rule is set with explicit type [var/s: uint] [Warning/explicit-types]
/sb/0xe35e828b42d46d27fb4279b451db211c2002845a.sol:176:58: Rule is set with explicit type [var/s: uint] [Warning/explicit-types]
/sb/0xe35e828b42d46d27fb4279b451db211c2002845a.sol:190:1: Missing @title tag in contract 'DSTokenBase' [Warning/use-natspec]
/sb/0xe35e828b42d46d27fb4279b451db211c2002845a.sol:190:1: Missing @author tag in contract 'DSTokenBase' [Warning/use-natspec]
/sb/0xe35e828b42d46d27fb4279b451db211c2002845a.sol:190:1: Missing @notice tag in contract 'DSTokenBase' [Warning/use-natspec]
/sb/0xe35e828b42d46d27fb4279b451db211c2002845a.sol:191:5: Explicitly mark visibility of state [Warning/state-visibility]
/sb/0xe35e828b42d46d27fb4279b451db211c2002845a.sol:192:5: Explicitly mark visibility of state [Warning/state-visibility]
/sb/0xe35e828b42d46d27fb4279b451db211c2002845a.sol:193:5: Explicitly mark visibility of state [Warning/state-visibility]
/sb/0xe35e828b42d46d27fb4279b451db211c2002845a.sol:195:5: Missing @notice tag in function 'DSTokenBase' [Warning/use-natspec]
/sb/0xe35e828b42d46d27fb4279b451db211c2002845a.sol:195:5: Missing @param tag in function 'DSTokenBase' [Warning/use-natspec]
/sb/0xe35e828b42d46d27fb4279b451db211c2002845a.sol:195:5: Mismatch in @param names for function 'DSTokenBase'. Expected: [supply], Found: [] [Warning/use-natspec]
/sb/0xe35e828b42d46d27fb4279b451db211c2002845a.sol:195:26: Rule is set with explicit type [var/s: uint] [Warning/explicit-types]
/sb/0xe35e828b42d46d27fb4279b451db211c2002845a.sol:200:5: Missing @notice tag in function 'totalSupply' [Warning/use-natspec]
/sb/0xe35e828b42d46d27fb4279b451db211c2002845a.sol:200:5: Missing @return tag in function 'totalSupply' [Warning/use-natspec]
/sb/0xe35e828b42d46d27fb4279b451db211c2002845a.sol:200:5: Mismatch in @return count for function 'totalSupply'. Expected: 1, Found: 0 [Warning/use-natspec]
/sb/0xe35e828b42d46d27fb4279b451db211c2002845a.sol:200:49: Rule is set with explicit type [var/s: uint] [Warning/explicit-types]
/sb/0xe35e828b42d46d27fb4279b451db211c2002845a.sol:203:5: Missing @notice tag in function 'balanceOf' [Warning/use-natspec]
/sb/0xe35e828b42d46d27fb4279b451db211c2002845a.sol:203:5: Missing @param tag in function 'balanceOf' [Warning/use-natspec]
/sb/0xe35e828b42d46d27fb4279b451db211c2002845a.sol:203:5: Mismatch in @param names for function 'balanceOf'. Expected: [src], Found: [] [Warning/use-natspec]
/sb/0xe35e828b42d46d27fb4279b451db211c2002845a.sol:203:5: Missing @return tag in function 'balanceOf' [Warning/use-natspec]
/sb/0xe35e828b42d46d27fb4279b451db211c2002845a.sol:203:5: Mismatch in @return count for function 'balanceOf'. Expected: 1, Found: 0 [Warning/use-natspec]
/sb/0xe35e828b42d46d27fb4279b451db211c2002845a.sol:203:58: Rule is set with explicit type [var/s: uint] [Warning/explicit-types]
/sb/0xe35e828b42d46d27fb4279b451db211c2002845a.sol:206:5: Missing @notice tag in function 'allowance' [Warning/use-natspec]
/sb/0xe35e828b42d46d27fb4279b451db211c2002845a.sol:206:5: Missing @param tag in function 'allowance' [Warning/use-natspec]
/sb/0xe35e828b42d46d27fb4279b451db211c2002845a.sol:206:5: Mismatch in @param names for function 'allowance'. Expected: [src, guy], Found: [] [Warning/use-natspec]
/sb/0xe35e828b42d46d27fb4279b451db211c2002845a.sol:206:5: Missing @return tag in function 'allowance' [Warning/use-natspec]
/sb/0xe35e828b42d46d27fb4279b451db211c2002845a.sol:206:5: Mismatch in @return count for function 'allowance'. Expected: 1, Found: 0 [Warning/use-natspec]
/sb/0xe35e828b42d46d27fb4279b451db211c2002845a.sol:206:71: Rule is set with explicit type [var/s: uint] [Warning/explicit-types]
/sb/0xe35e828b42d46d27fb4279b451db211c2002845a.sol:210:5: Missing @notice tag in function 'transfer' [Warning/use-natspec]
/sb/0xe35e828b42d46d27fb4279b451db211c2002845a.sol:210:5: Missing @param tag in function 'transfer' [Warning/use-natspec]
/sb/0xe35e828b42d46d27fb4279b451db211c2002845a.sol:210:5: Mismatch in @param names for function 'transfer'. Expected: [dst, wad], Found: [] [Warning/use-natspec]
/sb/0xe35e828b42d46d27fb4279b451db211c2002845a.sol:210:5: Missing @return tag in function 'transfer' [Warning/use-natspec]
/sb/0xe35e828b42d46d27fb4279b451db211c2002845a.sol:210:5: Mismatch in @return count for function 'transfer'. Expected: 1, Found: 0 [Warning/use-natspec]
/sb/0xe35e828b42d46d27fb4279b451db211c2002845a.sol:210:36: Rule is set with explicit type [var/s: uint] [Warning/explicit-types]
/sb/0xe35e828b42d46d27fb4279b451db211c2002845a.sol:214:5: Missing @notice tag in function 'transferFrom' [Warning/use-natspec]
/sb/0xe35e828b42d46d27fb4279b451db211c2002845a.sol:214:5: Missing @param tag in function 'transferFrom' [Warning/use-natspec]
/sb/0xe35e828b42d46d27fb4279b451db211c2002845a.sol:214:5: Mismatch in @param names for function 'transferFrom'. Expected: [src, dst, wad], Found: [] [Warning/use-natspec]
/sb/0xe35e828b42d46d27fb4279b451db211c2002845a.sol:214:5: Missing @return tag in function 'transferFrom' [Warning/use-natspec]
/sb/0xe35e828b42d46d27fb4279b451db211c2002845a.sol:214:5: Mismatch in @return count for function 'transferFrom'. Expected: 1, Found: 0 [Warning/use-natspec]
/sb/0xe35e828b42d46d27fb4279b451db211c2002845a.sol:214:53: Rule is set with explicit type [var/s: uint] [Warning/explicit-types]
/sb/0xe35e828b42d46d27fb4279b451db211c2002845a.sol:230:5: Missing @notice tag in function 'approve' [Warning/use-natspec]
/sb/0xe35e828b42d46d27fb4279b451db211c2002845a.sol:230:5: Missing @param tag in function 'approve' [Warning/use-natspec]
/sb/0xe35e828b42d46d27fb4279b451db211c2002845a.sol:230:5: Mismatch in @param names for function 'approve'. Expected: [guy, wad], Found: [] [Warning/use-natspec]
/sb/0xe35e828b42d46d27fb4279b451db211c2002845a.sol:230:5: Missing @return tag in function 'approve' [Warning/use-natspec]
/sb/0xe35e828b42d46d27fb4279b451db211c2002845a.sol:230:5: Mismatch in @return count for function 'approve'. Expected: 1, Found: 0 [Warning/use-natspec]
/sb/0xe35e828b42d46d27fb4279b451db211c2002845a.sol:230:35: Rule is set with explicit type [var/s: uint] [Warning/explicit-types]
/sb/0xe35e828b42d46d27fb4279b451db211c2002845a.sol:240:1: Missing @title tag in contract 'DSToken' [Warning/use-natspec]
/sb/0xe35e828b42d46d27fb4279b451db211c2002845a.sol:240:1: Missing @author tag in contract 'DSToken' [Warning/use-natspec]
/sb/0xe35e828b42d46d27fb4279b451db211c2002845a.sol:240:1: Missing @notice tag in contract 'DSToken' [Warning/use-natspec]
/sb/0xe35e828b42d46d27fb4279b451db211c2002845a.sol:242:5: Missing @notice tag in variable 'symbol' [Warning/use-natspec]
/sb/0xe35e828b42d46d27fb4279b451db211c2002845a.sol:243:5: Missing @notice tag in variable 'name' [Warning/use-natspec]
/sb/0xe35e828b42d46d27fb4279b451db211c2002845a.sol:244:5: Missing @notice tag in variable 'decimals' [Warning/use-natspec]
/sb/0xe35e828b42d46d27fb4279b451db211c2002845a.sol:246:5: Missing @notice tag in function 'DSToken' [Warning/use-natspec]
/sb/0xe35e828b42d46d27fb4279b451db211c2002845a.sol:246:5: Missing @param tag in function 'DSToken' [Warning/use-natspec]
/sb/0xe35e828b42d46d27fb4279b451db211c2002845a.sol:246:5: Mismatch in @param names for function 'DSToken'. Expected: [symbol_, name_], Found: [] [Warning/use-natspec]
/sb/0xe35e828b42d46d27fb4279b451db211c2002845a.sol:254:5: Missing @notice tag in event 'Mint' [Warning/use-natspec]
/sb/0xe35e828b42d46d27fb4279b451db211c2002845a.sol:254:5: Missing @param tag in event 'Mint' [Warning/use-natspec]
/sb/0xe35e828b42d46d27fb4279b451db211c2002845a.sol:254:5: Mismatch in @param names for event 'Mint'. Expected: [guy, wad], Found: [] [Warning/use-natspec]
/sb/0xe35e828b42d46d27fb4279b451db211c2002845a.sol:254:5: GC: [wad] on Event [Mint] could be Indexed [Warning/gas-indexed-events]
/sb/0xe35e828b42d46d27fb4279b451db211c2002845a.sol:254:37: Rule is set with explicit type [var/s: uint] [Warning/explicit-types]
/sb/0xe35e828b42d46d27fb4279b451db211c2002845a.sol:255:5: Missing @notice tag in event 'Burn' [Warning/use-natspec]
/sb/0xe35e828b42d46d27fb4279b451db211c2002845a.sol:255:5: Missing @param tag in event 'Burn' [Warning/use-natspec]
/sb/0xe35e828b42d46d27fb4279b451db211c2002845a.sol:255:5: Mismatch in @param names for event 'Burn'. Expected: [guy, wad], Found: [] [Warning/use-natspec]
/sb/0xe35e828b42d46d27fb4279b451db211c2002845a.sol:255:5: GC: [wad] on Event [Burn] could be Indexed [Warning/gas-indexed-events]
/sb/0xe35e828b42d46d27fb4279b451db211c2002845a.sol:255:37: Rule is set with explicit type [var/s: uint] [Warning/explicit-types]
/sb/0xe35e828b42d46d27fb4279b451db211c2002845a.sol:257:5: Missing @notice tag in function 'setName' [Warning/use-natspec]
/sb/0xe35e828b42d46d27fb4279b451db211c2002845a.sol:257:5: Missing @param tag in function 'setName' [Warning/use-natspec]
/sb/0xe35e828b42d46d27fb4279b451db211c2002845a.sol:257:5: Mismatch in @param names for function 'setName'. Expected: [name_], Found: [] [Warning/use-natspec]
/sb/0xe35e828b42d46d27fb4279b451db211c2002845a.sol:261:5: Missing @notice tag in function 'approve' [Warning/use-natspec]
/sb/0xe35e828b42d46d27fb4279b451db211c2002845a.sol:261:5: Missing @param tag in function 'approve' [Warning/use-natspec]
/sb/0xe35e828b42d46d27fb4279b451db211c2002845a.sol:261:5: Mismatch in @param names for function 'approve'. Expected: [guy], Found: [] [Warning/use-natspec]
/sb/0xe35e828b42d46d27fb4279b451db211c2002845a.sol:261:5: Missing @return tag in function 'approve' [Warning/use-natspec]
/sb/0xe35e828b42d46d27fb4279b451db211c2002845a.sol:261:5: Mismatch in @return count for function 'approve'. Expected: 1, Found: 0 [Warning/use-natspec]
/sb/0xe35e828b42d46d27fb4279b451db211c2002845a.sol:265:5: Missing @notice tag in function 'approve' [Warning/use-natspec]
/sb/0xe35e828b42d46d27fb4279b451db211c2002845a.sol:265:5: Missing @param tag in function 'approve' [Warning/use-natspec]
/sb/0xe35e828b42d46d27fb4279b451db211c2002845a.sol:265:5: Mismatch in @param names for function 'approve'. Expected: [guy, wad], Found: [] [Warning/use-natspec]
/sb/0xe35e828b42d46d27fb4279b451db211c2002845a.sol:265:5: Missing @return tag in function 'approve' [Warning/use-natspec]
/sb/0xe35e828b42d46d27fb4279b451db211c2002845a.sol:265:5: Mismatch in @return count for function 'approve'. Expected: 1, Found: 0 [Warning/use-natspec]
/sb/0xe35e828b42d46d27fb4279b451db211c2002845a.sol:265:35: Rule is set with explicit type [var/s: uint] [Warning/explicit-types]
/sb/0xe35e828b42d46d27fb4279b451db211c2002845a.sol:269:5: Missing @notice tag in function 'transferFrom' [Warning/use-natspec]
/sb/0xe35e828b42d46d27fb4279b451db211c2002845a.sol:269:5: Missing @param tag in function 'transferFrom' [Warning/use-natspec]
/sb/0xe35e828b42d46d27fb4279b451db211c2002845a.sol:269:5: Mismatch in @param names for function 'transferFrom'. Expected: [src, dst, wad], Found: [] [Warning/use-natspec]
/sb/0xe35e828b42d46d27fb4279b451db211c2002845a.sol:269:5: Missing @return tag in function 'transferFrom' [Warning/use-natspec]
/sb/0xe35e828b42d46d27fb4279b451db211c2002845a.sol:269:5: Mismatch in @return count for function 'transferFrom'. Expected: 1, Found: 0 [Warning/use-natspec]
/sb/0xe35e828b42d46d27fb4279b451db211c2002845a.sol:269:53: Rule is set with explicit type [var/s: uint] [Warning/explicit-types]
/sb/0xe35e828b42d46d27fb4279b451db211c2002845a.sol:286:5: Missing @notice tag in function 'push' [Warning/use-natspec]
/sb/0xe35e828b42d46d27fb4279b451db211c2002845a.sol:286:5: Missing @param tag in function 'push' [Warning/use-natspec]
/sb/0xe35e828b42d46d27fb4279b451db211c2002845a.sol:286:5: Mismatch in @param names for function 'push'. Expected: [dst, wad], Found: [] [Warning/use-natspec]
/sb/0xe35e828b42d46d27fb4279b451db211c2002845a.sol:286:32: Rule is set with explicit type [var/s: uint] [Warning/explicit-types]
/sb/0xe35e828b42d46d27fb4279b451db211c2002845a.sol:289:5: Missing @notice tag in function 'pull' [Warning/use-natspec]
/sb/0xe35e828b42d46d27fb4279b451db211c2002845a.sol:289:5: Missing @param tag in function 'pull' [Warning/use-natspec]
/sb/0xe35e828b42d46d27fb4279b451db211c2002845a.sol:289:5: Mismatch in @param names for function 'pull'. Expected: [src, wad], Found: [] [Warning/use-natspec]
/sb/0xe35e828b42d46d27fb4279b451db211c2002845a.sol:289:32: Rule is set with explicit type [var/s: uint] [Warning/explicit-types]
/sb/0xe35e828b42d46d27fb4279b451db211c2002845a.sol:292:5: Missing @notice tag in function 'move' [Warning/use-natspec]
/sb/0xe35e828b42d46d27fb4279b451db211c2002845a.sol:292:5: Missing @param tag in function 'move' [Warning/use-natspec]
/sb/0xe35e828b42d46d27fb4279b451db211c2002845a.sol:292:5: Mismatch in @param names for function 'move'. Expected: [src, dst, wad], Found: [] [Warning/use-natspec]
/sb/0xe35e828b42d46d27fb4279b451db211c2002845a.sol:292:45: Rule is set with explicit type [var/s: uint] [Warning/explicit-types]
/sb/0xe35e828b42d46d27fb4279b451db211c2002845a.sol:296:5: Missing @notice tag in function 'mint' [Warning/use-natspec]
/sb/0xe35e828b42d46d27fb4279b451db211c2002845a.sol:296:5: Missing @param tag in function 'mint' [Warning/use-natspec]
/sb/0xe35e828b42d46d27fb4279b451db211c2002845a.sol:296:5: Mismatch in @param names for function 'mint'. Expected: [wad], Found: [] [Warning/use-natspec]
/sb/0xe35e828b42d46d27fb4279b451db211c2002845a.sol:296:19: Rule is set with explicit type [var/s: uint] [Warning/explicit-types]
/sb/0xe35e828b42d46d27fb4279b451db211c2002845a.sol:299:5: Missing @notice tag in function 'burn' [Warning/use-natspec]
/sb/0xe35e828b42d46d27fb4279b451db211c2002845a.sol:299:5: Missing @param tag in function 'burn' [Warning/use-natspec]
/sb/0xe35e828b42d46d27fb4279b451db211c2002845a.sol:299:5: Mismatch in @param names for function 'burn'. Expected: [wad], Found: [] [Warning/use-natspec]
/sb/0xe35e828b42d46d27fb4279b451db211c2002845a.sol:299:19: Rule is set with explicit type [var/s: uint] [Warning/explicit-types]
/sb/0xe35e828b42d46d27fb4279b451db211c2002845a.sol:302:5: Missing @notice tag in function 'mint' [Warning/use-natspec]
/sb/0xe35e828b42d46d27fb4279b451db211c2002845a.sol:302:5: Missing @param tag in function 'mint' [Warning/use-natspec]
/sb/0xe35e828b42d46d27fb4279b451db211c2002845a.sol:302:5: Mismatch in @param names for function 'mint'. Expected: [guy, wad], Found: [] [Warning/use-natspec]
/sb/0xe35e828b42d46d27fb4279b451db211c2002845a.sol:302:32: Rule is set with explicit type [var/s: uint] [Warning/explicit-types]
/sb/0xe35e828b42d46d27fb4279b451db211c2002845a.sol:307:5: Missing @notice tag in function 'burn' [Warning/use-natspec]
/sb/0xe35e828b42d46d27fb4279b451db211c2002845a.sol:307:5: Missing @param tag in function 'burn' [Warning/use-natspec]
/sb/0xe35e828b42d46d27fb4279b451db211c2002845a.sol:307:5: Mismatch in @param names for function 'burn'. Expected: [guy, wad], Found: [] [Warning/use-natspec]
/sb/0xe35e828b42d46d27fb4279b451db211c2002845a.sol:307:32: Rule is set with explicit type [var/s: uint] [Warning/explicit-types]
/sb/0xe35e828b42d46d27fb4279b451db211c2002845a.sol:343:1: Missing @title tag in contract 'TICDist' [Warning/use-natspec]
/sb/0xe35e828b42d46d27fb4279b451db211c2002845a.sol:343:1: Missing @author tag in contract 'TICDist' [Warning/use-natspec]
/sb/0xe35e828b42d46d27fb4279b451db211c2002845a.sol:343:1: Missing @notice tag in contract 'TICDist' [Warning/use-natspec]
/sb/0xe35e828b42d46d27fb4279b451db211c2002845a.sol:345:5: Missing @notice tag in variable 'TIC' [Warning/use-natspec]
/sb/0xe35e828b42d46d27fb4279b451db211c2002845a.sol:345:5: Variable name must be in mixedCase TIC [Warning/var-name-mixedcase]
/sb/0xe35e828b42d46d27fb4279b451db211c2002845a.sol:346:5: Missing @notice tag in variable 'initSupply' [Warning/use-natspec]
/sb/0xe35e828b42d46d27fb4279b451db211c2002845a.sol:347:5: Missing @notice tag in variable 'decimals' [Warning/use-natspec]
/sb/0xe35e828b42d46d27fb4279b451db211c2002845a.sol:350:5: Rule is set with explicit type [var/s: uint] [Warning/explicit-types]
/sb/0xe35e828b42d46d27fb4279b451db211c2002845a.sol:350:5: Missing @notice tag in variable 'distDay' [Warning/use-natspec]
/sb/0xe35e828b42d46d27fb4279b451db211c2002845a.sol:351:5: Missing @notice tag in variable 'isDistConfig' [Warning/use-natspec]
/sb/0xe35e828b42d46d27fb4279b451db211c2002845a.sol:352:5: Missing @notice tag in variable 'isLockedConfig' [Warning/use-natspec]
/sb/0xe35e828b42d46d27fb4279b451db211c2002845a.sol:354:5: Missing @notice tag in variable 'bTest' [Warning/use-natspec]
/sb/0xe35e828b42d46d27fb4279b451db211c2002845a.sol:357:9: Rule is set with explicit type [var/s: uint] [Warning/explicit-types]
/sb/0xe35e828b42d46d27fb4279b451db211c2002845a.sol:358:9: Rule is set with explicit type [var/s: uint] [Warning/explicit-types]
/sb/0xe35e828b42d46d27fb4279b451db211c2002845a.sol:359:9: Rule is set with explicit type [var/s: uint] [Warning/explicit-types]
/sb/0xe35e828b42d46d27fb4279b451db211c2002845a.sol:363:5: Missing @notice tag in variable 'founderList' [Warning/use-natspec]
/sb/0xe35e828b42d46d27fb4279b451db211c2002845a.sol:364:5: Missing @notice tag in variable 'founders' [Warning/use-natspec]
/sb/0xe35e828b42d46d27fb4279b451db211c2002845a.sol:367:5: Missing @notice tag in function 'TICDist' [Warning/use-natspec]
/sb/0xe35e828b42d46d27fb4279b451db211c2002845a.sol:367:5: Missing @param tag in function 'TICDist' [Warning/use-natspec]
/sb/0xe35e828b42d46d27fb4279b451db211c2002845a.sol:367:5: Mismatch in @param names for function 'TICDist'. Expected: [initial_supply], Found: [] [Warning/use-natspec]
/sb/0xe35e828b42d46d27fb4279b451db211c2002845a.sol:367:22: Variable name must be in mixedCase initial_supply [Warning/var-name-mixedcase]
/sb/0xe35e828b42d46d27fb4279b451db211c2002845a.sol:373:5: Missing @notice tag in function 'setTIC' [Warning/use-natspec]
/sb/0xe35e828b42d46d27fb4279b451db211c2002845a.sol:373:5: Missing @param tag in function 'setTIC' [Warning/use-natspec]
/sb/0xe35e828b42d46d27fb4279b451db211c2002845a.sol:373:5: Mismatch in @param names for function 'setTIC'. Expected: [tic], Found: [] [Warning/use-natspec]
/sb/0xe35e828b42d46d27fb4279b451db211c2002845a.sol:390:5: Missing @notice tag in function 'setDistConfig' [Warning/use-natspec]
/sb/0xe35e828b42d46d27fb4279b451db211c2002845a.sol:390:5: Missing @param tag in function 'setDistConfig' [Warning/use-natspec]
/sb/0xe35e828b42d46d27fb4279b451db211c2002845a.sol:390:5: Mismatch in @param names for function 'setDistConfig'. Expected: [founders_, percents_], Found: [] [Warning/use-natspec]
/sb/0xe35e828b42d46d27fb4279b451db211c2002845a.sol:390:49: Rule is set with explicit type [var/s: uint] [Warning/explicit-types]
/sb/0xe35e828b42d46d27fb4279b451db211c2002845a.sol:396:9: Rule is set with explicit type [var/s: uint] [Warning/explicit-types]
/sb/0xe35e828b42d46d27fb4279b451db211c2002845a.sol:396:9: Variable name must be in mixedCase all_percents [Warning/var-name-mixedcase]
/sb/0xe35e828b42d46d27fb4279b451db211c2002845a.sol:397:9: Rule is set with explicit type [var/s: uint] [Warning/explicit-types]
/sb/0xe35e828b42d46d27fb4279b451db211c2002845a.sol:403:16: GC: Non strict inequality found. Try converting to a strict one [Warning/gas-strict-inequalities]
/sb/0xe35e828b42d46d27fb4279b451db211c2002845a.sol:417:5: Missing @notice tag in function 'setLockedConfig' [Warning/use-natspec]
/sb/0xe35e828b42d46d27fb4279b451db211c2002845a.sol:417:5: Missing @param tag in function 'setLockedConfig' [Warning/use-natspec]
/sb/0xe35e828b42d46d27fb4279b451db211c2002845a.sol:417:5: Mismatch in @param names for function 'setLockedConfig'. Expected: [founders_, percents_, days_], Found: [] [Warning/use-natspec]
/sb/0xe35e828b42d46d27fb4279b451db211c2002845a.sol:417:51: Rule is set with explicit type [var/s: uint] [Warning/explicit-types]
/sb/0xe35e828b42d46d27fb4279b451db211c2002845a.sol:417:69: Rule is set with explicit type [var/s: uint] [Warning/explicit-types]
/sb/0xe35e828b42d46d27fb4279b451db211c2002845a.sol:427:13: Rule is set with explicit type [var/s: uint] [Warning/explicit-types]
/sb/0xe35e828b42d46d27fb4279b451db211c2002845a.sol:430:24: GC: Non strict inequality found. Try converting to a strict one [Warning/gas-strict-inequalities]
/sb/0xe35e828b42d46d27fb4279b451db211c2002845a.sol:445:5: Missing @notice tag in function 'startDist' [Warning/use-natspec]
/sb/0xe35e828b42d46d27fb4279b451db211c2002845a.sol:452:9: Rule is set with explicit type [var/s: uint] [Warning/explicit-types]
/sb/0xe35e828b42d46d27fb4279b451db211c2002845a.sol:455:13: Variable name must be in mixedCase all_token_num [Warning/var-name-mixedcase]
/sb/0xe35e828b42d46d27fb4279b451db211c2002845a.sol:458:13: Variable name must be in mixedCase locked_token_num [Warning/var-name-mixedcase]
/sb/0xe35e828b42d46d27fb4279b451db211c2002845a.sol:475:5: Missing @notice tag in function 'checkLockedToken' [Warning/use-natspec]
/sb/0xe35e828b42d46d27fb4279b451db211c2002845a.sol:484:13: Rule is set with explicit type [var/s: uint] [Warning/explicit-types]
/sb/0xe35e828b42d46d27fb4279b451db211c2002845a.sol:484:13: Variable name must be in mixedCase unlock_percent [Warning/var-name-mixedcase]
/sb/0xe35e828b42d46d27fb4279b451db211c2002845a.sol:489:13: Variable name must be in mixedCase all_token_num [Warning/var-name-mixedcase]
/sb/0xe35e828b42d46d27fb4279b451db211c2002845a.sol:491:13: Variable name must be in mixedCase locked_token_num [Warning/var-name-mixedcase]
/sb/0xe35e828b42d46d27fb4279b451db211c2002845a.sol:493:13: Variable name must be in mixedCase unlock_token_num [Warning/var-name-mixedcase]
/sb/0xe35e828b42d46d27fb4279b451db211c2002845a.sol:512:5: Missing @notice tag in function 'today' [Warning/use-natspec]
/sb/0xe35e828b42d46d27fb4279b451db211c2002845a.sol:512:5: Missing @return tag in function 'today' [Warning/use-natspec]
/sb/0xe35e828b42d46d27fb4279b451db211c2002845a.sol:512:5: Mismatch in @return count for function 'today'. Expected: 1, Found: 0 [Warning/use-natspec]
/sb/0xe35e828b42d46d27fb4279b451db211c2002845a.sol:512:47: Rule is set with explicit type [var/s: uint] [Warning/explicit-types]
/sb/0xe35e828b42d46d27fb4279b451db211c2002845a.sol:519:5: Missing @notice tag in function 'time' [Warning/use-natspec]
/sb/0xe35e828b42d46d27fb4279b451db211c2002845a.sol:519:5: Missing @return tag in function 'time' [Warning/use-natspec]
/sb/0xe35e828b42d46d27fb4279b451db211c2002845a.sol:519:5: Mismatch in @return count for function 'time'. Expected: 1, Found: 0 [Warning/use-natspec]
/sb/0xe35e828b42d46d27fb4279b451db211c2002845a.sol:519:46: Rule is set with explicit type [var/s: uint] [Warning/explicit-types]

382 problem/s (1 error/s, 381 warning/s)
