A new version of Solhint is available: 6.0.1
Please consider updating your Solhint package.
/sb/0x99705a8b60d0fe21a4b8ee54db361b3c573d18bb.sol:1:1: Found more than One contract per file. 8 contracts found! [Warning/one-contract-per-file]
/sb/0x99705a8b60d0fe21a4b8ee54db361b3c573d18bb.sol:1:1: Compiler version ^0.4.19 does not satisfy the ^0.8.24 semver requirement [Error/compiler-version]
/sb/0x99705a8b60d0fe21a4b8ee54db361b3c573d18bb.sol:16:1: Missing @author tag in contract 'ERC20Basic' [Warning/use-natspec]
/sb/0x99705a8b60d0fe21a4b8ee54db361b3c573d18bb.sol:16:1: Missing @notice tag in contract 'ERC20Basic' [Warning/use-natspec]
/sb/0x99705a8b60d0fe21a4b8ee54db361b3c573d18bb.sol:17:3: Missing @notice tag in variable 'totalSupply' [Warning/use-natspec]
/sb/0x99705a8b60d0fe21a4b8ee54db361b3c573d18bb.sol:18:3: Missing @notice tag in function 'balanceOf' [Warning/use-natspec]
/sb/0x99705a8b60d0fe21a4b8ee54db361b3c573d18bb.sol:18:3: Missing @param tag in function 'balanceOf' [Warning/use-natspec]
/sb/0x99705a8b60d0fe21a4b8ee54db361b3c573d18bb.sol:18:3: Mismatch in @param names for function 'balanceOf'. Expected: [who], Found: [] [Warning/use-natspec]
/sb/0x99705a8b60d0fe21a4b8ee54db361b3c573d18bb.sol:18:3: Missing @return tag in function 'balanceOf' [Warning/use-natspec]
/sb/0x99705a8b60d0fe21a4b8ee54db361b3c573d18bb.sol:18:3: Mismatch in @return count for function 'balanceOf'. Expected: 1, Found: 0 [Warning/use-natspec]
/sb/0x99705a8b60d0fe21a4b8ee54db361b3c573d18bb.sol:19:3: Missing @notice tag in function 'transfer' [Warning/use-natspec]
/sb/0x99705a8b60d0fe21a4b8ee54db361b3c573d18bb.sol:19:3: Missing @param tag in function 'transfer' [Warning/use-natspec]
/sb/0x99705a8b60d0fe21a4b8ee54db361b3c573d18bb.sol:19:3: Mismatch in @param names for function 'transfer'. Expected: [to, value], Found: [] [Warning/use-natspec]
/sb/0x99705a8b60d0fe21a4b8ee54db361b3c573d18bb.sol:19:3: Missing @return tag in function 'transfer' [Warning/use-natspec]
/sb/0x99705a8b60d0fe21a4b8ee54db361b3c573d18bb.sol:19:3: Mismatch in @return count for function 'transfer'. Expected: 1, Found: 0 [Warning/use-natspec]
/sb/0x99705a8b60d0fe21a4b8ee54db361b3c573d18bb.sol:20:3: Missing @notice tag in event 'Transfer' [Warning/use-natspec]
/sb/0x99705a8b60d0fe21a4b8ee54db361b3c573d18bb.sol:20:3: Missing @param tag in event 'Transfer' [Warning/use-natspec]
/sb/0x99705a8b60d0fe21a4b8ee54db361b3c573d18bb.sol:20:3: Mismatch in @param names for event 'Transfer'. Expected: [from, to, value], Found: [] [Warning/use-natspec]
/sb/0x99705a8b60d0fe21a4b8ee54db361b3c573d18bb.sol:20:3: GC: [value] on Event [Transfer] could be Indexed [Warning/gas-indexed-events]
/sb/0x99705a8b60d0fe21a4b8ee54db361b3c573d18bb.sol:28:1: Missing @author tag in contract 'SafeMath' [Warning/use-natspec]
/sb/0x99705a8b60d0fe21a4b8ee54db361b3c573d18bb.sol:28:1: Missing @notice tag in contract 'SafeMath' [Warning/use-natspec]
/sb/0x99705a8b60d0fe21a4b8ee54db361b3c573d18bb.sol:29:3: Missing @notice tag in function 'mul' [Warning/use-natspec]
/sb/0x99705a8b60d0fe21a4b8ee54db361b3c573d18bb.sol:29:3: Missing @param tag in function 'mul' [Warning/use-natspec]
/sb/0x99705a8b60d0fe21a4b8ee54db361b3c573d18bb.sol:29:3: Mismatch in @param names for function 'mul'. Expected: [a, b], Found: [] [Warning/use-natspec]
/sb/0x99705a8b60d0fe21a4b8ee54db361b3c573d18bb.sol:29:3: Missing @return tag in function 'mul' [Warning/use-natspec]
/sb/0x99705a8b60d0fe21a4b8ee54db361b3c573d18bb.sol:29:3: Mismatch in @return count for function 'mul'. Expected: 1, Found: 0 [Warning/use-natspec]
/sb/0x99705a8b60d0fe21a4b8ee54db361b3c573d18bb.sol:38:3: Missing @notice tag in function 'div' [Warning/use-natspec]
/sb/0x99705a8b60d0fe21a4b8ee54db361b3c573d18bb.sol:38:3: Missing @param tag in function 'div' [Warning/use-natspec]
/sb/0x99705a8b60d0fe21a4b8ee54db361b3c573d18bb.sol:38:3: Mismatch in @param names for function 'div'. Expected: [a, b], Found: [] [Warning/use-natspec]
/sb/0x99705a8b60d0fe21a4b8ee54db361b3c573d18bb.sol:38:3: Missing @return tag in function 'div' [Warning/use-natspec]
/sb/0x99705a8b60d0fe21a4b8ee54db361b3c573d18bb.sol:38:3: Mismatch in @return count for function 'div'. Expected: 1, Found: 0 [Warning/use-natspec]
/sb/0x99705a8b60d0fe21a4b8ee54db361b3c573d18bb.sol:45:3: Missing @notice tag in function 'sub' [Warning/use-natspec]
/sb/0x99705a8b60d0fe21a4b8ee54db361b3c573d18bb.sol:45:3: Missing @param tag in function 'sub' [Warning/use-natspec]
/sb/0x99705a8b60d0fe21a4b8ee54db361b3c573d18bb.sol:45:3: Mismatch in @param names for function 'sub'. Expected: [a, b], Found: [] [Warning/use-natspec]
/sb/0x99705a8b60d0fe21a4b8ee54db361b3c573d18bb.sol:45:3: Missing @return tag in function 'sub' [Warning/use-natspec]
/sb/0x99705a8b60d0fe21a4b8ee54db361b3c573d18bb.sol:45:3: Mismatch in @return count for function 'sub'. Expected: 1, Found: 0 [Warning/use-natspec]
/sb/0x99705a8b60d0fe21a4b8ee54db361b3c573d18bb.sol:46:12: GC: Non strict inequality found. Try converting to a strict one [Warning/gas-strict-inequalities]
/sb/0x99705a8b60d0fe21a4b8ee54db361b3c573d18bb.sol:50:3: Missing @notice tag in function 'add' [Warning/use-natspec]
/sb/0x99705a8b60d0fe21a4b8ee54db361b3c573d18bb.sol:50:3: Missing @param tag in function 'add' [Warning/use-natspec]
/sb/0x99705a8b60d0fe21a4b8ee54db361b3c573d18bb.sol:50:3: Mismatch in @param names for function 'add'. Expected: [a, b], Found: [] [Warning/use-natspec]
/sb/0x99705a8b60d0fe21a4b8ee54db361b3c573d18bb.sol:50:3: Missing @return tag in function 'add' [Warning/use-natspec]
/sb/0x99705a8b60d0fe21a4b8ee54db361b3c573d18bb.sol:50:3: Mismatch in @return count for function 'add'. Expected: 1, Found: 0 [Warning/use-natspec]
/sb/0x99705a8b60d0fe21a4b8ee54db361b3c573d18bb.sol:52:12: GC: Non strict inequality found. Try converting to a strict one [Warning/gas-strict-inequalities]
/sb/0x99705a8b60d0fe21a4b8ee54db361b3c573d18bb.sol:62:1: Missing @author tag in contract 'BasicToken' [Warning/use-natspec]
/sb/0x99705a8b60d0fe21a4b8ee54db361b3c573d18bb.sol:62:1: Missing @notice tag in contract 'BasicToken' [Warning/use-natspec]
/sb/0x99705a8b60d0fe21a4b8ee54db361b3c573d18bb.sol:65:3: Explicitly mark visibility of state [Warning/state-visibility]
/sb/0x99705a8b60d0fe21a4b8ee54db361b3c573d18bb.sol:72:3: Missing @notice tag in function 'transfer' [Warning/use-natspec]
/sb/0x99705a8b60d0fe21a4b8ee54db361b3c573d18bb.sol:72:3: Missing @return tag in function 'transfer' [Warning/use-natspec]
/sb/0x99705a8b60d0fe21a4b8ee54db361b3c573d18bb.sol:72:3: Mismatch in @return count for function 'transfer'. Expected: 1, Found: 0 [Warning/use-natspec]
/sb/0x99705a8b60d0fe21a4b8ee54db361b3c573d18bb.sol:73:5: Provide an error message for require [Warning/reason-string]
/sb/0x99705a8b60d0fe21a4b8ee54db361b3c573d18bb.sol:74:5: Provide an error message for require [Warning/reason-string]
/sb/0x99705a8b60d0fe21a4b8ee54db361b3c573d18bb.sol:74:13: GC: Non strict inequality found. Try converting to a strict one [Warning/gas-strict-inequalities]
/sb/0x99705a8b60d0fe21a4b8ee54db361b3c573d18bb.sol:88:3: Missing @notice tag in function 'balanceOf' [Warning/use-natspec]
/sb/0x99705a8b60d0fe21a4b8ee54db361b3c573d18bb.sol:88:3: Mismatch in @return names for function 'balanceOf'. Expected: [balance], Found: [An] [Warning/use-natspec]
/sb/0x99705a8b60d0fe21a4b8ee54db361b3c573d18bb.sol:99:1: Missing @author tag in contract 'ERC20' [Warning/use-natspec]
/sb/0x99705a8b60d0fe21a4b8ee54db361b3c573d18bb.sol:99:1: Missing @notice tag in contract 'ERC20' [Warning/use-natspec]
/sb/0x99705a8b60d0fe21a4b8ee54db361b3c573d18bb.sol:100:3: Missing @notice tag in function 'allowance' [Warning/use-natspec]
/sb/0x99705a8b60d0fe21a4b8ee54db361b3c573d18bb.sol:100:3: Missing @param tag in function 'allowance' [Warning/use-natspec]
/sb/0x99705a8b60d0fe21a4b8ee54db361b3c573d18bb.sol:100:3: Mismatch in @param names for function 'allowance'. Expected: [owner, spender], Found: [] [Warning/use-natspec]
/sb/0x99705a8b60d0fe21a4b8ee54db361b3c573d18bb.sol:100:3: Missing @return tag in function 'allowance' [Warning/use-natspec]
/sb/0x99705a8b60d0fe21a4b8ee54db361b3c573d18bb.sol:100:3: Mismatch in @return count for function 'allowance'. Expected: 1, Found: 0 [Warning/use-natspec]
/sb/0x99705a8b60d0fe21a4b8ee54db361b3c573d18bb.sol:101:3: Missing @notice tag in function 'transferFrom' [Warning/use-natspec]
/sb/0x99705a8b60d0fe21a4b8ee54db361b3c573d18bb.sol:101:3: Missing @param tag in function 'transferFrom' [Warning/use-natspec]
/sb/0x99705a8b60d0fe21a4b8ee54db361b3c573d18bb.sol:101:3: Mismatch in @param names for function 'transferFrom'. Expected: [from, to, value], Found: [] [Warning/use-natspec]
/sb/0x99705a8b60d0fe21a4b8ee54db361b3c573d18bb.sol:101:3: Missing @return tag in function 'transferFrom' [Warning/use-natspec]
/sb/0x99705a8b60d0fe21a4b8ee54db361b3c573d18bb.sol:101:3: Mismatch in @return count for function 'transferFrom'. Expected: 1, Found: 0 [Warning/use-natspec]
/sb/0x99705a8b60d0fe21a4b8ee54db361b3c573d18bb.sol:102:3: Missing @notice tag in function 'approve' [Warning/use-natspec]
/sb/0x99705a8b60d0fe21a4b8ee54db361b3c573d18bb.sol:102:3: Missing @param tag in function 'approve' [Warning/use-natspec]
/sb/0x99705a8b60d0fe21a4b8ee54db361b3c573d18bb.sol:102:3: Mismatch in @param names for function 'approve'. Expected: [spender, value], Found: [] [Warning/use-natspec]
/sb/0x99705a8b60d0fe21a4b8ee54db361b3c573d18bb.sol:102:3: Missing @return tag in function 'approve' [Warning/use-natspec]
/sb/0x99705a8b60d0fe21a4b8ee54db361b3c573d18bb.sol:102:3: Mismatch in @return count for function 'approve'. Expected: 1, Found: 0 [Warning/use-natspec]
/sb/0x99705a8b60d0fe21a4b8ee54db361b3c573d18bb.sol:103:3: Missing @notice tag in event 'Approval' [Warning/use-natspec]
/sb/0x99705a8b60d0fe21a4b8ee54db361b3c573d18bb.sol:103:3: Missing @param tag in event 'Approval' [Warning/use-natspec]
/sb/0x99705a8b60d0fe21a4b8ee54db361b3c573d18bb.sol:103:3: Mismatch in @param names for event 'Approval'. Expected: [owner, spender, value], Found: [] [Warning/use-natspec]
/sb/0x99705a8b60d0fe21a4b8ee54db361b3c573d18bb.sol:103:3: GC: [value] on Event [Approval] could be Indexed [Warning/gas-indexed-events]
/sb/0x99705a8b60d0fe21a4b8ee54db361b3c573d18bb.sol:114:1: Missing @author tag in contract 'StandardToken' [Warning/use-natspec]
/sb/0x99705a8b60d0fe21a4b8ee54db361b3c573d18bb.sol:114:1: Missing @notice tag in contract 'StandardToken' [Warning/use-natspec]
/sb/0x99705a8b60d0fe21a4b8ee54db361b3c573d18bb.sol:125:3: Missing @notice tag in function 'transferFrom' [Warning/use-natspec]
/sb/0x99705a8b60d0fe21a4b8ee54db361b3c573d18bb.sol:125:3: Missing @return tag in function 'transferFrom' [Warning/use-natspec]
/sb/0x99705a8b60d0fe21a4b8ee54db361b3c573d18bb.sol:125:3: Mismatch in @return count for function 'transferFrom'. Expected: 1, Found: 0 [Warning/use-natspec]
/sb/0x99705a8b60d0fe21a4b8ee54db361b3c573d18bb.sol:126:5: Provide an error message for require [Warning/reason-string]
/sb/0x99705a8b60d0fe21a4b8ee54db361b3c573d18bb.sol:127:5: Provide an error message for require [Warning/reason-string]
/sb/0x99705a8b60d0fe21a4b8ee54db361b3c573d18bb.sol:127:13: GC: Non strict inequality found. Try converting to a strict one [Warning/gas-strict-inequalities]
/sb/0x99705a8b60d0fe21a4b8ee54db361b3c573d18bb.sol:128:5: Provide an error message for require [Warning/reason-string]
/sb/0x99705a8b60d0fe21a4b8ee54db361b3c573d18bb.sol:128:13: GC: Non strict inequality found. Try converting to a strict one [Warning/gas-strict-inequalities]
/sb/0x99705a8b60d0fe21a4b8ee54db361b3c573d18bb.sol:147:3: Missing @notice tag in function 'approve' [Warning/use-natspec]
/sb/0x99705a8b60d0fe21a4b8ee54db361b3c573d18bb.sol:147:3: Missing @return tag in function 'approve' [Warning/use-natspec]
/sb/0x99705a8b60d0fe21a4b8ee54db361b3c573d18bb.sol:147:3: Mismatch in @return count for function 'approve'. Expected: 1, Found: 0 [Warning/use-natspec]
/sb/0x99705a8b60d0fe21a4b8ee54db361b3c573d18bb.sol:159:3: Missing @notice tag in function 'allowance' [Warning/use-natspec]
/sb/0x99705a8b60d0fe21a4b8ee54db361b3c573d18bb.sol:173:3: Missing @notice tag in function 'increaseApproval' [Warning/use-natspec]
/sb/0x99705a8b60d0fe21a4b8ee54db361b3c573d18bb.sol:173:3: Missing @return tag in function 'increaseApproval' [Warning/use-natspec]
/sb/0x99705a8b60d0fe21a4b8ee54db361b3c573d18bb.sol:173:3: Mismatch in @return count for function 'increaseApproval'. Expected: 1, Found: 0 [Warning/use-natspec]
/sb/0x99705a8b60d0fe21a4b8ee54db361b3c573d18bb.sol:173:47: Rule is set with explicit type [var/s: uint] [Warning/explicit-types]
/sb/0x99705a8b60d0fe21a4b8ee54db361b3c573d18bb.sol:189:3: Missing @notice tag in function 'decreaseApproval' [Warning/use-natspec]
/sb/0x99705a8b60d0fe21a4b8ee54db361b3c573d18bb.sol:189:3: Missing @return tag in function 'decreaseApproval' [Warning/use-natspec]
/sb/0x99705a8b60d0fe21a4b8ee54db361b3c573d18bb.sol:189:3: Mismatch in @return count for function 'decreaseApproval'. Expected: 1, Found: 0 [Warning/use-natspec]
/sb/0x99705a8b60d0fe21a4b8ee54db361b3c573d18bb.sol:189:47: Rule is set with explicit type [var/s: uint] [Warning/explicit-types]
/sb/0x99705a8b60d0fe21a4b8ee54db361b3c573d18bb.sol:190:5: Rule is set with explicit type [var/s: uint] [Warning/explicit-types]
/sb/0x99705a8b60d0fe21a4b8ee54db361b3c573d18bb.sol:208:1: Missing @author tag in contract 'Ownable' [Warning/use-natspec]
/sb/0x99705a8b60d0fe21a4b8ee54db361b3c573d18bb.sol:208:1: Missing @notice tag in contract 'Ownable' [Warning/use-natspec]
/sb/0x99705a8b60d0fe21a4b8ee54db361b3c573d18bb.sol:209:3: Missing @notice tag in variable 'owner' [Warning/use-natspec]
/sb/0x99705a8b60d0fe21a4b8ee54db361b3c573d18bb.sol:212:3: Missing @notice tag in event 'OwnershipTransferred' [Warning/use-natspec]
/sb/0x99705a8b60d0fe21a4b8ee54db361b3c573d18bb.sol:212:3: Missing @param tag in event 'OwnershipTransferred' [Warning/use-natspec]
/sb/0x99705a8b60d0fe21a4b8ee54db361b3c573d18bb.sol:212:3: Mismatch in @param names for event 'OwnershipTransferred'. Expected: [previousOwner, newOwner], Found: [] [Warning/use-natspec]
/sb/0x99705a8b60d0fe21a4b8ee54db361b3c573d18bb.sol:219:3: Missing @notice tag in function 'Ownable' [Warning/use-natspec]
/sb/0x99705a8b60d0fe21a4b8ee54db361b3c573d18bb.sol:228:5: Provide an error message for require [Warning/reason-string]
/sb/0x99705a8b60d0fe21a4b8ee54db361b3c573d18bb.sol:237:3: Missing @notice tag in function 'transferOwnership' [Warning/use-natspec]
/sb/0x99705a8b60d0fe21a4b8ee54db361b3c573d18bb.sol:238:5: Provide an error message for require [Warning/reason-string]
/sb/0x99705a8b60d0fe21a4b8ee54db361b3c573d18bb.sol:251:1: Missing @author tag in contract 'Claimable' [Warning/use-natspec]
/sb/0x99705a8b60d0fe21a4b8ee54db361b3c573d18bb.sol:251:1: Missing @notice tag in contract 'Claimable' [Warning/use-natspec]
/sb/0x99705a8b60d0fe21a4b8ee54db361b3c573d18bb.sol:252:3: Missing @notice tag in variable 'pendingOwner' [Warning/use-natspec]
/sb/0x99705a8b60d0fe21a4b8ee54db361b3c573d18bb.sol:258:5: Provide an error message for require [Warning/reason-string]
/sb/0x99705a8b60d0fe21a4b8ee54db361b3c573d18bb.sol:266:3: Missing @notice tag in function 'transferOwnership' [Warning/use-natspec]
/sb/0x99705a8b60d0fe21a4b8ee54db361b3c573d18bb.sol:266:58: Visibility modifier must be first in list of modifiers [Warning/visibility-modifier-order]
/sb/0x99705a8b60d0fe21a4b8ee54db361b3c573d18bb.sol:273:3: Missing @notice tag in function 'claimOwnership' [Warning/use-natspec]
/sb/0x99705a8b60d0fe21a4b8ee54db361b3c573d18bb.sol:273:46: Visibility modifier must be first in list of modifiers [Warning/visibility-modifier-order]
/sb/0x99705a8b60d0fe21a4b8ee54db361b3c573d18bb.sol:296:1: Missing @notice tag in contract 'XmonetaToken' [Warning/use-natspec]
/sb/0x99705a8b60d0fe21a4b8ee54db361b3c573d18bb.sol:300:3: Missing @notice tag in variable 'name' [Warning/use-natspec]
/sb/0x99705a8b60d0fe21a4b8ee54db361b3c573d18bb.sol:300:3: Constant name must be in capitalized SNAKE_CASE [Warning/const-name-snakecase]
/sb/0x99705a8b60d0fe21a4b8ee54db361b3c573d18bb.sol:301:3: Missing @notice tag in variable 'symbol' [Warning/use-natspec]
/sb/0x99705a8b60d0fe21a4b8ee54db361b3c573d18bb.sol:301:3: Constant name must be in capitalized SNAKE_CASE [Warning/const-name-snakecase]
/sb/0x99705a8b60d0fe21a4b8ee54db361b3c573d18bb.sol:302:3: Missing @notice tag in variable 'decimals' [Warning/use-natspec]
/sb/0x99705a8b60d0fe21a4b8ee54db361b3c573d18bb.sol:302:3: Constant name must be in capitalized SNAKE_CASE [Warning/const-name-snakecase]
/sb/0x99705a8b60d0fe21a4b8ee54db361b3c573d18bb.sol:308:3: Missing @notice tag in variable 'INITIAL_SUPPLY' [Warning/use-natspec]
/sb/0x99705a8b60d0fe21a4b8ee54db361b3c573d18bb.sol:310:3: Missing @notice tag in variable 'vault' [Warning/use-natspec]
/sb/0x99705a8b60d0fe21a4b8ee54db361b3c573d18bb.sol:312:3: Missing @notice tag in variable 'salesAgent' [Warning/use-natspec]
/sb/0x99705a8b60d0fe21a4b8ee54db361b3c573d18bb.sol:316:3: Missing @notice tag in event 'SalesAgentAppointed' [Warning/use-natspec]
/sb/0x99705a8b60d0fe21a4b8ee54db361b3c573d18bb.sol:316:3: Missing @param tag in event 'SalesAgentAppointed' [Warning/use-natspec]
/sb/0x99705a8b60d0fe21a4b8ee54db361b3c573d18bb.sol:316:3: Mismatch in @param names for event 'SalesAgentAppointed'. Expected: [previousSalesAgent, newSalesAgent], Found: [] [Warning/use-natspec]
/sb/0x99705a8b60d0fe21a4b8ee54db361b3c573d18bb.sol:317:3: Missing @notice tag in event 'SalesAgentRemoved' [Warning/use-natspec]
/sb/0x99705a8b60d0fe21a4b8ee54db361b3c573d18bb.sol:317:3: Missing @param tag in event 'SalesAgentRemoved' [Warning/use-natspec]
/sb/0x99705a8b60d0fe21a4b8ee54db361b3c573d18bb.sol:317:3: Mismatch in @param names for event 'SalesAgentRemoved'. Expected: [currentSalesAgent], Found: [] [Warning/use-natspec]
/sb/0x99705a8b60d0fe21a4b8ee54db361b3c573d18bb.sol:318:3: Missing @notice tag in event 'Burn' [Warning/use-natspec]
/sb/0x99705a8b60d0fe21a4b8ee54db361b3c573d18bb.sol:318:3: Missing @param tag in event 'Burn' [Warning/use-natspec]
/sb/0x99705a8b60d0fe21a4b8ee54db361b3c573d18bb.sol:318:3: Mismatch in @param names for event 'Burn'. Expected: [valueToBurn], Found: [] [Warning/use-natspec]
/sb/0x99705a8b60d0fe21a4b8ee54db361b3c573d18bb.sol:318:3: GC: [valueToBurn] on Event [Burn] could be Indexed [Warning/gas-indexed-events]
/sb/0x99705a8b60d0fe21a4b8ee54db361b3c573d18bb.sol:323:3: Missing @notice tag in function 'XmonetaToken' [Warning/use-natspec]
/sb/0x99705a8b60d0fe21a4b8ee54db361b3c573d18bb.sol:330:3: Missing @notice tag in function 'setSalesAgent' [Warning/use-natspec]
/sb/0x99705a8b60d0fe21a4b8ee54db361b3c573d18bb.sol:330:3: Missing @param tag in function 'setSalesAgent' [Warning/use-natspec]
/sb/0x99705a8b60d0fe21a4b8ee54db361b3c573d18bb.sol:330:3: Mismatch in @param names for function 'setSalesAgent'. Expected: [newSalesAgent], Found: [] [Warning/use-natspec]
/sb/0x99705a8b60d0fe21a4b8ee54db361b3c573d18bb.sol:330:59: Visibility modifier must be first in list of modifiers [Warning/visibility-modifier-order]
/sb/0x99705a8b60d0fe21a4b8ee54db361b3c573d18bb.sol:336:3: Missing @notice tag in function 'removeSalesAgent' [Warning/use-natspec]
/sb/0x99705a8b60d0fe21a4b8ee54db361b3c573d18bb.sol:336:41: Visibility modifier must be first in list of modifiers [Warning/visibility-modifier-order]
/sb/0x99705a8b60d0fe21a4b8ee54db361b3c573d18bb.sol:342:3: Missing @notice tag in function 'transferTokensFromVault' [Warning/use-natspec]
/sb/0x99705a8b60d0fe21a4b8ee54db361b3c573d18bb.sol:342:3: Missing @param tag in function 'transferTokensFromVault' [Warning/use-natspec]
/sb/0x99705a8b60d0fe21a4b8ee54db361b3c573d18bb.sol:342:3: Mismatch in @param names for function 'transferTokensFromVault'. Expected: [fromAddress, toAddress, tokensAmount], Found: [] [Warning/use-natspec]
/sb/0x99705a8b60d0fe21a4b8ee54db361b3c573d18bb.sol:343:5: Provide an error message for require [Warning/reason-string]
/sb/0x99705a8b60d0fe21a4b8ee54db361b3c573d18bb.sol:350:3: Missing @notice tag in function 'burn' [Warning/use-natspec]
/sb/0x99705a8b60d0fe21a4b8ee54db361b3c573d18bb.sol:350:3: Missing @param tag in function 'burn' [Warning/use-natspec]
/sb/0x99705a8b60d0fe21a4b8ee54db361b3c573d18bb.sol:350:3: Mismatch in @param names for function 'burn'. Expected: [valueToBurn], Found: [] [Warning/use-natspec]
/sb/0x99705a8b60d0fe21a4b8ee54db361b3c573d18bb.sol:350:48: Visibility modifier must be first in list of modifiers [Warning/visibility-modifier-order]
/sb/0x99705a8b60d0fe21a4b8ee54db361b3c573d18bb.sol:351:5: Provide an error message for require [Warning/reason-string]

152 problem/s (1 error/s, 151 warning/s)
