Extract contract Crowdsale from /sb/0x9e611784170b297091de56eb50162548d9b54d87.sol
Extract contract Investment from /sb/0x9e611784170b297091de56eb50162548d9b54d87.sol
Extracted 2 contract(s) from /sb/0x9e611784170b297091de56eb50162548d9b54d87.sol
[0;32m> Created "fuzzMe"[0m
[0;32m> To fuzz contracts:[0m
  chmod +x fuzzMe
  ./fuzzMe
contracts/Investment.sol:18:2: Warning: Defining constructors as functions with the same name as the contract is deprecated. Use "constructor(...) { ... }" instead.
	function Investment(){
 ^ (Relevant source part starts here and spans across multiple lines).
contracts/Investment.sol:19:19: Warning: This looks like an address but has an invalid checksum. If this is not used as an address, please prepend '00'. Correct checksummed address: '0x7be89DB09b0C1023FD0407B24B98810aE97f61C1'. For more information please see https://solidity.readthedocs.io/en/develop/types.html#address-literals
		ico = Crowdsale(0x7be89db09b0c1023fd0407b24b98810ae97f61c1);
		                ^----------------------------------------^
contracts/Investment.sol:54:3: Warning: Failure condition of 'send' ignored. Consider using 'transfer' instead.
		msg.sender.send(balanceOf[msg.sender]);
		^------------------------------------^
contracts/Investment.sol:4:2: Warning: No visibility specified. Defaulting to "public". 
	function invest(address receiver) payable{}
	^-----------------------------------------^
contracts/Investment.sol:4:18: Warning: Unused function parameter. Remove or comment out the variable name to silence this warning.
	function invest(address receiver) payable{}
	                ^--------------^
contracts/Investment.sol:18:2: Warning: No visibility specified. Defaulting to "public". 
	function Investment(){
 ^ (Relevant source part starts here and spans across multiple lines).
contracts/Investment.sol:23:2: Warning: No visibility specified. Defaulting to "public". 
	function() payable{
 ^ (Relevant source part starts here and spans across multiple lines).
contracts/Investment.sol:31:2: Warning: No visibility specified. Defaulting to "public". 
	function isInvestor(address who) returns (bool){
 ^ (Relevant source part starts here and spans across multiple lines).
contracts/Investment.sol:39:2: Warning: No visibility specified. Defaulting to "public". 
	function buyTokens(uint from, uint to){
 ^ (Relevant source part starts here and spans across multiple lines).
contracts/Investment.sol:53:2: Warning: No visibility specified. Defaulting to "public". 
	function withdraw(){
 ^ (Relevant source part starts here and spans across multiple lines).
contracts/Investment.sol:58:2: Warning: No visibility specified. Defaulting to "public". 
	function getNumInvestors() constant returns(uint){
 ^ (Relevant source part starts here and spans across multiple lines).
contracts/Investment.sol:31:2: Warning: Function state mutability can be restricted to view
	function isInvestor(address who) returns (bool){
 ^ (Relevant source part starts here and spans across multiple lines).
contracts/Crowdsale.sol:18:2: Warning: Defining constructors as functions with the same name as the contract is deprecated. Use "constructor(...) { ... }" instead.
	function Investment(){
 ^ (Relevant source part starts here and spans across multiple lines).
contracts/Crowdsale.sol:19:19: Warning: This looks like an address but has an invalid checksum. If this is not used as an address, please prepend '00'. Correct checksummed address: '0x7be89DB09b0C1023FD0407B24B98810aE97f61C1'. For more information please see https://solidity.readthedocs.io/en/develop/types.html#address-literals
		ico = Crowdsale(0x7be89db09b0c1023fd0407b24b98810ae97f61c1);
		                ^----------------------------------------^
contracts/Crowdsale.sol:54:3: Warning: Failure condition of 'send' ignored. Consider using 'transfer' instead.
		msg.sender.send(balanceOf[msg.sender]);
		^------------------------------------^
contracts/Crowdsale.sol:4:2: Warning: No visibility specified. Defaulting to "public". 
	function invest(address receiver) payable{}
	^-----------------------------------------^
contracts/Crowdsale.sol:4:18: Warning: Unused function parameter. Remove or comment out the variable name to silence this warning.
	function invest(address receiver) payable{}
	                ^--------------^
contracts/Crowdsale.sol:18:2: Warning: No visibility specified. Defaulting to "public". 
	function Investment(){
 ^ (Relevant source part starts here and spans across multiple lines).
contracts/Crowdsale.sol:23:2: Warning: No visibility specified. Defaulting to "public". 
	function() payable{
 ^ (Relevant source part starts here and spans across multiple lines).
contracts/Crowdsale.sol:31:2: Warning: No visibility specified. Defaulting to "public". 
	function isInvestor(address who) returns (bool){
 ^ (Relevant source part starts here and spans across multiple lines).
contracts/Crowdsale.sol:39:2: Warning: No visibility specified. Defaulting to "public". 
	function buyTokens(uint from, uint to){
 ^ (Relevant source part starts here and spans across multiple lines).
contracts/Crowdsale.sol:53:2: Warning: No visibility specified. Defaulting to "public". 
	function withdraw(){
 ^ (Relevant source part starts here and spans across multiple lines).
contracts/Crowdsale.sol:58:2: Warning: No visibility specified. Defaulting to "public". 
	function getNumInvestors() constant returns(uint){
 ^ (Relevant source part starts here and spans across multiple lines).
contracts/Crowdsale.sol:31:2: Warning: Function state mutability can be restricted to view
	function isInvestor(address who) returns (bool){
 ^ (Relevant source part starts here and spans across multiple lines).
assets/NormalAttacker.sol:5:3: Warning: No visibility specified. Defaulting to "public". 
  function() payable {
  ^ (Relevant source part starts here and spans across multiple lines).
assets/ReentrancyAttacker.sol:8:7: Warning: Return value of low-level calls not used.
      msg.sender.call(bytes4(255));
      ^--------------------------^
assets/ReentrancyAttacker.sol:5:3: Warning: No visibility specified. Defaulting to "public". 
  function() payable {
  ^ (Relevant source part starts here and spans across multiple lines).
>> Fuzz Investment
** Write stats: 0.005106
** Write stats: 5.00029
** Write stats: 10.0004
** Write stats: 15.0001
** Write stats: 20.0002
** Write stats: 25.0003
** Write stats: 30.0002
** Write stats: 35.0001
** Write stats: 40.0002
** Write stats: 45.0004
** Write stats: 50.0001
** Write stats: 55.0004
** Write stats: 60.0003
** Write stats: 65.0004
** Write stats: 70.0003
** Write stats: 75.0002
** Write stats: 80.0002
** Write stats: 85.0005
** Write stats: 90.0003
** Write stats: 95.0001
** Write stats: 100
** Write stats: 105.006
** Write stats: 110.001
** Write stats: 115
** Write stats: 120.001
** Write stats: 120.015
>> Fuzz Crowdsale
** Write stats: 0.002714
** Write stats: 5.00015
** Write stats: 10.0001
** Write stats: 15.0115
** Write stats: 20.0001
** Write stats: 25.0002
** Write stats: 30.0002
** Write stats: 35.0114
** Write stats: 40.2481
** Write stats: 45.0001
** Write stats: 50.0001
** Write stats: 55.0001
** Write stats: 60.0001
** Write stats: 65.0001
** Write stats: 70.0001
** Write stats: 75.0001
** Write stats: 80.0001
** Write stats: 85.0134
** Write stats: 90.0002
** Write stats: 95.0029
** Write stats: 100.01
** Write stats: 105
** Write stats: 110
** Write stats: 115
** Write stats: 120
** Write stats: 120.002
