ANTLR runtime and generated code versions disagree: 4.9.2!=4.7.2
ANTLR runtime and generated code versions disagree: 4.9.2!=4.7.2
Analysing /sb/0xe6a61590237415230c8412d818a13ce7f64ad789.sol:true_game...
Vulnerability: Integer Overflow. Maybe in function: set_game(string,string). PC: 0x5ff. Line number: 23.
If a = 32
and b = 115792089237316195423570985008687907853269984665640564039457584007913129639713
Vulnerability: Integer Overflow. Maybe in function: set_game(string,string). PC: 0x24a. Line number: 20.
If a = 4
and b = 115792089237316195423570985008687907853269984665640564039457584007913129639932
Vulnerability: Integer Overflow. Maybe in function: NewQuestion(string,bytes32). PC: 0x701. Line number: 3.
If a = 57896044618658097711786258752114386871064171506333857174320601373517656620928
and b = 57896044618658097711786258752114386871064171506333857174320601373517656620928
Vulnerability: Reentrancy. Maybe in function: Try(string). PC: 0x353. Line number: 10.
Vulnerability: Integer Underflow. Maybe in function: Try(string). PC: 0x2e6. Line number: 8.
If a = 115792089237316195423570985008687907853269984665640564039457584007913129639808
and b = 128
Vulnerability: Reentrancy. Maybe in function: StopGame(). PC: 0x5c8. Line number: 31.
Vulnerability: Integer Overflow. Maybe in function: Try(string). PC: 0x8f. Line number: 5.
If a = 4
and b = 115792089237316195423570985008687907853269984665640564039457584007913129639932
Vulnerability: Integer Overflow. Maybe in function: NewQuestion(string,bytes32). PC: 0xc3. Line number: 34.
If a = 32
and b = 115792089237316195423570985008687907853269984665640564039457584007913129639900
Vulnerability: Integer Overflow. Maybe in function: Try(string). PC: 0x2d9. Line number: 8.
If a = 128
and b = 115792089237316195423570985008687907853269984665640564039457584007913129639808
