A new version of Solhint is available: 6.0.1
Please consider updating your Solhint package.
/sb/0x92a3e244d11eca878c7fea4788325d0e6c3d29f5.sol:1:1: Compiler version ^0.4.11 does not satisfy the ^0.8.24 semver requirement [Error/compiler-version]
/sb/0x92a3e244d11eca878c7fea4788325d0e6c3d29f5.sol:2:1: Missing @title tag in contract 'OrpheusBlockChainCitySiam' [Warning/use-natspec]
/sb/0x92a3e244d11eca878c7fea4788325d0e6c3d29f5.sol:2:1: Missing @author tag in contract 'OrpheusBlockChainCitySiam' [Warning/use-natspec]
/sb/0x92a3e244d11eca878c7fea4788325d0e6c3d29f5.sol:2:1: Missing @notice tag in contract 'OrpheusBlockChainCitySiam' [Warning/use-natspec]
/sb/0x92a3e244d11eca878c7fea4788325d0e6c3d29f5.sol:4:5: Rule is set with explicit type [var/s: uint] [Warning/explicit-types]
/sb/0x92a3e244d11eca878c7fea4788325d0e6c3d29f5.sol:4:5: Missing @notice tag in variable '_totalSupply' [Warning/use-natspec]
/sb/0x92a3e244d11eca878c7fea4788325d0e6c3d29f5.sol:4:5: Constant name must be in capitalized SNAKE_CASE [Warning/const-name-snakecase]
/sb/0x92a3e244d11eca878c7fea4788325d0e6c3d29f5.sol:6:5: Missing @notice tag in variable 'symbol' [Warning/use-natspec]
/sb/0x92a3e244d11eca878c7fea4788325d0e6c3d29f5.sol:6:5: Constant name must be in capitalized SNAKE_CASE [Warning/const-name-snakecase]
/sb/0x92a3e244d11eca878c7fea4788325d0e6c3d29f5.sol:7:5: Missing @notice tag in variable 'name' [Warning/use-natspec]
/sb/0x92a3e244d11eca878c7fea4788325d0e6c3d29f5.sol:7:5: Constant name must be in capitalized SNAKE_CASE [Warning/const-name-snakecase]
/sb/0x92a3e244d11eca878c7fea4788325d0e6c3d29f5.sol:8:5: Missing @notice tag in variable 'decimals' [Warning/use-natspec]
/sb/0x92a3e244d11eca878c7fea4788325d0e6c3d29f5.sol:8:5: Constant name must be in capitalized SNAKE_CASE [Warning/const-name-snakecase]
/sb/0x92a3e244d11eca878c7fea4788325d0e6c3d29f5.sol:10:5: Explicitly mark visibility of state [Warning/state-visibility]
/sb/0x92a3e244d11eca878c7fea4788325d0e6c3d29f5.sol:11:5: Explicitly mark visibility of state [Warning/state-visibility]
/sb/0x92a3e244d11eca878c7fea4788325d0e6c3d29f5.sol:13:5: Missing @notice tag in function 'OrpheusBlockChainCitySiam' [Warning/use-natspec]
/sb/0x92a3e244d11eca878c7fea4788325d0e6c3d29f5.sol:13:5: Explicitly mark visibility in function (Set ignoreConstructors to true if using solidity >=0.7.0) [Warning/func-visibility]
/sb/0x92a3e244d11eca878c7fea4788325d0e6c3d29f5.sol:17:5: Missing @notice tag in function 'totalSupply' [Warning/use-natspec]
/sb/0x92a3e244d11eca878c7fea4788325d0e6c3d29f5.sol:17:5: Missing @return tag in function 'totalSupply' [Warning/use-natspec]
/sb/0x92a3e244d11eca878c7fea4788325d0e6c3d29f5.sol:17:5: Mismatch in @return names for function 'totalSupply'. Expected: [totalSupply], Found: [] [Warning/use-natspec]
/sb/0x92a3e244d11eca878c7fea4788325d0e6c3d29f5.sol:17:5: Explicitly mark visibility in function [Warning/func-visibility]
/sb/0x92a3e244d11eca878c7fea4788325d0e6c3d29f5.sol:21:5: Missing @notice tag in function 'balanceOf' [Warning/use-natspec]
/sb/0x92a3e244d11eca878c7fea4788325d0e6c3d29f5.sol:21:5: Missing @param tag in function 'balanceOf' [Warning/use-natspec]
/sb/0x92a3e244d11eca878c7fea4788325d0e6c3d29f5.sol:21:5: Mismatch in @param names for function 'balanceOf'. Expected: [_owner], Found: [] [Warning/use-natspec]
/sb/0x92a3e244d11eca878c7fea4788325d0e6c3d29f5.sol:21:5: Missing @return tag in function 'balanceOf' [Warning/use-natspec]
/sb/0x92a3e244d11eca878c7fea4788325d0e6c3d29f5.sol:21:5: Mismatch in @return names for function 'balanceOf'. Expected: [balance], Found: [] [Warning/use-natspec]
/sb/0x92a3e244d11eca878c7fea4788325d0e6c3d29f5.sol:21:5: Explicitly mark visibility in function [Warning/func-visibility]
/sb/0x92a3e244d11eca878c7fea4788325d0e6c3d29f5.sol:25:5: Missing @notice tag in function 'transfer' [Warning/use-natspec]
/sb/0x92a3e244d11eca878c7fea4788325d0e6c3d29f5.sol:25:5: Missing @param tag in function 'transfer' [Warning/use-natspec]
/sb/0x92a3e244d11eca878c7fea4788325d0e6c3d29f5.sol:25:5: Mismatch in @param names for function 'transfer'. Expected: [_to, _value], Found: [] [Warning/use-natspec]
/sb/0x92a3e244d11eca878c7fea4788325d0e6c3d29f5.sol:25:5: Missing @return tag in function 'transfer' [Warning/use-natspec]
/sb/0x92a3e244d11eca878c7fea4788325d0e6c3d29f5.sol:25:5: Mismatch in @return names for function 'transfer'. Expected: [success], Found: [] [Warning/use-natspec]
/sb/0x92a3e244d11eca878c7fea4788325d0e6c3d29f5.sol:25:5: Explicitly mark visibility in function [Warning/func-visibility]
/sb/0x92a3e244d11eca878c7fea4788325d0e6c3d29f5.sol:26:9: Provide an error message for require [Warning/reason-string]
/sb/0x92a3e244d11eca878c7fea4788325d0e6c3d29f5.sol:27:13: GC: Non strict inequality found. Try converting to a strict one [Warning/gas-strict-inequalities]
/sb/0x92a3e244d11eca878c7fea4788325d0e6c3d29f5.sol:36:5: Missing @notice tag in function 'transferFrom' [Warning/use-natspec]
/sb/0x92a3e244d11eca878c7fea4788325d0e6c3d29f5.sol:36:5: Missing @param tag in function 'transferFrom' [Warning/use-natspec]
/sb/0x92a3e244d11eca878c7fea4788325d0e6c3d29f5.sol:36:5: Mismatch in @param names for function 'transferFrom'. Expected: [_from, _to, _value], Found: [] [Warning/use-natspec]
/sb/0x92a3e244d11eca878c7fea4788325d0e6c3d29f5.sol:36:5: Missing @return tag in function 'transferFrom' [Warning/use-natspec]
/sb/0x92a3e244d11eca878c7fea4788325d0e6c3d29f5.sol:36:5: Mismatch in @return names for function 'transferFrom'. Expected: [success], Found: [] [Warning/use-natspec]
/sb/0x92a3e244d11eca878c7fea4788325d0e6c3d29f5.sol:36:5: Explicitly mark visibility in function [Warning/func-visibility]
/sb/0x92a3e244d11eca878c7fea4788325d0e6c3d29f5.sol:37:9: Provide an error message for require [Warning/reason-string]
/sb/0x92a3e244d11eca878c7fea4788325d0e6c3d29f5.sol:38:13: GC: Non strict inequality found. Try converting to a strict one [Warning/gas-strict-inequalities]
/sb/0x92a3e244d11eca878c7fea4788325d0e6c3d29f5.sol:39:16: GC: Non strict inequality found. Try converting to a strict one [Warning/gas-strict-inequalities]
/sb/0x92a3e244d11eca878c7fea4788325d0e6c3d29f5.sol:49:5: Missing @notice tag in function 'approve' [Warning/use-natspec]
/sb/0x92a3e244d11eca878c7fea4788325d0e6c3d29f5.sol:49:5: Missing @param tag in function 'approve' [Warning/use-natspec]
/sb/0x92a3e244d11eca878c7fea4788325d0e6c3d29f5.sol:49:5: Mismatch in @param names for function 'approve'. Expected: [_spender, _value], Found: [] [Warning/use-natspec]
/sb/0x92a3e244d11eca878c7fea4788325d0e6c3d29f5.sol:49:5: Missing @return tag in function 'approve' [Warning/use-natspec]
/sb/0x92a3e244d11eca878c7fea4788325d0e6c3d29f5.sol:49:5: Mismatch in @return names for function 'approve'. Expected: [success], Found: [] [Warning/use-natspec]
/sb/0x92a3e244d11eca878c7fea4788325d0e6c3d29f5.sol:49:5: Explicitly mark visibility in function [Warning/func-visibility]
/sb/0x92a3e244d11eca878c7fea4788325d0e6c3d29f5.sol:55:5: Missing @notice tag in function 'allowance' [Warning/use-natspec]
/sb/0x92a3e244d11eca878c7fea4788325d0e6c3d29f5.sol:55:5: Missing @param tag in function 'allowance' [Warning/use-natspec]
/sb/0x92a3e244d11eca878c7fea4788325d0e6c3d29f5.sol:55:5: Mismatch in @param names for function 'allowance'. Expected: [_owner, _spender], Found: [] [Warning/use-natspec]
/sb/0x92a3e244d11eca878c7fea4788325d0e6c3d29f5.sol:55:5: Missing @return tag in function 'allowance' [Warning/use-natspec]
/sb/0x92a3e244d11eca878c7fea4788325d0e6c3d29f5.sol:55:5: Mismatch in @return names for function 'allowance'. Expected: [remaining], Found: [] [Warning/use-natspec]
/sb/0x92a3e244d11eca878c7fea4788325d0e6c3d29f5.sol:55:5: Explicitly mark visibility in function [Warning/func-visibility]
/sb/0x92a3e244d11eca878c7fea4788325d0e6c3d29f5.sol:59:5: Missing @notice tag in event 'Transfer' [Warning/use-natspec]
/sb/0x92a3e244d11eca878c7fea4788325d0e6c3d29f5.sol:59:5: Missing @param tag in event 'Transfer' [Warning/use-natspec]
/sb/0x92a3e244d11eca878c7fea4788325d0e6c3d29f5.sol:59:5: Mismatch in @param names for event 'Transfer'. Expected: [_from, _to, _value], Found: [] [Warning/use-natspec]
/sb/0x92a3e244d11eca878c7fea4788325d0e6c3d29f5.sol:59:5: GC: [_value] on Event [Transfer] could be Indexed [Warning/gas-indexed-events]
/sb/0x92a3e244d11eca878c7fea4788325d0e6c3d29f5.sol:60:5: Missing @notice tag in event 'Approval' [Warning/use-natspec]
/sb/0x92a3e244d11eca878c7fea4788325d0e6c3d29f5.sol:60:5: Missing @param tag in event 'Approval' [Warning/use-natspec]
/sb/0x92a3e244d11eca878c7fea4788325d0e6c3d29f5.sol:60:5: Mismatch in @param names for event 'Approval'. Expected: [_owner, _spender, _value], Found: [] [Warning/use-natspec]
/sb/0x92a3e244d11eca878c7fea4788325d0e6c3d29f5.sol:60:5: GC: [_value] on Event [Approval] could be Indexed [Warning/gas-indexed-events]

64 problem/s (1 error/s, 63 warning/s)
