ANTLR runtime and generated code versions disagree: 4.9.2!=4.7.2
ANTLR runtime and generated code versions disagree: 4.9.2!=4.7.2
Analysing /sb/0x393709845c63b7ac16ea60b6cda230a53693f2f4.sol:Authorizable...
Analysing /sb/0x393709845c63b7ac16ea60b6cda230a53693f2f4.sol:BasicToken...
Analysing /sb/0x393709845c63b7ac16ea60b6cda230a53693f2f4.sol:ERC20...
Nothing to analyse
Analysing /sb/0x393709845c63b7ac16ea60b6cda230a53693f2f4.sol:ERC20Basic...
Nothing to analyse
Analysing /sb/0x393709845c63b7ac16ea60b6cda230a53693f2f4.sol:FrozenToken...
Vulnerability: Integer Overflow. Maybe in function: approveAndCall(address,uint256,bytes). PC: 0x5b7. Line number: 180.
If a = 32
and b = 115792089237316195423570985008687907853269984665640564039457584007913129639900
Vulnerability: Integer Overflow. Maybe in function: approveAndCall(address,uint256,bytes). PC: 0x17be. Line number: 183.
If a = 32
and b = 115792089237316195423570985008687907853269984665640564039457584007913129639707
Vulnerability: Integer Overflow. Maybe in function: approveAndCall(address,uint256,bytes). PC: 0xb58. Line number: 155.
If a = 32
and b = 115792089237316195423570985008687907853269984665640564039457584007913129639713
Analysing /sb/0x393709845c63b7ac16ea60b6cda230a53693f2f4.sol:MallcoinCrowdSale...
Vulnerability: Time Manipulation. Maybe in function: _fallthrough. PC: 0x20dd. Line number: 471.
Vulnerability: Time Manipulation. Maybe in function: _fallthrough. PC: 0xaab. Line number: 414.
Vulnerability: Time Manipulation. Maybe in function: _fallthrough. PC: 0x2050. Line number: 522.
Vulnerability: Time Manipulation. Maybe in function: _fallthrough. PC: 0xb31. Line number: 418.
Vulnerability: Time Manipulation. Maybe in function: _fallthrough. PC: 0x2015. Line number: 520.
Vulnerability: Time Manipulation. Maybe in function: _fallthrough. PC: 0x2205. Line number: 488.
Vulnerability: Time Manipulation. Maybe in function: _fallthrough. PC: 0x2093. Line number: 468.
Analysing /sb/0x393709845c63b7ac16ea60b6cda230a53693f2f4.sol:MallcoinToken...
Vulnerability: Integer Overflow. Maybe in function: approveAndCall(address,uint256,bytes). PC: 0x8c4. Line number: 180.
If a = 31
and b = 115792089237316195423570985008687907853269984665640564039457584007913129639905
Vulnerability: Integer Overflow. Maybe in function: createToken(address,uint256). PC: 0x1709. Line number: 312.
If a = 72371849392325713431074711493784006271477532076406583501147704721212948086784
and b = 86846251330705905781116961856746341568508189275220114956937896944851679707136
Vulnerability: Integer Overflow. Maybe in function: createTokenByAtes(address,uint256,string). PC: 0x813. Line number: 326.
If a = 32
and b = 115792089237316195423570985008687907853269984665640564039457584007913129639900
Analysing /sb/0x393709845c63b7ac16ea60b6cda230a53693f2f4.sol:Ownable...
Analysing /sb/0x393709845c63b7ac16ea60b6cda230a53693f2f4.sol:SafeMath...
Analysing /sb/0x393709845c63b7ac16ea60b6cda230a53693f2f4.sol:StandardToken...
Vulnerability: Integer Overflow. Maybe in function: approveAndCall(address,uint256,bytes). PC: 0x32c. Line number: 180.
If a = 31
and b = 115792089237316195423570985008687907853269984665640564039457584007913129639912
Vulnerability: Integer Overflow. Maybe in function: approveAndCall(address,uint256,bytes). PC: 0xd9f. Line number: 183.
If a = 32
and b = 115792089237316195423570985008687907853269984665640564039457584007913129639712
Vulnerability: Integer Overflow. Maybe in function: approveAndCall(address,uint256,bytes). PC: 0x5cd. Line number: 155.
If a = 32
and b = 115792089237316195423570985008687907853269984665640564039457584007913129639716
Vulnerability: Reentrancy. Maybe in function: approveAndCall(address,uint256,bytes). PC: 0xe5f. Line number: 183.
Analysing /sb/0x393709845c63b7ac16ea60b6cda230a53693f2f4.sol:tokenRecipient...
Nothing to analyse
