/sb/0x0807a2d6a675e7196a3d9b1910700cae9795b72a.sol
jar:file:/usr/local/lib/node_modules/@smartdec/smartcheck/jdeploy-bundle/smartcheck-2.0-jar-with-dependencies.jar!/solidity-rules.xmlruleId: SOLIDITY_ADDRESS_HARDCODED
patternId: adc165
severity: 1
line: 17
column: 30
content: 0x003230bbe64eccd66f62913679c8966cf9f41166

ruleId: SOLIDITY_ADDRESS_HARDCODED
patternId: adc165
severity: 1
line: 40
column: 20
content: 0x91efffb9c6cd3a66474688d0a48aa6ecfe515aa5

ruleId: SOLIDITY_ADDRESS_HARDCODED
patternId: adc165
severity: 1
line: 49
column: 28
content: 0xbe87e87965b96d8174eae4e3724a6d7417c488b0

ruleId: SOLIDITY_DEPRECATED_CONSTRUCTIONS
patternId: 49bd2a
severity: 1
line: 66
column: 64
content: throw

ruleId: SOLIDITY_DEPRECATED_CONSTRUCTIONS
patternId: 49bd2a
severity: 1
line: 67
column: 29
content: throw

ruleId: SOLIDITY_DEPRECATED_CONSTRUCTIONS
patternId: 49bd2a
severity: 1
line: 71
column: 66
content: throw

ruleId: SOLIDITY_DEPRECATED_CONSTRUCTIONS
patternId: 28fa69
severity: 1
line: 76
column: 4
content: functiongetPrice()constantreturns(uint256price){for(vari=0;i<deadlines.length;i++)if(now<deadlines[i])returnprices[i];returnprices[prices.length-1];}

ruleId: SOLIDITY_EXTRA_GAS_IN_LOOPS
patternId: d3j11j
severity: 1
line: 77
column: 8
content: for(vari=0;i<deadlines.length;i++)if(now<deadlines[i])returnprices[i];

ruleId: SOLIDITY_FUNCTIONS_RETURNS_TYPE_AND_NO_RETURN
patternId: 58bdd3
severity: 1
line: 11
column: 1
content: functiontransferFrom(addresssender,addressreceiver,uintamount)returns(boolsuccess){}

ruleId: SOLIDITY_GAS_LIMIT_IN_LOOPS
patternId: f6f853
severity: 2
line: 77
column: 8
content: for(vari=0;i<deadlines.length;i++)if(now<deadlines[i])returnprices[i];

ruleId: SOLIDITY_PRAGMAS_VERSION
patternId: 23fc32
severity: 1
line: 8
column: 16
content: ^

ruleId: SOLIDITY_REVERT_REQUIRE
patternId: c56b12
severity: 1
line: 66
column: 2
content: if(crowdsaleClosed||now<start||tokensSold+numTokens>maxGoal)throw;

ruleId: SOLIDITY_REVERT_REQUIRE
patternId: c56b12
severity: 1
line: 67
column: 2
content: if(!msWallet.send(amount))throw;

ruleId: SOLIDITY_REVERT_REQUIRE
patternId: c56b12
severity: 1
line: 71
column: 2
content: if(!tokenReward.transferFrom(beneficiary,receiver,numTokens))throw;

ruleId: SOLIDITY_VAR
patternId: d28aa7
severity: 2
line: 77
column: 12
content: vari=0

ruleId: SOLIDITY_VISIBILITY
patternId: 910067
severity: 1
line: 11
column: 1
content: functiontransferFrom(addresssender,addressreceiver,uintamount)returns(boolsuccess){}

ruleId: SOLIDITY_VISIBILITY
patternId: 910067
severity: 1
line: 12
column: 1
content: functionburn(){}

ruleId: SOLIDITY_VISIBILITY
patternId: 910067
severity: 1
line: 48
column: 4
content: functionCrowdsale(){tokenReward=token(0xbe87e87965b96d8174eae4e3724a6d7417c488b0);}

ruleId: SOLIDITY_VISIBILITY
patternId: 910067
severity: 1
line: 53
column: 4
content: function()payable{if(msg.sender!=msWallet)invest(msg.sender);}

ruleId: SOLIDITY_VISIBILITY
patternId: 910067
severity: 1
line: 63
column: 4
content: functioninvest(addressreceiver)payable{uintamount=msg.value;uintnumTokens=amount/getPrice();if(crowdsaleClosed||now<start||tokensSold+numTokens>maxGoal)throw;if(!msWallet.send(amount))throw;balanceOf[receiver]+=amount;amountRaised+=amount;tokensSold+=numTokens;if(!tokenReward.transferFrom(beneficiary,receiver,numTokens))throw;FundTransfer(receiver,amount,true,amountRaised);}

ruleId: SOLIDITY_VISIBILITY
patternId: 910067
severity: 1
line: 76
column: 4
content: functiongetPrice()constantreturns(uint256price){for(vari=0;i<deadlines.length;i++)if(now<deadlines[i])returnprices[i];returnprices[prices.length-1];}

ruleId: SOLIDITY_VISIBILITY
patternId: 910067
severity: 1
line: 86
column: 4
content: functioncheckGoalReached()afterDeadline{if(tokensSold>=fundingGoal){fundingGoalReached=true;tokenReward.burn();GoalReached(beneficiary,amountRaised);}crowdsaleClosed=true;}

ruleId: SOLIDITY_VISIBILITY
patternId: 910067
severity: 1
line: 97
column: 1
content: functionsafeWithdrawal()afterDeadline{uintamount=balanceOf[msg.sender];if(address(this).balance>=amount){balanceOf[msg.sender]=0;if(amount>0){if(msg.sender.send(amount)){FundTransfer(msg.sender,amount,false,amountRaised);}else{balanceOf[msg.sender]=amount;}}}}

ruleId: SOLIDITY_VISIBILITY
patternId: b51ce0
severity: 1
line: 36
column: 1
content: boolfundingGoalReached=false;

ruleId: SOLIDITY_VISIBILITY
patternId: b51ce0
severity: 1
line: 38
column: 1
content: boolcrowdsaleClosed=false;

ruleId: SOLIDITY_VISIBILITY
patternId: b51ce0
severity: 1
line: 40
column: 1
content: addressmsWallet=0x91efffb9c6cd3a66474688d0a48aa6ecfe515aa5;

SOLIDITY_VISIBILITY :11
SOLIDITY_DEPRECATED_CONSTRUCTIONS :4
SOLIDITY_PRAGMAS_VERSION :1
SOLIDITY_REVERT_REQUIRE :3
SOLIDITY_FUNCTIONS_RETURNS_TYPE_AND_NO_RETURN :1
SOLIDITY_VAR :1
SOLIDITY_EXTRA_GAS_IN_LOOPS :1
SOLIDITY_ADDRESS_HARDCODED :3
SOLIDITY_GAS_LIMIT_IN_LOOPS :1
