'solc --version' running
'solc /sb/0x3b98c8f8f028060d0e0127843ee13f4b995a7960.sol --combined-json abi,ast,bin,bin-runtime,srcmap,srcmap-runtime,userdoc,devdoc,hashes,compact-format --allow-paths .,/sb' running
Compilation warnings/errors on /sb/0x3b98c8f8f028060d0e0127843ee13f4b995a7960.sol:
/sb/0x3b98c8f8f028060d0e0127843ee13f4b995a7960.sol:82:5: Warning: Defining constructors as functions with the same name as the contract is deprecated. Use "constructor(...) { ... }" instead.
    function ACNStandardToken(uint256 _initialAmount, string _tokenName, uint8 _decimalUnits, string _tokenSymbol) {
    ^ (Relevant source part starts here and spans across multiple lines).
/sb/0x3b98c8f8f028060d0e0127843ee13f4b995a7960.sol:43:9: Warning: Invoking events without "emit" prefix is deprecated.
        Transfer(msg.sender, _to, _value);//触发转币交易事件
        ^-------------------------------^
/sb/0x3b98c8f8f028060d0e0127843ee13f4b995a7960.sol:52:9: Warning: Invoking events without "emit" prefix is deprecated.
        Transfer(_from, _to, _value);//触发转币交易事件
        ^--------------------------^
/sb/0x3b98c8f8f028060d0e0127843ee13f4b995a7960.sol:63:9: Warning: Invoking events without "emit" prefix is deprecated.
        Approval(msg.sender, _spender, _value);
        ^------------------------------------^
/sb/0x3b98c8f8f028060d0e0127843ee13f4b995a7960.sol:94:9: Warning: Invoking events without "emit" prefix is deprecated.
        Approval(msg.sender, _spender, _value);
        ^------------------------------------^
/sb/0x3b98c8f8f028060d0e0127843ee13f4b995a7960.sol:98:46: Warning: "sha3" has been deprecated in favour of "keccak256"
        require(_spender.call(bytes4(bytes32(sha3("receiveApproval(address,uint256,address,bytes)"))), msg.sender, _value, this, _extraData));
                                             ^----------------------------------------------------^
/sb/0x3b98c8f8f028060d0e0127843ee13f4b995a7960.sol:11:5: Warning: No visibility specified. Defaulting to "public". 
    function balanceOf(address _owner) constant returns (uint256 balance);
    ^--------------------------------------------------------------------^
/sb/0x3b98c8f8f028060d0e0127843ee13f4b995a7960.sol:14:5: Warning: No visibility specified. Defaulting to "public". 
    function transfer(address _to, uint256 _value) returns (bool success);
    ^--------------------------------------------------------------------^
/sb/0x3b98c8f8f028060d0e0127843ee13f4b995a7960.sol:17:5: Warning: No visibility specified. Defaulting to "public". 
    function transferFrom(address _from, address _to, uint256 _value) returns   
    ^ (Relevant source part starts here and spans across multiple lines).
/sb/0x3b98c8f8f028060d0e0127843ee13f4b995a7960.sol:21:5: Warning: No visibility specified. Defaulting to "public". 
    function approve(address _spender, uint256 _value) returns (bool success);
    ^------------------------------------------------------------------------^
/sb/0x3b98c8f8f028060d0e0127843ee13f4b995a7960.sol:24:5: Warning: No visibility specified. Defaulting to "public". 
    function allowance(address _owner, address _spender) constant returns 
    ^ (Relevant source part starts here and spans across multiple lines).
/sb/0x3b98c8f8f028060d0e0127843ee13f4b995a7960.sol:36:5: Warning: No visibility specified. Defaulting to "public". 
    function transfer(address _to, uint256 _value) returns (bool success) {
    ^ (Relevant source part starts here and spans across multiple lines).
/sb/0x3b98c8f8f028060d0e0127843ee13f4b995a7960.sol:46:5: Warning: No visibility specified. Defaulting to "public". 
    function transferFrom(address _from, address _to, uint256 _value) returns (bool success) {
    ^ (Relevant source part starts here and spans across multiple lines).
/sb/0x3b98c8f8f028060d0e0127843ee13f4b995a7960.sol:56:5: Warning: No visibility specified. Defaulting to "public". 
    function balanceOf(address _owner) constant returns (uint256 balance) {
    ^ (Relevant source part starts here and spans across multiple lines).
/sb/0x3b98c8f8f028060d0e0127843ee13f4b995a7960.sol:60:5: Warning: No visibility specified. Defaulting to "public". 
    function approve(address _spender, uint256 _value) returns (bool success)   
    ^ (Relevant source part starts here and spans across multiple lines).
/sb/0x3b98c8f8f028060d0e0127843ee13f4b995a7960.sol:66:5: Warning: No visibility specified. Defaulting to "public". 
    function allowance(address _owner, address _spender) constant returns (uint256 remaining) {
    ^ (Relevant source part starts here and spans across multiple lines).
/sb/0x3b98c8f8f028060d0e0127843ee13f4b995a7960.sol:82:5: Warning: No visibility specified. Defaulting to "public". 
    function ACNStandardToken(uint256 _initialAmount, string _tokenName, uint8 _decimalUnits, string _tokenSymbol) {
    ^ (Relevant source part starts here and spans across multiple lines).
/sb/0x3b98c8f8f028060d0e0127843ee13f4b995a7960.sol:92:5: Warning: No visibility specified. Defaulting to "public". 
    function approveAndCall(address _spender, uint256 _value, bytes _extraData) returns (bool success) {
    ^ (Relevant source part starts here and spans across multiple lines).


Deprecated standard detected require(bool)(_spender.call(bytes4(bytes32(sha3()(receiveApproval(address,uint256,address,bytes)))),msg.sender,_value,this,_extraData)) (../sb/0x3b98c8f8f028060d0e0127843ee13f4b995a7960.sol#98):
	- Usage of "sha3()" should be replaced with "keccak256()"
Reference: https://github.com/crytic/slither/wiki/Detector-Documentation#deprecated-standards

Version constraint ^0.4.10 contains known severe issues (https://solidity.readthedocs.io/en/latest/bugs.html)
	- DirtyBytesArrayToStorage
	- KeccakCaching
	- EmptyByteArrayCopy
	- DynamicArrayCleanup
	- ImplicitConstructorCallvalueCheck
	- TupleAssignmentMultiStackSlotComponents
	- MemoryArrayCreationOverflow
	- privateCanBeOverridden
	- SignedArrayStorageCopy
	- UninitializedFunctionPointerInConstructor_0.4.x
	- IncorrectEventSignatureInLibraries_0.4.x
	- ExpExponentCleanup
	- NestedArrayFunctionCallDecoder
	- ZeroFunctionSelector
	- DelegateCallReturnValue
	- ECRecoverMalformedInput
	- SkipEmptyStringLiteral
	- ConstantOptimizerSubtraction.
It is used by:
	- ^0.4.10 (../sb/0x3b98c8f8f028060d0e0127843ee13f4b995a7960.sol#5)
solc-0.4.26 is an outdated solc version. Use a more recent version (at least 0.8.0), if possible.
Reference: https://github.com/crytic/slither/wiki/Detector-Documentation#incorrect-versions-of-solidity

Low level call in ACNStandardToken.approveAndCall(address,uint256,bytes) (../sb/0x3b98c8f8f028060d0e0127843ee13f4b995a7960.sol#92-100):
	- require(bool)(_spender.call(bytes4(bytes32(sha3()(receiveApproval(address,uint256,address,bytes)))),msg.sender,_value,this,_extraData)) (../sb/0x3b98c8f8f028060d0e0127843ee13f4b995a7960.sol#98)
Reference: https://github.com/crytic/slither/wiki/Detector-Documentation#low-level-calls

Parameter StandardToken.transfer(address,uint256)._to (../sb/0x3b98c8f8f028060d0e0127843ee13f4b995a7960.sol#36) is not in mixedCase
Parameter StandardToken.transfer(address,uint256)._value (../sb/0x3b98c8f8f028060d0e0127843ee13f4b995a7960.sol#36) is not in mixedCase
Parameter StandardToken.transferFrom(address,address,uint256)._from (../sb/0x3b98c8f8f028060d0e0127843ee13f4b995a7960.sol#46) is not in mixedCase
Parameter StandardToken.transferFrom(address,address,uint256)._to (../sb/0x3b98c8f8f028060d0e0127843ee13f4b995a7960.sol#46) is not in mixedCase
Parameter StandardToken.transferFrom(address,address,uint256)._value (../sb/0x3b98c8f8f028060d0e0127843ee13f4b995a7960.sol#46) is not in mixedCase
Parameter StandardToken.balanceOf(address)._owner (../sb/0x3b98c8f8f028060d0e0127843ee13f4b995a7960.sol#56) is not in mixedCase
Parameter StandardToken.approve(address,uint256)._spender (../sb/0x3b98c8f8f028060d0e0127843ee13f4b995a7960.sol#60) is not in mixedCase
Parameter StandardToken.approve(address,uint256)._value (../sb/0x3b98c8f8f028060d0e0127843ee13f4b995a7960.sol#60) is not in mixedCase
Parameter StandardToken.allowance(address,address)._owner (../sb/0x3b98c8f8f028060d0e0127843ee13f4b995a7960.sol#66) is not in mixedCase
Parameter StandardToken.allowance(address,address)._spender (../sb/0x3b98c8f8f028060d0e0127843ee13f4b995a7960.sol#66) is not in mixedCase
Parameter ACNStandardToken.approveAndCall(address,uint256,bytes)._spender (../sb/0x3b98c8f8f028060d0e0127843ee13f4b995a7960.sol#92) is not in mixedCase
Parameter ACNStandardToken.approveAndCall(address,uint256,bytes)._value (../sb/0x3b98c8f8f028060d0e0127843ee13f4b995a7960.sol#92) is not in mixedCase
Parameter ACNStandardToken.approveAndCall(address,uint256,bytes)._extraData (../sb/0x3b98c8f8f028060d0e0127843ee13f4b995a7960.sol#92) is not in mixedCase
Reference: https://github.com/crytic/slither/wiki/Detector-Documentation#conformance-to-solidity-naming-conventions

ACNStandardToken.version (../sb/0x3b98c8f8f028060d0e0127843ee13f4b995a7960.sol#80) should be constant 
Reference: https://github.com/crytic/slither/wiki/Detector-Documentation#state-variables-that-could-be-declared-constant

approveAndCall(address,uint256,bytes) should be declared external:
	- ACNStandardToken.approveAndCall(address,uint256,bytes) (../sb/0x3b98c8f8f028060d0e0127843ee13f4b995a7960.sol#92-100)
Reference: https://github.com/crytic/slither/wiki/Detector-Documentation#public-function-that-could-be-declared-external
/sb/0x3b98c8f8f028060d0e0127843ee13f4b995a7960.sol analyzed (3 contracts with 100 detectors), 19 result(s) found
