'solc --version' running
'solc /sb/0x35a6525236eb72ef0629b046767b9b9ac0bd9757.sol --combined-json abi,ast,bin,bin-runtime,srcmap,srcmap-runtime,userdoc,devdoc,hashes,compact-format --allow-paths .,/sb' running
Compilation warnings/errors on /sb/0x35a6525236eb72ef0629b046767b9b9ac0bd9757.sol:
/sb/0x35a6525236eb72ef0629b046767b9b9ac0bd9757.sol:11:5: Warning: Defining constructors as functions with the same name as the contract is deprecated. Use "constructor(...) { ... }" instead.
    function owned() public {
    ^ (Relevant source part starts here and spans across multiple lines).
/sb/0x35a6525236eb72ef0629b046767b9b9ac0bd9757.sol:42:5: Warning: Defining constructors as functions with the same name as the contract is deprecated. Use "constructor(...) { ... }" instead.
    function Bet4Land() public {
    ^ (Relevant source part starts here and spans across multiple lines).


owned.transferOwnership(address) (../sb/0x35a6525236eb72ef0629b046767b9b9ac0bd9757.sol#20-22) should emit an event for: 
	- owner = newOwner (../sb/0x35a6525236eb72ef0629b046767b9b9ac0bd9757.sol#21) 
Reference: https://github.com/crytic/slither/wiki/Detector-Documentation#missing-events-access-control

owned.transferOwnership(address).newOwner (../sb/0x35a6525236eb72ef0629b046767b9b9ac0bd9757.sol#20) lacks a zero-check on :
		- owner = newOwner (../sb/0x35a6525236eb72ef0629b046767b9b9ac0bd9757.sol#21)
Reference: https://github.com/crytic/slither/wiki/Detector-Documentation#missing-zero-address-validation

Version constraint ^0.4.19 contains known severe issues (https://solidity.readthedocs.io/en/latest/bugs.html)
	- DirtyBytesArrayToStorage
	- ABIDecodeTwoDimensionalArrayMemory
	- KeccakCaching
	- EmptyByteArrayCopy
	- DynamicArrayCleanup
	- ImplicitConstructorCallvalueCheck
	- TupleAssignmentMultiStackSlotComponents
	- MemoryArrayCreationOverflow
	- privateCanBeOverridden
	- SignedArrayStorageCopy
	- ABIEncoderV2StorageArrayWithMultiSlotElement
	- DynamicConstructorArgumentsClippedABIV2
	- UninitializedFunctionPointerInConstructor_0.4.x
	- IncorrectEventSignatureInLibraries_0.4.x
	- ABIEncoderV2PackedStorage_0.4.x
	- ExpExponentCleanup
	- EventStructWrongData
	- NestedArrayFunctionCallDecoder.
It is used by:
	- ^0.4.19 (../sb/0x35a6525236eb72ef0629b046767b9b9ac0bd9757.sol#6)
solc-0.4.26 is an outdated solc version. Use a more recent version (at least 0.8.0), if possible.
Reference: https://github.com/crytic/slither/wiki/Detector-Documentation#incorrect-versions-of-solidity

Contract owned (../sb/0x35a6525236eb72ef0629b046767b9b9ac0bd9757.sol#8-23) is not in CapWords
Reference: https://github.com/crytic/slither/wiki/Detector-Documentation#conformance-to-solidity-naming-conventions

newGame(uint256,bytes8,uint256,uint256,string) should be declared external:
	- Bet4Land.newGame(uint256,bytes8,uint256,uint256,string) (../sb/0x35a6525236eb72ef0629b046767b9b9ac0bd9757.sol#49-54)
Reference: https://github.com/crytic/slither/wiki/Detector-Documentation#public-function-that-could-be-declared-external
/sb/0x35a6525236eb72ef0629b046767b9b9ac0bd9757.sol analyzed (2 contracts with 100 detectors), 6 result(s) found
