Extract contract Betting from /sb/0x006b27436b52188d304b78e2ed368f892166c117.sol
Extract contract SafeMath from /sb/0x006b27436b52188d304b78e2ed368f892166c117.sol
Extracted 2 contract(s) from /sb/0x006b27436b52188d304b78e2ed368f892166c117.sol
[0;32m> Created "fuzzMe"[0m
[0;32m> To fuzz contracts:[0m
  chmod +x fuzzMe
  ./fuzzMe
assets/NormalAttacker.sol:5:3: Warning: No visibility specified. Defaulting to "public". 
  function() payable {
  ^ (Relevant source part starts here and spans across multiple lines).
assets/ReentrancyAttacker.sol:8:7: Warning: Return value of low-level calls not used.
      msg.sender.call(bytes4(255));
      ^--------------------------^
assets/ReentrancyAttacker.sol:5:3: Warning: No visibility specified. Defaulting to "public". 
  function() payable {
  ^ (Relevant source part starts here and spans across multiple lines).
>> Fuzz SafeMath
** Write stats: 0.001634
** Write stats: 5.00009
** Write stats: 10.0001
** Write stats: 15.0001
** Write stats: 20.0002
** Write stats: 25.0001
** Write stats: 30.0001
** Write stats: 35.0001
** Write stats: 40.0001
** Write stats: 45.0002
** Write stats: 50.0002
** Write stats: 55.0001
** Write stats: 60.0001
** Write stats: 65.0001
** Write stats: 70.0001
** Write stats: 75.0001
** Write stats: 80.0001
** Write stats: 85.0001
** Write stats: 90.0001
** Write stats: 95.0001
** Write stats: 100
** Write stats: 105
** Write stats: 110
** Write stats: 115
** Write stats: 120
** Write stats: 120
>> Fuzz Betting
** Write stats: 0.015493
** Write stats: 5.00128
** Write stats: 10.0047
** Write stats: 15.006
** Write stats: 20.0005
** Write stats: 25.0065
** Write stats: 30.0038
** Write stats: 35.0008
** Write stats: 40.0078
** Write stats: 45.0031
** Write stats: 50.0034
** Write stats: 55.0055
** Write stats: 60.0045
** Write stats: 65.0057
** Write stats: 70.0037
** Write stats: 75.0029
** Write stats: 80.0066
** Write stats: 85.0048
** Write stats: 90.0026
** Write stats: 95.0048
** Write stats: 100.003
** Write stats: 105.004
** Write stats: 110.003
** Write stats: 115
** Write stats: 120.006
** Write stats: 120.032
