ANTLR runtime and generated code versions disagree: 4.9.2!=4.7.2
ANTLR runtime and generated code versions disagree: 4.9.2!=4.7.2
Analysing /sb/0xdfe6903f72ac76a712f8da88596fd858b061462f.sol:GIFT...
Vulnerability: Integer Overflow. Maybe in function: approveAndCall(address,uint256,bytes). PC: 0xd7e. Line number: 121.
If a = 32
and b = 115792089237316195423570985008687907853269984665640564039457584007913129639720
Vulnerability: Integer Overflow. Maybe in function: transferFrom(address,address,uint256). PC: 0x84d. Line number: 59.
If a = 14986358112015705057545690290608139686599350264201312717244250739427346028346
and b = 101786841151422658262900167321957143559671268995048110630283302141471392794418
Vulnerability: Integer Overflow. Maybe in function: transfer(address,uint256). PC: 0xc21. Line number: 49.
If a = 94650996772457130513482623245754233028286551280985323186593832453758212984833
and b = 72348384235649911729175179526067603505531860663162438144805924874757455412333
Vulnerability: Reentrancy. Maybe in function: approveAndCall(address,uint256,bytes). PC: 0xf24. Line number: 126.
Vulnerability: Integer Overflow. Maybe in function: approveAndCall(address,uint256,bytes). PC: 0xe81. Line number: 126.
If a = 32
and b = 115792089237316195423570985008687907853269984665640564039457584007913129639744
Vulnerability: Integer Overflow. Maybe in function: approveAndCall(address,uint256,bytes). PC: 0x4bf. Line number: 119.
If a = 4
and b = 115792089237316195423570985008687907853269984665640564039457584007913129639932
Analysing /sb/0xdfe6903f72ac76a712f8da88596fd858b061462f.sol:StandardToken...
Vulnerability: Integer Overflow. Maybe in function: transferFrom(address,address,uint256). PC: 0x4df. Line number: 59.
If a = 32639131541715555435529563988711532812862760463789948662484241229310495053334
and b = 90874245097176453340223537366226525593729937393568162046958887456921488245300
Vulnerability: Integer Overflow. Maybe in function: transfer(address,uint256). PC: 0x764. Line number: 49.
If a = 89147928565867687044998486021268241063565100047965243837316099700646544183971
and b = 74705314130176318204306472194361951952769390412184137219279900356655665507319
Analysing /sb/0xdfe6903f72ac76a712f8da88596fd858b061462f.sol:Token...
