ANTLR runtime and generated code versions disagree: 4.9.2!=4.7.2
ANTLR runtime and generated code versions disagree: 4.9.2!=4.7.2
Analysing /sb/0xb7be9c14cfa34d2bd58eb34982ee3c7842a967e2.sol:Address...
Analysing /sb/0xb7be9c14cfa34d2bd58eb34982ee3c7842a967e2.sol:BaseToken...
Vulnerability: Integer Overflow. Maybe in function: transferAndCall(address,uint256,bytes). PC: 0x58b. Line number: 978.
If a = 128
and b = 115792089237316195423570985008687907853269984665640564039457584007913129639745
Vulnerability: Reentrancy. Maybe in function: approveAndCall(address,uint256,bytes). PC: 0x267a. Line number: 1106.
Analysing /sb/0xb7be9c14cfa34d2bd58eb34982ee3c7842a967e2.sol:ERC1363...
Vulnerability: Integer Overflow. Maybe in function: approveAndCall(address,uint256,bytes). PC: 0x66b. Line number: 1041.
If a = 4
and b = 115792089237316195423570985008687907853269984665640564039457584007913129639932
Vulnerability: Integer Overflow. Maybe in function: transferAndCall(address,uint256,bytes). PC: 0x3e0. Line number: 978.
If a = 31
and b = 115792089237316195423570985008687907853269984665640564039457584007913129639905
Vulnerability: Integer Overflow. Maybe in function: transferFromAndCall(address,address,uint256,bytes). PC: 0x5d5. Line number: 1010.
If a = 32
and b = 115792089237316195423570985008687907853269984665640564039457584007913129639873
Vulnerability: Integer Overflow. Maybe in function: approveAndCall(address,uint256). PC: 0x16b2. Line number: 1106.
If a = 32
and b = 115792089237316195423570985008687907853269984665640564039457584007913129639681
Vulnerability: Integer Overflow. Maybe in function: approveAndCall(address,uint256). PC: 0x946. Line number: 219.
If a = 32
and b = 115792089237316195423570985008687907853269984665640564039457584007913129639713
Vulnerability: Reentrancy. Maybe in function: approveAndCall(address,uint256). PC: 0x173f. Line number: 1106.
Analysing /sb/0xb7be9c14cfa34d2bd58eb34982ee3c7842a967e2.sol:ERC165...
Nothing to analyse
Analysing /sb/0xb7be9c14cfa34d2bd58eb34982ee3c7842a967e2.sol:ERC165Checker...
Analysing /sb/0xb7be9c14cfa34d2bd58eb34982ee3c7842a967e2.sol:ERC20...
Analysing /sb/0xb7be9c14cfa34d2bd58eb34982ee3c7842a967e2.sol:ERC20Burnable...
Analysing /sb/0xb7be9c14cfa34d2bd58eb34982ee3c7842a967e2.sol:ERC20Capped...
Analysing /sb/0xb7be9c14cfa34d2bd58eb34982ee3c7842a967e2.sol:ERC20Detailed...
Nothing to analyse
Analysing /sb/0xb7be9c14cfa34d2bd58eb34982ee3c7842a967e2.sol:ERC20Mintable...
Analysing /sb/0xb7be9c14cfa34d2bd58eb34982ee3c7842a967e2.sol:IERC1363...
Nothing to analyse
Analysing /sb/0xb7be9c14cfa34d2bd58eb34982ee3c7842a967e2.sol:IERC1363Receiver...
Nothing to analyse
Analysing /sb/0xb7be9c14cfa34d2bd58eb34982ee3c7842a967e2.sol:IERC1363Spender...
Nothing to analyse
Analysing /sb/0xb7be9c14cfa34d2bd58eb34982ee3c7842a967e2.sol:IERC165...
Nothing to analyse
Analysing /sb/0xb7be9c14cfa34d2bd58eb34982ee3c7842a967e2.sol:IERC20...
Nothing to analyse
Analysing /sb/0xb7be9c14cfa34d2bd58eb34982ee3c7842a967e2.sol:MinterRole...
Nothing to analyse
Analysing /sb/0xb7be9c14cfa34d2bd58eb34982ee3c7842a967e2.sol:Ownable...
Nothing to analyse
Analysing /sb/0xb7be9c14cfa34d2bd58eb34982ee3c7842a967e2.sol:Roles...
Analysing /sb/0xb7be9c14cfa34d2bd58eb34982ee3c7842a967e2.sol:SafeMath...
Analysing /sb/0xb7be9c14cfa34d2bd58eb34982ee3c7842a967e2.sol:TokenRecover...
Vulnerability: Reentrancy. Maybe in function: owner(). PC: 0x331. Line number: 1210.
