ANTLR runtime and generated code versions disagree: 4.9.2!=4.7.2
ANTLR runtime and generated code versions disagree: 4.9.2!=4.7.2
Analysing /sb/0xaf22b84e6615ed80e37e07af8307365cb0cf987a.sol:Acme...
Vulnerability: Integer Overflow. Maybe in function: transfer(address,uint256). PC: 0xfce. Line number: 27.
If a = 115792089237316195423570985008687907852929702298719625575901975680117108376017
and b = 28948022309329048855892745503883138649725060862663037427155994961462417161687
Vulnerability: Integer Overflow. Maybe in function: approveAndCall(address,uint256,bytes). PC: 0x840. Line number: 97.
If a = 32
and b = 115792089237316195423570985008687907853269984665640564039457584007913129639900
Vulnerability: Reentrancy. Maybe in function: approveAndCall(address,uint256,bytes). PC: 0x12d1. Line number: 101.
Vulnerability: Integer Overflow. Maybe in function: approveAndCall(address,uint256,bytes). PC: 0x112b. Line number: 99.
If a = 32
and b = 115792089237316195423570985008687907853269984665640564039457584007913129639716
Vulnerability: Integer Overflow. Maybe in function: approveAndCall(address,uint256,bytes). PC: 0x1266. Line number: 101.
If a = 32
and b = 115792089237316195423570985008687907853269984665640564039457584007913129639664
Vulnerability: Integer Overflow. Maybe in function: _fallthrough. PC: 0xe2. Line number: 84.
If a = 4355203420828941428486565878586228729578293451871153459257410860967581450239
and b = 105062365283951020771019222741508094663419070812335172759565839388147038020336
Vulnerability: Integer Overflow. Maybe in function: _fallthrough. PC: 0x259. Line number: 90.
If a = 115792089237316195423570985008687907852929702298719625575982364725209856083532
and b = 57896044618658097711785492504343953926634992332820282019692760658901820985238
Vulnerability: Integer Overflow. Maybe in function: transferFrom(address,address,uint256). PC: 0xbee. Line number: 35.
If a = 115792089237316195423570985008687907852929702298719625575975762656407651887870
and b = 57896044618658097711785492504343953926464851149359812787978657956166970928374
Vulnerability: Reentrancy. Maybe in function: _fallthrough. PC: 0x374. Line number: 94.
Analysing /sb/0xaf22b84e6615ed80e37e07af8307365cb0cf987a.sol:ERC20...
Analysing /sb/0xaf22b84e6615ed80e37e07af8307365cb0cf987a.sol:Token...
Vulnerability: Integer Overflow. Maybe in function: transfer(address,uint256). PC: 0x764. Line number: 27.
If a = 94082874485947011784340612532353611120753600566272281384848276435066525375114
and b = 72136611098148583997493123087368004859194827159181849754283260632537726030524
Vulnerability: Integer Overflow. Maybe in function: transferFrom(address,address,uint256). PC: 0x4df. Line number: 35.
If a = 115792089237316195423570985008687907852929702298719625575982273411789562342612
and b = 57896044618658097711785492504343953926634992332820282019698445233782241454508
