A new version of Solhint is available: 6.0.1
Please consider updating your Solhint package.
/sb/0x009668a9691e456972c8ec4cc84e99486308b84d.sol:1:1: Found more than One contract per file. 5 contracts found! [Warning/one-contract-per-file]
/sb/0x009668a9691e456972c8ec4cc84e99486308b84d.sol:1:1: Compiler version 0.8.0 does not satisfy the ^0.8.24 semver requirement [Error/compiler-version]
/sb/0x009668a9691e456972c8ec4cc84e99486308b84d.sol:7:1: Missing @title tag in contract 'IERC20' [Warning/use-natspec]
/sb/0x009668a9691e456972c8ec4cc84e99486308b84d.sol:7:1: Missing @author tag in contract 'IERC20' [Warning/use-natspec]
/sb/0x009668a9691e456972c8ec4cc84e99486308b84d.sol:7:1: Missing @notice tag in contract 'IERC20' [Warning/use-natspec]
/sb/0x009668a9691e456972c8ec4cc84e99486308b84d.sol:9:5: Missing @notice tag in function 'totalSupply' [Warning/use-natspec]
/sb/0x009668a9691e456972c8ec4cc84e99486308b84d.sol:9:5: Missing @return tag in function 'totalSupply' [Warning/use-natspec]
/sb/0x009668a9691e456972c8ec4cc84e99486308b84d.sol:9:5: Mismatch in @return count for function 'totalSupply'. Expected: 1, Found: 0 [Warning/use-natspec]
/sb/0x009668a9691e456972c8ec4cc84e99486308b84d.sol:19:5: Missing @notice tag in function 'balanceOf' [Warning/use-natspec]
/sb/0x009668a9691e456972c8ec4cc84e99486308b84d.sol:19:5: Missing @param tag in function 'balanceOf' [Warning/use-natspec]
/sb/0x009668a9691e456972c8ec4cc84e99486308b84d.sol:19:5: Mismatch in @param names for function 'balanceOf'. Expected: [account], Found: [] [Warning/use-natspec]
/sb/0x009668a9691e456972c8ec4cc84e99486308b84d.sol:19:5: Missing @return tag in function 'balanceOf' [Warning/use-natspec]
/sb/0x009668a9691e456972c8ec4cc84e99486308b84d.sol:19:5: Mismatch in @return count for function 'balanceOf'. Expected: 1, Found: 0 [Warning/use-natspec]
/sb/0x009668a9691e456972c8ec4cc84e99486308b84d.sol:37:5: Missing @notice tag in function 'transfer' [Warning/use-natspec]
/sb/0x009668a9691e456972c8ec4cc84e99486308b84d.sol:37:5: Missing @param tag in function 'transfer' [Warning/use-natspec]
/sb/0x009668a9691e456972c8ec4cc84e99486308b84d.sol:37:5: Mismatch in @param names for function 'transfer'. Expected: [recipient, amount], Found: [] [Warning/use-natspec]
/sb/0x009668a9691e456972c8ec4cc84e99486308b84d.sol:37:5: Missing @return tag in function 'transfer' [Warning/use-natspec]
/sb/0x009668a9691e456972c8ec4cc84e99486308b84d.sol:37:5: Mismatch in @return count for function 'transfer'. Expected: 1, Found: 0 [Warning/use-natspec]
/sb/0x009668a9691e456972c8ec4cc84e99486308b84d.sol:59:5: Missing @notice tag in function 'allowance' [Warning/use-natspec]
/sb/0x009668a9691e456972c8ec4cc84e99486308b84d.sol:59:5: Missing @param tag in function 'allowance' [Warning/use-natspec]
/sb/0x009668a9691e456972c8ec4cc84e99486308b84d.sol:59:5: Mismatch in @param names for function 'allowance'. Expected: [owner, spender], Found: [] [Warning/use-natspec]
/sb/0x009668a9691e456972c8ec4cc84e99486308b84d.sol:59:5: Missing @return tag in function 'allowance' [Warning/use-natspec]
/sb/0x009668a9691e456972c8ec4cc84e99486308b84d.sol:59:5: Mismatch in @return count for function 'allowance'. Expected: 1, Found: 0 [Warning/use-natspec]
/sb/0x009668a9691e456972c8ec4cc84e99486308b84d.sol:97:5: Missing @notice tag in function 'approve' [Warning/use-natspec]
/sb/0x009668a9691e456972c8ec4cc84e99486308b84d.sol:97:5: Missing @param tag in function 'approve' [Warning/use-natspec]
/sb/0x009668a9691e456972c8ec4cc84e99486308b84d.sol:97:5: Mismatch in @param names for function 'approve'. Expected: [spender, amount], Found: [] [Warning/use-natspec]
/sb/0x009668a9691e456972c8ec4cc84e99486308b84d.sol:97:5: Missing @return tag in function 'approve' [Warning/use-natspec]
/sb/0x009668a9691e456972c8ec4cc84e99486308b84d.sol:97:5: Mismatch in @return count for function 'approve'. Expected: 1, Found: 0 [Warning/use-natspec]
/sb/0x009668a9691e456972c8ec4cc84e99486308b84d.sol:119:5: Missing @notice tag in function 'transferFrom' [Warning/use-natspec]
/sb/0x009668a9691e456972c8ec4cc84e99486308b84d.sol:119:5: Missing @param tag in function 'transferFrom' [Warning/use-natspec]
/sb/0x009668a9691e456972c8ec4cc84e99486308b84d.sol:119:5: Mismatch in @param names for function 'transferFrom'. Expected: [sender, recipient, amount], Found: [] [Warning/use-natspec]
/sb/0x009668a9691e456972c8ec4cc84e99486308b84d.sol:119:5: Missing @return tag in function 'transferFrom' [Warning/use-natspec]
/sb/0x009668a9691e456972c8ec4cc84e99486308b84d.sol:119:5: Mismatch in @return count for function 'transferFrom'. Expected: 1, Found: 0 [Warning/use-natspec]
/sb/0x009668a9691e456972c8ec4cc84e99486308b84d.sol:143:5: Missing @notice tag in event 'Transfer' [Warning/use-natspec]
/sb/0x009668a9691e456972c8ec4cc84e99486308b84d.sol:143:5: Missing @param tag in event 'Transfer' [Warning/use-natspec]
/sb/0x009668a9691e456972c8ec4cc84e99486308b84d.sol:143:5: Mismatch in @param names for event 'Transfer'. Expected: [from, to, value], Found: [] [Warning/use-natspec]
/sb/0x009668a9691e456972c8ec4cc84e99486308b84d.sol:143:5: GC: [value] on Event [Transfer] could be Indexed [Warning/gas-indexed-events]
/sb/0x009668a9691e456972c8ec4cc84e99486308b84d.sol:155:5: Missing @notice tag in event 'Approval' [Warning/use-natspec]
/sb/0x009668a9691e456972c8ec4cc84e99486308b84d.sol:155:5: Missing @param tag in event 'Approval' [Warning/use-natspec]
/sb/0x009668a9691e456972c8ec4cc84e99486308b84d.sol:155:5: Mismatch in @param names for event 'Approval'. Expected: [owner, spender, value], Found: [] [Warning/use-natspec]
/sb/0x009668a9691e456972c8ec4cc84e99486308b84d.sol:155:5: GC: [value] on Event [Approval] could be Indexed [Warning/gas-indexed-events]
/sb/0x009668a9691e456972c8ec4cc84e99486308b84d.sol:167:5: Missing @notice tag in event 'Reflection' [Warning/use-natspec]
/sb/0x009668a9691e456972c8ec4cc84e99486308b84d.sol:167:5: Missing @param tag in event 'Reflection' [Warning/use-natspec]
/sb/0x009668a9691e456972c8ec4cc84e99486308b84d.sol:167:5: Mismatch in @param names for event 'Reflection'. Expected: [rFee, rAmount, rTransferAmount], Found: [] [Warning/use-natspec]
/sb/0x009668a9691e456972c8ec4cc84e99486308b84d.sol:167:5: GC: [rFee] on Event [Reflection] could be Indexed [Warning/gas-indexed-events]
/sb/0x009668a9691e456972c8ec4cc84e99486308b84d.sol:167:5: GC: [rAmount] on Event [Reflection] could be Indexed [Warning/gas-indexed-events]
/sb/0x009668a9691e456972c8ec4cc84e99486308b84d.sol:167:5: GC: [rTransferAmount] on Event [Reflection] could be Indexed [Warning/gas-indexed-events]
/sb/0x009668a9691e456972c8ec4cc84e99486308b84d.sol:169:5: Missing @notice tag in event 'TotalFee' [Warning/use-natspec]
/sb/0x009668a9691e456972c8ec4cc84e99486308b84d.sol:169:5: Missing @param tag in event 'TotalFee' [Warning/use-natspec]
/sb/0x009668a9691e456972c8ec4cc84e99486308b84d.sol:169:5: Mismatch in @param names for event 'TotalFee'. Expected: [tFee], Found: [] [Warning/use-natspec]
/sb/0x009668a9691e456972c8ec4cc84e99486308b84d.sol:169:5: GC: [tFee] on Event [TotalFee] could be Indexed [Warning/gas-indexed-events]
/sb/0x009668a9691e456972c8ec4cc84e99486308b84d.sol:203:1: Missing @title tag in contract 'SafeMath' [Warning/use-natspec]
/sb/0x009668a9691e456972c8ec4cc84e99486308b84d.sol:203:1: Missing @author tag in contract 'SafeMath' [Warning/use-natspec]
/sb/0x009668a9691e456972c8ec4cc84e99486308b84d.sol:203:1: Missing @notice tag in contract 'SafeMath' [Warning/use-natspec]
/sb/0x009668a9691e456972c8ec4cc84e99486308b84d.sol:225:5: Missing @notice tag in function 'add' [Warning/use-natspec]
/sb/0x009668a9691e456972c8ec4cc84e99486308b84d.sol:225:5: Missing @param tag in function 'add' [Warning/use-natspec]
/sb/0x009668a9691e456972c8ec4cc84e99486308b84d.sol:225:5: Mismatch in @param names for function 'add'. Expected: [a, b], Found: [] [Warning/use-natspec]
/sb/0x009668a9691e456972c8ec4cc84e99486308b84d.sol:225:5: Missing @return tag in function 'add' [Warning/use-natspec]
/sb/0x009668a9691e456972c8ec4cc84e99486308b84d.sol:225:5: Mismatch in @return count for function 'add'. Expected: 1, Found: 0 [Warning/use-natspec]
/sb/0x009668a9691e456972c8ec4cc84e99486308b84d.sol:229:17: GC: Non strict inequality found. Try converting to a strict one [Warning/gas-strict-inequalities]
/sb/0x009668a9691e456972c8ec4cc84e99486308b84d.sol:259:5: Missing @notice tag in function 'sub' [Warning/use-natspec]
/sb/0x009668a9691e456972c8ec4cc84e99486308b84d.sol:259:5: Missing @param tag in function 'sub' [Warning/use-natspec]
/sb/0x009668a9691e456972c8ec4cc84e99486308b84d.sol:259:5: Mismatch in @param names for function 'sub'. Expected: [a, b], Found: [] [Warning/use-natspec]
/sb/0x009668a9691e456972c8ec4cc84e99486308b84d.sol:259:5: Missing @return tag in function 'sub' [Warning/use-natspec]
/sb/0x009668a9691e456972c8ec4cc84e99486308b84d.sol:259:5: Mismatch in @return count for function 'sub'. Expected: 1, Found: 0 [Warning/use-natspec]
/sb/0x009668a9691e456972c8ec4cc84e99486308b84d.sol:287:5: Missing @notice tag in function 'sub' [Warning/use-natspec]
/sb/0x009668a9691e456972c8ec4cc84e99486308b84d.sol:287:5: Missing @param tag in function 'sub' [Warning/use-natspec]
/sb/0x009668a9691e456972c8ec4cc84e99486308b84d.sol:287:5: Mismatch in @param names for function 'sub'. Expected: [a, b, errorMessage], Found: [] [Warning/use-natspec]
/sb/0x009668a9691e456972c8ec4cc84e99486308b84d.sol:287:5: Missing @return tag in function 'sub' [Warning/use-natspec]
/sb/0x009668a9691e456972c8ec4cc84e99486308b84d.sol:287:5: Mismatch in @return count for function 'sub'. Expected: 1, Found: 0 [Warning/use-natspec]
/sb/0x009668a9691e456972c8ec4cc84e99486308b84d.sol:297:17: GC: Non strict inequality found. Try converting to a strict one [Warning/gas-strict-inequalities]
/sb/0x009668a9691e456972c8ec4cc84e99486308b84d.sol:329:5: Missing @notice tag in function 'mul' [Warning/use-natspec]
/sb/0x009668a9691e456972c8ec4cc84e99486308b84d.sol:329:5: Missing @param tag in function 'mul' [Warning/use-natspec]
/sb/0x009668a9691e456972c8ec4cc84e99486308b84d.sol:329:5: Mismatch in @param names for function 'mul'. Expected: [a, b], Found: [] [Warning/use-natspec]
/sb/0x009668a9691e456972c8ec4cc84e99486308b84d.sol:329:5: Missing @return tag in function 'mul' [Warning/use-natspec]
/sb/0x009668a9691e456972c8ec4cc84e99486308b84d.sol:329:5: Mismatch in @return count for function 'mul'. Expected: 1, Found: 0 [Warning/use-natspec]
/sb/0x009668a9691e456972c8ec4cc84e99486308b84d.sol:347:9: Error message for require is too long: 33 counted / 32 allowed [Warning/reason-string]
/sb/0x009668a9691e456972c8ec4cc84e99486308b84d.sol:347:9: GC: String exceeds 32 bytes [Warning/gas-small-strings]
/sb/0x009668a9691e456972c8ec4cc84e99486308b84d.sol:381:5: Missing @notice tag in function 'div' [Warning/use-natspec]
/sb/0x009668a9691e456972c8ec4cc84e99486308b84d.sol:381:5: Missing @param tag in function 'div' [Warning/use-natspec]
/sb/0x009668a9691e456972c8ec4cc84e99486308b84d.sol:381:5: Mismatch in @param names for function 'div'. Expected: [a, b], Found: [] [Warning/use-natspec]
/sb/0x009668a9691e456972c8ec4cc84e99486308b84d.sol:381:5: Missing @return tag in function 'div' [Warning/use-natspec]
/sb/0x009668a9691e456972c8ec4cc84e99486308b84d.sol:381:5: Mismatch in @return count for function 'div'. Expected: 1, Found: 0 [Warning/use-natspec]
/sb/0x009668a9691e456972c8ec4cc84e99486308b84d.sol:413:5: Missing @notice tag in function 'div' [Warning/use-natspec]
/sb/0x009668a9691e456972c8ec4cc84e99486308b84d.sol:413:5: Missing @param tag in function 'div' [Warning/use-natspec]
/sb/0x009668a9691e456972c8ec4cc84e99486308b84d.sol:413:5: Mismatch in @param names for function 'div'. Expected: [a, b, errorMessage], Found: [] [Warning/use-natspec]
/sb/0x009668a9691e456972c8ec4cc84e99486308b84d.sol:413:5: Missing @return tag in function 'div' [Warning/use-natspec]
/sb/0x009668a9691e456972c8ec4cc84e99486308b84d.sol:413:5: Mismatch in @return count for function 'div'. Expected: 1, Found: 0 [Warning/use-natspec]
/sb/0x009668a9691e456972c8ec4cc84e99486308b84d.sol:461:5: Missing @notice tag in function 'mod' [Warning/use-natspec]
/sb/0x009668a9691e456972c8ec4cc84e99486308b84d.sol:461:5: Missing @param tag in function 'mod' [Warning/use-natspec]
/sb/0x009668a9691e456972c8ec4cc84e99486308b84d.sol:461:5: Mismatch in @param names for function 'mod'. Expected: [a, b], Found: [] [Warning/use-natspec]
/sb/0x009668a9691e456972c8ec4cc84e99486308b84d.sol:461:5: Missing @return tag in function 'mod' [Warning/use-natspec]
/sb/0x009668a9691e456972c8ec4cc84e99486308b84d.sol:461:5: Mismatch in @return count for function 'mod'. Expected: 1, Found: 0 [Warning/use-natspec]
/sb/0x009668a9691e456972c8ec4cc84e99486308b84d.sol:493:5: Missing @notice tag in function 'mod' [Warning/use-natspec]
/sb/0x009668a9691e456972c8ec4cc84e99486308b84d.sol:493:5: Missing @param tag in function 'mod' [Warning/use-natspec]
/sb/0x009668a9691e456972c8ec4cc84e99486308b84d.sol:493:5: Mismatch in @param names for function 'mod'. Expected: [a, b, errorMessage], Found: [] [Warning/use-natspec]
/sb/0x009668a9691e456972c8ec4cc84e99486308b84d.sol:493:5: Missing @return tag in function 'mod' [Warning/use-natspec]
/sb/0x009668a9691e456972c8ec4cc84e99486308b84d.sol:493:5: Mismatch in @return count for function 'mod'. Expected: 1, Found: 0 [Warning/use-natspec]
/sb/0x009668a9691e456972c8ec4cc84e99486308b84d.sol:533:1: Missing @title tag in contract 'Context' [Warning/use-natspec]
/sb/0x009668a9691e456972c8ec4cc84e99486308b84d.sol:533:1: Missing @author tag in contract 'Context' [Warning/use-natspec]
/sb/0x009668a9691e456972c8ec4cc84e99486308b84d.sol:533:1: Missing @notice tag in contract 'Context' [Warning/use-natspec]
/sb/0x009668a9691e456972c8ec4cc84e99486308b84d.sol:535:5: Missing @notice tag in function '_msgSender' [Warning/use-natspec]
/sb/0x009668a9691e456972c8ec4cc84e99486308b84d.sol:535:5: Missing @return tag in function '_msgSender' [Warning/use-natspec]
/sb/0x009668a9691e456972c8ec4cc84e99486308b84d.sol:535:5: Mismatch in @return count for function '_msgSender'. Expected: 1, Found: 0 [Warning/use-natspec]
/sb/0x009668a9691e456972c8ec4cc84e99486308b84d.sol:543:5: Missing @notice tag in function '_msgData' [Warning/use-natspec]
/sb/0x009668a9691e456972c8ec4cc84e99486308b84d.sol:543:5: Missing @return tag in function '_msgData' [Warning/use-natspec]
/sb/0x009668a9691e456972c8ec4cc84e99486308b84d.sol:543:5: Mismatch in @return count for function '_msgData'. Expected: 1, Found: 0 [Warning/use-natspec]
/sb/0x009668a9691e456972c8ec4cc84e99486308b84d.sol:559:1: Missing @title tag in contract 'Address' [Warning/use-natspec]
/sb/0x009668a9691e456972c8ec4cc84e99486308b84d.sol:559:1: Missing @author tag in contract 'Address' [Warning/use-natspec]
/sb/0x009668a9691e456972c8ec4cc84e99486308b84d.sol:559:1: Missing @notice tag in contract 'Address' [Warning/use-natspec]
/sb/0x009668a9691e456972c8ec4cc84e99486308b84d.sol:595:5: Missing @notice tag in function 'isContract' [Warning/use-natspec]
/sb/0x009668a9691e456972c8ec4cc84e99486308b84d.sol:595:5: Missing @param tag in function 'isContract' [Warning/use-natspec]
/sb/0x009668a9691e456972c8ec4cc84e99486308b84d.sol:595:5: Mismatch in @param names for function 'isContract'. Expected: [account], Found: [] [Warning/use-natspec]
/sb/0x009668a9691e456972c8ec4cc84e99486308b84d.sol:595:5: Missing @return tag in function 'isContract' [Warning/use-natspec]
/sb/0x009668a9691e456972c8ec4cc84e99486308b84d.sol:595:5: Mismatch in @return count for function 'isContract'. Expected: 1, Found: 0 [Warning/use-natspec]
/sb/0x009668a9691e456972c8ec4cc84e99486308b84d.sol:609:9: Avoid to use inline assembly. It is acceptable only in rare cases [Warning/no-inline-assembly]
/sb/0x009668a9691e456972c8ec4cc84e99486308b84d.sol:653:5: Missing @notice tag in function 'sendValue' [Warning/use-natspec]
/sb/0x009668a9691e456972c8ec4cc84e99486308b84d.sol:653:5: Missing @param tag in function 'sendValue' [Warning/use-natspec]
/sb/0x009668a9691e456972c8ec4cc84e99486308b84d.sol:653:5: Mismatch in @param names for function 'sendValue'. Expected: [recipient, amount], Found: [] [Warning/use-natspec]
/sb/0x009668a9691e456972c8ec4cc84e99486308b84d.sol:657:13: GC: Non strict inequality found. Try converting to a strict one [Warning/gas-strict-inequalities]
/sb/0x009668a9691e456972c8ec4cc84e99486308b84d.sol:669:9: Error message for require is too long: 58 counted / 32 allowed [Warning/reason-string]
/sb/0x009668a9691e456972c8ec4cc84e99486308b84d.sol:669:9: GC: String exceeds 32 bytes [Warning/gas-small-strings]
/sb/0x009668a9691e456972c8ec4cc84e99486308b84d.sol:717:5: Missing @notice tag in function 'functionCall' [Warning/use-natspec]
/sb/0x009668a9691e456972c8ec4cc84e99486308b84d.sol:717:5: Missing @param tag in function 'functionCall' [Warning/use-natspec]
/sb/0x009668a9691e456972c8ec4cc84e99486308b84d.sol:717:5: Mismatch in @param names for function 'functionCall'. Expected: [target, data], Found: [] [Warning/use-natspec]
/sb/0x009668a9691e456972c8ec4cc84e99486308b84d.sol:717:5: Missing @return tag in function 'functionCall' [Warning/use-natspec]
/sb/0x009668a9691e456972c8ec4cc84e99486308b84d.sol:717:5: Mismatch in @return count for function 'functionCall'. Expected: 1, Found: 0 [Warning/use-natspec]
/sb/0x009668a9691e456972c8ec4cc84e99486308b84d.sol:743:5: Missing @notice tag in function 'functionCall' [Warning/use-natspec]
/sb/0x009668a9691e456972c8ec4cc84e99486308b84d.sol:743:5: Missing @param tag in function 'functionCall' [Warning/use-natspec]
/sb/0x009668a9691e456972c8ec4cc84e99486308b84d.sol:743:5: Mismatch in @param names for function 'functionCall'. Expected: [target, data, errorMessage], Found: [] [Warning/use-natspec]
/sb/0x009668a9691e456972c8ec4cc84e99486308b84d.sol:743:5: Missing @return tag in function 'functionCall' [Warning/use-natspec]
/sb/0x009668a9691e456972c8ec4cc84e99486308b84d.sol:743:5: Mismatch in @return count for function 'functionCall'. Expected: 1, Found: 0 [Warning/use-natspec]
/sb/0x009668a9691e456972c8ec4cc84e99486308b84d.sol:781:5: Missing @notice tag in function 'functionCallWithValue' [Warning/use-natspec]
/sb/0x009668a9691e456972c8ec4cc84e99486308b84d.sol:781:5: Missing @param tag in function 'functionCallWithValue' [Warning/use-natspec]
/sb/0x009668a9691e456972c8ec4cc84e99486308b84d.sol:781:5: Mismatch in @param names for function 'functionCallWithValue'. Expected: [target, data, value], Found: [] [Warning/use-natspec]
/sb/0x009668a9691e456972c8ec4cc84e99486308b84d.sol:781:5: Missing @return tag in function 'functionCallWithValue' [Warning/use-natspec]
/sb/0x009668a9691e456972c8ec4cc84e99486308b84d.sol:781:5: Mismatch in @return count for function 'functionCallWithValue'. Expected: 1, Found: 0 [Warning/use-natspec]
/sb/0x009668a9691e456972c8ec4cc84e99486308b84d.sol:793:13: GC: String exceeds 32 bytes [Warning/gas-small-strings]
/sb/0x009668a9691e456972c8ec4cc84e99486308b84d.sol:821:5: Missing @notice tag in function 'functionCallWithValue' [Warning/use-natspec]
/sb/0x009668a9691e456972c8ec4cc84e99486308b84d.sol:821:5: Missing @param tag in function 'functionCallWithValue' [Warning/use-natspec]
/sb/0x009668a9691e456972c8ec4cc84e99486308b84d.sol:821:5: Mismatch in @param names for function 'functionCallWithValue'. Expected: [target, data, value, errorMessage], Found: [] [Warning/use-natspec]
/sb/0x009668a9691e456972c8ec4cc84e99486308b84d.sol:821:5: Missing @return tag in function 'functionCallWithValue' [Warning/use-natspec]
/sb/0x009668a9691e456972c8ec4cc84e99486308b84d.sol:821:5: Mismatch in @return count for function 'functionCallWithValue'. Expected: 1, Found: 0 [Warning/use-natspec]
/sb/0x009668a9691e456972c8ec4cc84e99486308b84d.sol:833:9: Error message for require is too long: 38 counted / 32 allowed [Warning/reason-string]
/sb/0x009668a9691e456972c8ec4cc84e99486308b84d.sol:833:9: GC: String exceeds 32 bytes [Warning/gas-small-strings]
/sb/0x009668a9691e456972c8ec4cc84e99486308b84d.sol:835:13: GC: Non strict inequality found. Try converting to a strict one [Warning/gas-strict-inequalities]
/sb/0x009668a9691e456972c8ec4cc84e99486308b84d.sol:847:5: Function body contains 55 lines but allowed no more than 50 lines [Warning/function-max-lines]
/sb/0x009668a9691e456972c8ec4cc84e99486308b84d.sol:847:5: Missing @notice tag in function '_functionCallWithValue' [Warning/use-natspec]
/sb/0x009668a9691e456972c8ec4cc84e99486308b84d.sol:847:5: Missing @param tag in function '_functionCallWithValue' [Warning/use-natspec]
/sb/0x009668a9691e456972c8ec4cc84e99486308b84d.sol:847:5: Mismatch in @param names for function '_functionCallWithValue'. Expected: [target, data, weiValue, errorMessage], Found: [] [Warning/use-natspec]
/sb/0x009668a9691e456972c8ec4cc84e99486308b84d.sol:847:5: Missing @return tag in function '_functionCallWithValue' [Warning/use-natspec]
/sb/0x009668a9691e456972c8ec4cc84e99486308b84d.sol:847:5: Mismatch in @return count for function '_functionCallWithValue'. Expected: 1, Found: 0 [Warning/use-natspec]
/sb/0x009668a9691e456972c8ec4cc84e99486308b84d.sol:887:17: Avoid to use inline assembly. It is acceptable only in rare cases [Warning/no-inline-assembly]
/sb/0x009668a9691e456972c8ec4cc84e99486308b84d.sol:933:1: Missing @title tag in contract 'Ownable' [Warning/use-natspec]
/sb/0x009668a9691e456972c8ec4cc84e99486308b84d.sol:933:1: Missing @author tag in contract 'Ownable' [Warning/use-natspec]
/sb/0x009668a9691e456972c8ec4cc84e99486308b84d.sol:933:1: Missing @notice tag in contract 'Ownable' [Warning/use-natspec]
/sb/0x009668a9691e456972c8ec4cc84e99486308b84d.sol:943:5: Missing @notice tag in event 'OwnershipTransferred' [Warning/use-natspec]
/sb/0x009668a9691e456972c8ec4cc84e99486308b84d.sol:943:5: Missing @param tag in event 'OwnershipTransferred' [Warning/use-natspec]
/sb/0x009668a9691e456972c8ec4cc84e99486308b84d.sol:943:5: Mismatch in @param names for event 'OwnershipTransferred'. Expected: [previousOwner, newOwner], Found: [] [Warning/use-natspec]
/sb/0x009668a9691e456972c8ec4cc84e99486308b84d.sol:959:5: Missing @notice tag in function '<anonymous>' [Warning/use-natspec]
/sb/0x009668a9691e456972c8ec4cc84e99486308b84d.sol:959:5: Explicitly mark visibility in function (Set ignoreConstructors to true if using solidity >=0.7.0) [Warning/func-visibility]
/sb/0x009668a9691e456972c8ec4cc84e99486308b84d.sol:977:5: Missing @notice tag in function 'owner' [Warning/use-natspec]
/sb/0x009668a9691e456972c8ec4cc84e99486308b84d.sol:977:5: Missing @return tag in function 'owner' [Warning/use-natspec]
/sb/0x009668a9691e456972c8ec4cc84e99486308b84d.sol:977:5: Mismatch in @return count for function 'owner'. Expected: 1, Found: 0 [Warning/use-natspec]
/sb/0x009668a9691e456972c8ec4cc84e99486308b84d.sol:1015:5: Missing @notice tag in function 'renounceOwnership' [Warning/use-natspec]
/sb/0x009668a9691e456972c8ec4cc84e99486308b84d.sol:1033:5: Missing @notice tag in function 'transferOwnership' [Warning/use-natspec]
/sb/0x009668a9691e456972c8ec4cc84e99486308b84d.sol:1033:5: Missing @param tag in function 'transferOwnership' [Warning/use-natspec]
/sb/0x009668a9691e456972c8ec4cc84e99486308b84d.sol:1033:5: Mismatch in @param names for function 'transferOwnership'. Expected: [newOwner], Found: [] [Warning/use-natspec]
/sb/0x009668a9691e456972c8ec4cc84e99486308b84d.sol:1035:9: Error message for require is too long: 38 counted / 32 allowed [Warning/reason-string]
/sb/0x009668a9691e456972c8ec4cc84e99486308b84d.sol:1035:9: GC: String exceeds 32 bytes [Warning/gas-small-strings]
/sb/0x009668a9691e456972c8ec4cc84e99486308b84d.sol:1051:5: Missing @notice tag in function 'geUnlockTime' [Warning/use-natspec]
/sb/0x009668a9691e456972c8ec4cc84e99486308b84d.sol:1051:5: Missing @return tag in function 'geUnlockTime' [Warning/use-natspec]
/sb/0x009668a9691e456972c8ec4cc84e99486308b84d.sol:1051:5: Mismatch in @return count for function 'geUnlockTime'. Expected: 1, Found: 0 [Warning/use-natspec]
/sb/0x009668a9691e456972c8ec4cc84e99486308b84d.sol:1061:5: Missing @notice tag in function 'lock' [Warning/use-natspec]
/sb/0x009668a9691e456972c8ec4cc84e99486308b84d.sol:1061:5: Missing @param tag in function 'lock' [Warning/use-natspec]
/sb/0x009668a9691e456972c8ec4cc84e99486308b84d.sol:1061:5: Mismatch in @param names for function 'lock'. Expected: [time], Found: [] [Warning/use-natspec]
/sb/0x009668a9691e456972c8ec4cc84e99486308b84d.sol:1077:5: Missing @notice tag in function 'unlock' [Warning/use-natspec]
/sb/0x009668a9691e456972c8ec4cc84e99486308b84d.sol:1079:9: Error message for require is too long: 35 counted / 32 allowed [Warning/reason-string]
/sb/0x009668a9691e456972c8ec4cc84e99486308b84d.sol:1079:9: GC: String exceeds 32 bytes [Warning/gas-small-strings]
/sb/0x009668a9691e456972c8ec4cc84e99486308b84d.sol:1099:1: Contract has 20 states declarations but allowed no more than 15 [Warning/max-states-count]
/sb/0x009668a9691e456972c8ec4cc84e99486308b84d.sol:1099:1: Missing @title tag in contract 'Terareum' [Warning/use-natspec]
/sb/0x009668a9691e456972c8ec4cc84e99486308b84d.sol:1099:1: Missing @author tag in contract 'Terareum' [Warning/use-natspec]
/sb/0x009668a9691e456972c8ec4cc84e99486308b84d.sol:1099:1: Missing @notice tag in contract 'Terareum' [Warning/use-natspec]
/sb/0x009668a9691e456972c8ec4cc84e99486308b84d.sol:1125:5: Missing @notice tag in variable 'BURN_ADDRESS' [Warning/use-natspec]
/sb/0x009668a9691e456972c8ec4cc84e99486308b84d.sol:1125:5: Variable name must be in mixedCase BURN_ADDRESS [Warning/var-name-mixedcase]
/sb/0x009668a9691e456972c8ec4cc84e99486308b84d.sol:1127:5: Missing @notice tag in variable 'MARKET_ADDRESS' [Warning/use-natspec]
/sb/0x009668a9691e456972c8ec4cc84e99486308b84d.sol:1127:5: Variable name must be in mixedCase MARKET_ADDRESS [Warning/var-name-mixedcase]
/sb/0x009668a9691e456972c8ec4cc84e99486308b84d.sol:1149:5: Missing @notice tag in variable '_taxFee' [Warning/use-natspec]
/sb/0x009668a9691e456972c8ec4cc84e99486308b84d.sol:1155:5: Missing @notice tag in variable '_burnFee' [Warning/use-natspec]
/sb/0x009668a9691e456972c8ec4cc84e99486308b84d.sol:1161:5: Missing @notice tag in variable '_marketFee' [Warning/use-natspec]
/sb/0x009668a9691e456972c8ec4cc84e99486308b84d.sol:1167:5: Missing @notice tag in event 'TransferBurn' [Warning/use-natspec]
/sb/0x009668a9691e456972c8ec4cc84e99486308b84d.sol:1167:5: Missing @param tag in event 'TransferBurn' [Warning/use-natspec]
/sb/0x009668a9691e456972c8ec4cc84e99486308b84d.sol:1167:5: Mismatch in @param names for event 'TransferBurn'. Expected: [from, burnAddress, value], Found: [] [Warning/use-natspec]
/sb/0x009668a9691e456972c8ec4cc84e99486308b84d.sol:1167:5: GC: [value] on Event [TransferBurn] could be Indexed [Warning/gas-indexed-events]
/sb/0x009668a9691e456972c8ec4cc84e99486308b84d.sol:1177:5: Missing @notice tag in event 'TransferMarket' [Warning/use-natspec]
/sb/0x009668a9691e456972c8ec4cc84e99486308b84d.sol:1177:5: Missing @param tag in event 'TransferMarket' [Warning/use-natspec]
/sb/0x009668a9691e456972c8ec4cc84e99486308b84d.sol:1177:5: Mismatch in @param names for event 'TransferMarket'. Expected: [from, marketAddress, value], Found: [] [Warning/use-natspec]
/sb/0x009668a9691e456972c8ec4cc84e99486308b84d.sol:1177:5: GC: [value] on Event [TransferMarket] could be Indexed [Warning/gas-indexed-events]
/sb/0x009668a9691e456972c8ec4cc84e99486308b84d.sol:1189:5: Missing @notice tag in function '<anonymous>' [Warning/use-natspec]
/sb/0x009668a9691e456972c8ec4cc84e99486308b84d.sol:1189:5: Explicitly mark visibility in function (Set ignoreConstructors to true if using solidity >=0.7.0) [Warning/func-visibility]
/sb/0x009668a9691e456972c8ec4cc84e99486308b84d.sol:1223:5: Missing @notice tag in function 'name' [Warning/use-natspec]
/sb/0x009668a9691e456972c8ec4cc84e99486308b84d.sol:1223:5: Missing @return tag in function 'name' [Warning/use-natspec]
/sb/0x009668a9691e456972c8ec4cc84e99486308b84d.sol:1223:5: Mismatch in @return count for function 'name'. Expected: 1, Found: 0 [Warning/use-natspec]
/sb/0x009668a9691e456972c8ec4cc84e99486308b84d.sol:1231:5: Missing @notice tag in function 'symbol' [Warning/use-natspec]
/sb/0x009668a9691e456972c8ec4cc84e99486308b84d.sol:1231:5: Missing @return tag in function 'symbol' [Warning/use-natspec]
/sb/0x009668a9691e456972c8ec4cc84e99486308b84d.sol:1231:5: Mismatch in @return count for function 'symbol'. Expected: 1, Found: 0 [Warning/use-natspec]
/sb/0x009668a9691e456972c8ec4cc84e99486308b84d.sol:1239:5: Missing @notice tag in function 'decimals' [Warning/use-natspec]
/sb/0x009668a9691e456972c8ec4cc84e99486308b84d.sol:1239:5: Missing @return tag in function 'decimals' [Warning/use-natspec]
/sb/0x009668a9691e456972c8ec4cc84e99486308b84d.sol:1239:5: Mismatch in @return count for function 'decimals'. Expected: 1, Found: 0 [Warning/use-natspec]
/sb/0x009668a9691e456972c8ec4cc84e99486308b84d.sol:1247:5: Missing @notice tag in function 'totalSupply' [Warning/use-natspec]
/sb/0x009668a9691e456972c8ec4cc84e99486308b84d.sol:1247:5: Missing @return tag in function 'totalSupply' [Warning/use-natspec]
/sb/0x009668a9691e456972c8ec4cc84e99486308b84d.sol:1247:5: Mismatch in @return count for function 'totalSupply'. Expected: 1, Found: 0 [Warning/use-natspec]
/sb/0x009668a9691e456972c8ec4cc84e99486308b84d.sol:1255:5: Missing @notice tag in function 'balanceOf' [Warning/use-natspec]
/sb/0x009668a9691e456972c8ec4cc84e99486308b84d.sol:1255:5: Missing @param tag in function 'balanceOf' [Warning/use-natspec]
/sb/0x009668a9691e456972c8ec4cc84e99486308b84d.sol:1255:5: Mismatch in @param names for function 'balanceOf'. Expected: [account], Found: [] [Warning/use-natspec]
/sb/0x009668a9691e456972c8ec4cc84e99486308b84d.sol:1255:5: Missing @return tag in function 'balanceOf' [Warning/use-natspec]
/sb/0x009668a9691e456972c8ec4cc84e99486308b84d.sol:1255:5: Mismatch in @return count for function 'balanceOf'. Expected: 1, Found: 0 [Warning/use-natspec]
/sb/0x009668a9691e456972c8ec4cc84e99486308b84d.sol:1265:5: Missing @notice tag in function 'transfer' [Warning/use-natspec]
/sb/0x009668a9691e456972c8ec4cc84e99486308b84d.sol:1265:5: Missing @param tag in function 'transfer' [Warning/use-natspec]
/sb/0x009668a9691e456972c8ec4cc84e99486308b84d.sol:1265:5: Mismatch in @param names for function 'transfer'. Expected: [recipient, amount], Found: [] [Warning/use-natspec]
/sb/0x009668a9691e456972c8ec4cc84e99486308b84d.sol:1265:5: Missing @return tag in function 'transfer' [Warning/use-natspec]
/sb/0x009668a9691e456972c8ec4cc84e99486308b84d.sol:1265:5: Mismatch in @return count for function 'transfer'. Expected: 1, Found: 0 [Warning/use-natspec]
/sb/0x009668a9691e456972c8ec4cc84e99486308b84d.sol:1283:5: Missing @notice tag in function 'allowance' [Warning/use-natspec]
/sb/0x009668a9691e456972c8ec4cc84e99486308b84d.sol:1283:5: Missing @param tag in function 'allowance' [Warning/use-natspec]
/sb/0x009668a9691e456972c8ec4cc84e99486308b84d.sol:1283:5: Mismatch in @param names for function 'allowance'. Expected: [owner, spender], Found: [] [Warning/use-natspec]
/sb/0x009668a9691e456972c8ec4cc84e99486308b84d.sol:1283:5: Missing @return tag in function 'allowance' [Warning/use-natspec]
/sb/0x009668a9691e456972c8ec4cc84e99486308b84d.sol:1283:5: Mismatch in @return count for function 'allowance'. Expected: 1, Found: 0 [Warning/use-natspec]
/sb/0x009668a9691e456972c8ec4cc84e99486308b84d.sol:1301:5: Missing @notice tag in function 'approve' [Warning/use-natspec]
/sb/0x009668a9691e456972c8ec4cc84e99486308b84d.sol:1301:5: Missing @param tag in function 'approve' [Warning/use-natspec]
/sb/0x009668a9691e456972c8ec4cc84e99486308b84d.sol:1301:5: Mismatch in @param names for function 'approve'. Expected: [spender, amount], Found: [] [Warning/use-natspec]
/sb/0x009668a9691e456972c8ec4cc84e99486308b84d.sol:1301:5: Missing @return tag in function 'approve' [Warning/use-natspec]
/sb/0x009668a9691e456972c8ec4cc84e99486308b84d.sol:1301:5: Mismatch in @return count for function 'approve'. Expected: 1, Found: 0 [Warning/use-natspec]
/sb/0x009668a9691e456972c8ec4cc84e99486308b84d.sol:1319:5: Missing @notice tag in function 'transferFrom' [Warning/use-natspec]
/sb/0x009668a9691e456972c8ec4cc84e99486308b84d.sol:1319:5: Missing @param tag in function 'transferFrom' [Warning/use-natspec]
/sb/0x009668a9691e456972c8ec4cc84e99486308b84d.sol:1319:5: Mismatch in @param names for function 'transferFrom'. Expected: [sender, recipient, amount], Found: [] [Warning/use-natspec]
/sb/0x009668a9691e456972c8ec4cc84e99486308b84d.sol:1319:5: Missing @return tag in function 'transferFrom' [Warning/use-natspec]
/sb/0x009668a9691e456972c8ec4cc84e99486308b84d.sol:1319:5: Mismatch in @return count for function 'transferFrom'. Expected: 1, Found: 0 [Warning/use-natspec]
/sb/0x009668a9691e456972c8ec4cc84e99486308b84d.sol:1337:13: GC: String exceeds 32 bytes [Warning/gas-small-strings]
/sb/0x009668a9691e456972c8ec4cc84e99486308b84d.sol:1353:5: Missing @notice tag in function 'increaseAllowance' [Warning/use-natspec]
/sb/0x009668a9691e456972c8ec4cc84e99486308b84d.sol:1353:5: Missing @param tag in function 'increaseAllowance' [Warning/use-natspec]
/sb/0x009668a9691e456972c8ec4cc84e99486308b84d.sol:1353:5: Mismatch in @param names for function 'increaseAllowance'. Expected: [spender, addedValue], Found: [] [Warning/use-natspec]
/sb/0x009668a9691e456972c8ec4cc84e99486308b84d.sol:1353:5: Missing @return tag in function 'increaseAllowance' [Warning/use-natspec]
/sb/0x009668a9691e456972c8ec4cc84e99486308b84d.sol:1353:5: Mismatch in @return count for function 'increaseAllowance'. Expected: 1, Found: 0 [Warning/use-natspec]
/sb/0x009668a9691e456972c8ec4cc84e99486308b84d.sol:1379:5: Missing @notice tag in function 'decreaseAllowance' [Warning/use-natspec]
/sb/0x009668a9691e456972c8ec4cc84e99486308b84d.sol:1379:5: Missing @param tag in function 'decreaseAllowance' [Warning/use-natspec]
/sb/0x009668a9691e456972c8ec4cc84e99486308b84d.sol:1379:5: Mismatch in @param names for function 'decreaseAllowance'. Expected: [spender, subtractedValue], Found: [] [Warning/use-natspec]
/sb/0x009668a9691e456972c8ec4cc84e99486308b84d.sol:1379:5: Missing @return tag in function 'decreaseAllowance' [Warning/use-natspec]
/sb/0x009668a9691e456972c8ec4cc84e99486308b84d.sol:1379:5: Mismatch in @return count for function 'decreaseAllowance'. Expected: 1, Found: 0 [Warning/use-natspec]
/sb/0x009668a9691e456972c8ec4cc84e99486308b84d.sol:1395:13: GC: String exceeds 32 bytes [Warning/gas-small-strings]
/sb/0x009668a9691e456972c8ec4cc84e99486308b84d.sol:1411:5: Missing @notice tag in function 'isExcludedFromReward' [Warning/use-natspec]
/sb/0x009668a9691e456972c8ec4cc84e99486308b84d.sol:1411:5: Missing @param tag in function 'isExcludedFromReward' [Warning/use-natspec]
/sb/0x009668a9691e456972c8ec4cc84e99486308b84d.sol:1411:5: Mismatch in @param names for function 'isExcludedFromReward'. Expected: [account], Found: [] [Warning/use-natspec]
/sb/0x009668a9691e456972c8ec4cc84e99486308b84d.sol:1411:5: Missing @return tag in function 'isExcludedFromReward' [Warning/use-natspec]
/sb/0x009668a9691e456972c8ec4cc84e99486308b84d.sol:1411:5: Mismatch in @return count for function 'isExcludedFromReward'. Expected: 1, Found: 0 [Warning/use-natspec]
/sb/0x009668a9691e456972c8ec4cc84e99486308b84d.sol:1419:5: Missing @notice tag in function 'totalFees' [Warning/use-natspec]
/sb/0x009668a9691e456972c8ec4cc84e99486308b84d.sol:1419:5: Missing @return tag in function 'totalFees' [Warning/use-natspec]
/sb/0x009668a9691e456972c8ec4cc84e99486308b84d.sol:1419:5: Mismatch in @return count for function 'totalFees'. Expected: 1, Found: 0 [Warning/use-natspec]
/sb/0x009668a9691e456972c8ec4cc84e99486308b84d.sol:1427:5: Missing @notice tag in function 'totalBurned' [Warning/use-natspec]
/sb/0x009668a9691e456972c8ec4cc84e99486308b84d.sol:1427:5: Missing @return tag in function 'totalBurned' [Warning/use-natspec]
/sb/0x009668a9691e456972c8ec4cc84e99486308b84d.sol:1427:5: Mismatch in @return count for function 'totalBurned'. Expected: 1, Found: 0 [Warning/use-natspec]
/sb/0x009668a9691e456972c8ec4cc84e99486308b84d.sol:1435:5: Missing @notice tag in function 'totalMarketBalance' [Warning/use-natspec]
/sb/0x009668a9691e456972c8ec4cc84e99486308b84d.sol:1435:5: Missing @return tag in function 'totalMarketBalance' [Warning/use-natspec]
/sb/0x009668a9691e456972c8ec4cc84e99486308b84d.sol:1435:5: Mismatch in @return count for function 'totalMarketBalance'. Expected: 1, Found: 0 [Warning/use-natspec]
/sb/0x009668a9691e456972c8ec4cc84e99486308b84d.sol:1443:5: Missing @notice tag in function 'reflectionFromToken' [Warning/use-natspec]
/sb/0x009668a9691e456972c8ec4cc84e99486308b84d.sol:1443:5: Missing @param tag in function 'reflectionFromToken' [Warning/use-natspec]
/sb/0x009668a9691e456972c8ec4cc84e99486308b84d.sol:1443:5: Mismatch in @param names for function 'reflectionFromToken'. Expected: [tAmount, deductTransferFee], Found: [] [Warning/use-natspec]
/sb/0x009668a9691e456972c8ec4cc84e99486308b84d.sol:1443:5: Missing @return tag in function 'reflectionFromToken' [Warning/use-natspec]
/sb/0x009668a9691e456972c8ec4cc84e99486308b84d.sol:1443:5: Mismatch in @return count for function 'reflectionFromToken'. Expected: 1, Found: 0 [Warning/use-natspec]
/sb/0x009668a9691e456972c8ec4cc84e99486308b84d.sol:1453:17: GC: Non strict inequality found. Try converting to a strict one [Warning/gas-strict-inequalities]
/sb/0x009668a9691e456972c8ec4cc84e99486308b84d.sol:1473:5: Missing @notice tag in function 'tokenFromReflection' [Warning/use-natspec]
/sb/0x009668a9691e456972c8ec4cc84e99486308b84d.sol:1473:5: Missing @param tag in function 'tokenFromReflection' [Warning/use-natspec]
/sb/0x009668a9691e456972c8ec4cc84e99486308b84d.sol:1473:5: Mismatch in @param names for function 'tokenFromReflection'. Expected: [rAmount], Found: [] [Warning/use-natspec]
/sb/0x009668a9691e456972c8ec4cc84e99486308b84d.sol:1473:5: Missing @return tag in function 'tokenFromReflection' [Warning/use-natspec]
/sb/0x009668a9691e456972c8ec4cc84e99486308b84d.sol:1473:5: Mismatch in @return count for function 'tokenFromReflection'. Expected: 1, Found: 0 [Warning/use-natspec]
/sb/0x009668a9691e456972c8ec4cc84e99486308b84d.sol:1483:9: Error message for require is too long: 42 counted / 32 allowed [Warning/reason-string]
/sb/0x009668a9691e456972c8ec4cc84e99486308b84d.sol:1483:9: GC: String exceeds 32 bytes [Warning/gas-small-strings]
/sb/0x009668a9691e456972c8ec4cc84e99486308b84d.sol:1485:13: GC: Non strict inequality found. Try converting to a strict one [Warning/gas-strict-inequalities]
/sb/0x009668a9691e456972c8ec4cc84e99486308b84d.sol:1499:5: Missing @notice tag in function 'excludeFromReward' [Warning/use-natspec]
/sb/0x009668a9691e456972c8ec4cc84e99486308b84d.sol:1499:5: Missing @param tag in function 'excludeFromReward' [Warning/use-natspec]
/sb/0x009668a9691e456972c8ec4cc84e99486308b84d.sol:1499:5: Mismatch in @param names for function 'excludeFromReward'. Expected: [account], Found: [] [Warning/use-natspec]
/sb/0x009668a9691e456972c8ec4cc84e99486308b84d.sol:1517:5: Missing @notice tag in function 'includeInReward' [Warning/use-natspec]
/sb/0x009668a9691e456972c8ec4cc84e99486308b84d.sol:1517:5: Missing @param tag in function 'includeInReward' [Warning/use-natspec]
/sb/0x009668a9691e456972c8ec4cc84e99486308b84d.sol:1517:5: Mismatch in @param names for function 'includeInReward'. Expected: [account], Found: [] [Warning/use-natspec]
/sb/0x009668a9691e456972c8ec4cc84e99486308b84d.sol:1521:51: GC: For [ i ] variable, increment/decrement by 1 using: [ ++variable ] to save gas [Warning/gas-increment-by-one]
/sb/0x009668a9691e456972c8ec4cc84e99486308b84d.sol:1541:5: Missing @notice tag in function 'excludeFromFee' [Warning/use-natspec]
/sb/0x009668a9691e456972c8ec4cc84e99486308b84d.sol:1541:5: Missing @param tag in function 'excludeFromFee' [Warning/use-natspec]
/sb/0x009668a9691e456972c8ec4cc84e99486308b84d.sol:1541:5: Mismatch in @param names for function 'excludeFromFee'. Expected: [account], Found: [] [Warning/use-natspec]
/sb/0x009668a9691e456972c8ec4cc84e99486308b84d.sol:1549:5: Missing @notice tag in function 'includeInFee' [Warning/use-natspec]
/sb/0x009668a9691e456972c8ec4cc84e99486308b84d.sol:1549:5: Missing @param tag in function 'includeInFee' [Warning/use-natspec]
/sb/0x009668a9691e456972c8ec4cc84e99486308b84d.sol:1549:5: Mismatch in @param names for function 'includeInFee'. Expected: [account], Found: [] [Warning/use-natspec]
/sb/0x009668a9691e456972c8ec4cc84e99486308b84d.sol:1557:5: Missing @notice tag in function 'setTaxFeePercent' [Warning/use-natspec]
/sb/0x009668a9691e456972c8ec4cc84e99486308b84d.sol:1557:5: Missing @param tag in function 'setTaxFeePercent' [Warning/use-natspec]
/sb/0x009668a9691e456972c8ec4cc84e99486308b84d.sol:1557:5: Mismatch in @param names for function 'setTaxFeePercent'. Expected: [taxFee], Found: [] [Warning/use-natspec]
/sb/0x009668a9691e456972c8ec4cc84e99486308b84d.sol:1565:5: Missing @notice tag in function 'setBurnFeePercent' [Warning/use-natspec]
/sb/0x009668a9691e456972c8ec4cc84e99486308b84d.sol:1565:5: Missing @param tag in function 'setBurnFeePercent' [Warning/use-natspec]
/sb/0x009668a9691e456972c8ec4cc84e99486308b84d.sol:1565:5: Mismatch in @param names for function 'setBurnFeePercent'. Expected: [burnFee], Found: [] [Warning/use-natspec]
/sb/0x009668a9691e456972c8ec4cc84e99486308b84d.sol:1573:5: Missing @notice tag in function 'setMarketFeePercent' [Warning/use-natspec]
/sb/0x009668a9691e456972c8ec4cc84e99486308b84d.sol:1573:5: Missing @param tag in function 'setMarketFeePercent' [Warning/use-natspec]
/sb/0x009668a9691e456972c8ec4cc84e99486308b84d.sol:1573:5: Mismatch in @param names for function 'setMarketFeePercent'. Expected: [marketFee], Found: [] [Warning/use-natspec]
/sb/0x009668a9691e456972c8ec4cc84e99486308b84d.sol:1583:5: Missing @notice tag in function '<anonymous>' [Warning/use-natspec]
/sb/0x009668a9691e456972c8ec4cc84e99486308b84d.sol:1587:5: Missing @notice tag in function '_reflectFee' [Warning/use-natspec]
/sb/0x009668a9691e456972c8ec4cc84e99486308b84d.sol:1587:5: Missing @param tag in function '_reflectFee' [Warning/use-natspec]
/sb/0x009668a9691e456972c8ec4cc84e99486308b84d.sol:1587:5: Mismatch in @param names for function '_reflectFee'. Expected: [rFee, tFee], Found: [] [Warning/use-natspec]
/sb/0x009668a9691e456972c8ec4cc84e99486308b84d.sol:1597:5: Function body contains 69 lines but allowed no more than 50 lines [Warning/function-max-lines]
/sb/0x009668a9691e456972c8ec4cc84e99486308b84d.sol:1597:5: Missing @notice tag in function '_getValues' [Warning/use-natspec]
/sb/0x009668a9691e456972c8ec4cc84e99486308b84d.sol:1597:5: Missing @param tag in function '_getValues' [Warning/use-natspec]
/sb/0x009668a9691e456972c8ec4cc84e99486308b84d.sol:1597:5: Mismatch in @param names for function '_getValues'. Expected: [tAmount], Found: [] [Warning/use-natspec]
/sb/0x009668a9691e456972c8ec4cc84e99486308b84d.sol:1597:5: Missing @return tag in function '_getValues' [Warning/use-natspec]
/sb/0x009668a9691e456972c8ec4cc84e99486308b84d.sol:1597:5: Mismatch in @return count for function '_getValues'. Expected: 7, Found: 0 [Warning/use-natspec]
/sb/0x009668a9691e456972c8ec4cc84e99486308b84d.sol:1671:5: Missing @notice tag in function '_getTValues' [Warning/use-natspec]
/sb/0x009668a9691e456972c8ec4cc84e99486308b84d.sol:1671:5: Missing @param tag in function '_getTValues' [Warning/use-natspec]
/sb/0x009668a9691e456972c8ec4cc84e99486308b84d.sol:1671:5: Mismatch in @param names for function '_getTValues'. Expected: [tAmount], Found: [] [Warning/use-natspec]
/sb/0x009668a9691e456972c8ec4cc84e99486308b84d.sol:1671:5: Missing @return tag in function '_getTValues' [Warning/use-natspec]
/sb/0x009668a9691e456972c8ec4cc84e99486308b84d.sol:1671:5: Mismatch in @return count for function '_getTValues'. Expected: 4, Found: 0 [Warning/use-natspec]
/sb/0x009668a9691e456972c8ec4cc84e99486308b84d.sol:1705:5: Missing @notice tag in function '_getRValues' [Warning/use-natspec]
/sb/0x009668a9691e456972c8ec4cc84e99486308b84d.sol:1705:5: Missing @param tag in function '_getRValues' [Warning/use-natspec]
/sb/0x009668a9691e456972c8ec4cc84e99486308b84d.sol:1705:5: Mismatch in @param names for function '_getRValues'. Expected: [tAmount, tFee, tBurn, tMarket, currentRate], Found: [] [Warning/use-natspec]
/sb/0x009668a9691e456972c8ec4cc84e99486308b84d.sol:1705:5: Missing @return tag in function '_getRValues' [Warning/use-natspec]
/sb/0x009668a9691e456972c8ec4cc84e99486308b84d.sol:1705:5: Mismatch in @return count for function '_getRValues'. Expected: 3, Found: 0 [Warning/use-natspec]
/sb/0x009668a9691e456972c8ec4cc84e99486308b84d.sol:1751:5: Missing @notice tag in function '_getRate' [Warning/use-natspec]
/sb/0x009668a9691e456972c8ec4cc84e99486308b84d.sol:1751:5: Missing @return tag in function '_getRate' [Warning/use-natspec]
/sb/0x009668a9691e456972c8ec4cc84e99486308b84d.sol:1751:5: Mismatch in @return count for function '_getRate'. Expected: 1, Found: 0 [Warning/use-natspec]
/sb/0x009668a9691e456972c8ec4cc84e99486308b84d.sol:1761:5: Missing @notice tag in function '_getCurrentSupply' [Warning/use-natspec]
/sb/0x009668a9691e456972c8ec4cc84e99486308b84d.sol:1761:5: Missing @return tag in function '_getCurrentSupply' [Warning/use-natspec]
/sb/0x009668a9691e456972c8ec4cc84e99486308b84d.sol:1761:5: Mismatch in @return count for function '_getCurrentSupply'. Expected: 2, Found: 0 [Warning/use-natspec]
/sb/0x009668a9691e456972c8ec4cc84e99486308b84d.sol:1767:51: GC: For [ i ] variable, increment/decrement by 1 using: [ ++variable ] to save gas [Warning/gas-increment-by-one]
/sb/0x009668a9691e456972c8ec4cc84e99486308b84d.sol:1791:5: Missing @notice tag in function 'calculateTaxFee' [Warning/use-natspec]
/sb/0x009668a9691e456972c8ec4cc84e99486308b84d.sol:1791:5: Missing @param tag in function 'calculateTaxFee' [Warning/use-natspec]
/sb/0x009668a9691e456972c8ec4cc84e99486308b84d.sol:1791:5: Mismatch in @param names for function 'calculateTaxFee'. Expected: [_amount], Found: [] [Warning/use-natspec]
/sb/0x009668a9691e456972c8ec4cc84e99486308b84d.sol:1791:5: Missing @return tag in function 'calculateTaxFee' [Warning/use-natspec]
/sb/0x009668a9691e456972c8ec4cc84e99486308b84d.sol:1791:5: Mismatch in @return count for function 'calculateTaxFee'. Expected: 1, Found: 0 [Warning/use-natspec]
/sb/0x009668a9691e456972c8ec4cc84e99486308b84d.sol:1799:5: Missing @notice tag in function 'calculateBurnFee' [Warning/use-natspec]
/sb/0x009668a9691e456972c8ec4cc84e99486308b84d.sol:1799:5: Missing @param tag in function 'calculateBurnFee' [Warning/use-natspec]
/sb/0x009668a9691e456972c8ec4cc84e99486308b84d.sol:1799:5: Mismatch in @param names for function 'calculateBurnFee'. Expected: [_amount], Found: [] [Warning/use-natspec]
/sb/0x009668a9691e456972c8ec4cc84e99486308b84d.sol:1799:5: Missing @return tag in function 'calculateBurnFee' [Warning/use-natspec]
/sb/0x009668a9691e456972c8ec4cc84e99486308b84d.sol:1799:5: Mismatch in @return count for function 'calculateBurnFee'. Expected: 1, Found: 0 [Warning/use-natspec]
/sb/0x009668a9691e456972c8ec4cc84e99486308b84d.sol:1807:5: Missing @notice tag in function 'calculateMarketFee' [Warning/use-natspec]
/sb/0x009668a9691e456972c8ec4cc84e99486308b84d.sol:1807:5: Missing @param tag in function 'calculateMarketFee' [Warning/use-natspec]
/sb/0x009668a9691e456972c8ec4cc84e99486308b84d.sol:1807:5: Mismatch in @param names for function 'calculateMarketFee'. Expected: [_amount], Found: [] [Warning/use-natspec]
/sb/0x009668a9691e456972c8ec4cc84e99486308b84d.sol:1807:5: Missing @return tag in function 'calculateMarketFee' [Warning/use-natspec]
/sb/0x009668a9691e456972c8ec4cc84e99486308b84d.sol:1807:5: Mismatch in @return count for function 'calculateMarketFee'. Expected: 1, Found: 0 [Warning/use-natspec]
/sb/0x009668a9691e456972c8ec4cc84e99486308b84d.sol:1823:5: Missing @notice tag in function 'removeAllFee' [Warning/use-natspec]
/sb/0x009668a9691e456972c8ec4cc84e99486308b84d.sol:1849:5: Missing @notice tag in function 'restoreAllFee' [Warning/use-natspec]
/sb/0x009668a9691e456972c8ec4cc84e99486308b84d.sol:1861:5: Missing @notice tag in function 'isExcludedFromFee' [Warning/use-natspec]
/sb/0x009668a9691e456972c8ec4cc84e99486308b84d.sol:1861:5: Missing @param tag in function 'isExcludedFromFee' [Warning/use-natspec]
/sb/0x009668a9691e456972c8ec4cc84e99486308b84d.sol:1861:5: Mismatch in @param names for function 'isExcludedFromFee'. Expected: [account], Found: [] [Warning/use-natspec]
/sb/0x009668a9691e456972c8ec4cc84e99486308b84d.sol:1861:5: Missing @return tag in function 'isExcludedFromFee' [Warning/use-natspec]
/sb/0x009668a9691e456972c8ec4cc84e99486308b84d.sol:1861:5: Mismatch in @return count for function 'isExcludedFromFee'. Expected: 1, Found: 0 [Warning/use-natspec]
/sb/0x009668a9691e456972c8ec4cc84e99486308b84d.sol:1869:5: Missing @notice tag in function '_approve' [Warning/use-natspec]
/sb/0x009668a9691e456972c8ec4cc84e99486308b84d.sol:1869:5: Missing @param tag in function '_approve' [Warning/use-natspec]
/sb/0x009668a9691e456972c8ec4cc84e99486308b84d.sol:1869:5: Mismatch in @param names for function '_approve'. Expected: [owner, spender, amount], Found: [] [Warning/use-natspec]
/sb/0x009668a9691e456972c8ec4cc84e99486308b84d.sol:1879:9: Error message for require is too long: 36 counted / 32 allowed [Warning/reason-string]
/sb/0x009668a9691e456972c8ec4cc84e99486308b84d.sol:1879:9: GC: String exceeds 32 bytes [Warning/gas-small-strings]
/sb/0x009668a9691e456972c8ec4cc84e99486308b84d.sol:1881:9: Error message for require is too long: 34 counted / 32 allowed [Warning/reason-string]
/sb/0x009668a9691e456972c8ec4cc84e99486308b84d.sol:1881:9: GC: String exceeds 32 bytes [Warning/gas-small-strings]
/sb/0x009668a9691e456972c8ec4cc84e99486308b84d.sol:1893:5: Missing @notice tag in function '_transfer' [Warning/use-natspec]
/sb/0x009668a9691e456972c8ec4cc84e99486308b84d.sol:1893:5: Missing @param tag in function '_transfer' [Warning/use-natspec]
/sb/0x009668a9691e456972c8ec4cc84e99486308b84d.sol:1893:5: Mismatch in @param names for function '_transfer'. Expected: [from, to, amount], Found: [] [Warning/use-natspec]
/sb/0x009668a9691e456972c8ec4cc84e99486308b84d.sol:1903:9: Error message for require is too long: 37 counted / 32 allowed [Warning/reason-string]
/sb/0x009668a9691e456972c8ec4cc84e99486308b84d.sol:1903:9: GC: String exceeds 32 bytes [Warning/gas-small-strings]
/sb/0x009668a9691e456972c8ec4cc84e99486308b84d.sol:1905:9: Error message for require is too long: 35 counted / 32 allowed [Warning/reason-string]
/sb/0x009668a9691e456972c8ec4cc84e99486308b84d.sol:1905:9: GC: String exceeds 32 bytes [Warning/gas-small-strings]
/sb/0x009668a9691e456972c8ec4cc84e99486308b84d.sol:1907:9: Error message for require is too long: 41 counted / 32 allowed [Warning/reason-string]
/sb/0x009668a9691e456972c8ec4cc84e99486308b84d.sol:1907:9: GC: String exceeds 32 bytes [Warning/gas-small-strings]
/sb/0x009668a9691e456972c8ec4cc84e99486308b84d.sol:1937:5: Missing @notice tag in function '_tokenTransfer' [Warning/use-natspec]
/sb/0x009668a9691e456972c8ec4cc84e99486308b84d.sol:1937:5: Missing @param tag in function '_tokenTransfer' [Warning/use-natspec]
/sb/0x009668a9691e456972c8ec4cc84e99486308b84d.sol:1937:5: Mismatch in @param names for function '_tokenTransfer'. Expected: [sender, recipient, amount, takeFee], Found: [] [Warning/use-natspec]
/sb/0x009668a9691e456972c8ec4cc84e99486308b84d.sol:1983:5: Missing @notice tag in function '_transferStandard' [Warning/use-natspec]
/sb/0x009668a9691e456972c8ec4cc84e99486308b84d.sol:1983:5: Missing @param tag in function '_transferStandard' [Warning/use-natspec]
/sb/0x009668a9691e456972c8ec4cc84e99486308b84d.sol:1983:5: Mismatch in @param names for function '_transferStandard'. Expected: [sender, recipient, tAmount], Found: [] [Warning/use-natspec]
/sb/0x009668a9691e456972c8ec4cc84e99486308b84d.sol:2031:5: Missing @notice tag in function '_transferToExcluded' [Warning/use-natspec]
/sb/0x009668a9691e456972c8ec4cc84e99486308b84d.sol:2031:5: Missing @param tag in function '_transferToExcluded' [Warning/use-natspec]
/sb/0x009668a9691e456972c8ec4cc84e99486308b84d.sol:2031:5: Mismatch in @param names for function '_transferToExcluded'. Expected: [sender, recipient, tAmount], Found: [] [Warning/use-natspec]
/sb/0x009668a9691e456972c8ec4cc84e99486308b84d.sol:2081:5: Missing @notice tag in function '_transferFromExcluded' [Warning/use-natspec]
/sb/0x009668a9691e456972c8ec4cc84e99486308b84d.sol:2081:5: Missing @param tag in function '_transferFromExcluded' [Warning/use-natspec]
/sb/0x009668a9691e456972c8ec4cc84e99486308b84d.sol:2081:5: Mismatch in @param names for function '_transferFromExcluded'. Expected: [sender, recipient, tAmount], Found: [] [Warning/use-natspec]
/sb/0x009668a9691e456972c8ec4cc84e99486308b84d.sol:2131:5: Missing @notice tag in function '_transferBothExcluded' [Warning/use-natspec]
/sb/0x009668a9691e456972c8ec4cc84e99486308b84d.sol:2131:5: Missing @param tag in function '_transferBothExcluded' [Warning/use-natspec]
/sb/0x009668a9691e456972c8ec4cc84e99486308b84d.sol:2131:5: Mismatch in @param names for function '_transferBothExcluded'. Expected: [sender, recipient, tAmount], Found: [] [Warning/use-natspec]
/sb/0x009668a9691e456972c8ec4cc84e99486308b84d.sol:2179:5: Missing @notice tag in function '_transferMarketFee' [Warning/use-natspec]
/sb/0x009668a9691e456972c8ec4cc84e99486308b84d.sol:2179:5: Missing @param tag in function '_transferMarketFee' [Warning/use-natspec]
/sb/0x009668a9691e456972c8ec4cc84e99486308b84d.sol:2179:5: Mismatch in @param names for function '_transferMarketFee'. Expected: [tMarket], Found: [] [Warning/use-natspec]
/sb/0x009668a9691e456972c8ec4cc84e99486308b84d.sol:2195:5: Missing @notice tag in function '_transferBurnFee' [Warning/use-natspec]
/sb/0x009668a9691e456972c8ec4cc84e99486308b84d.sol:2195:5: Missing @param tag in function '_transferBurnFee' [Warning/use-natspec]
/sb/0x009668a9691e456972c8ec4cc84e99486308b84d.sol:2195:5: Mismatch in @param names for function '_transferBurnFee'. Expected: [tBurn], Found: [] [Warning/use-natspec]

385 problem/s (1 error/s, 384 warning/s)
