A new version of Solhint is available: 6.0.1
Please consider updating your Solhint package.
/sb/0x9e840188ede7f79c791b9c68f0e49bdad7f24cba.sol:1:1: Compiler version ^0.4.21 does not satisfy the ^0.8.24 semver requirement [Error/compiler-version]
/sb/0x9e840188ede7f79c791b9c68f0e49bdad7f24cba.sol:3:1: Missing @title tag in contract 'consumCoin' [Warning/use-natspec]
/sb/0x9e840188ede7f79c791b9c68f0e49bdad7f24cba.sol:3:1: Missing @author tag in contract 'consumCoin' [Warning/use-natspec]
/sb/0x9e840188ede7f79c791b9c68f0e49bdad7f24cba.sol:3:1: Missing @notice tag in contract 'consumCoin' [Warning/use-natspec]
/sb/0x9e840188ede7f79c791b9c68f0e49bdad7f24cba.sol:3:1: Contract, Structs and Enums should be in CapWords [Warning/contract-name-capwords]
/sb/0x9e840188ede7f79c791b9c68f0e49bdad7f24cba.sol:5:5: Explicitly mark visibility of state [Warning/state-visibility]
/sb/0x9e840188ede7f79c791b9c68f0e49bdad7f24cba.sol:6:5: Missing @notice tag in variable 'name' [Warning/use-natspec]
/sb/0x9e840188ede7f79c791b9c68f0e49bdad7f24cba.sol:6:5: Constant name must be in capitalized SNAKE_CASE [Warning/const-name-snakecase]
/sb/0x9e840188ede7f79c791b9c68f0e49bdad7f24cba.sol:7:5: Missing @notice tag in variable 'symbol' [Warning/use-natspec]
/sb/0x9e840188ede7f79c791b9c68f0e49bdad7f24cba.sol:7:5: Constant name must be in capitalized SNAKE_CASE [Warning/const-name-snakecase]
/sb/0x9e840188ede7f79c791b9c68f0e49bdad7f24cba.sol:8:5: Missing @notice tag in variable 'decimals' [Warning/use-natspec]
/sb/0x9e840188ede7f79c791b9c68f0e49bdad7f24cba.sol:8:5: Constant name must be in capitalized SNAKE_CASE [Warning/const-name-snakecase]
/sb/0x9e840188ede7f79c791b9c68f0e49bdad7f24cba.sol:9:5: Missing @notice tag in variable 'initialSupply' [Warning/use-natspec]
/sb/0x9e840188ede7f79c791b9c68f0e49bdad7f24cba.sol:9:5: Constant name must be in capitalized SNAKE_CASE [Warning/const-name-snakecase]
/sb/0x9e840188ede7f79c791b9c68f0e49bdad7f24cba.sol:11:5: Missing @notice tag in event 'Transfer' [Warning/use-natspec]
/sb/0x9e840188ede7f79c791b9c68f0e49bdad7f24cba.sol:11:5: Missing @param tag in event 'Transfer' [Warning/use-natspec]
/sb/0x9e840188ede7f79c791b9c68f0e49bdad7f24cba.sol:11:5: Mismatch in @param names for event 'Transfer'. Expected: [from, to, value], Found: [] [Warning/use-natspec]
/sb/0x9e840188ede7f79c791b9c68f0e49bdad7f24cba.sol:11:5: GC: [value] on Event [Transfer] could be Indexed [Warning/gas-indexed-events]
/sb/0x9e840188ede7f79c791b9c68f0e49bdad7f24cba.sol:12:5: Missing @notice tag in event 'Approval' [Warning/use-natspec]
/sb/0x9e840188ede7f79c791b9c68f0e49bdad7f24cba.sol:12:5: Missing @param tag in event 'Approval' [Warning/use-natspec]
/sb/0x9e840188ede7f79c791b9c68f0e49bdad7f24cba.sol:12:5: Mismatch in @param names for event 'Approval'. Expected: [owner, spender, value], Found: [] [Warning/use-natspec]
/sb/0x9e840188ede7f79c791b9c68f0e49bdad7f24cba.sol:12:5: GC: [value] on Event [Approval] could be Indexed [Warning/gas-indexed-events]
/sb/0x9e840188ede7f79c791b9c68f0e49bdad7f24cba.sol:14:5: Explicitly mark visibility of state [Warning/state-visibility]
/sb/0x9e840188ede7f79c791b9c68f0e49bdad7f24cba.sol:15:5: Explicitly mark visibility of state [Warning/state-visibility]
/sb/0x9e840188ede7f79c791b9c68f0e49bdad7f24cba.sol:17:5: Missing @notice tag in function 'totalSupply' [Warning/use-natspec]
/sb/0x9e840188ede7f79c791b9c68f0e49bdad7f24cba.sol:17:5: Missing @return tag in function 'totalSupply' [Warning/use-natspec]
/sb/0x9e840188ede7f79c791b9c68f0e49bdad7f24cba.sol:17:5: Mismatch in @return count for function 'totalSupply'. Expected: 1, Found: 0 [Warning/use-natspec]
/sb/0x9e840188ede7f79c791b9c68f0e49bdad7f24cba.sol:21:5: Missing @notice tag in function 'balanceOf' [Warning/use-natspec]
/sb/0x9e840188ede7f79c791b9c68f0e49bdad7f24cba.sol:21:5: Missing @param tag in function 'balanceOf' [Warning/use-natspec]
/sb/0x9e840188ede7f79c791b9c68f0e49bdad7f24cba.sol:21:5: Mismatch in @param names for function 'balanceOf'. Expected: [_owner], Found: [] [Warning/use-natspec]
/sb/0x9e840188ede7f79c791b9c68f0e49bdad7f24cba.sol:21:5: Missing @return tag in function 'balanceOf' [Warning/use-natspec]
/sb/0x9e840188ede7f79c791b9c68f0e49bdad7f24cba.sol:21:5: Mismatch in @return count for function 'balanceOf'. Expected: 1, Found: 0 [Warning/use-natspec]
/sb/0x9e840188ede7f79c791b9c68f0e49bdad7f24cba.sol:25:5: Missing @notice tag in function 'allowance' [Warning/use-natspec]
/sb/0x9e840188ede7f79c791b9c68f0e49bdad7f24cba.sol:25:5: Missing @param tag in function 'allowance' [Warning/use-natspec]
/sb/0x9e840188ede7f79c791b9c68f0e49bdad7f24cba.sol:25:5: Mismatch in @param names for function 'allowance'. Expected: [_owner, _spender], Found: [] [Warning/use-natspec]
/sb/0x9e840188ede7f79c791b9c68f0e49bdad7f24cba.sol:25:5: Missing @return tag in function 'allowance' [Warning/use-natspec]
/sb/0x9e840188ede7f79c791b9c68f0e49bdad7f24cba.sol:25:5: Mismatch in @return count for function 'allowance'. Expected: 1, Found: 0 [Warning/use-natspec]
/sb/0x9e840188ede7f79c791b9c68f0e49bdad7f24cba.sol:29:5: Missing @notice tag in function 'transfer' [Warning/use-natspec]
/sb/0x9e840188ede7f79c791b9c68f0e49bdad7f24cba.sol:29:5: Missing @param tag in function 'transfer' [Warning/use-natspec]
/sb/0x9e840188ede7f79c791b9c68f0e49bdad7f24cba.sol:29:5: Mismatch in @param names for function 'transfer'. Expected: [_to, _value], Found: [] [Warning/use-natspec]
/sb/0x9e840188ede7f79c791b9c68f0e49bdad7f24cba.sol:29:5: Missing @return tag in function 'transfer' [Warning/use-natspec]
/sb/0x9e840188ede7f79c791b9c68f0e49bdad7f24cba.sol:29:5: Mismatch in @return count for function 'transfer'. Expected: 1, Found: 0 [Warning/use-natspec]
/sb/0x9e840188ede7f79c791b9c68f0e49bdad7f24cba.sol:30:9: Provide an error message for require [Warning/reason-string]
/sb/0x9e840188ede7f79c791b9c68f0e49bdad7f24cba.sol:31:9: Provide an error message for require [Warning/reason-string]
/sb/0x9e840188ede7f79c791b9c68f0e49bdad7f24cba.sol:31:17: GC: Non strict inequality found. Try converting to a strict one [Warning/gas-strict-inequalities]
/sb/0x9e840188ede7f79c791b9c68f0e49bdad7f24cba.sol:38:5: Missing @notice tag in function 'approve' [Warning/use-natspec]
/sb/0x9e840188ede7f79c791b9c68f0e49bdad7f24cba.sol:38:5: Missing @param tag in function 'approve' [Warning/use-natspec]
/sb/0x9e840188ede7f79c791b9c68f0e49bdad7f24cba.sol:38:5: Mismatch in @param names for function 'approve'. Expected: [_spender, _value], Found: [] [Warning/use-natspec]
/sb/0x9e840188ede7f79c791b9c68f0e49bdad7f24cba.sol:38:5: Missing @return tag in function 'approve' [Warning/use-natspec]
/sb/0x9e840188ede7f79c791b9c68f0e49bdad7f24cba.sol:38:5: Mismatch in @return count for function 'approve'. Expected: 1, Found: 0 [Warning/use-natspec]
/sb/0x9e840188ede7f79c791b9c68f0e49bdad7f24cba.sol:44:5: Missing @notice tag in function 'transferFrom' [Warning/use-natspec]
/sb/0x9e840188ede7f79c791b9c68f0e49bdad7f24cba.sol:44:5: Missing @param tag in function 'transferFrom' [Warning/use-natspec]
/sb/0x9e840188ede7f79c791b9c68f0e49bdad7f24cba.sol:44:5: Mismatch in @param names for function 'transferFrom'. Expected: [_from, _to, _value], Found: [] [Warning/use-natspec]
/sb/0x9e840188ede7f79c791b9c68f0e49bdad7f24cba.sol:44:5: Missing @return tag in function 'transferFrom' [Warning/use-natspec]
/sb/0x9e840188ede7f79c791b9c68f0e49bdad7f24cba.sol:44:5: Mismatch in @return count for function 'transferFrom'. Expected: 1, Found: 0 [Warning/use-natspec]
/sb/0x9e840188ede7f79c791b9c68f0e49bdad7f24cba.sol:45:9: Provide an error message for require [Warning/reason-string]
/sb/0x9e840188ede7f79c791b9c68f0e49bdad7f24cba.sol:46:9: Provide an error message for require [Warning/reason-string]
/sb/0x9e840188ede7f79c791b9c68f0e49bdad7f24cba.sol:46:17: GC: Non strict inequality found. Try converting to a strict one [Warning/gas-strict-inequalities]
/sb/0x9e840188ede7f79c791b9c68f0e49bdad7f24cba.sol:47:9: Provide an error message for require [Warning/reason-string]
/sb/0x9e840188ede7f79c791b9c68f0e49bdad7f24cba.sol:47:17: GC: Non strict inequality found. Try converting to a strict one [Warning/gas-strict-inequalities]
/sb/0x9e840188ede7f79c791b9c68f0e49bdad7f24cba.sol:55:6: Missing @notice tag in function 'increaseApproval' [Warning/use-natspec]
/sb/0x9e840188ede7f79c791b9c68f0e49bdad7f24cba.sol:55:6: Missing @param tag in function 'increaseApproval' [Warning/use-natspec]
/sb/0x9e840188ede7f79c791b9c68f0e49bdad7f24cba.sol:55:6: Mismatch in @param names for function 'increaseApproval'. Expected: [_spender, _addedValue], Found: [] [Warning/use-natspec]
/sb/0x9e840188ede7f79c791b9c68f0e49bdad7f24cba.sol:55:6: Missing @return tag in function 'increaseApproval' [Warning/use-natspec]
/sb/0x9e840188ede7f79c791b9c68f0e49bdad7f24cba.sol:55:6: Mismatch in @return count for function 'increaseApproval'. Expected: 1, Found: 0 [Warning/use-natspec]
/sb/0x9e840188ede7f79c791b9c68f0e49bdad7f24cba.sol:55:50: Rule is set with explicit type [var/s: uint] [Warning/explicit-types]
/sb/0x9e840188ede7f79c791b9c68f0e49bdad7f24cba.sol:61:5: Missing @notice tag in function 'decreaseApproval' [Warning/use-natspec]
/sb/0x9e840188ede7f79c791b9c68f0e49bdad7f24cba.sol:61:5: Missing @param tag in function 'decreaseApproval' [Warning/use-natspec]
/sb/0x9e840188ede7f79c791b9c68f0e49bdad7f24cba.sol:61:5: Mismatch in @param names for function 'decreaseApproval'. Expected: [_spender, _subtractedValue], Found: [] [Warning/use-natspec]
/sb/0x9e840188ede7f79c791b9c68f0e49bdad7f24cba.sol:61:5: Missing @return tag in function 'decreaseApproval' [Warning/use-natspec]
/sb/0x9e840188ede7f79c791b9c68f0e49bdad7f24cba.sol:61:5: Mismatch in @return count for function 'decreaseApproval'. Expected: 1, Found: 0 [Warning/use-natspec]
/sb/0x9e840188ede7f79c791b9c68f0e49bdad7f24cba.sol:61:49: Rule is set with explicit type [var/s: uint] [Warning/explicit-types]
/sb/0x9e840188ede7f79c791b9c68f0e49bdad7f24cba.sol:62:5: Rule is set with explicit type [var/s: uint] [Warning/explicit-types]
/sb/0x9e840188ede7f79c791b9c68f0e49bdad7f24cba.sol:74:5: Missing @notice tag in function 'consumCoin' [Warning/use-natspec]

74 problem/s (1 error/s, 73 warning/s)
