A new version of Solhint is available: 6.0.1
Please consider updating your Solhint package.
/sb/0xaafb540a395f433951b9f220ec37451bf52b1552.sol:1:1: Found more than One contract per file. 6 contracts found! [Warning/one-contract-per-file]
/sb/0xaafb540a395f433951b9f220ec37451bf52b1552.sol:1:1: Compiler version ^0.4.17 does not satisfy the ^0.8.24 semver requirement [Error/compiler-version]
/sb/0xaafb540a395f433951b9f220ec37451bf52b1552.sol:7:1: Missing @author tag in contract 'ERC20Basic' [Warning/use-natspec]
/sb/0xaafb540a395f433951b9f220ec37451bf52b1552.sol:7:1: Missing @notice tag in contract 'ERC20Basic' [Warning/use-natspec]
/sb/0xaafb540a395f433951b9f220ec37451bf52b1552.sol:8:3: Missing @notice tag in function 'totalSupply' [Warning/use-natspec]
/sb/0xaafb540a395f433951b9f220ec37451bf52b1552.sol:8:3: Missing @return tag in function 'totalSupply' [Warning/use-natspec]
/sb/0xaafb540a395f433951b9f220ec37451bf52b1552.sol:8:3: Mismatch in @return count for function 'totalSupply'. Expected: 1, Found: 0 [Warning/use-natspec]
/sb/0xaafb540a395f433951b9f220ec37451bf52b1552.sol:9:3: Missing @notice tag in function 'balanceOf' [Warning/use-natspec]
/sb/0xaafb540a395f433951b9f220ec37451bf52b1552.sol:9:3: Missing @param tag in function 'balanceOf' [Warning/use-natspec]
/sb/0xaafb540a395f433951b9f220ec37451bf52b1552.sol:9:3: Mismatch in @param names for function 'balanceOf'. Expected: [who], Found: [] [Warning/use-natspec]
/sb/0xaafb540a395f433951b9f220ec37451bf52b1552.sol:9:3: Missing @return tag in function 'balanceOf' [Warning/use-natspec]
/sb/0xaafb540a395f433951b9f220ec37451bf52b1552.sol:9:3: Mismatch in @return count for function 'balanceOf'. Expected: 1, Found: 0 [Warning/use-natspec]
/sb/0xaafb540a395f433951b9f220ec37451bf52b1552.sol:10:3: Missing @notice tag in function 'transfer' [Warning/use-natspec]
/sb/0xaafb540a395f433951b9f220ec37451bf52b1552.sol:10:3: Missing @param tag in function 'transfer' [Warning/use-natspec]
/sb/0xaafb540a395f433951b9f220ec37451bf52b1552.sol:10:3: Mismatch in @param names for function 'transfer'. Expected: [to, value], Found: [] [Warning/use-natspec]
/sb/0xaafb540a395f433951b9f220ec37451bf52b1552.sol:10:3: Missing @return tag in function 'transfer' [Warning/use-natspec]
/sb/0xaafb540a395f433951b9f220ec37451bf52b1552.sol:10:3: Mismatch in @return count for function 'transfer'. Expected: 1, Found: 0 [Warning/use-natspec]
/sb/0xaafb540a395f433951b9f220ec37451bf52b1552.sol:11:3: Missing @notice tag in event 'Transfer' [Warning/use-natspec]
/sb/0xaafb540a395f433951b9f220ec37451bf52b1552.sol:11:3: Missing @param tag in event 'Transfer' [Warning/use-natspec]
/sb/0xaafb540a395f433951b9f220ec37451bf52b1552.sol:11:3: Mismatch in @param names for event 'Transfer'. Expected: [from, to, value], Found: [] [Warning/use-natspec]
/sb/0xaafb540a395f433951b9f220ec37451bf52b1552.sol:11:3: GC: [value] on Event [Transfer] could be Indexed [Warning/gas-indexed-events]
/sb/0xaafb540a395f433951b9f220ec37451bf52b1552.sol:17:1: Missing @author tag in contract 'ERC20' [Warning/use-natspec]
/sb/0xaafb540a395f433951b9f220ec37451bf52b1552.sol:17:1: Missing @notice tag in contract 'ERC20' [Warning/use-natspec]
/sb/0xaafb540a395f433951b9f220ec37451bf52b1552.sol:18:3: Missing @notice tag in function 'allowance' [Warning/use-natspec]
/sb/0xaafb540a395f433951b9f220ec37451bf52b1552.sol:18:3: Missing @param tag in function 'allowance' [Warning/use-natspec]
/sb/0xaafb540a395f433951b9f220ec37451bf52b1552.sol:18:3: Mismatch in @param names for function 'allowance'. Expected: [owner, spender], Found: [] [Warning/use-natspec]
/sb/0xaafb540a395f433951b9f220ec37451bf52b1552.sol:18:3: Missing @return tag in function 'allowance' [Warning/use-natspec]
/sb/0xaafb540a395f433951b9f220ec37451bf52b1552.sol:18:3: Mismatch in @return count for function 'allowance'. Expected: 1, Found: 0 [Warning/use-natspec]
/sb/0xaafb540a395f433951b9f220ec37451bf52b1552.sol:19:3: Missing @notice tag in function 'transferFrom' [Warning/use-natspec]
/sb/0xaafb540a395f433951b9f220ec37451bf52b1552.sol:19:3: Missing @param tag in function 'transferFrom' [Warning/use-natspec]
/sb/0xaafb540a395f433951b9f220ec37451bf52b1552.sol:19:3: Mismatch in @param names for function 'transferFrom'. Expected: [from, to, value], Found: [] [Warning/use-natspec]
/sb/0xaafb540a395f433951b9f220ec37451bf52b1552.sol:19:3: Missing @return tag in function 'transferFrom' [Warning/use-natspec]
/sb/0xaafb540a395f433951b9f220ec37451bf52b1552.sol:19:3: Mismatch in @return count for function 'transferFrom'. Expected: 1, Found: 0 [Warning/use-natspec]
/sb/0xaafb540a395f433951b9f220ec37451bf52b1552.sol:20:3: Missing @notice tag in function 'approve' [Warning/use-natspec]
/sb/0xaafb540a395f433951b9f220ec37451bf52b1552.sol:20:3: Missing @param tag in function 'approve' [Warning/use-natspec]
/sb/0xaafb540a395f433951b9f220ec37451bf52b1552.sol:20:3: Mismatch in @param names for function 'approve'. Expected: [spender, value], Found: [] [Warning/use-natspec]
/sb/0xaafb540a395f433951b9f220ec37451bf52b1552.sol:20:3: Missing @return tag in function 'approve' [Warning/use-natspec]
/sb/0xaafb540a395f433951b9f220ec37451bf52b1552.sol:20:3: Mismatch in @return count for function 'approve'. Expected: 1, Found: 0 [Warning/use-natspec]
/sb/0xaafb540a395f433951b9f220ec37451bf52b1552.sol:21:3: Missing @notice tag in event 'Approval' [Warning/use-natspec]
/sb/0xaafb540a395f433951b9f220ec37451bf52b1552.sol:21:3: Missing @param tag in event 'Approval' [Warning/use-natspec]
/sb/0xaafb540a395f433951b9f220ec37451bf52b1552.sol:21:3: Mismatch in @param names for event 'Approval'. Expected: [owner, spender, value], Found: [] [Warning/use-natspec]
/sb/0xaafb540a395f433951b9f220ec37451bf52b1552.sol:21:3: GC: [value] on Event [Approval] could be Indexed [Warning/gas-indexed-events]
/sb/0xaafb540a395f433951b9f220ec37451bf52b1552.sol:28:1: Missing @author tag in contract 'SafeMath' [Warning/use-natspec]
/sb/0xaafb540a395f433951b9f220ec37451bf52b1552.sol:28:1: Missing @notice tag in contract 'SafeMath' [Warning/use-natspec]
/sb/0xaafb540a395f433951b9f220ec37451bf52b1552.sol:33:3: Missing @notice tag in function 'mul' [Warning/use-natspec]
/sb/0xaafb540a395f433951b9f220ec37451bf52b1552.sol:33:3: Missing @param tag in function 'mul' [Warning/use-natspec]
/sb/0xaafb540a395f433951b9f220ec37451bf52b1552.sol:33:3: Mismatch in @param names for function 'mul'. Expected: [a, b], Found: [] [Warning/use-natspec]
/sb/0xaafb540a395f433951b9f220ec37451bf52b1552.sol:33:3: Missing @return tag in function 'mul' [Warning/use-natspec]
/sb/0xaafb540a395f433951b9f220ec37451bf52b1552.sol:33:3: Mismatch in @return count for function 'mul'. Expected: 1, Found: 0 [Warning/use-natspec]
/sb/0xaafb540a395f433951b9f220ec37451bf52b1552.sol:45:3: Missing @notice tag in function 'div' [Warning/use-natspec]
/sb/0xaafb540a395f433951b9f220ec37451bf52b1552.sol:45:3: Missing @param tag in function 'div' [Warning/use-natspec]
/sb/0xaafb540a395f433951b9f220ec37451bf52b1552.sol:45:3: Mismatch in @param names for function 'div'. Expected: [a, b], Found: [] [Warning/use-natspec]
/sb/0xaafb540a395f433951b9f220ec37451bf52b1552.sol:45:3: Missing @return tag in function 'div' [Warning/use-natspec]
/sb/0xaafb540a395f433951b9f220ec37451bf52b1552.sol:45:3: Mismatch in @return count for function 'div'. Expected: 1, Found: 0 [Warning/use-natspec]
/sb/0xaafb540a395f433951b9f220ec37451bf52b1552.sol:55:3: Missing @notice tag in function 'sub' [Warning/use-natspec]
/sb/0xaafb540a395f433951b9f220ec37451bf52b1552.sol:55:3: Missing @param tag in function 'sub' [Warning/use-natspec]
/sb/0xaafb540a395f433951b9f220ec37451bf52b1552.sol:55:3: Mismatch in @param names for function 'sub'. Expected: [a, b], Found: [] [Warning/use-natspec]
/sb/0xaafb540a395f433951b9f220ec37451bf52b1552.sol:55:3: Missing @return tag in function 'sub' [Warning/use-natspec]
/sb/0xaafb540a395f433951b9f220ec37451bf52b1552.sol:55:3: Mismatch in @return count for function 'sub'. Expected: 1, Found: 0 [Warning/use-natspec]
/sb/0xaafb540a395f433951b9f220ec37451bf52b1552.sol:56:12: GC: Non strict inequality found. Try converting to a strict one [Warning/gas-strict-inequalities]
/sb/0xaafb540a395f433951b9f220ec37451bf52b1552.sol:63:3: Missing @notice tag in function 'add' [Warning/use-natspec]
/sb/0xaafb540a395f433951b9f220ec37451bf52b1552.sol:63:3: Missing @param tag in function 'add' [Warning/use-natspec]
/sb/0xaafb540a395f433951b9f220ec37451bf52b1552.sol:63:3: Mismatch in @param names for function 'add'. Expected: [a, b], Found: [] [Warning/use-natspec]
/sb/0xaafb540a395f433951b9f220ec37451bf52b1552.sol:63:3: Missing @return tag in function 'add' [Warning/use-natspec]
/sb/0xaafb540a395f433951b9f220ec37451bf52b1552.sol:63:3: Mismatch in @return count for function 'add'. Expected: 1, Found: 0 [Warning/use-natspec]
/sb/0xaafb540a395f433951b9f220ec37451bf52b1552.sol:65:12: GC: Non strict inequality found. Try converting to a strict one [Warning/gas-strict-inequalities]
/sb/0xaafb540a395f433951b9f220ec37451bf52b1552.sol:74:1: Missing @author tag in contract 'BasicToken' [Warning/use-natspec]
/sb/0xaafb540a395f433951b9f220ec37451bf52b1552.sol:74:1: Missing @notice tag in contract 'BasicToken' [Warning/use-natspec]
/sb/0xaafb540a395f433951b9f220ec37451bf52b1552.sol:77:3: Explicitly mark visibility of state [Warning/state-visibility]
/sb/0xaafb540a395f433951b9f220ec37451bf52b1552.sol:79:3: Explicitly mark visibility of state [Warning/state-visibility]
/sb/0xaafb540a395f433951b9f220ec37451bf52b1552.sol:84:3: Missing @notice tag in function 'totalSupply' [Warning/use-natspec]
/sb/0xaafb540a395f433951b9f220ec37451bf52b1552.sol:84:3: Missing @return tag in function 'totalSupply' [Warning/use-natspec]
/sb/0xaafb540a395f433951b9f220ec37451bf52b1552.sol:84:3: Mismatch in @return count for function 'totalSupply'. Expected: 1, Found: 0 [Warning/use-natspec]
/sb/0xaafb540a395f433951b9f220ec37451bf52b1552.sol:93:3: Missing @notice tag in function 'transfer' [Warning/use-natspec]
/sb/0xaafb540a395f433951b9f220ec37451bf52b1552.sol:93:3: Missing @return tag in function 'transfer' [Warning/use-natspec]
/sb/0xaafb540a395f433951b9f220ec37451bf52b1552.sol:93:3: Mismatch in @return count for function 'transfer'. Expected: 1, Found: 0 [Warning/use-natspec]
/sb/0xaafb540a395f433951b9f220ec37451bf52b1552.sol:94:5: Provide an error message for require [Warning/reason-string]
/sb/0xaafb540a395f433951b9f220ec37451bf52b1552.sol:95:5: Provide an error message for require [Warning/reason-string]
/sb/0xaafb540a395f433951b9f220ec37451bf52b1552.sol:95:13: GC: Non strict inequality found. Try converting to a strict one [Warning/gas-strict-inequalities]
/sb/0xaafb540a395f433951b9f220ec37451bf52b1552.sol:109:3: Missing @notice tag in function 'balanceOf' [Warning/use-natspec]
/sb/0xaafb540a395f433951b9f220ec37451bf52b1552.sol:109:3: Mismatch in @return names for function 'balanceOf'. Expected: [balance], Found: [An] [Warning/use-natspec]
/sb/0xaafb540a395f433951b9f220ec37451bf52b1552.sol:121:1: Missing @author tag in contract 'StandardToken' [Warning/use-natspec]
/sb/0xaafb540a395f433951b9f220ec37451bf52b1552.sol:121:1: Missing @notice tag in contract 'StandardToken' [Warning/use-natspec]
/sb/0xaafb540a395f433951b9f220ec37451bf52b1552.sol:132:3: Missing @notice tag in function 'transferFrom' [Warning/use-natspec]
/sb/0xaafb540a395f433951b9f220ec37451bf52b1552.sol:132:3: Missing @return tag in function 'transferFrom' [Warning/use-natspec]
/sb/0xaafb540a395f433951b9f220ec37451bf52b1552.sol:132:3: Mismatch in @return count for function 'transferFrom'. Expected: 1, Found: 0 [Warning/use-natspec]
/sb/0xaafb540a395f433951b9f220ec37451bf52b1552.sol:133:5: Provide an error message for require [Warning/reason-string]
/sb/0xaafb540a395f433951b9f220ec37451bf52b1552.sol:134:5: Provide an error message for require [Warning/reason-string]
/sb/0xaafb540a395f433951b9f220ec37451bf52b1552.sol:134:13: GC: Non strict inequality found. Try converting to a strict one [Warning/gas-strict-inequalities]
/sb/0xaafb540a395f433951b9f220ec37451bf52b1552.sol:135:5: Provide an error message for require [Warning/reason-string]
/sb/0xaafb540a395f433951b9f220ec37451bf52b1552.sol:135:13: GC: Non strict inequality found. Try converting to a strict one [Warning/gas-strict-inequalities]
/sb/0xaafb540a395f433951b9f220ec37451bf52b1552.sol:154:3: Missing @notice tag in function 'approve' [Warning/use-natspec]
/sb/0xaafb540a395f433951b9f220ec37451bf52b1552.sol:154:3: Missing @return tag in function 'approve' [Warning/use-natspec]
/sb/0xaafb540a395f433951b9f220ec37451bf52b1552.sol:154:3: Mismatch in @return count for function 'approve'. Expected: 1, Found: 0 [Warning/use-natspec]
/sb/0xaafb540a395f433951b9f220ec37451bf52b1552.sol:166:3: Missing @notice tag in function 'allowance' [Warning/use-natspec]
/sb/0xaafb540a395f433951b9f220ec37451bf52b1552.sol:180:3: Missing @notice tag in function 'increaseApproval' [Warning/use-natspec]
/sb/0xaafb540a395f433951b9f220ec37451bf52b1552.sol:180:3: Missing @return tag in function 'increaseApproval' [Warning/use-natspec]
/sb/0xaafb540a395f433951b9f220ec37451bf52b1552.sol:180:3: Mismatch in @return count for function 'increaseApproval'. Expected: 1, Found: 0 [Warning/use-natspec]
/sb/0xaafb540a395f433951b9f220ec37451bf52b1552.sol:180:47: Rule is set with explicit type [var/s: uint] [Warning/explicit-types]
/sb/0xaafb540a395f433951b9f220ec37451bf52b1552.sol:196:3: Missing @notice tag in function 'decreaseApproval' [Warning/use-natspec]
/sb/0xaafb540a395f433951b9f220ec37451bf52b1552.sol:196:3: Missing @return tag in function 'decreaseApproval' [Warning/use-natspec]
/sb/0xaafb540a395f433951b9f220ec37451bf52b1552.sol:196:3: Mismatch in @return count for function 'decreaseApproval'. Expected: 1, Found: 0 [Warning/use-natspec]
/sb/0xaafb540a395f433951b9f220ec37451bf52b1552.sol:196:47: Rule is set with explicit type [var/s: uint] [Warning/explicit-types]
/sb/0xaafb540a395f433951b9f220ec37451bf52b1552.sol:197:5: Rule is set with explicit type [var/s: uint] [Warning/explicit-types]
/sb/0xaafb540a395f433951b9f220ec37451bf52b1552.sol:209:1: Missing @title tag in contract 'LTT' [Warning/use-natspec]
/sb/0xaafb540a395f433951b9f220ec37451bf52b1552.sol:209:1: Missing @author tag in contract 'LTT' [Warning/use-natspec]
/sb/0xaafb540a395f433951b9f220ec37451bf52b1552.sol:209:1: Missing @notice tag in contract 'LTT' [Warning/use-natspec]
/sb/0xaafb540a395f433951b9f220ec37451bf52b1552.sol:211:13: Missing @notice tag in variable 'name' [Warning/use-natspec]
/sb/0xaafb540a395f433951b9f220ec37451bf52b1552.sol:213:13: Missing @notice tag in variable 'symbol' [Warning/use-natspec]
/sb/0xaafb540a395f433951b9f220ec37451bf52b1552.sol:215:13: Missing @notice tag in variable 'decimals' [Warning/use-natspec]
/sb/0xaafb540a395f433951b9f220ec37451bf52b1552.sol:217:13: Rule is set with explicit type [var/s: uint] [Warning/explicit-types]
/sb/0xaafb540a395f433951b9f220ec37451bf52b1552.sol:217:13: Missing @notice tag in variable 'INITIAL_SUPPLY' [Warning/use-natspec]
/sb/0xaafb540a395f433951b9f220ec37451bf52b1552.sol:217:13: Variable name must be in mixedCase INITIAL_SUPPLY [Warning/var-name-mixedcase]
/sb/0xaafb540a395f433951b9f220ec37451bf52b1552.sol:219:14: Missing @notice tag in function '<anonymous>' [Warning/use-natspec]
/sb/0xaafb540a395f433951b9f220ec37451bf52b1552.sol:219:14: Constructor keyword not available before 0.4.22 (^0.4.17) [Warning/constructor-syntax]

115 problem/s (1 error/s, 114 warning/s)
