A new version of Solhint is available: 6.0.1
Please consider updating your Solhint package.
/sb/0xbb530108497bd5007b74443119a8de8f33cc98bf.sol:1:1: Found more than One contract per file. 4 contracts found! [Warning/one-contract-per-file]
/sb/0xbb530108497bd5007b74443119a8de8f33cc98bf.sol:1:1: Compiler version ^0.4.11 does not satisfy the ^0.8.24 semver requirement [Error/compiler-version]
/sb/0xbb530108497bd5007b74443119a8de8f33cc98bf.sol:8:1: Missing @author tag in contract 'Ownable' [Warning/use-natspec]
/sb/0xbb530108497bd5007b74443119a8de8f33cc98bf.sol:8:1: Missing @notice tag in contract 'Ownable' [Warning/use-natspec]
/sb/0xbb530108497bd5007b74443119a8de8f33cc98bf.sol:9:3: Missing @notice tag in variable 'owner' [Warning/use-natspec]
/sb/0xbb530108497bd5007b74443119a8de8f33cc98bf.sol:11:3: Missing @notice tag in function 'Ownable' [Warning/use-natspec]
/sb/0xbb530108497bd5007b74443119a8de8f33cc98bf.sol:17:7: Provide an error message for revert [Warning/reason-string]
/sb/0xbb530108497bd5007b74443119a8de8f33cc98bf.sol:22:3: Missing @notice tag in function 'transferOwnership' [Warning/use-natspec]
/sb/0xbb530108497bd5007b74443119a8de8f33cc98bf.sol:22:3: Missing @param tag in function 'transferOwnership' [Warning/use-natspec]
/sb/0xbb530108497bd5007b74443119a8de8f33cc98bf.sol:22:3: Mismatch in @param names for function 'transferOwnership'. Expected: [newOwner], Found: [] [Warning/use-natspec]
/sb/0xbb530108497bd5007b74443119a8de8f33cc98bf.sol:22:59: Visibility modifier must be first in list of modifiers [Warning/visibility-modifier-order]
/sb/0xbb530108497bd5007b74443119a8de8f33cc98bf.sol:30:1: Missing @title tag in contract 'ERC20Basic' [Warning/use-natspec]
/sb/0xbb530108497bd5007b74443119a8de8f33cc98bf.sol:30:1: Missing @author tag in contract 'ERC20Basic' [Warning/use-natspec]
/sb/0xbb530108497bd5007b74443119a8de8f33cc98bf.sol:30:1: Missing @notice tag in contract 'ERC20Basic' [Warning/use-natspec]
/sb/0xbb530108497bd5007b74443119a8de8f33cc98bf.sol:31:3: Rule is set with explicit type [var/s: uint] [Warning/explicit-types]
/sb/0xbb530108497bd5007b74443119a8de8f33cc98bf.sol:31:3: Missing @notice tag in variable 'totalSupply' [Warning/use-natspec]
/sb/0xbb530108497bd5007b74443119a8de8f33cc98bf.sol:32:3: Missing @notice tag in function 'balanceOf' [Warning/use-natspec]
/sb/0xbb530108497bd5007b74443119a8de8f33cc98bf.sol:32:3: Missing @param tag in function 'balanceOf' [Warning/use-natspec]
/sb/0xbb530108497bd5007b74443119a8de8f33cc98bf.sol:32:3: Mismatch in @param names for function 'balanceOf'. Expected: [who], Found: [] [Warning/use-natspec]
/sb/0xbb530108497bd5007b74443119a8de8f33cc98bf.sol:32:3: Missing @return tag in function 'balanceOf' [Warning/use-natspec]
/sb/0xbb530108497bd5007b74443119a8de8f33cc98bf.sol:32:3: Mismatch in @return count for function 'balanceOf'. Expected: 1, Found: 0 [Warning/use-natspec]
/sb/0xbb530108497bd5007b74443119a8de8f33cc98bf.sol:32:60: Rule is set with explicit type [var/s: uint] [Warning/explicit-types]
/sb/0xbb530108497bd5007b74443119a8de8f33cc98bf.sol:33:3: Missing @notice tag in function 'transfer' [Warning/use-natspec]
/sb/0xbb530108497bd5007b74443119a8de8f33cc98bf.sol:33:3: Missing @param tag in function 'transfer' [Warning/use-natspec]
/sb/0xbb530108497bd5007b74443119a8de8f33cc98bf.sol:33:3: Mismatch in @param names for function 'transfer'. Expected: [to, value], Found: [] [Warning/use-natspec]
/sb/0xbb530108497bd5007b74443119a8de8f33cc98bf.sol:33:33: Rule is set with explicit type [var/s: uint] [Warning/explicit-types]
/sb/0xbb530108497bd5007b74443119a8de8f33cc98bf.sol:34:3: Missing @notice tag in event 'Transfer' [Warning/use-natspec]
/sb/0xbb530108497bd5007b74443119a8de8f33cc98bf.sol:34:3: Missing @param tag in event 'Transfer' [Warning/use-natspec]
/sb/0xbb530108497bd5007b74443119a8de8f33cc98bf.sol:34:3: Mismatch in @param names for event 'Transfer'. Expected: [from, to, value], Found: [] [Warning/use-natspec]
/sb/0xbb530108497bd5007b74443119a8de8f33cc98bf.sol:34:3: GC: [value] on Event [Transfer] could be Indexed [Warning/gas-indexed-events]
/sb/0xbb530108497bd5007b74443119a8de8f33cc98bf.sol:34:60: Rule is set with explicit type [var/s: uint] [Warning/explicit-types]
/sb/0xbb530108497bd5007b74443119a8de8f33cc98bf.sol:37:1: Missing @title tag in contract 'ERC20' [Warning/use-natspec]
/sb/0xbb530108497bd5007b74443119a8de8f33cc98bf.sol:37:1: Missing @author tag in contract 'ERC20' [Warning/use-natspec]
/sb/0xbb530108497bd5007b74443119a8de8f33cc98bf.sol:37:1: Missing @notice tag in contract 'ERC20' [Warning/use-natspec]
/sb/0xbb530108497bd5007b74443119a8de8f33cc98bf.sol:38:3: Missing @notice tag in function 'allowance' [Warning/use-natspec]
/sb/0xbb530108497bd5007b74443119a8de8f33cc98bf.sol:38:3: Missing @param tag in function 'allowance' [Warning/use-natspec]
/sb/0xbb530108497bd5007b74443119a8de8f33cc98bf.sol:38:3: Mismatch in @param names for function 'allowance'. Expected: [owner, spender], Found: [] [Warning/use-natspec]
/sb/0xbb530108497bd5007b74443119a8de8f33cc98bf.sol:38:3: Missing @return tag in function 'allowance' [Warning/use-natspec]
/sb/0xbb530108497bd5007b74443119a8de8f33cc98bf.sol:38:3: Mismatch in @return count for function 'allowance'. Expected: 1, Found: 0 [Warning/use-natspec]
/sb/0xbb530108497bd5007b74443119a8de8f33cc98bf.sol:38:79: Rule is set with explicit type [var/s: uint] [Warning/explicit-types]
/sb/0xbb530108497bd5007b74443119a8de8f33cc98bf.sol:39:3: Missing @notice tag in function 'transferFrom' [Warning/use-natspec]
/sb/0xbb530108497bd5007b74443119a8de8f33cc98bf.sol:39:3: Missing @param tag in function 'transferFrom' [Warning/use-natspec]
/sb/0xbb530108497bd5007b74443119a8de8f33cc98bf.sol:39:3: Mismatch in @param names for function 'transferFrom'. Expected: [from, to, value], Found: [] [Warning/use-natspec]
/sb/0xbb530108497bd5007b74443119a8de8f33cc98bf.sol:39:51: Rule is set with explicit type [var/s: uint] [Warning/explicit-types]
/sb/0xbb530108497bd5007b74443119a8de8f33cc98bf.sol:40:3: Missing @notice tag in function 'approve' [Warning/use-natspec]
/sb/0xbb530108497bd5007b74443119a8de8f33cc98bf.sol:40:3: Missing @param tag in function 'approve' [Warning/use-natspec]
/sb/0xbb530108497bd5007b74443119a8de8f33cc98bf.sol:40:3: Mismatch in @param names for function 'approve'. Expected: [spender, value], Found: [] [Warning/use-natspec]
/sb/0xbb530108497bd5007b74443119a8de8f33cc98bf.sol:40:37: Rule is set with explicit type [var/s: uint] [Warning/explicit-types]
/sb/0xbb530108497bd5007b74443119a8de8f33cc98bf.sol:41:3: Missing @notice tag in event 'Approval' [Warning/use-natspec]
/sb/0xbb530108497bd5007b74443119a8de8f33cc98bf.sol:41:3: Missing @param tag in event 'Approval' [Warning/use-natspec]
/sb/0xbb530108497bd5007b74443119a8de8f33cc98bf.sol:41:3: Mismatch in @param names for event 'Approval'. Expected: [owner, spender, value], Found: [] [Warning/use-natspec]
/sb/0xbb530108497bd5007b74443119a8de8f33cc98bf.sol:41:3: GC: [value] on Event [Approval] could be Indexed [Warning/gas-indexed-events]
/sb/0xbb530108497bd5007b74443119a8de8f33cc98bf.sol:41:66: Rule is set with explicit type [var/s: uint] [Warning/explicit-types]
/sb/0xbb530108497bd5007b74443119a8de8f33cc98bf.sol:44:1: Missing @title tag in contract 'Airdropper' [Warning/use-natspec]
/sb/0xbb530108497bd5007b74443119a8de8f33cc98bf.sol:44:1: Missing @author tag in contract 'Airdropper' [Warning/use-natspec]
/sb/0xbb530108497bd5007b74443119a8de8f33cc98bf.sol:44:1: Missing @notice tag in contract 'Airdropper' [Warning/use-natspec]
/sb/0xbb530108497bd5007b74443119a8de8f33cc98bf.sol:46:5: Missing @notice tag in function 'multisend' [Warning/use-natspec]
/sb/0xbb530108497bd5007b74443119a8de8f33cc98bf.sol:46:5: Missing @param tag in function 'multisend' [Warning/use-natspec]
/sb/0xbb530108497bd5007b74443119a8de8f33cc98bf.sol:46:5: Mismatch in @param names for function 'multisend'. Expected: [_tokenAddr, dests, values], Found: [] [Warning/use-natspec]
/sb/0xbb530108497bd5007b74443119a8de8f33cc98bf.sol:46:5: Missing @return tag in function 'multisend' [Warning/use-natspec]
/sb/0xbb530108497bd5007b74443119a8de8f33cc98bf.sol:46:5: Mismatch in @return count for function 'multisend'. Expected: 1, Found: 0 [Warning/use-natspec]
/sb/0xbb530108497bd5007b74443119a8de8f33cc98bf.sol:48:5: Visibility modifier must be first in list of modifiers [Warning/visibility-modifier-order]
/sb/0xbb530108497bd5007b74443119a8de8f33cc98bf.sol:53:12: GC: For [ i ] variable, increment/decrement by 1 using: [ ++variable ] to save gas [Warning/gas-increment-by-one]

63 problem/s (1 error/s, 62 warning/s)
