A new version of Solhint is available: 6.0.1
Please consider updating your Solhint package.
/sb/0x00a704f5721fe068a46221ca7293e76b39f92af6.sol:17:1: Found more than One contract per file. 4 contracts found! [Warning/one-contract-per-file]
/sb/0x00a704f5721fe068a46221ca7293e76b39f92af6.sol:17:1: Compiler version ^0.8.4 does not satisfy the ^0.8.24 semver requirement [Error/compiler-version]
/sb/0x00a704f5721fe068a46221ca7293e76b39f92af6.sol:21:1: Missing @title tag in contract 'Context' [Warning/use-natspec]
/sb/0x00a704f5721fe068a46221ca7293e76b39f92af6.sol:21:1: Missing @author tag in contract 'Context' [Warning/use-natspec]
/sb/0x00a704f5721fe068a46221ca7293e76b39f92af6.sol:21:1: Missing @notice tag in contract 'Context' [Warning/use-natspec]
/sb/0x00a704f5721fe068a46221ca7293e76b39f92af6.sol:23:5: Missing @notice tag in function '_msgSender' [Warning/use-natspec]
/sb/0x00a704f5721fe068a46221ca7293e76b39f92af6.sol:23:5: Missing @return tag in function '_msgSender' [Warning/use-natspec]
/sb/0x00a704f5721fe068a46221ca7293e76b39f92af6.sol:23:5: Mismatch in @return count for function '_msgSender'. Expected: 1, Found: 0 [Warning/use-natspec]
/sb/0x00a704f5721fe068a46221ca7293e76b39f92af6.sol:33:1: Missing @title tag in contract 'IERC20' [Warning/use-natspec]
/sb/0x00a704f5721fe068a46221ca7293e76b39f92af6.sol:33:1: Missing @author tag in contract 'IERC20' [Warning/use-natspec]
/sb/0x00a704f5721fe068a46221ca7293e76b39f92af6.sol:33:1: Missing @notice tag in contract 'IERC20' [Warning/use-natspec]
/sb/0x00a704f5721fe068a46221ca7293e76b39f92af6.sol:35:5: Missing @notice tag in function 'totalSupply' [Warning/use-natspec]
/sb/0x00a704f5721fe068a46221ca7293e76b39f92af6.sol:35:5: Missing @return tag in function 'totalSupply' [Warning/use-natspec]
/sb/0x00a704f5721fe068a46221ca7293e76b39f92af6.sol:35:5: Mismatch in @return count for function 'totalSupply'. Expected: 1, Found: 0 [Warning/use-natspec]
/sb/0x00a704f5721fe068a46221ca7293e76b39f92af6.sol:37:5: Missing @notice tag in function 'balanceOf' [Warning/use-natspec]
/sb/0x00a704f5721fe068a46221ca7293e76b39f92af6.sol:37:5: Missing @param tag in function 'balanceOf' [Warning/use-natspec]
/sb/0x00a704f5721fe068a46221ca7293e76b39f92af6.sol:37:5: Mismatch in @param names for function 'balanceOf'. Expected: [account], Found: [] [Warning/use-natspec]
/sb/0x00a704f5721fe068a46221ca7293e76b39f92af6.sol:37:5: Missing @return tag in function 'balanceOf' [Warning/use-natspec]
/sb/0x00a704f5721fe068a46221ca7293e76b39f92af6.sol:37:5: Mismatch in @return count for function 'balanceOf'. Expected: 1, Found: 0 [Warning/use-natspec]
/sb/0x00a704f5721fe068a46221ca7293e76b39f92af6.sol:39:5: Missing @notice tag in function 'transfer' [Warning/use-natspec]
/sb/0x00a704f5721fe068a46221ca7293e76b39f92af6.sol:39:5: Missing @param tag in function 'transfer' [Warning/use-natspec]
/sb/0x00a704f5721fe068a46221ca7293e76b39f92af6.sol:39:5: Mismatch in @param names for function 'transfer'. Expected: [recipient, amount], Found: [] [Warning/use-natspec]
/sb/0x00a704f5721fe068a46221ca7293e76b39f92af6.sol:39:5: Missing @return tag in function 'transfer' [Warning/use-natspec]
/sb/0x00a704f5721fe068a46221ca7293e76b39f92af6.sol:39:5: Mismatch in @return count for function 'transfer'. Expected: 1, Found: 0 [Warning/use-natspec]
/sb/0x00a704f5721fe068a46221ca7293e76b39f92af6.sol:41:5: Missing @notice tag in function 'allowance' [Warning/use-natspec]
/sb/0x00a704f5721fe068a46221ca7293e76b39f92af6.sol:41:5: Missing @param tag in function 'allowance' [Warning/use-natspec]
/sb/0x00a704f5721fe068a46221ca7293e76b39f92af6.sol:41:5: Mismatch in @param names for function 'allowance'. Expected: [owner, spender], Found: [] [Warning/use-natspec]
/sb/0x00a704f5721fe068a46221ca7293e76b39f92af6.sol:41:5: Missing @return tag in function 'allowance' [Warning/use-natspec]
/sb/0x00a704f5721fe068a46221ca7293e76b39f92af6.sol:41:5: Mismatch in @return count for function 'allowance'. Expected: 1, Found: 0 [Warning/use-natspec]
/sb/0x00a704f5721fe068a46221ca7293e76b39f92af6.sol:43:5: Missing @notice tag in function 'approve' [Warning/use-natspec]
/sb/0x00a704f5721fe068a46221ca7293e76b39f92af6.sol:43:5: Missing @param tag in function 'approve' [Warning/use-natspec]
/sb/0x00a704f5721fe068a46221ca7293e76b39f92af6.sol:43:5: Mismatch in @param names for function 'approve'. Expected: [spender, amount], Found: [] [Warning/use-natspec]
/sb/0x00a704f5721fe068a46221ca7293e76b39f92af6.sol:43:5: Missing @return tag in function 'approve' [Warning/use-natspec]
/sb/0x00a704f5721fe068a46221ca7293e76b39f92af6.sol:43:5: Mismatch in @return count for function 'approve'. Expected: 1, Found: 0 [Warning/use-natspec]
/sb/0x00a704f5721fe068a46221ca7293e76b39f92af6.sol:45:5: Missing @notice tag in function 'transferFrom' [Warning/use-natspec]
/sb/0x00a704f5721fe068a46221ca7293e76b39f92af6.sol:45:5: Missing @param tag in function 'transferFrom' [Warning/use-natspec]
/sb/0x00a704f5721fe068a46221ca7293e76b39f92af6.sol:45:5: Mismatch in @param names for function 'transferFrom'. Expected: [sender, recipient, amount], Found: [] [Warning/use-natspec]
/sb/0x00a704f5721fe068a46221ca7293e76b39f92af6.sol:45:5: Missing @return tag in function 'transferFrom' [Warning/use-natspec]
/sb/0x00a704f5721fe068a46221ca7293e76b39f92af6.sol:45:5: Mismatch in @return count for function 'transferFrom'. Expected: 1, Found: 0 [Warning/use-natspec]
/sb/0x00a704f5721fe068a46221ca7293e76b39f92af6.sol:47:5: Missing @notice tag in event 'Transfer' [Warning/use-natspec]
/sb/0x00a704f5721fe068a46221ca7293e76b39f92af6.sol:47:5: Missing @param tag in event 'Transfer' [Warning/use-natspec]
/sb/0x00a704f5721fe068a46221ca7293e76b39f92af6.sol:47:5: Mismatch in @param names for event 'Transfer'. Expected: [from, to, value], Found: [] [Warning/use-natspec]
/sb/0x00a704f5721fe068a46221ca7293e76b39f92af6.sol:47:5: GC: [value] on Event [Transfer] could be Indexed [Warning/gas-indexed-events]
/sb/0x00a704f5721fe068a46221ca7293e76b39f92af6.sol:49:5: Missing @notice tag in event 'Approval' [Warning/use-natspec]
/sb/0x00a704f5721fe068a46221ca7293e76b39f92af6.sol:49:5: Missing @param tag in event 'Approval' [Warning/use-natspec]
/sb/0x00a704f5721fe068a46221ca7293e76b39f92af6.sol:49:5: Mismatch in @param names for event 'Approval'. Expected: [owner, spender, value], Found: [] [Warning/use-natspec]
/sb/0x00a704f5721fe068a46221ca7293e76b39f92af6.sol:49:5: GC: [value] on Event [Approval] could be Indexed [Warning/gas-indexed-events]
/sb/0x00a704f5721fe068a46221ca7293e76b39f92af6.sol:55:1: Missing @title tag in contract 'SafeMath' [Warning/use-natspec]
/sb/0x00a704f5721fe068a46221ca7293e76b39f92af6.sol:55:1: Missing @author tag in contract 'SafeMath' [Warning/use-natspec]
/sb/0x00a704f5721fe068a46221ca7293e76b39f92af6.sol:55:1: Missing @notice tag in contract 'SafeMath' [Warning/use-natspec]
/sb/0x00a704f5721fe068a46221ca7293e76b39f92af6.sol:57:5: Missing @notice tag in function 'add' [Warning/use-natspec]
/sb/0x00a704f5721fe068a46221ca7293e76b39f92af6.sol:57:5: Missing @param tag in function 'add' [Warning/use-natspec]
/sb/0x00a704f5721fe068a46221ca7293e76b39f92af6.sol:57:5: Mismatch in @param names for function 'add'. Expected: [a, b], Found: [] [Warning/use-natspec]
/sb/0x00a704f5721fe068a46221ca7293e76b39f92af6.sol:57:5: Missing @return tag in function 'add' [Warning/use-natspec]
/sb/0x00a704f5721fe068a46221ca7293e76b39f92af6.sol:57:5: Mismatch in @return count for function 'add'. Expected: 1, Found: 0 [Warning/use-natspec]
/sb/0x00a704f5721fe068a46221ca7293e76b39f92af6.sol:61:9: GC: Use Custom Errors instead of require statements [Warning/gas-custom-errors]
/sb/0x00a704f5721fe068a46221ca7293e76b39f92af6.sol:61:17: GC: Non strict inequality found. Try converting to a strict one [Warning/gas-strict-inequalities]
/sb/0x00a704f5721fe068a46221ca7293e76b39f92af6.sol:69:5: Missing @notice tag in function 'sub' [Warning/use-natspec]
/sb/0x00a704f5721fe068a46221ca7293e76b39f92af6.sol:69:5: Missing @param tag in function 'sub' [Warning/use-natspec]
/sb/0x00a704f5721fe068a46221ca7293e76b39f92af6.sol:69:5: Mismatch in @param names for function 'sub'. Expected: [a, b], Found: [] [Warning/use-natspec]
/sb/0x00a704f5721fe068a46221ca7293e76b39f92af6.sol:69:5: Missing @return tag in function 'sub' [Warning/use-natspec]
/sb/0x00a704f5721fe068a46221ca7293e76b39f92af6.sol:69:5: Mismatch in @return count for function 'sub'. Expected: 1, Found: 0 [Warning/use-natspec]
/sb/0x00a704f5721fe068a46221ca7293e76b39f92af6.sol:77:5: Missing @notice tag in function 'sub' [Warning/use-natspec]
/sb/0x00a704f5721fe068a46221ca7293e76b39f92af6.sol:77:5: Missing @param tag in function 'sub' [Warning/use-natspec]
/sb/0x00a704f5721fe068a46221ca7293e76b39f92af6.sol:77:5: Mismatch in @param names for function 'sub'. Expected: [a, b, errorMessage], Found: [] [Warning/use-natspec]
/sb/0x00a704f5721fe068a46221ca7293e76b39f92af6.sol:77:5: Missing @return tag in function 'sub' [Warning/use-natspec]
/sb/0x00a704f5721fe068a46221ca7293e76b39f92af6.sol:77:5: Mismatch in @return count for function 'sub'. Expected: 1, Found: 0 [Warning/use-natspec]
/sb/0x00a704f5721fe068a46221ca7293e76b39f92af6.sol:79:9: GC: Use Custom Errors instead of require statements [Warning/gas-custom-errors]
/sb/0x00a704f5721fe068a46221ca7293e76b39f92af6.sol:79:17: GC: Non strict inequality found. Try converting to a strict one [Warning/gas-strict-inequalities]
/sb/0x00a704f5721fe068a46221ca7293e76b39f92af6.sol:89:5: Missing @notice tag in function 'mul' [Warning/use-natspec]
/sb/0x00a704f5721fe068a46221ca7293e76b39f92af6.sol:89:5: Missing @param tag in function 'mul' [Warning/use-natspec]
/sb/0x00a704f5721fe068a46221ca7293e76b39f92af6.sol:89:5: Mismatch in @param names for function 'mul'. Expected: [a, b], Found: [] [Warning/use-natspec]
/sb/0x00a704f5721fe068a46221ca7293e76b39f92af6.sol:89:5: Missing @return tag in function 'mul' [Warning/use-natspec]
/sb/0x00a704f5721fe068a46221ca7293e76b39f92af6.sol:89:5: Mismatch in @return count for function 'mul'. Expected: 1, Found: 0 [Warning/use-natspec]
/sb/0x00a704f5721fe068a46221ca7293e76b39f92af6.sol:99:9: Error message for require is too long: 33 counted / 32 allowed [Warning/reason-string]
/sb/0x00a704f5721fe068a46221ca7293e76b39f92af6.sol:99:9: GC: String exceeds 32 bytes [Warning/gas-small-strings]
/sb/0x00a704f5721fe068a46221ca7293e76b39f92af6.sol:99:9: GC: Use Custom Errors instead of require statements [Warning/gas-custom-errors]
/sb/0x00a704f5721fe068a46221ca7293e76b39f92af6.sol:107:5: Missing @notice tag in function 'div' [Warning/use-natspec]
/sb/0x00a704f5721fe068a46221ca7293e76b39f92af6.sol:107:5: Missing @param tag in function 'div' [Warning/use-natspec]
/sb/0x00a704f5721fe068a46221ca7293e76b39f92af6.sol:107:5: Mismatch in @param names for function 'div'. Expected: [a, b], Found: [] [Warning/use-natspec]
/sb/0x00a704f5721fe068a46221ca7293e76b39f92af6.sol:107:5: Missing @return tag in function 'div' [Warning/use-natspec]
/sb/0x00a704f5721fe068a46221ca7293e76b39f92af6.sol:107:5: Mismatch in @return count for function 'div'. Expected: 1, Found: 0 [Warning/use-natspec]
/sb/0x00a704f5721fe068a46221ca7293e76b39f92af6.sol:115:5: Missing @notice tag in function 'div' [Warning/use-natspec]
/sb/0x00a704f5721fe068a46221ca7293e76b39f92af6.sol:115:5: Missing @param tag in function 'div' [Warning/use-natspec]
/sb/0x00a704f5721fe068a46221ca7293e76b39f92af6.sol:115:5: Mismatch in @param names for function 'div'. Expected: [a, b, errorMessage], Found: [] [Warning/use-natspec]
/sb/0x00a704f5721fe068a46221ca7293e76b39f92af6.sol:115:5: Missing @return tag in function 'div' [Warning/use-natspec]
/sb/0x00a704f5721fe068a46221ca7293e76b39f92af6.sol:115:5: Mismatch in @return count for function 'div'. Expected: 1, Found: 0 [Warning/use-natspec]
/sb/0x00a704f5721fe068a46221ca7293e76b39f92af6.sol:117:9: GC: Use Custom Errors instead of require statements [Warning/gas-custom-errors]
/sb/0x00a704f5721fe068a46221ca7293e76b39f92af6.sol:131:1: Missing @title tag in contract 'Ownable' [Warning/use-natspec]
/sb/0x00a704f5721fe068a46221ca7293e76b39f92af6.sol:131:1: Missing @author tag in contract 'Ownable' [Warning/use-natspec]
/sb/0x00a704f5721fe068a46221ca7293e76b39f92af6.sol:131:1: Missing @notice tag in contract 'Ownable' [Warning/use-natspec]
/sb/0x00a704f5721fe068a46221ca7293e76b39f92af6.sol:137:5: Missing @notice tag in event 'OwnershipTransferred' [Warning/use-natspec]
/sb/0x00a704f5721fe068a46221ca7293e76b39f92af6.sol:137:5: Missing @param tag in event 'OwnershipTransferred' [Warning/use-natspec]
/sb/0x00a704f5721fe068a46221ca7293e76b39f92af6.sol:137:5: Mismatch in @param names for event 'OwnershipTransferred'. Expected: [previousOwner, newOwner], Found: [] [Warning/use-natspec]
/sb/0x00a704f5721fe068a46221ca7293e76b39f92af6.sol:141:5: Missing @notice tag in function '<anonymous>' [Warning/use-natspec]
/sb/0x00a704f5721fe068a46221ca7293e76b39f92af6.sol:141:5: Explicitly mark visibility in function (Set ignoreConstructors to true if using solidity >=0.7.0) [Warning/func-visibility]
/sb/0x00a704f5721fe068a46221ca7293e76b39f92af6.sol:153:5: Missing @notice tag in function 'owner' [Warning/use-natspec]
/sb/0x00a704f5721fe068a46221ca7293e76b39f92af6.sol:153:5: Missing @return tag in function 'owner' [Warning/use-natspec]
/sb/0x00a704f5721fe068a46221ca7293e76b39f92af6.sol:153:5: Mismatch in @return count for function 'owner'. Expected: 1, Found: 0 [Warning/use-natspec]
/sb/0x00a704f5721fe068a46221ca7293e76b39f92af6.sol:163:9: GC: Use Custom Errors instead of require statements [Warning/gas-custom-errors]
/sb/0x00a704f5721fe068a46221ca7293e76b39f92af6.sol:171:5: Missing @notice tag in function 'renounceOwnership' [Warning/use-natspec]
/sb/0x00a704f5721fe068a46221ca7293e76b39f92af6.sol:185:1: Missing @title tag in contract 'IUniswapV2Factory' [Warning/use-natspec]
/sb/0x00a704f5721fe068a46221ca7293e76b39f92af6.sol:185:1: Missing @author tag in contract 'IUniswapV2Factory' [Warning/use-natspec]
/sb/0x00a704f5721fe068a46221ca7293e76b39f92af6.sol:185:1: Missing @notice tag in contract 'IUniswapV2Factory' [Warning/use-natspec]
/sb/0x00a704f5721fe068a46221ca7293e76b39f92af6.sol:187:5: Missing @notice tag in function 'createPair' [Warning/use-natspec]
/sb/0x00a704f5721fe068a46221ca7293e76b39f92af6.sol:187:5: Missing @param tag in function 'createPair' [Warning/use-natspec]
/sb/0x00a704f5721fe068a46221ca7293e76b39f92af6.sol:187:5: Mismatch in @param names for function 'createPair'. Expected: [tokenA, tokenB], Found: [] [Warning/use-natspec]
/sb/0x00a704f5721fe068a46221ca7293e76b39f92af6.sol:187:5: Missing @return tag in function 'createPair' [Warning/use-natspec]
/sb/0x00a704f5721fe068a46221ca7293e76b39f92af6.sol:187:5: Mismatch in @return names for function 'createPair'. Expected: [pair], Found: [] [Warning/use-natspec]
/sb/0x00a704f5721fe068a46221ca7293e76b39f92af6.sol:193:1: Missing @title tag in contract 'IUniswapV2Router02' [Warning/use-natspec]
/sb/0x00a704f5721fe068a46221ca7293e76b39f92af6.sol:193:1: Missing @author tag in contract 'IUniswapV2Router02' [Warning/use-natspec]
/sb/0x00a704f5721fe068a46221ca7293e76b39f92af6.sol:193:1: Missing @notice tag in contract 'IUniswapV2Router02' [Warning/use-natspec]
/sb/0x00a704f5721fe068a46221ca7293e76b39f92af6.sol:195:5: Missing @notice tag in function 'swapExactTokensForETHSupportingFeeOnTransferTokens' [Warning/use-natspec]
/sb/0x00a704f5721fe068a46221ca7293e76b39f92af6.sol:195:5: Missing @param tag in function 'swapExactTokensForETHSupportingFeeOnTransferTokens' [Warning/use-natspec]
/sb/0x00a704f5721fe068a46221ca7293e76b39f92af6.sol:195:5: Mismatch in @param names for function 'swapExactTokensForETHSupportingFeeOnTransferTokens'. Expected: [amountIn, amountOutMin, path, to, deadline], Found: [] [Warning/use-natspec]
/sb/0x00a704f5721fe068a46221ca7293e76b39f92af6.sol:197:9: Rule is set with explicit type [var/s: uint] [Warning/explicit-types]
/sb/0x00a704f5721fe068a46221ca7293e76b39f92af6.sol:199:9: Rule is set with explicit type [var/s: uint] [Warning/explicit-types]
/sb/0x00a704f5721fe068a46221ca7293e76b39f92af6.sol:205:9: Rule is set with explicit type [var/s: uint] [Warning/explicit-types]
/sb/0x00a704f5721fe068a46221ca7293e76b39f92af6.sol:209:5: Missing @notice tag in function 'factory' [Warning/use-natspec]
/sb/0x00a704f5721fe068a46221ca7293e76b39f92af6.sol:209:5: Missing @return tag in function 'factory' [Warning/use-natspec]
/sb/0x00a704f5721fe068a46221ca7293e76b39f92af6.sol:209:5: Mismatch in @return count for function 'factory'. Expected: 1, Found: 0 [Warning/use-natspec]
/sb/0x00a704f5721fe068a46221ca7293e76b39f92af6.sol:211:5: Missing @notice tag in function 'WETH' [Warning/use-natspec]
/sb/0x00a704f5721fe068a46221ca7293e76b39f92af6.sol:211:5: Missing @return tag in function 'WETH' [Warning/use-natspec]
/sb/0x00a704f5721fe068a46221ca7293e76b39f92af6.sol:211:5: Mismatch in @return count for function 'WETH'. Expected: 1, Found: 0 [Warning/use-natspec]
/sb/0x00a704f5721fe068a46221ca7293e76b39f92af6.sol:211:5: Function name must be in mixedCase [Warning/func-name-mixedcase]
/sb/0x00a704f5721fe068a46221ca7293e76b39f92af6.sol:213:5: Missing @notice tag in function 'addLiquidityETH' [Warning/use-natspec]
/sb/0x00a704f5721fe068a46221ca7293e76b39f92af6.sol:213:5: Missing @param tag in function 'addLiquidityETH' [Warning/use-natspec]
/sb/0x00a704f5721fe068a46221ca7293e76b39f92af6.sol:213:5: Mismatch in @param names for function 'addLiquidityETH'. Expected: [token, amountTokenDesired, amountTokenMin, amountETHMin, to, deadline], Found: [] [Warning/use-natspec]
/sb/0x00a704f5721fe068a46221ca7293e76b39f92af6.sol:213:5: Missing @return tag in function 'addLiquidityETH' [Warning/use-natspec]
/sb/0x00a704f5721fe068a46221ca7293e76b39f92af6.sol:213:5: Mismatch in @return names for function 'addLiquidityETH'. Expected: [amountToken, amountETH, liquidity], Found: [] [Warning/use-natspec]
/sb/0x00a704f5721fe068a46221ca7293e76b39f92af6.sol:217:9: Rule is set with explicit type [var/s: uint] [Warning/explicit-types]
/sb/0x00a704f5721fe068a46221ca7293e76b39f92af6.sol:219:9: Rule is set with explicit type [var/s: uint] [Warning/explicit-types]
/sb/0x00a704f5721fe068a46221ca7293e76b39f92af6.sol:221:9: Rule is set with explicit type [var/s: uint] [Warning/explicit-types]
/sb/0x00a704f5721fe068a46221ca7293e76b39f92af6.sol:225:9: Rule is set with explicit type [var/s: uint] [Warning/explicit-types]
/sb/0x00a704f5721fe068a46221ca7293e76b39f92af6.sol:227:33: Rule is set with explicit type [var/s: uint] [Warning/explicit-types]
/sb/0x00a704f5721fe068a46221ca7293e76b39f92af6.sol:227:51: Rule is set with explicit type [var/s: uint] [Warning/explicit-types]
/sb/0x00a704f5721fe068a46221ca7293e76b39f92af6.sol:227:67: Rule is set with explicit type [var/s: uint] [Warning/explicit-types]
/sb/0x00a704f5721fe068a46221ca7293e76b39f92af6.sol:233:1: Contract has 20 states declarations but allowed no more than 15 [Warning/max-states-count]
/sb/0x00a704f5721fe068a46221ca7293e76b39f92af6.sol:233:1: Missing @title tag in contract 'BabyRyoshi' [Warning/use-natspec]
/sb/0x00a704f5721fe068a46221ca7293e76b39f92af6.sol:233:1: Missing @author tag in contract 'BabyRyoshi' [Warning/use-natspec]
/sb/0x00a704f5721fe068a46221ca7293e76b39f92af6.sol:233:1: Missing @notice tag in contract 'BabyRyoshi' [Warning/use-natspec]
/sb/0x00a704f5721fe068a46221ca7293e76b39f92af6.sol:247:5: Rule is set with explicit type [var/s: uint] [Warning/explicit-types]
/sb/0x00a704f5721fe068a46221ca7293e76b39f92af6.sol:251:5: Constant name must be in capitalized SNAKE_CASE [Warning/const-name-snakecase]
/sb/0x00a704f5721fe068a46221ca7293e76b39f92af6.sol:271:5: Constant name must be in capitalized SNAKE_CASE [Warning/const-name-snakecase]
/sb/0x00a704f5721fe068a46221ca7293e76b39f92af6.sol:273:5: Constant name must be in capitalized SNAKE_CASE [Warning/const-name-snakecase]
/sb/0x00a704f5721fe068a46221ca7293e76b39f92af6.sol:275:5: Constant name must be in capitalized SNAKE_CASE [Warning/const-name-snakecase]
/sb/0x00a704f5721fe068a46221ca7293e76b39f92af6.sol:293:5: Missing @notice tag in event 'MaxTxAmountUpdated' [Warning/use-natspec]
/sb/0x00a704f5721fe068a46221ca7293e76b39f92af6.sol:293:5: Missing @param tag in event 'MaxTxAmountUpdated' [Warning/use-natspec]
/sb/0x00a704f5721fe068a46221ca7293e76b39f92af6.sol:293:5: Mismatch in @param names for event 'MaxTxAmountUpdated'. Expected: [_maxTxAmount], Found: [] [Warning/use-natspec]
/sb/0x00a704f5721fe068a46221ca7293e76b39f92af6.sol:293:5: GC: [_maxTxAmount] on Event [MaxTxAmountUpdated] could be Indexed [Warning/gas-indexed-events]
/sb/0x00a704f5721fe068a46221ca7293e76b39f92af6.sol:293:30: Rule is set with explicit type [var/s: uint] [Warning/explicit-types]
/sb/0x00a704f5721fe068a46221ca7293e76b39f92af6.sol:305:5: Missing @notice tag in function '<anonymous>' [Warning/use-natspec]
/sb/0x00a704f5721fe068a46221ca7293e76b39f92af6.sol:305:5: Explicitly mark visibility in function (Set ignoreConstructors to true if using solidity >=0.7.0) [Warning/func-visibility]
/sb/0x00a704f5721fe068a46221ca7293e76b39f92af6.sol:327:5: Missing @notice tag in function 'name' [Warning/use-natspec]
/sb/0x00a704f5721fe068a46221ca7293e76b39f92af6.sol:327:5: Missing @return tag in function 'name' [Warning/use-natspec]
/sb/0x00a704f5721fe068a46221ca7293e76b39f92af6.sol:327:5: Mismatch in @return count for function 'name'. Expected: 1, Found: 0 [Warning/use-natspec]
/sb/0x00a704f5721fe068a46221ca7293e76b39f92af6.sol:335:5: Missing @notice tag in function 'symbol' [Warning/use-natspec]
/sb/0x00a704f5721fe068a46221ca7293e76b39f92af6.sol:335:5: Missing @return tag in function 'symbol' [Warning/use-natspec]
/sb/0x00a704f5721fe068a46221ca7293e76b39f92af6.sol:335:5: Mismatch in @return count for function 'symbol'. Expected: 1, Found: 0 [Warning/use-natspec]
/sb/0x00a704f5721fe068a46221ca7293e76b39f92af6.sol:343:5: Missing @notice tag in function 'decimals' [Warning/use-natspec]
/sb/0x00a704f5721fe068a46221ca7293e76b39f92af6.sol:343:5: Missing @return tag in function 'decimals' [Warning/use-natspec]
/sb/0x00a704f5721fe068a46221ca7293e76b39f92af6.sol:343:5: Mismatch in @return count for function 'decimals'. Expected: 1, Found: 0 [Warning/use-natspec]
/sb/0x00a704f5721fe068a46221ca7293e76b39f92af6.sol:351:5: Missing @notice tag in function 'totalSupply' [Warning/use-natspec]
/sb/0x00a704f5721fe068a46221ca7293e76b39f92af6.sol:351:5: Missing @return tag in function 'totalSupply' [Warning/use-natspec]
/sb/0x00a704f5721fe068a46221ca7293e76b39f92af6.sol:351:5: Mismatch in @return count for function 'totalSupply'. Expected: 1, Found: 0 [Warning/use-natspec]
/sb/0x00a704f5721fe068a46221ca7293e76b39f92af6.sol:359:5: Missing @notice tag in function 'balanceOf' [Warning/use-natspec]
/sb/0x00a704f5721fe068a46221ca7293e76b39f92af6.sol:359:5: Missing @param tag in function 'balanceOf' [Warning/use-natspec]
/sb/0x00a704f5721fe068a46221ca7293e76b39f92af6.sol:359:5: Mismatch in @param names for function 'balanceOf'. Expected: [account], Found: [] [Warning/use-natspec]
/sb/0x00a704f5721fe068a46221ca7293e76b39f92af6.sol:359:5: Missing @return tag in function 'balanceOf' [Warning/use-natspec]
/sb/0x00a704f5721fe068a46221ca7293e76b39f92af6.sol:359:5: Mismatch in @return count for function 'balanceOf'. Expected: 1, Found: 0 [Warning/use-natspec]
/sb/0x00a704f5721fe068a46221ca7293e76b39f92af6.sol:367:5: Missing @notice tag in function 'transfer' [Warning/use-natspec]
/sb/0x00a704f5721fe068a46221ca7293e76b39f92af6.sol:367:5: Missing @param tag in function 'transfer' [Warning/use-natspec]
/sb/0x00a704f5721fe068a46221ca7293e76b39f92af6.sol:367:5: Mismatch in @param names for function 'transfer'. Expected: [recipient, amount], Found: [] [Warning/use-natspec]
/sb/0x00a704f5721fe068a46221ca7293e76b39f92af6.sol:367:5: Missing @return tag in function 'transfer' [Warning/use-natspec]
/sb/0x00a704f5721fe068a46221ca7293e76b39f92af6.sol:367:5: Mismatch in @return count for function 'transfer'. Expected: 1, Found: 0 [Warning/use-natspec]
/sb/0x00a704f5721fe068a46221ca7293e76b39f92af6.sol:377:5: Missing @notice tag in function 'allowance' [Warning/use-natspec]
/sb/0x00a704f5721fe068a46221ca7293e76b39f92af6.sol:377:5: Missing @param tag in function 'allowance' [Warning/use-natspec]
/sb/0x00a704f5721fe068a46221ca7293e76b39f92af6.sol:377:5: Mismatch in @param names for function 'allowance'. Expected: [owner, spender], Found: [] [Warning/use-natspec]
/sb/0x00a704f5721fe068a46221ca7293e76b39f92af6.sol:377:5: Missing @return tag in function 'allowance' [Warning/use-natspec]
/sb/0x00a704f5721fe068a46221ca7293e76b39f92af6.sol:377:5: Mismatch in @return count for function 'allowance'. Expected: 1, Found: 0 [Warning/use-natspec]
/sb/0x00a704f5721fe068a46221ca7293e76b39f92af6.sol:385:5: Missing @notice tag in function 'approve' [Warning/use-natspec]
/sb/0x00a704f5721fe068a46221ca7293e76b39f92af6.sol:385:5: Missing @param tag in function 'approve' [Warning/use-natspec]
/sb/0x00a704f5721fe068a46221ca7293e76b39f92af6.sol:385:5: Mismatch in @param names for function 'approve'. Expected: [spender, amount], Found: [] [Warning/use-natspec]
/sb/0x00a704f5721fe068a46221ca7293e76b39f92af6.sol:385:5: Missing @return tag in function 'approve' [Warning/use-natspec]
/sb/0x00a704f5721fe068a46221ca7293e76b39f92af6.sol:385:5: Mismatch in @return count for function 'approve'. Expected: 1, Found: 0 [Warning/use-natspec]
/sb/0x00a704f5721fe068a46221ca7293e76b39f92af6.sol:395:5: Missing @notice tag in function 'transferFrom' [Warning/use-natspec]
/sb/0x00a704f5721fe068a46221ca7293e76b39f92af6.sol:395:5: Missing @param tag in function 'transferFrom' [Warning/use-natspec]
/sb/0x00a704f5721fe068a46221ca7293e76b39f92af6.sol:395:5: Mismatch in @param names for function 'transferFrom'. Expected: [sender, recipient, amount], Found: [] [Warning/use-natspec]
/sb/0x00a704f5721fe068a46221ca7293e76b39f92af6.sol:395:5: Missing @return tag in function 'transferFrom' [Warning/use-natspec]
/sb/0x00a704f5721fe068a46221ca7293e76b39f92af6.sol:395:5: Mismatch in @return count for function 'transferFrom'. Expected: 1, Found: 0 [Warning/use-natspec]
/sb/0x00a704f5721fe068a46221ca7293e76b39f92af6.sol:399:40: GC: String exceeds 32 bytes [Warning/gas-small-strings]
/sb/0x00a704f5721fe068a46221ca7293e76b39f92af6.sol:407:5: Missing @notice tag in function 'setCooldownEnabled' [Warning/use-natspec]
/sb/0x00a704f5721fe068a46221ca7293e76b39f92af6.sol:407:5: Missing @param tag in function 'setCooldownEnabled' [Warning/use-natspec]
/sb/0x00a704f5721fe068a46221ca7293e76b39f92af6.sol:407:5: Mismatch in @param names for function 'setCooldownEnabled'. Expected: [onoff], Found: [] [Warning/use-natspec]
/sb/0x00a704f5721fe068a46221ca7293e76b39f92af6.sol:415:5: Missing @notice tag in function 'tokenFromReflection' [Warning/use-natspec]
/sb/0x00a704f5721fe068a46221ca7293e76b39f92af6.sol:415:5: Missing @param tag in function 'tokenFromReflection' [Warning/use-natspec]
/sb/0x00a704f5721fe068a46221ca7293e76b39f92af6.sol:415:5: Mismatch in @param names for function 'tokenFromReflection'. Expected: [rAmount], Found: [] [Warning/use-natspec]
/sb/0x00a704f5721fe068a46221ca7293e76b39f92af6.sol:415:5: Missing @return tag in function 'tokenFromReflection' [Warning/use-natspec]
/sb/0x00a704f5721fe068a46221ca7293e76b39f92af6.sol:415:5: Mismatch in @return count for function 'tokenFromReflection'. Expected: 1, Found: 0 [Warning/use-natspec]
/sb/0x00a704f5721fe068a46221ca7293e76b39f92af6.sol:417:9: Error message for require is too long: 42 counted / 32 allowed [Warning/reason-string]
/sb/0x00a704f5721fe068a46221ca7293e76b39f92af6.sol:417:9: GC: String exceeds 32 bytes [Warning/gas-small-strings]
/sb/0x00a704f5721fe068a46221ca7293e76b39f92af6.sol:417:9: GC: Use Custom Errors instead of require statements [Warning/gas-custom-errors]
/sb/0x00a704f5721fe068a46221ca7293e76b39f92af6.sol:417:17: GC: Non strict inequality found. Try converting to a strict one [Warning/gas-strict-inequalities]
/sb/0x00a704f5721fe068a46221ca7293e76b39f92af6.sol:427:5: Missing @notice tag in function '_approve' [Warning/use-natspec]
/sb/0x00a704f5721fe068a46221ca7293e76b39f92af6.sol:427:5: Missing @param tag in function '_approve' [Warning/use-natspec]
/sb/0x00a704f5721fe068a46221ca7293e76b39f92af6.sol:427:5: Mismatch in @param names for function '_approve'. Expected: [owner, spender, amount], Found: [] [Warning/use-natspec]
/sb/0x00a704f5721fe068a46221ca7293e76b39f92af6.sol:429:9: Error message for require is too long: 36 counted / 32 allowed [Warning/reason-string]
/sb/0x00a704f5721fe068a46221ca7293e76b39f92af6.sol:429:9: GC: String exceeds 32 bytes [Warning/gas-small-strings]
/sb/0x00a704f5721fe068a46221ca7293e76b39f92af6.sol:429:9: GC: Use Custom Errors instead of require statements [Warning/gas-custom-errors]
/sb/0x00a704f5721fe068a46221ca7293e76b39f92af6.sol:431:9: Error message for require is too long: 34 counted / 32 allowed [Warning/reason-string]
/sb/0x00a704f5721fe068a46221ca7293e76b39f92af6.sol:431:9: GC: String exceeds 32 bytes [Warning/gas-small-strings]
/sb/0x00a704f5721fe068a46221ca7293e76b39f92af6.sol:431:9: GC: Use Custom Errors instead of require statements [Warning/gas-custom-errors]
/sb/0x00a704f5721fe068a46221ca7293e76b39f92af6.sol:441:5: Missing @notice tag in function '_transfer' [Warning/use-natspec]
/sb/0x00a704f5721fe068a46221ca7293e76b39f92af6.sol:441:5: Missing @param tag in function '_transfer' [Warning/use-natspec]
/sb/0x00a704f5721fe068a46221ca7293e76b39f92af6.sol:441:5: Mismatch in @param names for function '_transfer'. Expected: [from, to, amount], Found: [] [Warning/use-natspec]
/sb/0x00a704f5721fe068a46221ca7293e76b39f92af6.sol:443:9: Error message for require is too long: 41 counted / 32 allowed [Warning/reason-string]
/sb/0x00a704f5721fe068a46221ca7293e76b39f92af6.sol:443:9: GC: String exceeds 32 bytes [Warning/gas-small-strings]
/sb/0x00a704f5721fe068a46221ca7293e76b39f92af6.sol:443:9: GC: Use Custom Errors instead of require statements [Warning/gas-custom-errors]
/sb/0x00a704f5721fe068a46221ca7293e76b39f92af6.sol:445:9: Provide an error message for require [Warning/reason-string]
/sb/0x00a704f5721fe068a46221ca7293e76b39f92af6.sol:445:9: GC: Use Custom Errors instead of require statements [Warning/gas-custom-errors]
/sb/0x00a704f5721fe068a46221ca7293e76b39f92af6.sol:457:17: Provide an error message for require [Warning/reason-string]
/sb/0x00a704f5721fe068a46221ca7293e76b39f92af6.sol:457:17: GC: Use Custom Errors instead of require statements [Warning/gas-custom-errors]
/sb/0x00a704f5721fe068a46221ca7293e76b39f92af6.sol:457:25: GC: Non strict inequality found. Try converting to a strict one [Warning/gas-strict-inequalities]
/sb/0x00a704f5721fe068a46221ca7293e76b39f92af6.sol:489:5: Missing @notice tag in function 'swapTokensForEth' [Warning/use-natspec]
/sb/0x00a704f5721fe068a46221ca7293e76b39f92af6.sol:489:5: Missing @param tag in function 'swapTokensForEth' [Warning/use-natspec]
/sb/0x00a704f5721fe068a46221ca7293e76b39f92af6.sol:489:5: Mismatch in @param names for function 'swapTokensForEth'. Expected: [tokenAmount], Found: [] [Warning/use-natspec]
/sb/0x00a704f5721fe068a46221ca7293e76b39f92af6.sol:515:5: Missing @notice tag in function 'liftMaxTx' [Warning/use-natspec]
/sb/0x00a704f5721fe068a46221ca7293e76b39f92af6.sol:521:5: Missing @notice tag in function 'sendETHToFee' [Warning/use-natspec]
/sb/0x00a704f5721fe068a46221ca7293e76b39f92af6.sol:521:5: Missing @param tag in function 'sendETHToFee' [Warning/use-natspec]
/sb/0x00a704f5721fe068a46221ca7293e76b39f92af6.sol:521:5: Mismatch in @param names for function 'sendETHToFee'. Expected: [amount], Found: [] [Warning/use-natspec]
/sb/0x00a704f5721fe068a46221ca7293e76b39f92af6.sol:533:5: Missing @notice tag in function 'openTrading' [Warning/use-natspec]
/sb/0x00a704f5721fe068a46221ca7293e76b39f92af6.sol:535:9: GC: Use Custom Errors instead of require statements [Warning/gas-custom-errors]
/sb/0x00a704f5721fe068a46221ca7293e76b39f92af6.sol:555:9: Rule is set with explicit type [var/s: uint] [Warning/explicit-types]
/sb/0x00a704f5721fe068a46221ca7293e76b39f92af6.sol:563:5: Missing @notice tag in function '_tokenTransfer' [Warning/use-natspec]
/sb/0x00a704f5721fe068a46221ca7293e76b39f92af6.sol:563:5: Missing @param tag in function '_tokenTransfer' [Warning/use-natspec]
/sb/0x00a704f5721fe068a46221ca7293e76b39f92af6.sol:563:5: Mismatch in @param names for function '_tokenTransfer'. Expected: [sender, recipient, amount], Found: [] [Warning/use-natspec]
/sb/0x00a704f5721fe068a46221ca7293e76b39f92af6.sol:571:5: Missing @notice tag in function '_transferStandard' [Warning/use-natspec]
/sb/0x00a704f5721fe068a46221ca7293e76b39f92af6.sol:571:5: Missing @param tag in function '_transferStandard' [Warning/use-natspec]
/sb/0x00a704f5721fe068a46221ca7293e76b39f92af6.sol:571:5: Mismatch in @param names for function '_transferStandard'. Expected: [sender, recipient, tAmount], Found: [] [Warning/use-natspec]
/sb/0x00a704f5721fe068a46221ca7293e76b39f92af6.sol:589:5: Missing @notice tag in function '_takeTeam' [Warning/use-natspec]
/sb/0x00a704f5721fe068a46221ca7293e76b39f92af6.sol:589:5: Missing @param tag in function '_takeTeam' [Warning/use-natspec]
/sb/0x00a704f5721fe068a46221ca7293e76b39f92af6.sol:589:5: Mismatch in @param names for function '_takeTeam'. Expected: [tTeam], Found: [] [Warning/use-natspec]
/sb/0x00a704f5721fe068a46221ca7293e76b39f92af6.sol:601:5: Missing @notice tag in function '_reflectFee' [Warning/use-natspec]
/sb/0x00a704f5721fe068a46221ca7293e76b39f92af6.sol:601:5: Missing @param tag in function '_reflectFee' [Warning/use-natspec]
/sb/0x00a704f5721fe068a46221ca7293e76b39f92af6.sol:601:5: Mismatch in @param names for function '_reflectFee'. Expected: [rFee, tFee], Found: [] [Warning/use-natspec]
/sb/0x00a704f5721fe068a46221ca7293e76b39f92af6.sol:611:5: Missing @notice tag in function '<anonymous>' [Warning/use-natspec]
/sb/0x00a704f5721fe068a46221ca7293e76b39f92af6.sol:615:5: Missing @notice tag in function 'manualswap' [Warning/use-natspec]
/sb/0x00a704f5721fe068a46221ca7293e76b39f92af6.sol:617:9: Provide an error message for require [Warning/reason-string]
/sb/0x00a704f5721fe068a46221ca7293e76b39f92af6.sol:617:9: GC: Use Custom Errors instead of require statements [Warning/gas-custom-errors]
/sb/0x00a704f5721fe068a46221ca7293e76b39f92af6.sol:627:5: Missing @notice tag in function 'manualsend' [Warning/use-natspec]
/sb/0x00a704f5721fe068a46221ca7293e76b39f92af6.sol:629:9: Provide an error message for require [Warning/reason-string]
/sb/0x00a704f5721fe068a46221ca7293e76b39f92af6.sol:629:9: GC: Use Custom Errors instead of require statements [Warning/gas-custom-errors]
/sb/0x00a704f5721fe068a46221ca7293e76b39f92af6.sol:641:5: Missing @notice tag in function '_getValues' [Warning/use-natspec]
/sb/0x00a704f5721fe068a46221ca7293e76b39f92af6.sol:641:5: Missing @param tag in function '_getValues' [Warning/use-natspec]
/sb/0x00a704f5721fe068a46221ca7293e76b39f92af6.sol:641:5: Mismatch in @param names for function '_getValues'. Expected: [tAmount], Found: [] [Warning/use-natspec]
/sb/0x00a704f5721fe068a46221ca7293e76b39f92af6.sol:641:5: Missing @return tag in function '_getValues' [Warning/use-natspec]
/sb/0x00a704f5721fe068a46221ca7293e76b39f92af6.sol:641:5: Mismatch in @return count for function '_getValues'. Expected: 6, Found: 0 [Warning/use-natspec]
/sb/0x00a704f5721fe068a46221ca7293e76b39f92af6.sol:655:5: Missing @notice tag in function '_getTValues' [Warning/use-natspec]
/sb/0x00a704f5721fe068a46221ca7293e76b39f92af6.sol:655:5: Missing @param tag in function '_getTValues' [Warning/use-natspec]
/sb/0x00a704f5721fe068a46221ca7293e76b39f92af6.sol:655:5: Mismatch in @param names for function '_getTValues'. Expected: [tAmount, taxFee, TeamFee], Found: [] [Warning/use-natspec]
/sb/0x00a704f5721fe068a46221ca7293e76b39f92af6.sol:655:5: Missing @return tag in function '_getTValues' [Warning/use-natspec]
/sb/0x00a704f5721fe068a46221ca7293e76b39f92af6.sol:655:5: Mismatch in @return count for function '_getTValues'. Expected: 3, Found: 0 [Warning/use-natspec]
/sb/0x00a704f5721fe068a46221ca7293e76b39f92af6.sol:655:59: Variable name must be in mixedCase TeamFee [Warning/var-name-mixedcase]
/sb/0x00a704f5721fe068a46221ca7293e76b39f92af6.sol:669:5: Missing @notice tag in function '_getRValues' [Warning/use-natspec]
/sb/0x00a704f5721fe068a46221ca7293e76b39f92af6.sol:669:5: Missing @param tag in function '_getRValues' [Warning/use-natspec]
/sb/0x00a704f5721fe068a46221ca7293e76b39f92af6.sol:669:5: Mismatch in @param names for function '_getRValues'. Expected: [tAmount, tFee, tTeam, currentRate], Found: [] [Warning/use-natspec]
/sb/0x00a704f5721fe068a46221ca7293e76b39f92af6.sol:669:5: Missing @return tag in function '_getRValues' [Warning/use-natspec]
/sb/0x00a704f5721fe068a46221ca7293e76b39f92af6.sol:669:5: Mismatch in @return count for function '_getRValues'. Expected: 3, Found: 0 [Warning/use-natspec]
/sb/0x00a704f5721fe068a46221ca7293e76b39f92af6.sol:685:2: Missing @notice tag in function '_getRate' [Warning/use-natspec]
/sb/0x00a704f5721fe068a46221ca7293e76b39f92af6.sol:685:2: Missing @return tag in function '_getRate' [Warning/use-natspec]
/sb/0x00a704f5721fe068a46221ca7293e76b39f92af6.sol:685:2: Mismatch in @return count for function '_getRate'. Expected: 1, Found: 0 [Warning/use-natspec]
/sb/0x00a704f5721fe068a46221ca7293e76b39f92af6.sol:695:5: Missing @notice tag in function '_getCurrentSupply' [Warning/use-natspec]
/sb/0x00a704f5721fe068a46221ca7293e76b39f92af6.sol:695:5: Missing @return tag in function '_getCurrentSupply' [Warning/use-natspec]
/sb/0x00a704f5721fe068a46221ca7293e76b39f92af6.sol:695:5: Mismatch in @return count for function '_getCurrentSupply'. Expected: 2, Found: 0 [Warning/use-natspec]

274 problem/s (1 error/s, 273 warning/s)
