'solc --version' running
'solc /sb/0xa97ff44cff7101fac76af172f088f400f28cb4e9.sol --combined-json abi,ast,bin,bin-runtime,srcmap,srcmap-runtime,userdoc,devdoc,hashes,compact-format --allow-paths .,/sb' running
Compilation warnings/errors on /sb/0xa97ff44cff7101fac76af172f088f400f28cb4e9.sol:
/sb/0xa97ff44cff7101fac76af172f088f400f28cb4e9.sol:100:3: Warning: Defining constructors as functions with the same name as the contract is deprecated. Use "constructor(...) { ... }" instead.
  function CollectibleToken() public {
  ^ (Relevant source part starts here and spans across multiple lines).
/sb/0xa97ff44cff7101fac76af172f088f400f28cb4e9.sol:120:5: Warning: Invoking events without "emit" prefix is deprecated.
    Approval(msg.sender, _to, _tokenId);
    ^---------------------------------^
/sb/0xa97ff44cff7101fac76af172f088f400f28cb4e9.sol:232:5: Warning: Invoking events without "emit" prefix is deprecated.
    TokenSold(_tokenId, sellingPrice, collectibleIndexToPrice[_tokenId], oldOwner, newOwner);
    ^--------------------------------------------------------------------------------------^
/sb/0xa97ff44cff7101fac76af172f088f400f28cb4e9.sol:332:5: Warning: Invoking events without "emit" prefix is deprecated.
    Birth(tokenId, _price, totalSupply);
    ^---------------------------------^
/sb/0xa97ff44cff7101fac76af172f088f400f28cb4e9.sol:343:27: Warning: Using contract member "balance" inherited from the address type is deprecated. Convert the contract to "address" type to access the member, for example use "address(contract).balance" instead.
      ceoAddress.transfer(this.balance);
                          ^----------^
/sb/0xa97ff44cff7101fac76af172f088f400f28cb4e9.sol:345:20: Warning: Using contract member "balance" inherited from the address type is deprecated. Convert the contract to "address" type to access the member, for example use "address(contract).balance" instead.
      _to.transfer(this.balance);
                   ^----------^
/sb/0xa97ff44cff7101fac76af172f088f400f28cb4e9.sol:364:5: Warning: Invoking events without "emit" prefix is deprecated.
    Transfer(_from, _to, _tokenId);
    ^----------------------------^


CollectibleToken.purchase(uint256) (../sb/0xa97ff44cff7101fac76af172f088f400f28cb4e9.sol#200-241) sends eth to arbitrary user
	Dangerous calls:
	- oldOwner.transfer(payment) (../sb/0xa97ff44cff7101fac76af172f088f400f28cb4e9.sol#236)
CollectibleToken._payout(address) (../sb/0xa97ff44cff7101fac76af172f088f400f28cb4e9.sol#341-347) sends eth to arbitrary user
	Dangerous calls:
	- ceoAddress.transfer(this.balance) (../sb/0xa97ff44cff7101fac76af172f088f400f28cb4e9.sol#343)
	- _to.transfer(this.balance) (../sb/0xa97ff44cff7101fac76af172f088f400f28cb4e9.sol#345)
Reference: https://github.com/crytic/slither/wiki/Detector-Documentation#functions-that-send-ether-to-arbitrary-destinations

CollectibleToken.setCEO(address) (../sb/0xa97ff44cff7101fac76af172f088f400f28cb4e9.sol#251-255) should emit an event for: 
	- ceoAddress = _newCEO (../sb/0xa97ff44cff7101fac76af172f088f400f28cb4e9.sol#254) 
	- ceoAddress = _newCEO (../sb/0xa97ff44cff7101fac76af172f088f400f28cb4e9.sol#254) 
CollectibleToken.setCOO(address) (../sb/0xa97ff44cff7101fac76af172f088f400f28cb4e9.sol#259-263) should emit an event for: 
	- cooAddress = _newCOO (../sb/0xa97ff44cff7101fac76af172f088f400f28cb4e9.sol#262) 
	- cooAddress = _newCOO (../sb/0xa97ff44cff7101fac76af172f088f400f28cb4e9.sol#262) 
Reference: https://github.com/crytic/slither/wiki/Detector-Documentation#missing-events-access-control

Version constraint ^0.4.18 contains known severe issues (https://solidity.readthedocs.io/en/latest/bugs.html)
	- DirtyBytesArrayToStorage
	- ABIDecodeTwoDimensionalArrayMemory
	- KeccakCaching
	- EmptyByteArrayCopy
	- DynamicArrayCleanup
	- ImplicitConstructorCallvalueCheck
	- TupleAssignmentMultiStackSlotComponents
	- MemoryArrayCreationOverflow
	- privateCanBeOverridden
	- SignedArrayStorageCopy
	- ABIEncoderV2StorageArrayWithMultiSlotElement
	- DynamicConstructorArgumentsClippedABIV2
	- UninitializedFunctionPointerInConstructor_0.4.x
	- IncorrectEventSignatureInLibraries_0.4.x
	- ExpExponentCleanup
	- EventStructWrongData
	- NestedArrayFunctionCallDecoder.
It is used by:
	- ^0.4.18 (../sb/0xa97ff44cff7101fac76af172f088f400f28cb4e9.sol#1)
solc-0.4.26 is an outdated solc version. Use a more recent version (at least 0.8.0), if possible.
Reference: https://github.com/crytic/slither/wiki/Detector-Documentation#incorrect-versions-of-solidity

Parameter CollectibleToken.approve(address,uint256)._to (../sb/0xa97ff44cff7101fac76af172f088f400f28cb4e9.sol#112) is not in mixedCase
Parameter CollectibleToken.approve(address,uint256)._tokenId (../sb/0xa97ff44cff7101fac76af172f088f400f28cb4e9.sol#113) is not in mixedCase
Parameter CollectibleToken.balanceOf(address)._owner (../sb/0xa97ff44cff7101fac76af172f088f400f28cb4e9.sol#126) is not in mixedCase
Parameter CollectibleToken.createPromoCollectible(uint256,address,uint256)._owner (../sb/0xa97ff44cff7101fac76af172f088f400f28cb4e9.sol#131) is not in mixedCase
Parameter CollectibleToken.createPromoCollectible(uint256,address,uint256)._price (../sb/0xa97ff44cff7101fac76af172f088f400f28cb4e9.sol#131) is not in mixedCase
Parameter CollectibleToken.getCollectible(uint256)._tokenId (../sb/0xa97ff44cff7101fac76af172f088f400f28cb4e9.sol#154) is not in mixedCase
Parameter CollectibleToken.ownerOf(uint256)._tokenId (../sb/0xa97ff44cff7101fac76af172f088f400f28cb4e9.sol#186) is not in mixedCase
Parameter CollectibleToken.payout(address)._to (../sb/0xa97ff44cff7101fac76af172f088f400f28cb4e9.sol#195) is not in mixedCase
Parameter CollectibleToken.purchase(uint256)._tokenId (../sb/0xa97ff44cff7101fac76af172f088f400f28cb4e9.sol#200) is not in mixedCase
Parameter CollectibleToken.priceOf(uint256)._tokenId (../sb/0xa97ff44cff7101fac76af172f088f400f28cb4e9.sol#243) is not in mixedCase
Parameter CollectibleToken.setCEO(address)._newCEO (../sb/0xa97ff44cff7101fac76af172f088f400f28cb4e9.sol#251) is not in mixedCase
Parameter CollectibleToken.setCOO(address)._newCOO (../sb/0xa97ff44cff7101fac76af172f088f400f28cb4e9.sol#259) is not in mixedCase
Parameter CollectibleToken.takeOwnership(uint256)._tokenId (../sb/0xa97ff44cff7101fac76af172f088f400f28cb4e9.sol#273) is not in mixedCase
Parameter CollectibleToken.transfer(address,uint256)._to (../sb/0xa97ff44cff7101fac76af172f088f400f28cb4e9.sol#291) is not in mixedCase
Parameter CollectibleToken.transfer(address,uint256)._tokenId (../sb/0xa97ff44cff7101fac76af172f088f400f28cb4e9.sol#292) is not in mixedCase
Parameter CollectibleToken.transferFrom(address,address,uint256)._from (../sb/0xa97ff44cff7101fac76af172f088f400f28cb4e9.sol#306) is not in mixedCase
Parameter CollectibleToken.transferFrom(address,address,uint256)._to (../sb/0xa97ff44cff7101fac76af172f088f400f28cb4e9.sol#307) is not in mixedCase
Parameter CollectibleToken.transferFrom(address,address,uint256)._tokenId (../sb/0xa97ff44cff7101fac76af172f088f400f28cb4e9.sol#308) is not in mixedCase
Reference: https://github.com/crytic/slither/wiki/Detector-Documentation#conformance-to-solidity-naming-conventions

CollectibleToken.firstStepLimit (../sb/0xa97ff44cff7101fac76af172f088f400f28cb4e9.sol#49) should be constant 
CollectibleToken.secondStepLimit (../sb/0xa97ff44cff7101fac76af172f088f400f28cb4e9.sol#50) should be constant 
CollectibleToken.startingPrice (../sb/0xa97ff44cff7101fac76af172f088f400f28cb4e9.sol#47) should be constant 
Reference: https://github.com/crytic/slither/wiki/Detector-Documentation#state-variables-that-could-be-declared-constant
/sb/0xa97ff44cff7101fac76af172f088f400f28cb4e9.sol analyzed (3 contracts with 100 detectors), 27 result(s) found
