A new version of Solhint is available: 6.0.1
Please consider updating your Solhint package.
/sb/0x3b145cacdf91021cae905e4d6d2e0dce436d43cb.sol:1:1: Found more than One contract per file. 4 contracts found! [Warning/one-contract-per-file]
/sb/0x3b145cacdf91021cae905e4d6d2e0dce436d43cb.sol:1:1: Compiler version ^0.4.24 does not satisfy the ^0.8.24 semver requirement [Error/compiler-version]
/sb/0x3b145cacdf91021cae905e4d6d2e0dce436d43cb.sol:7:1: Missing @author tag in contract 'SafeMath' [Warning/use-natspec]
/sb/0x3b145cacdf91021cae905e4d6d2e0dce436d43cb.sol:7:1: Missing @notice tag in contract 'SafeMath' [Warning/use-natspec]
/sb/0x3b145cacdf91021cae905e4d6d2e0dce436d43cb.sol:8:3: Missing @notice tag in function 'mul' [Warning/use-natspec]
/sb/0x3b145cacdf91021cae905e4d6d2e0dce436d43cb.sol:8:3: Missing @param tag in function 'mul' [Warning/use-natspec]
/sb/0x3b145cacdf91021cae905e4d6d2e0dce436d43cb.sol:8:3: Mismatch in @param names for function 'mul'. Expected: [a, b], Found: [] [Warning/use-natspec]
/sb/0x3b145cacdf91021cae905e4d6d2e0dce436d43cb.sol:8:3: Missing @return tag in function 'mul' [Warning/use-natspec]
/sb/0x3b145cacdf91021cae905e4d6d2e0dce436d43cb.sol:8:3: Mismatch in @return count for function 'mul'. Expected: 1, Found: 0 [Warning/use-natspec]
/sb/0x3b145cacdf91021cae905e4d6d2e0dce436d43cb.sol:14:3: Missing @notice tag in function 'div' [Warning/use-natspec]
/sb/0x3b145cacdf91021cae905e4d6d2e0dce436d43cb.sol:14:3: Missing @param tag in function 'div' [Warning/use-natspec]
/sb/0x3b145cacdf91021cae905e4d6d2e0dce436d43cb.sol:14:3: Mismatch in @param names for function 'div'. Expected: [a, b], Found: [] [Warning/use-natspec]
/sb/0x3b145cacdf91021cae905e4d6d2e0dce436d43cb.sol:14:3: Missing @return tag in function 'div' [Warning/use-natspec]
/sb/0x3b145cacdf91021cae905e4d6d2e0dce436d43cb.sol:14:3: Mismatch in @return count for function 'div'. Expected: 1, Found: 0 [Warning/use-natspec]
/sb/0x3b145cacdf91021cae905e4d6d2e0dce436d43cb.sol:19:3: Missing @notice tag in function 'sub' [Warning/use-natspec]
/sb/0x3b145cacdf91021cae905e4d6d2e0dce436d43cb.sol:19:3: Missing @param tag in function 'sub' [Warning/use-natspec]
/sb/0x3b145cacdf91021cae905e4d6d2e0dce436d43cb.sol:19:3: Mismatch in @param names for function 'sub'. Expected: [a, b], Found: [] [Warning/use-natspec]
/sb/0x3b145cacdf91021cae905e4d6d2e0dce436d43cb.sol:19:3: Missing @return tag in function 'sub' [Warning/use-natspec]
/sb/0x3b145cacdf91021cae905e4d6d2e0dce436d43cb.sol:19:3: Mismatch in @return count for function 'sub'. Expected: 1, Found: 0 [Warning/use-natspec]
/sb/0x3b145cacdf91021cae905e4d6d2e0dce436d43cb.sol:20:12: GC: Non strict inequality found. Try converting to a strict one [Warning/gas-strict-inequalities]
/sb/0x3b145cacdf91021cae905e4d6d2e0dce436d43cb.sol:24:3: Missing @notice tag in function 'add' [Warning/use-natspec]
/sb/0x3b145cacdf91021cae905e4d6d2e0dce436d43cb.sol:24:3: Missing @param tag in function 'add' [Warning/use-natspec]
/sb/0x3b145cacdf91021cae905e4d6d2e0dce436d43cb.sol:24:3: Mismatch in @param names for function 'add'. Expected: [a, b], Found: [] [Warning/use-natspec]
/sb/0x3b145cacdf91021cae905e4d6d2e0dce436d43cb.sol:24:3: Missing @return tag in function 'add' [Warning/use-natspec]
/sb/0x3b145cacdf91021cae905e4d6d2e0dce436d43cb.sol:24:3: Mismatch in @return count for function 'add'. Expected: 1, Found: 0 [Warning/use-natspec]
/sb/0x3b145cacdf91021cae905e4d6d2e0dce436d43cb.sol:26:12: GC: Non strict inequality found. Try converting to a strict one [Warning/gas-strict-inequalities]
/sb/0x3b145cacdf91021cae905e4d6d2e0dce436d43cb.sol:34:1: Missing @author tag in contract 'ERC20' [Warning/use-natspec]
/sb/0x3b145cacdf91021cae905e4d6d2e0dce436d43cb.sol:34:1: Missing @notice tag in contract 'ERC20' [Warning/use-natspec]
/sb/0x3b145cacdf91021cae905e4d6d2e0dce436d43cb.sol:35:3: Missing @notice tag in variable 'totalSupply' [Warning/use-natspec]
/sb/0x3b145cacdf91021cae905e4d6d2e0dce436d43cb.sol:36:3: Missing @notice tag in function 'balanceOf' [Warning/use-natspec]
/sb/0x3b145cacdf91021cae905e4d6d2e0dce436d43cb.sol:36:3: Missing @param tag in function 'balanceOf' [Warning/use-natspec]
/sb/0x3b145cacdf91021cae905e4d6d2e0dce436d43cb.sol:36:3: Mismatch in @param names for function 'balanceOf'. Expected: [who], Found: [] [Warning/use-natspec]
/sb/0x3b145cacdf91021cae905e4d6d2e0dce436d43cb.sol:36:3: Missing @return tag in function 'balanceOf' [Warning/use-natspec]
/sb/0x3b145cacdf91021cae905e4d6d2e0dce436d43cb.sol:36:3: Mismatch in @return count for function 'balanceOf'. Expected: 1, Found: 0 [Warning/use-natspec]
/sb/0x3b145cacdf91021cae905e4d6d2e0dce436d43cb.sol:37:3: Missing @notice tag in function 'transfer' [Warning/use-natspec]
/sb/0x3b145cacdf91021cae905e4d6d2e0dce436d43cb.sol:37:3: Missing @param tag in function 'transfer' [Warning/use-natspec]
/sb/0x3b145cacdf91021cae905e4d6d2e0dce436d43cb.sol:37:3: Mismatch in @param names for function 'transfer'. Expected: [to, value], Found: [] [Warning/use-natspec]
/sb/0x3b145cacdf91021cae905e4d6d2e0dce436d43cb.sol:37:3: Missing @return tag in function 'transfer' [Warning/use-natspec]
/sb/0x3b145cacdf91021cae905e4d6d2e0dce436d43cb.sol:37:3: Mismatch in @return count for function 'transfer'. Expected: 1, Found: 0 [Warning/use-natspec]
/sb/0x3b145cacdf91021cae905e4d6d2e0dce436d43cb.sol:38:3: Missing @notice tag in function 'allowance' [Warning/use-natspec]
/sb/0x3b145cacdf91021cae905e4d6d2e0dce436d43cb.sol:38:3: Missing @param tag in function 'allowance' [Warning/use-natspec]
/sb/0x3b145cacdf91021cae905e4d6d2e0dce436d43cb.sol:38:3: Mismatch in @param names for function 'allowance'. Expected: [owner, spender], Found: [] [Warning/use-natspec]
/sb/0x3b145cacdf91021cae905e4d6d2e0dce436d43cb.sol:38:3: Missing @return tag in function 'allowance' [Warning/use-natspec]
/sb/0x3b145cacdf91021cae905e4d6d2e0dce436d43cb.sol:38:3: Mismatch in @return count for function 'allowance'. Expected: 1, Found: 0 [Warning/use-natspec]
/sb/0x3b145cacdf91021cae905e4d6d2e0dce436d43cb.sol:39:3: Missing @notice tag in function 'transferFrom' [Warning/use-natspec]
/sb/0x3b145cacdf91021cae905e4d6d2e0dce436d43cb.sol:39:3: Missing @param tag in function 'transferFrom' [Warning/use-natspec]
/sb/0x3b145cacdf91021cae905e4d6d2e0dce436d43cb.sol:39:3: Mismatch in @param names for function 'transferFrom'. Expected: [from, to, value], Found: [] [Warning/use-natspec]
/sb/0x3b145cacdf91021cae905e4d6d2e0dce436d43cb.sol:39:3: Missing @return tag in function 'transferFrom' [Warning/use-natspec]
/sb/0x3b145cacdf91021cae905e4d6d2e0dce436d43cb.sol:39:3: Mismatch in @return count for function 'transferFrom'. Expected: 1, Found: 0 [Warning/use-natspec]
/sb/0x3b145cacdf91021cae905e4d6d2e0dce436d43cb.sol:40:3: Missing @notice tag in function 'approve' [Warning/use-natspec]
/sb/0x3b145cacdf91021cae905e4d6d2e0dce436d43cb.sol:40:3: Missing @param tag in function 'approve' [Warning/use-natspec]
/sb/0x3b145cacdf91021cae905e4d6d2e0dce436d43cb.sol:40:3: Mismatch in @param names for function 'approve'. Expected: [spender, value], Found: [] [Warning/use-natspec]
/sb/0x3b145cacdf91021cae905e4d6d2e0dce436d43cb.sol:40:3: Missing @return tag in function 'approve' [Warning/use-natspec]
/sb/0x3b145cacdf91021cae905e4d6d2e0dce436d43cb.sol:40:3: Mismatch in @return count for function 'approve'. Expected: 1, Found: 0 [Warning/use-natspec]
/sb/0x3b145cacdf91021cae905e4d6d2e0dce436d43cb.sol:41:3: Missing @notice tag in event 'Transfer' [Warning/use-natspec]
/sb/0x3b145cacdf91021cae905e4d6d2e0dce436d43cb.sol:41:3: Missing @param tag in event 'Transfer' [Warning/use-natspec]
/sb/0x3b145cacdf91021cae905e4d6d2e0dce436d43cb.sol:41:3: Mismatch in @param names for event 'Transfer'. Expected: [from, to, value], Found: [] [Warning/use-natspec]
/sb/0x3b145cacdf91021cae905e4d6d2e0dce436d43cb.sol:41:3: GC: [value] on Event [Transfer] could be Indexed [Warning/gas-indexed-events]
/sb/0x3b145cacdf91021cae905e4d6d2e0dce436d43cb.sol:42:3: Missing @notice tag in event 'Approval' [Warning/use-natspec]
/sb/0x3b145cacdf91021cae905e4d6d2e0dce436d43cb.sol:42:3: Missing @param tag in event 'Approval' [Warning/use-natspec]
/sb/0x3b145cacdf91021cae905e4d6d2e0dce436d43cb.sol:42:3: Mismatch in @param names for event 'Approval'. Expected: [owner, spender, value], Found: [] [Warning/use-natspec]
/sb/0x3b145cacdf91021cae905e4d6d2e0dce436d43cb.sol:42:3: GC: [value] on Event [Approval] could be Indexed [Warning/gas-indexed-events]
/sb/0x3b145cacdf91021cae905e4d6d2e0dce436d43cb.sol:51:1: Missing @author tag in contract 'StandardToken' [Warning/use-natspec]
/sb/0x3b145cacdf91021cae905e4d6d2e0dce436d43cb.sol:51:1: Missing @notice tag in contract 'StandardToken' [Warning/use-natspec]
/sb/0x3b145cacdf91021cae905e4d6d2e0dce436d43cb.sol:54:3: Explicitly mark visibility of state [Warning/state-visibility]
/sb/0x3b145cacdf91021cae905e4d6d2e0dce436d43cb.sol:55:3: Explicitly mark visibility of state [Warning/state-visibility]
/sb/0x3b145cacdf91021cae905e4d6d2e0dce436d43cb.sol:62:3: Missing @notice tag in function 'balanceOf' [Warning/use-natspec]
/sb/0x3b145cacdf91021cae905e4d6d2e0dce436d43cb.sol:62:3: Mismatch in @return names for function 'balanceOf'. Expected: [balance], Found: [An] [Warning/use-natspec]
/sb/0x3b145cacdf91021cae905e4d6d2e0dce436d43cb.sol:71:3: Missing @notice tag in function 'transfer' [Warning/use-natspec]
/sb/0x3b145cacdf91021cae905e4d6d2e0dce436d43cb.sol:71:3: Missing @return tag in function 'transfer' [Warning/use-natspec]
/sb/0x3b145cacdf91021cae905e4d6d2e0dce436d43cb.sol:71:3: Mismatch in @return count for function 'transfer'. Expected: 1, Found: 0 [Warning/use-natspec]
/sb/0x3b145cacdf91021cae905e4d6d2e0dce436d43cb.sol:72:5: Provide an error message for require [Warning/reason-string]
/sb/0x3b145cacdf91021cae905e4d6d2e0dce436d43cb.sol:87:3: Missing @notice tag in function 'transferFrom' [Warning/use-natspec]
/sb/0x3b145cacdf91021cae905e4d6d2e0dce436d43cb.sol:87:3: Missing @return tag in function 'transferFrom' [Warning/use-natspec]
/sb/0x3b145cacdf91021cae905e4d6d2e0dce436d43cb.sol:87:3: Mismatch in @return count for function 'transferFrom'. Expected: 1, Found: 0 [Warning/use-natspec]
/sb/0x3b145cacdf91021cae905e4d6d2e0dce436d43cb.sol:89:5: Provide an error message for require [Warning/reason-string]
/sb/0x3b145cacdf91021cae905e4d6d2e0dce436d43cb.sol:90:5: Provide an error message for require [Warning/reason-string]
/sb/0x3b145cacdf91021cae905e4d6d2e0dce436d43cb.sol:90:14: GC: Non strict inequality found. Try converting to a strict one [Warning/gas-strict-inequalities]
/sb/0x3b145cacdf91021cae905e4d6d2e0dce436d43cb.sol:103:3: Missing @notice tag in function 'approve' [Warning/use-natspec]
/sb/0x3b145cacdf91021cae905e4d6d2e0dce436d43cb.sol:103:3: Missing @return tag in function 'approve' [Warning/use-natspec]
/sb/0x3b145cacdf91021cae905e4d6d2e0dce436d43cb.sol:103:3: Mismatch in @return count for function 'approve'. Expected: 1, Found: 0 [Warning/use-natspec]
/sb/0x3b145cacdf91021cae905e4d6d2e0dce436d43cb.sol:108:5: Provide an error message for require [Warning/reason-string]
/sb/0x3b145cacdf91021cae905e4d6d2e0dce436d43cb.sol:120:3: Missing @notice tag in function 'allowance' [Warning/use-natspec]
/sb/0x3b145cacdf91021cae905e4d6d2e0dce436d43cb.sol:120:3: Mismatch in @return names for function 'allowance'. Expected: [remaining], Found: [A] [Warning/use-natspec]
/sb/0x3b145cacdf91021cae905e4d6d2e0dce436d43cb.sol:125:1: Missing @title tag in contract 'Zillion' [Warning/use-natspec]
/sb/0x3b145cacdf91021cae905e4d6d2e0dce436d43cb.sol:125:1: Missing @author tag in contract 'Zillion' [Warning/use-natspec]
/sb/0x3b145cacdf91021cae905e4d6d2e0dce436d43cb.sol:125:1: Missing @notice tag in contract 'Zillion' [Warning/use-natspec]
/sb/0x3b145cacdf91021cae905e4d6d2e0dce436d43cb.sol:126:3: Missing @notice tag in variable 'name' [Warning/use-natspec]
/sb/0x3b145cacdf91021cae905e4d6d2e0dce436d43cb.sol:126:3: Constant name must be in capitalized SNAKE_CASE [Warning/const-name-snakecase]
/sb/0x3b145cacdf91021cae905e4d6d2e0dce436d43cb.sol:127:3: Missing @notice tag in variable 'symbol' [Warning/use-natspec]
/sb/0x3b145cacdf91021cae905e4d6d2e0dce436d43cb.sol:127:3: Constant name must be in capitalized SNAKE_CASE [Warning/const-name-snakecase]
/sb/0x3b145cacdf91021cae905e4d6d2e0dce436d43cb.sol:128:3: Missing @notice tag in variable 'decimals' [Warning/use-natspec]
/sb/0x3b145cacdf91021cae905e4d6d2e0dce436d43cb.sol:128:3: Constant name must be in capitalized SNAKE_CASE [Warning/const-name-snakecase]
/sb/0x3b145cacdf91021cae905e4d6d2e0dce436d43cb.sol:130:3: Missing @notice tag in function 'Zillion' [Warning/use-natspec]
/sb/0x3b145cacdf91021cae905e4d6d2e0dce436d43cb.sol:130:3: Constructors should use the new constructor keyword. [Warning/constructor-syntax]

95 problem/s (1 error/s, 94 warning/s)
