'solc --version' running
'solc /sb/0xc784926a34bb8a4912d73959ed3b2a89ffd67f09.sol --combined-json abi,ast,bin,bin-runtime,srcmap,srcmap-runtime,userdoc,devdoc,hashes,compact-format --allow-paths .,/sb' running
Compilation warnings/errors on /sb/0xc784926a34bb8a4912d73959ed3b2a89ffd67f09.sol:
/sb/0xc784926a34bb8a4912d73959ed3b2a89ffd67f09.sol:19:3: Warning: Defining constructors as functions with the same name as the contract is deprecated. Use "constructor(...) { ... }" instead.
  function Ownable() public {
  ^ (Relevant source part starts here and spans across multiple lines).
/sb/0xc784926a34bb8a4912d73959ed3b2a89ffd67f09.sol:399:5: Warning: Defining constructors as functions with the same name as the contract is deprecated. Use "constructor(...) { ... }" instead.
    function AMOCoin(address _adminAddr) public {
    ^ (Relevant source part starts here and spans across multiple lines).
/sb/0xc784926a34bb8a4912d73959ed3b2a89ffd67f09.sol:669:5: Warning: Defining constructors as functions with the same name as the contract is deprecated. Use "constructor(...) { ... }" instead.
    function AMOCoinSale(
    ^ (Relevant source part starts here and spans across multiple lines).
/sb/0xc784926a34bb8a4912d73959ed3b2a89ffd67f09.sol:37:5: Warning: Invoking events without "emit" prefix is deprecated.
    OwnershipTransferred(owner, newOwner);
    ^-----------------------------------^
/sb/0xc784926a34bb8a4912d73959ed3b2a89ffd67f09.sol:75:5: Warning: Invoking events without "emit" prefix is deprecated.
    Pause();
    ^-----^
/sb/0xc784926a34bb8a4912d73959ed3b2a89ffd67f09.sol:83:5: Warning: Invoking events without "emit" prefix is deprecated.
    Unpause();
    ^-------^
/sb/0xc784926a34bb8a4912d73959ed3b2a89ffd67f09.sol:187:5: Warning: Invoking events without "emit" prefix is deprecated.
    Transfer(msg.sender, _to, _value);
    ^-------------------------------^
/sb/0xc784926a34bb8a4912d73959ed3b2a89ffd67f09.sol:222:5: Warning: Invoking events without "emit" prefix is deprecated.
    Burn(burner, _value);
    ^------------------^
/sb/0xc784926a34bb8a4912d73959ed3b2a89ffd67f09.sol:223:5: Warning: Invoking events without "emit" prefix is deprecated.
    Transfer(burner, address(0), _value);
    ^----------------------------------^
/sb/0xc784926a34bb8a4912d73959ed3b2a89ffd67f09.sol:254:5: Warning: Invoking events without "emit" prefix is deprecated.
    Transfer(_from, _to, _value);
    ^--------------------------^
/sb/0xc784926a34bb8a4912d73959ed3b2a89ffd67f09.sol:270:5: Warning: Invoking events without "emit" prefix is deprecated.
    Approval(msg.sender, _spender, _value);
    ^------------------------------------^
/sb/0xc784926a34bb8a4912d73959ed3b2a89ffd67f09.sol:296:5: Warning: Invoking events without "emit" prefix is deprecated.
    Approval(msg.sender, _spender, allowed[msg.sender][_spender]);
    ^-----------------------------------------------------------^
/sb/0xc784926a34bb8a4912d73959ed3b2a89ffd67f09.sol:317:5: Warning: Invoking events without "emit" prefix is deprecated.
    Approval(msg.sender, _spender, allowed[msg.sender][_spender]);
    ^-----------------------------------------------------------^
/sb/0xc784926a34bb8a4912d73959ed3b2a89ffd67f09.sol:403:9: Warning: Invoking events without "emit" prefix is deprecated.
        Transfer(address(0x0), msg.sender, totalSupply_);
        ^----------------------------------------------^
/sb/0xc784926a34bb8a4912d73959ed3b2a89ffd67f09.sol:702:27: Warning: Using contract member "balance" inherited from the address type is deprecated. Convert the contract to "address" type to access the member, for example use "address(contract).balance" instead.
        fundAddr.transfer(this.balance);
                          ^----------^
/sb/0xc784926a34bb8a4912d73959ed3b2a89ffd67f09.sol:862:9: Warning: Invoking events without "emit" prefix is deprecated.
        SaleStarted(startTime, endTime, round);
        ^------------------------------------^
/sb/0xc784926a34bb8a4912d73959ed3b2a89ffd67f09.sol:872:9: Warning: Invoking events without "emit" prefix is deprecated.
        SaleEnded(endTime, totalWeiRaised, round);
        ^---------------------------------------^
/sb/0xc784926a34bb8a4912d73959ed3b2a89ffd67f09.sol:900:9: Warning: Invoking events without "emit" prefix is deprecated.
        TokenPurchase(msg.sender, contributionInWei, tokenAmount);
        ^-------------------------------------------------------^


AMOCoinSale.buy() (../sb/0xc784926a34bb8a4912d73959ed3b2a89ffd67f09.sol#875-903) uses arbitrary from in transferFrom: ! token.transferFrom(token.owner(),purchaser,tokenAmount) (../sb/0xc784926a34bb8a4912d73959ed3b2a89ffd67f09.sol#887)
AMOCoinSale.allocateTokens(address,uint256) (../sb/0xc784926a34bb8a4912d73959ed3b2a89ffd67f09.sol#974-987) uses arbitrary from in transferFrom: ! token.transferFrom(token.owner(),to,tokenAmount) (../sb/0xc784926a34bb8a4912d73959ed3b2a89ffd67f09.sol#983)
Reference: https://github.com/crytic/slither/wiki/Detector-Documentation#arbitrary-from-in-transferfrom

Reentrancy in AMOCoinSale.buy() (../sb/0xc784926a34bb8a4912d73959ed3b2a89ffd67f09.sol#875-903):
	External calls:
	- ! token.transferFrom(token.owner(),purchaser,tokenAmount) (../sb/0xc784926a34bb8a4912d73959ed3b2a89ffd67f09.sol#887)
	State variables written after the call(s):
	- contPerRound[purchaser][uint8(round)] = contPerRound[purchaser][uint8(round)].add(contributionInWei) (../sb/0xc784926a34bb8a4912d73959ed3b2a89ffd67f09.sol#895-896)
	AMOCoinSale.contPerRound (../sb/0xc784926a34bb8a4912d73959ed3b2a89ffd67f09.sol#542) can be used in cross function reentrancies:
	- AMOCoinSale.buy() (../sb/0xc784926a34bb8a4912d73959ed3b2a89ffd67f09.sol#875-903)
	- AMOCoinSale.contPerRound (../sb/0xc784926a34bb8a4912d73959ed3b2a89ffd67f09.sol#542)
	- AMOCoinSale.onlyValidPurchase() (../sb/0xc784926a34bb8a4912d73959ed3b2a89ffd67f09.sol#641-660)
	- roundInfos[uint8(round)].weiRaised = roundInfos[uint8(round)].weiRaised.add(contributionInWei) (../sb/0xc784926a34bb8a4912d73959ed3b2a89ffd67f09.sol#892-893)
	AMOCoinSale.roundInfos (../sb/0xc784926a34bb8a4912d73959ed3b2a89ffd67f09.sol#573) can be used in cross function reentrancies:
	- AMOCoinSale.AMOCoinSale(address,address) (../sb/0xc784926a34bb8a4912d73959ed3b2a89ffd67f09.sol#669-689)
	- AMOCoinSale.buy() (../sb/0xc784926a34bb8a4912d73959ed3b2a89ffd67f09.sol#875-903)
	- AMOCoinSale.onlyValidPurchase() (../sb/0xc784926a34bb8a4912d73959ed3b2a89ffd67f09.sol#641-660)
	- AMOCoinSale.roundInfos (../sb/0xc784926a34bb8a4912d73959ed3b2a89ffd67f09.sol#573)
	- AMOCoinSale.setHardCapForRound(AMOCoinSale.SaleRounds,uint256) (../sb/0xc784926a34bb8a4912d73959ed3b2a89ffd67f09.sol#793-804)
	- AMOCoinSale.setMaxContributionForRound(AMOCoinSale.SaleRounds,uint256) (../sb/0xc784926a34bb8a4912d73959ed3b2a89ffd67f09.sol#773-784)
	- AMOCoinSale.setMinContributionForRound(AMOCoinSale.SaleRounds,uint256) (../sb/0xc784926a34bb8a4912d73959ed3b2a89ffd67f09.sol#753-764)
	- AMOCoinSale.setRateForRound(AMOCoinSale.SaleRounds,uint256) (../sb/0xc784926a34bb8a4912d73959ed3b2a89ffd67f09.sol#812-823)
	- AMOCoinSale.startSale(uint256) (../sb/0xc784926a34bb8a4912d73959ed3b2a89ffd67f09.sol#852-863)
Reference: https://github.com/crytic/slither/wiki/Detector-Documentation#reentrancy-vulnerabilities-1

AMOCoin.setTokenSaleAmount(address,uint256) (../sb/0xc784926a34bb8a4912d73959ed3b2a89ffd67f09.sol#415-427) should emit an event for: 
	- tokenSaleAddr = _tokenSaleAddr (../sb/0xc784926a34bb8a4912d73959ed3b2a89ffd67f09.sol#426) 
	- tokenSaleAddr = _tokenSaleAddr (../sb/0xc784926a34bb8a4912d73959ed3b2a89ffd67f09.sol#426) 
	- tokenSaleAddr = _tokenSaleAddr (../sb/0xc784926a34bb8a4912d73959ed3b2a89ffd67f09.sol#426) 
Reference: https://github.com/crytic/slither/wiki/Detector-Documentation#missing-events-access-control

AMOCoin.AMOCoin(address)._adminAddr (../sb/0xc784926a34bb8a4912d73959ed3b2a89ffd67f09.sol#399) lacks a zero-check on :
		- adminAddr = _adminAddr (../sb/0xc784926a34bb8a4912d73959ed3b2a89ffd67f09.sol#405)
AMOCoin.setTokenSaleAmount(address,uint256)._tokenSaleAddr (../sb/0xc784926a34bb8a4912d73959ed3b2a89ffd67f09.sol#415) lacks a zero-check on :
		- tokenSaleAddr = _tokenSaleAddr (../sb/0xc784926a34bb8a4912d73959ed3b2a89ffd67f09.sol#426)
Reference: https://github.com/crytic/slither/wiki/Detector-Documentation#missing-zero-address-validation

AMOCoinSale.allocateTokens(address,uint256) (../sb/0xc784926a34bb8a4912d73959ed3b2a89ffd67f09.sol#974-987) has external calls inside a loop: ! token.transferFrom(token.owner(),to,tokenAmount) (../sb/0xc784926a34bb8a4912d73959ed3b2a89ffd67f09.sol#983)
	Calls stack containing the loop:
		AMOCoinSale.allocateTokensToMany(address[],uint256[])
Reference: https://github.com/crytic/slither/wiki/Detector-Documentation/#calls-inside-a-loop

Reentrancy in AMOCoinSale.buy() (../sb/0xc784926a34bb8a4912d73959ed3b2a89ffd67f09.sol#875-903):
	External calls:
	- ! token.transferFrom(token.owner(),purchaser,tokenAmount) (../sb/0xc784926a34bb8a4912d73959ed3b2a89ffd67f09.sol#887)
	State variables written after the call(s):
	- totalWeiRaised = totalWeiRaised.add(contributionInWei) (../sb/0xc784926a34bb8a4912d73959ed3b2a89ffd67f09.sol#891)
Reference: https://github.com/crytic/slither/wiki/Detector-Documentation#reentrancy-vulnerabilities-2

Reentrancy in AMOCoinSale.buy() (../sb/0xc784926a34bb8a4912d73959ed3b2a89ffd67f09.sol#875-903):
	External calls:
	- ! token.transferFrom(token.owner(),purchaser,tokenAmount) (../sb/0xc784926a34bb8a4912d73959ed3b2a89ffd67f09.sol#887)
	External calls sending eth:
	- fundAddr.transfer(contributionInWei) (../sb/0xc784926a34bb8a4912d73959ed3b2a89ffd67f09.sol#899)
	Event emitted after the call(s):
	- TokenPurchase(msg.sender,contributionInWei,tokenAmount) (../sb/0xc784926a34bb8a4912d73959ed3b2a89ffd67f09.sol#900)
Reference: https://github.com/crytic/slither/wiki/Detector-Documentation#reentrancy-vulnerabilities-3

AMOCoin.onlyWhenTransferAllowed() (../sb/0xc784926a34bb8a4912d73959ed3b2a89ffd67f09.sol#363-368) compares to a boolean constant:
	-require(bool)(transferEnabled == true || msg.sender == adminAddr || msg.sender == tokenSaleAddr) (../sb/0xc784926a34bb8a4912d73959ed3b2a89ffd67f09.sol#364-366)
Reference: https://github.com/crytic/slither/wiki/Detector-Documentation#boolean-equality

Version constraint ^0.4.18 contains known severe issues (https://solidity.readthedocs.io/en/latest/bugs.html)
	- DirtyBytesArrayToStorage
	- ABIDecodeTwoDimensionalArrayMemory
	- KeccakCaching
	- EmptyByteArrayCopy
	- DynamicArrayCleanup
	- ImplicitConstructorCallvalueCheck
	- TupleAssignmentMultiStackSlotComponents
	- MemoryArrayCreationOverflow
	- privateCanBeOverridden
	- SignedArrayStorageCopy
	- ABIEncoderV2StorageArrayWithMultiSlotElement
	- DynamicConstructorArgumentsClippedABIV2
	- UninitializedFunctionPointerInConstructor_0.4.x
	- IncorrectEventSignatureInLibraries_0.4.x
	- ExpExponentCleanup
	- EventStructWrongData
	- NestedArrayFunctionCallDecoder.
It is used by:
	- ^0.4.18 (../sb/0xc784926a34bb8a4912d73959ed3b2a89ffd67f09.sol#1)
solc-0.4.26 is an outdated solc version. Use a more recent version (at least 0.8.0), if possible.
Reference: https://github.com/crytic/slither/wiki/Detector-Documentation#incorrect-versions-of-solidity

Parameter BasicToken.transfer(address,uint256)._to (../sb/0xc784926a34bb8a4912d73959ed3b2a89ffd67f09.sol#180) is not in mixedCase
Parameter BasicToken.transfer(address,uint256)._value (../sb/0xc784926a34bb8a4912d73959ed3b2a89ffd67f09.sol#180) is not in mixedCase
Parameter BasicToken.balanceOf(address)._owner (../sb/0xc784926a34bb8a4912d73959ed3b2a89ffd67f09.sol#196) is not in mixedCase
Parameter BurnableToken.burn(uint256)._value (../sb/0xc784926a34bb8a4912d73959ed3b2a89ffd67f09.sol#214) is not in mixedCase
Parameter StandardToken.transferFrom(address,address,uint256)._from (../sb/0xc784926a34bb8a4912d73959ed3b2a89ffd67f09.sol#246) is not in mixedCase
Parameter StandardToken.transferFrom(address,address,uint256)._to (../sb/0xc784926a34bb8a4912d73959ed3b2a89ffd67f09.sol#246) is not in mixedCase
Parameter StandardToken.transferFrom(address,address,uint256)._value (../sb/0xc784926a34bb8a4912d73959ed3b2a89ffd67f09.sol#246) is not in mixedCase
Parameter StandardToken.approve(address,uint256)._spender (../sb/0xc784926a34bb8a4912d73959ed3b2a89ffd67f09.sol#268) is not in mixedCase
Parameter StandardToken.approve(address,uint256)._value (../sb/0xc784926a34bb8a4912d73959ed3b2a89ffd67f09.sol#268) is not in mixedCase
Parameter StandardToken.allowance(address,address)._owner (../sb/0xc784926a34bb8a4912d73959ed3b2a89ffd67f09.sol#280) is not in mixedCase
Parameter StandardToken.allowance(address,address)._spender (../sb/0xc784926a34bb8a4912d73959ed3b2a89ffd67f09.sol#280) is not in mixedCase
Parameter StandardToken.increaseApproval(address,uint256)._spender (../sb/0xc784926a34bb8a4912d73959ed3b2a89ffd67f09.sol#294) is not in mixedCase
Parameter StandardToken.increaseApproval(address,uint256)._addedValue (../sb/0xc784926a34bb8a4912d73959ed3b2a89ffd67f09.sol#294) is not in mixedCase
Parameter StandardToken.decreaseApproval(address,uint256)._spender (../sb/0xc784926a34bb8a4912d73959ed3b2a89ffd67f09.sol#310) is not in mixedCase
Parameter StandardToken.decreaseApproval(address,uint256)._subtractedValue (../sb/0xc784926a34bb8a4912d73959ed3b2a89ffd67f09.sol#310) is not in mixedCase
Parameter AMOCoin.setTokenSaleAmount(address,uint256)._tokenSaleAddr (../sb/0xc784926a34bb8a4912d73959ed3b2a89ffd67f09.sol#415) is not in mixedCase
Parameter AMOCoinSale.setMinContributionForRound(AMOCoinSale.SaleRounds,uint256)._round (../sb/0xc784926a34bb8a4912d73959ed3b2a89ffd67f09.sol#754) is not in mixedCase
Parameter AMOCoinSale.setMinContributionForRound(AMOCoinSale.SaleRounds,uint256)._minContribution (../sb/0xc784926a34bb8a4912d73959ed3b2a89ffd67f09.sol#755) is not in mixedCase
Parameter AMOCoinSale.setMaxContributionForRound(AMOCoinSale.SaleRounds,uint256)._round (../sb/0xc784926a34bb8a4912d73959ed3b2a89ffd67f09.sol#774) is not in mixedCase
Parameter AMOCoinSale.setMaxContributionForRound(AMOCoinSale.SaleRounds,uint256)._maxContribution (../sb/0xc784926a34bb8a4912d73959ed3b2a89ffd67f09.sol#775) is not in mixedCase
Parameter AMOCoinSale.setHardCapForRound(AMOCoinSale.SaleRounds,uint256)._round (../sb/0xc784926a34bb8a4912d73959ed3b2a89ffd67f09.sol#794) is not in mixedCase
Parameter AMOCoinSale.setHardCapForRound(AMOCoinSale.SaleRounds,uint256)._hardCap (../sb/0xc784926a34bb8a4912d73959ed3b2a89ffd67f09.sol#795) is not in mixedCase
Parameter AMOCoinSale.setRateForRound(AMOCoinSale.SaleRounds,uint256)._round (../sb/0xc784926a34bb8a4912d73959ed3b2a89ffd67f09.sol#813) is not in mixedCase
Parameter AMOCoinSale.setRateForRound(AMOCoinSale.SaleRounds,uint256)._rate (../sb/0xc784926a34bb8a4912d73959ed3b2a89ffd67f09.sol#814) is not in mixedCase
Parameter AMOCoinSale.setUpSale(AMOCoinSale.SaleRounds,uint256,uint256,uint256,uint256)._round (../sb/0xc784926a34bb8a4912d73959ed3b2a89ffd67f09.sol#830) is not in mixedCase
Parameter AMOCoinSale.setUpSale(AMOCoinSale.SaleRounds,uint256,uint256,uint256,uint256)._minContribution (../sb/0xc784926a34bb8a4912d73959ed3b2a89ffd67f09.sol#831) is not in mixedCase
Parameter AMOCoinSale.setUpSale(AMOCoinSale.SaleRounds,uint256,uint256,uint256,uint256)._maxContribution (../sb/0xc784926a34bb8a4912d73959ed3b2a89ffd67f09.sol#832) is not in mixedCase
Parameter AMOCoinSale.setUpSale(AMOCoinSale.SaleRounds,uint256,uint256,uint256,uint256)._hardCap (../sb/0xc784926a34bb8a4912d73959ed3b2a89ffd67f09.sol#833) is not in mixedCase
Parameter AMOCoinSale.setUpSale(AMOCoinSale.SaleRounds,uint256,uint256,uint256,uint256)._rate (../sb/0xc784926a34bb8a4912d73959ed3b2a89ffd67f09.sol#834) is not in mixedCase
Reference: https://github.com/crytic/slither/wiki/Detector-Documentation#conformance-to-solidity-naming-conventions

Reentrancy in AMOCoinSale.buy() (../sb/0xc784926a34bb8a4912d73959ed3b2a89ffd67f09.sol#875-903):
	External calls:
	- fundAddr.transfer(contributionInWei) (../sb/0xc784926a34bb8a4912d73959ed3b2a89ffd67f09.sol#899)
	Event emitted after the call(s):
	- TokenPurchase(msg.sender,contributionInWei,tokenAmount) (../sb/0xc784926a34bb8a4912d73959ed3b2a89ffd67f09.sol#900)
Reference: https://github.com/crytic/slither/wiki/Detector-Documentation#reentrancy-vulnerabilities-4

AMOCoin.slitherConstructorConstantVariables() (../sb/0xc784926a34bb8a4912d73959ed3b2a89ffd67f09.sol#323-515) uses literals with too many digits:
	- INITIAL_SUPPLY = 20000000000 * (10 ** uint256(decimals)) (../sb/0xc784926a34bb8a4912d73959ed3b2a89ffd67f09.sol#329)
AMOCoin.slitherConstructorConstantVariables() (../sb/0xc784926a34bb8a4912d73959ed3b2a89ffd67f09.sol#323-515) uses literals with too many digits:
	- TOKEN_SALE_ALLOWANCE = 10000000000 * (10 ** uint256(decimals)) (../sb/0xc784926a34bb8a4912d73959ed3b2a89ffd67f09.sol#330)
AMOCoinSale.slitherConstructorConstantVariables() (../sb/0xc784926a34bb8a4912d73959ed3b2a89ffd67f09.sol#518-1010) uses literals with too many digits:
	- BASE_AMO_TO_ETH_RATE = 200000 (../sb/0xc784926a34bb8a4912d73959ed3b2a89ffd67f09.sol#536)
Reference: https://github.com/crytic/slither/wiki/Detector-Documentation#too-many-digits
/sb/0xc784926a34bb8a4912d73959ed3b2a89ffd67f09.sol analyzed (10 contracts with 100 detectors), 45 result(s) found
