A new version of Solhint is available: 6.0.1
Please consider updating your Solhint package.
/sb/0x0026b6fe537e0a4733e1223132a39fae91407827.sol:1:1: Found more than One contract per file. 9 contracts found! [Warning/one-contract-per-file]
/sb/0x0026b6fe537e0a4733e1223132a39fae91407827.sol:1:1: Compiler version 0.5.11 does not satisfy the ^0.8.24 semver requirement [Error/compiler-version]
/sb/0x0026b6fe537e0a4733e1223132a39fae91407827.sol:9:1: Missing @title tag in contract 'SafeMath' [Warning/use-natspec]
/sb/0x0026b6fe537e0a4733e1223132a39fae91407827.sol:9:1: Missing @author tag in contract 'SafeMath' [Warning/use-natspec]
/sb/0x0026b6fe537e0a4733e1223132a39fae91407827.sol:9:1: Missing @notice tag in contract 'SafeMath' [Warning/use-natspec]
/sb/0x0026b6fe537e0a4733e1223132a39fae91407827.sol:11:5: Missing @notice tag in function 'mul' [Warning/use-natspec]
/sb/0x0026b6fe537e0a4733e1223132a39fae91407827.sol:11:5: Missing @param tag in function 'mul' [Warning/use-natspec]
/sb/0x0026b6fe537e0a4733e1223132a39fae91407827.sol:11:5: Mismatch in @param names for function 'mul'. Expected: [a, b], Found: [] [Warning/use-natspec]
/sb/0x0026b6fe537e0a4733e1223132a39fae91407827.sol:11:5: Missing @return tag in function 'mul' [Warning/use-natspec]
/sb/0x0026b6fe537e0a4733e1223132a39fae91407827.sol:11:5: Mismatch in @return count for function 'mul'. Expected: 1, Found: 0 [Warning/use-natspec]
/sb/0x0026b6fe537e0a4733e1223132a39fae91407827.sol:29:5: Missing @notice tag in function 'div' [Warning/use-natspec]
/sb/0x0026b6fe537e0a4733e1223132a39fae91407827.sol:29:5: Missing @param tag in function 'div' [Warning/use-natspec]
/sb/0x0026b6fe537e0a4733e1223132a39fae91407827.sol:29:5: Mismatch in @param names for function 'div'. Expected: [a, b], Found: [] [Warning/use-natspec]
/sb/0x0026b6fe537e0a4733e1223132a39fae91407827.sol:29:5: Missing @return tag in function 'div' [Warning/use-natspec]
/sb/0x0026b6fe537e0a4733e1223132a39fae91407827.sol:29:5: Mismatch in @return count for function 'div'. Expected: 1, Found: 0 [Warning/use-natspec]
/sb/0x0026b6fe537e0a4733e1223132a39fae91407827.sol:43:5: Missing @notice tag in function 'sub' [Warning/use-natspec]
/sb/0x0026b6fe537e0a4733e1223132a39fae91407827.sol:43:5: Missing @param tag in function 'sub' [Warning/use-natspec]
/sb/0x0026b6fe537e0a4733e1223132a39fae91407827.sol:43:5: Mismatch in @param names for function 'sub'. Expected: [a, b], Found: [] [Warning/use-natspec]
/sb/0x0026b6fe537e0a4733e1223132a39fae91407827.sol:43:5: Missing @return tag in function 'sub' [Warning/use-natspec]
/sb/0x0026b6fe537e0a4733e1223132a39fae91407827.sol:43:5: Mismatch in @return count for function 'sub'. Expected: 1, Found: 0 [Warning/use-natspec]
/sb/0x0026b6fe537e0a4733e1223132a39fae91407827.sol:45:16: GC: Non strict inequality found. Try converting to a strict one [Warning/gas-strict-inequalities]
/sb/0x0026b6fe537e0a4733e1223132a39fae91407827.sol:53:5: Missing @notice tag in function 'add' [Warning/use-natspec]
/sb/0x0026b6fe537e0a4733e1223132a39fae91407827.sol:53:5: Missing @param tag in function 'add' [Warning/use-natspec]
/sb/0x0026b6fe537e0a4733e1223132a39fae91407827.sol:53:5: Mismatch in @param names for function 'add'. Expected: [a, b], Found: [] [Warning/use-natspec]
/sb/0x0026b6fe537e0a4733e1223132a39fae91407827.sol:53:5: Missing @return tag in function 'add' [Warning/use-natspec]
/sb/0x0026b6fe537e0a4733e1223132a39fae91407827.sol:53:5: Mismatch in @return count for function 'add'. Expected: 1, Found: 0 [Warning/use-natspec]
/sb/0x0026b6fe537e0a4733e1223132a39fae91407827.sol:57:16: GC: Non strict inequality found. Try converting to a strict one [Warning/gas-strict-inequalities]
/sb/0x0026b6fe537e0a4733e1223132a39fae91407827.sol:77:1: Missing @author tag in contract 'Ownable' [Warning/use-natspec]
/sb/0x0026b6fe537e0a4733e1223132a39fae91407827.sol:77:1: Missing @notice tag in contract 'Ownable' [Warning/use-natspec]
/sb/0x0026b6fe537e0a4733e1223132a39fae91407827.sol:79:5: Missing @notice tag in variable 'owner' [Warning/use-natspec]
/sb/0x0026b6fe537e0a4733e1223132a39fae91407827.sol:85:5: Missing @notice tag in event 'OwnershipTransferred' [Warning/use-natspec]
/sb/0x0026b6fe537e0a4733e1223132a39fae91407827.sol:85:5: Missing @param tag in event 'OwnershipTransferred' [Warning/use-natspec]
/sb/0x0026b6fe537e0a4733e1223132a39fae91407827.sol:85:5: Mismatch in @param names for event 'OwnershipTransferred'. Expected: [previousOwner, newOwner], Found: [] [Warning/use-natspec]
/sb/0x0026b6fe537e0a4733e1223132a39fae91407827.sol:99:5: Missing @notice tag in function '<anonymous>' [Warning/use-natspec]
/sb/0x0026b6fe537e0a4733e1223132a39fae91407827.sol:115:9: Provide an error message for require [Warning/reason-string]
/sb/0x0026b6fe537e0a4733e1223132a39fae91407827.sol:131:5: Missing @notice tag in function 'transferOwnership' [Warning/use-natspec]
/sb/0x0026b6fe537e0a4733e1223132a39fae91407827.sol:133:9: Provide an error message for require [Warning/reason-string]
/sb/0x0026b6fe537e0a4733e1223132a39fae91407827.sol:151:1: Missing @author tag in contract 'ERC20Basic' [Warning/use-natspec]
/sb/0x0026b6fe537e0a4733e1223132a39fae91407827.sol:151:1: Missing @notice tag in contract 'ERC20Basic' [Warning/use-natspec]
/sb/0x0026b6fe537e0a4733e1223132a39fae91407827.sol:153:5: Missing @notice tag in variable 'totalSupply' [Warning/use-natspec]
/sb/0x0026b6fe537e0a4733e1223132a39fae91407827.sol:155:5: Missing @notice tag in function 'balanceOf' [Warning/use-natspec]
/sb/0x0026b6fe537e0a4733e1223132a39fae91407827.sol:155:5: Missing @param tag in function 'balanceOf' [Warning/use-natspec]
/sb/0x0026b6fe537e0a4733e1223132a39fae91407827.sol:155:5: Mismatch in @param names for function 'balanceOf'. Expected: [who], Found: [] [Warning/use-natspec]
/sb/0x0026b6fe537e0a4733e1223132a39fae91407827.sol:155:5: Missing @return tag in function 'balanceOf' [Warning/use-natspec]
/sb/0x0026b6fe537e0a4733e1223132a39fae91407827.sol:155:5: Mismatch in @return count for function 'balanceOf'. Expected: 1, Found: 0 [Warning/use-natspec]
/sb/0x0026b6fe537e0a4733e1223132a39fae91407827.sol:157:5: Missing @notice tag in function 'transfer' [Warning/use-natspec]
/sb/0x0026b6fe537e0a4733e1223132a39fae91407827.sol:157:5: Missing @param tag in function 'transfer' [Warning/use-natspec]
/sb/0x0026b6fe537e0a4733e1223132a39fae91407827.sol:157:5: Mismatch in @param names for function 'transfer'. Expected: [to, value], Found: [] [Warning/use-natspec]
/sb/0x0026b6fe537e0a4733e1223132a39fae91407827.sol:157:5: Missing @return tag in function 'transfer' [Warning/use-natspec]
/sb/0x0026b6fe537e0a4733e1223132a39fae91407827.sol:157:5: Mismatch in @return count for function 'transfer'. Expected: 1, Found: 0 [Warning/use-natspec]
/sb/0x0026b6fe537e0a4733e1223132a39fae91407827.sol:159:5: Missing @notice tag in event 'Transfer' [Warning/use-natspec]
/sb/0x0026b6fe537e0a4733e1223132a39fae91407827.sol:159:5: Missing @param tag in event 'Transfer' [Warning/use-natspec]
/sb/0x0026b6fe537e0a4733e1223132a39fae91407827.sol:159:5: Mismatch in @param names for event 'Transfer'. Expected: [from, to, value], Found: [] [Warning/use-natspec]
/sb/0x0026b6fe537e0a4733e1223132a39fae91407827.sol:159:5: GC: [value] on Event [Transfer] could be Indexed [Warning/gas-indexed-events]
/sb/0x0026b6fe537e0a4733e1223132a39fae91407827.sol:171:1: Missing @author tag in contract 'ERC20' [Warning/use-natspec]
/sb/0x0026b6fe537e0a4733e1223132a39fae91407827.sol:171:1: Missing @notice tag in contract 'ERC20' [Warning/use-natspec]
/sb/0x0026b6fe537e0a4733e1223132a39fae91407827.sol:173:5: Missing @notice tag in function 'allowance' [Warning/use-natspec]
/sb/0x0026b6fe537e0a4733e1223132a39fae91407827.sol:173:5: Missing @param tag in function 'allowance' [Warning/use-natspec]
/sb/0x0026b6fe537e0a4733e1223132a39fae91407827.sol:173:5: Mismatch in @param names for function 'allowance'. Expected: [owner, spender], Found: [] [Warning/use-natspec]
/sb/0x0026b6fe537e0a4733e1223132a39fae91407827.sol:173:5: Missing @return tag in function 'allowance' [Warning/use-natspec]
/sb/0x0026b6fe537e0a4733e1223132a39fae91407827.sol:173:5: Mismatch in @return count for function 'allowance'. Expected: 1, Found: 0 [Warning/use-natspec]
/sb/0x0026b6fe537e0a4733e1223132a39fae91407827.sol:175:5: Missing @notice tag in function 'transferFrom' [Warning/use-natspec]
/sb/0x0026b6fe537e0a4733e1223132a39fae91407827.sol:175:5: Missing @param tag in function 'transferFrom' [Warning/use-natspec]
/sb/0x0026b6fe537e0a4733e1223132a39fae91407827.sol:175:5: Mismatch in @param names for function 'transferFrom'. Expected: [from, to, value], Found: [] [Warning/use-natspec]
/sb/0x0026b6fe537e0a4733e1223132a39fae91407827.sol:175:5: Missing @return tag in function 'transferFrom' [Warning/use-natspec]
/sb/0x0026b6fe537e0a4733e1223132a39fae91407827.sol:175:5: Mismatch in @return count for function 'transferFrom'. Expected: 1, Found: 0 [Warning/use-natspec]
/sb/0x0026b6fe537e0a4733e1223132a39fae91407827.sol:177:5: Missing @notice tag in function 'approve' [Warning/use-natspec]
/sb/0x0026b6fe537e0a4733e1223132a39fae91407827.sol:177:5: Missing @param tag in function 'approve' [Warning/use-natspec]
/sb/0x0026b6fe537e0a4733e1223132a39fae91407827.sol:177:5: Mismatch in @param names for function 'approve'. Expected: [spender, value], Found: [] [Warning/use-natspec]
/sb/0x0026b6fe537e0a4733e1223132a39fae91407827.sol:177:5: Missing @return tag in function 'approve' [Warning/use-natspec]
/sb/0x0026b6fe537e0a4733e1223132a39fae91407827.sol:177:5: Mismatch in @return count for function 'approve'. Expected: 1, Found: 0 [Warning/use-natspec]
/sb/0x0026b6fe537e0a4733e1223132a39fae91407827.sol:179:5: Missing @notice tag in event 'Approval' [Warning/use-natspec]
/sb/0x0026b6fe537e0a4733e1223132a39fae91407827.sol:179:5: Missing @param tag in event 'Approval' [Warning/use-natspec]
/sb/0x0026b6fe537e0a4733e1223132a39fae91407827.sol:179:5: Mismatch in @param names for event 'Approval'. Expected: [owner, spender, value], Found: [] [Warning/use-natspec]
/sb/0x0026b6fe537e0a4733e1223132a39fae91407827.sol:179:5: GC: [value] on Event [Approval] could be Indexed [Warning/gas-indexed-events]
/sb/0x0026b6fe537e0a4733e1223132a39fae91407827.sol:193:1: Missing @author tag in contract 'BasicToken' [Warning/use-natspec]
/sb/0x0026b6fe537e0a4733e1223132a39fae91407827.sol:193:1: Missing @notice tag in contract 'BasicToken' [Warning/use-natspec]
/sb/0x0026b6fe537e0a4733e1223132a39fae91407827.sol:201:5: Explicitly mark visibility of state [Warning/state-visibility]
/sb/0x0026b6fe537e0a4733e1223132a39fae91407827.sol:215:5: Missing @notice tag in function 'transfer' [Warning/use-natspec]
/sb/0x0026b6fe537e0a4733e1223132a39fae91407827.sol:215:5: Missing @return tag in function 'transfer' [Warning/use-natspec]
/sb/0x0026b6fe537e0a4733e1223132a39fae91407827.sol:215:5: Mismatch in @return count for function 'transfer'. Expected: 1, Found: 0 [Warning/use-natspec]
/sb/0x0026b6fe537e0a4733e1223132a39fae91407827.sol:217:9: Provide an error message for require [Warning/reason-string]
/sb/0x0026b6fe537e0a4733e1223132a39fae91407827.sol:219:9: Provide an error message for require [Warning/reason-string]
/sb/0x0026b6fe537e0a4733e1223132a39fae91407827.sol:219:17: GC: Non strict inequality found. Try converting to a strict one [Warning/gas-strict-inequalities]
/sb/0x0026b6fe537e0a4733e1223132a39fae91407827.sol:247:5: Missing @notice tag in function 'balanceOf' [Warning/use-natspec]
/sb/0x0026b6fe537e0a4733e1223132a39fae91407827.sol:247:5: Mismatch in @return names for function 'balanceOf'. Expected: [balance], Found: [An] [Warning/use-natspec]
/sb/0x0026b6fe537e0a4733e1223132a39fae91407827.sol:271:1: Missing @author tag in contract 'StandardToken' [Warning/use-natspec]
/sb/0x0026b6fe537e0a4733e1223132a39fae91407827.sol:271:1: Missing @notice tag in contract 'StandardToken' [Warning/use-natspec]
/sb/0x0026b6fe537e0a4733e1223132a39fae91407827.sol:275:5: Explicitly mark visibility of state [Warning/state-visibility]
/sb/0x0026b6fe537e0a4733e1223132a39fae91407827.sol:291:5: Missing @notice tag in function 'transferFrom' [Warning/use-natspec]
/sb/0x0026b6fe537e0a4733e1223132a39fae91407827.sol:291:5: Missing @return tag in function 'transferFrom' [Warning/use-natspec]
/sb/0x0026b6fe537e0a4733e1223132a39fae91407827.sol:291:5: Mismatch in @return count for function 'transferFrom'. Expected: 1, Found: 0 [Warning/use-natspec]
/sb/0x0026b6fe537e0a4733e1223132a39fae91407827.sol:293:9: Provide an error message for require [Warning/reason-string]
/sb/0x0026b6fe537e0a4733e1223132a39fae91407827.sol:295:9: Provide an error message for require [Warning/reason-string]
/sb/0x0026b6fe537e0a4733e1223132a39fae91407827.sol:295:17: GC: Non strict inequality found. Try converting to a strict one [Warning/gas-strict-inequalities]
/sb/0x0026b6fe537e0a4733e1223132a39fae91407827.sol:297:9: Provide an error message for require [Warning/reason-string]
/sb/0x0026b6fe537e0a4733e1223132a39fae91407827.sol:297:17: GC: Non strict inequality found. Try converting to a strict one [Warning/gas-strict-inequalities]
/sb/0x0026b6fe537e0a4733e1223132a39fae91407827.sol:299:9: Provide an error message for require [Warning/reason-string]
/sb/0x0026b6fe537e0a4733e1223132a39fae91407827.sol:325:5: Missing @notice tag in function 'approve' [Warning/use-natspec]
/sb/0x0026b6fe537e0a4733e1223132a39fae91407827.sol:325:5: Missing @return tag in function 'approve' [Warning/use-natspec]
/sb/0x0026b6fe537e0a4733e1223132a39fae91407827.sol:325:5: Mismatch in @return count for function 'approve'. Expected: 1, Found: 0 [Warning/use-natspec]
/sb/0x0026b6fe537e0a4733e1223132a39fae91407827.sol:335:9: Provide an error message for require [Warning/reason-string]
/sb/0x0026b6fe537e0a4733e1223132a39fae91407827.sol:359:5: Missing @notice tag in function 'allowance' [Warning/use-natspec]
/sb/0x0026b6fe537e0a4733e1223132a39fae91407827.sol:359:5: Mismatch in @return names for function 'allowance'. Expected: [remaining], Found: [A] [Warning/use-natspec]
/sb/0x0026b6fe537e0a4733e1223132a39fae91407827.sol:379:5: Missing @notice tag in function 'increaseApproval' [Warning/use-natspec]
/sb/0x0026b6fe537e0a4733e1223132a39fae91407827.sol:379:5: Missing @param tag in function 'increaseApproval' [Warning/use-natspec]
/sb/0x0026b6fe537e0a4733e1223132a39fae91407827.sol:379:5: Mismatch in @param names for function 'increaseApproval'. Expected: [_spender, _addedValue], Found: [] [Warning/use-natspec]
/sb/0x0026b6fe537e0a4733e1223132a39fae91407827.sol:379:5: Missing @return tag in function 'increaseApproval' [Warning/use-natspec]
/sb/0x0026b6fe537e0a4733e1223132a39fae91407827.sol:379:5: Mismatch in @return names for function 'increaseApproval'. Expected: [success], Found: [] [Warning/use-natspec]
/sb/0x0026b6fe537e0a4733e1223132a39fae91407827.sol:379:50: Rule is set with explicit type [var/s: uint] [Warning/explicit-types]
/sb/0x0026b6fe537e0a4733e1223132a39fae91407827.sol:391:5: Missing @notice tag in function 'decreaseApproval' [Warning/use-natspec]
/sb/0x0026b6fe537e0a4733e1223132a39fae91407827.sol:391:5: Missing @param tag in function 'decreaseApproval' [Warning/use-natspec]
/sb/0x0026b6fe537e0a4733e1223132a39fae91407827.sol:391:5: Mismatch in @param names for function 'decreaseApproval'. Expected: [_spender, _subtractedValue], Found: [] [Warning/use-natspec]
/sb/0x0026b6fe537e0a4733e1223132a39fae91407827.sol:391:5: Missing @return tag in function 'decreaseApproval' [Warning/use-natspec]
/sb/0x0026b6fe537e0a4733e1223132a39fae91407827.sol:391:5: Mismatch in @return names for function 'decreaseApproval'. Expected: [success], Found: [] [Warning/use-natspec]
/sb/0x0026b6fe537e0a4733e1223132a39fae91407827.sol:391:50: Rule is set with explicit type [var/s: uint] [Warning/explicit-types]
/sb/0x0026b6fe537e0a4733e1223132a39fae91407827.sol:393:9: Rule is set with explicit type [var/s: uint] [Warning/explicit-types]
/sb/0x0026b6fe537e0a4733e1223132a39fae91407827.sol:425:1: Missing @author tag in contract 'Pausable' [Warning/use-natspec]
/sb/0x0026b6fe537e0a4733e1223132a39fae91407827.sol:425:1: Missing @notice tag in contract 'Pausable' [Warning/use-natspec]
/sb/0x0026b6fe537e0a4733e1223132a39fae91407827.sol:427:5: Missing @notice tag in event 'Pause' [Warning/use-natspec]
/sb/0x0026b6fe537e0a4733e1223132a39fae91407827.sol:429:5: Missing @notice tag in event 'Unpause' [Warning/use-natspec]
/sb/0x0026b6fe537e0a4733e1223132a39fae91407827.sol:433:5: Missing @notice tag in variable 'paused' [Warning/use-natspec]
/sb/0x0026b6fe537e0a4733e1223132a39fae91407827.sol:437:5: Missing @notice tag in variable 'founder' [Warning/use-natspec]
/sb/0x0026b6fe537e0a4733e1223132a39fae91407827.sol:449:9: Provide an error message for require [Warning/reason-string]
/sb/0x0026b6fe537e0a4733e1223132a39fae91407827.sol:465:9: Provide an error message for require [Warning/reason-string]
/sb/0x0026b6fe537e0a4733e1223132a39fae91407827.sol:479:5: Missing @notice tag in function 'pause' [Warning/use-natspec]
/sb/0x0026b6fe537e0a4733e1223132a39fae91407827.sol:495:5: Missing @notice tag in function 'unpause' [Warning/use-natspec]
/sb/0x0026b6fe537e0a4733e1223132a39fae91407827.sol:509:1: Missing @title tag in contract 'PausableToken' [Warning/use-natspec]
/sb/0x0026b6fe537e0a4733e1223132a39fae91407827.sol:509:1: Missing @author tag in contract 'PausableToken' [Warning/use-natspec]
/sb/0x0026b6fe537e0a4733e1223132a39fae91407827.sol:509:1: Missing @notice tag in contract 'PausableToken' [Warning/use-natspec]
/sb/0x0026b6fe537e0a4733e1223132a39fae91407827.sol:513:5: Missing @notice tag in function 'transfer' [Warning/use-natspec]
/sb/0x0026b6fe537e0a4733e1223132a39fae91407827.sol:513:5: Missing @param tag in function 'transfer' [Warning/use-natspec]
/sb/0x0026b6fe537e0a4733e1223132a39fae91407827.sol:513:5: Mismatch in @param names for function 'transfer'. Expected: [_to, _value], Found: [] [Warning/use-natspec]
/sb/0x0026b6fe537e0a4733e1223132a39fae91407827.sol:513:5: Missing @return tag in function 'transfer' [Warning/use-natspec]
/sb/0x0026b6fe537e0a4733e1223132a39fae91407827.sol:513:5: Mismatch in @return count for function 'transfer'. Expected: 1, Found: 0 [Warning/use-natspec]
/sb/0x0026b6fe537e0a4733e1223132a39fae91407827.sol:521:5: Missing @notice tag in function 'transferFrom' [Warning/use-natspec]
/sb/0x0026b6fe537e0a4733e1223132a39fae91407827.sol:521:5: Missing @param tag in function 'transferFrom' [Warning/use-natspec]
/sb/0x0026b6fe537e0a4733e1223132a39fae91407827.sol:521:5: Mismatch in @param names for function 'transferFrom'. Expected: [_from, _to, _value], Found: [] [Warning/use-natspec]
/sb/0x0026b6fe537e0a4733e1223132a39fae91407827.sol:521:5: Missing @return tag in function 'transferFrom' [Warning/use-natspec]
/sb/0x0026b6fe537e0a4733e1223132a39fae91407827.sol:521:5: Mismatch in @return count for function 'transferFrom'. Expected: 1, Found: 0 [Warning/use-natspec]
/sb/0x0026b6fe537e0a4733e1223132a39fae91407827.sol:537:5: Missing @notice tag in function 'approve' [Warning/use-natspec]
/sb/0x0026b6fe537e0a4733e1223132a39fae91407827.sol:537:5: Missing @param tag in function 'approve' [Warning/use-natspec]
/sb/0x0026b6fe537e0a4733e1223132a39fae91407827.sol:537:5: Mismatch in @param names for function 'approve'. Expected: [_spender, _value], Found: [] [Warning/use-natspec]
/sb/0x0026b6fe537e0a4733e1223132a39fae91407827.sol:537:5: Missing @return tag in function 'approve' [Warning/use-natspec]
/sb/0x0026b6fe537e0a4733e1223132a39fae91407827.sol:537:5: Mismatch in @return count for function 'approve'. Expected: 1, Found: 0 [Warning/use-natspec]
/sb/0x0026b6fe537e0a4733e1223132a39fae91407827.sol:545:5: Missing @notice tag in function 'increaseApproval' [Warning/use-natspec]
/sb/0x0026b6fe537e0a4733e1223132a39fae91407827.sol:545:5: Missing @param tag in function 'increaseApproval' [Warning/use-natspec]
/sb/0x0026b6fe537e0a4733e1223132a39fae91407827.sol:545:5: Mismatch in @param names for function 'increaseApproval'. Expected: [_spender, _addedValue], Found: [] [Warning/use-natspec]
/sb/0x0026b6fe537e0a4733e1223132a39fae91407827.sol:545:5: Missing @return tag in function 'increaseApproval' [Warning/use-natspec]
/sb/0x0026b6fe537e0a4733e1223132a39fae91407827.sol:545:5: Mismatch in @return names for function 'increaseApproval'. Expected: [success], Found: [] [Warning/use-natspec]
/sb/0x0026b6fe537e0a4733e1223132a39fae91407827.sol:545:49: Rule is set with explicit type [var/s: uint] [Warning/explicit-types]
/sb/0x0026b6fe537e0a4733e1223132a39fae91407827.sol:553:5: Missing @notice tag in function 'decreaseApproval' [Warning/use-natspec]
/sb/0x0026b6fe537e0a4733e1223132a39fae91407827.sol:553:5: Missing @param tag in function 'decreaseApproval' [Warning/use-natspec]
/sb/0x0026b6fe537e0a4733e1223132a39fae91407827.sol:553:5: Mismatch in @param names for function 'decreaseApproval'. Expected: [_spender, _subtractedValue], Found: [] [Warning/use-natspec]
/sb/0x0026b6fe537e0a4733e1223132a39fae91407827.sol:553:5: Missing @return tag in function 'decreaseApproval' [Warning/use-natspec]
/sb/0x0026b6fe537e0a4733e1223132a39fae91407827.sol:553:5: Mismatch in @return names for function 'decreaseApproval'. Expected: [success], Found: [] [Warning/use-natspec]
/sb/0x0026b6fe537e0a4733e1223132a39fae91407827.sol:553:49: Rule is set with explicit type [var/s: uint] [Warning/explicit-types]
/sb/0x0026b6fe537e0a4733e1223132a39fae91407827.sol:563:1: Missing @title tag in contract 'DefiMoonFinance' [Warning/use-natspec]
/sb/0x0026b6fe537e0a4733e1223132a39fae91407827.sol:563:1: Missing @author tag in contract 'DefiMoonFinance' [Warning/use-natspec]
/sb/0x0026b6fe537e0a4733e1223132a39fae91407827.sol:563:1: Missing @notice tag in contract 'DefiMoonFinance' [Warning/use-natspec]
/sb/0x0026b6fe537e0a4733e1223132a39fae91407827.sol:567:5: Missing @notice tag in variable 'name' [Warning/use-natspec]
/sb/0x0026b6fe537e0a4733e1223132a39fae91407827.sol:569:5: Missing @notice tag in variable 'symbol' [Warning/use-natspec]
/sb/0x0026b6fe537e0a4733e1223132a39fae91407827.sol:571:5: Missing @notice tag in variable 'decimals' [Warning/use-natspec]
/sb/0x0026b6fe537e0a4733e1223132a39fae91407827.sol:581:5: Missing @notice tag in function '<anonymous>' [Warning/use-natspec]
/sb/0x0026b6fe537e0a4733e1223132a39fae91407827.sol:613:5: Missing @notice tag in event 'TokenFreezeEvent' [Warning/use-natspec]
/sb/0x0026b6fe537e0a4733e1223132a39fae91407827.sol:613:5: GC: [amount] on Event [TokenFreezeEvent] could be Indexed [Warning/gas-indexed-events]
/sb/0x0026b6fe537e0a4733e1223132a39fae91407827.sol:625:5: Missing @notice tag in event 'TokenUnfreezeEvent' [Warning/use-natspec]
/sb/0x0026b6fe537e0a4733e1223132a39fae91407827.sol:625:5: GC: [amount] on Event [TokenUnfreezeEvent] could be Indexed [Warning/gas-indexed-events]
/sb/0x0026b6fe537e0a4733e1223132a39fae91407827.sol:627:5: Missing @notice tag in event 'TokensBurned' [Warning/use-natspec]
/sb/0x0026b6fe537e0a4733e1223132a39fae91407827.sol:627:5: Missing @param tag in event 'TokensBurned' [Warning/use-natspec]
/sb/0x0026b6fe537e0a4733e1223132a39fae91407827.sol:627:5: Mismatch in @param names for event 'TokensBurned'. Expected: [_owner, _tokens], Found: [] [Warning/use-natspec]
/sb/0x0026b6fe537e0a4733e1223132a39fae91407827.sol:627:5: GC: [_tokens] on Event [TokensBurned] could be Indexed [Warning/gas-indexed-events]
/sb/0x0026b6fe537e0a4733e1223132a39fae91407827.sol:637:5: Missing @notice tag in function 'freezeTokens' [Warning/use-natspec]
/sb/0x0026b6fe537e0a4733e1223132a39fae91407827.sol:637:5: Missing @param tag in function 'freezeTokens' [Warning/use-natspec]
/sb/0x0026b6fe537e0a4733e1223132a39fae91407827.sol:637:5: Mismatch in @param names for function 'freezeTokens'. Expected: [_owner, _value], Found: [] [Warning/use-natspec]
/sb/0x0026b6fe537e0a4733e1223132a39fae91407827.sol:639:9: Provide an error message for require [Warning/reason-string]
/sb/0x0026b6fe537e0a4733e1223132a39fae91407827.sol:639:17: GC: Non strict inequality found. Try converting to a strict one [Warning/gas-strict-inequalities]
/sb/0x0026b6fe537e0a4733e1223132a39fae91407827.sol:653:5: Missing @notice tag in function 'unfreezeTokens' [Warning/use-natspec]
/sb/0x0026b6fe537e0a4733e1223132a39fae91407827.sol:653:5: Missing @param tag in function 'unfreezeTokens' [Warning/use-natspec]
/sb/0x0026b6fe537e0a4733e1223132a39fae91407827.sol:653:5: Mismatch in @param names for function 'unfreezeTokens'. Expected: [_owner, _value], Found: [] [Warning/use-natspec]
/sb/0x0026b6fe537e0a4733e1223132a39fae91407827.sol:655:9: Provide an error message for require [Warning/reason-string]
/sb/0x0026b6fe537e0a4733e1223132a39fae91407827.sol:655:17: GC: Non strict inequality found. Try converting to a strict one [Warning/gas-strict-inequalities]
/sb/0x0026b6fe537e0a4733e1223132a39fae91407827.sol:671:5: Missing @notice tag in function 'setFrozenBalance' [Warning/use-natspec]
/sb/0x0026b6fe537e0a4733e1223132a39fae91407827.sol:671:5: Missing @param tag in function 'setFrozenBalance' [Warning/use-natspec]
/sb/0x0026b6fe537e0a4733e1223132a39fae91407827.sol:671:5: Mismatch in @param names for function 'setFrozenBalance'. Expected: [_owner, _newValue], Found: [] [Warning/use-natspec]
/sb/0x0026b6fe537e0a4733e1223132a39fae91407827.sol:679:5: Missing @notice tag in function 'balanceOf' [Warning/use-natspec]
/sb/0x0026b6fe537e0a4733e1223132a39fae91407827.sol:679:5: Missing @param tag in function 'balanceOf' [Warning/use-natspec]
/sb/0x0026b6fe537e0a4733e1223132a39fae91407827.sol:679:5: Mismatch in @param names for function 'balanceOf'. Expected: [_owner], Found: [] [Warning/use-natspec]
/sb/0x0026b6fe537e0a4733e1223132a39fae91407827.sol:679:5: Missing @return tag in function 'balanceOf' [Warning/use-natspec]
/sb/0x0026b6fe537e0a4733e1223132a39fae91407827.sol:679:5: Mismatch in @return count for function 'balanceOf'. Expected: 1, Found: 0 [Warning/use-natspec]
/sb/0x0026b6fe537e0a4733e1223132a39fae91407827.sol:679:45: Visibility modifier must be first in list of modifiers [Warning/visibility-modifier-order]
/sb/0x0026b6fe537e0a4733e1223132a39fae91407827.sol:689:5: Missing @notice tag in function 'getTotalBalance' [Warning/use-natspec]
/sb/0x0026b6fe537e0a4733e1223132a39fae91407827.sol:689:5: Missing @param tag in function 'getTotalBalance' [Warning/use-natspec]
/sb/0x0026b6fe537e0a4733e1223132a39fae91407827.sol:689:5: Mismatch in @param names for function 'getTotalBalance'. Expected: [_owner], Found: [] [Warning/use-natspec]
/sb/0x0026b6fe537e0a4733e1223132a39fae91407827.sol:689:5: Missing @return tag in function 'getTotalBalance' [Warning/use-natspec]
/sb/0x0026b6fe537e0a4733e1223132a39fae91407827.sol:689:5: Mismatch in @return count for function 'getTotalBalance'. Expected: 1, Found: 0 [Warning/use-natspec]
/sb/0x0026b6fe537e0a4733e1223132a39fae91407827.sol:689:51: Visibility modifier must be first in list of modifiers [Warning/visibility-modifier-order]
/sb/0x0026b6fe537e0a4733e1223132a39fae91407827.sol:709:5: Missing @notice tag in function 'getFrozenBalance' [Warning/use-natspec]
/sb/0x0026b6fe537e0a4733e1223132a39fae91407827.sol:709:52: Visibility modifier must be first in list of modifiers [Warning/visibility-modifier-order]
/sb/0x0026b6fe537e0a4733e1223132a39fae91407827.sol:727:5: Missing @notice tag in function 'burnTokens' [Warning/use-natspec]
/sb/0x0026b6fe537e0a4733e1223132a39fae91407827.sol:727:5: Missing @param tag in function 'burnTokens' [Warning/use-natspec]
/sb/0x0026b6fe537e0a4733e1223132a39fae91407827.sol:727:5: Mismatch in @param names for function 'burnTokens'. Expected: [_tokens], Found: [] [Warning/use-natspec]
/sb/0x0026b6fe537e0a4733e1223132a39fae91407827.sol:729:9: Provide an error message for require [Warning/reason-string]
/sb/0x0026b6fe537e0a4733e1223132a39fae91407827.sol:729:17: GC: Non strict inequality found. Try converting to a strict one [Warning/gas-strict-inequalities]

204 problem/s (1 error/s, 203 warning/s)
