ANTLR runtime and generated code versions disagree: 4.9.2!=4.7.2
ANTLR runtime and generated code versions disagree: 4.9.2!=4.7.2
Analysing /sb/0x384e762dAd922B22a0d06f4D1229582473D2DEe6.sol:IconomiToken...
Vulnerability: Reentrancy. Maybe in function: approveAndCall(address,uint256,bytes). PC: 0x13c0. Line number: 61.
Vulnerability: Integer Overflow. Maybe in function: transfer(address,uint256). PC: 0x10b9. Line number: 70.
If a = 86987016528523136824574746621765310679920378727367121700082311621464928099765
and b = 54683752587923566428082146263720276980085715216650260667402644766005910511165
Vulnerability: Integer Overflow. Maybe in function: approveAndCall(address,uint256,bytes). PC: 0x61b. Line number: 53.
If a = 31
and b = 115792089237316195423570985008687907853269984665640564039457584007913129639906
Vulnerability: Integer Overflow. Maybe in function: transfer(address,uint256). PC: 0xa67. Line number: 82.
If a = 115792089237316195423570985008687907852929702298719625575978523111683825589258
and b = 57896044618658097711785492504343953926464851149359812787973206739157462484214
Vulnerability: Integer Overflow. Maybe in function: approveAndCall(address,uint256,bytes). PC: 0x121a. Line number: 56.
If a = 32
and b = 115792089237316195423570985008687907853269984665640564039457584007913129639682
Vulnerability: Integer Overflow. Maybe in function: approveAndCall(address,uint256,bytes). PC: 0x1323. Line number: 61.
If a = 32
and b = 115792089237316195423570985008687907853269984665640564039457584007913129639699
Analysing /sb/0x384e762dAd922B22a0d06f4D1229582473D2DEe6.sol:IconomiTokenTest...
Vulnerability: Reentrancy. Maybe in function: approveAndCall(address,uint256,bytes). PC: 0x1475. Line number: 61.
Vulnerability: Integer Overflow. Maybe in function: approveAndCall(address,uint256,bytes). PC: 0x637. Line number: 53.
If a = 32
and b = 115792089237316195423570985008687907853269984665640564039457584007913129639900
Vulnerability: Integer Overflow. Maybe in function: isLocked(). PC: 0xa89. Line number: 82.
If a = 115792089237316195423570985008687907852929702298719625575975762656407651879509
and b = 28948022309329048855892746252171976963317496166410141009845949257904572625615
Vulnerability: Integer Overflow. Maybe in function: approveAndCall(address,uint256,bytes). PC: 0x12cf. Line number: 56.
If a = 32
and b = 115792089237316195423570985008687907853269984665640564039457584007913129639744
Vulnerability: Integer Overflow. Maybe in function: approveAndCall(address,uint256,bytes). PC: 0x13d8. Line number: 61.
If a = 32
and b = 115792089237316195423570985008687907853269984665640564039457584007913129639712
