Extract contract Owned from /sb/0xa3076afebed9558e3c09e7bbb913f611a1547619.sol
Extract contract SafeMath from /sb/0xa3076afebed9558e3c09e7bbb913f611a1547619.sol
Extract contract Thanatos from /sb/0xa3076afebed9558e3c09e7bbb913f611a1547619.sol
Extracted 3 contract(s) from /sb/0xa3076afebed9558e3c09e7bbb913f611a1547619.sol
[0;32m> Created "fuzzMe"[0m
[0;32m> To fuzz contracts:[0m
  chmod +x fuzzMe
  ./fuzzMe
contracts/SafeMath.sol:77:5: Warning: Defining constructors as functions with the same name as the contract is deprecated. Use "constructor(...) { ... }" instead.
    function Owned() public {
    ^ (Relevant source part starts here and spans across multiple lines).
contracts/SafeMath.sol:115:5: Warning: Defining constructors as functions with the same name as the contract is deprecated. Use "constructor(...) { ... }" instead.
    function Thanatos() public {
    ^ (Relevant source part starts here and spans across multiple lines).
contracts/SafeMath.sol:91:9: Warning: Invoking events without "emit" prefix is deprecated.
        OwnershipTransferred(owner, newOwner);
        ^-----------------------------------^
contracts/SafeMath.sol:121:9: Warning: Invoking events without "emit" prefix is deprecated.
        Transfer(address(0), 0x4634B71d85be147421BBF39404f4ABB13303F935, _totalSupply);
        ^----------------------------------------------------------------------------^
contracts/SafeMath.sol:149:9: Warning: Invoking events without "emit" prefix is deprecated.
        Transfer(msg.sender, to, tokens);
        ^------------------------------^
contracts/SafeMath.sol:164:9: Warning: Invoking events without "emit" prefix is deprecated.
        Approval(msg.sender, spender, tokens);
        ^-----------------------------------^
contracts/SafeMath.sol:182:9: Warning: Invoking events without "emit" prefix is deprecated.
        Transfer(from, to, tokens);
        ^------------------------^
contracts/SafeMath.sol:203:9: Warning: Invoking events without "emit" prefix is deprecated.
        Approval(msg.sender, spender, tokens);
        ^-----------------------------------^
contracts/Thanatos.sol:77:5: Warning: Defining constructors as functions with the same name as the contract is deprecated. Use "constructor(...) { ... }" instead.
    function Owned() public {
    ^ (Relevant source part starts here and spans across multiple lines).
contracts/Thanatos.sol:115:5: Warning: Defining constructors as functions with the same name as the contract is deprecated. Use "constructor(...) { ... }" instead.
    function Thanatos() public {
    ^ (Relevant source part starts here and spans across multiple lines).
contracts/Thanatos.sol:91:9: Warning: Invoking events without "emit" prefix is deprecated.
        OwnershipTransferred(owner, newOwner);
        ^-----------------------------------^
contracts/Thanatos.sol:121:9: Warning: Invoking events without "emit" prefix is deprecated.
        Transfer(address(0), 0x4634B71d85be147421BBF39404f4ABB13303F935, _totalSupply);
        ^----------------------------------------------------------------------------^
contracts/Thanatos.sol:149:9: Warning: Invoking events without "emit" prefix is deprecated.
        Transfer(msg.sender, to, tokens);
        ^------------------------------^
contracts/Thanatos.sol:164:9: Warning: Invoking events without "emit" prefix is deprecated.
        Approval(msg.sender, spender, tokens);
        ^-----------------------------------^
contracts/Thanatos.sol:182:9: Warning: Invoking events without "emit" prefix is deprecated.
        Transfer(from, to, tokens);
        ^------------------------^
contracts/Thanatos.sol:203:9: Warning: Invoking events without "emit" prefix is deprecated.
        Approval(msg.sender, spender, tokens);
        ^-----------------------------------^
contracts/Owned.sol:77:5: Warning: Defining constructors as functions with the same name as the contract is deprecated. Use "constructor(...) { ... }" instead.
    function Owned() public {
    ^ (Relevant source part starts here and spans across multiple lines).
contracts/Owned.sol:115:5: Warning: Defining constructors as functions with the same name as the contract is deprecated. Use "constructor(...) { ... }" instead.
    function Thanatos() public {
    ^ (Relevant source part starts here and spans across multiple lines).
contracts/Owned.sol:91:9: Warning: Invoking events without "emit" prefix is deprecated.
        OwnershipTransferred(owner, newOwner);
        ^-----------------------------------^
contracts/Owned.sol:121:9: Warning: Invoking events without "emit" prefix is deprecated.
        Transfer(address(0), 0x4634B71d85be147421BBF39404f4ABB13303F935, _totalSupply);
        ^----------------------------------------------------------------------------^
contracts/Owned.sol:149:9: Warning: Invoking events without "emit" prefix is deprecated.
        Transfer(msg.sender, to, tokens);
        ^------------------------------^
contracts/Owned.sol:164:9: Warning: Invoking events without "emit" prefix is deprecated.
        Approval(msg.sender, spender, tokens);
        ^-----------------------------------^
contracts/Owned.sol:182:9: Warning: Invoking events without "emit" prefix is deprecated.
        Transfer(from, to, tokens);
        ^------------------------^
contracts/Owned.sol:203:9: Warning: Invoking events without "emit" prefix is deprecated.
        Approval(msg.sender, spender, tokens);
        ^-----------------------------------^
assets/NormalAttacker.sol:5:3: Warning: No visibility specified. Defaulting to "public". 
  function() payable {
  ^ (Relevant source part starts here and spans across multiple lines).
assets/ReentrancyAttacker.sol:8:7: Warning: Return value of low-level calls not used.
      msg.sender.call(bytes4(255));
      ^--------------------------^
assets/ReentrancyAttacker.sol:5:3: Warning: No visibility specified. Defaulting to "public". 
  function() payable {
  ^ (Relevant source part starts here and spans across multiple lines).
>> Fuzz SafeMath
** Write stats: 0.002052
** Write stats: 5.00009
** Write stats: 10.0001
** Write stats: 15.0001
** Write stats: 20.0001
** Write stats: 25.0001
** Write stats: 30.0001
** Write stats: 35.0001
** Write stats: 40.0001
** Write stats: 45.0001
** Write stats: 50.0001
** Write stats: 55.0001
** Write stats: 60.0001
** Write stats: 65.0001
** Write stats: 70.0001
** Write stats: 75.0001
** Write stats: 85.0001
** Write stats: 90.0001
** Write stats: 95.0001
** Write stats: 100
** Write stats: 105
** Write stats: 110
** Write stats: 115
** Write stats: 120
** Write stats: 125
** Write stats: 130
** Write stats: 135
** Write stats: 140
** Write stats: 145
** Write stats: 150
** Write stats: 155
** Write stats: 170
** Write stats: 175
** Write stats: 180.001
** Write stats: 185
** Write stats: 190
** Write stats: 195
** Write stats: 200
** Write stats: 205
** Write stats: 210
** Write stats: 215
** Write stats: 220
** Write stats: 225.001
** Write stats: 230
** Write stats: 235
** Write stats: 240
** Write stats: 245
** Write stats: 250
** Write stats: 255
** Write stats: 260
** Write stats: 265
** Write stats: 270
** Write stats: 275
** Write stats: 280
** Write stats: 285
** Write stats: 290
** Write stats: 295
** Write stats: 298.001
>> Fuzz Thanatos
** Write stats: 0.018608
** Write stats: 5.00155
** Write stats: 10.0045
** Write stats: 15.01
** Write stats: 20.0051
** Write stats: 25.0054
** Write stats: 30.0073
** Write stats: 35.0068
** Write stats: 40.0086
** Write stats: 45.0095
** Write stats: 50.003
** Write stats: 55.0036
** Write stats: 60.0092
** Write stats: 65.0037
** Write stats: 70.0076
** Write stats: 75.0122
** Write stats: 80.0017
** Write stats: 85.0064
** Write stats: 90.0011
** Write stats: 95.01
** Write stats: 100.022
** Write stats: 105.018
** Write stats: 110.018
** Write stats: 115.014
** Write stats: 120.018
** Write stats: 125.009
** Write stats: 130.005
** Write stats: 135.006
** Write stats: 140.006
** Write stats: 145.004
** Write stats: 150.004
** Write stats: 155.011
** Write stats: 160.004
** Write stats: 165.013
** Write stats: 170.011
** Write stats: 175.015
** Write stats: 180.007
** Write stats: 185.016
** Write stats: 190.006
** Write stats: 195.017
** Write stats: 200.006
** Write stats: 205.005
** Write stats: 210.012
** Write stats: 215.005
** Write stats: 220.014
** Write stats: 225.002
** Write stats: 230.006
** Write stats: 235.009
** Write stats: 240.012
** Write stats: 245.012
** Write stats: 250.019
** Write stats: 255.01
** Write stats: 260.019
** Write stats: 265.003
** Write stats: 270.006
** Write stats: 275.008
** Write stats: 280.007
** Write stats: 285.008
** Write stats: 290.002
** Write stats: 295.005
** Write stats: 298.015
>> Fuzz Owned
** Write stats: 0.003371
** Write stats: 5.00025
** Write stats: 10.0002
** Write stats: 15.0002
** Write stats: 20.0002
** Write stats: 25.0002
** Write stats: 30.0001
** Write stats: 35.0003
** Write stats: 40.0002
** Write stats: 45.0001
** Write stats: 50.0003
** Write stats: 55.0002
** Write stats: 60.0002
** Write stats: 65.0004
** Write stats: 70.0005
** Write stats: 75.0004
** Write stats: 80.0002
** Write stats: 85.0125
** Write stats: 90.0002
** Write stats: 95.0002
** Write stats: 100.002
** Write stats: 105
** Write stats: 110
** Write stats: 115
** Write stats: 120
** Write stats: 125
** Write stats: 130
** Write stats: 135.013
** Write stats: 140.001
** Write stats: 145
** Write stats: 150
** Write stats: 155
** Write stats: 160
** Write stats: 165
** Write stats: 170.001
** Write stats: 175
** Write stats: 180
** Write stats: 185
** Write stats: 190
** Write stats: 195
** Write stats: 200
** Write stats: 205.017
** Write stats: 210
** Write stats: 215
** Write stats: 220
** Write stats: 225.024
** Write stats: 230.019
** Write stats: 235
** Write stats: 240
** Write stats: 245.001
** Write stats: 250
** Write stats: 255
** Write stats: 260.001
** Write stats: 265
** Write stats: 270
** Write stats: 275
** Write stats: 280
** Write stats: 285
** Write stats: 290
** Write stats: 295.001
** Write stats: 298.011
