ANTLR runtime and generated code versions disagree: 4.9.2!=4.7.2
ANTLR runtime and generated code versions disagree: 4.9.2!=4.7.2
Analysing /sb/0xc4a0ab20f1901c24740e06966cca9d5f2e5d5e79.sol:ERC20...
Nothing to analyse
Analysing /sb/0xc4a0ab20f1901c24740e06966cca9d5f2e5d5e79.sol:FabotCoin...
Vulnerability: Time Manipulation. Maybe in function: setLockUsers(uint8,address[],uint256[],uint256[]). PC: 0x3182. Line number: 253.
Vulnerability: Integer Underflow. Maybe in function: deleteLockDate(uint8,uint256). PC: 0x11d4. Line number: 319.
If a = 0
and b = 1
Vulnerability: Integer Overflow. Maybe in function: setLockUsers(uint8,address[],uint256[],uint256[]). PC: 0x882. Line number: 385.
If a = 128
and b = 3618502788666131106986593281521497120414687020801267626233049500247285301243
Vulnerability: Integer Overflow. Maybe in function: lockTypeInfoGroup(uint8). PC: 0x1ca0. Line number: 330.
If a = 32
and b = 7237005577332262213973186563042994240829374041602535252466099000494570602496
Vulnerability: Time Manipulation. Maybe in function: setLockUsers(uint8,address[],uint256[],uint256[]). PC: 0x302e. Line number: 269.
Analysing /sb/0xc4a0ab20f1901c24740e06966cca9d5f2e5d5e79.sol:LockBalance...
Vulnerability: Time Manipulation. Maybe in function: lockBalanceAll(address). PC: 0x13aa. Line number: 253.
Vulnerability: Integer Overflow. Maybe in function: lockUserInfo(address). PC: 0x38e. Line number: 332.
If a = 32
and b = 32566525097995179962879339533693474083732183187211408636097445502225567711225
Vulnerability: Integer Underflow. Maybe in function: deleteLockDate(uint8,uint256). PC: 0x833. Line number: 319.
If a = 0
and b = 1
Vulnerability: Integer Underflow. Maybe in function: addLockDate(uint8,uint256,uint256). PC: 0xaa8. Line number: 295.
If a = 115792089237316195423570985008687907853269984665640564039457584007913129639935
and b = 1
Vulnerability: Integer Overflow. Maybe in function: addLockDate(uint8,uint256,uint256). PC: 0xab2. Line number: 295.
If a = 100158283109546439258819280010193004008497092011195285275602671355257178530859
and b = 15633806127769756164751704998494903844772892654445278763854912652655951110144
Vulnerability: Integer Overflow. Maybe in function: lockTypeInfoGroup(uint8). PC: 0x905. Line number: 330.
If a = 32
and b = 18092513943330655534932966407607485602073435104006338131165247501236426506239
Vulnerability: Integer Overflow. Maybe in function: clearLockUser(address,uint256). PC: 0xbcf. Line number: 278.
If a = 7842403635863553166140133163444192299681364254839521991462445351410908755259
and b = 108555083659984161829397743101202599852806306901063353445743566842588772731590
Vulnerability: Time Manipulation. Maybe in function: lockBalanceAll(address). PC: 0x1256. Line number: 269.
Vulnerability: Integer Overflow. Maybe in function: deleteLockDate(uint8,uint256). PC: 0x849. Line number: 319.
If a = 100158283109546439258819280010193004008497092011195285275602671355257178530859
and b = 115792088913796835417763307472666064575281027588383125100785650572948721746682
Vulnerability: Integer Overflow. Maybe in function: lockTypeInfoGroup(uint8). PC: 0x1cf. Line number: 328.
If a = 32
and b = 32566525097995179962879339533693474083732183187211408636097445502225567711227
Vulnerability: Integer Overflow. Maybe in function: lockUserInfo(address). PC: 0xf9a. Line number: 343.
If a = 32
and b = 57896044618658097711785492504343953926634992332820282019728792003956564819969
Analysing /sb/0xc4a0ab20f1901c24740e06966cca9d5f2e5d5e79.sol:Ownable...
Analysing /sb/0xc4a0ab20f1901c24740e06966cca9d5f2e5d5e79.sol:Pausable...
Analysing /sb/0xc4a0ab20f1901c24740e06966cca9d5f2e5d5e79.sol:SafeMath...
Analysing /sb/0xc4a0ab20f1901c24740e06966cca9d5f2e5d5e79.sol:Token...
