'solc --version' running
'solc /sb/0xd0d977cf5fa3ce79a6e442c2250e8a5f37b69598.sol --combined-json abi,ast,bin,bin-runtime,srcmap,srcmap-runtime,userdoc,devdoc,hashes,compact-format --allow-paths .,/sb' running
Compilation warnings/errors on /sb/0xd0d977cf5fa3ce79a6e442c2250e8a5f37b69598.sol:
/sb/0xd0d977cf5fa3ce79a6e442c2250e8a5f37b69598.sol:53:5: Warning: Defining constructors as functions with the same name as the contract is deprecated. Use "constructor(...) { ... }" instead.
    function Ethraffle() public {
    ^ (Relevant source part starts here and spans across multiple lines).
/sb/0xd0d977cf5fa3ce79a6e442c2250e8a5f37b69598.sol:81:13: Warning: Invoking events without "emit" prefix is deprecated.
            TicketPurchase(raffleId, msg.sender, currTicket);
            ^----------------------------------------------^
/sb/0xd0d977cf5fa3ce79a6e442c2250e8a5f37b69598.sol:99:9: Warning: Invoking events without "emit" prefix is deprecated.
        RaffleResult(
        ^ (Relevant source part starts here and spans across multiple lines).
/sb/0xd0d977cf5fa3ce79a6e442c2250e8a5f37b69598.sol:115:16: Warning: "sha3" has been deprecated in favour of "keccak256"
        return sha3(
               ^ (Relevant source part starts here and spans across multiple lines).
/sb/0xd0d977cf5fa3ce79a6e442c2250e8a5f37b69598.sol:115:16: Warning: This function only accepts a single "bytes" argument. Please use "abi.encodePacked(...)" or a similar function to encode the data.
        return sha3(
               ^ (Relevant source part starts here and spans across multiple lines).
/sb/0xd0d977cf5fa3ce79a6e442c2250e8a5f37b69598.sol:115:16: Warning: The provided argument of type uint256 is not implicitly convertible to expected type bytes memory.
        return sha3(
               ^ (Relevant source part starts here and spans across multiple lines).
/sb/0xd0d977cf5fa3ce79a6e442c2250e8a5f37b69598.sol:134:17: Warning: Invoking events without "emit" prefix is deprecated.
                TicketRefund(raffleId, msg.sender, i);
                ^-----------------------------------^
/sb/0xd0d977cf5fa3ce79a6e442c2250e8a5f37b69598.sol:101:61: Warning: "msg.gas" has been deprecated in favor of "gasleft()"
            block.number, block.gaslimit, block.difficulty, msg.gas,
                                                            ^-----^
/sb/0xd0d977cf5fa3ce79a6e442c2250e8a5f37b69598.sol:120:13: Warning: "msg.gas" has been deprecated in favor of "gasleft()"
            msg.gas +
            ^-----^
/sb/0xd0d977cf5fa3ce79a6e442c2250e8a5f37b69598.sol:114:5: Warning: Function state mutability can be restricted to view
    function getSha() private returns (bytes32) {
    ^ (Relevant source part starts here and spans across multiple lines).


Ethraffle.getRandom() (../sb/0xd0d977cf5fa3ce79a6e442c2250e8a5f37b69598.sol#110-112) uses a weak PRNG: "(uint256(getSha()) % totalTickets) + 1 (../sb/0xd0d977cf5fa3ce79a6e442c2250e8a5f37b69598.sol#111)" 
Reference: https://github.com/crytic/slither/wiki/Detector-Documentation#weak-PRNG

Ethraffle.buyTickets() (../sb/0xd0d977cf5fa3ce79a6e442c2250e8a5f37b69598.sol#68-94) has costly operations inside a loop:
	- currTicket = nextTicket ++ (../sb/0xd0d977cf5fa3ce79a6e442c2250e8a5f37b69598.sol#77)
Reference: https://github.com/crytic/slither/wiki/Detector-Documentation#costly-operations-inside-a-loop

Deprecated standard detected RaffleResult(raffleId,lastWinningNumber,winningAddress,block.timestamp,block.number,block.gaslimit,block.difficulty,msg.gas,msg.value,msg.sender,block.coinbase,getSha()) (../sb/0xd0d977cf5fa3ce79a6e442c2250e8a5f37b69598.sol#99-103):
	- Usage of "msg.gas" should be replaced with "gasleft()"
Deprecated standard detected sha3()(block.timestamp + block.number + block.gaslimit + block.difficulty + msg.gas + msg.value + uint256(msg.sender) + uint256(block.coinbase)) (../sb/0xd0d977cf5fa3ce79a6e442c2250e8a5f37b69598.sol#115-124):
	- Usage of "msg.gas" should be replaced with "gasleft()"
	- Usage of "sha3()" should be replaced with "keccak256()"
Reference: https://github.com/crytic/slither/wiki/Detector-Documentation#deprecated-standards

Version constraint ^0.4.0 contains known severe issues (https://solidity.readthedocs.io/en/latest/bugs.html)
	- DirtyBytesArrayToStorage
	- KeccakCaching
	- EmptyByteArrayCopy
	- DynamicArrayCleanup
	- TupleAssignmentMultiStackSlotComponents
	- MemoryArrayCreationOverflow
	- privateCanBeOverridden
	- IncorrectEventSignatureInLibraries_0.4.x
	- ExpExponentCleanup
	- NestedArrayFunctionCallDecoder
	- ZeroFunctionSelector
	- DelegateCallReturnValue
	- ECRecoverMalformedInput
	- SkipEmptyStringLiteral
	- ConstantOptimizerSubtraction
	- IdentityPrecompileReturnIgnored
	- HighOrderByteCleanStorage
	- OptimizerStaleKnowledgeAboutSHA3
	- LibrariesNotCallableFromPayableFunctions.
It is used by:
	- ^0.4.0 (../sb/0xd0d977cf5fa3ce79a6e442c2250e8a5f37b69598.sol#1)
solc-0.4.26 is an outdated solc version. Use a more recent version (at least 0.8.0), if possible.
Reference: https://github.com/crytic/slither/wiki/Detector-Documentation#incorrect-versions-of-solidity
/sb/0xd0d977cf5fa3ce79a6e442c2250e8a5f37b69598.sol analyzed (1 contracts with 100 detectors), 6 result(s) found
