A new version of Solhint is available: 6.0.1
Please consider updating your Solhint package.
/sb/0x0f602b35998185ec2b159036539d6acbc6069836.sol:1:1: Found more than One contract per file. 6 contracts found! [Warning/one-contract-per-file]
/sb/0x0f602b35998185ec2b159036539d6acbc6069836.sol:1:1: Compiler version ^0.4.24 does not satisfy the ^0.8.24 semver requirement [Error/compiler-version]
/sb/0x0f602b35998185ec2b159036539d6acbc6069836.sol:7:1: Missing @author tag in contract 'SafeMath' [Warning/use-natspec]
/sb/0x0f602b35998185ec2b159036539d6acbc6069836.sol:7:1: Missing @notice tag in contract 'SafeMath' [Warning/use-natspec]
/sb/0x0f602b35998185ec2b159036539d6acbc6069836.sol:8:5: Missing @notice tag in function 'mul' [Warning/use-natspec]
/sb/0x0f602b35998185ec2b159036539d6acbc6069836.sol:8:5: Missing @param tag in function 'mul' [Warning/use-natspec]
/sb/0x0f602b35998185ec2b159036539d6acbc6069836.sol:8:5: Mismatch in @param names for function 'mul'. Expected: [a, b], Found: [] [Warning/use-natspec]
/sb/0x0f602b35998185ec2b159036539d6acbc6069836.sol:8:5: Missing @return tag in function 'mul' [Warning/use-natspec]
/sb/0x0f602b35998185ec2b159036539d6acbc6069836.sol:8:5: Mismatch in @return count for function 'mul'. Expected: 1, Found: 0 [Warning/use-natspec]
/sb/0x0f602b35998185ec2b159036539d6acbc6069836.sol:14:5: Missing @notice tag in function 'div' [Warning/use-natspec]
/sb/0x0f602b35998185ec2b159036539d6acbc6069836.sol:14:5: Missing @param tag in function 'div' [Warning/use-natspec]
/sb/0x0f602b35998185ec2b159036539d6acbc6069836.sol:14:5: Mismatch in @param names for function 'div'. Expected: [a, b], Found: [] [Warning/use-natspec]
/sb/0x0f602b35998185ec2b159036539d6acbc6069836.sol:14:5: Missing @return tag in function 'div' [Warning/use-natspec]
/sb/0x0f602b35998185ec2b159036539d6acbc6069836.sol:14:5: Mismatch in @return count for function 'div'. Expected: 1, Found: 0 [Warning/use-natspec]
/sb/0x0f602b35998185ec2b159036539d6acbc6069836.sol:21:5: Missing @notice tag in function 'sub' [Warning/use-natspec]
/sb/0x0f602b35998185ec2b159036539d6acbc6069836.sol:21:5: Missing @param tag in function 'sub' [Warning/use-natspec]
/sb/0x0f602b35998185ec2b159036539d6acbc6069836.sol:21:5: Mismatch in @param names for function 'sub'. Expected: [a, b], Found: [] [Warning/use-natspec]
/sb/0x0f602b35998185ec2b159036539d6acbc6069836.sol:21:5: Missing @return tag in function 'sub' [Warning/use-natspec]
/sb/0x0f602b35998185ec2b159036539d6acbc6069836.sol:21:5: Mismatch in @return count for function 'sub'. Expected: 1, Found: 0 [Warning/use-natspec]
/sb/0x0f602b35998185ec2b159036539d6acbc6069836.sol:22:16: GC: Non strict inequality found. Try converting to a strict one [Warning/gas-strict-inequalities]
/sb/0x0f602b35998185ec2b159036539d6acbc6069836.sol:26:5: Missing @notice tag in function 'add' [Warning/use-natspec]
/sb/0x0f602b35998185ec2b159036539d6acbc6069836.sol:26:5: Missing @param tag in function 'add' [Warning/use-natspec]
/sb/0x0f602b35998185ec2b159036539d6acbc6069836.sol:26:5: Mismatch in @param names for function 'add'. Expected: [a, b], Found: [] [Warning/use-natspec]
/sb/0x0f602b35998185ec2b159036539d6acbc6069836.sol:26:5: Missing @return tag in function 'add' [Warning/use-natspec]
/sb/0x0f602b35998185ec2b159036539d6acbc6069836.sol:26:5: Mismatch in @return count for function 'add'. Expected: 1, Found: 0 [Warning/use-natspec]
/sb/0x0f602b35998185ec2b159036539d6acbc6069836.sol:28:16: GC: Non strict inequality found. Try converting to a strict one [Warning/gas-strict-inequalities]
/sb/0x0f602b35998185ec2b159036539d6acbc6069836.sol:34:1: Missing @title tag in contract 'ERC20Basic' [Warning/use-natspec]
/sb/0x0f602b35998185ec2b159036539d6acbc6069836.sol:34:1: Missing @author tag in contract 'ERC20Basic' [Warning/use-natspec]
/sb/0x0f602b35998185ec2b159036539d6acbc6069836.sol:34:1: Missing @notice tag in contract 'ERC20Basic' [Warning/use-natspec]
/sb/0x0f602b35998185ec2b159036539d6acbc6069836.sol:35:5: Missing @notice tag in variable 'totalSupply' [Warning/use-natspec]
/sb/0x0f602b35998185ec2b159036539d6acbc6069836.sol:36:5: Missing @notice tag in function 'balanceOf' [Warning/use-natspec]
/sb/0x0f602b35998185ec2b159036539d6acbc6069836.sol:36:5: Missing @param tag in function 'balanceOf' [Warning/use-natspec]
/sb/0x0f602b35998185ec2b159036539d6acbc6069836.sol:36:5: Mismatch in @param names for function 'balanceOf'. Expected: [who], Found: [] [Warning/use-natspec]
/sb/0x0f602b35998185ec2b159036539d6acbc6069836.sol:36:5: Missing @return tag in function 'balanceOf' [Warning/use-natspec]
/sb/0x0f602b35998185ec2b159036539d6acbc6069836.sol:36:5: Mismatch in @return count for function 'balanceOf'. Expected: 1, Found: 0 [Warning/use-natspec]
/sb/0x0f602b35998185ec2b159036539d6acbc6069836.sol:37:5: Missing @notice tag in function 'transfer' [Warning/use-natspec]
/sb/0x0f602b35998185ec2b159036539d6acbc6069836.sol:37:5: Missing @param tag in function 'transfer' [Warning/use-natspec]
/sb/0x0f602b35998185ec2b159036539d6acbc6069836.sol:37:5: Mismatch in @param names for function 'transfer'. Expected: [to, value], Found: [] [Warning/use-natspec]
/sb/0x0f602b35998185ec2b159036539d6acbc6069836.sol:37:5: Missing @return tag in function 'transfer' [Warning/use-natspec]
/sb/0x0f602b35998185ec2b159036539d6acbc6069836.sol:37:5: Mismatch in @return count for function 'transfer'. Expected: 1, Found: 0 [Warning/use-natspec]
/sb/0x0f602b35998185ec2b159036539d6acbc6069836.sol:38:5: Missing @notice tag in event 'Transfer' [Warning/use-natspec]
/sb/0x0f602b35998185ec2b159036539d6acbc6069836.sol:38:5: Missing @param tag in event 'Transfer' [Warning/use-natspec]
/sb/0x0f602b35998185ec2b159036539d6acbc6069836.sol:38:5: Mismatch in @param names for event 'Transfer'. Expected: [from, to, value], Found: [] [Warning/use-natspec]
/sb/0x0f602b35998185ec2b159036539d6acbc6069836.sol:38:5: GC: [value] on Event [Transfer] could be Indexed [Warning/gas-indexed-events]
/sb/0x0f602b35998185ec2b159036539d6acbc6069836.sol:45:1: Missing @author tag in contract 'BasicToken' [Warning/use-natspec]
/sb/0x0f602b35998185ec2b159036539d6acbc6069836.sol:45:1: Missing @notice tag in contract 'BasicToken' [Warning/use-natspec]
/sb/0x0f602b35998185ec2b159036539d6acbc6069836.sol:48:5: Explicitly mark visibility of state [Warning/state-visibility]
/sb/0x0f602b35998185ec2b159036539d6acbc6069836.sol:51:5: Missing @notice tag in function 'transfer' [Warning/use-natspec]
/sb/0x0f602b35998185ec2b159036539d6acbc6069836.sol:51:5: Missing @param tag in function 'transfer' [Warning/use-natspec]
/sb/0x0f602b35998185ec2b159036539d6acbc6069836.sol:51:5: Mismatch in @param names for function 'transfer'. Expected: [_to, _value], Found: [] [Warning/use-natspec]
/sb/0x0f602b35998185ec2b159036539d6acbc6069836.sol:51:5: Missing @return tag in function 'transfer' [Warning/use-natspec]
/sb/0x0f602b35998185ec2b159036539d6acbc6069836.sol:51:5: Mismatch in @return count for function 'transfer'. Expected: 1, Found: 0 [Warning/use-natspec]
/sb/0x0f602b35998185ec2b159036539d6acbc6069836.sol:52:9: Provide an error message for require [Warning/reason-string]
/sb/0x0f602b35998185ec2b159036539d6acbc6069836.sol:62:5: Missing @notice tag in function 'balanceOf' [Warning/use-natspec]
/sb/0x0f602b35998185ec2b159036539d6acbc6069836.sol:62:5: Missing @param tag in function 'balanceOf' [Warning/use-natspec]
/sb/0x0f602b35998185ec2b159036539d6acbc6069836.sol:62:5: Mismatch in @param names for function 'balanceOf'. Expected: [_owner], Found: [] [Warning/use-natspec]
/sb/0x0f602b35998185ec2b159036539d6acbc6069836.sol:62:5: Missing @return tag in function 'balanceOf' [Warning/use-natspec]
/sb/0x0f602b35998185ec2b159036539d6acbc6069836.sol:62:5: Mismatch in @return names for function 'balanceOf'. Expected: [balance], Found: [] [Warning/use-natspec]
/sb/0x0f602b35998185ec2b159036539d6acbc6069836.sol:71:1: Missing @author tag in contract 'ERC20' [Warning/use-natspec]
/sb/0x0f602b35998185ec2b159036539d6acbc6069836.sol:71:1: Missing @notice tag in contract 'ERC20' [Warning/use-natspec]
/sb/0x0f602b35998185ec2b159036539d6acbc6069836.sol:72:5: Missing @notice tag in function 'allowance' [Warning/use-natspec]
/sb/0x0f602b35998185ec2b159036539d6acbc6069836.sol:72:5: Missing @param tag in function 'allowance' [Warning/use-natspec]
/sb/0x0f602b35998185ec2b159036539d6acbc6069836.sol:72:5: Mismatch in @param names for function 'allowance'. Expected: [owner, spender], Found: [] [Warning/use-natspec]
/sb/0x0f602b35998185ec2b159036539d6acbc6069836.sol:72:5: Missing @return tag in function 'allowance' [Warning/use-natspec]
/sb/0x0f602b35998185ec2b159036539d6acbc6069836.sol:72:5: Mismatch in @return count for function 'allowance'. Expected: 1, Found: 0 [Warning/use-natspec]
/sb/0x0f602b35998185ec2b159036539d6acbc6069836.sol:73:5: Missing @notice tag in function 'transferFrom' [Warning/use-natspec]
/sb/0x0f602b35998185ec2b159036539d6acbc6069836.sol:73:5: Missing @param tag in function 'transferFrom' [Warning/use-natspec]
/sb/0x0f602b35998185ec2b159036539d6acbc6069836.sol:73:5: Mismatch in @param names for function 'transferFrom'. Expected: [from, to, value], Found: [] [Warning/use-natspec]
/sb/0x0f602b35998185ec2b159036539d6acbc6069836.sol:73:5: Missing @return tag in function 'transferFrom' [Warning/use-natspec]
/sb/0x0f602b35998185ec2b159036539d6acbc6069836.sol:73:5: Mismatch in @return count for function 'transferFrom'. Expected: 1, Found: 0 [Warning/use-natspec]
/sb/0x0f602b35998185ec2b159036539d6acbc6069836.sol:74:5: Missing @notice tag in function 'approve' [Warning/use-natspec]
/sb/0x0f602b35998185ec2b159036539d6acbc6069836.sol:74:5: Missing @param tag in function 'approve' [Warning/use-natspec]
/sb/0x0f602b35998185ec2b159036539d6acbc6069836.sol:74:5: Mismatch in @param names for function 'approve'. Expected: [spender, value], Found: [] [Warning/use-natspec]
/sb/0x0f602b35998185ec2b159036539d6acbc6069836.sol:74:5: Missing @return tag in function 'approve' [Warning/use-natspec]
/sb/0x0f602b35998185ec2b159036539d6acbc6069836.sol:74:5: Mismatch in @return count for function 'approve'. Expected: 1, Found: 0 [Warning/use-natspec]
/sb/0x0f602b35998185ec2b159036539d6acbc6069836.sol:75:5: Missing @notice tag in event 'Approval' [Warning/use-natspec]
/sb/0x0f602b35998185ec2b159036539d6acbc6069836.sol:75:5: Missing @param tag in event 'Approval' [Warning/use-natspec]
/sb/0x0f602b35998185ec2b159036539d6acbc6069836.sol:75:5: Mismatch in @param names for event 'Approval'. Expected: [owner, spender, value], Found: [] [Warning/use-natspec]
/sb/0x0f602b35998185ec2b159036539d6acbc6069836.sol:75:5: GC: [value] on Event [Approval] could be Indexed [Warning/gas-indexed-events]
/sb/0x0f602b35998185ec2b159036539d6acbc6069836.sol:80:1: Missing @title tag in contract 'StandardToken' [Warning/use-natspec]
/sb/0x0f602b35998185ec2b159036539d6acbc6069836.sol:80:1: Missing @author tag in contract 'StandardToken' [Warning/use-natspec]
/sb/0x0f602b35998185ec2b159036539d6acbc6069836.sol:80:1: Missing @notice tag in contract 'StandardToken' [Warning/use-natspec]
/sb/0x0f602b35998185ec2b159036539d6acbc6069836.sol:82:5: Explicitly mark visibility of state [Warning/state-visibility]
/sb/0x0f602b35998185ec2b159036539d6acbc6069836.sol:86:5: Missing @notice tag in function 'transferFrom' [Warning/use-natspec]
/sb/0x0f602b35998185ec2b159036539d6acbc6069836.sol:86:5: Missing @param tag in function 'transferFrom' [Warning/use-natspec]
/sb/0x0f602b35998185ec2b159036539d6acbc6069836.sol:86:5: Mismatch in @param names for function 'transferFrom'. Expected: [_from, _to, _value], Found: [] [Warning/use-natspec]
/sb/0x0f602b35998185ec2b159036539d6acbc6069836.sol:86:5: Missing @return tag in function 'transferFrom' [Warning/use-natspec]
/sb/0x0f602b35998185ec2b159036539d6acbc6069836.sol:86:5: Mismatch in @return count for function 'transferFrom'. Expected: 1, Found: 0 [Warning/use-natspec]
/sb/0x0f602b35998185ec2b159036539d6acbc6069836.sol:87:9: Provide an error message for require [Warning/reason-string]
/sb/0x0f602b35998185ec2b159036539d6acbc6069836.sol:99:5: Missing @notice tag in function 'approve' [Warning/use-natspec]
/sb/0x0f602b35998185ec2b159036539d6acbc6069836.sol:99:5: Missing @param tag in function 'approve' [Warning/use-natspec]
/sb/0x0f602b35998185ec2b159036539d6acbc6069836.sol:99:5: Mismatch in @param names for function 'approve'. Expected: [_spender, _value], Found: [] [Warning/use-natspec]
/sb/0x0f602b35998185ec2b159036539d6acbc6069836.sol:99:5: Missing @return tag in function 'approve' [Warning/use-natspec]
/sb/0x0f602b35998185ec2b159036539d6acbc6069836.sol:99:5: Mismatch in @return count for function 'approve'. Expected: 1, Found: 0 [Warning/use-natspec]
/sb/0x0f602b35998185ec2b159036539d6acbc6069836.sol:106:5: Missing @notice tag in function 'allowance' [Warning/use-natspec]
/sb/0x0f602b35998185ec2b159036539d6acbc6069836.sol:106:5: Missing @param tag in function 'allowance' [Warning/use-natspec]
/sb/0x0f602b35998185ec2b159036539d6acbc6069836.sol:106:5: Mismatch in @param names for function 'allowance'. Expected: [_owner, _spender], Found: [] [Warning/use-natspec]
/sb/0x0f602b35998185ec2b159036539d6acbc6069836.sol:106:5: Missing @return tag in function 'allowance' [Warning/use-natspec]
/sb/0x0f602b35998185ec2b159036539d6acbc6069836.sol:106:5: Mismatch in @return names for function 'allowance'. Expected: [remaining], Found: [] [Warning/use-natspec]
/sb/0x0f602b35998185ec2b159036539d6acbc6069836.sol:111:5: Missing @notice tag in function 'increaseApproval' [Warning/use-natspec]
/sb/0x0f602b35998185ec2b159036539d6acbc6069836.sol:111:5: Missing @param tag in function 'increaseApproval' [Warning/use-natspec]
/sb/0x0f602b35998185ec2b159036539d6acbc6069836.sol:111:5: Mismatch in @param names for function 'increaseApproval'. Expected: [_spender, _addedValue], Found: [] [Warning/use-natspec]
/sb/0x0f602b35998185ec2b159036539d6acbc6069836.sol:111:5: Missing @return tag in function 'increaseApproval' [Warning/use-natspec]
/sb/0x0f602b35998185ec2b159036539d6acbc6069836.sol:111:5: Mismatch in @return names for function 'increaseApproval'. Expected: [success], Found: [] [Warning/use-natspec]
/sb/0x0f602b35998185ec2b159036539d6acbc6069836.sol:111:50: Rule is set with explicit type [var/s: uint] [Warning/explicit-types]
/sb/0x0f602b35998185ec2b159036539d6acbc6069836.sol:117:5: Missing @notice tag in function 'decreaseApproval' [Warning/use-natspec]
/sb/0x0f602b35998185ec2b159036539d6acbc6069836.sol:117:5: Missing @param tag in function 'decreaseApproval' [Warning/use-natspec]
/sb/0x0f602b35998185ec2b159036539d6acbc6069836.sol:117:5: Mismatch in @param names for function 'decreaseApproval'. Expected: [_spender, _subtractedValue], Found: [] [Warning/use-natspec]
/sb/0x0f602b35998185ec2b159036539d6acbc6069836.sol:117:5: Missing @return tag in function 'decreaseApproval' [Warning/use-natspec]
/sb/0x0f602b35998185ec2b159036539d6acbc6069836.sol:117:5: Mismatch in @return names for function 'decreaseApproval'. Expected: [success], Found: [] [Warning/use-natspec]
/sb/0x0f602b35998185ec2b159036539d6acbc6069836.sol:117:50: Rule is set with explicit type [var/s: uint] [Warning/explicit-types]
/sb/0x0f602b35998185ec2b159036539d6acbc6069836.sol:118:9: Rule is set with explicit type [var/s: uint] [Warning/explicit-types]
/sb/0x0f602b35998185ec2b159036539d6acbc6069836.sol:130:1: Missing @title tag in contract 'SkyvToken' [Warning/use-natspec]
/sb/0x0f602b35998185ec2b159036539d6acbc6069836.sol:130:1: Missing @author tag in contract 'SkyvToken' [Warning/use-natspec]
/sb/0x0f602b35998185ec2b159036539d6acbc6069836.sol:130:1: Missing @notice tag in contract 'SkyvToken' [Warning/use-natspec]
/sb/0x0f602b35998185ec2b159036539d6acbc6069836.sol:131:5: Missing @notice tag in variable 'name' [Warning/use-natspec]
/sb/0x0f602b35998185ec2b159036539d6acbc6069836.sol:132:5: Missing @notice tag in variable 'symbol' [Warning/use-natspec]
/sb/0x0f602b35998185ec2b159036539d6acbc6069836.sol:133:5: Rule is set with explicit type [var/s: uint] [Warning/explicit-types]
/sb/0x0f602b35998185ec2b159036539d6acbc6069836.sol:133:5: Missing @notice tag in variable 'decimals' [Warning/use-natspec]
/sb/0x0f602b35998185ec2b159036539d6acbc6069836.sol:134:5: Rule is set with explicit type [var/s: uint] [Warning/explicit-types]
/sb/0x0f602b35998185ec2b159036539d6acbc6069836.sol:134:5: Missing @notice tag in variable 'INIT_SUPPLY' [Warning/use-natspec]
/sb/0x0f602b35998185ec2b159036539d6acbc6069836.sol:134:5: Variable name must be in mixedCase INIT_SUPPLY [Warning/var-name-mixedcase]
/sb/0x0f602b35998185ec2b159036539d6acbc6069836.sol:136:5: Missing @notice tag in function '<anonymous>' [Warning/use-natspec]
/sb/0x0f602b35998185ec2b159036539d6acbc6069836.sol:142:5: Missing @notice tag in function 'approveAndCall' [Warning/use-natspec]
/sb/0x0f602b35998185ec2b159036539d6acbc6069836.sol:142:5: Missing @param tag in function 'approveAndCall' [Warning/use-natspec]
/sb/0x0f602b35998185ec2b159036539d6acbc6069836.sol:142:5: Mismatch in @param names for function 'approveAndCall'. Expected: [_spender, _value, _extraData], Found: [] [Warning/use-natspec]
/sb/0x0f602b35998185ec2b159036539d6acbc6069836.sol:142:5: Missing @return tag in function 'approveAndCall' [Warning/use-natspec]
/sb/0x0f602b35998185ec2b159036539d6acbc6069836.sol:142:5: Mismatch in @return names for function 'approveAndCall'. Expected: [success], Found: [] [Warning/use-natspec]
/sb/0x0f602b35998185ec2b159036539d6acbc6069836.sol:149:9: Provide an error message for require [Warning/reason-string]
/sb/0x0f602b35998185ec2b159036539d6acbc6069836.sol:149:17: Avoid to use low level calls. [Warning/avoid-low-level-calls]
/sb/0x0f602b35998185ec2b159036539d6acbc6069836.sol:149:46: GC: String exceeds 32 bytes [Warning/gas-small-strings]

131 problem/s (1 error/s, 130 warning/s)
