A new version of Solhint is available: 6.0.1
Please consider updating your Solhint package.
/sb/0x0061dea65484c9475b750d49d7f18fbf42b26287.sol:1:1: Found more than One contract per file. 2 contracts found! [Warning/one-contract-per-file]
/sb/0x0061dea65484c9475b750d49d7f18fbf42b26287.sol:1:1: Compiler version ^0.5.10 does not satisfy the ^0.8.24 semver requirement [Error/compiler-version]
/sb/0x0061dea65484c9475b750d49d7f18fbf42b26287.sol:5:1: Missing @title tag in contract 'AbstractAccount' [Warning/use-natspec]
/sb/0x0061dea65484c9475b750d49d7f18fbf42b26287.sol:5:1: Missing @author tag in contract 'AbstractAccount' [Warning/use-natspec]
/sb/0x0061dea65484c9475b750d49d7f18fbf42b26287.sol:5:1: Missing @notice tag in contract 'AbstractAccount' [Warning/use-natspec]
/sb/0x0061dea65484c9475b750d49d7f18fbf42b26287.sol:9:3: Missing @notice tag in event 'DeviceAdded' [Warning/use-natspec]
/sb/0x0061dea65484c9475b750d49d7f18fbf42b26287.sol:9:3: Missing @param tag in event 'DeviceAdded' [Warning/use-natspec]
/sb/0x0061dea65484c9475b750d49d7f18fbf42b26287.sol:9:3: Mismatch in @param names for event 'DeviceAdded'. Expected: [device, isOwner], Found: [] [Warning/use-natspec]
/sb/0x0061dea65484c9475b750d49d7f18fbf42b26287.sol:9:3: GC: [device] on Event [DeviceAdded] could be Indexed [Warning/gas-indexed-events]
/sb/0x0061dea65484c9475b750d49d7f18fbf42b26287.sol:9:3: GC: [isOwner] on Event [DeviceAdded] could be Indexed [Warning/gas-indexed-events]
/sb/0x0061dea65484c9475b750d49d7f18fbf42b26287.sol:11:3: Missing @notice tag in event 'DeviceRemoved' [Warning/use-natspec]
/sb/0x0061dea65484c9475b750d49d7f18fbf42b26287.sol:11:3: Missing @param tag in event 'DeviceRemoved' [Warning/use-natspec]
/sb/0x0061dea65484c9475b750d49d7f18fbf42b26287.sol:11:3: Mismatch in @param names for event 'DeviceRemoved'. Expected: [device], Found: [] [Warning/use-natspec]
/sb/0x0061dea65484c9475b750d49d7f18fbf42b26287.sol:11:3: GC: [device] on Event [DeviceRemoved] could be Indexed [Warning/gas-indexed-events]
/sb/0x0061dea65484c9475b750d49d7f18fbf42b26287.sol:13:3: Missing @notice tag in event 'TransactionExecuted' [Warning/use-natspec]
/sb/0x0061dea65484c9475b750d49d7f18fbf42b26287.sol:13:3: Missing @param tag in event 'TransactionExecuted' [Warning/use-natspec]
/sb/0x0061dea65484c9475b750d49d7f18fbf42b26287.sol:13:3: Mismatch in @param names for event 'TransactionExecuted'. Expected: [recipient, value, data, response], Found: [] [Warning/use-natspec]
/sb/0x0061dea65484c9475b750d49d7f18fbf42b26287.sol:13:3: GC: [recipient] on Event [TransactionExecuted] could be Indexed [Warning/gas-indexed-events]
/sb/0x0061dea65484c9475b750d49d7f18fbf42b26287.sol:13:3: GC: [value] on Event [TransactionExecuted] could be Indexed [Warning/gas-indexed-events]
/sb/0x0061dea65484c9475b750d49d7f18fbf42b26287.sol:29:3: Missing @notice tag in variable 'devices' [Warning/use-natspec]
/sb/0x0061dea65484c9475b750d49d7f18fbf42b26287.sol:33:3: Missing @notice tag in function 'addDevice' [Warning/use-natspec]
/sb/0x0061dea65484c9475b750d49d7f18fbf42b26287.sol:33:3: Missing @param tag in function 'addDevice' [Warning/use-natspec]
/sb/0x0061dea65484c9475b750d49d7f18fbf42b26287.sol:33:3: Mismatch in @param names for function 'addDevice'. Expected: [_device, _isOwner], Found: [] [Warning/use-natspec]
/sb/0x0061dea65484c9475b750d49d7f18fbf42b26287.sol:37:3: Missing @notice tag in function 'removeDevice' [Warning/use-natspec]
/sb/0x0061dea65484c9475b750d49d7f18fbf42b26287.sol:37:3: Missing @param tag in function 'removeDevice' [Warning/use-natspec]
/sb/0x0061dea65484c9475b750d49d7f18fbf42b26287.sol:37:3: Mismatch in @param names for function 'removeDevice'. Expected: [_device], Found: [] [Warning/use-natspec]
/sb/0x0061dea65484c9475b750d49d7f18fbf42b26287.sol:41:3: Missing @notice tag in function 'executeTransaction' [Warning/use-natspec]
/sb/0x0061dea65484c9475b750d49d7f18fbf42b26287.sol:41:3: Missing @param tag in function 'executeTransaction' [Warning/use-natspec]
/sb/0x0061dea65484c9475b750d49d7f18fbf42b26287.sol:41:3: Mismatch in @param names for function 'executeTransaction'. Expected: [_recipient, _value, _data], Found: [] [Warning/use-natspec]
/sb/0x0061dea65484c9475b750d49d7f18fbf42b26287.sol:41:3: Missing @return tag in function 'executeTransaction' [Warning/use-natspec]
/sb/0x0061dea65484c9475b750d49d7f18fbf42b26287.sol:41:3: Mismatch in @return names for function 'executeTransaction'. Expected: [_response], Found: [] [Warning/use-natspec]
/sb/0x0061dea65484c9475b750d49d7f18fbf42b26287.sol:57:1: Missing @author tag in contract 'Account' [Warning/use-natspec]
/sb/0x0061dea65484c9475b750d49d7f18fbf42b26287.sol:57:1: Missing @notice tag in contract 'Account' [Warning/use-natspec]
/sb/0x0061dea65484c9475b750d49d7f18fbf42b26287.sol:63:5: Provide an error message for require [Warning/reason-string]
/sb/0x0061dea65484c9475b750d49d7f18fbf42b26287.sol:77:3: Missing @notice tag in function '<anonymous>' [Warning/use-natspec]
/sb/0x0061dea65484c9475b750d49d7f18fbf42b26287.sol:89:3: Missing @notice tag in function '<anonymous>' [Warning/use-natspec]
/sb/0x0061dea65484c9475b750d49d7f18fbf42b26287.sol:97:3: Missing @notice tag in function 'addDevice' [Warning/use-natspec]
/sb/0x0061dea65484c9475b750d49d7f18fbf42b26287.sol:97:3: Missing @param tag in function 'addDevice' [Warning/use-natspec]
/sb/0x0061dea65484c9475b750d49d7f18fbf42b26287.sol:97:3: Mismatch in @param names for function 'addDevice'. Expected: [_device, _isOwner], Found: [] [Warning/use-natspec]
/sb/0x0061dea65484c9475b750d49d7f18fbf42b26287.sol:97:64: Visibility modifier must be first in list of modifiers [Warning/visibility-modifier-order]
/sb/0x0061dea65484c9475b750d49d7f18fbf42b26287.sol:99:5: Provide an error message for require [Warning/reason-string]
/sb/0x0061dea65484c9475b750d49d7f18fbf42b26287.sol:105:5: Provide an error message for require [Warning/reason-string]
/sb/0x0061dea65484c9475b750d49d7f18fbf42b26287.sol:127:3: Missing @notice tag in function 'removeDevice' [Warning/use-natspec]
/sb/0x0061dea65484c9475b750d49d7f18fbf42b26287.sol:127:3: Missing @param tag in function 'removeDevice' [Warning/use-natspec]
/sb/0x0061dea65484c9475b750d49d7f18fbf42b26287.sol:127:3: Mismatch in @param names for function 'removeDevice'. Expected: [_device], Found: [] [Warning/use-natspec]
/sb/0x0061dea65484c9475b750d49d7f18fbf42b26287.sol:127:52: Visibility modifier must be first in list of modifiers [Warning/visibility-modifier-order]
/sb/0x0061dea65484c9475b750d49d7f18fbf42b26287.sol:129:5: Provide an error message for require [Warning/reason-string]
/sb/0x0061dea65484c9475b750d49d7f18fbf42b26287.sol:149:3: Missing @notice tag in function 'executeTransaction' [Warning/use-natspec]
/sb/0x0061dea65484c9475b750d49d7f18fbf42b26287.sol:149:3: Missing @param tag in function 'executeTransaction' [Warning/use-natspec]
/sb/0x0061dea65484c9475b750d49d7f18fbf42b26287.sol:149:3: Mismatch in @param names for function 'executeTransaction'. Expected: [_recipient, _value, _data], Found: [] [Warning/use-natspec]
/sb/0x0061dea65484c9475b750d49d7f18fbf42b26287.sol:149:3: Missing @return tag in function 'executeTransaction' [Warning/use-natspec]
/sb/0x0061dea65484c9475b750d49d7f18fbf42b26287.sol:149:3: Mismatch in @return names for function 'executeTransaction'. Expected: [_response], Found: [] [Warning/use-natspec]
/sb/0x0061dea65484c9475b750d49d7f18fbf42b26287.sol:149:105: Visibility modifier must be first in list of modifiers [Warning/visibility-modifier-order]
/sb/0x0061dea65484c9475b750d49d7f18fbf42b26287.sol:151:5: Provide an error message for require [Warning/reason-string]
/sb/0x0061dea65484c9475b750d49d7f18fbf42b26287.sol:161:31: Avoid to use low level calls. [Warning/avoid-low-level-calls]
/sb/0x0061dea65484c9475b750d49d7f18fbf42b26287.sol:161:31: Avoid to use ".call.value()()" [Warning/avoid-call-value]
/sb/0x0061dea65484c9475b750d49d7f18fbf42b26287.sol:165:5: Provide an error message for require [Warning/reason-string]

57 problem/s (1 error/s, 56 warning/s)
