A new version of Solhint is available: 6.0.1
Please consider updating your Solhint package.
/sb/0x00b9034425e357bf61b4abeb22299ec4a62c725b.sol:1:1: Found more than One contract per file. 3 contracts found! [Warning/one-contract-per-file]
/sb/0x00b9034425e357bf61b4abeb22299ec4a62c725b.sol:1:1: Compiler version ^0.4.16 does not satisfy the ^0.8.24 semver requirement [Error/compiler-version]
/sb/0x00b9034425e357bf61b4abeb22299ec4a62c725b.sol:5:1: Missing @title tag in contract 'owned' [Warning/use-natspec]
/sb/0x00b9034425e357bf61b4abeb22299ec4a62c725b.sol:5:1: Missing @author tag in contract 'owned' [Warning/use-natspec]
/sb/0x00b9034425e357bf61b4abeb22299ec4a62c725b.sol:5:1: Missing @notice tag in contract 'owned' [Warning/use-natspec]
/sb/0x00b9034425e357bf61b4abeb22299ec4a62c725b.sol:5:1: Contract, Structs and Enums should be in CapWords [Warning/contract-name-capwords]
/sb/0x00b9034425e357bf61b4abeb22299ec4a62c725b.sol:7:5: Missing @notice tag in variable 'owner' [Warning/use-natspec]
/sb/0x00b9034425e357bf61b4abeb22299ec4a62c725b.sol:11:5: Missing @notice tag in function 'owned' [Warning/use-natspec]
/sb/0x00b9034425e357bf61b4abeb22299ec4a62c725b.sol:21:9: Provide an error message for require [Warning/reason-string]
/sb/0x00b9034425e357bf61b4abeb22299ec4a62c725b.sol:29:5: Missing @notice tag in function 'transferOwnership' [Warning/use-natspec]
/sb/0x00b9034425e357bf61b4abeb22299ec4a62c725b.sol:29:5: Missing @param tag in function 'transferOwnership' [Warning/use-natspec]
/sb/0x00b9034425e357bf61b4abeb22299ec4a62c725b.sol:29:5: Mismatch in @param names for function 'transferOwnership'. Expected: [newOwner], Found: [] [Warning/use-natspec]
/sb/0x00b9034425e357bf61b4abeb22299ec4a62c725b.sol:29:60: Visibility modifier must be first in list of modifiers [Warning/visibility-modifier-order]
/sb/0x00b9034425e357bf61b4abeb22299ec4a62c725b.sol:39:1: Interface name 'tokenRecipient' must start with "I" [Warning/interface-starts-with-i]
/sb/0x00b9034425e357bf61b4abeb22299ec4a62c725b.sol:39:1: Missing @title tag in contract 'tokenRecipient' [Warning/use-natspec]
/sb/0x00b9034425e357bf61b4abeb22299ec4a62c725b.sol:39:1: Missing @author tag in contract 'tokenRecipient' [Warning/use-natspec]
/sb/0x00b9034425e357bf61b4abeb22299ec4a62c725b.sol:39:1: Missing @notice tag in contract 'tokenRecipient' [Warning/use-natspec]
/sb/0x00b9034425e357bf61b4abeb22299ec4a62c725b.sol:39:1: Contract, Structs and Enums should be in CapWords [Warning/contract-name-capwords]
/sb/0x00b9034425e357bf61b4abeb22299ec4a62c725b.sol:39:28: Missing @notice tag in function 'receiveApproval' [Warning/use-natspec]
/sb/0x00b9034425e357bf61b4abeb22299ec4a62c725b.sol:39:28: Missing @param tag in function 'receiveApproval' [Warning/use-natspec]
/sb/0x00b9034425e357bf61b4abeb22299ec4a62c725b.sol:39:28: Mismatch in @param names for function 'receiveApproval'. Expected: [_from, _value, _token, _extraData], Found: [] [Warning/use-natspec]
/sb/0x00b9034425e357bf61b4abeb22299ec4a62c725b.sol:43:1: Missing @title tag in contract 'TokenERC20' [Warning/use-natspec]
/sb/0x00b9034425e357bf61b4abeb22299ec4a62c725b.sol:43:1: Missing @author tag in contract 'TokenERC20' [Warning/use-natspec]
/sb/0x00b9034425e357bf61b4abeb22299ec4a62c725b.sol:43:1: Missing @notice tag in contract 'TokenERC20' [Warning/use-natspec]
/sb/0x00b9034425e357bf61b4abeb22299ec4a62c725b.sol:47:5: Missing @notice tag in variable 'name' [Warning/use-natspec]
/sb/0x00b9034425e357bf61b4abeb22299ec4a62c725b.sol:49:5: Missing @notice tag in variable 'symbol' [Warning/use-natspec]
/sb/0x00b9034425e357bf61b4abeb22299ec4a62c725b.sol:51:5: Missing @notice tag in variable 'decimals' [Warning/use-natspec]
/sb/0x00b9034425e357bf61b4abeb22299ec4a62c725b.sol:55:5: Missing @notice tag in variable 'totalSupply' [Warning/use-natspec]
/sb/0x00b9034425e357bf61b4abeb22299ec4a62c725b.sol:61:5: Missing @notice tag in variable 'balanceOf' [Warning/use-natspec]
/sb/0x00b9034425e357bf61b4abeb22299ec4a62c725b.sol:63:5: Missing @notice tag in variable 'allowance' [Warning/use-natspec]
/sb/0x00b9034425e357bf61b4abeb22299ec4a62c725b.sol:69:5: Missing @notice tag in event 'Transfer' [Warning/use-natspec]
/sb/0x00b9034425e357bf61b4abeb22299ec4a62c725b.sol:69:5: Missing @param tag in event 'Transfer' [Warning/use-natspec]
/sb/0x00b9034425e357bf61b4abeb22299ec4a62c725b.sol:69:5: Mismatch in @param names for event 'Transfer'. Expected: [from, to, value], Found: [] [Warning/use-natspec]
/sb/0x00b9034425e357bf61b4abeb22299ec4a62c725b.sol:69:5: GC: [value] on Event [Transfer] could be Indexed [Warning/gas-indexed-events]
/sb/0x00b9034425e357bf61b4abeb22299ec4a62c725b.sol:75:5: Missing @notice tag in event 'Burn' [Warning/use-natspec]
/sb/0x00b9034425e357bf61b4abeb22299ec4a62c725b.sol:75:5: Missing @param tag in event 'Burn' [Warning/use-natspec]
/sb/0x00b9034425e357bf61b4abeb22299ec4a62c725b.sol:75:5: Mismatch in @param names for event 'Burn'. Expected: [from, value], Found: [] [Warning/use-natspec]
/sb/0x00b9034425e357bf61b4abeb22299ec4a62c725b.sol:75:5: GC: [value] on Event [Burn] could be Indexed [Warning/gas-indexed-events]
/sb/0x00b9034425e357bf61b4abeb22299ec4a62c725b.sol:89:5: Missing @notice tag in function 'TokenERC20' [Warning/use-natspec]
/sb/0x00b9034425e357bf61b4abeb22299ec4a62c725b.sol:111:5: Missing @notice tag in function '_transfer' [Warning/use-natspec]
/sb/0x00b9034425e357bf61b4abeb22299ec4a62c725b.sol:111:5: Missing @param tag in function '_transfer' [Warning/use-natspec]
/sb/0x00b9034425e357bf61b4abeb22299ec4a62c725b.sol:111:5: Mismatch in @param names for function '_transfer'. Expected: [_from, _to, _value], Found: [] [Warning/use-natspec]
/sb/0x00b9034425e357bf61b4abeb22299ec4a62c725b.sol:111:52: Rule is set with explicit type [var/s: uint] [Warning/explicit-types]
/sb/0x00b9034425e357bf61b4abeb22299ec4a62c725b.sol:115:9: Provide an error message for require [Warning/reason-string]
/sb/0x00b9034425e357bf61b4abeb22299ec4a62c725b.sol:119:9: Provide an error message for require [Warning/reason-string]
/sb/0x00b9034425e357bf61b4abeb22299ec4a62c725b.sol:119:17: GC: Non strict inequality found. Try converting to a strict one [Warning/gas-strict-inequalities]
/sb/0x00b9034425e357bf61b4abeb22299ec4a62c725b.sol:123:9: Provide an error message for require [Warning/reason-string]
/sb/0x00b9034425e357bf61b4abeb22299ec4a62c725b.sol:127:9: Rule is set with explicit type [var/s: uint] [Warning/explicit-types]
/sb/0x00b9034425e357bf61b4abeb22299ec4a62c725b.sol:163:5: Missing @notice tag in function 'transfer' [Warning/use-natspec]
/sb/0x00b9034425e357bf61b4abeb22299ec4a62c725b.sol:189:5: Missing @notice tag in function 'transferFrom' [Warning/use-natspec]
/sb/0x00b9034425e357bf61b4abeb22299ec4a62c725b.sol:189:5: Missing @return tag in function 'transferFrom' [Warning/use-natspec]
/sb/0x00b9034425e357bf61b4abeb22299ec4a62c725b.sol:189:5: Mismatch in @return names for function 'transferFrom'. Expected: [success], Found: [] [Warning/use-natspec]
/sb/0x00b9034425e357bf61b4abeb22299ec4a62c725b.sol:191:9: Provide an error message for require [Warning/reason-string]
/sb/0x00b9034425e357bf61b4abeb22299ec4a62c725b.sol:191:17: GC: Non strict inequality found. Try converting to a strict one [Warning/gas-strict-inequalities]
/sb/0x00b9034425e357bf61b4abeb22299ec4a62c725b.sol:219:5: Missing @notice tag in function 'approve' [Warning/use-natspec]
/sb/0x00b9034425e357bf61b4abeb22299ec4a62c725b.sol:219:5: Missing @return tag in function 'approve' [Warning/use-natspec]
/sb/0x00b9034425e357bf61b4abeb22299ec4a62c725b.sol:219:5: Mismatch in @return names for function 'approve'. Expected: [success], Found: [] [Warning/use-natspec]
/sb/0x00b9034425e357bf61b4abeb22299ec4a62c725b.sol:249:5: Missing @notice tag in function 'approveAndCall' [Warning/use-natspec]
/sb/0x00b9034425e357bf61b4abeb22299ec4a62c725b.sol:249:5: Missing @return tag in function 'approveAndCall' [Warning/use-natspec]
/sb/0x00b9034425e357bf61b4abeb22299ec4a62c725b.sol:249:5: Mismatch in @return names for function 'approveAndCall'. Expected: [success], Found: [] [Warning/use-natspec]
/sb/0x00b9034425e357bf61b4abeb22299ec4a62c725b.sol:283:5: Missing @notice tag in function 'burn' [Warning/use-natspec]
/sb/0x00b9034425e357bf61b4abeb22299ec4a62c725b.sol:283:5: Missing @return tag in function 'burn' [Warning/use-natspec]
/sb/0x00b9034425e357bf61b4abeb22299ec4a62c725b.sol:283:5: Mismatch in @return names for function 'burn'. Expected: [success], Found: [] [Warning/use-natspec]
/sb/0x00b9034425e357bf61b4abeb22299ec4a62c725b.sol:285:9: Provide an error message for require [Warning/reason-string]
/sb/0x00b9034425e357bf61b4abeb22299ec4a62c725b.sol:285:17: GC: Non strict inequality found. Try converting to a strict one [Warning/gas-strict-inequalities]
/sb/0x00b9034425e357bf61b4abeb22299ec4a62c725b.sol:315:5: Missing @notice tag in function 'burnFrom' [Warning/use-natspec]
/sb/0x00b9034425e357bf61b4abeb22299ec4a62c725b.sol:315:5: Missing @return tag in function 'burnFrom' [Warning/use-natspec]
/sb/0x00b9034425e357bf61b4abeb22299ec4a62c725b.sol:315:5: Mismatch in @return names for function 'burnFrom'. Expected: [success], Found: [] [Warning/use-natspec]
/sb/0x00b9034425e357bf61b4abeb22299ec4a62c725b.sol:317:9: Provide an error message for require [Warning/reason-string]
/sb/0x00b9034425e357bf61b4abeb22299ec4a62c725b.sol:317:17: GC: Non strict inequality found. Try converting to a strict one [Warning/gas-strict-inequalities]
/sb/0x00b9034425e357bf61b4abeb22299ec4a62c725b.sol:319:9: Provide an error message for require [Warning/reason-string]
/sb/0x00b9034425e357bf61b4abeb22299ec4a62c725b.sol:319:17: GC: Non strict inequality found. Try converting to a strict one [Warning/gas-strict-inequalities]
/sb/0x00b9034425e357bf61b4abeb22299ec4a62c725b.sol:345:1: Missing @title tag in contract 'Essence' [Warning/use-natspec]
/sb/0x00b9034425e357bf61b4abeb22299ec4a62c725b.sol:345:1: Missing @author tag in contract 'Essence' [Warning/use-natspec]
/sb/0x00b9034425e357bf61b4abeb22299ec4a62c725b.sol:345:1: Missing @notice tag in contract 'Essence' [Warning/use-natspec]
/sb/0x00b9034425e357bf61b4abeb22299ec4a62c725b.sol:349:5: Missing @notice tag in variable 'sellPrice' [Warning/use-natspec]
/sb/0x00b9034425e357bf61b4abeb22299ec4a62c725b.sol:351:5: Missing @notice tag in variable 'buyPrice' [Warning/use-natspec]
/sb/0x00b9034425e357bf61b4abeb22299ec4a62c725b.sol:355:5: Missing @notice tag in variable 'frozenAccount' [Warning/use-natspec]
/sb/0x00b9034425e357bf61b4abeb22299ec4a62c725b.sol:361:5: Missing @notice tag in event 'FrozenFunds' [Warning/use-natspec]
/sb/0x00b9034425e357bf61b4abeb22299ec4a62c725b.sol:361:5: Missing @param tag in event 'FrozenFunds' [Warning/use-natspec]
/sb/0x00b9034425e357bf61b4abeb22299ec4a62c725b.sol:361:5: Mismatch in @param names for event 'FrozenFunds'. Expected: [target, frozen], Found: [] [Warning/use-natspec]
/sb/0x00b9034425e357bf61b4abeb22299ec4a62c725b.sol:361:5: GC: [target] on Event [FrozenFunds] could be Indexed [Warning/gas-indexed-events]
/sb/0x00b9034425e357bf61b4abeb22299ec4a62c725b.sol:361:5: GC: [frozen] on Event [FrozenFunds] could be Indexed [Warning/gas-indexed-events]
/sb/0x00b9034425e357bf61b4abeb22299ec4a62c725b.sol:367:5: Missing @notice tag in function 'Essence' [Warning/use-natspec]
/sb/0x00b9034425e357bf61b4abeb22299ec4a62c725b.sol:371:20: Visibility modifier must be first in list of modifiers [Warning/visibility-modifier-order]
/sb/0x00b9034425e357bf61b4abeb22299ec4a62c725b.sol:377:5: Missing @notice tag in function '_transfer' [Warning/use-natspec]
/sb/0x00b9034425e357bf61b4abeb22299ec4a62c725b.sol:377:5: Missing @param tag in function '_transfer' [Warning/use-natspec]
/sb/0x00b9034425e357bf61b4abeb22299ec4a62c725b.sol:377:5: Mismatch in @param names for function '_transfer'. Expected: [_from, _to, _value], Found: [] [Warning/use-natspec]
/sb/0x00b9034425e357bf61b4abeb22299ec4a62c725b.sol:377:52: Rule is set with explicit type [var/s: uint] [Warning/explicit-types]
/sb/0x00b9034425e357bf61b4abeb22299ec4a62c725b.sol:379:9: Provide an error message for require [Warning/reason-string]
/sb/0x00b9034425e357bf61b4abeb22299ec4a62c725b.sol:381:9: Provide an error message for require [Warning/reason-string]
/sb/0x00b9034425e357bf61b4abeb22299ec4a62c725b.sol:383:9: Provide an error message for require [Warning/reason-string]
/sb/0x00b9034425e357bf61b4abeb22299ec4a62c725b.sol:385:9: Provide an error message for require [Warning/reason-string]
/sb/0x00b9034425e357bf61b4abeb22299ec4a62c725b.sol:387:9: Provide an error message for require [Warning/reason-string]
/sb/0x00b9034425e357bf61b4abeb22299ec4a62c725b.sol:405:72: Visibility modifier must be first in list of modifiers [Warning/visibility-modifier-order]
/sb/0x00b9034425e357bf61b4abeb22299ec4a62c725b.sol:425:67: Visibility modifier must be first in list of modifiers [Warning/visibility-modifier-order]
/sb/0x00b9034425e357bf61b4abeb22299ec4a62c725b.sol:441:77: Visibility modifier must be first in list of modifiers [Warning/visibility-modifier-order]
/sb/0x00b9034425e357bf61b4abeb22299ec4a62c725b.sol:453:28: Visibility modifier must be first in list of modifiers [Warning/visibility-modifier-order]
/sb/0x00b9034425e357bf61b4abeb22299ec4a62c725b.sol:455:9: Rule is set with explicit type [var/s: uint] [Warning/explicit-types]
/sb/0x00b9034425e357bf61b4abeb22299ec4a62c725b.sol:469:9: Provide an error message for require [Warning/reason-string]
/sb/0x00b9034425e357bf61b4abeb22299ec4a62c725b.sol:469:17: GC: Non strict inequality found. Try converting to a strict one [Warning/gas-strict-inequalities]

101 problem/s (1 error/s, 100 warning/s)
