ANTLR runtime and generated code versions disagree: 4.9.2!=4.7.2
ANTLR runtime and generated code versions disagree: 4.9.2!=4.7.2
Analysing /sb/0xe12edfe61d15de827be477859a201235a7f600ff.sol:BasicToken...
Analysing /sb/0xe12edfe61d15de827be477859a201235a7f600ff.sol:BurnableToken...
Analysing /sb/0xe12edfe61d15de827be477859a201235a7f600ff.sol:ERC20...
Nothing to analyse
Analysing /sb/0xe12edfe61d15de827be477859a201235a7f600ff.sol:ERC20Basic...
Nothing to analyse
Analysing /sb/0xe12edfe61d15de827be477859a201235a7f600ff.sol:ERC827...
Nothing to analyse
Analysing /sb/0xe12edfe61d15de827be477859a201235a7f600ff.sol:ERC827Token...
Vulnerability: Integer Overflow. Maybe in function: decreaseApprovalAndCall(address,uint256,bytes). PC: 0x5e3. Line number: 716.
If a = 31
and b = 115792089237316195423570985008687907853269984665640564039457584007913129639912
Vulnerability: Reentrancy. Maybe in function: approveAndCall(address,uint256,bytes). PC: 0x1440. Line number: 610.
Vulnerability: Integer Overflow. Maybe in function: decreaseApproval(address,uint256). PC: 0xf29. Line number: 345.
If a = 32
and b = 115792089237316195423570985008687907853269984665640564039457584007913129639744
Vulnerability: Integer Overflow. Maybe in function: approveAndCall(address,uint256,bytes). PC: 0x7ef. Line number: 278.
If a = 32
and b = 115792089237316195423570985008687907853269984665640564039457584007913129639716
Vulnerability: Reentrancy. Maybe in function: decreaseApproval(address,uint256). PC: 0x1526. Line number: 730.
Vulnerability: Integer Overflow. Maybe in function: approveAndCall(address,uint256,bytes). PC: 0x545. Line number: 596.
If a = 31
and b = 115792089237316195423570985008687907853269984665640564039457584007913129639912
Vulnerability: Integer Overflow. Maybe in function: transferAndCall(address,uint256,bytes). PC: 0x21e. Line number: 625.
If a = 4
and b = 115792089237316195423570985008687907853269984665640564039457584007913129639932
Vulnerability: Integer Overflow. Maybe in function: transferFromAndCall(address,address,uint256,bytes). PC: 0x4a1. Line number: 654.
If a = 32
and b = 115792089237316195423570985008687907853269984665640564039457584007913129639900
Vulnerability: Integer Overflow. Maybe in function: increaseApprovalAndCall(address,uint256,bytes). PC: 0x384. Line number: 684.
If a = 31
and b = 115792089237316195423570985008687907853269984665640564039457584007913129639905
Analysing /sb/0xe12edfe61d15de827be477859a201235a7f600ff.sol:MintableToken...
Analysing /sb/0xe12edfe61d15de827be477859a201235a7f600ff.sol:Ownable...
Analysing /sb/0xe12edfe61d15de827be477859a201235a7f600ff.sol:Pausable...
Analysing /sb/0xe12edfe61d15de827be477859a201235a7f600ff.sol:PausableToken...
Analysing /sb/0xe12edfe61d15de827be477859a201235a7f600ff.sol:SafeMath...
Analysing /sb/0xe12edfe61d15de827be477859a201235a7f600ff.sol:StandardToken...
Analysing /sb/0xe12edfe61d15de827be477859a201235a7f600ff.sol:ZeexToken...
Vulnerability: Integer Overflow. Maybe in function: increaseApprovalAndCall(address,uint256,bytes). PC: 0x724. Line number: 771.
If a = 32
and b = 115792089237316195423570985008687907853269984665640564039457584007913129639900
Vulnerability: Integer Overflow. Maybe in function: transferAndCall(address,uint256,bytes). PC: 0x3bf. Line number: 763.
If a = 4
and b = 115792089237316195423570985008687907853269984665640564039457584007913129639932
Vulnerability: Integer Overflow. Maybe in function: approveAndCall(address,uint256,bytes). PC: 0x97b. Line number: 759.
If a = 31
and b = 115792089237316195423570985008687907853269984665640564039457584007913129639905
Vulnerability: Integer Overflow. Maybe in function: transferFromAndCall(address,address,uint256,bytes). PC: 0x8ec. Line number: 767.
If a = 128
and b = 115792089237316195423570985008687907853269984665640564039457584007913129639745
