A new version of Solhint is available: 6.0.1
Please consider updating your Solhint package.
/sb/0xe46340f794e95775a41d40d5031bb716f99120b3.sol:1:1: Found more than One contract per file. 16 contracts found! [Warning/one-contract-per-file]
/sb/0xe46340f794e95775a41d40d5031bb716f99120b3.sol:1:1: Compiler version ^0.4.18 does not satisfy the ^0.8.24 semver requirement [Error/compiler-version]
/sb/0xe46340f794e95775a41d40d5031bb716f99120b3.sol:9:1: Missing @author tag in contract 'SafeMath' [Warning/use-natspec]
/sb/0xe46340f794e95775a41d40d5031bb716f99120b3.sol:9:1: Missing @notice tag in contract 'SafeMath' [Warning/use-natspec]
/sb/0xe46340f794e95775a41d40d5031bb716f99120b3.sol:10:3: Missing @notice tag in function 'mul' [Warning/use-natspec]
/sb/0xe46340f794e95775a41d40d5031bb716f99120b3.sol:10:3: Missing @param tag in function 'mul' [Warning/use-natspec]
/sb/0xe46340f794e95775a41d40d5031bb716f99120b3.sol:10:3: Mismatch in @param names for function 'mul'. Expected: [a, b], Found: [] [Warning/use-natspec]
/sb/0xe46340f794e95775a41d40d5031bb716f99120b3.sol:10:3: Missing @return tag in function 'mul' [Warning/use-natspec]
/sb/0xe46340f794e95775a41d40d5031bb716f99120b3.sol:10:3: Mismatch in @return count for function 'mul'. Expected: 1, Found: 0 [Warning/use-natspec]
/sb/0xe46340f794e95775a41d40d5031bb716f99120b3.sol:19:3: Missing @notice tag in function 'div' [Warning/use-natspec]
/sb/0xe46340f794e95775a41d40d5031bb716f99120b3.sol:19:3: Missing @param tag in function 'div' [Warning/use-natspec]
/sb/0xe46340f794e95775a41d40d5031bb716f99120b3.sol:19:3: Mismatch in @param names for function 'div'. Expected: [a, b], Found: [] [Warning/use-natspec]
/sb/0xe46340f794e95775a41d40d5031bb716f99120b3.sol:19:3: Missing @return tag in function 'div' [Warning/use-natspec]
/sb/0xe46340f794e95775a41d40d5031bb716f99120b3.sol:19:3: Mismatch in @return count for function 'div'. Expected: 1, Found: 0 [Warning/use-natspec]
/sb/0xe46340f794e95775a41d40d5031bb716f99120b3.sol:26:3: Missing @notice tag in function 'sub' [Warning/use-natspec]
/sb/0xe46340f794e95775a41d40d5031bb716f99120b3.sol:26:3: Missing @param tag in function 'sub' [Warning/use-natspec]
/sb/0xe46340f794e95775a41d40d5031bb716f99120b3.sol:26:3: Mismatch in @param names for function 'sub'. Expected: [a, b], Found: [] [Warning/use-natspec]
/sb/0xe46340f794e95775a41d40d5031bb716f99120b3.sol:26:3: Missing @return tag in function 'sub' [Warning/use-natspec]
/sb/0xe46340f794e95775a41d40d5031bb716f99120b3.sol:26:3: Mismatch in @return count for function 'sub'. Expected: 1, Found: 0 [Warning/use-natspec]
/sb/0xe46340f794e95775a41d40d5031bb716f99120b3.sol:27:12: GC: Non strict inequality found. Try converting to a strict one [Warning/gas-strict-inequalities]
/sb/0xe46340f794e95775a41d40d5031bb716f99120b3.sol:31:3: Missing @notice tag in function 'add' [Warning/use-natspec]
/sb/0xe46340f794e95775a41d40d5031bb716f99120b3.sol:31:3: Missing @param tag in function 'add' [Warning/use-natspec]
/sb/0xe46340f794e95775a41d40d5031bb716f99120b3.sol:31:3: Mismatch in @param names for function 'add'. Expected: [a, b], Found: [] [Warning/use-natspec]
/sb/0xe46340f794e95775a41d40d5031bb716f99120b3.sol:31:3: Missing @return tag in function 'add' [Warning/use-natspec]
/sb/0xe46340f794e95775a41d40d5031bb716f99120b3.sol:31:3: Mismatch in @return count for function 'add'. Expected: 1, Found: 0 [Warning/use-natspec]
/sb/0xe46340f794e95775a41d40d5031bb716f99120b3.sol:33:12: GC: Non strict inequality found. Try converting to a strict one [Warning/gas-strict-inequalities]
/sb/0xe46340f794e95775a41d40d5031bb716f99120b3.sol:45:1: Missing @author tag in contract 'Ownable' [Warning/use-natspec]
/sb/0xe46340f794e95775a41d40d5031bb716f99120b3.sol:45:1: Missing @notice tag in contract 'Ownable' [Warning/use-natspec]
/sb/0xe46340f794e95775a41d40d5031bb716f99120b3.sol:46:3: Missing @notice tag in variable 'owner' [Warning/use-natspec]
/sb/0xe46340f794e95775a41d40d5031bb716f99120b3.sol:49:3: Missing @notice tag in event 'OwnershipTransferred' [Warning/use-natspec]
/sb/0xe46340f794e95775a41d40d5031bb716f99120b3.sol:49:3: Missing @param tag in event 'OwnershipTransferred' [Warning/use-natspec]
/sb/0xe46340f794e95775a41d40d5031bb716f99120b3.sol:49:3: Mismatch in @param names for event 'OwnershipTransferred'. Expected: [previousOwner, newOwner], Found: [] [Warning/use-natspec]
/sb/0xe46340f794e95775a41d40d5031bb716f99120b3.sol:56:3: Missing @notice tag in function 'Ownable' [Warning/use-natspec]
/sb/0xe46340f794e95775a41d40d5031bb716f99120b3.sol:65:5: Provide an error message for require [Warning/reason-string]
/sb/0xe46340f794e95775a41d40d5031bb716f99120b3.sol:74:3: Missing @notice tag in function 'transferOwnership' [Warning/use-natspec]
/sb/0xe46340f794e95775a41d40d5031bb716f99120b3.sol:75:5: Provide an error message for require [Warning/reason-string]
/sb/0xe46340f794e95775a41d40d5031bb716f99120b3.sol:89:1: Missing @author tag in contract 'ERC20Basic' [Warning/use-natspec]
/sb/0xe46340f794e95775a41d40d5031bb716f99120b3.sol:89:1: Missing @notice tag in contract 'ERC20Basic' [Warning/use-natspec]
/sb/0xe46340f794e95775a41d40d5031bb716f99120b3.sol:90:3: Missing @notice tag in variable 'totalSupply' [Warning/use-natspec]
/sb/0xe46340f794e95775a41d40d5031bb716f99120b3.sol:91:3: Missing @notice tag in function 'balanceOf' [Warning/use-natspec]
/sb/0xe46340f794e95775a41d40d5031bb716f99120b3.sol:91:3: Missing @param tag in function 'balanceOf' [Warning/use-natspec]
/sb/0xe46340f794e95775a41d40d5031bb716f99120b3.sol:91:3: Mismatch in @param names for function 'balanceOf'. Expected: [who], Found: [] [Warning/use-natspec]
/sb/0xe46340f794e95775a41d40d5031bb716f99120b3.sol:91:3: Missing @return tag in function 'balanceOf' [Warning/use-natspec]
/sb/0xe46340f794e95775a41d40d5031bb716f99120b3.sol:91:3: Mismatch in @return count for function 'balanceOf'. Expected: 1, Found: 0 [Warning/use-natspec]
/sb/0xe46340f794e95775a41d40d5031bb716f99120b3.sol:92:3: Missing @notice tag in function 'transfer' [Warning/use-natspec]
/sb/0xe46340f794e95775a41d40d5031bb716f99120b3.sol:92:3: Missing @param tag in function 'transfer' [Warning/use-natspec]
/sb/0xe46340f794e95775a41d40d5031bb716f99120b3.sol:92:3: Mismatch in @param names for function 'transfer'. Expected: [to, value], Found: [] [Warning/use-natspec]
/sb/0xe46340f794e95775a41d40d5031bb716f99120b3.sol:92:3: Missing @return tag in function 'transfer' [Warning/use-natspec]
/sb/0xe46340f794e95775a41d40d5031bb716f99120b3.sol:92:3: Mismatch in @return count for function 'transfer'. Expected: 1, Found: 0 [Warning/use-natspec]
/sb/0xe46340f794e95775a41d40d5031bb716f99120b3.sol:93:3: Missing @notice tag in event 'Transfer' [Warning/use-natspec]
/sb/0xe46340f794e95775a41d40d5031bb716f99120b3.sol:93:3: Missing @param tag in event 'Transfer' [Warning/use-natspec]
/sb/0xe46340f794e95775a41d40d5031bb716f99120b3.sol:93:3: Mismatch in @param names for event 'Transfer'. Expected: [from, to, value], Found: [] [Warning/use-natspec]
/sb/0xe46340f794e95775a41d40d5031bb716f99120b3.sol:93:3: GC: [value] on Event [Transfer] could be Indexed [Warning/gas-indexed-events]
/sb/0xe46340f794e95775a41d40d5031bb716f99120b3.sol:102:1: Missing @author tag in contract 'BasicToken' [Warning/use-natspec]
/sb/0xe46340f794e95775a41d40d5031bb716f99120b3.sol:102:1: Missing @notice tag in contract 'BasicToken' [Warning/use-natspec]
/sb/0xe46340f794e95775a41d40d5031bb716f99120b3.sol:105:3: Explicitly mark visibility of state [Warning/state-visibility]
/sb/0xe46340f794e95775a41d40d5031bb716f99120b3.sol:112:3: Missing @notice tag in function 'transfer' [Warning/use-natspec]
/sb/0xe46340f794e95775a41d40d5031bb716f99120b3.sol:112:3: Missing @return tag in function 'transfer' [Warning/use-natspec]
/sb/0xe46340f794e95775a41d40d5031bb716f99120b3.sol:112:3: Mismatch in @return count for function 'transfer'. Expected: 1, Found: 0 [Warning/use-natspec]
/sb/0xe46340f794e95775a41d40d5031bb716f99120b3.sol:113:5: Provide an error message for require [Warning/reason-string]
/sb/0xe46340f794e95775a41d40d5031bb716f99120b3.sol:114:5: Provide an error message for require [Warning/reason-string]
/sb/0xe46340f794e95775a41d40d5031bb716f99120b3.sol:114:13: GC: Non strict inequality found. Try converting to a strict one [Warning/gas-strict-inequalities]
/sb/0xe46340f794e95775a41d40d5031bb716f99120b3.sol:128:3: Missing @notice tag in function 'balanceOf' [Warning/use-natspec]
/sb/0xe46340f794e95775a41d40d5031bb716f99120b3.sol:128:3: Mismatch in @return names for function 'balanceOf'. Expected: [balance], Found: [An] [Warning/use-natspec]
/sb/0xe46340f794e95775a41d40d5031bb716f99120b3.sol:140:1: Missing @author tag in contract 'ERC20' [Warning/use-natspec]
/sb/0xe46340f794e95775a41d40d5031bb716f99120b3.sol:140:1: Missing @notice tag in contract 'ERC20' [Warning/use-natspec]
/sb/0xe46340f794e95775a41d40d5031bb716f99120b3.sol:141:3: Missing @notice tag in function 'allowance' [Warning/use-natspec]
/sb/0xe46340f794e95775a41d40d5031bb716f99120b3.sol:141:3: Missing @param tag in function 'allowance' [Warning/use-natspec]
/sb/0xe46340f794e95775a41d40d5031bb716f99120b3.sol:141:3: Mismatch in @param names for function 'allowance'. Expected: [owner, spender], Found: [] [Warning/use-natspec]
/sb/0xe46340f794e95775a41d40d5031bb716f99120b3.sol:141:3: Missing @return tag in function 'allowance' [Warning/use-natspec]
/sb/0xe46340f794e95775a41d40d5031bb716f99120b3.sol:141:3: Mismatch in @return count for function 'allowance'. Expected: 1, Found: 0 [Warning/use-natspec]
/sb/0xe46340f794e95775a41d40d5031bb716f99120b3.sol:142:3: Missing @notice tag in function 'transferFrom' [Warning/use-natspec]
/sb/0xe46340f794e95775a41d40d5031bb716f99120b3.sol:142:3: Missing @param tag in function 'transferFrom' [Warning/use-natspec]
/sb/0xe46340f794e95775a41d40d5031bb716f99120b3.sol:142:3: Mismatch in @param names for function 'transferFrom'. Expected: [from, to, value], Found: [] [Warning/use-natspec]
/sb/0xe46340f794e95775a41d40d5031bb716f99120b3.sol:142:3: Missing @return tag in function 'transferFrom' [Warning/use-natspec]
/sb/0xe46340f794e95775a41d40d5031bb716f99120b3.sol:142:3: Mismatch in @return count for function 'transferFrom'. Expected: 1, Found: 0 [Warning/use-natspec]
/sb/0xe46340f794e95775a41d40d5031bb716f99120b3.sol:143:3: Missing @notice tag in function 'approve' [Warning/use-natspec]
/sb/0xe46340f794e95775a41d40d5031bb716f99120b3.sol:143:3: Missing @param tag in function 'approve' [Warning/use-natspec]
/sb/0xe46340f794e95775a41d40d5031bb716f99120b3.sol:143:3: Mismatch in @param names for function 'approve'. Expected: [spender, value], Found: [] [Warning/use-natspec]
/sb/0xe46340f794e95775a41d40d5031bb716f99120b3.sol:143:3: Missing @return tag in function 'approve' [Warning/use-natspec]
/sb/0xe46340f794e95775a41d40d5031bb716f99120b3.sol:143:3: Mismatch in @return count for function 'approve'. Expected: 1, Found: 0 [Warning/use-natspec]
/sb/0xe46340f794e95775a41d40d5031bb716f99120b3.sol:144:3: Missing @notice tag in event 'Approval' [Warning/use-natspec]
/sb/0xe46340f794e95775a41d40d5031bb716f99120b3.sol:144:3: Missing @param tag in event 'Approval' [Warning/use-natspec]
/sb/0xe46340f794e95775a41d40d5031bb716f99120b3.sol:144:3: Mismatch in @param names for event 'Approval'. Expected: [owner, spender, value], Found: [] [Warning/use-natspec]
/sb/0xe46340f794e95775a41d40d5031bb716f99120b3.sol:144:3: GC: [value] on Event [Approval] could be Indexed [Warning/gas-indexed-events]
/sb/0xe46340f794e95775a41d40d5031bb716f99120b3.sol:156:1: Missing @author tag in contract 'StandardToken' [Warning/use-natspec]
/sb/0xe46340f794e95775a41d40d5031bb716f99120b3.sol:156:1: Missing @notice tag in contract 'StandardToken' [Warning/use-natspec]
/sb/0xe46340f794e95775a41d40d5031bb716f99120b3.sol:167:3: Missing @notice tag in function 'transferFrom' [Warning/use-natspec]
/sb/0xe46340f794e95775a41d40d5031bb716f99120b3.sol:167:3: Missing @return tag in function 'transferFrom' [Warning/use-natspec]
/sb/0xe46340f794e95775a41d40d5031bb716f99120b3.sol:167:3: Mismatch in @return count for function 'transferFrom'. Expected: 1, Found: 0 [Warning/use-natspec]
/sb/0xe46340f794e95775a41d40d5031bb716f99120b3.sol:168:5: Provide an error message for require [Warning/reason-string]
/sb/0xe46340f794e95775a41d40d5031bb716f99120b3.sol:169:5: Provide an error message for require [Warning/reason-string]
/sb/0xe46340f794e95775a41d40d5031bb716f99120b3.sol:169:13: GC: Non strict inequality found. Try converting to a strict one [Warning/gas-strict-inequalities]
/sb/0xe46340f794e95775a41d40d5031bb716f99120b3.sol:170:5: Provide an error message for require [Warning/reason-string]
/sb/0xe46340f794e95775a41d40d5031bb716f99120b3.sol:170:13: GC: Non strict inequality found. Try converting to a strict one [Warning/gas-strict-inequalities]
/sb/0xe46340f794e95775a41d40d5031bb716f99120b3.sol:189:3: Missing @notice tag in function 'approve' [Warning/use-natspec]
/sb/0xe46340f794e95775a41d40d5031bb716f99120b3.sol:189:3: Missing @return tag in function 'approve' [Warning/use-natspec]
/sb/0xe46340f794e95775a41d40d5031bb716f99120b3.sol:189:3: Mismatch in @return count for function 'approve'. Expected: 1, Found: 0 [Warning/use-natspec]
/sb/0xe46340f794e95775a41d40d5031bb716f99120b3.sol:201:3: Missing @notice tag in function 'allowance' [Warning/use-natspec]
/sb/0xe46340f794e95775a41d40d5031bb716f99120b3.sol:211:3: Missing @notice tag in function 'increaseApproval' [Warning/use-natspec]
/sb/0xe46340f794e95775a41d40d5031bb716f99120b3.sol:211:3: Missing @param tag in function 'increaseApproval' [Warning/use-natspec]
/sb/0xe46340f794e95775a41d40d5031bb716f99120b3.sol:211:3: Mismatch in @param names for function 'increaseApproval'. Expected: [_spender, _addedValue], Found: [] [Warning/use-natspec]
/sb/0xe46340f794e95775a41d40d5031bb716f99120b3.sol:211:3: Missing @return tag in function 'increaseApproval' [Warning/use-natspec]
/sb/0xe46340f794e95775a41d40d5031bb716f99120b3.sol:211:3: Mismatch in @return count for function 'increaseApproval'. Expected: 1, Found: 0 [Warning/use-natspec]
/sb/0xe46340f794e95775a41d40d5031bb716f99120b3.sol:211:47: Rule is set with explicit type [var/s: uint] [Warning/explicit-types]
/sb/0xe46340f794e95775a41d40d5031bb716f99120b3.sol:217:3: Missing @notice tag in function 'decreaseApproval' [Warning/use-natspec]
/sb/0xe46340f794e95775a41d40d5031bb716f99120b3.sol:217:3: Missing @param tag in function 'decreaseApproval' [Warning/use-natspec]
/sb/0xe46340f794e95775a41d40d5031bb716f99120b3.sol:217:3: Mismatch in @param names for function 'decreaseApproval'. Expected: [_spender, _subtractedValue], Found: [] [Warning/use-natspec]
/sb/0xe46340f794e95775a41d40d5031bb716f99120b3.sol:217:3: Missing @return tag in function 'decreaseApproval' [Warning/use-natspec]
/sb/0xe46340f794e95775a41d40d5031bb716f99120b3.sol:217:3: Mismatch in @return count for function 'decreaseApproval'. Expected: 1, Found: 0 [Warning/use-natspec]
/sb/0xe46340f794e95775a41d40d5031bb716f99120b3.sol:217:47: Rule is set with explicit type [var/s: uint] [Warning/explicit-types]
/sb/0xe46340f794e95775a41d40d5031bb716f99120b3.sol:218:5: Rule is set with explicit type [var/s: uint] [Warning/explicit-types]
/sb/0xe46340f794e95775a41d40d5031bb716f99120b3.sol:239:1: Missing @author tag in contract 'MintableToken' [Warning/use-natspec]
/sb/0xe46340f794e95775a41d40d5031bb716f99120b3.sol:239:1: Missing @notice tag in contract 'MintableToken' [Warning/use-natspec]
/sb/0xe46340f794e95775a41d40d5031bb716f99120b3.sol:240:3: Missing @notice tag in event 'Mint' [Warning/use-natspec]
/sb/0xe46340f794e95775a41d40d5031bb716f99120b3.sol:240:3: Missing @param tag in event 'Mint' [Warning/use-natspec]
/sb/0xe46340f794e95775a41d40d5031bb716f99120b3.sol:240:3: Mismatch in @param names for event 'Mint'. Expected: [to, amount], Found: [] [Warning/use-natspec]
/sb/0xe46340f794e95775a41d40d5031bb716f99120b3.sol:240:3: GC: [amount] on Event [Mint] could be Indexed [Warning/gas-indexed-events]
/sb/0xe46340f794e95775a41d40d5031bb716f99120b3.sol:241:3: Missing @notice tag in event 'MintFinished' [Warning/use-natspec]
/sb/0xe46340f794e95775a41d40d5031bb716f99120b3.sol:243:3: Missing @notice tag in variable 'mintingFinished' [Warning/use-natspec]
/sb/0xe46340f794e95775a41d40d5031bb716f99120b3.sol:247:5: Provide an error message for require [Warning/reason-string]
/sb/0xe46340f794e95775a41d40d5031bb716f99120b3.sol:257:3: Missing @notice tag in function 'mint' [Warning/use-natspec]
/sb/0xe46340f794e95775a41d40d5031bb716f99120b3.sol:257:65: Visibility modifier must be first in list of modifiers [Warning/visibility-modifier-order]
/sb/0xe46340f794e95775a41d40d5031bb716f99120b3.sol:269:3: Missing @notice tag in function 'finishMinting' [Warning/use-natspec]
/sb/0xe46340f794e95775a41d40d5031bb716f99120b3.sol:269:46: Visibility modifier must be first in list of modifiers [Warning/visibility-modifier-order]
/sb/0xe46340f794e95775a41d40d5031bb716f99120b3.sol:286:1: Missing @author tag in contract 'Crowdsale' [Warning/use-natspec]
/sb/0xe46340f794e95775a41d40d5031bb716f99120b3.sol:286:1: Missing @notice tag in contract 'Crowdsale' [Warning/use-natspec]
/sb/0xe46340f794e95775a41d40d5031bb716f99120b3.sol:290:3: Missing @notice tag in variable 'token' [Warning/use-natspec]
/sb/0xe46340f794e95775a41d40d5031bb716f99120b3.sol:293:3: Missing @notice tag in variable 'startTime' [Warning/use-natspec]
/sb/0xe46340f794e95775a41d40d5031bb716f99120b3.sol:294:3: Missing @notice tag in variable 'endTime' [Warning/use-natspec]
/sb/0xe46340f794e95775a41d40d5031bb716f99120b3.sol:297:3: Missing @notice tag in variable 'wallet' [Warning/use-natspec]
/sb/0xe46340f794e95775a41d40d5031bb716f99120b3.sol:300:3: Missing @notice tag in variable 'rate' [Warning/use-natspec]
/sb/0xe46340f794e95775a41d40d5031bb716f99120b3.sol:303:3: Missing @notice tag in variable 'weiRaised' [Warning/use-natspec]
/sb/0xe46340f794e95775a41d40d5031bb716f99120b3.sol:312:3: Missing @notice tag in event 'TokenPurchase' [Warning/use-natspec]
/sb/0xe46340f794e95775a41d40d5031bb716f99120b3.sol:312:3: GC: [value] on Event [TokenPurchase] could be Indexed [Warning/gas-indexed-events]
/sb/0xe46340f794e95775a41d40d5031bb716f99120b3.sol:312:3: GC: [amount] on Event [TokenPurchase] could be Indexed [Warning/gas-indexed-events]
/sb/0xe46340f794e95775a41d40d5031bb716f99120b3.sol:315:3: Missing @notice tag in function 'Crowdsale' [Warning/use-natspec]
/sb/0xe46340f794e95775a41d40d5031bb716f99120b3.sol:315:3: Missing @param tag in function 'Crowdsale' [Warning/use-natspec]
/sb/0xe46340f794e95775a41d40d5031bb716f99120b3.sol:315:3: Mismatch in @param names for function 'Crowdsale'. Expected: [_startTime, _endTime, _rate, _wallet], Found: [] [Warning/use-natspec]
/sb/0xe46340f794e95775a41d40d5031bb716f99120b3.sol:318:5: Provide an error message for require [Warning/reason-string]
/sb/0xe46340f794e95775a41d40d5031bb716f99120b3.sol:318:13: GC: Non strict inequality found. Try converting to a strict one [Warning/gas-strict-inequalities]
/sb/0xe46340f794e95775a41d40d5031bb716f99120b3.sol:319:5: Provide an error message for require [Warning/reason-string]
/sb/0xe46340f794e95775a41d40d5031bb716f99120b3.sol:320:5: Provide an error message for require [Warning/reason-string]
/sb/0xe46340f794e95775a41d40d5031bb716f99120b3.sol:331:3: Missing @notice tag in function 'createTokenContract' [Warning/use-natspec]
/sb/0xe46340f794e95775a41d40d5031bb716f99120b3.sol:331:3: Missing @return tag in function 'createTokenContract' [Warning/use-natspec]
/sb/0xe46340f794e95775a41d40d5031bb716f99120b3.sol:331:3: Mismatch in @return count for function 'createTokenContract'. Expected: 1, Found: 0 [Warning/use-natspec]
/sb/0xe46340f794e95775a41d40d5031bb716f99120b3.sol:337:3: Missing @notice tag in function '<anonymous>' [Warning/use-natspec]
/sb/0xe46340f794e95775a41d40d5031bb716f99120b3.sol:342:3: Missing @notice tag in function 'buyTokens' [Warning/use-natspec]
/sb/0xe46340f794e95775a41d40d5031bb716f99120b3.sol:342:3: Missing @param tag in function 'buyTokens' [Warning/use-natspec]
/sb/0xe46340f794e95775a41d40d5031bb716f99120b3.sol:342:3: Mismatch in @param names for function 'buyTokens'. Expected: [beneficiary], Found: [] [Warning/use-natspec]
/sb/0xe46340f794e95775a41d40d5031bb716f99120b3.sol:343:5: Provide an error message for require [Warning/reason-string]
/sb/0xe46340f794e95775a41d40d5031bb716f99120b3.sol:344:5: Provide an error message for require [Warning/reason-string]
/sb/0xe46340f794e95775a41d40d5031bb716f99120b3.sol:362:3: Missing @notice tag in function 'forwardFunds' [Warning/use-natspec]
/sb/0xe46340f794e95775a41d40d5031bb716f99120b3.sol:367:3: Missing @notice tag in function 'validPurchase' [Warning/use-natspec]
/sb/0xe46340f794e95775a41d40d5031bb716f99120b3.sol:367:3: Missing @return tag in function 'validPurchase' [Warning/use-natspec]
/sb/0xe46340f794e95775a41d40d5031bb716f99120b3.sol:367:3: Mismatch in @return count for function 'validPurchase'. Expected: 1, Found: 0 [Warning/use-natspec]
/sb/0xe46340f794e95775a41d40d5031bb716f99120b3.sol:368:25: GC: Non strict inequality found. Try converting to a strict one [Warning/gas-strict-inequalities]
/sb/0xe46340f794e95775a41d40d5031bb716f99120b3.sol:368:45: GC: Non strict inequality found. Try converting to a strict one [Warning/gas-strict-inequalities]
/sb/0xe46340f794e95775a41d40d5031bb716f99120b3.sol:374:3: Missing @notice tag in function 'hasEnded' [Warning/use-natspec]
/sb/0xe46340f794e95775a41d40d5031bb716f99120b3.sol:374:3: Missing @return tag in function 'hasEnded' [Warning/use-natspec]
/sb/0xe46340f794e95775a41d40d5031bb716f99120b3.sol:374:3: Mismatch in @return count for function 'hasEnded'. Expected: 1, Found: 0 [Warning/use-natspec]
/sb/0xe46340f794e95775a41d40d5031bb716f99120b3.sol:387:1: Missing @author tag in contract 'CappedCrowdsale' [Warning/use-natspec]
/sb/0xe46340f794e95775a41d40d5031bb716f99120b3.sol:387:1: Missing @notice tag in contract 'CappedCrowdsale' [Warning/use-natspec]
/sb/0xe46340f794e95775a41d40d5031bb716f99120b3.sol:390:3: Missing @notice tag in variable 'cap' [Warning/use-natspec]
/sb/0xe46340f794e95775a41d40d5031bb716f99120b3.sol:392:3: Missing @notice tag in function 'CappedCrowdsale' [Warning/use-natspec]
/sb/0xe46340f794e95775a41d40d5031bb716f99120b3.sol:392:3: Missing @param tag in function 'CappedCrowdsale' [Warning/use-natspec]
/sb/0xe46340f794e95775a41d40d5031bb716f99120b3.sol:392:3: Mismatch in @param names for function 'CappedCrowdsale'. Expected: [_cap], Found: [] [Warning/use-natspec]
/sb/0xe46340f794e95775a41d40d5031bb716f99120b3.sol:393:5: Provide an error message for require [Warning/reason-string]
/sb/0xe46340f794e95775a41d40d5031bb716f99120b3.sol:399:3: Missing @notice tag in function 'validPurchase' [Warning/use-natspec]
/sb/0xe46340f794e95775a41d40d5031bb716f99120b3.sol:399:3: Missing @return tag in function 'validPurchase' [Warning/use-natspec]
/sb/0xe46340f794e95775a41d40d5031bb716f99120b3.sol:399:3: Mismatch in @return count for function 'validPurchase'. Expected: 1, Found: 0 [Warning/use-natspec]
/sb/0xe46340f794e95775a41d40d5031bb716f99120b3.sol:400:22: GC: Non strict inequality found. Try converting to a strict one [Warning/gas-strict-inequalities]
/sb/0xe46340f794e95775a41d40d5031bb716f99120b3.sol:406:3: Missing @notice tag in function 'hasEnded' [Warning/use-natspec]
/sb/0xe46340f794e95775a41d40d5031bb716f99120b3.sol:406:3: Missing @return tag in function 'hasEnded' [Warning/use-natspec]
/sb/0xe46340f794e95775a41d40d5031bb716f99120b3.sol:406:3: Mismatch in @return count for function 'hasEnded'. Expected: 1, Found: 0 [Warning/use-natspec]
/sb/0xe46340f794e95775a41d40d5031bb716f99120b3.sol:407:23: GC: Non strict inequality found. Try converting to a strict one [Warning/gas-strict-inequalities]
/sb/0xe46340f794e95775a41d40d5031bb716f99120b3.sol:420:1: Missing @author tag in contract 'FinalizableCrowdsale' [Warning/use-natspec]
/sb/0xe46340f794e95775a41d40d5031bb716f99120b3.sol:420:1: Missing @notice tag in contract 'FinalizableCrowdsale' [Warning/use-natspec]
/sb/0xe46340f794e95775a41d40d5031bb716f99120b3.sol:423:3: Missing @notice tag in variable 'isFinalized' [Warning/use-natspec]
/sb/0xe46340f794e95775a41d40d5031bb716f99120b3.sol:425:3: Missing @notice tag in event 'Finalized' [Warning/use-natspec]
/sb/0xe46340f794e95775a41d40d5031bb716f99120b3.sol:431:3: Missing @notice tag in function 'finalize' [Warning/use-natspec]
/sb/0xe46340f794e95775a41d40d5031bb716f99120b3.sol:431:33: Visibility modifier must be first in list of modifiers [Warning/visibility-modifier-order]
/sb/0xe46340f794e95775a41d40d5031bb716f99120b3.sol:432:5: Provide an error message for require [Warning/reason-string]
/sb/0xe46340f794e95775a41d40d5031bb716f99120b3.sol:447:3: Missing @notice tag in function 'finalization' [Warning/use-natspec]
/sb/0xe46340f794e95775a41d40d5031bb716f99120b3.sol:447:36: Code contains empty blocks [Warning/no-empty-blocks]
/sb/0xe46340f794e95775a41d40d5031bb716f99120b3.sol:457:1: Missing @author tag in contract 'BurnableToken' [Warning/use-natspec]
/sb/0xe46340f794e95775a41d40d5031bb716f99120b3.sol:457:1: Missing @notice tag in contract 'BurnableToken' [Warning/use-natspec]
/sb/0xe46340f794e95775a41d40d5031bb716f99120b3.sol:459:5: Missing @notice tag in event 'Burn' [Warning/use-natspec]
/sb/0xe46340f794e95775a41d40d5031bb716f99120b3.sol:459:5: Missing @param tag in event 'Burn' [Warning/use-natspec]
/sb/0xe46340f794e95775a41d40d5031bb716f99120b3.sol:459:5: Mismatch in @param names for event 'Burn'. Expected: [burner, value], Found: [] [Warning/use-natspec]
/sb/0xe46340f794e95775a41d40d5031bb716f99120b3.sol:459:5: GC: [value] on Event [Burn] could be Indexed [Warning/gas-indexed-events]
/sb/0xe46340f794e95775a41d40d5031bb716f99120b3.sol:465:5: Missing @notice tag in function 'burn' [Warning/use-natspec]
/sb/0xe46340f794e95775a41d40d5031bb716f99120b3.sol:466:9: Provide an error message for require [Warning/reason-string]
/sb/0xe46340f794e95775a41d40d5031bb716f99120b3.sol:467:9: Provide an error message for require [Warning/reason-string]
/sb/0xe46340f794e95775a41d40d5031bb716f99120b3.sol:467:17: GC: Non strict inequality found. Try converting to a strict one [Warning/gas-strict-inequalities]
/sb/0xe46340f794e95775a41d40d5031bb716f99120b3.sol:485:1: Missing @author tag in contract 'CappedToken' [Warning/use-natspec]
/sb/0xe46340f794e95775a41d40d5031bb716f99120b3.sol:485:1: Missing @notice tag in contract 'CappedToken' [Warning/use-natspec]
/sb/0xe46340f794e95775a41d40d5031bb716f99120b3.sol:487:3: Missing @notice tag in variable 'cap' [Warning/use-natspec]
/sb/0xe46340f794e95775a41d40d5031bb716f99120b3.sol:489:3: Missing @notice tag in function 'CappedToken' [Warning/use-natspec]
/sb/0xe46340f794e95775a41d40d5031bb716f99120b3.sol:489:3: Missing @param tag in function 'CappedToken' [Warning/use-natspec]
/sb/0xe46340f794e95775a41d40d5031bb716f99120b3.sol:489:3: Mismatch in @param names for function 'CappedToken'. Expected: [_cap], Found: [] [Warning/use-natspec]
/sb/0xe46340f794e95775a41d40d5031bb716f99120b3.sol:490:5: Provide an error message for require [Warning/reason-string]
/sb/0xe46340f794e95775a41d40d5031bb716f99120b3.sol:500:3: Missing @notice tag in function 'mint' [Warning/use-natspec]
/sb/0xe46340f794e95775a41d40d5031bb716f99120b3.sol:500:65: Visibility modifier must be first in list of modifiers [Warning/visibility-modifier-order]
/sb/0xe46340f794e95775a41d40d5031bb716f99120b3.sol:501:5: Provide an error message for require [Warning/reason-string]
/sb/0xe46340f794e95775a41d40d5031bb716f99120b3.sol:501:13: GC: Non strict inequality found. Try converting to a strict one [Warning/gas-strict-inequalities]
/sb/0xe46340f794e95775a41d40d5031bb716f99120b3.sol:514:1: Missing @author tag in contract 'Pausable' [Warning/use-natspec]
/sb/0xe46340f794e95775a41d40d5031bb716f99120b3.sol:514:1: Missing @notice tag in contract 'Pausable' [Warning/use-natspec]
/sb/0xe46340f794e95775a41d40d5031bb716f99120b3.sol:515:3: Missing @notice tag in event 'Pause' [Warning/use-natspec]
/sb/0xe46340f794e95775a41d40d5031bb716f99120b3.sol:516:3: Missing @notice tag in event 'Unpause' [Warning/use-natspec]
/sb/0xe46340f794e95775a41d40d5031bb716f99120b3.sol:518:3: Missing @notice tag in variable 'paused' [Warning/use-natspec]
/sb/0xe46340f794e95775a41d40d5031bb716f99120b3.sol:525:5: Provide an error message for require [Warning/reason-string]
/sb/0xe46340f794e95775a41d40d5031bb716f99120b3.sol:533:5: Provide an error message for require [Warning/reason-string]
/sb/0xe46340f794e95775a41d40d5031bb716f99120b3.sol:540:3: Missing @notice tag in function 'pause' [Warning/use-natspec]
/sb/0xe46340f794e95775a41d40d5031bb716f99120b3.sol:540:44: Visibility modifier must be first in list of modifiers [Warning/visibility-modifier-order]
/sb/0xe46340f794e95775a41d40d5031bb716f99120b3.sol:548:3: Missing @notice tag in function 'unpause' [Warning/use-natspec]
/sb/0xe46340f794e95775a41d40d5031bb716f99120b3.sol:548:43: Visibility modifier must be first in list of modifiers [Warning/visibility-modifier-order]
/sb/0xe46340f794e95775a41d40d5031bb716f99120b3.sol:562:1: Missing @author tag in contract 'PausableToken' [Warning/use-natspec]
/sb/0xe46340f794e95775a41d40d5031bb716f99120b3.sol:562:1: Missing @notice tag in contract 'PausableToken' [Warning/use-natspec]
/sb/0xe46340f794e95775a41d40d5031bb716f99120b3.sol:564:3: Missing @notice tag in function 'transfer' [Warning/use-natspec]
/sb/0xe46340f794e95775a41d40d5031bb716f99120b3.sol:564:3: Missing @param tag in function 'transfer' [Warning/use-natspec]
/sb/0xe46340f794e95775a41d40d5031bb716f99120b3.sol:564:3: Mismatch in @param names for function 'transfer'. Expected: [_to, _value], Found: [] [Warning/use-natspec]
/sb/0xe46340f794e95775a41d40d5031bb716f99120b3.sol:564:3: Missing @return tag in function 'transfer' [Warning/use-natspec]
/sb/0xe46340f794e95775a41d40d5031bb716f99120b3.sol:564:3: Mismatch in @return count for function 'transfer'. Expected: 1, Found: 0 [Warning/use-natspec]
/sb/0xe46340f794e95775a41d40d5031bb716f99120b3.sol:568:3: Missing @notice tag in function 'transferFrom' [Warning/use-natspec]
/sb/0xe46340f794e95775a41d40d5031bb716f99120b3.sol:568:3: Missing @param tag in function 'transferFrom' [Warning/use-natspec]
/sb/0xe46340f794e95775a41d40d5031bb716f99120b3.sol:568:3: Mismatch in @param names for function 'transferFrom'. Expected: [_from, _to, _value], Found: [] [Warning/use-natspec]
/sb/0xe46340f794e95775a41d40d5031bb716f99120b3.sol:568:3: Missing @return tag in function 'transferFrom' [Warning/use-natspec]
/sb/0xe46340f794e95775a41d40d5031bb716f99120b3.sol:568:3: Mismatch in @return count for function 'transferFrom'. Expected: 1, Found: 0 [Warning/use-natspec]
/sb/0xe46340f794e95775a41d40d5031bb716f99120b3.sol:572:3: Missing @notice tag in function 'approve' [Warning/use-natspec]
/sb/0xe46340f794e95775a41d40d5031bb716f99120b3.sol:572:3: Missing @param tag in function 'approve' [Warning/use-natspec]
/sb/0xe46340f794e95775a41d40d5031bb716f99120b3.sol:572:3: Mismatch in @param names for function 'approve'. Expected: [_spender, _value], Found: [] [Warning/use-natspec]
/sb/0xe46340f794e95775a41d40d5031bb716f99120b3.sol:572:3: Missing @return tag in function 'approve' [Warning/use-natspec]
/sb/0xe46340f794e95775a41d40d5031bb716f99120b3.sol:572:3: Mismatch in @return count for function 'approve'. Expected: 1, Found: 0 [Warning/use-natspec]
/sb/0xe46340f794e95775a41d40d5031bb716f99120b3.sol:576:3: Missing @notice tag in function 'increaseApproval' [Warning/use-natspec]
/sb/0xe46340f794e95775a41d40d5031bb716f99120b3.sol:576:3: Missing @param tag in function 'increaseApproval' [Warning/use-natspec]
/sb/0xe46340f794e95775a41d40d5031bb716f99120b3.sol:576:3: Mismatch in @param names for function 'increaseApproval'. Expected: [_spender, _addedValue], Found: [] [Warning/use-natspec]
/sb/0xe46340f794e95775a41d40d5031bb716f99120b3.sol:576:3: Missing @return tag in function 'increaseApproval' [Warning/use-natspec]
/sb/0xe46340f794e95775a41d40d5031bb716f99120b3.sol:576:3: Mismatch in @return names for function 'increaseApproval'. Expected: [success], Found: [] [Warning/use-natspec]
/sb/0xe46340f794e95775a41d40d5031bb716f99120b3.sol:576:47: Rule is set with explicit type [var/s: uint] [Warning/explicit-types]
/sb/0xe46340f794e95775a41d40d5031bb716f99120b3.sol:580:3: Missing @notice tag in function 'decreaseApproval' [Warning/use-natspec]
/sb/0xe46340f794e95775a41d40d5031bb716f99120b3.sol:580:3: Missing @param tag in function 'decreaseApproval' [Warning/use-natspec]
/sb/0xe46340f794e95775a41d40d5031bb716f99120b3.sol:580:3: Mismatch in @param names for function 'decreaseApproval'. Expected: [_spender, _subtractedValue], Found: [] [Warning/use-natspec]
/sb/0xe46340f794e95775a41d40d5031bb716f99120b3.sol:580:3: Missing @return tag in function 'decreaseApproval' [Warning/use-natspec]
/sb/0xe46340f794e95775a41d40d5031bb716f99120b3.sol:580:3: Mismatch in @return names for function 'decreaseApproval'. Expected: [success], Found: [] [Warning/use-natspec]
/sb/0xe46340f794e95775a41d40d5031bb716f99120b3.sol:580:47: Rule is set with explicit type [var/s: uint] [Warning/explicit-types]
/sb/0xe46340f794e95775a41d40d5031bb716f99120b3.sol:587:1: Missing @title tag in contract 'CellToken' [Warning/use-natspec]
/sb/0xe46340f794e95775a41d40d5031bb716f99120b3.sol:587:1: Missing @author tag in contract 'CellToken' [Warning/use-natspec]
/sb/0xe46340f794e95775a41d40d5031bb716f99120b3.sol:587:1: Missing @notice tag in contract 'CellToken' [Warning/use-natspec]
/sb/0xe46340f794e95775a41d40d5031bb716f99120b3.sol:589:5: Missing @notice tag in variable 'name' [Warning/use-natspec]
/sb/0xe46340f794e95775a41d40d5031bb716f99120b3.sol:589:5: Constant name must be in capitalized SNAKE_CASE [Warning/const-name-snakecase]
/sb/0xe46340f794e95775a41d40d5031bb716f99120b3.sol:590:5: Missing @notice tag in variable 'symbol' [Warning/use-natspec]
/sb/0xe46340f794e95775a41d40d5031bb716f99120b3.sol:590:5: Constant name must be in capitalized SNAKE_CASE [Warning/const-name-snakecase]
/sb/0xe46340f794e95775a41d40d5031bb716f99120b3.sol:591:5: Missing @notice tag in variable 'decimals' [Warning/use-natspec]
/sb/0xe46340f794e95775a41d40d5031bb716f99120b3.sol:591:5: Constant name must be in capitalized SNAKE_CASE [Warning/const-name-snakecase]
/sb/0xe46340f794e95775a41d40d5031bb716f99120b3.sol:593:5: Missing @notice tag in function 'CellToken' [Warning/use-natspec]
/sb/0xe46340f794e95775a41d40d5031bb716f99120b3.sol:593:5: Missing @param tag in function 'CellToken' [Warning/use-natspec]
/sb/0xe46340f794e95775a41d40d5031bb716f99120b3.sol:593:5: Mismatch in @param names for function 'CellToken'. Expected: [_cap], Found: [] [Warning/use-natspec]
/sb/0xe46340f794e95775a41d40d5031bb716f99120b3.sol:595:9: Visibility modifier must be first in list of modifiers [Warning/visibility-modifier-order]
/sb/0xe46340f794e95775a41d40d5031bb716f99120b3.sol:604:1: Missing @title tag in contract 'CellCrowdsale' [Warning/use-natspec]
/sb/0xe46340f794e95775a41d40d5031bb716f99120b3.sol:604:1: Missing @author tag in contract 'CellCrowdsale' [Warning/use-natspec]
/sb/0xe46340f794e95775a41d40d5031bb716f99120b3.sol:604:1: Missing @notice tag in contract 'CellCrowdsale' [Warning/use-natspec]
/sb/0xe46340f794e95775a41d40d5031bb716f99120b3.sol:606:5: Missing @notice tag in function 'CellCrowdsale' [Warning/use-natspec]
/sb/0xe46340f794e95775a41d40d5031bb716f99120b3.sol:616:5: Missing @notice tag in function 'createTokenContract' [Warning/use-natspec]
/sb/0xe46340f794e95775a41d40d5031bb716f99120b3.sol:616:5: Missing @return tag in function 'createTokenContract' [Warning/use-natspec]
/sb/0xe46340f794e95775a41d40d5031bb716f99120b3.sol:616:5: Mismatch in @return count for function 'createTokenContract'. Expected: 1, Found: 0 [Warning/use-natspec]
/sb/0xe46340f794e95775a41d40d5031bb716f99120b3.sol:624:5: Missing @notice tag in function 'buyTokens' [Warning/use-natspec]
/sb/0xe46340f794e95775a41d40d5031bb716f99120b3.sol:624:5: Missing @param tag in function 'buyTokens' [Warning/use-natspec]
/sb/0xe46340f794e95775a41d40d5031bb716f99120b3.sol:624:5: Mismatch in @param names for function 'buyTokens'. Expected: [beneficiary], Found: [] [Warning/use-natspec]
/sb/0xe46340f794e95775a41d40d5031bb716f99120b3.sol:625:9: Provide an error message for require [Warning/reason-string]
/sb/0xe46340f794e95775a41d40d5031bb716f99120b3.sol:626:9: Provide an error message for require [Warning/reason-string]
/sb/0xe46340f794e95775a41d40d5031bb716f99120b3.sol:631:9: Provide an error message for require [Warning/reason-string]
/sb/0xe46340f794e95775a41d40d5031bb716f99120b3.sol:631:17: GC: Non strict inequality found. Try converting to a strict one [Warning/gas-strict-inequalities]
/sb/0xe46340f794e95775a41d40d5031bb716f99120b3.sol:645:5: Missing @notice tag in function 'calculateRate' [Warning/use-natspec]
/sb/0xe46340f794e95775a41d40d5031bb716f99120b3.sol:645:5: Missing @return tag in function 'calculateRate' [Warning/use-natspec]
/sb/0xe46340f794e95775a41d40d5031bb716f99120b3.sol:645:5: Mismatch in @return count for function 'calculateRate'. Expected: 1, Found: 0 [Warning/use-natspec]
/sb/0xe46340f794e95775a41d40d5031bb716f99120b3.sol:647:14: GC: Non strict inequality found. Try converting to a strict one [Warning/gas-strict-inequalities]
/sb/0xe46340f794e95775a41d40d5031bb716f99120b3.sol:649:19: GC: Non strict inequality found. Try converting to a strict one [Warning/gas-strict-inequalities]
/sb/0xe46340f794e95775a41d40d5031bb716f99120b3.sol:651:19: GC: Non strict inequality found. Try converting to a strict one [Warning/gas-strict-inequalities]
/sb/0xe46340f794e95775a41d40d5031bb716f99120b3.sol:658:5: Missing @notice tag in function 'finalization' [Warning/use-natspec]
/sb/0xe46340f794e95775a41d40d5031bb716f99120b3.sol:668:5: Missing @notice tag in function 'mintTo' [Warning/use-natspec]
/sb/0xe46340f794e95775a41d40d5031bb716f99120b3.sol:668:5: Missing @param tag in function 'mintTo' [Warning/use-natspec]
/sb/0xe46340f794e95775a41d40d5031bb716f99120b3.sol:668:5: Mismatch in @param names for function 'mintTo'. Expected: [beneficiary, tokens], Found: [] [Warning/use-natspec]

283 problem/s (1 error/s, 282 warning/s)
