A new version of Solhint is available: 6.0.1
Please consider updating your Solhint package.
/sb/0x83b6ad8e37ab7a4f71da533a35271484270ec6c2.sol:1:1: Found more than One contract per file. 5 contracts found! [Warning/one-contract-per-file]
/sb/0x83b6ad8e37ab7a4f71da533a35271484270ec6c2.sol:1:1: Compiler version ^0.4.2 does not satisfy the ^0.8.24 semver requirement [Error/compiler-version]
/sb/0x83b6ad8e37ab7a4f71da533a35271484270ec6c2.sol:3:1: Missing @title tag in contract 'mortal' [Warning/use-natspec]
/sb/0x83b6ad8e37ab7a4f71da533a35271484270ec6c2.sol:3:1: Missing @author tag in contract 'mortal' [Warning/use-natspec]
/sb/0x83b6ad8e37ab7a4f71da533a35271484270ec6c2.sol:3:1: Missing @notice tag in contract 'mortal' [Warning/use-natspec]
/sb/0x83b6ad8e37ab7a4f71da533a35271484270ec6c2.sol:3:1: Contract, Structs and Enums should be in CapWords [Warning/contract-name-capwords]
/sb/0x83b6ad8e37ab7a4f71da533a35271484270ec6c2.sol:5:5: Explicitly mark visibility of state [Warning/state-visibility]
/sb/0x83b6ad8e37ab7a4f71da533a35271484270ec6c2.sol:8:5: Missing @notice tag in function 'mortal' [Warning/use-natspec]
/sb/0x83b6ad8e37ab7a4f71da533a35271484270ec6c2.sol:8:5: Explicitly mark visibility in function (Set ignoreConstructors to true if using solidity >=0.7.0) [Warning/func-visibility]
/sb/0x83b6ad8e37ab7a4f71da533a35271484270ec6c2.sol:11:5: Missing @notice tag in function 'kill' [Warning/use-natspec]
/sb/0x83b6ad8e37ab7a4f71da533a35271484270ec6c2.sol:11:5: Explicitly mark visibility in function [Warning/func-visibility]
/sb/0x83b6ad8e37ab7a4f71da533a35271484270ec6c2.sol:14:1: Missing @title tag in contract 'owned' [Warning/use-natspec]
/sb/0x83b6ad8e37ab7a4f71da533a35271484270ec6c2.sol:14:1: Missing @author tag in contract 'owned' [Warning/use-natspec]
/sb/0x83b6ad8e37ab7a4f71da533a35271484270ec6c2.sol:14:1: Missing @notice tag in contract 'owned' [Warning/use-natspec]
/sb/0x83b6ad8e37ab7a4f71da533a35271484270ec6c2.sol:14:1: Contract, Structs and Enums should be in CapWords [Warning/contract-name-capwords]
/sb/0x83b6ad8e37ab7a4f71da533a35271484270ec6c2.sol:15:5: Missing @notice tag in variable 'owner' [Warning/use-natspec]
/sb/0x83b6ad8e37ab7a4f71da533a35271484270ec6c2.sol:17:5: Missing @notice tag in function 'owned' [Warning/use-natspec]
/sb/0x83b6ad8e37ab7a4f71da533a35271484270ec6c2.sol:17:5: Explicitly mark visibility in function (Set ignoreConstructors to true if using solidity >=0.7.0) [Warning/func-visibility]
/sb/0x83b6ad8e37ab7a4f71da533a35271484270ec6c2.sol:22:34: "throw" is deprecated, avoid to use it [Warning/avoid-throw]
/sb/0x83b6ad8e37ab7a4f71da533a35271484270ec6c2.sol:26:5: Missing @notice tag in function 'transferOwnership' [Warning/use-natspec]
/sb/0x83b6ad8e37ab7a4f71da533a35271484270ec6c2.sol:26:5: Missing @param tag in function 'transferOwnership' [Warning/use-natspec]
/sb/0x83b6ad8e37ab7a4f71da533a35271484270ec6c2.sol:26:5: Mismatch in @param names for function 'transferOwnership'. Expected: [newOwner], Found: [] [Warning/use-natspec]
/sb/0x83b6ad8e37ab7a4f71da533a35271484270ec6c2.sol:26:5: Explicitly mark visibility in function [Warning/func-visibility]
/sb/0x83b6ad8e37ab7a4f71da533a35271484270ec6c2.sol:31:1: Missing @title tag in contract 'tokenRecipient' [Warning/use-natspec]
/sb/0x83b6ad8e37ab7a4f71da533a35271484270ec6c2.sol:31:1: Missing @author tag in contract 'tokenRecipient' [Warning/use-natspec]
/sb/0x83b6ad8e37ab7a4f71da533a35271484270ec6c2.sol:31:1: Missing @notice tag in contract 'tokenRecipient' [Warning/use-natspec]
/sb/0x83b6ad8e37ab7a4f71da533a35271484270ec6c2.sol:31:1: Contract, Structs and Enums should be in CapWords [Warning/contract-name-capwords]
/sb/0x83b6ad8e37ab7a4f71da533a35271484270ec6c2.sol:31:27: Missing @notice tag in function 'receiveApproval' [Warning/use-natspec]
/sb/0x83b6ad8e37ab7a4f71da533a35271484270ec6c2.sol:31:27: Missing @param tag in function 'receiveApproval' [Warning/use-natspec]
/sb/0x83b6ad8e37ab7a4f71da533a35271484270ec6c2.sol:31:27: Mismatch in @param names for function 'receiveApproval'. Expected: [_from, _value, _token, _extraData], Found: [] [Warning/use-natspec]
/sb/0x83b6ad8e37ab7a4f71da533a35271484270ec6c2.sol:31:27: Explicitly mark visibility in function [Warning/func-visibility]
/sb/0x83b6ad8e37ab7a4f71da533a35271484270ec6c2.sol:33:1: Missing @title tag in contract 'token' [Warning/use-natspec]
/sb/0x83b6ad8e37ab7a4f71da533a35271484270ec6c2.sol:33:1: Missing @author tag in contract 'token' [Warning/use-natspec]
/sb/0x83b6ad8e37ab7a4f71da533a35271484270ec6c2.sol:33:1: Missing @notice tag in contract 'token' [Warning/use-natspec]
/sb/0x83b6ad8e37ab7a4f71da533a35271484270ec6c2.sol:33:1: Contract, Structs and Enums should be in CapWords [Warning/contract-name-capwords]
/sb/0x83b6ad8e37ab7a4f71da533a35271484270ec6c2.sol:35:5: Missing @notice tag in variable 'standard' [Warning/use-natspec]
/sb/0x83b6ad8e37ab7a4f71da533a35271484270ec6c2.sol:35:30: Use double quotes for string literals [Error/quotes]
/sb/0x83b6ad8e37ab7a4f71da533a35271484270ec6c2.sol:36:5: Missing @notice tag in variable 'name' [Warning/use-natspec]
/sb/0x83b6ad8e37ab7a4f71da533a35271484270ec6c2.sol:37:5: Missing @notice tag in variable 'symbol' [Warning/use-natspec]
/sb/0x83b6ad8e37ab7a4f71da533a35271484270ec6c2.sol:38:5: Missing @notice tag in variable 'decimals' [Warning/use-natspec]
/sb/0x83b6ad8e37ab7a4f71da533a35271484270ec6c2.sol:39:5: Missing @notice tag in variable 'totalSupply' [Warning/use-natspec]
/sb/0x83b6ad8e37ab7a4f71da533a35271484270ec6c2.sol:42:5: Missing @notice tag in variable 'balanceOf' [Warning/use-natspec]
/sb/0x83b6ad8e37ab7a4f71da533a35271484270ec6c2.sol:43:5: Missing @notice tag in variable 'allowance' [Warning/use-natspec]
/sb/0x83b6ad8e37ab7a4f71da533a35271484270ec6c2.sol:46:5: Missing @notice tag in event 'Transfer' [Warning/use-natspec]
/sb/0x83b6ad8e37ab7a4f71da533a35271484270ec6c2.sol:46:5: Missing @param tag in event 'Transfer' [Warning/use-natspec]
/sb/0x83b6ad8e37ab7a4f71da533a35271484270ec6c2.sol:46:5: Mismatch in @param names for event 'Transfer'. Expected: [from, to, value], Found: [] [Warning/use-natspec]
/sb/0x83b6ad8e37ab7a4f71da533a35271484270ec6c2.sol:46:5: GC: [value] on Event [Transfer] could be Indexed [Warning/gas-indexed-events]
/sb/0x83b6ad8e37ab7a4f71da533a35271484270ec6c2.sol:49:5: Missing @notice tag in function 'token' [Warning/use-natspec]
/sb/0x83b6ad8e37ab7a4f71da533a35271484270ec6c2.sol:49:5: Missing @param tag in function 'token' [Warning/use-natspec]
/sb/0x83b6ad8e37ab7a4f71da533a35271484270ec6c2.sol:49:5: Mismatch in @param names for function 'token'. Expected: [initialSupply, tokenName, decimalUnits, tokenSymbol], Found: [] [Warning/use-natspec]
/sb/0x83b6ad8e37ab7a4f71da533a35271484270ec6c2.sol:49:5: Explicitly mark visibility in function (Set ignoreConstructors to true if using solidity >=0.7.0) [Warning/func-visibility]
/sb/0x83b6ad8e37ab7a4f71da533a35271484270ec6c2.sol:63:5: Missing @notice tag in function 'transfer' [Warning/use-natspec]
/sb/0x83b6ad8e37ab7a4f71da533a35271484270ec6c2.sol:63:5: Missing @param tag in function 'transfer' [Warning/use-natspec]
/sb/0x83b6ad8e37ab7a4f71da533a35271484270ec6c2.sol:63:5: Mismatch in @param names for function 'transfer'. Expected: [_to, _value], Found: [] [Warning/use-natspec]
/sb/0x83b6ad8e37ab7a4f71da533a35271484270ec6c2.sol:63:5: Explicitly mark visibility in function [Warning/func-visibility]
/sb/0x83b6ad8e37ab7a4f71da533a35271484270ec6c2.sol:64:45: "throw" is deprecated, avoid to use it [Warning/avoid-throw]
/sb/0x83b6ad8e37ab7a4f71da533a35271484270ec6c2.sol:65:55: "throw" is deprecated, avoid to use it [Warning/avoid-throw]
/sb/0x83b6ad8e37ab7a4f71da533a35271484270ec6c2.sol:72:5: Missing @notice tag in function 'approve' [Warning/use-natspec]
/sb/0x83b6ad8e37ab7a4f71da533a35271484270ec6c2.sol:72:5: Missing @param tag in function 'approve' [Warning/use-natspec]
/sb/0x83b6ad8e37ab7a4f71da533a35271484270ec6c2.sol:72:5: Mismatch in @param names for function 'approve'. Expected: [_spender, _value], Found: [] [Warning/use-natspec]
/sb/0x83b6ad8e37ab7a4f71da533a35271484270ec6c2.sol:72:5: Missing @return tag in function 'approve' [Warning/use-natspec]
/sb/0x83b6ad8e37ab7a4f71da533a35271484270ec6c2.sol:72:5: Mismatch in @return names for function 'approve'. Expected: [success], Found: [] [Warning/use-natspec]
/sb/0x83b6ad8e37ab7a4f71da533a35271484270ec6c2.sol:72:5: Explicitly mark visibility in function [Warning/func-visibility]
/sb/0x83b6ad8e37ab7a4f71da533a35271484270ec6c2.sol:75:9: Variable "spender" is unused [Warning/no-unused-vars]
/sb/0x83b6ad8e37ab7a4f71da533a35271484270ec6c2.sol:80:5: Missing @notice tag in function 'approveAndCall' [Warning/use-natspec]
/sb/0x83b6ad8e37ab7a4f71da533a35271484270ec6c2.sol:80:5: Missing @param tag in function 'approveAndCall' [Warning/use-natspec]
/sb/0x83b6ad8e37ab7a4f71da533a35271484270ec6c2.sol:80:5: Mismatch in @param names for function 'approveAndCall'. Expected: [_spender, _value, _extraData], Found: [] [Warning/use-natspec]
/sb/0x83b6ad8e37ab7a4f71da533a35271484270ec6c2.sol:80:5: Missing @return tag in function 'approveAndCall' [Warning/use-natspec]
/sb/0x83b6ad8e37ab7a4f71da533a35271484270ec6c2.sol:80:5: Mismatch in @return names for function 'approveAndCall'. Expected: [success], Found: [] [Warning/use-natspec]
/sb/0x83b6ad8e37ab7a4f71da533a35271484270ec6c2.sol:80:5: Explicitly mark visibility in function [Warning/func-visibility]
/sb/0x83b6ad8e37ab7a4f71da533a35271484270ec6c2.sol:90:5: Missing @notice tag in function 'transferFrom' [Warning/use-natspec]
/sb/0x83b6ad8e37ab7a4f71da533a35271484270ec6c2.sol:90:5: Missing @param tag in function 'transferFrom' [Warning/use-natspec]
/sb/0x83b6ad8e37ab7a4f71da533a35271484270ec6c2.sol:90:5: Mismatch in @param names for function 'transferFrom'. Expected: [_from, _to, _value], Found: [] [Warning/use-natspec]
/sb/0x83b6ad8e37ab7a4f71da533a35271484270ec6c2.sol:90:5: Missing @return tag in function 'transferFrom' [Warning/use-natspec]
/sb/0x83b6ad8e37ab7a4f71da533a35271484270ec6c2.sol:90:5: Mismatch in @return names for function 'transferFrom'. Expected: [success], Found: [] [Warning/use-natspec]
/sb/0x83b6ad8e37ab7a4f71da533a35271484270ec6c2.sol:90:5: Explicitly mark visibility in function [Warning/func-visibility]
/sb/0x83b6ad8e37ab7a4f71da533a35271484270ec6c2.sol:91:40: "throw" is deprecated, avoid to use it [Warning/avoid-throw]
/sb/0x83b6ad8e37ab7a4f71da533a35271484270ec6c2.sol:92:55: "throw" is deprecated, avoid to use it [Warning/avoid-throw]
/sb/0x83b6ad8e37ab7a4f71da533a35271484270ec6c2.sol:93:52: "throw" is deprecated, avoid to use it [Warning/avoid-throw]
/sb/0x83b6ad8e37ab7a4f71da533a35271484270ec6c2.sol:102:5: Missing @notice tag in function '<anonymous>' [Warning/use-natspec]
/sb/0x83b6ad8e37ab7a4f71da533a35271484270ec6c2.sol:102:5: Explicitly mark visibility in function [Warning/func-visibility]
/sb/0x83b6ad8e37ab7a4f71da533a35271484270ec6c2.sol:103:9: "throw" is deprecated, avoid to use it [Warning/avoid-throw]
/sb/0x83b6ad8e37ab7a4f71da533a35271484270ec6c2.sol:107:1: Missing @title tag in contract 'WelfareTokenFund' [Warning/use-natspec]
/sb/0x83b6ad8e37ab7a4f71da533a35271484270ec6c2.sol:107:1: Missing @author tag in contract 'WelfareTokenFund' [Warning/use-natspec]
/sb/0x83b6ad8e37ab7a4f71da533a35271484270ec6c2.sol:107:1: Missing @notice tag in contract 'WelfareTokenFund' [Warning/use-natspec]
/sb/0x83b6ad8e37ab7a4f71da533a35271484270ec6c2.sol:109:5: Missing @notice tag in variable 'sellPrice' [Warning/use-natspec]
/sb/0x83b6ad8e37ab7a4f71da533a35271484270ec6c2.sol:110:5: Missing @notice tag in variable 'buyPrice' [Warning/use-natspec]
/sb/0x83b6ad8e37ab7a4f71da533a35271484270ec6c2.sol:111:5: Missing @notice tag in variable 'totalSupply' [Warning/use-natspec]
/sb/0x83b6ad8e37ab7a4f71da533a35271484270ec6c2.sol:113:5: Missing @notice tag in variable 'frozenAccount' [Warning/use-natspec]
/sb/0x83b6ad8e37ab7a4f71da533a35271484270ec6c2.sol:116:5: Missing @notice tag in event 'FrozenFunds' [Warning/use-natspec]
/sb/0x83b6ad8e37ab7a4f71da533a35271484270ec6c2.sol:116:5: Missing @param tag in event 'FrozenFunds' [Warning/use-natspec]
/sb/0x83b6ad8e37ab7a4f71da533a35271484270ec6c2.sol:116:5: Mismatch in @param names for event 'FrozenFunds'. Expected: [target, frozen], Found: [] [Warning/use-natspec]
/sb/0x83b6ad8e37ab7a4f71da533a35271484270ec6c2.sol:116:5: GC: [target] on Event [FrozenFunds] could be Indexed [Warning/gas-indexed-events]
/sb/0x83b6ad8e37ab7a4f71da533a35271484270ec6c2.sol:116:5: GC: [frozen] on Event [FrozenFunds] could be Indexed [Warning/gas-indexed-events]
/sb/0x83b6ad8e37ab7a4f71da533a35271484270ec6c2.sol:119:5: Missing @notice tag in function 'WelfareTokenFund' [Warning/use-natspec]
/sb/0x83b6ad8e37ab7a4f71da533a35271484270ec6c2.sol:119:5: Explicitly mark visibility in function (Set ignoreConstructors to true if using solidity >=0.7.0) [Warning/func-visibility]
/sb/0x83b6ad8e37ab7a4f71da533a35271484270ec6c2.sol:125:5: Missing @notice tag in function 'transfer' [Warning/use-natspec]
/sb/0x83b6ad8e37ab7a4f71da533a35271484270ec6c2.sol:125:5: Missing @param tag in function 'transfer' [Warning/use-natspec]
/sb/0x83b6ad8e37ab7a4f71da533a35271484270ec6c2.sol:125:5: Mismatch in @param names for function 'transfer'. Expected: [_to, _value], Found: [] [Warning/use-natspec]
/sb/0x83b6ad8e37ab7a4f71da533a35271484270ec6c2.sol:125:5: Explicitly mark visibility in function [Warning/func-visibility]
/sb/0x83b6ad8e37ab7a4f71da533a35271484270ec6c2.sol:126:45: "throw" is deprecated, avoid to use it [Warning/avoid-throw]
/sb/0x83b6ad8e37ab7a4f71da533a35271484270ec6c2.sol:127:55: "throw" is deprecated, avoid to use it [Warning/avoid-throw]
/sb/0x83b6ad8e37ab7a4f71da533a35271484270ec6c2.sol:128:40: "throw" is deprecated, avoid to use it [Warning/avoid-throw]
/sb/0x83b6ad8e37ab7a4f71da533a35271484270ec6c2.sol:136:5: Missing @notice tag in function 'transferFrom' [Warning/use-natspec]
/sb/0x83b6ad8e37ab7a4f71da533a35271484270ec6c2.sol:136:5: Missing @param tag in function 'transferFrom' [Warning/use-natspec]
/sb/0x83b6ad8e37ab7a4f71da533a35271484270ec6c2.sol:136:5: Mismatch in @param names for function 'transferFrom'. Expected: [_from, _to, _value], Found: [] [Warning/use-natspec]
/sb/0x83b6ad8e37ab7a4f71da533a35271484270ec6c2.sol:136:5: Missing @return tag in function 'transferFrom' [Warning/use-natspec]
/sb/0x83b6ad8e37ab7a4f71da533a35271484270ec6c2.sol:136:5: Mismatch in @return names for function 'transferFrom'. Expected: [success], Found: [] [Warning/use-natspec]
/sb/0x83b6ad8e37ab7a4f71da533a35271484270ec6c2.sol:136:5: Explicitly mark visibility in function [Warning/func-visibility]
/sb/0x83b6ad8e37ab7a4f71da533a35271484270ec6c2.sol:137:35: "throw" is deprecated, avoid to use it [Warning/avoid-throw]
/sb/0x83b6ad8e37ab7a4f71da533a35271484270ec6c2.sol:138:40: "throw" is deprecated, avoid to use it [Warning/avoid-throw]
/sb/0x83b6ad8e37ab7a4f71da533a35271484270ec6c2.sol:139:55: "throw" is deprecated, avoid to use it [Warning/avoid-throw]
/sb/0x83b6ad8e37ab7a4f71da533a35271484270ec6c2.sol:140:52: "throw" is deprecated, avoid to use it [Warning/avoid-throw]
/sb/0x83b6ad8e37ab7a4f71da533a35271484270ec6c2.sol:148:5: Missing @notice tag in function 'mintToken' [Warning/use-natspec]
/sb/0x83b6ad8e37ab7a4f71da533a35271484270ec6c2.sol:148:5: Missing @param tag in function 'mintToken' [Warning/use-natspec]
/sb/0x83b6ad8e37ab7a4f71da533a35271484270ec6c2.sol:148:5: Mismatch in @param names for function 'mintToken'. Expected: [target, mintedAmount], Found: [] [Warning/use-natspec]
/sb/0x83b6ad8e37ab7a4f71da533a35271484270ec6c2.sol:148:5: Explicitly mark visibility in function [Warning/func-visibility]
/sb/0x83b6ad8e37ab7a4f71da533a35271484270ec6c2.sol:155:5: Missing @notice tag in function 'freezeAccount' [Warning/use-natspec]
/sb/0x83b6ad8e37ab7a4f71da533a35271484270ec6c2.sol:155:5: Missing @param tag in function 'freezeAccount' [Warning/use-natspec]
/sb/0x83b6ad8e37ab7a4f71da533a35271484270ec6c2.sol:155:5: Mismatch in @param names for function 'freezeAccount'. Expected: [target, freeze], Found: [] [Warning/use-natspec]
/sb/0x83b6ad8e37ab7a4f71da533a35271484270ec6c2.sol:155:5: Explicitly mark visibility in function [Warning/func-visibility]
/sb/0x83b6ad8e37ab7a4f71da533a35271484270ec6c2.sol:160:5: Missing @notice tag in function 'setPrices' [Warning/use-natspec]
/sb/0x83b6ad8e37ab7a4f71da533a35271484270ec6c2.sol:160:5: Missing @param tag in function 'setPrices' [Warning/use-natspec]
/sb/0x83b6ad8e37ab7a4f71da533a35271484270ec6c2.sol:160:5: Mismatch in @param names for function 'setPrices'. Expected: [newSellPrice, newBuyPrice], Found: [] [Warning/use-natspec]
/sb/0x83b6ad8e37ab7a4f71da533a35271484270ec6c2.sol:160:5: Explicitly mark visibility in function [Warning/func-visibility]
/sb/0x83b6ad8e37ab7a4f71da533a35271484270ec6c2.sol:165:5: Missing @notice tag in function 'buy' [Warning/use-natspec]
/sb/0x83b6ad8e37ab7a4f71da533a35271484270ec6c2.sol:165:5: Explicitly mark visibility in function [Warning/func-visibility]
/sb/0x83b6ad8e37ab7a4f71da533a35271484270ec6c2.sol:166:9: Rule is set with explicit type [var/s: uint] [Warning/explicit-types]
/sb/0x83b6ad8e37ab7a4f71da533a35271484270ec6c2.sol:167:39: "throw" is deprecated, avoid to use it [Warning/avoid-throw]
/sb/0x83b6ad8e37ab7a4f71da533a35271484270ec6c2.sol:173:5: Missing @notice tag in function 'sell' [Warning/use-natspec]
/sb/0x83b6ad8e37ab7a4f71da533a35271484270ec6c2.sol:173:5: Missing @param tag in function 'sell' [Warning/use-natspec]
/sb/0x83b6ad8e37ab7a4f71da533a35271484270ec6c2.sol:173:5: Mismatch in @param names for function 'sell'. Expected: [amount], Found: [] [Warning/use-natspec]
/sb/0x83b6ad8e37ab7a4f71da533a35271484270ec6c2.sol:173:5: Explicitly mark visibility in function [Warning/func-visibility]
/sb/0x83b6ad8e37ab7a4f71da533a35271484270ec6c2.sol:174:46: "throw" is deprecated, avoid to use it [Warning/avoid-throw]
/sb/0x83b6ad8e37ab7a4f71da533a35271484270ec6c2.sol:178:13: "throw" is deprecated, avoid to use it [Warning/avoid-throw]

135 problem/s (2 error/s, 133 warning/s)
