ANTLR runtime and generated code versions disagree: 4.9.2!=4.7.2
ANTLR runtime and generated code versions disagree: 4.9.2!=4.7.2
Analysing /sb/0xb8686de76034fd35330942125a300537395fbf5a.sol:BCASToken...
Vulnerability: Integer Overflow. Maybe in function: approve(address,uint256). PC: 0xc7f. Line number: 116.
If a = 32
and b = 115792089237316195423570985008687907853269984665640564039457584007913129639744
Vulnerability: Reentrancy. Maybe in function: approve(address,uint256). PC: 0xd45. Line number: 116.
Vulnerability: Integer Underflow. Maybe in function: burnFrom(address,uint256). PC: 0xadd. Line number: 149.
If a = 115792089237316195423570985008687907853269984665640564039457584007913129639934
and b = 115792089237316195423570985008687907853269984665640564039457584007913129639935
Vulnerability: Integer Underflow. Maybe in function: burn(uint256). PC: 0x8ac. Line number: 131.
If a = 115792089237316195423570985008687907853269984665640564039457584007913129639934
and b = 115792089237316195423570985008687907853269984665640564039457584007913129639935
Vulnerability: Integer Overflow. Maybe in function: approveAndCall(address,uint256,bytes). PC: 0x4cb. Line number: 111.
If a = 31
and b = 115792089237316195423570985008687907853269984665640564039457584007913129639905
Analysing /sb/0xb8686de76034fd35330942125a300537395fbf5a.sol:TokenERC20...
Vulnerability: Integer Overflow. Maybe in function: approve(address,uint256). PC: 0xc7f. Line number: 116.
If a = 32
and b = 115792089237316195423570985008687907853269984665640564039457584007913129639744
Vulnerability: Reentrancy. Maybe in function: approve(address,uint256). PC: 0xd45. Line number: 116.
Vulnerability: Integer Underflow. Maybe in function: burnFrom(address,uint256). PC: 0xadd. Line number: 149.
If a = 115792089237316195423570985008687907853269984665640564039457584007913129639934
and b = 115792089237316195423570985008687907853269984665640564039457584007913129639935
Vulnerability: Integer Underflow. Maybe in function: burn(uint256). PC: 0x8ac. Line number: 131.
If a = 115792089237316195423570985008687907853269984665640564039457584007913129639934
and b = 115792089237316195423570985008687907853269984665640564039457584007913129639935
Vulnerability: Integer Overflow. Maybe in function: approveAndCall(address,uint256,bytes). PC: 0x4cb. Line number: 111.
If a = 31
and b = 115792089237316195423570985008687907853269984665640564039457584007913129639905
Analysing /sb/0xb8686de76034fd35330942125a300537395fbf5a.sol:tokenRecipient...
Nothing to analyse
