A new version of Solhint is available: 6.0.1
Please consider updating your Solhint package.
/sb/0x00a8be6ea4888d6f232dfb84c3a7628c8a3dfd7e.sol:13:1: Found more than One contract per file. 5 contracts found! [Warning/one-contract-per-file]
/sb/0x00a8be6ea4888d6f232dfb84c3a7628c8a3dfd7e.sol:13:1: Compiler version 0.8.7 does not satisfy the ^0.8.24 semver requirement [Error/compiler-version]
/sb/0x00a8be6ea4888d6f232dfb84c3a7628c8a3dfd7e.sol:47:1: Missing @title tag in contract 'SafeMath' [Warning/use-natspec]
/sb/0x00a8be6ea4888d6f232dfb84c3a7628c8a3dfd7e.sol:47:1: Missing @author tag in contract 'SafeMath' [Warning/use-natspec]
/sb/0x00a8be6ea4888d6f232dfb84c3a7628c8a3dfd7e.sol:47:1: Missing @notice tag in contract 'SafeMath' [Warning/use-natspec]
/sb/0x00a8be6ea4888d6f232dfb84c3a7628c8a3dfd7e.sol:69:5: Missing @notice tag in function 'add' [Warning/use-natspec]
/sb/0x00a8be6ea4888d6f232dfb84c3a7628c8a3dfd7e.sol:69:5: Missing @param tag in function 'add' [Warning/use-natspec]
/sb/0x00a8be6ea4888d6f232dfb84c3a7628c8a3dfd7e.sol:69:5: Mismatch in @param names for function 'add'. Expected: [a, b], Found: [] [Warning/use-natspec]
/sb/0x00a8be6ea4888d6f232dfb84c3a7628c8a3dfd7e.sol:69:5: Missing @return tag in function 'add' [Warning/use-natspec]
/sb/0x00a8be6ea4888d6f232dfb84c3a7628c8a3dfd7e.sol:69:5: Mismatch in @return count for function 'add'. Expected: 1, Found: 0 [Warning/use-natspec]
/sb/0x00a8be6ea4888d6f232dfb84c3a7628c8a3dfd7e.sol:73:9: GC: Use Custom Errors instead of require statements [Warning/gas-custom-errors]
/sb/0x00a8be6ea4888d6f232dfb84c3a7628c8a3dfd7e.sol:73:17: GC: Non strict inequality found. Try converting to a strict one [Warning/gas-strict-inequalities]
/sb/0x00a8be6ea4888d6f232dfb84c3a7628c8a3dfd7e.sol:73:25: Use double quotes for string literals [Error/quotes]
/sb/0x00a8be6ea4888d6f232dfb84c3a7628c8a3dfd7e.sol:103:5: Missing @notice tag in function 'sub' [Warning/use-natspec]
/sb/0x00a8be6ea4888d6f232dfb84c3a7628c8a3dfd7e.sol:103:5: Missing @param tag in function 'sub' [Warning/use-natspec]
/sb/0x00a8be6ea4888d6f232dfb84c3a7628c8a3dfd7e.sol:103:5: Mismatch in @param names for function 'sub'. Expected: [a, b], Found: [] [Warning/use-natspec]
/sb/0x00a8be6ea4888d6f232dfb84c3a7628c8a3dfd7e.sol:103:5: Missing @return tag in function 'sub' [Warning/use-natspec]
/sb/0x00a8be6ea4888d6f232dfb84c3a7628c8a3dfd7e.sol:103:5: Mismatch in @return count for function 'sub'. Expected: 1, Found: 0 [Warning/use-natspec]
/sb/0x00a8be6ea4888d6f232dfb84c3a7628c8a3dfd7e.sol:105:26: Use double quotes for string literals [Error/quotes]
/sb/0x00a8be6ea4888d6f232dfb84c3a7628c8a3dfd7e.sol:131:5: Missing @notice tag in function 'sub' [Warning/use-natspec]
/sb/0x00a8be6ea4888d6f232dfb84c3a7628c8a3dfd7e.sol:131:5: Missing @param tag in function 'sub' [Warning/use-natspec]
/sb/0x00a8be6ea4888d6f232dfb84c3a7628c8a3dfd7e.sol:131:5: Mismatch in @param names for function 'sub'. Expected: [a, b, errorMessage], Found: [] [Warning/use-natspec]
/sb/0x00a8be6ea4888d6f232dfb84c3a7628c8a3dfd7e.sol:131:5: Missing @return tag in function 'sub' [Warning/use-natspec]
/sb/0x00a8be6ea4888d6f232dfb84c3a7628c8a3dfd7e.sol:131:5: Mismatch in @return count for function 'sub'. Expected: 1, Found: 0 [Warning/use-natspec]
/sb/0x00a8be6ea4888d6f232dfb84c3a7628c8a3dfd7e.sol:141:9: GC: Use Custom Errors instead of require statements [Warning/gas-custom-errors]
/sb/0x00a8be6ea4888d6f232dfb84c3a7628c8a3dfd7e.sol:141:17: GC: Non strict inequality found. Try converting to a strict one [Warning/gas-strict-inequalities]
/sb/0x00a8be6ea4888d6f232dfb84c3a7628c8a3dfd7e.sol:173:5: Missing @notice tag in function 'mul' [Warning/use-natspec]
/sb/0x00a8be6ea4888d6f232dfb84c3a7628c8a3dfd7e.sol:173:5: Missing @param tag in function 'mul' [Warning/use-natspec]
/sb/0x00a8be6ea4888d6f232dfb84c3a7628c8a3dfd7e.sol:173:5: Mismatch in @param names for function 'mul'. Expected: [a, b], Found: [] [Warning/use-natspec]
/sb/0x00a8be6ea4888d6f232dfb84c3a7628c8a3dfd7e.sol:173:5: Missing @return tag in function 'mul' [Warning/use-natspec]
/sb/0x00a8be6ea4888d6f232dfb84c3a7628c8a3dfd7e.sol:173:5: Mismatch in @return count for function 'mul'. Expected: 1, Found: 0 [Warning/use-natspec]
/sb/0x00a8be6ea4888d6f232dfb84c3a7628c8a3dfd7e.sol:191:9: Error message for require is too long: 33 counted / 32 allowed [Warning/reason-string]
/sb/0x00a8be6ea4888d6f232dfb84c3a7628c8a3dfd7e.sol:191:9: GC: String exceeds 32 bytes [Warning/gas-small-strings]
/sb/0x00a8be6ea4888d6f232dfb84c3a7628c8a3dfd7e.sol:191:9: GC: Use Custom Errors instead of require statements [Warning/gas-custom-errors]
/sb/0x00a8be6ea4888d6f232dfb84c3a7628c8a3dfd7e.sol:191:29: Use double quotes for string literals [Error/quotes]
/sb/0x00a8be6ea4888d6f232dfb84c3a7628c8a3dfd7e.sol:225:5: Missing @notice tag in function 'div' [Warning/use-natspec]
/sb/0x00a8be6ea4888d6f232dfb84c3a7628c8a3dfd7e.sol:225:5: Missing @param tag in function 'div' [Warning/use-natspec]
/sb/0x00a8be6ea4888d6f232dfb84c3a7628c8a3dfd7e.sol:225:5: Mismatch in @param names for function 'div'. Expected: [a, b], Found: [] [Warning/use-natspec]
/sb/0x00a8be6ea4888d6f232dfb84c3a7628c8a3dfd7e.sol:225:5: Missing @return tag in function 'div' [Warning/use-natspec]
/sb/0x00a8be6ea4888d6f232dfb84c3a7628c8a3dfd7e.sol:225:5: Mismatch in @return count for function 'div'. Expected: 1, Found: 0 [Warning/use-natspec]
/sb/0x00a8be6ea4888d6f232dfb84c3a7628c8a3dfd7e.sol:227:26: Use double quotes for string literals [Error/quotes]
/sb/0x00a8be6ea4888d6f232dfb84c3a7628c8a3dfd7e.sol:257:5: Missing @notice tag in function 'div' [Warning/use-natspec]
/sb/0x00a8be6ea4888d6f232dfb84c3a7628c8a3dfd7e.sol:257:5: Missing @param tag in function 'div' [Warning/use-natspec]
/sb/0x00a8be6ea4888d6f232dfb84c3a7628c8a3dfd7e.sol:257:5: Mismatch in @param names for function 'div'. Expected: [a, b, errorMessage], Found: [] [Warning/use-natspec]
/sb/0x00a8be6ea4888d6f232dfb84c3a7628c8a3dfd7e.sol:257:5: Missing @return tag in function 'div' [Warning/use-natspec]
/sb/0x00a8be6ea4888d6f232dfb84c3a7628c8a3dfd7e.sol:257:5: Mismatch in @return count for function 'div'. Expected: 1, Found: 0 [Warning/use-natspec]
/sb/0x00a8be6ea4888d6f232dfb84c3a7628c8a3dfd7e.sol:267:9: GC: Use Custom Errors instead of require statements [Warning/gas-custom-errors]
/sb/0x00a8be6ea4888d6f232dfb84c3a7628c8a3dfd7e.sol:305:5: Missing @notice tag in function 'mod' [Warning/use-natspec]
/sb/0x00a8be6ea4888d6f232dfb84c3a7628c8a3dfd7e.sol:305:5: Missing @param tag in function 'mod' [Warning/use-natspec]
/sb/0x00a8be6ea4888d6f232dfb84c3a7628c8a3dfd7e.sol:305:5: Mismatch in @param names for function 'mod'. Expected: [a, b], Found: [] [Warning/use-natspec]
/sb/0x00a8be6ea4888d6f232dfb84c3a7628c8a3dfd7e.sol:305:5: Missing @return tag in function 'mod' [Warning/use-natspec]
/sb/0x00a8be6ea4888d6f232dfb84c3a7628c8a3dfd7e.sol:305:5: Mismatch in @return count for function 'mod'. Expected: 1, Found: 0 [Warning/use-natspec]
/sb/0x00a8be6ea4888d6f232dfb84c3a7628c8a3dfd7e.sol:307:26: Use double quotes for string literals [Error/quotes]
/sb/0x00a8be6ea4888d6f232dfb84c3a7628c8a3dfd7e.sol:337:5: Missing @notice tag in function 'mod' [Warning/use-natspec]
/sb/0x00a8be6ea4888d6f232dfb84c3a7628c8a3dfd7e.sol:337:5: Missing @param tag in function 'mod' [Warning/use-natspec]
/sb/0x00a8be6ea4888d6f232dfb84c3a7628c8a3dfd7e.sol:337:5: Mismatch in @param names for function 'mod'. Expected: [a, b, errorMessage], Found: [] [Warning/use-natspec]
/sb/0x00a8be6ea4888d6f232dfb84c3a7628c8a3dfd7e.sol:337:5: Missing @return tag in function 'mod' [Warning/use-natspec]
/sb/0x00a8be6ea4888d6f232dfb84c3a7628c8a3dfd7e.sol:337:5: Mismatch in @return count for function 'mod'. Expected: 1, Found: 0 [Warning/use-natspec]
/sb/0x00a8be6ea4888d6f232dfb84c3a7628c8a3dfd7e.sol:347:9: GC: Use Custom Errors instead of require statements [Warning/gas-custom-errors]
/sb/0x00a8be6ea4888d6f232dfb84c3a7628c8a3dfd7e.sol:355:5: Missing @notice tag in function 'min' [Warning/use-natspec]
/sb/0x00a8be6ea4888d6f232dfb84c3a7628c8a3dfd7e.sol:355:5: Missing @param tag in function 'min' [Warning/use-natspec]
/sb/0x00a8be6ea4888d6f232dfb84c3a7628c8a3dfd7e.sol:355:5: Mismatch in @param names for function 'min'. Expected: [x, y], Found: [] [Warning/use-natspec]
/sb/0x00a8be6ea4888d6f232dfb84c3a7628c8a3dfd7e.sol:355:5: Missing @return tag in function 'min' [Warning/use-natspec]
/sb/0x00a8be6ea4888d6f232dfb84c3a7628c8a3dfd7e.sol:355:5: Mismatch in @return names for function 'min'. Expected: [z], Found: [] [Warning/use-natspec]
/sb/0x00a8be6ea4888d6f232dfb84c3a7628c8a3dfd7e.sol:365:5: Missing @notice tag in function 'sqrt' [Warning/use-natspec]
/sb/0x00a8be6ea4888d6f232dfb84c3a7628c8a3dfd7e.sol:365:5: Missing @param tag in function 'sqrt' [Warning/use-natspec]
/sb/0x00a8be6ea4888d6f232dfb84c3a7628c8a3dfd7e.sol:365:5: Mismatch in @param names for function 'sqrt'. Expected: [y], Found: [] [Warning/use-natspec]
/sb/0x00a8be6ea4888d6f232dfb84c3a7628c8a3dfd7e.sol:365:5: Missing @return tag in function 'sqrt' [Warning/use-natspec]
/sb/0x00a8be6ea4888d6f232dfb84c3a7628c8a3dfd7e.sol:365:5: Mismatch in @return names for function 'sqrt'. Expected: [z], Found: [] [Warning/use-natspec]
/sb/0x00a8be6ea4888d6f232dfb84c3a7628c8a3dfd7e.sol:401:1: Missing @title tag in contract 'Address' [Warning/use-natspec]
/sb/0x00a8be6ea4888d6f232dfb84c3a7628c8a3dfd7e.sol:401:1: Missing @author tag in contract 'Address' [Warning/use-natspec]
/sb/0x00a8be6ea4888d6f232dfb84c3a7628c8a3dfd7e.sol:401:1: Missing @notice tag in contract 'Address' [Warning/use-natspec]
/sb/0x00a8be6ea4888d6f232dfb84c3a7628c8a3dfd7e.sol:437:5: Missing @notice tag in function 'isContract' [Warning/use-natspec]
/sb/0x00a8be6ea4888d6f232dfb84c3a7628c8a3dfd7e.sol:437:5: Missing @param tag in function 'isContract' [Warning/use-natspec]
/sb/0x00a8be6ea4888d6f232dfb84c3a7628c8a3dfd7e.sol:437:5: Mismatch in @param names for function 'isContract'. Expected: [account], Found: [] [Warning/use-natspec]
/sb/0x00a8be6ea4888d6f232dfb84c3a7628c8a3dfd7e.sol:437:5: Missing @return tag in function 'isContract' [Warning/use-natspec]
/sb/0x00a8be6ea4888d6f232dfb84c3a7628c8a3dfd7e.sol:437:5: Mismatch in @return count for function 'isContract'. Expected: 1, Found: 0 [Warning/use-natspec]
/sb/0x00a8be6ea4888d6f232dfb84c3a7628c8a3dfd7e.sol:451:9: Avoid to use inline assembly. It is acceptable only in rare cases [Warning/no-inline-assembly]
/sb/0x00a8be6ea4888d6f232dfb84c3a7628c8a3dfd7e.sol:495:5: Missing @notice tag in function 'sendValue' [Warning/use-natspec]
/sb/0x00a8be6ea4888d6f232dfb84c3a7628c8a3dfd7e.sol:495:5: Missing @param tag in function 'sendValue' [Warning/use-natspec]
/sb/0x00a8be6ea4888d6f232dfb84c3a7628c8a3dfd7e.sol:495:5: Mismatch in @param names for function 'sendValue'. Expected: [recipient, amount], Found: [] [Warning/use-natspec]
/sb/0x00a8be6ea4888d6f232dfb84c3a7628c8a3dfd7e.sol:497:9: GC: Use Custom Errors instead of require statements [Warning/gas-custom-errors]
/sb/0x00a8be6ea4888d6f232dfb84c3a7628c8a3dfd7e.sol:497:17: GC: Non strict inequality found. Try converting to a strict one [Warning/gas-strict-inequalities]
/sb/0x00a8be6ea4888d6f232dfb84c3a7628c8a3dfd7e.sol:497:50: Use double quotes for string literals [Error/quotes]
/sb/0x00a8be6ea4888d6f232dfb84c3a7628c8a3dfd7e.sol:503:58: Use double quotes for string literals [Error/quotes]
/sb/0x00a8be6ea4888d6f232dfb84c3a7628c8a3dfd7e.sol:505:9: Error message for require is too long: 58 counted / 32 allowed [Warning/reason-string]
/sb/0x00a8be6ea4888d6f232dfb84c3a7628c8a3dfd7e.sol:505:9: GC: String exceeds 32 bytes [Warning/gas-small-strings]
/sb/0x00a8be6ea4888d6f232dfb84c3a7628c8a3dfd7e.sol:505:9: GC: Use Custom Errors instead of require statements [Warning/gas-custom-errors]
/sb/0x00a8be6ea4888d6f232dfb84c3a7628c8a3dfd7e.sol:505:26: Use double quotes for string literals [Error/quotes]
/sb/0x00a8be6ea4888d6f232dfb84c3a7628c8a3dfd7e.sol:547:5: Missing @notice tag in function 'functionCall' [Warning/use-natspec]
/sb/0x00a8be6ea4888d6f232dfb84c3a7628c8a3dfd7e.sol:547:5: Missing @param tag in function 'functionCall' [Warning/use-natspec]
/sb/0x00a8be6ea4888d6f232dfb84c3a7628c8a3dfd7e.sol:547:5: Mismatch in @param names for function 'functionCall'. Expected: [target, data], Found: [] [Warning/use-natspec]
/sb/0x00a8be6ea4888d6f232dfb84c3a7628c8a3dfd7e.sol:547:5: Missing @return tag in function 'functionCall' [Warning/use-natspec]
/sb/0x00a8be6ea4888d6f232dfb84c3a7628c8a3dfd7e.sol:547:5: Mismatch in @return count for function 'functionCall'. Expected: 1, Found: 0 [Warning/use-natspec]
/sb/0x00a8be6ea4888d6f232dfb84c3a7628c8a3dfd7e.sol:549:43: Use double quotes for string literals [Error/quotes]
/sb/0x00a8be6ea4888d6f232dfb84c3a7628c8a3dfd7e.sol:567:5: Missing @notice tag in function 'functionCall' [Warning/use-natspec]
/sb/0x00a8be6ea4888d6f232dfb84c3a7628c8a3dfd7e.sol:567:5: Missing @param tag in function 'functionCall' [Warning/use-natspec]
/sb/0x00a8be6ea4888d6f232dfb84c3a7628c8a3dfd7e.sol:567:5: Mismatch in @param names for function 'functionCall'. Expected: [target, data, errorMessage], Found: [] [Warning/use-natspec]
/sb/0x00a8be6ea4888d6f232dfb84c3a7628c8a3dfd7e.sol:567:5: Missing @return tag in function 'functionCall' [Warning/use-natspec]
/sb/0x00a8be6ea4888d6f232dfb84c3a7628c8a3dfd7e.sol:567:5: Mismatch in @return count for function 'functionCall'. Expected: 1, Found: 0 [Warning/use-natspec]
/sb/0x00a8be6ea4888d6f232dfb84c3a7628c8a3dfd7e.sol:605:5: Missing @notice tag in function 'functionCallWithValue' [Warning/use-natspec]
/sb/0x00a8be6ea4888d6f232dfb84c3a7628c8a3dfd7e.sol:605:5: Missing @param tag in function 'functionCallWithValue' [Warning/use-natspec]
/sb/0x00a8be6ea4888d6f232dfb84c3a7628c8a3dfd7e.sol:605:5: Mismatch in @param names for function 'functionCallWithValue'. Expected: [target, data, value], Found: [] [Warning/use-natspec]
/sb/0x00a8be6ea4888d6f232dfb84c3a7628c8a3dfd7e.sol:605:5: Missing @return tag in function 'functionCallWithValue' [Warning/use-natspec]
/sb/0x00a8be6ea4888d6f232dfb84c3a7628c8a3dfd7e.sol:605:5: Mismatch in @return count for function 'functionCallWithValue'. Expected: 1, Found: 0 [Warning/use-natspec]
/sb/0x00a8be6ea4888d6f232dfb84c3a7628c8a3dfd7e.sol:615:16: GC: String exceeds 32 bytes [Warning/gas-small-strings]
/sb/0x00a8be6ea4888d6f232dfb84c3a7628c8a3dfd7e.sol:615:59: Use double quotes for string literals [Error/quotes]
/sb/0x00a8be6ea4888d6f232dfb84c3a7628c8a3dfd7e.sol:633:5: Missing @notice tag in function 'functionCallWithValue' [Warning/use-natspec]
/sb/0x00a8be6ea4888d6f232dfb84c3a7628c8a3dfd7e.sol:633:5: Missing @param tag in function 'functionCallWithValue' [Warning/use-natspec]
/sb/0x00a8be6ea4888d6f232dfb84c3a7628c8a3dfd7e.sol:633:5: Mismatch in @param names for function 'functionCallWithValue'. Expected: [target, data, value, errorMessage], Found: [] [Warning/use-natspec]
/sb/0x00a8be6ea4888d6f232dfb84c3a7628c8a3dfd7e.sol:633:5: Missing @return tag in function 'functionCallWithValue' [Warning/use-natspec]
/sb/0x00a8be6ea4888d6f232dfb84c3a7628c8a3dfd7e.sol:633:5: Mismatch in @return count for function 'functionCallWithValue'. Expected: 1, Found: 0 [Warning/use-natspec]
/sb/0x00a8be6ea4888d6f232dfb84c3a7628c8a3dfd7e.sol:645:9: Error message for require is too long: 38 counted / 32 allowed [Warning/reason-string]
/sb/0x00a8be6ea4888d6f232dfb84c3a7628c8a3dfd7e.sol:645:9: GC: String exceeds 32 bytes [Warning/gas-small-strings]
/sb/0x00a8be6ea4888d6f232dfb84c3a7628c8a3dfd7e.sol:645:9: GC: Use Custom Errors instead of require statements [Warning/gas-custom-errors]
/sb/0x00a8be6ea4888d6f232dfb84c3a7628c8a3dfd7e.sol:645:17: GC: Non strict inequality found. Try converting to a strict one [Warning/gas-strict-inequalities]
/sb/0x00a8be6ea4888d6f232dfb84c3a7628c8a3dfd7e.sol:645:49: Use double quotes for string literals [Error/quotes]
/sb/0x00a8be6ea4888d6f232dfb84c3a7628c8a3dfd7e.sol:653:5: Function body contains 51 lines but allowed no more than 50 lines [Warning/function-max-lines]
/sb/0x00a8be6ea4888d6f232dfb84c3a7628c8a3dfd7e.sol:653:5: Missing @notice tag in function '_functionCallWithValue' [Warning/use-natspec]
/sb/0x00a8be6ea4888d6f232dfb84c3a7628c8a3dfd7e.sol:653:5: Missing @param tag in function '_functionCallWithValue' [Warning/use-natspec]
/sb/0x00a8be6ea4888d6f232dfb84c3a7628c8a3dfd7e.sol:653:5: Mismatch in @param names for function '_functionCallWithValue'. Expected: [target, data, weiValue, errorMessage], Found: [] [Warning/use-natspec]
/sb/0x00a8be6ea4888d6f232dfb84c3a7628c8a3dfd7e.sol:653:5: Missing @return tag in function '_functionCallWithValue' [Warning/use-natspec]
/sb/0x00a8be6ea4888d6f232dfb84c3a7628c8a3dfd7e.sol:653:5: Mismatch in @return count for function '_functionCallWithValue'. Expected: 1, Found: 0 [Warning/use-natspec]
/sb/0x00a8be6ea4888d6f232dfb84c3a7628c8a3dfd7e.sol:665:9: GC: Use Custom Errors instead of require statements [Warning/gas-custom-errors]
/sb/0x00a8be6ea4888d6f232dfb84c3a7628c8a3dfd7e.sol:665:37: Use double quotes for string literals [Error/quotes]
/sb/0x00a8be6ea4888d6f232dfb84c3a7628c8a3dfd7e.sol:689:17: Avoid to use inline assembly. It is acceptable only in rare cases [Warning/no-inline-assembly]
/sb/0x00a8be6ea4888d6f232dfb84c3a7628c8a3dfd7e.sol:733:1: Missing @title tag in contract 'Context' [Warning/use-natspec]
/sb/0x00a8be6ea4888d6f232dfb84c3a7628c8a3dfd7e.sol:733:1: Missing @author tag in contract 'Context' [Warning/use-natspec]
/sb/0x00a8be6ea4888d6f232dfb84c3a7628c8a3dfd7e.sol:733:1: Missing @notice tag in contract 'Context' [Warning/use-natspec]
/sb/0x00a8be6ea4888d6f232dfb84c3a7628c8a3dfd7e.sol:739:5: Missing @notice tag in function '<anonymous>' [Warning/use-natspec]
/sb/0x00a8be6ea4888d6f232dfb84c3a7628c8a3dfd7e.sol:739:5: Explicitly mark visibility in function (Set ignoreConstructors to true if using solidity >=0.7.0) [Warning/func-visibility]
/sb/0x00a8be6ea4888d6f232dfb84c3a7628c8a3dfd7e.sol:739:20: Code contains empty blocks [Warning/no-empty-blocks]
/sb/0x00a8be6ea4888d6f232dfb84c3a7628c8a3dfd7e.sol:743:5: Missing @notice tag in function '_msgSender' [Warning/use-natspec]
/sb/0x00a8be6ea4888d6f232dfb84c3a7628c8a3dfd7e.sol:743:5: Missing @return tag in function '_msgSender' [Warning/use-natspec]
/sb/0x00a8be6ea4888d6f232dfb84c3a7628c8a3dfd7e.sol:743:5: Mismatch in @return names for function '_msgSender'. Expected: [payable], Found: [] [Warning/use-natspec]
/sb/0x00a8be6ea4888d6f232dfb84c3a7628c8a3dfd7e.sol:751:5: Missing @notice tag in function '_msgData' [Warning/use-natspec]
/sb/0x00a8be6ea4888d6f232dfb84c3a7628c8a3dfd7e.sol:751:5: Missing @return tag in function '_msgData' [Warning/use-natspec]
/sb/0x00a8be6ea4888d6f232dfb84c3a7628c8a3dfd7e.sol:751:5: Mismatch in @return count for function '_msgData'. Expected: 1, Found: 0 [Warning/use-natspec]
/sb/0x00a8be6ea4888d6f232dfb84c3a7628c8a3dfd7e.sol:789:1: Missing @title tag in contract 'Ownable' [Warning/use-natspec]
/sb/0x00a8be6ea4888d6f232dfb84c3a7628c8a3dfd7e.sol:789:1: Missing @author tag in contract 'Ownable' [Warning/use-natspec]
/sb/0x00a8be6ea4888d6f232dfb84c3a7628c8a3dfd7e.sol:789:1: Missing @notice tag in contract 'Ownable' [Warning/use-natspec]
/sb/0x00a8be6ea4888d6f232dfb84c3a7628c8a3dfd7e.sol:795:5: Missing @notice tag in event 'OwnershipTransferred' [Warning/use-natspec]
/sb/0x00a8be6ea4888d6f232dfb84c3a7628c8a3dfd7e.sol:795:5: Missing @param tag in event 'OwnershipTransferred' [Warning/use-natspec]
/sb/0x00a8be6ea4888d6f232dfb84c3a7628c8a3dfd7e.sol:795:5: Mismatch in @param names for event 'OwnershipTransferred'. Expected: [previousOwner, newOwner], Found: [] [Warning/use-natspec]
/sb/0x00a8be6ea4888d6f232dfb84c3a7628c8a3dfd7e.sol:799:5: Missing @notice tag in function '<anonymous>' [Warning/use-natspec]
/sb/0x00a8be6ea4888d6f232dfb84c3a7628c8a3dfd7e.sol:799:5: Explicitly mark visibility in function (Set ignoreConstructors to true if using solidity >=0.7.0) [Warning/func-visibility]
/sb/0x00a8be6ea4888d6f232dfb84c3a7628c8a3dfd7e.sol:807:5: Missing @notice tag in function 'owner' [Warning/use-natspec]
/sb/0x00a8be6ea4888d6f232dfb84c3a7628c8a3dfd7e.sol:807:5: Missing @return tag in function 'owner' [Warning/use-natspec]
/sb/0x00a8be6ea4888d6f232dfb84c3a7628c8a3dfd7e.sol:807:5: Mismatch in @return count for function 'owner'. Expected: 1, Found: 0 [Warning/use-natspec]
/sb/0x00a8be6ea4888d6f232dfb84c3a7628c8a3dfd7e.sol:817:9: GC: Use Custom Errors instead of require statements [Warning/gas-custom-errors]
/sb/0x00a8be6ea4888d6f232dfb84c3a7628c8a3dfd7e.sol:825:5: Missing @notice tag in function 'renounceOwnership' [Warning/use-natspec]
/sb/0x00a8be6ea4888d6f232dfb84c3a7628c8a3dfd7e.sol:833:5: Missing @notice tag in function 'transferOwnership' [Warning/use-natspec]
/sb/0x00a8be6ea4888d6f232dfb84c3a7628c8a3dfd7e.sol:833:5: Missing @param tag in function 'transferOwnership' [Warning/use-natspec]
/sb/0x00a8be6ea4888d6f232dfb84c3a7628c8a3dfd7e.sol:833:5: Mismatch in @param names for function 'transferOwnership'. Expected: [newOwner], Found: [] [Warning/use-natspec]
/sb/0x00a8be6ea4888d6f232dfb84c3a7628c8a3dfd7e.sol:835:9: Error message for require is too long: 38 counted / 32 allowed [Warning/reason-string]
/sb/0x00a8be6ea4888d6f232dfb84c3a7628c8a3dfd7e.sol:835:9: GC: String exceeds 32 bytes [Warning/gas-small-strings]
/sb/0x00a8be6ea4888d6f232dfb84c3a7628c8a3dfd7e.sol:835:9: GC: Use Custom Errors instead of require statements [Warning/gas-custom-errors]
/sb/0x00a8be6ea4888d6f232dfb84c3a7628c8a3dfd7e.sol:843:5: Missing @notice tag in function '_transferOwnership' [Warning/use-natspec]
/sb/0x00a8be6ea4888d6f232dfb84c3a7628c8a3dfd7e.sol:843:5: Missing @param tag in function '_transferOwnership' [Warning/use-natspec]
/sb/0x00a8be6ea4888d6f232dfb84c3a7628c8a3dfd7e.sol:843:5: Mismatch in @param names for function '_transferOwnership'. Expected: [newOwner], Found: [] [Warning/use-natspec]
/sb/0x00a8be6ea4888d6f232dfb84c3a7628c8a3dfd7e.sol:975:1: Missing @title tag in contract 'IERC20' [Warning/use-natspec]
/sb/0x00a8be6ea4888d6f232dfb84c3a7628c8a3dfd7e.sol:975:1: Missing @author tag in contract 'IERC20' [Warning/use-natspec]
/sb/0x00a8be6ea4888d6f232dfb84c3a7628c8a3dfd7e.sol:975:1: Missing @notice tag in contract 'IERC20' [Warning/use-natspec]
/sb/0x00a8be6ea4888d6f232dfb84c3a7628c8a3dfd7e.sol:979:5: Missing @notice tag in function 'totalSupply' [Warning/use-natspec]
/sb/0x00a8be6ea4888d6f232dfb84c3a7628c8a3dfd7e.sol:979:5: Missing @return tag in function 'totalSupply' [Warning/use-natspec]
/sb/0x00a8be6ea4888d6f232dfb84c3a7628c8a3dfd7e.sol:979:5: Mismatch in @return count for function 'totalSupply'. Expected: 1, Found: 0 [Warning/use-natspec]
/sb/0x00a8be6ea4888d6f232dfb84c3a7628c8a3dfd7e.sol:989:5: Missing @notice tag in function 'balanceOf' [Warning/use-natspec]
/sb/0x00a8be6ea4888d6f232dfb84c3a7628c8a3dfd7e.sol:989:5: Missing @param tag in function 'balanceOf' [Warning/use-natspec]
/sb/0x00a8be6ea4888d6f232dfb84c3a7628c8a3dfd7e.sol:989:5: Mismatch in @param names for function 'balanceOf'. Expected: [account], Found: [] [Warning/use-natspec]
/sb/0x00a8be6ea4888d6f232dfb84c3a7628c8a3dfd7e.sol:989:5: Missing @return tag in function 'balanceOf' [Warning/use-natspec]
/sb/0x00a8be6ea4888d6f232dfb84c3a7628c8a3dfd7e.sol:989:5: Mismatch in @return count for function 'balanceOf'. Expected: 1, Found: 0 [Warning/use-natspec]
/sb/0x00a8be6ea4888d6f232dfb84c3a7628c8a3dfd7e.sol:1007:5: Missing @notice tag in function 'transfer' [Warning/use-natspec]
/sb/0x00a8be6ea4888d6f232dfb84c3a7628c8a3dfd7e.sol:1007:5: Missing @param tag in function 'transfer' [Warning/use-natspec]
/sb/0x00a8be6ea4888d6f232dfb84c3a7628c8a3dfd7e.sol:1007:5: Mismatch in @param names for function 'transfer'. Expected: [recipient, amount], Found: [] [Warning/use-natspec]
/sb/0x00a8be6ea4888d6f232dfb84c3a7628c8a3dfd7e.sol:1007:5: Missing @return tag in function 'transfer' [Warning/use-natspec]
/sb/0x00a8be6ea4888d6f232dfb84c3a7628c8a3dfd7e.sol:1007:5: Mismatch in @return count for function 'transfer'. Expected: 1, Found: 0 [Warning/use-natspec]
/sb/0x00a8be6ea4888d6f232dfb84c3a7628c8a3dfd7e.sol:1025:5: Missing @notice tag in function 'allowance' [Warning/use-natspec]
/sb/0x00a8be6ea4888d6f232dfb84c3a7628c8a3dfd7e.sol:1025:5: Missing @param tag in function 'allowance' [Warning/use-natspec]
/sb/0x00a8be6ea4888d6f232dfb84c3a7628c8a3dfd7e.sol:1025:5: Mismatch in @param names for function 'allowance'. Expected: [owner, spender], Found: [] [Warning/use-natspec]
/sb/0x00a8be6ea4888d6f232dfb84c3a7628c8a3dfd7e.sol:1025:5: Missing @return tag in function 'allowance' [Warning/use-natspec]
/sb/0x00a8be6ea4888d6f232dfb84c3a7628c8a3dfd7e.sol:1025:5: Mismatch in @return count for function 'allowance'. Expected: 1, Found: 0 [Warning/use-natspec]
/sb/0x00a8be6ea4888d6f232dfb84c3a7628c8a3dfd7e.sol:1057:5: Missing @notice tag in function 'approve' [Warning/use-natspec]
/sb/0x00a8be6ea4888d6f232dfb84c3a7628c8a3dfd7e.sol:1057:5: Missing @param tag in function 'approve' [Warning/use-natspec]
/sb/0x00a8be6ea4888d6f232dfb84c3a7628c8a3dfd7e.sol:1057:5: Mismatch in @param names for function 'approve'. Expected: [spender, amount], Found: [] [Warning/use-natspec]
/sb/0x00a8be6ea4888d6f232dfb84c3a7628c8a3dfd7e.sol:1057:5: Missing @return tag in function 'approve' [Warning/use-natspec]
/sb/0x00a8be6ea4888d6f232dfb84c3a7628c8a3dfd7e.sol:1057:5: Mismatch in @return count for function 'approve'. Expected: 1, Found: 0 [Warning/use-natspec]
/sb/0x00a8be6ea4888d6f232dfb84c3a7628c8a3dfd7e.sol:1079:5: Missing @notice tag in function 'transferFrom' [Warning/use-natspec]
/sb/0x00a8be6ea4888d6f232dfb84c3a7628c8a3dfd7e.sol:1079:5: Missing @param tag in function 'transferFrom' [Warning/use-natspec]
/sb/0x00a8be6ea4888d6f232dfb84c3a7628c8a3dfd7e.sol:1079:5: Mismatch in @param names for function 'transferFrom'. Expected: [sender, recipient, amount], Found: [] [Warning/use-natspec]
/sb/0x00a8be6ea4888d6f232dfb84c3a7628c8a3dfd7e.sol:1079:5: Missing @return tag in function 'transferFrom' [Warning/use-natspec]
/sb/0x00a8be6ea4888d6f232dfb84c3a7628c8a3dfd7e.sol:1079:5: Mismatch in @return count for function 'transferFrom'. Expected: 1, Found: 0 [Warning/use-natspec]
/sb/0x00a8be6ea4888d6f232dfb84c3a7628c8a3dfd7e.sol:1095:5: Missing @notice tag in event 'Transfer' [Warning/use-natspec]
/sb/0x00a8be6ea4888d6f232dfb84c3a7628c8a3dfd7e.sol:1095:5: Missing @param tag in event 'Transfer' [Warning/use-natspec]
/sb/0x00a8be6ea4888d6f232dfb84c3a7628c8a3dfd7e.sol:1095:5: Mismatch in @param names for event 'Transfer'. Expected: [from, to, value], Found: [] [Warning/use-natspec]
/sb/0x00a8be6ea4888d6f232dfb84c3a7628c8a3dfd7e.sol:1095:5: GC: [value] on Event [Transfer] could be Indexed [Warning/gas-indexed-events]
/sb/0x00a8be6ea4888d6f232dfb84c3a7628c8a3dfd7e.sol:1107:5: Missing @notice tag in event 'Approval' [Warning/use-natspec]
/sb/0x00a8be6ea4888d6f232dfb84c3a7628c8a3dfd7e.sol:1107:5: Missing @param tag in event 'Approval' [Warning/use-natspec]
/sb/0x00a8be6ea4888d6f232dfb84c3a7628c8a3dfd7e.sol:1107:5: Mismatch in @param names for event 'Approval'. Expected: [owner, spender, value], Found: [] [Warning/use-natspec]
/sb/0x00a8be6ea4888d6f232dfb84c3a7628c8a3dfd7e.sol:1107:5: GC: [value] on Event [Approval] could be Indexed [Warning/gas-indexed-events]
/sb/0x00a8be6ea4888d6f232dfb84c3a7628c8a3dfd7e.sol:1113:1: Missing @title tag in contract 'ITheApeProject' [Warning/use-natspec]
/sb/0x00a8be6ea4888d6f232dfb84c3a7628c8a3dfd7e.sol:1113:1: Missing @author tag in contract 'ITheApeProject' [Warning/use-natspec]
/sb/0x00a8be6ea4888d6f232dfb84c3a7628c8a3dfd7e.sol:1113:1: Missing @notice tag in contract 'ITheApeProject' [Warning/use-natspec]
/sb/0x00a8be6ea4888d6f232dfb84c3a7628c8a3dfd7e.sol:1119:5: Missing @notice tag in function 'getNFTBalance' [Warning/use-natspec]
/sb/0x00a8be6ea4888d6f232dfb84c3a7628c8a3dfd7e.sol:1119:5: Missing @param tag in function 'getNFTBalance' [Warning/use-natspec]
/sb/0x00a8be6ea4888d6f232dfb84c3a7628c8a3dfd7e.sol:1119:5: Mismatch in @param names for function 'getNFTBalance'. Expected: [_owner], Found: [] [Warning/use-natspec]
/sb/0x00a8be6ea4888d6f232dfb84c3a7628c8a3dfd7e.sol:1119:5: Missing @return tag in function 'getNFTBalance' [Warning/use-natspec]
/sb/0x00a8be6ea4888d6f232dfb84c3a7628c8a3dfd7e.sol:1119:5: Mismatch in @return count for function 'getNFTBalance'. Expected: 1, Found: 0 [Warning/use-natspec]
/sb/0x00a8be6ea4888d6f232dfb84c3a7628c8a3dfd7e.sol:1129:5: Missing @notice tag in function 'getNFTPrice' [Warning/use-natspec]
/sb/0x00a8be6ea4888d6f232dfb84c3a7628c8a3dfd7e.sol:1129:5: Missing @return tag in function 'getNFTPrice' [Warning/use-natspec]
/sb/0x00a8be6ea4888d6f232dfb84c3a7628c8a3dfd7e.sol:1129:5: Mismatch in @return count for function 'getNFTPrice'. Expected: 1, Found: 0 [Warning/use-natspec]
/sb/0x00a8be6ea4888d6f232dfb84c3a7628c8a3dfd7e.sol:1135:1: Missing @title tag in contract 'IERC165' [Warning/use-natspec]
/sb/0x00a8be6ea4888d6f232dfb84c3a7628c8a3dfd7e.sol:1135:1: Missing @author tag in contract 'IERC165' [Warning/use-natspec]
/sb/0x00a8be6ea4888d6f232dfb84c3a7628c8a3dfd7e.sol:1135:1: Missing @notice tag in contract 'IERC165' [Warning/use-natspec]
/sb/0x00a8be6ea4888d6f232dfb84c3a7628c8a3dfd7e.sol:1153:5: Missing @notice tag in function 'supportsInterface' [Warning/use-natspec]
/sb/0x00a8be6ea4888d6f232dfb84c3a7628c8a3dfd7e.sol:1153:5: Missing @param tag in function 'supportsInterface' [Warning/use-natspec]
/sb/0x00a8be6ea4888d6f232dfb84c3a7628c8a3dfd7e.sol:1153:5: Mismatch in @param names for function 'supportsInterface'. Expected: [interfaceId], Found: [] [Warning/use-natspec]
/sb/0x00a8be6ea4888d6f232dfb84c3a7628c8a3dfd7e.sol:1153:5: Missing @return tag in function 'supportsInterface' [Warning/use-natspec]
/sb/0x00a8be6ea4888d6f232dfb84c3a7628c8a3dfd7e.sol:1153:5: Mismatch in @return count for function 'supportsInterface'. Expected: 1, Found: 0 [Warning/use-natspec]
/sb/0x00a8be6ea4888d6f232dfb84c3a7628c8a3dfd7e.sol:1165:1: Missing @title tag in contract 'IERC721' [Warning/use-natspec]
/sb/0x00a8be6ea4888d6f232dfb84c3a7628c8a3dfd7e.sol:1165:1: Missing @author tag in contract 'IERC721' [Warning/use-natspec]
/sb/0x00a8be6ea4888d6f232dfb84c3a7628c8a3dfd7e.sol:1165:1: Missing @notice tag in contract 'IERC721' [Warning/use-natspec]
/sb/0x00a8be6ea4888d6f232dfb84c3a7628c8a3dfd7e.sol:1173:5: Missing @notice tag in event 'Transfer' [Warning/use-natspec]
/sb/0x00a8be6ea4888d6f232dfb84c3a7628c8a3dfd7e.sol:1173:5: Missing @param tag in event 'Transfer' [Warning/use-natspec]
/sb/0x00a8be6ea4888d6f232dfb84c3a7628c8a3dfd7e.sol:1173:5: Mismatch in @param names for event 'Transfer'. Expected: [from, to, tokenId], Found: [] [Warning/use-natspec]
/sb/0x00a8be6ea4888d6f232dfb84c3a7628c8a3dfd7e.sol:1183:5: Missing @notice tag in event 'Approval' [Warning/use-natspec]
/sb/0x00a8be6ea4888d6f232dfb84c3a7628c8a3dfd7e.sol:1183:5: Missing @param tag in event 'Approval' [Warning/use-natspec]
/sb/0x00a8be6ea4888d6f232dfb84c3a7628c8a3dfd7e.sol:1183:5: Mismatch in @param names for event 'Approval'. Expected: [owner, approved, tokenId], Found: [] [Warning/use-natspec]
/sb/0x00a8be6ea4888d6f232dfb84c3a7628c8a3dfd7e.sol:1193:5: Missing @notice tag in event 'ApprovalForAll' [Warning/use-natspec]
/sb/0x00a8be6ea4888d6f232dfb84c3a7628c8a3dfd7e.sol:1193:5: Missing @param tag in event 'ApprovalForAll' [Warning/use-natspec]
/sb/0x00a8be6ea4888d6f232dfb84c3a7628c8a3dfd7e.sol:1193:5: Mismatch in @param names for event 'ApprovalForAll'. Expected: [owner, operator, approved], Found: [] [Warning/use-natspec]
/sb/0x00a8be6ea4888d6f232dfb84c3a7628c8a3dfd7e.sol:1193:5: GC: [approved] on Event [ApprovalForAll] could be Indexed [Warning/gas-indexed-events]
/sb/0x00a8be6ea4888d6f232dfb84c3a7628c8a3dfd7e.sol:1203:5: Missing @notice tag in function 'balanceOf' [Warning/use-natspec]
/sb/0x00a8be6ea4888d6f232dfb84c3a7628c8a3dfd7e.sol:1203:5: Missing @param tag in function 'balanceOf' [Warning/use-natspec]
/sb/0x00a8be6ea4888d6f232dfb84c3a7628c8a3dfd7e.sol:1203:5: Mismatch in @param names for function 'balanceOf'. Expected: [owner], Found: [] [Warning/use-natspec]
/sb/0x00a8be6ea4888d6f232dfb84c3a7628c8a3dfd7e.sol:1203:5: Missing @return tag in function 'balanceOf' [Warning/use-natspec]
/sb/0x00a8be6ea4888d6f232dfb84c3a7628c8a3dfd7e.sol:1203:5: Mismatch in @return names for function 'balanceOf'. Expected: [balance], Found: [] [Warning/use-natspec]
/sb/0x00a8be6ea4888d6f232dfb84c3a7628c8a3dfd7e.sol:1221:5: Missing @notice tag in function 'ownerOf' [Warning/use-natspec]
/sb/0x00a8be6ea4888d6f232dfb84c3a7628c8a3dfd7e.sol:1221:5: Missing @param tag in function 'ownerOf' [Warning/use-natspec]
/sb/0x00a8be6ea4888d6f232dfb84c3a7628c8a3dfd7e.sol:1221:5: Mismatch in @param names for function 'ownerOf'. Expected: [tokenId], Found: [] [Warning/use-natspec]
/sb/0x00a8be6ea4888d6f232dfb84c3a7628c8a3dfd7e.sol:1221:5: Missing @return tag in function 'ownerOf' [Warning/use-natspec]
/sb/0x00a8be6ea4888d6f232dfb84c3a7628c8a3dfd7e.sol:1221:5: Mismatch in @return names for function 'ownerOf'. Expected: [owner], Found: [] [Warning/use-natspec]
/sb/0x00a8be6ea4888d6f232dfb84c3a7628c8a3dfd7e.sol:1253:5: Missing @notice tag in function 'safeTransferFrom' [Warning/use-natspec]
/sb/0x00a8be6ea4888d6f232dfb84c3a7628c8a3dfd7e.sol:1253:5: Missing @param tag in function 'safeTransferFrom' [Warning/use-natspec]
/sb/0x00a8be6ea4888d6f232dfb84c3a7628c8a3dfd7e.sol:1253:5: Mismatch in @param names for function 'safeTransferFrom'. Expected: [from, to, tokenId], Found: [] [Warning/use-natspec]
/sb/0x00a8be6ea4888d6f232dfb84c3a7628c8a3dfd7e.sol:1285:5: Missing @notice tag in function 'transferFrom' [Warning/use-natspec]
/sb/0x00a8be6ea4888d6f232dfb84c3a7628c8a3dfd7e.sol:1285:5: Missing @param tag in function 'transferFrom' [Warning/use-natspec]
/sb/0x00a8be6ea4888d6f232dfb84c3a7628c8a3dfd7e.sol:1285:5: Mismatch in @param names for function 'transferFrom'. Expected: [from, to, tokenId], Found: [] [Warning/use-natspec]
/sb/0x00a8be6ea4888d6f232dfb84c3a7628c8a3dfd7e.sol:1315:5: Missing @notice tag in function 'approve' [Warning/use-natspec]
/sb/0x00a8be6ea4888d6f232dfb84c3a7628c8a3dfd7e.sol:1315:5: Missing @param tag in function 'approve' [Warning/use-natspec]
/sb/0x00a8be6ea4888d6f232dfb84c3a7628c8a3dfd7e.sol:1315:5: Mismatch in @param names for function 'approve'. Expected: [to, tokenId], Found: [] [Warning/use-natspec]
/sb/0x00a8be6ea4888d6f232dfb84c3a7628c8a3dfd7e.sol:1333:5: Missing @notice tag in function 'getApproved' [Warning/use-natspec]
/sb/0x00a8be6ea4888d6f232dfb84c3a7628c8a3dfd7e.sol:1333:5: Missing @param tag in function 'getApproved' [Warning/use-natspec]
/sb/0x00a8be6ea4888d6f232dfb84c3a7628c8a3dfd7e.sol:1333:5: Mismatch in @param names for function 'getApproved'. Expected: [tokenId], Found: [] [Warning/use-natspec]
/sb/0x00a8be6ea4888d6f232dfb84c3a7628c8a3dfd7e.sol:1333:5: Missing @return tag in function 'getApproved' [Warning/use-natspec]
/sb/0x00a8be6ea4888d6f232dfb84c3a7628c8a3dfd7e.sol:1333:5: Mismatch in @return names for function 'getApproved'. Expected: [operator], Found: [] [Warning/use-natspec]
/sb/0x00a8be6ea4888d6f232dfb84c3a7628c8a3dfd7e.sol:1357:5: Missing @notice tag in function 'setApprovalForAll' [Warning/use-natspec]
/sb/0x00a8be6ea4888d6f232dfb84c3a7628c8a3dfd7e.sol:1357:5: Missing @param tag in function 'setApprovalForAll' [Warning/use-natspec]
/sb/0x00a8be6ea4888d6f232dfb84c3a7628c8a3dfd7e.sol:1357:5: Mismatch in @param names for function 'setApprovalForAll'. Expected: [operator, _approved], Found: [] [Warning/use-natspec]
/sb/0x00a8be6ea4888d6f232dfb84c3a7628c8a3dfd7e.sol:1371:5: Missing @notice tag in function 'isApprovedForAll' [Warning/use-natspec]
/sb/0x00a8be6ea4888d6f232dfb84c3a7628c8a3dfd7e.sol:1371:5: Missing @param tag in function 'isApprovedForAll' [Warning/use-natspec]
/sb/0x00a8be6ea4888d6f232dfb84c3a7628c8a3dfd7e.sol:1371:5: Mismatch in @param names for function 'isApprovedForAll'. Expected: [owner, operator], Found: [] [Warning/use-natspec]
/sb/0x00a8be6ea4888d6f232dfb84c3a7628c8a3dfd7e.sol:1371:5: Missing @return tag in function 'isApprovedForAll' [Warning/use-natspec]
/sb/0x00a8be6ea4888d6f232dfb84c3a7628c8a3dfd7e.sol:1371:5: Mismatch in @return count for function 'isApprovedForAll'. Expected: 1, Found: 0 [Warning/use-natspec]
/sb/0x00a8be6ea4888d6f232dfb84c3a7628c8a3dfd7e.sol:1401:5: Missing @notice tag in function 'safeTransferFrom' [Warning/use-natspec]
/sb/0x00a8be6ea4888d6f232dfb84c3a7628c8a3dfd7e.sol:1401:5: Missing @param tag in function 'safeTransferFrom' [Warning/use-natspec]
/sb/0x00a8be6ea4888d6f232dfb84c3a7628c8a3dfd7e.sol:1401:5: Mismatch in @param names for function 'safeTransferFrom'. Expected: [from, to, tokenId, data], Found: [] [Warning/use-natspec]
/sb/0x00a8be6ea4888d6f232dfb84c3a7628c8a3dfd7e.sol:1407:1: Missing @title tag in contract 'StakingContract' [Warning/use-natspec]
/sb/0x00a8be6ea4888d6f232dfb84c3a7628c8a3dfd7e.sol:1407:1: Missing @author tag in contract 'StakingContract' [Warning/use-natspec]
/sb/0x00a8be6ea4888d6f232dfb84c3a7628c8a3dfd7e.sol:1407:1: Missing @notice tag in contract 'StakingContract' [Warning/use-natspec]
/sb/0x00a8be6ea4888d6f232dfb84c3a7628c8a3dfd7e.sol:1413:5: Missing @notice tag in variable 'rtoken' [Warning/use-natspec]
/sb/0x00a8be6ea4888d6f232dfb84c3a7628c8a3dfd7e.sol:1415:5: Missing @notice tag in variable 'pvAddress' [Warning/use-natspec]
/sb/0x00a8be6ea4888d6f232dfb84c3a7628c8a3dfd7e.sol:1419:5: Missing @notice tag in variable 'RewardTokenPerBlock' [Warning/use-natspec]
/sb/0x00a8be6ea4888d6f232dfb84c3a7628c8a3dfd7e.sol:1419:5: Variable name must be in mixedCase RewardTokenPerBlock [Warning/var-name-mixedcase]
/sb/0x00a8be6ea4888d6f232dfb84c3a7628c8a3dfd7e.sol:1435:5: Missing @notice tag in variable 'userInfo' [Warning/use-natspec]
/sb/0x00a8be6ea4888d6f232dfb84c3a7628c8a3dfd7e.sol:1437:5: Missing @notice tag in variable 'stakingAmount' [Warning/use-natspec]
/sb/0x00a8be6ea4888d6f232dfb84c3a7628c8a3dfd7e.sol:1441:5: Missing @notice tag in event 'Stake' [Warning/use-natspec]
/sb/0x00a8be6ea4888d6f232dfb84c3a7628c8a3dfd7e.sol:1441:5: Missing @param tag in event 'Stake' [Warning/use-natspec]
/sb/0x00a8be6ea4888d6f232dfb84c3a7628c8a3dfd7e.sol:1441:5: Mismatch in @param names for event 'Stake'. Expected: [user, amount], Found: [] [Warning/use-natspec]
/sb/0x00a8be6ea4888d6f232dfb84c3a7628c8a3dfd7e.sol:1441:5: GC: [amount] on Event [Stake] could be Indexed [Warning/gas-indexed-events]
/sb/0x00a8be6ea4888d6f232dfb84c3a7628c8a3dfd7e.sol:1443:5: Missing @notice tag in event 'UnStake' [Warning/use-natspec]
/sb/0x00a8be6ea4888d6f232dfb84c3a7628c8a3dfd7e.sol:1443:5: Missing @param tag in event 'UnStake' [Warning/use-natspec]
/sb/0x00a8be6ea4888d6f232dfb84c3a7628c8a3dfd7e.sol:1443:5: Mismatch in @param names for event 'UnStake'. Expected: [user, amount], Found: [] [Warning/use-natspec]
/sb/0x00a8be6ea4888d6f232dfb84c3a7628c8a3dfd7e.sol:1443:5: GC: [amount] on Event [UnStake] could be Indexed [Warning/gas-indexed-events]
/sb/0x00a8be6ea4888d6f232dfb84c3a7628c8a3dfd7e.sol:1447:5: Missing @notice tag in function '<anonymous>' [Warning/use-natspec]
/sb/0x00a8be6ea4888d6f232dfb84c3a7628c8a3dfd7e.sol:1447:5: Missing @param tag in function '<anonymous>' [Warning/use-natspec]
/sb/0x00a8be6ea4888d6f232dfb84c3a7628c8a3dfd7e.sol:1447:5: Mismatch in @param names for function '<anonymous>'. Expected: [_pvAddress, _rewardTokenAddress, _RewardTokenPerBlock], Found: [] [Warning/use-natspec]
/sb/0x00a8be6ea4888d6f232dfb84c3a7628c8a3dfd7e.sol:1447:5: Explicitly mark visibility in function (Set ignoreConstructors to true if using solidity >=0.7.0) [Warning/func-visibility]
/sb/0x00a8be6ea4888d6f232dfb84c3a7628c8a3dfd7e.sol:1447:66: Variable name must be in mixedCase _RewardTokenPerBlock [Warning/var-name-mixedcase]
/sb/0x00a8be6ea4888d6f232dfb84c3a7628c8a3dfd7e.sol:1449:9: GC: Use Custom Errors instead of require statements [Warning/gas-custom-errors]
/sb/0x00a8be6ea4888d6f232dfb84c3a7628c8a3dfd7e.sol:1451:9: GC: Use Custom Errors instead of require statements [Warning/gas-custom-errors]
/sb/0x00a8be6ea4888d6f232dfb84c3a7628c8a3dfd7e.sol:1465:5: Missing @notice tag in function 'changeRewardTokenAddress' [Warning/use-natspec]
/sb/0x00a8be6ea4888d6f232dfb84c3a7628c8a3dfd7e.sol:1465:5: Missing @param tag in function 'changeRewardTokenAddress' [Warning/use-natspec]
/sb/0x00a8be6ea4888d6f232dfb84c3a7628c8a3dfd7e.sol:1465:5: Mismatch in @param names for function 'changeRewardTokenAddress'. Expected: [_rewardTokenAddress], Found: [] [Warning/use-natspec]
/sb/0x00a8be6ea4888d6f232dfb84c3a7628c8a3dfd7e.sol:1473:5: Missing @notice tag in function 'changeTokenAddress' [Warning/use-natspec]
/sb/0x00a8be6ea4888d6f232dfb84c3a7628c8a3dfd7e.sol:1473:5: Missing @param tag in function 'changeTokenAddress' [Warning/use-natspec]
/sb/0x00a8be6ea4888d6f232dfb84c3a7628c8a3dfd7e.sol:1473:5: Mismatch in @param names for function 'changeTokenAddress'. Expected: [_pvAddress], Found: [] [Warning/use-natspec]
/sb/0x00a8be6ea4888d6f232dfb84c3a7628c8a3dfd7e.sol:1481:5: Missing @notice tag in function 'changeRewardTokenPerBlock' [Warning/use-natspec]
/sb/0x00a8be6ea4888d6f232dfb84c3a7628c8a3dfd7e.sol:1481:5: Missing @param tag in function 'changeRewardTokenPerBlock' [Warning/use-natspec]
/sb/0x00a8be6ea4888d6f232dfb84c3a7628c8a3dfd7e.sol:1481:5: Mismatch in @param names for function 'changeRewardTokenPerBlock'. Expected: [_RewardTokenPerBlock], Found: [] [Warning/use-natspec]
/sb/0x00a8be6ea4888d6f232dfb84c3a7628c8a3dfd7e.sol:1481:40: Variable name must be in mixedCase _RewardTokenPerBlock [Warning/var-name-mixedcase]
/sb/0x00a8be6ea4888d6f232dfb84c3a7628c8a3dfd7e.sol:1489:5: Missing @notice tag in function 'contractBalance' [Warning/use-natspec]
/sb/0x00a8be6ea4888d6f232dfb84c3a7628c8a3dfd7e.sol:1489:5: Missing @return tag in function 'contractBalance' [Warning/use-natspec]
/sb/0x00a8be6ea4888d6f232dfb84c3a7628c8a3dfd7e.sol:1489:5: Mismatch in @return count for function 'contractBalance'. Expected: 1, Found: 0 [Warning/use-natspec]
/sb/0x00a8be6ea4888d6f232dfb84c3a7628c8a3dfd7e.sol:1497:5: Missing @notice tag in function 'pendingReward' [Warning/use-natspec]
/sb/0x00a8be6ea4888d6f232dfb84c3a7628c8a3dfd7e.sol:1497:5: Missing @param tag in function 'pendingReward' [Warning/use-natspec]
/sb/0x00a8be6ea4888d6f232dfb84c3a7628c8a3dfd7e.sol:1497:5: Mismatch in @param names for function 'pendingReward'. Expected: [_user, _tokenId], Found: [] [Warning/use-natspec]
/sb/0x00a8be6ea4888d6f232dfb84c3a7628c8a3dfd7e.sol:1497:5: Missing @return tag in function 'pendingReward' [Warning/use-natspec]
/sb/0x00a8be6ea4888d6f232dfb84c3a7628c8a3dfd7e.sol:1497:5: Mismatch in @return count for function 'pendingReward'. Expected: 1, Found: 0 [Warning/use-natspec]
/sb/0x00a8be6ea4888d6f232dfb84c3a7628c8a3dfd7e.sol:1513:12: GC: Non strict inequality found. Try converting to a strict one [Warning/gas-strict-inequalities]
/sb/0x00a8be6ea4888d6f232dfb84c3a7628c8a3dfd7e.sol:1521:5: Missing @notice tag in function 'pendingTotalReward' [Warning/use-natspec]
/sb/0x00a8be6ea4888d6f232dfb84c3a7628c8a3dfd7e.sol:1521:5: Missing @param tag in function 'pendingTotalReward' [Warning/use-natspec]
/sb/0x00a8be6ea4888d6f232dfb84c3a7628c8a3dfd7e.sol:1521:5: Mismatch in @param names for function 'pendingTotalReward'. Expected: [_user], Found: [] [Warning/use-natspec]
/sb/0x00a8be6ea4888d6f232dfb84c3a7628c8a3dfd7e.sol:1521:5: Missing @return tag in function 'pendingTotalReward' [Warning/use-natspec]
/sb/0x00a8be6ea4888d6f232dfb84c3a7628c8a3dfd7e.sol:1521:5: Mismatch in @return count for function 'pendingTotalReward'. Expected: 1, Found: 0 [Warning/use-natspec]
/sb/0x00a8be6ea4888d6f232dfb84c3a7628c8a3dfd7e.sol:1525:57: GC: For [ i ] variable, increment/decrement by 1 using: [ ++variable ] to save gas [Warning/gas-increment-by-one]
/sb/0x00a8be6ea4888d6f232dfb84c3a7628c8a3dfd7e.sol:1537:5: Missing @notice tag in function 'approve' [Warning/use-natspec]
/sb/0x00a8be6ea4888d6f232dfb84c3a7628c8a3dfd7e.sol:1537:5: Missing @param tag in function 'approve' [Warning/use-natspec]
/sb/0x00a8be6ea4888d6f232dfb84c3a7628c8a3dfd7e.sol:1537:5: Mismatch in @param names for function 'approve'. Expected: [_owner, _spender, _amount], Found: [] [Warning/use-natspec]
/sb/0x00a8be6ea4888d6f232dfb84c3a7628c8a3dfd7e.sol:1537:5: Missing @return tag in function 'approve' [Warning/use-natspec]
/sb/0x00a8be6ea4888d6f232dfb84c3a7628c8a3dfd7e.sol:1537:5: Mismatch in @return count for function 'approve'. Expected: 1, Found: 0 [Warning/use-natspec]
/sb/0x00a8be6ea4888d6f232dfb84c3a7628c8a3dfd7e.sol:1539:9: Provide an error message for require [Warning/reason-string]
/sb/0x00a8be6ea4888d6f232dfb84c3a7628c8a3dfd7e.sol:1539:9: GC: Use Custom Errors instead of require statements [Warning/gas-custom-errors]
/sb/0x00a8be6ea4888d6f232dfb84c3a7628c8a3dfd7e.sol:1549:5: Missing @notice tag in function 'stake' [Warning/use-natspec]
/sb/0x00a8be6ea4888d6f232dfb84c3a7628c8a3dfd7e.sol:1549:5: Missing @param tag in function 'stake' [Warning/use-natspec]
/sb/0x00a8be6ea4888d6f232dfb84c3a7628c8a3dfd7e.sol:1549:5: Mismatch in @param names for function 'stake'. Expected: [tokenIds], Found: [] [Warning/use-natspec]
/sb/0x00a8be6ea4888d6f232dfb84c3a7628c8a3dfd7e.sol:1551:49: GC: For [ i ] variable, increment/decrement by 1 using: [ ++variable ] to save gas [Warning/gas-increment-by-one]
/sb/0x00a8be6ea4888d6f232dfb84c3a7628c8a3dfd7e.sol:1575:13: GC: For [ stakingAmount ] variable, increment/decrement by 1 using: [ ++variable ] to save gas [Warning/gas-increment-by-one]
/sb/0x00a8be6ea4888d6f232dfb84c3a7628c8a3dfd7e.sol:1585:5: Missing @notice tag in function 'unstake' [Warning/use-natspec]
/sb/0x00a8be6ea4888d6f232dfb84c3a7628c8a3dfd7e.sol:1585:5: Missing @param tag in function 'unstake' [Warning/use-natspec]
/sb/0x00a8be6ea4888d6f232dfb84c3a7628c8a3dfd7e.sol:1585:5: Mismatch in @param names for function 'unstake'. Expected: [tokenIds], Found: [] [Warning/use-natspec]
/sb/0x00a8be6ea4888d6f232dfb84c3a7628c8a3dfd7e.sol:1589:49: GC: For [ i ] variable, increment/decrement by 1 using: [ ++variable ] to save gas [Warning/gas-increment-by-one]
/sb/0x00a8be6ea4888d6f232dfb84c3a7628c8a3dfd7e.sol:1609:17: GC: For [ stakingAmount ] variable, increment/decrement by 1 using: [ ++variable ] to save gas [Warning/gas-increment-by-one]
/sb/0x00a8be6ea4888d6f232dfb84c3a7628c8a3dfd7e.sol:1629:5: Missing @notice tag in function 'getStakingItemInfo' [Warning/use-natspec]
/sb/0x00a8be6ea4888d6f232dfb84c3a7628c8a3dfd7e.sol:1629:5: Missing @param tag in function 'getStakingItemInfo' [Warning/use-natspec]
/sb/0x00a8be6ea4888d6f232dfb84c3a7628c8a3dfd7e.sol:1629:5: Mismatch in @param names for function 'getStakingItemInfo'. Expected: [_user, _tokenId], Found: [] [Warning/use-natspec]
/sb/0x00a8be6ea4888d6f232dfb84c3a7628c8a3dfd7e.sol:1629:5: Missing @return tag in function 'getStakingItemInfo' [Warning/use-natspec]
/sb/0x00a8be6ea4888d6f232dfb84c3a7628c8a3dfd7e.sol:1629:5: Mismatch in @return names for function 'getStakingItemInfo'. Expected: [_isStaked, _startBlock], Found: [] [Warning/use-natspec]
/sb/0x00a8be6ea4888d6f232dfb84c3a7628c8a3dfd7e.sol:1631:56: GC: For [ i ] variable, increment/decrement by 1 using: [ ++variable ] to save gas [Warning/gas-increment-by-one]
/sb/0x00a8be6ea4888d6f232dfb84c3a7628c8a3dfd7e.sol:1649:5: Missing @notice tag in function 'removeFromUserInfo' [Warning/use-natspec]
/sb/0x00a8be6ea4888d6f232dfb84c3a7628c8a3dfd7e.sol:1649:5: Missing @param tag in function 'removeFromUserInfo' [Warning/use-natspec]
/sb/0x00a8be6ea4888d6f232dfb84c3a7628c8a3dfd7e.sol:1649:5: Mismatch in @param names for function 'removeFromUserInfo'. Expected: [tokenId], Found: [] [Warning/use-natspec]
/sb/0x00a8be6ea4888d6f232dfb84c3a7628c8a3dfd7e.sol:1651:62: GC: For [ i ] variable, increment/decrement by 1 using: [ ++variable ] to save gas [Warning/gas-increment-by-one]
/sb/0x00a8be6ea4888d6f232dfb84c3a7628c8a3dfd7e.sol:1669:5: Missing @notice tag in function 'claim' [Warning/use-natspec]
/sb/0x00a8be6ea4888d6f232dfb84c3a7628c8a3dfd7e.sol:1677:62: GC: For [ i ] variable, increment/decrement by 1 using: [ ++variable ] to save gas [Warning/gas-increment-by-one]

344 problem/s (13 error/s, 331 warning/s)
