A new version of Solhint is available: 6.0.1
Please consider updating your Solhint package.
/sb/0x6bce536e0a938dc19dbcbb045b46b93c3d13620b.sol:1:1: Found more than One contract per file. 4 contracts found! [Warning/one-contract-per-file]
/sb/0x6bce536e0a938dc19dbcbb045b46b93c3d13620b.sol:1:1: Compiler version ^0.4.13 does not satisfy the ^0.8.24 semver requirement [Error/compiler-version]
/sb/0x6bce536e0a938dc19dbcbb045b46b93c3d13620b.sol:2:1: Missing @title tag in contract 'owned' [Warning/use-natspec]
/sb/0x6bce536e0a938dc19dbcbb045b46b93c3d13620b.sol:2:1: Missing @author tag in contract 'owned' [Warning/use-natspec]
/sb/0x6bce536e0a938dc19dbcbb045b46b93c3d13620b.sol:2:1: Missing @notice tag in contract 'owned' [Warning/use-natspec]
/sb/0x6bce536e0a938dc19dbcbb045b46b93c3d13620b.sol:2:1: Contract, Structs and Enums should be in CapWords [Warning/contract-name-capwords]
/sb/0x6bce536e0a938dc19dbcbb045b46b93c3d13620b.sol:3:5: Missing @notice tag in variable 'owner' [Warning/use-natspec]
/sb/0x6bce536e0a938dc19dbcbb045b46b93c3d13620b.sol:5:5: Missing @notice tag in function 'owned' [Warning/use-natspec]
/sb/0x6bce536e0a938dc19dbcbb045b46b93c3d13620b.sol:5:5: Explicitly mark visibility in function (Set ignoreConstructors to true if using solidity >=0.7.0) [Warning/func-visibility]
/sb/0x6bce536e0a938dc19dbcbb045b46b93c3d13620b.sol:10:34: Provide an error message for revert [Warning/reason-string]
/sb/0x6bce536e0a938dc19dbcbb045b46b93c3d13620b.sol:14:5: Missing @notice tag in function 'transferOwnership' [Warning/use-natspec]
/sb/0x6bce536e0a938dc19dbcbb045b46b93c3d13620b.sol:14:5: Missing @param tag in function 'transferOwnership' [Warning/use-natspec]
/sb/0x6bce536e0a938dc19dbcbb045b46b93c3d13620b.sol:14:5: Mismatch in @param names for function 'transferOwnership'. Expected: [newOwner], Found: [] [Warning/use-natspec]
/sb/0x6bce536e0a938dc19dbcbb045b46b93c3d13620b.sol:14:5: Explicitly mark visibility in function [Warning/func-visibility]
/sb/0x6bce536e0a938dc19dbcbb045b46b93c3d13620b.sol:19:1: Missing @title tag in contract 'tokenRecipient' [Warning/use-natspec]
/sb/0x6bce536e0a938dc19dbcbb045b46b93c3d13620b.sol:19:1: Missing @author tag in contract 'tokenRecipient' [Warning/use-natspec]
/sb/0x6bce536e0a938dc19dbcbb045b46b93c3d13620b.sol:19:1: Missing @notice tag in contract 'tokenRecipient' [Warning/use-natspec]
/sb/0x6bce536e0a938dc19dbcbb045b46b93c3d13620b.sol:19:1: Contract, Structs and Enums should be in CapWords [Warning/contract-name-capwords]
/sb/0x6bce536e0a938dc19dbcbb045b46b93c3d13620b.sol:19:27: Missing @notice tag in function 'receiveApproval' [Warning/use-natspec]
/sb/0x6bce536e0a938dc19dbcbb045b46b93c3d13620b.sol:19:27: Missing @param tag in function 'receiveApproval' [Warning/use-natspec]
/sb/0x6bce536e0a938dc19dbcbb045b46b93c3d13620b.sol:19:27: Mismatch in @param names for function 'receiveApproval'. Expected: [_from, _value, _token, _extraData], Found: [] [Warning/use-natspec]
/sb/0x6bce536e0a938dc19dbcbb045b46b93c3d13620b.sol:19:27: Explicitly mark visibility in function [Warning/func-visibility]
/sb/0x6bce536e0a938dc19dbcbb045b46b93c3d13620b.sol:21:1: Missing @title tag in contract 'MyToken' [Warning/use-natspec]
/sb/0x6bce536e0a938dc19dbcbb045b46b93c3d13620b.sol:21:1: Missing @author tag in contract 'MyToken' [Warning/use-natspec]
/sb/0x6bce536e0a938dc19dbcbb045b46b93c3d13620b.sol:21:1: Missing @notice tag in contract 'MyToken' [Warning/use-natspec]
/sb/0x6bce536e0a938dc19dbcbb045b46b93c3d13620b.sol:23:5: Missing @notice tag in variable 'name' [Warning/use-natspec]
/sb/0x6bce536e0a938dc19dbcbb045b46b93c3d13620b.sol:24:5: Missing @notice tag in variable 'symbol' [Warning/use-natspec]
/sb/0x6bce536e0a938dc19dbcbb045b46b93c3d13620b.sol:25:5: Missing @notice tag in variable 'decimals' [Warning/use-natspec]
/sb/0x6bce536e0a938dc19dbcbb045b46b93c3d13620b.sol:26:5: Missing @notice tag in variable 'totalSupply' [Warning/use-natspec]
/sb/0x6bce536e0a938dc19dbcbb045b46b93c3d13620b.sol:29:5: Missing @notice tag in variable 'balanceOf' [Warning/use-natspec]
/sb/0x6bce536e0a938dc19dbcbb045b46b93c3d13620b.sol:30:5: Missing @notice tag in variable 'allowance' [Warning/use-natspec]
/sb/0x6bce536e0a938dc19dbcbb045b46b93c3d13620b.sol:33:5: Missing @notice tag in event 'Transfer' [Warning/use-natspec]
/sb/0x6bce536e0a938dc19dbcbb045b46b93c3d13620b.sol:33:5: Missing @param tag in event 'Transfer' [Warning/use-natspec]
/sb/0x6bce536e0a938dc19dbcbb045b46b93c3d13620b.sol:33:5: Mismatch in @param names for event 'Transfer'. Expected: [from, to, value], Found: [] [Warning/use-natspec]
/sb/0x6bce536e0a938dc19dbcbb045b46b93c3d13620b.sol:33:5: GC: [value] on Event [Transfer] could be Indexed [Warning/gas-indexed-events]
/sb/0x6bce536e0a938dc19dbcbb045b46b93c3d13620b.sol:36:5: Missing @notice tag in function 'MyToken' [Warning/use-natspec]
/sb/0x6bce536e0a938dc19dbcbb045b46b93c3d13620b.sol:36:5: Missing @param tag in function 'MyToken' [Warning/use-natspec]
/sb/0x6bce536e0a938dc19dbcbb045b46b93c3d13620b.sol:36:5: Mismatch in @param names for function 'MyToken'. Expected: [initialSupply, tokenName, decimalUnits, tokenSymbol], Found: [] [Warning/use-natspec]
/sb/0x6bce536e0a938dc19dbcbb045b46b93c3d13620b.sol:36:5: Explicitly mark visibility in function (Set ignoreConstructors to true if using solidity >=0.7.0) [Warning/func-visibility]
/sb/0x6bce536e0a938dc19dbcbb045b46b93c3d13620b.sol:50:5: Missing @notice tag in function 'transfer' [Warning/use-natspec]
/sb/0x6bce536e0a938dc19dbcbb045b46b93c3d13620b.sol:50:5: Missing @param tag in function 'transfer' [Warning/use-natspec]
/sb/0x6bce536e0a938dc19dbcbb045b46b93c3d13620b.sol:50:5: Mismatch in @param names for function 'transfer'. Expected: [_to, _value], Found: [] [Warning/use-natspec]
/sb/0x6bce536e0a938dc19dbcbb045b46b93c3d13620b.sol:50:5: Explicitly mark visibility in function [Warning/func-visibility]
/sb/0x6bce536e0a938dc19dbcbb045b46b93c3d13620b.sol:51:45: Provide an error message for revert [Warning/reason-string]
/sb/0x6bce536e0a938dc19dbcbb045b46b93c3d13620b.sol:52:55: Provide an error message for revert [Warning/reason-string]
/sb/0x6bce536e0a938dc19dbcbb045b46b93c3d13620b.sol:59:5: Missing @notice tag in function 'approve' [Warning/use-natspec]
/sb/0x6bce536e0a938dc19dbcbb045b46b93c3d13620b.sol:59:5: Missing @param tag in function 'approve' [Warning/use-natspec]
/sb/0x6bce536e0a938dc19dbcbb045b46b93c3d13620b.sol:59:5: Mismatch in @param names for function 'approve'. Expected: [_spender, _value], Found: [] [Warning/use-natspec]
/sb/0x6bce536e0a938dc19dbcbb045b46b93c3d13620b.sol:59:5: Missing @return tag in function 'approve' [Warning/use-natspec]
/sb/0x6bce536e0a938dc19dbcbb045b46b93c3d13620b.sol:59:5: Mismatch in @return names for function 'approve'. Expected: [success], Found: [] [Warning/use-natspec]
/sb/0x6bce536e0a938dc19dbcbb045b46b93c3d13620b.sol:59:5: Explicitly mark visibility in function [Warning/func-visibility]
/sb/0x6bce536e0a938dc19dbcbb045b46b93c3d13620b.sol:66:5: Missing @notice tag in function 'approveAndCall' [Warning/use-natspec]
/sb/0x6bce536e0a938dc19dbcbb045b46b93c3d13620b.sol:66:5: Missing @param tag in function 'approveAndCall' [Warning/use-natspec]
/sb/0x6bce536e0a938dc19dbcbb045b46b93c3d13620b.sol:66:5: Mismatch in @param names for function 'approveAndCall'. Expected: [_spender, _value, _extraData], Found: [] [Warning/use-natspec]
/sb/0x6bce536e0a938dc19dbcbb045b46b93c3d13620b.sol:66:5: Missing @return tag in function 'approveAndCall' [Warning/use-natspec]
/sb/0x6bce536e0a938dc19dbcbb045b46b93c3d13620b.sol:66:5: Mismatch in @return names for function 'approveAndCall'. Expected: [success], Found: [] [Warning/use-natspec]
/sb/0x6bce536e0a938dc19dbcbb045b46b93c3d13620b.sol:66:5: Explicitly mark visibility in function [Warning/func-visibility]
/sb/0x6bce536e0a938dc19dbcbb045b46b93c3d13620b.sol:76:5: Missing @notice tag in function 'transferFrom' [Warning/use-natspec]
/sb/0x6bce536e0a938dc19dbcbb045b46b93c3d13620b.sol:76:5: Missing @param tag in function 'transferFrom' [Warning/use-natspec]
/sb/0x6bce536e0a938dc19dbcbb045b46b93c3d13620b.sol:76:5: Mismatch in @param names for function 'transferFrom'. Expected: [_from, _to, _value], Found: [] [Warning/use-natspec]
/sb/0x6bce536e0a938dc19dbcbb045b46b93c3d13620b.sol:76:5: Missing @return tag in function 'transferFrom' [Warning/use-natspec]
/sb/0x6bce536e0a938dc19dbcbb045b46b93c3d13620b.sol:76:5: Mismatch in @return names for function 'transferFrom'. Expected: [success], Found: [] [Warning/use-natspec]
/sb/0x6bce536e0a938dc19dbcbb045b46b93c3d13620b.sol:76:5: Explicitly mark visibility in function [Warning/func-visibility]
/sb/0x6bce536e0a938dc19dbcbb045b46b93c3d13620b.sol:77:40: Provide an error message for revert [Warning/reason-string]
/sb/0x6bce536e0a938dc19dbcbb045b46b93c3d13620b.sol:78:55: Provide an error message for revert [Warning/reason-string]
/sb/0x6bce536e0a938dc19dbcbb045b46b93c3d13620b.sol:79:52: Provide an error message for revert [Warning/reason-string]
/sb/0x6bce536e0a938dc19dbcbb045b46b93c3d13620b.sol:88:5: Missing @notice tag in function '<anonymous>' [Warning/use-natspec]
/sb/0x6bce536e0a938dc19dbcbb045b46b93c3d13620b.sol:88:5: Explicitly mark visibility in function [Warning/func-visibility]
/sb/0x6bce536e0a938dc19dbcbb045b46b93c3d13620b.sol:89:9: Provide an error message for revert [Warning/reason-string]
/sb/0x6bce536e0a938dc19dbcbb045b46b93c3d13620b.sol:93:1: Missing @title tag in contract 'TemplateToken' [Warning/use-natspec]
/sb/0x6bce536e0a938dc19dbcbb045b46b93c3d13620b.sol:93:1: Missing @author tag in contract 'TemplateToken' [Warning/use-natspec]
/sb/0x6bce536e0a938dc19dbcbb045b46b93c3d13620b.sol:93:1: Missing @notice tag in contract 'TemplateToken' [Warning/use-natspec]
/sb/0x6bce536e0a938dc19dbcbb045b46b93c3d13620b.sol:95:5: Rule is set with explicit type [var/s: uint] [Warning/explicit-types]
/sb/0x6bce536e0a938dc19dbcbb045b46b93c3d13620b.sol:95:5: Missing @notice tag in variable 'buyRate' [Warning/use-natspec]
/sb/0x6bce536e0a938dc19dbcbb045b46b93c3d13620b.sol:96:5: Missing @notice tag in variable 'isSelling' [Warning/use-natspec]
/sb/0x6bce536e0a938dc19dbcbb045b46b93c3d13620b.sol:98:5: Missing @notice tag in variable 'frozenAccount' [Warning/use-natspec]
/sb/0x6bce536e0a938dc19dbcbb045b46b93c3d13620b.sol:101:5: Missing @notice tag in event 'FrozenFunds' [Warning/use-natspec]
/sb/0x6bce536e0a938dc19dbcbb045b46b93c3d13620b.sol:101:5: Missing @param tag in event 'FrozenFunds' [Warning/use-natspec]
/sb/0x6bce536e0a938dc19dbcbb045b46b93c3d13620b.sol:101:5: Mismatch in @param names for event 'FrozenFunds'. Expected: [target, frozen], Found: [] [Warning/use-natspec]
/sb/0x6bce536e0a938dc19dbcbb045b46b93c3d13620b.sol:101:5: GC: [target] on Event [FrozenFunds] could be Indexed [Warning/gas-indexed-events]
/sb/0x6bce536e0a938dc19dbcbb045b46b93c3d13620b.sol:101:5: GC: [frozen] on Event [FrozenFunds] could be Indexed [Warning/gas-indexed-events]
/sb/0x6bce536e0a938dc19dbcbb045b46b93c3d13620b.sol:104:5: Missing @notice tag in function 'TemplateToken' [Warning/use-natspec]
/sb/0x6bce536e0a938dc19dbcbb045b46b93c3d13620b.sol:104:5: Missing @param tag in function 'TemplateToken' [Warning/use-natspec]
/sb/0x6bce536e0a938dc19dbcbb045b46b93c3d13620b.sol:104:5: Mismatch in @param names for function 'TemplateToken'. Expected: [initialSupply, tokenName, decimalUnits, tokenSymbol], Found: [] [Warning/use-natspec]
/sb/0x6bce536e0a938dc19dbcbb045b46b93c3d13620b.sol:104:5: Explicitly mark visibility in function (Set ignoreConstructors to true if using solidity >=0.7.0) [Warning/func-visibility]
/sb/0x6bce536e0a938dc19dbcbb045b46b93c3d13620b.sol:112:5: Missing @notice tag in function 'transfer' [Warning/use-natspec]
/sb/0x6bce536e0a938dc19dbcbb045b46b93c3d13620b.sol:112:5: Missing @param tag in function 'transfer' [Warning/use-natspec]
/sb/0x6bce536e0a938dc19dbcbb045b46b93c3d13620b.sol:112:5: Mismatch in @param names for function 'transfer'. Expected: [_to, _value], Found: [] [Warning/use-natspec]
/sb/0x6bce536e0a938dc19dbcbb045b46b93c3d13620b.sol:112:5: Explicitly mark visibility in function [Warning/func-visibility]
/sb/0x6bce536e0a938dc19dbcbb045b46b93c3d13620b.sol:113:45: Provide an error message for revert [Warning/reason-string]
/sb/0x6bce536e0a938dc19dbcbb045b46b93c3d13620b.sol:114:55: Provide an error message for revert [Warning/reason-string]
/sb/0x6bce536e0a938dc19dbcbb045b46b93c3d13620b.sol:115:40: Provide an error message for revert [Warning/reason-string]
/sb/0x6bce536e0a938dc19dbcbb045b46b93c3d13620b.sol:122:5: Missing @notice tag in function 'transferFrom' [Warning/use-natspec]
/sb/0x6bce536e0a938dc19dbcbb045b46b93c3d13620b.sol:122:5: Missing @param tag in function 'transferFrom' [Warning/use-natspec]
/sb/0x6bce536e0a938dc19dbcbb045b46b93c3d13620b.sol:122:5: Mismatch in @param names for function 'transferFrom'. Expected: [_from, _to, _value], Found: [] [Warning/use-natspec]
/sb/0x6bce536e0a938dc19dbcbb045b46b93c3d13620b.sol:122:5: Missing @return tag in function 'transferFrom' [Warning/use-natspec]
/sb/0x6bce536e0a938dc19dbcbb045b46b93c3d13620b.sol:122:5: Mismatch in @return names for function 'transferFrom'. Expected: [success], Found: [] [Warning/use-natspec]
/sb/0x6bce536e0a938dc19dbcbb045b46b93c3d13620b.sol:122:5: Explicitly mark visibility in function [Warning/func-visibility]
/sb/0x6bce536e0a938dc19dbcbb045b46b93c3d13620b.sol:123:35: Provide an error message for revert [Warning/reason-string]
/sb/0x6bce536e0a938dc19dbcbb045b46b93c3d13620b.sol:124:40: Provide an error message for revert [Warning/reason-string]
/sb/0x6bce536e0a938dc19dbcbb045b46b93c3d13620b.sol:125:55: Provide an error message for revert [Warning/reason-string]
/sb/0x6bce536e0a938dc19dbcbb045b46b93c3d13620b.sol:126:52: Provide an error message for revert [Warning/reason-string]
/sb/0x6bce536e0a938dc19dbcbb045b46b93c3d13620b.sol:134:5: Missing @notice tag in function 'mintToken' [Warning/use-natspec]
/sb/0x6bce536e0a938dc19dbcbb045b46b93c3d13620b.sol:134:5: Missing @param tag in function 'mintToken' [Warning/use-natspec]
/sb/0x6bce536e0a938dc19dbcbb045b46b93c3d13620b.sol:134:5: Mismatch in @param names for function 'mintToken'. Expected: [target, mintedAmount], Found: [] [Warning/use-natspec]
/sb/0x6bce536e0a938dc19dbcbb045b46b93c3d13620b.sol:134:5: Explicitly mark visibility in function [Warning/func-visibility]
/sb/0x6bce536e0a938dc19dbcbb045b46b93c3d13620b.sol:140:5: Missing @notice tag in function 'freezeAccount' [Warning/use-natspec]
/sb/0x6bce536e0a938dc19dbcbb045b46b93c3d13620b.sol:140:5: Missing @param tag in function 'freezeAccount' [Warning/use-natspec]
/sb/0x6bce536e0a938dc19dbcbb045b46b93c3d13620b.sol:140:5: Mismatch in @param names for function 'freezeAccount'. Expected: [target, freeze], Found: [] [Warning/use-natspec]
/sb/0x6bce536e0a938dc19dbcbb045b46b93c3d13620b.sol:140:5: Explicitly mark visibility in function [Warning/func-visibility]
/sb/0x6bce536e0a938dc19dbcbb045b46b93c3d13620b.sol:145:5: Missing @notice tag in function 'setBuyRate' [Warning/use-natspec]
/sb/0x6bce536e0a938dc19dbcbb045b46b93c3d13620b.sol:145:5: Missing @param tag in function 'setBuyRate' [Warning/use-natspec]
/sb/0x6bce536e0a938dc19dbcbb045b46b93c3d13620b.sol:145:5: Mismatch in @param names for function 'setBuyRate'. Expected: [newBuyRate], Found: [] [Warning/use-natspec]
/sb/0x6bce536e0a938dc19dbcbb045b46b93c3d13620b.sol:145:5: Explicitly mark visibility in function [Warning/func-visibility]
/sb/0x6bce536e0a938dc19dbcbb045b46b93c3d13620b.sol:145:25: Rule is set with explicit type [var/s: uint] [Warning/explicit-types]
/sb/0x6bce536e0a938dc19dbcbb045b46b93c3d13620b.sol:149:5: Missing @notice tag in function 'setSelling' [Warning/use-natspec]
/sb/0x6bce536e0a938dc19dbcbb045b46b93c3d13620b.sol:149:5: Missing @param tag in function 'setSelling' [Warning/use-natspec]
/sb/0x6bce536e0a938dc19dbcbb045b46b93c3d13620b.sol:149:5: Mismatch in @param names for function 'setSelling'. Expected: [newStatus], Found: [] [Warning/use-natspec]
/sb/0x6bce536e0a938dc19dbcbb045b46b93c3d13620b.sol:149:5: Explicitly mark visibility in function [Warning/func-visibility]
/sb/0x6bce536e0a938dc19dbcbb045b46b93c3d13620b.sol:153:5: Missing @notice tag in function 'buy' [Warning/use-natspec]
/sb/0x6bce536e0a938dc19dbcbb045b46b93c3d13620b.sol:153:5: Explicitly mark visibility in function [Warning/func-visibility]
/sb/0x6bce536e0a938dc19dbcbb045b46b93c3d13620b.sol:154:32: Provide an error message for revert [Warning/reason-string]
/sb/0x6bce536e0a938dc19dbcbb045b46b93c3d13620b.sol:155:9: Rule is set with explicit type [var/s: uint] [Warning/explicit-types]
/sb/0x6bce536e0a938dc19dbcbb045b46b93c3d13620b.sol:161:5: Missing @notice tag in function 'withdrawToOwner' [Warning/use-natspec]
/sb/0x6bce536e0a938dc19dbcbb045b46b93c3d13620b.sol:161:5: Missing @param tag in function 'withdrawToOwner' [Warning/use-natspec]
/sb/0x6bce536e0a938dc19dbcbb045b46b93c3d13620b.sol:161:5: Mismatch in @param names for function 'withdrawToOwner'. Expected: [amountWei], Found: [] [Warning/use-natspec]
/sb/0x6bce536e0a938dc19dbcbb045b46b93c3d13620b.sol:161:5: Explicitly mark visibility in function [Warning/func-visibility]

127 problem/s (1 error/s, 126 warning/s)
