ANTLR runtime and generated code versions disagree: 4.9.2!=4.7.2
ANTLR runtime and generated code versions disagree: 4.9.2!=4.7.2
Analysing /sb/0xda0af93134b0e1325fda263326bb6202f82cfb94.sol:RaisingToken...
Vulnerability: Integer Overflow. Maybe in function: buy(). PC: 0x8c0. Line number: 48.
If a = 7994841843883819762967217486047770466949909202818526949141806817869353963
and b = 35604357578041891141092672017214312963546763347598191561754097545847049413200
Vulnerability: Integer Underflow. Maybe in function: transferFrom(address,address,uint256). PC: 0x6ac. Line number: 183.
If a = 90963
and b = 115792089237316195423570985008687907851908855197956810185604085578185788449618
Vulnerability: Integer Overflow. Maybe in function: transferFrom(address,address,uint256). PC: 0x74c. Line number: 192.
If a = 57896044402978524374580374147007833230477946943723126639404212155127682826238
and b = 115792089237316195423570985008687907853269984665640564039457584007913129639935
Vulnerability: Integer Underflow. Maybe in function: transferFrom(address,address,uint256). PC: 0x75c. Line number: 195.
If a = 0
and b = 1
Vulnerability: Integer Underflow. Maybe in function: transfer(address,uint256). PC: 0xa3c. Line number: 139.
If a = 90963
and b = 115792089237316195423570985008687907851908855197956810185604085578185788449618
Vulnerability: Reentrancy. Maybe in function: sell(uint256). PC: 0xc43. Line number: 81.
Vulnerability: Integer Underflow. Maybe in function: transfer(address,uint256). PC: 0xa9f. Line number: 148.
If a = 0
and b = 1
Vulnerability: Integer Overflow. Maybe in function: transfer(address,uint256). PC: 0xa8f. Line number: 145.
If a = 57896044618658097710997789796338887042549766219394992268520772657337610534911
and b = 115792089237316195423570985008687907853269984665640564039457584007913129639935
Vulnerability: Integer Underflow. Maybe in function: transferFrom(address,address,uint256). PC: 0x6f9. Line number: 186.
If a = 1684996666696914987166688442938726917102321526408785780068975640576
and b = 1684996666696914987166688442938726917102321526408785780068975640577
