'solc --version' running
'solc /sb/0xe245aa7191fa523a7f109d3503808f37c1c2ce3b.sol --combined-json abi,ast,bin,bin-runtime,srcmap,srcmap-runtime,userdoc,devdoc,hashes,compact-format --allow-paths .,/sb' running
Compilation warnings/errors on /sb/0xe245aa7191fa523a7f109d3503808f37c1c2ce3b.sol:
/sb/0xe245aa7191fa523a7f109d3503808f37c1c2ce3b.sol:77:5: Warning: Defining constructors as functions with the same name as the contract is deprecated. Use "constructor(...) { ... }" instead.
    function Owned() public {
    ^ (Relevant source part starts here and spans across multiple lines).
/sb/0xe245aa7191fa523a7f109d3503808f37c1c2ce3b.sol:115:5: Warning: Defining constructors as functions with the same name as the contract is deprecated. Use "constructor(...) { ... }" instead.
    function SmartToken() public {
    ^ (Relevant source part starts here and spans across multiple lines).
/sb/0xe245aa7191fa523a7f109d3503808f37c1c2ce3b.sol:91:9: Warning: Invoking events without "emit" prefix is deprecated.
        OwnershipTransferred(owner, newOwner);
        ^-----------------------------------^
/sb/0xe245aa7191fa523a7f109d3503808f37c1c2ce3b.sol:121:9: Warning: Invoking events without "emit" prefix is deprecated.
        Transfer(address(0), 0xb7710726f14E238aAfb93aDc00A0A7B5755109c1, _totalSupply);
        ^----------------------------------------------------------------------------^
/sb/0xe245aa7191fa523a7f109d3503808f37c1c2ce3b.sol:149:9: Warning: Invoking events without "emit" prefix is deprecated.
        Transfer(msg.sender, to, tokens);
        ^------------------------------^
/sb/0xe245aa7191fa523a7f109d3503808f37c1c2ce3b.sol:164:9: Warning: Invoking events without "emit" prefix is deprecated.
        Approval(msg.sender, spender, tokens);
        ^-----------------------------------^
/sb/0xe245aa7191fa523a7f109d3503808f37c1c2ce3b.sol:182:9: Warning: Invoking events without "emit" prefix is deprecated.
        Transfer(from, to, tokens);
        ^------------------------^
/sb/0xe245aa7191fa523a7f109d3503808f37c1c2ce3b.sol:203:9: Warning: Invoking events without "emit" prefix is deprecated.
        Approval(msg.sender, spender, tokens);
        ^-----------------------------------^


Contract locking ether found:
	Contract SmartToken (../sb/0xe245aa7191fa523a7f109d3503808f37c1c2ce3b.sol#102-224) has payable functions:
	 - SmartToken.fallback() (../sb/0xe245aa7191fa523a7f109d3503808f37c1c2ce3b.sol#212-214)
	But does not have a function to withdraw the ether
Reference: https://github.com/crytic/slither/wiki/Detector-Documentation#contracts-that-lock-ether

Owned.transferOwnership(address)._newOwner (../sb/0xe245aa7191fa523a7f109d3503808f37c1c2ce3b.sol#86) lacks a zero-check on :
		- newOwner = _newOwner (../sb/0xe245aa7191fa523a7f109d3503808f37c1c2ce3b.sol#87)
Reference: https://github.com/crytic/slither/wiki/Detector-Documentation#missing-zero-address-validation

Version constraint ^0.4.18 contains known severe issues (https://solidity.readthedocs.io/en/latest/bugs.html)
	- DirtyBytesArrayToStorage
	- ABIDecodeTwoDimensionalArrayMemory
	- KeccakCaching
	- EmptyByteArrayCopy
	- DynamicArrayCleanup
	- ImplicitConstructorCallvalueCheck
	- TupleAssignmentMultiStackSlotComponents
	- MemoryArrayCreationOverflow
	- privateCanBeOverridden
	- SignedArrayStorageCopy
	- ABIEncoderV2StorageArrayWithMultiSlotElement
	- DynamicConstructorArgumentsClippedABIV2
	- UninitializedFunctionPointerInConstructor_0.4.x
	- IncorrectEventSignatureInLibraries_0.4.x
	- ExpExponentCleanup
	- EventStructWrongData
	- NestedArrayFunctionCallDecoder.
It is used by:
	- ^0.4.18 (../sb/0xe245aa7191fa523a7f109d3503808f37c1c2ce3b.sol#1)
solc-0.4.26 is an outdated solc version. Use a more recent version (at least 0.8.0), if possible.
Reference: https://github.com/crytic/slither/wiki/Detector-Documentation#incorrect-versions-of-solidity

Parameter Owned.transferOwnership(address)._newOwner (../sb/0xe245aa7191fa523a7f109d3503808f37c1c2ce3b.sol#86) is not in mixedCase
Variable SmartToken._totalSupply (../sb/0xe245aa7191fa523a7f109d3503808f37c1c2ce3b.sol#106) is not in mixedCase
Reference: https://github.com/crytic/slither/wiki/Detector-Documentation#conformance-to-solidity-naming-conventions

SmartToken.SmartToken() (../sb/0xe245aa7191fa523a7f109d3503808f37c1c2ce3b.sol#115-122) uses literals with too many digits:
	- _totalSupply = 100000000000000000000000000 (../sb/0xe245aa7191fa523a7f109d3503808f37c1c2ce3b.sol#119)
Reference: https://github.com/crytic/slither/wiki/Detector-Documentation#too-many-digits

receiveApproval(address,uint256,address,bytes) should be declared external:
	- ApproveAndCallFallBack.receiveApproval(address,uint256,address,bytes) (../sb/0xe245aa7191fa523a7f109d3503808f37c1c2ce3b.sol#64)
approveAndCall(address,uint256,bytes) should be declared external:
	- SmartToken.approveAndCall(address,uint256,bytes) (../sb/0xe245aa7191fa523a7f109d3503808f37c1c2ce3b.sol#201-206)
Reference: https://github.com/crytic/slither/wiki/Detector-Documentation#public-function-that-could-be-declared-external
/sb/0xe245aa7191fa523a7f109d3503808f37c1c2ce3b.sol analyzed (5 contracts with 100 detectors), 9 result(s) found
