Extract contract BasicToken from /sb/0x21d83b0c82e6735061a1f80efe5b7cc3dc112912.sol
Extract contract Ownable from /sb/0x21d83b0c82e6735061a1f80efe5b7cc3dc112912.sol
Extract contract ROBUtilityToken from /sb/0x21d83b0c82e6735061a1f80efe5b7cc3dc112912.sol
Extract contract SafeMath from /sb/0x21d83b0c82e6735061a1f80efe5b7cc3dc112912.sol
Extract contract StandardToken from /sb/0x21d83b0c82e6735061a1f80efe5b7cc3dc112912.sol
Extracted 5 contract(s) from /sb/0x21d83b0c82e6735061a1f80efe5b7cc3dc112912.sol
[0;32m> Created "fuzzMe"[0m
[0;32m> To fuzz contracts:[0m
  chmod +x fuzzMe
  ./fuzzMe
contracts/ROBUtilityToken.sol:189:3: Warning: Defining constructors as functions with the same name as the contract is deprecated. Use "constructor(...) { ... }" instead.
  function Ownable() public {
  ^ (Relevant source part starts here and spans across multiple lines).
contracts/ROBUtilityToken.sol:79:5: Warning: Invoking events without "emit" prefix is deprecated.
    Transfer(msg.sender, _to, _value);
    ^-------------------------------^
contracts/ROBUtilityToken.sol:119:5: Warning: Invoking events without "emit" prefix is deprecated.
    Transfer(_from, _to, _value);
    ^--------------------------^
contracts/ROBUtilityToken.sol:135:5: Warning: Invoking events without "emit" prefix is deprecated.
    Approval(msg.sender, _spender, _value);
    ^------------------------------------^
contracts/ROBUtilityToken.sol:157:5: Warning: Invoking events without "emit" prefix is deprecated.
    Approval(msg.sender, _spender, allowed[msg.sender][_spender]);
    ^-----------------------------------------------------------^
contracts/ROBUtilityToken.sol:168:5: Warning: Invoking events without "emit" prefix is deprecated.
    Approval(msg.sender, _spender, allowed[msg.sender][_spender]);
    ^-----------------------------------------------------------^
contracts/ROBUtilityToken.sol:209:5: Warning: Invoking events without "emit" prefix is deprecated.
    OwnershipTransferred(owner, newOwner);
    ^-----------------------------------^
contracts/ROBUtilityToken.sol:254:7: Warning: Invoking events without "emit" prefix is deprecated.
      CreateROB(ReserveAccount, ROBReserveAllocation);
      ^---------------------------------------------^
contracts/ROBUtilityToken.sol:270:7: Warning: Invoking events without "emit" prefix is deprecated.
      CreateROB(msg.sender, tokens);
      ^---------------------------^
contracts/ROBUtilityToken.sol:271:37: Warning: Using contract member "balance" inherited from the address type is deprecated. Convert the contract to "address" type to access the member, for example use "address(contract).balance" instead.
      etherProceedsAccount.transfer(this.balance);
                                    ^----------^
contracts/Ownable.sol:189:3: Warning: Defining constructors as functions with the same name as the contract is deprecated. Use "constructor(...) { ... }" instead.
  function Ownable() public {
  ^ (Relevant source part starts here and spans across multiple lines).
contracts/Ownable.sol:79:5: Warning: Invoking events without "emit" prefix is deprecated.
    Transfer(msg.sender, _to, _value);
    ^-------------------------------^
contracts/Ownable.sol:119:5: Warning: Invoking events without "emit" prefix is deprecated.
    Transfer(_from, _to, _value);
    ^--------------------------^
contracts/Ownable.sol:135:5: Warning: Invoking events without "emit" prefix is deprecated.
    Approval(msg.sender, _spender, _value);
    ^------------------------------------^
contracts/Ownable.sol:157:5: Warning: Invoking events without "emit" prefix is deprecated.
    Approval(msg.sender, _spender, allowed[msg.sender][_spender]);
    ^-----------------------------------------------------------^
contracts/Ownable.sol:168:5: Warning: Invoking events without "emit" prefix is deprecated.
    Approval(msg.sender, _spender, allowed[msg.sender][_spender]);
    ^-----------------------------------------------------------^
contracts/Ownable.sol:209:5: Warning: Invoking events without "emit" prefix is deprecated.
    OwnershipTransferred(owner, newOwner);
    ^-----------------------------------^
contracts/Ownable.sol:254:7: Warning: Invoking events without "emit" prefix is deprecated.
      CreateROB(ReserveAccount, ROBReserveAllocation);
      ^---------------------------------------------^
contracts/Ownable.sol:270:7: Warning: Invoking events without "emit" prefix is deprecated.
      CreateROB(msg.sender, tokens);
      ^---------------------------^
contracts/Ownable.sol:271:37: Warning: Using contract member "balance" inherited from the address type is deprecated. Convert the contract to "address" type to access the member, for example use "address(contract).balance" instead.
      etherProceedsAccount.transfer(this.balance);
                                    ^----------^
contracts/SafeMath.sol:189:3: Warning: Defining constructors as functions with the same name as the contract is deprecated. Use "constructor(...) { ... }" instead.
  function Ownable() public {
  ^ (Relevant source part starts here and spans across multiple lines).
contracts/SafeMath.sol:79:5: Warning: Invoking events without "emit" prefix is deprecated.
    Transfer(msg.sender, _to, _value);
    ^-------------------------------^
contracts/SafeMath.sol:119:5: Warning: Invoking events without "emit" prefix is deprecated.
    Transfer(_from, _to, _value);
    ^--------------------------^
contracts/SafeMath.sol:135:5: Warning: Invoking events without "emit" prefix is deprecated.
    Approval(msg.sender, _spender, _value);
    ^------------------------------------^
contracts/SafeMath.sol:157:5: Warning: Invoking events without "emit" prefix is deprecated.
    Approval(msg.sender, _spender, allowed[msg.sender][_spender]);
    ^-----------------------------------------------------------^
contracts/SafeMath.sol:168:5: Warning: Invoking events without "emit" prefix is deprecated.
    Approval(msg.sender, _spender, allowed[msg.sender][_spender]);
    ^-----------------------------------------------------------^
contracts/SafeMath.sol:209:5: Warning: Invoking events without "emit" prefix is deprecated.
    OwnershipTransferred(owner, newOwner);
    ^-----------------------------------^
contracts/SafeMath.sol:254:7: Warning: Invoking events without "emit" prefix is deprecated.
      CreateROB(ReserveAccount, ROBReserveAllocation);
      ^---------------------------------------------^
contracts/SafeMath.sol:270:7: Warning: Invoking events without "emit" prefix is deprecated.
      CreateROB(msg.sender, tokens);
      ^---------------------------^
contracts/SafeMath.sol:271:37: Warning: Using contract member "balance" inherited from the address type is deprecated. Convert the contract to "address" type to access the member, for example use "address(contract).balance" instead.
      etherProceedsAccount.transfer(this.balance);
                                    ^----------^
contracts/StandardToken.sol:189:3: Warning: Defining constructors as functions with the same name as the contract is deprecated. Use "constructor(...) { ... }" instead.
  function Ownable() public {
  ^ (Relevant source part starts here and spans across multiple lines).
contracts/StandardToken.sol:79:5: Warning: Invoking events without "emit" prefix is deprecated.
    Transfer(msg.sender, _to, _value);
    ^-------------------------------^
contracts/StandardToken.sol:119:5: Warning: Invoking events without "emit" prefix is deprecated.
    Transfer(_from, _to, _value);
    ^--------------------------^
contracts/StandardToken.sol:135:5: Warning: Invoking events without "emit" prefix is deprecated.
    Approval(msg.sender, _spender, _value);
    ^------------------------------------^
contracts/StandardToken.sol:157:5: Warning: Invoking events without "emit" prefix is deprecated.
    Approval(msg.sender, _spender, allowed[msg.sender][_spender]);
    ^-----------------------------------------------------------^
contracts/StandardToken.sol:168:5: Warning: Invoking events without "emit" prefix is deprecated.
    Approval(msg.sender, _spender, allowed[msg.sender][_spender]);
    ^-----------------------------------------------------------^
contracts/StandardToken.sol:209:5: Warning: Invoking events without "emit" prefix is deprecated.
    OwnershipTransferred(owner, newOwner);
    ^-----------------------------------^
contracts/StandardToken.sol:254:7: Warning: Invoking events without "emit" prefix is deprecated.
      CreateROB(ReserveAccount, ROBReserveAllocation);
      ^---------------------------------------------^
contracts/StandardToken.sol:270:7: Warning: Invoking events without "emit" prefix is deprecated.
      CreateROB(msg.sender, tokens);
      ^---------------------------^
contracts/StandardToken.sol:271:37: Warning: Using contract member "balance" inherited from the address type is deprecated. Convert the contract to "address" type to access the member, for example use "address(contract).balance" instead.
      etherProceedsAccount.transfer(this.balance);
                                    ^----------^
contracts/BasicToken.sol:189:3: Warning: Defining constructors as functions with the same name as the contract is deprecated. Use "constructor(...) { ... }" instead.
  function Ownable() public {
  ^ (Relevant source part starts here and spans across multiple lines).
contracts/BasicToken.sol:79:5: Warning: Invoking events without "emit" prefix is deprecated.
    Transfer(msg.sender, _to, _value);
    ^-------------------------------^
contracts/BasicToken.sol:119:5: Warning: Invoking events without "emit" prefix is deprecated.
    Transfer(_from, _to, _value);
    ^--------------------------^
contracts/BasicToken.sol:135:5: Warning: Invoking events without "emit" prefix is deprecated.
    Approval(msg.sender, _spender, _value);
    ^------------------------------------^
contracts/BasicToken.sol:157:5: Warning: Invoking events without "emit" prefix is deprecated.
    Approval(msg.sender, _spender, allowed[msg.sender][_spender]);
    ^-----------------------------------------------------------^
contracts/BasicToken.sol:168:5: Warning: Invoking events without "emit" prefix is deprecated.
    Approval(msg.sender, _spender, allowed[msg.sender][_spender]);
    ^-----------------------------------------------------------^
contracts/BasicToken.sol:209:5: Warning: Invoking events without "emit" prefix is deprecated.
    OwnershipTransferred(owner, newOwner);
    ^-----------------------------------^
contracts/BasicToken.sol:254:7: Warning: Invoking events without "emit" prefix is deprecated.
      CreateROB(ReserveAccount, ROBReserveAllocation);
      ^---------------------------------------------^
contracts/BasicToken.sol:270:7: Warning: Invoking events without "emit" prefix is deprecated.
      CreateROB(msg.sender, tokens);
      ^---------------------------^
contracts/BasicToken.sol:271:37: Warning: Using contract member "balance" inherited from the address type is deprecated. Convert the contract to "address" type to access the member, for example use "address(contract).balance" instead.
      etherProceedsAccount.transfer(this.balance);
                                    ^----------^
assets/NormalAttacker.sol:5:3: Warning: No visibility specified. Defaulting to "public". 
  function() payable {
  ^ (Relevant source part starts here and spans across multiple lines).
assets/ReentrancyAttacker.sol:8:7: Warning: Return value of low-level calls not used.
      msg.sender.call(bytes4(255));
      ^--------------------------^
assets/ReentrancyAttacker.sol:5:3: Warning: No visibility specified. Defaulting to "public". 
  function() payable {
  ^ (Relevant source part starts here and spans across multiple lines).
>> Fuzz ROBUtilityToken
** Write stats: 0.019259
** Write stats: 5.00169
** Write stats: 10.0036
** Write stats: 15.0015
** Write stats: 20.0002
** Write stats: 25.0008
** Write stats: 30.0053
** Write stats: 35.0004
** Write stats: 40.0055
** Write stats: 45.0052
** Write stats: 50.0067
** Write stats: 55.002
** Write stats: 60.0076
** Write stats: 65.0066
** Write stats: 70.0039
** Write stats: 75.001
** Write stats: 80.0069
** Write stats: 85.0072
** Write stats: 90.0043
** Write stats: 95.0047
** Write stats: 100.003
** Write stats: 105.01
** Write stats: 110.005
** Write stats: 115.004
** Write stats: 120.001
** Write stats: 125.005
** Write stats: 130.005
** Write stats: 135.01
** Write stats: 140.012
** Write stats: 145.002
** Write stats: 150.033
** Write stats: 155.009
** Write stats: 160.001
** Write stats: 165.004
** Write stats: 170.007
** Write stats: 175.004
** Write stats: 178.061
>> Fuzz Ownable
** Write stats: 0.004056
** Write stats: 5.00009
** Write stats: 10.0002
** Write stats: 15.0001
** Write stats: 20.0001
** Write stats: 25.0002
** Write stats: 30.0001
** Write stats: 35.0097
** Write stats: 40.0032
** Write stats: 45.0001
** Write stats: 50.0003
** Write stats: 55.0001
** Write stats: 60.0005
** Write stats: 65.0002
** Write stats: 70.0004
** Write stats: 75.0001
** Write stats: 80.0003
** Write stats: 85.0006
** Write stats: 90.0012
** Write stats: 95.0001
** Write stats: 100
** Write stats: 110
** Write stats: 115
** Write stats: 120
** Write stats: 125
** Write stats: 130
** Write stats: 135
** Write stats: 140
** Write stats: 145
** Write stats: 150
** Write stats: 155
** Write stats: 160
** Write stats: 165
** Write stats: 170
** Write stats: 175.001
** Write stats: 178.004
>> Fuzz SafeMath
** Write stats: 0.001658
** Write stats: 5.00007
** Write stats: 10.0001
** Write stats: 15.0001
** Write stats: 20.0001
** Write stats: 25.0001
** Write stats: 30.0001
** Write stats: 35.0001
** Write stats: 40.0001
** Write stats: 45.0001
** Write stats: 50.0001
** Write stats: 55.0001
** Write stats: 60.0001
** Write stats: 65.1779
** Write stats: 70.0001
** Write stats: 75.0001
** Write stats: 80.0001
** Write stats: 85.0001
** Write stats: 90.0001
** Write stats: 95.0001
** Write stats: 100
** Write stats: 105
** Write stats: 110
** Write stats: 115
** Write stats: 120
** Write stats: 125
** Write stats: 140
** Write stats: 145
** Write stats: 150
** Write stats: 155
** Write stats: 160
** Write stats: 165
** Write stats: 170
** Write stats: 175
** Write stats: 178.001
>> Fuzz StandardToken
** Write stats: 0.011086
** Write stats: 5.00292
** Write stats: 10.004
** Write stats: 15.0038
** Write stats: 20.0009
** Write stats: 25.0039
** Write stats: 30.0021
** Write stats: 35.0005
** Write stats: 40.004
** Write stats: 45.0041
** Write stats: 50.002
** Write stats: 55.0026
** Write stats: 60.0059
** Write stats: 65.0019
** Write stats: 70.0039
** Write stats: 75.0032
** Write stats: 80.021
** Write stats: 85.0034
** Write stats: 90.0044
** Write stats: 95.0075
** Write stats: 100.001
** Write stats: 105.005
** Write stats: 110.002
** Write stats: 115.002
** Write stats: 120.006
** Write stats: 125.001
** Write stats: 130.008
** Write stats: 135.001
** Write stats: 140.01
** Write stats: 145.004
** Write stats: 150.002
** Write stats: 155.004
** Write stats: 160.01
** Write stats: 165.011
** Write stats: 170.001
** Write stats: 175.01
** Write stats: 178.019
>> Fuzz BasicToken
** Write stats: 0.003919
** Write stats: 5.00155
** Write stats: 10.0031
** Write stats: 15.0003
** Write stats: 20.0079
** Write stats: 25.0002
** Write stats: 30.0072
** Write stats: 35.0063
** Write stats: 40.0039
** Write stats: 45.0022
** Write stats: 50.0091
** Write stats: 55.0106
** Write stats: 60.0155
** Write stats: 65.0074
** Write stats: 70.0061
** Write stats: 75.0087
** Write stats: 80.0075
** Write stats: 85.0027
** Write stats: 90.0034
** Write stats: 95.0093
** Write stats: 100.008
** Write stats: 105.001
** Write stats: 110.008
** Write stats: 115.017
** Write stats: 120.01
** Write stats: 125.017
** Write stats: 130.013
** Write stats: 135.005
** Write stats: 140.019
** Write stats: 145.013
** Write stats: 150.012
** Write stats: 155.018
** Write stats: 160.007
** Write stats: 165.011
** Write stats: 170.008
** Write stats: 175.025
** Write stats: 178.027
