Extract contract SwapToken from /sb/0x50ae8d7c70c33d1f40b36c75fe9f560646134dd5.sol
Extract contract owned from /sb/0x50ae8d7c70c33d1f40b36c75fe9f560646134dd5.sol
Extracted 2 contract(s) from /sb/0x50ae8d7c70c33d1f40b36c75fe9f560646134dd5.sol
[0;32m> Created "fuzzMe"[0m
[0;32m> To fuzz contracts:[0m
  chmod +x fuzzMe
  ./fuzzMe
contracts/owned.sol:5:5: Warning: Defining constructors as functions with the same name as the contract is deprecated. Use "constructor(...) { ... }" instead.
    function owned() {
    ^ (Relevant source part starts here and spans across multiple lines).
contracts/owned.sol:10:34: Warning: "throw" is deprecated in favour of "revert()", "require()" and "assert()".
        if (msg.sender != owner) throw;
                                 ^---^
contracts/owned.sol:47:5: Warning: Defining constructors as functions with the same name as the contract is deprecated. Use "constructor(...) { ... }" instead.
    function SwapToken(
    ^ (Relevant source part starts here and spans across multiple lines).
contracts/owned.sol:143:50: Warning: "throw" is deprecated in favour of "revert()", "require()" and "assert()".
        if (balanceOfBuyer[msg.sender] < _value) throw;           // Check if the sender has enough
                                                 ^---^
contracts/owned.sol:144:65: Warning: "throw" is deprecated in favour of "revert()", "require()" and "assert()".
        if (balanceOfBuyer[_to] + _value < balanceOfBuyer[_to]) throw; // Check for overflows
                                                                ^---^
contracts/owned.sol:152:51: Warning: "throw" is deprecated in favour of "revert()", "require()" and "assert()".
        if (balanceOfIssuer[msg.sender] < _value) throw;
                                                  ^---^
contracts/owned.sol:153:67: Warning: "throw" is deprecated in favour of "revert()", "require()" and "assert()".
        if (balanceOfIssuer[_to] + _value < balanceOfIssuer[_to]) throw;
                                                                  ^---^
contracts/owned.sol:200:37: Warning: "throw" is deprecated in favour of "revert()", "require()" and "assert()".
        if(!has_contract_started()) throw;                  // checks if the contract has started
                                    ^---^
contracts/owned.sol:201:34: Warning: "throw" is deprecated in favour of "revert()", "require()" and "assert()".
        if(has_contract_ended()) throw;                     // checks if the contract has ended 
                                 ^---^
contracts/owned.sol:203:44: Warning: "throw" is deprecated in favour of "revert()", "require()" and "assert()".
        if (balanceOfBuyer[this] < amount) throw;               // checks if it has enough to sell
                                           ^---^
contracts/owned.sol:212:45: Warning: "throw" is deprecated in favour of "revert()", "require()" and "assert()".
        if (balanceOfIssuer[this] < amount) throw;
                                            ^---^
contracts/owned.sol:221:49: Warning: "throw" is deprecated in favour of "revert()", "require()" and "assert()".
        if (!project_wallet.send(this.balance)) throw;
                                                ^---^
contracts/owned.sol:226:9: Warning: "throw" is deprecated in favour of "revert()", "require()" and "assert()".
        throw;     // Prevents accidental sending of ether
        ^---^
contracts/owned.sol:113:9: Warning: Invoking events without "emit" prefix is deprecated.
        Transfer(0, this, mintedAmount);
        ^-----------------------------^
contracts/owned.sol:114:9: Warning: Invoking events without "emit" prefix is deprecated.
        Transfer(this, target, mintedAmount);
        ^----------------------------------^
contracts/owned.sol:121:9: Warning: Invoking events without "emit" prefix is deprecated.
        Transfer(0, this, mintedAmount);
        ^-----------------------------^
contracts/owned.sol:122:9: Warning: Invoking events without "emit" prefix is deprecated.
        Transfer(this, target, mintedAmount);
        ^----------------------------------^
contracts/owned.sol:147:9: Warning: Invoking events without "emit" prefix is deprecated.
        Transfer(msg.sender, _to, _value);                   // Notify anyone listening that this transfer took place
        ^-------------------------------^
contracts/owned.sol:156:9: Warning: Invoking events without "emit" prefix is deprecated.
        Transfer(msg.sender, _to, _value);
        ^-------------------------------^
contracts/owned.sol:206:9: Warning: Invoking events without "emit" prefix is deprecated.
        Transfer(this, msg.sender, amount);                // execute an event reflecting the change
        ^--------------------------------^
contracts/owned.sol:215:9: Warning: Invoking events without "emit" prefix is deprecated.
        Transfer(this, msg.sender, amount);
        ^--------------------------------^
contracts/owned.sol:221:34: Warning: Using contract member "balance" inherited from the address type is deprecated. Convert the contract to "address" type to access the member, for example use "address(contract).balance" instead.
        if (!project_wallet.send(this.balance)) throw;
                                 ^----------^
contracts/owned.sol:5:5: Warning: No visibility specified. Defaulting to "public". 
    function owned() {
    ^ (Relevant source part starts here and spans across multiple lines).
contracts/owned.sol:14:5: Warning: No visibility specified. Defaulting to "public". 
    function transferOwnership(address newOwner) onlyOwner {
    ^ (Relevant source part starts here and spans across multiple lines).
contracts/owned.sol:19:27: Warning: No visibility specified. Defaulting to "public". 
contract tokenRecipient { function receiveApproval(address _from, uint256 _value, address _token, bytes _extraData); }
                          ^----------------------------------------------------------------------------------------^
contracts/owned.sol:47:5: Warning: No visibility specified. Defaulting to "public". 
    function SwapToken(
    ^ (Relevant source part starts here and spans across multiple lines).
contracts/owned.sol:103:5: Warning: No visibility specified. Defaulting to "public". 
    function defineProjectWallet(address target) onlyOwner {
    ^ (Relevant source part starts here and spans across multiple lines).
contracts/owned.sol:110:5: Warning: No visibility specified. Defaulting to "public". 
    function mintBuyerToken(address target, uint256 mintedAmount) onlyOwner {
    ^ (Relevant source part starts here and spans across multiple lines).
contracts/owned.sol:118:5: Warning: No visibility specified. Defaulting to "public". 
    function mintIssuerToken(address target, uint256 mintedAmount) onlyOwner {
    ^ (Relevant source part starts here and spans across multiple lines).
contracts/owned.sol:128:5: Warning: No visibility specified. Defaulting to "public". 
    function distroyBuyerToken(uint256 burnAmount) onlyOwner {
    ^ (Relevant source part starts here and spans across multiple lines).
contracts/owned.sol:134:5: Warning: No visibility specified. Defaulting to "public". 
    function distroyIssuerToken(uint256 burnAmount) onlyOwner {
    ^ (Relevant source part starts here and spans across multiple lines).
contracts/owned.sol:142:5: Warning: No visibility specified. Defaulting to "public". 
    function transferBuyer(address _to, uint256 _value) {
    ^ (Relevant source part starts here and spans across multiple lines).
contracts/owned.sol:151:5: Warning: No visibility specified. Defaulting to "public". 
    function transferIssue(address _to, uint256 _value) {
    ^ (Relevant source part starts here and spans across multiple lines).
contracts/owned.sol:160:5: Warning: No visibility specified. Defaulting to "public". 
    function approve(address _spender, uint256 _value)
    ^ (Relevant source part starts here and spans across multiple lines).
contracts/owned.sol:163:9: Warning: Unused local variable.
        tokenRecipient spender = tokenRecipient(_spender);
        ^--------------------^
contracts/owned.sol:168:5: Warning: No visibility specified. Defaulting to "public". 
    function approveAndCall(address _spender, uint256 _value, bytes _extraData)
    ^ (Relevant source part starts here and spans across multiple lines).
contracts/owned.sol:191:5: Warning: No visibility specified. Defaulting to "public". 
    function setPrices(uint256 newBuyPrice, uint256 newIssuePrice) onlyOwner {
    ^ (Relevant source part starts here and spans across multiple lines).
contracts/owned.sol:199:5: Warning: No visibility specified. Defaulting to "public". 
    function buyBuyerTokens() payable {
    ^ (Relevant source part starts here and spans across multiple lines).
contracts/owned.sol:210:5: Warning: No visibility specified. Defaulting to "public". 
    function buyIssuerTokens() payable {
    ^ (Relevant source part starts here and spans across multiple lines).
contracts/owned.sol:219:5: Warning: No visibility specified. Defaulting to "public". 
    function moveFunds() onlyOwner {
    ^ (Relevant source part starts here and spans across multiple lines).
contracts/owned.sol:225:5: Warning: No visibility specified. Defaulting to "public". 
    function () {
    ^ (Relevant source part starts here and spans across multiple lines).
contracts/SwapToken.sol:5:5: Warning: Defining constructors as functions with the same name as the contract is deprecated. Use "constructor(...) { ... }" instead.
    function owned() {
    ^ (Relevant source part starts here and spans across multiple lines).
contracts/SwapToken.sol:10:34: Warning: "throw" is deprecated in favour of "revert()", "require()" and "assert()".
        if (msg.sender != owner) throw;
                                 ^---^
contracts/SwapToken.sol:47:5: Warning: Defining constructors as functions with the same name as the contract is deprecated. Use "constructor(...) { ... }" instead.
    function SwapToken(
    ^ (Relevant source part starts here and spans across multiple lines).
contracts/SwapToken.sol:143:50: Warning: "throw" is deprecated in favour of "revert()", "require()" and "assert()".
        if (balanceOfBuyer[msg.sender] < _value) throw;           // Check if the sender has enough
                                                 ^---^
contracts/SwapToken.sol:144:65: Warning: "throw" is deprecated in favour of "revert()", "require()" and "assert()".
        if (balanceOfBuyer[_to] + _value < balanceOfBuyer[_to]) throw; // Check for overflows
                                                                ^---^
contracts/SwapToken.sol:152:51: Warning: "throw" is deprecated in favour of "revert()", "require()" and "assert()".
        if (balanceOfIssuer[msg.sender] < _value) throw;
                                                  ^---^
contracts/SwapToken.sol:153:67: Warning: "throw" is deprecated in favour of "revert()", "require()" and "assert()".
        if (balanceOfIssuer[_to] + _value < balanceOfIssuer[_to]) throw;
                                                                  ^---^
contracts/SwapToken.sol:200:37: Warning: "throw" is deprecated in favour of "revert()", "require()" and "assert()".
        if(!has_contract_started()) throw;                  // checks if the contract has started
                                    ^---^
contracts/SwapToken.sol:201:34: Warning: "throw" is deprecated in favour of "revert()", "require()" and "assert()".
        if(has_contract_ended()) throw;                     // checks if the contract has ended 
                                 ^---^
contracts/SwapToken.sol:203:44: Warning: "throw" is deprecated in favour of "revert()", "require()" and "assert()".
        if (balanceOfBuyer[this] < amount) throw;               // checks if it has enough to sell
                                           ^---^
contracts/SwapToken.sol:212:45: Warning: "throw" is deprecated in favour of "revert()", "require()" and "assert()".
        if (balanceOfIssuer[this] < amount) throw;
                                            ^---^
contracts/SwapToken.sol:221:49: Warning: "throw" is deprecated in favour of "revert()", "require()" and "assert()".
        if (!project_wallet.send(this.balance)) throw;
                                                ^---^
contracts/SwapToken.sol:226:9: Warning: "throw" is deprecated in favour of "revert()", "require()" and "assert()".
        throw;     // Prevents accidental sending of ether
        ^---^
contracts/SwapToken.sol:113:9: Warning: Invoking events without "emit" prefix is deprecated.
        Transfer(0, this, mintedAmount);
        ^-----------------------------^
contracts/SwapToken.sol:114:9: Warning: Invoking events without "emit" prefix is deprecated.
        Transfer(this, target, mintedAmount);
        ^----------------------------------^
contracts/SwapToken.sol:121:9: Warning: Invoking events without "emit" prefix is deprecated.
        Transfer(0, this, mintedAmount);
        ^-----------------------------^
contracts/SwapToken.sol:122:9: Warning: Invoking events without "emit" prefix is deprecated.
        Transfer(this, target, mintedAmount);
        ^----------------------------------^
contracts/SwapToken.sol:147:9: Warning: Invoking events without "emit" prefix is deprecated.
        Transfer(msg.sender, _to, _value);                   // Notify anyone listening that this transfer took place
        ^-------------------------------^
contracts/SwapToken.sol:156:9: Warning: Invoking events without "emit" prefix is deprecated.
        Transfer(msg.sender, _to, _value);
        ^-------------------------------^
contracts/SwapToken.sol:206:9: Warning: Invoking events without "emit" prefix is deprecated.
        Transfer(this, msg.sender, amount);                // execute an event reflecting the change
        ^--------------------------------^
contracts/SwapToken.sol:215:9: Warning: Invoking events without "emit" prefix is deprecated.
        Transfer(this, msg.sender, amount);
        ^--------------------------------^
contracts/SwapToken.sol:221:34: Warning: Using contract member "balance" inherited from the address type is deprecated. Convert the contract to "address" type to access the member, for example use "address(contract).balance" instead.
        if (!project_wallet.send(this.balance)) throw;
                                 ^----------^
contracts/SwapToken.sol:5:5: Warning: No visibility specified. Defaulting to "public". 
    function owned() {
    ^ (Relevant source part starts here and spans across multiple lines).
contracts/SwapToken.sol:14:5: Warning: No visibility specified. Defaulting to "public". 
    function transferOwnership(address newOwner) onlyOwner {
    ^ (Relevant source part starts here and spans across multiple lines).
contracts/SwapToken.sol:19:27: Warning: No visibility specified. Defaulting to "public". 
contract tokenRecipient { function receiveApproval(address _from, uint256 _value, address _token, bytes _extraData); }
                          ^----------------------------------------------------------------------------------------^
contracts/SwapToken.sol:47:5: Warning: No visibility specified. Defaulting to "public". 
    function SwapToken(
    ^ (Relevant source part starts here and spans across multiple lines).
contracts/SwapToken.sol:103:5: Warning: No visibility specified. Defaulting to "public". 
    function defineProjectWallet(address target) onlyOwner {
    ^ (Relevant source part starts here and spans across multiple lines).
contracts/SwapToken.sol:110:5: Warning: No visibility specified. Defaulting to "public". 
    function mintBuyerToken(address target, uint256 mintedAmount) onlyOwner {
    ^ (Relevant source part starts here and spans across multiple lines).
contracts/SwapToken.sol:118:5: Warning: No visibility specified. Defaulting to "public". 
    function mintIssuerToken(address target, uint256 mintedAmount) onlyOwner {
    ^ (Relevant source part starts here and spans across multiple lines).
contracts/SwapToken.sol:128:5: Warning: No visibility specified. Defaulting to "public". 
    function distroyBuyerToken(uint256 burnAmount) onlyOwner {
    ^ (Relevant source part starts here and spans across multiple lines).
contracts/SwapToken.sol:134:5: Warning: No visibility specified. Defaulting to "public". 
    function distroyIssuerToken(uint256 burnAmount) onlyOwner {
    ^ (Relevant source part starts here and spans across multiple lines).
contracts/SwapToken.sol:142:5: Warning: No visibility specified. Defaulting to "public". 
    function transferBuyer(address _to, uint256 _value) {
    ^ (Relevant source part starts here and spans across multiple lines).
contracts/SwapToken.sol:151:5: Warning: No visibility specified. Defaulting to "public". 
    function transferIssue(address _to, uint256 _value) {
    ^ (Relevant source part starts here and spans across multiple lines).
contracts/SwapToken.sol:160:5: Warning: No visibility specified. Defaulting to "public". 
    function approve(address _spender, uint256 _value)
    ^ (Relevant source part starts here and spans across multiple lines).
contracts/SwapToken.sol:163:9: Warning: Unused local variable.
        tokenRecipient spender = tokenRecipient(_spender);
        ^--------------------^
contracts/SwapToken.sol:168:5: Warning: No visibility specified. Defaulting to "public". 
    function approveAndCall(address _spender, uint256 _value, bytes _extraData)
    ^ (Relevant source part starts here and spans across multiple lines).
contracts/SwapToken.sol:191:5: Warning: No visibility specified. Defaulting to "public". 
    function setPrices(uint256 newBuyPrice, uint256 newIssuePrice) onlyOwner {
    ^ (Relevant source part starts here and spans across multiple lines).
contracts/SwapToken.sol:199:5: Warning: No visibility specified. Defaulting to "public". 
    function buyBuyerTokens() payable {
    ^ (Relevant source part starts here and spans across multiple lines).
contracts/SwapToken.sol:210:5: Warning: No visibility specified. Defaulting to "public". 
    function buyIssuerTokens() payable {
    ^ (Relevant source part starts here and spans across multiple lines).
contracts/SwapToken.sol:219:5: Warning: No visibility specified. Defaulting to "public". 
    function moveFunds() onlyOwner {
    ^ (Relevant source part starts here and spans across multiple lines).
contracts/SwapToken.sol:225:5: Warning: No visibility specified. Defaulting to "public". 
    function () {
    ^ (Relevant source part starts here and spans across multiple lines).
assets/NormalAttacker.sol:5:3: Warning: No visibility specified. Defaulting to "public". 
  function() payable {
  ^ (Relevant source part starts here and spans across multiple lines).
assets/ReentrancyAttacker.sol:8:7: Warning: Return value of low-level calls not used.
      msg.sender.call(bytes4(255));
      ^--------------------------^
assets/ReentrancyAttacker.sol:5:3: Warning: No visibility specified. Defaulting to "public". 
  function() payable {
  ^ (Relevant source part starts here and spans across multiple lines).
>> Fuzz owned
** Write stats: 0.002882
** Write stats: 5.00023
** Write stats: 10.0001
** Write stats: 15.0002
** Write stats: 20.0001
** Write stats: 25.0001
** Write stats: 30.0001
** Write stats: 35.0001
** Write stats: 40.0105
** Write stats: 45.2471
** Write stats: 50.0005
** Write stats: 55.0002
** Write stats: 60.0065
** Write stats: 65.0001
** Write stats: 70.0072
** Write stats: 75.0001
** Write stats: 80.0168
** Write stats: 85.0002
** Write stats: 90.0107
** Write stats: 95.0001
** Write stats: 100
** Write stats: 105
** Write stats: 110
** Write stats: 115
** Write stats: 120
** Write stats: 120.02
>> Fuzz SwapToken
** Write stats: 0.046526
** Write stats: 5.00478
** Write stats: 10.0023
** Write stats: 15.0044
** Write stats: 20.0038
** Write stats: 25.0031
** Write stats: 30.0061
** Write stats: 35.013
** Write stats: 40.0027
** Write stats: 45.011
** Write stats: 50.0185
** Write stats: 55.0148
** Write stats: 60.0203
** Write stats: 65.0037
** Write stats: 70.0093
** Write stats: 75.0153
** Write stats: 80.0081
** Write stats: 85.0077
** Write stats: 90.0172
** Write stats: 95.0236
** Write stats: 100.002
** Write stats: 105.004
** Write stats: 110.022
** Write stats: 115.015
** Write stats: 120.008
** Write stats: 120.149
