A new version of Solhint is available: 6.0.1
Please consider updating your Solhint package.
/sb/0x940e7d8fb34921c3c5bbb8b9792b1a0e4688fe9b.sol:1:1: Found more than One contract per file. 2 contracts found! [Warning/one-contract-per-file]
/sb/0x940e7d8fb34921c3c5bbb8b9792b1a0e4688fe9b.sol:1:1: Compiler version ^0.4.4 does not satisfy the ^0.8.24 semver requirement [Error/compiler-version]
/sb/0x940e7d8fb34921c3c5bbb8b9792b1a0e4688fe9b.sol:4:1: Missing @title tag in contract 'MockTestNetworkToken' [Warning/use-natspec]
/sb/0x940e7d8fb34921c3c5bbb8b9792b1a0e4688fe9b.sol:4:1: Missing @author tag in contract 'MockTestNetworkToken' [Warning/use-natspec]
/sb/0x940e7d8fb34921c3c5bbb8b9792b1a0e4688fe9b.sol:4:1: Missing @notice tag in contract 'MockTestNetworkToken' [Warning/use-natspec]
/sb/0x940e7d8fb34921c3c5bbb8b9792b1a0e4688fe9b.sol:7:5: Missing @notice tag in variable 'name' [Warning/use-natspec]
/sb/0x940e7d8fb34921c3c5bbb8b9792b1a0e4688fe9b.sol:7:5: Constant name must be in capitalized SNAKE_CASE [Warning/const-name-snakecase]
/sb/0x940e7d8fb34921c3c5bbb8b9792b1a0e4688fe9b.sol:8:5: Missing @notice tag in variable 'symbol' [Warning/use-natspec]
/sb/0x940e7d8fb34921c3c5bbb8b9792b1a0e4688fe9b.sol:8:5: Constant name must be in capitalized SNAKE_CASE [Warning/const-name-snakecase]
/sb/0x940e7d8fb34921c3c5bbb8b9792b1a0e4688fe9b.sol:9:5: Missing @notice tag in variable 'decimals' [Warning/use-natspec]
/sb/0x940e7d8fb34921c3c5bbb8b9792b1a0e4688fe9b.sol:9:5: Constant name must be in capitalized SNAKE_CASE [Warning/const-name-snakecase]
/sb/0x940e7d8fb34921c3c5bbb8b9792b1a0e4688fe9b.sol:12:5: Explicitly mark visibility of state [Warning/state-visibility]
/sb/0x940e7d8fb34921c3c5bbb8b9792b1a0e4688fe9b.sol:15:5: Explicitly mark visibility of state [Warning/state-visibility]
/sb/0x940e7d8fb34921c3c5bbb8b9792b1a0e4688fe9b.sol:18:5: Explicitly mark visibility of state [Warning/state-visibility]
/sb/0x940e7d8fb34921c3c5bbb8b9792b1a0e4688fe9b.sol:23:5: Missing @notice tag in event 'Transfer' [Warning/use-natspec]
/sb/0x940e7d8fb34921c3c5bbb8b9792b1a0e4688fe9b.sol:23:5: Missing @param tag in event 'Transfer' [Warning/use-natspec]
/sb/0x940e7d8fb34921c3c5bbb8b9792b1a0e4688fe9b.sol:23:5: Mismatch in @param names for event 'Transfer'. Expected: [_from, _to, _value], Found: [] [Warning/use-natspec]
/sb/0x940e7d8fb34921c3c5bbb8b9792b1a0e4688fe9b.sol:23:5: GC: [_value] on Event [Transfer] could be Indexed [Warning/gas-indexed-events]
/sb/0x940e7d8fb34921c3c5bbb8b9792b1a0e4688fe9b.sol:27:5: Missing @notice tag in function 'transfer' [Warning/use-natspec]
/sb/0x940e7d8fb34921c3c5bbb8b9792b1a0e4688fe9b.sol:27:5: Missing @param tag in function 'transfer' [Warning/use-natspec]
/sb/0x940e7d8fb34921c3c5bbb8b9792b1a0e4688fe9b.sol:27:5: Mismatch in @param names for function 'transfer'. Expected: [_to, _value], Found: [] [Warning/use-natspec]
/sb/0x940e7d8fb34921c3c5bbb8b9792b1a0e4688fe9b.sol:27:5: Missing @return tag in function 'transfer' [Warning/use-natspec]
/sb/0x940e7d8fb34921c3c5bbb8b9792b1a0e4688fe9b.sol:27:5: Mismatch in @return count for function 'transfer'. Expected: 1, Found: 0 [Warning/use-natspec]
/sb/0x940e7d8fb34921c3c5bbb8b9792b1a0e4688fe9b.sol:27:5: Explicitly mark visibility in function [Warning/func-visibility]
/sb/0x940e7d8fb34921c3c5bbb8b9792b1a0e4688fe9b.sol:28:29: GC: Non strict inequality found. Try converting to a strict one [Warning/gas-strict-inequalities]
/sb/0x940e7d8fb34921c3c5bbb8b9792b1a0e4688fe9b.sol:37:5: Missing @notice tag in function 'totalSupply' [Warning/use-natspec]
/sb/0x940e7d8fb34921c3c5bbb8b9792b1a0e4688fe9b.sol:37:5: Missing @return tag in function 'totalSupply' [Warning/use-natspec]
/sb/0x940e7d8fb34921c3c5bbb8b9792b1a0e4688fe9b.sol:37:5: Mismatch in @return count for function 'totalSupply'. Expected: 1, Found: 0 [Warning/use-natspec]
/sb/0x940e7d8fb34921c3c5bbb8b9792b1a0e4688fe9b.sol:41:5: Missing @notice tag in function 'balanceOf' [Warning/use-natspec]
/sb/0x940e7d8fb34921c3c5bbb8b9792b1a0e4688fe9b.sol:41:5: Missing @param tag in function 'balanceOf' [Warning/use-natspec]
/sb/0x940e7d8fb34921c3c5bbb8b9792b1a0e4688fe9b.sol:41:5: Mismatch in @param names for function 'balanceOf'. Expected: [_owner], Found: [] [Warning/use-natspec]
/sb/0x940e7d8fb34921c3c5bbb8b9792b1a0e4688fe9b.sol:41:5: Missing @return tag in function 'balanceOf' [Warning/use-natspec]
/sb/0x940e7d8fb34921c3c5bbb8b9792b1a0e4688fe9b.sol:41:5: Mismatch in @return count for function 'balanceOf'. Expected: 1, Found: 0 [Warning/use-natspec]
/sb/0x940e7d8fb34921c3c5bbb8b9792b1a0e4688fe9b.sol:47:1: Missing @title tag in contract 'TestNetworkToken' [Warning/use-natspec]
/sb/0x940e7d8fb34921c3c5bbb8b9792b1a0e4688fe9b.sol:47:1: Missing @author tag in contract 'TestNetworkToken' [Warning/use-natspec]
/sb/0x940e7d8fb34921c3c5bbb8b9792b1a0e4688fe9b.sol:47:1: Missing @notice tag in contract 'TestNetworkToken' [Warning/use-natspec]
/sb/0x940e7d8fb34921c3c5bbb8b9792b1a0e4688fe9b.sol:50:5: Explicitly mark visibility of state [Warning/state-visibility]
/sb/0x940e7d8fb34921c3c5bbb8b9792b1a0e4688fe9b.sol:52:5: Missing @notice tag in variable 'tokenCreationRate' [Warning/use-natspec]
/sb/0x940e7d8fb34921c3c5bbb8b9792b1a0e4688fe9b.sol:52:5: Constant name must be in capitalized SNAKE_CASE [Warning/const-name-snakecase]
/sb/0x940e7d8fb34921c3c5bbb8b9792b1a0e4688fe9b.sol:54:5: Missing @notice tag in event 'Refund' [Warning/use-natspec]
/sb/0x940e7d8fb34921c3c5bbb8b9792b1a0e4688fe9b.sol:54:5: Missing @param tag in event 'Refund' [Warning/use-natspec]
/sb/0x940e7d8fb34921c3c5bbb8b9792b1a0e4688fe9b.sol:54:5: Mismatch in @param names for event 'Refund'. Expected: [_from, _value], Found: [] [Warning/use-natspec]
/sb/0x940e7d8fb34921c3c5bbb8b9792b1a0e4688fe9b.sol:54:5: GC: [_value] on Event [Refund] could be Indexed [Warning/gas-indexed-events]
/sb/0x940e7d8fb34921c3c5bbb8b9792b1a0e4688fe9b.sol:56:5: Missing @notice tag in function 'TestNetworkToken' [Warning/use-natspec]
/sb/0x940e7d8fb34921c3c5bbb8b9792b1a0e4688fe9b.sol:56:5: Constructors should use the new constructor keyword. [Warning/constructor-syntax]
/sb/0x940e7d8fb34921c3c5bbb8b9792b1a0e4688fe9b.sol:56:5: Explicitly mark visibility in function (Set ignoreConstructors to true if using solidity >=0.7.0) [Warning/func-visibility]
/sb/0x940e7d8fb34921c3c5bbb8b9792b1a0e4688fe9b.sol:62:5: Missing @notice tag in function 'create' [Warning/use-natspec]
/sb/0x940e7d8fb34921c3c5bbb8b9792b1a0e4688fe9b.sol:62:31: Visibility modifier must be first in list of modifiers [Warning/visibility-modifier-order]
/sb/0x940e7d8fb34921c3c5bbb8b9792b1a0e4688fe9b.sol:64:29: "throw" is deprecated, avoid to use it [Warning/avoid-throw]
/sb/0x940e7d8fb34921c3c5bbb8b9792b1a0e4688fe9b.sol:77:5: Missing @notice tag in function 'refund' [Warning/use-natspec]
/sb/0x940e7d8fb34921c3c5bbb8b9792b1a0e4688fe9b.sol:79:30: "throw" is deprecated, avoid to use it [Warning/avoid-throw]
/sb/0x940e7d8fb34921c3c5bbb8b9792b1a0e4688fe9b.sol:87:41: "throw" is deprecated, avoid to use it [Warning/avoid-throw]
/sb/0x940e7d8fb34921c3c5bbb8b9792b1a0e4688fe9b.sol:92:5: Missing @notice tag in function 'kill' [Warning/use-natspec]
/sb/0x940e7d8fb34921c3c5bbb8b9792b1a0e4688fe9b.sol:92:5: Explicitly mark visibility in function [Warning/func-visibility]
/sb/0x940e7d8fb34921c3c5bbb8b9792b1a0e4688fe9b.sol:93:34: "throw" is deprecated, avoid to use it [Warning/avoid-throw]
/sb/0x940e7d8fb34921c3c5bbb8b9792b1a0e4688fe9b.sol:94:30: "throw" is deprecated, avoid to use it [Warning/avoid-throw]

56 problem/s (1 error/s, 55 warning/s)
