'solc --version' running
'solc /sb/0xa540c97744c9d075caeca3a738ff9abf14272286.sol --combined-json abi,ast,bin,bin-runtime,srcmap,srcmap-runtime,userdoc,devdoc,hashes,compact-format --allow-paths .,/sb' running
Compilation warnings/errors on /sb/0xa540c97744c9d075caeca3a738ff9abf14272286.sol:
/sb/0xa540c97744c9d075caeca3a738ff9abf14272286.sol:91:5: Warning: Defining constructors as functions with the same name as the contract is deprecated. Use "constructor(...) { ... }" instead.
    function Testtoken () public {
    ^ (Relevant source part starts here and spans across multiple lines).
/sb/0xa540c97744c9d075caeca3a738ff9abf14272286.sol:48:5: Warning: Functions in interfaces should be declared external.
    function distr(address _to, uint256 _value) public returns (bool);
    ^----------------------------------------------------------------^
/sb/0xa540c97744c9d075caeca3a738ff9abf14272286.sol:49:5: Warning: Functions in interfaces should be declared external.
    function totalSupply() constant public returns (uint256 supply);
    ^--------------------------------------------------------------^
/sb/0xa540c97744c9d075caeca3a738ff9abf14272286.sol:50:5: Warning: Functions in interfaces should be declared external.
    function balanceOf(address _owner) constant public returns (uint256 balance);
    ^---------------------------------------------------------------------------^
/sb/0xa540c97744c9d075caeca3a738ff9abf14272286.sol:105:9: Warning: Invoking events without "emit" prefix is deprecated.
        DistrFinished();
        ^-------------^
/sb/0xa540c97744c9d075caeca3a738ff9abf14272286.sol:113:9: Warning: Invoking events without "emit" prefix is deprecated.
        Distr(_to, _amount);
        ^-----------------^
/sb/0xa540c97744c9d075caeca3a738ff9abf14272286.sol:114:9: Warning: Invoking events without "emit" prefix is deprecated.
        Transfer(address(0), _to, _amount);
        ^--------------------------------^
/sb/0xa540c97744c9d075caeca3a738ff9abf14272286.sol:184:9: Warning: Invoking events without "emit" prefix is deprecated.
        Transfer(msg.sender, _to, _amount);
        ^--------------------------------^
/sb/0xa540c97744c9d075caeca3a738ff9abf14272286.sol:197:9: Warning: Invoking events without "emit" prefix is deprecated.
        Transfer(_from, _to, _amount);
        ^---------------------------^
/sb/0xa540c97744c9d075caeca3a738ff9abf14272286.sol:205:9: Warning: Invoking events without "emit" prefix is deprecated.
        Approval(msg.sender, _spender, _value);
        ^------------------------------------^
/sb/0xa540c97744c9d075caeca3a738ff9abf14272286.sol:220:32: Warning: Using contract member "balance" inherited from the address type is deprecated. Convert the contract to "address" type to access the member, for example use "address(contract).balance" instead.
        uint256 etherBalance = this.balance;
                               ^----------^
/sb/0xa540c97744c9d075caeca3a738ff9abf14272286.sol:233:9: Warning: Invoking events without "emit" prefix is deprecated.
        Burn(burner, _value);
        ^------------------^


Testtoken.totalSupply (../sb/0xa540c97744c9d075caeca3a738ff9abf14272286.sol#66) shadows:
	- ERC20Basic.totalSupply (../sb/0xa540c97744c9d075caeca3a738ff9abf14272286.sol#34)
Reference: https://github.com/crytic/slither/wiki/Detector-Documentation#state-variable-shadowing-from-abstract-contracts

Testtoken.transferOwnership(address) (../sb/0xa540c97744c9d075caeca3a738ff9abf14272286.sol#97-101) should emit an event for: 
	- owner = newOwner (../sb/0xa540c97744c9d075caeca3a738ff9abf14272286.sol#99) 
Reference: https://github.com/crytic/slither/wiki/Detector-Documentation#missing-events-access-control

Testtoken.distr(address,uint256) (../sb/0xa540c97744c9d075caeca3a738ff9abf14272286.sol#109-120) has costly operations inside a loop:
	- totalDistributed = totalDistributed.add(_amount) (../sb/0xa540c97744c9d075caeca3a738ff9abf14272286.sol#110)
	Calls stack containing the loop:
		Testtoken.airdrop(address[])
Testtoken.distr(address,uint256) (../sb/0xa540c97744c9d075caeca3a738ff9abf14272286.sol#109-120) has costly operations inside a loop:
	- totalRemaining = totalRemaining.sub(_amount) (../sb/0xa540c97744c9d075caeca3a738ff9abf14272286.sol#111)
	Calls stack containing the loop:
		Testtoken.airdrop(address[])
Testtoken.distr(address,uint256) (../sb/0xa540c97744c9d075caeca3a738ff9abf14272286.sol#109-120) has costly operations inside a loop:
	- totalDistributed = totalDistributed.add(_amount) (../sb/0xa540c97744c9d075caeca3a738ff9abf14272286.sol#110)
	Calls stack containing the loop:
		Testtoken.distribution(address[],uint256)
Testtoken.distr(address,uint256) (../sb/0xa540c97744c9d075caeca3a738ff9abf14272286.sol#109-120) has costly operations inside a loop:
	- totalRemaining = totalRemaining.sub(_amount) (../sb/0xa540c97744c9d075caeca3a738ff9abf14272286.sol#111)
	Calls stack containing the loop:
		Testtoken.distribution(address[],uint256)
Testtoken.distr(address,uint256) (../sb/0xa540c97744c9d075caeca3a738ff9abf14272286.sol#109-120) has costly operations inside a loop:
	- totalDistributed = totalDistributed.add(_amount) (../sb/0xa540c97744c9d075caeca3a738ff9abf14272286.sol#110)
	Calls stack containing the loop:
		Testtoken.distributeAmounts(address[],uint256[])
Testtoken.distr(address,uint256) (../sb/0xa540c97744c9d075caeca3a738ff9abf14272286.sol#109-120) has costly operations inside a loop:
	- totalRemaining = totalRemaining.sub(_amount) (../sb/0xa540c97744c9d075caeca3a738ff9abf14272286.sol#111)
	Calls stack containing the loop:
		Testtoken.distributeAmounts(address[],uint256[])
Testtoken.distributeAmounts(address[],uint256[]) (../sb/0xa540c97744c9d075caeca3a738ff9abf14272286.sol#152-165) has costly operations inside a loop:
	- distributionFinished = true (../sb/0xa540c97744c9d075caeca3a738ff9abf14272286.sol#162)
Reference: https://github.com/crytic/slither/wiki/Detector-Documentation#costly-operations-inside-a-loop

Testtoken.totalRemaining (../sb/0xa540c97744c9d075caeca3a738ff9abf14272286.sol#68) is set pre-construction with a non-constant function or state variable:
	- totalSupply.sub(totalDistributed)
Reference: https://github.com/crytic/slither/wiki/Detector-Documentation#function-initializing-state

Version constraint ^0.4.19 contains known severe issues (https://solidity.readthedocs.io/en/latest/bugs.html)
	- DirtyBytesArrayToStorage
	- ABIDecodeTwoDimensionalArrayMemory
	- KeccakCaching
	- EmptyByteArrayCopy
	- DynamicArrayCleanup
	- ImplicitConstructorCallvalueCheck
	- TupleAssignmentMultiStackSlotComponents
	- MemoryArrayCreationOverflow
	- privateCanBeOverridden
	- SignedArrayStorageCopy
	- ABIEncoderV2StorageArrayWithMultiSlotElement
	- DynamicConstructorArgumentsClippedABIV2
	- UninitializedFunctionPointerInConstructor_0.4.x
	- IncorrectEventSignatureInLibraries_0.4.x
	- ABIEncoderV2PackedStorage_0.4.x
	- ExpExponentCleanup
	- EventStructWrongData
	- NestedArrayFunctionCallDecoder.
It is used by:
	- ^0.4.19 (../sb/0xa540c97744c9d075caeca3a738ff9abf14272286.sol#1)
solc-0.4.26 is an outdated solc version. Use a more recent version (at least 0.8.0), if possible.
Reference: https://github.com/crytic/slither/wiki/Detector-Documentation#incorrect-versions-of-solidity

Parameter Testtoken.distr(address,uint256)._to (../sb/0xa540c97744c9d075caeca3a738ff9abf14272286.sol#109) is not in mixedCase
Parameter Testtoken.distr(address,uint256)._amount (../sb/0xa540c97744c9d075caeca3a738ff9abf14272286.sol#109) is not in mixedCase
Parameter Testtoken.balanceOf(address)._owner (../sb/0xa540c97744c9d075caeca3a738ff9abf14272286.sol#167) is not in mixedCase
Parameter Testtoken.transfer(address,uint256)._to (../sb/0xa540c97744c9d075caeca3a738ff9abf14272286.sol#177) is not in mixedCase
Parameter Testtoken.transfer(address,uint256)._amount (../sb/0xa540c97744c9d075caeca3a738ff9abf14272286.sol#177) is not in mixedCase
Parameter Testtoken.transferFrom(address,address,uint256)._from (../sb/0xa540c97744c9d075caeca3a738ff9abf14272286.sol#188) is not in mixedCase
Parameter Testtoken.transferFrom(address,address,uint256)._to (../sb/0xa540c97744c9d075caeca3a738ff9abf14272286.sol#188) is not in mixedCase
Parameter Testtoken.transferFrom(address,address,uint256)._amount (../sb/0xa540c97744c9d075caeca3a738ff9abf14272286.sol#188) is not in mixedCase
Parameter Testtoken.approve(address,uint256)._spender (../sb/0xa540c97744c9d075caeca3a738ff9abf14272286.sol#201) is not in mixedCase
Parameter Testtoken.approve(address,uint256)._value (../sb/0xa540c97744c9d075caeca3a738ff9abf14272286.sol#201) is not in mixedCase
Parameter Testtoken.allowance(address,address)._owner (../sb/0xa540c97744c9d075caeca3a738ff9abf14272286.sol#209) is not in mixedCase
Parameter Testtoken.allowance(address,address)._spender (../sb/0xa540c97744c9d075caeca3a738ff9abf14272286.sol#209) is not in mixedCase
Parameter Testtoken.burn(uint256)._value (../sb/0xa540c97744c9d075caeca3a738ff9abf14272286.sol#224) is not in mixedCase
Parameter Testtoken.withdrawForeignTokens(address)._tokenContract (../sb/0xa540c97744c9d075caeca3a738ff9abf14272286.sol#236) is not in mixedCase
Reference: https://github.com/crytic/slither/wiki/Detector-Documentation#conformance-to-solidity-naming-conventions

Testtoken.slitherConstructorVariables() (../sb/0xa540c97744c9d075caeca3a738ff9abf14272286.sol#53-244) uses literals with too many digits:
	- totalSupply = 10000000000e8 (../sb/0xa540c97744c9d075caeca3a738ff9abf14272286.sol#66)
Testtoken.slitherConstructorVariables() (../sb/0xa540c97744c9d075caeca3a738ff9abf14272286.sol#53-244) uses literals with too many digits:
	- totalDistributed = 1000000000e8 (../sb/0xa540c97744c9d075caeca3a738ff9abf14272286.sol#67)
Reference: https://github.com/crytic/slither/wiki/Detector-Documentation#too-many-digits

ERC20Basic.totalSupply (../sb/0xa540c97744c9d075caeca3a738ff9abf14272286.sol#34) should be constant 
Reference: https://github.com/crytic/slither/wiki/Detector-Documentation#state-variables-that-could-be-declared-constant

airdrop(address[]) should be declared external:
	- Testtoken.airdrop(address[]) (../sb/0xa540c97744c9d075caeca3a738ff9abf14272286.sol#122-135)
distribution(address[],uint256) should be declared external:
	- Testtoken.distribution(address[],uint256) (../sb/0xa540c97744c9d075caeca3a738ff9abf14272286.sol#137-150)
distributeAmounts(address[],uint256[]) should be declared external:
	- Testtoken.distributeAmounts(address[],uint256[]) (../sb/0xa540c97744c9d075caeca3a738ff9abf14272286.sol#152-165)
Reference: https://github.com/crytic/slither/wiki/Detector-Documentation#public-function-that-could-be-declared-external
/sb/0xa540c97744c9d075caeca3a738ff9abf14272286.sol analyzed (6 contracts with 100 detectors), 32 result(s) found
