A new version of Solhint is available: 6.0.1
Please consider updating your Solhint package.
/sb/0x00c4b398500645eb5da00a1a379a88b11683ba01.sol:1:1: Found more than One contract per file. 9 contracts found! [Warning/one-contract-per-file]
/sb/0x00c4b398500645eb5da00a1a379a88b11683ba01.sol:1:1: Compiler version ^0.4.18 does not satisfy the ^0.8.24 semver requirement [Error/compiler-version]
/sb/0x00c4b398500645eb5da00a1a379a88b11683ba01.sol:25:1: Missing @title tag in contract 'Owned' [Warning/use-natspec]
/sb/0x00c4b398500645eb5da00a1a379a88b11683ba01.sol:25:1: Missing @author tag in contract 'Owned' [Warning/use-natspec]
/sb/0x00c4b398500645eb5da00a1a379a88b11683ba01.sol:25:1: Missing @notice tag in contract 'Owned' [Warning/use-natspec]
/sb/0x00c4b398500645eb5da00a1a379a88b11683ba01.sol:29:4: Missing @notice tag in variable 'owner' [Warning/use-natspec]
/sb/0x00c4b398500645eb5da00a1a379a88b11683ba01.sol:31:4: Missing @notice tag in variable 'proposedOwner' [Warning/use-natspec]
/sb/0x00c4b398500645eb5da00a1a379a88b11683ba01.sol:35:4: Missing @notice tag in event 'OwnershipTransferInitiated' [Warning/use-natspec]
/sb/0x00c4b398500645eb5da00a1a379a88b11683ba01.sol:35:4: Missing @param tag in event 'OwnershipTransferInitiated' [Warning/use-natspec]
/sb/0x00c4b398500645eb5da00a1a379a88b11683ba01.sol:35:4: Mismatch in @param names for event 'OwnershipTransferInitiated'. Expected: [_proposedOwner], Found: [] [Warning/use-natspec]
/sb/0x00c4b398500645eb5da00a1a379a88b11683ba01.sol:37:4: Missing @notice tag in event 'OwnershipTransferCompleted' [Warning/use-natspec]
/sb/0x00c4b398500645eb5da00a1a379a88b11683ba01.sol:37:4: Missing @param tag in event 'OwnershipTransferCompleted' [Warning/use-natspec]
/sb/0x00c4b398500645eb5da00a1a379a88b11683ba01.sol:37:4: Mismatch in @param names for event 'OwnershipTransferCompleted'. Expected: [_newOwner], Found: [] [Warning/use-natspec]
/sb/0x00c4b398500645eb5da00a1a379a88b11683ba01.sol:43:4: Missing @notice tag in function 'Owned' [Warning/use-natspec]
/sb/0x00c4b398500645eb5da00a1a379a88b11683ba01.sol:57:7: Provide an error message for require [Warning/reason-string]
/sb/0x00c4b398500645eb5da00a1a379a88b11683ba01.sol:67:4: Missing @notice tag in function 'isOwner' [Warning/use-natspec]
/sb/0x00c4b398500645eb5da00a1a379a88b11683ba01.sol:67:4: Missing @param tag in function 'isOwner' [Warning/use-natspec]
/sb/0x00c4b398500645eb5da00a1a379a88b11683ba01.sol:67:4: Mismatch in @param names for function 'isOwner'. Expected: [_address], Found: [] [Warning/use-natspec]
/sb/0x00c4b398500645eb5da00a1a379a88b11683ba01.sol:67:4: Missing @return tag in function 'isOwner' [Warning/use-natspec]
/sb/0x00c4b398500645eb5da00a1a379a88b11683ba01.sol:67:4: Mismatch in @return count for function 'isOwner'. Expected: 1, Found: 0 [Warning/use-natspec]
/sb/0x00c4b398500645eb5da00a1a379a88b11683ba01.sol:77:4: Missing @notice tag in function 'initiateOwnershipTransfer' [Warning/use-natspec]
/sb/0x00c4b398500645eb5da00a1a379a88b11683ba01.sol:77:4: Missing @param tag in function 'initiateOwnershipTransfer' [Warning/use-natspec]
/sb/0x00c4b398500645eb5da00a1a379a88b11683ba01.sol:77:4: Mismatch in @param names for function 'initiateOwnershipTransfer'. Expected: [_proposedOwner], Found: [] [Warning/use-natspec]
/sb/0x00c4b398500645eb5da00a1a379a88b11683ba01.sol:77:4: Missing @return tag in function 'initiateOwnershipTransfer' [Warning/use-natspec]
/sb/0x00c4b398500645eb5da00a1a379a88b11683ba01.sol:77:4: Mismatch in @return count for function 'initiateOwnershipTransfer'. Expected: 1, Found: 0 [Warning/use-natspec]
/sb/0x00c4b398500645eb5da00a1a379a88b11683ba01.sol:79:7: Provide an error message for require [Warning/reason-string]
/sb/0x00c4b398500645eb5da00a1a379a88b11683ba01.sol:81:7: Provide an error message for require [Warning/reason-string]
/sb/0x00c4b398500645eb5da00a1a379a88b11683ba01.sol:83:7: Provide an error message for require [Warning/reason-string]
/sb/0x00c4b398500645eb5da00a1a379a88b11683ba01.sol:103:4: Missing @notice tag in function 'completeOwnershipTransfer' [Warning/use-natspec]
/sb/0x00c4b398500645eb5da00a1a379a88b11683ba01.sol:103:4: Missing @return tag in function 'completeOwnershipTransfer' [Warning/use-natspec]
/sb/0x00c4b398500645eb5da00a1a379a88b11683ba01.sol:103:4: Mismatch in @return count for function 'completeOwnershipTransfer'. Expected: 1, Found: 0 [Warning/use-natspec]
/sb/0x00c4b398500645eb5da00a1a379a88b11683ba01.sol:105:7: Provide an error message for require [Warning/reason-string]
/sb/0x00c4b398500645eb5da00a1a379a88b11683ba01.sol:155:1: Missing @title tag in contract 'OpsManaged' [Warning/use-natspec]
/sb/0x00c4b398500645eb5da00a1a379a88b11683ba01.sol:155:1: Missing @author tag in contract 'OpsManaged' [Warning/use-natspec]
/sb/0x00c4b398500645eb5da00a1a379a88b11683ba01.sol:155:1: Missing @notice tag in contract 'OpsManaged' [Warning/use-natspec]
/sb/0x00c4b398500645eb5da00a1a379a88b11683ba01.sol:159:4: Missing @notice tag in variable 'opsAddress' [Warning/use-natspec]
/sb/0x00c4b398500645eb5da00a1a379a88b11683ba01.sol:163:4: Missing @notice tag in event 'OpsAddressUpdated' [Warning/use-natspec]
/sb/0x00c4b398500645eb5da00a1a379a88b11683ba01.sol:163:4: Missing @param tag in event 'OpsAddressUpdated' [Warning/use-natspec]
/sb/0x00c4b398500645eb5da00a1a379a88b11683ba01.sol:163:4: Mismatch in @param names for event 'OpsAddressUpdated'. Expected: [_newAddress], Found: [] [Warning/use-natspec]
/sb/0x00c4b398500645eb5da00a1a379a88b11683ba01.sol:169:4: Missing @notice tag in function 'OpsManaged' [Warning/use-natspec]
/sb/0x00c4b398500645eb5da00a1a379a88b11683ba01.sol:183:7: Provide an error message for require [Warning/reason-string]
/sb/0x00c4b398500645eb5da00a1a379a88b11683ba01.sol:193:4: Missing @notice tag in function 'isOps' [Warning/use-natspec]
/sb/0x00c4b398500645eb5da00a1a379a88b11683ba01.sol:193:4: Missing @param tag in function 'isOps' [Warning/use-natspec]
/sb/0x00c4b398500645eb5da00a1a379a88b11683ba01.sol:193:4: Mismatch in @param names for function 'isOps'. Expected: [_address], Found: [] [Warning/use-natspec]
/sb/0x00c4b398500645eb5da00a1a379a88b11683ba01.sol:193:4: Missing @return tag in function 'isOps' [Warning/use-natspec]
/sb/0x00c4b398500645eb5da00a1a379a88b11683ba01.sol:193:4: Mismatch in @return count for function 'isOps'. Expected: 1, Found: 0 [Warning/use-natspec]
/sb/0x00c4b398500645eb5da00a1a379a88b11683ba01.sol:203:4: Missing @notice tag in function 'isOwnerOrOps' [Warning/use-natspec]
/sb/0x00c4b398500645eb5da00a1a379a88b11683ba01.sol:203:4: Missing @param tag in function 'isOwnerOrOps' [Warning/use-natspec]
/sb/0x00c4b398500645eb5da00a1a379a88b11683ba01.sol:203:4: Mismatch in @param names for function 'isOwnerOrOps'. Expected: [_address], Found: [] [Warning/use-natspec]
/sb/0x00c4b398500645eb5da00a1a379a88b11683ba01.sol:203:4: Missing @return tag in function 'isOwnerOrOps' [Warning/use-natspec]
/sb/0x00c4b398500645eb5da00a1a379a88b11683ba01.sol:203:4: Mismatch in @return count for function 'isOwnerOrOps'. Expected: 1, Found: 0 [Warning/use-natspec]
/sb/0x00c4b398500645eb5da00a1a379a88b11683ba01.sol:213:4: Missing @notice tag in function 'setOpsAddress' [Warning/use-natspec]
/sb/0x00c4b398500645eb5da00a1a379a88b11683ba01.sol:213:4: Missing @param tag in function 'setOpsAddress' [Warning/use-natspec]
/sb/0x00c4b398500645eb5da00a1a379a88b11683ba01.sol:213:4: Mismatch in @param names for function 'setOpsAddress'. Expected: [_newOpsAddress], Found: [] [Warning/use-natspec]
/sb/0x00c4b398500645eb5da00a1a379a88b11683ba01.sol:213:4: Missing @return tag in function 'setOpsAddress' [Warning/use-natspec]
/sb/0x00c4b398500645eb5da00a1a379a88b11683ba01.sol:213:4: Mismatch in @return count for function 'setOpsAddress'. Expected: 1, Found: 0 [Warning/use-natspec]
/sb/0x00c4b398500645eb5da00a1a379a88b11683ba01.sol:215:7: Provide an error message for require [Warning/reason-string]
/sb/0x00c4b398500645eb5da00a1a379a88b11683ba01.sol:217:7: Provide an error message for require [Warning/reason-string]
/sb/0x00c4b398500645eb5da00a1a379a88b11683ba01.sol:259:1: Missing @title tag in contract 'Finalizable' [Warning/use-natspec]
/sb/0x00c4b398500645eb5da00a1a379a88b11683ba01.sol:259:1: Missing @author tag in contract 'Finalizable' [Warning/use-natspec]
/sb/0x00c4b398500645eb5da00a1a379a88b11683ba01.sol:259:1: Missing @notice tag in contract 'Finalizable' [Warning/use-natspec]
/sb/0x00c4b398500645eb5da00a1a379a88b11683ba01.sol:263:4: Missing @notice tag in variable 'finalized' [Warning/use-natspec]
/sb/0x00c4b398500645eb5da00a1a379a88b11683ba01.sol:267:4: Missing @notice tag in event 'Finalized' [Warning/use-natspec]
/sb/0x00c4b398500645eb5da00a1a379a88b11683ba01.sol:273:4: Missing @notice tag in function 'Finalizable' [Warning/use-natspec]
/sb/0x00c4b398500645eb5da00a1a379a88b11683ba01.sol:287:4: Missing @notice tag in function 'finalize' [Warning/use-natspec]
/sb/0x00c4b398500645eb5da00a1a379a88b11683ba01.sol:287:4: Missing @return tag in function 'finalize' [Warning/use-natspec]
/sb/0x00c4b398500645eb5da00a1a379a88b11683ba01.sol:287:4: Mismatch in @return count for function 'finalize'. Expected: 1, Found: 0 [Warning/use-natspec]
/sb/0x00c4b398500645eb5da00a1a379a88b11683ba01.sol:289:7: Provide an error message for require [Warning/reason-string]
/sb/0x00c4b398500645eb5da00a1a379a88b11683ba01.sol:327:1: Missing @title tag in contract 'Math' [Warning/use-natspec]
/sb/0x00c4b398500645eb5da00a1a379a88b11683ba01.sol:327:1: Missing @author tag in contract 'Math' [Warning/use-natspec]
/sb/0x00c4b398500645eb5da00a1a379a88b11683ba01.sol:327:1: Missing @notice tag in contract 'Math' [Warning/use-natspec]
/sb/0x00c4b398500645eb5da00a1a379a88b11683ba01.sol:331:4: Missing @notice tag in function 'add' [Warning/use-natspec]
/sb/0x00c4b398500645eb5da00a1a379a88b11683ba01.sol:331:4: Missing @param tag in function 'add' [Warning/use-natspec]
/sb/0x00c4b398500645eb5da00a1a379a88b11683ba01.sol:331:4: Mismatch in @param names for function 'add'. Expected: [a, b], Found: [] [Warning/use-natspec]
/sb/0x00c4b398500645eb5da00a1a379a88b11683ba01.sol:331:4: Missing @return tag in function 'add' [Warning/use-natspec]
/sb/0x00c4b398500645eb5da00a1a379a88b11683ba01.sol:331:4: Mismatch in @return count for function 'add'. Expected: 1, Found: 0 [Warning/use-natspec]
/sb/0x00c4b398500645eb5da00a1a379a88b11683ba01.sol:337:7: Provide an error message for require [Warning/reason-string]
/sb/0x00c4b398500645eb5da00a1a379a88b11683ba01.sol:337:15: GC: Non strict inequality found. Try converting to a strict one [Warning/gas-strict-inequalities]
/sb/0x00c4b398500645eb5da00a1a379a88b11683ba01.sol:349:4: Missing @notice tag in function 'sub' [Warning/use-natspec]
/sb/0x00c4b398500645eb5da00a1a379a88b11683ba01.sol:349:4: Missing @param tag in function 'sub' [Warning/use-natspec]
/sb/0x00c4b398500645eb5da00a1a379a88b11683ba01.sol:349:4: Mismatch in @param names for function 'sub'. Expected: [a, b], Found: [] [Warning/use-natspec]
/sb/0x00c4b398500645eb5da00a1a379a88b11683ba01.sol:349:4: Missing @return tag in function 'sub' [Warning/use-natspec]
/sb/0x00c4b398500645eb5da00a1a379a88b11683ba01.sol:349:4: Mismatch in @return count for function 'sub'. Expected: 1, Found: 0 [Warning/use-natspec]
/sb/0x00c4b398500645eb5da00a1a379a88b11683ba01.sol:351:7: Provide an error message for require [Warning/reason-string]
/sb/0x00c4b398500645eb5da00a1a379a88b11683ba01.sol:351:15: GC: Non strict inequality found. Try converting to a strict one [Warning/gas-strict-inequalities]
/sb/0x00c4b398500645eb5da00a1a379a88b11683ba01.sol:363:4: Missing @notice tag in function 'mul' [Warning/use-natspec]
/sb/0x00c4b398500645eb5da00a1a379a88b11683ba01.sol:363:4: Missing @param tag in function 'mul' [Warning/use-natspec]
/sb/0x00c4b398500645eb5da00a1a379a88b11683ba01.sol:363:4: Mismatch in @param names for function 'mul'. Expected: [a, b], Found: [] [Warning/use-natspec]
/sb/0x00c4b398500645eb5da00a1a379a88b11683ba01.sol:363:4: Missing @return tag in function 'mul' [Warning/use-natspec]
/sb/0x00c4b398500645eb5da00a1a379a88b11683ba01.sol:363:4: Mismatch in @return count for function 'mul'. Expected: 1, Found: 0 [Warning/use-natspec]
/sb/0x00c4b398500645eb5da00a1a379a88b11683ba01.sol:377:7: Provide an error message for require [Warning/reason-string]
/sb/0x00c4b398500645eb5da00a1a379a88b11683ba01.sol:389:4: Missing @notice tag in function 'div' [Warning/use-natspec]
/sb/0x00c4b398500645eb5da00a1a379a88b11683ba01.sol:389:4: Missing @param tag in function 'div' [Warning/use-natspec]
/sb/0x00c4b398500645eb5da00a1a379a88b11683ba01.sol:389:4: Mismatch in @param names for function 'div'. Expected: [a, b], Found: [] [Warning/use-natspec]
/sb/0x00c4b398500645eb5da00a1a379a88b11683ba01.sol:389:4: Missing @return tag in function 'div' [Warning/use-natspec]
/sb/0x00c4b398500645eb5da00a1a379a88b11683ba01.sol:389:4: Mismatch in @return count for function 'div'. Expected: 1, Found: 0 [Warning/use-natspec]
/sb/0x00c4b398500645eb5da00a1a379a88b11683ba01.sol:423:1: Missing @title tag in contract 'ERC20Interface' [Warning/use-natspec]
/sb/0x00c4b398500645eb5da00a1a379a88b11683ba01.sol:423:1: Missing @author tag in contract 'ERC20Interface' [Warning/use-natspec]
/sb/0x00c4b398500645eb5da00a1a379a88b11683ba01.sol:423:1: Missing @notice tag in contract 'ERC20Interface' [Warning/use-natspec]
/sb/0x00c4b398500645eb5da00a1a379a88b11683ba01.sol:427:4: Missing @notice tag in event 'Transfer' [Warning/use-natspec]
/sb/0x00c4b398500645eb5da00a1a379a88b11683ba01.sol:427:4: Missing @param tag in event 'Transfer' [Warning/use-natspec]
/sb/0x00c4b398500645eb5da00a1a379a88b11683ba01.sol:427:4: Mismatch in @param names for event 'Transfer'. Expected: [_from, _to, _value], Found: [] [Warning/use-natspec]
/sb/0x00c4b398500645eb5da00a1a379a88b11683ba01.sol:427:4: GC: [_value] on Event [Transfer] could be Indexed [Warning/gas-indexed-events]
/sb/0x00c4b398500645eb5da00a1a379a88b11683ba01.sol:429:4: Missing @notice tag in event 'Approval' [Warning/use-natspec]
/sb/0x00c4b398500645eb5da00a1a379a88b11683ba01.sol:429:4: Missing @param tag in event 'Approval' [Warning/use-natspec]
/sb/0x00c4b398500645eb5da00a1a379a88b11683ba01.sol:429:4: Mismatch in @param names for event 'Approval'. Expected: [_owner, _spender, _value], Found: [] [Warning/use-natspec]
/sb/0x00c4b398500645eb5da00a1a379a88b11683ba01.sol:429:4: GC: [_value] on Event [Approval] could be Indexed [Warning/gas-indexed-events]
/sb/0x00c4b398500645eb5da00a1a379a88b11683ba01.sol:433:4: Missing @notice tag in function 'name' [Warning/use-natspec]
/sb/0x00c4b398500645eb5da00a1a379a88b11683ba01.sol:433:4: Missing @return tag in function 'name' [Warning/use-natspec]
/sb/0x00c4b398500645eb5da00a1a379a88b11683ba01.sol:433:4: Mismatch in @return count for function 'name'. Expected: 1, Found: 0 [Warning/use-natspec]
/sb/0x00c4b398500645eb5da00a1a379a88b11683ba01.sol:435:4: Missing @notice tag in function 'symbol' [Warning/use-natspec]
/sb/0x00c4b398500645eb5da00a1a379a88b11683ba01.sol:435:4: Missing @return tag in function 'symbol' [Warning/use-natspec]
/sb/0x00c4b398500645eb5da00a1a379a88b11683ba01.sol:435:4: Mismatch in @return count for function 'symbol'. Expected: 1, Found: 0 [Warning/use-natspec]
/sb/0x00c4b398500645eb5da00a1a379a88b11683ba01.sol:437:4: Missing @notice tag in function 'decimals' [Warning/use-natspec]
/sb/0x00c4b398500645eb5da00a1a379a88b11683ba01.sol:437:4: Missing @return tag in function 'decimals' [Warning/use-natspec]
/sb/0x00c4b398500645eb5da00a1a379a88b11683ba01.sol:437:4: Mismatch in @return count for function 'decimals'. Expected: 1, Found: 0 [Warning/use-natspec]
/sb/0x00c4b398500645eb5da00a1a379a88b11683ba01.sol:439:4: Missing @notice tag in function 'totalSupply' [Warning/use-natspec]
/sb/0x00c4b398500645eb5da00a1a379a88b11683ba01.sol:439:4: Missing @return tag in function 'totalSupply' [Warning/use-natspec]
/sb/0x00c4b398500645eb5da00a1a379a88b11683ba01.sol:439:4: Mismatch in @return count for function 'totalSupply'. Expected: 1, Found: 0 [Warning/use-natspec]
/sb/0x00c4b398500645eb5da00a1a379a88b11683ba01.sol:443:4: Missing @notice tag in function 'balanceOf' [Warning/use-natspec]
/sb/0x00c4b398500645eb5da00a1a379a88b11683ba01.sol:443:4: Missing @param tag in function 'balanceOf' [Warning/use-natspec]
/sb/0x00c4b398500645eb5da00a1a379a88b11683ba01.sol:443:4: Mismatch in @param names for function 'balanceOf'. Expected: [_owner], Found: [] [Warning/use-natspec]
/sb/0x00c4b398500645eb5da00a1a379a88b11683ba01.sol:443:4: Missing @return tag in function 'balanceOf' [Warning/use-natspec]
/sb/0x00c4b398500645eb5da00a1a379a88b11683ba01.sol:443:4: Mismatch in @return names for function 'balanceOf'. Expected: [balance], Found: [] [Warning/use-natspec]
/sb/0x00c4b398500645eb5da00a1a379a88b11683ba01.sol:445:4: Missing @notice tag in function 'allowance' [Warning/use-natspec]
/sb/0x00c4b398500645eb5da00a1a379a88b11683ba01.sol:445:4: Missing @param tag in function 'allowance' [Warning/use-natspec]
/sb/0x00c4b398500645eb5da00a1a379a88b11683ba01.sol:445:4: Mismatch in @param names for function 'allowance'. Expected: [_owner, _spender], Found: [] [Warning/use-natspec]
/sb/0x00c4b398500645eb5da00a1a379a88b11683ba01.sol:445:4: Missing @return tag in function 'allowance' [Warning/use-natspec]
/sb/0x00c4b398500645eb5da00a1a379a88b11683ba01.sol:445:4: Mismatch in @return names for function 'allowance'. Expected: [remaining], Found: [] [Warning/use-natspec]
/sb/0x00c4b398500645eb5da00a1a379a88b11683ba01.sol:449:4: Missing @notice tag in function 'transfer' [Warning/use-natspec]
/sb/0x00c4b398500645eb5da00a1a379a88b11683ba01.sol:449:4: Missing @param tag in function 'transfer' [Warning/use-natspec]
/sb/0x00c4b398500645eb5da00a1a379a88b11683ba01.sol:449:4: Mismatch in @param names for function 'transfer'. Expected: [_to, _value], Found: [] [Warning/use-natspec]
/sb/0x00c4b398500645eb5da00a1a379a88b11683ba01.sol:449:4: Missing @return tag in function 'transfer' [Warning/use-natspec]
/sb/0x00c4b398500645eb5da00a1a379a88b11683ba01.sol:449:4: Mismatch in @return names for function 'transfer'. Expected: [success], Found: [] [Warning/use-natspec]
/sb/0x00c4b398500645eb5da00a1a379a88b11683ba01.sol:451:4: Missing @notice tag in function 'transferFrom' [Warning/use-natspec]
/sb/0x00c4b398500645eb5da00a1a379a88b11683ba01.sol:451:4: Missing @param tag in function 'transferFrom' [Warning/use-natspec]
/sb/0x00c4b398500645eb5da00a1a379a88b11683ba01.sol:451:4: Mismatch in @param names for function 'transferFrom'. Expected: [_from, _to, _value], Found: [] [Warning/use-natspec]
/sb/0x00c4b398500645eb5da00a1a379a88b11683ba01.sol:451:4: Missing @return tag in function 'transferFrom' [Warning/use-natspec]
/sb/0x00c4b398500645eb5da00a1a379a88b11683ba01.sol:451:4: Mismatch in @return names for function 'transferFrom'. Expected: [success], Found: [] [Warning/use-natspec]
/sb/0x00c4b398500645eb5da00a1a379a88b11683ba01.sol:453:4: Missing @notice tag in function 'approve' [Warning/use-natspec]
/sb/0x00c4b398500645eb5da00a1a379a88b11683ba01.sol:453:4: Missing @param tag in function 'approve' [Warning/use-natspec]
/sb/0x00c4b398500645eb5da00a1a379a88b11683ba01.sol:453:4: Mismatch in @param names for function 'approve'. Expected: [_spender, _value], Found: [] [Warning/use-natspec]
/sb/0x00c4b398500645eb5da00a1a379a88b11683ba01.sol:453:4: Missing @return tag in function 'approve' [Warning/use-natspec]
/sb/0x00c4b398500645eb5da00a1a379a88b11683ba01.sol:453:4: Mismatch in @return names for function 'approve'. Expected: [success], Found: [] [Warning/use-natspec]
/sb/0x00c4b398500645eb5da00a1a379a88b11683ba01.sol:479:1: Missing @title tag in contract 'ERC20Token' [Warning/use-natspec]
/sb/0x00c4b398500645eb5da00a1a379a88b11683ba01.sol:479:1: Missing @author tag in contract 'ERC20Token' [Warning/use-natspec]
/sb/0x00c4b398500645eb5da00a1a379a88b11683ba01.sol:479:1: Missing @notice tag in contract 'ERC20Token' [Warning/use-natspec]
/sb/0x00c4b398500645eb5da00a1a379a88b11683ba01.sol:499:4: Explicitly mark visibility of state [Warning/state-visibility]
/sb/0x00c4b398500645eb5da00a1a379a88b11683ba01.sol:505:4: Missing @notice tag in function 'ERC20Token' [Warning/use-natspec]
/sb/0x00c4b398500645eb5da00a1a379a88b11683ba01.sol:505:4: Missing @param tag in function 'ERC20Token' [Warning/use-natspec]
/sb/0x00c4b398500645eb5da00a1a379a88b11683ba01.sol:505:4: Mismatch in @param names for function 'ERC20Token'. Expected: [_name, _symbol, _decimals, _totalSupply, _initialTokenHolder], Found: [] [Warning/use-natspec]
/sb/0x00c4b398500645eb5da00a1a379a88b11683ba01.sol:533:4: Missing @notice tag in function 'name' [Warning/use-natspec]
/sb/0x00c4b398500645eb5da00a1a379a88b11683ba01.sol:533:4: Missing @return tag in function 'name' [Warning/use-natspec]
/sb/0x00c4b398500645eb5da00a1a379a88b11683ba01.sol:533:4: Mismatch in @return count for function 'name'. Expected: 1, Found: 0 [Warning/use-natspec]
/sb/0x00c4b398500645eb5da00a1a379a88b11683ba01.sol:543:4: Missing @notice tag in function 'symbol' [Warning/use-natspec]
/sb/0x00c4b398500645eb5da00a1a379a88b11683ba01.sol:543:4: Missing @return tag in function 'symbol' [Warning/use-natspec]
/sb/0x00c4b398500645eb5da00a1a379a88b11683ba01.sol:543:4: Mismatch in @return count for function 'symbol'. Expected: 1, Found: 0 [Warning/use-natspec]
/sb/0x00c4b398500645eb5da00a1a379a88b11683ba01.sol:553:4: Missing @notice tag in function 'decimals' [Warning/use-natspec]
/sb/0x00c4b398500645eb5da00a1a379a88b11683ba01.sol:553:4: Missing @return tag in function 'decimals' [Warning/use-natspec]
/sb/0x00c4b398500645eb5da00a1a379a88b11683ba01.sol:553:4: Mismatch in @return count for function 'decimals'. Expected: 1, Found: 0 [Warning/use-natspec]
/sb/0x00c4b398500645eb5da00a1a379a88b11683ba01.sol:563:4: Missing @notice tag in function 'totalSupply' [Warning/use-natspec]
/sb/0x00c4b398500645eb5da00a1a379a88b11683ba01.sol:563:4: Missing @return tag in function 'totalSupply' [Warning/use-natspec]
/sb/0x00c4b398500645eb5da00a1a379a88b11683ba01.sol:563:4: Mismatch in @return count for function 'totalSupply'. Expected: 1, Found: 0 [Warning/use-natspec]
/sb/0x00c4b398500645eb5da00a1a379a88b11683ba01.sol:573:4: Missing @notice tag in function 'balanceOf' [Warning/use-natspec]
/sb/0x00c4b398500645eb5da00a1a379a88b11683ba01.sol:573:4: Missing @param tag in function 'balanceOf' [Warning/use-natspec]
/sb/0x00c4b398500645eb5da00a1a379a88b11683ba01.sol:573:4: Mismatch in @param names for function 'balanceOf'. Expected: [_owner], Found: [] [Warning/use-natspec]
/sb/0x00c4b398500645eb5da00a1a379a88b11683ba01.sol:573:4: Missing @return tag in function 'balanceOf' [Warning/use-natspec]
/sb/0x00c4b398500645eb5da00a1a379a88b11683ba01.sol:573:4: Mismatch in @return names for function 'balanceOf'. Expected: [balance], Found: [] [Warning/use-natspec]
/sb/0x00c4b398500645eb5da00a1a379a88b11683ba01.sol:583:4: Missing @notice tag in function 'allowance' [Warning/use-natspec]
/sb/0x00c4b398500645eb5da00a1a379a88b11683ba01.sol:583:4: Missing @param tag in function 'allowance' [Warning/use-natspec]
/sb/0x00c4b398500645eb5da00a1a379a88b11683ba01.sol:583:4: Mismatch in @param names for function 'allowance'. Expected: [_owner, _spender], Found: [] [Warning/use-natspec]
/sb/0x00c4b398500645eb5da00a1a379a88b11683ba01.sol:583:4: Missing @return tag in function 'allowance' [Warning/use-natspec]
/sb/0x00c4b398500645eb5da00a1a379a88b11683ba01.sol:583:4: Mismatch in @return names for function 'allowance'. Expected: [remaining], Found: [] [Warning/use-natspec]
/sb/0x00c4b398500645eb5da00a1a379a88b11683ba01.sol:593:4: Missing @notice tag in function 'transfer' [Warning/use-natspec]
/sb/0x00c4b398500645eb5da00a1a379a88b11683ba01.sol:593:4: Missing @param tag in function 'transfer' [Warning/use-natspec]
/sb/0x00c4b398500645eb5da00a1a379a88b11683ba01.sol:593:4: Mismatch in @param names for function 'transfer'. Expected: [_to, _value], Found: [] [Warning/use-natspec]
/sb/0x00c4b398500645eb5da00a1a379a88b11683ba01.sol:593:4: Missing @return tag in function 'transfer' [Warning/use-natspec]
/sb/0x00c4b398500645eb5da00a1a379a88b11683ba01.sol:593:4: Mismatch in @return names for function 'transfer'. Expected: [success], Found: [] [Warning/use-natspec]
/sb/0x00c4b398500645eb5da00a1a379a88b11683ba01.sol:613:4: Missing @notice tag in function 'transferFrom' [Warning/use-natspec]
/sb/0x00c4b398500645eb5da00a1a379a88b11683ba01.sol:613:4: Missing @param tag in function 'transferFrom' [Warning/use-natspec]
/sb/0x00c4b398500645eb5da00a1a379a88b11683ba01.sol:613:4: Mismatch in @param names for function 'transferFrom'. Expected: [_from, _to, _value], Found: [] [Warning/use-natspec]
/sb/0x00c4b398500645eb5da00a1a379a88b11683ba01.sol:613:4: Missing @return tag in function 'transferFrom' [Warning/use-natspec]
/sb/0x00c4b398500645eb5da00a1a379a88b11683ba01.sol:613:4: Mismatch in @return names for function 'transferFrom'. Expected: [success], Found: [] [Warning/use-natspec]
/sb/0x00c4b398500645eb5da00a1a379a88b11683ba01.sol:635:4: Missing @notice tag in function 'approve' [Warning/use-natspec]
/sb/0x00c4b398500645eb5da00a1a379a88b11683ba01.sol:635:4: Missing @param tag in function 'approve' [Warning/use-natspec]
/sb/0x00c4b398500645eb5da00a1a379a88b11683ba01.sol:635:4: Mismatch in @param names for function 'approve'. Expected: [_spender, _value], Found: [] [Warning/use-natspec]
/sb/0x00c4b398500645eb5da00a1a379a88b11683ba01.sol:635:4: Missing @return tag in function 'approve' [Warning/use-natspec]
/sb/0x00c4b398500645eb5da00a1a379a88b11683ba01.sol:635:4: Mismatch in @return names for function 'approve'. Expected: [success], Found: [] [Warning/use-natspec]
/sb/0x00c4b398500645eb5da00a1a379a88b11683ba01.sol:683:1: Missing @title tag in contract 'FinalizableToken' [Warning/use-natspec]
/sb/0x00c4b398500645eb5da00a1a379a88b11683ba01.sol:683:1: Missing @author tag in contract 'FinalizableToken' [Warning/use-natspec]
/sb/0x00c4b398500645eb5da00a1a379a88b11683ba01.sol:683:1: Missing @notice tag in contract 'FinalizableToken' [Warning/use-natspec]
/sb/0x00c4b398500645eb5da00a1a379a88b11683ba01.sol:695:4: Missing @notice tag in function 'FinalizableToken' [Warning/use-natspec]
/sb/0x00c4b398500645eb5da00a1a379a88b11683ba01.sol:695:4: Missing @param tag in function 'FinalizableToken' [Warning/use-natspec]
/sb/0x00c4b398500645eb5da00a1a379a88b11683ba01.sol:695:4: Mismatch in @param names for function 'FinalizableToken'. Expected: [_name, _symbol, _decimals, _totalSupply], Found: [] [Warning/use-natspec]
/sb/0x00c4b398500645eb5da00a1a379a88b11683ba01.sol:711:4: Missing @notice tag in function 'transfer' [Warning/use-natspec]
/sb/0x00c4b398500645eb5da00a1a379a88b11683ba01.sol:711:4: Missing @param tag in function 'transfer' [Warning/use-natspec]
/sb/0x00c4b398500645eb5da00a1a379a88b11683ba01.sol:711:4: Mismatch in @param names for function 'transfer'. Expected: [_to, _value], Found: [] [Warning/use-natspec]
/sb/0x00c4b398500645eb5da00a1a379a88b11683ba01.sol:711:4: Missing @return tag in function 'transfer' [Warning/use-natspec]
/sb/0x00c4b398500645eb5da00a1a379a88b11683ba01.sol:711:4: Mismatch in @return names for function 'transfer'. Expected: [success], Found: [] [Warning/use-natspec]
/sb/0x00c4b398500645eb5da00a1a379a88b11683ba01.sol:725:4: Missing @notice tag in function 'transferFrom' [Warning/use-natspec]
/sb/0x00c4b398500645eb5da00a1a379a88b11683ba01.sol:725:4: Missing @param tag in function 'transferFrom' [Warning/use-natspec]
/sb/0x00c4b398500645eb5da00a1a379a88b11683ba01.sol:725:4: Mismatch in @param names for function 'transferFrom'. Expected: [_from, _to, _value], Found: [] [Warning/use-natspec]
/sb/0x00c4b398500645eb5da00a1a379a88b11683ba01.sol:725:4: Missing @return tag in function 'transferFrom' [Warning/use-natspec]
/sb/0x00c4b398500645eb5da00a1a379a88b11683ba01.sol:725:4: Mismatch in @return names for function 'transferFrom'. Expected: [success], Found: [] [Warning/use-natspec]
/sb/0x00c4b398500645eb5da00a1a379a88b11683ba01.sol:739:4: Missing @notice tag in function 'validateTransfer' [Warning/use-natspec]
/sb/0x00c4b398500645eb5da00a1a379a88b11683ba01.sol:739:4: Missing @param tag in function 'validateTransfer' [Warning/use-natspec]
/sb/0x00c4b398500645eb5da00a1a379a88b11683ba01.sol:739:4: Mismatch in @param names for function 'validateTransfer'. Expected: [_sender, _to], Found: [] [Warning/use-natspec]
/sb/0x00c4b398500645eb5da00a1a379a88b11683ba01.sol:763:7: Provide an error message for require [Warning/reason-string]
/sb/0x00c4b398500645eb5da00a1a379a88b11683ba01.sol:795:1: Missing @title tag in contract 'EximchainTokenConfig' [Warning/use-natspec]
/sb/0x00c4b398500645eb5da00a1a379a88b11683ba01.sol:795:1: Missing @author tag in contract 'EximchainTokenConfig' [Warning/use-natspec]
/sb/0x00c4b398500645eb5da00a1a379a88b11683ba01.sol:795:1: Missing @notice tag in contract 'EximchainTokenConfig' [Warning/use-natspec]
/sb/0x00c4b398500645eb5da00a1a379a88b11683ba01.sol:799:5: Missing @notice tag in variable 'TOKEN_SYMBOL' [Warning/use-natspec]
/sb/0x00c4b398500645eb5da00a1a379a88b11683ba01.sol:801:5: Missing @notice tag in variable 'TOKEN_NAME' [Warning/use-natspec]
/sb/0x00c4b398500645eb5da00a1a379a88b11683ba01.sol:803:5: Missing @notice tag in variable 'TOKEN_DECIMALS' [Warning/use-natspec]
/sb/0x00c4b398500645eb5da00a1a379a88b11683ba01.sol:807:5: Missing @notice tag in variable 'DECIMALSFACTOR' [Warning/use-natspec]
/sb/0x00c4b398500645eb5da00a1a379a88b11683ba01.sol:809:5: Missing @notice tag in variable 'TOKEN_TOTALSUPPLY' [Warning/use-natspec]
/sb/0x00c4b398500645eb5da00a1a379a88b11683ba01.sol:845:1: Missing @title tag in contract 'EximchainToken' [Warning/use-natspec]
/sb/0x00c4b398500645eb5da00a1a379a88b11683ba01.sol:845:1: Missing @author tag in contract 'EximchainToken' [Warning/use-natspec]
/sb/0x00c4b398500645eb5da00a1a379a88b11683ba01.sol:845:1: Missing @notice tag in contract 'EximchainToken' [Warning/use-natspec]
/sb/0x00c4b398500645eb5da00a1a379a88b11683ba01.sol:851:4: Missing @notice tag in variable 'frozen' [Warning/use-natspec]
/sb/0x00c4b398500645eb5da00a1a379a88b11683ba01.sol:863:4: Missing @notice tag in event 'TokensBurnt' [Warning/use-natspec]
/sb/0x00c4b398500645eb5da00a1a379a88b11683ba01.sol:863:4: Missing @param tag in event 'TokensBurnt' [Warning/use-natspec]
/sb/0x00c4b398500645eb5da00a1a379a88b11683ba01.sol:863:4: Mismatch in @param names for event 'TokensBurnt'. Expected: [_account, _amount], Found: [] [Warning/use-natspec]
/sb/0x00c4b398500645eb5da00a1a379a88b11683ba01.sol:863:4: GC: [_amount] on Event [TokensBurnt] could be Indexed [Warning/gas-indexed-events]
/sb/0x00c4b398500645eb5da00a1a379a88b11683ba01.sol:865:4: Missing @notice tag in event 'TokensReclaimed' [Warning/use-natspec]
/sb/0x00c4b398500645eb5da00a1a379a88b11683ba01.sol:865:4: Missing @param tag in event 'TokensReclaimed' [Warning/use-natspec]
/sb/0x00c4b398500645eb5da00a1a379a88b11683ba01.sol:865:4: Mismatch in @param names for event 'TokensReclaimed'. Expected: [_amount], Found: [] [Warning/use-natspec]
/sb/0x00c4b398500645eb5da00a1a379a88b11683ba01.sol:865:4: GC: [_amount] on Event [TokensReclaimed] could be Indexed [Warning/gas-indexed-events]
/sb/0x00c4b398500645eb5da00a1a379a88b11683ba01.sol:867:4: Missing @notice tag in event 'Frozen' [Warning/use-natspec]
/sb/0x00c4b398500645eb5da00a1a379a88b11683ba01.sol:873:4: Missing @notice tag in function 'EximchainToken' [Warning/use-natspec]
/sb/0x00c4b398500645eb5da00a1a379a88b11683ba01.sol:887:4: Missing @notice tag in function 'transfer' [Warning/use-natspec]
/sb/0x00c4b398500645eb5da00a1a379a88b11683ba01.sol:887:4: Missing @param tag in function 'transfer' [Warning/use-natspec]
/sb/0x00c4b398500645eb5da00a1a379a88b11683ba01.sol:887:4: Mismatch in @param names for function 'transfer'. Expected: [_to, _value], Found: [] [Warning/use-natspec]
/sb/0x00c4b398500645eb5da00a1a379a88b11683ba01.sol:887:4: Missing @return tag in function 'transfer' [Warning/use-natspec]
/sb/0x00c4b398500645eb5da00a1a379a88b11683ba01.sol:887:4: Mismatch in @return names for function 'transfer'. Expected: [success], Found: [] [Warning/use-natspec]
/sb/0x00c4b398500645eb5da00a1a379a88b11683ba01.sol:889:7: Provide an error message for require [Warning/reason-string]
/sb/0x00c4b398500645eb5da00a1a379a88b11683ba01.sol:901:4: Missing @notice tag in function 'transferFrom' [Warning/use-natspec]
/sb/0x00c4b398500645eb5da00a1a379a88b11683ba01.sol:901:4: Missing @param tag in function 'transferFrom' [Warning/use-natspec]
/sb/0x00c4b398500645eb5da00a1a379a88b11683ba01.sol:901:4: Mismatch in @param names for function 'transferFrom'. Expected: [_from, _to, _value], Found: [] [Warning/use-natspec]
/sb/0x00c4b398500645eb5da00a1a379a88b11683ba01.sol:901:4: Missing @return tag in function 'transferFrom' [Warning/use-natspec]
/sb/0x00c4b398500645eb5da00a1a379a88b11683ba01.sol:901:4: Mismatch in @return names for function 'transferFrom'. Expected: [success], Found: [] [Warning/use-natspec]
/sb/0x00c4b398500645eb5da00a1a379a88b11683ba01.sol:903:7: Provide an error message for require [Warning/reason-string]
/sb/0x00c4b398500645eb5da00a1a379a88b11683ba01.sol:919:4: Missing @notice tag in function 'burn' [Warning/use-natspec]
/sb/0x00c4b398500645eb5da00a1a379a88b11683ba01.sol:919:4: Missing @param tag in function 'burn' [Warning/use-natspec]
/sb/0x00c4b398500645eb5da00a1a379a88b11683ba01.sol:919:4: Mismatch in @param names for function 'burn'. Expected: [_amount], Found: [] [Warning/use-natspec]
/sb/0x00c4b398500645eb5da00a1a379a88b11683ba01.sol:919:4: Missing @return tag in function 'burn' [Warning/use-natspec]
/sb/0x00c4b398500645eb5da00a1a379a88b11683ba01.sol:919:4: Mismatch in @return count for function 'burn'. Expected: 1, Found: 0 [Warning/use-natspec]
/sb/0x00c4b398500645eb5da00a1a379a88b11683ba01.sol:921:7: Provide an error message for require [Warning/reason-string]
/sb/0x00c4b398500645eb5da00a1a379a88b11683ba01.sol:927:7: Provide an error message for require [Warning/reason-string]
/sb/0x00c4b398500645eb5da00a1a379a88b11683ba01.sol:927:15: GC: Non strict inequality found. Try converting to a strict one [Warning/gas-strict-inequalities]
/sb/0x00c4b398500645eb5da00a1a379a88b11683ba01.sol:951:4: Missing @notice tag in function 'reclaimTokens' [Warning/use-natspec]
/sb/0x00c4b398500645eb5da00a1a379a88b11683ba01.sol:951:4: Missing @return tag in function 'reclaimTokens' [Warning/use-natspec]
/sb/0x00c4b398500645eb5da00a1a379a88b11683ba01.sol:951:4: Mismatch in @return count for function 'reclaimTokens'. Expected: 1, Found: 0 [Warning/use-natspec]
/sb/0x00c4b398500645eb5da00a1a379a88b11683ba01.sol:997:4: Missing @notice tag in function 'freeze' [Warning/use-natspec]
/sb/0x00c4b398500645eb5da00a1a379a88b11683ba01.sol:997:4: Missing @return tag in function 'freeze' [Warning/use-natspec]
/sb/0x00c4b398500645eb5da00a1a379a88b11683ba01.sol:997:4: Mismatch in @return count for function 'freeze'. Expected: 1, Found: 0 [Warning/use-natspec]
/sb/0x00c4b398500645eb5da00a1a379a88b11683ba01.sol:999:7: Provide an error message for require [Warning/reason-string]

257 problem/s (1 error/s, 256 warning/s)
