/sb/0x39aa4006ee5941c0c0e41b924fdafcb2c4c918e8.sol
jar:file:/usr/local/lib/node_modules/@smartdec/smartcheck/jdeploy-bundle/smartcheck-2.0-jar-with-dependencies.jar!/solidity-rules.xmlruleId: SOLIDITY_DEPRECATED_CONSTRUCTIONS
patternId: 49bd2a
severity: 1
line: 47
column: 4
content: throw

ruleId: SOLIDITY_DEPRECATED_CONSTRUCTIONS
patternId: 28fa69
severity: 1
line: 34
column: 2
content: functionget(stringhash)constantreturns(boolsuccess,uinttheBlock,uinttheTime,addressholder){if(_records[hash].exists){success=true;theBlock=_records[hash].createdIn;theTime=_records[hash].createdAt;holder=_records[hash].holder;}else{success=false;}}

ruleId: SOLIDITY_PRAGMAS_VERSION
patternId: 23fc32
severity: 1
line: 1
column: 16
content: >=

ruleId: SOLIDITY_PRAGMAS_VERSION
patternId: 23fc32
severity: 1
line: 1
column: 24
content: <

ruleId: SOLIDITY_REDUNDANT_FALLBACK_REJECT
patternId: b85a32
severity: 1
line: 46
column: 14
content: {throw;}

ruleId: SOLIDITY_SHOULD_RETURN_STRUCT
patternId: 83hf3l
severity: 1
line: 12
column: 39
content: (boolsuccess,boolalready,uinttheBlock)

ruleId: SOLIDITY_SHOULD_RETURN_STRUCT
patternId: 83hf3l
severity: 1
line: 34
column: 45
content: (boolsuccess,uinttheBlock,uinttheTime,addressholder)

ruleId: SOLIDITY_VISIBILITY
patternId: 910067
severity: 1
line: 12
column: 2
content: functionrecord(stringhash)returns(boolsuccess,boolalready,uinttheBlock){if(msg.value<price){success=false;msg.sender.send(msg.value);return;}if(_records[hash].exists){success=true;already=true;theBlock=_records[hash].createdIn;}else{_records[hash].exists=true;_records[hash].holder=msg.sender;_records[hash].createdAt=now;_records[hash].createdIn=block.number;success=true;already=false;theBlock=_records[hash].createdIn;}}

ruleId: SOLIDITY_VISIBILITY
patternId: 910067
severity: 1
line: 34
column: 2
content: functionget(stringhash)constantreturns(boolsuccess,uinttheBlock,uinttheTime,addressholder){if(_records[hash].exists){success=true;theBlock=_records[hash].createdIn;theTime=_records[hash].createdAt;holder=_records[hash].holder;}else{success=false;}}

ruleId: SOLIDITY_VISIBILITY
patternId: 910067
severity: 1
line: 46
column: 2
content: function(){throw;}

ruleId: SOLIDITY_VISIBILITY
patternId: b51ce0
severity: 1
line: 3
column: 2
content: uintprice=0.001ether;

ruleId: SOLIDITY_VISIBILITY
patternId: b51ce0
severity: 1
line: 10
column: 2
content: mapping(string=>Record)_records;

SOLIDITY_VISIBILITY :5
SOLIDITY_DEPRECATED_CONSTRUCTIONS :2
SOLIDITY_PRAGMAS_VERSION :2
SOLIDITY_SHOULD_RETURN_STRUCT :2
SOLIDITY_REDUNDANT_FALLBACK_REJECT :1
