A new version of Solhint is available: 6.0.1
Please consider updating your Solhint package.
/sb/0xa57a171a6c1133d86f4d9b04289cead83d94e4e7.sol:1:1: Found more than One contract per file. 3 contracts found! [Warning/one-contract-per-file]
/sb/0xa57a171a6c1133d86f4d9b04289cead83d94e4e7.sol:1:1: Compiler version ^0.4.4 does not satisfy the ^0.8.24 semver requirement [Error/compiler-version]
/sb/0xa57a171a6c1133d86f4d9b04289cead83d94e4e7.sol:3:1: Missing @title tag in contract 'Token' [Warning/use-natspec]
/sb/0xa57a171a6c1133d86f4d9b04289cead83d94e4e7.sol:3:1: Missing @author tag in contract 'Token' [Warning/use-natspec]
/sb/0xa57a171a6c1133d86f4d9b04289cead83d94e4e7.sol:3:1: Missing @notice tag in contract 'Token' [Warning/use-natspec]
/sb/0xa57a171a6c1133d86f4d9b04289cead83d94e4e7.sol:6:5: Missing @notice tag in function 'totalSupply' [Warning/use-natspec]
/sb/0xa57a171a6c1133d86f4d9b04289cead83d94e4e7.sol:6:5: Mismatch in @return names for function 'totalSupply'. Expected: [supply], Found: [] [Warning/use-natspec]
/sb/0xa57a171a6c1133d86f4d9b04289cead83d94e4e7.sol:6:5: Explicitly mark visibility in function [Warning/func-visibility]
/sb/0xa57a171a6c1133d86f4d9b04289cead83d94e4e7.sol:6:62: Code contains empty blocks [Warning/no-empty-blocks]
/sb/0xa57a171a6c1133d86f4d9b04289cead83d94e4e7.sol:10:5: Missing @notice tag in function 'balanceOf' [Warning/use-natspec]
/sb/0xa57a171a6c1133d86f4d9b04289cead83d94e4e7.sol:10:5: Mismatch in @return names for function 'balanceOf'. Expected: [balance], Found: [The] [Warning/use-natspec]
/sb/0xa57a171a6c1133d86f4d9b04289cead83d94e4e7.sol:10:5: Explicitly mark visibility in function [Warning/func-visibility]
/sb/0xa57a171a6c1133d86f4d9b04289cead83d94e4e7.sol:10:75: Code contains empty blocks [Warning/no-empty-blocks]
/sb/0xa57a171a6c1133d86f4d9b04289cead83d94e4e7.sol:16:5: Mismatch in @return names for function 'transfer'. Expected: [success], Found: [] [Warning/use-natspec]
/sb/0xa57a171a6c1133d86f4d9b04289cead83d94e4e7.sol:16:5: Explicitly mark visibility in function [Warning/func-visibility]
/sb/0xa57a171a6c1133d86f4d9b04289cead83d94e4e7.sol:16:75: Code contains empty blocks [Warning/no-empty-blocks]
/sb/0xa57a171a6c1133d86f4d9b04289cead83d94e4e7.sol:23:5: Mismatch in @return names for function 'transferFrom'. Expected: [success], Found: [] [Warning/use-natspec]
/sb/0xa57a171a6c1133d86f4d9b04289cead83d94e4e7.sol:23:5: Explicitly mark visibility in function [Warning/func-visibility]
/sb/0xa57a171a6c1133d86f4d9b04289cead83d94e4e7.sol:23:94: Code contains empty blocks [Warning/no-empty-blocks]
/sb/0xa57a171a6c1133d86f4d9b04289cead83d94e4e7.sol:29:5: Mismatch in @return names for function 'approve'. Expected: [success], Found: [] [Warning/use-natspec]
/sb/0xa57a171a6c1133d86f4d9b04289cead83d94e4e7.sol:29:5: Explicitly mark visibility in function [Warning/func-visibility]
/sb/0xa57a171a6c1133d86f4d9b04289cead83d94e4e7.sol:29:79: Code contains empty blocks [Warning/no-empty-blocks]
/sb/0xa57a171a6c1133d86f4d9b04289cead83d94e4e7.sol:34:5: Missing @notice tag in function 'allowance' [Warning/use-natspec]
/sb/0xa57a171a6c1133d86f4d9b04289cead83d94e4e7.sol:34:5: Mismatch in @return names for function 'allowance'. Expected: [remaining], Found: [] [Warning/use-natspec]
/sb/0xa57a171a6c1133d86f4d9b04289cead83d94e4e7.sol:34:5: Explicitly mark visibility in function [Warning/func-visibility]
/sb/0xa57a171a6c1133d86f4d9b04289cead83d94e4e7.sol:34:95: Code contains empty blocks [Warning/no-empty-blocks]
/sb/0xa57a171a6c1133d86f4d9b04289cead83d94e4e7.sol:37:5: Missing @notice tag in event 'Transfer' [Warning/use-natspec]
/sb/0xa57a171a6c1133d86f4d9b04289cead83d94e4e7.sol:37:5: Missing @param tag in event 'Transfer' [Warning/use-natspec]
/sb/0xa57a171a6c1133d86f4d9b04289cead83d94e4e7.sol:37:5: Mismatch in @param names for event 'Transfer'. Expected: [_from, _to, _value], Found: [] [Warning/use-natspec]
/sb/0xa57a171a6c1133d86f4d9b04289cead83d94e4e7.sol:37:5: GC: [_value] on Event [Transfer] could be Indexed [Warning/gas-indexed-events]
/sb/0xa57a171a6c1133d86f4d9b04289cead83d94e4e7.sol:39:5: Missing @notice tag in event 'Approval' [Warning/use-natspec]
/sb/0xa57a171a6c1133d86f4d9b04289cead83d94e4e7.sol:39:5: Missing @param tag in event 'Approval' [Warning/use-natspec]
/sb/0xa57a171a6c1133d86f4d9b04289cead83d94e4e7.sol:39:5: Mismatch in @param names for event 'Approval'. Expected: [_owner, _spender, _value], Found: [] [Warning/use-natspec]
/sb/0xa57a171a6c1133d86f4d9b04289cead83d94e4e7.sol:39:5: GC: [_value] on Event [Approval] could be Indexed [Warning/gas-indexed-events]
/sb/0xa57a171a6c1133d86f4d9b04289cead83d94e4e7.sol:41:1: Missing @title tag in contract 'StandardToken' [Warning/use-natspec]
/sb/0xa57a171a6c1133d86f4d9b04289cead83d94e4e7.sol:41:1: Missing @author tag in contract 'StandardToken' [Warning/use-natspec]
/sb/0xa57a171a6c1133d86f4d9b04289cead83d94e4e7.sol:41:1: Missing @notice tag in contract 'StandardToken' [Warning/use-natspec]
/sb/0xa57a171a6c1133d86f4d9b04289cead83d94e4e7.sol:43:5: Missing @notice tag in function 'transfer' [Warning/use-natspec]
/sb/0xa57a171a6c1133d86f4d9b04289cead83d94e4e7.sol:43:5: Missing @param tag in function 'transfer' [Warning/use-natspec]
/sb/0xa57a171a6c1133d86f4d9b04289cead83d94e4e7.sol:43:5: Mismatch in @param names for function 'transfer'. Expected: [_to, _value], Found: [] [Warning/use-natspec]
/sb/0xa57a171a6c1133d86f4d9b04289cead83d94e4e7.sol:43:5: Missing @return tag in function 'transfer' [Warning/use-natspec]
/sb/0xa57a171a6c1133d86f4d9b04289cead83d94e4e7.sol:43:5: Mismatch in @return names for function 'transfer'. Expected: [success], Found: [] [Warning/use-natspec]
/sb/0xa57a171a6c1133d86f4d9b04289cead83d94e4e7.sol:43:5: Explicitly mark visibility in function [Warning/func-visibility]
/sb/0xa57a171a6c1133d86f4d9b04289cead83d94e4e7.sol:47:13: GC: Non strict inequality found. Try converting to a strict one [Warning/gas-strict-inequalities]
/sb/0xa57a171a6c1133d86f4d9b04289cead83d94e4e7.sol:55:5: Missing @notice tag in function 'transferFrom' [Warning/use-natspec]
/sb/0xa57a171a6c1133d86f4d9b04289cead83d94e4e7.sol:55:5: Missing @param tag in function 'transferFrom' [Warning/use-natspec]
/sb/0xa57a171a6c1133d86f4d9b04289cead83d94e4e7.sol:55:5: Mismatch in @param names for function 'transferFrom'. Expected: [_from, _to, _value], Found: [] [Warning/use-natspec]
/sb/0xa57a171a6c1133d86f4d9b04289cead83d94e4e7.sol:55:5: Missing @return tag in function 'transferFrom' [Warning/use-natspec]
/sb/0xa57a171a6c1133d86f4d9b04289cead83d94e4e7.sol:55:5: Mismatch in @return names for function 'transferFrom'. Expected: [success], Found: [] [Warning/use-natspec]
/sb/0xa57a171a6c1133d86f4d9b04289cead83d94e4e7.sol:55:5: Explicitly mark visibility in function [Warning/func-visibility]
/sb/0xa57a171a6c1133d86f4d9b04289cead83d94e4e7.sol:58:13: GC: Non strict inequality found. Try converting to a strict one [Warning/gas-strict-inequalities]
/sb/0xa57a171a6c1133d86f4d9b04289cead83d94e4e7.sol:58:42: GC: Non strict inequality found. Try converting to a strict one [Warning/gas-strict-inequalities]
/sb/0xa57a171a6c1133d86f4d9b04289cead83d94e4e7.sol:67:5: Missing @notice tag in function 'balanceOf' [Warning/use-natspec]
/sb/0xa57a171a6c1133d86f4d9b04289cead83d94e4e7.sol:67:5: Missing @param tag in function 'balanceOf' [Warning/use-natspec]
/sb/0xa57a171a6c1133d86f4d9b04289cead83d94e4e7.sol:67:5: Mismatch in @param names for function 'balanceOf'. Expected: [_owner], Found: [] [Warning/use-natspec]
/sb/0xa57a171a6c1133d86f4d9b04289cead83d94e4e7.sol:67:5: Missing @return tag in function 'balanceOf' [Warning/use-natspec]
/sb/0xa57a171a6c1133d86f4d9b04289cead83d94e4e7.sol:67:5: Mismatch in @return names for function 'balanceOf'. Expected: [balance], Found: [] [Warning/use-natspec]
/sb/0xa57a171a6c1133d86f4d9b04289cead83d94e4e7.sol:67:5: Explicitly mark visibility in function [Warning/func-visibility]
/sb/0xa57a171a6c1133d86f4d9b04289cead83d94e4e7.sol:71:5: Missing @notice tag in function 'approve' [Warning/use-natspec]
/sb/0xa57a171a6c1133d86f4d9b04289cead83d94e4e7.sol:71:5: Missing @param tag in function 'approve' [Warning/use-natspec]
/sb/0xa57a171a6c1133d86f4d9b04289cead83d94e4e7.sol:71:5: Mismatch in @param names for function 'approve'. Expected: [_spender, _value], Found: [] [Warning/use-natspec]
/sb/0xa57a171a6c1133d86f4d9b04289cead83d94e4e7.sol:71:5: Missing @return tag in function 'approve' [Warning/use-natspec]
/sb/0xa57a171a6c1133d86f4d9b04289cead83d94e4e7.sol:71:5: Mismatch in @return names for function 'approve'. Expected: [success], Found: [] [Warning/use-natspec]
/sb/0xa57a171a6c1133d86f4d9b04289cead83d94e4e7.sol:71:5: Explicitly mark visibility in function [Warning/func-visibility]
/sb/0xa57a171a6c1133d86f4d9b04289cead83d94e4e7.sol:77:5: Missing @notice tag in function 'allowance' [Warning/use-natspec]
/sb/0xa57a171a6c1133d86f4d9b04289cead83d94e4e7.sol:77:5: Missing @param tag in function 'allowance' [Warning/use-natspec]
/sb/0xa57a171a6c1133d86f4d9b04289cead83d94e4e7.sol:77:5: Mismatch in @param names for function 'allowance'. Expected: [_owner, _spender], Found: [] [Warning/use-natspec]
/sb/0xa57a171a6c1133d86f4d9b04289cead83d94e4e7.sol:77:5: Missing @return tag in function 'allowance' [Warning/use-natspec]
/sb/0xa57a171a6c1133d86f4d9b04289cead83d94e4e7.sol:77:5: Mismatch in @return names for function 'allowance'. Expected: [remaining], Found: [] [Warning/use-natspec]
/sb/0xa57a171a6c1133d86f4d9b04289cead83d94e4e7.sol:77:5: Explicitly mark visibility in function [Warning/func-visibility]
/sb/0xa57a171a6c1133d86f4d9b04289cead83d94e4e7.sol:81:5: Explicitly mark visibility of state [Warning/state-visibility]
/sb/0xa57a171a6c1133d86f4d9b04289cead83d94e4e7.sol:82:5: Explicitly mark visibility of state [Warning/state-visibility]
/sb/0xa57a171a6c1133d86f4d9b04289cead83d94e4e7.sol:83:5: Missing @notice tag in variable 'totalSupply' [Warning/use-natspec]
/sb/0xa57a171a6c1133d86f4d9b04289cead83d94e4e7.sol:85:1: Missing @title tag in contract 'PanDuo' [Warning/use-natspec]
/sb/0xa57a171a6c1133d86f4d9b04289cead83d94e4e7.sol:85:1: Missing @author tag in contract 'PanDuo' [Warning/use-natspec]
/sb/0xa57a171a6c1133d86f4d9b04289cead83d94e4e7.sol:85:1: Missing @notice tag in contract 'PanDuo' [Warning/use-natspec]
/sb/0xa57a171a6c1133d86f4d9b04289cead83d94e4e7.sol:87:5: Missing @notice tag in function '<anonymous>' [Warning/use-natspec]
/sb/0xa57a171a6c1133d86f4d9b04289cead83d94e4e7.sol:87:5: Explicitly mark visibility in function [Warning/func-visibility]
/sb/0xa57a171a6c1133d86f4d9b04289cead83d94e4e7.sol:89:9: "throw" is deprecated, avoid to use it [Warning/avoid-throw]
/sb/0xa57a171a6c1133d86f4d9b04289cead83d94e4e7.sol:100:5: Missing @notice tag in variable 'name' [Warning/use-natspec]
/sb/0xa57a171a6c1133d86f4d9b04289cead83d94e4e7.sol:101:5: Missing @notice tag in variable 'decimals' [Warning/use-natspec]
/sb/0xa57a171a6c1133d86f4d9b04289cead83d94e4e7.sol:102:5: Missing @notice tag in variable 'symbol' [Warning/use-natspec]
/sb/0xa57a171a6c1133d86f4d9b04289cead83d94e4e7.sol:103:5: Missing @notice tag in variable 'version' [Warning/use-natspec]
/sb/0xa57a171a6c1133d86f4d9b04289cead83d94e4e7.sol:103:29: Use double quotes for string literals [Error/quotes]
/sb/0xa57a171a6c1133d86f4d9b04289cead83d94e4e7.sol:105:5: Missing @notice tag in function 'PanDuo' [Warning/use-natspec]
/sb/0xa57a171a6c1133d86f4d9b04289cead83d94e4e7.sol:105:5: Missing @param tag in function 'PanDuo' [Warning/use-natspec]
/sb/0xa57a171a6c1133d86f4d9b04289cead83d94e4e7.sol:105:5: Mismatch in @param names for function 'PanDuo'. Expected: [_initialAmount, _tokenName, _decimalUnits, _tokenSymbol], Found: [] [Warning/use-natspec]
/sb/0xa57a171a6c1133d86f4d9b04289cead83d94e4e7.sol:105:5: Constructors should use the new constructor keyword. [Warning/constructor-syntax]
/sb/0xa57a171a6c1133d86f4d9b04289cead83d94e4e7.sol:105:5: Explicitly mark visibility in function (Set ignoreConstructors to true if using solidity >=0.7.0) [Warning/func-visibility]
/sb/0xa57a171a6c1133d86f4d9b04289cead83d94e4e7.sol:119:5: Missing @notice tag in function 'approveAndCall' [Warning/use-natspec]
/sb/0xa57a171a6c1133d86f4d9b04289cead83d94e4e7.sol:119:5: Missing @param tag in function 'approveAndCall' [Warning/use-natspec]
/sb/0xa57a171a6c1133d86f4d9b04289cead83d94e4e7.sol:119:5: Mismatch in @param names for function 'approveAndCall'. Expected: [_spender, _value, _extraData], Found: [] [Warning/use-natspec]
/sb/0xa57a171a6c1133d86f4d9b04289cead83d94e4e7.sol:119:5: Missing @return tag in function 'approveAndCall' [Warning/use-natspec]
/sb/0xa57a171a6c1133d86f4d9b04289cead83d94e4e7.sol:119:5: Mismatch in @return names for function 'approveAndCall'. Expected: [success], Found: [] [Warning/use-natspec]
/sb/0xa57a171a6c1133d86f4d9b04289cead83d94e4e7.sol:119:5: Explicitly mark visibility in function [Warning/func-visibility]
/sb/0xa57a171a6c1133d86f4d9b04289cead83d94e4e7.sol:126:13: Avoid to use low level calls. [Warning/avoid-low-level-calls]
/sb/0xa57a171a6c1133d86f4d9b04289cead83d94e4e7.sol:126:42: GC: String exceeds 32 bytes [Warning/gas-small-strings]
/sb/0xa57a171a6c1133d86f4d9b04289cead83d94e4e7.sol:126:42: Use "keccak256" instead of deprecated "sha3" [Warning/avoid-sha3]
/sb/0xa57a171a6c1133d86f4d9b04289cead83d94e4e7.sol:126:141: "throw" is deprecated, avoid to use it [Warning/avoid-throw]

99 problem/s (2 error/s, 97 warning/s)
