A new version of Solhint is available: 6.0.1
Please consider updating your Solhint package.
/sb/0xd2f7bba33a3b81792c0f9cc2de6d9266002a5591.sol:1:1: Found more than One contract per file. 2 contracts found! [Warning/one-contract-per-file]
/sb/0xd2f7bba33a3b81792c0f9cc2de6d9266002a5591.sol:1:1: Compiler version ^0.4.6 does not satisfy the ^0.8.24 semver requirement [Error/compiler-version]
/sb/0xd2f7bba33a3b81792c0f9cc2de6d9266002a5591.sol:3:1: Missing @title tag in contract 'owned' [Warning/use-natspec]
/sb/0xd2f7bba33a3b81792c0f9cc2de6d9266002a5591.sol:3:1: Missing @author tag in contract 'owned' [Warning/use-natspec]
/sb/0xd2f7bba33a3b81792c0f9cc2de6d9266002a5591.sol:3:1: Missing @notice tag in contract 'owned' [Warning/use-natspec]
/sb/0xd2f7bba33a3b81792c0f9cc2de6d9266002a5591.sol:3:1: Contract, Structs and Enums should be in CapWords [Warning/contract-name-capwords]
/sb/0xd2f7bba33a3b81792c0f9cc2de6d9266002a5591.sol:4:5: Missing @notice tag in variable 'owner' [Warning/use-natspec]
/sb/0xd2f7bba33a3b81792c0f9cc2de6d9266002a5591.sol:6:5: Missing @notice tag in function 'owned' [Warning/use-natspec]
/sb/0xd2f7bba33a3b81792c0f9cc2de6d9266002a5591.sol:6:5: Constructors should use the new constructor keyword. [Warning/constructor-syntax]
/sb/0xd2f7bba33a3b81792c0f9cc2de6d9266002a5591.sol:6:5: Explicitly mark visibility in function (Set ignoreConstructors to true if using solidity >=0.7.0) [Warning/func-visibility]
/sb/0xd2f7bba33a3b81792c0f9cc2de6d9266002a5591.sol:11:34: "throw" is deprecated, avoid to use it [Warning/avoid-throw]
/sb/0xd2f7bba33a3b81792c0f9cc2de6d9266002a5591.sol:15:5: Missing @notice tag in function 'transferOwnership' [Warning/use-natspec]
/sb/0xd2f7bba33a3b81792c0f9cc2de6d9266002a5591.sol:15:5: Missing @param tag in function 'transferOwnership' [Warning/use-natspec]
/sb/0xd2f7bba33a3b81792c0f9cc2de6d9266002a5591.sol:15:5: Mismatch in @param names for function 'transferOwnership'. Expected: [newOwner], Found: [] [Warning/use-natspec]
/sb/0xd2f7bba33a3b81792c0f9cc2de6d9266002a5591.sol:15:5: Explicitly mark visibility in function [Warning/func-visibility]
/sb/0xd2f7bba33a3b81792c0f9cc2de6d9266002a5591.sol:20:1: Missing @title tag in contract 'CampaignBeneficiary' [Warning/use-natspec]
/sb/0xd2f7bba33a3b81792c0f9cc2de6d9266002a5591.sol:20:1: Missing @author tag in contract 'CampaignBeneficiary' [Warning/use-natspec]
/sb/0xd2f7bba33a3b81792c0f9cc2de6d9266002a5591.sol:20:1: Missing @notice tag in contract 'CampaignBeneficiary' [Warning/use-natspec]
/sb/0xd2f7bba33a3b81792c0f9cc2de6d9266002a5591.sol:22:9: Missing @notice tag in variable 'Resilience' [Warning/use-natspec]
/sb/0xd2f7bba33a3b81792c0f9cc2de6d9266002a5591.sol:22:9: Variable name must be in mixedCase Resilience [Warning/var-name-mixedcase]
/sb/0xd2f7bba33a3b81792c0f9cc2de6d9266002a5591.sol:24:9: Missing @notice tag in function 'CampaignBeneficiary' [Warning/use-natspec]
/sb/0xd2f7bba33a3b81792c0f9cc2de6d9266002a5591.sol:24:9: Constructors should use the new constructor keyword. [Warning/constructor-syntax]
/sb/0xd2f7bba33a3b81792c0f9cc2de6d9266002a5591.sol:24:9: Explicitly mark visibility in function (Set ignoreConstructors to true if using solidity >=0.7.0) [Warning/func-visibility]
/sb/0xd2f7bba33a3b81792c0f9cc2de6d9266002a5591.sol:27:47: Use "keccak256" instead of deprecated "sha3" [Warning/avoid-sha3]
/sb/0xd2f7bba33a3b81792c0f9cc2de6d9266002a5591.sol:28:18: Avoid to use low level calls. [Warning/avoid-low-level-calls]
/sb/0xd2f7bba33a3b81792c0f9cc2de6d9266002a5591.sol:28:54: "throw" is deprecated, avoid to use it [Warning/avoid-throw]
/sb/0xd2f7bba33a3b81792c0f9cc2de6d9266002a5591.sol:31:9: Missing @notice tag in function '<anonymous>' [Warning/use-natspec]
/sb/0xd2f7bba33a3b81792c0f9cc2de6d9266002a5591.sol:31:9: Explicitly mark visibility in function [Warning/func-visibility]
/sb/0xd2f7bba33a3b81792c0f9cc2de6d9266002a5591.sol:32:42: "throw" is deprecated, avoid to use it [Warning/avoid-throw]
/sb/0xd2f7bba33a3b81792c0f9cc2de6d9266002a5591.sol:35:9: Missing @notice tag in function 'simulatePathwayFromBeneficiary' [Warning/use-natspec]
/sb/0xd2f7bba33a3b81792c0f9cc2de6d9266002a5591.sol:37:40: Use "keccak256" instead of deprecated "sha3" [Warning/avoid-sha3]
/sb/0xd2f7bba33a3b81792c0f9cc2de6d9266002a5591.sol:38:22: Avoid to use low level calls. [Warning/avoid-low-level-calls]
/sb/0xd2f7bba33a3b81792c0f9cc2de6d9266002a5591.sol:38:22: Avoid to use ".call.value()()" [Warning/avoid-call-value]
/sb/0xd2f7bba33a3b81792c0f9cc2de6d9266002a5591.sol:38:64: "throw" is deprecated, avoid to use it [Warning/avoid-throw]
/sb/0xd2f7bba33a3b81792c0f9cc2de6d9266002a5591.sol:40:45: Use "keccak256" instead of deprecated "sha3" [Warning/avoid-sha3]
/sb/0xd2f7bba33a3b81792c0f9cc2de6d9266002a5591.sol:41:22: Avoid to use low level calls. [Warning/avoid-low-level-calls]
/sb/0xd2f7bba33a3b81792c0f9cc2de6d9266002a5591.sol:41:75: "throw" is deprecated, avoid to use it [Warning/avoid-throw]
/sb/0xd2f7bba33a3b81792c0f9cc2de6d9266002a5591.sol:44:9: Missing @notice tag in function 'sell' [Warning/use-natspec]
/sb/0xd2f7bba33a3b81792c0f9cc2de6d9266002a5591.sol:44:9: Missing @param tag in function 'sell' [Warning/use-natspec]
/sb/0xd2f7bba33a3b81792c0f9cc2de6d9266002a5591.sol:44:9: Mismatch in @param names for function 'sell'. Expected: [_value], Found: [] [Warning/use-natspec]
/sb/0xd2f7bba33a3b81792c0f9cc2de6d9266002a5591.sol:44:9: Explicitly mark visibility in function [Warning/func-visibility]
/sb/0xd2f7bba33a3b81792c0f9cc2de6d9266002a5591.sol:45:41: Use "keccak256" instead of deprecated "sha3" [Warning/avoid-sha3]
/sb/0xd2f7bba33a3b81792c0f9cc2de6d9266002a5591.sol:46:22: Avoid to use low level calls. [Warning/avoid-low-level-calls]
/sb/0xd2f7bba33a3b81792c0f9cc2de6d9266002a5591.sol:46:56: "throw" is deprecated, avoid to use it [Warning/avoid-throw]
/sb/0xd2f7bba33a3b81792c0f9cc2de6d9266002a5591.sol:49:9: Missing @notice tag in function 'withdraw' [Warning/use-natspec]
/sb/0xd2f7bba33a3b81792c0f9cc2de6d9266002a5591.sol:49:9: Missing @param tag in function 'withdraw' [Warning/use-natspec]
/sb/0xd2f7bba33a3b81792c0f9cc2de6d9266002a5591.sol:49:9: Mismatch in @param names for function 'withdraw'. Expected: [_value], Found: [] [Warning/use-natspec]
/sb/0xd2f7bba33a3b81792c0f9cc2de6d9266002a5591.sol:49:9: Explicitly mark visibility in function [Warning/func-visibility]
/sb/0xd2f7bba33a3b81792c0f9cc2de6d9266002a5591.sol:50:47: "throw" is deprecated, avoid to use it [Warning/avoid-throw]
/sb/0xd2f7bba33a3b81792c0f9cc2de6d9266002a5591.sol:53:9: Missing @notice tag in function 'closeCampaign' [Warning/use-natspec]
/sb/0xd2f7bba33a3b81792c0f9cc2de6d9266002a5591.sol:53:9: Explicitly mark visibility in function [Warning/func-visibility]
/sb/0xd2f7bba33a3b81792c0f9cc2de6d9266002a5591.sol:54:46: Use "keccak256" instead of deprecated "sha3" [Warning/avoid-sha3]
/sb/0xd2f7bba33a3b81792c0f9cc2de6d9266002a5591.sol:55:18: Avoid to use low level calls. [Warning/avoid-low-level-calls]
/sb/0xd2f7bba33a3b81792c0f9cc2de6d9266002a5591.sol:55:53: "throw" is deprecated, avoid to use it [Warning/avoid-throw]

54 problem/s (1 error/s, 53 warning/s)
