'solc --version' running
'solc /sb/0xc5912c5AA88D7c947C9510b3c8D76543C72Ed98c.sol --combined-json abi,ast,bin,bin-runtime,srcmap,srcmap-runtime,userdoc,devdoc,hashes,compact-format --allow-paths .,/sb' running
Compilation warnings/errors on /sb/0xc5912c5AA88D7c947C9510b3c8D76543C72Ed98c.sol:
/sb/0xc5912c5AA88D7c947C9510b3c8D76543C72Ed98c.sol:11:13: Warning: Failure condition of 'send' ignored. Consider using 'transfer' instead.
            owner.send(amount);
            ^----------------^
/sb/0xc5912c5AA88D7c947C9510b3c8D76543C72Ed98c.sol:5:5: Warning: No visibility specified. Defaulting to "public". 
    function TimeDeposit() {
    ^ (Relevant source part starts here and spans across multiple lines).
/sb/0xc5912c5AA88D7c947C9510b3c8D76543C72Ed98c.sol:9:5: Warning: No visibility specified. Defaulting to "public". 
    function returnMyMoney(uint amount){
    ^ (Relevant source part starts here and spans across multiple lines).


BCFSafe.returnMyMoney(uint256) (../sb/0xc5912c5AA88D7c947C9510b3c8D76543C72Ed98c.sol#9-13) ignores return value by owner.send(amount) (../sb/0xc5912c5AA88D7c947C9510b3c8D76543C72Ed98c.sol#11)
Reference: https://github.com/crytic/slither/wiki/Detector-Documentation#unchecked-send

BCFSafe.returnMyMoney(uint256) (../sb/0xc5912c5AA88D7c947C9510b3c8D76543C72Ed98c.sol#9-13) uses timestamp for comparisons
	Dangerous comparisons:
	- msg.sender == owner && now > lockTime (../sb/0xc5912c5AA88D7c947C9510b3c8D76543C72Ed98c.sol#10)
Reference: https://github.com/crytic/slither/wiki/Detector-Documentation#block-timestamp

Version constraint >=0.4.0<0.9.0 is too complex.
It is used by:
	- >=0.4.0<0.9.0 (../sb/0xc5912c5AA88D7c947C9510b3c8D76543C72Ed98c.sol#1)
solc-0.4.26 is an outdated solc version. Use a more recent version (at least 0.8.0), if possible.
Reference: https://github.com/crytic/slither/wiki/Detector-Documentation#incorrect-versions-of-solidity

Function BCFSafe.TimeDeposit() (../sb/0xc5912c5AA88D7c947C9510b3c8D76543C72Ed98c.sol#5-8) is not in mixedCase
Reference: https://github.com/crytic/slither/wiki/Detector-Documentation#conformance-to-solidity-naming-conventions
/sb/0xc5912c5AA88D7c947C9510b3c8D76543C72Ed98c.sol analyzed (1 contracts with 100 detectors), 5 result(s) found
