A new version of Solhint is available: 6.0.1
Please consider updating your Solhint package.
/sb/0x41d9384dc97470bd2afa06db0c1be4f872519eec.sol:1:1: Found more than One contract per file. 7 contracts found! [Warning/one-contract-per-file]
/sb/0x41d9384dc97470bd2afa06db0c1be4f872519eec.sol:1:1: Compiler version ^0.4.13 does not satisfy the ^0.8.24 semver requirement [Error/compiler-version]
/sb/0x41d9384dc97470bd2afa06db0c1be4f872519eec.sol:7:1: Missing @author tag in contract 'SafeMath' [Warning/use-natspec]
/sb/0x41d9384dc97470bd2afa06db0c1be4f872519eec.sol:7:1: Missing @notice tag in contract 'SafeMath' [Warning/use-natspec]
/sb/0x41d9384dc97470bd2afa06db0c1be4f872519eec.sol:8:3: Missing @notice tag in function 'mul' [Warning/use-natspec]
/sb/0x41d9384dc97470bd2afa06db0c1be4f872519eec.sol:8:3: Missing @param tag in function 'mul' [Warning/use-natspec]
/sb/0x41d9384dc97470bd2afa06db0c1be4f872519eec.sol:8:3: Mismatch in @param names for function 'mul'. Expected: [a, b], Found: [] [Warning/use-natspec]
/sb/0x41d9384dc97470bd2afa06db0c1be4f872519eec.sol:8:3: Missing @return tag in function 'mul' [Warning/use-natspec]
/sb/0x41d9384dc97470bd2afa06db0c1be4f872519eec.sol:8:3: Mismatch in @return count for function 'mul'. Expected: 1, Found: 0 [Warning/use-natspec]
/sb/0x41d9384dc97470bd2afa06db0c1be4f872519eec.sol:14:3: Missing @notice tag in function 'div' [Warning/use-natspec]
/sb/0x41d9384dc97470bd2afa06db0c1be4f872519eec.sol:14:3: Missing @param tag in function 'div' [Warning/use-natspec]
/sb/0x41d9384dc97470bd2afa06db0c1be4f872519eec.sol:14:3: Mismatch in @param names for function 'div'. Expected: [a, b], Found: [] [Warning/use-natspec]
/sb/0x41d9384dc97470bd2afa06db0c1be4f872519eec.sol:14:3: Missing @return tag in function 'div' [Warning/use-natspec]
/sb/0x41d9384dc97470bd2afa06db0c1be4f872519eec.sol:14:3: Mismatch in @return count for function 'div'. Expected: 1, Found: 0 [Warning/use-natspec]
/sb/0x41d9384dc97470bd2afa06db0c1be4f872519eec.sol:21:3: Missing @notice tag in function 'sub' [Warning/use-natspec]
/sb/0x41d9384dc97470bd2afa06db0c1be4f872519eec.sol:21:3: Missing @param tag in function 'sub' [Warning/use-natspec]
/sb/0x41d9384dc97470bd2afa06db0c1be4f872519eec.sol:21:3: Mismatch in @param names for function 'sub'. Expected: [a, b], Found: [] [Warning/use-natspec]
/sb/0x41d9384dc97470bd2afa06db0c1be4f872519eec.sol:21:3: Missing @return tag in function 'sub' [Warning/use-natspec]
/sb/0x41d9384dc97470bd2afa06db0c1be4f872519eec.sol:21:3: Mismatch in @return count for function 'sub'. Expected: 1, Found: 0 [Warning/use-natspec]
/sb/0x41d9384dc97470bd2afa06db0c1be4f872519eec.sol:22:12: GC: Non strict inequality found. Try converting to a strict one [Warning/gas-strict-inequalities]
/sb/0x41d9384dc97470bd2afa06db0c1be4f872519eec.sol:26:3: Missing @notice tag in function 'add' [Warning/use-natspec]
/sb/0x41d9384dc97470bd2afa06db0c1be4f872519eec.sol:26:3: Missing @param tag in function 'add' [Warning/use-natspec]
/sb/0x41d9384dc97470bd2afa06db0c1be4f872519eec.sol:26:3: Mismatch in @param names for function 'add'. Expected: [a, b], Found: [] [Warning/use-natspec]
/sb/0x41d9384dc97470bd2afa06db0c1be4f872519eec.sol:26:3: Missing @return tag in function 'add' [Warning/use-natspec]
/sb/0x41d9384dc97470bd2afa06db0c1be4f872519eec.sol:26:3: Mismatch in @return count for function 'add'. Expected: 1, Found: 0 [Warning/use-natspec]
/sb/0x41d9384dc97470bd2afa06db0c1be4f872519eec.sol:28:12: GC: Non strict inequality found. Try converting to a strict one [Warning/gas-strict-inequalities]
/sb/0x41d9384dc97470bd2afa06db0c1be4f872519eec.sol:38:1: Missing @author tag in contract 'Ownable' [Warning/use-natspec]
/sb/0x41d9384dc97470bd2afa06db0c1be4f872519eec.sol:38:1: Missing @notice tag in contract 'Ownable' [Warning/use-natspec]
/sb/0x41d9384dc97470bd2afa06db0c1be4f872519eec.sol:39:3: Missing @notice tag in variable 'owner' [Warning/use-natspec]
/sb/0x41d9384dc97470bd2afa06db0c1be4f872519eec.sol:46:3: Missing @notice tag in function 'Ownable' [Warning/use-natspec]
/sb/0x41d9384dc97470bd2afa06db0c1be4f872519eec.sol:46:3: Explicitly mark visibility in function (Set ignoreConstructors to true if using solidity >=0.7.0) [Warning/func-visibility]
/sb/0x41d9384dc97470bd2afa06db0c1be4f872519eec.sol:55:5: Provide an error message for require [Warning/reason-string]
/sb/0x41d9384dc97470bd2afa06db0c1be4f872519eec.sol:64:3: Missing @notice tag in function 'transferOwnership' [Warning/use-natspec]
/sb/0x41d9384dc97470bd2afa06db0c1be4f872519eec.sol:64:3: Explicitly mark visibility in function [Warning/func-visibility]
/sb/0x41d9384dc97470bd2afa06db0c1be4f872519eec.sol:76:1: Missing @author tag in contract 'ERC20Basic' [Warning/use-natspec]
/sb/0x41d9384dc97470bd2afa06db0c1be4f872519eec.sol:76:1: Missing @notice tag in contract 'ERC20Basic' [Warning/use-natspec]
/sb/0x41d9384dc97470bd2afa06db0c1be4f872519eec.sol:77:3: Missing @notice tag in variable 'totalSupply' [Warning/use-natspec]
/sb/0x41d9384dc97470bd2afa06db0c1be4f872519eec.sol:78:3: Missing @notice tag in function 'balanceOf' [Warning/use-natspec]
/sb/0x41d9384dc97470bd2afa06db0c1be4f872519eec.sol:78:3: Missing @param tag in function 'balanceOf' [Warning/use-natspec]
/sb/0x41d9384dc97470bd2afa06db0c1be4f872519eec.sol:78:3: Mismatch in @param names for function 'balanceOf'. Expected: [who], Found: [] [Warning/use-natspec]
/sb/0x41d9384dc97470bd2afa06db0c1be4f872519eec.sol:78:3: Missing @return tag in function 'balanceOf' [Warning/use-natspec]
/sb/0x41d9384dc97470bd2afa06db0c1be4f872519eec.sol:78:3: Mismatch in @return count for function 'balanceOf'. Expected: 1, Found: 0 [Warning/use-natspec]
/sb/0x41d9384dc97470bd2afa06db0c1be4f872519eec.sol:78:3: Explicitly mark visibility in function [Warning/func-visibility]
/sb/0x41d9384dc97470bd2afa06db0c1be4f872519eec.sol:79:3: Missing @notice tag in function 'transfer' [Warning/use-natspec]
/sb/0x41d9384dc97470bd2afa06db0c1be4f872519eec.sol:79:3: Missing @param tag in function 'transfer' [Warning/use-natspec]
/sb/0x41d9384dc97470bd2afa06db0c1be4f872519eec.sol:79:3: Mismatch in @param names for function 'transfer'. Expected: [to, value], Found: [] [Warning/use-natspec]
/sb/0x41d9384dc97470bd2afa06db0c1be4f872519eec.sol:79:3: Missing @return tag in function 'transfer' [Warning/use-natspec]
/sb/0x41d9384dc97470bd2afa06db0c1be4f872519eec.sol:79:3: Mismatch in @return count for function 'transfer'. Expected: 1, Found: 0 [Warning/use-natspec]
/sb/0x41d9384dc97470bd2afa06db0c1be4f872519eec.sol:79:3: Explicitly mark visibility in function [Warning/func-visibility]
/sb/0x41d9384dc97470bd2afa06db0c1be4f872519eec.sol:80:3: Missing @notice tag in event 'Transfer' [Warning/use-natspec]
/sb/0x41d9384dc97470bd2afa06db0c1be4f872519eec.sol:80:3: Missing @param tag in event 'Transfer' [Warning/use-natspec]
/sb/0x41d9384dc97470bd2afa06db0c1be4f872519eec.sol:80:3: Mismatch in @param names for event 'Transfer'. Expected: [from, to, value], Found: [] [Warning/use-natspec]
/sb/0x41d9384dc97470bd2afa06db0c1be4f872519eec.sol:80:3: GC: [value] on Event [Transfer] could be Indexed [Warning/gas-indexed-events]
/sb/0x41d9384dc97470bd2afa06db0c1be4f872519eec.sol:87:1: Missing @author tag in contract 'ERC20' [Warning/use-natspec]
/sb/0x41d9384dc97470bd2afa06db0c1be4f872519eec.sol:87:1: Missing @notice tag in contract 'ERC20' [Warning/use-natspec]
/sb/0x41d9384dc97470bd2afa06db0c1be4f872519eec.sol:88:3: Missing @notice tag in function 'allowance' [Warning/use-natspec]
/sb/0x41d9384dc97470bd2afa06db0c1be4f872519eec.sol:88:3: Missing @param tag in function 'allowance' [Warning/use-natspec]
/sb/0x41d9384dc97470bd2afa06db0c1be4f872519eec.sol:88:3: Mismatch in @param names for function 'allowance'. Expected: [owner, spender], Found: [] [Warning/use-natspec]
/sb/0x41d9384dc97470bd2afa06db0c1be4f872519eec.sol:88:3: Missing @return tag in function 'allowance' [Warning/use-natspec]
/sb/0x41d9384dc97470bd2afa06db0c1be4f872519eec.sol:88:3: Mismatch in @return count for function 'allowance'. Expected: 1, Found: 0 [Warning/use-natspec]
/sb/0x41d9384dc97470bd2afa06db0c1be4f872519eec.sol:88:3: Explicitly mark visibility in function [Warning/func-visibility]
/sb/0x41d9384dc97470bd2afa06db0c1be4f872519eec.sol:89:3: Missing @notice tag in function 'transferFrom' [Warning/use-natspec]
/sb/0x41d9384dc97470bd2afa06db0c1be4f872519eec.sol:89:3: Missing @param tag in function 'transferFrom' [Warning/use-natspec]
/sb/0x41d9384dc97470bd2afa06db0c1be4f872519eec.sol:89:3: Mismatch in @param names for function 'transferFrom'. Expected: [from, to, value], Found: [] [Warning/use-natspec]
/sb/0x41d9384dc97470bd2afa06db0c1be4f872519eec.sol:89:3: Missing @return tag in function 'transferFrom' [Warning/use-natspec]
/sb/0x41d9384dc97470bd2afa06db0c1be4f872519eec.sol:89:3: Mismatch in @return count for function 'transferFrom'. Expected: 1, Found: 0 [Warning/use-natspec]
/sb/0x41d9384dc97470bd2afa06db0c1be4f872519eec.sol:89:3: Explicitly mark visibility in function [Warning/func-visibility]
/sb/0x41d9384dc97470bd2afa06db0c1be4f872519eec.sol:90:3: Missing @notice tag in function 'approve' [Warning/use-natspec]
/sb/0x41d9384dc97470bd2afa06db0c1be4f872519eec.sol:90:3: Missing @param tag in function 'approve' [Warning/use-natspec]
/sb/0x41d9384dc97470bd2afa06db0c1be4f872519eec.sol:90:3: Mismatch in @param names for function 'approve'. Expected: [spender, value], Found: [] [Warning/use-natspec]
/sb/0x41d9384dc97470bd2afa06db0c1be4f872519eec.sol:90:3: Missing @return tag in function 'approve' [Warning/use-natspec]
/sb/0x41d9384dc97470bd2afa06db0c1be4f872519eec.sol:90:3: Mismatch in @return count for function 'approve'. Expected: 1, Found: 0 [Warning/use-natspec]
/sb/0x41d9384dc97470bd2afa06db0c1be4f872519eec.sol:90:3: Explicitly mark visibility in function [Warning/func-visibility]
/sb/0x41d9384dc97470bd2afa06db0c1be4f872519eec.sol:91:3: Missing @notice tag in event 'Approval' [Warning/use-natspec]
/sb/0x41d9384dc97470bd2afa06db0c1be4f872519eec.sol:91:3: Missing @param tag in event 'Approval' [Warning/use-natspec]
/sb/0x41d9384dc97470bd2afa06db0c1be4f872519eec.sol:91:3: Mismatch in @param names for event 'Approval'. Expected: [owner, spender, value], Found: [] [Warning/use-natspec]
/sb/0x41d9384dc97470bd2afa06db0c1be4f872519eec.sol:91:3: GC: [value] on Event [Approval] could be Indexed [Warning/gas-indexed-events]
/sb/0x41d9384dc97470bd2afa06db0c1be4f872519eec.sol:94:1: Missing @title tag in contract 'FollowCoin' [Warning/use-natspec]
/sb/0x41d9384dc97470bd2afa06db0c1be4f872519eec.sol:94:1: Missing @author tag in contract 'FollowCoin' [Warning/use-natspec]
/sb/0x41d9384dc97470bd2afa06db0c1be4f872519eec.sol:94:1: Missing @notice tag in contract 'FollowCoin' [Warning/use-natspec]
/sb/0x41d9384dc97470bd2afa06db0c1be4f872519eec.sol:98:5: Missing @notice tag in variable 'name' [Warning/use-natspec]
/sb/0x41d9384dc97470bd2afa06db0c1be4f872519eec.sol:99:5: Missing @notice tag in variable 'symbol' [Warning/use-natspec]
/sb/0x41d9384dc97470bd2afa06db0c1be4f872519eec.sol:100:5: Missing @notice tag in variable 'decimals' [Warning/use-natspec]
/sb/0x41d9384dc97470bd2afa06db0c1be4f872519eec.sol:103:5: Missing @notice tag in variable 'balances' [Warning/use-natspec]
/sb/0x41d9384dc97470bd2afa06db0c1be4f872519eec.sol:104:5: Missing @notice tag in variable 'allowedAccount' [Warning/use-natspec]
/sb/0x41d9384dc97470bd2afa06db0c1be4f872519eec.sol:105:5: Missing @notice tag in variable 'allowance' [Warning/use-natspec]
/sb/0x41d9384dc97470bd2afa06db0c1be4f872519eec.sol:106:5: Missing @notice tag in variable 'isHolder' [Warning/use-natspec]
/sb/0x41d9384dc97470bd2afa06db0c1be4f872519eec.sol:107:5: Missing @notice tag in variable 'holders' [Warning/use-natspec]
/sb/0x41d9384dc97470bd2afa06db0c1be4f872519eec.sol:110:5: Missing @notice tag in event 'Burn' [Warning/use-natspec]
/sb/0x41d9384dc97470bd2afa06db0c1be4f872519eec.sol:110:5: Missing @param tag in event 'Burn' [Warning/use-natspec]
/sb/0x41d9384dc97470bd2afa06db0c1be4f872519eec.sol:110:5: Mismatch in @param names for event 'Burn'. Expected: [from, value], Found: [] [Warning/use-natspec]
/sb/0x41d9384dc97470bd2afa06db0c1be4f872519eec.sol:110:5: GC: [value] on Event [Burn] could be Indexed [Warning/gas-indexed-events]
/sb/0x41d9384dc97470bd2afa06db0c1be4f872519eec.sol:112:5: Missing @notice tag in variable 'contributorsLockdown' [Warning/use-natspec]
/sb/0x41d9384dc97470bd2afa06db0c1be4f872519eec.sol:114:5: Missing @notice tag in function 'disableLockDown' [Warning/use-natspec]
/sb/0x41d9384dc97470bd2afa06db0c1be4f872519eec.sol:114:5: Explicitly mark visibility in function [Warning/func-visibility]
/sb/0x41d9384dc97470bd2afa06db0c1be4f872519eec.sol:119:7: Provide an error message for require [Warning/reason-string]
/sb/0x41d9384dc97470bd2afa06db0c1be4f872519eec.sol:128:5: Missing @notice tag in function 'FollowCoin' [Warning/use-natspec]
/sb/0x41d9384dc97470bd2afa06db0c1be4f872519eec.sol:128:5: Missing @param tag in function 'FollowCoin' [Warning/use-natspec]
/sb/0x41d9384dc97470bd2afa06db0c1be4f872519eec.sol:128:5: Mismatch in @param names for function 'FollowCoin'. Expected: [multiSigWallet, initialSupply, tokenName, decimalUnits, tokenSymbol], Found: [] [Warning/use-natspec]
/sb/0x41d9384dc97470bd2afa06db0c1be4f872519eec.sol:128:5: Explicitly mark visibility in function (Set ignoreConstructors to true if using solidity >=0.7.0) [Warning/func-visibility]
/sb/0x41d9384dc97470bd2afa06db0c1be4f872519eec.sol:146:21: GC: For [ holders ] variable, increment/decrement by 1 using: [ ++variable ] to save gas [Warning/gas-increment-by-one]
/sb/0x41d9384dc97470bd2afa06db0c1be4f872519eec.sol:154:5: Missing @notice tag in function '_transfer' [Warning/use-natspec]
/sb/0x41d9384dc97470bd2afa06db0c1be4f872519eec.sol:154:5: Missing @param tag in function '_transfer' [Warning/use-natspec]
/sb/0x41d9384dc97470bd2afa06db0c1be4f872519eec.sol:154:5: Mismatch in @param names for function '_transfer'. Expected: [_from, _to, _value], Found: [] [Warning/use-natspec]
/sb/0x41d9384dc97470bd2afa06db0c1be4f872519eec.sol:154:52: Rule is set with explicit type [var/s: uint] [Warning/explicit-types]
/sb/0x41d9384dc97470bd2afa06db0c1be4f872519eec.sol:155:9: Provide an error message for require [Warning/reason-string]
/sb/0x41d9384dc97470bd2afa06db0c1be4f872519eec.sol:157:9: Provide an error message for require [Warning/reason-string]
/sb/0x41d9384dc97470bd2afa06db0c1be4f872519eec.sol:157:17: GC: Non strict inequality found. Try converting to a strict one [Warning/gas-strict-inequalities]
/sb/0x41d9384dc97470bd2afa06db0c1be4f872519eec.sol:158:9: Provide an error message for require [Warning/reason-string]
/sb/0x41d9384dc97470bd2afa06db0c1be4f872519eec.sol:163:21: GC: For [ holders ] variable, increment/decrement by 1 using: [ ++variable ] to save gas [Warning/gas-increment-by-one]
/sb/0x41d9384dc97470bd2afa06db0c1be4f872519eec.sol:178:5: Missing @notice tag in function 'transfer' [Warning/use-natspec]
/sb/0x41d9384dc97470bd2afa06db0c1be4f872519eec.sol:178:5: Missing @return tag in function 'transfer' [Warning/use-natspec]
/sb/0x41d9384dc97470bd2afa06db0c1be4f872519eec.sol:178:5: Mismatch in @return count for function 'transfer'. Expected: 1, Found: 0 [Warning/use-natspec]
/sb/0x41d9384dc97470bd2afa06db0c1be4f872519eec.sol:179:9: Provide an error message for require [Warning/reason-string]
/sb/0x41d9384dc97470bd2afa06db0c1be4f872519eec.sol:192:5: Missing @notice tag in function 'transferFrom' [Warning/use-natspec]
/sb/0x41d9384dc97470bd2afa06db0c1be4f872519eec.sol:192:5: Missing @return tag in function 'transferFrom' [Warning/use-natspec]
/sb/0x41d9384dc97470bd2afa06db0c1be4f872519eec.sol:192:5: Mismatch in @return names for function 'transferFrom'. Expected: [success], Found: [] [Warning/use-natspec]
/sb/0x41d9384dc97470bd2afa06db0c1be4f872519eec.sol:192:5: Explicitly mark visibility in function [Warning/func-visibility]
/sb/0x41d9384dc97470bd2afa06db0c1be4f872519eec.sol:193:9: Provide an error message for require [Warning/reason-string]
/sb/0x41d9384dc97470bd2afa06db0c1be4f872519eec.sol:193:17: GC: Non strict inequality found. Try converting to a strict one [Warning/gas-strict-inequalities]
/sb/0x41d9384dc97470bd2afa06db0c1be4f872519eec.sol:200:5: Missing @notice tag in function 'balanceOf' [Warning/use-natspec]
/sb/0x41d9384dc97470bd2afa06db0c1be4f872519eec.sol:200:5: Missing @param tag in function 'balanceOf' [Warning/use-natspec]
/sb/0x41d9384dc97470bd2afa06db0c1be4f872519eec.sol:200:5: Mismatch in @param names for function 'balanceOf'. Expected: [_owner], Found: [] [Warning/use-natspec]
/sb/0x41d9384dc97470bd2afa06db0c1be4f872519eec.sol:200:5: Missing @return tag in function 'balanceOf' [Warning/use-natspec]
/sb/0x41d9384dc97470bd2afa06db0c1be4f872519eec.sol:200:5: Mismatch in @return names for function 'balanceOf'. Expected: [balance], Found: [] [Warning/use-natspec]
/sb/0x41d9384dc97470bd2afa06db0c1be4f872519eec.sol:200:5: Explicitly mark visibility in function [Warning/func-visibility]
/sb/0x41d9384dc97470bd2afa06db0c1be4f872519eec.sol:212:5: Missing @notice tag in function 'approve' [Warning/use-natspec]
/sb/0x41d9384dc97470bd2afa06db0c1be4f872519eec.sol:212:5: Missing @return tag in function 'approve' [Warning/use-natspec]
/sb/0x41d9384dc97470bd2afa06db0c1be4f872519eec.sol:212:5: Mismatch in @return names for function 'approve'. Expected: [success], Found: [] [Warning/use-natspec]
/sb/0x41d9384dc97470bd2afa06db0c1be4f872519eec.sol:219:5: Missing @notice tag in function 'allowance' [Warning/use-natspec]
/sb/0x41d9384dc97470bd2afa06db0c1be4f872519eec.sol:219:5: Missing @param tag in function 'allowance' [Warning/use-natspec]
/sb/0x41d9384dc97470bd2afa06db0c1be4f872519eec.sol:219:5: Mismatch in @param names for function 'allowance'. Expected: [_owner, _spender], Found: [] [Warning/use-natspec]
/sb/0x41d9384dc97470bd2afa06db0c1be4f872519eec.sol:219:5: Missing @return tag in function 'allowance' [Warning/use-natspec]
/sb/0x41d9384dc97470bd2afa06db0c1be4f872519eec.sol:219:5: Mismatch in @return names for function 'allowance'. Expected: [remaining], Found: [] [Warning/use-natspec]
/sb/0x41d9384dc97470bd2afa06db0c1be4f872519eec.sol:219:5: Explicitly mark visibility in function [Warning/func-visibility]
/sb/0x41d9384dc97470bd2afa06db0c1be4f872519eec.sol:224:5: Missing @notice tag in function 'allowAccount' [Warning/use-natspec]
/sb/0x41d9384dc97470bd2afa06db0c1be4f872519eec.sol:224:5: Missing @param tag in function 'allowAccount' [Warning/use-natspec]
/sb/0x41d9384dc97470bd2afa06db0c1be4f872519eec.sol:224:5: Mismatch in @param names for function 'allowAccount'. Expected: [_target, allow], Found: [] [Warning/use-natspec]
/sb/0x41d9384dc97470bd2afa06db0c1be4f872519eec.sol:224:5: Missing @return tag in function 'allowAccount' [Warning/use-natspec]
/sb/0x41d9384dc97470bd2afa06db0c1be4f872519eec.sol:224:5: Mismatch in @return names for function 'allowAccount'. Expected: [success], Found: [] [Warning/use-natspec]
/sb/0x41d9384dc97470bd2afa06db0c1be4f872519eec.sol:224:5: Explicitly mark visibility in function [Warning/func-visibility]
/sb/0x41d9384dc97470bd2afa06db0c1be4f872519eec.sol:230:5: Missing @notice tag in function 'mint' [Warning/use-natspec]
/sb/0x41d9384dc97470bd2afa06db0c1be4f872519eec.sol:230:5: Missing @param tag in function 'mint' [Warning/use-natspec]
/sb/0x41d9384dc97470bd2afa06db0c1be4f872519eec.sol:230:5: Mismatch in @param names for function 'mint'. Expected: [mintedAmount], Found: [] [Warning/use-natspec]
/sb/0x41d9384dc97470bd2afa06db0c1be4f872519eec.sol:230:5: Explicitly mark visibility in function [Warning/func-visibility]
/sb/0x41d9384dc97470bd2afa06db0c1be4f872519eec.sol:243:5: Missing @notice tag in function 'burn' [Warning/use-natspec]
/sb/0x41d9384dc97470bd2afa06db0c1be4f872519eec.sol:243:5: Missing @return tag in function 'burn' [Warning/use-natspec]
/sb/0x41d9384dc97470bd2afa06db0c1be4f872519eec.sol:243:5: Mismatch in @return names for function 'burn'. Expected: [success], Found: [] [Warning/use-natspec]
/sb/0x41d9384dc97470bd2afa06db0c1be4f872519eec.sol:243:5: Explicitly mark visibility in function [Warning/func-visibility]
/sb/0x41d9384dc97470bd2afa06db0c1be4f872519eec.sol:244:9: Provide an error message for require [Warning/reason-string]
/sb/0x41d9384dc97470bd2afa06db0c1be4f872519eec.sol:244:17: GC: Non strict inequality found. Try converting to a strict one [Warning/gas-strict-inequalities]
/sb/0x41d9384dc97470bd2afa06db0c1be4f872519eec.sol:262:2: Missing @title tag in contract 'Haltable' [Warning/use-natspec]
/sb/0x41d9384dc97470bd2afa06db0c1be4f872519eec.sol:262:2: Missing @author tag in contract 'Haltable' [Warning/use-natspec]
/sb/0x41d9384dc97470bd2afa06db0c1be4f872519eec.sol:262:2: Missing @notice tag in contract 'Haltable' [Warning/use-natspec]
/sb/0x41d9384dc97470bd2afa06db0c1be4f872519eec.sol:263:4: Missing @notice tag in variable 'halted' [Warning/use-natspec]
/sb/0x41d9384dc97470bd2afa06db0c1be4f872519eec.sol:276:4: Missing @notice tag in function 'halt' [Warning/use-natspec]
/sb/0x41d9384dc97470bd2afa06db0c1be4f872519eec.sol:281:4: Missing @notice tag in function 'unhalt' [Warning/use-natspec]
/sb/0x41d9384dc97470bd2afa06db0c1be4f872519eec.sol:287:1: Missing @title tag in contract 'FollowCoinTokenSale' [Warning/use-natspec]
/sb/0x41d9384dc97470bd2afa06db0c1be4f872519eec.sol:287:1: Missing @author tag in contract 'FollowCoinTokenSale' [Warning/use-natspec]
/sb/0x41d9384dc97470bd2afa06db0c1be4f872519eec.sol:287:1: Missing @notice tag in contract 'FollowCoinTokenSale' [Warning/use-natspec]
/sb/0x41d9384dc97470bd2afa06db0c1be4f872519eec.sol:290:5: Missing @notice tag in variable 'beneficiary' [Warning/use-natspec]
/sb/0x41d9384dc97470bd2afa06db0c1be4f872519eec.sol:291:5: Missing @notice tag in variable 'multisig' [Warning/use-natspec]
/sb/0x41d9384dc97470bd2afa06db0c1be4f872519eec.sol:292:5: Rule is set with explicit type [var/s: uint] [Warning/explicit-types]
/sb/0x41d9384dc97470bd2afa06db0c1be4f872519eec.sol:292:5: Missing @notice tag in variable 'tokenLimitPerWallet' [Warning/use-natspec]
/sb/0x41d9384dc97470bd2afa06db0c1be4f872519eec.sol:293:5: Rule is set with explicit type [var/s: uint] [Warning/explicit-types]
/sb/0x41d9384dc97470bd2afa06db0c1be4f872519eec.sol:293:5: Missing @notice tag in variable 'hardCap' [Warning/use-natspec]
/sb/0x41d9384dc97470bd2afa06db0c1be4f872519eec.sol:294:5: Rule is set with explicit type [var/s: uint] [Warning/explicit-types]
/sb/0x41d9384dc97470bd2afa06db0c1be4f872519eec.sol:294:5: Missing @notice tag in variable 'amountRaised' [Warning/use-natspec]
/sb/0x41d9384dc97470bd2afa06db0c1be4f872519eec.sol:295:5: Rule is set with explicit type [var/s: uint] [Warning/explicit-types]
/sb/0x41d9384dc97470bd2afa06db0c1be4f872519eec.sol:295:5: Missing @notice tag in variable 'totalTokens' [Warning/use-natspec]
/sb/0x41d9384dc97470bd2afa06db0c1be4f872519eec.sol:296:5: Rule is set with explicit type [var/s: uint] [Warning/explicit-types]
/sb/0x41d9384dc97470bd2afa06db0c1be4f872519eec.sol:296:5: Missing @notice tag in variable 'tokensSold' [Warning/use-natspec]
/sb/0x41d9384dc97470bd2afa06db0c1be4f872519eec.sol:297:5: Rule is set with explicit type [var/s: uint] [Warning/explicit-types]
/sb/0x41d9384dc97470bd2afa06db0c1be4f872519eec.sol:297:5: Missing @notice tag in variable 'investorCount' [Warning/use-natspec]
/sb/0x41d9384dc97470bd2afa06db0c1be4f872519eec.sol:298:5: Rule is set with explicit type [var/s: uint] [Warning/explicit-types]
/sb/0x41d9384dc97470bd2afa06db0c1be4f872519eec.sol:298:5: Missing @notice tag in variable 'startTimestamp' [Warning/use-natspec]
/sb/0x41d9384dc97470bd2afa06db0c1be4f872519eec.sol:299:5: Rule is set with explicit type [var/s: uint] [Warning/explicit-types]
/sb/0x41d9384dc97470bd2afa06db0c1be4f872519eec.sol:299:5: Missing @notice tag in variable 'deadline' [Warning/use-natspec]
/sb/0x41d9384dc97470bd2afa06db0c1be4f872519eec.sol:300:5: Rule is set with explicit type [var/s: uint] [Warning/explicit-types]
/sb/0x41d9384dc97470bd2afa06db0c1be4f872519eec.sol:300:5: Missing @notice tag in variable 'tokensPerEther' [Warning/use-natspec]
/sb/0x41d9384dc97470bd2afa06db0c1be4f872519eec.sol:301:5: Missing @notice tag in variable 'tokenReward' [Warning/use-natspec]
/sb/0x41d9384dc97470bd2afa06db0c1be4f872519eec.sol:302:5: Missing @notice tag in variable 'balances' [Warning/use-natspec]
/sb/0x41d9384dc97470bd2afa06db0c1be4f872519eec.sol:304:5: Missing @notice tag in event 'FundTransfer' [Warning/use-natspec]
/sb/0x41d9384dc97470bd2afa06db0c1be4f872519eec.sol:304:5: Missing @param tag in event 'FundTransfer' [Warning/use-natspec]
/sb/0x41d9384dc97470bd2afa06db0c1be4f872519eec.sol:304:5: Mismatch in @param names for event 'FundTransfer'. Expected: [backer, amount, isContribution], Found: [] [Warning/use-natspec]
/sb/0x41d9384dc97470bd2afa06db0c1be4f872519eec.sol:304:5: GC: [backer] on Event [FundTransfer] could be Indexed [Warning/gas-indexed-events]
/sb/0x41d9384dc97470bd2afa06db0c1be4f872519eec.sol:304:5: GC: [amount] on Event [FundTransfer] could be Indexed [Warning/gas-indexed-events]
/sb/0x41d9384dc97470bd2afa06db0c1be4f872519eec.sol:304:5: GC: [isContribution] on Event [FundTransfer] could be Indexed [Warning/gas-indexed-events]
/sb/0x41d9384dc97470bd2afa06db0c1be4f872519eec.sol:304:40: Rule is set with explicit type [var/s: uint] [Warning/explicit-types]
/sb/0x41d9384dc97470bd2afa06db0c1be4f872519eec.sol:311:5: Missing @notice tag in function 'FollowCoinTokenSale' [Warning/use-natspec]
/sb/0x41d9384dc97470bd2afa06db0c1be4f872519eec.sol:311:5: Missing @param tag in function 'FollowCoinTokenSale' [Warning/use-natspec]
/sb/0x41d9384dc97470bd2afa06db0c1be4f872519eec.sol:311:5: Mismatch in @param names for function 'FollowCoinTokenSale'. Expected: [multiSigWallet, icoTokensLimitPerWallet, icoHardCap, icoStartTimestamp, durationInDays, icoTotalTokens, icoTokensPerEther, addressOfTokenUsedAsReward], Found: [] [Warning/use-natspec]
/sb/0x41d9384dc97470bd2afa06db0c1be4f872519eec.sol:311:5: Explicitly mark visibility in function (Set ignoreConstructors to true if using solidity >=0.7.0) [Warning/func-visibility]
/sb/0x41d9384dc97470bd2afa06db0c1be4f872519eec.sol:313:9: Rule is set with explicit type [var/s: uint] [Warning/explicit-types]
/sb/0x41d9384dc97470bd2afa06db0c1be4f872519eec.sol:314:9: Rule is set with explicit type [var/s: uint] [Warning/explicit-types]
/sb/0x41d9384dc97470bd2afa06db0c1be4f872519eec.sol:315:9: Rule is set with explicit type [var/s: uint] [Warning/explicit-types]
/sb/0x41d9384dc97470bd2afa06db0c1be4f872519eec.sol:316:9: Rule is set with explicit type [var/s: uint] [Warning/explicit-types]
/sb/0x41d9384dc97470bd2afa06db0c1be4f872519eec.sol:317:9: Rule is set with explicit type [var/s: uint] [Warning/explicit-types]
/sb/0x41d9384dc97470bd2afa06db0c1be4f872519eec.sol:318:9: Rule is set with explicit type [var/s: uint] [Warning/explicit-types]
/sb/0x41d9384dc97470bd2afa06db0c1be4f872519eec.sol:334:5: Missing @notice tag in function 'changeMultisigWallet' [Warning/use-natspec]
/sb/0x41d9384dc97470bd2afa06db0c1be4f872519eec.sol:334:5: Missing @param tag in function 'changeMultisigWallet' [Warning/use-natspec]
/sb/0x41d9384dc97470bd2afa06db0c1be4f872519eec.sol:334:5: Mismatch in @param names for function 'changeMultisigWallet'. Expected: [_multisig], Found: [] [Warning/use-natspec]
/sb/0x41d9384dc97470bd2afa06db0c1be4f872519eec.sol:334:5: Explicitly mark visibility in function [Warning/func-visibility]
/sb/0x41d9384dc97470bd2afa06db0c1be4f872519eec.sol:335:9: Provide an error message for require [Warning/reason-string]
/sb/0x41d9384dc97470bd2afa06db0c1be4f872519eec.sol:339:5: Missing @notice tag in function 'changeTokenReward' [Warning/use-natspec]
/sb/0x41d9384dc97470bd2afa06db0c1be4f872519eec.sol:339:5: Missing @param tag in function 'changeTokenReward' [Warning/use-natspec]
/sb/0x41d9384dc97470bd2afa06db0c1be4f872519eec.sol:339:5: Mismatch in @param names for function 'changeTokenReward'. Expected: [_token], Found: [] [Warning/use-natspec]
/sb/0x41d9384dc97470bd2afa06db0c1be4f872519eec.sol:339:5: Explicitly mark visibility in function [Warning/func-visibility]
/sb/0x41d9384dc97470bd2afa06db0c1be4f872519eec.sol:340:9: Provide an error message for require [Warning/reason-string]
/sb/0x41d9384dc97470bd2afa06db0c1be4f872519eec.sol:345:5: Missing @notice tag in function 'balanceOf' [Warning/use-natspec]
/sb/0x41d9384dc97470bd2afa06db0c1be4f872519eec.sol:345:5: Missing @param tag in function 'balanceOf' [Warning/use-natspec]
/sb/0x41d9384dc97470bd2afa06db0c1be4f872519eec.sol:345:5: Mismatch in @param names for function 'balanceOf'. Expected: [_owner], Found: [] [Warning/use-natspec]
/sb/0x41d9384dc97470bd2afa06db0c1be4f872519eec.sol:345:5: Missing @return tag in function 'balanceOf' [Warning/use-natspec]
/sb/0x41d9384dc97470bd2afa06db0c1be4f872519eec.sol:345:5: Mismatch in @return names for function 'balanceOf'. Expected: [balance], Found: [] [Warning/use-natspec]
/sb/0x41d9384dc97470bd2afa06db0c1be4f872519eec.sol:345:5: Explicitly mark visibility in function [Warning/func-visibility]
/sb/0x41d9384dc97470bd2afa06db0c1be4f872519eec.sol:354:5: Missing @notice tag in function '<anonymous>' [Warning/use-natspec]
/sb/0x41d9384dc97470bd2afa06db0c1be4f872519eec.sol:354:5: Explicitly mark visibility in function [Warning/func-visibility]
/sb/0x41d9384dc97470bd2afa06db0c1be4f872519eec.sol:358:5: Missing @notice tag in function 'buyTokens' [Warning/use-natspec]
/sb/0x41d9384dc97470bd2afa06db0c1be4f872519eec.sol:358:5: Explicitly mark visibility in function [Warning/func-visibility]
/sb/0x41d9384dc97470bd2afa06db0c1be4f872519eec.sol:359:9: Provide an error message for require [Warning/reason-string]
/sb/0x41d9384dc97470bd2afa06db0c1be4f872519eec.sol:361:9: Rule is set with explicit type [var/s: uint] [Warning/explicit-types]
/sb/0x41d9384dc97470bd2afa06db0c1be4f872519eec.sol:362:9: Provide an error message for require [Warning/reason-string]
/sb/0x41d9384dc97470bd2afa06db0c1be4f872519eec.sol:362:17: GC: Non strict inequality found. Try converting to a strict one [Warning/gas-strict-inequalities]
/sb/0x41d9384dc97470bd2afa06db0c1be4f872519eec.sol:364:9: Rule is set with explicit type [var/s: uint] [Warning/explicit-types]
/sb/0x41d9384dc97470bd2afa06db0c1be4f872519eec.sol:365:9: Provide an error message for require [Warning/reason-string]
/sb/0x41d9384dc97470bd2afa06db0c1be4f872519eec.sol:365:17: GC: Non strict inequality found. Try converting to a strict one [Warning/gas-strict-inequalities]
/sb/0x41d9384dc97470bd2afa06db0c1be4f872519eec.sol:366:9: Provide an error message for require [Warning/reason-string]
/sb/0x41d9384dc97470bd2afa06db0c1be4f872519eec.sol:366:17: GC: Non strict inequality found. Try converting to a strict one [Warning/gas-strict-inequalities]
/sb/0x41d9384dc97470bd2afa06db0c1be4f872519eec.sol:374:53: GC: For [ investorCount ] variable, increment/decrement by 1 using: [ ++variable ] to save gas [Warning/gas-increment-by-one]
/sb/0x41d9384dc97470bd2afa06db0c1be4f872519eec.sol:382:7: Provide an error message for require [Warning/reason-string]
/sb/0x41d9384dc97470bd2afa06db0c1be4f872519eec.sol:382:15: GC: Non strict inequality found. Try converting to a strict one [Warning/gas-strict-inequalities]
/sb/0x41d9384dc97470bd2afa06db0c1be4f872519eec.sol:383:7: Provide an error message for require [Warning/reason-string]
/sb/0x41d9384dc97470bd2afa06db0c1be4f872519eec.sol:387:5: Missing @notice tag in function 'setSold' [Warning/use-natspec]
/sb/0x41d9384dc97470bd2afa06db0c1be4f872519eec.sol:387:5: Missing @param tag in function 'setSold' [Warning/use-natspec]
/sb/0x41d9384dc97470bd2afa06db0c1be4f872519eec.sol:387:5: Mismatch in @param names for function 'setSold'. Expected: [tokens], Found: [] [Warning/use-natspec]
/sb/0x41d9384dc97470bd2afa06db0c1be4f872519eec.sol:387:5: Explicitly mark visibility in function [Warning/func-visibility]
/sb/0x41d9384dc97470bd2afa06db0c1be4f872519eec.sol:387:22: Rule is set with explicit type [var/s: uint] [Warning/explicit-types]
/sb/0x41d9384dc97470bd2afa06db0c1be4f872519eec.sol:392:5: Missing @notice tag in function 'sendTokensBackToWallet' [Warning/use-natspec]
/sb/0x41d9384dc97470bd2afa06db0c1be4f872519eec.sol:392:5: Explicitly mark visibility in function [Warning/func-visibility]
/sb/0x41d9384dc97470bd2afa06db0c1be4f872519eec.sol:397:5: Missing @notice tag in function 'getTokenBalance' [Warning/use-natspec]
/sb/0x41d9384dc97470bd2afa06db0c1be4f872519eec.sol:397:5: Missing @param tag in function 'getTokenBalance' [Warning/use-natspec]
/sb/0x41d9384dc97470bd2afa06db0c1be4f872519eec.sol:397:5: Mismatch in @param names for function 'getTokenBalance'. Expected: [_from], Found: [] [Warning/use-natspec]
/sb/0x41d9384dc97470bd2afa06db0c1be4f872519eec.sol:397:5: Missing @return tag in function 'getTokenBalance' [Warning/use-natspec]
/sb/0x41d9384dc97470bd2afa06db0c1be4f872519eec.sol:397:5: Mismatch in @return count for function 'getTokenBalance'. Expected: 1, Found: 0 [Warning/use-natspec]
/sb/0x41d9384dc97470bd2afa06db0c1be4f872519eec.sol:397:5: Explicitly mark visibility in function [Warning/func-visibility]
/sb/0x41d9384dc97470bd2afa06db0c1be4f872519eec.sol:397:62: Rule is set with explicit type [var/s: uint] [Warning/explicit-types]
/sb/0x41d9384dc97470bd2afa06db0c1be4f872519eec.sol:401:5: Missing @notice tag in function 'calculateTokenAmount' [Warning/use-natspec]
/sb/0x41d9384dc97470bd2afa06db0c1be4f872519eec.sol:401:5: Missing @param tag in function 'calculateTokenAmount' [Warning/use-natspec]
/sb/0x41d9384dc97470bd2afa06db0c1be4f872519eec.sol:401:5: Mismatch in @param names for function 'calculateTokenAmount'. Expected: [amount], Found: [] [Warning/use-natspec]
/sb/0x41d9384dc97470bd2afa06db0c1be4f872519eec.sol:401:5: Missing @return tag in function 'calculateTokenAmount' [Warning/use-natspec]
/sb/0x41d9384dc97470bd2afa06db0c1be4f872519eec.sol:401:5: Mismatch in @return count for function 'calculateTokenAmount'. Expected: 1, Found: 0 [Warning/use-natspec]
/sb/0x41d9384dc97470bd2afa06db0c1be4f872519eec.sol:401:5: Explicitly mark visibility in function [Warning/func-visibility]

252 problem/s (1 error/s, 251 warning/s)
