A new version of Solhint is available: 6.0.1
Please consider updating your Solhint package.
/sb/0x00c3bc63dcdf8ecbed68ae37858fc4b74d41700e.sol:1:1: Found more than One contract per file. 4 contracts found! [Warning/one-contract-per-file]
/sb/0x00c3bc63dcdf8ecbed68ae37858fc4b74d41700e.sol:1:1: Compiler version ^0.4.24 does not satisfy the ^0.8.24 semver requirement [Error/compiler-version]
/sb/0x00c3bc63dcdf8ecbed68ae37858fc4b74d41700e.sol:35:1: Missing @title tag in contract 'SafeMath' [Warning/use-natspec]
/sb/0x00c3bc63dcdf8ecbed68ae37858fc4b74d41700e.sol:35:1: Missing @author tag in contract 'SafeMath' [Warning/use-natspec]
/sb/0x00c3bc63dcdf8ecbed68ae37858fc4b74d41700e.sol:35:1: Missing @notice tag in contract 'SafeMath' [Warning/use-natspec]
/sb/0x00c3bc63dcdf8ecbed68ae37858fc4b74d41700e.sol:39:5: Missing @notice tag in function 'safeAdd' [Warning/use-natspec]
/sb/0x00c3bc63dcdf8ecbed68ae37858fc4b74d41700e.sol:39:5: Missing @param tag in function 'safeAdd' [Warning/use-natspec]
/sb/0x00c3bc63dcdf8ecbed68ae37858fc4b74d41700e.sol:39:5: Mismatch in @param names for function 'safeAdd'. Expected: [a, b], Found: [] [Warning/use-natspec]
/sb/0x00c3bc63dcdf8ecbed68ae37858fc4b74d41700e.sol:39:5: Missing @return tag in function 'safeAdd' [Warning/use-natspec]
/sb/0x00c3bc63dcdf8ecbed68ae37858fc4b74d41700e.sol:39:5: Mismatch in @return names for function 'safeAdd'. Expected: [c], Found: [] [Warning/use-natspec]
/sb/0x00c3bc63dcdf8ecbed68ae37858fc4b74d41700e.sol:39:22: Rule is set with explicit type [var/s: uint] [Warning/explicit-types]
/sb/0x00c3bc63dcdf8ecbed68ae37858fc4b74d41700e.sol:39:30: Rule is set with explicit type [var/s: uint] [Warning/explicit-types]
/sb/0x00c3bc63dcdf8ecbed68ae37858fc4b74d41700e.sol:39:59: Rule is set with explicit type [var/s: uint] [Warning/explicit-types]
/sb/0x00c3bc63dcdf8ecbed68ae37858fc4b74d41700e.sol:43:9: Provide an error message for require [Warning/reason-string]
/sb/0x00c3bc63dcdf8ecbed68ae37858fc4b74d41700e.sol:43:17: GC: Non strict inequality found. Try converting to a strict one [Warning/gas-strict-inequalities]
/sb/0x00c3bc63dcdf8ecbed68ae37858fc4b74d41700e.sol:49:5: Missing @notice tag in function 'safeSub' [Warning/use-natspec]
/sb/0x00c3bc63dcdf8ecbed68ae37858fc4b74d41700e.sol:49:5: Missing @param tag in function 'safeSub' [Warning/use-natspec]
/sb/0x00c3bc63dcdf8ecbed68ae37858fc4b74d41700e.sol:49:5: Mismatch in @param names for function 'safeSub'. Expected: [a, b], Found: [] [Warning/use-natspec]
/sb/0x00c3bc63dcdf8ecbed68ae37858fc4b74d41700e.sol:49:5: Missing @return tag in function 'safeSub' [Warning/use-natspec]
/sb/0x00c3bc63dcdf8ecbed68ae37858fc4b74d41700e.sol:49:5: Mismatch in @return names for function 'safeSub'. Expected: [c], Found: [] [Warning/use-natspec]
/sb/0x00c3bc63dcdf8ecbed68ae37858fc4b74d41700e.sol:49:22: Rule is set with explicit type [var/s: uint] [Warning/explicit-types]
/sb/0x00c3bc63dcdf8ecbed68ae37858fc4b74d41700e.sol:49:30: Rule is set with explicit type [var/s: uint] [Warning/explicit-types]
/sb/0x00c3bc63dcdf8ecbed68ae37858fc4b74d41700e.sol:49:59: Rule is set with explicit type [var/s: uint] [Warning/explicit-types]
/sb/0x00c3bc63dcdf8ecbed68ae37858fc4b74d41700e.sol:51:9: Provide an error message for require [Warning/reason-string]
/sb/0x00c3bc63dcdf8ecbed68ae37858fc4b74d41700e.sol:51:17: GC: Non strict inequality found. Try converting to a strict one [Warning/gas-strict-inequalities]
/sb/0x00c3bc63dcdf8ecbed68ae37858fc4b74d41700e.sol:59:5: Missing @notice tag in function 'safeMul' [Warning/use-natspec]
/sb/0x00c3bc63dcdf8ecbed68ae37858fc4b74d41700e.sol:59:5: Missing @param tag in function 'safeMul' [Warning/use-natspec]
/sb/0x00c3bc63dcdf8ecbed68ae37858fc4b74d41700e.sol:59:5: Mismatch in @param names for function 'safeMul'. Expected: [a, b], Found: [] [Warning/use-natspec]
/sb/0x00c3bc63dcdf8ecbed68ae37858fc4b74d41700e.sol:59:5: Missing @return tag in function 'safeMul' [Warning/use-natspec]
/sb/0x00c3bc63dcdf8ecbed68ae37858fc4b74d41700e.sol:59:5: Mismatch in @return names for function 'safeMul'. Expected: [c], Found: [] [Warning/use-natspec]
/sb/0x00c3bc63dcdf8ecbed68ae37858fc4b74d41700e.sol:59:22: Rule is set with explicit type [var/s: uint] [Warning/explicit-types]
/sb/0x00c3bc63dcdf8ecbed68ae37858fc4b74d41700e.sol:59:30: Rule is set with explicit type [var/s: uint] [Warning/explicit-types]
/sb/0x00c3bc63dcdf8ecbed68ae37858fc4b74d41700e.sol:59:59: Rule is set with explicit type [var/s: uint] [Warning/explicit-types]
/sb/0x00c3bc63dcdf8ecbed68ae37858fc4b74d41700e.sol:63:9: Provide an error message for require [Warning/reason-string]
/sb/0x00c3bc63dcdf8ecbed68ae37858fc4b74d41700e.sol:69:5: Missing @notice tag in function 'safeDiv' [Warning/use-natspec]
/sb/0x00c3bc63dcdf8ecbed68ae37858fc4b74d41700e.sol:69:5: Missing @param tag in function 'safeDiv' [Warning/use-natspec]
/sb/0x00c3bc63dcdf8ecbed68ae37858fc4b74d41700e.sol:69:5: Mismatch in @param names for function 'safeDiv'. Expected: [a, b], Found: [] [Warning/use-natspec]
/sb/0x00c3bc63dcdf8ecbed68ae37858fc4b74d41700e.sol:69:5: Missing @return tag in function 'safeDiv' [Warning/use-natspec]
/sb/0x00c3bc63dcdf8ecbed68ae37858fc4b74d41700e.sol:69:5: Mismatch in @return names for function 'safeDiv'. Expected: [c], Found: [] [Warning/use-natspec]
/sb/0x00c3bc63dcdf8ecbed68ae37858fc4b74d41700e.sol:69:22: Rule is set with explicit type [var/s: uint] [Warning/explicit-types]
/sb/0x00c3bc63dcdf8ecbed68ae37858fc4b74d41700e.sol:69:30: Rule is set with explicit type [var/s: uint] [Warning/explicit-types]
/sb/0x00c3bc63dcdf8ecbed68ae37858fc4b74d41700e.sol:69:59: Rule is set with explicit type [var/s: uint] [Warning/explicit-types]
/sb/0x00c3bc63dcdf8ecbed68ae37858fc4b74d41700e.sol:71:9: Provide an error message for require [Warning/reason-string]
/sb/0x00c3bc63dcdf8ecbed68ae37858fc4b74d41700e.sol:89:1: Missing @title tag in contract 'ERC20Interface' [Warning/use-natspec]
/sb/0x00c3bc63dcdf8ecbed68ae37858fc4b74d41700e.sol:89:1: Missing @author tag in contract 'ERC20Interface' [Warning/use-natspec]
/sb/0x00c3bc63dcdf8ecbed68ae37858fc4b74d41700e.sol:89:1: Missing @notice tag in contract 'ERC20Interface' [Warning/use-natspec]
/sb/0x00c3bc63dcdf8ecbed68ae37858fc4b74d41700e.sol:91:5: Missing @notice tag in function 'totalSupply' [Warning/use-natspec]
/sb/0x00c3bc63dcdf8ecbed68ae37858fc4b74d41700e.sol:91:5: Missing @return tag in function 'totalSupply' [Warning/use-natspec]
/sb/0x00c3bc63dcdf8ecbed68ae37858fc4b74d41700e.sol:91:5: Mismatch in @return count for function 'totalSupply'. Expected: 1, Found: 0 [Warning/use-natspec]
/sb/0x00c3bc63dcdf8ecbed68ae37858fc4b74d41700e.sol:91:53: Rule is set with explicit type [var/s: uint] [Warning/explicit-types]
/sb/0x00c3bc63dcdf8ecbed68ae37858fc4b74d41700e.sol:93:5: Missing @notice tag in function 'balanceOf' [Warning/use-natspec]
/sb/0x00c3bc63dcdf8ecbed68ae37858fc4b74d41700e.sol:93:5: Missing @param tag in function 'balanceOf' [Warning/use-natspec]
/sb/0x00c3bc63dcdf8ecbed68ae37858fc4b74d41700e.sol:93:5: Mismatch in @param names for function 'balanceOf'. Expected: [tokenOwner], Found: [] [Warning/use-natspec]
/sb/0x00c3bc63dcdf8ecbed68ae37858fc4b74d41700e.sol:93:5: Missing @return tag in function 'balanceOf' [Warning/use-natspec]
/sb/0x00c3bc63dcdf8ecbed68ae37858fc4b74d41700e.sol:93:5: Mismatch in @return names for function 'balanceOf'. Expected: [balance], Found: [] [Warning/use-natspec]
/sb/0x00c3bc63dcdf8ecbed68ae37858fc4b74d41700e.sol:93:69: Rule is set with explicit type [var/s: uint] [Warning/explicit-types]
/sb/0x00c3bc63dcdf8ecbed68ae37858fc4b74d41700e.sol:95:5: Missing @notice tag in function 'allowance' [Warning/use-natspec]
/sb/0x00c3bc63dcdf8ecbed68ae37858fc4b74d41700e.sol:95:5: Missing @param tag in function 'allowance' [Warning/use-natspec]
/sb/0x00c3bc63dcdf8ecbed68ae37858fc4b74d41700e.sol:95:5: Mismatch in @param names for function 'allowance'. Expected: [tokenOwner, spender], Found: [] [Warning/use-natspec]
/sb/0x00c3bc63dcdf8ecbed68ae37858fc4b74d41700e.sol:95:5: Missing @return tag in function 'allowance' [Warning/use-natspec]
/sb/0x00c3bc63dcdf8ecbed68ae37858fc4b74d41700e.sol:95:5: Mismatch in @return names for function 'allowance'. Expected: [remaining], Found: [] [Warning/use-natspec]
/sb/0x00c3bc63dcdf8ecbed68ae37858fc4b74d41700e.sol:95:86: Rule is set with explicit type [var/s: uint] [Warning/explicit-types]
/sb/0x00c3bc63dcdf8ecbed68ae37858fc4b74d41700e.sol:97:5: Missing @notice tag in function 'transfer' [Warning/use-natspec]
/sb/0x00c3bc63dcdf8ecbed68ae37858fc4b74d41700e.sol:97:5: Missing @param tag in function 'transfer' [Warning/use-natspec]
/sb/0x00c3bc63dcdf8ecbed68ae37858fc4b74d41700e.sol:97:5: Mismatch in @param names for function 'transfer'. Expected: [to, tokens], Found: [] [Warning/use-natspec]
/sb/0x00c3bc63dcdf8ecbed68ae37858fc4b74d41700e.sol:97:5: Missing @return tag in function 'transfer' [Warning/use-natspec]
/sb/0x00c3bc63dcdf8ecbed68ae37858fc4b74d41700e.sol:97:5: Mismatch in @return names for function 'transfer'. Expected: [success], Found: [] [Warning/use-natspec]
/sb/0x00c3bc63dcdf8ecbed68ae37858fc4b74d41700e.sol:97:35: Rule is set with explicit type [var/s: uint] [Warning/explicit-types]
/sb/0x00c3bc63dcdf8ecbed68ae37858fc4b74d41700e.sol:99:5: Missing @notice tag in function 'approve' [Warning/use-natspec]
/sb/0x00c3bc63dcdf8ecbed68ae37858fc4b74d41700e.sol:99:5: Missing @param tag in function 'approve' [Warning/use-natspec]
/sb/0x00c3bc63dcdf8ecbed68ae37858fc4b74d41700e.sol:99:5: Mismatch in @param names for function 'approve'. Expected: [spender, tokens], Found: [] [Warning/use-natspec]
/sb/0x00c3bc63dcdf8ecbed68ae37858fc4b74d41700e.sol:99:5: Missing @return tag in function 'approve' [Warning/use-natspec]
/sb/0x00c3bc63dcdf8ecbed68ae37858fc4b74d41700e.sol:99:5: Mismatch in @return names for function 'approve'. Expected: [success], Found: [] [Warning/use-natspec]
/sb/0x00c3bc63dcdf8ecbed68ae37858fc4b74d41700e.sol:99:39: Rule is set with explicit type [var/s: uint] [Warning/explicit-types]
/sb/0x00c3bc63dcdf8ecbed68ae37858fc4b74d41700e.sol:101:5: Missing @notice tag in function 'transferFrom' [Warning/use-natspec]
/sb/0x00c3bc63dcdf8ecbed68ae37858fc4b74d41700e.sol:101:5: Missing @param tag in function 'transferFrom' [Warning/use-natspec]
/sb/0x00c3bc63dcdf8ecbed68ae37858fc4b74d41700e.sol:101:5: Mismatch in @param names for function 'transferFrom'. Expected: [from, to, tokens], Found: [] [Warning/use-natspec]
/sb/0x00c3bc63dcdf8ecbed68ae37858fc4b74d41700e.sol:101:5: Missing @return tag in function 'transferFrom' [Warning/use-natspec]
/sb/0x00c3bc63dcdf8ecbed68ae37858fc4b74d41700e.sol:101:5: Mismatch in @return names for function 'transferFrom'. Expected: [success], Found: [] [Warning/use-natspec]
/sb/0x00c3bc63dcdf8ecbed68ae37858fc4b74d41700e.sol:101:53: Rule is set with explicit type [var/s: uint] [Warning/explicit-types]
/sb/0x00c3bc63dcdf8ecbed68ae37858fc4b74d41700e.sol:105:5: Missing @notice tag in event 'Transfer' [Warning/use-natspec]
/sb/0x00c3bc63dcdf8ecbed68ae37858fc4b74d41700e.sol:105:5: Missing @param tag in event 'Transfer' [Warning/use-natspec]
/sb/0x00c3bc63dcdf8ecbed68ae37858fc4b74d41700e.sol:105:5: Mismatch in @param names for event 'Transfer'. Expected: [from, to, tokens], Found: [] [Warning/use-natspec]
/sb/0x00c3bc63dcdf8ecbed68ae37858fc4b74d41700e.sol:105:5: GC: [tokens] on Event [Transfer] could be Indexed [Warning/gas-indexed-events]
/sb/0x00c3bc63dcdf8ecbed68ae37858fc4b74d41700e.sol:105:62: Rule is set with explicit type [var/s: uint] [Warning/explicit-types]
/sb/0x00c3bc63dcdf8ecbed68ae37858fc4b74d41700e.sol:107:5: Missing @notice tag in event 'Approval' [Warning/use-natspec]
/sb/0x00c3bc63dcdf8ecbed68ae37858fc4b74d41700e.sol:107:5: Missing @param tag in event 'Approval' [Warning/use-natspec]
/sb/0x00c3bc63dcdf8ecbed68ae37858fc4b74d41700e.sol:107:5: Mismatch in @param names for event 'Approval'. Expected: [tokenOwner, spender, tokens], Found: [] [Warning/use-natspec]
/sb/0x00c3bc63dcdf8ecbed68ae37858fc4b74d41700e.sol:107:5: GC: [tokens] on Event [Approval] could be Indexed [Warning/gas-indexed-events]
/sb/0x00c3bc63dcdf8ecbed68ae37858fc4b74d41700e.sol:107:73: Rule is set with explicit type [var/s: uint] [Warning/explicit-types]
/sb/0x00c3bc63dcdf8ecbed68ae37858fc4b74d41700e.sol:123:1: Missing @title tag in contract 'ApproveAndCallFallBack' [Warning/use-natspec]
/sb/0x00c3bc63dcdf8ecbed68ae37858fc4b74d41700e.sol:123:1: Missing @author tag in contract 'ApproveAndCallFallBack' [Warning/use-natspec]
/sb/0x00c3bc63dcdf8ecbed68ae37858fc4b74d41700e.sol:123:1: Missing @notice tag in contract 'ApproveAndCallFallBack' [Warning/use-natspec]
/sb/0x00c3bc63dcdf8ecbed68ae37858fc4b74d41700e.sol:125:5: Missing @notice tag in function 'receiveApproval' [Warning/use-natspec]
/sb/0x00c3bc63dcdf8ecbed68ae37858fc4b74d41700e.sol:125:5: Missing @param tag in function 'receiveApproval' [Warning/use-natspec]
/sb/0x00c3bc63dcdf8ecbed68ae37858fc4b74d41700e.sol:125:5: Mismatch in @param names for function 'receiveApproval'. Expected: [from, tokens, token, data], Found: [] [Warning/use-natspec]
/sb/0x00c3bc63dcdf8ecbed68ae37858fc4b74d41700e.sol:137:1: Missing @title tag in contract 'PHCToken' [Warning/use-natspec]
/sb/0x00c3bc63dcdf8ecbed68ae37858fc4b74d41700e.sol:137:1: Missing @author tag in contract 'PHCToken' [Warning/use-natspec]
/sb/0x00c3bc63dcdf8ecbed68ae37858fc4b74d41700e.sol:137:1: Missing @notice tag in contract 'PHCToken' [Warning/use-natspec]
/sb/0x00c3bc63dcdf8ecbed68ae37858fc4b74d41700e.sol:139:5: Missing @notice tag in variable 'symbol' [Warning/use-natspec]
/sb/0x00c3bc63dcdf8ecbed68ae37858fc4b74d41700e.sol:141:5: Missing @notice tag in variable 'name' [Warning/use-natspec]
/sb/0x00c3bc63dcdf8ecbed68ae37858fc4b74d41700e.sol:143:5: Missing @notice tag in variable 'decimals' [Warning/use-natspec]
/sb/0x00c3bc63dcdf8ecbed68ae37858fc4b74d41700e.sol:145:5: Rule is set with explicit type [var/s: uint] [Warning/explicit-types]
/sb/0x00c3bc63dcdf8ecbed68ae37858fc4b74d41700e.sol:145:5: Missing @notice tag in variable '_totalSupply' [Warning/use-natspec]
/sb/0x00c3bc63dcdf8ecbed68ae37858fc4b74d41700e.sol:149:5: Explicitly mark visibility of state [Warning/state-visibility]
/sb/0x00c3bc63dcdf8ecbed68ae37858fc4b74d41700e.sol:149:5: Rule is set with explicit type [var/s: uint] [Warning/explicit-types]
/sb/0x00c3bc63dcdf8ecbed68ae37858fc4b74d41700e.sol:151:5: Explicitly mark visibility of state [Warning/state-visibility]
/sb/0x00c3bc63dcdf8ecbed68ae37858fc4b74d41700e.sol:151:5: Rule is set with explicit type [var/s: uint] [Warning/explicit-types]
/sb/0x00c3bc63dcdf8ecbed68ae37858fc4b74d41700e.sol:163:5: Missing @notice tag in function '<anonymous>' [Warning/use-natspec]
/sb/0x00c3bc63dcdf8ecbed68ae37858fc4b74d41700e.sol:189:5: Missing @notice tag in function 'totalSupply' [Warning/use-natspec]
/sb/0x00c3bc63dcdf8ecbed68ae37858fc4b74d41700e.sol:189:5: Missing @return tag in function 'totalSupply' [Warning/use-natspec]
/sb/0x00c3bc63dcdf8ecbed68ae37858fc4b74d41700e.sol:189:5: Mismatch in @return count for function 'totalSupply'. Expected: 1, Found: 0 [Warning/use-natspec]
/sb/0x00c3bc63dcdf8ecbed68ae37858fc4b74d41700e.sol:189:53: Rule is set with explicit type [var/s: uint] [Warning/explicit-types]
/sb/0x00c3bc63dcdf8ecbed68ae37858fc4b74d41700e.sol:205:5: Missing @notice tag in function 'balanceOf' [Warning/use-natspec]
/sb/0x00c3bc63dcdf8ecbed68ae37858fc4b74d41700e.sol:205:5: Missing @param tag in function 'balanceOf' [Warning/use-natspec]
/sb/0x00c3bc63dcdf8ecbed68ae37858fc4b74d41700e.sol:205:5: Mismatch in @param names for function 'balanceOf'. Expected: [tokenOwner], Found: [] [Warning/use-natspec]
/sb/0x00c3bc63dcdf8ecbed68ae37858fc4b74d41700e.sol:205:5: Missing @return tag in function 'balanceOf' [Warning/use-natspec]
/sb/0x00c3bc63dcdf8ecbed68ae37858fc4b74d41700e.sol:205:5: Mismatch in @return names for function 'balanceOf'. Expected: [balance], Found: [] [Warning/use-natspec]
/sb/0x00c3bc63dcdf8ecbed68ae37858fc4b74d41700e.sol:205:69: Rule is set with explicit type [var/s: uint] [Warning/explicit-types]
/sb/0x00c3bc63dcdf8ecbed68ae37858fc4b74d41700e.sol:225:5: Missing @notice tag in function 'transfer' [Warning/use-natspec]
/sb/0x00c3bc63dcdf8ecbed68ae37858fc4b74d41700e.sol:225:5: Missing @param tag in function 'transfer' [Warning/use-natspec]
/sb/0x00c3bc63dcdf8ecbed68ae37858fc4b74d41700e.sol:225:5: Mismatch in @param names for function 'transfer'. Expected: [to, tokens], Found: [] [Warning/use-natspec]
/sb/0x00c3bc63dcdf8ecbed68ae37858fc4b74d41700e.sol:225:5: Missing @return tag in function 'transfer' [Warning/use-natspec]
/sb/0x00c3bc63dcdf8ecbed68ae37858fc4b74d41700e.sol:225:5: Mismatch in @return names for function 'transfer'. Expected: [success], Found: [] [Warning/use-natspec]
/sb/0x00c3bc63dcdf8ecbed68ae37858fc4b74d41700e.sol:225:35: Rule is set with explicit type [var/s: uint] [Warning/explicit-types]
/sb/0x00c3bc63dcdf8ecbed68ae37858fc4b74d41700e.sol:255:5: Missing @notice tag in function 'approve' [Warning/use-natspec]
/sb/0x00c3bc63dcdf8ecbed68ae37858fc4b74d41700e.sol:255:5: Missing @param tag in function 'approve' [Warning/use-natspec]
/sb/0x00c3bc63dcdf8ecbed68ae37858fc4b74d41700e.sol:255:5: Mismatch in @param names for function 'approve'. Expected: [spender, tokens], Found: [] [Warning/use-natspec]
/sb/0x00c3bc63dcdf8ecbed68ae37858fc4b74d41700e.sol:255:5: Missing @return tag in function 'approve' [Warning/use-natspec]
/sb/0x00c3bc63dcdf8ecbed68ae37858fc4b74d41700e.sol:255:5: Mismatch in @return names for function 'approve'. Expected: [success], Found: [] [Warning/use-natspec]
/sb/0x00c3bc63dcdf8ecbed68ae37858fc4b74d41700e.sol:255:39: Rule is set with explicit type [var/s: uint] [Warning/explicit-types]
/sb/0x00c3bc63dcdf8ecbed68ae37858fc4b74d41700e.sol:287:5: Missing @notice tag in function 'transferFrom' [Warning/use-natspec]
/sb/0x00c3bc63dcdf8ecbed68ae37858fc4b74d41700e.sol:287:5: Missing @param tag in function 'transferFrom' [Warning/use-natspec]
/sb/0x00c3bc63dcdf8ecbed68ae37858fc4b74d41700e.sol:287:5: Mismatch in @param names for function 'transferFrom'. Expected: [from, to, tokens], Found: [] [Warning/use-natspec]
/sb/0x00c3bc63dcdf8ecbed68ae37858fc4b74d41700e.sol:287:5: Missing @return tag in function 'transferFrom' [Warning/use-natspec]
/sb/0x00c3bc63dcdf8ecbed68ae37858fc4b74d41700e.sol:287:5: Mismatch in @return names for function 'transferFrom'. Expected: [success], Found: [] [Warning/use-natspec]
/sb/0x00c3bc63dcdf8ecbed68ae37858fc4b74d41700e.sol:287:53: Rule is set with explicit type [var/s: uint] [Warning/explicit-types]
/sb/0x00c3bc63dcdf8ecbed68ae37858fc4b74d41700e.sol:313:5: Missing @notice tag in function 'allowance' [Warning/use-natspec]
/sb/0x00c3bc63dcdf8ecbed68ae37858fc4b74d41700e.sol:313:5: Missing @param tag in function 'allowance' [Warning/use-natspec]
/sb/0x00c3bc63dcdf8ecbed68ae37858fc4b74d41700e.sol:313:5: Mismatch in @param names for function 'allowance'. Expected: [tokenOwner, spender], Found: [] [Warning/use-natspec]
/sb/0x00c3bc63dcdf8ecbed68ae37858fc4b74d41700e.sol:313:5: Missing @return tag in function 'allowance' [Warning/use-natspec]
/sb/0x00c3bc63dcdf8ecbed68ae37858fc4b74d41700e.sol:313:5: Mismatch in @return names for function 'allowance'. Expected: [remaining], Found: [] [Warning/use-natspec]
/sb/0x00c3bc63dcdf8ecbed68ae37858fc4b74d41700e.sol:313:86: Rule is set with explicit type [var/s: uint] [Warning/explicit-types]
/sb/0x00c3bc63dcdf8ecbed68ae37858fc4b74d41700e.sol:333:5: Missing @notice tag in function 'approveAndCall' [Warning/use-natspec]
/sb/0x00c3bc63dcdf8ecbed68ae37858fc4b74d41700e.sol:333:5: Missing @param tag in function 'approveAndCall' [Warning/use-natspec]
/sb/0x00c3bc63dcdf8ecbed68ae37858fc4b74d41700e.sol:333:5: Mismatch in @param names for function 'approveAndCall'. Expected: [spender, tokens, data], Found: [] [Warning/use-natspec]
/sb/0x00c3bc63dcdf8ecbed68ae37858fc4b74d41700e.sol:333:5: Missing @return tag in function 'approveAndCall' [Warning/use-natspec]
/sb/0x00c3bc63dcdf8ecbed68ae37858fc4b74d41700e.sol:333:5: Mismatch in @return names for function 'approveAndCall'. Expected: [success], Found: [] [Warning/use-natspec]
/sb/0x00c3bc63dcdf8ecbed68ae37858fc4b74d41700e.sol:333:46: Rule is set with explicit type [var/s: uint] [Warning/explicit-types]
/sb/0x00c3bc63dcdf8ecbed68ae37858fc4b74d41700e.sol:355:5: Missing @notice tag in function '<anonymous>' [Warning/use-natspec]
/sb/0x00c3bc63dcdf8ecbed68ae37858fc4b74d41700e.sol:357:9: Provide an error message for revert [Warning/reason-string]

151 problem/s (1 error/s, 150 warning/s)
