'solc --version' running
'solc /sb/0xb43b5be03416ca16f7b9749c6aba818538dcc032.sol --combined-json abi,ast,bin,bin-runtime,srcmap,srcmap-runtime,userdoc,devdoc,hashes,compact-format --allow-paths .,/sb' running
Compilation warnings/errors on /sb/0xb43b5be03416ca16f7b9749c6aba818538dcc032.sol:
/sb/0xb43b5be03416ca16f7b9749c6aba818538dcc032.sol:13:5: Warning: Defining constructors as functions with the same name as the contract is deprecated. Use "constructor(...) { ... }" instead.
    function Owned() {
    ^ (Relevant source part starts here and spans across multiple lines).
/sb/0xb43b5be03416ca16f7b9749c6aba818538dcc032.sol:82:13: Warning: Invoking events without "emit" prefix is deprecated.
            GameWin(
            ^ (Relevant source part starts here and spans across multiple lines).
/sb/0xb43b5be03416ca16f7b9749c6aba818538dcc032.sol:92:13: Warning: Invoking events without "emit" prefix is deprecated.
            GameLoose(
            ^ (Relevant source part starts here and spans across multiple lines).
/sb/0xb43b5be03416ca16f7b9749c6aba818538dcc032.sol:147:9: Warning: Invoking events without "emit" prefix is deprecated.
        GameRoll(msg.sender, gameId, start, end, msg.value);
        ^-------------------------------------------------^
/sb/0xb43b5be03416ca16f7b9749c6aba818538dcc032.sol:193:23: Warning: Using contract member "balance" inherited from the address type is deprecated. Convert the contract to "address" type to access the member, for example use "address(contract).balance" instead.
        if (amount <= this.balance) {
                      ^----------^
/sb/0xb43b5be03416ca16f7b9749c6aba818538dcc032.sol:202:9: Warning: Invoking events without "emit" prefix is deprecated.
        MinBetAmountChanged(minBetAmount);
        ^-------------------------------^
/sb/0xb43b5be03416ca16f7b9749c6aba818538dcc032.sol:208:9: Warning: Invoking events without "emit" prefix is deprecated.
        MaxBetAmountChanged(maxBetAmount);
        ^-------------------------------^
/sb/0xb43b5be03416ca16f7b9749c6aba818538dcc032.sol:214:9: Warning: Invoking events without "emit" prefix is deprecated.
        PointerChanged(pointer);
        ^---------------------^
/sb/0xb43b5be03416ca16f7b9749c6aba818538dcc032.sol:13:5: Warning: No visibility specified. Defaulting to "public". 
    function Owned() {
    ^ (Relevant source part starts here and spans across multiple lines).
/sb/0xb43b5be03416ca16f7b9749c6aba818538dcc032.sol:21:5: Warning: No visibility specified. Defaulting to "public". 
    function kill() {
    ^ (Relevant source part starts here and spans across multiple lines).
/sb/0xb43b5be03416ca16f7b9749c6aba818538dcc032.sol:111:21: Warning: "block.blockhash()" has been deprecated in favor of "blockhash()"
        blockHash = block.blockhash(block.number - i);
                    ^-------------^
/sb/0xb43b5be03416ca16f7b9749c6aba818538dcc032.sol:192:5: Warning: No visibility specified. Defaulting to "public". 
    function withdraw(uint amount) onlyowner returns (uint) {
    ^ (Relevant source part starts here and spans across multiple lines).
/sb/0xb43b5be03416ca16f7b9749c6aba818538dcc032.sol:200:5: Warning: No visibility specified. Defaulting to "public". 
    function setMinBetAmount(uint _minBetAmount) onlyowner returns (uint) {
    ^ (Relevant source part starts here and spans across multiple lines).
/sb/0xb43b5be03416ca16f7b9749c6aba818538dcc032.sol:206:5: Warning: No visibility specified. Defaulting to "public". 
    function setMaxBetAmount(uint _maxBetAmount) onlyowner returns (uint) {
    ^ (Relevant source part starts here and spans across multiple lines).
/sb/0xb43b5be03416ca16f7b9749c6aba818538dcc032.sol:212:5: Warning: No visibility specified. Defaulting to "public". 
    function setPointer(uint8 _pointer) onlyowner returns (uint) {
    ^ (Relevant source part starts here and spans across multiple lines).
/sb/0xb43b5be03416ca16f7b9749c6aba818538dcc032.sol:218:5: Warning: No visibility specified. Defaulting to "public". 
    function getGameIds() constant returns(uint[]) {
    ^ (Relevant source part starts here and spans across multiple lines).
/sb/0xb43b5be03416ca16f7b9749c6aba818538dcc032.sol:226:5: Warning: No visibility specified. Defaulting to "public". 
    function getGamePlayer(uint gameId) constant returns(address) {
    ^ (Relevant source part starts here and spans across multiple lines).
/sb/0xb43b5be03416ca16f7b9749c6aba818538dcc032.sol:230:5: Warning: No visibility specified. Defaulting to "public". 
    function getGameAmount(uint gameId) constant returns(uint) {
    ^ (Relevant source part starts here and spans across multiple lines).
/sb/0xb43b5be03416ca16f7b9749c6aba818538dcc032.sol:234:5: Warning: No visibility specified. Defaulting to "public". 
    function getGameStart(uint gameId) constant returns(uint8) {
    ^ (Relevant source part starts here and spans across multiple lines).
/sb/0xb43b5be03416ca16f7b9749c6aba818538dcc032.sol:238:5: Warning: No visibility specified. Defaulting to "public". 
    function getGameEnd(uint gameId) constant returns(uint8) {
    ^ (Relevant source part starts here and spans across multiple lines).
/sb/0xb43b5be03416ca16f7b9749c6aba818538dcc032.sol:242:5: Warning: No visibility specified. Defaulting to "public". 
    function getGameHash(uint gameId) constant returns(bytes32) {
    ^ (Relevant source part starts here and spans across multiple lines).
/sb/0xb43b5be03416ca16f7b9749c6aba818538dcc032.sol:246:5: Warning: No visibility specified. Defaulting to "public". 
    function getGameNumber(uint gameId) constant returns(uint8) {
    ^ (Relevant source part starts here and spans across multiple lines).
/sb/0xb43b5be03416ca16f7b9749c6aba818538dcc032.sol:250:5: Warning: No visibility specified. Defaulting to "public". 
    function getGameWin(uint gameId) constant returns(bool) {
    ^ (Relevant source part starts here and spans across multiple lines).
/sb/0xb43b5be03416ca16f7b9749c6aba818538dcc032.sol:254:5: Warning: No visibility specified. Defaulting to "public". 
    function getGamePrize(uint gameId) constant returns(uint) {
    ^ (Relevant source part starts here and spans across multiple lines).
/sb/0xb43b5be03416ca16f7b9749c6aba818538dcc032.sol:258:5: Warning: No visibility specified. Defaulting to "public". 
    function getMinBetAmount() constant returns(uint) {
    ^ (Relevant source part starts here and spans across multiple lines).
/sb/0xb43b5be03416ca16f7b9749c6aba818538dcc032.sol:262:5: Warning: No visibility specified. Defaulting to "public". 
    function getMaxBetAmount() constant returns(uint) {
    ^ (Relevant source part starts here and spans across multiple lines).
/sb/0xb43b5be03416ca16f7b9749c6aba818538dcc032.sol:266:5: Warning: No visibility specified. Defaulting to "public". 
    function () payable {
    ^ (Relevant source part starts here and spans across multiple lines).


Slotthereum.placeBet(uint8,uint8) (../sb/0xb43b5be03416ca16f7b9749c6aba818538dcc032.sol#124-190) performs a multiplication on the result of a division:
	- dec = msg.value / 10 (../sb/0xb43b5be03416ca16f7b9749c6aba818538dcc032.sol#169)
	- games[gameId].prize = msg.value + dec * parts (../sb/0xb43b5be03416ca16f7b9749c6aba818538dcc032.sol#171)
Reference: https://github.com/crytic/slither/wiki/Detector-Documentation#divide-before-multiply

Modifier Owned.onlyowner() (../sb/0xb43b5be03416ca16f7b9749c6aba818538dcc032.sol#7-11) does not always execute _; or revert
Reference: https://github.com/crytic/slither/wiki/Detector-Documentation#incorrect-modifier

Deprecated standard detected blockHash = block.blockhash(block.number - i) (../sb/0xb43b5be03416ca16f7b9749c6aba818538dcc032.sol#111):
	- Usage of "block.blockhash()" should be replaced with "blockhash()"
Reference: https://github.com/crytic/slither/wiki/Detector-Documentation#deprecated-standards

Version constraint ^0.4.16 contains known severe issues (https://solidity.readthedocs.io/en/latest/bugs.html)
	- DirtyBytesArrayToStorage
	- ABIDecodeTwoDimensionalArrayMemory
	- KeccakCaching
	- EmptyByteArrayCopy
	- DynamicArrayCleanup
	- ImplicitConstructorCallvalueCheck
	- TupleAssignmentMultiStackSlotComponents
	- MemoryArrayCreationOverflow
	- privateCanBeOverridden
	- SignedArrayStorageCopy
	- ABIEncoderV2StorageArrayWithMultiSlotElement
	- DynamicConstructorArgumentsClippedABIV2
	- UninitializedFunctionPointerInConstructor_0.4.x
	- IncorrectEventSignatureInLibraries_0.4.x
	- ExpExponentCleanup
	- NestedArrayFunctionCallDecoder
	- ZeroFunctionSelector.
It is used by:
	- ^0.4.16 (../sb/0xb43b5be03416ca16f7b9749c6aba818538dcc032.sol#1)
solc-0.4.26 is an outdated solc version. Use a more recent version (at least 0.8.0), if possible.
Reference: https://github.com/crytic/slither/wiki/Detector-Documentation#incorrect-versions-of-solidity

Parameter Slotthereum.getNumber(bytes32)._a (../sb/0xb43b5be03416ca16f7b9749c6aba818538dcc032.sol#114) is not in mixedCase
Parameter Slotthereum.setMinBetAmount(uint256)._minBetAmount (../sb/0xb43b5be03416ca16f7b9749c6aba818538dcc032.sol#200) is not in mixedCase
Parameter Slotthereum.setMaxBetAmount(uint256)._maxBetAmount (../sb/0xb43b5be03416ca16f7b9749c6aba818538dcc032.sol#206) is not in mixedCase
Parameter Slotthereum.setPointer(uint8)._pointer (../sb/0xb43b5be03416ca16f7b9749c6aba818538dcc032.sol#212) is not in mixedCase
Reference: https://github.com/crytic/slither/wiki/Detector-Documentation#conformance-to-solidity-naming-conventions

Reentrancy in Slotthereum.placeBet(uint8,uint8) (../sb/0xb43b5be03416ca16f7b9749c6aba818538dcc032.sol#124-190):
	External calls:
	- msg.sender.transfer(games[gameId].prize) (../sb/0xb43b5be03416ca16f7b9749c6aba818538dcc032.sol#176)
	Event emitted after the call(s):
	- GameLoose(player,gameId,start,end,number,amount,prize) (../sb/0xb43b5be03416ca16f7b9749c6aba818538dcc032.sol#92-100)
		- notify(msg.sender,gameId,start,end,games[gameId].number,msg.value,games[gameId].prize,games[gameId].win) (../sb/0xb43b5be03416ca16f7b9749c6aba818538dcc032.sol#178-187)
	- GameWin(player,gameId,start,end,number,amount,prize) (../sb/0xb43b5be03416ca16f7b9749c6aba818538dcc032.sol#82-90)
		- notify(msg.sender,gameId,start,end,games[gameId].number,msg.value,games[gameId].prize,games[gameId].win) (../sb/0xb43b5be03416ca16f7b9749c6aba818538dcc032.sol#178-187)
Reference: https://github.com/crytic/slither/wiki/Detector-Documentation#reentrancy-vulnerabilities-4

Slotthereum.slitherConstructorVariables() (../sb/0xb43b5be03416ca16f7b9749c6aba818538dcc032.sol#28-269) uses literals with too many digits:
	- minBetAmount = 100000000000000 (../sb/0xb43b5be03416ca16f7b9749c6aba818538dcc032.sol#32)
Slotthereum.slitherConstructorVariables() (../sb/0xb43b5be03416ca16f7b9749c6aba818538dcc032.sol#28-269) uses literals with too many digits:
	- maxBetAmount = 1000000000000000000 (../sb/0xb43b5be03416ca16f7b9749c6aba818538dcc032.sol#33)
Reference: https://github.com/crytic/slither/wiki/Detector-Documentation#too-many-digits

Loop condition i < games.length (../sb/0xb43b5be03416ca16f7b9749c6aba818538dcc032.sol#220) should use cached array length instead of referencing `length` member of the storage array.
 Reference: https://github.com/crytic/slither/wiki/Detector-Documentation#cache-array-length
/sb/0xb43b5be03416ca16f7b9749c6aba818538dcc032.sol analyzed (3 contracts with 100 detectors), 13 result(s) found
