A new version of Solhint is available: 6.0.1
Please consider updating your Solhint package.
/sb/0x9eb6d18868587ed09028ef678a8d9e858ecab678.sol:1:1: Found more than One contract per file. 3 contracts found! [Warning/one-contract-per-file]
/sb/0x9eb6d18868587ed09028ef678a8d9e858ecab678.sol:1:1: Compiler version ^0.4.4 does not satisfy the ^0.8.24 semver requirement [Error/compiler-version]
/sb/0x9eb6d18868587ed09028ef678a8d9e858ecab678.sol:3:1: Missing @title tag in contract 'Token' [Warning/use-natspec]
/sb/0x9eb6d18868587ed09028ef678a8d9e858ecab678.sol:3:1: Missing @author tag in contract 'Token' [Warning/use-natspec]
/sb/0x9eb6d18868587ed09028ef678a8d9e858ecab678.sol:3:1: Missing @notice tag in contract 'Token' [Warning/use-natspec]
/sb/0x9eb6d18868587ed09028ef678a8d9e858ecab678.sol:5:5: Missing @notice tag in function 'safeSub' [Warning/use-natspec]
/sb/0x9eb6d18868587ed09028ef678a8d9e858ecab678.sol:5:5: Missing @param tag in function 'safeSub' [Warning/use-natspec]
/sb/0x9eb6d18868587ed09028ef678a8d9e858ecab678.sol:5:5: Mismatch in @param names for function 'safeSub'. Expected: [a, b], Found: [] [Warning/use-natspec]
/sb/0x9eb6d18868587ed09028ef678a8d9e858ecab678.sol:5:5: Missing @return tag in function 'safeSub' [Warning/use-natspec]
/sb/0x9eb6d18868587ed09028ef678a8d9e858ecab678.sol:5:5: Mismatch in @return count for function 'safeSub'. Expected: 1, Found: 0 [Warning/use-natspec]
/sb/0x9eb6d18868587ed09028ef678a8d9e858ecab678.sol:6:12: GC: Non strict inequality found. Try converting to a strict one [Warning/gas-strict-inequalities]
/sb/0x9eb6d18868587ed09028ef678a8d9e858ecab678.sol:11:5: Missing @notice tag in function 'totalSupply' [Warning/use-natspec]
/sb/0x9eb6d18868587ed09028ef678a8d9e858ecab678.sol:11:5: Mismatch in @return names for function 'totalSupply'. Expected: [supply], Found: [total] [Warning/use-natspec]
/sb/0x9eb6d18868587ed09028ef678a8d9e858ecab678.sol:11:5: Explicitly mark visibility in function [Warning/func-visibility]
/sb/0x9eb6d18868587ed09028ef678a8d9e858ecab678.sol:11:62: Code contains empty blocks [Warning/no-empty-blocks]
/sb/0x9eb6d18868587ed09028ef678a8d9e858ecab678.sol:15:5: Missing @notice tag in function 'balanceOf' [Warning/use-natspec]
/sb/0x9eb6d18868587ed09028ef678a8d9e858ecab678.sol:15:5: Mismatch in @return names for function 'balanceOf'. Expected: [balance], Found: [The] [Warning/use-natspec]
/sb/0x9eb6d18868587ed09028ef678a8d9e858ecab678.sol:15:5: Explicitly mark visibility in function [Warning/func-visibility]
/sb/0x9eb6d18868587ed09028ef678a8d9e858ecab678.sol:15:75: Code contains empty blocks [Warning/no-empty-blocks]
/sb/0x9eb6d18868587ed09028ef678a8d9e858ecab678.sol:21:5: Mismatch in @return names for function 'transfer'. Expected: [success], Found: [Whether] [Warning/use-natspec]
/sb/0x9eb6d18868587ed09028ef678a8d9e858ecab678.sol:21:5: Explicitly mark visibility in function [Warning/func-visibility]
/sb/0x9eb6d18868587ed09028ef678a8d9e858ecab678.sol:21:75: Code contains empty blocks [Warning/no-empty-blocks]
/sb/0x9eb6d18868587ed09028ef678a8d9e858ecab678.sol:28:5: Mismatch in @return names for function 'transferFrom'. Expected: [success], Found: [Whether] [Warning/use-natspec]
/sb/0x9eb6d18868587ed09028ef678a8d9e858ecab678.sol:28:5: Explicitly mark visibility in function [Warning/func-visibility]
/sb/0x9eb6d18868587ed09028ef678a8d9e858ecab678.sol:28:94: Code contains empty blocks [Warning/no-empty-blocks]
/sb/0x9eb6d18868587ed09028ef678a8d9e858ecab678.sol:34:5: Mismatch in @return names for function 'approve'. Expected: [success], Found: [Whether] [Warning/use-natspec]
/sb/0x9eb6d18868587ed09028ef678a8d9e858ecab678.sol:34:5: Explicitly mark visibility in function [Warning/func-visibility]
/sb/0x9eb6d18868587ed09028ef678a8d9e858ecab678.sol:34:79: Code contains empty blocks [Warning/no-empty-blocks]
/sb/0x9eb6d18868587ed09028ef678a8d9e858ecab678.sol:37:5: Missing @notice tag in function 'burn' [Warning/use-natspec]
/sb/0x9eb6d18868587ed09028ef678a8d9e858ecab678.sol:37:5: Missing @param tag in function 'burn' [Warning/use-natspec]
/sb/0x9eb6d18868587ed09028ef678a8d9e858ecab678.sol:37:5: Mismatch in @param names for function 'burn'. Expected: [_value], Found: [] [Warning/use-natspec]
/sb/0x9eb6d18868587ed09028ef678a8d9e858ecab678.sol:37:5: Missing @return tag in function 'burn' [Warning/use-natspec]
/sb/0x9eb6d18868587ed09028ef678a8d9e858ecab678.sol:37:5: Mismatch in @return names for function 'burn'. Expected: [success], Found: [] [Warning/use-natspec]
/sb/0x9eb6d18868587ed09028ef678a8d9e858ecab678.sol:37:5: Explicitly mark visibility in function [Warning/func-visibility]
/sb/0x9eb6d18868587ed09028ef678a8d9e858ecab678.sol:37:58: Code contains empty blocks [Warning/no-empty-blocks]
/sb/0x9eb6d18868587ed09028ef678a8d9e858ecab678.sol:42:5: Missing @notice tag in function 'allowance' [Warning/use-natspec]
/sb/0x9eb6d18868587ed09028ef678a8d9e858ecab678.sol:42:5: Mismatch in @return names for function 'allowance'. Expected: [remaining], Found: [Amount] [Warning/use-natspec]
/sb/0x9eb6d18868587ed09028ef678a8d9e858ecab678.sol:42:5: Explicitly mark visibility in function [Warning/func-visibility]
/sb/0x9eb6d18868587ed09028ef678a8d9e858ecab678.sol:42:95: Code contains empty blocks [Warning/no-empty-blocks]
/sb/0x9eb6d18868587ed09028ef678a8d9e858ecab678.sol:44:5: Missing @notice tag in event 'Transfer' [Warning/use-natspec]
/sb/0x9eb6d18868587ed09028ef678a8d9e858ecab678.sol:44:5: Missing @param tag in event 'Transfer' [Warning/use-natspec]
/sb/0x9eb6d18868587ed09028ef678a8d9e858ecab678.sol:44:5: Mismatch in @param names for event 'Transfer'. Expected: [_from, _to, _value], Found: [] [Warning/use-natspec]
/sb/0x9eb6d18868587ed09028ef678a8d9e858ecab678.sol:44:5: GC: [_value] on Event [Transfer] could be Indexed [Warning/gas-indexed-events]
/sb/0x9eb6d18868587ed09028ef678a8d9e858ecab678.sol:45:5: Missing @notice tag in event 'Approval' [Warning/use-natspec]
/sb/0x9eb6d18868587ed09028ef678a8d9e858ecab678.sol:45:5: Missing @param tag in event 'Approval' [Warning/use-natspec]
/sb/0x9eb6d18868587ed09028ef678a8d9e858ecab678.sol:45:5: Mismatch in @param names for event 'Approval'. Expected: [_owner, _spender, _value], Found: [] [Warning/use-natspec]
/sb/0x9eb6d18868587ed09028ef678a8d9e858ecab678.sol:45:5: GC: [_value] on Event [Approval] could be Indexed [Warning/gas-indexed-events]
/sb/0x9eb6d18868587ed09028ef678a8d9e858ecab678.sol:46:5: Missing @notice tag in event 'Burn' [Warning/use-natspec]
/sb/0x9eb6d18868587ed09028ef678a8d9e858ecab678.sol:46:5: Missing @param tag in event 'Burn' [Warning/use-natspec]
/sb/0x9eb6d18868587ed09028ef678a8d9e858ecab678.sol:46:5: Mismatch in @param names for event 'Burn'. Expected: [burner, value], Found: [] [Warning/use-natspec]
/sb/0x9eb6d18868587ed09028ef678a8d9e858ecab678.sol:46:5: GC: [value] on Event [Burn] could be Indexed [Warning/gas-indexed-events]
/sb/0x9eb6d18868587ed09028ef678a8d9e858ecab678.sol:52:1: Missing @title tag in contract 'StandardToken' [Warning/use-natspec]
/sb/0x9eb6d18868587ed09028ef678a8d9e858ecab678.sol:52:1: Missing @author tag in contract 'StandardToken' [Warning/use-natspec]
/sb/0x9eb6d18868587ed09028ef678a8d9e858ecab678.sol:52:1: Missing @notice tag in contract 'StandardToken' [Warning/use-natspec]
/sb/0x9eb6d18868587ed09028ef678a8d9e858ecab678.sol:54:5: Missing @notice tag in function 'transfer' [Warning/use-natspec]
/sb/0x9eb6d18868587ed09028ef678a8d9e858ecab678.sol:54:5: Missing @param tag in function 'transfer' [Warning/use-natspec]
/sb/0x9eb6d18868587ed09028ef678a8d9e858ecab678.sol:54:5: Mismatch in @param names for function 'transfer'. Expected: [_to, _value], Found: [] [Warning/use-natspec]
/sb/0x9eb6d18868587ed09028ef678a8d9e858ecab678.sol:54:5: Missing @return tag in function 'transfer' [Warning/use-natspec]
/sb/0x9eb6d18868587ed09028ef678a8d9e858ecab678.sol:54:5: Mismatch in @return names for function 'transfer'. Expected: [success], Found: [] [Warning/use-natspec]
/sb/0x9eb6d18868587ed09028ef678a8d9e858ecab678.sol:54:5: Explicitly mark visibility in function [Warning/func-visibility]
/sb/0x9eb6d18868587ed09028ef678a8d9e858ecab678.sol:59:13: GC: Non strict inequality found. Try converting to a strict one [Warning/gas-strict-inequalities]
/sb/0x9eb6d18868587ed09028ef678a8d9e858ecab678.sol:67:5: Missing @notice tag in function 'transferFrom' [Warning/use-natspec]
/sb/0x9eb6d18868587ed09028ef678a8d9e858ecab678.sol:67:5: Missing @param tag in function 'transferFrom' [Warning/use-natspec]
/sb/0x9eb6d18868587ed09028ef678a8d9e858ecab678.sol:67:5: Mismatch in @param names for function 'transferFrom'. Expected: [_from, _to, _value], Found: [] [Warning/use-natspec]
/sb/0x9eb6d18868587ed09028ef678a8d9e858ecab678.sol:67:5: Missing @return tag in function 'transferFrom' [Warning/use-natspec]
/sb/0x9eb6d18868587ed09028ef678a8d9e858ecab678.sol:67:5: Mismatch in @return names for function 'transferFrom'. Expected: [success], Found: [] [Warning/use-natspec]
/sb/0x9eb6d18868587ed09028ef678a8d9e858ecab678.sol:67:5: Explicitly mark visibility in function [Warning/func-visibility]
/sb/0x9eb6d18868587ed09028ef678a8d9e858ecab678.sol:70:13: GC: Non strict inequality found. Try converting to a strict one [Warning/gas-strict-inequalities]
/sb/0x9eb6d18868587ed09028ef678a8d9e858ecab678.sol:70:42: GC: Non strict inequality found. Try converting to a strict one [Warning/gas-strict-inequalities]
/sb/0x9eb6d18868587ed09028ef678a8d9e858ecab678.sol:79:5: Missing @notice tag in function 'balanceOf' [Warning/use-natspec]
/sb/0x9eb6d18868587ed09028ef678a8d9e858ecab678.sol:79:5: Missing @param tag in function 'balanceOf' [Warning/use-natspec]
/sb/0x9eb6d18868587ed09028ef678a8d9e858ecab678.sol:79:5: Mismatch in @param names for function 'balanceOf'. Expected: [_owner], Found: [] [Warning/use-natspec]
/sb/0x9eb6d18868587ed09028ef678a8d9e858ecab678.sol:79:5: Missing @return tag in function 'balanceOf' [Warning/use-natspec]
/sb/0x9eb6d18868587ed09028ef678a8d9e858ecab678.sol:79:5: Mismatch in @return names for function 'balanceOf'. Expected: [balance], Found: [] [Warning/use-natspec]
/sb/0x9eb6d18868587ed09028ef678a8d9e858ecab678.sol:79:5: Explicitly mark visibility in function [Warning/func-visibility]
/sb/0x9eb6d18868587ed09028ef678a8d9e858ecab678.sol:83:5: Missing @notice tag in function 'approve' [Warning/use-natspec]
/sb/0x9eb6d18868587ed09028ef678a8d9e858ecab678.sol:83:5: Missing @param tag in function 'approve' [Warning/use-natspec]
/sb/0x9eb6d18868587ed09028ef678a8d9e858ecab678.sol:83:5: Mismatch in @param names for function 'approve'. Expected: [_spender, _value], Found: [] [Warning/use-natspec]
/sb/0x9eb6d18868587ed09028ef678a8d9e858ecab678.sol:83:5: Missing @return tag in function 'approve' [Warning/use-natspec]
/sb/0x9eb6d18868587ed09028ef678a8d9e858ecab678.sol:83:5: Mismatch in @return names for function 'approve'. Expected: [success], Found: [] [Warning/use-natspec]
/sb/0x9eb6d18868587ed09028ef678a8d9e858ecab678.sol:83:5: Explicitly mark visibility in function [Warning/func-visibility]
/sb/0x9eb6d18868587ed09028ef678a8d9e858ecab678.sol:89:5: Missing @notice tag in function 'burn' [Warning/use-natspec]
/sb/0x9eb6d18868587ed09028ef678a8d9e858ecab678.sol:89:5: Missing @param tag in function 'burn' [Warning/use-natspec]
/sb/0x9eb6d18868587ed09028ef678a8d9e858ecab678.sol:89:5: Mismatch in @param names for function 'burn'. Expected: [_value], Found: [] [Warning/use-natspec]
/sb/0x9eb6d18868587ed09028ef678a8d9e858ecab678.sol:89:5: Missing @return tag in function 'burn' [Warning/use-natspec]
/sb/0x9eb6d18868587ed09028ef678a8d9e858ecab678.sol:89:5: Mismatch in @return names for function 'burn'. Expected: [success], Found: [] [Warning/use-natspec]
/sb/0x9eb6d18868587ed09028ef678a8d9e858ecab678.sol:89:5: Explicitly mark visibility in function [Warning/func-visibility]
/sb/0x9eb6d18868587ed09028ef678a8d9e858ecab678.sol:90:44: "throw" is deprecated, avoid to use it [Warning/avoid-throw]
/sb/0x9eb6d18868587ed09028ef678a8d9e858ecab678.sol:91:7: GC: Non strict inequality found. Try converting to a strict one [Warning/gas-strict-inequalities]
/sb/0x9eb6d18868587ed09028ef678a8d9e858ecab678.sol:91:20: "throw" is deprecated, avoid to use it [Warning/avoid-throw]
/sb/0x9eb6d18868587ed09028ef678a8d9e858ecab678.sol:98:5: Missing @notice tag in function 'allowance' [Warning/use-natspec]
/sb/0x9eb6d18868587ed09028ef678a8d9e858ecab678.sol:98:5: Missing @param tag in function 'allowance' [Warning/use-natspec]
/sb/0x9eb6d18868587ed09028ef678a8d9e858ecab678.sol:98:5: Mismatch in @param names for function 'allowance'. Expected: [_owner, _spender], Found: [] [Warning/use-natspec]
/sb/0x9eb6d18868587ed09028ef678a8d9e858ecab678.sol:98:5: Missing @return tag in function 'allowance' [Warning/use-natspec]
/sb/0x9eb6d18868587ed09028ef678a8d9e858ecab678.sol:98:5: Mismatch in @return names for function 'allowance'. Expected: [remaining], Found: [] [Warning/use-natspec]
/sb/0x9eb6d18868587ed09028ef678a8d9e858ecab678.sol:98:5: Explicitly mark visibility in function [Warning/func-visibility]
/sb/0x9eb6d18868587ed09028ef678a8d9e858ecab678.sol:102:5: Explicitly mark visibility of state [Warning/state-visibility]
/sb/0x9eb6d18868587ed09028ef678a8d9e858ecab678.sol:103:5: Explicitly mark visibility of state [Warning/state-visibility]
/sb/0x9eb6d18868587ed09028ef678a8d9e858ecab678.sol:104:5: Missing @notice tag in variable 'totalSupply' [Warning/use-natspec]
/sb/0x9eb6d18868587ed09028ef678a8d9e858ecab678.sol:109:1: Missing @title tag in contract 'MathisTestToken' [Warning/use-natspec]
/sb/0x9eb6d18868587ed09028ef678a8d9e858ecab678.sol:109:1: Missing @author tag in contract 'MathisTestToken' [Warning/use-natspec]
/sb/0x9eb6d18868587ed09028ef678a8d9e858ecab678.sol:109:1: Missing @notice tag in contract 'MathisTestToken' [Warning/use-natspec]
/sb/0x9eb6d18868587ed09028ef678a8d9e858ecab678.sol:111:5: Missing @notice tag in function '<anonymous>' [Warning/use-natspec]
/sb/0x9eb6d18868587ed09028ef678a8d9e858ecab678.sol:111:5: Explicitly mark visibility in function [Warning/func-visibility]
/sb/0x9eb6d18868587ed09028ef678a8d9e858ecab678.sol:113:9: "throw" is deprecated, avoid to use it [Warning/avoid-throw]
/sb/0x9eb6d18868587ed09028ef678a8d9e858ecab678.sol:124:5: Missing @notice tag in variable 'name' [Warning/use-natspec]
/sb/0x9eb6d18868587ed09028ef678a8d9e858ecab678.sol:125:5: Missing @notice tag in variable 'decimals' [Warning/use-natspec]
/sb/0x9eb6d18868587ed09028ef678a8d9e858ecab678.sol:126:5: Missing @notice tag in variable 'symbol' [Warning/use-natspec]
/sb/0x9eb6d18868587ed09028ef678a8d9e858ecab678.sol:127:5: Missing @notice tag in variable 'version' [Warning/use-natspec]
/sb/0x9eb6d18868587ed09028ef678a8d9e858ecab678.sol:127:29: Use double quotes for string literals [Error/quotes]
/sb/0x9eb6d18868587ed09028ef678a8d9e858ecab678.sol:135:5: Missing @notice tag in function 'MathisTestToken' [Warning/use-natspec]
/sb/0x9eb6d18868587ed09028ef678a8d9e858ecab678.sol:135:5: Constructors should use the new constructor keyword. [Warning/constructor-syntax]
/sb/0x9eb6d18868587ed09028ef678a8d9e858ecab678.sol:135:5: Explicitly mark visibility in function (Set ignoreConstructors to true if using solidity >=0.7.0) [Warning/func-visibility]
/sb/0x9eb6d18868587ed09028ef678a8d9e858ecab678.sol:149:5: Missing @notice tag in function 'approveAndCall' [Warning/use-natspec]
/sb/0x9eb6d18868587ed09028ef678a8d9e858ecab678.sol:149:5: Missing @param tag in function 'approveAndCall' [Warning/use-natspec]
/sb/0x9eb6d18868587ed09028ef678a8d9e858ecab678.sol:149:5: Mismatch in @param names for function 'approveAndCall'. Expected: [_spender, _value, _extraData], Found: [] [Warning/use-natspec]
/sb/0x9eb6d18868587ed09028ef678a8d9e858ecab678.sol:149:5: Missing @return tag in function 'approveAndCall' [Warning/use-natspec]
/sb/0x9eb6d18868587ed09028ef678a8d9e858ecab678.sol:149:5: Mismatch in @return names for function 'approveAndCall'. Expected: [success], Found: [] [Warning/use-natspec]
/sb/0x9eb6d18868587ed09028ef678a8d9e858ecab678.sol:149:5: Explicitly mark visibility in function [Warning/func-visibility]
/sb/0x9eb6d18868587ed09028ef678a8d9e858ecab678.sol:156:13: Avoid to use low level calls. [Warning/avoid-low-level-calls]
/sb/0x9eb6d18868587ed09028ef678a8d9e858ecab678.sol:156:42: GC: String exceeds 32 bytes [Warning/gas-small-strings]
/sb/0x9eb6d18868587ed09028ef678a8d9e858ecab678.sol:156:42: Use "keccak256" instead of deprecated "sha3" [Warning/avoid-sha3]
/sb/0x9eb6d18868587ed09028ef678a8d9e858ecab678.sol:156:141: "throw" is deprecated, avoid to use it [Warning/avoid-throw]

123 problem/s (2 error/s, 121 warning/s)
