ANTLR runtime and generated code versions disagree: 4.9.2!=4.7.2
ANTLR runtime and generated code versions disagree: 4.9.2!=4.7.2
Analysing /sb/0x21fd831991db41d21835f1ae78b720d6f1a6c33b.sol:AddressWhitelist...
Analysing /sb/0x21fd831991db41d21835f1ae78b720d6f1a6c33b.sol:Ownable...
Analysing /sb/0x21fd831991db41d21835f1ae78b720d6f1a6c33b.sol:PausableToken...
Nothing to analyse
Analysing /sb/0x21fd831991db41d21835f1ae78b720d6f1a6c33b.sol:RtcTokenCrowdsale...
Vulnerability: Time Manipulation. Maybe in function: refund(). PC: 0xe7d. Line number: 268.
Vulnerability: Time Manipulation. Maybe in function: isWhitelisted(address). PC: 0x1a39. Line number: 178.
Vulnerability: Time Manipulation. Maybe in function: isWhitelisted(address). PC: 0x1abd. Line number: 184.
Vulnerability: Time Manipulation. Maybe in function: refund(). PC: 0xfe6. Line number: 280.
Vulnerability: Time Manipulation. Maybe in function: isWhitelisted(address). PC: 0x1a24. Line number: 176.
Vulnerability: Integer Overflow. Maybe in function: isWhitelisted(address). PC: 0x1a42. Line number: 178.
If a = 115792089237316195423570985008687907853269984665640564039457584007913129639614
and b = 86400
Vulnerability: Time Manipulation. Maybe in function: isWhitelisted(address). PC: 0x1a91. Line number: 182.
Vulnerability: Time Manipulation. Maybe in function: refund(). PC: 0xef4. Line number: 272.
Vulnerability: Integer Overflow. Maybe in function: updateDuration(uint256). PC: 0x12a5. Line number: 199.
If a = 1
and b = 115792089237316195423570985008687907853269984665640564039457584007913129639935
Vulnerability: Time Manipulation. Maybe in function: refund(). PC: 0xe06. Line number: 264.
Vulnerability: Time Manipulation. Maybe in function: isWhitelisted(address). PC: 0x19fe. Line number: 174.
Vulnerability: Integer Overflow. Maybe in function: isWhitelisted(address). PC: 0x19d8. Line number: 173.
If a = 115792089237316195423570985008687907853248717017708004781028213287634056773632
and b = 21267647932559258429370720279072866304
Vulnerability: Reentrancy. Maybe in function: refund(). PC: 0x11d4. Line number: 258.
Vulnerability: Time Manipulation. Maybe in function: isWhitelisted(address). PC: 0x1a65. Line number: 180.
Vulnerability: Time Manipulation. Maybe in function: BuyRTCtokens(). PC: 0x91a. Line number: 221.
Vulnerability: Integer Overflow. Maybe in function: updateDuration(uint256). PC: 0x1284. Line number: 197.
If a = 1
and b = 115792089237316195423570985008687907853269984665640564039457584007913129639935
Analysing /sb/0x21fd831991db41d21835f1ae78b720d6f1a6c33b.sol:SafeMath...
