'solc --version' running
'solc /sb/0x1ac68e35dbd49a7250fa1b1ceb9dbd3110edaf50.sol --combined-json abi,ast,bin,bin-runtime,srcmap,srcmap-runtime,userdoc,devdoc,hashes,compact-format --allow-paths .,/sb' running
Compilation warnings/errors on /sb/0x1ac68e35dbd49a7250fa1b1ceb9dbd3110edaf50.sol:
/sb/0x1ac68e35dbd49a7250fa1b1ceb9dbd3110edaf50.sol:133:5: Warning: Defining constructors as functions with the same name as the contract is deprecated. Use "constructor(...) { ... }" instead.
    function VikkyToken () public {
    ^ (Relevant source part starts here and spans across multiple lines).


VikkyToken.reclaimFund(address) (../sb/0x1ac68e35dbd49a7250fa1b1ceb9dbd3110edaf50.sol#410-437) sends eth to arbitrary user
	Dangerous calls:
	- _participant.transfer(amount) (../sb/0x1ac68e35dbd49a7250fa1b1ceb9dbd3110edaf50.sol#432)
Reference: https://github.com/crytic/slither/wiki/Detector-Documentation#functions-that-send-ether-to-arbitrary-destinations

VikkyToken.buyTokens() (../sb/0x1ac68e35dbd49a7250fa1b1ceb9dbd3110edaf50.sol#258-308) performs a multiplication on the result of a division:
	- tokens = tokensPerEth.mul(msg.value) / 1000000000000000000 (../sb/0x1ac68e35dbd49a7250fa1b1ceb9dbd3110edaf50.sol#281)
	- tokens = tokens.mul(100 + BONUS_ICO_ROUND3) / 100 (../sb/0x1ac68e35dbd49a7250fa1b1ceb9dbd3110edaf50.sol#294)
VikkyToken.buyTokens() (../sb/0x1ac68e35dbd49a7250fa1b1ceb9dbd3110edaf50.sol#258-308) performs a multiplication on the result of a division:
	- tokens = tokens.mul(100 + BONUS_ICO_ROUND2) / 100 (../sb/0x1ac68e35dbd49a7250fa1b1ceb9dbd3110edaf50.sol#291)
	- tokens = tokens.mul(100 + BONUS_ICO_ROUND3) / 100 (../sb/0x1ac68e35dbd49a7250fa1b1ceb9dbd3110edaf50.sol#294)
VikkyToken.buyTokens() (../sb/0x1ac68e35dbd49a7250fa1b1ceb9dbd3110edaf50.sol#258-308) performs a multiplication on the result of a division:
	- tokens = tokens.mul(100 + BONUS_ICO_ROUND1) / 100 (../sb/0x1ac68e35dbd49a7250fa1b1ceb9dbd3110edaf50.sol#288)
	- tokens = tokens.mul(100 + BONUS_ICO_ROUND2) / 100 (../sb/0x1ac68e35dbd49a7250fa1b1ceb9dbd3110edaf50.sol#291)
VikkyToken.buyTokens() (../sb/0x1ac68e35dbd49a7250fa1b1ceb9dbd3110edaf50.sol#258-308) performs a multiplication on the result of a division:
	- tokens = tokens.mul(100 + BONUS_PRESALE) / 100 (../sb/0x1ac68e35dbd49a7250fa1b1ceb9dbd3110edaf50.sol#285)
	- tokens = tokens.mul(100 + BONUS_ICO_ROUND1) / 100 (../sb/0x1ac68e35dbd49a7250fa1b1ceb9dbd3110edaf50.sol#288)
Reference: https://github.com/crytic/slither/wiki/Detector-Documentation#divide-before-multiply

VikkyToken.totalSupply (../sb/0x1ac68e35dbd49a7250fa1b1ceb9dbd3110edaf50.sol#84) shadows:
	- ERC20Basic.totalSupply (../sb/0x1ac68e35dbd49a7250fa1b1ceb9dbd3110edaf50.sol#41)
Reference: https://github.com/crytic/slither/wiki/Detector-Documentation#state-variable-shadowing-from-abstract-contracts

VikkyToken.transferOwnership(address) (../sb/0x1ac68e35dbd49a7250fa1b1ceb9dbd3110edaf50.sol#155-159) should emit an event for: 
	- owner = newOwner (../sb/0x1ac68e35dbd49a7250fa1b1ceb9dbd3110edaf50.sol#157) 
Reference: https://github.com/crytic/slither/wiki/Detector-Documentation#missing-events-access-control

VikkyToken.reclaimFund(address) (../sb/0x1ac68e35dbd49a7250fa1b1ceb9dbd3110edaf50.sol#410-437) has external calls inside a loop: _participant.transfer(amount) (../sb/0x1ac68e35dbd49a7250fa1b1ceb9dbd3110edaf50.sol#432)
	Calls stack containing the loop:
		VikkyToken.reclaimFundMultiple(address[])
Reference: https://github.com/crytic/slither/wiki/Detector-Documentation/#calls-inside-a-loop

VikkyToken.updateTokensPerEth(uint256) (../sb/0x1ac68e35dbd49a7250fa1b1ceb9dbd3110edaf50.sol#248-252) uses timestamp for comparisons
	Dangerous comparisons:
	- require(bool)(atNow() < DATE_PRESALE_START) (../sb/0x1ac68e35dbd49a7250fa1b1ceb9dbd3110edaf50.sol#249)
VikkyToken.buyTokens() (../sb/0x1ac68e35dbd49a7250fa1b1ceb9dbd3110edaf50.sol#258-308) uses timestamp for comparisons
	Dangerous comparisons:
	- ts > DATE_PRESALE_START && ts < DATE_PRESALE_END (../sb/0x1ac68e35dbd49a7250fa1b1ceb9dbd3110edaf50.sol#271)
	- ts > DATE_ICO_START && ts < DATE_ICO_END (../sb/0x1ac68e35dbd49a7250fa1b1ceb9dbd3110edaf50.sol#272)
	- ts < DATE_ICO_START + 604800 (../sb/0x1ac68e35dbd49a7250fa1b1ceb9dbd3110edaf50.sol#286)
	- ts < DATE_ICO_START + 1209600 (../sb/0x1ac68e35dbd49a7250fa1b1ceb9dbd3110edaf50.sol#289)
	- ts < DATE_ICO_START + 1814400 (../sb/0x1ac68e35dbd49a7250fa1b1ceb9dbd3110edaf50.sol#292)
VikkyToken.reclaimFund(address) (../sb/0x1ac68e35dbd49a7250fa1b1ceb9dbd3110edaf50.sol#410-437) uses timestamp for comparisons
	Dangerous comparisons:
	- require(bool)(atNow() > DATE_ICO_END && ! icoThresholdReached()) (../sb/0x1ac68e35dbd49a7250fa1b1ceb9dbd3110edaf50.sol#415)
Reference: https://github.com/crytic/slither/wiki/Detector-Documentation#block-timestamp

VikkyToken.transfer(address,uint256) (../sb/0x1ac68e35dbd49a7250fa1b1ceb9dbd3110edaf50.sol#335-346) compares to a boolean constant:
	-require(bool)(locked[_to] == false) (../sb/0x1ac68e35dbd49a7250fa1b1ceb9dbd3110edaf50.sol#340)
VikkyToken.transfer(address,uint256) (../sb/0x1ac68e35dbd49a7250fa1b1ceb9dbd3110edaf50.sol#335-346) compares to a boolean constant:
	-require(bool)(locked[msg.sender] == false) (../sb/0x1ac68e35dbd49a7250fa1b1ceb9dbd3110edaf50.sol#339)
VikkyToken.transferFrom(address,address,uint256) (../sb/0x1ac68e35dbd49a7250fa1b1ceb9dbd3110edaf50.sol#348-361) compares to a boolean constant:
	-require(bool)(locked[msg.sender] == false) (../sb/0x1ac68e35dbd49a7250fa1b1ceb9dbd3110edaf50.sol#353)
VikkyToken.transferFrom(address,address,uint256) (../sb/0x1ac68e35dbd49a7250fa1b1ceb9dbd3110edaf50.sol#348-361) compares to a boolean constant:
	-require(bool)(locked[_to] == false) (../sb/0x1ac68e35dbd49a7250fa1b1ceb9dbd3110edaf50.sol#354)
Reference: https://github.com/crytic/slither/wiki/Detector-Documentation#boolean-equality

VikkyToken.distr(address,uint256) (../sb/0x1ac68e35dbd49a7250fa1b1ceb9dbd3110edaf50.sol#168-185) has costly operations inside a loop:
	- totalDistributed = totalDistributed.add(_amount) (../sb/0x1ac68e35dbd49a7250fa1b1ceb9dbd3110edaf50.sol#169)
	Calls stack containing the loop:
		VikkyToken.distribution(address[],uint256)
VikkyToken.distr(address,uint256) (../sb/0x1ac68e35dbd49a7250fa1b1ceb9dbd3110edaf50.sol#168-185) has costly operations inside a loop:
	- totalRemaining = totalRemaining.sub(_amount) (../sb/0x1ac68e35dbd49a7250fa1b1ceb9dbd3110edaf50.sol#170)
	Calls stack containing the loop:
		VikkyToken.distribution(address[],uint256)
VikkyToken.distr(address,uint256) (../sb/0x1ac68e35dbd49a7250fa1b1ceb9dbd3110edaf50.sol#168-185) has costly operations inside a loop:
	- totalDistributed = totalDistributed.add(_amount) (../sb/0x1ac68e35dbd49a7250fa1b1ceb9dbd3110edaf50.sol#169)
	Calls stack containing the loop:
		VikkyToken.distributeAmounts(address[],uint256[])
VikkyToken.distr(address,uint256) (../sb/0x1ac68e35dbd49a7250fa1b1ceb9dbd3110edaf50.sol#168-185) has costly operations inside a loop:
	- totalRemaining = totalRemaining.sub(_amount) (../sb/0x1ac68e35dbd49a7250fa1b1ceb9dbd3110edaf50.sol#170)
	Calls stack containing the loop:
		VikkyToken.distributeAmounts(address[],uint256[])
VikkyToken.distributeAmounts(address[],uint256[]) (../sb/0x1ac68e35dbd49a7250fa1b1ceb9dbd3110edaf50.sol#201-213) has costly operations inside a loop:
	- distributionFinished = true (../sb/0x1ac68e35dbd49a7250fa1b1ceb9dbd3110edaf50.sol#210)
VikkyToken.doAirdrop(address,uint256) (../sb/0x1ac68e35dbd49a7250fa1b1ceb9dbd3110edaf50.sol#215-230) has costly operations inside a loop:
	- totalDistributed = totalDistributed.add(airdrop) (../sb/0x1ac68e35dbd49a7250fa1b1ceb9dbd3110edaf50.sol#223)
	Calls stack containing the loop:
		VikkyToken.adminClaimAirdropMultiple(address[],uint256)
VikkyToken.doAirdrop(address,uint256) (../sb/0x1ac68e35dbd49a7250fa1b1ceb9dbd3110edaf50.sol#215-230) has costly operations inside a loop:
	- totalRemaining = totalRemaining.sub(airdrop) (../sb/0x1ac68e35dbd49a7250fa1b1ceb9dbd3110edaf50.sol#224)
	Calls stack containing the loop:
		VikkyToken.adminClaimAirdropMultiple(address[],uint256)
VikkyToken.doAirdrop(address,uint256) (../sb/0x1ac68e35dbd49a7250fa1b1ceb9dbd3110edaf50.sol#215-230) has costly operations inside a loop:
	- tokensClaimedAirdrop = tokensClaimedAirdrop.add(airdrop) (../sb/0x1ac68e35dbd49a7250fa1b1ceb9dbd3110edaf50.sol#225)
	Calls stack containing the loop:
		VikkyToken.adminClaimAirdropMultiple(address[],uint256)
VikkyToken.doAirdrop(address,uint256) (../sb/0x1ac68e35dbd49a7250fa1b1ceb9dbd3110edaf50.sol#215-230) has costly operations inside a loop:
	- totalDistributed = totalDistributed.add(airdrop) (../sb/0x1ac68e35dbd49a7250fa1b1ceb9dbd3110edaf50.sol#223)
	Calls stack containing the loop:
		VikkyToken.systemClaimAirdropMultiple(address[])
VikkyToken.doAirdrop(address,uint256) (../sb/0x1ac68e35dbd49a7250fa1b1ceb9dbd3110edaf50.sol#215-230) has costly operations inside a loop:
	- totalRemaining = totalRemaining.sub(airdrop) (../sb/0x1ac68e35dbd49a7250fa1b1ceb9dbd3110edaf50.sol#224)
	Calls stack containing the loop:
		VikkyToken.systemClaimAirdropMultiple(address[])
VikkyToken.doAirdrop(address,uint256) (../sb/0x1ac68e35dbd49a7250fa1b1ceb9dbd3110edaf50.sol#215-230) has costly operations inside a loop:
	- tokensClaimedAirdrop = tokensClaimedAirdrop.add(airdrop) (../sb/0x1ac68e35dbd49a7250fa1b1ceb9dbd3110edaf50.sol#225)
	Calls stack containing the loop:
		VikkyToken.systemClaimAirdropMultiple(address[])
VikkyToken.reclaimFund(address) (../sb/0x1ac68e35dbd49a7250fa1b1ceb9dbd3110edaf50.sol#410-437) has costly operations inside a loop:
	- totalDistributed = totalDistributed.sub(tokens) (../sb/0x1ac68e35dbd49a7250fa1b1ceb9dbd3110edaf50.sol#428)
	Calls stack containing the loop:
		VikkyToken.reclaimFundMultiple(address[])
Reference: https://github.com/crytic/slither/wiki/Detector-Documentation#costly-operations-inside-a-loop

VikkyToken.totalRemaining (../sb/0x1ac68e35dbd49a7250fa1b1ceb9dbd3110edaf50.sol#86) is set pre-construction with a non-constant function or state variable:
	- totalSupply.sub(totalDistributed)
Reference: https://github.com/crytic/slither/wiki/Detector-Documentation#function-initializing-state

Version constraint ^0.4.18 contains known severe issues (https://solidity.readthedocs.io/en/latest/bugs.html)
	- DirtyBytesArrayToStorage
	- ABIDecodeTwoDimensionalArrayMemory
	- KeccakCaching
	- EmptyByteArrayCopy
	- DynamicArrayCleanup
	- ImplicitConstructorCallvalueCheck
	- TupleAssignmentMultiStackSlotComponents
	- MemoryArrayCreationOverflow
	- privateCanBeOverridden
	- SignedArrayStorageCopy
	- ABIEncoderV2StorageArrayWithMultiSlotElement
	- DynamicConstructorArgumentsClippedABIV2
	- UninitializedFunctionPointerInConstructor_0.4.x
	- IncorrectEventSignatureInLibraries_0.4.x
	- ExpExponentCleanup
	- EventStructWrongData
	- NestedArrayFunctionCallDecoder.
It is used by:
	- ^0.4.18 (../sb/0x1ac68e35dbd49a7250fa1b1ceb9dbd3110edaf50.sol#1)
solc-0.4.26 is an outdated solc version. Use a more recent version (at least 0.8.0), if possible.
Reference: https://github.com/crytic/slither/wiki/Detector-Documentation#incorrect-versions-of-solidity

Parameter VikkyToken.distr(address,uint256)._to (../sb/0x1ac68e35dbd49a7250fa1b1ceb9dbd3110edaf50.sol#168) is not in mixedCase
Parameter VikkyToken.distr(address,uint256)._amount (../sb/0x1ac68e35dbd49a7250fa1b1ceb9dbd3110edaf50.sol#168) is not in mixedCase
Parameter VikkyToken.doAirdrop(address,uint256)._participant (../sb/0x1ac68e35dbd49a7250fa1b1ceb9dbd3110edaf50.sol#215) is not in mixedCase
Parameter VikkyToken.adminClaimAirdrop(address,uint256)._participant (../sb/0x1ac68e35dbd49a7250fa1b1ceb9dbd3110edaf50.sol#232) is not in mixedCase
Parameter VikkyToken.adminClaimAirdropMultiple(address[],uint256)._addresses (../sb/0x1ac68e35dbd49a7250fa1b1ceb9dbd3110edaf50.sol#236) is not in mixedCase
Parameter VikkyToken.systemClaimAirdropMultiple(address[])._addresses (../sb/0x1ac68e35dbd49a7250fa1b1ceb9dbd3110edaf50.sol#240) is not in mixedCase
Parameter VikkyToken.updateTokensPerEth(uint256)._tokensPerEth (../sb/0x1ac68e35dbd49a7250fa1b1ceb9dbd3110edaf50.sol#248) is not in mixedCase
Parameter VikkyToken.balanceOf(address)._owner (../sb/0x1ac68e35dbd49a7250fa1b1ceb9dbd3110edaf50.sol#310) is not in mixedCase
Parameter VikkyToken.removeLock(address)._participant (../sb/0x1ac68e35dbd49a7250fa1b1ceb9dbd3110edaf50.sol#324) is not in mixedCase
Parameter VikkyToken.removeLockMultiple(address[])._participants (../sb/0x1ac68e35dbd49a7250fa1b1ceb9dbd3110edaf50.sol#329) is not in mixedCase
Parameter VikkyToken.transfer(address,uint256)._to (../sb/0x1ac68e35dbd49a7250fa1b1ceb9dbd3110edaf50.sol#335) is not in mixedCase
Parameter VikkyToken.transfer(address,uint256)._amount (../sb/0x1ac68e35dbd49a7250fa1b1ceb9dbd3110edaf50.sol#335) is not in mixedCase
Parameter VikkyToken.transferFrom(address,address,uint256)._from (../sb/0x1ac68e35dbd49a7250fa1b1ceb9dbd3110edaf50.sol#348) is not in mixedCase
Parameter VikkyToken.transferFrom(address,address,uint256)._to (../sb/0x1ac68e35dbd49a7250fa1b1ceb9dbd3110edaf50.sol#348) is not in mixedCase
Parameter VikkyToken.transferFrom(address,address,uint256)._amount (../sb/0x1ac68e35dbd49a7250fa1b1ceb9dbd3110edaf50.sol#348) is not in mixedCase
Parameter VikkyToken.approve(address,uint256)._spender (../sb/0x1ac68e35dbd49a7250fa1b1ceb9dbd3110edaf50.sol#363) is not in mixedCase
Parameter VikkyToken.approve(address,uint256)._value (../sb/0x1ac68e35dbd49a7250fa1b1ceb9dbd3110edaf50.sol#363) is not in mixedCase
Parameter VikkyToken.allowance(address,address)._owner (../sb/0x1ac68e35dbd49a7250fa1b1ceb9dbd3110edaf50.sol#371) is not in mixedCase
Parameter VikkyToken.allowance(address,address)._spender (../sb/0x1ac68e35dbd49a7250fa1b1ceb9dbd3110edaf50.sol#371) is not in mixedCase
Parameter VikkyToken.burn(uint256)._value (../sb/0x1ac68e35dbd49a7250fa1b1ceb9dbd3110edaf50.sol#387) is not in mixedCase
Parameter VikkyToken.withdrawForeignTokens(address)._tokenContract (../sb/0x1ac68e35dbd49a7250fa1b1ceb9dbd3110edaf50.sol#399) is not in mixedCase
Parameter VikkyToken.reclaimFund(address)._participant (../sb/0x1ac68e35dbd49a7250fa1b1ceb9dbd3110edaf50.sol#410) is not in mixedCase
Parameter VikkyToken.reclaimFundMultiple(address[])._participants (../sb/0x1ac68e35dbd49a7250fa1b1ceb9dbd3110edaf50.sol#439) is not in mixedCase
Reference: https://github.com/crytic/slither/wiki/Detector-Documentation#conformance-to-solidity-naming-conventions

Reentrancy in VikkyToken.reclaimFund(address) (../sb/0x1ac68e35dbd49a7250fa1b1ceb9dbd3110edaf50.sol#410-437):
	External calls:
	- _participant.transfer(amount) (../sb/0x1ac68e35dbd49a7250fa1b1ceb9dbd3110edaf50.sol#432)
	Event emitted after the call(s):
	- Refund(_participant,amount,tokens) (../sb/0x1ac68e35dbd49a7250fa1b1ceb9dbd3110edaf50.sol#436)
	- Transfer(_participant,0x0,tokens) (../sb/0x1ac68e35dbd49a7250fa1b1ceb9dbd3110edaf50.sol#435)
Reference: https://github.com/crytic/slither/wiki/Detector-Documentation#reentrancy-vulnerabilities-4

ERC20Basic.totalSupply (../sb/0x1ac68e35dbd49a7250fa1b1ceb9dbd3110edaf50.sol#41) should be constant 
VikkyToken.tokensAirdrop (../sb/0x1ac68e35dbd49a7250fa1b1ceb9dbd3110edaf50.sol#89) should be constant 
VikkyToken.totalDistributedAirdrop (../sb/0x1ac68e35dbd49a7250fa1b1ceb9dbd3110edaf50.sol#91) should be constant 
Reference: https://github.com/crytic/slither/wiki/Detector-Documentation#state-variables-that-could-be-declared-constant

distribution(address[],uint256) should be declared external:
	- VikkyToken.distribution(address[],uint256) (../sb/0x1ac68e35dbd49a7250fa1b1ceb9dbd3110edaf50.sol#187-199)
distributeAmounts(address[],uint256[]) should be declared external:
	- VikkyToken.distributeAmounts(address[],uint256[]) (../sb/0x1ac68e35dbd49a7250fa1b1ceb9dbd3110edaf50.sol#201-213)
removeLockMultiple(address[]) should be declared external:
	- VikkyToken.removeLockMultiple(address[]) (../sb/0x1ac68e35dbd49a7250fa1b1ceb9dbd3110edaf50.sol#329-333)
reclaimFundMultiple(address[]) should be declared external:
	- VikkyToken.reclaimFundMultiple(address[]) (../sb/0x1ac68e35dbd49a7250fa1b1ceb9dbd3110edaf50.sol#439-443)
Reference: https://github.com/crytic/slither/wiki/Detector-Documentation#public-function-that-could-be-declared-external
/sb/0x1ac68e35dbd49a7250fa1b1ceb9dbd3110edaf50.sol analyzed (6 contracts with 100 detectors), 61 result(s) found
