'solc --version' running
'solc /sb/0x35230624acd4f5ff320de29f8c8fa75d986715bc.sol --combined-json abi,ast,bin,bin-runtime,srcmap,srcmap-runtime,userdoc,devdoc,hashes,compact-format --allow-paths .,/sb' running

Version constraint >=0.4.22<0.6.0 contains known severe issues (https://solidity.readthedocs.io/en/latest/bugs.html)
	- DirtyBytesArrayToStorage
	- ABIDecodeTwoDimensionalArrayMemory
	- KeccakCaching
	- EmptyByteArrayCopy
	- DynamicArrayCleanup
	- ImplicitConstructorCallvalueCheck
	- TupleAssignmentMultiStackSlotComponents
	- MemoryArrayCreationOverflow
	- privateCanBeOverridden
	- SignedArrayStorageCopy
	- ABIEncoderV2StorageArrayWithMultiSlotElement
	- DynamicConstructorArgumentsClippedABIV2
	- UninitializedFunctionPointerInConstructor_0.4.x
	- IncorrectEventSignatureInLibraries_0.4.x
	- ABIEncoderV2PackedStorage_0.4.x
	- ExpExponentCleanup
	- EventStructWrongData
	- OneOfTwoConstructorsSkipped.
It is used by:
	- >=0.4.22<0.6.0 (../sb/0x35230624acd4f5ff320de29f8c8fa75d986715bc.sol#1)
solc-0.4.26 is an outdated solc version. Use a more recent version (at least 0.8.0), if possible.
Reference: https://github.com/crytic/slither/wiki/Detector-Documentation#incorrect-versions-of-solidity

Contract tokenRecipient (../sb/0x35230624acd4f5ff320de29f8c8fa75d986715bc.sol#4-6) is not in CapWords
Parameter ZEROTOP.transfer(address,uint256)._to (../sb/0x35230624acd4f5ff320de29f8c8fa75d986715bc.sol#75) is not in mixedCase
Parameter ZEROTOP.transfer(address,uint256)._value (../sb/0x35230624acd4f5ff320de29f8c8fa75d986715bc.sol#75) is not in mixedCase
Parameter ZEROTOP.transferFrom(address,address,uint256)._from (../sb/0x35230624acd4f5ff320de29f8c8fa75d986715bc.sol#89) is not in mixedCase
Parameter ZEROTOP.transferFrom(address,address,uint256)._to (../sb/0x35230624acd4f5ff320de29f8c8fa75d986715bc.sol#89) is not in mixedCase
Parameter ZEROTOP.transferFrom(address,address,uint256)._value (../sb/0x35230624acd4f5ff320de29f8c8fa75d986715bc.sol#89) is not in mixedCase
Parameter ZEROTOP.approve(address,uint256)._spender (../sb/0x35230624acd4f5ff320de29f8c8fa75d986715bc.sol#104) is not in mixedCase
Parameter ZEROTOP.approve(address,uint256)._value (../sb/0x35230624acd4f5ff320de29f8c8fa75d986715bc.sol#104) is not in mixedCase
Parameter ZEROTOP.approveAndCall(address,uint256,bytes)._spender (../sb/0x35230624acd4f5ff320de29f8c8fa75d986715bc.sol#120) is not in mixedCase
Parameter ZEROTOP.approveAndCall(address,uint256,bytes)._value (../sb/0x35230624acd4f5ff320de29f8c8fa75d986715bc.sol#120) is not in mixedCase
Parameter ZEROTOP.approveAndCall(address,uint256,bytes)._extraData (../sb/0x35230624acd4f5ff320de29f8c8fa75d986715bc.sol#120) is not in mixedCase
Parameter ZEROTOP.burn(uint256)._value (../sb/0x35230624acd4f5ff320de29f8c8fa75d986715bc.sol#137) is not in mixedCase
Parameter ZEROTOP.burnFrom(address,uint256)._from (../sb/0x35230624acd4f5ff320de29f8c8fa75d986715bc.sol#153) is not in mixedCase
Parameter ZEROTOP.burnFrom(address,uint256)._value (../sb/0x35230624acd4f5ff320de29f8c8fa75d986715bc.sol#153) is not in mixedCase
Reference: https://github.com/crytic/slither/wiki/Detector-Documentation#conformance-to-solidity-naming-conventions

ZEROTOP.decimals (../sb/0x35230624acd4f5ff320de29f8c8fa75d986715bc.sol#12) should be constant 
Reference: https://github.com/crytic/slither/wiki/Detector-Documentation#state-variables-that-could-be-declared-constant

approveAndCall(address,uint256,bytes) should be declared external:
	- ZEROTOP.approveAndCall(address,uint256,bytes) (../sb/0x35230624acd4f5ff320de29f8c8fa75d986715bc.sol#120-128)
Reference: https://github.com/crytic/slither/wiki/Detector-Documentation#public-function-that-could-be-declared-external
/sb/0x35230624acd4f5ff320de29f8c8fa75d986715bc.sol analyzed (2 contracts with 100 detectors), 18 result(s) found
