A new version of Solhint is available: 6.0.1
Please consider updating your Solhint package.
/sb/0x00ef6d929b76dfbf4b87d3796c76920708314fd1.sol:7:1: Found more than One contract per file. 8 contracts found! [Warning/one-contract-per-file]
/sb/0x00ef6d929b76dfbf4b87d3796c76920708314fd1.sol:7:1: Compiler version ^0.8.0 does not satisfy the ^0.8.24 semver requirement [Error/compiler-version]
/sb/0x00ef6d929b76dfbf4b87d3796c76920708314fd1.sol:29:1: Missing @title tag in contract 'IERC165' [Warning/use-natspec]
/sb/0x00ef6d929b76dfbf4b87d3796c76920708314fd1.sol:29:1: Missing @author tag in contract 'IERC165' [Warning/use-natspec]
/sb/0x00ef6d929b76dfbf4b87d3796c76920708314fd1.sol:29:1: Missing @notice tag in contract 'IERC165' [Warning/use-natspec]
/sb/0x00ef6d929b76dfbf4b87d3796c76920708314fd1.sol:47:5: Missing @notice tag in function 'supportsInterface' [Warning/use-natspec]
/sb/0x00ef6d929b76dfbf4b87d3796c76920708314fd1.sol:47:5: Missing @param tag in function 'supportsInterface' [Warning/use-natspec]
/sb/0x00ef6d929b76dfbf4b87d3796c76920708314fd1.sol:47:5: Mismatch in @param names for function 'supportsInterface'. Expected: [interfaceId], Found: [] [Warning/use-natspec]
/sb/0x00ef6d929b76dfbf4b87d3796c76920708314fd1.sol:47:5: Missing @return tag in function 'supportsInterface' [Warning/use-natspec]
/sb/0x00ef6d929b76dfbf4b87d3796c76920708314fd1.sol:47:5: Mismatch in @return count for function 'supportsInterface'. Expected: 1, Found: 0 [Warning/use-natspec]
/sb/0x00ef6d929b76dfbf4b87d3796c76920708314fd1.sol:51:1: Compiler version ^0.8.0 does not satisfy the ^0.8.24 semver requirement [Error/compiler-version]
/sb/0x00ef6d929b76dfbf4b87d3796c76920708314fd1.sol:81:1: Missing @title tag in contract 'ERC165' [Warning/use-natspec]
/sb/0x00ef6d929b76dfbf4b87d3796c76920708314fd1.sol:81:1: Missing @author tag in contract 'ERC165' [Warning/use-natspec]
/sb/0x00ef6d929b76dfbf4b87d3796c76920708314fd1.sol:81:1: Missing @notice tag in contract 'ERC165' [Warning/use-natspec]
/sb/0x00ef6d929b76dfbf4b87d3796c76920708314fd1.sol:89:5: Missing @notice tag in function 'supportsInterface' [Warning/use-natspec]
/sb/0x00ef6d929b76dfbf4b87d3796c76920708314fd1.sol:89:5: Missing @param tag in function 'supportsInterface' [Warning/use-natspec]
/sb/0x00ef6d929b76dfbf4b87d3796c76920708314fd1.sol:89:5: Mismatch in @param names for function 'supportsInterface'. Expected: [interfaceId], Found: [] [Warning/use-natspec]
/sb/0x00ef6d929b76dfbf4b87d3796c76920708314fd1.sol:89:5: Missing @return tag in function 'supportsInterface' [Warning/use-natspec]
/sb/0x00ef6d929b76dfbf4b87d3796c76920708314fd1.sol:89:5: Mismatch in @return count for function 'supportsInterface'. Expected: 1, Found: 0 [Warning/use-natspec]
/sb/0x00ef6d929b76dfbf4b87d3796c76920708314fd1.sol:99:1: Compiler version ^0.8.0 does not satisfy the ^0.8.24 semver requirement [Error/compiler-version]
/sb/0x00ef6d929b76dfbf4b87d3796c76920708314fd1.sol:107:1: Missing @title tag in contract 'IERC721' [Warning/use-natspec]
/sb/0x00ef6d929b76dfbf4b87d3796c76920708314fd1.sol:107:1: Missing @author tag in contract 'IERC721' [Warning/use-natspec]
/sb/0x00ef6d929b76dfbf4b87d3796c76920708314fd1.sol:107:1: Missing @notice tag in contract 'IERC721' [Warning/use-natspec]
/sb/0x00ef6d929b76dfbf4b87d3796c76920708314fd1.sol:115:5: Missing @notice tag in event 'Transfer' [Warning/use-natspec]
/sb/0x00ef6d929b76dfbf4b87d3796c76920708314fd1.sol:115:5: Missing @param tag in event 'Transfer' [Warning/use-natspec]
/sb/0x00ef6d929b76dfbf4b87d3796c76920708314fd1.sol:115:5: Mismatch in @param names for event 'Transfer'. Expected: [from, to, tokenId], Found: [] [Warning/use-natspec]
/sb/0x00ef6d929b76dfbf4b87d3796c76920708314fd1.sol:125:5: Missing @notice tag in event 'Approval' [Warning/use-natspec]
/sb/0x00ef6d929b76dfbf4b87d3796c76920708314fd1.sol:125:5: Missing @param tag in event 'Approval' [Warning/use-natspec]
/sb/0x00ef6d929b76dfbf4b87d3796c76920708314fd1.sol:125:5: Mismatch in @param names for event 'Approval'. Expected: [owner, approved, tokenId], Found: [] [Warning/use-natspec]
/sb/0x00ef6d929b76dfbf4b87d3796c76920708314fd1.sol:135:5: Missing @notice tag in event 'ApprovalForAll' [Warning/use-natspec]
/sb/0x00ef6d929b76dfbf4b87d3796c76920708314fd1.sol:135:5: Missing @param tag in event 'ApprovalForAll' [Warning/use-natspec]
/sb/0x00ef6d929b76dfbf4b87d3796c76920708314fd1.sol:135:5: Mismatch in @param names for event 'ApprovalForAll'. Expected: [owner, operator, approved], Found: [] [Warning/use-natspec]
/sb/0x00ef6d929b76dfbf4b87d3796c76920708314fd1.sol:135:5: GC: [approved] on Event [ApprovalForAll] could be Indexed [Warning/gas-indexed-events]
/sb/0x00ef6d929b76dfbf4b87d3796c76920708314fd1.sol:145:5: Missing @notice tag in function 'balanceOf' [Warning/use-natspec]
/sb/0x00ef6d929b76dfbf4b87d3796c76920708314fd1.sol:145:5: Missing @param tag in function 'balanceOf' [Warning/use-natspec]
/sb/0x00ef6d929b76dfbf4b87d3796c76920708314fd1.sol:145:5: Mismatch in @param names for function 'balanceOf'. Expected: [owner], Found: [] [Warning/use-natspec]
/sb/0x00ef6d929b76dfbf4b87d3796c76920708314fd1.sol:145:5: Missing @return tag in function 'balanceOf' [Warning/use-natspec]
/sb/0x00ef6d929b76dfbf4b87d3796c76920708314fd1.sol:145:5: Mismatch in @return names for function 'balanceOf'. Expected: [balance], Found: [] [Warning/use-natspec]
/sb/0x00ef6d929b76dfbf4b87d3796c76920708314fd1.sol:163:5: Missing @notice tag in function 'ownerOf' [Warning/use-natspec]
/sb/0x00ef6d929b76dfbf4b87d3796c76920708314fd1.sol:163:5: Missing @param tag in function 'ownerOf' [Warning/use-natspec]
/sb/0x00ef6d929b76dfbf4b87d3796c76920708314fd1.sol:163:5: Mismatch in @param names for function 'ownerOf'. Expected: [tokenId], Found: [] [Warning/use-natspec]
/sb/0x00ef6d929b76dfbf4b87d3796c76920708314fd1.sol:163:5: Missing @return tag in function 'ownerOf' [Warning/use-natspec]
/sb/0x00ef6d929b76dfbf4b87d3796c76920708314fd1.sol:163:5: Mismatch in @return names for function 'ownerOf'. Expected: [owner], Found: [] [Warning/use-natspec]
/sb/0x00ef6d929b76dfbf4b87d3796c76920708314fd1.sol:195:5: Missing @notice tag in function 'safeTransferFrom' [Warning/use-natspec]
/sb/0x00ef6d929b76dfbf4b87d3796c76920708314fd1.sol:195:5: Missing @param tag in function 'safeTransferFrom' [Warning/use-natspec]
/sb/0x00ef6d929b76dfbf4b87d3796c76920708314fd1.sol:195:5: Mismatch in @param names for function 'safeTransferFrom'. Expected: [from, to, tokenId], Found: [] [Warning/use-natspec]
/sb/0x00ef6d929b76dfbf4b87d3796c76920708314fd1.sol:235:5: Missing @notice tag in function 'transferFrom' [Warning/use-natspec]
/sb/0x00ef6d929b76dfbf4b87d3796c76920708314fd1.sol:235:5: Missing @param tag in function 'transferFrom' [Warning/use-natspec]
/sb/0x00ef6d929b76dfbf4b87d3796c76920708314fd1.sol:235:5: Mismatch in @param names for function 'transferFrom'. Expected: [from, to, tokenId], Found: [] [Warning/use-natspec]
/sb/0x00ef6d929b76dfbf4b87d3796c76920708314fd1.sol:273:5: Missing @notice tag in function 'approve' [Warning/use-natspec]
/sb/0x00ef6d929b76dfbf4b87d3796c76920708314fd1.sol:273:5: Missing @param tag in function 'approve' [Warning/use-natspec]
/sb/0x00ef6d929b76dfbf4b87d3796c76920708314fd1.sol:273:5: Mismatch in @param names for function 'approve'. Expected: [to, tokenId], Found: [] [Warning/use-natspec]
/sb/0x00ef6d929b76dfbf4b87d3796c76920708314fd1.sol:291:5: Missing @notice tag in function 'getApproved' [Warning/use-natspec]
/sb/0x00ef6d929b76dfbf4b87d3796c76920708314fd1.sol:291:5: Missing @param tag in function 'getApproved' [Warning/use-natspec]
/sb/0x00ef6d929b76dfbf4b87d3796c76920708314fd1.sol:291:5: Mismatch in @param names for function 'getApproved'. Expected: [tokenId], Found: [] [Warning/use-natspec]
/sb/0x00ef6d929b76dfbf4b87d3796c76920708314fd1.sol:291:5: Missing @return tag in function 'getApproved' [Warning/use-natspec]
/sb/0x00ef6d929b76dfbf4b87d3796c76920708314fd1.sol:291:5: Mismatch in @return names for function 'getApproved'. Expected: [operator], Found: [] [Warning/use-natspec]
/sb/0x00ef6d929b76dfbf4b87d3796c76920708314fd1.sol:315:5: Missing @notice tag in function 'setApprovalForAll' [Warning/use-natspec]
/sb/0x00ef6d929b76dfbf4b87d3796c76920708314fd1.sol:315:5: Missing @param tag in function 'setApprovalForAll' [Warning/use-natspec]
/sb/0x00ef6d929b76dfbf4b87d3796c76920708314fd1.sol:315:5: Mismatch in @param names for function 'setApprovalForAll'. Expected: [operator, _approved], Found: [] [Warning/use-natspec]
/sb/0x00ef6d929b76dfbf4b87d3796c76920708314fd1.sol:329:5: Missing @notice tag in function 'isApprovedForAll' [Warning/use-natspec]
/sb/0x00ef6d929b76dfbf4b87d3796c76920708314fd1.sol:329:5: Missing @param tag in function 'isApprovedForAll' [Warning/use-natspec]
/sb/0x00ef6d929b76dfbf4b87d3796c76920708314fd1.sol:329:5: Mismatch in @param names for function 'isApprovedForAll'. Expected: [owner, operator], Found: [] [Warning/use-natspec]
/sb/0x00ef6d929b76dfbf4b87d3796c76920708314fd1.sol:329:5: Missing @return tag in function 'isApprovedForAll' [Warning/use-natspec]
/sb/0x00ef6d929b76dfbf4b87d3796c76920708314fd1.sol:329:5: Mismatch in @return count for function 'isApprovedForAll'. Expected: 1, Found: 0 [Warning/use-natspec]
/sb/0x00ef6d929b76dfbf4b87d3796c76920708314fd1.sol:359:5: Missing @notice tag in function 'safeTransferFrom' [Warning/use-natspec]
/sb/0x00ef6d929b76dfbf4b87d3796c76920708314fd1.sol:359:5: Missing @param tag in function 'safeTransferFrom' [Warning/use-natspec]
/sb/0x00ef6d929b76dfbf4b87d3796c76920708314fd1.sol:359:5: Mismatch in @param names for function 'safeTransferFrom'. Expected: [from, to, tokenId, data], Found: [] [Warning/use-natspec]
/sb/0x00ef6d929b76dfbf4b87d3796c76920708314fd1.sol:375:1: Compiler version ^0.8.0 does not satisfy the ^0.8.24 semver requirement [Error/compiler-version]
/sb/0x00ef6d929b76dfbf4b87d3796c76920708314fd1.sol:385:1: Missing @author tag in contract 'IERC721Metadata' [Warning/use-natspec]
/sb/0x00ef6d929b76dfbf4b87d3796c76920708314fd1.sol:385:1: Missing @notice tag in contract 'IERC721Metadata' [Warning/use-natspec]
/sb/0x00ef6d929b76dfbf4b87d3796c76920708314fd1.sol:393:5: Missing @notice tag in function 'name' [Warning/use-natspec]
/sb/0x00ef6d929b76dfbf4b87d3796c76920708314fd1.sol:393:5: Missing @return tag in function 'name' [Warning/use-natspec]
/sb/0x00ef6d929b76dfbf4b87d3796c76920708314fd1.sol:393:5: Mismatch in @return count for function 'name'. Expected: 1, Found: 0 [Warning/use-natspec]
/sb/0x00ef6d929b76dfbf4b87d3796c76920708314fd1.sol:403:5: Missing @notice tag in function 'symbol' [Warning/use-natspec]
/sb/0x00ef6d929b76dfbf4b87d3796c76920708314fd1.sol:403:5: Missing @return tag in function 'symbol' [Warning/use-natspec]
/sb/0x00ef6d929b76dfbf4b87d3796c76920708314fd1.sol:403:5: Mismatch in @return count for function 'symbol'. Expected: 1, Found: 0 [Warning/use-natspec]
/sb/0x00ef6d929b76dfbf4b87d3796c76920708314fd1.sol:413:5: Missing @notice tag in function 'tokenURI' [Warning/use-natspec]
/sb/0x00ef6d929b76dfbf4b87d3796c76920708314fd1.sol:413:5: Missing @param tag in function 'tokenURI' [Warning/use-natspec]
/sb/0x00ef6d929b76dfbf4b87d3796c76920708314fd1.sol:413:5: Mismatch in @param names for function 'tokenURI'. Expected: [tokenId], Found: [] [Warning/use-natspec]
/sb/0x00ef6d929b76dfbf4b87d3796c76920708314fd1.sol:413:5: Missing @return tag in function 'tokenURI' [Warning/use-natspec]
/sb/0x00ef6d929b76dfbf4b87d3796c76920708314fd1.sol:413:5: Mismatch in @return count for function 'tokenURI'. Expected: 1, Found: 0 [Warning/use-natspec]
/sb/0x00ef6d929b76dfbf4b87d3796c76920708314fd1.sol:419:1: Compiler version ^0.8.0 does not satisfy the ^0.8.24 semver requirement [Error/compiler-version]
/sb/0x00ef6d929b76dfbf4b87d3796c76920708314fd1.sol:441:1: Missing @title tag in contract 'Context' [Warning/use-natspec]
/sb/0x00ef6d929b76dfbf4b87d3796c76920708314fd1.sol:441:1: Missing @author tag in contract 'Context' [Warning/use-natspec]
/sb/0x00ef6d929b76dfbf4b87d3796c76920708314fd1.sol:441:1: Missing @notice tag in contract 'Context' [Warning/use-natspec]
/sb/0x00ef6d929b76dfbf4b87d3796c76920708314fd1.sol:443:5: Missing @notice tag in function '_msgSender' [Warning/use-natspec]
/sb/0x00ef6d929b76dfbf4b87d3796c76920708314fd1.sol:443:5: Missing @return tag in function '_msgSender' [Warning/use-natspec]
/sb/0x00ef6d929b76dfbf4b87d3796c76920708314fd1.sol:443:5: Mismatch in @return count for function '_msgSender'. Expected: 1, Found: 0 [Warning/use-natspec]
/sb/0x00ef6d929b76dfbf4b87d3796c76920708314fd1.sol:451:5: Missing @notice tag in function '_msgData' [Warning/use-natspec]
/sb/0x00ef6d929b76dfbf4b87d3796c76920708314fd1.sol:451:5: Missing @return tag in function '_msgData' [Warning/use-natspec]
/sb/0x00ef6d929b76dfbf4b87d3796c76920708314fd1.sol:451:5: Mismatch in @return count for function '_msgData'. Expected: 1, Found: 0 [Warning/use-natspec]
/sb/0x00ef6d929b76dfbf4b87d3796c76920708314fd1.sol:461:1: Compiler version ^0.8.0 does not satisfy the ^0.8.24 semver requirement [Error/compiler-version]
/sb/0x00ef6d929b76dfbf4b87d3796c76920708314fd1.sol:487:1: Missing @title tag in contract 'Ownable' [Warning/use-natspec]
/sb/0x00ef6d929b76dfbf4b87d3796c76920708314fd1.sol:487:1: Missing @author tag in contract 'Ownable' [Warning/use-natspec]
/sb/0x00ef6d929b76dfbf4b87d3796c76920708314fd1.sol:487:1: Missing @notice tag in contract 'Ownable' [Warning/use-natspec]
/sb/0x00ef6d929b76dfbf4b87d3796c76920708314fd1.sol:493:5: Missing @notice tag in event 'OwnershipTransferred' [Warning/use-natspec]
/sb/0x00ef6d929b76dfbf4b87d3796c76920708314fd1.sol:493:5: Missing @param tag in event 'OwnershipTransferred' [Warning/use-natspec]
/sb/0x00ef6d929b76dfbf4b87d3796c76920708314fd1.sol:493:5: Mismatch in @param names for event 'OwnershipTransferred'. Expected: [previousOwner, newOwner], Found: [] [Warning/use-natspec]
/sb/0x00ef6d929b76dfbf4b87d3796c76920708314fd1.sol:503:5: Missing @notice tag in function '<anonymous>' [Warning/use-natspec]
/sb/0x00ef6d929b76dfbf4b87d3796c76920708314fd1.sol:503:5: Explicitly mark visibility in function (Set ignoreConstructors to true if using solidity >=0.7.0) [Warning/func-visibility]
/sb/0x00ef6d929b76dfbf4b87d3796c76920708314fd1.sol:517:5: Missing @notice tag in function 'owner' [Warning/use-natspec]
/sb/0x00ef6d929b76dfbf4b87d3796c76920708314fd1.sol:517:5: Missing @return tag in function 'owner' [Warning/use-natspec]
/sb/0x00ef6d929b76dfbf4b87d3796c76920708314fd1.sol:517:5: Mismatch in @return count for function 'owner'. Expected: 1, Found: 0 [Warning/use-natspec]
/sb/0x00ef6d929b76dfbf4b87d3796c76920708314fd1.sol:533:9: GC: Use Custom Errors instead of require statements [Warning/gas-custom-errors]
/sb/0x00ef6d929b76dfbf4b87d3796c76920708314fd1.sol:555:5: Missing @notice tag in function 'renounceOwnership' [Warning/use-natspec]
/sb/0x00ef6d929b76dfbf4b87d3796c76920708314fd1.sol:571:5: Missing @notice tag in function 'transferOwnership' [Warning/use-natspec]
/sb/0x00ef6d929b76dfbf4b87d3796c76920708314fd1.sol:571:5: Missing @param tag in function 'transferOwnership' [Warning/use-natspec]
/sb/0x00ef6d929b76dfbf4b87d3796c76920708314fd1.sol:571:5: Mismatch in @param names for function 'transferOwnership'. Expected: [newOwner], Found: [] [Warning/use-natspec]
/sb/0x00ef6d929b76dfbf4b87d3796c76920708314fd1.sol:573:9: Error message for require is too long: 38 counted / 32 allowed [Warning/reason-string]
/sb/0x00ef6d929b76dfbf4b87d3796c76920708314fd1.sol:573:9: GC: String exceeds 32 bytes [Warning/gas-small-strings]
/sb/0x00ef6d929b76dfbf4b87d3796c76920708314fd1.sol:573:9: GC: Use Custom Errors instead of require statements [Warning/gas-custom-errors]
/sb/0x00ef6d929b76dfbf4b87d3796c76920708314fd1.sol:581:5: Missing @notice tag in function '_setOwner' [Warning/use-natspec]
/sb/0x00ef6d929b76dfbf4b87d3796c76920708314fd1.sol:581:5: Missing @param tag in function '_setOwner' [Warning/use-natspec]
/sb/0x00ef6d929b76dfbf4b87d3796c76920708314fd1.sol:581:5: Mismatch in @param names for function '_setOwner'. Expected: [newOwner], Found: [] [Warning/use-natspec]
/sb/0x00ef6d929b76dfbf4b87d3796c76920708314fd1.sol:603:1: Compiler version ^0.8.0 does not satisfy the ^0.8.24 semver requirement [Error/compiler-version]
/sb/0x00ef6d929b76dfbf4b87d3796c76920708314fd1.sol:617:1: Missing @author tag in contract 'IERC721Enumerable' [Warning/use-natspec]
/sb/0x00ef6d929b76dfbf4b87d3796c76920708314fd1.sol:617:1: Missing @notice tag in contract 'IERC721Enumerable' [Warning/use-natspec]
/sb/0x00ef6d929b76dfbf4b87d3796c76920708314fd1.sol:625:5: Missing @notice tag in function 'totalSupply' [Warning/use-natspec]
/sb/0x00ef6d929b76dfbf4b87d3796c76920708314fd1.sol:625:5: Missing @return tag in function 'totalSupply' [Warning/use-natspec]
/sb/0x00ef6d929b76dfbf4b87d3796c76920708314fd1.sol:625:5: Mismatch in @return count for function 'totalSupply'. Expected: 1, Found: 0 [Warning/use-natspec]
/sb/0x00ef6d929b76dfbf4b87d3796c76920708314fd1.sol:637:5: Missing @notice tag in function 'tokenOfOwnerByIndex' [Warning/use-natspec]
/sb/0x00ef6d929b76dfbf4b87d3796c76920708314fd1.sol:637:5: Missing @param tag in function 'tokenOfOwnerByIndex' [Warning/use-natspec]
/sb/0x00ef6d929b76dfbf4b87d3796c76920708314fd1.sol:637:5: Mismatch in @param names for function 'tokenOfOwnerByIndex'. Expected: [owner, index], Found: [] [Warning/use-natspec]
/sb/0x00ef6d929b76dfbf4b87d3796c76920708314fd1.sol:637:5: Missing @return tag in function 'tokenOfOwnerByIndex' [Warning/use-natspec]
/sb/0x00ef6d929b76dfbf4b87d3796c76920708314fd1.sol:637:5: Mismatch in @return names for function 'tokenOfOwnerByIndex'. Expected: [tokenId], Found: [] [Warning/use-natspec]
/sb/0x00ef6d929b76dfbf4b87d3796c76920708314fd1.sol:649:5: Missing @notice tag in function 'tokenByIndex' [Warning/use-natspec]
/sb/0x00ef6d929b76dfbf4b87d3796c76920708314fd1.sol:649:5: Missing @param tag in function 'tokenByIndex' [Warning/use-natspec]
/sb/0x00ef6d929b76dfbf4b87d3796c76920708314fd1.sol:649:5: Mismatch in @param names for function 'tokenByIndex'. Expected: [index], Found: [] [Warning/use-natspec]
/sb/0x00ef6d929b76dfbf4b87d3796c76920708314fd1.sol:649:5: Missing @return tag in function 'tokenByIndex' [Warning/use-natspec]
/sb/0x00ef6d929b76dfbf4b87d3796c76920708314fd1.sol:649:5: Mismatch in @return count for function 'tokenByIndex'. Expected: 1, Found: 0 [Warning/use-natspec]
/sb/0x00ef6d929b76dfbf4b87d3796c76920708314fd1.sol:675:1: Compiler version ^0.8.0 does not satisfy the ^0.8.24 semver requirement [Error/compiler-version]
/sb/0x00ef6d929b76dfbf4b87d3796c76920708314fd1.sol:685:1: Missing @title tag in contract 'Strings' [Warning/use-natspec]
/sb/0x00ef6d929b76dfbf4b87d3796c76920708314fd1.sol:685:1: Missing @author tag in contract 'Strings' [Warning/use-natspec]
/sb/0x00ef6d929b76dfbf4b87d3796c76920708314fd1.sol:685:1: Missing @notice tag in contract 'Strings' [Warning/use-natspec]
/sb/0x00ef6d929b76dfbf4b87d3796c76920708314fd1.sol:697:5: Missing @notice tag in function 'toString' [Warning/use-natspec]
/sb/0x00ef6d929b76dfbf4b87d3796c76920708314fd1.sol:697:5: Missing @param tag in function 'toString' [Warning/use-natspec]
/sb/0x00ef6d929b76dfbf4b87d3796c76920708314fd1.sol:697:5: Mismatch in @param names for function 'toString'. Expected: [value], Found: [] [Warning/use-natspec]
/sb/0x00ef6d929b76dfbf4b87d3796c76920708314fd1.sol:697:5: Missing @return tag in function 'toString' [Warning/use-natspec]
/sb/0x00ef6d929b76dfbf4b87d3796c76920708314fd1.sol:697:5: Mismatch in @return count for function 'toString'. Expected: 1, Found: 0 [Warning/use-natspec]
/sb/0x00ef6d929b76dfbf4b87d3796c76920708314fd1.sol:717:13: GC: For [ digits ] variable, increment/decrement by 1 using: [ ++variable ] to save gas [Warning/gas-increment-by-one]
/sb/0x00ef6d929b76dfbf4b87d3796c76920708314fd1.sol:727:13: GC: For [ digits ] variable, increment/decrement by 1 using: [ ++variable ] to save gas [Warning/gas-increment-by-one]
/sb/0x00ef6d929b76dfbf4b87d3796c76920708314fd1.sol:747:5: Missing @notice tag in function 'toHexString' [Warning/use-natspec]
/sb/0x00ef6d929b76dfbf4b87d3796c76920708314fd1.sol:747:5: Missing @param tag in function 'toHexString' [Warning/use-natspec]
/sb/0x00ef6d929b76dfbf4b87d3796c76920708314fd1.sol:747:5: Mismatch in @param names for function 'toHexString'. Expected: [value], Found: [] [Warning/use-natspec]
/sb/0x00ef6d929b76dfbf4b87d3796c76920708314fd1.sol:747:5: Missing @return tag in function 'toHexString' [Warning/use-natspec]
/sb/0x00ef6d929b76dfbf4b87d3796c76920708314fd1.sol:747:5: Mismatch in @return count for function 'toHexString'. Expected: 1, Found: 0 [Warning/use-natspec]
/sb/0x00ef6d929b76dfbf4b87d3796c76920708314fd1.sol:761:13: GC: For [ length ] variable, increment/decrement by 1 using: [ ++variable ] to save gas [Warning/gas-increment-by-one]
/sb/0x00ef6d929b76dfbf4b87d3796c76920708314fd1.sol:779:5: Missing @notice tag in function 'toHexString' [Warning/use-natspec]
/sb/0x00ef6d929b76dfbf4b87d3796c76920708314fd1.sol:779:5: Missing @param tag in function 'toHexString' [Warning/use-natspec]
/sb/0x00ef6d929b76dfbf4b87d3796c76920708314fd1.sol:779:5: Mismatch in @param names for function 'toHexString'. Expected: [value, length], Found: [] [Warning/use-natspec]
/sb/0x00ef6d929b76dfbf4b87d3796c76920708314fd1.sol:779:5: Missing @return tag in function 'toHexString' [Warning/use-natspec]
/sb/0x00ef6d929b76dfbf4b87d3796c76920708314fd1.sol:779:5: Mismatch in @return count for function 'toHexString'. Expected: 1, Found: 0 [Warning/use-natspec]
/sb/0x00ef6d929b76dfbf4b87d3796c76920708314fd1.sol:795:9: GC: Use Custom Errors instead of require statements [Warning/gas-custom-errors]
/sb/0x00ef6d929b76dfbf4b87d3796c76920708314fd1.sol:815:1: Compiler version ^0.8.0 does not satisfy the ^0.8.24 semver requirement [Error/compiler-version]
/sb/0x00ef6d929b76dfbf4b87d3796c76920708314fd1.sol:825:1: Missing @title tag in contract 'Address' [Warning/use-natspec]
/sb/0x00ef6d929b76dfbf4b87d3796c76920708314fd1.sol:825:1: Missing @author tag in contract 'Address' [Warning/use-natspec]
/sb/0x00ef6d929b76dfbf4b87d3796c76920708314fd1.sol:825:1: Missing @notice tag in contract 'Address' [Warning/use-natspec]
/sb/0x00ef6d929b76dfbf4b87d3796c76920708314fd1.sol:861:5: Missing @notice tag in function 'isContract' [Warning/use-natspec]
/sb/0x00ef6d929b76dfbf4b87d3796c76920708314fd1.sol:861:5: Missing @param tag in function 'isContract' [Warning/use-natspec]
/sb/0x00ef6d929b76dfbf4b87d3796c76920708314fd1.sol:861:5: Mismatch in @param names for function 'isContract'. Expected: [account], Found: [] [Warning/use-natspec]
/sb/0x00ef6d929b76dfbf4b87d3796c76920708314fd1.sol:861:5: Missing @return tag in function 'isContract' [Warning/use-natspec]
/sb/0x00ef6d929b76dfbf4b87d3796c76920708314fd1.sol:861:5: Mismatch in @return count for function 'isContract'. Expected: 1, Found: 0 [Warning/use-natspec]
/sb/0x00ef6d929b76dfbf4b87d3796c76920708314fd1.sol:873:9: Avoid to use inline assembly. It is acceptable only in rare cases [Warning/no-inline-assembly]
/sb/0x00ef6d929b76dfbf4b87d3796c76920708314fd1.sol:917:5: Missing @notice tag in function 'sendValue' [Warning/use-natspec]
/sb/0x00ef6d929b76dfbf4b87d3796c76920708314fd1.sol:917:5: Missing @param tag in function 'sendValue' [Warning/use-natspec]
/sb/0x00ef6d929b76dfbf4b87d3796c76920708314fd1.sol:917:5: Mismatch in @param names for function 'sendValue'. Expected: [recipient, amount], Found: [] [Warning/use-natspec]
/sb/0x00ef6d929b76dfbf4b87d3796c76920708314fd1.sol:919:9: GC: Use Custom Errors instead of require statements [Warning/gas-custom-errors]
/sb/0x00ef6d929b76dfbf4b87d3796c76920708314fd1.sol:919:17: GC: Non strict inequality found. Try converting to a strict one [Warning/gas-strict-inequalities]
/sb/0x00ef6d929b76dfbf4b87d3796c76920708314fd1.sol:925:9: Error message for require is too long: 58 counted / 32 allowed [Warning/reason-string]
/sb/0x00ef6d929b76dfbf4b87d3796c76920708314fd1.sol:925:9: GC: String exceeds 32 bytes [Warning/gas-small-strings]
/sb/0x00ef6d929b76dfbf4b87d3796c76920708314fd1.sol:925:9: GC: Use Custom Errors instead of require statements [Warning/gas-custom-errors]
/sb/0x00ef6d929b76dfbf4b87d3796c76920708314fd1.sol:967:5: Missing @notice tag in function 'functionCall' [Warning/use-natspec]
/sb/0x00ef6d929b76dfbf4b87d3796c76920708314fd1.sol:967:5: Missing @param tag in function 'functionCall' [Warning/use-natspec]
/sb/0x00ef6d929b76dfbf4b87d3796c76920708314fd1.sol:967:5: Mismatch in @param names for function 'functionCall'. Expected: [target, data], Found: [] [Warning/use-natspec]
/sb/0x00ef6d929b76dfbf4b87d3796c76920708314fd1.sol:967:5: Missing @return tag in function 'functionCall' [Warning/use-natspec]
/sb/0x00ef6d929b76dfbf4b87d3796c76920708314fd1.sol:967:5: Mismatch in @return count for function 'functionCall'. Expected: 1, Found: 0 [Warning/use-natspec]
/sb/0x00ef6d929b76dfbf4b87d3796c76920708314fd1.sol:987:5: Missing @notice tag in function 'functionCall' [Warning/use-natspec]
/sb/0x00ef6d929b76dfbf4b87d3796c76920708314fd1.sol:987:5: Missing @param tag in function 'functionCall' [Warning/use-natspec]
/sb/0x00ef6d929b76dfbf4b87d3796c76920708314fd1.sol:987:5: Mismatch in @param names for function 'functionCall'. Expected: [target, data, errorMessage], Found: [] [Warning/use-natspec]
/sb/0x00ef6d929b76dfbf4b87d3796c76920708314fd1.sol:987:5: Missing @return tag in function 'functionCall' [Warning/use-natspec]
/sb/0x00ef6d929b76dfbf4b87d3796c76920708314fd1.sol:987:5: Mismatch in @return count for function 'functionCall'. Expected: 1, Found: 0 [Warning/use-natspec]
/sb/0x00ef6d929b76dfbf4b87d3796c76920708314fd1.sol:1025:5: Missing @notice tag in function 'functionCallWithValue' [Warning/use-natspec]
/sb/0x00ef6d929b76dfbf4b87d3796c76920708314fd1.sol:1025:5: Missing @param tag in function 'functionCallWithValue' [Warning/use-natspec]
/sb/0x00ef6d929b76dfbf4b87d3796c76920708314fd1.sol:1025:5: Mismatch in @param names for function 'functionCallWithValue'. Expected: [target, data, value], Found: [] [Warning/use-natspec]
/sb/0x00ef6d929b76dfbf4b87d3796c76920708314fd1.sol:1025:5: Missing @return tag in function 'functionCallWithValue' [Warning/use-natspec]
/sb/0x00ef6d929b76dfbf4b87d3796c76920708314fd1.sol:1025:5: Mismatch in @return count for function 'functionCallWithValue'. Expected: 1, Found: 0 [Warning/use-natspec]
/sb/0x00ef6d929b76dfbf4b87d3796c76920708314fd1.sol:1035:16: GC: String exceeds 32 bytes [Warning/gas-small-strings]
/sb/0x00ef6d929b76dfbf4b87d3796c76920708314fd1.sol:1053:5: Missing @notice tag in function 'functionCallWithValue' [Warning/use-natspec]
/sb/0x00ef6d929b76dfbf4b87d3796c76920708314fd1.sol:1053:5: Missing @param tag in function 'functionCallWithValue' [Warning/use-natspec]
/sb/0x00ef6d929b76dfbf4b87d3796c76920708314fd1.sol:1053:5: Mismatch in @param names for function 'functionCallWithValue'. Expected: [target, data, value, errorMessage], Found: [] [Warning/use-natspec]
/sb/0x00ef6d929b76dfbf4b87d3796c76920708314fd1.sol:1053:5: Missing @return tag in function 'functionCallWithValue' [Warning/use-natspec]
/sb/0x00ef6d929b76dfbf4b87d3796c76920708314fd1.sol:1053:5: Mismatch in @return count for function 'functionCallWithValue'. Expected: 1, Found: 0 [Warning/use-natspec]
/sb/0x00ef6d929b76dfbf4b87d3796c76920708314fd1.sol:1065:9: Error message for require is too long: 38 counted / 32 allowed [Warning/reason-string]
/sb/0x00ef6d929b76dfbf4b87d3796c76920708314fd1.sol:1065:9: GC: String exceeds 32 bytes [Warning/gas-small-strings]
/sb/0x00ef6d929b76dfbf4b87d3796c76920708314fd1.sol:1065:9: GC: Use Custom Errors instead of require statements [Warning/gas-custom-errors]
/sb/0x00ef6d929b76dfbf4b87d3796c76920708314fd1.sol:1065:17: GC: Non strict inequality found. Try converting to a strict one [Warning/gas-strict-inequalities]
/sb/0x00ef6d929b76dfbf4b87d3796c76920708314fd1.sol:1067:9: GC: Use Custom Errors instead of require statements [Warning/gas-custom-errors]
/sb/0x00ef6d929b76dfbf4b87d3796c76920708314fd1.sol:1091:5: Missing @notice tag in function 'functionStaticCall' [Warning/use-natspec]
/sb/0x00ef6d929b76dfbf4b87d3796c76920708314fd1.sol:1091:5: Missing @param tag in function 'functionStaticCall' [Warning/use-natspec]
/sb/0x00ef6d929b76dfbf4b87d3796c76920708314fd1.sol:1091:5: Mismatch in @param names for function 'functionStaticCall'. Expected: [target, data], Found: [] [Warning/use-natspec]
/sb/0x00ef6d929b76dfbf4b87d3796c76920708314fd1.sol:1091:5: Missing @return tag in function 'functionStaticCall' [Warning/use-natspec]
/sb/0x00ef6d929b76dfbf4b87d3796c76920708314fd1.sol:1091:5: Mismatch in @return count for function 'functionStaticCall'. Expected: 1, Found: 0 [Warning/use-natspec]
/sb/0x00ef6d929b76dfbf4b87d3796c76920708314fd1.sol:1093:16: GC: String exceeds 32 bytes [Warning/gas-small-strings]
/sb/0x00ef6d929b76dfbf4b87d3796c76920708314fd1.sol:1111:5: Missing @notice tag in function 'functionStaticCall' [Warning/use-natspec]
/sb/0x00ef6d929b76dfbf4b87d3796c76920708314fd1.sol:1111:5: Missing @param tag in function 'functionStaticCall' [Warning/use-natspec]
/sb/0x00ef6d929b76dfbf4b87d3796c76920708314fd1.sol:1111:5: Mismatch in @param names for function 'functionStaticCall'. Expected: [target, data, errorMessage], Found: [] [Warning/use-natspec]
/sb/0x00ef6d929b76dfbf4b87d3796c76920708314fd1.sol:1111:5: Missing @return tag in function 'functionStaticCall' [Warning/use-natspec]
/sb/0x00ef6d929b76dfbf4b87d3796c76920708314fd1.sol:1111:5: Mismatch in @return count for function 'functionStaticCall'. Expected: 1, Found: 0 [Warning/use-natspec]
/sb/0x00ef6d929b76dfbf4b87d3796c76920708314fd1.sol:1121:9: Error message for require is too long: 36 counted / 32 allowed [Warning/reason-string]
/sb/0x00ef6d929b76dfbf4b87d3796c76920708314fd1.sol:1121:9: GC: String exceeds 32 bytes [Warning/gas-small-strings]
/sb/0x00ef6d929b76dfbf4b87d3796c76920708314fd1.sol:1121:9: GC: Use Custom Errors instead of require statements [Warning/gas-custom-errors]
/sb/0x00ef6d929b76dfbf4b87d3796c76920708314fd1.sol:1145:5: Missing @notice tag in function 'functionDelegateCall' [Warning/use-natspec]
/sb/0x00ef6d929b76dfbf4b87d3796c76920708314fd1.sol:1145:5: Missing @param tag in function 'functionDelegateCall' [Warning/use-natspec]
/sb/0x00ef6d929b76dfbf4b87d3796c76920708314fd1.sol:1145:5: Mismatch in @param names for function 'functionDelegateCall'. Expected: [target, data], Found: [] [Warning/use-natspec]
/sb/0x00ef6d929b76dfbf4b87d3796c76920708314fd1.sol:1145:5: Missing @return tag in function 'functionDelegateCall' [Warning/use-natspec]
/sb/0x00ef6d929b76dfbf4b87d3796c76920708314fd1.sol:1145:5: Mismatch in @return count for function 'functionDelegateCall'. Expected: 1, Found: 0 [Warning/use-natspec]
/sb/0x00ef6d929b76dfbf4b87d3796c76920708314fd1.sol:1147:16: GC: String exceeds 32 bytes [Warning/gas-small-strings]
/sb/0x00ef6d929b76dfbf4b87d3796c76920708314fd1.sol:1165:5: Missing @notice tag in function 'functionDelegateCall' [Warning/use-natspec]
/sb/0x00ef6d929b76dfbf4b87d3796c76920708314fd1.sol:1165:5: Missing @param tag in function 'functionDelegateCall' [Warning/use-natspec]
/sb/0x00ef6d929b76dfbf4b87d3796c76920708314fd1.sol:1165:5: Mismatch in @param names for function 'functionDelegateCall'. Expected: [target, data, errorMessage], Found: [] [Warning/use-natspec]
/sb/0x00ef6d929b76dfbf4b87d3796c76920708314fd1.sol:1165:5: Missing @return tag in function 'functionDelegateCall' [Warning/use-natspec]
/sb/0x00ef6d929b76dfbf4b87d3796c76920708314fd1.sol:1165:5: Mismatch in @return count for function 'functionDelegateCall'. Expected: 1, Found: 0 [Warning/use-natspec]
/sb/0x00ef6d929b76dfbf4b87d3796c76920708314fd1.sol:1175:9: Error message for require is too long: 38 counted / 32 allowed [Warning/reason-string]
/sb/0x00ef6d929b76dfbf4b87d3796c76920708314fd1.sol:1175:9: GC: String exceeds 32 bytes [Warning/gas-small-strings]
/sb/0x00ef6d929b76dfbf4b87d3796c76920708314fd1.sol:1175:9: GC: Use Custom Errors instead of require statements [Warning/gas-custom-errors]
/sb/0x00ef6d929b76dfbf4b87d3796c76920708314fd1.sol:1179:51: Avoid to use low level calls. [Warning/avoid-low-level-calls]
/sb/0x00ef6d929b76dfbf4b87d3796c76920708314fd1.sol:1199:5: Missing @notice tag in function 'verifyCallResult' [Warning/use-natspec]
/sb/0x00ef6d929b76dfbf4b87d3796c76920708314fd1.sol:1199:5: Missing @param tag in function 'verifyCallResult' [Warning/use-natspec]
/sb/0x00ef6d929b76dfbf4b87d3796c76920708314fd1.sol:1199:5: Mismatch in @param names for function 'verifyCallResult'. Expected: [success, returndata, errorMessage], Found: [] [Warning/use-natspec]
/sb/0x00ef6d929b76dfbf4b87d3796c76920708314fd1.sol:1199:5: Missing @return tag in function 'verifyCallResult' [Warning/use-natspec]
/sb/0x00ef6d929b76dfbf4b87d3796c76920708314fd1.sol:1199:5: Mismatch in @return count for function 'verifyCallResult'. Expected: 1, Found: 0 [Warning/use-natspec]
/sb/0x00ef6d929b76dfbf4b87d3796c76920708314fd1.sol:1223:17: Avoid to use inline assembly. It is acceptable only in rare cases [Warning/no-inline-assembly]
/sb/0x00ef6d929b76dfbf4b87d3796c76920708314fd1.sol:1257:1: Compiler version ^0.8.0 does not satisfy the ^0.8.24 semver requirement [Error/compiler-version]
/sb/0x00ef6d929b76dfbf4b87d3796c76920708314fd1.sol:1271:1: Missing @author tag in contract 'IERC721Receiver' [Warning/use-natspec]
/sb/0x00ef6d929b76dfbf4b87d3796c76920708314fd1.sol:1271:1: Missing @notice tag in contract 'IERC721Receiver' [Warning/use-natspec]
/sb/0x00ef6d929b76dfbf4b87d3796c76920708314fd1.sol:1291:5: Missing @notice tag in function 'onERC721Received' [Warning/use-natspec]
/sb/0x00ef6d929b76dfbf4b87d3796c76920708314fd1.sol:1291:5: Missing @param tag in function 'onERC721Received' [Warning/use-natspec]
/sb/0x00ef6d929b76dfbf4b87d3796c76920708314fd1.sol:1291:5: Mismatch in @param names for function 'onERC721Received'. Expected: [operator, from, tokenId, data], Found: [] [Warning/use-natspec]
/sb/0x00ef6d929b76dfbf4b87d3796c76920708314fd1.sol:1291:5: Missing @return tag in function 'onERC721Received' [Warning/use-natspec]
/sb/0x00ef6d929b76dfbf4b87d3796c76920708314fd1.sol:1291:5: Mismatch in @return count for function 'onERC721Received'. Expected: 1, Found: 0 [Warning/use-natspec]
/sb/0x00ef6d929b76dfbf4b87d3796c76920708314fd1.sol:1309:1: Compiler version ^0.8.0 does not satisfy the ^0.8.24 semver requirement [Error/compiler-version]
/sb/0x00ef6d929b76dfbf4b87d3796c76920708314fd1.sol:1321:1: Missing @title tag in contract 'ERC721' [Warning/use-natspec]
/sb/0x00ef6d929b76dfbf4b87d3796c76920708314fd1.sol:1321:1: Missing @author tag in contract 'ERC721' [Warning/use-natspec]
/sb/0x00ef6d929b76dfbf4b87d3796c76920708314fd1.sol:1321:1: Missing @notice tag in contract 'ERC721' [Warning/use-natspec]
/sb/0x00ef6d929b76dfbf4b87d3796c76920708314fd1.sol:1371:5: Missing @notice tag in function '<anonymous>' [Warning/use-natspec]
/sb/0x00ef6d929b76dfbf4b87d3796c76920708314fd1.sol:1371:5: Missing @param tag in function '<anonymous>' [Warning/use-natspec]
/sb/0x00ef6d929b76dfbf4b87d3796c76920708314fd1.sol:1371:5: Mismatch in @param names for function '<anonymous>'. Expected: [name_, symbol_], Found: [] [Warning/use-natspec]
/sb/0x00ef6d929b76dfbf4b87d3796c76920708314fd1.sol:1371:5: Explicitly mark visibility in function (Set ignoreConstructors to true if using solidity >=0.7.0) [Warning/func-visibility]
/sb/0x00ef6d929b76dfbf4b87d3796c76920708314fd1.sol:1387:5: Missing @notice tag in function 'supportsInterface' [Warning/use-natspec]
/sb/0x00ef6d929b76dfbf4b87d3796c76920708314fd1.sol:1387:5: Missing @param tag in function 'supportsInterface' [Warning/use-natspec]
/sb/0x00ef6d929b76dfbf4b87d3796c76920708314fd1.sol:1387:5: Mismatch in @param names for function 'supportsInterface'. Expected: [interfaceId], Found: [] [Warning/use-natspec]
/sb/0x00ef6d929b76dfbf4b87d3796c76920708314fd1.sol:1387:5: Missing @return tag in function 'supportsInterface' [Warning/use-natspec]
/sb/0x00ef6d929b76dfbf4b87d3796c76920708314fd1.sol:1387:5: Mismatch in @return count for function 'supportsInterface'. Expected: 1, Found: 0 [Warning/use-natspec]
/sb/0x00ef6d929b76dfbf4b87d3796c76920708314fd1.sol:1407:5: Missing @notice tag in function 'balanceOf' [Warning/use-natspec]
/sb/0x00ef6d929b76dfbf4b87d3796c76920708314fd1.sol:1407:5: Missing @param tag in function 'balanceOf' [Warning/use-natspec]
/sb/0x00ef6d929b76dfbf4b87d3796c76920708314fd1.sol:1407:5: Mismatch in @param names for function 'balanceOf'. Expected: [owner], Found: [] [Warning/use-natspec]
/sb/0x00ef6d929b76dfbf4b87d3796c76920708314fd1.sol:1407:5: Missing @return tag in function 'balanceOf' [Warning/use-natspec]
/sb/0x00ef6d929b76dfbf4b87d3796c76920708314fd1.sol:1407:5: Mismatch in @return count for function 'balanceOf'. Expected: 1, Found: 0 [Warning/use-natspec]
/sb/0x00ef6d929b76dfbf4b87d3796c76920708314fd1.sol:1409:9: Error message for require is too long: 42 counted / 32 allowed [Warning/reason-string]
/sb/0x00ef6d929b76dfbf4b87d3796c76920708314fd1.sol:1409:9: GC: String exceeds 32 bytes [Warning/gas-small-strings]
/sb/0x00ef6d929b76dfbf4b87d3796c76920708314fd1.sol:1409:9: GC: Use Custom Errors instead of require statements [Warning/gas-custom-errors]
/sb/0x00ef6d929b76dfbf4b87d3796c76920708314fd1.sol:1423:5: Missing @notice tag in function 'ownerOf' [Warning/use-natspec]
/sb/0x00ef6d929b76dfbf4b87d3796c76920708314fd1.sol:1423:5: Missing @param tag in function 'ownerOf' [Warning/use-natspec]
/sb/0x00ef6d929b76dfbf4b87d3796c76920708314fd1.sol:1423:5: Mismatch in @param names for function 'ownerOf'. Expected: [tokenId], Found: [] [Warning/use-natspec]
/sb/0x00ef6d929b76dfbf4b87d3796c76920708314fd1.sol:1423:5: Missing @return tag in function 'ownerOf' [Warning/use-natspec]
/sb/0x00ef6d929b76dfbf4b87d3796c76920708314fd1.sol:1423:5: Mismatch in @return count for function 'ownerOf'. Expected: 1, Found: 0 [Warning/use-natspec]
/sb/0x00ef6d929b76dfbf4b87d3796c76920708314fd1.sol:1427:9: Error message for require is too long: 41 counted / 32 allowed [Warning/reason-string]
/sb/0x00ef6d929b76dfbf4b87d3796c76920708314fd1.sol:1427:9: GC: String exceeds 32 bytes [Warning/gas-small-strings]
/sb/0x00ef6d929b76dfbf4b87d3796c76920708314fd1.sol:1427:9: GC: Use Custom Errors instead of require statements [Warning/gas-custom-errors]
/sb/0x00ef6d929b76dfbf4b87d3796c76920708314fd1.sol:1441:5: Missing @notice tag in function 'name' [Warning/use-natspec]
/sb/0x00ef6d929b76dfbf4b87d3796c76920708314fd1.sol:1441:5: Missing @return tag in function 'name' [Warning/use-natspec]
/sb/0x00ef6d929b76dfbf4b87d3796c76920708314fd1.sol:1441:5: Mismatch in @return count for function 'name'. Expected: 1, Found: 0 [Warning/use-natspec]
/sb/0x00ef6d929b76dfbf4b87d3796c76920708314fd1.sol:1455:5: Missing @notice tag in function 'symbol' [Warning/use-natspec]
/sb/0x00ef6d929b76dfbf4b87d3796c76920708314fd1.sol:1455:5: Missing @return tag in function 'symbol' [Warning/use-natspec]
/sb/0x00ef6d929b76dfbf4b87d3796c76920708314fd1.sol:1455:5: Mismatch in @return count for function 'symbol'. Expected: 1, Found: 0 [Warning/use-natspec]
/sb/0x00ef6d929b76dfbf4b87d3796c76920708314fd1.sol:1469:5: Missing @notice tag in function 'tokenURI' [Warning/use-natspec]
/sb/0x00ef6d929b76dfbf4b87d3796c76920708314fd1.sol:1469:5: Missing @param tag in function 'tokenURI' [Warning/use-natspec]
/sb/0x00ef6d929b76dfbf4b87d3796c76920708314fd1.sol:1469:5: Mismatch in @param names for function 'tokenURI'. Expected: [tokenId], Found: [] [Warning/use-natspec]
/sb/0x00ef6d929b76dfbf4b87d3796c76920708314fd1.sol:1469:5: Missing @return tag in function 'tokenURI' [Warning/use-natspec]
/sb/0x00ef6d929b76dfbf4b87d3796c76920708314fd1.sol:1469:5: Mismatch in @return count for function 'tokenURI'. Expected: 1, Found: 0 [Warning/use-natspec]
/sb/0x00ef6d929b76dfbf4b87d3796c76920708314fd1.sol:1471:9: Error message for require is too long: 47 counted / 32 allowed [Warning/reason-string]
/sb/0x00ef6d929b76dfbf4b87d3796c76920708314fd1.sol:1471:9: GC: String exceeds 32 bytes [Warning/gas-small-strings]
/sb/0x00ef6d929b76dfbf4b87d3796c76920708314fd1.sol:1471:9: GC: Use Custom Errors instead of require statements [Warning/gas-custom-errors]
/sb/0x00ef6d929b76dfbf4b87d3796c76920708314fd1.sol:1493:5: Missing @notice tag in function '_baseURI' [Warning/use-natspec]
/sb/0x00ef6d929b76dfbf4b87d3796c76920708314fd1.sol:1493:5: Missing @return tag in function '_baseURI' [Warning/use-natspec]
/sb/0x00ef6d929b76dfbf4b87d3796c76920708314fd1.sol:1493:5: Mismatch in @return count for function '_baseURI'. Expected: 1, Found: 0 [Warning/use-natspec]
/sb/0x00ef6d929b76dfbf4b87d3796c76920708314fd1.sol:1507:5: Missing @notice tag in function 'approve' [Warning/use-natspec]
/sb/0x00ef6d929b76dfbf4b87d3796c76920708314fd1.sol:1507:5: Missing @param tag in function 'approve' [Warning/use-natspec]
/sb/0x00ef6d929b76dfbf4b87d3796c76920708314fd1.sol:1507:5: Mismatch in @param names for function 'approve'. Expected: [to, tokenId], Found: [] [Warning/use-natspec]
/sb/0x00ef6d929b76dfbf4b87d3796c76920708314fd1.sol:1511:9: Error message for require is too long: 33 counted / 32 allowed [Warning/reason-string]
/sb/0x00ef6d929b76dfbf4b87d3796c76920708314fd1.sol:1511:9: GC: String exceeds 32 bytes [Warning/gas-small-strings]
/sb/0x00ef6d929b76dfbf4b87d3796c76920708314fd1.sol:1511:9: GC: Use Custom Errors instead of require statements [Warning/gas-custom-errors]
/sb/0x00ef6d929b76dfbf4b87d3796c76920708314fd1.sol:1515:9: Error message for require is too long: 56 counted / 32 allowed [Warning/reason-string]
/sb/0x00ef6d929b76dfbf4b87d3796c76920708314fd1.sol:1515:9: GC: String exceeds 32 bytes [Warning/gas-small-strings]
/sb/0x00ef6d929b76dfbf4b87d3796c76920708314fd1.sol:1515:9: GC: Use Custom Errors instead of require statements [Warning/gas-custom-errors]
/sb/0x00ef6d929b76dfbf4b87d3796c76920708314fd1.sol:1537:5: Missing @notice tag in function 'getApproved' [Warning/use-natspec]
/sb/0x00ef6d929b76dfbf4b87d3796c76920708314fd1.sol:1537:5: Missing @param tag in function 'getApproved' [Warning/use-natspec]
/sb/0x00ef6d929b76dfbf4b87d3796c76920708314fd1.sol:1537:5: Mismatch in @param names for function 'getApproved'. Expected: [tokenId], Found: [] [Warning/use-natspec]
/sb/0x00ef6d929b76dfbf4b87d3796c76920708314fd1.sol:1537:5: Missing @return tag in function 'getApproved' [Warning/use-natspec]
/sb/0x00ef6d929b76dfbf4b87d3796c76920708314fd1.sol:1537:5: Mismatch in @return count for function 'getApproved'. Expected: 1, Found: 0 [Warning/use-natspec]
/sb/0x00ef6d929b76dfbf4b87d3796c76920708314fd1.sol:1539:9: Error message for require is too long: 44 counted / 32 allowed [Warning/reason-string]
/sb/0x00ef6d929b76dfbf4b87d3796c76920708314fd1.sol:1539:9: GC: String exceeds 32 bytes [Warning/gas-small-strings]
/sb/0x00ef6d929b76dfbf4b87d3796c76920708314fd1.sol:1539:9: GC: Use Custom Errors instead of require statements [Warning/gas-custom-errors]
/sb/0x00ef6d929b76dfbf4b87d3796c76920708314fd1.sol:1555:5: Missing @notice tag in function 'setApprovalForAll' [Warning/use-natspec]
/sb/0x00ef6d929b76dfbf4b87d3796c76920708314fd1.sol:1555:5: Missing @param tag in function 'setApprovalForAll' [Warning/use-natspec]
/sb/0x00ef6d929b76dfbf4b87d3796c76920708314fd1.sol:1555:5: Mismatch in @param names for function 'setApprovalForAll'. Expected: [operator, approved], Found: [] [Warning/use-natspec]
/sb/0x00ef6d929b76dfbf4b87d3796c76920708314fd1.sol:1557:9: GC: Use Custom Errors instead of require statements [Warning/gas-custom-errors]
/sb/0x00ef6d929b76dfbf4b87d3796c76920708314fd1.sol:1575:5: Missing @notice tag in function 'isApprovedForAll' [Warning/use-natspec]
/sb/0x00ef6d929b76dfbf4b87d3796c76920708314fd1.sol:1575:5: Missing @param tag in function 'isApprovedForAll' [Warning/use-natspec]
/sb/0x00ef6d929b76dfbf4b87d3796c76920708314fd1.sol:1575:5: Mismatch in @param names for function 'isApprovedForAll'. Expected: [owner, operator], Found: [] [Warning/use-natspec]
/sb/0x00ef6d929b76dfbf4b87d3796c76920708314fd1.sol:1575:5: Missing @return tag in function 'isApprovedForAll' [Warning/use-natspec]
/sb/0x00ef6d929b76dfbf4b87d3796c76920708314fd1.sol:1575:5: Mismatch in @return count for function 'isApprovedForAll'. Expected: 1, Found: 0 [Warning/use-natspec]
/sb/0x00ef6d929b76dfbf4b87d3796c76920708314fd1.sol:1589:5: Missing @notice tag in function 'transferFrom' [Warning/use-natspec]
/sb/0x00ef6d929b76dfbf4b87d3796c76920708314fd1.sol:1589:5: Missing @param tag in function 'transferFrom' [Warning/use-natspec]
/sb/0x00ef6d929b76dfbf4b87d3796c76920708314fd1.sol:1589:5: Mismatch in @param names for function 'transferFrom'. Expected: [from, to, tokenId], Found: [] [Warning/use-natspec]
/sb/0x00ef6d929b76dfbf4b87d3796c76920708314fd1.sol:1601:9: Error message for require is too long: 49 counted / 32 allowed [Warning/reason-string]
/sb/0x00ef6d929b76dfbf4b87d3796c76920708314fd1.sol:1601:9: GC: String exceeds 32 bytes [Warning/gas-small-strings]
/sb/0x00ef6d929b76dfbf4b87d3796c76920708314fd1.sol:1601:9: GC: Use Custom Errors instead of require statements [Warning/gas-custom-errors]
/sb/0x00ef6d929b76dfbf4b87d3796c76920708314fd1.sol:1617:5: Missing @notice tag in function 'safeTransferFrom' [Warning/use-natspec]
/sb/0x00ef6d929b76dfbf4b87d3796c76920708314fd1.sol:1617:5: Missing @param tag in function 'safeTransferFrom' [Warning/use-natspec]
/sb/0x00ef6d929b76dfbf4b87d3796c76920708314fd1.sol:1617:5: Mismatch in @param names for function 'safeTransferFrom'. Expected: [from, to, tokenId], Found: [] [Warning/use-natspec]
/sb/0x00ef6d929b76dfbf4b87d3796c76920708314fd1.sol:1639:5: Missing @notice tag in function 'safeTransferFrom' [Warning/use-natspec]
/sb/0x00ef6d929b76dfbf4b87d3796c76920708314fd1.sol:1639:5: Missing @param tag in function 'safeTransferFrom' [Warning/use-natspec]
/sb/0x00ef6d929b76dfbf4b87d3796c76920708314fd1.sol:1639:5: Mismatch in @param names for function 'safeTransferFrom'. Expected: [from, to, tokenId, _data], Found: [] [Warning/use-natspec]
/sb/0x00ef6d929b76dfbf4b87d3796c76920708314fd1.sol:1651:9: Error message for require is too long: 49 counted / 32 allowed [Warning/reason-string]
/sb/0x00ef6d929b76dfbf4b87d3796c76920708314fd1.sol:1651:9: GC: String exceeds 32 bytes [Warning/gas-small-strings]
/sb/0x00ef6d929b76dfbf4b87d3796c76920708314fd1.sol:1651:9: GC: Use Custom Errors instead of require statements [Warning/gas-custom-errors]
/sb/0x00ef6d929b76dfbf4b87d3796c76920708314fd1.sol:1695:5: Missing @notice tag in function '_safeTransfer' [Warning/use-natspec]
/sb/0x00ef6d929b76dfbf4b87d3796c76920708314fd1.sol:1695:5: Missing @param tag in function '_safeTransfer' [Warning/use-natspec]
/sb/0x00ef6d929b76dfbf4b87d3796c76920708314fd1.sol:1695:5: Mismatch in @param names for function '_safeTransfer'. Expected: [from, to, tokenId, _data], Found: [] [Warning/use-natspec]
/sb/0x00ef6d929b76dfbf4b87d3796c76920708314fd1.sol:1709:9: Error message for require is too long: 50 counted / 32 allowed [Warning/reason-string]
/sb/0x00ef6d929b76dfbf4b87d3796c76920708314fd1.sol:1709:9: GC: String exceeds 32 bytes [Warning/gas-small-strings]
/sb/0x00ef6d929b76dfbf4b87d3796c76920708314fd1.sol:1709:9: GC: Use Custom Errors instead of require statements [Warning/gas-custom-errors]
/sb/0x00ef6d929b76dfbf4b87d3796c76920708314fd1.sol:1731:5: Missing @notice tag in function '_exists' [Warning/use-natspec]
/sb/0x00ef6d929b76dfbf4b87d3796c76920708314fd1.sol:1731:5: Missing @param tag in function '_exists' [Warning/use-natspec]
/sb/0x00ef6d929b76dfbf4b87d3796c76920708314fd1.sol:1731:5: Mismatch in @param names for function '_exists'. Expected: [tokenId], Found: [] [Warning/use-natspec]
/sb/0x00ef6d929b76dfbf4b87d3796c76920708314fd1.sol:1731:5: Missing @return tag in function '_exists' [Warning/use-natspec]
/sb/0x00ef6d929b76dfbf4b87d3796c76920708314fd1.sol:1731:5: Mismatch in @return count for function '_exists'. Expected: 1, Found: 0 [Warning/use-natspec]
/sb/0x00ef6d929b76dfbf4b87d3796c76920708314fd1.sol:1753:5: Missing @notice tag in function '_isApprovedOrOwner' [Warning/use-natspec]
/sb/0x00ef6d929b76dfbf4b87d3796c76920708314fd1.sol:1753:5: Missing @param tag in function '_isApprovedOrOwner' [Warning/use-natspec]
/sb/0x00ef6d929b76dfbf4b87d3796c76920708314fd1.sol:1753:5: Mismatch in @param names for function '_isApprovedOrOwner'. Expected: [spender, tokenId], Found: [] [Warning/use-natspec]
/sb/0x00ef6d929b76dfbf4b87d3796c76920708314fd1.sol:1753:5: Missing @return tag in function '_isApprovedOrOwner' [Warning/use-natspec]
/sb/0x00ef6d929b76dfbf4b87d3796c76920708314fd1.sol:1753:5: Mismatch in @return count for function '_isApprovedOrOwner'. Expected: 1, Found: 0 [Warning/use-natspec]
/sb/0x00ef6d929b76dfbf4b87d3796c76920708314fd1.sol:1755:9: Error message for require is too long: 44 counted / 32 allowed [Warning/reason-string]
/sb/0x00ef6d929b76dfbf4b87d3796c76920708314fd1.sol:1755:9: GC: String exceeds 32 bytes [Warning/gas-small-strings]
/sb/0x00ef6d929b76dfbf4b87d3796c76920708314fd1.sol:1755:9: GC: Use Custom Errors instead of require statements [Warning/gas-custom-errors]
/sb/0x00ef6d929b76dfbf4b87d3796c76920708314fd1.sol:1785:5: Missing @notice tag in function '_safeMint' [Warning/use-natspec]
/sb/0x00ef6d929b76dfbf4b87d3796c76920708314fd1.sol:1785:5: Missing @param tag in function '_safeMint' [Warning/use-natspec]
/sb/0x00ef6d929b76dfbf4b87d3796c76920708314fd1.sol:1785:5: Mismatch in @param names for function '_safeMint'. Expected: [to, tokenId], Found: [] [Warning/use-natspec]
/sb/0x00ef6d929b76dfbf4b87d3796c76920708314fd1.sol:1801:5: Missing @notice tag in function '_safeMint' [Warning/use-natspec]
/sb/0x00ef6d929b76dfbf4b87d3796c76920708314fd1.sol:1801:5: Missing @param tag in function '_safeMint' [Warning/use-natspec]
/sb/0x00ef6d929b76dfbf4b87d3796c76920708314fd1.sol:1801:5: Mismatch in @param names for function '_safeMint'. Expected: [to, tokenId, _data], Found: [] [Warning/use-natspec]
/sb/0x00ef6d929b76dfbf4b87d3796c76920708314fd1.sol:1813:9: Error message for require is too long: 50 counted / 32 allowed [Warning/reason-string]
/sb/0x00ef6d929b76dfbf4b87d3796c76920708314fd1.sol:1813:9: GC: String exceeds 32 bytes [Warning/gas-small-strings]
/sb/0x00ef6d929b76dfbf4b87d3796c76920708314fd1.sol:1813:9: GC: Use Custom Errors instead of require statements [Warning/gas-custom-errors]
/sb/0x00ef6d929b76dfbf4b87d3796c76920708314fd1.sol:1849:5: Missing @notice tag in function '_mint' [Warning/use-natspec]
/sb/0x00ef6d929b76dfbf4b87d3796c76920708314fd1.sol:1849:5: Missing @param tag in function '_mint' [Warning/use-natspec]
/sb/0x00ef6d929b76dfbf4b87d3796c76920708314fd1.sol:1849:5: Mismatch in @param names for function '_mint'. Expected: [to, tokenId], Found: [] [Warning/use-natspec]
/sb/0x00ef6d929b76dfbf4b87d3796c76920708314fd1.sol:1851:9: GC: Use Custom Errors instead of require statements [Warning/gas-custom-errors]
/sb/0x00ef6d929b76dfbf4b87d3796c76920708314fd1.sol:1853:9: GC: Use Custom Errors instead of require statements [Warning/gas-custom-errors]
/sb/0x00ef6d929b76dfbf4b87d3796c76920708314fd1.sol:1861:9: GC: For [ _balances ] variable, increment/decrement by 1 using: [ ++variable ] to save gas [Warning/gas-increment-by-one]
/sb/0x00ef6d929b76dfbf4b87d3796c76920708314fd1.sol:1893:5: Missing @notice tag in function '_burn' [Warning/use-natspec]
/sb/0x00ef6d929b76dfbf4b87d3796c76920708314fd1.sol:1893:5: Missing @param tag in function '_burn' [Warning/use-natspec]
/sb/0x00ef6d929b76dfbf4b87d3796c76920708314fd1.sol:1893:5: Mismatch in @param names for function '_burn'. Expected: [tokenId], Found: [] [Warning/use-natspec]
/sb/0x00ef6d929b76dfbf4b87d3796c76920708314fd1.sol:1909:9: GC: For [ _balances ] variable, increment/decrement by 1 using: [ ++variable ] to save gas [Warning/gas-increment-by-one]
/sb/0x00ef6d929b76dfbf4b87d3796c76920708314fd1.sol:1943:5: Missing @notice tag in function '_transfer' [Warning/use-natspec]
/sb/0x00ef6d929b76dfbf4b87d3796c76920708314fd1.sol:1943:5: Missing @param tag in function '_transfer' [Warning/use-natspec]
/sb/0x00ef6d929b76dfbf4b87d3796c76920708314fd1.sol:1943:5: Mismatch in @param names for function '_transfer'. Expected: [from, to, tokenId], Found: [] [Warning/use-natspec]
/sb/0x00ef6d929b76dfbf4b87d3796c76920708314fd1.sol:1953:9: Error message for require is too long: 41 counted / 32 allowed [Warning/reason-string]
/sb/0x00ef6d929b76dfbf4b87d3796c76920708314fd1.sol:1953:9: GC: String exceeds 32 bytes [Warning/gas-small-strings]
/sb/0x00ef6d929b76dfbf4b87d3796c76920708314fd1.sol:1953:9: GC: Use Custom Errors instead of require statements [Warning/gas-custom-errors]
/sb/0x00ef6d929b76dfbf4b87d3796c76920708314fd1.sol:1955:9: Error message for require is too long: 36 counted / 32 allowed [Warning/reason-string]
/sb/0x00ef6d929b76dfbf4b87d3796c76920708314fd1.sol:1955:9: GC: String exceeds 32 bytes [Warning/gas-small-strings]
/sb/0x00ef6d929b76dfbf4b87d3796c76920708314fd1.sol:1955:9: GC: Use Custom Errors instead of require statements [Warning/gas-custom-errors]
/sb/0x00ef6d929b76dfbf4b87d3796c76920708314fd1.sol:1969:9: GC: For [ _balances ] variable, increment/decrement by 1 using: [ ++variable ] to save gas [Warning/gas-increment-by-one]
/sb/0x00ef6d929b76dfbf4b87d3796c76920708314fd1.sol:1971:9: GC: For [ _balances ] variable, increment/decrement by 1 using: [ ++variable ] to save gas [Warning/gas-increment-by-one]
/sb/0x00ef6d929b76dfbf4b87d3796c76920708314fd1.sol:1993:5: Missing @notice tag in function '_approve' [Warning/use-natspec]
/sb/0x00ef6d929b76dfbf4b87d3796c76920708314fd1.sol:1993:5: Missing @param tag in function '_approve' [Warning/use-natspec]
/sb/0x00ef6d929b76dfbf4b87d3796c76920708314fd1.sol:1993:5: Mismatch in @param names for function '_approve'. Expected: [to, tokenId], Found: [] [Warning/use-natspec]
/sb/0x00ef6d929b76dfbf4b87d3796c76920708314fd1.sol:2023:5: Missing @notice tag in function '_checkOnERC721Received' [Warning/use-natspec]
/sb/0x00ef6d929b76dfbf4b87d3796c76920708314fd1.sol:2045:21: Error message for revert is too long: 50 counted / 32 allowed [Warning/reason-string]
/sb/0x00ef6d929b76dfbf4b87d3796c76920708314fd1.sol:2045:21: GC: String exceeds 32 bytes [Warning/gas-small-strings]
/sb/0x00ef6d929b76dfbf4b87d3796c76920708314fd1.sol:2045:21: GC: Use Custom Errors instead of revert statements [Warning/gas-custom-errors]
/sb/0x00ef6d929b76dfbf4b87d3796c76920708314fd1.sol:2049:21: Avoid to use inline assembly. It is acceptable only in rare cases [Warning/no-inline-assembly]
/sb/0x00ef6d929b76dfbf4b87d3796c76920708314fd1.sol:2097:5: Missing @notice tag in function '_beforeTokenTransfer' [Warning/use-natspec]
/sb/0x00ef6d929b76dfbf4b87d3796c76920708314fd1.sol:2097:5: Missing @param tag in function '_beforeTokenTransfer' [Warning/use-natspec]
/sb/0x00ef6d929b76dfbf4b87d3796c76920708314fd1.sol:2097:5: Mismatch in @param names for function '_beforeTokenTransfer'. Expected: [from, to, tokenId], Found: [] [Warning/use-natspec]
/sb/0x00ef6d929b76dfbf4b87d3796c76920708314fd1.sol:2105:24: Code contains empty blocks [Warning/no-empty-blocks]
/sb/0x00ef6d929b76dfbf4b87d3796c76920708314fd1.sol:2119:1: Compiler version ^0.8.0 does not satisfy the ^0.8.24 semver requirement [Error/compiler-version]
/sb/0x00ef6d929b76dfbf4b87d3796c76920708314fd1.sol:2137:1: Missing @title tag in contract 'ERC721Enumerable' [Warning/use-natspec]
/sb/0x00ef6d929b76dfbf4b87d3796c76920708314fd1.sol:2137:1: Missing @author tag in contract 'ERC721Enumerable' [Warning/use-natspec]
/sb/0x00ef6d929b76dfbf4b87d3796c76920708314fd1.sol:2137:1: Missing @notice tag in contract 'ERC721Enumerable' [Warning/use-natspec]
/sb/0x00ef6d929b76dfbf4b87d3796c76920708314fd1.sol:2169:5: Missing @notice tag in function 'supportsInterface' [Warning/use-natspec]
/sb/0x00ef6d929b76dfbf4b87d3796c76920708314fd1.sol:2169:5: Missing @param tag in function 'supportsInterface' [Warning/use-natspec]
/sb/0x00ef6d929b76dfbf4b87d3796c76920708314fd1.sol:2169:5: Mismatch in @param names for function 'supportsInterface'. Expected: [interfaceId], Found: [] [Warning/use-natspec]
/sb/0x00ef6d929b76dfbf4b87d3796c76920708314fd1.sol:2169:5: Missing @return tag in function 'supportsInterface' [Warning/use-natspec]
/sb/0x00ef6d929b76dfbf4b87d3796c76920708314fd1.sol:2169:5: Mismatch in @return count for function 'supportsInterface'. Expected: 1, Found: 0 [Warning/use-natspec]
/sb/0x00ef6d929b76dfbf4b87d3796c76920708314fd1.sol:2183:5: Missing @notice tag in function 'tokenOfOwnerByIndex' [Warning/use-natspec]
/sb/0x00ef6d929b76dfbf4b87d3796c76920708314fd1.sol:2183:5: Missing @param tag in function 'tokenOfOwnerByIndex' [Warning/use-natspec]
/sb/0x00ef6d929b76dfbf4b87d3796c76920708314fd1.sol:2183:5: Mismatch in @param names for function 'tokenOfOwnerByIndex'. Expected: [owner, index], Found: [] [Warning/use-natspec]
/sb/0x00ef6d929b76dfbf4b87d3796c76920708314fd1.sol:2183:5: Missing @return tag in function 'tokenOfOwnerByIndex' [Warning/use-natspec]
/sb/0x00ef6d929b76dfbf4b87d3796c76920708314fd1.sol:2183:5: Mismatch in @return count for function 'tokenOfOwnerByIndex'. Expected: 1, Found: 0 [Warning/use-natspec]
/sb/0x00ef6d929b76dfbf4b87d3796c76920708314fd1.sol:2185:9: Error message for require is too long: 43 counted / 32 allowed [Warning/reason-string]
/sb/0x00ef6d929b76dfbf4b87d3796c76920708314fd1.sol:2185:9: GC: String exceeds 32 bytes [Warning/gas-small-strings]
/sb/0x00ef6d929b76dfbf4b87d3796c76920708314fd1.sol:2185:9: GC: Use Custom Errors instead of require statements [Warning/gas-custom-errors]
/sb/0x00ef6d929b76dfbf4b87d3796c76920708314fd1.sol:2199:5: Missing @notice tag in function 'totalSupply' [Warning/use-natspec]
/sb/0x00ef6d929b76dfbf4b87d3796c76920708314fd1.sol:2199:5: Missing @return tag in function 'totalSupply' [Warning/use-natspec]
/sb/0x00ef6d929b76dfbf4b87d3796c76920708314fd1.sol:2199:5: Mismatch in @return count for function 'totalSupply'. Expected: 1, Found: 0 [Warning/use-natspec]
/sb/0x00ef6d929b76dfbf4b87d3796c76920708314fd1.sol:2213:5: Missing @notice tag in function 'tokenByIndex' [Warning/use-natspec]
/sb/0x00ef6d929b76dfbf4b87d3796c76920708314fd1.sol:2213:5: Missing @param tag in function 'tokenByIndex' [Warning/use-natspec]
/sb/0x00ef6d929b76dfbf4b87d3796c76920708314fd1.sol:2213:5: Mismatch in @param names for function 'tokenByIndex'. Expected: [index], Found: [] [Warning/use-natspec]
/sb/0x00ef6d929b76dfbf4b87d3796c76920708314fd1.sol:2213:5: Missing @return tag in function 'tokenByIndex' [Warning/use-natspec]
/sb/0x00ef6d929b76dfbf4b87d3796c76920708314fd1.sol:2213:5: Mismatch in @return count for function 'tokenByIndex'. Expected: 1, Found: 0 [Warning/use-natspec]
/sb/0x00ef6d929b76dfbf4b87d3796c76920708314fd1.sol:2215:9: Error message for require is too long: 44 counted / 32 allowed [Warning/reason-string]
/sb/0x00ef6d929b76dfbf4b87d3796c76920708314fd1.sol:2215:9: GC: String exceeds 32 bytes [Warning/gas-small-strings]
/sb/0x00ef6d929b76dfbf4b87d3796c76920708314fd1.sol:2215:9: GC: Use Custom Errors instead of require statements [Warning/gas-custom-errors]
/sb/0x00ef6d929b76dfbf4b87d3796c76920708314fd1.sol:2253:5: Missing @notice tag in function '_beforeTokenTransfer' [Warning/use-natspec]
/sb/0x00ef6d929b76dfbf4b87d3796c76920708314fd1.sol:2253:5: Missing @param tag in function '_beforeTokenTransfer' [Warning/use-natspec]
/sb/0x00ef6d929b76dfbf4b87d3796c76920708314fd1.sol:2253:5: Mismatch in @param names for function '_beforeTokenTransfer'. Expected: [from, to, tokenId], Found: [] [Warning/use-natspec]
/sb/0x00ef6d929b76dfbf4b87d3796c76920708314fd1.sol:2301:5: Missing @notice tag in function '_addTokenToOwnerEnumeration' [Warning/use-natspec]
/sb/0x00ef6d929b76dfbf4b87d3796c76920708314fd1.sol:2321:5: Missing @notice tag in function '_addTokenToAllTokensEnumeration' [Warning/use-natspec]
/sb/0x00ef6d929b76dfbf4b87d3796c76920708314fd1.sol:2347:5: Missing @notice tag in function '_removeTokenFromOwnerEnumeration' [Warning/use-natspec]
/sb/0x00ef6d929b76dfbf4b87d3796c76920708314fd1.sol:2397:5: Missing @notice tag in function '_removeTokenFromAllTokensEnumeration' [Warning/use-natspec]
/sb/0x00ef6d929b76dfbf4b87d3796c76920708314fd1.sol:2443:1: Compiler version ^0.8.0 does not satisfy the ^0.8.24 semver requirement [Error/compiler-version]
/sb/0x00ef6d929b76dfbf4b87d3796c76920708314fd1.sol:2447:1: Contract has 17 states declarations but allowed no more than 15 [Warning/max-states-count]
/sb/0x00ef6d929b76dfbf4b87d3796c76920708314fd1.sol:2447:1: Missing @title tag in contract 'BattleCats' [Warning/use-natspec]
/sb/0x00ef6d929b76dfbf4b87d3796c76920708314fd1.sol:2447:1: Missing @author tag in contract 'BattleCats' [Warning/use-natspec]
/sb/0x00ef6d929b76dfbf4b87d3796c76920708314fd1.sol:2447:1: Missing @notice tag in contract 'BattleCats' [Warning/use-natspec]
/sb/0x00ef6d929b76dfbf4b87d3796c76920708314fd1.sol:2453:3: Missing @notice tag in variable 'baseURI' [Warning/use-natspec]
/sb/0x00ef6d929b76dfbf4b87d3796c76920708314fd1.sol:2455:3: Missing @notice tag in variable 'baseExtension' [Warning/use-natspec]
/sb/0x00ef6d929b76dfbf4b87d3796c76920708314fd1.sol:2457:3: Missing @notice tag in variable 'notRevealedUri' [Warning/use-natspec]
/sb/0x00ef6d929b76dfbf4b87d3796c76920708314fd1.sol:2461:3: Missing @notice tag in variable 'cost' [Warning/use-natspec]
/sb/0x00ef6d929b76dfbf4b87d3796c76920708314fd1.sol:2463:3: Missing @notice tag in variable 'maxSupply' [Warning/use-natspec]
/sb/0x00ef6d929b76dfbf4b87d3796c76920708314fd1.sol:2465:3: Missing @notice tag in variable 'setMaxMintAmountPerTxn' [Warning/use-natspec]
/sb/0x00ef6d929b76dfbf4b87d3796c76920708314fd1.sol:2467:3: Missing @notice tag in variable 'maxMintAmountPerWallet' [Warning/use-natspec]
/sb/0x00ef6d929b76dfbf4b87d3796c76920708314fd1.sol:2469:3: Missing @notice tag in variable 'totalPresaleTickets' [Warning/use-natspec]
/sb/0x00ef6d929b76dfbf4b87d3796c76920708314fd1.sol:2471:3: Missing @notice tag in variable 'reserve' [Warning/use-natspec]
/sb/0x00ef6d929b76dfbf4b87d3796c76920708314fd1.sol:2473:3: Missing @notice tag in variable 'reserveMinted' [Warning/use-natspec]
/sb/0x00ef6d929b76dfbf4b87d3796c76920708314fd1.sol:2477:3: Missing @notice tag in variable 'paused' [Warning/use-natspec]
/sb/0x00ef6d929b76dfbf4b87d3796c76920708314fd1.sol:2479:3: Missing @notice tag in variable 'revealed' [Warning/use-natspec]
/sb/0x00ef6d929b76dfbf4b87d3796c76920708314fd1.sol:2481:3: Missing @notice tag in variable 'startMainSale' [Warning/use-natspec]
/sb/0x00ef6d929b76dfbf4b87d3796c76920708314fd1.sol:2489:3: Missing @notice tag in variable '_totalMintedPresale' [Warning/use-natspec]
/sb/0x00ef6d929b76dfbf4b87d3796c76920708314fd1.sol:2491:3: Missing @notice tag in variable '_totalMintedMainsale' [Warning/use-natspec]
/sb/0x00ef6d929b76dfbf4b87d3796c76920708314fd1.sol:2495:3: Missing @notice tag in function '<anonymous>' [Warning/use-natspec]
/sb/0x00ef6d929b76dfbf4b87d3796c76920708314fd1.sol:2495:3: Missing @param tag in function '<anonymous>' [Warning/use-natspec]
/sb/0x00ef6d929b76dfbf4b87d3796c76920708314fd1.sol:2495:3: Mismatch in @param names for function '<anonymous>'. Expected: [_name, _symbol, _initBaseURI, _initNotRevealedUri], Found: [] [Warning/use-natspec]
/sb/0x00ef6d929b76dfbf4b87d3796c76920708314fd1.sol:2495:3: Explicitly mark visibility in function (Set ignoreConstructors to true if using solidity >=0.7.0) [Warning/func-visibility]
/sb/0x00ef6d929b76dfbf4b87d3796c76920708314fd1.sol:2519:5: Missing @notice tag in function '_baseURI' [Warning/use-natspec]
/sb/0x00ef6d929b76dfbf4b87d3796c76920708314fd1.sol:2519:5: Missing @return tag in function '_baseURI' [Warning/use-natspec]
/sb/0x00ef6d929b76dfbf4b87d3796c76920708314fd1.sol:2519:5: Mismatch in @return count for function '_baseURI'. Expected: 1, Found: 0 [Warning/use-natspec]
/sb/0x00ef6d929b76dfbf4b87d3796c76920708314fd1.sol:2529:5: Function body contains 55 lines but allowed no more than 50 lines [Warning/function-max-lines]
/sb/0x00ef6d929b76dfbf4b87d3796c76920708314fd1.sol:2529:5: Missing @notice tag in function 'preSaleMint' [Warning/use-natspec]
/sb/0x00ef6d929b76dfbf4b87d3796c76920708314fd1.sol:2529:5: Missing @param tag in function 'preSaleMint' [Warning/use-natspec]
/sb/0x00ef6d929b76dfbf4b87d3796c76920708314fd1.sol:2529:5: Mismatch in @param names for function 'preSaleMint'. Expected: [_mintAmount], Found: [] [Warning/use-natspec]
/sb/0x00ef6d929b76dfbf4b87d3796c76920708314fd1.sol:2533:13: Error message for require is too long: 35 counted / 32 allowed [Warning/reason-string]
/sb/0x00ef6d929b76dfbf4b87d3796c76920708314fd1.sol:2533:13: GC: String exceeds 32 bytes [Warning/gas-small-strings]
/sb/0x00ef6d929b76dfbf4b87d3796c76920708314fd1.sol:2533:13: GC: Use Custom Errors instead of require statements [Warning/gas-custom-errors]
/sb/0x00ef6d929b76dfbf4b87d3796c76920708314fd1.sol:2535:13: GC: Use Custom Errors instead of require statements [Warning/gas-custom-errors]
/sb/0x00ef6d929b76dfbf4b87d3796c76920708314fd1.sol:2537:13: Error message for require is too long: 36 counted / 32 allowed [Warning/reason-string]
/sb/0x00ef6d929b76dfbf4b87d3796c76920708314fd1.sol:2537:13: GC: String exceeds 32 bytes [Warning/gas-small-strings]
/sb/0x00ef6d929b76dfbf4b87d3796c76920708314fd1.sol:2537:13: GC: Use Custom Errors instead of require statements [Warning/gas-custom-errors]
/sb/0x00ef6d929b76dfbf4b87d3796c76920708314fd1.sol:2537:21: GC: Non strict inequality found. Try converting to a strict one [Warning/gas-strict-inequalities]
/sb/0x00ef6d929b76dfbf4b87d3796c76920708314fd1.sol:2541:9: GC: Use Custom Errors instead of require statements [Warning/gas-custom-errors]
/sb/0x00ef6d929b76dfbf4b87d3796c76920708314fd1.sol:2545:9: GC: Use Custom Errors instead of require statements [Warning/gas-custom-errors]
/sb/0x00ef6d929b76dfbf4b87d3796c76920708314fd1.sol:2545:17: GC: Non strict inequality found. Try converting to a strict one [Warning/gas-strict-inequalities]
/sb/0x00ef6d929b76dfbf4b87d3796c76920708314fd1.sol:2547:9: GC: Use Custom Errors instead of require statements [Warning/gas-c
