'solc --version' running
'solc /sb/0xa38bc010c2bcc0c453383e43cbc17e4717564392.sol --combined-json abi,ast,bin,bin-runtime,srcmap,srcmap-runtime,userdoc,devdoc,hashes,compact-format --allow-paths .,/sb' running
Compilation warnings/errors on /sb/0xa38bc010c2bcc0c453383e43cbc17e4717564392.sol:
/sb/0xa38bc010c2bcc0c453383e43cbc17e4717564392.sol:199:5: Warning: Defining constructors as functions with the same name as the contract is deprecated. Use "constructor(...) { ... }" instead.
    function CLICKLEToken() {
    ^ (Relevant source part starts here and spans across multiple lines).
/sb/0xa38bc010c2bcc0c453383e43cbc17e4717564392.sol:94:5: Warning: Invoking events without "emit" prefix is deprecated.
    Transfer(msg.sender, _to, _value);
    ^-------------------------------^
/sb/0xa38bc010c2bcc0c453383e43cbc17e4717564392.sol:133:5: Warning: Invoking events without "emit" prefix is deprecated.
    Transfer(_from, _to, _value);
    ^--------------------------^
/sb/0xa38bc010c2bcc0c453383e43cbc17e4717564392.sol:148:5: Warning: Invoking events without "emit" prefix is deprecated.
    Approval(msg.sender, _spender, _value);
    ^------------------------------------^
/sb/0xa38bc010c2bcc0c453383e43cbc17e4717564392.sol:170:5: Warning: Invoking events without "emit" prefix is deprecated.
    Approval(msg.sender, _spender, allowed[msg.sender][_spender]);
    ^-----------------------------------------------------------^
/sb/0xa38bc010c2bcc0c453383e43cbc17e4717564392.sol:181:5: Warning: Invoking events without "emit" prefix is deprecated.
    Approval(msg.sender, _spender, allowed[msg.sender][_spender]);
    ^-----------------------------------------------------------^
/sb/0xa38bc010c2bcc0c453383e43cbc17e4717564392.sol:199:5: Warning: No visibility specified. Defaulting to "public". 
    function CLICKLEToken() {
    ^ (Relevant source part starts here and spans across multiple lines).
/sb/0xa38bc010c2bcc0c453383e43cbc17e4717564392.sol:27:3: Warning: Function state mutability can be restricted to pure
  function mul(uint256 a, uint256 b) internal constant returns (uint256) {
  ^ (Relevant source part starts here and spans across multiple lines).
/sb/0xa38bc010c2bcc0c453383e43cbc17e4717564392.sol:33:3: Warning: Function state mutability can be restricted to pure
  function div(uint256 a, uint256 b) internal constant returns (uint256) {
  ^ (Relevant source part starts here and spans across multiple lines).
/sb/0xa38bc010c2bcc0c453383e43cbc17e4717564392.sol:40:3: Warning: Function state mutability can be restricted to pure
  function sub(uint256 a, uint256 b) internal constant returns (uint256) {
  ^ (Relevant source part starts here and spans across multiple lines).
/sb/0xa38bc010c2bcc0c453383e43cbc17e4717564392.sol:45:3: Warning: Function state mutability can be restricted to pure
  function add(uint256 a, uint256 b) internal constant returns (uint256) {
  ^ (Relevant source part starts here and spans across multiple lines).


Version constraint ^0.4.11 contains known severe issues (https://solidity.readthedocs.io/en/latest/bugs.html)
	- DirtyBytesArrayToStorage
	- KeccakCaching
	- EmptyByteArrayCopy
	- DynamicArrayCleanup
	- ImplicitConstructorCallvalueCheck
	- TupleAssignmentMultiStackSlotComponents
	- MemoryArrayCreationOverflow
	- privateCanBeOverridden
	- SignedArrayStorageCopy
	- UninitializedFunctionPointerInConstructor_0.4.x
	- IncorrectEventSignatureInLibraries_0.4.x
	- ExpExponentCleanup
	- NestedArrayFunctionCallDecoder
	- ZeroFunctionSelector
	- DelegateCallReturnValue
	- ECRecoverMalformedInput
	- SkipEmptyStringLiteral.
It is used by:
	- ^0.4.11 (../sb/0xa38bc010c2bcc0c453383e43cbc17e4717564392.sol#1)
solc-0.4.26 is an outdated solc version. Use a more recent version (at least 0.8.0), if possible.
Reference: https://github.com/crytic/slither/wiki/Detector-Documentation#incorrect-versions-of-solidity

Parameter BasicToken.transfer(address,uint256)._to (../sb/0xa38bc010c2bcc0c453383e43cbc17e4717564392.sol#87) is not in mixedCase
Parameter BasicToken.transfer(address,uint256)._value (../sb/0xa38bc010c2bcc0c453383e43cbc17e4717564392.sol#87) is not in mixedCase
Parameter BasicToken.balanceOf(address)._owner (../sb/0xa38bc010c2bcc0c453383e43cbc17e4717564392.sol#103) is not in mixedCase
Parameter StandardToken.transferFrom(address,address,uint256)._from (../sb/0xa38bc010c2bcc0c453383e43cbc17e4717564392.sol#125) is not in mixedCase
Parameter StandardToken.transferFrom(address,address,uint256)._to (../sb/0xa38bc010c2bcc0c453383e43cbc17e4717564392.sol#125) is not in mixedCase
Parameter StandardToken.transferFrom(address,address,uint256)._value (../sb/0xa38bc010c2bcc0c453383e43cbc17e4717564392.sol#125) is not in mixedCase
Parameter StandardToken.approve(address,uint256)._spender (../sb/0xa38bc010c2bcc0c453383e43cbc17e4717564392.sol#146) is not in mixedCase
Parameter StandardToken.approve(address,uint256)._value (../sb/0xa38bc010c2bcc0c453383e43cbc17e4717564392.sol#146) is not in mixedCase
Parameter StandardToken.allowance(address,address)._owner (../sb/0xa38bc010c2bcc0c453383e43cbc17e4717564392.sol#158) is not in mixedCase
Parameter StandardToken.allowance(address,address)._spender (../sb/0xa38bc010c2bcc0c453383e43cbc17e4717564392.sol#158) is not in mixedCase
Parameter StandardToken.increaseApproval(address,uint256)._spender (../sb/0xa38bc010c2bcc0c453383e43cbc17e4717564392.sol#168) is not in mixedCase
Parameter StandardToken.increaseApproval(address,uint256)._addedValue (../sb/0xa38bc010c2bcc0c453383e43cbc17e4717564392.sol#168) is not in mixedCase
Parameter StandardToken.decreaseApproval(address,uint256)._spender (../sb/0xa38bc010c2bcc0c453383e43cbc17e4717564392.sol#174) is not in mixedCase
Parameter StandardToken.decreaseApproval(address,uint256)._subtractedValue (../sb/0xa38bc010c2bcc0c453383e43cbc17e4717564392.sol#174) is not in mixedCase
Variable CLICKLEToken.INITIAL_SUPPLY (../sb/0xa38bc010c2bcc0c453383e43cbc17e4717564392.sol#197) is not in mixedCase
Reference: https://github.com/crytic/slither/wiki/Detector-Documentation#conformance-to-solidity-naming-conventions

CLICKLEToken.slitherConstructorVariables() (../sb/0xa38bc010c2bcc0c453383e43cbc17e4717564392.sol#192-204) uses literals with too many digits:
	- INITIAL_SUPPLY = 2000000000000000 (../sb/0xa38bc010c2bcc0c453383e43cbc17e4717564392.sol#197)
Reference: https://github.com/crytic/slither/wiki/Detector-Documentation#too-many-digits

CLICKLEToken.INITIAL_SUPPLY (../sb/0xa38bc010c2bcc0c453383e43cbc17e4717564392.sol#197) should be constant 
CLICKLEToken.decimals (../sb/0xa38bc010c2bcc0c453383e43cbc17e4717564392.sol#196) should be constant 
CLICKLEToken.name (../sb/0xa38bc010c2bcc0c453383e43cbc17e4717564392.sol#194) should be constant 
CLICKLEToken.symbol (../sb/0xa38bc010c2bcc0c453383e43cbc17e4717564392.sol#195) should be constant 
Reference: https://github.com/crytic/slither/wiki/Detector-Documentation#state-variables-that-could-be-declared-constant
/sb/0xa38bc010c2bcc0c453383e43cbc17e4717564392.sol analyzed (6 contracts with 100 detectors), 22 result(s) found
