ANTLR runtime and generated code versions disagree: 4.9.2!=4.7.2
ANTLR runtime and generated code versions disagree: 4.9.2!=4.7.2
Analysing /sb/0xd9c958934e5b70093320fbe001b5e5bc1c0f6af9.sol:ERC20Token...
Vulnerability: Integer Overflow. Maybe in function: approveAndCall(address,uint256,bytes). PC: 0x4c5. Line number: 127.
If a = 32
and b = 115792089237316195423570985008687907853269984665640564039457584007913129639900
Vulnerability: Reentrancy. Maybe in function: approveAndCall(address,uint256,bytes). PC: 0xf24. Line number: 134.
Vulnerability: Integer Overflow. Maybe in function: approveAndCall(address,uint256,bytes). PC: 0xd7e. Line number: 129.
If a = 32
and b = 115792089237316195423570985008687907853269984665640564039457584007913129639720
Vulnerability: Integer Overflow. Maybe in function: transferFrom(address,address,uint256). PC: 0x84d. Line number: 62.
If a = 14986358112015705057545690290608139686599350264201312717244250739427346028346
and b = 101786841151422658262900167321957143559671268995048110630283302141471392794418
Vulnerability: Integer Overflow. Maybe in function: transfer(address,uint256). PC: 0xc21. Line number: 52.
If a = 94650996772457130513482623245754233028286551280985323186593832453758212984833
and b = 72348384235649911729175179526067603505531860663162438144805924874757455412333
Vulnerability: Integer Overflow. Maybe in function: approveAndCall(address,uint256,bytes). PC: 0xe81. Line number: 134.
If a = 32
and b = 115792089237316195423570985008687907853269984665640564039457584007913129639720
Analysing /sb/0xd9c958934e5b70093320fbe001b5e5bc1c0f6af9.sol:StandardToken...
Vulnerability: Integer Overflow. Maybe in function: transfer(address,uint256). PC: 0x764. Line number: 52.
If a = 87310544923646333722588710891839735141701492339462941296425175999838294677685
and b = 75797904627569293495773935208414831300785011630382230174896672297025451629989
Vulnerability: Integer Overflow. Maybe in function: transferFrom(address,address,uint256). PC: 0x4df. Line number: 62.
If a = 115792089237316195423570985008687907852929702298719625575986678629059396938892
and b = 57896044618658097711785492504343953926464851149359812787966701799017442747740
Analysing /sb/0xd9c958934e5b70093320fbe001b5e5bc1c0f6af9.sol:Token...
