Extract contract Address from /sb/0x000c9f7bccb554e8c3b36a1e8331cbc669e46d1c.sol
Extract contract Counters from /sb/0x000c9f7bccb554e8c3b36a1e8331cbc669e46d1c.sol
Extract contract ERC721A from /sb/0x000c9f7bccb554e8c3b36a1e8331cbc669e46d1c.sol
Extract contract KryptoKiddos from /sb/0x000c9f7bccb554e8c3b36a1e8331cbc669e46d1c.sol
Extract contract SafeMath from /sb/0x000c9f7bccb554e8c3b36a1e8331cbc669e46d1c.sol
Extract contract Strings from /sb/0x000c9f7bccb554e8c3b36a1e8331cbc669e46d1c.sol
Extracted 6 contract(s) from /sb/0x000c9f7bccb554e8c3b36a1e8331cbc669e46d1c.sol
[0;32m> Created "fuzzMe"[0m
[0;32m> To fuzz contracts:[0m
  chmod +x fuzzMe
  ./fuzzMe
Error: Source file requires different compiler version (current compiler is 0.8.30+commit.73712a01.Linux.g++) - note that nightly builds are considered to be strictly less than the released version
 --> assets/NormalAttacker.sol:1:1:
  |
1 | pragma solidity ^0.4.24;
  | ^^^^^^^^^^^^^^^^^^^^^^^^

Error: Source file requires different compiler version (current compiler is 0.8.30+commit.73712a01.Linux.g++) - note that nightly builds are considered to be strictly less than the released version
 --> assets/ReentrancyAttacker.sol:1:1:
  |
1 | pragma solidity ^0.4.24;
  | ^^^^^^^^^^^^^^^^^^^^^^^^

terminate called after throwing an instance of 'boost::exception_detail::clone_impl<boost::exception_detail::error_info_injector<boost::property_tree::json_parser::json_parser_error> >'
  what():  assets/NormalAttacker.sol.json(1): expected value
./fuzzMe: line 10:    31 Aborted                 (core dumped) ./fuzzer --file contracts/Strings.sol.json --name Strings --assets assets/ --duration 120 --mode 1 --reporter 1 --log 0 --attacker ReentrancyAttacker
terminate called after throwing an instance of 'boost::exception_detail::clone_impl<boost::exception_detail::error_info_injector<boost::property_tree::json_parser::json_parser_error> >'
  what():  assets/NormalAttacker.sol.json(1): expected value
./fuzzMe: line 11:    32 Aborted                 (core dumped) ./fuzzer --file contracts/SafeMath.sol.json --name SafeMath --assets assets/ --duration 120 --mode 1 --reporter 1 --log 0 --attacker ReentrancyAttacker
terminate called after throwing an instance of 'boost::exception_detail::clone_impl<boost::exception_detail::error_info_injector<boost::property_tree::json_parser::json_parser_error> >'
  what():  assets/NormalAttacker.sol.json(1): expected value
./fuzzMe: line 12:    33 Aborted                 (core dumped) ./fuzzer --file contracts/ERC721A.sol.json --name ERC721A --assets assets/ --duration 120 --mode 1 --reporter 1 --log 0 --attacker ReentrancyAttacker
terminate called after throwing an instance of 'boost::exception_detail::clone_impl<boost::exception_detail::error_info_injector<boost::property_tree::json_parser::json_parser_error> >'
  what():  assets/NormalAttacker.sol.json(1): expected value
./fuzzMe: line 13:    34 Aborted                 (core dumped) ./fuzzer --file contracts/KryptoKiddos.sol.json --name KryptoKiddos --assets assets/ --duration 120 --mode 1 --reporter 1 --log 0 --attacker ReentrancyAttacker
terminate called after throwing an instance of 'boost::exception_detail::clone_impl<boost::exception_detail::error_info_injector<boost::property_tree::json_parser::json_parser_error> >'
  what():  assets/NormalAttacker.sol.json(1): expected value
./fuzzMe: line 14:    35 Aborted                 (core dumped) ./fuzzer --file contracts/Counters.sol.json --name Counters --assets assets/ --duration 120 --mode 1 --reporter 1 --log 0 --attacker ReentrancyAttacker
terminate called after throwing an instance of 'boost::exception_detail::clone_impl<boost::exception_detail::error_info_injector<boost::property_tree::json_parser::json_parser_error> >'
  what():  assets/NormalAttacker.sol.json(1): expected value
./fuzzMe: line 15:    36 Aborted                 (core dumped) ./fuzzer --file contracts/Address.sol.json --name Address --assets assets/ --duration 120 --mode 1 --reporter 1 --log 0 --attacker ReentrancyAttacker
