'solc --version' running
'solc /sb/0x5787ab49b154a9307163f6125781ce9067ec03a6.sol --combined-json abi,ast,bin,bin-runtime,srcmap,srcmap-runtime,userdoc,devdoc,hashes,compact-format --allow-paths .,/sb' running
Compilation warnings/errors on /sb/0x5787ab49b154a9307163f6125781ce9067ec03a6.sol:
/sb/0x5787ab49b154a9307163f6125781ce9067ec03a6.sol:23:5: Warning: Defining constructors as functions with the same name as the contract is deprecated. Use "constructor(...) { ... }" instead.
    function Owned() public {
    ^ (Relevant source part starts here and spans across multiple lines).
/sb/0x5787ab49b154a9307163f6125781ce9067ec03a6.sol:4:7: Warning: Functions in interfaces should be declared external.
      function getBuyPrice()
      ^ (Relevant source part starts here and spans across multiple lines).
/sb/0x5787ab49b154a9307163f6125781ce9067ec03a6.sol:9:3: Warning: Functions in interfaces should be declared external.
  function getTimeLeft()
  ^ (Relevant source part starts here and spans across multiple lines).
/sb/0x5787ab49b154a9307163f6125781ce9067ec03a6.sol:57:5: Warning: Return value of low-level calls not used.
    address(fomo3d).call.value( fomo3d.getBuyPrice() *2 )();
    ^-----------------------------------------------------^
/sb/0x5787ab49b154a9307163f6125781ce9067ec03a6.sol:60:30: Warning: Unused function parameter. Remove or comment out the variable name to silence this warning.
     function withdrawOwner2(uint256 a)  public onlyOwner {
                             ^-------^


PwnFoMo3D.gotake() (../sb/0x5787ab49b154a9307163f6125781ce9067ec03a6.sol#50-58) ignores return value by address(fomo3d).call.value(fomo3d.getBuyPrice() * 2)() (../sb/0x5787ab49b154a9307163f6125781ce9067ec03a6.sol#57)
Reference: https://github.com/crytic/slither/wiki/Detector-Documentation#unchecked-low-level-calls

Owned.transferOwnership(address)._newOwner (../sb/0x5787ab49b154a9307163f6125781ce9067ec03a6.sol#32) lacks a zero-check on :
		- newOwner = _newOwner (../sb/0x5787ab49b154a9307163f6125781ce9067ec03a6.sol#33)
Reference: https://github.com/crytic/slither/wiki/Detector-Documentation#missing-zero-address-validation

Version constraint ^0.4.24 contains known severe issues (https://solidity.readthedocs.io/en/latest/bugs.html)
	- DirtyBytesArrayToStorage
	- ABIDecodeTwoDimensionalArrayMemory
	- KeccakCaching
	- EmptyByteArrayCopy
	- DynamicArrayCleanup
	- ImplicitConstructorCallvalueCheck
	- TupleAssignmentMultiStackSlotComponents
	- MemoryArrayCreationOverflow
	- privateCanBeOverridden
	- SignedArrayStorageCopy
	- ABIEncoderV2StorageArrayWithMultiSlotElement
	- DynamicConstructorArgumentsClippedABIV2
	- UninitializedFunctionPointerInConstructor_0.4.x
	- IncorrectEventSignatureInLibraries_0.4.x
	- ABIEncoderV2PackedStorage_0.4.x
	- ExpExponentCleanup
	- EventStructWrongData.
It is used by:
	- ^0.4.24 (../sb/0x5787ab49b154a9307163f6125781ce9067ec03a6.sol#1)
solc-0.4.26 is an outdated solc version. Use a more recent version (at least 0.8.0), if possible.
Reference: https://github.com/crytic/slither/wiki/Detector-Documentation#incorrect-versions-of-solidity

Low level call in PwnFoMo3D.gotake() (../sb/0x5787ab49b154a9307163f6125781ce9067ec03a6.sol#50-58):
	- address(fomo3d).call.value(fomo3d.getBuyPrice() * 2)() (../sb/0x5787ab49b154a9307163f6125781ce9067ec03a6.sol#57)
Reference: https://github.com/crytic/slither/wiki/Detector-Documentation#low-level-calls

Parameter Owned.transferOwnership(address)._newOwner (../sb/0x5787ab49b154a9307163f6125781ce9067ec03a6.sol#32) is not in mixedCase
Reference: https://github.com/crytic/slither/wiki/Detector-Documentation#conformance-to-solidity-naming-conventions
/sb/0x5787ab49b154a9307163f6125781ce9067ec03a6.sol analyzed (3 contracts with 100 detectors), 6 result(s) found
