A new version of Solhint is available: 6.0.1
Please consider updating your Solhint package.
/sb/0x00f4969458d8e6a6c8ead5d5b5878e6f375feea6.sol:41:1: Found more than One contract per file. 10 contracts found! [Warning/one-contract-per-file]
/sb/0x00f4969458d8e6a6c8ead5d5b5878e6f375feea6.sol:41:1: Missing @title tag in contract 'IERC20' [Warning/use-natspec]
/sb/0x00f4969458d8e6a6c8ead5d5b5878e6f375feea6.sol:41:1: Missing @author tag in contract 'IERC20' [Warning/use-natspec]
/sb/0x00f4969458d8e6a6c8ead5d5b5878e6f375feea6.sol:41:1: Missing @notice tag in contract 'IERC20' [Warning/use-natspec]
/sb/0x00f4969458d8e6a6c8ead5d5b5878e6f375feea6.sol:49:5: Missing @notice tag in function 'totalSupply' [Warning/use-natspec]
/sb/0x00f4969458d8e6a6c8ead5d5b5878e6f375feea6.sol:49:5: Missing @return tag in function 'totalSupply' [Warning/use-natspec]
/sb/0x00f4969458d8e6a6c8ead5d5b5878e6f375feea6.sol:49:5: Mismatch in @return count for function 'totalSupply'. Expected: 1, Found: 0 [Warning/use-natspec]
/sb/0x00f4969458d8e6a6c8ead5d5b5878e6f375feea6.sol:59:5: Missing @notice tag in function 'balanceOf' [Warning/use-natspec]
/sb/0x00f4969458d8e6a6c8ead5d5b5878e6f375feea6.sol:59:5: Missing @param tag in function 'balanceOf' [Warning/use-natspec]
/sb/0x00f4969458d8e6a6c8ead5d5b5878e6f375feea6.sol:59:5: Mismatch in @param names for function 'balanceOf'. Expected: [account], Found: [] [Warning/use-natspec]
/sb/0x00f4969458d8e6a6c8ead5d5b5878e6f375feea6.sol:59:5: Missing @return tag in function 'balanceOf' [Warning/use-natspec]
/sb/0x00f4969458d8e6a6c8ead5d5b5878e6f375feea6.sol:59:5: Mismatch in @return count for function 'balanceOf'. Expected: 1, Found: 0 [Warning/use-natspec]
/sb/0x00f4969458d8e6a6c8ead5d5b5878e6f375feea6.sol:77:5: Missing @notice tag in function 'transfer' [Warning/use-natspec]
/sb/0x00f4969458d8e6a6c8ead5d5b5878e6f375feea6.sol:77:5: Missing @param tag in function 'transfer' [Warning/use-natspec]
/sb/0x00f4969458d8e6a6c8ead5d5b5878e6f375feea6.sol:77:5: Mismatch in @param names for function 'transfer'. Expected: [recipient, amount], Found: [] [Warning/use-natspec]
/sb/0x00f4969458d8e6a6c8ead5d5b5878e6f375feea6.sol:77:5: Missing @return tag in function 'transfer' [Warning/use-natspec]
/sb/0x00f4969458d8e6a6c8ead5d5b5878e6f375feea6.sol:77:5: Mismatch in @return count for function 'transfer'. Expected: 1, Found: 0 [Warning/use-natspec]
/sb/0x00f4969458d8e6a6c8ead5d5b5878e6f375feea6.sol:95:5: Missing @notice tag in function 'allowance' [Warning/use-natspec]
/sb/0x00f4969458d8e6a6c8ead5d5b5878e6f375feea6.sol:95:5: Missing @param tag in function 'allowance' [Warning/use-natspec]
/sb/0x00f4969458d8e6a6c8ead5d5b5878e6f375feea6.sol:95:5: Mismatch in @param names for function 'allowance'. Expected: [owner, spender], Found: [] [Warning/use-natspec]
/sb/0x00f4969458d8e6a6c8ead5d5b5878e6f375feea6.sol:95:5: Missing @return tag in function 'allowance' [Warning/use-natspec]
/sb/0x00f4969458d8e6a6c8ead5d5b5878e6f375feea6.sol:95:5: Mismatch in @return count for function 'allowance'. Expected: 1, Found: 0 [Warning/use-natspec]
/sb/0x00f4969458d8e6a6c8ead5d5b5878e6f375feea6.sol:127:5: Missing @notice tag in function 'approve' [Warning/use-natspec]
/sb/0x00f4969458d8e6a6c8ead5d5b5878e6f375feea6.sol:127:5: Missing @param tag in function 'approve' [Warning/use-natspec]
/sb/0x00f4969458d8e6a6c8ead5d5b5878e6f375feea6.sol:127:5: Mismatch in @param names for function 'approve'. Expected: [spender, amount], Found: [] [Warning/use-natspec]
/sb/0x00f4969458d8e6a6c8ead5d5b5878e6f375feea6.sol:127:5: Missing @return tag in function 'approve' [Warning/use-natspec]
/sb/0x00f4969458d8e6a6c8ead5d5b5878e6f375feea6.sol:127:5: Mismatch in @return count for function 'approve'. Expected: 1, Found: 0 [Warning/use-natspec]
/sb/0x00f4969458d8e6a6c8ead5d5b5878e6f375feea6.sol:149:5: Missing @notice tag in function 'transferFrom' [Warning/use-natspec]
/sb/0x00f4969458d8e6a6c8ead5d5b5878e6f375feea6.sol:149:5: Missing @param tag in function 'transferFrom' [Warning/use-natspec]
/sb/0x00f4969458d8e6a6c8ead5d5b5878e6f375feea6.sol:149:5: Mismatch in @param names for function 'transferFrom'. Expected: [sender, recipient, amount], Found: [] [Warning/use-natspec]
/sb/0x00f4969458d8e6a6c8ead5d5b5878e6f375feea6.sol:149:5: Missing @return tag in function 'transferFrom' [Warning/use-natspec]
/sb/0x00f4969458d8e6a6c8ead5d5b5878e6f375feea6.sol:149:5: Mismatch in @return count for function 'transferFrom'. Expected: 1, Found: 0 [Warning/use-natspec]
/sb/0x00f4969458d8e6a6c8ead5d5b5878e6f375feea6.sol:173:5: Missing @notice tag in event 'Transfer' [Warning/use-natspec]
/sb/0x00f4969458d8e6a6c8ead5d5b5878e6f375feea6.sol:173:5: Missing @param tag in event 'Transfer' [Warning/use-natspec]
/sb/0x00f4969458d8e6a6c8ead5d5b5878e6f375feea6.sol:173:5: Mismatch in @param names for event 'Transfer'. Expected: [from, to, value], Found: [] [Warning/use-natspec]
/sb/0x00f4969458d8e6a6c8ead5d5b5878e6f375feea6.sol:173:5: GC: [value] on Event [Transfer] could be Indexed [Warning/gas-indexed-events]
/sb/0x00f4969458d8e6a6c8ead5d5b5878e6f375feea6.sol:185:5: Missing @notice tag in event 'Approval' [Warning/use-natspec]
/sb/0x00f4969458d8e6a6c8ead5d5b5878e6f375feea6.sol:185:5: Missing @param tag in event 'Approval' [Warning/use-natspec]
/sb/0x00f4969458d8e6a6c8ead5d5b5878e6f375feea6.sol:185:5: Mismatch in @param names for event 'Approval'. Expected: [owner, spender, value], Found: [] [Warning/use-natspec]
/sb/0x00f4969458d8e6a6c8ead5d5b5878e6f375feea6.sol:185:5: GC: [value] on Event [Approval] could be Indexed [Warning/gas-indexed-events]
/sb/0x00f4969458d8e6a6c8ead5d5b5878e6f375feea6.sol:197:1: Compiler version ^0.6.12 does not satisfy the ^0.8.24 semver requirement [Error/compiler-version]
/sb/0x00f4969458d8e6a6c8ead5d5b5878e6f375feea6.sol:221:1: Missing @title tag in contract 'Context' [Warning/use-natspec]
/sb/0x00f4969458d8e6a6c8ead5d5b5878e6f375feea6.sol:221:1: Missing @author tag in contract 'Context' [Warning/use-natspec]
/sb/0x00f4969458d8e6a6c8ead5d5b5878e6f375feea6.sol:221:1: Missing @notice tag in contract 'Context' [Warning/use-natspec]
/sb/0x00f4969458d8e6a6c8ead5d5b5878e6f375feea6.sol:223:5: Missing @notice tag in function '_msgSender' [Warning/use-natspec]
/sb/0x00f4969458d8e6a6c8ead5d5b5878e6f375feea6.sol:223:5: Missing @return tag in function '_msgSender' [Warning/use-natspec]
/sb/0x00f4969458d8e6a6c8ead5d5b5878e6f375feea6.sol:223:5: Mismatch in @return count for function '_msgSender'. Expected: 1, Found: 0 [Warning/use-natspec]
/sb/0x00f4969458d8e6a6c8ead5d5b5878e6f375feea6.sol:231:5: Missing @notice tag in function '_msgData' [Warning/use-natspec]
/sb/0x00f4969458d8e6a6c8ead5d5b5878e6f375feea6.sol:231:5: Missing @return tag in function '_msgData' [Warning/use-natspec]
/sb/0x00f4969458d8e6a6c8ead5d5b5878e6f375feea6.sol:231:5: Mismatch in @return count for function '_msgData'. Expected: 1, Found: 0 [Warning/use-natspec]
/sb/0x00f4969458d8e6a6c8ead5d5b5878e6f375feea6.sol:257:1: Compiler version ^0.6.12 does not satisfy the ^0.8.24 semver requirement [Error/compiler-version]
/sb/0x00f4969458d8e6a6c8ead5d5b5878e6f375feea6.sol:269:1: Missing @title tag in contract 'IERC20Metadata' [Warning/use-natspec]
/sb/0x00f4969458d8e6a6c8ead5d5b5878e6f375feea6.sol:269:1: Missing @author tag in contract 'IERC20Metadata' [Warning/use-natspec]
/sb/0x00f4969458d8e6a6c8ead5d5b5878e6f375feea6.sol:269:1: Missing @notice tag in contract 'IERC20Metadata' [Warning/use-natspec]
/sb/0x00f4969458d8e6a6c8ead5d5b5878e6f375feea6.sol:277:5: Missing @notice tag in function 'name' [Warning/use-natspec]
/sb/0x00f4969458d8e6a6c8ead5d5b5878e6f375feea6.sol:277:5: Missing @return tag in function 'name' [Warning/use-natspec]
/sb/0x00f4969458d8e6a6c8ead5d5b5878e6f375feea6.sol:277:5: Mismatch in @return count for function 'name'. Expected: 1, Found: 0 [Warning/use-natspec]
/sb/0x00f4969458d8e6a6c8ead5d5b5878e6f375feea6.sol:287:5: Missing @notice tag in function 'symbol' [Warning/use-natspec]
/sb/0x00f4969458d8e6a6c8ead5d5b5878e6f375feea6.sol:287:5: Missing @return tag in function 'symbol' [Warning/use-natspec]
/sb/0x00f4969458d8e6a6c8ead5d5b5878e6f375feea6.sol:287:5: Mismatch in @return count for function 'symbol'. Expected: 1, Found: 0 [Warning/use-natspec]
/sb/0x00f4969458d8e6a6c8ead5d5b5878e6f375feea6.sol:297:5: Missing @notice tag in function 'decimals' [Warning/use-natspec]
/sb/0x00f4969458d8e6a6c8ead5d5b5878e6f375feea6.sol:297:5: Missing @return tag in function 'decimals' [Warning/use-natspec]
/sb/0x00f4969458d8e6a6c8ead5d5b5878e6f375feea6.sol:297:5: Mismatch in @return count for function 'decimals'. Expected: 1, Found: 0 [Warning/use-natspec]
/sb/0x00f4969458d8e6a6c8ead5d5b5878e6f375feea6.sol:309:1: Compiler version ^0.6.12 does not satisfy the ^0.8.24 semver requirement [Error/compiler-version]
/sb/0x00f4969458d8e6a6c8ead5d5b5878e6f375feea6.sol:313:1: Missing @title tag in contract 'SafeMath' [Warning/use-natspec]
/sb/0x00f4969458d8e6a6c8ead5d5b5878e6f375feea6.sol:313:1: Missing @author tag in contract 'SafeMath' [Warning/use-natspec]
/sb/0x00f4969458d8e6a6c8ead5d5b5878e6f375feea6.sol:313:1: Missing @notice tag in contract 'SafeMath' [Warning/use-natspec]
/sb/0x00f4969458d8e6a6c8ead5d5b5878e6f375feea6.sol:335:5: Missing @notice tag in function 'add' [Warning/use-natspec]
/sb/0x00f4969458d8e6a6c8ead5d5b5878e6f375feea6.sol:335:5: Missing @param tag in function 'add' [Warning/use-natspec]
/sb/0x00f4969458d8e6a6c8ead5d5b5878e6f375feea6.sol:335:5: Mismatch in @param names for function 'add'. Expected: [a, b], Found: [] [Warning/use-natspec]
/sb/0x00f4969458d8e6a6c8ead5d5b5878e6f375feea6.sol:335:5: Missing @return tag in function 'add' [Warning/use-natspec]
/sb/0x00f4969458d8e6a6c8ead5d5b5878e6f375feea6.sol:335:5: Mismatch in @return count for function 'add'. Expected: 1, Found: 0 [Warning/use-natspec]
/sb/0x00f4969458d8e6a6c8ead5d5b5878e6f375feea6.sol:339:17: GC: Non strict inequality found. Try converting to a strict one [Warning/gas-strict-inequalities]
/sb/0x00f4969458d8e6a6c8ead5d5b5878e6f375feea6.sol:369:5: Missing @notice tag in function 'sub' [Warning/use-natspec]
/sb/0x00f4969458d8e6a6c8ead5d5b5878e6f375feea6.sol:369:5: Missing @param tag in function 'sub' [Warning/use-natspec]
/sb/0x00f4969458d8e6a6c8ead5d5b5878e6f375feea6.sol:369:5: Mismatch in @param names for function 'sub'. Expected: [a, b], Found: [] [Warning/use-natspec]
/sb/0x00f4969458d8e6a6c8ead5d5b5878e6f375feea6.sol:369:5: Missing @return tag in function 'sub' [Warning/use-natspec]
/sb/0x00f4969458d8e6a6c8ead5d5b5878e6f375feea6.sol:369:5: Mismatch in @return count for function 'sub'. Expected: 1, Found: 0 [Warning/use-natspec]
/sb/0x00f4969458d8e6a6c8ead5d5b5878e6f375feea6.sol:397:5: Missing @notice tag in function 'sub' [Warning/use-natspec]
/sb/0x00f4969458d8e6a6c8ead5d5b5878e6f375feea6.sol:397:5: Missing @param tag in function 'sub' [Warning/use-natspec]
/sb/0x00f4969458d8e6a6c8ead5d5b5878e6f375feea6.sol:397:5: Mismatch in @param names for function 'sub'. Expected: [a, b, errorMessage], Found: [] [Warning/use-natspec]
/sb/0x00f4969458d8e6a6c8ead5d5b5878e6f375feea6.sol:397:5: Missing @return tag in function 'sub' [Warning/use-natspec]
/sb/0x00f4969458d8e6a6c8ead5d5b5878e6f375feea6.sol:397:5: Mismatch in @return count for function 'sub'. Expected: 1, Found: 0 [Warning/use-natspec]
/sb/0x00f4969458d8e6a6c8ead5d5b5878e6f375feea6.sol:399:17: GC: Non strict inequality found. Try converting to a strict one [Warning/gas-strict-inequalities]
/sb/0x00f4969458d8e6a6c8ead5d5b5878e6f375feea6.sol:431:5: Missing @notice tag in function 'mul' [Warning/use-natspec]
/sb/0x00f4969458d8e6a6c8ead5d5b5878e6f375feea6.sol:431:5: Missing @param tag in function 'mul' [Warning/use-natspec]
/sb/0x00f4969458d8e6a6c8ead5d5b5878e6f375feea6.sol:431:5: Mismatch in @param names for function 'mul'. Expected: [a, b], Found: [] [Warning/use-natspec]
/sb/0x00f4969458d8e6a6c8ead5d5b5878e6f375feea6.sol:431:5: Missing @return tag in function 'mul' [Warning/use-natspec]
/sb/0x00f4969458d8e6a6c8ead5d5b5878e6f375feea6.sol:431:5: Mismatch in @return count for function 'mul'. Expected: 1, Found: 0 [Warning/use-natspec]
/sb/0x00f4969458d8e6a6c8ead5d5b5878e6f375feea6.sol:449:9: Error message for require is too long: 33 counted / 32 allowed [Warning/reason-string]
/sb/0x00f4969458d8e6a6c8ead5d5b5878e6f375feea6.sol:449:9: GC: String exceeds 32 bytes [Warning/gas-small-strings]
/sb/0x00f4969458d8e6a6c8ead5d5b5878e6f375feea6.sol:483:5: Missing @notice tag in function 'div' [Warning/use-natspec]
/sb/0x00f4969458d8e6a6c8ead5d5b5878e6f375feea6.sol:483:5: Missing @param tag in function 'div' [Warning/use-natspec]
/sb/0x00f4969458d8e6a6c8ead5d5b5878e6f375feea6.sol:483:5: Mismatch in @param names for function 'div'. Expected: [a, b], Found: [] [Warning/use-natspec]
/sb/0x00f4969458d8e6a6c8ead5d5b5878e6f375feea6.sol:483:5: Missing @return tag in function 'div' [Warning/use-natspec]
/sb/0x00f4969458d8e6a6c8ead5d5b5878e6f375feea6.sol:483:5: Mismatch in @return count for function 'div'. Expected: 1, Found: 0 [Warning/use-natspec]
/sb/0x00f4969458d8e6a6c8ead5d5b5878e6f375feea6.sol:515:5: Missing @notice tag in function 'div' [Warning/use-natspec]
/sb/0x00f4969458d8e6a6c8ead5d5b5878e6f375feea6.sol:515:5: Missing @param tag in function 'div' [Warning/use-natspec]
/sb/0x00f4969458d8e6a6c8ead5d5b5878e6f375feea6.sol:515:5: Mismatch in @param names for function 'div'. Expected: [a, b, errorMessage], Found: [] [Warning/use-natspec]
/sb/0x00f4969458d8e6a6c8ead5d5b5878e6f375feea6.sol:515:5: Missing @return tag in function 'div' [Warning/use-natspec]
/sb/0x00f4969458d8e6a6c8ead5d5b5878e6f375feea6.sol:515:5: Mismatch in @return count for function 'div'. Expected: 1, Found: 0 [Warning/use-natspec]
/sb/0x00f4969458d8e6a6c8ead5d5b5878e6f375feea6.sol:555:5: Missing @notice tag in function 'mod' [Warning/use-natspec]
/sb/0x00f4969458d8e6a6c8ead5d5b5878e6f375feea6.sol:555:5: Missing @param tag in function 'mod' [Warning/use-natspec]
/sb/0x00f4969458d8e6a6c8ead5d5b5878e6f375feea6.sol:555:5: Mismatch in @param names for function 'mod'. Expected: [a, b], Found: [] [Warning/use-natspec]
/sb/0x00f4969458d8e6a6c8ead5d5b5878e6f375feea6.sol:555:5: Missing @return tag in function 'mod' [Warning/use-natspec]
/sb/0x00f4969458d8e6a6c8ead5d5b5878e6f375feea6.sol:555:5: Mismatch in @return count for function 'mod'. Expected: 1, Found: 0 [Warning/use-natspec]
/sb/0x00f4969458d8e6a6c8ead5d5b5878e6f375feea6.sol:587:5: Missing @notice tag in function 'mod' [Warning/use-natspec]
/sb/0x00f4969458d8e6a6c8ead5d5b5878e6f375feea6.sol:587:5: Missing @param tag in function 'mod' [Warning/use-natspec]
/sb/0x00f4969458d8e6a6c8ead5d5b5878e6f375feea6.sol:587:5: Mismatch in @param names for function 'mod'. Expected: [a, b, errorMessage], Found: [] [Warning/use-natspec]
/sb/0x00f4969458d8e6a6c8ead5d5b5878e6f375feea6.sol:587:5: Missing @return tag in function 'mod' [Warning/use-natspec]
/sb/0x00f4969458d8e6a6c8ead5d5b5878e6f375feea6.sol:587:5: Mismatch in @return count for function 'mod'. Expected: 1, Found: 0 [Warning/use-natspec]
/sb/0x00f4969458d8e6a6c8ead5d5b5878e6f375feea6.sol:605:1: Compiler version ^0.6.12 does not satisfy the ^0.8.24 semver requirement [Error/compiler-version]
/sb/0x00f4969458d8e6a6c8ead5d5b5878e6f375feea6.sol:655:1: Missing @title tag in contract 'ERC20' [Warning/use-natspec]
/sb/0x00f4969458d8e6a6c8ead5d5b5878e6f375feea6.sol:655:1: Missing @author tag in contract 'ERC20' [Warning/use-natspec]
/sb/0x00f4969458d8e6a6c8ead5d5b5878e6f375feea6.sol:655:1: Missing @notice tag in contract 'ERC20' [Warning/use-natspec]
/sb/0x00f4969458d8e6a6c8ead5d5b5878e6f375feea6.sol:697:5: Missing @notice tag in function '<anonymous>' [Warning/use-natspec]
/sb/0x00f4969458d8e6a6c8ead5d5b5878e6f375feea6.sol:697:5: Missing @param tag in function '<anonymous>' [Warning/use-natspec]
/sb/0x00f4969458d8e6a6c8ead5d5b5878e6f375feea6.sol:697:5: Mismatch in @param names for function '<anonymous>'. Expected: [name_, symbol_], Found: [] [Warning/use-natspec]
/sb/0x00f4969458d8e6a6c8ead5d5b5878e6f375feea6.sol:713:5: Missing @notice tag in function 'name' [Warning/use-natspec]
/sb/0x00f4969458d8e6a6c8ead5d5b5878e6f375feea6.sol:713:5: Missing @return tag in function 'name' [Warning/use-natspec]
/sb/0x00f4969458d8e6a6c8ead5d5b5878e6f375feea6.sol:713:5: Mismatch in @return count for function 'name'. Expected: 1, Found: 0 [Warning/use-natspec]
/sb/0x00f4969458d8e6a6c8ead5d5b5878e6f375feea6.sol:729:5: Missing @notice tag in function 'symbol' [Warning/use-natspec]
/sb/0x00f4969458d8e6a6c8ead5d5b5878e6f375feea6.sol:729:5: Missing @return tag in function 'symbol' [Warning/use-natspec]
/sb/0x00f4969458d8e6a6c8ead5d5b5878e6f375feea6.sol:729:5: Mismatch in @return count for function 'symbol'. Expected: 1, Found: 0 [Warning/use-natspec]
/sb/0x00f4969458d8e6a6c8ead5d5b5878e6f375feea6.sol:763:5: Missing @notice tag in function 'decimals' [Warning/use-natspec]
/sb/0x00f4969458d8e6a6c8ead5d5b5878e6f375feea6.sol:763:5: Missing @return tag in function 'decimals' [Warning/use-natspec]
/sb/0x00f4969458d8e6a6c8ead5d5b5878e6f375feea6.sol:763:5: Mismatch in @return count for function 'decimals'. Expected: 1, Found: 0 [Warning/use-natspec]
/sb/0x00f4969458d8e6a6c8ead5d5b5878e6f375feea6.sol:777:5: Missing @notice tag in function 'totalSupply' [Warning/use-natspec]
/sb/0x00f4969458d8e6a6c8ead5d5b5878e6f375feea6.sol:777:5: Missing @return tag in function 'totalSupply' [Warning/use-natspec]
/sb/0x00f4969458d8e6a6c8ead5d5b5878e6f375feea6.sol:777:5: Mismatch in @return count for function 'totalSupply'. Expected: 1, Found: 0 [Warning/use-natspec]
/sb/0x00f4969458d8e6a6c8ead5d5b5878e6f375feea6.sol:791:5: Missing @notice tag in function 'balanceOf' [Warning/use-natspec]
/sb/0x00f4969458d8e6a6c8ead5d5b5878e6f375feea6.sol:791:5: Missing @param tag in function 'balanceOf' [Warning/use-natspec]
/sb/0x00f4969458d8e6a6c8ead5d5b5878e6f375feea6.sol:791:5: Mismatch in @param names for function 'balanceOf'. Expected: [account], Found: [] [Warning/use-natspec]
/sb/0x00f4969458d8e6a6c8ead5d5b5878e6f375feea6.sol:791:5: Missing @return tag in function 'balanceOf' [Warning/use-natspec]
/sb/0x00f4969458d8e6a6c8ead5d5b5878e6f375feea6.sol:791:5: Mismatch in @return count for function 'balanceOf'. Expected: 1, Found: 0 [Warning/use-natspec]
/sb/0x00f4969458d8e6a6c8ead5d5b5878e6f375feea6.sol:815:5: Missing @notice tag in function 'transfer' [Warning/use-natspec]
/sb/0x00f4969458d8e6a6c8ead5d5b5878e6f375feea6.sol:815:5: Missing @param tag in function 'transfer' [Warning/use-natspec]
/sb/0x00f4969458d8e6a6c8ead5d5b5878e6f375feea6.sol:815:5: Mismatch in @param names for function 'transfer'. Expected: [recipient, amount], Found: [] [Warning/use-natspec]
/sb/0x00f4969458d8e6a6c8ead5d5b5878e6f375feea6.sol:815:5: Missing @return tag in function 'transfer' [Warning/use-natspec]
/sb/0x00f4969458d8e6a6c8ead5d5b5878e6f375feea6.sol:815:5: Mismatch in @return count for function 'transfer'. Expected: 1, Found: 0 [Warning/use-natspec]
/sb/0x00f4969458d8e6a6c8ead5d5b5878e6f375feea6.sol:831:5: Missing @notice tag in function 'allowance' [Warning/use-natspec]
/sb/0x00f4969458d8e6a6c8ead5d5b5878e6f375feea6.sol:831:5: Missing @param tag in function 'allowance' [Warning/use-natspec]
/sb/0x00f4969458d8e6a6c8ead5d5b5878e6f375feea6.sol:831:5: Mismatch in @param names for function 'allowance'. Expected: [owner, spender], Found: [] [Warning/use-natspec]
/sb/0x00f4969458d8e6a6c8ead5d5b5878e6f375feea6.sol:831:5: Missing @return tag in function 'allowance' [Warning/use-natspec]
/sb/0x00f4969458d8e6a6c8ead5d5b5878e6f375feea6.sol:831:5: Mismatch in @return count for function 'allowance'. Expected: 1, Found: 0 [Warning/use-natspec]
/sb/0x00f4969458d8e6a6c8ead5d5b5878e6f375feea6.sol:853:5: Missing @notice tag in function 'approve' [Warning/use-natspec]
/sb/0x00f4969458d8e6a6c8ead5d5b5878e6f375feea6.sol:853:5: Missing @param tag in function 'approve' [Warning/use-natspec]
/sb/0x00f4969458d8e6a6c8ead5d5b5878e6f375feea6.sol:853:5: Mismatch in @param names for function 'approve'. Expected: [spender, amount], Found: [] [Warning/use-natspec]
/sb/0x00f4969458d8e6a6c8ead5d5b5878e6f375feea6.sol:853:5: Missing @return tag in function 'approve' [Warning/use-natspec]
/sb/0x00f4969458d8e6a6c8ead5d5b5878e6f375feea6.sol:853:5: Mismatch in @return count for function 'approve'. Expected: 1, Found: 0 [Warning/use-natspec]
/sb/0x00f4969458d8e6a6c8ead5d5b5878e6f375feea6.sol:889:5: Missing @notice tag in function 'transferFrom' [Warning/use-natspec]
/sb/0x00f4969458d8e6a6c8ead5d5b5878e6f375feea6.sol:889:5: Missing @param tag in function 'transferFrom' [Warning/use-natspec]
/sb/0x00f4969458d8e6a6c8ead5d5b5878e6f375feea6.sol:889:5: Mismatch in @param names for function 'transferFrom'. Expected: [sender, recipient, amount], Found: [] [Warning/use-natspec]
/sb/0x00f4969458d8e6a6c8ead5d5b5878e6f375feea6.sol:889:5: Missing @return tag in function 'transferFrom' [Warning/use-natspec]
/sb/0x00f4969458d8e6a6c8ead5d5b5878e6f375feea6.sol:889:5: Mismatch in @return count for function 'transferFrom'. Expected: 1, Found: 0 [Warning/use-natspec]
/sb/0x00f4969458d8e6a6c8ead5d5b5878e6f375feea6.sol:901:40: GC: String exceeds 32 bytes [Warning/gas-small-strings]
/sb/0x00f4969458d8e6a6c8ead5d5b5878e6f375feea6.sol:933:5: Missing @notice tag in function 'increaseAllowance' [Warning/use-natspec]
/sb/0x00f4969458d8e6a6c8ead5d5b5878e6f375feea6.sol:933:5: Missing @param tag in function 'increaseAllowance' [Warning/use-natspec]
/sb/0x00f4969458d8e6a6c8ead5d5b5878e6f375feea6.sol:933:5: Mismatch in @param names for function 'increaseAllowance'. Expected: [spender, addedValue], Found: [] [Warning/use-natspec]
/sb/0x00f4969458d8e6a6c8ead5d5b5878e6f375feea6.sol:933:5: Missing @return tag in function 'increaseAllowance' [Warning/use-natspec]
/sb/0x00f4969458d8e6a6c8ead5d5b5878e6f375feea6.sol:933:5: Mismatch in @return count for function 'increaseAllowance'. Expected: 1, Found: 0 [Warning/use-natspec]
/sb/0x00f4969458d8e6a6c8ead5d5b5878e6f375feea6.sol:971:5: Missing @notice tag in function 'decreaseAllowance' [Warning/use-natspec]
/sb/0x00f4969458d8e6a6c8ead5d5b5878e6f375feea6.sol:971:5: Missing @param tag in function 'decreaseAllowance' [Warning/use-natspec]
/sb/0x00f4969458d8e6a6c8ead5d5b5878e6f375feea6.sol:971:5: Mismatch in @param names for function 'decreaseAllowance'. Expected: [spender, subtractedValue], Found: [] [Warning/use-natspec]
/sb/0x00f4969458d8e6a6c8ead5d5b5878e6f375feea6.sol:971:5: Missing @return tag in function 'decreaseAllowance' [Warning/use-natspec]
/sb/0x00f4969458d8e6a6c8ead5d5b5878e6f375feea6.sol:971:5: Mismatch in @return count for function 'decreaseAllowance'. Expected: 1, Found: 0 [Warning/use-natspec]
/sb/0x00f4969458d8e6a6c8ead5d5b5878e6f375feea6.sol:973:41: GC: String exceeds 32 bytes [Warning/gas-small-strings]
/sb/0x00f4969458d8e6a6c8ead5d5b5878e6f375feea6.sol:1009:5: Missing @notice tag in function '_transfer' [Warning/use-natspec]
/sb/0x00f4969458d8e6a6c8ead5d5b5878e6f375feea6.sol:1009:5: Missing @param tag in function '_transfer' [Warning/use-natspec]
/sb/0x00f4969458d8e6a6c8ead5d5b5878e6f375feea6.sol:1009:5: Mismatch in @param names for function '_transfer'. Expected: [sender, recipient, amount], Found: [] [Warning/use-natspec]
/sb/0x00f4969458d8e6a6c8ead5d5b5878e6f375feea6.sol:1019:9: Error message for require is too long: 37 counted / 32 allowed [Warning/reason-string]
/sb/0x00f4969458d8e6a6c8ead5d5b5878e6f375feea6.sol:1019:9: GC: String exceeds 32 bytes [Warning/gas-small-strings]
/sb/0x00f4969458d8e6a6c8ead5d5b5878e6f375feea6.sol:1021:9: Error message for require is too long: 35 counted / 32 allowed [Warning/reason-string]
/sb/0x00f4969458d8e6a6c8ead5d5b5878e6f375feea6.sol:1021:9: GC: String exceeds 32 bytes [Warning/gas-small-strings]
/sb/0x00f4969458d8e6a6c8ead5d5b5878e6f375feea6.sol:1029:29: GC: String exceeds 32 bytes [Warning/gas-small-strings]
/sb/0x00f4969458d8e6a6c8ead5d5b5878e6f375feea6.sol:1057:5: Missing @notice tag in function '_mint' [Warning/use-natspec]
/sb/0x00f4969458d8e6a6c8ead5d5b5878e6f375feea6.sol:1057:5: Missing @param tag in function '_mint' [Warning/use-natspec]
/sb/0x00f4969458d8e6a6c8ead5d5b5878e6f375feea6.sol:1057:5: Mismatch in @param names for function '_mint'. Expected: [account, amount], Found: [] [Warning/use-natspec]
/sb/0x00f4969458d8e6a6c8ead5d5b5878e6f375feea6.sol:1099:5: Missing @notice tag in function '_burn' [Warning/use-natspec]
/sb/0x00f4969458d8e6a6c8ead5d5b5878e6f375feea6.sol:1099:5: Missing @param tag in function '_burn' [Warning/use-natspec]
/sb/0x00f4969458d8e6a6c8ead5d5b5878e6f375feea6.sol:1099:5: Mismatch in @param names for function '_burn'. Expected: [account, amount], Found: [] [Warning/use-natspec]
/sb/0x00f4969458d8e6a6c8ead5d5b5878e6f375feea6.sol:1101:9: Error message for require is too long: 33 counted / 32 allowed [Warning/reason-string]
/sb/0x00f4969458d8e6a6c8ead5d5b5878e6f375feea6.sol:1101:9: GC: String exceeds 32 bytes [Warning/gas-small-strings]
/sb/0x00f4969458d8e6a6c8ead5d5b5878e6f375feea6.sol:1109:30: GC: String exceeds 32 bytes [Warning/gas-small-strings]
/sb/0x00f4969458d8e6a6c8ead5d5b5878e6f375feea6.sol:1145:5: Missing @notice tag in function '_approve' [Warning/use-natspec]
/sb/0x00f4969458d8e6a6c8ead5d5b5878e6f375feea6.sol:1145:5: Missing @param tag in function '_approve' [Warning/use-natspec]
/sb/0x00f4969458d8e6a6c8ead5d5b5878e6f375feea6.sol:1145:5: Mismatch in @param names for function '_approve'. Expected: [owner, spender, amount], Found: [] [Warning/use-natspec]
/sb/0x00f4969458d8e6a6c8ead5d5b5878e6f375feea6.sol:1155:9: Error message for require is too long: 36 counted / 32 allowed [Warning/reason-string]
/sb/0x00f4969458d8e6a6c8ead5d5b5878e6f375feea6.sol:1155:9: GC: String exceeds 32 bytes [Warning/gas-small-strings]
/sb/0x00f4969458d8e6a6c8ead5d5b5878e6f375feea6.sol:1157:9: Error message for require is too long: 34 counted / 32 allowed [Warning/reason-string]
/sb/0x00f4969458d8e6a6c8ead5d5b5878e6f375feea6.sol:1157:9: GC: String exceeds 32 bytes [Warning/gas-small-strings]
/sb/0x00f4969458d8e6a6c8ead5d5b5878e6f375feea6.sol:1197:5: Missing @notice tag in function '_beforeTokenTransfer' [Warning/use-natspec]
/sb/0x00f4969458d8e6a6c8ead5d5b5878e6f375feea6.sol:1197:5: Missing @param tag in function '_beforeTokenTransfer' [Warning/use-natspec]
/sb/0x00f4969458d8e6a6c8ead5d5b5878e6f375feea6.sol:1197:5: Mismatch in @param names for function '_beforeTokenTransfer'. Expected: [from, to, amount], Found: [] [Warning/use-natspec]
/sb/0x00f4969458d8e6a6c8ead5d5b5878e6f375feea6.sol:1205:24: Code contains empty blocks [Warning/no-empty-blocks]
/sb/0x00f4969458d8e6a6c8ead5d5b5878e6f375feea6.sol:1219:1: Compiler version ^0.6.12 does not satisfy the ^0.8.24 semver requirement [Error/compiler-version]
/sb/0x00f4969458d8e6a6c8ead5d5b5878e6f375feea6.sol:1221:1: Missing @title tag in contract 'Ownable' [Warning/use-natspec]
/sb/0x00f4969458d8e6a6c8ead5d5b5878e6f375feea6.sol:1221:1: Missing @author tag in contract 'Ownable' [Warning/use-natspec]
/sb/0x00f4969458d8e6a6c8ead5d5b5878e6f375feea6.sol:1221:1: Missing @notice tag in contract 'Ownable' [Warning/use-natspec]
/sb/0x00f4969458d8e6a6c8ead5d5b5878e6f375feea6.sol:1227:5: Missing @notice tag in event 'OwnershipTransferred' [Warning/use-natspec]
/sb/0x00f4969458d8e6a6c8ead5d5b5878e6f375feea6.sol:1227:5: Missing @param tag in event 'OwnershipTransferred' [Warning/use-natspec]
/sb/0x00f4969458d8e6a6c8ead5d5b5878e6f375feea6.sol:1227:5: Mismatch in @param names for event 'OwnershipTransferred'. Expected: [previousOwner, newOwner], Found: [] [Warning/use-natspec]
/sb/0x00f4969458d8e6a6c8ead5d5b5878e6f375feea6.sol:1237:5: Missing @notice tag in function '<anonymous>' [Warning/use-natspec]
/sb/0x00f4969458d8e6a6c8ead5d5b5878e6f375feea6.sol:1255:5: Missing @notice tag in function 'owner' [Warning/use-natspec]
/sb/0x00f4969458d8e6a6c8ead5d5b5878e6f375feea6.sol:1255:5: Missing @return tag in function 'owner' [Warning/use-natspec]
/sb/0x00f4969458d8e6a6c8ead5d5b5878e6f375feea6.sol:1255:5: Mismatch in @return count for function 'owner'. Expected: 1, Found: 0 [Warning/use-natspec]
/sb/0x00f4969458d8e6a6c8ead5d5b5878e6f375feea6.sol:1293:5: Missing @notice tag in function 'renounceOwnership' [Warning/use-natspec]
/sb/0x00f4969458d8e6a6c8ead5d5b5878e6f375feea6.sol:1311:5: Missing @notice tag in function 'transferOwnership' [Warning/use-natspec]
/sb/0x00f4969458d8e6a6c8ead5d5b5878e6f375feea6.sol:1311:5: Missing @param tag in function 'transferOwnership' [Warning/use-natspec]
/sb/0x00f4969458d8e6a6c8ead5d5b5878e6f375feea6.sol:1311:5: Mismatch in @param names for function 'transferOwnership'. Expected: [newOwner], Found: [] [Warning/use-natspec]
/sb/0x00f4969458d8e6a6c8ead5d5b5878e6f375feea6.sol:1313:9: Error message for require is too long: 38 counted / 32 allowed [Warning/reason-string]
/sb/0x00f4969458d8e6a6c8ead5d5b5878e6f375feea6.sol:1313:9: GC: String exceeds 32 bytes [Warning/gas-small-strings]
/sb/0x00f4969458d8e6a6c8ead5d5b5878e6f375feea6.sol:1333:1: Compiler version ^0.6.12 does not satisfy the ^0.8.24 semver requirement [Error/compiler-version]
/sb/0x00f4969458d8e6a6c8ead5d5b5878e6f375feea6.sol:1335:1: Missing @title tag in contract 'IUniswapV2Router01' [Warning/use-natspec]
/sb/0x00f4969458d8e6a6c8ead5d5b5878e6f375feea6.sol:1335:1: Missing @author tag in contract 'IUniswapV2Router01' [Warning/use-natspec]
/sb/0x00f4969458d8e6a6c8ead5d5b5878e6f375feea6.sol:1335:1: Missing @notice tag in contract 'IUniswapV2Router01' [Warning/use-natspec]
/sb/0x00f4969458d8e6a6c8ead5d5b5878e6f375feea6.sol:1337:5: Missing @notice tag in function 'factory' [Warning/use-natspec]
/sb/0x00f4969458d8e6a6c8ead5d5b5878e6f375feea6.sol:1337:5: Missing @return tag in function 'factory' [Warning/use-natspec]
/sb/0x00f4969458d8e6a6c8ead5d5b5878e6f375feea6.sol:1337:5: Mismatch in @return count for function 'factory'. Expected: 1, Found: 0 [Warning/use-natspec]
/sb/0x00f4969458d8e6a6c8ead5d5b5878e6f375feea6.sol:1339:5: Missing @notice tag in function 'WETH' [Warning/use-natspec]
/sb/0x00f4969458d8e6a6c8ead5d5b5878e6f375feea6.sol:1339:5: Missing @return tag in function 'WETH' [Warning/use-natspec]
/sb/0x00f4969458d8e6a6c8ead5d5b5878e6f375feea6.sol:1339:5: Mismatch in @return count for function 'WETH'. Expected: 1, Found: 0 [Warning/use-natspec]
/sb/0x00f4969458d8e6a6c8ead5d5b5878e6f375feea6.sol:1339:5: Function name must be in mixedCase [Warning/func-name-mixedcase]
/sb/0x00f4969458d8e6a6c8ead5d5b5878e6f375feea6.sol:1343:5: Missing @notice tag in function 'addLiquidity' [Warning/use-natspec]
/sb/0x00f4969458d8e6a6c8ead5d5b5878e6f375feea6.sol:1343:5: Missing @param tag in function 'addLiquidity' [Warning/use-natspec]
/sb/0x00f4969458d8e6a6c8ead5d5b5878e6f375feea6.sol:1343:5: Mismatch in @param names for function 'addLiquidity'. Expected: [tokenA, tokenB, amountADesired, amountBDesired, amountAMin, amountBMin, to, deadline], Found: [] [Warning/use-natspec]
/sb/0x00f4969458d8e6a6c8ead5d5b5878e6f375feea6.sol:1343:5: Missing @return tag in function 'addLiquidity' [Warning/use-natspec]
/sb/0x00f4969458d8e6a6c8ead5d5b5878e6f375feea6.sol:1343:5: Mismatch in @return names for function 'addLiquidity'. Expected: [amountA, amountB, liquidity], Found: [] [Warning/use-natspec]
/sb/0x00f4969458d8e6a6c8ead5d5b5878e6f375feea6.sol:1349:9: Rule is set with explicit type [var/s: uint] [Warning/explicit-types]
/sb/0x00f4969458d8e6a6c8ead5d5b5878e6f375feea6.sol:1351:9: Rule is set with explicit type [var/s: uint] [Warning/explicit-types]
/sb/0x00f4969458d8e6a6c8ead5d5b5878e6f375feea6.sol:1353:9: Rule is set with explicit type [var/s: uint] [Warning/explicit-types]
/sb/0x00f4969458d8e6a6c8ead5d5b5878e6f375feea6.sol:1355:9: Rule is set with explicit type [var/s: uint] [Warning/explicit-types]
/sb/0x00f4969458d8e6a6c8ead5d5b5878e6f375feea6.sol:1359:9: Rule is set with explicit type [var/s: uint] [Warning/explicit-types]
/sb/0x00f4969458d8e6a6c8ead5d5b5878e6f375feea6.sol:1361:25: Rule is set with explicit type [var/s: uint] [Warning/explicit-types]
/sb/0x00f4969458d8e6a6c8ead5d5b5878e6f375feea6.sol:1361:39: Rule is set with explicit type [var/s: uint] [Warning/explicit-types]
/sb/0x00f4969458d8e6a6c8ead5d5b5878e6f375feea6.sol:1361:53: Rule is set with explicit type [var/s: uint] [Warning/explicit-types]
/sb/0x00f4969458d8e6a6c8ead5d5b5878e6f375feea6.sol:1363:5: Missing @notice tag in function 'addLiquidityETH' [Warning/use-natspec]
/sb/0x00f4969458d8e6a6c8ead5d5b5878e6f375feea6.sol:1363:5: Missing @param tag in function 'addLiquidityETH' [Warning/use-natspec]
/sb/0x00f4969458d8e6a6c8ead5d5b5878e6f375feea6.sol:1363:5: Mismatch in @param names for function 'addLiquidityETH'. Expected: [token, amountTokenDesired, amountTokenMin, amountETHMin, to, deadline], Found: [] [Warning/use-natspec]
/sb/0x00f4969458d8e6a6c8ead5d5b5878e6f375feea6.sol:1363:5: Missing @return tag in function 'addLiquidityETH' [Warning/use-natspec]
/sb/0x00f4969458d8e6a6c8ead5d5b5878e6f375feea6.sol:1363:5: Mismatch in @return names for function 'addLiquidityETH'. Expected: [amountToken, amountETH, liquidity], Found: [] [Warning/use-natspec]
/sb/0x00f4969458d8e6a6c8ead5d5b5878e6f375feea6.sol:1367:9: Rule is set with explicit type [var/s: uint] [Warning/explicit-types]
/sb/0x00f4969458d8e6a6c8ead5d5b5878e6f375feea6.sol:1369:9: Rule is set with explicit type [var/s: uint] [Warning/explicit-types]
/sb/0x00f4969458d8e6a6c8ead5d5b5878e6f375feea6.sol:1371:9: Rule is set with explicit type [var/s: uint] [Warning/explicit-types]
/sb/0x00f4969458d8e6a6c8ead5d5b5878e6f375feea6.sol:1375:9: Rule is set with explicit type [var/s: uint] [Warning/explicit-types]
/sb/0x00f4969458d8e6a6c8ead5d5b5878e6f375feea6.sol:1377:33: Rule is set with explicit type [var/s: uint] [Warning/explicit-types]
/sb/0x00f4969458d8e6a6c8ead5d5b5878e6f375feea6.sol:1377:51: Rule is set with explicit type [var/s: uint] [Warning/explicit-types]
/sb/0x00f4969458d8e6a6c8ead5d5b5878e6f375feea6.sol:1377:67: Rule is set with explicit type [var/s: uint] [Warning/explicit-types]
/sb/0x00f4969458d8e6a6c8ead5d5b5878e6f375feea6.sol:1379:5: Missing @notice tag in function 'removeLiquidity' [Warning/use-natspec]
/sb/0x00f4969458d8e6a6c8ead5d5b5878e6f375feea6.sol:1379:5: Missing @param tag in function 'removeLiquidity' [Warning/use-natspec]
/sb/0x00f4969458d8e6a6c8ead5d5b5878e6f375feea6.sol:1379:5: Mismatch in @param names for function 'removeLiquidity'. Expected: [tokenA, tokenB, liquidity, amountAMin, amountBMin, to, deadline], Found: [] [Warning/use-natspec]
/sb/0x00f4969458d8e6a6c8ead5d5b5878e6f375feea6.sol:1379:5: Missing @return tag in function 'removeLiquidity' [Warning/use-natspec]
/sb/0x00f4969458d8e6a6c8ead5d5b5878e6f375feea6.sol:1379:5: Mismatch in @return names for function 'removeLiquidity'. Expected: [amountA, amountB], Found: [] [Warning/use-natspec]
/sb/0x00f4969458d8e6a6c8ead5d5b5878e6f375feea6.sol:1385:9: Rule is set with explicit type [var/s: uint] [Warning/explicit-types]
/sb/0x00f4969458d8e6a6c8ead5d5b5878e6f375feea6.sol:1387:9: Rule is set with explicit type [var/s: uint] [Warning/explicit-types]
/sb/0x00f4969458d8e6a6c8ead5d5b5878e6f375feea6.sol:1389:9: Rule is set with explicit type [var/s: uint] [Warning/explicit-types]
/sb/0x00f4969458d8e6a6c8ead5d5b5878e6f375feea6.sol:1393:9: Rule is set with explicit type [var/s: uint] [Warning/explicit-types]
/sb/0x00f4969458d8e6a6c8ead5d5b5878e6f375feea6.sol:1395:25: Rule is set with explicit type [var/s: uint] [Warning/explicit-types]
/sb/0x00f4969458d8e6a6c8ead5d5b5878e6f375feea6.sol:1395:39: Rule is set with explicit type [var/s: uint] [Warning/explicit-types]
/sb/0x00f4969458d8e6a6c8ead5d5b5878e6f375feea6.sol:1397:5: Missing @notice tag in function 'removeLiquidityETH' [Warning/use-natspec]
/sb/0x00f4969458d8e6a6c8ead5d5b5878e6f375feea6.sol:1397:5: Missing @param tag in function 'removeLiquidityETH' [Warning/use-natspec]
/sb/0x00f4969458d8e6a6c8ead5d5b5878e6f375feea6.sol:1397:5: Mismatch in @param names for function 'removeLiquidityETH'. Expected: [token, liquidity, amountTokenMin, amountETHMin, to, deadline], Found: [] [Warning/use-natspec]
/sb/0x00f4969458d8e6a6c8ead5d5b5878e6f375feea6.sol:1397:5: Missing @return tag in function 'removeLiquidityETH' [Warning/use-natspec]
/sb/0x00f4969458d8e6a6c8ead5d5b5878e6f375feea6.sol:1397:5: Mismatch in @return names for function 'removeLiquidityETH'. Expected: [amountToken, amountETH], Found: [] [Warning/use-natspec]
/sb/0x00f4969458d8e6a6c8ead5d5b5878e6f375feea6.sol:1401:9: Rule is set with explicit type [var/s: uint] [Warning/explicit-types]
/sb/0x00f4969458d8e6a6c8ead5d5b5878e6f375feea6.sol:1403:9: Rule is set with explicit type [var/s: uint] [Warning/explicit-types]
/sb/0x00f4969458d8e6a6c8ead5d5b5878e6f375feea6.sol:1405:9: Rule is set with explicit type [var/s: uint] [Warning/explicit-types]
/sb/0x00f4969458d8e6a6c8ead5d5b5878e6f375feea6.sol:1409:9: Rule is set with explicit type [var/s: uint] [Warning/explicit-types]
/sb/0x00f4969458d8e6a6c8ead5d5b5878e6f375feea6.sol:1411:25: Rule is set with explicit type [var/s: uint] [Warning/explicit-types]
/sb/0x00f4969458d8e6a6c8ead5d5b5878e6f375feea6.sol:1411:43: Rule is set with explicit type [var/s: uint] [Warning/explicit-types]
/sb/0x00f4969458d8e6a6c8ead5d5b5878e6f375feea6.sol:1413:5: Missing @notice tag in function 'removeLiquidityWithPermit' [Warning/use-natspec]
/sb/0x00f4969458d8e6a6c8ead5d5b5878e6f375feea6.sol:1413:5: Missing @param tag in function 'removeLiquidityWithPermit' [Warning/use-natspec]
/sb/0x00f4969458d8e6a6c8ead5d5b5878e6f375feea6.sol:1413:5: Mismatch in @param names for function 'removeLiquidityWithPermit'. Expected: [tokenA, tokenB, liquidity, amountAMin, amountBMin, to, deadline, approveMax, v, r, s], Found: [] [Warning/use-natspec]
/sb/0x00f4969458d8e6a6c8ead5d5b5878e6f375feea6.sol:1413:5: Missing @return tag in function 'removeLiquidityWithPermit' [Warning/use-natspec]
/sb/0x00f4969458d8e6a6c8ead5d5b5878e6f375feea6.sol:1413:5: Mismatch in @return names for function 'removeLiquidityWithPermit'. Expected: [amountA, amountB], Found: [] [Warning/use-natspec]
/sb/0x00f4969458d8e6a6c8ead5d5b5878e6f375feea6.sol:1419:9: Rule is set with explicit type [var/s: uint] [Warning/explicit-types]
/sb/0x00f4969458d8e6a6c8ead5d5b5878e6f375feea6.sol:1421:9: Rule is set with explicit type [var/s: uint] [Warning/explicit-types]
/sb/0x00f4969458d8e6a6c8ead5d5b5878e6f375feea6.sol:1423:9: Rule is set with explicit type [var/s: uint] [Warning/explicit-types]
/sb/0x00f4969458d8e6a6c8ead5d5b5878e6f375feea6.sol:1427:9: Rule is set with explicit type [var/s: uint] [Warning/explicit-types]
/sb/0x00f4969458d8e6a6c8ead5d5b5878e6f375feea6.sol:1431:25: Rule is set with explicit type [var/s: uint] [Warning/explicit-types]
/sb/0x00f4969458d8e6a6c8ead5d5b5878e6f375feea6.sol:1431:39: Rule is set with explicit type [var/s: uint] [Warning/explicit-types]
/sb/0x00f4969458d8e6a6c8ead5d5b5878e6f375feea6.sol:1433:5: Missing @notice tag in function 'removeLiquidityETHWithPermit' [Warning/use-natspec]
/sb/0x00f4969458d8e6a6c8ead5d5b5878e6f375feea6.sol:1433:5: Missing @param tag in function 'removeLiquidityETHWithPermit' [Warning/use-natspec]
/sb/0x00f4969458d8e6a6c8ead5d5b5878e6f375feea6.sol:1433:5: Mismatch in @param names for function 'removeLiquidityETHWithPermit'. Expected: [token, liquidity, amountTokenMin, amountETHMin, to, deadline, approveMax, v, r, s], Found: [] [Warning/use-natspec]
/sb/0x00f4969458d8e6a6c8ead5d5b5878e6f375feea6.sol:1433:5: Missing @return tag in function 'removeLiquidityETHWithPermit' [Warning/use-natspec]
/sb/0x00f4969458d8e6a6c8ead5d5b5878e6f375feea6.sol:1433:5: Mismatch in @return names for function 'removeLiquidityETHWithPermit'. Expected: [amountToken, amountETH], Found: [] [Warning/use-natspec]
/sb/0x00f4969458d8e6a6c8ead5d5b5878e6f375feea6.sol:1437:9: Rule is set with explicit type [var/s: uint] [Warning/explicit-types]
/sb/0x00f4969458d8e6a6c8ead5d5b5878e6f375feea6.sol:1439:9: Rule is set with explicit type [var/s: uint] [Warning/explicit-types]
/sb/0x00f4969458d8e6a6c8ead5d5b5878e6f375feea6.sol:1441:9: Rule is set with explicit type [var/s: uint] [Warning/explicit-types]
/sb/0x00f4969458d8e6a6c8ead5d5b5878e6f375feea6.sol:1445:9: Rule is set with explicit type [var/s: uint] [Warning/explicit-types]
/sb/0x00f4969458d8e6a6c8ead5d5b5878e6f375feea6.sol:1449:25: Rule is set with explicit type [var/s: uint] [Warning/explicit-types]
/sb/0x00f4969458d8e6a6c8ead5d5b5878e6f375feea6.sol:1449:43: Rule is set with explicit type [var/s: uint] [Warning/explicit-types]
/sb/0x00f4969458d8e6a6c8ead5d5b5878e6f375feea6.sol:1451:5: Missing @notice tag in function 'swapExactTokensForTokens' [Warning/use-natspec]
/sb/0x00f4969458d8e6a6c8ead5d5b5878e6f375feea6.sol:1451:5: Missing @param tag in function 'swapExactTokensForTokens' [Warning/use-natspec]
/sb/0x00f4969458d8e6a6c8ead5d5b5878e6f375feea6.sol:1451:5: Mismatch in @param names for function 'swapExactTokensForTokens'. Expected: [amountIn, amountOutMin, path, to, deadline], Found: [] [Warning/use-natspec]
/sb/0x00f4969458d8e6a6c8ead5d5b5878e6f375feea6.sol:1451:5: Missing @return tag in function 'swapExactTokensForTokens' [Warning/use-natspec]
/sb/0x00f4969458d8e6a6c8ead5d5b5878e6f375feea6.sol:1451:5: Mismatch in @return names for function 'swapExactTokensForTokens'. Expected: [amounts], Found: [] [Warning/use-natspec]
/sb/0x00f4969458d8e6a6c8ead5d5b5878e6f375feea6.sol:1453:9: Rule is set with explicit type [var/s: uint] [Warning/explicit-types]
/sb/0x00f4969458d8e6a6c8ead5d5b5878e6f375feea6.sol:1455:9: Rule is set with explicit type [var/s: uint] [Warning/explicit-types]
/sb/0x00f4969458d8e6a6c8ead5d5b5878e6f375feea6.sol:1461:9: Rule is set with explicit type [var/s: uint] [Warning/explicit-types]
/sb/0x00f4969458d8e6a6c8ead5d5b5878e6f375feea6.sol:1463:25: Rule is set with explicit type [var/s: uint] [Warning/explicit-types]
/sb/0x00f4969458d8e6a6c8ead5d5b5878e6f375feea6.sol:1465:5: Missing @notice tag in function 'swapTokensForExactTokens' [Warning/use-natspec]
/sb/0x00f4969458d8e6a6c8ead5d5b5878e6f375feea6.sol:1465:5: Missing @param tag in function 'swapTokensForExactTokens' [Warning/use-natspec]
/sb/0x00f4969458d8e6a6c8ead5d5b5878e6f375feea6.sol:1465:5: Mismatch in @param names for function 'swapTokensForExactTokens'. Expected: [amountOut, amountInMax, path, to, deadline], Found: [] [Warning/use-natspec]
/sb/0x00f4969458d8e6a6c8ead5d5b5878e6f375feea6.sol:1465:5: Missing @return tag in function 'swapTokensForExactTokens' [Warning/use-natspec]
/sb/0x00f4969458d8e6a6c8ead5d5b5878e6f375feea6.sol:1465:5: Mismatch in @return names for function 'swapTokensForExactTokens'. Expected: [amounts], Found: [] [Warning/use-natspec]
/sb/0x00f4969458d8e6a6c8ead5d5b5878e6f375feea6.sol:1467:9: Rule is set with explicit type [var/s: uint] [Warning/explicit-types]
/sb/0x00f4969458d8e6a6c8ead5d5b5878e6f375feea6.sol:1469:9: Rule is set with explicit type [var/s: uint] [Warning/explicit-types]
/sb/0x00f4969458d8e6a6c8ead5d5b5878e6f375feea6.sol:1475:9: Rule is set with explicit type [var/s: uint] [Warning/explicit-types]
/sb/0x00f4969458d8e6a6c8ead5d5b5878e6f375feea6.sol:1477:25: Rule is set with explicit type [var/s: uint] [Warning/explicit-types]
/sb/0x00f4969458d8e6a6c8ead5d5b5878e6f375feea6.sol:1479:5: Missing @notice tag in function 'swapExactETHForTokens' [Warning/use-natspec]
/sb/0x00f4969458d8e6a6c8ead5d5b5878e6f375feea6.sol:1479:5: Missing @param tag in function 'swapExactETHForTokens' [Warning/use-natspec]
/sb/0x00f4969458d8e6a6c8ead5d5b5878e6f375feea6.sol:1479:5: Mismatch in @param names for function 'swapExactETHForTokens'. Expected: [amountOutMin, path, to, deadline], Found: [] [Warning/use-natspec]
/sb/0x00f4969458d8e6a6c8ead5d5b5878e6f375feea6.sol:1479:5: Missing @return tag in function 'swapExactETHForTokens' [Warning/use-natspec]
/sb/0x00f4969458d8e6a6c8ead5d5b5878e6f375feea6.sol:1479:5: Mismatch in @return names for function 'swapExactETHForTokens'. Expected: [amounts], Found: [] [Warning/use-natspec]
/sb/0x00f4969458d8e6a6c8ead5d5b5878e6f375feea6.sol:1479:36: Rule is set with explicit type [var/s: uint] [Warning/explicit-types]
/sb/0x00f4969458d8e6a6c8ead5d5b5878e6f375feea6.sol:1479:92: Rule is set with explicit type [var/s: uint] [Warning/explicit-types]
/sb/0x00f4969458d8e6a6c8ead5d5b5878e6f375feea6.sol:1485:18: Rule is set with explicit type [var/s: uint] [Warning/explicit-types]
/sb/0x00f4969458d8e6a6c8ead5d5b5878e6f375feea6.sol:1487:5: Missing @notice tag in function 'swapTokensForExactETH' [Warning/use-natspec]
/sb/0x00f4969458d8e6a6c8ead5d5b5878e6f375feea6.sol:1487:5: Missing @param tag in function 'swapTokensForExactETH' [Warning/use-natspec]
/sb/0x00f4969458d8e6a6c8ead5d5b5878e6f375feea6.sol:1487:5: Mismatch in @param names for function 'swapTokensForExactETH'. Expected: [amountOut, amountInMax, path, to, deadline], Found: [] [Warning/use-natspec]
/sb/0x00f4969458d8e6a6c8ead5d5b5878e6f375feea6.sol:1487:5: Missing @return tag in function 'swapTokensForExactETH' [Warning/use-natspec]
/sb/0x00f4969458d8e6a6c8ead5d5b5878e6f375feea6.sol:1487:5: Mismatch in @return names for function 'swapTokensForExactETH'. Expected: [amounts], Found: [] [Warning/use-natspec]
/sb/0x00f4969458d8e6a6c8ead5d5b5878e6f375feea6.sol:1487:36: Rule is set with explicit type [var/s: uint] [Warning/explicit-types]
/sb/0x00f4969458d8e6a6c8ead5d5b5878e6f375feea6.sol:1487:52: Rule is set with explicit type [var/s: uint] [Warning/explicit-types]
/sb/0x00f4969458d8e6a6c8ead5d5b5878e6f375feea6.sol:1487:107: Rule is set with explicit type [var/s: uint] [Warning/explicit-types]
/sb/0x00f4969458d8e6a6c8ead5d5b5878e6f375feea6.sol:1491:18: Rule is set with explicit type [var/s: uint] [Warning/explicit-types]
/sb/0x00f4969458d8e6a6c8ead5d5b5878e6f375feea6.sol:1493:5: Missing @notice tag in function 'swapExactTokensForETH' [Warning/use-natspec]
/sb/0x00f4969458d8e6a6c8ead5d5b5878e6f375feea6.sol:1493:5: Missing @param tag in function 'swapExactTokensForETH' [Warning/use-natspec]
/sb/0x00f4969458d8e6a6c8ead5d5b5878e6f375feea6.sol:1493:5: Mismatch in @param names for function 'swapExactTokensForETH'. Expected: [amountIn, amountOutMin, path, to, deadline], Found: [] [Warning/use-natspec]
/sb/0x00f4969458d8e6a6c8ead5d5b5878e6f375feea6.sol:1493:5: Missing @return tag in function 'swapExactTokensForETH' [Warning/use-natspec]
/sb/0x00f4969458d8e6a6c8ead5d5b5878e6f375feea6.sol:1493:5: Mismatch in @return names for function 'swapExactTokensForETH'. Expected: [amounts], Found: [] [Warning/use-natspec]
/sb/0x00f4969458d8e6a6c8ead5d5b5878e6f375feea6.sol:1493:36: Rule is set with explicit type [var/s: uint] [Warning/explicit-types]
/sb/0x00f4969458d8e6a6c8ead5d5b5878e6f375feea6.sol:1493:51: Rule is set with explicit type [var/s: uint] [Warning/explicit-types]
/sb/0x00f4969458d8e6a6c8ead5d5b5878e6f375feea6.sol:1493:107: Rule is set with explicit type [var/s: uint] [Warning/explicit-types]
/sb/0x00f4969458d8e6a6c8ead5d5b5878e6f375feea6.sol:1497:18: Rule is set with explicit type [var/s: uint] [Warning/explicit-types]
/sb/0x00f4969458d8e6a6c8ead5d5b5878e6f375feea6.sol:1499:5: Missing @notice tag in function 'swapETHForExactTokens' [Warning/use-natspec]
/sb/0x00f4969458d8e6a6c8ead5d5b5878e6f375feea6.sol:1499:5: Missing @param tag in function 'swapETHForExactTokens' [Warning/use-natspec]
/sb/0x00f4969458d8e6a6c8ead5d5b5878e6f375feea6.sol:1499:5: Mismatch in @param names for function 'swapETHForExactTokens'. Expected: [amountOut, path, to, deadline], Found: [] [Warning/use-natspec]
/sb/0x00f4969458d8e6a6c8ead5d5b5878e6f375feea6.sol:1499:5: Missing @return tag in function 'swapETHForExactTokens' [Warning/use-natspec]
/sb/0x00f4969458d8e6a6c8ead5d5b5878e6f375feea6.sol:1499:5: Mismatch in @return names for function 'swapETHForExactTokens'. Expected: [amounts], Found: [] [Warning/use-natspec]
/sb/0x00f4969458d8e6a6c8ead5d5b5878e6f375feea6.sol:1499:36: Rule is set with explicit type [var/s: uint] [Warning/explicit-types]
/sb/0x00f4969458d8e6a6c8ead5d5b5878e6f375feea6.sol:1499:89: Rule is set with explicit type [var/s: uint] [Warning/explicit-types]
/sb/0x00f4969458d8e6a6c8ead5d5b5878e6f375feea6.sol:1505:18: Rule is set with explicit type [var/s: uint] [Warning/explicit-types]
/sb/0x00f4969458d8e6a6c8ead5d5b5878e6f375feea6.sol:1509:5: Missing @notice tag in function 'quote' [Warning/use-natspec]
/sb/0x00f4969458d8e6a6c8ead5d5b5878e6f375feea6.sol:1509:5: Missing @param tag in function 'quote' [Warning/use-natspec]
/sb/0x00f4969458d8e6a6c8ead5d5b5878e6f375feea6.sol:1509:5: Mismatch in @param names for function 'quote'. Expected: [amountA, reserveA, reserveB], Found: [] [Warning/use-natspec]
/sb/0x00f4969458d8e6a6c8ead5d5b5878e6f375feea6.sol:1509:5: Missing @return tag in function 'quote' [Warning/use-natspec]
/sb/0x00f4969458d8e6a6c8ead5d5b5878e6f375feea6.sol:1509:5: Mismatch in @return names for function 'quote'. Expected: [amountB], Found: [] [Warning/use-natspec]
/sb/0x00f4969458d8e6a6c8ead5d5b5878e6f375feea6.sol:1509:20: Rule is set with explicit type [var/s: uint] [Warning/explicit-types]
/sb/0x00f4969458d8e6a6c8ead5d5b5878e6f375feea6.sol:1509:34: Rule is set with explicit type [var/s: uint] [Warning/explicit-types]
/sb/0x00f4969458d8e6a6c8ead5d5b5878e6f375feea6.sol:1509:49: Rule is set with explicit type [var/s: uint] [Warning/explicit-types]
/sb/0x00f4969458d8e6a6c8ead5d5b5878e6f375feea6.sol:1509:87: Rule is set with explicit type [var/s: uint] [Warning/explicit-types]
/sb/0x00f4969458d8e6a6c8ead5d5b5878e6f375feea6.sol:1511:5: Missing @notice tag in function 'getAmountOut' [Warning/use-natspec]
/sb/0x00f4969458d8e6a6c8ead5d5b5878e6f375feea6.sol:1511:5: Missing @param tag in function 'getAmountOut' [Warning/use-natspec]
/sb/0x00f4969458d8e6a6c8ead5d5b5878e6f375feea6.sol:1511:5: Mismatch in @param names for function 'getAmountOut'. Expected: [amountIn, reserveIn, reserveOut], Found: [] [Warning/use-natspec]
/sb/0x00f4969458d8e6a6c8ead5d5b5878e6f375feea6.sol:1511:5: Missing @return tag in function 'getAmountOut' [Warning/use-natspec]
/sb/0x00f4969458d8e6a6c8ead5d5b5878e6f375feea6.sol:1511:5: Mismatch in @return names for function 'getAmountOut'. Expected: [amountOut], Found: [] [Warning/use-natspec]
/sb/0x00f4969458d8e6a6c8ead5d5b5878e6f375feea6.sol:1511:27: Rule is set with explicit type [var/s: uint] [Warning/explicit-types]
/sb/0x00f4969458d8e6a6c8ead5d5b5878e6f375feea6.sol:1511:42: Rule is set with explicit type [var/s: uint] [Warning/explicit-types]
/sb/0x00f4969458d8e6a6c8ead5d5b5878e6f375feea6.sol:1511:58: Rule is set with explicit type [var/s: uint] [Warning/explicit-types]
/sb/0x00f4969458d8e6a6c8ead5d5b5878e6f375feea6.sol:1511:98: Rule is set with explicit type [var/s: uint] [Warning/explicit-types]
/sb/0x00f4969458d8e6a6c8ead5d5b5878e6f375feea6.sol:1513:5: Missing @notice tag in function 'getAmountIn' [Warning/use-natspec]
/sb/0x00f4969458d8e6a6c8ead5d5b5878e6f375feea6.sol:1513:5: Missing @param tag in function 'getAmountIn' [Warning/use-natspec]
/sb/0x00f4969458d8e6a6c8ead5d5b5878e6f375feea6.sol:1513:5: Mismatch in @param names for function 'getAmountIn'. Expected: [amountOut, reserveIn, reserveOut], Found: [] [Warning/use-natspec]
/sb/0x00f4969458d8e6a6c8ead5d5b5878e6f375feea6.sol:1513:5: Missing @return tag in function 'getAmountIn' [Warning/use-natspec]
/sb/0x00f4969458d8e6a6c8ead5d5b5878e6f375feea6.sol:1513:5: Mismatch in @return names for function 'getAmountIn'. Expected: [amountIn], Found: [] [Warning/use-natspec]
/sb/0x00f4969458d8e6a6c8ead5d5b5878e6f375feea6.sol:1513:26: Rule is set with explicit type [var/s: uint] [Warning/explicit-types]
/sb/0x00f4969458d8e6a6c8ead5d5b5878e6f375feea6.sol:1513:42: Rule is set with explicit type [var/s: uint] [Warning/explicit-types]
/sb/0x00f4969458d8e6a6c8ead5d5b5878e6f375feea6.sol:1513:58: Rule is set with explicit type [var/s: uint] [Warning/explicit-types]
/sb/0x00f4969458d8e6a6c8ead5d5b5878e6f375feea6.sol:1513:98: Rule is set with explicit type [var/s: uint] [Warning/explicit-types]
/sb/0x00f4969458d8e6a6c8ead5d5b5878e6f375feea6.sol:1515:5: Missing @notice tag in function 'getAmountsOut' [Warning/use-natspec]
/sb/0x00f4969458d8e6a6c8ead5d5b5878e6f375feea6.sol:1515:5: Missing @param tag in function 'getAmountsOut' [Warning/use-natspec]
/sb/0x00f4969458d8e6a6c8ead5d5b5878e6f375feea6.sol:1515:5: Mismatch in @param names for function 'getAmountsOut'. Expected: [amountIn, path], Found: [] [Warning/use-natspec]
/sb/0x00f4969458d8e6a6c8ead5d5b5878e6f375feea6.sol:1515:5: Missing @return tag in function 'getAmountsOut' [Warning/use-natspec]
/sb/0x00f4969458d8e6a6c8ead5d5b5878e6f375feea6.sol:1515:5: Mismatch in @return names for function 'getAmountsOut'. Expected: [amounts], Found: [] [Warning/use-natspec]
/sb/0x00f4969458d8e6a6c8ead5d5b5878e6f375feea6.sol:1515:28: Rule is set with explicit type [var/s: uint] [Warning/explicit-types]
/sb/0x00f4969458d8e6a6c8ead5d5b5878e6f375feea6.sol:1515:91: Rule is set with explicit type [var/s: uint] [Warning/explicit-types]
/sb/0x00f4969458d8e6a6c8ead5d5b5878e6f375feea6.sol:1517:5: Missing @notice tag in function 'getAmountsIn' [Warning/use-natspec]
/sb/0x00f4969458d8e6a6c8ead5d5b5878e6f375feea6.sol:1517:5: Missing @param tag in function 'getAmountsIn' [Warning/use-natspec]
/sb/0x00f4969458d8e6a6c8ead5d5b5878e6f375feea6.sol:1517:5: Mismatch in @param names for function 'getAmountsIn'. Expected: [amountOut, path], Found: [] [Warning/use-natspec]
/sb/0x00f4969458d8e6a6c8ead5d5b5878e6f375feea6.sol:1517:5: Missing @return tag in function 'getAmountsIn' [Warning/use-natspec]
/sb/0x00f4969458d8e6a6c8ead5d5b5878e6f375feea6.sol:1517:5: Mismatch in @return names for function 'getAmountsIn'. Expected: [amounts], Found: [] [Warning/use-natspec]
/sb/0x00f4969458d8e6a6c8ead5d5b5878e6f375feea6.sol:1517:27: Rule is set with explicit type [var/s: uint] [Warning/explicit-types]
/sb/0x00f4969458d8e6a6c8ead5d5b5878e6f375feea6.sol:1517:91: Rule is set with explicit type [var/s: uint] [Warning/explicit-types]
/sb/0x00f4969458d8e6a6c8ead5d5b5878e6f375feea6.sol:1531:1: Compiler version ^0.6.12 does not satisfy the ^0.8.24 semver requirement [Error/compiler-version]
/sb/0x00f4969458d8e6a6c8ead5d5b5878e6f375feea6.sol:1533:1: Missing @title tag in contract 'IUniswapV2Router02' [Warning/use-natspec]
/sb/0x00f4969458d8e6a6c8ead5d5b5878e6f375feea6.sol:1533:1: Missing @author tag in contract 'IUniswapV2Router02' [Warning/use-natspec]
/sb/0x00f4969458d8e6a6c8ead5d5b5878e6f375feea6.sol:1533:1: Missing @notice tag in contract 'IUniswapV2Router02' [Warning/use-natspec]
/sb/0x00f4969458d8e6a6c8ead5d5b5878e6f375feea6.sol:1535:5: Missing @notice tag in function 'removeLiquidityETHSupportingFeeOnTransferTokens' [Warning/use-natspec]
/sb/0x00f4969458d8e6a6c8ead5d5b5878e6f375feea6.sol:1535:5: Missing @param tag in function 'removeLiquidityETHSupportingFeeOnTransferTokens' [Warning/use-natspec]
/sb/0x00f4969458d8e6a6c8ead5d5b5878e6f375feea6.sol:1535:5: Mismatch in @param names for function 'removeLiquidityETHSupportingFeeOnTransferTokens'. Expected: [token, liquidity, amountTokenMin, amountETHMin, to, deadline], Found: [] [Warning/use-natspec]
/sb/0x00f4969458d8e6a6c8ead5d5b5878e6f375feea6.sol:1535:5: Missing @return tag in function 'removeLiquidityETHSupportingFeeOnTransferTokens' [Warning/use-natspec]
/sb/0x00f4969458d8e6a6c8ead5d5b5878e6f375feea6.sol:1535:5: Mismatch in @return names for function 'removeLiquidityETHSupportingFeeOnTransferTokens'. Expected: [amountETH], Found: [] [Warning/use-natspec]
/sb/0x00f4969458d8e6a6c8ead5d5b5878e6f375feea6.sol:1539:9: Rule is set with explicit type [var/s: uint] [Warning/explicit-types]
/sb/0x00f4969458d8e6a6c8ead5d5b5878e6f375feea6.sol:1541:9: Rule is set with explicit type [var/s: uint] [Warning/explicit-types]
/sb/0x00f4969458d8e6a6c8ead5d5b5878e6f375feea6.sol:1543:9: Rule is set with explicit type [var/s: uint] [Warning/explicit-types]
/sb/0x00f4969458d8e6a6c8ead5d5b5878e6f375feea6.sol:1547:9: Rule is set with explicit type [var/s: uint] [Warning/explicit-types]
/sb/0x00f4969458d8e6a6c8ead5d5b5878e6f375feea6.sol:1549:25: Rule is set with explicit type [var/s: uint] [Warning/explicit-types]
/sb/0x00f4969458d8e6a6c8ead5d5b5878e6f375feea6.sol:1551:5: Missing @notice tag in function 'removeLiquidityETHWithPermitSupportingFeeOnTransferTokens' [Warning/use-natspec]
/sb/0x00f4969458d8e6a6c8ead5d5b5878e6f375feea6.sol:1551:5: Missing @param tag in function 'removeLiquidityETHWithPermitSupportingFeeOnTransferTokens' [Warning/use-natspec]
/sb/0x00f4969458d8e6a6c8ead5d5b5878e6f375feea6.sol:1551:5: Mismatch in @param names for function 'removeLiquidityETHWithPermitSupportingFeeOnTransferTokens'. Expected: [token, liquidity, amountTokenMin, amountETHMin, to, deadline, approveMax, v, r, s], Found: [] [Warning/use-natspec]
/sb/0x00f4969458d8e6a6c8ead5d5b5878e6f375feea6.sol:1551:5: Missing @return tag in function 'removeLiquidityETHWithPermitSupportingFeeOnTransferTokens' [Warning/use-natspec]
/sb/0x00f4969458d8e6a6c8ead5d5b5878e6f375feea6.sol:1551:5: Mismatch in @return names for function 'removeLiquidityETHWithPermitSupportingFeeOnTransferTokens'. Expected: [amountETH], Found: [] [Warning/use-natspec]
/sb/0x00f4969458d8e6a6c8ead5d5b5878e6f375feea6.sol:1555:9: Rule is set with explicit type [var/s: uint] [Warning/explicit-types]
/sb/0x00f4969458d8e6a6c8ead5d5b5878e6f375feea6.sol:1557:9: Rule is set with explicit type [var/s: uint] [Warning/explicit-types]
/sb/0x00f4969458d8e6a6c8ead5d5b5878e6f375feea6.sol:1559:9: Rule is set with explicit type [var/s: uint] [Warning/explicit-types]
/sb/0x00f4969458d8e6a6c8ead5d5b5878e6f375feea6.sol:1563:9: Rule is set with explicit type [var/s: uint] [Warning/explicit-types]
/sb/0x00f4969458d8e6a6c8ead5d5b5878e6f375feea6.sol:1567:25: Rule is set with explicit type [var/s: uint] [Warning/explicit-types]
/sb/0x00f4969458d8e6a6c8ead5d5b5878e6f375feea6.sol:1571:5: Missing @notice tag in function 'swapExactTokensForTokensSupportingFeeOnTransferTokens' [Warning/use-natspec]
/sb/0x00f4969458d8e6a6c8ead5d5b5878e6f375feea6.sol:1571:5: Missing @param tag in function 'swapExactTokensForTokensSupportingFeeOnTransferTokens' [Warning/use-natspec]
/sb/0x00f4969458d8e6a6c8ead5d5b5878e6f375feea6.sol:1571:5: Mismatch in @param names for function 'swapExactTokensForTokensSupportingFeeOnTransferTokens'. Expected: [amountIn, amountOutMin, path, to, deadline], Found: [] [Warning/use-natspec]
/sb/0x00f4969458d8e6a6c8ead5d5b5878e6f375feea6.sol:1573:9: Rule is set with explicit type [var/s: uint] [Warning/explicit-types]
/sb/0x00f4969458d8e6a6c8ead5d5b5878e6f375feea6.sol:1575:9: Rule is set with explicit type [var/s: uint] [Warning/explicit-types]
/sb/0x00f4969458d8e6a6c8ead5d5b5878e6f375feea6.sol:1581:9: Rule is set with explicit type [var/s: uint] [Warning/explicit-types]
/sb/0x00f4969458d8e6a6c8ead5d5b5878e6f375feea6.sol:1585:5: Missing @notice tag in function 'swapExactETHForTokensSupportingFeeOnTransferTokens' [Warning/use-natspec]
/sb/0x00f4969458d8e6a6c8ead5d5b5878e6f375feea6.sol:1585:5: Missing @param tag in function 'swapExactETHForTokensSupportingFeeOnTransferTokens' [Warning/use-natspec]
/sb/0x00f4969458d8e6a6c8ead5d5b5878e6f375feea6.sol:1585:5: Mismatch in @param names for function 'swapExactETHForTokensSupportingFeeOnTransferTokens'. Expected: [amountOutMin, path, to, deadline], Found: [] [Warning/use-natspec]
/sb/0x00f4969458d8e6a6c8ead5d5b5878e6f375feea6.sol:1587:9: Rule is set with explicit type [var/s: uint] [Warning/explicit-types]
/sb/0x00f4969458d8e6a6c8ead5d5b5878e6f375feea6.sol:1593:9: Rule is set with explicit type [var/s: uint] [Warning/explicit-types]
/sb/0x00f4969458d8e6a6c8ead5d5b5878e6f375feea6.sol:1597:5: Missing @notice tag in function 'swapExactTokensForETHSupportingFeeOnTransferTokens' [Warning/use-natspec]
/sb/0x00f4969458d8e6a6c8ead5d5b5878e6f375feea6.sol:1597:5: Missing @param tag in function 'swapExactTokensForETHSupportingFeeOnTransferTokens' [Warning/use-natspec]
/sb/0x00f4969458d8e6a6c8ead5d5b5878e6f375feea6.sol:1597:5: Mismatch in @param names for function 'swapExactTokensForETHSupportingFeeOnTransferTokens'. Expected: [amountIn, amountOutMin, path, to, deadline], Found: [] [Warning/use-natspec]
/sb/0x00f4969458d8e6a6c8ead5d5b5878e6f375feea6.sol:1599:9: Rule is set with explicit type [var/s: uint] [Warning/explicit-types]
/sb/0x00f4969458d8e6a6c8ead5d5b5878e6f375feea6.sol:1601:9: Rule is set with explicit type [var/s: uint] [Warning/explicit-types]
/sb/0x00f4969458d8e6a6c8ead5d5b5878e6f375feea6.sol:1607:9: Rule is set with explicit type [var/s: uint] [Warning/explicit-types]
/sb/0x00f4969458d8e6a6c8ead5d5b5878e6f375feea6.sol:1621:1: Compiler version ^0.6.12 does not satisfy the ^0.8.24 semver requirement [Error/compiler-version]
/sb/0x00f4969458d8e6a6c8ead5d5b5878e6f375feea6.sol:1631:1: Interface name 'DividendPayingTokenInterface' must start with "I" [Warning/interface-starts-with-i]
/sb/0x00f4969458d8e6a6c8ead5d5b5878e6f375feea6.sol:1631:1: Missing @notice tag in contract 'DividendPayingTokenInterface' [Warning/use-natspec]
/sb/0x00f4969458d8e6a6c8ead5d5b5878e6f375feea6.sol:1661:3: Missing @notice tag in event 'DividendsDistributed' [Warning/use-natspec]
/sb/0x00f4969458d8e6a6c8ead5d5b5878e6f375feea6.sol:1661:3: GC: [weiAmount] on Event [DividendsDistributed] could be Indexed [Warning/gas-indexed-events]
/sb/0x00f4969458d8e6a6c8ead5d5b5878e6f375feea6.sol:1677:3: Missing @notice tag in event 'DividendWithdrawn' [Warning/use-natspec]
/sb/0x00f4969458d8e6a6c8ead5d5b5878e6f375feea6.sol:1677:3: GC: [weiAmount] on Event [DividendWithdrawn] could be Indexed [Warning/gas-indexed-events]
/sb/0x00f4969458d8e6a6c8ead5d5b5878e6f375feea6.sol:1697:1: Compiler version ^0.6.12 does not satisfy the ^0.8.24 semver requirement [Error/compiler-version]
/sb/0x00f4969458d8e6a6c8ead5d5b5878e6f375feea6.sol:1707:1: Interface name 'DividendPayingTokenOptionalInterface' must start with "I" [Warning/interface-starts-with-i]
/sb/0x00f4969458d8e6a6c8ead5d5b5878e6f375feea6.sol:1707:1: Missing @notice tag in contract 'DividendPayingTokenOptionalInterface' [Warning/use-natspec]
/sb/0x00f4969458d8e6a6c8ead5d5b5878e6f375feea6.sol:1751:1: Compiler version ^0.6.12 does not satisfy the ^0.8.24 semver requirement [Error/compiler-version]
/sb/0x00f4969458d8e6a6c8ead5d5b5878e6f375feea6.sol:1763:1: Missing @author tag in contract 'SafeMathUint' [Warning/use-natspec]
/sb/0x00f4969458d8e6a6c8ead5d5b5878e6f375feea6.sol:1763:1: Missing @notice tag in contract 'SafeMathUint' [Warning/use-natspec]
/sb/0x00f4969458d8e6a6c8ead5d5b5878e6f375feea6.sol:1765:3: Missing @notice tag in function 'toInt256Safe' [Warning/use-natspec]
/sb/0x00f4969458d8e6a6c8ead5d5b5878e6f375feea6.sol:1765:3: Missing @param tag in function 'toInt256Safe' [Warning/use-natspec]
/sb/0x00f4969458d8e6a6c8ead5d5b5878e6f375feea6.sol:1765:3: Mismatch in @param names for function 'toInt256Safe'. Expected: [a], Found: [] [Warning/use-natspec]
/sb/0x00f4969458d8e6a6c8ead5d5b5878e6f375feea6.sol:1765:3: Missing @return tag in function 'toInt256Safe' [Warning/use-natspec]
/sb/0x00f4969458d8e6a6c8ead5d5b5878e6f375feea6.sol:1765:3: Mismatch in @return count for function 'toInt256Safe'. Expected: 1, Found: 0 [Warning/use-natspec]
/sb/0x00f4969458d8e6a6c8ead5d5b5878e6f375feea6.sol:1769:5: Provide an error message for require [Warning/reason-string]
/sb/0x00f4969458d8e6a6c8ead5d5b5878e6f375feea6.sol:1769:13: GC: Non strict inequality found. Try converting to a strict one [Warning/gas-strict-inequalities]
/sb/0x00f4969458d8e6a6c8ead5d5b5878e6f375feea6.sol:1793:1: Compiler version ^0.6.12 does not satisfy the ^0.8.24 semver requirement [Error/compiler-version]
/sb/0x00f4969458d8e6a6c8ead5d5b5878e6f375feea6.sol:1805:1: Missing @author tag in contract 'SafeMathInt' [Warning/use-natspec]
/sb/0x00f4969458d8e6a6c8ead5d5b5878e6f375feea6.sol:1805:1: Missing @notice tag in contract 'SafeMathInt' [Warning/use-natspec]
/sb/0x00f4969458d8e6a6c8ead5d5b5878e6f375feea6.sol:1819:5: Missing @notice tag in function 'mul' [Warning/use-natspec]
/sb/0x00f4969458d8e6a6c8ead5d5b5878e6f375feea6.sol:1819:5: Missing @param tag in function 'mul' [Warning/use-natspec]
/sb/0x00f4969458d8e6a6c8ead5d5b5878e6f375feea6.sol:1819:5: Mismatch in @param names for function 'mul'. Expected: [a, b], Found: [] [Warning/use-natspec]
/sb/0x00f4969458d8e6a6c8ead5d5b5878e6f375feea6.sol:1819:5: Missing @return tag in function 'mul' [Warning/use-natspec]
/sb/0x00f4969458d8e6a6c8ead5d5b5878e6f375feea6.sol:1819:5: Mismatch in @return count for function 'mul'. Expected: 1, Found: 0 [Warning/use-natspec]
/sb/0x00f4969458d8e6a6c8ead5d5b5878e6f375feea6.sol:1827:9: Provide an error message for require [Warning/reason-string]
/sb/0x00f4969458d8e6a6c8ead5d5b5878e6f375feea6.sol:1829:9: Provide an error message for require [Warning/reason-string]
/sb/0x00f4969458d8e6a6c8ead5d5b5878e6f375feea6.sol:1843:5: Missing @notice tag in function 'div' [Warning/use-natspec]
/sb/0x00f4969458d8e6a6c8ead5d5b5878e6f375feea6.sol:1843:5: Missing @param tag in function 'div' [Warning/use-natspec]
/sb/0x00f4969458d8e6a6c8ead5d5b5878e6f375feea6.sol:1843:5: Mismatch in @param names for function 'div'. Expected: [a, b], Found: [] [Warning/use-natspec]
/sb/0x00f4969458d8e6a6c8ead5d5b5878e6f375feea6.sol:1843:5: Missing @return tag in function 'div' [Warning/use-natspec]
/sb/0x00f4969458d8e6a6c8ead5d5b5878e6f375feea6.sol:1843:5: Mismatch in @return count for function 'div'. Expected: 1, Found: 0 [Warning/use-natspec]
/sb/0x00f4969458d8e6a6c8ead5d5b5878e6f375feea6.sol:1847:9: Provide an error message for require [Warning/reason-string]
/sb/0x00f4969458d8e6a6c8ead5d5b5878e6f375feea6.sol:1865:5: Missing @notice tag in function 'sub' [Warning/use-natspec]
/sb/0x00f4969458d8e6a6c8ead5d5b5878e6f375feea6.sol:1865:5: Missing @param tag in function 'sub' [Warning/use-natspec]
/sb/0x00f4969458d8e6a6c8ead5d5b5878e6f375feea6.sol:1865:5: Mismatch in @param names for function 'sub'. Expected: [a, b], Found: [] [Warning/use-natspec]
/sb/0x00f4969458d8e6a6c8ead5d5b5878e6f375feea6.sol
