A new version of Solhint is available: 6.0.1
Please consider updating your Solhint package.
/sb/0xe8000eca2e1f0fe64db50bd3c1a6080ea90e6b46.sol:1:1: Found more than One contract per file. 5 contracts found! [Warning/one-contract-per-file]
/sb/0xe8000eca2e1f0fe64db50bd3c1a6080ea90e6b46.sol:1:1: Compiler version ^0.4.18 does not satisfy the ^0.8.24 semver requirement [Error/compiler-version]
/sb/0xe8000eca2e1f0fe64db50bd3c1a6080ea90e6b46.sol:9:1: Missing @author tag in contract 'SafeMath' [Warning/use-natspec]
/sb/0xe8000eca2e1f0fe64db50bd3c1a6080ea90e6b46.sol:9:1: Missing @notice tag in contract 'SafeMath' [Warning/use-natspec]
/sb/0xe8000eca2e1f0fe64db50bd3c1a6080ea90e6b46.sol:14:3: Missing @notice tag in function 'mul' [Warning/use-natspec]
/sb/0xe8000eca2e1f0fe64db50bd3c1a6080ea90e6b46.sol:14:3: Missing @param tag in function 'mul' [Warning/use-natspec]
/sb/0xe8000eca2e1f0fe64db50bd3c1a6080ea90e6b46.sol:14:3: Mismatch in @param names for function 'mul'. Expected: [a, b], Found: [] [Warning/use-natspec]
/sb/0xe8000eca2e1f0fe64db50bd3c1a6080ea90e6b46.sol:14:3: Missing @return tag in function 'mul' [Warning/use-natspec]
/sb/0xe8000eca2e1f0fe64db50bd3c1a6080ea90e6b46.sol:14:3: Mismatch in @return count for function 'mul'. Expected: 1, Found: 0 [Warning/use-natspec]
/sb/0xe8000eca2e1f0fe64db50bd3c1a6080ea90e6b46.sol:26:3: Missing @notice tag in function 'div' [Warning/use-natspec]
/sb/0xe8000eca2e1f0fe64db50bd3c1a6080ea90e6b46.sol:26:3: Missing @param tag in function 'div' [Warning/use-natspec]
/sb/0xe8000eca2e1f0fe64db50bd3c1a6080ea90e6b46.sol:26:3: Mismatch in @param names for function 'div'. Expected: [a, b], Found: [] [Warning/use-natspec]
/sb/0xe8000eca2e1f0fe64db50bd3c1a6080ea90e6b46.sol:26:3: Missing @return tag in function 'div' [Warning/use-natspec]
/sb/0xe8000eca2e1f0fe64db50bd3c1a6080ea90e6b46.sol:26:3: Mismatch in @return count for function 'div'. Expected: 1, Found: 0 [Warning/use-natspec]
/sb/0xe8000eca2e1f0fe64db50bd3c1a6080ea90e6b46.sol:36:3: Missing @notice tag in function 'sub' [Warning/use-natspec]
/sb/0xe8000eca2e1f0fe64db50bd3c1a6080ea90e6b46.sol:36:3: Missing @param tag in function 'sub' [Warning/use-natspec]
/sb/0xe8000eca2e1f0fe64db50bd3c1a6080ea90e6b46.sol:36:3: Mismatch in @param names for function 'sub'. Expected: [a, b], Found: [] [Warning/use-natspec]
/sb/0xe8000eca2e1f0fe64db50bd3c1a6080ea90e6b46.sol:36:3: Missing @return tag in function 'sub' [Warning/use-natspec]
/sb/0xe8000eca2e1f0fe64db50bd3c1a6080ea90e6b46.sol:36:3: Mismatch in @return count for function 'sub'. Expected: 1, Found: 0 [Warning/use-natspec]
/sb/0xe8000eca2e1f0fe64db50bd3c1a6080ea90e6b46.sol:37:12: GC: Non strict inequality found. Try converting to a strict one [Warning/gas-strict-inequalities]
/sb/0xe8000eca2e1f0fe64db50bd3c1a6080ea90e6b46.sol:44:3: Missing @notice tag in function 'add' [Warning/use-natspec]
/sb/0xe8000eca2e1f0fe64db50bd3c1a6080ea90e6b46.sol:44:3: Missing @param tag in function 'add' [Warning/use-natspec]
/sb/0xe8000eca2e1f0fe64db50bd3c1a6080ea90e6b46.sol:44:3: Mismatch in @param names for function 'add'. Expected: [a, b], Found: [] [Warning/use-natspec]
/sb/0xe8000eca2e1f0fe64db50bd3c1a6080ea90e6b46.sol:44:3: Missing @return tag in function 'add' [Warning/use-natspec]
/sb/0xe8000eca2e1f0fe64db50bd3c1a6080ea90e6b46.sol:44:3: Mismatch in @return count for function 'add'. Expected: 1, Found: 0 [Warning/use-natspec]
/sb/0xe8000eca2e1f0fe64db50bd3c1a6080ea90e6b46.sol:46:12: GC: Non strict inequality found. Try converting to a strict one [Warning/gas-strict-inequalities]
/sb/0xe8000eca2e1f0fe64db50bd3c1a6080ea90e6b46.sol:58:1: Missing @author tag in contract 'Ownable' [Warning/use-natspec]
/sb/0xe8000eca2e1f0fe64db50bd3c1a6080ea90e6b46.sol:58:1: Missing @notice tag in contract 'Ownable' [Warning/use-natspec]
/sb/0xe8000eca2e1f0fe64db50bd3c1a6080ea90e6b46.sol:59:3: Missing @notice tag in variable 'owner' [Warning/use-natspec]
/sb/0xe8000eca2e1f0fe64db50bd3c1a6080ea90e6b46.sol:62:3: Missing @notice tag in event 'OwnershipTransferred' [Warning/use-natspec]
/sb/0xe8000eca2e1f0fe64db50bd3c1a6080ea90e6b46.sol:62:3: Missing @param tag in event 'OwnershipTransferred' [Warning/use-natspec]
/sb/0xe8000eca2e1f0fe64db50bd3c1a6080ea90e6b46.sol:62:3: Mismatch in @param names for event 'OwnershipTransferred'. Expected: [previousOwner, newOwner], Found: [] [Warning/use-natspec]
/sb/0xe8000eca2e1f0fe64db50bd3c1a6080ea90e6b46.sol:69:3: Missing @notice tag in function 'Ownable' [Warning/use-natspec]
/sb/0xe8000eca2e1f0fe64db50bd3c1a6080ea90e6b46.sol:77:5: Provide an error message for require [Warning/reason-string]
/sb/0xe8000eca2e1f0fe64db50bd3c1a6080ea90e6b46.sol:85:3: Missing @notice tag in function 'transferOwnership' [Warning/use-natspec]
/sb/0xe8000eca2e1f0fe64db50bd3c1a6080ea90e6b46.sol:86:5: Provide an error message for require [Warning/reason-string]
/sb/0xe8000eca2e1f0fe64db50bd3c1a6080ea90e6b46.sol:100:1: Missing @author tag in contract 'ERC20Basic' [Warning/use-natspec]
/sb/0xe8000eca2e1f0fe64db50bd3c1a6080ea90e6b46.sol:100:1: Missing @notice tag in contract 'ERC20Basic' [Warning/use-natspec]
/sb/0xe8000eca2e1f0fe64db50bd3c1a6080ea90e6b46.sol:101:3: Missing @notice tag in function 'totalSupply' [Warning/use-natspec]
/sb/0xe8000eca2e1f0fe64db50bd3c1a6080ea90e6b46.sol:101:3: Missing @return tag in function 'totalSupply' [Warning/use-natspec]
/sb/0xe8000eca2e1f0fe64db50bd3c1a6080ea90e6b46.sol:101:3: Mismatch in @return count for function 'totalSupply'. Expected: 1, Found: 0 [Warning/use-natspec]
/sb/0xe8000eca2e1f0fe64db50bd3c1a6080ea90e6b46.sol:102:3: Missing @notice tag in function 'balanceOf' [Warning/use-natspec]
/sb/0xe8000eca2e1f0fe64db50bd3c1a6080ea90e6b46.sol:102:3: Missing @param tag in function 'balanceOf' [Warning/use-natspec]
/sb/0xe8000eca2e1f0fe64db50bd3c1a6080ea90e6b46.sol:102:3: Mismatch in @param names for function 'balanceOf'. Expected: [who], Found: [] [Warning/use-natspec]
/sb/0xe8000eca2e1f0fe64db50bd3c1a6080ea90e6b46.sol:102:3: Missing @return tag in function 'balanceOf' [Warning/use-natspec]
/sb/0xe8000eca2e1f0fe64db50bd3c1a6080ea90e6b46.sol:102:3: Mismatch in @return count for function 'balanceOf'. Expected: 1, Found: 0 [Warning/use-natspec]
/sb/0xe8000eca2e1f0fe64db50bd3c1a6080ea90e6b46.sol:103:3: Missing @notice tag in function 'transfer' [Warning/use-natspec]
/sb/0xe8000eca2e1f0fe64db50bd3c1a6080ea90e6b46.sol:103:3: Missing @param tag in function 'transfer' [Warning/use-natspec]
/sb/0xe8000eca2e1f0fe64db50bd3c1a6080ea90e6b46.sol:103:3: Mismatch in @param names for function 'transfer'. Expected: [to, value], Found: [] [Warning/use-natspec]
/sb/0xe8000eca2e1f0fe64db50bd3c1a6080ea90e6b46.sol:103:3: Missing @return tag in function 'transfer' [Warning/use-natspec]
/sb/0xe8000eca2e1f0fe64db50bd3c1a6080ea90e6b46.sol:103:3: Mismatch in @return count for function 'transfer'. Expected: 1, Found: 0 [Warning/use-natspec]
/sb/0xe8000eca2e1f0fe64db50bd3c1a6080ea90e6b46.sol:104:3: Missing @notice tag in event 'Transfer' [Warning/use-natspec]
/sb/0xe8000eca2e1f0fe64db50bd3c1a6080ea90e6b46.sol:104:3: Missing @param tag in event 'Transfer' [Warning/use-natspec]
/sb/0xe8000eca2e1f0fe64db50bd3c1a6080ea90e6b46.sol:104:3: Mismatch in @param names for event 'Transfer'. Expected: [from, to, value], Found: [] [Warning/use-natspec]
/sb/0xe8000eca2e1f0fe64db50bd3c1a6080ea90e6b46.sol:104:3: GC: [value] on Event [Transfer] could be Indexed [Warning/gas-indexed-events]
/sb/0xe8000eca2e1f0fe64db50bd3c1a6080ea90e6b46.sol:113:1: Missing @author tag in contract 'ERC20' [Warning/use-natspec]
/sb/0xe8000eca2e1f0fe64db50bd3c1a6080ea90e6b46.sol:113:1: Missing @notice tag in contract 'ERC20' [Warning/use-natspec]
/sb/0xe8000eca2e1f0fe64db50bd3c1a6080ea90e6b46.sol:114:3: Missing @notice tag in function 'allowance' [Warning/use-natspec]
/sb/0xe8000eca2e1f0fe64db50bd3c1a6080ea90e6b46.sol:114:3: Missing @param tag in function 'allowance' [Warning/use-natspec]
/sb/0xe8000eca2e1f0fe64db50bd3c1a6080ea90e6b46.sol:114:3: Mismatch in @param names for function 'allowance'. Expected: [owner, spender], Found: [] [Warning/use-natspec]
/sb/0xe8000eca2e1f0fe64db50bd3c1a6080ea90e6b46.sol:114:3: Missing @return tag in function 'allowance' [Warning/use-natspec]
/sb/0xe8000eca2e1f0fe64db50bd3c1a6080ea90e6b46.sol:114:3: Mismatch in @return count for function 'allowance'. Expected: 1, Found: 0 [Warning/use-natspec]
/sb/0xe8000eca2e1f0fe64db50bd3c1a6080ea90e6b46.sol:115:3: Missing @notice tag in function 'transferFrom' [Warning/use-natspec]
/sb/0xe8000eca2e1f0fe64db50bd3c1a6080ea90e6b46.sol:115:3: Missing @param tag in function 'transferFrom' [Warning/use-natspec]
/sb/0xe8000eca2e1f0fe64db50bd3c1a6080ea90e6b46.sol:115:3: Mismatch in @param names for function 'transferFrom'. Expected: [from, to, value], Found: [] [Warning/use-natspec]
/sb/0xe8000eca2e1f0fe64db50bd3c1a6080ea90e6b46.sol:115:3: Missing @return tag in function 'transferFrom' [Warning/use-natspec]
/sb/0xe8000eca2e1f0fe64db50bd3c1a6080ea90e6b46.sol:115:3: Mismatch in @return count for function 'transferFrom'. Expected: 1, Found: 0 [Warning/use-natspec]
/sb/0xe8000eca2e1f0fe64db50bd3c1a6080ea90e6b46.sol:116:3: Missing @notice tag in function 'approve' [Warning/use-natspec]
/sb/0xe8000eca2e1f0fe64db50bd3c1a6080ea90e6b46.sol:116:3: Missing @param tag in function 'approve' [Warning/use-natspec]
/sb/0xe8000eca2e1f0fe64db50bd3c1a6080ea90e6b46.sol:116:3: Mismatch in @param names for function 'approve'. Expected: [spender, value], Found: [] [Warning/use-natspec]
/sb/0xe8000eca2e1f0fe64db50bd3c1a6080ea90e6b46.sol:116:3: Missing @return tag in function 'approve' [Warning/use-natspec]
/sb/0xe8000eca2e1f0fe64db50bd3c1a6080ea90e6b46.sol:116:3: Mismatch in @return count for function 'approve'. Expected: 1, Found: 0 [Warning/use-natspec]
/sb/0xe8000eca2e1f0fe64db50bd3c1a6080ea90e6b46.sol:117:3: Missing @notice tag in event 'Approval' [Warning/use-natspec]
/sb/0xe8000eca2e1f0fe64db50bd3c1a6080ea90e6b46.sol:117:3: Missing @param tag in event 'Approval' [Warning/use-natspec]
/sb/0xe8000eca2e1f0fe64db50bd3c1a6080ea90e6b46.sol:117:3: Mismatch in @param names for event 'Approval'. Expected: [owner, spender, value], Found: [] [Warning/use-natspec]
/sb/0xe8000eca2e1f0fe64db50bd3c1a6080ea90e6b46.sol:117:3: GC: [value] on Event [Approval] could be Indexed [Warning/gas-indexed-events]
/sb/0xe8000eca2e1f0fe64db50bd3c1a6080ea90e6b46.sol:122:1: Missing @title tag in contract 'TokenDistribution' [Warning/use-natspec]
/sb/0xe8000eca2e1f0fe64db50bd3c1a6080ea90e6b46.sol:122:1: Missing @author tag in contract 'TokenDistribution' [Warning/use-natspec]
/sb/0xe8000eca2e1f0fe64db50bd3c1a6080ea90e6b46.sol:122:1: Missing @notice tag in contract 'TokenDistribution' [Warning/use-natspec]
/sb/0xe8000eca2e1f0fe64db50bd3c1a6080ea90e6b46.sol:125:3: Missing @notice tag in variable 'token' [Warning/use-natspec]
/sb/0xe8000eca2e1f0fe64db50bd3c1a6080ea90e6b46.sol:127:3: Missing @notice tag in variable 'wallet' [Warning/use-natspec]
/sb/0xe8000eca2e1f0fe64db50bd3c1a6080ea90e6b46.sol:129:3: Missing @notice tag in function 'TokenDistribution' [Warning/use-natspec]
/sb/0xe8000eca2e1f0fe64db50bd3c1a6080ea90e6b46.sol:129:3: Missing @param tag in function 'TokenDistribution' [Warning/use-natspec]
/sb/0xe8000eca2e1f0fe64db50bd3c1a6080ea90e6b46.sol:129:3: Mismatch in @param names for function 'TokenDistribution'. Expected: [_token, _wallet], Found: [] [Warning/use-natspec]
/sb/0xe8000eca2e1f0fe64db50bd3c1a6080ea90e6b46.sol:133:5: Provide an error message for require [Warning/reason-string]
/sb/0xe8000eca2e1f0fe64db50bd3c1a6080ea90e6b46.sol:134:5: Provide an error message for require [Warning/reason-string]
/sb/0xe8000eca2e1f0fe64db50bd3c1a6080ea90e6b46.sol:139:3: Missing @notice tag in function 'sendToken' [Warning/use-natspec]
/sb/0xe8000eca2e1f0fe64db50bd3c1a6080ea90e6b46.sol:139:3: Missing @param tag in function 'sendToken' [Warning/use-natspec]
/sb/0xe8000eca2e1f0fe64db50bd3c1a6080ea90e6b46.sol:139:3: Mismatch in @param names for function 'sendToken'. Expected: [_beneficiaries, _amount], Found: [] [Warning/use-natspec]
/sb/0xe8000eca2e1f0fe64db50bd3c1a6080ea90e6b46.sol:140:52: GC: For [ i ] variable, increment/decrement by 1 using: [ ++variable ] to save gas [Warning/gas-increment-by-one]
/sb/0xe8000eca2e1f0fe64db50bd3c1a6080ea90e6b46.sol:141:7: Provide an error message for require [Warning/reason-string]

91 problem/s (1 error/s, 90 warning/s)
