'solc --version' running
'solc /sb/0xb64e68e57e09015f2aa110383baaf8bab00b6081.sol --combined-json abi,ast,bin,bin-runtime,srcmap,srcmap-runtime,userdoc,devdoc,hashes,compact-format --allow-paths .,/sb' running
Compilation warnings/errors on /sb/0xb64e68e57e09015f2aa110383baaf8bab00b6081.sol:
/sb/0xb64e68e57e09015f2aa110383baaf8bab00b6081.sol:21:5: Warning: Defining constructors as functions with the same name as the contract is deprecated. Use "constructor(...) { ... }" instead.
    function LockRequestable() public {
    ^ (Relevant source part starts here and spans across multiple lines).
/sb/0xb64e68e57e09015f2aa110383baaf8bab00b6081.sol:72:5: Warning: Defining constructors as functions with the same name as the contract is deprecated. Use "constructor(...) { ... }" instead.
    function CustodianUpgradeable(address _custodian)LockRequestable()
    ^ (Relevant source part starts here and spans across multiple lines).
/sb/0xb64e68e57e09015f2aa110383baaf8bab00b6081.sol:177:5: Warning: Defining constructors as functions with the same name as the contract is deprecated. Use "constructor(...) { ... }" instead.
    function ERC20ImplUpgradeable(address _custodian) CustodianUpgradeable(_custodian) public {
    ^ (Relevant source part starts here and spans across multiple lines).
/sb/0xb64e68e57e09015f2aa110383baaf8bab00b6081.sol:321:5: Warning: Defining constructors as functions with the same name as the contract is deprecated. Use "constructor(...) { ... }" instead.
    function ERC20Proxy(
    ^ (Relevant source part starts here and spans across multiple lines).
/sb/0xb64e68e57e09015f2aa110383baaf8bab00b6081.sol:497:5: Warning: Defining constructors as functions with the same name as the contract is deprecated. Use "constructor(...) { ... }" instead.
    function ERC20Impl(
    ^ (Relevant source part starts here and spans across multiple lines).
/sb/0xb64e68e57e09015f2aa110383baaf8bab00b6081.sol:940:5: Warning: Defining constructors as functions with the same name as the contract is deprecated. Use "constructor(...) { ... }" instead.
    function ERC20Store(address _custodian) ERC20ImplUpgradeable(_custodian) public {
    ^ (Relevant source part starts here and spans across multiple lines).
/sb/0xb64e68e57e09015f2aa110383baaf8bab00b6081.sol:39:16: Warning: This function only accepts a single "bytes" argument. Please use "abi.encodePacked(...)" or a similar function to encode the data.
        return keccak256(block.blockhash(block.number - 1), address(this), ++lockRequestCount);
               ^-----------------------------------------------------------------------------^
/sb/0xb64e68e57e09015f2aa110383baaf8bab00b6081.sol:511:20: Warning: This function only accepts a single "bytes" argument. Please use "abi.encodePacked(...)" or a similar function to encode the data.
        sweepMsg = keccak256(address(this), "sweep");
                   ^-------------------------------^
/sb/0xb64e68e57e09015f2aa110383baaf8bab00b6081.sol:39:26: Warning: "block.blockhash()" has been deprecated in favor of "blockhash()"
        return keccak256(block.blockhash(block.number - 1), address(this), ++lockRequestCount);
                         ^-------------^


CustodianUpgradeable.CustodianUpgradeable(address)._custodian (../sb/0xb64e68e57e09015f2aa110383baaf8bab00b6081.sol#72) lacks a zero-check on :
		- custodian = _custodian (../sb/0xb64e68e57e09015f2aa110383baaf8bab00b6081.sol#75)
Reference: https://github.com/crytic/slither/wiki/Detector-Documentation#missing-zero-address-validation

ERC20Impl.batchTransfer(address[],uint256[]) (../sb/0xb64e68e57e09015f2aa110383baaf8bab00b6081.sol#707-729) has external calls inside a loop: erc20Store.addBalance(to,v) (../sb/0xb64e68e57e09015f2aa110383baaf8bab00b6081.sol#721)
ERC20Impl.batchTransfer(address[],uint256[]) (../sb/0xb64e68e57e09015f2aa110383baaf8bab00b6081.sol#707-729) has external calls inside a loop: erc20Proxy.emitTransfer(msg.sender,to,v) (../sb/0xb64e68e57e09015f2aa110383baaf8bab00b6081.sol#723)
ERC20Impl.enableSweep(uint8[],bytes32[],bytes32[],address) (../sb/0xb64e68e57e09015f2aa110383baaf8bab00b6081.sol#749-778) has external calls inside a loop: fromBalance = erc20Store.balances(from) (../sb/0xb64e68e57e09015f2aa110383baaf8bab00b6081.sol#763)
ERC20Impl.enableSweep(uint8[],bytes32[],bytes32[],address) (../sb/0xb64e68e57e09015f2aa110383baaf8bab00b6081.sol#749-778) has external calls inside a loop: erc20Store.setBalance(from,0) (../sb/0xb64e68e57e09015f2aa110383baaf8bab00b6081.sol#768)
ERC20Impl.enableSweep(uint8[],bytes32[],bytes32[],address) (../sb/0xb64e68e57e09015f2aa110383baaf8bab00b6081.sol#749-778) has external calls inside a loop: erc20Proxy.emitTransfer(from,_to,fromBalance) (../sb/0xb64e68e57e09015f2aa110383baaf8bab00b6081.sol#770)
ERC20Impl.replaySweep(address[],address) (../sb/0xb64e68e57e09015f2aa110383baaf8bab00b6081.sol#794-818) has external calls inside a loop: fromBalance = erc20Store.balances(from) (../sb/0xb64e68e57e09015f2aa110383baaf8bab00b6081.sol#803)
ERC20Impl.replaySweep(address[],address) (../sb/0xb64e68e57e09015f2aa110383baaf8bab00b6081.sol#794-818) has external calls inside a loop: erc20Store.setBalance(from,0) (../sb/0xb64e68e57e09015f2aa110383baaf8bab00b6081.sol#808)
ERC20Impl.replaySweep(address[],address) (../sb/0xb64e68e57e09015f2aa110383baaf8bab00b6081.sol#794-818) has external calls inside a loop: erc20Proxy.emitTransfer(from,_to,fromBalance) (../sb/0xb64e68e57e09015f2aa110383baaf8bab00b6081.sol#810)
Reference: https://github.com/crytic/slither/wiki/Detector-Documentation/#calls-inside-a-loop

Reentrancy in ERC20Impl.enableSweep(uint8[],bytes32[],bytes32[],address) (../sb/0xb64e68e57e09015f2aa110383baaf8bab00b6081.sol#749-778):
	External calls:
	- fromBalance = erc20Store.balances(from) (../sb/0xb64e68e57e09015f2aa110383baaf8bab00b6081.sol#763)
	- erc20Store.setBalance(from,0) (../sb/0xb64e68e57e09015f2aa110383baaf8bab00b6081.sol#768)
	- erc20Proxy.emitTransfer(from,_to,fromBalance) (../sb/0xb64e68e57e09015f2aa110383baaf8bab00b6081.sol#770)
	State variables written after the call(s):
	- sweptSet[from] = true (../sb/0xb64e68e57e09015f2aa110383baaf8bab00b6081.sol#761)
Reference: https://github.com/crytic/slither/wiki/Detector-Documentation#reentrancy-vulnerabilities-2

Reentrancy in ERC20Impl.confirmPrint(bytes32) (../sb/0xb64e68e57e09015f2aa110383baaf8bab00b6081.sol#647-667):
	External calls:
	- supply = erc20Store.totalSupply() (../sb/0xb64e68e57e09015f2aa110383baaf8bab00b6081.sol#658)
	- erc20Store.setTotalSupply(newSupply) (../sb/0xb64e68e57e09015f2aa110383baaf8bab00b6081.sol#661)
	- erc20Store.addBalance(receiver,value) (../sb/0xb64e68e57e09015f2aa110383baaf8bab00b6081.sol#662)
	Event emitted after the call(s):
	- PrintingConfirmed(_lockId,receiver,value) (../sb/0xb64e68e57e09015f2aa110383baaf8bab00b6081.sol#664)
Reference: https://github.com/crytic/slither/wiki/Detector-Documentation#reentrancy-vulnerabilities-3

Deprecated standard detected keccak256()(block.blockhash(block.number - 1),address(this),++ lockRequestCount) (../sb/0xb64e68e57e09015f2aa110383baaf8bab00b6081.sol#39):
	- Usage of "block.blockhash()" should be replaced with "blockhash()"
Reference: https://github.com/crytic/slither/wiki/Detector-Documentation#deprecated-standards

Version constraint ^0.4.21 contains known severe issues (https://solidity.readthedocs.io/en/latest/bugs.html)
	- DirtyBytesArrayToStorage
	- ABIDecodeTwoDimensionalArrayMemory
	- KeccakCaching
	- EmptyByteArrayCopy
	- DynamicArrayCleanup
	- ImplicitConstructorCallvalueCheck
	- TupleAssignmentMultiStackSlotComponents
	- MemoryArrayCreationOverflow
	- privateCanBeOverridden
	- SignedArrayStorageCopy
	- ABIEncoderV2StorageArrayWithMultiSlotElement
	- DynamicConstructorArgumentsClippedABIV2
	- UninitializedFunctionPointerInConstructor_0.4.x
	- IncorrectEventSignatureInLibraries_0.4.x
	- ABIEncoderV2PackedStorage_0.4.x
	- ExpExponentCleanup
	- EventStructWrongData
	- NestedArrayFunctionCallDecoder.
It is used by:
	- ^0.4.21 (../sb/0xb64e68e57e09015f2aa110383baaf8bab00b6081.sol#1)
solc-0.4.26 is an outdated solc version. Use a more recent version (at least 0.8.0), if possible.
Reference: https://github.com/crytic/slither/wiki/Detector-Documentation#incorrect-versions-of-solidity

Parameter CustodianUpgradeable.requestCustodianChange(address)._proposedCustodian (../sb/0xb64e68e57e09015f2aa110383baaf8bab00b6081.sol#96) is not in mixedCase
Parameter CustodianUpgradeable.confirmCustodianChange(bytes32)._lockId (../sb/0xb64e68e57e09015f2aa110383baaf8bab00b6081.sol#116) is not in mixedCase
Parameter CustodianUpgradeable.getCustodianChangeReq(bytes32)._lockId (../sb/0xb64e68e57e09015f2aa110383baaf8bab00b6081.sol#125) is not in mixedCase
Parameter ERC20ImplUpgradeable.requestImplChange(address)._proposedImpl (../sb/0xb64e68e57e09015f2aa110383baaf8bab00b6081.sol#199) is not in mixedCase
Parameter ERC20ImplUpgradeable.confirmImplChange(bytes32)._lockId (../sb/0xb64e68e57e09015f2aa110383baaf8bab00b6081.sol#220) is not in mixedCase
Parameter ERC20ImplUpgradeable.getImplChangeReq(bytes32)._lockId (../sb/0xb64e68e57e09015f2aa110383baaf8bab00b6081.sol#229) is not in mixedCase
Parameter ERC20Proxy.balanceOf(address)._owner (../sb/0xb64e68e57e09015f2aa110383baaf8bab00b6081.sol#350) is not in mixedCase
Parameter ERC20Proxy.emitTransfer(address,address,uint256)._from (../sb/0xb64e68e57e09015f2aa110383baaf8bab00b6081.sol#356) is not in mixedCase
Parameter ERC20Proxy.emitTransfer(address,address,uint256)._to (../sb/0xb64e68e57e09015f2aa110383baaf8bab00b6081.sol#356) is not in mixedCase
Parameter ERC20Proxy.emitTransfer(address,address,uint256)._value (../sb/0xb64e68e57e09015f2aa110383baaf8bab00b6081.sol#356) is not in mixedCase
Parameter ERC20Proxy.transfer(address,uint256)._to (../sb/0xb64e68e57e09015f2aa110383baaf8bab00b6081.sol#367) is not in mixedCase
Parameter ERC20Proxy.transfer(address,uint256)._value (../sb/0xb64e68e57e09015f2aa110383baaf8bab00b6081.sol#367) is not in mixedCase
Parameter ERC20Proxy.transferFrom(address,address,uint256)._from (../sb/0xb64e68e57e09015f2aa110383baaf8bab00b6081.sol#380) is not in mixedCase
Parameter ERC20Proxy.transferFrom(address,address,uint256)._to (../sb/0xb64e68e57e09015f2aa110383baaf8bab00b6081.sol#380) is not in mixedCase
Parameter ERC20Proxy.transferFrom(address,address,uint256)._value (../sb/0xb64e68e57e09015f2aa110383baaf8bab00b6081.sol#380) is not in mixedCase
Parameter ERC20Proxy.emitApproval(address,address,uint256)._owner (../sb/0xb64e68e57e09015f2aa110383baaf8bab00b6081.sol#386) is not in mixedCase
Parameter ERC20Proxy.emitApproval(address,address,uint256)._spender (../sb/0xb64e68e57e09015f2aa110383baaf8bab00b6081.sol#386) is not in mixedCase
Parameter ERC20Proxy.emitApproval(address,address,uint256)._value (../sb/0xb64e68e57e09015f2aa110383baaf8bab00b6081.sol#386) is not in mixedCase
Parameter ERC20Proxy.approve(address,uint256)._spender (../sb/0xb64e68e57e09015f2aa110383baaf8bab00b6081.sol#398) is not in mixedCase
Parameter ERC20Proxy.approve(address,uint256)._value (../sb/0xb64e68e57e09015f2aa110383baaf8bab00b6081.sol#398) is not in mixedCase
Parameter ERC20Proxy.increaseApproval(address,uint256)._spender (../sb/0xb64e68e57e09015f2aa110383baaf8bab00b6081.sol#412) is not in mixedCase
Parameter ERC20Proxy.increaseApproval(address,uint256)._addedValue (../sb/0xb64e68e57e09015f2aa110383baaf8bab00b6081.sol#412) is not in mixedCase
Parameter ERC20Proxy.decreaseApproval(address,uint256)._spender (../sb/0xb64e68e57e09015f2aa110383baaf8bab00b6081.sol#425) is not in mixedCase
Parameter ERC20Proxy.decreaseApproval(address,uint256)._subtractedValue (../sb/0xb64e68e57e09015f2aa110383baaf8bab00b6081.sol#425) is not in mixedCase
Parameter ERC20Proxy.allowance(address,address)._owner (../sb/0xb64e68e57e09015f2aa110383baaf8bab00b6081.sol#434) is not in mixedCase
Parameter ERC20Proxy.allowance(address,address)._spender (../sb/0xb64e68e57e09015f2aa110383baaf8bab00b6081.sol#434) is not in mixedCase
Parameter ERC20Impl.approveWithSender(address,address,uint256)._sender (../sb/0xb64e68e57e09015f2aa110383baaf8bab00b6081.sol#536) is not in mixedCase
Parameter ERC20Impl.approveWithSender(address,address,uint256)._spender (../sb/0xb64e68e57e09015f2aa110383baaf8bab00b6081.sol#537) is not in mixedCase
Parameter ERC20Impl.approveWithSender(address,address,uint256)._value (../sb/0xb64e68e57e09015f2aa110383baaf8bab00b6081.sol#538) is not in mixedCase
Parameter ERC20Impl.increaseApprovalWithSender(address,address,uint256)._sender (../sb/0xb64e68e57e09015f2aa110383baaf8bab00b6081.sol#561) is not in mixedCase
Parameter ERC20Impl.increaseApprovalWithSender(address,address,uint256)._spender (../sb/0xb64e68e57e09015f2aa110383baaf8bab00b6081.sol#562) is not in mixedCase
Parameter ERC20Impl.increaseApprovalWithSender(address,address,uint256)._addedValue (../sb/0xb64e68e57e09015f2aa110383baaf8bab00b6081.sol#563) is not in mixedCase
Parameter ERC20Impl.decreaseApprovalWithSender(address,address,uint256)._sender (../sb/0xb64e68e57e09015f2aa110383baaf8bab00b6081.sol#591) is not in mixedCase
Parameter ERC20Impl.decreaseApprovalWithSender(address,address,uint256)._spender (../sb/0xb64e68e57e09015f2aa110383baaf8bab00b6081.sol#592) is not in mixedCase
Parameter ERC20Impl.decreaseApprovalWithSender(address,address,uint256)._subtractedValue (../sb/0xb64e68e57e09015f2aa110383baaf8bab00b6081.sol#593) is not in mixedCase
Parameter ERC20Impl.requestPrint(address,uint256)._receiver (../sb/0xb64e68e57e09015f2aa110383baaf8bab00b6081.sol#624) is not in mixedCase
Parameter ERC20Impl.requestPrint(address,uint256)._value (../sb/0xb64e68e57e09015f2aa110383baaf8bab00b6081.sol#624) is not in mixedCase
Parameter ERC20Impl.confirmPrint(bytes32)._lockId (../sb/0xb64e68e57e09015f2aa110383baaf8bab00b6081.sol#647) is not in mixedCase
Parameter ERC20Impl.burn(uint256)._value (../sb/0xb64e68e57e09015f2aa110383baaf8bab00b6081.sol#677) is not in mixedCase
Parameter ERC20Impl.batchTransfer(address[],uint256[])._tos (../sb/0xb64e68e57e09015f2aa110383baaf8bab00b6081.sol#707) is not in mixedCase
Parameter ERC20Impl.batchTransfer(address[],uint256[])._values (../sb/0xb64e68e57e09015f2aa110383baaf8bab00b6081.sol#707) is not in mixedCase
Parameter ERC20Impl.enableSweep(uint8[],bytes32[],bytes32[],address)._vs (../sb/0xb64e68e57e09015f2aa110383baaf8bab00b6081.sol#749) is not in mixedCase
Parameter ERC20Impl.enableSweep(uint8[],bytes32[],bytes32[],address)._rs (../sb/0xb64e68e57e09015f2aa110383baaf8bab00b6081.sol#749) is not in mixedCase
Parameter ERC20Impl.enableSweep(uint8[],bytes32[],bytes32[],address)._ss (../sb/0xb64e68e57e09015f2aa110383baaf8bab00b6081.sol#749) is not in mixedCase
Parameter ERC20Impl.enableSweep(uint8[],bytes32[],bytes32[],address)._to (../sb/0xb64e68e57e09015f2aa110383baaf8bab00b6081.sol#749) is not in mixedCase
Parameter ERC20Impl.replaySweep(address[],address)._froms (../sb/0xb64e68e57e09015f2aa110383baaf8bab00b6081.sol#794) is not in mixedCase
Parameter ERC20Impl.replaySweep(address[],address)._to (../sb/0xb64e68e57e09015f2aa110383baaf8bab00b6081.sol#794) is not in mixedCase
Parameter ERC20Impl.transferFromWithSender(address,address,address,uint256)._sender (../sb/0xb64e68e57e09015f2aa110383baaf8bab00b6081.sol#831) is not in mixedCase
Parameter ERC20Impl.transferFromWithSender(address,address,address,uint256)._from (../sb/0xb64e68e57e09015f2aa110383baaf8bab00b6081.sol#832) is not in mixedCase
Parameter ERC20Impl.transferFromWithSender(address,address,address,uint256)._to (../sb/0xb64e68e57e09015f2aa110383baaf8bab00b6081.sol#833) is not in mixedCase
Parameter ERC20Impl.transferFromWithSender(address,address,address,uint256)._value (../sb/0xb64e68e57e09015f2aa110383baaf8bab00b6081.sol#834) is not in mixedCase
Parameter ERC20Impl.transferWithSender(address,address,uint256)._sender (../sb/0xb64e68e57e09015f2aa110383baaf8bab00b6081.sol#869) is not in mixedCase
Parameter ERC20Impl.transferWithSender(address,address,uint256)._to (../sb/0xb64e68e57e09015f2aa110383baaf8bab00b6081.sol#870) is not in mixedCase
Parameter ERC20Impl.transferWithSender(address,address,uint256)._value (../sb/0xb64e68e57e09015f2aa110383baaf8bab00b6081.sol#871) is not in mixedCase
Parameter ERC20Impl.balanceOf(address)._owner (../sb/0xb64e68e57e09015f2aa110383baaf8bab00b6081.sol#897) is not in mixedCase
Parameter ERC20Impl.allowance(address,address)._owner (../sb/0xb64e68e57e09015f2aa110383baaf8bab00b6081.sol#902) is not in mixedCase
Parameter ERC20Impl.allowance(address,address)._spender (../sb/0xb64e68e57e09015f2aa110383baaf8bab00b6081.sol#902) is not in mixedCase
Parameter ERC20Store.setTotalSupply(uint256)._newTotalSupply (../sb/0xb64e68e57e09015f2aa110383baaf8bab00b6081.sol#957) is not in mixedCase
Parameter ERC20Store.setAllowance(address,address,uint256)._owner (../sb/0xb64e68e57e09015f2aa110383baaf8bab00b6081.sol#977) is not in mixedCase
Parameter ERC20Store.setAllowance(address,address,uint256)._spender (../sb/0xb64e68e57e09015f2aa110383baaf8bab00b6081.sol#978) is not in mixedCase
Parameter ERC20Store.setAllowance(address,address,uint256)._value (../sb/0xb64e68e57e09015f2aa110383baaf8bab00b6081.sol#979) is not in mixedCase
Parameter ERC20Store.setBalance(address,uint256)._owner (../sb/0xb64e68e57e09015f2aa110383baaf8bab00b6081.sol#997) is not in mixedCase
Parameter ERC20Store.setBalance(address,uint256)._newBalance (../sb/0xb64e68e57e09015f2aa110383baaf8bab00b6081.sol#998) is not in mixedCase
Parameter ERC20Store.addBalance(address,uint256)._owner (../sb/0xb64e68e57e09015f2aa110383baaf8bab00b6081.sol#1017) is not in mixedCase
Parameter ERC20Store.addBalance(address,uint256)._balanceIncrease (../sb/0xb64e68e57e09015f2aa110383baaf8bab00b6081.sol#1018) is not in mixedCase
Reference: https://github.com/crytic/slither/wiki/Detector-Documentation#conformance-to-solidity-naming-conventions

ERC20Store.ERC20Store(address) (../sb/0xb64e68e57e09015f2aa110383baaf8bab00b6081.sol#940-942) uses literals with too many digits:
	- totalSupply = 1000000 (../sb/0xb64e68e57e09015f2aa110383baaf8bab00b6081.sol#941)
Reference: https://github.com/crytic/slither/wiki/Detector-Documentation#too-many-digits

batchTransfer(address[],uint256[]) should be declared external:
	- ERC20Impl.batchTransfer(address[],uint256[]) (../sb/0xb64e68e57e09015f2aa110383baaf8bab00b6081.sol#707-729)
enableSweep(uint8[],bytes32[],bytes32[],address) should be declared external:
	- ERC20Impl.enableSweep(uint8[],bytes32[],bytes32[],address) (../sb/0xb64e68e57e09015f2aa110383baaf8bab00b6081.sol#749-778)
replaySweep(address[],address) should be declared external:
	- ERC20Impl.replaySweep(address[],address) (../sb/0xb64e68e57e09015f2aa110383baaf8bab00b6081.sol#794-818)
Reference: https://github.com/crytic/slither/wiki/Detector-Documentation#public-function-that-could-be-declared-external
/sb/0xb64e68e57e09015f2aa110383baaf8bab00b6081.sol analyzed (7 contracts with 100 detectors), 83 result(s) found
