PHI instruction need arguments but 0 was given

Traceback (most recent call last):
  File "conkas.py", line 114, in main
    traces = sym_exec.execute()
  File "/conkas/sym_exec/symbolic_executor.py", line 51, in execute
    new_traces = self.__sym_exec_traces(traces_to_execute)
  File "/conkas/sym_exec/symbolic_executor.py", line 64, in __sym_exec_traces
    new_blocks = self.__sym_exec_block(block_to_analyse, trace.state)
  File "/conkas/sym_exec/symbolic_executor.py", line 93, in __sym_exec_block
    new_blocks = self.__sym_exec_instruction(instruction, state)
  File "/conkas/sym_exec/symbolic_executor.py", line 116, in __sym_exec_instruction
    return func(instruction, state)
  File "/conkas/sym_exec/instructions/rattle_instructions.py", line 58, in inst_phi
    raise Exception
Exception
ANTLR runtime and generated code versions disagree: 4.9.2!=4.7.2
ANTLR runtime and generated code versions disagree: 4.9.2!=4.7.2
Analysing /sb/0xea07723857747ae8b92df3bca6a67fb85e586c6d.sol:NameFilter...
Analysing /sb/0xea07723857747ae8b92df3bca6a67fb85e586c6d.sol:PlayerBook...
Analysing /sb/0xea07723857747ae8b92df3bca6a67fb85e586c6d.sol:PlayerBookReceiverInterface...
Nothing to analyse
Analysing /sb/0xea07723857747ae8b92df3bca6a67fb85e586c6d.sol:SafeMath...
