A new version of Solhint is available: 6.0.1
Please consider updating your Solhint package.
/sb/0x503eb1b5976212a7970cd1d05dd4a08a3ef95267.sol:1:1: Found more than One contract per file. 13 contracts found! [Warning/one-contract-per-file]
/sb/0x503eb1b5976212a7970cd1d05dd4a08a3ef95267.sol:1:1: Compiler version ^0.4.24 does not satisfy the ^0.8.24 semver requirement [Error/compiler-version]
/sb/0x503eb1b5976212a7970cd1d05dd4a08a3ef95267.sol:35:1: Compiler version >=0.4.18 does not satisfy the ^0.8.24 semver requirement [Error/compiler-version]
/sb/0x503eb1b5976212a7970cd1d05dd4a08a3ef95267.sol:37:1: Missing @title tag in contract 'OraclizeI' [Warning/use-natspec]
/sb/0x503eb1b5976212a7970cd1d05dd4a08a3ef95267.sol:37:1: Missing @author tag in contract 'OraclizeI' [Warning/use-natspec]
/sb/0x503eb1b5976212a7970cd1d05dd4a08a3ef95267.sol:37:1: Missing @notice tag in contract 'OraclizeI' [Warning/use-natspec]
/sb/0x503eb1b5976212a7970cd1d05dd4a08a3ef95267.sol:38:5: Missing @notice tag in variable 'cbAddress' [Warning/use-natspec]
/sb/0x503eb1b5976212a7970cd1d05dd4a08a3ef95267.sol:39:5: Missing @notice tag in function 'query' [Warning/use-natspec]
/sb/0x503eb1b5976212a7970cd1d05dd4a08a3ef95267.sol:39:5: Missing @param tag in function 'query' [Warning/use-natspec]
/sb/0x503eb1b5976212a7970cd1d05dd4a08a3ef95267.sol:39:5: Mismatch in @param names for function 'query'. Expected: [_timestamp, _datasource, _arg], Found: [] [Warning/use-natspec]
/sb/0x503eb1b5976212a7970cd1d05dd4a08a3ef95267.sol:39:5: Missing @return tag in function 'query' [Warning/use-natspec]
/sb/0x503eb1b5976212a7970cd1d05dd4a08a3ef95267.sol:39:5: Mismatch in @return names for function 'query'. Expected: [_id], Found: [] [Warning/use-natspec]
/sb/0x503eb1b5976212a7970cd1d05dd4a08a3ef95267.sol:39:20: Rule is set with explicit type [var/s: uint] [Warning/explicit-types]
/sb/0x503eb1b5976212a7970cd1d05dd4a08a3ef95267.sol:40:5: Missing @notice tag in function 'query_withGasLimit' [Warning/use-natspec]
/sb/0x503eb1b5976212a7970cd1d05dd4a08a3ef95267.sol:40:5: Missing @param tag in function 'query_withGasLimit' [Warning/use-natspec]
/sb/0x503eb1b5976212a7970cd1d05dd4a08a3ef95267.sol:40:5: Mismatch in @param names for function 'query_withGasLimit'. Expected: [_timestamp, _datasource, _arg, _gaslimit], Found: [] [Warning/use-natspec]
/sb/0x503eb1b5976212a7970cd1d05dd4a08a3ef95267.sol:40:5: Missing @return tag in function 'query_withGasLimit' [Warning/use-natspec]
/sb/0x503eb1b5976212a7970cd1d05dd4a08a3ef95267.sol:40:5: Mismatch in @return names for function 'query_withGasLimit'. Expected: [_id], Found: [] [Warning/use-natspec]
/sb/0x503eb1b5976212a7970cd1d05dd4a08a3ef95267.sol:40:5: Function name must be in mixedCase [Warning/func-name-mixedcase]
/sb/0x503eb1b5976212a7970cd1d05dd4a08a3ef95267.sol:40:33: Rule is set with explicit type [var/s: uint] [Warning/explicit-types]
/sb/0x503eb1b5976212a7970cd1d05dd4a08a3ef95267.sol:40:83: Rule is set with explicit type [var/s: uint] [Warning/explicit-types]
/sb/0x503eb1b5976212a7970cd1d05dd4a08a3ef95267.sol:41:5: Missing @notice tag in function 'query2' [Warning/use-natspec]
/sb/0x503eb1b5976212a7970cd1d05dd4a08a3ef95267.sol:41:5: Missing @param tag in function 'query2' [Warning/use-natspec]
/sb/0x503eb1b5976212a7970cd1d05dd4a08a3ef95267.sol:41:5: Mismatch in @param names for function 'query2'. Expected: [_timestamp, _datasource, _arg1, _arg2], Found: [] [Warning/use-natspec]
/sb/0x503eb1b5976212a7970cd1d05dd4a08a3ef95267.sol:41:5: Missing @return tag in function 'query2' [Warning/use-natspec]
/sb/0x503eb1b5976212a7970cd1d05dd4a08a3ef95267.sol:41:5: Mismatch in @return names for function 'query2'. Expected: [_id], Found: [] [Warning/use-natspec]
/sb/0x503eb1b5976212a7970cd1d05dd4a08a3ef95267.sol:41:21: Rule is set with explicit type [var/s: uint] [Warning/explicit-types]
/sb/0x503eb1b5976212a7970cd1d05dd4a08a3ef95267.sol:42:5: Missing @notice tag in function 'query2_withGasLimit' [Warning/use-natspec]
/sb/0x503eb1b5976212a7970cd1d05dd4a08a3ef95267.sol:42:5: Missing @param tag in function 'query2_withGasLimit' [Warning/use-natspec]
/sb/0x503eb1b5976212a7970cd1d05dd4a08a3ef95267.sol:42:5: Mismatch in @param names for function 'query2_withGasLimit'. Expected: [_timestamp, _datasource, _arg1, _arg2, _gaslimit], Found: [] [Warning/use-natspec]
/sb/0x503eb1b5976212a7970cd1d05dd4a08a3ef95267.sol:42:5: Missing @return tag in function 'query2_withGasLimit' [Warning/use-natspec]
/sb/0x503eb1b5976212a7970cd1d05dd4a08a3ef95267.sol:42:5: Mismatch in @return names for function 'query2_withGasLimit'. Expected: [_id], Found: [] [Warning/use-natspec]
/sb/0x503eb1b5976212a7970cd1d05dd4a08a3ef95267.sol:42:5: Function name must be in mixedCase [Warning/func-name-mixedcase]
/sb/0x503eb1b5976212a7970cd1d05dd4a08a3ef95267.sol:42:34: Rule is set with explicit type [var/s: uint] [Warning/explicit-types]
/sb/0x503eb1b5976212a7970cd1d05dd4a08a3ef95267.sol:42:99: Rule is set with explicit type [var/s: uint] [Warning/explicit-types]
/sb/0x503eb1b5976212a7970cd1d05dd4a08a3ef95267.sol:43:5: Missing @notice tag in function 'queryN' [Warning/use-natspec]
/sb/0x503eb1b5976212a7970cd1d05dd4a08a3ef95267.sol:43:5: Missing @param tag in function 'queryN' [Warning/use-natspec]
/sb/0x503eb1b5976212a7970cd1d05dd4a08a3ef95267.sol:43:5: Mismatch in @param names for function 'queryN'. Expected: [_timestamp, _datasource, _argN], Found: [] [Warning/use-natspec]
/sb/0x503eb1b5976212a7970cd1d05dd4a08a3ef95267.sol:43:5: Missing @return tag in function 'queryN' [Warning/use-natspec]
/sb/0x503eb1b5976212a7970cd1d05dd4a08a3ef95267.sol:43:5: Mismatch in @return names for function 'queryN'. Expected: [_id], Found: [] [Warning/use-natspec]
/sb/0x503eb1b5976212a7970cd1d05dd4a08a3ef95267.sol:43:21: Rule is set with explicit type [var/s: uint] [Warning/explicit-types]
/sb/0x503eb1b5976212a7970cd1d05dd4a08a3ef95267.sol:44:5: Missing @notice tag in function 'queryN_withGasLimit' [Warning/use-natspec]
/sb/0x503eb1b5976212a7970cd1d05dd4a08a3ef95267.sol:44:5: Missing @param tag in function 'queryN_withGasLimit' [Warning/use-natspec]
/sb/0x503eb1b5976212a7970cd1d05dd4a08a3ef95267.sol:44:5: Mismatch in @param names for function 'queryN_withGasLimit'. Expected: [_timestamp, _datasource, _argN, _gaslimit], Found: [] [Warning/use-natspec]
/sb/0x503eb1b5976212a7970cd1d05dd4a08a3ef95267.sol:44:5: Missing @return tag in function 'queryN_withGasLimit' [Warning/use-natspec]
/sb/0x503eb1b5976212a7970cd1d05dd4a08a3ef95267.sol:44:5: Mismatch in @return names for function 'queryN_withGasLimit'. Expected: [_id], Found: [] [Warning/use-natspec]
/sb/0x503eb1b5976212a7970cd1d05dd4a08a3ef95267.sol:44:5: Function name must be in mixedCase [Warning/func-name-mixedcase]
/sb/0x503eb1b5976212a7970cd1d05dd4a08a3ef95267.sol:44:34: Rule is set with explicit type [var/s: uint] [Warning/explicit-types]
/sb/0x503eb1b5976212a7970cd1d05dd4a08a3ef95267.sol:44:84: Rule is set with explicit type [var/s: uint] [Warning/explicit-types]
/sb/0x503eb1b5976212a7970cd1d05dd4a08a3ef95267.sol:45:5: Missing @notice tag in function 'getPrice' [Warning/use-natspec]
/sb/0x503eb1b5976212a7970cd1d05dd4a08a3ef95267.sol:45:5: Missing @param tag in function 'getPrice' [Warning/use-natspec]
/sb/0x503eb1b5976212a7970cd1d05dd4a08a3ef95267.sol:45:5: Mismatch in @param names for function 'getPrice'. Expected: [_datasource], Found: [] [Warning/use-natspec]
/sb/0x503eb1b5976212a7970cd1d05dd4a08a3ef95267.sol:45:5: Missing @return tag in function 'getPrice' [Warning/use-natspec]
/sb/0x503eb1b5976212a7970cd1d05dd4a08a3ef95267.sol:45:5: Mismatch in @return names for function 'getPrice'. Expected: [_dsprice], Found: [] [Warning/use-natspec]
/sb/0x503eb1b5976212a7970cd1d05dd4a08a3ef95267.sol:45:59: Rule is set with explicit type [var/s: uint] [Warning/explicit-types]
/sb/0x503eb1b5976212a7970cd1d05dd4a08a3ef95267.sol:46:5: Missing @notice tag in function 'getPrice' [Warning/use-natspec]
/sb/0x503eb1b5976212a7970cd1d05dd4a08a3ef95267.sol:46:5: Missing @param tag in function 'getPrice' [Warning/use-natspec]
/sb/0x503eb1b5976212a7970cd1d05dd4a08a3ef95267.sol:46:5: Mismatch in @param names for function 'getPrice'. Expected: [_datasource, gaslimit], Found: [] [Warning/use-natspec]
/sb/0x503eb1b5976212a7970cd1d05dd4a08a3ef95267.sol:46:5: Missing @return tag in function 'getPrice' [Warning/use-natspec]
/sb/0x503eb1b5976212a7970cd1d05dd4a08a3ef95267.sol:46:5: Mismatch in @return names for function 'getPrice'. Expected: [_dsprice], Found: [] [Warning/use-natspec]
/sb/0x503eb1b5976212a7970cd1d05dd4a08a3ef95267.sol:46:43: Rule is set with explicit type [var/s: uint] [Warning/explicit-types]
/sb/0x503eb1b5976212a7970cd1d05dd4a08a3ef95267.sol:46:74: Rule is set with explicit type [var/s: uint] [Warning/explicit-types]
/sb/0x503eb1b5976212a7970cd1d05dd4a08a3ef95267.sol:47:5: Missing @notice tag in function 'setProofType' [Warning/use-natspec]
/sb/0x503eb1b5976212a7970cd1d05dd4a08a3ef95267.sol:47:5: Missing @param tag in function 'setProofType' [Warning/use-natspec]
/sb/0x503eb1b5976212a7970cd1d05dd4a08a3ef95267.sol:47:5: Mismatch in @param names for function 'setProofType'. Expected: [_proofType], Found: [] [Warning/use-natspec]
/sb/0x503eb1b5976212a7970cd1d05dd4a08a3ef95267.sol:48:5: Missing @notice tag in function 'setCustomGasPrice' [Warning/use-natspec]
/sb/0x503eb1b5976212a7970cd1d05dd4a08a3ef95267.sol:48:5: Missing @param tag in function 'setCustomGasPrice' [Warning/use-natspec]
/sb/0x503eb1b5976212a7970cd1d05dd4a08a3ef95267.sol:48:5: Mismatch in @param names for function 'setCustomGasPrice'. Expected: [_gasPrice], Found: [] [Warning/use-natspec]
/sb/0x503eb1b5976212a7970cd1d05dd4a08a3ef95267.sol:48:32: Rule is set with explicit type [var/s: uint] [Warning/explicit-types]
/sb/0x503eb1b5976212a7970cd1d05dd4a08a3ef95267.sol:49:5: Missing @notice tag in function 'randomDS_getSessionPubKeyHash' [Warning/use-natspec]
/sb/0x503eb1b5976212a7970cd1d05dd4a08a3ef95267.sol:49:5: Missing @return tag in function 'randomDS_getSessionPubKeyHash' [Warning/use-natspec]
/sb/0x503eb1b5976212a7970cd1d05dd4a08a3ef95267.sol:49:5: Mismatch in @return count for function 'randomDS_getSessionPubKeyHash'. Expected: 1, Found: 0 [Warning/use-natspec]
/sb/0x503eb1b5976212a7970cd1d05dd4a08a3ef95267.sol:49:5: Function name must be in mixedCase [Warning/func-name-mixedcase]
/sb/0x503eb1b5976212a7970cd1d05dd4a08a3ef95267.sol:52:1: Missing @title tag in contract 'OraclizeAddrResolverI' [Warning/use-natspec]
/sb/0x503eb1b5976212a7970cd1d05dd4a08a3ef95267.sol:52:1: Missing @author tag in contract 'OraclizeAddrResolverI' [Warning/use-natspec]
/sb/0x503eb1b5976212a7970cd1d05dd4a08a3ef95267.sol:52:1: Missing @notice tag in contract 'OraclizeAddrResolverI' [Warning/use-natspec]
/sb/0x503eb1b5976212a7970cd1d05dd4a08a3ef95267.sol:53:5: Missing @notice tag in function 'getAddress' [Warning/use-natspec]
/sb/0x503eb1b5976212a7970cd1d05dd4a08a3ef95267.sol:53:5: Missing @return tag in function 'getAddress' [Warning/use-natspec]
/sb/0x503eb1b5976212a7970cd1d05dd4a08a3ef95267.sol:53:5: Mismatch in @return names for function 'getAddress'. Expected: [_addr], Found: [] [Warning/use-natspec]
/sb/0x503eb1b5976212a7970cd1d05dd4a08a3ef95267.sol:84:1: Missing @title tag in contract 'Buffer' [Warning/use-natspec]
/sb/0x503eb1b5976212a7970cd1d05dd4a08a3ef95267.sol:84:1: Missing @author tag in contract 'Buffer' [Warning/use-natspec]
/sb/0x503eb1b5976212a7970cd1d05dd4a08a3ef95267.sol:84:1: Missing @notice tag in contract 'Buffer' [Warning/use-natspec]
/sb/0x503eb1b5976212a7970cd1d05dd4a08a3ef95267.sol:85:5: Contract, Structs and Enums should be in CapWords [Warning/contract-name-capwords]
/sb/0x503eb1b5976212a7970cd1d05dd4a08a3ef95267.sol:87:9: Rule is set with explicit type [var/s: uint] [Warning/explicit-types]
/sb/0x503eb1b5976212a7970cd1d05dd4a08a3ef95267.sol:90:5: Missing @notice tag in function 'init' [Warning/use-natspec]
/sb/0x503eb1b5976212a7970cd1d05dd4a08a3ef95267.sol:90:5: Missing @param tag in function 'init' [Warning/use-natspec]
/sb/0x503eb1b5976212a7970cd1d05dd4a08a3ef95267.sol:90:5: Mismatch in @param names for function 'init'. Expected: [buf, _capacity], Found: [] [Warning/use-natspec]
/sb/0x503eb1b5976212a7970cd1d05dd4a08a3ef95267.sol:90:38: Rule is set with explicit type [var/s: uint] [Warning/explicit-types]
/sb/0x503eb1b5976212a7970cd1d05dd4a08a3ef95267.sol:91:9: Rule is set with explicit type [var/s: uint] [Warning/explicit-types]
/sb/0x503eb1b5976212a7970cd1d05dd4a08a3ef95267.sol:95:9: Avoid to use inline assembly. It is acceptable only in rare cases [Warning/no-inline-assembly]
/sb/0x503eb1b5976212a7970cd1d05dd4a08a3ef95267.sol:103:5: Missing @notice tag in function 'resize' [Warning/use-natspec]
/sb/0x503eb1b5976212a7970cd1d05dd4a08a3ef95267.sol:103:5: Missing @param tag in function 'resize' [Warning/use-natspec]
/sb/0x503eb1b5976212a7970cd1d05dd4a08a3ef95267.sol:103:5: Mismatch in @param names for function 'resize'. Expected: [buf, capacity], Found: [] [Warning/use-natspec]
/sb/0x503eb1b5976212a7970cd1d05dd4a08a3ef95267.sol:103:40: Rule is set with explicit type [var/s: uint] [Warning/explicit-types]
/sb/0x503eb1b5976212a7970cd1d05dd4a08a3ef95267.sol:109:5: Missing @notice tag in function 'max' [Warning/use-natspec]
/sb/0x503eb1b5976212a7970cd1d05dd4a08a3ef95267.sol:109:5: Missing @param tag in function 'max' [Warning/use-natspec]
/sb/0x503eb1b5976212a7970cd1d05dd4a08a3ef95267.sol:109:5: Mismatch in @param names for function 'max'. Expected: [a, b], Found: [] [Warning/use-natspec]
/sb/0x503eb1b5976212a7970cd1d05dd4a08a3ef95267.sol:109:5: Missing @return tag in function 'max' [Warning/use-natspec]
/sb/0x503eb1b5976212a7970cd1d05dd4a08a3ef95267.sol:109:5: Mismatch in @return count for function 'max'. Expected: 1, Found: 0 [Warning/use-natspec]
/sb/0x503eb1b5976212a7970cd1d05dd4a08a3ef95267.sol:109:18: Rule is set with explicit type [var/s: uint] [Warning/explicit-types]
/sb/0x503eb1b5976212a7970cd1d05dd4a08a3ef95267.sol:109:26: Rule is set with explicit type [var/s: uint] [Warning/explicit-types]
/sb/0x503eb1b5976212a7970cd1d05dd4a08a3ef95267.sol:109:55: Rule is set with explicit type [var/s: uint] [Warning/explicit-types]
/sb/0x503eb1b5976212a7970cd1d05dd4a08a3ef95267.sol:123:5: Missing @notice tag in function 'append' [Warning/use-natspec]
/sb/0x503eb1b5976212a7970cd1d05dd4a08a3ef95267.sol:128:9: Rule is set with explicit type [var/s: uint] [Warning/explicit-types]
/sb/0x503eb1b5976212a7970cd1d05dd4a08a3ef95267.sol:129:9: Rule is set with explicit type [var/s: uint] [Warning/explicit-types]
/sb/0x503eb1b5976212a7970cd1d05dd4a08a3ef95267.sol:130:9: Rule is set with explicit type [var/s: uint] [Warning/explicit-types]
/sb/0x503eb1b5976212a7970cd1d05dd4a08a3ef95267.sol:131:9: Avoid to use inline assembly. It is acceptable only in rare cases [Warning/no-inline-assembly]
/sb/0x503eb1b5976212a7970cd1d05dd4a08a3ef95267.sol:144:15: GC: Non strict inequality found. Try converting to a strict one [Warning/gas-strict-inequalities]
/sb/0x503eb1b5976212a7970cd1d05dd4a08a3ef95267.sol:145:13: Avoid to use inline assembly. It is acceptable only in rare cases [Warning/no-inline-assembly]
/sb/0x503eb1b5976212a7970cd1d05dd4a08a3ef95267.sol:153:9: Rule is set with explicit type [var/s: uint] [Warning/explicit-types]
/sb/0x503eb1b5976212a7970cd1d05dd4a08a3ef95267.sol:154:9: Avoid to use inline assembly. It is acceptable only in rare cases [Warning/no-inline-assembly]
/sb/0x503eb1b5976212a7970cd1d05dd4a08a3ef95267.sol:170:5: Missing @notice tag in function 'append' [Warning/use-natspec]
/sb/0x503eb1b5976212a7970cd1d05dd4a08a3ef95267.sol:175:9: Avoid to use inline assembly. It is acceptable only in rare cases [Warning/no-inline-assembly]
/sb/0x503eb1b5976212a7970cd1d05dd4a08a3ef95267.sol:195:5: Missing @notice tag in function 'appendInt' [Warning/use-natspec]
/sb/0x503eb1b5976212a7970cd1d05dd4a08a3ef95267.sol:195:5: Mismatch in @param names for function 'appendInt'. Expected: [buf, data, len], Found: [buf, data] [Warning/use-natspec]
/sb/0x503eb1b5976212a7970cd1d05dd4a08a3ef95267.sol:195:43: Rule is set with explicit type [var/s: uint] [Warning/explicit-types]
/sb/0x503eb1b5976212a7970cd1d05dd4a08a3ef95267.sol:195:54: Rule is set with explicit type [var/s: uint] [Warning/explicit-types]
/sb/0x503eb1b5976212a7970cd1d05dd4a08a3ef95267.sol:200:9: Rule is set with explicit type [var/s: uint] [Warning/explicit-types]
/sb/0x503eb1b5976212a7970cd1d05dd4a08a3ef95267.sol:201:9: Avoid to use inline assembly. It is acceptable only in rare cases [Warning/no-inline-assembly]
/sb/0x503eb1b5976212a7970cd1d05dd4a08a3ef95267.sol:216:1: Missing @title tag in contract 'CBOR' [Warning/use-natspec]
/sb/0x503eb1b5976212a7970cd1d05dd4a08a3ef95267.sol:216:1: Missing @author tag in contract 'CBOR' [Warning/use-natspec]
/sb/0x503eb1b5976212a7970cd1d05dd4a08a3ef95267.sol:216:1: Missing @notice tag in contract 'CBOR' [Warning/use-natspec]
/sb/0x503eb1b5976212a7970cd1d05dd4a08a3ef95267.sol:227:5: Missing @notice tag in function 'encodeType' [Warning/use-natspec]
/sb/0x503eb1b5976212a7970cd1d05dd4a08a3ef95267.sol:227:5: Missing @param tag in function 'encodeType' [Warning/use-natspec]
/sb/0x503eb1b5976212a7970cd1d05dd4a08a3ef95267.sol:227:5: Mismatch in @param names for function 'encodeType'. Expected: [buf, major, value], Found: [] [Warning/use-natspec]
/sb/0x503eb1b5976212a7970cd1d05dd4a08a3ef95267.sol:227:64: Rule is set with explicit type [var/s: uint] [Warning/explicit-types]
/sb/0x503eb1b5976212a7970cd1d05dd4a08a3ef95267.sol:228:12: GC: Non strict inequality found. Try converting to a strict one [Warning/gas-strict-inequalities]
/sb/0x503eb1b5976212a7970cd1d05dd4a08a3ef95267.sol:230:19: GC: Non strict inequality found. Try converting to a strict one [Warning/gas-strict-inequalities]
/sb/0x503eb1b5976212a7970cd1d05dd4a08a3ef95267.sol:233:19: GC: Non strict inequality found. Try converting to a strict one [Warning/gas-strict-inequalities]
/sb/0x503eb1b5976212a7970cd1d05dd4a08a3ef95267.sol:236:19: GC: Non strict inequality found. Try converting to a strict one [Warning/gas-strict-inequalities]
/sb/0x503eb1b5976212a7970cd1d05dd4a08a3ef95267.sol:239:19: GC: Non strict inequality found. Try converting to a strict one [Warning/gas-strict-inequalities]
/sb/0x503eb1b5976212a7970cd1d05dd4a08a3ef95267.sol:245:5: Missing @notice tag in function 'encodeIndefiniteLengthType' [Warning/use-natspec]
/sb/0x503eb1b5976212a7970cd1d05dd4a08a3ef95267.sol:245:5: Missing @param tag in function 'encodeIndefiniteLengthType' [Warning/use-natspec]
/sb/0x503eb1b5976212a7970cd1d05dd4a08a3ef95267.sol:245:5: Mismatch in @param names for function 'encodeIndefiniteLengthType'. Expected: [buf, major], Found: [] [Warning/use-natspec]
/sb/0x503eb1b5976212a7970cd1d05dd4a08a3ef95267.sol:249:5: Missing @notice tag in function 'encodeUInt' [Warning/use-natspec]
/sb/0x503eb1b5976212a7970cd1d05dd4a08a3ef95267.sol:249:5: Missing @param tag in function 'encodeUInt' [Warning/use-natspec]
/sb/0x503eb1b5976212a7970cd1d05dd4a08a3ef95267.sol:249:5: Mismatch in @param names for function 'encodeUInt'. Expected: [buf, value], Found: [] [Warning/use-natspec]
/sb/0x503eb1b5976212a7970cd1d05dd4a08a3ef95267.sol:249:51: Rule is set with explicit type [var/s: uint] [Warning/explicit-types]
/sb/0x503eb1b5976212a7970cd1d05dd4a08a3ef95267.sol:253:5: Missing @notice tag in function 'encodeInt' [Warning/use-natspec]
/sb/0x503eb1b5976212a7970cd1d05dd4a08a3ef95267.sol:253:5: Missing @param tag in function 'encodeInt' [Warning/use-natspec]
/sb/0x503eb1b5976212a7970cd1d05dd4a08a3ef95267.sol:253:5: Mismatch in @param names for function 'encodeInt'. Expected: [buf, value], Found: [] [Warning/use-natspec]
/sb/0x503eb1b5976212a7970cd1d05dd4a08a3ef95267.sol:253:50: Rule is set with explicit type [var/s: int] [Warning/explicit-types]
/sb/0x503eb1b5976212a7970cd1d05dd4a08a3ef95267.sol:254:12: GC: Non strict inequality found. Try converting to a strict one [Warning/gas-strict-inequalities]
/sb/0x503eb1b5976212a7970cd1d05dd4a08a3ef95267.sol:255:13: Rule is set with explicit type [var/s: uint] [Warning/explicit-types]
/sb/0x503eb1b5976212a7970cd1d05dd4a08a3ef95267.sol:257:13: Rule is set with explicit type [var/s: uint] [Warning/explicit-types]
/sb/0x503eb1b5976212a7970cd1d05dd4a08a3ef95267.sol:261:5: Missing @notice tag in function 'encodeBytes' [Warning/use-natspec]
/sb/0x503eb1b5976212a7970cd1d05dd4a08a3ef95267.sol:261:5: Missing @param tag in function 'encodeBytes' [Warning/use-natspec]
/sb/0x503eb1b5976212a7970cd1d05dd4a08a3ef95267.sol:261:5: Mismatch in @param names for function 'encodeBytes'. Expected: [buf, value], Found: [] [Warning/use-natspec]
/sb/0x503eb1b5976212a7970cd1d05dd4a08a3ef95267.sol:266:5: Missing @notice tag in function 'encodeString' [Warning/use-natspec]
/sb/0x503eb1b5976212a7970cd1d05dd4a08a3ef95267.sol:266:5: Missing @param tag in function 'encodeString' [Warning/use-natspec]
/sb/0x503eb1b5976212a7970cd1d05dd4a08a3ef95267.sol:266:5: Mismatch in @param names for function 'encodeString'. Expected: [buf, value], Found: [] [Warning/use-natspec]
/sb/0x503eb1b5976212a7970cd1d05dd4a08a3ef95267.sol:271:5: Missing @notice tag in function 'startArray' [Warning/use-natspec]
/sb/0x503eb1b5976212a7970cd1d05dd4a08a3ef95267.sol:271:5: Missing @param tag in function 'startArray' [Warning/use-natspec]
/sb/0x503eb1b5976212a7970cd1d05dd4a08a3ef95267.sol:271:5: Mismatch in @param names for function 'startArray'. Expected: [buf], Found: [] [Warning/use-natspec]
/sb/0x503eb1b5976212a7970cd1d05dd4a08a3ef95267.sol:275:5: Missing @notice tag in function 'startMap' [Warning/use-natspec]
/sb/0x503eb1b5976212a7970cd1d05dd4a08a3ef95267.sol:275:5: Missing @param tag in function 'startMap' [Warning/use-natspec]
/sb/0x503eb1b5976212a7970cd1d05dd4a08a3ef95267.sol:275:5: Mismatch in @param names for function 'startMap'. Expected: [buf], Found: [] [Warning/use-natspec]
/sb/0x503eb1b5976212a7970cd1d05dd4a08a3ef95267.sol:279:5: Missing @notice tag in function 'endSequence' [Warning/use-natspec]
/sb/0x503eb1b5976212a7970cd1d05dd4a08a3ef95267.sol:279:5: Missing @param tag in function 'endSequence' [Warning/use-natspec]
/sb/0x503eb1b5976212a7970cd1d05dd4a08a3ef95267.sol:279:5: Mismatch in @param names for function 'endSequence'. Expected: [buf], Found: [] [Warning/use-natspec]
/sb/0x503eb1b5976212a7970cd1d05dd4a08a3ef95267.sol:288:1: Missing @title tag in contract 'usingOraclize' [Warning/use-natspec]
/sb/0x503eb1b5976212a7970cd1d05dd4a08a3ef95267.sol:288:1: Missing @author tag in contract 'usingOraclize' [Warning/use-natspec]
/sb/0x503eb1b5976212a7970cd1d05dd4a08a3ef95267.sol:288:1: Missing @notice tag in contract 'usingOraclize' [Warning/use-natspec]
/sb/0x503eb1b5976212a7970cd1d05dd4a08a3ef95267.sol:288:1: Contract, Structs and Enums should be in CapWords [Warning/contract-name-capwords]
/sb/0x503eb1b5976212a7970cd1d05dd4a08a3ef95267.sol:289:5: Explicitly mark visibility of state [Warning/state-visibility]
/sb/0x503eb1b5976212a7970cd1d05dd4a08a3ef95267.sol:289:5: Rule is set with explicit type [var/s: uint] [Warning/explicit-types]
/sb/0x503eb1b5976212a7970cd1d05dd4a08a3ef95267.sol:289:5: Constant name must be in capitalized SNAKE_CASE [Warning/const-name-snakecase]
/sb/0x503eb1b5976212a7970cd1d05dd4a08a3ef95267.sol:290:5: Explicitly mark visibility of state [Warning/state-visibility]
/sb/0x503eb1b5976212a7970cd1d05dd4a08a3ef95267.sol:290:5: Rule is set with explicit type [var/s: uint] [Warning/explicit-types]
/sb/0x503eb1b5976212a7970cd1d05dd4a08a3ef95267.sol:290:5: Constant name must be in capitalized SNAKE_CASE [Warning/const-name-snakecase]
/sb/0x503eb1b5976212a7970cd1d05dd4a08a3ef95267.sol:291:5: Explicitly mark visibility of state [Warning/state-visibility]
/sb/0x503eb1b5976212a7970cd1d05dd4a08a3ef95267.sol:291:5: Rule is set with explicit type [var/s: uint] [Warning/explicit-types]
/sb/0x503eb1b5976212a7970cd1d05dd4a08a3ef95267.sol:291:5: Constant name must be in capitalized SNAKE_CASE [Warning/const-name-snakecase]
/sb/0x503eb1b5976212a7970cd1d05dd4a08a3ef95267.sol:292:5: Explicitly mark visibility of state [Warning/state-visibility]
/sb/0x503eb1b5976212a7970cd1d05dd4a08a3ef95267.sol:292:5: Constant name must be in capitalized SNAKE_CASE [Warning/const-name-snakecase]
/sb/0x503eb1b5976212a7970cd1d05dd4a08a3ef95267.sol:293:5: Explicitly mark visibility of state [Warning/state-visibility]
/sb/0x503eb1b5976212a7970cd1d05dd4a08a3ef95267.sol:293:5: Constant name must be in capitalized SNAKE_CASE [Warning/const-name-snakecase]
/sb/0x503eb1b5976212a7970cd1d05dd4a08a3ef95267.sol:294:5: Explicitly mark visibility of state [Warning/state-visibility]
/sb/0x503eb1b5976212a7970cd1d05dd4a08a3ef95267.sol:294:5: Constant name must be in capitalized SNAKE_CASE [Warning/const-name-snakecase]
/sb/0x503eb1b5976212a7970cd1d05dd4a08a3ef95267.sol:295:5: Explicitly mark visibility of state [Warning/state-visibility]
/sb/0x503eb1b5976212a7970cd1d05dd4a08a3ef95267.sol:295:5: Constant name must be in capitalized SNAKE_CASE [Warning/const-name-snakecase]
/sb/0x503eb1b5976212a7970cd1d05dd4a08a3ef95267.sol:296:5: Explicitly mark visibility of state [Warning/state-visibility]
/sb/0x503eb1b5976212a7970cd1d05dd4a08a3ef95267.sol:296:5: Constant name must be in capitalized SNAKE_CASE [Warning/const-name-snakecase]
/sb/0x503eb1b5976212a7970cd1d05dd4a08a3ef95267.sol:297:5: Explicitly mark visibility of state [Warning/state-visibility]
/sb/0x503eb1b5976212a7970cd1d05dd4a08a3ef95267.sol:297:5: Constant name must be in capitalized SNAKE_CASE [Warning/const-name-snakecase]
/sb/0x503eb1b5976212a7970cd1d05dd4a08a3ef95267.sol:298:5: Explicitly mark visibility of state [Warning/state-visibility]
/sb/0x503eb1b5976212a7970cd1d05dd4a08a3ef95267.sol:298:5: Constant name must be in capitalized SNAKE_CASE [Warning/const-name-snakecase]
/sb/0x503eb1b5976212a7970cd1d05dd4a08a3ef95267.sol:299:5: Explicitly mark visibility of state [Warning/state-visibility]
/sb/0x503eb1b5976212a7970cd1d05dd4a08a3ef95267.sol:299:5: Constant name must be in capitalized SNAKE_CASE [Warning/const-name-snakecase]
/sb/0x503eb1b5976212a7970cd1d05dd4a08a3ef95267.sol:300:5: Explicitly mark visibility of state [Warning/state-visibility]
/sb/0x503eb1b5976212a7970cd1d05dd4a08a3ef95267.sol:300:5: Constant name must be in capitalized SNAKE_CASE [Warning/const-name-snakecase]
/sb/0x503eb1b5976212a7970cd1d05dd4a08a3ef95267.sol:301:5: Explicitly mark visibility of state [Warning/state-visibility]
/sb/0x503eb1b5976212a7970cd1d05dd4a08a3ef95267.sol:301:5: Constant name must be in capitalized SNAKE_CASE [Warning/const-name-snakecase]
/sb/0x503eb1b5976212a7970cd1d05dd4a08a3ef95267.sol:302:5: Explicitly mark visibility of state [Warning/state-visibility]
/sb/0x503eb1b5976212a7970cd1d05dd4a08a3ef95267.sol:302:5: Constant name must be in capitalized SNAKE_CASE [Warning/const-name-snakecase]
/sb/0x503eb1b5976212a7970cd1d05dd4a08a3ef95267.sol:304:5: Explicitly mark visibility of state [Warning/state-visibility]
/sb/0x503eb1b5976212a7970cd1d05dd4a08a3ef95267.sol:304:5: Variable name must be in mixedCase OAR [Warning/var-name-mixedcase]
/sb/0x503eb1b5976212a7970cd1d05dd4a08a3ef95267.sol:306:5: Explicitly mark visibility of state [Warning/state-visibility]
/sb/0x503eb1b5976212a7970cd1d05dd4a08a3ef95267.sol:321:5: Missing @notice tag in function 'oraclize_setNetwork' [Warning/use-natspec]
/sb/0x503eb1b5976212a7970cd1d05dd4a08a3ef95267.sol:321:5: Missing @param tag in function 'oraclize_setNetwork' [Warning/use-natspec]
/sb/0x503eb1b5976212a7970cd1d05dd4a08a3ef95267.sol:321:5: Mismatch in @param names for function 'oraclize_setNetwork'. Expected: [networkID], Found: [] [Warning/use-natspec]
/sb/0x503eb1b5976212a7970cd1d05dd4a08a3ef95267.sol:321:5: Missing @return tag in function 'oraclize_setNetwork' [Warning/use-natspec]
/sb/0x503eb1b5976212a7970cd1d05dd4a08a3ef95267.sol:321:5: Mismatch in @return count for function 'oraclize_setNetwork'. Expected: 1, Found: 0 [Warning/use-natspec]
/sb/0x503eb1b5976212a7970cd1d05dd4a08a3ef95267.sol:321:5: Function name must be in mixedCase [Warning/func-name-mixedcase]
/sb/0x503eb1b5976212a7970cd1d05dd4a08a3ef95267.sol:325:5: Missing @notice tag in function 'oraclize_setNetwork' [Warning/use-natspec]
/sb/0x503eb1b5976212a7970cd1d05dd4a08a3ef95267.sol:325:5: Missing @return tag in function 'oraclize_setNetwork' [Warning/use-natspec]
/sb/0x503eb1b5976212a7970cd1d05dd4a08a3ef95267.sol:325:5: Mismatch in @return count for function 'oraclize_setNetwork'. Expected: 1, Found: 0 [Warning/use-natspec]
/sb/0x503eb1b5976212a7970cd1d05dd4a08a3ef95267.sol:325:5: Function name must be in mixedCase [Warning/func-name-mixedcase]
/sb/0x503eb1b5976212a7970cd1d05dd4a08a3ef95267.sol:361:5: Missing @notice tag in function '__callback' [Warning/use-natspec]
/sb/0x503eb1b5976212a7970cd1d05dd4a08a3ef95267.sol:361:5: Missing @param tag in function '__callback' [Warning/use-natspec]
/sb/0x503eb1b5976212a7970cd1d05dd4a08a3ef95267.sol:361:5: Mismatch in @param names for function '__callback'. Expected: [myid, result], Found: [] [Warning/use-natspec]
/sb/0x503eb1b5976212a7970cd1d05dd4a08a3ef95267.sol:364:5: Missing @notice tag in function '__callback' [Warning/use-natspec]
/sb/0x503eb1b5976212a7970cd1d05dd4a08a3ef95267.sol:364:5: Missing @param tag in function '__callback' [Warning/use-natspec]
/sb/0x503eb1b5976212a7970cd1d05dd4a08a3ef95267.sol:364:5: Mismatch in @param names for function '__callback'. Expected: [myid, result, proof], Found: [] [Warning/use-natspec]
/sb/0x503eb1b5976212a7970cd1d05dd4a08a3ef95267.sol:369:5: Missing @notice tag in function 'oraclize_getPrice' [Warning/use-natspec]
/sb/0x503eb1b5976212a7970cd1d05dd4a08a3ef95267.sol:369:5: Missing @param tag in function 'oraclize_getPrice' [Warning/use-natspec]
/sb/0x503eb1b5976212a7970cd1d05dd4a08a3ef95267.sol:369:5: Mismatch in @param names for function 'oraclize_getPrice'. Expected: [datasource], Found: [] [Warning/use-natspec]
/sb/0x503eb1b5976212a7970cd1d05dd4a08a3ef95267.sol:369:5: Missing @return tag in function 'oraclize_getPrice' [Warning/use-natspec]
/sb/0x503eb1b5976212a7970cd1d05dd4a08a3ef95267.sol:369:5: Mismatch in @return count for function 'oraclize_getPrice'. Expected: 1, Found: 0 [Warning/use-natspec]
/sb/0x503eb1b5976212a7970cd1d05dd4a08a3ef95267.sol:369:5: Function name must be in mixedCase [Warning/func-name-mixedcase]
/sb/0x503eb1b5976212a7970cd1d05dd4a08a3ef95267.sol:369:63: Visibility modifier must be first in list of modifiers [Warning/visibility-modifier-order]
/sb/0x503eb1b5976212a7970cd1d05dd4a08a3ef95267.sol:369:81: Rule is set with explicit type [var/s: uint] [Warning/explicit-types]
/sb/0x503eb1b5976212a7970cd1d05dd4a08a3ef95267.sol:373:5: Missing @notice tag in function 'oraclize_getPrice' [Warning/use-natspec]
/sb/0x503eb1b5976212a7970cd1d05dd4a08a3ef95267.sol:373:5: Missing @param tag in function 'oraclize_getPrice' [Warning/use-natspec]
/sb/0x503eb1b5976212a7970cd1d05dd4a08a3ef95267.sol:373:5: Mismatch in @param names for function 'oraclize_getPrice'. Expected: [datasource, gaslimit], Found: [] [Warning/use-natspec]
/sb/0x503eb1b5976212a7970cd1d05dd4a08a3ef95267.sol:373:5: Missing @return tag in function 'oraclize_getPrice' [Warning/use-natspec]
/sb/0x503eb1b5976212a7970cd1d05dd4a08a3ef95267.sol:373:5: Mismatch in @return count for function 'oraclize_getPrice'. Expected: 1, Found: 0 [Warning/use-natspec]
/sb/0x503eb1b5976212a7970cd1d05dd4a08a3ef95267.sol:373:5: Function name must be in mixedCase [Warning/func-name-mixedcase]
/sb/0x503eb1b5976212a7970cd1d05dd4a08a3ef95267.sol:373:78: Visibility modifier must be first in list of modifiers [Warning/visibility-modifier-order]
/sb/0x503eb1b5976212a7970cd1d05dd4a08a3ef95267.sol:373:51: Rule is set with explicit type [var/s: uint] [Warning/explicit-types]
/sb/0x503eb1b5976212a7970cd1d05dd4a08a3ef95267.sol:373:96: Rule is set with explicit type [var/s: uint] [Warning/explicit-types]
/sb/0x503eb1b5976212a7970cd1d05dd4a08a3ef95267.sol:377:5: Missing @notice tag in function 'oraclize_query' [Warning/use-natspec]
/sb/0x503eb1b5976212a7970cd1d05dd4a08a3ef95267.sol:377:5: Missing @param tag in function 'oraclize_query' [Warning/use-natspec]
/sb/0x503eb1b5976212a7970cd1d05dd4a08a3ef95267.sol:377:5: Mismatch in @param names for function 'oraclize_query'. Expected: [datasource, arg], Found: [] [Warning/use-natspec]
/sb/0x503eb1b5976212a7970cd1d05dd4a08a3ef95267.sol:377:5: Missing @return tag in function 'oraclize_query' [Warning/use-natspec]
/sb/0x503eb1b5976212a7970cd1d05dd4a08a3ef95267.sol:377:5: Mismatch in @return names for function 'oraclize_query'. Expected: [id], Found: [] [Warning/use-natspec]
/sb/0x503eb1b5976212a7970cd1d05dd4a08a3ef95267.sol:377:5: Function name must be in mixedCase [Warning/func-name-mixedcase]
/sb/0x503eb1b5976212a7970cd1d05dd4a08a3ef95267.sol:377:72: Visibility modifier must be first in list of modifiers [Warning/visibility-modifier-order]
/sb/0x503eb1b5976212a7970cd1d05dd4a08a3ef95267.sol:378:9: Rule is set with explicit type [var/s: uint] [Warning/explicit-types]
/sb/0x503eb1b5976212a7970cd1d05dd4a08a3ef95267.sol:382:5: Missing @notice tag in function 'oraclize_query' [Warning/use-natspec]
/sb/0x503eb1b5976212a7970cd1d05dd4a08a3ef95267.sol:382:5: Missing @param tag in function 'oraclize_query' [Warning/use-natspec]
/sb/0x503eb1b5976212a7970cd1d05dd4a08a3ef95267.sol:382:5: Mismatch in @param names for function 'oraclize_query'. Expected: [timestamp, datasource, arg], Found: [] [Warning/use-natspec]
/sb/0x503eb1b5976212a7970cd1d05dd4a08a3ef95267.sol:382:5: Missing @return tag in function 'oraclize_query' [Warning/use-natspec]
/sb/0x503eb1b5976212a7970cd1d05dd4a08a3ef95267.sol:382:5: Mismatch in @return names for function 'oraclize_query'. Expected: [id], Found: [] [Warning/use-natspec]
/sb/0x503eb1b5976212a7970cd1d05dd4a08a3ef95267.sol:382:5: Function name must be in mixedCase [Warning/func-name-mixedcase]
/sb/0x503eb1b5976212a7970cd1d05dd4a08a3ef95267.sol:382:88: Visibility modifier must be first in list of modifiers [Warning/visibility-modifier-order]
/sb/0x503eb1b5976212a7970cd1d05dd4a08a3ef95267.sol:382:29: Rule is set with explicit type [var/s: uint] [Warning/explicit-types]
/sb/0x503eb1b5976212a7970cd1d05dd4a08a3ef95267.sol:383:9: Rule is set with explicit type [var/s: uint] [Warning/explicit-types]
/sb/0x503eb1b5976212a7970cd1d05dd4a08a3ef95267.sol:387:5: Missing @notice tag in function 'oraclize_query' [Warning/use-natspec]
/sb/0x503eb1b5976212a7970cd1d05dd4a08a3ef95267.sol:387:5: Missing @param tag in function 'oraclize_query' [Warning/use-natspec]
/sb/0x503eb1b5976212a7970cd1d05dd4a08a3ef95267.sol:387:5: Mismatch in @param names for function 'oraclize_query'. Expected: [timestamp, datasource, arg, gaslimit], Found: [] [Warning/use-natspec]
/sb/0x503eb1b5976212a7970cd1d05dd4a08a3ef95267.sol:387:5: Missing @return tag in function 'oraclize_query' [Warning/use-natspec]
/sb/0x503eb1b5976212a7970cd1d05dd4a08a3ef95267.sol:387:5: Mismatch in @return names for function 'oraclize_query'. Expected: [id], Found: [] [Warning/use-natspec]
/sb/0x503eb1b5976212a7970cd1d05dd4a08a3ef95267.sol:387:5: Function name must be in mixedCase [Warning/func-name-mixedcase]
/sb/0x503eb1b5976212a7970cd1d05dd4a08a3ef95267.sol:387:103: Visibility modifier must be first in list of modifiers [Warning/visibility-modifier-order]
/sb/0x503eb1b5976212a7970cd1d05dd4a08a3ef95267.sol:387:29: Rule is set with explicit type [var/s: uint] [Warning/explicit-types]
/sb/0x503eb1b5976212a7970cd1d05dd4a08a3ef95267.sol:387:76: Rule is set with explicit type [var/s: uint] [Warning/explicit-types]
/sb/0x503eb1b5976212a7970cd1d05dd4a08a3ef95267.sol:388:9: Rule is set with explicit type [var/s: uint] [Warning/explicit-types]
/sb/0x503eb1b5976212a7970cd1d05dd4a08a3ef95267.sol:392:5: Missing @notice tag in function 'oraclize_query' [Warning/use-natspec]
/sb/0x503eb1b5976212a7970cd1d05dd4a08a3ef95267.sol:392:5: Missing @param tag in function 'oraclize_query' [Warning/use-natspec]
/sb/0x503eb1b5976212a7970cd1d05dd4a08a3ef95267.sol:392:5: Mismatch in @param names for function 'oraclize_query'. Expected: [datasource, arg, gaslimit], Found: [] [Warning/use-natspec]
/sb/0x503eb1b5976212a7970cd1d05dd4a08a3ef95267.sol:392:5: Missing @return tag in function 'oraclize_query' [Warning/use-natspec]
/sb/0x503eb1b5976212a7970cd1d05dd4a08a3ef95267.sol:392:5: Mismatch in @return names for function 'oraclize_query'. Expected: [id], Found: [] [Warning/use-natspec]
/sb/0x503eb1b5976212a7970cd1d05dd4a08a3ef95267.sol:392:5: Function name must be in mixedCase [Warning/func-name-mixedcase]
/sb/0x503eb1b5976212a7970cd1d05dd4a08a3ef95267.sol:392:87: Visibility modifier must be first in list of modifiers [Warning/visibility-modifier-order]
/sb/0x503eb1b5976212a7970cd1d05dd4a08a3ef95267.sol:392:60: Rule is set with explicit type [var/s: uint] [Warning/explicit-types]
/sb/0x503eb1b5976212a7970cd1d05dd4a08a3ef95267.sol:393:9: Rule is set with explicit type [var/s: uint] [Warning/explicit-types]
/sb/0x503eb1b5976212a7970cd1d05dd4a08a3ef95267.sol:397:5: Missing @notice tag in function 'oraclize_query' [Warning/use-natspec]
/sb/0x503eb1b5976212a7970cd1d05dd4a08a3ef95267.sol:397:5: Missing @param tag in function 'oraclize_query' [Warning/use-natspec]
/sb/0x503eb1b5976212a7970cd1d05dd4a08a3ef95267.sol:397:5: Mismatch in @param names for function 'oraclize_query'. Expected: [datasource, arg1, arg2], Found: [] [Warning/use-natspec]
/sb/0x503eb1b5976212a7970cd1d05dd4a08a3ef95267.sol:397:5: Missing @return tag in function 'oraclize_query' [Warning/use-natspec]
/sb/0x503eb1b5976212a7970cd1d05dd4a08a3ef95267.sol:397:5: Mismatch in @return names for function 'oraclize_query'. Expected: [id], Found: [] [Warning/use-natspec]
/sb/0x503eb1b5976212a7970cd1d05dd4a08a3ef95267.sol:397:5: Function name must be in mixedCase [Warning/func-name-mixedcase]
/sb/0x503eb1b5976212a7970cd1d05dd4a08a3ef95267.sol:397:86: Visibility modifier must be first in list of modifiers [Warning/visibility-modifier-order]
/sb/0x503eb1b5976212a7970cd1d05dd4a08a3ef95267.sol:398:9: Rule is set with explicit type [var/s: uint] [Warning/explicit-types]
/sb/0x503eb1b5976212a7970cd1d05dd4a08a3ef95267.sol:402:5: Missing @notice tag in function 'oraclize_query' [Warning/use-natspec]
/sb/0x503eb1b5976212a7970cd1d05dd4a08a3ef95267.sol:402:5: Missing @param tag in function 'oraclize_query' [Warning/use-natspec]
/sb/0x503eb1b5976212a7970cd1d05dd4a08a3ef95267.sol:402:5: Mismatch in @param names for function 'oraclize_query'. Expected: [timestamp, datasource, arg1, arg2], Found: [] [Warning/use-natspec]
/sb/0x503eb1b5976212a7970cd1d05dd4a08a3ef95267.sol:402:5: Missing @return tag in function 'oraclize_query' [Warning/use-natspec]
/sb/0x503eb1b5976212a7970cd1d05dd4a08a3ef95267.sol:402:5: Mismatch in @return names for function 'oraclize_query'. Expected: [id], Found: [] [Warning/use-natspec]
/sb/0x503eb1b5976212a7970cd1d05dd4a08a3ef95267.sol:402:5: Function name must be in mixedCase [Warning/func-name-mixedcase]
/sb/0x503eb1b5976212a7970cd1d05dd4a08a3ef95267.sol:402:102: Visibility modifier must be first in list of modifiers [Warning/visibility-modifier-order]
/sb/0x503eb1b5976212a7970cd1d05dd4a08a3ef95267.sol:402:29: Rule is set with explicit type [var/s: uint] [Warning/explicit-types]
/sb/0x503eb1b5976212a7970cd1d05dd4a08a3ef95267.sol:403:9: Rule is set with explicit type [var/s: uint] [Warning/explicit-types]
/sb/0x503eb1b5976212a7970cd1d05dd4a08a3ef95267.sol:407:5: Missing @notice tag in function 'oraclize_query' [Warning/use-natspec]
/sb/0x503eb1b5976212a7970cd1d05dd4a08a3ef95267.sol:407:5: Missing @param tag in function 'oraclize_query' [Warning/use-natspec]
/sb/0x503eb1b5976212a7970cd1d05dd4a08a3ef95267.sol:407:5: Mismatch in @param names for function 'oraclize_query'. Expected: [timestamp, datasource, arg1, arg2, gaslimit], Found: [] [Warning/use-natspec]
/sb/0x503eb1b5976212a7970cd1d05dd4a08a3ef95267.sol:407:5: Missing @return tag in function 'oraclize_query' [Warning/use-natspec]
/sb/0x503eb1b5976212a7970cd1d05dd4a08a3ef95267.sol:407:5: Mismatch in @return names for function 'oraclize_query'. Expected: [id], Found: [] [Warning/use-natspec]
/sb/0x503eb1b5976212a7970cd1d05dd4a08a3ef95267.sol:407:5: Function name must be in mixedCase [Warning/func-name-mixedcase]
/sb/0x503eb1b5976212a7970cd1d05dd4a08a3ef95267.sol:407:117: Visibility modifier must be first in list of modifiers [Warning/visibility-modifier-order]
/sb/0x503eb1b5976212a7970cd1d05dd4a08a3ef95267.sol:407:29: Rule is set with explicit type [var/s: uint] [Warning/explicit-types]
/sb/0x503eb1b5976212a7970cd1d05dd4a08a3ef95267.sol:407:90: Rule is set with explicit type [var/s: uint] [Warning/explicit-types]
/sb/0x503eb1b5976212a7970cd1d05dd4a08a3ef95267.sol:408:9: Rule is set with explicit type [var/s: uint] [Warning/explicit-types]
/sb/0x503eb1b5976212a7970cd1d05dd4a08a3ef95267.sol:412:5: Missing @notice tag in function 'oraclize_query' [Warning/use-natspec]
/sb/0x503eb1b5976212a7970cd1d05dd4a08a3ef95267.sol:412:5: Missing @param tag in function 'oraclize_query' [Warning/use-natspec]
/sb/0x503eb1b5976212a7970cd1d05dd4a08a3ef95267.sol:412:5: Mismatch in @param names for function 'oraclize_query'. Expected: [datasource, arg1, arg2, gaslimit], Found: [] [Warning/use-natspec]
/sb/0x503eb1b5976212a7970cd1d05dd4a08a3ef95267.sol:412:5: Missing @return tag in function 'oraclize_query' [Warning/use-natspec]
/sb/0x503eb1b5976212a7970cd1d05dd4a08a3ef95267.sol:412:5: Mismatch in @return names for function 'oraclize_query'. Expected: [id], Found: [] [Warning/use-natspec]
/sb/0x503eb1b5976212a7970cd1d05dd4a08a3ef95267.sol:412:5: Function name must be in mixedCase [Warning/func-name-mixedcase]
/sb/0x503eb1b5976212a7970cd1d05dd4a08a3ef95267.sol:412:101: Visibility modifier must be first in list of modifiers [Warning/visibility-modifier-order]
/sb/0x503eb1b5976212a7970cd1d05dd4a08a3ef95267.sol:412:74: Rule is set with explicit type [var/s: uint] [Warning/explicit-types]
/sb/0x503eb1b5976212a7970cd1d05dd4a08a3ef95267.sol:413:9: Rule is set with explicit type [var/s: uint] [Warning/explicit-types]
/sb/0x503eb1b5976212a7970cd1d05dd4a08a3ef95267.sol:417:5: Missing @notice tag in function 'oraclize_query' [Warning/use-natspec]
/sb/0x503eb1b5976212a7970cd1d05dd4a08a3ef95267.sol:417:5: Missing @param tag in function 'oraclize_query' [Warning/use-natspec]
/sb/0x503eb1b5976212a7970cd1d05dd4a08a3ef95267.sol:417:5: Mismatch in @param names for function 'oraclize_query'. Expected: [datasource, argN], Found: [] [Warning/use-natspec]
/sb/0x503eb1b5976212a7970cd1d05dd4a08a3ef95267.sol:417:5: Missing @return tag in function 'oraclize_query' [Warning/use-natspec]
/sb/0x503eb1b5976212a7970cd1d05dd4a08a3ef95267.sol:417:5: Mismatch in @return names for function 'oraclize_query'. Expected: [id], Found: [] [Warning/use-natspec]
/sb/0x503eb1b5976212a7970cd1d05dd4a08a3ef95267.sol:417:5: Function name must be in mixedCase [Warning/func-name-mixedcase]
/sb/0x503eb1b5976212a7970cd1d05dd4a08a3ef95267.sol:417:75: Visibility modifier must be first in list of modifiers [Warning/visibility-modifier-order]
/sb/0x503eb1b5976212a7970cd1d05dd4a08a3ef95267.sol:418:9: Rule is set with explicit type [var/s: uint] [Warning/explicit-types]
/sb/0x503eb1b5976212a7970cd1d05dd4a08a3ef95267.sol:423:5: Missing @notice tag in function 'oraclize_query' [Warning/use-natspec]
/sb/0x503eb1b5976212a7970cd1d05dd4a08a3ef95267.sol:423:5: Missing @param tag in function 'oraclize_query' [Warning/use-natspec]
/sb/0x503eb1b5976212a7970cd1d05dd4a08a3ef95267.sol:423:5: Mismatch in @param names for function 'oraclize_query'. Expected: [timestamp, datasource, argN], Found: [] [Warning/use-natspec]
/sb/0x503eb1b5976212a7970cd1d05dd4a08a3ef95267.sol:423:5: Missing @return tag in function 'oraclize_query' [Warning/use-natspec]
/sb/0x503eb1b5976212a7970cd1d05dd4a08a3ef95267.sol:423:5: Mismatch in @return names for function 'oraclize_query'. Expected: [id], Found: [] [Warning/use-natspec]
/sb/0x503eb1b5976212a7970cd1d05dd4a08a3ef95267.sol:423:5: Function name must be in mixedCase [Warning/func-name-mixedcase]
/sb/0x503eb1b5976212a7970cd1d05dd4a08a3ef95267.sol:423:91: Visibility modifier must be first in list of modifiers [Warning/visibility-modifier-order]
/sb/0x503eb1b5976212a7970cd1d05dd4a08a3ef95267.sol:423:29: Rule is set with explicit type [var/s: uint] [Warning/explicit-types]
/sb/0x503eb1b5976212a7970cd1d05dd4a08a3ef95267.sol:424:9: Rule is set with explicit type [var/s: uint] [Warning/explicit-types]
/sb/0x503eb1b5976212a7970cd1d05dd4a08a3ef95267.sol:429:5: Missing @notice tag in function 'oraclize_query' [Warning/use-natspec]
/sb/0x503eb1b5976212a7970cd1d05dd4a08a3ef95267.sol:429:5: Missing @param tag in function 'oraclize_query' [Warning/use-natspec]
/sb/0x503eb1b5976212a7970cd1d05dd4a08a3ef95267.sol:429:5: Mismatch in @param names for function 'oraclize_query'. Expected: [timestamp, datasource, argN, gaslimit], Found: [] [Warning/use-natspec]
/sb/0x503eb1b5976212a7970cd1d05dd4a08a3ef95267.sol:429:5: Missing @return tag in function 'oraclize_query' [Warning/use-natspec]
/sb/0x503eb1b5976212a7970cd1d05dd4a08a3ef95267.sol:429:5: Mismatch in @return names for function 'oraclize_query'. Expected: [id], Found: [] [Warning/use-natspec]
/sb/0x503eb1b5976212a7970cd1d05dd4a08a3ef95267.sol:429:5: Function name must be in mixedCase [Warning/func-name-mixedcase]
/sb/0x503eb1b5976212a7970cd1d05dd4a08a3ef95267.sol:429:106: Visibility modifier must be first in list of modifiers [Warning/visibility-modifier-order]
/sb/0x503eb1b5976212a7970cd1d05dd4a08a3ef95267.sol:429:29: Rule is set with explicit type [var/s: uint] [Warning/explicit-types]
/sb/0x503eb1b5976212a7970cd1d05dd4a08a3ef95267.sol:429:79: Rule is set with explicit type [var/s: uint] [Warning/explicit-types]
/sb/0x503eb1b5976212a7970cd1d05dd4a08a3ef95267.sol:430:9: Rule is set with explicit type [var/s: uint] [Warning/explicit-types]
/sb/0x503eb1b5976212a7970cd1d05dd4a08a3ef95267.sol:435:5: Missing @notice tag in function 'oraclize_query' [Warning/use-natspec]
/sb/0x503eb1b5976212a7970cd1d05dd4a08a3ef95267.sol:435:5: Missing @param tag in function 'oraclize_query' [Warning/use-natspec]
/sb/0x503eb1b5976212a7970cd1d05dd4a08a3ef95267.sol:435:5: Mismatch in @param names for function 'oraclize_query'. Expected: [datasource, argN, gaslimit], Found: [] [Warning/use-natspec]
/sb/0x503eb1b5976212a7970cd1d05dd4a08a3ef95267.sol:435:5: Missing @return tag in function 'oraclize_query' [Warning/use-natspec]
/sb/0x503eb1b5976212a7970cd1d05dd4a08a3ef95267.sol:435:5: Mismatch in @return names for function 'oraclize_query'. Expected: [id], Found: [] [Warning/use-natspec]
/sb/0x503eb1b5976212a7970cd1d05dd4a08a3ef95267.sol:435:5: Function name must be in mixedCase [Warning/func-name-mixedcase]
/sb/0x503eb1b5976212a7970cd1d05dd4a08a3ef95267.sol:435:90: Visibility modifier must be first in list of modifiers [Warning/visibility-modifier-order]
/sb/0x503eb1b5976212a7970cd1d05dd4a08a3ef95267.sol:435:63: Rule is set with explicit type [var/s: uint] [Warning/explicit-types]
/sb/0x503eb1b5976212a7970cd1d05dd4a08a3ef95267.sol:436:9: Rule is set with explicit type [var/s: uint] [Warning/explicit-types]
/sb/0x503eb1b5976212a7970cd1d05dd4a08a3ef95267.sol:441:5: Missing @notice tag in function 'oraclize_query' [Warning/use-natspec]
/sb/0x503eb1b5976212a7970cd1d05dd4a08a3ef95267.sol:441:5: Missing @param tag in function 'oraclize_query' [Warning/use-natspec]
/sb/0x503eb1b5976212a7970cd1d05dd4a08a3ef95267.sol:441:5: Mismatch in @param names for function 'oraclize_query'. Expected: [datasource, args], Found: [] [Warning/use-natspec]
/sb/0x503eb1b5976212a7970cd1d05dd4a08a3ef95267.sol:441:5: Missing @return tag in function 'oraclize_query' [Warning/use-natspec]
/sb/0x503eb1b5976212a7970cd1d05dd4a08a3ef95267.sol:441:5: Mismatch in @return names for function 'oraclize_query'. Expected: [id], Found: [] [Warning/use-natspec]
/sb/0x503eb1b5976212a7970cd1d05dd4a08a3ef95267.sol:441:5: Function name must be in mixedCase [Warning/func-name-mixedcase]
/sb/0x503eb1b5976212a7970cd1d05dd4a08a3ef95267.sol:441:76: Visibility modifier must be first in list of modifiers [Warning/visibility-modifier-order]
/sb/0x503eb1b5976212a7970cd1d05dd4a08a3ef95267.sol:446:5: Missing @notice tag in function 'oraclize_query' [Warning/use-natspec]
/sb/0x503eb1b5976212a7970cd1d05dd4a08a3ef95267.sol:446:5: Missing @param tag in function 'oraclize_query' [Warning/use-natspec]
/sb/0x503eb1b5976212a7970cd1d05dd4a08a3ef95267.sol:446:5: Mismatch in @param names for function 'oraclize_query'. Expected: [timestamp, datasource, args], Found: [] [Warning/use-natspec]
/sb/0x503eb1b5976212a7970cd1d05dd4a08a3ef95267.sol:446:5: Missing @return tag in function 'oraclize_query' [Warning/use-natspec]
/sb/0x503eb1b5976212a7970cd1d05dd4a08a3ef95267.sol:446:5: Mismatch in @return names for function 'oraclize_query'. Expected: [id], Found: [] [Warning/use-natspec]
/sb/0x503eb1b5976212a7970cd1d05dd4a08a3ef95267.sol:446:5: Function name must be in mixedCase [Warning/func-name-mixedcase]
/sb/0x503eb1b5976212a7970cd1d05dd4a08a3ef95267.sol:446:92: Visibility modifier must be first in list of modifiers [Warning/visibility-modifier-order]
/sb/0x503eb1b5976212a7970cd1d05dd4a08a3ef95267.sol:446:29: Rule is set with explicit type [var/s: uint] [Warning/explicit-types]
/sb/0x503eb1b5976212a7970cd1d05dd4a08a3ef95267.sol:451:5: Missing @notice tag in function 'oraclize_query' [Warning/use-natspec]
/sb/0x503eb1b5976212a7970cd1d05dd4a08a3ef95267.sol:451:5: Missing @param tag in function 'oraclize_query' [Warning/use-natspec]
/sb/0x503eb1b5976212a7970cd1d05dd4a08a3ef95267.sol:451:5: Mismatch in @param names for function 'oraclize_query'. Expected: [timestamp, datasource, args, gaslimit], Found: [] [Warning/use-natspec]
/sb/0x503eb1b5976212a7970cd1d05dd4a08a3ef95267.sol:451:5: Missing @return tag in function 'oraclize_query' [Warning/use-natspec]
/sb/0x503eb1b5976212a7970cd1d05dd4a08a3ef95267.sol:451:5: Mismatch in @return names for function 'oraclize_query'. Expected: [id], Found: [] [Warning/use-natspec]
/sb/0x503eb1b5976212a7970cd1d05dd4a08a3ef95267.sol:451:5: Function name must be in mixedCase [Warning/func-name-mixedcase]
/sb/0x503eb1b5976212a7970cd1d05dd4a08a3ef95267.sol:451:107: Visibility modifier must be first in list of modifiers [Warning/visibility-modifier-order]
/sb/0x503eb1b5976212a7970cd1d05dd4a08a3ef95267.sol:451:29: Rule is set with explicit type [var/s: uint] [Warning/explicit-types]
/sb/0x503eb1b5976212a7970cd1d05dd4a08a3ef95267.sol:451:80: Rule is set with explicit type [var/s: uint] [Warning/explicit-types]
/sb/0x503eb1b5976212a7970cd1d05dd4a08a3ef95267.sol:456:5: Missing @notice tag in function 'oraclize_query' [Warning/use-natspec]
/sb/0x503eb1b5976212a7970cd1d05dd4a08a3ef95267.sol:456:5: Missing @param tag in function 'oraclize_query' [Warning/use-natspec]
/sb/0x503eb1b5976212a7970cd1d05dd4a08a3ef95267.sol:456:5: Mismatch in @param names for function 'oraclize_query'. Expected: [datasource, args, gaslimit], Found: [] [Warning/use-natspec]
/sb/0x503eb1b5976212a7970cd1d05dd4a08a3ef95267.sol:456:5: Missing @return tag in function 'oraclize_query' [Warning/use-natspec]
/sb/0x503eb1b5976212a7970cd1d05dd4a08a3ef95267.sol:456:5: Mismatch in @return names for function 'oraclize_query'. Expected: [id], Found: [] [Warning/use-natspec]
/sb/0x503eb1b5976212a7970cd1d05dd4a08a3ef95267.sol:456:5: Function name must be in mixedCase [Warning/func-name-mixedcase]
/sb/0x503eb1b5976212a7970cd1d05dd4a08a3ef95267.sol:456:91: Visibility modifier must be first in list of modifiers [Warning/visibility-modifier-order]
/sb/0x503eb1b5976212a7970cd1d05dd4a08a3ef95267.sol:456:64: Rule is set with explicit type [var/s: uint] [Warning/explicit-types]
/sb/0x503eb1b5976212a7970cd1d05dd4a08a3ef95267.sol:462:5: Missing @notice tag in function 'oraclize_query' [Warning/use-natspec]
/sb/0x503eb1b5976212a7970cd1d05dd4a08a3ef95267.sol:462:5: Missing @param tag in function 'oraclize_query' [Warning/use-natspec]
/sb/0x503eb1b5976212a7970cd1d05dd4a08a3ef95267.sol:462:5: Mismatch in @param names for function 'oraclize_query'. Expected: [datasource, args], Found: [] [Warning/use-natspec]
/sb/0x503eb1b5976212a7970cd1d05dd4a08a3ef95267.sol:462:5: Missing @return tag in function 'oraclize_query' [Warning/use-natspec]
/sb/0x503eb1b5976212a7970cd1d05dd4a08a3ef95267.sol:462:5: Mismatch in @return names for function 'oraclize_query'. Expected: [id], Found: [] [Warning/use-natspec]
/sb/0x503eb1b5976212a7970cd1d05dd4a08a3ef95267.sol:462:5: Function name must be in mixedCase [Warning/func-name-mixedcase]
/sb/0x503eb1b5976212a7970cd1d05dd4a08a3ef95267.sol:462:76: Visibility modifier must be first in list of modifiers [Warning/visibility-modifier-order]
/sb/0x503eb1b5976212a7970cd1d05dd4a08a3ef95267.sol:468:5: Missing @notice tag in function 'oraclize_query' [Warning/use-natspec]
/sb/0x503eb1b5976212a7970cd1d05dd4a08a3ef95267.sol:468:5: Missing @param tag in function 'oraclize_query' [Warning/use-natspec]
/sb/0x503eb1b5976212a7970cd1d05dd4a08a3ef95267.sol:468:5: Mismatch in @param names for function 'oraclize_query'. Expected: [timestamp, datasource, args], Found: [] [Warning/use-natspec]
/sb/0x503eb1b5976212a7970cd1d05dd4a08a3ef95267.sol:468:5: Missing @return tag in function 'oraclize_query' [Warning/use-natspec]
/sb/0x503eb1b5976212a7970cd1d05dd4a08a3ef95267.sol:468:5: Mismatch in @return names for function 'oraclize_query'. Expected: [id], Found: [] [Warning/use-natspec]
/sb/0x503eb1b5976212a7970cd1d05dd4a08a3ef95267.sol:468:5: Function name must be in mixedCase [Warning/func-name-mixedcase]
/sb/0x503eb1b5976212a7970cd1d05dd4a08a3ef95267.sol:468:92: Visibility modifier must be first in list of modifiers [Warning/visibility-modifier-order]
/sb/0x503eb1b5976212a7970cd1d05dd4a08a3ef95267.sol:468:29: Rule is set with explicit type [var/s: uint] [Warning/explicit-types]
/sb/0x503eb1b5976212a7970cd1d05dd4a08a3ef95267.sol:474:5: Missing @notice tag in function 'oraclize_query' [Warning/use-natspec]
/sb/0x503eb1b5976212a7970cd1d05dd4a08a3ef95267.sol:474:5: Missing @param tag in function 'oraclize_query' [Warning/use-natspec]
/sb/0x503eb1b5976212a7970cd1d05dd4a08a3ef95267.sol:474:5: Mismatch in @param names for function 'oraclize_query'. Expected: [timestamp, datasource, args, gaslimit], Found: [] [Warning/use-natspec]
/sb/0x503eb1b5976212a7970cd1d05dd4a08a3ef95267.sol:474:5: Missing @return tag in function 'oraclize_query' [Warning/use-natspec]
/sb/0x503eb1b5976212a7970cd1d05dd4a08a3ef95267.sol:474:5: Mismatch in @return names for function 'oraclize_query'. Expected: [id], Found: [] [Warning/use-natspec]
/sb/0x503eb1b5976212a7970cd1d05dd4a08a3ef95267.sol:474:5: Function name must be in mixedCase [Warning/func-name-mixedcase]
/sb/0x503eb1b5976212a7970cd1d05dd4a08a3ef95267.sol:474:107: Visibility modifier must be first in list of modifiers [Warning/visibility-modifier-order]
/sb/0x503eb1b5976212a7970cd1d05dd4a08a3ef95267.sol:474:29: Rule is set with explicit type [var/s: uint] [Warning/explicit-types]
/sb/0x503eb1b5976212a7970cd1d05dd4a08a3ef95267.sol:474:80: Rule is set with explicit type [var/s: uint] [Warning/explicit-types]
/sb/0x503eb1b5976212a7970cd1d05dd4a08a3ef95267.sol:480:5: Missing @notice tag in function 'oraclize_query' [Warning/use-natspec]
/sb/0x503eb1b5976212a7970cd1d05dd4a08a3ef95267.sol:480:5: Missing @param tag in function 'oraclize_query' [Warning/use-natspec]
/sb/0x503eb1b5976212a7970cd1d05dd4a08a3ef95267.sol:480:5: Mismatch in @param names for function 'oraclize_query'. Expected: [datasource, args, gaslimit], Found: [] [Warning/use-natspec]
/sb/0x503eb1b5976212a7970cd1d05dd4a08a3ef95267.sol:480:5: Missing @return tag in function 'oraclize_query' [Warning/use-natspec]
/sb/0x503eb1b5976212a7970cd1d05dd4a08a3ef95267.sol:480:5: Mismatch in @return names for function 'oraclize_query'. Expected: [id], Found: [] [Warning/use-natspec]
/sb/0x503eb1b5976212a7970cd1d05dd4a08a3ef95267.sol:480:5: Function name must be in mixedCase [Warning/func-name-mixedcase]
/sb/0x503eb1b5976212a7970cd1d05dd4a08a3ef95267.sol:480:91: Visibility modifier must be first in list of modifiers [Warning/visibility-modifier-order]
/sb/0x503eb1b5976212a7970cd1d05dd4a08a3ef95267.sol:480:64: Rule is set with explicit type [var/s: uint] [Warning/explicit-types]
/sb/0x503eb1b5976212a7970cd1d05dd4a08a3ef95267.sol:486:5: Missing @notice tag in function 'oraclize_query' [Warning/use-natspec]
/sb/0x503eb1b5976212a7970cd1d05dd4a08a3ef95267.sol:486:5: Missing @param tag in function 'oraclize_query' [Warning/use-natspec]
/sb/0x503eb1b5976212a7970cd1d05dd4a08a3ef95267.sol:486:5: Mismatch in @param names for function 'oraclize_query'. Expected: [datasource, args], Found: [] [Warning/use-natspec]
/sb/0x503eb1b5976212a7970cd1d05dd4a08a3ef95267.sol:486:5: Missing @return tag in function 'oraclize_query' [Warning/use-natspec]
/sb/0x503eb1b5976212a7970cd1d05dd4a08a3ef95267.sol:486:5: Mismatch in @return names for function 'oraclize_query'. Expected: [id], Found: [] [Warning/use-natspec]
/sb/0x503eb1b5976212a7970cd1d05dd4a08a3ef95267.sol:486:5: Function name must be in mixedCase [Warning/func-name-mixedcase]
/sb/0x503eb1b5976212a7970cd1d05dd4a08a3ef95267.sol:486:76: Visibility modifier must be first in list of modifiers [Warning/visibility-modifier-order]
/sb/0x503eb1b5976212a7970cd1d05dd4a08a3ef95267.sol:493:5: Missing @notice tag in function 'oraclize_query' [Warning/use-natspec]
/sb/0x503eb1b5976212a7970cd1d05dd4a08a3ef95267.sol:493:5: Missing @param tag in function 'oraclize_query' [Warning/use-natspec]
/sb/0x503eb1b5976212a7970cd1d05dd4a08a3ef95267.sol:493:5: Mismatch in @param names for function 'oraclize_query'. Expected: [timestamp, datasource, args], Found: [] [Warning/use-natspec]
/sb/0x503eb1b5976212a7970cd1d05dd4a08a3ef95267.sol:493:5: Missing @return tag in function 'oraclize_query' [Warning/use-natspec]
/sb/0x503eb1b5976212a7970cd1d05dd4a08a3ef95267.sol:493:5: Mismatch in @return names for function 'oraclize_query'. Expected: [id], Found: [] [Warning/use-natspec]
/sb/0x503eb1b5976212a7970cd1d05dd4a08a3ef95267.sol:493:5: Function name must be in mixedCase [Warning/func-name-mixedcase]
/sb/0x503eb1b5976212a7970cd1d05dd4a08a3ef95267.sol:493:92: Visibility modifier must be first in list of modifiers [Warning/visibility-modifier-order]
/sb/0x503eb1b5976212a7970cd1d05dd4a08a3ef95267.sol:493:29: Rule is set with explicit type [var/s: uint] [Warning/explicit-types]
/sb/0x503eb1b5976212a7970cd1d05dd4a08a3ef95267.sol:500:5: Missing @notice tag in function 'oraclize_query' [Warning/use-natspec]
/sb/0x503eb1b5976212a7970cd1d05dd4a08a3ef95267.sol:500:5: Missing @param tag in function 'oraclize_query' [Warning/use-natspec]
/sb/0x503eb1b5976212a7970cd1d05dd4a08a3ef95267.sol:500:5: Mismatch in @param names for function 'oraclize_query'. Expected: [timestamp, datasource, args, gaslimit], Found: [] [Warning/use-natspec]
/sb/0x503eb1b5976212a7970cd1d05dd4a08a3ef95267.sol:500:5: Missing @return tag in function 'oraclize_query' [Warning/use-natspec]
/sb/0x503eb1b5976212a7970cd1d05dd4a08a3ef95267.sol:500:5: Mismatch in @return names for function 'oraclize_query'. Expected: [id], Found: [] [Warning/use-natspec]
/sb/0x503eb1b5976212a7970cd1d05dd4a08a3ef95267.sol:500:5: Function name must be in mixedCase [Warning/func-name-mixedcase]
/sb/0x503eb1b5976212a7970cd1d05dd4a08a3ef95267.sol:500:107: Visibility modifier must be first in list of modifiers [Warning/visibility-modifier-order]
/sb/0x503eb1b5976212a7970cd1d05dd4a08a3ef95267.sol:500:29: Rule is set with explicit type [var/s: uint] [Warning/explicit-types]
/sb/0x503eb1b5976212a7970cd1d05dd4a08a3ef95267.sol:500:80: Rule is set with explicit type [var/s: uint] [Warning/explicit-types]
/sb/0x503eb1b5976212a7970cd1d05dd4a08a3ef95267.sol:507:5: Missing @notice tag in function 'oraclize_query' [Warning/use-natspec]
/sb/0x503eb1b5976212a7970cd1d05dd4a08a3ef95267.sol:507:5: Missing @param tag in function 'oraclize_query' [Warning/use-natspec]
/sb/0x503eb1b5976212a7970cd1d05dd4a08a3ef95267.sol:507:5: Mismatch in @param names for function 'oraclize_query'. Expected: [datasource, args, gaslimit], Found: [] [Warning/use-natspec]
/sb/0x503eb1b5976212a7970cd1d05dd4a08a3ef95267.sol:507:5: Missing @return tag in function 'oraclize_query' [Warning/use-natspec]
/sb/0x503eb1b5976212a7970cd1d05dd4a08a3ef95267.sol:507:5: Mismatch in @return names for function 'oraclize_query'. Expected: [id], Found: [] [Warning/use-natspec]
/sb/0x503eb1b5976212a7970cd1d05dd4a08a3ef95267.sol:507:5: Function name must be in mixedCase [Warning/func-name-mixedcase]
/sb/0x503eb1b5976212a7970cd1d05dd4a08a3ef95267.sol:507:91: Visibility modifier must be first in list of modifiers [Warning/visibility-modifier-order]
/sb/0x503eb1b5976212a7970cd1d05dd4a08a3ef95267.sol:507:64: Rule is set with explicit type [var/s: uint] [Warning/explicit-types]
/sb/0x503eb1b5976212a7970cd1d05dd4a08a3ef95267.sol:515:5: Missing @notice tag in function 'oraclize_query' [Warning/use-natspec]
/sb/0x503eb1b5976212a7970cd1d05dd4a08a3ef95267.sol:515:5: Missing @param tag in function 'oraclize_query' [Warning/use-natspec]
/sb/0x503eb1b5976212a7970cd1d05dd4a08a3ef95267.sol:515:5: Mismatch in @param names for function 'oraclize_query'. Expected: [datasource, args], Found: [] [Warning/use-natspec]
/sb/0x503eb1b5976212a7970cd1d05dd4a08a3ef95267.sol:515:5: Missing @return tag in function 'oraclize_query' [Warning/use-natspec]
/sb/0x503eb1b5976212a7970cd1d05dd4a08a3ef95267.sol:515:5: Mismatch in @return names for function 'oraclize_query'. Expected: [id], Found: [] [Warning/use-natspec]
/sb/0x503eb1b5976212a7970cd1d05dd4a08a3ef95267.sol:515:5: Function name must be in mixedCase [Warning/func-name-mixedcase]
/sb/0x503eb1b5976212a7970cd1d05dd4a08a3ef95267.sol:515:76: Visibility modifier must be first in list of modifiers [Warning/visibility-modifier-order]
/sb/0x503eb1b5976212a7970cd1d05dd4a08a3ef95267.sol:523:5: Missing @notice tag in function 'oraclize_query' [Warning/use-natspec]
/sb/0x503eb1b5976212a7970cd1d05dd4a08a3ef95267.sol:523:5: Missing @param tag in function 'oraclize_query' [Warning/use-natspec]
/sb/0x503eb1b5976212a7970cd1d05dd4a08a3ef95267.sol:523:5: Mismatch in @param names for function 'oraclize_query'. Expected: [timestamp, datasource, args], Found: [] [Warning/use-natspec]
/sb/0x503eb1b5976212a7970cd1d05dd4a08a3ef95267.sol:523:5: Missing @return tag in function 'oraclize_query' [Warning/use-natspec]
/sb/0x503eb1b5976212a7970cd1d05dd4a08a3ef95267.sol:523:5: Mismatch in @return names for function 'oraclize_query'. Expected: [id], Found: [] [Warning/use-natspec]
/sb/0x503eb1b5976212a7970cd1d05dd4a08a3ef95267.sol:523:5: Function name must be in mixedCase [Warning/func-name-mixedcase]
/sb/0x503eb1b5976212a7970cd1d05dd4a08a3ef95267.sol:523:92: Visibility modifier must be first in list of modifiers [Warning/visibility-modifier-order]
/sb/0x503eb1b5976212a7970cd1d05dd4a08a3ef95267.sol:523:29: Rule is set with explicit type [var/s: uint] [Warning/explicit-types]
/sb/0x503eb1b5976212a7970cd1d05dd4a08a3ef95267.sol:531:5: Missing @notice tag in function 'oraclize_query' [Warning/use-natspec]
/sb/0x503eb1b5976212a7970cd1d05dd4a08a3ef95267.sol:531:5: Missing @param tag in function 'oraclize_query' [Warning/use-natspec]
/sb/0x503eb1b5976212a7970cd1d05dd4a08a3ef95267.sol:531:5: Mismatch in @param names for function 'oraclize_query'. Expected: [timestamp, datasource, args, gaslimit], Found: [] [Warning/use-natspec]
/sb/0x503eb1b5976212a7970cd1d05dd4a08a3ef95267.sol:531:5: Missing @return tag in function 'oraclize_query' [Warning/use-natspec]
/sb/0x503eb1b5976212a7970cd1d05dd4a08a3ef95267.sol:531:5: Mismatch in @return names for function 'oraclize_query'. Expected: [id], Found: [] [Warning/use-natspec]
/sb/0x503eb1b5976212a7970cd1d05dd4a08a3ef95267.sol:531:5: Function name must be in mixedCase [Warning/func-name-mixedcase]
/sb/0x503eb1b5976212a7970cd1d05dd4a08a3ef95267.sol:531:107: Visibility modifier must be first in list of modifiers [Warning/visibility-modifier-order]
/sb/0x503eb1b5976212a7970cd1d05dd4a08a3ef95267.sol:531:29: Rule is set with explicit type [var/s: uint] [Warning/explicit-types]
/sb/0x503eb1b5976212a7970cd1d05dd4a08a3ef95267.sol:531:80: Rule is set with explicit type [var/s: uint] [Warning/explicit-types]
/sb/0x503eb1b5976212a7970cd1d05dd4a08a3ef95267.sol:539:5: Missing @notice tag in function 'oraclize_query' [Warning/use-natspec]
/sb/0x503eb1b5976212a7970cd1d05dd4a08a3ef95267.sol:539:5: Missing @param tag in function 'oraclize_query' [Warning/use-natspec]
/sb/0x503eb1b5976212a7970cd1d05dd4a08a3ef95267.sol:539:5: Mismatch in @param names for function 'oraclize_query'. Expected: [datasource, args, gaslimit], Found: [] [Warning/use-natspec]
/sb/0x503eb1b5976212a7970cd1d05dd4a08a3ef95267.sol:539:5: Missing @return tag in function 'oraclize_query' [Warning/use-natspec]
/sb/0x503eb1b5976212a7970cd1d05dd4a08a3ef95267.sol:539:5: Mismatch in @return names for function 'oraclize_query'. Expected: [id], Found: [] [Warning/use-natspec]
/sb/0x503eb1b5976212a7970cd1d05dd4a08a3ef95267.sol:539:5: Function name must be in mixedCase [Warning/func-name-mixedcase]
/sb/0x503eb1b5976212a7970cd1d05dd4a08a3ef95267.sol:539:91: Visibility modifier must be first in list of modifiers [Warning/visibility-modifier-order]
/sb/0x503eb1b5976212a7970cd1d05dd4a08a3ef95267.sol:539:64: Rule is set with explicit type [var/s: uint] [Warning/explicit-types]
/sb/0x503eb1b5976212a7970cd1d05dd4a08a3ef95267.sol:547:5: Missing @notice tag in function 'oraclize_query' [Warning/use-natspec]
/sb/0x503eb1b5976212a7970cd1d05dd4a08a3ef95267.sol:547:5: Missing @param tag in function 'oraclize_query' [Warning/use-natspec]
/sb/0x503eb1b5976212a7970cd1d05dd4a08a3ef95267.sol:547:5: Mismatch in @param names for function 'oraclize_query'. Expected: [datasource, args], Found: [] [Warning/use-natspec]
/sb/0x503eb1b5976212a7970cd1d05dd4a08a3
