Extract contract /sb/0xc1f9de7df87eb7a933192e4e9178b0b07472f65c.sol:173:14: from /sb/0xc1f9de7df87eb7a933192e4e9178b0b07472f65c.sol
cp: cannot create regular file '/home/contracts//sb/0xc1f9de7df87eb7a933192e4e9178b0b07472f65c.sol:173:14:.sol': No such file or directory
Extract contract TypeError: from /sb/0xc1f9de7df87eb7a933192e4e9178b0b07472f65c.sol
Extract contract Uninitialized from /sb/0xc1f9de7df87eb7a933192e4e9178b0b07472f65c.sol
Extract contract mapping. from /sb/0xc1f9de7df87eb7a933192e4e9178b0b07472f65c.sol
Extract contract Mappings from /sb/0xc1f9de7df87eb7a933192e4e9178b0b07472f65c.sol
Extract contract cannot from /sb/0xc1f9de7df87eb7a933192e4e9178b0b07472f65c.sol
Extract contract be from /sb/0xc1f9de7df87eb7a933192e4e9178b0b07472f65c.sol
Extract contract created from /sb/0xc1f9de7df87eb7a933192e4e9178b0b07472f65c.sol
Extract contract dynamically, from /sb/0xc1f9de7df87eb7a933192e4e9178b0b07472f65c.sol
Extract contract you from /sb/0xc1f9de7df87eb7a933192e4e9178b0b07472f65c.sol
Extract contract have from /sb/0xc1f9de7df87eb7a933192e4e9178b0b07472f65c.sol
Extract contract to from /sb/0xc1f9de7df87eb7a933192e4e9178b0b07472f65c.sol
Extract contract assign from /sb/0xc1f9de7df87eb7a933192e4e9178b0b07472f65c.sol
Extract contract them from /sb/0xc1f9de7df87eb7a933192e4e9178b0b07472f65c.sol
Extract contract from from /sb/0xc1f9de7df87eb7a933192e4e9178b0b07472f65c.sol
Extract contract a from /sb/0xc1f9de7df87eb7a933192e4e9178b0b07472f65c.sol
Extract contract state from /sb/0xc1f9de7df87eb7a933192e4e9178b0b07472f65c.sol
Extract contract variable. from /sb/0xc1f9de7df87eb7a933192e4e9178b0b07472f65c.sol
Extract contract mapping from /sb/0xc1f9de7df87eb7a933192e4e9178b0b07472f65c.sol
Extract contract (uint from /sb/0xc1f9de7df87eb7a933192e4e9178b0b07472f65c.sol
Extract contract => from /sb/0xc1f9de7df87eb7a933192e4e9178b0b07472f65c.sol
Extract contract bool) from /sb/0xc1f9de7df87eb7a933192e4e9178b0b07472f65c.sol
Extract contract chosen;
 from /sb/0xc1f9de7df87eb7a933192e4e9178b0b07472f65c.sol
Extract contract ^---------------------------^ from /sb/0xc1f9de7df87eb7a933192e4e9178b0b07472f65c.sol
Extracted 24 contract(s) from /sb/0xc1f9de7df87eb7a933192e4e9178b0b07472f65c.sol
[0;32m> Created "fuzzMe"[0m
[0;32m> To fuzz contracts:[0m
  chmod +x fuzzMe
  ./fuzzMe
contracts/have.sol:59:1: Warning: Defining constructors as functions with the same name as the contract is deprecated. Use "constructor(...) { ... }" instead.
function Contest() payable{
^ (Relevant source part starts here and spans across multiple lines).
contracts/have.sol:79:1: Warning: "throw" is deprecated in favour of "revert()", "require()" and "assert()".
throw;
^---^
contracts/have.sol:81:1: Warning: "throw" is deprecated in favour of "revert()", "require()" and "assert()".
throw;
^---^
contracts/have.sol:88:13: Warning: "throw" is deprecated in favour of "revert()", "require()" and "assert()".
            throw;
            ^---^
contracts/have.sol:90:13: Warning: "throw" is deprecated in favour of "revert()", "require()" and "assert()".
            throw;
            ^---^
contracts/have.sol:92:13: Warning: "throw" is deprecated in favour of "revert()", "require()" and "assert()".
            throw;
            ^---^
contracts/have.sol:106:13: Warning: "throw" is deprecated in favour of "revert()", "require()" and "assert()".
            throw;
            ^---^
contracts/have.sol:108:13: Warning: "throw" is deprecated in favour of "revert()", "require()" and "assert()".
            throw;
            ^---^
contracts/have.sol:110:13: Warning: "throw" is deprecated in favour of "revert()", "require()" and "assert()".
            throw;
            ^---^
contracts/have.sol:116:17: Warning: Use of the "var" keyword is deprecated.
            for(var i = 0; i<winners.length; i++){//from the first to the last
                ^---^
contracts/have.sol:121:25: Warning: Use of the "var" keyword is deprecated.
                    for(var j = getCandidatePosition(candidate, i+1); j>i; j--){
                        ^---^
contracts/have.sol:201:51: Warning: "throw" is deprecated in favour of "revert()", "require()" and "assert()".
        if(!c4c.send(this.balance/10000*c4cfee))  throw;
                                                  ^---^
contracts/have.sol:203:71: Warning: "throw" is deprecated in favour of "revert()", "require()" and "assert()".
        if(prizeOwner!=0 && !owner.send(totalPrize/10000*prizeOwner)) throw;
                                                                      ^---^
contracts/have.sol:204:77: Warning: "throw" is deprecated in favour of "revert()", "require()" and "assert()".
        if(prizeReferee!=0 && !referee.send(totalPrize/10000*prizeReferee)) throw;
                                                                            ^---^
contracts/have.sol:206:90: Warning: "throw" is deprecated in favour of "revert()", "require()" and "assert()".
            if(prizeWinners[i]!=0 && !winners[i].send(totalPrize/10000*prizeWinners[i])) throw;
                                                                                         ^---^
contracts/have.sol:211:55: Warning: "throw" is deprecated in favour of "revert()", "require()" and "assert()".
                    if(!luckyVoters[j].send(amount))  throw;
                                                      ^---^
contracts/have.sol:214:44: Warning: "throw" is deprecated in favour of "revert()", "require()" and "assert()".
        else if(!owner.send(this.balance)) throw;//if there is no lucky voter, give remainder to the owner
                                           ^---^
contracts/have.sol:60:7: Warning: This looks like an address but has an invalid checksum. If this is not used as an address, please prepend '00'. Correct checksummed address: '0x87B0DE512502f3e86fD22654B72a640c8e0f59cc'. For more information please see https://solidity.readthedocs.io/en/develop/types.html#address-literals
c4c = 0x87b0de512502f3e86fd22654b72a640c8e0f59cc;
      ^----------------------------------------^
contracts/have.sol:116:17: Warning: The type of this variable was inferred as uint8, which can hold values between 0 and 255. This is probably not desired. Use an explicit type to silence this warning.
            for(var i = 0; i<winners.length; i++){//from the first to the last
                ^-------^
contracts/have.sol:161:16: Warning: Using contract member "balance" inherited from the address type is deprecated. Convert the contract to "address" type to access the member, for example use "address(contract).balance" instead.
            if(this.balance>10000) distributePrizes(); //more than 10000 wei so every party gets at least 1 wei (if s.b. gets 0.01%)
               ^----------^
contracts/have.sol:162:13: Warning: Invoking events without "emit" prefix is deprecated.
            ContestClosed(totalPrize, winners, luckyVoters);
            ^---------------------------------------------^
contracts/have.sol:173:14: Error: Uninitialized mapping. Mappings cannot be created dynamically, you have to assign them from a state variable.
             mapping (uint => bool) chosen;
             ^---------------------------^
contracts/have.sol:201:22: Warning: Using contract member "balance" inherited from the address type is deprecated. Convert the contract to "address" type to access the member, for example use "address(contract).balance" instead.
        if(!c4c.send(this.balance/10000*c4cfee))  throw;
                     ^----------^
contracts/have.sol:202:22: Warning: Using contract member "balance" inherited from the address type is deprecated. Convert the contract to "address" type to access the member, for example use "address(contract).balance" instead.
        totalPrize = this.balance;
                     ^----------^
contracts/have.sol:208:16: Warning: Using contract member "balance" inherited from the address type is deprecated. Convert the contract to "address" type to access the member, for example use "address(contract).balance" instead.
            if(this.balance>luckyVoters.length){//if there is ether left to be distributed amongst the lucky voters
               ^----------^
contracts/have.sol:209:31: Warning: Using contract member "balance" inherited from the address type is deprecated. Convert the contract to "address" type to access the member, for example use "address(contract).balance" instead.
                uint amount = this.balance/luckyVoters.length;
                              ^----------^
contracts/have.sol:214:29: Warning: Using contract member "balance" inherited from the address type is deprecated. Convert the contract to "address" type to access the member, for example use "address(contract).balance" instead.
        else if(!owner.send(this.balance)) throw;//if there is no lucky voter, give remainder to the owner
                            ^----------^
contracts/TypeError:.sol:59:1: Warning: Defining constructors as functions with the same name as the contract is deprecated. Use "constructor(...) { ... }" instead.
function Contest() payable{
^ (Relevant source part starts here and spans across multiple lines).
contracts/TypeError:.sol:79:1: Warning: "throw" is deprecated in favour of "revert()", "require()" and "assert()".
throw;
^---^
contracts/TypeError:.sol:81:1: Warning: "throw" is deprecated in favour of "revert()", "require()" and "assert()".
throw;
^---^
contracts/TypeError:.sol:88:13: Warning: "throw" is deprecated in favour of "revert()", "require()" and "assert()".
            throw;
            ^---^
contracts/TypeError:.sol:90:13: Warning: "throw" is deprecated in favour of "revert()", "require()" and "assert()".
            throw;
            ^---^
contracts/TypeError:.sol:92:13: Warning: "throw" is deprecated in favour of "revert()", "require()" and "assert()".
            throw;
            ^---^
contracts/TypeError:.sol:106:13: Warning: "throw" is deprecated in favour of "revert()", "require()" and "assert()".
            throw;
            ^---^
contracts/TypeError:.sol:108:13: Warning: "throw" is deprecated in favour of "revert()", "require()" and "assert()".
            throw;
            ^---^
contracts/TypeError:.sol:110:13: Warning: "throw" is deprecated in favour of "revert()", "require()" and "assert()".
            throw;
            ^---^
contracts/TypeError:.sol:116:17: Warning: Use of the "var" keyword is deprecated.
            for(var i = 0; i<winners.length; i++){//from the first to the last
                ^---^
contracts/TypeError:.sol:121:25: Warning: Use of the "var" keyword is deprecated.
                    for(var j = getCandidatePosition(candidate, i+1); j>i; j--){
                        ^---^
contracts/TypeError:.sol:201:51: Warning: "throw" is deprecated in favour of "revert()", "require()" and "assert()".
        if(!c4c.send(this.balance/10000*c4cfee))  throw;
                                                  ^---^
contracts/TypeError:.sol:203:71: Warning: "throw" is deprecated in favour of "revert()", "require()" and "assert()".
        if(prizeOwner!=0 && !owner.send(totalPrize/10000*prizeOwner)) throw;
                                                                      ^---^
contracts/TypeError:.sol:204:77: Warning: "throw" is deprecated in favour of "revert()", "require()" and "assert()".
        if(prizeReferee!=0 && !referee.send(totalPrize/10000*prizeReferee)) throw;
                                                                            ^---^
contracts/TypeError:.sol:206:90: Warning: "throw" is deprecated in favour of "revert()", "require()" and "assert()".
            if(prizeWinners[i]!=0 && !winners[i].send(totalPrize/10000*prizeWinners[i])) throw;
                                                                                         ^---^
contracts/TypeError:.sol:211:55: Warning: "throw" is deprecated in favour of "revert()", "require()" and "assert()".
                    if(!luckyVoters[j].send(amount))  throw;
                                                      ^---^
contracts/TypeError:.sol:214:44: Warning: "throw" is deprecated in favour of "revert()", "require()" and "assert()".
        else if(!owner.send(this.balance)) throw;//if there is no lucky voter, give remainder to the owner
                                           ^---^
contracts/TypeError:.sol:60:7: Warning: This looks like an address but has an invalid checksum. If this is not used as an address, please prepend '00'. Correct checksummed address: '0x87B0DE512502f3e86fD22654B72a640c8e0f59cc'. For more information please see https://solidity.readthedocs.io/en/develop/types.html#address-literals
c4c = 0x87b0de512502f3e86fd22654b72a640c8e0f59cc;
      ^----------------------------------------^
contracts/TypeError:.sol:116:17: Warning: The type of this variable was inferred as uint8, which can hold values between 0 and 255. This is probably not desired. Use an explicit type to silence this warning.
            for(var i = 0; i<winners.length; i++){//from the first to the last
                ^-------^
contracts/TypeError:.sol:161:16: Warning: Using contract member "balance" inherited from the address type is deprecated. Convert the contract to "address" type to access the member, for example use "address(contract).balance" instead.
            if(this.balance>10000) distributePrizes(); //more than 10000 wei so every party gets at least 1 wei (if s.b. gets 0.01%)
               ^----------^
contracts/TypeError:.sol:162:13: Warning: Invoking events without "emit" prefix is deprecated.
            ContestClosed(totalPrize, winners, luckyVoters);
            ^---------------------------------------------^
contracts/TypeError:.sol:173:14: Error: Uninitialized mapping. Mappings cannot be created dynamically, you have to assign them from a state variable.
             mapping (uint => bool) chosen;
             ^---------------------------^
contracts/TypeError:.sol:201:22: Warning: Using contract member "balance" inherited from the address type is deprecated. Convert the contract to "address" type to access the member, for example use "address(contract).balance" instead.
        if(!c4c.send(this.balance/10000*c4cfee))  throw;
                     ^----------^
contracts/TypeError:.sol:202:22: Warning: Using contract member "balance" inherited from the address type is deprecated. Convert the contract to "address" type to access the member, for example use "address(contract).balance" instead.
        totalPrize = this.balance;
                     ^----------^
contracts/TypeError:.sol:208:16: Warning: Using contract member "balance" inherited from the address type is deprecated. Convert the contract to "address" type to access the member, for example use "address(contract).balance" instead.
            if(this.balance>luckyVoters.length){//if there is ether left to be distributed amongst the lucky voters
               ^----------^
contracts/TypeError:.sol:209:31: Warning: Using contract member "balance" inherited from the address type is deprecated. Convert the contract to "address" type to access the member, for example use "address(contract).balance" instead.
                uint amount = this.balance/luckyVoters.length;
                              ^----------^
contracts/TypeError:.sol:214:29: Warning: Using contract member "balance" inherited from the address type is deprecated. Convert the contract to "address" type to access the member, for example use "address(contract).balance" instead.
        else if(!owner.send(this.balance)) throw;//if there is no lucky voter, give remainder to the owner
                            ^----------^
contracts/mapping.sol:59:1: Warning: Defining constructors as functions with the same name as the contract is deprecated. Use "constructor(...) { ... }" instead.
function Contest() payable{
^ (Relevant source part starts here and spans across multiple lines).
contracts/mapping.sol:79:1: Warning: "throw" is deprecated in favour of "revert()", "require()" and "assert()".
throw;
^---^
contracts/mapping.sol:81:1: Warning: "throw" is deprecated in favour of "revert()", "require()" and "assert()".
throw;
^---^
contracts/mapping.sol:88:13: Warning: "throw" is deprecated in favour of "revert()", "require()" and "assert()".
            throw;
            ^---^
contracts/mapping.sol:90:13: Warning: "throw" is deprecated in favour of "revert()", "require()" and "assert()".
            throw;
            ^---^
contracts/mapping.sol:92:13: Warning: "throw" is deprecated in favour of "revert()", "require()" and "assert()".
            throw;
            ^---^
contracts/mapping.sol:106:13: Warning: "throw" is deprecated in favour of "revert()", "require()" and "assert()".
            throw;
            ^---^
contracts/mapping.sol:108:13: Warning: "throw" is deprecated in favour of "revert()", "require()" and "assert()".
            throw;
            ^---^
contracts/mapping.sol:110:13: Warning: "throw" is deprecated in favour of "revert()", "require()" and "assert()".
            throw;
            ^---^
contracts/mapping.sol:116:17: Warning: Use of the "var" keyword is deprecated.
            for(var i = 0; i<winners.length; i++){//from the first to the last
                ^---^
contracts/mapping.sol:121:25: Warning: Use of the "var" keyword is deprecated.
                    for(var j = getCandidatePosition(candidate, i+1); j>i; j--){
                        ^---^
contracts/mapping.sol:201:51: Warning: "throw" is deprecated in favour of "revert()", "require()" and "assert()".
        if(!c4c.send(this.balance/10000*c4cfee))  throw;
                                                  ^---^
contracts/mapping.sol:203:71: Warning: "throw" is deprecated in favour of "revert()", "require()" and "assert()".
        if(prizeOwner!=0 && !owner.send(totalPrize/10000*prizeOwner)) throw;
                                                                      ^---^
contracts/mapping.sol:204:77: Warning: "throw" is deprecated in favour of "revert()", "require()" and "assert()".
        if(prizeReferee!=0 && !referee.send(totalPrize/10000*prizeReferee)) throw;
                                                                            ^---^
contracts/mapping.sol:206:90: Warning: "throw" is deprecated in favour of "revert()", "require()" and "assert()".
            if(prizeWinners[i]!=0 && !winners[i].send(totalPrize/10000*prizeWinners[i])) throw;
                                                                                         ^---^
contracts/mapping.sol:211:55: Warning: "throw" is deprecated in favour of "revert()", "require()" and "assert()".
                    if(!luckyVoters[j].send(amount))  throw;
                                                      ^---^
contracts/mapping.sol:214:44: Warning: "throw" is deprecated in favour of "revert()", "require()" and "assert()".
        else if(!owner.send(this.balance)) throw;//if there is no lucky voter, give remainder to the owner
                                           ^---^
contracts/mapping.sol:60:7: Warning: This looks like an address but has an invalid checksum. If this is not used as an address, please prepend '00'. Correct checksummed address: '0x87B0DE512502f3e86fD22654B72a640c8e0f59cc'. For more information please see https://solidity.readthedocs.io/en/develop/types.html#address-literals
c4c = 0x87b0de512502f3e86fd22654b72a640c8e0f59cc;
      ^----------------------------------------^
contracts/mapping.sol:116:17: Warning: The type of this variable was inferred as uint8, which can hold values between 0 and 255. This is probably not desired. Use an explicit type to silence this warning.
            for(var i = 0; i<winners.length; i++){//from the first to the last
                ^-------^
contracts/mapping.sol:161:16: Warning: Using contract member "balance" inherited from the address type is deprecated. Convert the contract to "address" type to access the member, for example use "address(contract).balance" instead.
            if(this.balance>10000) distributePrizes(); //more than 10000 wei so every party gets at least 1 wei (if s.b. gets 0.01%)
               ^----------^
contracts/mapping.sol:162:13: Warning: Invoking events without "emit" prefix is deprecated.
            ContestClosed(totalPrize, winners, luckyVoters);
            ^---------------------------------------------^
contracts/mapping.sol:173:14: Error: Uninitialized mapping. Mappings cannot be created dynamically, you have to assign them from a state variable.
             mapping (uint => bool) chosen;
             ^---------------------------^
contracts/mapping.sol:201:22: Warning: Using contract member "balance" inherited from the address type is deprecated. Convert the contract to "address" type to access the member, for example use "address(contract).balance" instead.
        if(!c4c.send(this.balance/10000*c4cfee))  throw;
                     ^----------^
contracts/mapping.sol:202:22: Warning: Using contract member "balance" inherited from the address type is deprecated. Convert the contract to "address" type to access the member, for example use "address(contract).balance" instead.
        totalPrize = this.balance;
                     ^----------^
contracts/mapping.sol:208:16: Warning: Using contract member "balance" inherited from the address type is deprecated. Convert the contract to "address" type to access the member, for example use "address(contract).balance" instead.
            if(this.balance>luckyVoters.length){//if there is ether left to be distributed amongst the lucky voters
               ^----------^
contracts/mapping.sol:209:31: Warning: Using contract member "balance" inherited from the address type is deprecated. Convert the contract to "address" type to access the member, for example use "address(contract).balance" instead.
                uint amount = this.balance/luckyVoters.length;
                              ^----------^
contracts/mapping.sol:214:29: Warning: Using contract member "balance" inherited from the address type is deprecated. Convert the contract to "address" type to access the member, for example use "address(contract).balance" instead.
        else if(!owner.send(this.balance)) throw;//if there is no lucky voter, give remainder to the owner
                            ^----------^
contracts/you.sol:59:1: Warning: Defining constructors as functions with the same name as the contract is deprecated. Use "constructor(...) { ... }" instead.
function Contest() payable{
^ (Relevant source part starts here and spans across multiple lines).
contracts/you.sol:79:1: Warning: "throw" is deprecated in favour of "revert()", "require()" and "assert()".
throw;
^---^
contracts/you.sol:81:1: Warning: "throw" is deprecated in favour of "revert()", "require()" and "assert()".
throw;
^---^
contracts/you.sol:88:13: Warning: "throw" is deprecated in favour of "revert()", "require()" and "assert()".
            throw;
            ^---^
contracts/you.sol:90:13: Warning: "throw" is deprecated in favour of "revert()", "require()" and "assert()".
            throw;
            ^---^
contracts/you.sol:92:13: Warning: "throw" is deprecated in favour of "revert()", "require()" and "assert()".
            throw;
            ^---^
contracts/you.sol:106:13: Warning: "throw" is deprecated in favour of "revert()", "require()" and "assert()".
            throw;
            ^---^
contracts/you.sol:108:13: Warning: "throw" is deprecated in favour of "revert()", "require()" and "assert()".
            throw;
            ^---^
contracts/you.sol:110:13: Warning: "throw" is deprecated in favour of "revert()", "require()" and "assert()".
            throw;
            ^---^
contracts/you.sol:116:17: Warning: Use of the "var" keyword is deprecated.
            for(var i = 0; i<winners.length; i++){//from the first to the last
                ^---^
contracts/you.sol:121:25: Warning: Use of the "var" keyword is deprecated.
                    for(var j = getCandidatePosition(candidate, i+1); j>i; j--){
                        ^---^
contracts/you.sol:201:51: Warning: "throw" is deprecated in favour of "revert()", "require()" and "assert()".
        if(!c4c.send(this.balance/10000*c4cfee))  throw;
                                                  ^---^
contracts/you.sol:203:71: Warning: "throw" is deprecated in favour of "revert()", "require()" and "assert()".
        if(prizeOwner!=0 && !owner.send(totalPrize/10000*prizeOwner)) throw;
                                                                      ^---^
contracts/you.sol:204:77: Warning: "throw" is deprecated in favour of "revert()", "require()" and "assert()".
        if(prizeReferee!=0 && !referee.send(totalPrize/10000*prizeReferee)) throw;
                                                                            ^---^
contracts/you.sol:206:90: Warning: "throw" is deprecated in favour of "revert()", "require()" and "assert()".
            if(prizeWinners[i]!=0 && !winners[i].send(totalPrize/10000*prizeWinners[i])) throw;
                                                                                         ^---^
contracts/you.sol:211:55: Warning: "throw" is deprecated in favour of "revert()", "require()" and "assert()".
                    if(!luckyVoters[j].send(amount))  throw;
                                                      ^---^
contracts/you.sol:214:44: Warning: "throw" is deprecated in favour of "revert()", "require()" and "assert()".
        else if(!owner.send(this.balance)) throw;//if there is no lucky voter, give remainder to the owner
                                           ^---^
contracts/you.sol:60:7: Warning: This looks like an address but has an invalid checksum. If this is not used as an address, please prepend '00'. Correct checksummed address: '0x87B0DE512502f3e86fD22654B72a640c8e0f59cc'. For more information please see https://solidity.readthedocs.io/en/develop/types.html#address-literals
c4c = 0x87b0de512502f3e86fd22654b72a640c8e0f59cc;
      ^----------------------------------------^
contracts/you.sol:116:17: Warning: The type of this variable was inferred as uint8, which can hold values between 0 and 255. This is probably not desired. Use an explicit type to silence this warning.
            for(var i = 0; i<winners.length; i++){//from the first to the last
                ^-------^
contracts/you.sol:161:16: Warning: Using contract member "balance" inherited from the address type is deprecated. Convert the contract to "address" type to access the member, for example use "address(contract).balance" instead.
            if(this.balance>10000) distributePrizes(); //more than 10000 wei so every party gets at least 1 wei (if s.b. gets 0.01%)
               ^----------^
contracts/you.sol:162:13: Warning: Invoking events without "emit" prefix is deprecated.
            ContestClosed(totalPrize, winners, luckyVoters);
            ^---------------------------------------------^
contracts/you.sol:173:14: Error: Uninitialized mapping. Mappings cannot be created dynamically, you have to assign them from a state variable.
             mapping (uint => bool) chosen;
             ^---------------------------^
contracts/you.sol:201:22: Warning: Using contract member "balance" inherited from the address type is deprecated. Convert the contract to "address" type to access the member, for example use "address(contract).balance" instead.
        if(!c4c.send(this.balance/10000*c4cfee))  throw;
                     ^----------^
contracts/you.sol:202:22: Warning: Using contract member "balance" inherited from the address type is deprecated. Convert the contract to "address" type to access the member, for example use "address(contract).balance" instead.
        totalPrize = this.balance;
                     ^----------^
contracts/you.sol:208:16: Warning: Using contract member "balance" inherited from the address type is deprecated. Convert the contract to "address" type to access the member, for example use "address(contract).balance" instead.
            if(this.balance>luckyVoters.length){//if there is ether left to be distributed amongst the lucky voters
               ^----------^
contracts/you.sol:209:31: Warning: Using contract member "balance" inherited from the address type is deprecated. Convert the contract to "address" type to access the member, for example use "address(contract).balance" instead.
                uint amount = this.balance/luckyVoters.length;
                              ^----------^
contracts/you.sol:214:29: Warning: Using contract member "balance" inherited from the address type is deprecated. Convert the contract to "address" type to access the member, for example use "address(contract).balance" instead.
        else if(!owner.send(this.balance)) throw;//if there is no lucky voter, give remainder to the owner
                            ^----------^
contracts/^---------------------------^.sol:59:1: Warning: Defining constructors as functions with the same name as the contract is deprecated. Use "constructor(...) { ... }" instead.
function Contest() payable{
^ (Relevant source part starts here and spans across multiple lines).
contracts/^---------------------------^.sol:79:1: Warning: "throw" is deprecated in favour of "revert()", "require()" and "assert()".
throw;
^---^
contracts/^---------------------------^.sol:81:1: Warning: "throw" is deprecated in favour of "revert()", "require()" and "assert()".
throw;
^---^
contracts/^---------------------------^.sol:88:13: Warning: "throw" is deprecated in favour of "revert()", "require()" and "assert()".
            throw;
            ^---^
contracts/^---------------------------^.sol:90:13: Warning: "throw" is deprecated in favour of "revert()", "require()" and "assert()".
            throw;
            ^---^
contracts/^---------------------------^.sol:92:13: Warning: "throw" is deprecated in favour of "revert()", "require()" and "assert()".
            throw;
            ^---^
contracts/^---------------------------^.sol:106:13: Warning: "throw" is deprecated in favour of "revert()", "require()" and "assert()".
            throw;
            ^---^
contracts/^---------------------------^.sol:108:13: Warning: "throw" is deprecated in favour of "revert()", "require()" and "assert()".
            throw;
            ^---^
contracts/^---------------------------^.sol:110:13: Warning: "throw" is deprecated in favour of "revert()", "require()" and "assert()".
            throw;
            ^---^
contracts/^---------------------------^.sol:116:17: Warning: Use of the "var" keyword is deprecated.
            for(var i = 0; i<winners.length; i++){//from the first to the last
                ^---^
contracts/^---------------------------^.sol:121:25: Warning: Use of the "var" keyword is deprecated.
                    for(var j = getCandidatePosition(candidate, i+1); j>i; j--){
                        ^---^
contracts/^---------------------------^.sol:201:51: Warning: "throw" is deprecated in favour of "revert()", "require()" and "assert()".
        if(!c4c.send(this.balance/10000*c4cfee))  throw;
                                                  ^---^
contracts/^---------------------------^.sol:203:71: Warning: "throw" is deprecated in favour of "revert()", "require()" and "assert()".
        if(prizeOwner!=0 && !owner.send(totalPrize/10000*prizeOwner)) throw;
                                                                      ^---^
contracts/^---------------------------^.sol:204:77: Warning: "throw" is deprecated in favour of "revert()", "require()" and "assert()".
        if(prizeReferee!=0 && !referee.send(totalPrize/10000*prizeReferee)) throw;
                                                                            ^---^
contracts/^---------------------------^.sol:206:90: Warning: "throw" is deprecated in favour of "revert()", "require()" and "assert()".
            if(prizeWinners[i]!=0 && !winners[i].send(totalPrize/10000*prizeWinners[i])) throw;
                                                                                         ^---^
contracts/^---------------------------^.sol:211:55: Warning: "throw" is deprecated in favour of "revert()", "require()" and "assert()".
                    if(!luckyVoters[j].send(amount))  throw;
                                                      ^---^
contracts/^---------------------------^.sol:214:44: Warning: "throw" is deprecated in favour of "revert()", "require()" and "assert()".
        else if(!owner.send(this.balance)) throw;//if there is no lucky voter, give remainder to the owner
                                           ^---^
contracts/^---------------------------^.sol:60:7: Warning: This looks like an address but has an invalid checksum. If this is not used as an address, please prepend '00'. Correct checksummed address: '0x87B0DE512502f3e86fD22654B72a640c8e0f59cc'. For more information please see https://solidity.readthedocs.io/en/develop/types.html#address-literals
c4c = 0x87b0de512502f3e86fd22654b72a640c8e0f59cc;
      ^----------------------------------------^
contracts/^---------------------------^.sol:116:17: Warning: The type of this variable was inferred as uint8, which can hold values between 0 and 255. This is probably not desired. Use an explicit type to silence this warning.
            for(var i = 0; i<winners.length; i++){//from the first to the last
                ^-------^
contracts/^---------------------------^.sol:161:16: Warning: Using contract member "balance" inherited from the address type is deprecated. Convert the contract to "address" type to access the member, for example use "address(contract).balance" instead.
            if(this.balance>10000) distributePrizes(); //more than 10000 wei so every party gets at least 1 wei (if s.b. gets 0.01%)
               ^----------^
contracts/^---------------------------^.sol:162:13: Warning: Invoking events without "emit" prefix is deprecated.
            ContestClosed(totalPrize, winners, luckyVoters);
            ^---------------------------------------------^
contracts/^---------------------------^.sol:173:14: Error: Uninitialized mapping. Mappings cannot be created dynamically, you have to assign them from a state variable.
             mapping (uint => bool) chosen;
             ^---------------------------^
contracts/^---------------------------^.sol:201:22: Warning: Using contract member "balance" inherited from the address type is deprecated. Convert the contract to "address" type to access the member, for example use "address(contract).balance" instead.
        if(!c4c.send(this.balance/10000*c4cfee))  throw;
                     ^----------^
contracts/^---------------------------^.sol:202:22: Warning: Using contract member "balance" inherited from the address type is deprecated. Convert the contract to "address" type to access the member, for example use "address(contract).balance" instead.
        totalPrize = this.balance;
                     ^----------^
contracts/^---------------------------^.sol:208:16: Warning: Using contract member "balance" inherited from the address type is deprecated. Convert the contract to "address" type to access the member, for example use "address(contract).balance" instead.
            if(this.balance>luckyVoters.length){//if there is ether left to be distributed amongst the lucky voters
               ^----------^
contracts/^---------------------------^.sol:209:31: Warning: Using contract member "balance" inherited from the address type is deprecated. Convert the contract to "address" type to access the member, for example use "address(contract).balance" instead.
                uint amount = this.balance/luckyVoters.length;
                              ^----------^
contracts/^---------------------------^.sol:214:29: Warning: Using contract member "balance" inherited from the address type is deprecated. Convert the contract to "address" type to access the member, for example use "address(contract).balance" instead.
        else if(!owner.send(this.balance)) throw;//if there is no lucky voter, give remainder to the owner
                            ^----------^
contracts/state.sol:59:1: Warning: Defining constructors as functions with the same name as the contract is deprecated. Use "constructor(...) { ... }" instead.
function Contest() payable{
^ (Relevant source part starts here and spans across multiple lines).
contracts/state.sol:79:1: Warning: "throw" is deprecated in favour of "revert()", "require()" and "assert()".
throw;
^---^
contracts/state.sol:81:1: Warning: "throw" is deprecated in favour of "revert()", "require()" and "assert()".
throw;
^---^
contracts/state.sol:88:13: Warning: "throw" is deprecated in favour of "revert()", "require()" and "assert()".
            throw;
            ^---^
contracts/state.sol:90:13: Warning: "throw" is deprecated in favour of "revert()", "require()" and "assert()".
            throw;
            ^---^
contracts/state.sol:92:13: Warning: "throw" is deprecated in favour of "revert()", "require()" and "assert()".
            throw;
            ^---^
contracts/state.sol:106:13: Warning: "throw" is deprecated in favour of "revert()", "require()" and "assert()".
            throw;
            ^---^
contracts/state.sol:108:13: Warning: "throw" is deprecated in favour of "revert()", "require()" and "assert()".
            throw;
            ^---^
contracts/state.sol:110:13: Warning: "throw" is deprecated in favour of "revert()", "require()" and "assert()".
            throw;
            ^---^
contracts/state.sol:116:17: Warning: Use of the "var" keyword is deprecated.
            for(var i = 0; i<winners.length; i++){//from the first to the last
                ^---^
contracts/state.sol:121:25: Warning: Use of the "var" keyword is deprecated.
                    for(var j = getCandidatePosition(candidate, i+1); j>i; j--){
                        ^---^
contracts/state.sol:201:51: Warning: "throw" is deprecated in favour of "revert()", "require()" and "assert()".
        if(!c4c.send(this.balance/10000*c4cfee))  throw;
                                                  ^---^
contracts/state.sol:203:71: Warning: "throw" is deprecated in favour of "revert()", "require()" and "assert()".
        if(prizeOwner!=0 && !owner.send(totalPrize/10000*prizeOwner)) throw;
                                                                      ^---^
contracts/state.sol:204:77: Warning: "throw" is deprecated in favour of "revert()", "require()" and "assert()".
        if(prizeReferee!=0 && !referee.send(totalPrize/10000*prizeReferee)) throw;
                                                                            ^---^
contracts/state.sol:206:90: Warning: "throw" is deprecated in favour of "revert()", "require()" and "assert()".
            if(prizeWinners[i]!=0 && !winners[i].send(totalPrize/10000*prizeWinners[i])) throw;
                                                                                         ^---^
contracts/state.sol:211:55: Warning: "throw" is deprecated in favour of "revert()", "require()" and "assert()".
                    if(!luckyVoters[j].send(amount))  throw;
                                                      ^---^
contracts/state.sol:214:44: Warning: "throw" is deprecated in favour of "revert()", "require()" and "assert()".
        else if(!owner.send(this.balance)) throw;//if there is no lucky voter, give remainder to the owner
                                           ^---^
contracts/state.sol:60:7: Warning: This looks like an address but has an invalid checksum. If this is not used as an address, please prepend '00'. Correct checksummed address: '0x87B0DE512502f3e86fD22654B72a640c8e0f59cc'. For more information please see https://solidity.readthedocs.io/en/develop/types.html#address-literals
c4c = 0x87b0de512502f3e86fd22654b72a640c8e0f59cc;
      ^----------------------------------------^
contracts/state.sol:116:17: Warning: The type of this variable was inferred as uint8, which can hold values between 0 and 255. This is probably not desired. Use an explicit type to silence this warning.
            for(var i = 0; i<winners.length; i++){//from the first to the last
                ^-------^
contracts/state.sol:161:16: Warning: Using contract member "balance" inherited from the address type is deprecated. Convert the contract to "address" type to access the member, for example use "address(contract).balance" instead.
            if(this.balance>10000) distributePrizes(); //more than 10000 wei so every party gets at least 1 wei (if s.b. gets 0.01%)
               ^----------^
contracts/state.sol:162:13: Warning: Invoking events without "emit" prefix is deprecated.
            ContestClosed(totalPrize, winners, luckyVoters);
            ^---------------------------------------------^
contracts/state.sol:173:14: Error: Uninitialized mapping. Mappings cannot be created dynamically, you have to assign them from a state variable.
             mapping (uint => bool) chosen;
             ^---------------------------^
contracts/state.sol:201:22: Warning: Using contract member "balance" inherited from the address type is deprecated. Convert the contract to "address" type to access the member, for example use "address(contract).balance" instead.
        if(!c4c.send(this.balance/10000*c4cfee))  throw;
                     ^----------^
contracts/state.sol:202:22: Warning: Using contract member "balance" inherited from the address type is deprecated. Convert the contract to "address" type to access the member, for example use "address(contract).balance" instead.
        totalPrize = this.balance;
                     ^----------^
contracts/state.sol:208:16: Warning: Using contract member "balance" inherited from the address type is deprecated. Convert the contract to "address" type to access the member, for example use "address(contract).balance" instead.
            if(this.balance>luckyVoters.length){//if there is ether left to be distributed amongst the lucky voters
               ^----------^
contracts/state.sol:209:31: Warning: Using contract member "balance" inherited from the address type is deprecated. Convert the contract to "address" type to access the member, for example use "address(contract).balance" instead.
                uint amount = this.balance/luckyVoters.length;
                              ^----------^
contracts/state.sol:214:29: Warning: Using contract member "balance" inherited from the address type is deprecated. Convert the contract to "address" type to access the member, for example use "address(contract).balance" instead.
        else if(!owner.send(this.balance)) throw;//if there is no lucky voter, give remainder to the owner
                            ^----------^
contracts/mapping..sol:59:1: Warning: Defining constructors as functions with the same name as the contract is deprecated. Use "constructor(...) { ... }" instead.
function Contest() payable{
^ (Relevant source part starts here and spans across multiple lines).
contracts/mapping..sol:79:1: Warning: "throw" is deprecated in favour of "revert()", "require()" and "assert()".
throw;
^---^
contracts/mapping..sol:81:1: Warning: "throw" is deprecated in favour of "revert()", "require()" and "assert()".
throw;
^---^
contracts/mapping..sol:88:13: Warning: "throw" is deprecated in favour of "revert()", "require()" and "assert()".
            throw;
            ^---^
contracts/mapping..sol:90:13: Warning: "throw" is deprecated in favour of "revert()", "require()" and "assert()".
            throw;
            ^---^
contracts/mapping..sol:92:13: Warning: "throw" is deprecated in favour of "revert()", "require()" and "assert()".
            throw;
            ^---^
contracts/mapping..sol:106:13: Warning: "throw" is deprecated in favour of "revert()", "require()" and "assert()".
            throw;
            ^---^
contracts/mapping..sol:108:13: Warning: "throw" is deprecated in favour of "revert()", "require()" and "assert()".
            throw;
            ^---^
contracts/mapping..sol:110:13: Warning: "throw" is deprecated in favour of "revert()", "require()" and "assert()".
            throw;
            ^---^
contracts/mapping..sol:116:17: Warning: Use of the "var" keyword is deprecated.
            for(var i = 0; i<winners.length; i++){//from the first to the last
                ^---^
contracts/mapping..sol:121:25: Warning: Use of the "var" keyword is deprecated.
                    for(var j = getCandidatePosition(candidate, i+1); j>i; j--){
                        ^---^
contracts/mapping..sol:201:51: Warning: "throw" is deprecated in favour of "revert()", "require()" and "assert()".
        if(!c4c.send(this.balance/10000*c4cfee))  throw;
                                                  ^---^
contracts/mapping..sol:203:71: Warning: "throw" is deprecated in favour of "revert()", "require()" and "assert()".
        if(prizeOwner!=0 && !owner.send(totalPrize/10000*prizeOwner)) throw;
                                                                      ^---^
contracts/mapping..sol:204:77: Warning: "throw" is deprecated in favour of "revert()", "require()" and "assert()".
        if(prizeReferee!=0 && !referee.send(totalPrize/10000*prizeReferee)) throw;
                                                                            ^---^
contracts/mapping..sol:206:90: Warning: "throw" is deprecated in favour of "revert()", "require()" and "assert()".
            if(prizeWinners[i]!=0 && !winners[i].send(totalPrize/10000*prizeWinners[i])) throw;
                                                                                         ^---^
contracts/mapping..sol:211:55: Warning: "throw" is deprecated in favour of "revert()", "require()" and "assert()".
                    if(!luckyVoters[j].send(amount))  throw;
                                                      ^---^
contracts/mapping..sol:214:44: Warning: "throw" is deprecated in favour of "revert()", "require()" and "assert()".
        else if(!owner.send(this.balance)) throw;//if there is no lucky voter, give remainder to the owner
                                           ^---^
contracts/mapping..sol:60:7: Warning: This looks like an address but has an invalid checksum. If this is not used as an address, please prepend '00'. Correct checksummed address: '0x87B0DE512502f3e86fD22654B72a640c8e0f59cc'. For more information please see https://solidity.readthedocs.io/en/develop/types.html#address-literals
c4c = 0x87b0de512502f3e86fd22654b72a640c8e0f59cc;
      ^----------------------------------------^
contracts/mapping..sol:116:17: Warning: The type of this variable was inferred as uint8, which can hold values between 0 and 255. This is probably not desired. Use an explicit type to silence this warning.
            for(var i = 0; i<winners.length; i++){//from the first to the last
                ^-------^
contracts/mapping..sol:161:16: Warning: Using contract member "balance" inherited from the address type is deprecated. Convert the contract to "address" type to access the member, for example use "address(contract).balance" instead.
            if(this.balance>10000) distributePrizes(); //more than 10000 wei so every party gets at least 1 wei (if s.b. gets 0.01%)
               ^----------^
contracts/mapping..sol:162:13: Warning: Invoking events without "emit" prefix is deprecated.
            ContestClosed(totalPrize, winners, luckyVoters);
            ^---------------------------------------------^
contracts/mapping..sol:173:14: Error: Uninitialized mapping. Mappings cannot be created dynamically, you have to assign them from a state variable.
             mapping (uint => bool) chosen;
             ^---------------------------^
contracts/mapping..sol:201:22: Warning: Using contract member "balance" inherited from the address type is deprecated. Convert the contract to "address" type to access the member, for example use "address(contract).balance" instead.
        if(!c4c.send(this.balance/10000*c4cfee))  throw;
                     ^----------^
contracts/mapping..sol:202:22: Warning: Using contract member "balance" inherited from the address type is deprecated. Convert the contract to "address" type to access the member, for example use "address(contract).balance" instead.
        totalPrize = this.balance;
                     ^----------^
contracts/mapping..sol:208:16: Warning: Using contract member "balance" inherited from the address type is deprecated. Convert the contract to "address" type to access the member, for example use "address(contract).balance" instead.
            if(this.balance>luckyVoters.length){//if there is ether left to be distributed amongst the lucky voters
               ^----------^
contracts/mapping..sol:209:31: Warning: Using contract member "balance" inherited from the address type is deprecated. Convert the contract to "address" type to access the member, for example use "address(contract).balance" instead.
                uint amount = this.balance/luckyVoters.length;
                              ^----------^
contracts/mapping..sol:214:29: Warning: Using contract member "balance" inherited from the address type is deprecated. Convert the contract to "address" type to access the member, for example use "address(contract).balance" instead.
        else if(!owner.send(this.balance)) throw;//if there is no lucky voter, give remainder to the owner
                            ^----------^
contracts/them.sol:59:1: Warning: Defining constructors as functions with the same name as the contract is deprecated. Use "constructor(...) { ... }" instead.
function Contest() payable{
^ (Relevant source part starts here and spans across multiple lines).
contracts/them.sol:79:1: Warning: "throw" is deprecated in favour of "revert()", "require()" and "assert()".
throw;
^---^
contracts/them.sol:81:1: Warning: "throw" is deprecated in favour of "revert()", "require()" and "assert()".
throw;
^---^
contracts/them.sol:88:13: Warning: "throw" is deprecated in favour of "revert()", "require()" and "assert()".
            throw;
            ^---^
contracts/them.sol:90:13: Warning: "throw" is deprecated in favour of "revert()", "require()" and "assert()".
            throw;
            ^---^
contracts/them.sol:92:13: Warning: "throw" is deprecated in favour of "revert()", "require()" and "assert()".
            throw;
            ^---^
contracts/them.sol:106:13: Warning: "throw" is deprecated in favour of "revert()", "require()" and "assert()".
            throw;
            ^---^
contracts/them.sol:108:13: Warning: "throw" is deprecated in favour of "revert()", "require()" and "assert()".
            throw;
            ^---^
contracts/them.sol:110:13: Warning: "throw" is deprecated in favour of "revert()", "require()" and "assert()".
            throw;
            ^---^
contracts/them.sol:116:17: Warning: Use of the "var" keyword is deprecated.
            for(var i = 0; i<winners.length; i++){//from the first to the last
                ^---^
contracts/them.sol:121:25: Warning: Use of the "var" keyword is deprecated.
                    for(var j = getCandidatePosition(candidate, i+1); j>i; j--){
                        ^---^
contracts/them.sol:201:51: Warning: "throw" is deprecated in favour of "revert()", "require()" and "assert()".
        if(!c4c.send(this.balance/10000*c4cfee))  throw;
                                                  ^---^
contracts/them.sol:203:71: Warning: "throw" is deprecated in favour of "revert()", "require()" and "assert()".
        if(prizeOwner!=0 && !owner.send(totalPrize/10000*prizeOwner)) throw;
                                                                      ^---^
contracts/them.sol:204:77: Warning: "throw" is deprecated in favour of "revert()", "require()" and "assert()".
        if(prizeReferee!=0 && !referee.send(totalPrize/10000*prizeReferee)) throw;
                                                                            ^---^
contracts/them.sol:206:90: Warning: "throw" is deprecated in favour of "revert()", "require()" and "assert()".
            if(prizeWinners[i]!=0 && !winners[i].send(totalPrize/10000*prizeWinners[i])) throw;
                                                                                         ^---^
contracts/them.sol:211:55: Warning: "throw" is deprecated in favour of "revert()", "require()" and "assert()".
                    if(!luckyVoters[j].send(amount))  throw;
                                                      ^---^
contracts/them.sol:214:44: Warning: "throw" is deprecated in favour of "revert()", "require()" and "assert()".
        else if(!owner.send(this.balance)) throw;//if there is no lucky voter, give remainder to the owner
                                           ^---^
contracts/them.sol:60:7: Warning: This looks like an address but has an invalid checksum. If this is not used as an address, please prepend '00'. Correct checksummed address: '0x87B0DE512502f3e86fD22654B72a640c8e0f59cc'. For more information please see https://solidity.readthedocs.io/en/develop/types.html#address-literals
c4c = 0x87b0de512502f3e86fd22654b72a640c8e0f59cc;
      ^----------------------------------------^
contracts/them.sol:116:17: Warning: The type of this variable was inferred as uint8, which can hold values between 0 and 255. This is probably not desired. Use an explicit type to silence this warning.
            for(var i = 0; i<winners.length; i++){//from the first to the last
                ^-------^
contracts/them.sol:161:16: Warning: Using contract member "balance" inherited from the address type is deprecated. Convert the contract to "address" type to access the member, for example use "address(contract).balance" instead.
            if(this.balance>10000) distributePrizes(); //more than 10000 wei so every party gets at least 1 wei (if s.b. gets 0.01%)
               ^----------^
contracts/them.sol:162:13: Warning: Invoking events without "emit" prefix is deprecated.
            ContestClosed(totalPrize, winners, luckyVoters);
            ^---------------------------------------------^
contracts/them.sol:173:14: Error: Uninitialized mapping. Mappings cannot be created dynamically, you have to assign them from a state variable.
             mapping (uint => bool) chosen;
             ^---------------------------^
contracts/them.sol:201:22: Warning: Using contract member "balance" inherited from the address type is deprecated. Convert the contract to "address" type to access the member, for example use "address(contract).balance" instead.
        if(!c4c.send(this.balance/10000*c4cfee))  throw;
                     ^----------^
contracts/them.sol:202:22: Warning: Using contract member "balance" inherited from the address type is deprecated. Convert the contract to "address" type to access the member, for example use "address(contract).balance" instead.
        totalPrize = this.balance;
                     ^----------^
contracts/them.sol:208:16: Warning: Using contract member "balance" inherited from the address type is deprecated. Convert the contract to "address" type to access the member, for example use "address(contract).balance" instead.
            if(this.balance>luckyVoters.length){//if there is ether left to be distributed amongst the lucky voters
               ^----------^
contracts/them.sol:209:31: Warning: Using contract member "balance" inherited from the address type is deprecated. Convert the contract to "address" type to access the member, for example use "address(contract).balance" instead.
                uint amount = this.balance/luckyVoters.length;
                              ^----------^
contracts/them.sol:214:29: Warning: Using contract member "balance" inherited from the address type is deprecated. Convert the contract to "address" type to access the member, for example use "address(contract).balance" instead.
        else if(!owner.send(this.balance)) throw;//if there is no lucky voter, give remainder to the owner
                            ^----------^
contracts/Uninitialized.sol:59:1: Warning: Defining constructors as functions with the same name as the contract is deprecated. Use "constructor(...) { ... }" instead.
function Contest() payable{
^ (Relevant source part starts here and spans across multiple lines).
contracts/Uninitialized.sol:79:1: Warning: "throw" is deprecated in favour of "revert()", "require()" and "assert()".
throw;
^---^
contracts/Uninitialized.sol:81:1: Warning: "throw" is deprecated in favour of "revert()", "require()" and "assert()".
throw;
^---^
contracts/Uninitialized.sol:88:13: Warning: "throw" is deprecated in favour of "revert()", "require()" and "assert()".
            throw;
            ^---^
contracts/Uninitialized.sol:90:13: Warning: "throw" is deprecated in favour of "revert()", "require()" and "assert()".
            throw;
            ^---^
contracts/Uninitialized.sol:92:13: Warning: "throw" is deprecated in favour of "revert()", "require()" and "assert()".
            throw;
            ^---^
contracts/Uninitialized.sol:106:13: Warning: "throw" is deprecated in favour of "revert()", "require()" and "assert()".
            throw;
            ^---^
contracts/Uninitialized.sol:108:13: Warning: "throw" is deprecated in favour of "revert()", "require()" and "assert()".
            throw;
            ^---^
contracts/Uninitialized.sol:110:13: Warning: "throw" is deprecated in favour of "revert()", "require()" and "assert()".
            throw;
            ^---^
contracts/Uninitialized.sol:116:17: Warning: Use of the "var" keyword is deprecated.
            for(var i = 0; i<winners.length; i++){//from the first to the last
                ^---^
contracts/Uninitialized.sol:121:25: Warning: Use of the "var" keyword is deprecated.
                    for(var j = getCandidatePosition(candidate, i+1); j>i; j--){
                        ^---^
contracts/Uninitialized.sol:201:51: Warning: "throw" is deprecated in favour of "revert()", "require()" and "assert()".
        if(!c4c.send(this.balance/10000*c4cfee))  throw;
                                                  ^---^
contracts/Uninitialized.sol:203:71: Warning: "throw" is deprecated in favour of "revert()", "require()" and "assert()".
        if(prizeOwner!=0 && !owner.send(totalPrize/10000*prizeOwner)) throw;
                                                                      ^---^
contracts/Uninitialized.sol:204:77: Warning: "throw" is deprecated in favour of "revert()", "require()" and "assert()".
        if(prizeReferee!=0 && !referee.send(totalPrize/10000*prizeReferee)) throw;
                                                                            ^---^
contracts/Uninitialized.sol:206:90: Warning: "throw" is deprecated in favour of "revert()", "require()" and "assert()".
            if(prizeWinners[i]!=0 && !winners[i].send(totalPrize/10000*prizeWinners[i])) throw;
                                                                                         ^---^
contracts/Uninitialized.sol:211:55: Warning: "throw" is deprecated in favour of "revert()", "require()" and "assert()".
                    if(!luckyVoters[j].send(amount))  throw;
                                                      ^---^
contracts/Uninitialized.sol:214:44: Warning: "throw" is deprecated in favour of "revert()", "require()" and "assert()".
        else if(!owner.send(this.balance)) throw;//if there is no lucky voter, give remainder to the owner
                                           ^---^
contracts/Uninitialized.sol:60:7: Warning: This looks like an address but has an invalid checksum. If this is not used as an address, please prepend '00'. Correct checksummed address: '0x87B0DE512502f3e86fD22654B72a640c8e0f59cc'. For more information please see https://solidity.readthedocs.io/en/develop/types.html#address-literals
c4c = 0x87b0de512502f3e86fd22654b72a640c8e0f59cc;
      ^----------------------------------------^
contracts/Uninitialized.sol:116:17: Warning: The type of this variable was inferred as uint8, which can hold values between 0 and 255. This is probably not desired. Use an explicit type to silence this warning.
            for(var i = 0; i<winners.length; i++){//from the first to the last
                ^-------^
contracts/Uninitialized.sol:161:16: Warning: Using contract member "balance" inherited from the address type is deprecated. Convert the contract to "address" type to access the member, for example use "address(contract).balance" instead.
            if(this.balance>10000) distributePrizes(); //more than 10000 wei so every party gets at least 1 wei (if s.b. gets 0.01%)
               ^----------^
contracts/Uninitialized.sol:162:13: Warning: Invoking events without "emit" prefix is deprecated.
            ContestClosed(totalPrize, winners, luckyVoters);
            ^---------------------------------------------^
contracts/Uninitialized.sol:173:14: Error: Uninitialized mapping. Mappings cannot be created dynamically, you have to assign them from a state variable.
             mapping (uint => bool) chosen;
             ^---------------------------^
contracts/Uninitialized.sol:201:22: Warning: Using contract member "balance" inherited from the address type is deprecated. Convert the contract to "address" type to access the member, for example use "address(contract).balance" instead.
        if(!c4c.send(this.balance/10000*c4cfee))  throw;
                     ^----------^
contracts/Uninitialized.sol:202:22: Warning: Using contract member "balance" inherited from the address type is deprecated. Convert the contract to "address" type to access the member, for example use "address(contract).balance" instead.
        totalPrize = this.balance;
                     ^----------^
contracts/Uninitialized.sol:208:16: Warning: Using contract member "balance" inherited from the address type is deprecated. Convert the contract to "address" type to access the member, for example use "address(contract).balance" instead.
            if(this.balance>luckyVoters.length){//if there is ether left to be distributed amongst the lucky voters
               ^----------^
contracts/Uninitialized.sol:209:31: Warning: Using contract member "balance" inherited from the address type is deprecated. Convert the contract to "address" type to access the member, for example use "address(contract).balance" instead.
                uint amount = this.balance/luckyVoters.length;
                              ^----------^
contracts/Uninitialized.sol:214:29: Warning: Using contract member "balance" inherited from the address type is deprecated. Convert the contract to "address" type to access the member, for example use "address(contract).balance" instead.
        else if(!owner.send(this.balance)) throw;//if there is no lucky voter, give remainder to the owner
                            ^----------^
contracts/assign.sol:59:1: Warning: Defining constructors as functions with the same name as the contract is deprecated. Use "constructor(...) { ... }" instead.
function Contest() payable{
^ (Relevant source part starts here and spans across multiple lines).
contracts/assign.sol:79:1: Warning: "throw" is deprecated in favour of "revert()", "require()" and "assert()".
throw;
^---^
contracts/assign.sol:81:1: Warning: "throw" is deprecated in favour of "revert()", "require()" and "assert()".
throw;
^---^
contracts/assign.sol:88:13: Warning: "throw" is deprecated in favour of "revert()", "require()" and "assert()".
            throw;
            ^---^
contracts/assign.sol:90:13: Warning: "throw" is deprecated in favour of "revert()", "require()" and "assert()".
            throw;
            ^---^
contracts/assign.sol:92:13: Warning: "throw" is deprecated in favour of "revert()", "require()" and "assert()".
            throw;
            ^---^
contracts/assign.sol:106:13: Warning: "throw" is deprecated in favour of "revert()", "require()" and "assert()".
            throw;
            ^---^
contracts/assign.sol:108:13: Warning: "throw" is deprecated in favour of "revert()", "require()" and "assert()".
            throw;
            ^---^
contracts/assign.sol:110:13: Warning: "throw" is deprecated in favour of "revert()", "require()" and "assert()".
            throw;
            ^---^
contracts/assign.sol:116:17: Warning: Use of the "var" keyword is deprecated.
            for(var i = 0; i<winners.length; i++){//from the first to the last
                ^---^
contracts/assign.sol:121:25: Warning: Use of the "var" keyword is deprecated.
                    for(var j = getCandidatePosition(candidate, i+1); j>i; j--){
                        ^---^
contracts/assign.sol:201:51: Warning: "throw" is deprecated in favour of "revert()", "require()" and "assert()".
        if(!c4c.send(this.balance/10000*c4cfee))  throw;
                                                  ^---^
contracts/assign.sol:203:71: Warning: "throw" is deprecated in favour of "revert()", "require()" and "assert()".
        if(prizeOwner!=0 && !owner.send(totalPrize/10000*prizeOwner)) throw;
                                                                      ^---^
contracts/assign.sol:204:77: Warning: "throw" is deprecated in favour of "revert()", "require()" and "assert()".
        if(prizeReferee!=0 && !referee.send(totalPrize/10000*prizeReferee)) throw;
                                                                            ^---^
contracts/assign.sol:206:90: Warning: "throw" is deprecated in favour of "revert()", "require()" and "assert()".
            if(prizeWinners[i]!=0 && !winners[i].send(totalPrize/10000*prizeWinners[i])) throw;
                                                                                         ^---^
contracts/assign.sol:211:55: Warning: "throw" is deprecated in favour of "revert()", "require()" and "assert()".
                    if(!luckyVoters[j].send(amount))  throw;
                                                      ^---^
contracts/assign.sol:214:44: Warning: "throw" is deprecated in favour of "revert()", "require()" and "assert()".
        else if(!owner.send(this.balance)) throw;//if there is no lucky voter, give remainder to the owner
                                           ^---^
contracts/assign.sol:60:7: Warning: This looks like an address but has an invalid checksum. If this is not used as an address, please prepend '00'. Correct checksummed address: '0x87B0DE512502f3e86fD22654B72a640c8e0f59cc'. For more information please see https://solidity.readthedocs.io/en/develop/types.html#address-literals
c4c = 0x87b0de512502f3e86fd22654b72a640c8e0f59cc;
      ^----------------------------------------^
contracts/assign.sol:116:17: Warning: The type of this variable was inferred as uint8, which can hold values between 0 and 255. This is probably not desired. Use an explicit type to silence this warning.
            for(var i = 0; i<winners.length; i++){//from the first to the last
                ^-------^
contracts/assign.sol:161:16: Warning: Using contract member "balance" inherited from the address type is deprecated. Convert the contract to "address" type to access the member, for example use "address(contract).balance" instead.
            if(this.balance>10000) distributePrizes(); //more than 10000 wei so every party gets at least 1 wei (if s.b. gets 0.01%)
               ^----------^
contracts/assign.sol:162:13: Warning: Invoking events without "emit" prefix is deprecated.
            ContestClosed(totalPrize, winners, luckyVoters);
            ^---------------------------------------------^
contracts/assign.sol:173:14: Error: Uninitialized mapping. Mappings cannot be created dynamically, you have to assign them from a state variable.
             mapping (uint => bool) chosen;
             ^---------------------------^
contracts/assign.sol:201:22: Warning: Using contract member "balance" inherited from the address type is deprecated. Convert the contract to "address" type to access the member, for example use "address(contract).balance" instead.
        if(!c4c.send(this.balance/10000*c4cfee))  throw;
                     ^----------^
contracts/assign.sol:202:22: Warning: Using contract member "balance" inherited from the address type is deprecated. Convert the contract to "address" type to access the member, for example use "address(contract).balance" instead.
        totalPrize = this.balance;
                     ^----------^
contracts/assign.sol:208:16: Warning: Using contract member "balance" inherited from the address type is deprecated. Convert the contract to "address" type to access the member, for example use "address(contract).balance" instead.
            if(this.balance>luckyVoters.length){//if there is ether left to be distributed amongst the lucky voters
               ^----------^
contracts/assign.sol:209:31: Warning: Using contract member "balance" inherited from the address type is deprecated. Convert the contract to "address" type to access the member, for example use "address(contract).balance" instead.
                uint amount = this.balance/luckyVoters.length;
                              ^----------^
contracts/assign.sol:214:29: Warning: Using contract member "balance" inherited from the address type is deprecated. Convert the contract to "address" type to access the member, for example use "address(contract).balance" instead.
        else if(!owner.send(this.balance)) throw;//if there is no lucky voter, give remainder to the owner
                            ^----------^
contracts/created.sol:59:1: Warning: Defining constructors as functions with the same name as the contract is deprecated. Use "constructor(...) { ... }" instead.
function Contest() payable{
^ (Relevant source part starts here and spans across multiple lines).
contracts/created.sol:79:1: Warning: "throw" is deprecated in favour of "revert()", "require()" and "assert()".
throw;
^---^
contracts/created.sol:81:1: Warning: "throw" is deprecated in favour of "revert()", "require()" and "assert()".
throw;
^---^
contracts/created.sol:88:13: Warning: "throw" is deprecated in favour of "revert()", "require()" and "assert()".
            throw;
            ^---^
contracts/created.sol:90:13: Warning: "throw" is deprecated in favour of "revert()", "require()" and "assert()".
            throw;
            ^---^
contracts/created.sol:92:13: Warning: "throw" is deprecated in favour of "revert()", "require()" and "assert()".
            throw;
            ^---^
contracts/created.sol:106:13: Warning: "throw" is deprecated in favour of "revert()", "require()" and "assert()".
            throw;
            ^---^
contracts/created.sol:108:13: Warning: "throw" is deprecated in favour of "revert()", "require()" and "assert()".
            throw;
            ^---^
contracts/created.sol:110:13: Warning: "throw" is deprecated in favour of "revert()", "require()" and "assert()".
            throw;
            ^---^
contracts/created.sol:116:17: Warning: Use of the "var" keyword is deprecated.
            for(var i = 0; i<winners.length; i++){//from the first to the last
                ^---^
contracts/created.sol:121:25: Warning: Use of the "var" keyword is deprecated.
                    for(var j = getCandidatePosition(candidate, i+1); j>i; j--){
                        ^---^
contracts/created.sol:201:51: Warning: "throw" is deprecated in favour of "revert()", "require()" and "assert()".
        if(!c4c.send(this.balance/10000*c4cfee))  throw;
                                                  ^---^
contracts/created.sol:203:71: Warning: "throw" is deprecated in favour of "revert()", "require()" and "assert()".
        if(prizeOwner!=0 && !owner.send(totalPrize/10000*prizeOwner)) throw;
                                                                      ^---^
contracts/created.sol:204:77: Warning: "throw" is deprecated in favour of "revert()", "require()" and "assert()".
        if(prizeReferee!=0 && !referee.send(totalPrize/10000*prizeReferee)) throw;
                                                                            ^---^
contracts/created.sol:206:90: Warning: "throw" is deprecated in favour of "revert()", "require()" and "assert()".
            if(prizeWinners[i]!=0 && !winners[i].send(totalPrize/10000*prizeWinners[i])) throw;
                                                                                         ^---^
contracts/created.sol:211:55: Warning: "throw" is deprecated in favour of "revert()", "require()" and "assert()".
                    if(!luckyVoters[j].send(amount))  throw;
                                                      ^---^
contracts/created.sol:214:44: Warning: "throw" is deprecated in favour of "revert()", "require()" and "assert()".
        else if(!owner.send(this.balance)) throw;//if there is no lucky voter, give remainder to the owner
                                           ^---^
contracts/created.sol:60:7: Warning: This looks like an address but has an invalid checksum. If this is not used as an address, please prepend '00'. Correct checksummed address: '0x87B0DE512502f3e86fD22654B72a640c8e0f59cc'. For more information please see https://solidity.readthedocs.io/en/develop/types.html#address-literals
c4c = 0x87b0de512502f3e86fd22654b72a640c8e0f59cc;
      ^----------------------------------------^
contracts/created.sol:116:17: Warning: The type of this variable was inferred as uint8, which can hold values between 0 and 255. This is probably not desired. Use an explicit type to silence this warning.
            for(var i = 0; i<winners.length; i++){//from the first to the last
                ^-------^
contracts/created.sol:161:16: Warning: Using contract member "balance" inherited from the address type is deprecated. Convert the contract to "address" type to access the member, for example use "address(contract).balance" instead.
            if(this.balance>10000) distributePrizes(); //more than 10000 wei so every party gets at least 1 wei (if s.b. gets 0.01%)
               ^----------^
contracts/created.sol:162:13: Warning: Invoking events without "emit" prefix is deprecated.
            ContestClosed(totalPrize, winners, luckyVoters);
            ^---------------------------------------------^
contracts/created.sol:173:14: Error: Uninitialized mapping. Mappings cannot be created dynamically, you have to assign them from a state variable.
             mapping (uint => bool) chosen;
             ^---------------------------^
contracts/created.sol:201:22: Warning: Using contract member "balance" inherited from the address type is deprecated. Convert the contract to "address" type to access the member, for example use "address(contract).balance" instead.
        if(!c4c.send(this.balance/10000*c4cfee))  throw;
                     ^----------^
contracts/created.sol:202:22: Warning: Using contract member "balance" inherited from the address type is deprecated. Convert the contract to "address" type to access the member, for example use "address(contract).balance" instead.
        totalPrize = this.balance;
                     ^----------^
contracts/created.sol:208:16: Warning: Using contract member "balance" inherited from the address type is deprecated. Convert the contract to "address" type to access the member, for example use "address(contract).balance" instead.
            if(this.balance>luckyVoters.length){//if there is ether left to be distributed amongst the lucky voters
               ^----------^
contracts/created.sol:209:31: Warning: Using contract member "balance" inherited from the address type is deprecated. Convert the contract to "address" type to access the member, for example use "address(contract).balance" instead.
                uint amount = this.balance/luckyVoters.length;
                              ^----------^
contracts/created.sol:214:29: Warning: Using contract member "balance" inherited from the address type is deprecated. Convert the contract to "address" type to access the member, for example use "address(contract).balance" instead.
        else if(!owner.send(this.balance)) throw;//if there is no lucky voter, give remainder to the owner
                            ^----------^
contracts/from.sol:59:1: Warning: Defining constructors as functions with the same name as the contract is deprecated. Use "constructor(...) { ... }" instead.
function Contest() payable{
^ (Relevant source part starts here and spans across multiple lines).
contracts/from.sol:79:1: Warning: "throw" is deprecated in favour of "revert()", "require()" and "assert()".
throw;
^---^
contracts/from.sol:81:1: Warning: "throw" is deprecated in favour of "revert()", "require()" and "assert()".
throw;
^---^
contracts/from.sol:88:13: Warning: "throw" is deprecated in favour of "revert()", "require()" and "assert()".
            throw;
            ^---^
contracts/from.sol:90:13: Warning: "throw" is deprecated in favour of "revert()", "require()" and "assert()".
            throw;
            ^---^
contracts/from.sol:92:13: Warning: "throw" is deprecated in favour of "revert()", "require()" and "assert()".
            throw;
            ^---^
contracts/from.sol:106:13: Warning: "throw" is deprecated in favour of "revert()", "require()" and "assert()".
            throw;
            ^---^
contracts/from.sol:108:13: Warning: "throw" is deprecated in favour of "revert()", "require()" and "assert()".
            throw;
            ^---^
contracts/from.sol:110:13: Warning: "throw" is deprecated in favour of "revert()", "require()" and "assert()".
            throw;
            ^---^
contracts/from.sol:116:17: Warning: Use of the "var" keyword is deprecated.
            for(var i = 0; i<winners.length; i++){//from the first to the last
                ^---^
contracts/from.sol:121:25: Warning: Use of the "var" keyword is deprecated.
                    for(var j = getCandidatePosition(candidate, i+1); j>i; j--){
                        ^---^
contracts/from.sol:201:51: Warning: "throw" is deprecated in favour of "revert()", "require()" and "assert()".
        if(!c4c.send(this.balance/10000*c4cfee))  throw;
                                                  ^---^
contracts/from.sol:203:71: Warning: "throw" is deprecated in favour of "revert()", "require()" and "assert()".
        if(prizeOwner!=0 && !owner.send(totalPrize/10000*prizeOwner)) throw;
                                                                      ^---^
contracts/from.sol:204:77: Warning: "throw" is deprecated in favour of "revert()", "require()" and "assert()".
        if(prizeReferee!=0 && !referee.send(totalPrize/10000*prizeReferee)) throw;
                                                                            ^---^
contracts/from.sol:206:90: Warning: "throw" is deprecated in favour of "revert()", "require()" and "assert()".
            if(prizeWinners[i]!=0 && !winners[i].send(totalPrize/10000*prizeWinners[i])) throw;
                                                                                         ^---^
contracts/from.sol:211:55: Warning: "throw" is deprecated in favour of "revert()", "require()" and "assert()".
                    if(!luckyVoters[j].send(amount))  throw;
                                                      ^---^
contracts/from.sol:214:44: Warning: "throw" is deprecated in favour of "revert()", "require()" and "assert()".
        else if(!owner.send(this.balance)) throw;//if there is no lucky voter, give remainder to the owner
                                           ^---^
contracts/from.sol:60:7: Warning: This looks like an address but has an invalid checksum. If this is not used as an address, please prepend '00'. Correct checksummed address: '0x87B0DE512502f3e86fD22654B72a640c8e0f59cc'. For more information please see https://solidity.readthedocs.io/en/develop/types.html#address-literals
c4c = 0x87b0de512502f3e86fd22654b72a640c8e0f59cc;
      ^----------------------------------------^
contracts/from.sol:116:17: Warning: The type of this variable was inferred as uint8, which can hold values between 0 and 255. This is probably not desired. Use an explicit type to silence this warning.
            for(var i = 0; i<winners.length; i++){//from the first to the last
                ^-------^
contracts/from.sol:161:16: Warning: Using contract member "balance" inherited from the address type is deprecated. Convert the contract to "address" type to access the member, for example use "address(contract).balance" instead.
            if(this.balance>10000) distributePrizes(); //more than 10000 wei so every party gets at least 1 wei (if s.b. gets 0.01%)
               ^----------^
contracts/from.sol:162:13: Warning: Invoking events without "emit" prefix is deprecated.
            ContestClosed(totalPrize, winners, luckyVoters);
            ^---------------------------------------------^
contracts/from.sol:173:14: Error: Uninitialized mapping. Mappings cannot be created dynamically, you have to assign them from a state variable.
             mapping (uint => bool) chosen;
             ^---------------------------^
contracts/from.sol:201:22: Warning: Using contract member "balance" inherited from the address type is deprecated. Convert the contract to "address" type to access the member, for example use "address(contract).balance" instead.
        if(!c4c.send(this.balance/10000*c4cfee))  throw;
                     ^----------^
contracts/from.sol:202:22: Warning: Using contract member "balance" inherited from the address type is deprecated. Convert the contract to "address" type to access the member, for example use "address(contract).balance" instead.
        totalPrize = this.balance;
                     ^----------^
contracts/from.sol:208:16: Warning: Using contract member "balance" inherited from the address type is deprecated. Convert the contract to "address" type to access the member, for example use "address(contract).balance" instead.
            if(this.balance>luckyVoters.length){//if there is ether left to be distributed amongst the lucky voters
               ^----------^
contracts/from.sol:209:31: Warning: Using contract member "balance" inherited from the address type is deprecated. Convert the contract to "address" type to access the member, for example use "address(contract).balance" instead.
                uint amount = this.balance/luckyVoters.length;
                              ^----------^
contracts/from.sol:214:29: Warning: Using contract member "balance" inherited from the address type is deprecated. Convert the contract to "address" type to access the member, for example use "address(contract).balance" instead.
        else if(!owner.send(this.balance)) throw;//if there is no lucky voter, give remainder to the owner
                            ^----------^
""contracts/chosen"" is not found
./fuzzMe: line 14: $'\r.sol': command not found
./fuzzMe: line 14: $'\r.sol.json': command not found
contracts/variable..sol:59:1: Warning: Defining constructors as functions with the same name as the contract is deprecated. Use "constructor(...) { ... }" instead.
function Contest() payable{
^ (Relevant source part starts here and spans across multiple lines).
contracts/variable..sol:79:1: Warning: "throw" is deprecated in favour of "revert()", "require()" and "assert()".
throw;
^---^
contracts/variable..sol:81:1: Warning: "throw" is deprecated in favour of "revert()", "require()" and "assert()".
throw;
^---^
contracts/variable..sol:88:13: Warning: "throw" is deprecated in favour of "revert()", "require()" and "assert()".
            throw;
            ^---^
contracts/variable..sol:90:13: Warning: "throw" is deprecated in favour of "revert()", "require()" and "assert()".
            throw;
            ^---^
contracts/variable..sol:92:13: Warning: "throw" is deprecated in favour of "revert()", "require()" and "assert()".
            throw;
            ^---^
contracts/variable..sol:106:13: Warning: "throw" is deprecated in favour of "revert()", "require()" and "assert()".
            throw;
            ^---^
contracts/variable..sol:108:13: Warning: "throw" is deprecated in favour of "revert()", "require()" and "assert()".
            throw;
            ^---^
contracts/variable..sol:110:13: Warning: "throw" is deprecated in favour of "revert()", "require()" and "assert()".
            throw;
            ^---^
contracts/variable..sol:116:17: Warning: Use of the "var" keyword is deprecated.
            for(var i = 0; i<winners.length; i++){//from the first to the last
                ^---^
contracts/variable..sol:121:25: Warning: Use of the "var" keyword is deprecated.
                    for(var j = getCandidatePosition(candidate, i+1); j>i; j--){
                        ^---^
contracts/variable..sol:201:51: Warning: "throw" is deprecated in favour of "revert()", "require()" and "assert()".
        if(!c4c.send(this.balance/10000*c4cfee))  throw;
                                                  ^---^
contracts/variable..sol:203:71: Warning: "throw" is deprecated in favour of "revert()", "require()" and "assert()".
        if(prizeOwner!=0 && !owner.send(totalPrize/10000*prizeOwner)) throw;
                                                                      ^---^
contracts/variable..sol:204:77: Warning: "throw" is deprecated in favour of "revert()", "require()" and "assert()".
        if(prizeReferee!=0 && !referee.send(totalPrize/10000*prizeReferee)) throw;
                                                                            ^---^
contracts/variable..sol:206:90: Warning: "throw" is deprecated in favour of "revert()", "require()" and "assert()".
            if(prizeWinners[i]!=0 && !winners[i].send(totalPrize/10000*prizeWinners[i])) throw;
                                                                                         ^---^
contracts/variable..sol:211:55: Warning: "throw" is deprecated in favour of "revert()", "require()" and "assert()".
                    if(!luckyVoters[j].send(amount))  throw;
                                                      ^---^
contracts/variable..sol:214:44: Warning: "throw" is deprecated in favour of "revert()", "require()" and "assert()".
        else if(!owner.send(this.balance)) throw;//if there is no lucky voter, give remainder to the owner
                                           ^---^
contracts/variable..sol:60:7: Warning: This looks like an address but has an invalid checksum. If this is not used as an address, please prepend '00'. Correct checksummed address: '0x87B0DE512502f3e86fD22654B72a640c8e0f59cc'. For more information please see https://solidity.readthedocs.io/en/develop/types.html#address-literals
c4c = 0x87b0de512502f3e86fd22654b72a640c8e0f59cc;
      ^----------------------------------------^
contracts/variable..sol:116:17: Warning: The type of this variable was inferred as uint8, which can hold values between 0 and 255. This is probably not desired. Use an explicit type to silence this warning.
            for(var i = 0; i<winners.length; i++){//from the first to the last
                ^-------^
contracts/variable..sol:161:16: Warning: Using contract member "balance" inherited from the address type is deprecated. Convert the contract to "address" type to access the member, for example use "address(contract).balance" instead.
            if(this.balance>10000) distributePrizes(); //more than 10000 wei so every party gets at least 1 wei (if s.b. gets 0.01%)
               ^----------^
contracts/variable..sol:162:13: Warning: Invoking events without "emit" prefix is deprecated.
            ContestClosed(totalPrize, winners, luckyVoters);
            ^---------------------------------------------^
contracts/variable..sol:173:14: Error: Uninitialized mapping. Mappings cannot be created dynamically, you have to assign them from a state variable.
             mapping (uint => bool) chosen;
             ^---------------------------^
contracts/variable..sol:201:22: Warning: Using contract member "balance" inherited from the address type is deprecated. Convert the contract to "address" type to access the member, for example use "address(contract).balance" instead.
        if(!c4c.send(this.balance/10000*c4cfee))  throw;
                     ^----------^
contracts/variable..sol:202:22: Warning: Using contract member "balance" inherited from the address type is deprecated. Convert the contract to "address" type to access the member, for example use "address(contract).balance" instead.
        totalPrize = this.balance;
                     ^----------^
contracts/variable..sol:208:16: Warning: Using contract member "balance" inherited from the address type is deprecated. Convert the contract to "address" type to access the member, for example use "address(contract).balance" instead.
            if(this.balance>luckyVoters.length){//if there is ether left to be distributed amongst the lucky voters
               ^----------^
contracts/variable..sol:209:31: Warning: Using contract member "balance" inherited from the address type is deprecated. Convert the contract to "address" type to access the member, for example use "address(contract).balance" instead.
                uint amount = this.balance/luckyVoters.length;
                              ^----------^
contracts/variable..sol:214:29: Warning: Using contract member "balance" inherited from the address type is deprecated. Convert the contract to "address" type to access the member, for example use "address(contract).balance" instead.
        else if(!owner.send(this.balance)) throw;//if there is no lucky voter, give remainder to the owner
                            ^----------^
./fuzzMe: line 16: syntax error near unexpected token `)'
./fuzzMe: line 16: `solc --combined-json abi,bin,bin-runtime,srcmap,srcmap-runtime contracts/bool).sol > contracts/bool).sol.json'
