A new version of Solhint is available: 6.0.1
Please consider updating your Solhint package.
/sb/0x9d1da8d08a10286402e289a8b5e9f865f2d14d2a.sol:1:1: Found more than One contract per file. 7 contracts found! [Warning/one-contract-per-file]
/sb/0x9d1da8d08a10286402e289a8b5e9f865f2d14d2a.sol:1:1: Compiler version ^0.4.11 does not satisfy the ^0.8.24 semver requirement [Error/compiler-version]
/sb/0x9d1da8d08a10286402e289a8b5e9f865f2d14d2a.sol:7:1: Missing @author tag in contract 'SafeMath' [Warning/use-natspec]
/sb/0x9d1da8d08a10286402e289a8b5e9f865f2d14d2a.sol:7:1: Missing @notice tag in contract 'SafeMath' [Warning/use-natspec]
/sb/0x9d1da8d08a10286402e289a8b5e9f865f2d14d2a.sol:8:3: Missing @notice tag in function 'mul' [Warning/use-natspec]
/sb/0x9d1da8d08a10286402e289a8b5e9f865f2d14d2a.sol:8:3: Missing @param tag in function 'mul' [Warning/use-natspec]
/sb/0x9d1da8d08a10286402e289a8b5e9f865f2d14d2a.sol:8:3: Mismatch in @param names for function 'mul'. Expected: [a, b], Found: [] [Warning/use-natspec]
/sb/0x9d1da8d08a10286402e289a8b5e9f865f2d14d2a.sol:8:3: Missing @return tag in function 'mul' [Warning/use-natspec]
/sb/0x9d1da8d08a10286402e289a8b5e9f865f2d14d2a.sol:8:3: Mismatch in @return count for function 'mul'. Expected: 1, Found: 0 [Warning/use-natspec]
/sb/0x9d1da8d08a10286402e289a8b5e9f865f2d14d2a.sol:14:3: Missing @notice tag in function 'div' [Warning/use-natspec]
/sb/0x9d1da8d08a10286402e289a8b5e9f865f2d14d2a.sol:14:3: Missing @param tag in function 'div' [Warning/use-natspec]
/sb/0x9d1da8d08a10286402e289a8b5e9f865f2d14d2a.sol:14:3: Mismatch in @param names for function 'div'. Expected: [a, b], Found: [] [Warning/use-natspec]
/sb/0x9d1da8d08a10286402e289a8b5e9f865f2d14d2a.sol:14:3: Missing @return tag in function 'div' [Warning/use-natspec]
/sb/0x9d1da8d08a10286402e289a8b5e9f865f2d14d2a.sol:14:3: Mismatch in @return count for function 'div'. Expected: 1, Found: 0 [Warning/use-natspec]
/sb/0x9d1da8d08a10286402e289a8b5e9f865f2d14d2a.sol:21:3: Missing @notice tag in function 'sub' [Warning/use-natspec]
/sb/0x9d1da8d08a10286402e289a8b5e9f865f2d14d2a.sol:21:3: Missing @param tag in function 'sub' [Warning/use-natspec]
/sb/0x9d1da8d08a10286402e289a8b5e9f865f2d14d2a.sol:21:3: Mismatch in @param names for function 'sub'. Expected: [a, b], Found: [] [Warning/use-natspec]
/sb/0x9d1da8d08a10286402e289a8b5e9f865f2d14d2a.sol:21:3: Missing @return tag in function 'sub' [Warning/use-natspec]
/sb/0x9d1da8d08a10286402e289a8b5e9f865f2d14d2a.sol:21:3: Mismatch in @return count for function 'sub'. Expected: 1, Found: 0 [Warning/use-natspec]
/sb/0x9d1da8d08a10286402e289a8b5e9f865f2d14d2a.sol:22:12: GC: Non strict inequality found. Try converting to a strict one [Warning/gas-strict-inequalities]
/sb/0x9d1da8d08a10286402e289a8b5e9f865f2d14d2a.sol:26:3: Missing @notice tag in function 'add' [Warning/use-natspec]
/sb/0x9d1da8d08a10286402e289a8b5e9f865f2d14d2a.sol:26:3: Missing @param tag in function 'add' [Warning/use-natspec]
/sb/0x9d1da8d08a10286402e289a8b5e9f865f2d14d2a.sol:26:3: Mismatch in @param names for function 'add'. Expected: [a, b], Found: [] [Warning/use-natspec]
/sb/0x9d1da8d08a10286402e289a8b5e9f865f2d14d2a.sol:26:3: Missing @return tag in function 'add' [Warning/use-natspec]
/sb/0x9d1da8d08a10286402e289a8b5e9f865f2d14d2a.sol:26:3: Mismatch in @return count for function 'add'. Expected: 1, Found: 0 [Warning/use-natspec]
/sb/0x9d1da8d08a10286402e289a8b5e9f865f2d14d2a.sol:28:12: GC: Non strict inequality found. Try converting to a strict one [Warning/gas-strict-inequalities]
/sb/0x9d1da8d08a10286402e289a8b5e9f865f2d14d2a.sol:32:5: Missing @notice tag in function 'toUINT112' [Warning/use-natspec]
/sb/0x9d1da8d08a10286402e289a8b5e9f865f2d14d2a.sol:32:5: Missing @param tag in function 'toUINT112' [Warning/use-natspec]
/sb/0x9d1da8d08a10286402e289a8b5e9f865f2d14d2a.sol:32:5: Mismatch in @param names for function 'toUINT112'. Expected: [a], Found: [] [Warning/use-natspec]
/sb/0x9d1da8d08a10286402e289a8b5e9f865f2d14d2a.sol:32:5: Missing @return tag in function 'toUINT112' [Warning/use-natspec]
/sb/0x9d1da8d08a10286402e289a8b5e9f865f2d14d2a.sol:32:5: Mismatch in @return count for function 'toUINT112'. Expected: 1, Found: 0 [Warning/use-natspec]
/sb/0x9d1da8d08a10286402e289a8b5e9f865f2d14d2a.sol:37:3: Missing @notice tag in function 'toUINT120' [Warning/use-natspec]
/sb/0x9d1da8d08a10286402e289a8b5e9f865f2d14d2a.sol:37:3: Missing @param tag in function 'toUINT120' [Warning/use-natspec]
/sb/0x9d1da8d08a10286402e289a8b5e9f865f2d14d2a.sol:37:3: Mismatch in @param names for function 'toUINT120'. Expected: [a], Found: [] [Warning/use-natspec]
/sb/0x9d1da8d08a10286402e289a8b5e9f865f2d14d2a.sol:37:3: Missing @return tag in function 'toUINT120' [Warning/use-natspec]
/sb/0x9d1da8d08a10286402e289a8b5e9f865f2d14d2a.sol:37:3: Mismatch in @return count for function 'toUINT120'. Expected: 1, Found: 0 [Warning/use-natspec]
/sb/0x9d1da8d08a10286402e289a8b5e9f865f2d14d2a.sol:42:3: Missing @notice tag in function 'toUINT128' [Warning/use-natspec]
/sb/0x9d1da8d08a10286402e289a8b5e9f865f2d14d2a.sol:42:3: Missing @param tag in function 'toUINT128' [Warning/use-natspec]
/sb/0x9d1da8d08a10286402e289a8b5e9f865f2d14d2a.sol:42:3: Mismatch in @param names for function 'toUINT128'. Expected: [a], Found: [] [Warning/use-natspec]
/sb/0x9d1da8d08a10286402e289a8b5e9f865f2d14d2a.sol:42:3: Missing @return tag in function 'toUINT128' [Warning/use-natspec]
/sb/0x9d1da8d08a10286402e289a8b5e9f865f2d14d2a.sol:42:3: Mismatch in @return count for function 'toUINT128'. Expected: 1, Found: 0 [Warning/use-natspec]
/sb/0x9d1da8d08a10286402e289a8b5e9f865f2d14d2a.sol:47:3: Missing @notice tag in function 'percent' [Warning/use-natspec]
/sb/0x9d1da8d08a10286402e289a8b5e9f865f2d14d2a.sol:47:3: Missing @param tag in function 'percent' [Warning/use-natspec]
/sb/0x9d1da8d08a10286402e289a8b5e9f865f2d14d2a.sol:47:3: Mismatch in @param names for function 'percent'. Expected: [a, b], Found: [] [Warning/use-natspec]
/sb/0x9d1da8d08a10286402e289a8b5e9f865f2d14d2a.sol:47:3: Missing @return tag in function 'percent' [Warning/use-natspec]
/sb/0x9d1da8d08a10286402e289a8b5e9f865f2d14d2a.sol:47:3: Mismatch in @return count for function 'percent'. Expected: 1, Found: 0 [Warning/use-natspec]
/sb/0x9d1da8d08a10286402e289a8b5e9f865f2d14d2a.sol:49:12: GC: Non strict inequality found. Try converting to a strict one [Warning/gas-strict-inequalities]
/sb/0x9d1da8d08a10286402e289a8b5e9f865f2d14d2a.sol:54:1: Missing @title tag in contract 'Owned' [Warning/use-natspec]
/sb/0x9d1da8d08a10286402e289a8b5e9f865f2d14d2a.sol:54:1: Missing @author tag in contract 'Owned' [Warning/use-natspec]
/sb/0x9d1da8d08a10286402e289a8b5e9f865f2d14d2a.sol:54:1: Missing @notice tag in contract 'Owned' [Warning/use-natspec]
/sb/0x9d1da8d08a10286402e289a8b5e9f865f2d14d2a.sol:56:5: Missing @notice tag in variable 'owner' [Warning/use-natspec]
/sb/0x9d1da8d08a10286402e289a8b5e9f865f2d14d2a.sol:58:5: Missing @notice tag in function 'Owned' [Warning/use-natspec]
/sb/0x9d1da8d08a10286402e289a8b5e9f865f2d14d2a.sol:58:5: Explicitly mark visibility in function (Set ignoreConstructors to true if using solidity >=0.7.0) [Warning/func-visibility]
/sb/0x9d1da8d08a10286402e289a8b5e9f865f2d14d2a.sol:63:9: Provide an error message for require [Warning/reason-string]
/sb/0x9d1da8d08a10286402e289a8b5e9f865f2d14d2a.sol:67:5: Missing @notice tag in function 'setOwner' [Warning/use-natspec]
/sb/0x9d1da8d08a10286402e289a8b5e9f865f2d14d2a.sol:67:5: Missing @param tag in function 'setOwner' [Warning/use-natspec]
/sb/0x9d1da8d08a10286402e289a8b5e9f865f2d14d2a.sol:67:5: Mismatch in @param names for function 'setOwner'. Expected: [_newOwner], Found: [] [Warning/use-natspec]
/sb/0x9d1da8d08a10286402e289a8b5e9f865f2d14d2a.sol:67:5: Explicitly mark visibility in function [Warning/func-visibility]
/sb/0x9d1da8d08a10286402e289a8b5e9f865f2d14d2a.sol:77:1: Missing @author tag in contract 'ERC20Basic' [Warning/use-natspec]
/sb/0x9d1da8d08a10286402e289a8b5e9f865f2d14d2a.sol:77:1: Missing @notice tag in contract 'ERC20Basic' [Warning/use-natspec]
/sb/0x9d1da8d08a10286402e289a8b5e9f865f2d14d2a.sol:78:3: Missing @notice tag in function 'balanceOf' [Warning/use-natspec]
/sb/0x9d1da8d08a10286402e289a8b5e9f865f2d14d2a.sol:78:3: Missing @param tag in function 'balanceOf' [Warning/use-natspec]
/sb/0x9d1da8d08a10286402e289a8b5e9f865f2d14d2a.sol:78:3: Mismatch in @param names for function 'balanceOf'. Expected: [who], Found: [] [Warning/use-natspec]
/sb/0x9d1da8d08a10286402e289a8b5e9f865f2d14d2a.sol:78:3: Missing @return tag in function 'balanceOf' [Warning/use-natspec]
/sb/0x9d1da8d08a10286402e289a8b5e9f865f2d14d2a.sol:78:3: Mismatch in @return count for function 'balanceOf'. Expected: 1, Found: 0 [Warning/use-natspec]
/sb/0x9d1da8d08a10286402e289a8b5e9f865f2d14d2a.sol:79:3: Missing @notice tag in function 'transfer' [Warning/use-natspec]
/sb/0x9d1da8d08a10286402e289a8b5e9f865f2d14d2a.sol:79:3: Missing @param tag in function 'transfer' [Warning/use-natspec]
/sb/0x9d1da8d08a10286402e289a8b5e9f865f2d14d2a.sol:79:3: Mismatch in @param names for function 'transfer'. Expected: [to, value], Found: [] [Warning/use-natspec]
/sb/0x9d1da8d08a10286402e289a8b5e9f865f2d14d2a.sol:79:3: Missing @return tag in function 'transfer' [Warning/use-natspec]
/sb/0x9d1da8d08a10286402e289a8b5e9f865f2d14d2a.sol:79:3: Mismatch in @return count for function 'transfer'. Expected: 1, Found: 0 [Warning/use-natspec]
/sb/0x9d1da8d08a10286402e289a8b5e9f865f2d14d2a.sol:80:3: Missing @notice tag in event 'Transfer' [Warning/use-natspec]
/sb/0x9d1da8d08a10286402e289a8b5e9f865f2d14d2a.sol:80:3: Missing @param tag in event 'Transfer' [Warning/use-natspec]
/sb/0x9d1da8d08a10286402e289a8b5e9f865f2d14d2a.sol:80:3: Mismatch in @param names for event 'Transfer'. Expected: [from, to, value], Found: [] [Warning/use-natspec]
/sb/0x9d1da8d08a10286402e289a8b5e9f865f2d14d2a.sol:80:3: GC: [value] on Event [Transfer] could be Indexed [Warning/gas-indexed-events]
/sb/0x9d1da8d08a10286402e289a8b5e9f865f2d14d2a.sol:87:1: Missing @author tag in contract 'ERC20' [Warning/use-natspec]
/sb/0x9d1da8d08a10286402e289a8b5e9f865f2d14d2a.sol:87:1: Missing @notice tag in contract 'ERC20' [Warning/use-natspec]
/sb/0x9d1da8d08a10286402e289a8b5e9f865f2d14d2a.sol:88:3: Missing @notice tag in function 'allowance' [Warning/use-natspec]
/sb/0x9d1da8d08a10286402e289a8b5e9f865f2d14d2a.sol:88:3: Missing @param tag in function 'allowance' [Warning/use-natspec]
/sb/0x9d1da8d08a10286402e289a8b5e9f865f2d14d2a.sol:88:3: Mismatch in @param names for function 'allowance'. Expected: [owner, spender], Found: [] [Warning/use-natspec]
/sb/0x9d1da8d08a10286402e289a8b5e9f865f2d14d2a.sol:88:3: Missing @return tag in function 'allowance' [Warning/use-natspec]
/sb/0x9d1da8d08a10286402e289a8b5e9f865f2d14d2a.sol:88:3: Mismatch in @return count for function 'allowance'. Expected: 1, Found: 0 [Warning/use-natspec]
/sb/0x9d1da8d08a10286402e289a8b5e9f865f2d14d2a.sol:89:3: Missing @notice tag in function 'transferFrom' [Warning/use-natspec]
/sb/0x9d1da8d08a10286402e289a8b5e9f865f2d14d2a.sol:89:3: Missing @param tag in function 'transferFrom' [Warning/use-natspec]
/sb/0x9d1da8d08a10286402e289a8b5e9f865f2d14d2a.sol:89:3: Mismatch in @param names for function 'transferFrom'. Expected: [from, to, value], Found: [] [Warning/use-natspec]
/sb/0x9d1da8d08a10286402e289a8b5e9f865f2d14d2a.sol:89:3: Missing @return tag in function 'transferFrom' [Warning/use-natspec]
/sb/0x9d1da8d08a10286402e289a8b5e9f865f2d14d2a.sol:89:3: Mismatch in @return count for function 'transferFrom'. Expected: 1, Found: 0 [Warning/use-natspec]
/sb/0x9d1da8d08a10286402e289a8b5e9f865f2d14d2a.sol:90:3: Missing @notice tag in function 'approve' [Warning/use-natspec]
/sb/0x9d1da8d08a10286402e289a8b5e9f865f2d14d2a.sol:90:3: Missing @param tag in function 'approve' [Warning/use-natspec]
/sb/0x9d1da8d08a10286402e289a8b5e9f865f2d14d2a.sol:90:3: Mismatch in @param names for function 'approve'. Expected: [spender, value], Found: [] [Warning/use-natspec]
/sb/0x9d1da8d08a10286402e289a8b5e9f865f2d14d2a.sol:90:3: Missing @return tag in function 'approve' [Warning/use-natspec]
/sb/0x9d1da8d08a10286402e289a8b5e9f865f2d14d2a.sol:90:3: Mismatch in @return count for function 'approve'. Expected: 1, Found: 0 [Warning/use-natspec]
/sb/0x9d1da8d08a10286402e289a8b5e9f865f2d14d2a.sol:91:3: Missing @notice tag in event 'Approval' [Warning/use-natspec]
/sb/0x9d1da8d08a10286402e289a8b5e9f865f2d14d2a.sol:91:3: Missing @param tag in event 'Approval' [Warning/use-natspec]
/sb/0x9d1da8d08a10286402e289a8b5e9f865f2d14d2a.sol:91:3: Mismatch in @param names for event 'Approval'. Expected: [owner, spender, value], Found: [] [Warning/use-natspec]
/sb/0x9d1da8d08a10286402e289a8b5e9f865f2d14d2a.sol:91:3: GC: [value] on Event [Approval] could be Indexed [Warning/gas-indexed-events]
/sb/0x9d1da8d08a10286402e289a8b5e9f865f2d14d2a.sol:98:1: Missing @author tag in contract 'BasicToken' [Warning/use-natspec]
/sb/0x9d1da8d08a10286402e289a8b5e9f865f2d14d2a.sol:98:1: Missing @notice tag in contract 'BasicToken' [Warning/use-natspec]
/sb/0x9d1da8d08a10286402e289a8b5e9f865f2d14d2a.sol:108:5: Explicitly mark visibility of state [Warning/state-visibility]
/sb/0x9d1da8d08a10286402e289a8b5e9f865f2d14d2a.sol:116:3: Missing @notice tag in function 'transfer' [Warning/use-natspec]
/sb/0x9d1da8d08a10286402e289a8b5e9f865f2d14d2a.sol:116:3: Missing @return tag in function 'transfer' [Warning/use-natspec]
/sb/0x9d1da8d08a10286402e289a8b5e9f865f2d14d2a.sol:116:3: Mismatch in @return count for function 'transfer'. Expected: 1, Found: 0 [Warning/use-natspec]
/sb/0x9d1da8d08a10286402e289a8b5e9f865f2d14d2a.sol:117:5: Provide an error message for require [Warning/reason-string]
/sb/0x9d1da8d08a10286402e289a8b5e9f865f2d14d2a.sol:118:5: Provide an error message for require [Warning/reason-string]
/sb/0x9d1da8d08a10286402e289a8b5e9f865f2d14d2a.sol:118:13: GC: Non strict inequality found. Try converting to a strict one [Warning/gas-strict-inequalities]
/sb/0x9d1da8d08a10286402e289a8b5e9f865f2d14d2a.sol:132:3: Missing @notice tag in function 'balanceOf' [Warning/use-natspec]
/sb/0x9d1da8d08a10286402e289a8b5e9f865f2d14d2a.sol:132:3: Mismatch in @return names for function 'balanceOf'. Expected: [balance], Found: [An] [Warning/use-natspec]
/sb/0x9d1da8d08a10286402e289a8b5e9f865f2d14d2a.sol:145:1: Missing @author tag in contract 'StandardToken' [Warning/use-natspec]
/sb/0x9d1da8d08a10286402e289a8b5e9f865f2d14d2a.sol:145:1: Missing @notice tag in contract 'StandardToken' [Warning/use-natspec]
/sb/0x9d1da8d08a10286402e289a8b5e9f865f2d14d2a.sol:156:3: Missing @notice tag in function 'transferFrom' [Warning/use-natspec]
/sb/0x9d1da8d08a10286402e289a8b5e9f865f2d14d2a.sol:156:3: Missing @return tag in function 'transferFrom' [Warning/use-natspec]
/sb/0x9d1da8d08a10286402e289a8b5e9f865f2d14d2a.sol:156:3: Mismatch in @return count for function 'transferFrom'. Expected: 1, Found: 0 [Warning/use-natspec]
/sb/0x9d1da8d08a10286402e289a8b5e9f865f2d14d2a.sol:157:5: Provide an error message for require [Warning/reason-string]
/sb/0x9d1da8d08a10286402e289a8b5e9f865f2d14d2a.sol:158:5: Provide an error message for require [Warning/reason-string]
/sb/0x9d1da8d08a10286402e289a8b5e9f865f2d14d2a.sol:158:13: GC: Non strict inequality found. Try converting to a strict one [Warning/gas-strict-inequalities]
/sb/0x9d1da8d08a10286402e289a8b5e9f865f2d14d2a.sol:159:5: Provide an error message for require [Warning/reason-string]
/sb/0x9d1da8d08a10286402e289a8b5e9f865f2d14d2a.sol:159:13: GC: Non strict inequality found. Try converting to a strict one [Warning/gas-strict-inequalities]
/sb/0x9d1da8d08a10286402e289a8b5e9f865f2d14d2a.sol:178:3: Missing @notice tag in function 'approve' [Warning/use-natspec]
/sb/0x9d1da8d08a10286402e289a8b5e9f865f2d14d2a.sol:178:3: Missing @return tag in function 'approve' [Warning/use-natspec]
/sb/0x9d1da8d08a10286402e289a8b5e9f865f2d14d2a.sol:178:3: Mismatch in @return count for function 'approve'. Expected: 1, Found: 0 [Warning/use-natspec]
/sb/0x9d1da8d08a10286402e289a8b5e9f865f2d14d2a.sol:190:3: Missing @notice tag in function 'allowance' [Warning/use-natspec]
/sb/0x9d1da8d08a10286402e289a8b5e9f865f2d14d2a.sol:190:3: Mismatch in @return names for function 'allowance'. Expected: [remaining], Found: [A] [Warning/use-natspec]
/sb/0x9d1da8d08a10286402e289a8b5e9f865f2d14d2a.sol:200:3: Missing @notice tag in function 'increaseApproval' [Warning/use-natspec]
/sb/0x9d1da8d08a10286402e289a8b5e9f865f2d14d2a.sol:200:3: Missing @param tag in function 'increaseApproval' [Warning/use-natspec]
/sb/0x9d1da8d08a10286402e289a8b5e9f865f2d14d2a.sol:200:3: Mismatch in @param names for function 'increaseApproval'. Expected: [_spender, _addedValue], Found: [] [Warning/use-natspec]
/sb/0x9d1da8d08a10286402e289a8b5e9f865f2d14d2a.sol:200:3: Missing @return tag in function 'increaseApproval' [Warning/use-natspec]
/sb/0x9d1da8d08a10286402e289a8b5e9f865f2d14d2a.sol:200:3: Mismatch in @return names for function 'increaseApproval'. Expected: [success], Found: [] [Warning/use-natspec]
/sb/0x9d1da8d08a10286402e289a8b5e9f865f2d14d2a.sol:200:48: Rule is set with explicit type [var/s: uint] [Warning/explicit-types]
/sb/0x9d1da8d08a10286402e289a8b5e9f865f2d14d2a.sol:206:3: Missing @notice tag in function 'decreaseApproval' [Warning/use-natspec]
/sb/0x9d1da8d08a10286402e289a8b5e9f865f2d14d2a.sol:206:3: Missing @param tag in function 'decreaseApproval' [Warning/use-natspec]
/sb/0x9d1da8d08a10286402e289a8b5e9f865f2d14d2a.sol:206:3: Mismatch in @param names for function 'decreaseApproval'. Expected: [_spender, _subtractedValue], Found: [] [Warning/use-natspec]
/sb/0x9d1da8d08a10286402e289a8b5e9f865f2d14d2a.sol:206:3: Missing @return tag in function 'decreaseApproval' [Warning/use-natspec]
/sb/0x9d1da8d08a10286402e289a8b5e9f865f2d14d2a.sol:206:3: Mismatch in @return names for function 'decreaseApproval'. Expected: [success], Found: [] [Warning/use-natspec]
/sb/0x9d1da8d08a10286402e289a8b5e9f865f2d14d2a.sol:206:48: Rule is set with explicit type [var/s: uint] [Warning/explicit-types]
/sb/0x9d1da8d08a10286402e289a8b5e9f865f2d14d2a.sol:207:5: Rule is set with explicit type [var/s: uint] [Warning/explicit-types]
/sb/0x9d1da8d08a10286402e289a8b5e9f865f2d14d2a.sol:219:1: Missing @title tag in contract 'Infocash' [Warning/use-natspec]
/sb/0x9d1da8d08a10286402e289a8b5e9f865f2d14d2a.sol:219:1: Missing @author tag in contract 'Infocash' [Warning/use-natspec]
/sb/0x9d1da8d08a10286402e289a8b5e9f865f2d14d2a.sol:219:1: Missing @notice tag in contract 'Infocash' [Warning/use-natspec]
/sb/0x9d1da8d08a10286402e289a8b5e9f865f2d14d2a.sol:220:5: Missing @notice tag in variable 'name' [Warning/use-natspec]
/sb/0x9d1da8d08a10286402e289a8b5e9f865f2d14d2a.sol:220:5: Constant name must be in capitalized SNAKE_CASE [Warning/const-name-snakecase]
/sb/0x9d1da8d08a10286402e289a8b5e9f865f2d14d2a.sol:221:5: Missing @notice tag in variable 'decimals' [Warning/use-natspec]
/sb/0x9d1da8d08a10286402e289a8b5e9f865f2d14d2a.sol:221:5: Constant name must be in capitalized SNAKE_CASE [Warning/const-name-snakecase]
/sb/0x9d1da8d08a10286402e289a8b5e9f865f2d14d2a.sol:222:5: Missing @notice tag in variable 'symbol' [Warning/use-natspec]
/sb/0x9d1da8d08a10286402e289a8b5e9f865f2d14d2a.sol:222:5: Constant name must be in capitalized SNAKE_CASE [Warning/const-name-snakecase]
/sb/0x9d1da8d08a10286402e289a8b5e9f865f2d14d2a.sol:223:5: Missing @notice tag in variable 'canClaimToken' [Warning/use-natspec]
/sb/0x9d1da8d08a10286402e289a8b5e9f865f2d14d2a.sol:224:5: Missing @notice tag in variable 'maxSupply' [Warning/use-natspec]
/sb/0x9d1da8d08a10286402e289a8b5e9f865f2d14d2a.sol:224:5: Constant name must be in capitalized SNAKE_CASE [Warning/const-name-snakecase]
/sb/0x9d1da8d08a10286402e289a8b5e9f865f2d14d2a.sol:225:5: Missing @notice tag in variable 'dateInit' [Warning/use-natspec]
/sb/0x9d1da8d08a10286402e289a8b5e9f865f2d14d2a.sol:225:5: Constant name must be in capitalized SNAKE_CASE [Warning/const-name-snakecase]
/sb/0x9d1da8d08a10286402e289a8b5e9f865f2d14d2a.sol:226:5: Missing @notice tag in variable 'dateICO' [Warning/use-natspec]
/sb/0x9d1da8d08a10286402e289a8b5e9f865f2d14d2a.sol:226:5: Constant name must be in capitalized SNAKE_CASE [Warning/const-name-snakecase]
/sb/0x9d1da8d08a10286402e289a8b5e9f865f2d14d2a.sol:227:5: Missing @notice tag in variable 'dateIT' [Warning/use-natspec]
/sb/0x9d1da8d08a10286402e289a8b5e9f865f2d14d2a.sol:227:5: Constant name must be in capitalized SNAKE_CASE [Warning/const-name-snakecase]
/sb/0x9d1da8d08a10286402e289a8b5e9f865f2d14d2a.sol:228:5: Missing @notice tag in variable 'dateMarketing' [Warning/use-natspec]
/sb/0x9d1da8d08a10286402e289a8b5e9f865f2d14d2a.sol:228:5: Constant name must be in capitalized SNAKE_CASE [Warning/const-name-snakecase]
/sb/0x9d1da8d08a10286402e289a8b5e9f865f2d14d2a.sol:229:5: Missing @notice tag in variable 'dateEco' [Warning/use-natspec]
/sb/0x9d1da8d08a10286402e289a8b5e9f865f2d14d2a.sol:229:5: Constant name must be in capitalized SNAKE_CASE [Warning/const-name-snakecase]
/sb/0x9d1da8d08a10286402e289a8b5e9f865f2d14d2a.sol:230:5: Missing @notice tag in variable 'dateManager' [Warning/use-natspec]
/sb/0x9d1da8d08a10286402e289a8b5e9f865f2d14d2a.sol:230:5: Constant name must be in capitalized SNAKE_CASE [Warning/const-name-snakecase]
/sb/0x9d1da8d08a10286402e289a8b5e9f865f2d14d2a.sol:231:5: Missing @notice tag in variable 'dateAdmin' [Warning/use-natspec]
/sb/0x9d1da8d08a10286402e289a8b5e9f865f2d14d2a.sol:231:5: Constant name must be in capitalized SNAKE_CASE [Warning/const-name-snakecase]
/sb/0x9d1da8d08a10286402e289a8b5e9f865f2d14d2a.sol:258:5: Explicitly mark visibility of state [Warning/state-visibility]
/sb/0x9d1da8d08a10286402e289a8b5e9f865f2d14d2a.sol:259:5: Missing @notice tag in variable 'stageICO' [Warning/use-natspec]
/sb/0x9d1da8d08a10286402e289a8b5e9f865f2d14d2a.sol:260:5: Missing @notice tag in variable 'stageIT' [Warning/use-natspec]
/sb/0x9d1da8d08a10286402e289a8b5e9f865f2d14d2a.sol:261:5: Missing @notice tag in variable 'stageMarketing' [Warning/use-natspec]
/sb/0x9d1da8d08a10286402e289a8b5e9f865f2d14d2a.sol:262:5: Missing @notice tag in variable 'stageEco' [Warning/use-natspec]
/sb/0x9d1da8d08a10286402e289a8b5e9f865f2d14d2a.sol:263:5: Missing @notice tag in variable 'stageMgmtSystem' [Warning/use-natspec]
/sb/0x9d1da8d08a10286402e289a8b5e9f865f2d14d2a.sol:264:5: Missing @notice tag in variable 'stageAdmin' [Warning/use-natspec]
/sb/0x9d1da8d08a10286402e289a8b5e9f865f2d14d2a.sol:267:5: Missing @notice tag in function '<anonymous>' [Warning/use-natspec]
/sb/0x9d1da8d08a10286402e289a8b5e9f865f2d14d2a.sol:267:5: Explicitly mark visibility in function [Warning/func-visibility]
/sb/0x9d1da8d08a10286402e289a8b5e9f865f2d14d2a.sol:268:7: Provide an error message for revert [Warning/reason-string]
/sb/0x9d1da8d08a10286402e289a8b5e9f865f2d14d2a.sol:271:5: Missing @notice tag in function 'totalSupply' [Warning/use-natspec]
/sb/0x9d1da8d08a10286402e289a8b5e9f865f2d14d2a.sol:271:5: Missing @return tag in function 'totalSupply' [Warning/use-natspec]
/sb/0x9d1da8d08a10286402e289a8b5e9f865f2d14d2a.sol:271:5: Mismatch in @return names for function 'totalSupply'. Expected: [total], Found: [] [Warning/use-natspec]
/sb/0x9d1da8d08a10286402e289a8b5e9f865f2d14d2a.sol:275:5: Missing @notice tag in function 'mintToken' [Warning/use-natspec]
/sb/0x9d1da8d08a10286402e289a8b5e9f865f2d14d2a.sol:275:5: Missing @param tag in function 'mintToken' [Warning/use-natspec]
/sb/0x9d1da8d08a10286402e289a8b5e9f865f2d14d2a.sol:275:5: Mismatch in @param names for function 'mintToken'. Expected: [_owner, _amount, _isRaw], Found: [] [Warning/use-natspec]
/sb/0x9d1da8d08a10286402e289a8b5e9f865f2d14d2a.sol:275:80: Visibility modifier must be first in list of modifiers [Warning/visibility-modifier-order]
/sb/0x9d1da8d08a10286402e289a8b5e9f865f2d14d2a.sol:276:7: Provide an error message for require [Warning/reason-string]
/sb/0x9d1da8d08a10286402e289a8b5e9f865f2d14d2a.sol:276:15: GC: Non strict inequality found. Try converting to a strict one [Warning/gas-strict-inequalities]
/sb/0x9d1da8d08a10286402e289a8b5e9f865f2d14d2a.sol:287:5: Missing @notice tag in function 'transferRaw' [Warning/use-natspec]
/sb/0x9d1da8d08a10286402e289a8b5e9f865f2d14d2a.sol:287:5: Missing @param tag in function 'transferRaw' [Warning/use-natspec]
/sb/0x9d1da8d08a10286402e289a8b5e9f865f2d14d2a.sol:287:5: Mismatch in @param names for function 'transferRaw'. Expected: [_to, _value], Found: [] [Warning/use-natspec]
/sb/0x9d1da8d08a10286402e289a8b5e9f865f2d14d2a.sol:287:5: Missing @return tag in function 'transferRaw' [Warning/use-natspec]
/sb/0x9d1da8d08a10286402e289a8b5e9f865f2d14d2a.sol:287:5: Mismatch in @return count for function 'transferRaw'. Expected: 1, Found: 0 [Warning/use-natspec]
/sb/0x9d1da8d08a10286402e289a8b5e9f865f2d14d2a.sol:288:5: Provide an error message for require [Warning/reason-string]
/sb/0x9d1da8d08a10286402e289a8b5e9f865f2d14d2a.sol:289:5: Provide an error message for require [Warning/reason-string]
/sb/0x9d1da8d08a10286402e289a8b5e9f865f2d14d2a.sol:289:13: GC: Non strict inequality found. Try converting to a strict one [Warning/gas-strict-inequalities]
/sb/0x9d1da8d08a10286402e289a8b5e9f865f2d14d2a.sol:299:3: Missing @notice tag in function 'setClaimToken' [Warning/use-natspec]
/sb/0x9d1da8d08a10286402e289a8b5e9f865f2d14d2a.sol:299:3: Missing @param tag in function 'setClaimToken' [Warning/use-natspec]
/sb/0x9d1da8d08a10286402e289a8b5e9f865f2d14d2a.sol:299:3: Mismatch in @param names for function 'setClaimToken'. Expected: [approve], Found: [] [Warning/use-natspec]
/sb/0x9d1da8d08a10286402e289a8b5e9f865f2d14d2a.sol:299:3: Missing @return tag in function 'setClaimToken' [Warning/use-natspec]
/sb/0x9d1da8d08a10286402e289a8b5e9f865f2d14d2a.sol:299:3: Mismatch in @return count for function 'setClaimToken'. Expected: 1, Found: 0 [Warning/use-natspec]
/sb/0x9d1da8d08a10286402e289a8b5e9f865f2d14d2a.sol:299:50: Visibility modifier must be first in list of modifiers [Warning/visibility-modifier-order]
/sb/0x9d1da8d08a10286402e289a8b5e9f865f2d14d2a.sol:299:26: Variable "approve" is unused [Warning/no-unused-vars]
/sb/0x9d1da8d08a10286402e289a8b5e9f865f2d14d2a.sol:304:5: Missing @notice tag in function 'claimToken' [Warning/use-natspec]
/sb/0x9d1da8d08a10286402e289a8b5e9f865f2d14d2a.sol:304:5: Missing @param tag in function 'claimToken' [Warning/use-natspec]
/sb/0x9d1da8d08a10286402e289a8b5e9f865f2d14d2a.sol:304:5: Mismatch in @param names for function 'claimToken'. Expected: [_owner], Found: [] [Warning/use-natspec]
/sb/0x9d1da8d08a10286402e289a8b5e9f865f2d14d2a.sol:304:5: Missing @return tag in function 'claimToken' [Warning/use-natspec]
/sb/0x9d1da8d08a10286402e289a8b5e9f865f2d14d2a.sol:304:5: Mismatch in @return names for function 'claimToken'. Expected: [amount], Found: [] [Warning/use-natspec]
/sb/0x9d1da8d08a10286402e289a8b5e9f865f2d14d2a.sol:305:7: Provide an error message for require [Warning/reason-string]
/sb/0x9d1da8d08a10286402e289a8b5e9f865f2d14d2a.sol:306:7: Provide an error message for require [Warning/reason-string]
/sb/0x9d1da8d08a10286402e289a8b5e9f865f2d14d2a.sol:314:5: Missing @notice tag in function 'balanceOfRaws' [Warning/use-natspec]
/sb/0x9d1da8d08a10286402e289a8b5e9f865f2d14d2a.sol:314:5: Missing @param tag in function 'balanceOfRaws' [Warning/use-natspec]
/sb/0x9d1da8d08a10286402e289a8b5e9f865f2d14d2a.sol:314:5: Mismatch in @param names for function 'balanceOfRaws'. Expected: [_owner], Found: [] [Warning/use-natspec]
/sb/0x9d1da8d08a10286402e289a8b5e9f865f2d14d2a.sol:314:5: Missing @return tag in function 'balanceOfRaws' [Warning/use-natspec]
/sb/0x9d1da8d08a10286402e289a8b5e9f865f2d14d2a.sol:314:5: Mismatch in @return names for function 'balanceOfRaws'. Expected: [balance], Found: [] [Warning/use-natspec]
/sb/0x9d1da8d08a10286402e289a8b5e9f865f2d14d2a.sol:318:5: Missing @notice tag in function 'blockTime' [Warning/use-natspec]
/sb/0x9d1da8d08a10286402e289a8b5e9f865f2d14d2a.sol:318:5: Missing @return tag in function 'blockTime' [Warning/use-natspec]
/sb/0x9d1da8d08a10286402e289a8b5e9f865f2d14d2a.sol:318:5: Mismatch in @return count for function 'blockTime'. Expected: 1, Found: 0 [Warning/use-natspec]
/sb/0x9d1da8d08a10286402e289a8b5e9f865f2d14d2a.sol:318:5: Explicitly mark visibility in function [Warning/func-visibility]
/sb/0x9d1da8d08a10286402e289a8b5e9f865f2d14d2a.sol:322:5: Missing @notice tag in function 'stage' [Warning/use-natspec]
/sb/0x9d1da8d08a10286402e289a8b5e9f865f2d14d2a.sol:322:5: Missing @return tag in function 'stage' [Warning/use-natspec]
/sb/0x9d1da8d08a10286402e289a8b5e9f865f2d14d2a.sol:322:5: Mismatch in @return count for function 'stage'. Expected: 1, Found: 0 [Warning/use-natspec]
/sb/0x9d1da8d08a10286402e289a8b5e9f865f2d14d2a.sol:322:5: Explicitly mark visibility in function [Warning/func-visibility]
/sb/0x9d1da8d08a10286402e289a8b5e9f865f2d14d2a.sol:323:10: GC: Non strict inequality found. Try converting to a strict one [Warning/gas-strict-inequalities]
/sb/0x9d1da8d08a10286402e289a8b5e9f865f2d14d2a.sol:327:10: GC: Non strict inequality found. Try converting to a strict one [Warning/gas-strict-inequalities]
/sb/0x9d1da8d08a10286402e289a8b5e9f865f2d14d2a.sol:331:10: GC: Non strict inequality found. Try converting to a strict one [Warning/gas-strict-inequalities]
/sb/0x9d1da8d08a10286402e289a8b5e9f865f2d14d2a.sol:335:10: GC: Non strict inequality found. Try converting to a strict one [Warning/gas-strict-inequalities]
/sb/0x9d1da8d08a10286402e289a8b5e9f865f2d14d2a.sol:339:10: GC: Non strict inequality found. Try converting to a strict one [Warning/gas-strict-inequalities]
/sb/0x9d1da8d08a10286402e289a8b5e9f865f2d14d2a.sol:343:10: GC: Non strict inequality found. Try converting to a strict one [Warning/gas-strict-inequalities]
/sb/0x9d1da8d08a10286402e289a8b5e9f865f2d14d2a.sol:347:10: GC: Non strict inequality found. Try converting to a strict one [Warning/gas-strict-inequalities]
/sb/0x9d1da8d08a10286402e289a8b5e9f865f2d14d2a.sol:354:5: Missing @notice tag in function 'releaseStage' [Warning/use-natspec]
/sb/0x9d1da8d08a10286402e289a8b5e9f865f2d14d2a.sol:354:5: Missing @param tag in function 'releaseStage' [Warning/use-natspec]
/sb/0x9d1da8d08a10286402e289a8b5e9f865f2d14d2a.sol:354:5: Mismatch in @param names for function 'releaseStage'. Expected: [amount, stageRelease, isRaw], Found: [] [Warning/use-natspec]
/sb/0x9d1da8d08a10286402e289a8b5e9f865f2d14d2a.sol:354:5: Missing @return tag in function 'releaseStage' [Warning/use-natspec]
/sb/0x9d1da8d08a10286402e289a8b5e9f865f2d14d2a.sol:354:5: Mismatch in @return count for function 'releaseStage'. Expected: 1, Found: 0 [Warning/use-natspec]
/sb/0x9d1da8d08a10286402e289a8b5e9f865f2d14d2a.sol:366:5: Missing @notice tag in function 'release' [Warning/use-natspec]
/sb/0x9d1da8d08a10286402e289a8b5e9f865f2d14d2a.sol:366:5: Missing @param tag in function 'release' [Warning/use-natspec]
/sb/0x9d1da8d08a10286402e289a8b5e9f865f2d14d2a.sol:366:5: Mismatch in @param names for function 'release'. Expected: [amount, isRaw], Found: [] [Warning/use-natspec]
/sb/0x9d1da8d08a10286402e289a8b5e9f865f2d14d2a.sol:366:5: Missing @return tag in function 'release' [Warning/use-natspec]
/sb/0x9d1da8d08a10286402e289a8b5e9f865f2d14d2a.sol:366:5: Mismatch in @return count for function 'release'. Expected: 1, Found: 0 [Warning/use-natspec]
/sb/0x9d1da8d08a10286402e289a8b5e9f865f2d14d2a.sol:366:60: Visibility modifier must be first in list of modifiers [Warning/visibility-modifier-order]
/sb/0x9d1da8d08a10286402e289a8b5e9f865f2d14d2a.sol:370:9: "throw" is deprecated, avoid to use it [Warning/avoid-throw]

233 problem/s (1 error/s, 232 warning/s)
