Extract contract BasicToken from /sb/0x0017a04a2e182376235530d501bc3fbe7ca07a5b.sol
Extract contract KOLLockNode from /sb/0x0017a04a2e182376235530d501bc3fbe7ca07a5b.sol
Extract contract Ownable from /sb/0x0017a04a2e182376235530d501bc3fbe7ca07a5b.sol
Extract contract SafeMath from /sb/0x0017a04a2e182376235530d501bc3fbe7ca07a5b.sol
Extract contract StandardToken from /sb/0x0017a04a2e182376235530d501bc3fbe7ca07a5b.sol
Extracted 5 contract(s) from /sb/0x0017a04a2e182376235530d501bc3fbe7ca07a5b.sol
[0;32m> Created "fuzzMe"[0m
[0;32m> To fuzz contracts:[0m
  chmod +x fuzzMe
  ./fuzzMe
assets/NormalAttacker.sol:5:3: Warning: No visibility specified. Defaulting to "public". 
  function() payable {
  ^ (Relevant source part starts here and spans across multiple lines).
assets/ReentrancyAttacker.sol:8:7: Warning: Return value of low-level calls not used.
      msg.sender.call(bytes4(255));
      ^--------------------------^
assets/ReentrancyAttacker.sol:5:3: Warning: No visibility specified. Defaulting to "public". 
  function() payable {
  ^ (Relevant source part starts here and spans across multiple lines).
>> Fuzz Ownable
** Write stats: 0.002439
** Write stats: 5.00019
** Write stats: 10.0001
** Write stats: 15.0001
** Write stats: 20.0001
** Write stats: 25.0002
** Write stats: 30.0002
** Write stats: 35.0002
** Write stats: 40.0002
** Write stats: 45.0001
** Write stats: 50.0001
** Write stats: 55.0002
** Write stats: 60.0001
** Write stats: 65.0002
** Write stats: 70.0002
** Write stats: 75.0001
** Write stats: 80.0002
** Write stats: 85.0001
** Write stats: 90.0003
** Write stats: 95.0001
** Write stats: 100
** Write stats: 105
** Write stats: 110
** Write stats: 115
** Write stats: 120
** Write stats: 120.019
>> Fuzz SafeMath
** Write stats: 0.001473
** Write stats: 5.00007
** Write stats: 10.0001
** Write stats: 15.0001
** Write stats: 20.0001
** Write stats: 25.0003
** Write stats: 30.0001
** Write stats: 35.0001
** Write stats: 40.0001
** Write stats: 45.0001
** Write stats: 50.0001
** Write stats: 55.0001
** Write stats: 60.0001
** Write stats: 65.0001
** Write stats: 70.0001
** Write stats: 75.0001
** Write stats: 80.0001
** Write stats: 85.0001
** Write stats: 90.0002
** Write stats: 95.0001
** Write stats: 100
** Write stats: 105
** Write stats: 110
** Write stats: 115
** Write stats: 120
** Write stats: 120
>> Fuzz StandardToken
** Write stats: 0.005983
** Write stats: 5.00285
** Write stats: 10.0001
** Write stats: 15.0031
** Write stats: 20.0017
** Write stats: 25.0082
** Write stats: 30.0008
** Write stats: 35.0068
** Write stats: 40.0007
** Write stats: 45.0017
** Write stats: 50.0019
** Write stats: 55.0073
** Write stats: 60.0028
** Write stats: 65.0014
** Write stats: 70.0118
** Write stats: 75.0011
** Write stats: 80.013
** Write stats: 85.0093
** Write stats: 90.0088
** Write stats: 95.0143
** Write stats: 100.001
** Write stats: 105.008
** Write stats: 110.013
** Write stats: 115.018
** Write stats: 120.011
** Write stats: 120.038
>> Fuzz KOLLockNode
** Write stats: 0.0209
** Write stats: 5.00013
** Write stats: 10.021
** Write stats: 15.0007
** Write stats: 20.0171
** Write stats: 25.0108
** Write stats: 30.005
** Write stats: 35.031
** Write stats: 40.002
** Write stats: 45.0339
** Write stats: 50.0057
** Write stats: 55.0164
** Write stats: 60.0207
** Write stats: 65.0275
** Write stats: 70.0426
** Write stats: 75.0408
** Write stats: 80.0491
** Write stats: 85.0222
** Write stats: 90.0459
** Write stats: 95.037
** Write stats: 100.042
** Write stats: 105.031
** Write stats: 110.043
** Write stats: 115.016
** Write stats: 120.054
** Write stats: 120.473
>> Fuzz BasicToken
** Write stats: 0.002949
** Write stats: 5.00032
** Write stats: 10.003
** Write stats: 15.0007
** Write stats: 20.0014
** Write stats: 25.0027
** Write stats: 30.0039
** Write stats: 35.0042
** Write stats: 40.0039
** Write stats: 45.0007
** Write stats: 50.0047
** Write stats: 55.0033
** Write stats: 60.0054
** Write stats: 65.0045
** Write stats: 70.003
** Write stats: 75.0023
** Write stats: 80.0004
** Write stats: 85.0004
** Write stats: 90.0007
** Write stats: 95.0049
** Write stats: 100.003
** Write stats: 105.003
** Write stats: 110.004
** Write stats: 115.003
** Write stats: 120.003
** Write stats: 120.006
