Extract contract BurnableToken from /sb/0x129823d44af3dc25670c02f06f4ae2d3630c7890.sol
Extract contract Controlled from /sb/0x129823d44af3dc25670c02f06f4ae2d3630c7890.sol
Extract contract ElectronicSportsCoin from /sb/0x129823d44af3dc25670c02f06f4ae2d3630c7890.sol
Extract contract MintableToken from /sb/0x129823d44af3dc25670c02f06f4ae2d3630c7890.sol
Extract contract Ownable from /sb/0x129823d44af3dc25670c02f06f4ae2d3630c7890.sol
Extract contract PausableToken from /sb/0x129823d44af3dc25670c02f06f4ae2d3630c7890.sol
Extract contract SafeMath from /sb/0x129823d44af3dc25670c02f06f4ae2d3630c7890.sol
Extract contract StandardToken from /sb/0x129823d44af3dc25670c02f06f4ae2d3630c7890.sol
Extracted 8 contract(s) from /sb/0x129823d44af3dc25670c02f06f4ae2d3630c7890.sol
[0;32m> Created "fuzzMe"[0m
[0;32m> To fuzz contracts:[0m
  chmod +x fuzzMe
  ./fuzzMe
assets/NormalAttacker.sol:5:3: Warning: No visibility specified. Defaulting to "public". 
  function() payable {
  ^ (Relevant source part starts here and spans across multiple lines).
assets/ReentrancyAttacker.sol:8:7: Warning: Return value of low-level calls not used.
      msg.sender.call(bytes4(255));
      ^--------------------------^
assets/ReentrancyAttacker.sol:5:3: Warning: No visibility specified. Defaulting to "public". 
  function() payable {
  ^ (Relevant source part starts here and spans across multiple lines).
>> Fuzz Ownable
** Write stats: 0.004665
** Write stats: 5.00016
** Write stats: 10.0001
** Write stats: 15.0003
** Write stats: 20.0001
** Write stats: 25.0003
** Write stats: 30.0002
** Write stats: 35.0003
** Write stats: 40.0001
** Write stats: 45.0267
** Write stats: 50.0009
** Write stats: 55.0005
** Write stats: 60.0001
** Write stats: 65.0003
** Write stats: 70.0002
** Write stats: 75.0001
** Write stats: 80.0002
** Write stats: 85.0222
** Write stats: 90.0002
** Write stats: 95.0003
** Write stats: 100
** Write stats: 105.005
** Write stats: 110
** Write stats: 110.007
>> Fuzz PausableToken
** Write stats: 0.018571
** Write stats: 5.00087
** Write stats: 10.0005
** Write stats: 15.0033
** Write stats: 20.0102
** Write stats: 25.0137
** Write stats: 30.0092
** Write stats: 35.0055
** Write stats: 40.0008
** Write stats: 45.0048
** Write stats: 50.0103
** Write stats: 55.0032
** Write stats: 60.0163
** Write stats: 65.0094
** Write stats: 70.0114
** Write stats: 75.0108
** Write stats: 80.0058
** Write stats: 85.0149
** Write stats: 90.0078
** Write stats: 95.0167
** Write stats: 100.014
** Write stats: 105.01
** Write stats: 110.014
** Write stats: 110.109
>> Fuzz MintableToken
** Write stats: 0.015279
** Write stats: 5.00038
** Write stats: 10.0021
** Write stats: 15.0008
** Write stats: 20.0021
** Write stats: 25.0015
** Write stats: 30.005
** Write stats: 35.0028
** Write stats: 40.0067
** Write stats: 45.0018
** Write stats: 50.0074
** Write stats: 55.0073
** Write stats: 60.001
** Write stats: 65.0145
** Write stats: 70.0035
** Write stats: 75.0109
** Write stats: 80.0021
** Write stats: 85.0016
** Write stats: 90.0047
** Write stats: 95.0061
** Write stats: 100.003
** Write stats: 105.034
** Write stats: 110.007
** Write stats: 110.1
>> Fuzz SafeMath
** Write stats: 0.0019
** Write stats: 5.00007
** Write stats: 10.0001
** Write stats: 15.9816
** Write stats: 20.0001
** Write stats: 25.0001
** Write stats: 30.0001
** Write stats: 35.0001
** Write stats: 40.0001
** Write stats: 45.0001
** Write stats: 50.0001
** Write stats: 55.0003
** Write stats: 60.0001
** Write stats: 70.0001
** Write stats: 75.0001
** Write stats: 80.0002
** Write stats: 85.0001
** Write stats: 90.0001
** Write stats: 95.0001
** Write stats: 100
** Write stats: 105
** Write stats: 110.001
>> Fuzz Controlled
** Write stats: 0.008049
** Write stats: 5.00512
** Write stats: 10.0031
** Write stats: 15.0025
** Write stats: 20.0053
** Write stats: 25.0059
** Write stats: 30.0031
** Write stats: 35.0017
** Write stats: 40.0066
** Write stats: 45.0067
** Write stats: 50.0067
** Write stats: 55.0055
** Write stats: 60.0069
** Write stats: 65.0026
** Write stats: 70.0019
** Write stats: 75.008
** Write stats: 80.0017
** Write stats: 85.0123
** Write stats: 90.0051
** Write stats: 95.0087
** Write stats: 100.01
** Write stats: 105.009
** Write stats: 110.003
** Write stats: 110.017
>> Fuzz ElectronicSportsCoin
** Write stats: 0.034382
** Write stats: 5.05715
** Write stats: 10.4467
** Write stats: 15.048
** Write stats: 20.1129
** Write stats: 25.1399
** Write stats: 30.6775
** Write stats: 35.2683
** Write stats: 40.0375
** Write stats: 123.424
>> Fuzz StandardToken
** Write stats: 0.011274
** Write stats: 5.00229
** Write stats: 10.0005
** Write stats: 15.0026
** Write stats: 20.0019
** Write stats: 25.0009
** Write stats: 30.0059
** Write stats: 35.0068
** Write stats: 40.0021
** Write stats: 45.0056
** Write stats: 50.0038
** Write stats: 55.0029
** Write stats: 60.0069
** Write stats: 65.0038
** Write stats: 70.0046
** Write stats: 75.0013
** Write stats: 80.007
** Write stats: 85.0035
** Write stats: 90.0072
** Write stats: 95.001
** Write stats: 100.003
** Write stats: 105.007
** Write stats: 110.006
** Write stats: 110.012
>> Fuzz BurnableToken
** Write stats: 0.012278
** Write stats: 5.00157
** Write stats: 10.0014
** Write stats: 15.0039
** Write stats: 20.0037
** Write stats: 25.0036
** Write stats: 30.0002
** Write stats: 35.0007
** Write stats: 40.001
** Write stats: 45.0018
** Write stats: 50.0046
** Write stats: 55.0064
** Write stats: 60.0065
** Write stats: 65.0067
** Write stats: 70.0044
** Write stats: 75.0036
** Write stats: 80.0092
** Write stats: 85.0076
** Write stats: 90.0091
** Write stats: 95.003
** Write stats: 100.009
** Write stats: 105.009
** Write stats: 110.002
** Write stats: 110.047
