'solc --version' running
'solc /sb/0x527d1a248dbd53dba2cd3292d63e9fb8ce997c7f.sol --combined-json abi,ast,bin,bin-runtime,srcmap,srcmap-runtime,userdoc,devdoc,hashes,compact-format --allow-paths .,/sb' running
Compilation warnings/errors on /sb/0x527d1a248dbd53dba2cd3292d63e9fb8ce997c7f.sol:
/sb/0x527d1a248dbd53dba2cd3292d63e9fb8ce997c7f.sol:157:3: Warning: Defining constructors as functions with the same name as the contract is deprecated. Use "constructor(...) { ... }" instead.
  function Ownable() public {
  ^ (Relevant source part starts here and spans across multiple lines).
/sb/0x527d1a248dbd53dba2cd3292d63e9fb8ce997c7f.sol:384:3: Warning: Defining constructors as functions with the same name as the contract is deprecated. Use "constructor(...) { ... }" instead.
  function HBOToken() public {
  ^ (Relevant source part starts here and spans across multiple lines).
/sb/0x527d1a248dbd53dba2cd3292d63e9fb8ce997c7f.sol:97:5: Warning: Invoking events without "emit" prefix is deprecated.
    Transfer(msg.sender, _to, _value);
    ^-------------------------------^
/sb/0x527d1a248dbd53dba2cd3292d63e9fb8ce997c7f.sol:134:5: Warning: Invoking events without "emit" prefix is deprecated.
    Burn(burner, _value);
    ^------------------^
/sb/0x527d1a248dbd53dba2cd3292d63e9fb8ce997c7f.sol:135:5: Warning: Invoking events without "emit" prefix is deprecated.
    Transfer(burner, address(0), _value);
    ^----------------------------------^
/sb/0x527d1a248dbd53dba2cd3292d63e9fb8ce997c7f.sol:175:5: Warning: Invoking events without "emit" prefix is deprecated.
    OwnershipTransferred(owner, newOwner);
    ^-----------------------------------^
/sb/0x527d1a248dbd53dba2cd3292d63e9fb8ce997c7f.sol:215:5: Warning: Invoking events without "emit" prefix is deprecated.
    Pause();
    ^-----^
/sb/0x527d1a248dbd53dba2cd3292d63e9fb8ce997c7f.sol:223:5: Warning: Invoking events without "emit" prefix is deprecated.
    Unpause();
    ^-------^
/sb/0x527d1a248dbd53dba2cd3292d63e9fb8ce997c7f.sol:268:5: Warning: Invoking events without "emit" prefix is deprecated.
    Transfer(_from, _to, _value);
    ^--------------------------^
/sb/0x527d1a248dbd53dba2cd3292d63e9fb8ce997c7f.sol:284:5: Warning: Invoking events without "emit" prefix is deprecated.
    Approval(msg.sender, _spender, _value);
    ^------------------------------------^
/sb/0x527d1a248dbd53dba2cd3292d63e9fb8ce997c7f.sol:310:5: Warning: Invoking events without "emit" prefix is deprecated.
    Approval(msg.sender, _spender, allowed[msg.sender][_spender]);
    ^-----------------------------------------------------------^
/sb/0x527d1a248dbd53dba2cd3292d63e9fb8ce997c7f.sol:331:5: Warning: Invoking events without "emit" prefix is deprecated.
    Approval(msg.sender, _spender, allowed[msg.sender][_spender]);
    ^-----------------------------------------------------------^
/sb/0x527d1a248dbd53dba2cd3292d63e9fb8ce997c7f.sol:387:5: Warning: Invoking events without "emit" prefix is deprecated.
    Transfer(0x0, msg.sender, INITIAL_SUPPLY);
    ^---------------------------------------^


Contract locking ether found:
	Contract HBOToken (../sb/0x527d1a248dbd53dba2cd3292d63e9fb8ce997c7f.sol#374-395) has payable functions:
	 - HBOToken.fallback() (../sb/0x527d1a248dbd53dba2cd3292d63e9fb8ce997c7f.sol#390-392)
	But does not have a function to withdraw the ether
Reference: https://github.com/crytic/slither/wiki/Detector-Documentation#contracts-that-lock-ether

Version constraint ^0.4.18 contains known severe issues (https://solidity.readthedocs.io/en/latest/bugs.html)
	- DirtyBytesArrayToStorage
	- ABIDecodeTwoDimensionalArrayMemory
	- KeccakCaching
	- EmptyByteArrayCopy
	- DynamicArrayCleanup
	- ImplicitConstructorCallvalueCheck
	- TupleAssignmentMultiStackSlotComponents
	- MemoryArrayCreationOverflow
	- privateCanBeOverridden
	- SignedArrayStorageCopy
	- ABIEncoderV2StorageArrayWithMultiSlotElement
	- DynamicConstructorArgumentsClippedABIV2
	- UninitializedFunctionPointerInConstructor_0.4.x
	- IncorrectEventSignatureInLibraries_0.4.x
	- ExpExponentCleanup
	- EventStructWrongData
	- NestedArrayFunctionCallDecoder.
It is used by:
	- ^0.4.18 (../sb/0x527d1a248dbd53dba2cd3292d63e9fb8ce997c7f.sol#1)
solc-0.4.26 is an outdated solc version. Use a more recent version (at least 0.8.0), if possible.
Reference: https://github.com/crytic/slither/wiki/Detector-Documentation#incorrect-versions-of-solidity

Parameter BasicToken.transfer(address,uint256)._to (../sb/0x527d1a248dbd53dba2cd3292d63e9fb8ce997c7f.sol#90) is not in mixedCase
Parameter BasicToken.transfer(address,uint256)._value (../sb/0x527d1a248dbd53dba2cd3292d63e9fb8ce997c7f.sol#90) is not in mixedCase
Parameter BasicToken.balanceOf(address)._owner (../sb/0x527d1a248dbd53dba2cd3292d63e9fb8ce997c7f.sol#106) is not in mixedCase
Parameter BurnableToken.burn(uint256)._value (../sb/0x527d1a248dbd53dba2cd3292d63e9fb8ce997c7f.sol#126) is not in mixedCase
Parameter StandardToken.transferFrom(address,address,uint256)._from (../sb/0x527d1a248dbd53dba2cd3292d63e9fb8ce997c7f.sol#260) is not in mixedCase
Parameter StandardToken.transferFrom(address,address,uint256)._to (../sb/0x527d1a248dbd53dba2cd3292d63e9fb8ce997c7f.sol#260) is not in mixedCase
Parameter StandardToken.transferFrom(address,address,uint256)._value (../sb/0x527d1a248dbd53dba2cd3292d63e9fb8ce997c7f.sol#260) is not in mixedCase
Parameter StandardToken.approve(address,uint256)._spender (../sb/0x527d1a248dbd53dba2cd3292d63e9fb8ce997c7f.sol#282) is not in mixedCase
Parameter StandardToken.approve(address,uint256)._value (../sb/0x527d1a248dbd53dba2cd3292d63e9fb8ce997c7f.sol#282) is not in mixedCase
Parameter StandardToken.allowance(address,address)._owner (../sb/0x527d1a248dbd53dba2cd3292d63e9fb8ce997c7f.sol#294) is not in mixedCase
Parameter StandardToken.allowance(address,address)._spender (../sb/0x527d1a248dbd53dba2cd3292d63e9fb8ce997c7f.sol#294) is not in mixedCase
Parameter StandardToken.increaseApproval(address,uint256)._spender (../sb/0x527d1a248dbd53dba2cd3292d63e9fb8ce997c7f.sol#308) is not in mixedCase
Parameter StandardToken.increaseApproval(address,uint256)._addedValue (../sb/0x527d1a248dbd53dba2cd3292d63e9fb8ce997c7f.sol#308) is not in mixedCase
Parameter StandardToken.decreaseApproval(address,uint256)._spender (../sb/0x527d1a248dbd53dba2cd3292d63e9fb8ce997c7f.sol#324) is not in mixedCase
Parameter StandardToken.decreaseApproval(address,uint256)._subtractedValue (../sb/0x527d1a248dbd53dba2cd3292d63e9fb8ce997c7f.sol#324) is not in mixedCase
Parameter PausableToken.transfer(address,uint256)._to (../sb/0x527d1a248dbd53dba2cd3292d63e9fb8ce997c7f.sol#345) is not in mixedCase
Parameter PausableToken.transfer(address,uint256)._value (../sb/0x527d1a248dbd53dba2cd3292d63e9fb8ce997c7f.sol#345) is not in mixedCase
Parameter PausableToken.transferFrom(address,address,uint256)._from (../sb/0x527d1a248dbd53dba2cd3292d63e9fb8ce997c7f.sol#349) is not in mixedCase
Parameter PausableToken.transferFrom(address,address,uint256)._to (../sb/0x527d1a248dbd53dba2cd3292d63e9fb8ce997c7f.sol#349) is not in mixedCase
Parameter PausableToken.transferFrom(address,address,uint256)._value (../sb/0x527d1a248dbd53dba2cd3292d63e9fb8ce997c7f.sol#349) is not in mixedCase
Parameter PausableToken.approve(address,uint256)._spender (../sb/0x527d1a248dbd53dba2cd3292d63e9fb8ce997c7f.sol#353) is not in mixedCase
Parameter PausableToken.approve(address,uint256)._value (../sb/0x527d1a248dbd53dba2cd3292d63e9fb8ce997c7f.sol#353) is not in mixedCase
Parameter PausableToken.increaseApproval(address,uint256)._spender (../sb/0x527d1a248dbd53dba2cd3292d63e9fb8ce997c7f.sol#357) is not in mixedCase
Parameter PausableToken.increaseApproval(address,uint256)._addedValue (../sb/0x527d1a248dbd53dba2cd3292d63e9fb8ce997c7f.sol#357) is not in mixedCase
Parameter PausableToken.decreaseApproval(address,uint256)._spender (../sb/0x527d1a248dbd53dba2cd3292d63e9fb8ce997c7f.sol#361) is not in mixedCase
Parameter PausableToken.decreaseApproval(address,uint256)._subtractedValue (../sb/0x527d1a248dbd53dba2cd3292d63e9fb8ce997c7f.sol#361) is not in mixedCase
Reference: https://github.com/crytic/slither/wiki/Detector-Documentation#conformance-to-solidity-naming-conventions

HBOToken.decimals (../sb/0x527d1a248dbd53dba2cd3292d63e9fb8ce997c7f.sol#380) should be constant 
HBOToken.name (../sb/0x527d1a248dbd53dba2cd3292d63e9fb8ce997c7f.sol#378) should be constant 
HBOToken.symbol (../sb/0x527d1a248dbd53dba2cd3292d63e9fb8ce997c7f.sol#376) should be constant 
Reference: https://github.com/crytic/slither/wiki/Detector-Documentation#state-variables-that-could-be-declared-constant
/sb/0x527d1a248dbd53dba2cd3292d63e9fb8ce997c7f.sol analyzed (10 contracts with 100 detectors), 32 result(s) found
