'solc --version' running
'solc /sb/0x6b718f98d6fe9e68227703ea8afd4726baa954a1.sol --combined-json abi,ast,bin,bin-runtime,srcmap,srcmap-runtime,userdoc,devdoc,hashes,compact-format --allow-paths .,/sb' running

ETH_8 (../sb/0x6b718f98d6fe9e68227703ea8afd4726baa954a1.sol#81-290) contract sets array length with a user-controlled value:
	- user.deposits.push(Deposit({amount:amount,interest:getUserInterest(from),withdrawedRate:0})) (../sb/0x6b718f98d6fe9e68227703ea8afd4726baa954a1.sol#276-280)
ETH_8 (../sb/0x6b718f98d6fe9e68227703ea8afd4726baa954a1.sol#81-290) contract sets array length with a user-controlled value:
	- user.deposits.push(Deposit({amount:investment,interest:getUserInterest(from),withdrawedRate:0})) (../sb/0x6b718f98d6fe9e68227703ea8afd4726baa954a1.sol#203-207)
Reference: https://github.com/crytic/slither/wiki/Detector-Documentation#array-length-assignment

Proxy._bytesToAddress(bytes) (../sb/0x6b718f98d6fe9e68227703ea8afd4726baa954a1.sol#73-78) is declared view but contains assembly code
Reference: https://github.com/crytic/slither/wiki/Detector-Documentation#constant-functions-using-assembly-code

ETH_8.getDividends(address) (../sb/0x6b718f98d6fe9e68227703ea8afd4726baa954a1.sol#142-158) performs a multiplication on the result of a division:
	- DepositDividendPayed(wallet,i,user.deposits[i].amount,user.deposits[i].amount.mul(user.deposits[i].withdrawedRate.div(ONE_HUNDRED_PERCENTS)),user.deposits[i].amount.mul(withdrawRate.div(ONE_HUNDRED_PERCENTS))) (../sb/0x6b718f98d6fe9e68227703ea8afd4726baa954a1.sol#148-154)
Reference: https://github.com/crytic/slither/wiki/Detector-Documentation#divide-before-multiply

ETH_8.doInvest(address,uint256,address) (../sb/0x6b718f98d6fe9e68227703ea8afd4726baa954a1.sol#168-216) uses a dangerous strict equality:
	- user.referrer == address(0) && user.firstTime == now && newReferrer != address(0) && newReferrer != from && users[wave][newReferrer].firstTime > 0 (../sb/0x6b718f98d6fe9e68227703ea8afd4726baa954a1.sol#180-184)
Reference: https://github.com/crytic/slither/wiki/Detector-Documentation#dangerous-strict-equalities

ETH_8.withdrawDividends(address).from (../sb/0x6b718f98d6fe9e68227703ea8afd4726baa954a1.sol#126) lacks a zero-check on :
		- from.transfer(dividendsSum) (../sb/0x6b718f98d6fe9e68227703ea8afd4726baa954a1.sol#137)
Reference: https://github.com/crytic/slither/wiki/Detector-Documentation#missing-zero-address-validation

ETH_8.withdrawDividends(address) (../sb/0x6b718f98d6fe9e68227703ea8afd4726baa954a1.sol#126-140) uses timestamp for comparisons
	Dangerous comparisons:
	- require(bool)(dividendsSum > 0) (../sb/0x6b718f98d6fe9e68227703ea8afd4726baa954a1.sol#129)
	- address(this).balance <= dividendsSum (../sb/0x6b718f98d6fe9e68227703ea8afd4726baa954a1.sol#131)
ETH_8.doInvest(address,uint256,address) (../sb/0x6b718f98d6fe9e68227703ea8afd4726baa954a1.sol#168-216) uses timestamp for comparisons
	Dangerous comparisons:
	- require(bool)(investment >= MINIMUM_DEPOSIT) (../sb/0x6b718f98d6fe9e68227703ea8afd4726baa954a1.sol#170)
	- user.referrer == address(0) && user.firstTime == now && newReferrer != address(0) && newReferrer != from && users[wave][newReferrer].firstTime > 0 (../sb/0x6b718f98d6fe9e68227703ea8afd4726baa954a1.sol#180-184)
ETH_8.getUserInterest(address) (../sb/0x6b718f98d6fe9e68227703ea8afd4726baa954a1.sol#218-230) uses timestamp for comparisons
	Dangerous comparisons:
	- user.referralAmount < 1000000000000000000 (../sb/0x6b718f98d6fe9e68227703ea8afd4726baa954a1.sol#220)
	- user.referrer == address(0) (../sb/0x6b718f98d6fe9e68227703ea8afd4726baa954a1.sol#221)
	- user.referralAmount < 10000000000000000000 (../sb/0x6b718f98d6fe9e68227703ea8afd4726baa954a1.sol#223)
	- user.referralAmount < 20000000000000000000 (../sb/0x6b718f98d6fe9e68227703ea8afd4726baa954a1.sol#225)
ETH_8.min(uint256,uint256) (../sb/0x6b718f98d6fe9e68227703ea8afd4726baa954a1.sol#232-235) uses timestamp for comparisons
	Dangerous comparisons:
	- a < b (../sb/0x6b718f98d6fe9e68227703ea8afd4726baa954a1.sol#233)
ETH_8.depositForUser(address) (../sb/0x6b718f98d6fe9e68227703ea8afd4726baa954a1.sol#237-242) uses timestamp for comparisons
	Dangerous comparisons:
	- i < user.deposits.length (../sb/0x6b718f98d6fe9e68227703ea8afd4726baa954a1.sol#239)
ETH_8.dividendsSumForUser(address) (../sb/0x6b718f98d6fe9e68227703ea8afd4726baa954a1.sol#244-251) uses timestamp for comparisons
	Dangerous comparisons:
	- i < user.deposits.length (../sb/0x6b718f98d6fe9e68227703ea8afd4726baa954a1.sol#246)
Reference: https://github.com/crytic/slither/wiki/Detector-Documentation#block-timestamp

Proxy._bytesToAddress(bytes) (../sb/0x6b718f98d6fe9e68227703ea8afd4726baa954a1.sol#73-78) uses assembly
	- INLINE ASM (../sb/0x6b718f98d6fe9e68227703ea8afd4726baa954a1.sol#75-78)
Reference: https://github.com/crytic/slither/wiki/Detector-Documentation#assembly-usage

Version constraint ^0.4.24 contains known severe issues (https://solidity.readthedocs.io/en/latest/bugs.html)
	- DirtyBytesArrayToStorage
	- ABIDecodeTwoDimensionalArrayMemory
	- KeccakCaching
	- EmptyByteArrayCopy
	- DynamicArrayCleanup
	- ImplicitConstructorCallvalueCheck
	- TupleAssignmentMultiStackSlotComponents
	- MemoryArrayCreationOverflow
	- privateCanBeOverridden
	- SignedArrayStorageCopy
	- ABIEncoderV2StorageArrayWithMultiSlotElement
	- DynamicConstructorArgumentsClippedABIV2
	- UninitializedFunctionPointerInConstructor_0.4.x
	- IncorrectEventSignatureInLibraries_0.4.x
	- ABIEncoderV2PackedStorage_0.4.x
	- ExpExponentCleanup
	- EventStructWrongData.
It is used by:
	- ^0.4.24 (../sb/0x6b718f98d6fe9e68227703ea8afd4726baa954a1.sol#1)
solc-0.4.26 is an outdated solc version. Use a more recent version (at least 0.8.0), if possible.
Reference: https://github.com/crytic/slither/wiki/Detector-Documentation#incorrect-versions-of-solidity

Parameter SafeMath.mul(uint256,uint256)._a (../sb/0x6b718f98d6fe9e68227703ea8afd4726baa954a1.sol#8) is not in mixedCase
Parameter SafeMath.mul(uint256,uint256)._b (../sb/0x6b718f98d6fe9e68227703ea8afd4726baa954a1.sol#8) is not in mixedCase
Parameter SafeMath.div(uint256,uint256)._a (../sb/0x6b718f98d6fe9e68227703ea8afd4726baa954a1.sol#24) is not in mixedCase
Parameter SafeMath.div(uint256,uint256)._b (../sb/0x6b718f98d6fe9e68227703ea8afd4726baa954a1.sol#24) is not in mixedCase
Parameter SafeMath.sub(uint256,uint256)._a (../sb/0x6b718f98d6fe9e68227703ea8afd4726baa954a1.sol#34) is not in mixedCase
Parameter SafeMath.sub(uint256,uint256)._b (../sb/0x6b718f98d6fe9e68227703ea8afd4726baa954a1.sol#34) is not in mixedCase
Parameter SafeMath.add(uint256,uint256)._a (../sb/0x6b718f98d6fe9e68227703ea8afd4726baa954a1.sol#42) is not in mixedCase
Parameter SafeMath.add(uint256,uint256)._b (../sb/0x6b718f98d6fe9e68227703ea8afd4726baa954a1.sol#42) is not in mixedCase
Variable Proxy.eth_8 (../sb/0x6b718f98d6fe9e68227703ea8afd4726baa954a1.sol#52) is not in mixedCase
Contract ETH_8 (../sb/0x6b718f98d6fe9e68227703ea8afd4726baa954a1.sol#81-290) is not in CapWords
Variable ETH_8.DAILY_INTEREST (../sb/0x6b718f98d6fe9e68227703ea8afd4726baa954a1.sol#85) is not in mixedCase
Variable ETH_8.MARKETING_AND_TEAM_FEE (../sb/0x6b718f98d6fe9e68227703ea8afd4726baa954a1.sol#86) is not in mixedCase
Reference: https://github.com/crytic/slither/wiki/Detector-Documentation#conformance-to-solidity-naming-conventions

Reentrancy in ETH_8.doInvest(address,uint256,address) (../sb/0x6b718f98d6fe9e68227703ea8afd4726baa954a1.sol#168-216):
	External calls:
	- user.referrer.transfer(refAmount) (../sb/0x6b718f98d6fe9e68227703ea8afd4726baa954a1.sol#194)
	State variables written after the call(s):
	- investment = investment.add(getDividends(from)) (../sb/0x6b718f98d6fe9e68227703ea8afd4726baa954a1.sol#198)
		- totalDividend = totalDividend.add(sum) (../sb/0x6b718f98d6fe9e68227703ea8afd4726baa954a1.sol#157)
	- totalInvest = totalInvest.add(investment) (../sb/0x6b718f98d6fe9e68227703ea8afd4726baa954a1.sol#200)
	- investment = investment.add(getDividends(from)) (../sb/0x6b718f98d6fe9e68227703ea8afd4726baa954a1.sol#198)
		- user.deposits[i].withdrawedRate = user.deposits[i].withdrawedRate.add(withdrawRate) (../sb/0x6b718f98d6fe9e68227703ea8afd4726baa954a1.sol#146)
		- user.lastPayment = now (../sb/0x6b718f98d6fe9e68227703ea8afd4726baa954a1.sol#156)
	- user.deposits.push(Deposit({amount:investment,interest:getUserInterest(from),withdrawedRate:0})) (../sb/0x6b718f98d6fe9e68227703ea8afd4726baa954a1.sol#203-207)
	Event emitted after the call(s):
	- DepositAdded(from,user.deposits.length,investment) (../sb/0x6b718f98d6fe9e68227703ea8afd4726baa954a1.sol#208)
	- DepositDividendPayed(wallet,i,user.deposits[i].amount,user.deposits[i].amount.mul(user.deposits[i].withdrawedRate.div(ONE_HUNDRED_PERCENTS)),user.deposits[i].amount.mul(withdrawRate.div(ONE_HUNDRED_PERCENTS))) (../sb/0x6b718f98d6fe9e68227703ea8afd4726baa954a1.sol#148-154)
		- investment = investment.add(getDividends(from)) (../sb/0x6b718f98d6fe9e68227703ea8afd4726baa954a1.sol#198)
Reentrancy in ETH_8.doInvest(address,uint256,address) (../sb/0x6b718f98d6fe9e68227703ea8afd4726baa954a1.sol#168-216):
	External calls:
	- user.referrer.transfer(refAmount) (../sb/0x6b718f98d6fe9e68227703ea8afd4726baa954a1.sol#194)
	- marketingAndTechnicalSupport.transfer(marketingAndTeamFee) (../sb/0x6b718f98d6fe9e68227703ea8afd4726baa954a1.sol#212)
	Event emitted after the call(s):
	- BalanceChanged(address(this).balance) (../sb/0x6b718f98d6fe9e68227703ea8afd4726baa954a1.sol#215)
	- FeePayed(from,marketingAndTeamFee) (../sb/0x6b718f98d6fe9e68227703ea8afd4726baa954a1.sol#213)
Reentrancy in ETH_8.withdrawDividends(address) (../sb/0x6b718f98d6fe9e68227703ea8afd4726baa954a1.sol#126-140):
	External calls:
	- from.transfer(dividendsSum) (../sb/0x6b718f98d6fe9e68227703ea8afd4726baa954a1.sol#137)
	Event emitted after the call(s):
	- BalanceChanged(address(this).balance) (../sb/0x6b718f98d6fe9e68227703ea8afd4726baa954a1.sol#139)
	- UserDividendPayed(from,dividendsSum) (../sb/0x6b718f98d6fe9e68227703ea8afd4726baa954a1.sol#138)
Reference: https://github.com/crytic/slither/wiki/Detector-Documentation#reentrancy-vulnerabilities-4

ETH_8.marketingAndTechnicalSupport (../sb/0x6b718f98d6fe9e68227703ea8afd4726baa954a1.sol#109) should be constant 
ETH_8.owner (../sb/0x6b718f98d6fe9e68227703ea8afd4726baa954a1.sol#110) should be constant 
ETH_8.referralPercents (../sb/0x6b718f98d6fe9e68227703ea8afd4726baa954a1.sol#87) should be constant 
Reference: https://github.com/crytic/slither/wiki/Detector-Documentation#state-variables-that-could-be-declared-constant
/sb/0x6b718f98d6fe9e68227703ea8afd4726baa954a1.sol analyzed (3 contracts with 100 detectors), 33 result(s) found
