ANTLR runtime and generated code versions disagree: 4.9.2!=4.7.2
ANTLR runtime and generated code versions disagree: 4.9.2!=4.7.2
Analysing /sb/0x1c80bf91b30c17019149acdb5ddc3dcb89122c8c.sol:QUICK_GAME...
Vulnerability: Integer Underflow. Maybe in function: Try(string). PC: 0x2f4. Line number: 9.
If a = 115792089237316195423570985008687907853269984665640564039457584007913129639808
and b = 128
Vulnerability: Integer Overflow. Maybe in function: Activate(bytes32,string,string). PC: 0x111. Line number: 23.
If a = 4
and b = 115792089237316195423570985008687907853269984665640564039457584007913129639932
Vulnerability: Integer Overflow. Maybe in function: Activate(bytes32,string,string). PC: 0x3b8. Line number: 26.
If a = 32
and b = 115792089237316195423570985008687907853269984665640564039457584007913129639713
Vulnerability: Integer Overflow. Maybe in function: Activate(bytes32,string,string). PC: 0x73c. Line number: 3.
If a = 86844066927987146567678238756515930889952488499230423029593188005934847229824
and b = 86844066927987146567678238756515930889952488499230423029593188005934847229824
Vulnerability: Integer Overflow. Maybe in function: Try(string). PC: 0x8f. Line number: 6.
If a = 4
and b = 115792089237316195423570985008687907853269984665640564039457584007913129639932
Vulnerability: Reentrancy. Maybe in function: Try(string). PC: 0x361. Line number: 11.
Vulnerability: Integer Overflow. Maybe in function: NewQuestion(string,bytes32). PC: 0x173. Line number: 38.
If a = 32
and b = 115792089237316195423570985008687907853269984665640564039457584007913129639900
Vulnerability: Integer Overflow. Maybe in function: Try(string). PC: 0x2e7. Line number: 9.
If a = 128
and b = 115792089237316195423570985008687907853269984665640564039457584007913129639808
Vulnerability: Reentrancy. Maybe in function: StopGame(). PC: 0x6df. Line number: 35.
