A new version of Solhint is available: 6.0.1
Please consider updating your Solhint package.
/sb/0x2667fe18232f308a9eeb7b437978b53a7fd8d6d7.sol:1:1: Found more than One contract per file. 4 contracts found! [Warning/one-contract-per-file]
/sb/0x2667fe18232f308a9eeb7b437978b53a7fd8d6d7.sol:1:1: Compiler version ^0.4.24 does not satisfy the ^0.8.24 semver requirement [Error/compiler-version]
/sb/0x2667fe18232f308a9eeb7b437978b53a7fd8d6d7.sol:4:1: Missing @title tag in contract 'ERC20' [Warning/use-natspec]
/sb/0x2667fe18232f308a9eeb7b437978b53a7fd8d6d7.sol:4:1: Missing @author tag in contract 'ERC20' [Warning/use-natspec]
/sb/0x2667fe18232f308a9eeb7b437978b53a7fd8d6d7.sol:4:1: Missing @notice tag in contract 'ERC20' [Warning/use-natspec]
/sb/0x2667fe18232f308a9eeb7b437978b53a7fd8d6d7.sol:5:3: Missing @notice tag in function 'totalSupply' [Warning/use-natspec]
/sb/0x2667fe18232f308a9eeb7b437978b53a7fd8d6d7.sol:5:3: Missing @return tag in function 'totalSupply' [Warning/use-natspec]
/sb/0x2667fe18232f308a9eeb7b437978b53a7fd8d6d7.sol:5:3: Mismatch in @return count for function 'totalSupply'. Expected: 1, Found: 0 [Warning/use-natspec]
/sb/0x2667fe18232f308a9eeb7b437978b53a7fd8d6d7.sol:7:3: Missing @notice tag in function 'balanceOf' [Warning/use-natspec]
/sb/0x2667fe18232f308a9eeb7b437978b53a7fd8d6d7.sol:7:3: Missing @param tag in function 'balanceOf' [Warning/use-natspec]
/sb/0x2667fe18232f308a9eeb7b437978b53a7fd8d6d7.sol:7:3: Mismatch in @param names for function 'balanceOf'. Expected: [_who], Found: [] [Warning/use-natspec]
/sb/0x2667fe18232f308a9eeb7b437978b53a7fd8d6d7.sol:7:3: Missing @return tag in function 'balanceOf' [Warning/use-natspec]
/sb/0x2667fe18232f308a9eeb7b437978b53a7fd8d6d7.sol:7:3: Mismatch in @return count for function 'balanceOf'. Expected: 1, Found: 0 [Warning/use-natspec]
/sb/0x2667fe18232f308a9eeb7b437978b53a7fd8d6d7.sol:9:3: Missing @notice tag in function 'allowance' [Warning/use-natspec]
/sb/0x2667fe18232f308a9eeb7b437978b53a7fd8d6d7.sol:9:3: Missing @param tag in function 'allowance' [Warning/use-natspec]
/sb/0x2667fe18232f308a9eeb7b437978b53a7fd8d6d7.sol:9:3: Mismatch in @param names for function 'allowance'. Expected: [_owner, _spender], Found: [] [Warning/use-natspec]
/sb/0x2667fe18232f308a9eeb7b437978b53a7fd8d6d7.sol:9:3: Missing @return tag in function 'allowance' [Warning/use-natspec]
/sb/0x2667fe18232f308a9eeb7b437978b53a7fd8d6d7.sol:9:3: Mismatch in @return count for function 'allowance'. Expected: 1, Found: 0 [Warning/use-natspec]
/sb/0x2667fe18232f308a9eeb7b437978b53a7fd8d6d7.sol:11:3: Missing @notice tag in function 'transfer' [Warning/use-natspec]
/sb/0x2667fe18232f308a9eeb7b437978b53a7fd8d6d7.sol:11:3: Missing @param tag in function 'transfer' [Warning/use-natspec]
/sb/0x2667fe18232f308a9eeb7b437978b53a7fd8d6d7.sol:11:3: Mismatch in @param names for function 'transfer'. Expected: [_to, _value], Found: [] [Warning/use-natspec]
/sb/0x2667fe18232f308a9eeb7b437978b53a7fd8d6d7.sol:11:3: Missing @return tag in function 'transfer' [Warning/use-natspec]
/sb/0x2667fe18232f308a9eeb7b437978b53a7fd8d6d7.sol:11:3: Mismatch in @return count for function 'transfer'. Expected: 1, Found: 0 [Warning/use-natspec]
/sb/0x2667fe18232f308a9eeb7b437978b53a7fd8d6d7.sol:13:3: Missing @notice tag in function 'approve' [Warning/use-natspec]
/sb/0x2667fe18232f308a9eeb7b437978b53a7fd8d6d7.sol:13:3: Missing @param tag in function 'approve' [Warning/use-natspec]
/sb/0x2667fe18232f308a9eeb7b437978b53a7fd8d6d7.sol:13:3: Mismatch in @param names for function 'approve'. Expected: [_spender, _value], Found: [] [Warning/use-natspec]
/sb/0x2667fe18232f308a9eeb7b437978b53a7fd8d6d7.sol:13:3: Missing @return tag in function 'approve' [Warning/use-natspec]
/sb/0x2667fe18232f308a9eeb7b437978b53a7fd8d6d7.sol:13:3: Mismatch in @return count for function 'approve'. Expected: 1, Found: 0 [Warning/use-natspec]
/sb/0x2667fe18232f308a9eeb7b437978b53a7fd8d6d7.sol:15:3: Missing @notice tag in function 'transferFrom' [Warning/use-natspec]
/sb/0x2667fe18232f308a9eeb7b437978b53a7fd8d6d7.sol:15:3: Missing @param tag in function 'transferFrom' [Warning/use-natspec]
/sb/0x2667fe18232f308a9eeb7b437978b53a7fd8d6d7.sol:15:3: Mismatch in @param names for function 'transferFrom'. Expected: [_from, _to, _value], Found: [] [Warning/use-natspec]
/sb/0x2667fe18232f308a9eeb7b437978b53a7fd8d6d7.sol:15:3: Missing @return tag in function 'transferFrom' [Warning/use-natspec]
/sb/0x2667fe18232f308a9eeb7b437978b53a7fd8d6d7.sol:15:3: Mismatch in @return count for function 'transferFrom'. Expected: 1, Found: 0 [Warning/use-natspec]
/sb/0x2667fe18232f308a9eeb7b437978b53a7fd8d6d7.sol:17:3: Missing @notice tag in event 'Transfer' [Warning/use-natspec]
/sb/0x2667fe18232f308a9eeb7b437978b53a7fd8d6d7.sol:17:3: Missing @param tag in event 'Transfer' [Warning/use-natspec]
/sb/0x2667fe18232f308a9eeb7b437978b53a7fd8d6d7.sol:17:3: Mismatch in @param names for event 'Transfer'. Expected: [from, to, value], Found: [] [Warning/use-natspec]
/sb/0x2667fe18232f308a9eeb7b437978b53a7fd8d6d7.sol:17:3: GC: [value] on Event [Transfer] could be Indexed [Warning/gas-indexed-events]
/sb/0x2667fe18232f308a9eeb7b437978b53a7fd8d6d7.sol:23:3: Missing @notice tag in event 'Approval' [Warning/use-natspec]
/sb/0x2667fe18232f308a9eeb7b437978b53a7fd8d6d7.sol:23:3: Missing @param tag in event 'Approval' [Warning/use-natspec]
/sb/0x2667fe18232f308a9eeb7b437978b53a7fd8d6d7.sol:23:3: Mismatch in @param names for event 'Approval'. Expected: [owner, spender, value], Found: [] [Warning/use-natspec]
/sb/0x2667fe18232f308a9eeb7b437978b53a7fd8d6d7.sol:23:3: GC: [value] on Event [Approval] could be Indexed [Warning/gas-indexed-events]
/sb/0x2667fe18232f308a9eeb7b437978b53a7fd8d6d7.sol:30:1: Missing @title tag in contract 'SafeMath' [Warning/use-natspec]
/sb/0x2667fe18232f308a9eeb7b437978b53a7fd8d6d7.sol:30:1: Missing @author tag in contract 'SafeMath' [Warning/use-natspec]
/sb/0x2667fe18232f308a9eeb7b437978b53a7fd8d6d7.sol:30:1: Missing @notice tag in contract 'SafeMath' [Warning/use-natspec]
/sb/0x2667fe18232f308a9eeb7b437978b53a7fd8d6d7.sol:32:3: Missing @notice tag in function 'mul' [Warning/use-natspec]
/sb/0x2667fe18232f308a9eeb7b437978b53a7fd8d6d7.sol:32:3: Missing @param tag in function 'mul' [Warning/use-natspec]
/sb/0x2667fe18232f308a9eeb7b437978b53a7fd8d6d7.sol:32:3: Mismatch in @param names for function 'mul'. Expected: [_a, _b], Found: [] [Warning/use-natspec]
/sb/0x2667fe18232f308a9eeb7b437978b53a7fd8d6d7.sol:32:3: Missing @return tag in function 'mul' [Warning/use-natspec]
/sb/0x2667fe18232f308a9eeb7b437978b53a7fd8d6d7.sol:32:3: Mismatch in @return names for function 'mul'. Expected: [c], Found: [] [Warning/use-natspec]
/sb/0x2667fe18232f308a9eeb7b437978b53a7fd8d6d7.sol:42:3: Missing @notice tag in function 'div' [Warning/use-natspec]
/sb/0x2667fe18232f308a9eeb7b437978b53a7fd8d6d7.sol:42:3: Missing @param tag in function 'div' [Warning/use-natspec]
/sb/0x2667fe18232f308a9eeb7b437978b53a7fd8d6d7.sol:42:3: Mismatch in @param names for function 'div'. Expected: [_a, _b], Found: [] [Warning/use-natspec]
/sb/0x2667fe18232f308a9eeb7b437978b53a7fd8d6d7.sol:42:3: Missing @return tag in function 'div' [Warning/use-natspec]
/sb/0x2667fe18232f308a9eeb7b437978b53a7fd8d6d7.sol:42:3: Mismatch in @return count for function 'div'. Expected: 1, Found: 0 [Warning/use-natspec]
/sb/0x2667fe18232f308a9eeb7b437978b53a7fd8d6d7.sol:46:3: Missing @notice tag in function 'sub' [Warning/use-natspec]
/sb/0x2667fe18232f308a9eeb7b437978b53a7fd8d6d7.sol:46:3: Missing @param tag in function 'sub' [Warning/use-natspec]
/sb/0x2667fe18232f308a9eeb7b437978b53a7fd8d6d7.sol:46:3: Mismatch in @param names for function 'sub'. Expected: [_a, _b], Found: [] [Warning/use-natspec]
/sb/0x2667fe18232f308a9eeb7b437978b53a7fd8d6d7.sol:46:3: Missing @return tag in function 'sub' [Warning/use-natspec]
/sb/0x2667fe18232f308a9eeb7b437978b53a7fd8d6d7.sol:46:3: Mismatch in @return count for function 'sub'. Expected: 1, Found: 0 [Warning/use-natspec]
/sb/0x2667fe18232f308a9eeb7b437978b53a7fd8d6d7.sol:47:12: GC: Non strict inequality found. Try converting to a strict one [Warning/gas-strict-inequalities]
/sb/0x2667fe18232f308a9eeb7b437978b53a7fd8d6d7.sol:51:3: Missing @notice tag in function 'add' [Warning/use-natspec]
/sb/0x2667fe18232f308a9eeb7b437978b53a7fd8d6d7.sol:51:3: Missing @param tag in function 'add' [Warning/use-natspec]
/sb/0x2667fe18232f308a9eeb7b437978b53a7fd8d6d7.sol:51:3: Mismatch in @param names for function 'add'. Expected: [_a, _b], Found: [] [Warning/use-natspec]
/sb/0x2667fe18232f308a9eeb7b437978b53a7fd8d6d7.sol:51:3: Missing @return tag in function 'add' [Warning/use-natspec]
/sb/0x2667fe18232f308a9eeb7b437978b53a7fd8d6d7.sol:51:3: Mismatch in @return names for function 'add'. Expected: [c], Found: [] [Warning/use-natspec]
/sb/0x2667fe18232f308a9eeb7b437978b53a7fd8d6d7.sol:53:12: GC: Non strict inequality found. Try converting to a strict one [Warning/gas-strict-inequalities]
/sb/0x2667fe18232f308a9eeb7b437978b53a7fd8d6d7.sol:58:1: Missing @title tag in contract 'StandardToken' [Warning/use-natspec]
/sb/0x2667fe18232f308a9eeb7b437978b53a7fd8d6d7.sol:58:1: Missing @author tag in contract 'StandardToken' [Warning/use-natspec]
/sb/0x2667fe18232f308a9eeb7b437978b53a7fd8d6d7.sol:58:1: Missing @notice tag in contract 'StandardToken' [Warning/use-natspec]
/sb/0x2667fe18232f308a9eeb7b437978b53a7fd8d6d7.sol:61:3: Explicitly mark visibility of state [Warning/state-visibility]
/sb/0x2667fe18232f308a9eeb7b437978b53a7fd8d6d7.sol:65:3: Explicitly mark visibility of state [Warning/state-visibility]
/sb/0x2667fe18232f308a9eeb7b437978b53a7fd8d6d7.sol:67:3: Missing @notice tag in function 'totalSupply' [Warning/use-natspec]
/sb/0x2667fe18232f308a9eeb7b437978b53a7fd8d6d7.sol:67:3: Missing @return tag in function 'totalSupply' [Warning/use-natspec]
/sb/0x2667fe18232f308a9eeb7b437978b53a7fd8d6d7.sol:67:3: Mismatch in @return count for function 'totalSupply'. Expected: 1, Found: 0 [Warning/use-natspec]
/sb/0x2667fe18232f308a9eeb7b437978b53a7fd8d6d7.sol:71:3: Missing @notice tag in function 'balanceOf' [Warning/use-natspec]
/sb/0x2667fe18232f308a9eeb7b437978b53a7fd8d6d7.sol:71:3: Missing @param tag in function 'balanceOf' [Warning/use-natspec]
/sb/0x2667fe18232f308a9eeb7b437978b53a7fd8d6d7.sol:71:3: Mismatch in @param names for function 'balanceOf'. Expected: [_owner], Found: [] [Warning/use-natspec]
/sb/0x2667fe18232f308a9eeb7b437978b53a7fd8d6d7.sol:71:3: Missing @return tag in function 'balanceOf' [Warning/use-natspec]
/sb/0x2667fe18232f308a9eeb7b437978b53a7fd8d6d7.sol:71:3: Mismatch in @return count for function 'balanceOf'. Expected: 1, Found: 0 [Warning/use-natspec]
/sb/0x2667fe18232f308a9eeb7b437978b53a7fd8d6d7.sol:75:3: Missing @notice tag in function 'allowance' [Warning/use-natspec]
/sb/0x2667fe18232f308a9eeb7b437978b53a7fd8d6d7.sol:75:3: Missing @param tag in function 'allowance' [Warning/use-natspec]
/sb/0x2667fe18232f308a9eeb7b437978b53a7fd8d6d7.sol:75:3: Mismatch in @param names for function 'allowance'. Expected: [_owner, _spender], Found: [] [Warning/use-natspec]
/sb/0x2667fe18232f308a9eeb7b437978b53a7fd8d6d7.sol:75:3: Missing @return tag in function 'allowance' [Warning/use-natspec]
/sb/0x2667fe18232f308a9eeb7b437978b53a7fd8d6d7.sol:75:3: Mismatch in @return count for function 'allowance'. Expected: 1, Found: 0 [Warning/use-natspec]
/sb/0x2667fe18232f308a9eeb7b437978b53a7fd8d6d7.sol:79:3: Missing @notice tag in function 'approve' [Warning/use-natspec]
/sb/0x2667fe18232f308a9eeb7b437978b53a7fd8d6d7.sol:79:3: Missing @param tag in function 'approve' [Warning/use-natspec]
/sb/0x2667fe18232f308a9eeb7b437978b53a7fd8d6d7.sol:79:3: Mismatch in @param names for function 'approve'. Expected: [_spender, _value], Found: [] [Warning/use-natspec]
/sb/0x2667fe18232f308a9eeb7b437978b53a7fd8d6d7.sol:79:3: Missing @return tag in function 'approve' [Warning/use-natspec]
/sb/0x2667fe18232f308a9eeb7b437978b53a7fd8d6d7.sol:79:3: Mismatch in @return count for function 'approve'. Expected: 1, Found: 0 [Warning/use-natspec]
/sb/0x2667fe18232f308a9eeb7b437978b53a7fd8d6d7.sol:87:3: Missing @notice tag in function 'transfer' [Warning/use-natspec]
/sb/0x2667fe18232f308a9eeb7b437978b53a7fd8d6d7.sol:87:3: Missing @param tag in function 'transfer' [Warning/use-natspec]
/sb/0x2667fe18232f308a9eeb7b437978b53a7fd8d6d7.sol:87:3: Mismatch in @param names for function 'transfer'. Expected: [_to, _value], Found: [] [Warning/use-natspec]
/sb/0x2667fe18232f308a9eeb7b437978b53a7fd8d6d7.sol:87:3: Missing @return tag in function 'transfer' [Warning/use-natspec]
/sb/0x2667fe18232f308a9eeb7b437978b53a7fd8d6d7.sol:87:3: Mismatch in @return count for function 'transfer'. Expected: 1, Found: 0 [Warning/use-natspec]
/sb/0x2667fe18232f308a9eeb7b437978b53a7fd8d6d7.sol:88:5: Provide an error message for require [Warning/reason-string]
/sb/0x2667fe18232f308a9eeb7b437978b53a7fd8d6d7.sol:88:13: GC: Non strict inequality found. Try converting to a strict one [Warning/gas-strict-inequalities]
/sb/0x2667fe18232f308a9eeb7b437978b53a7fd8d6d7.sol:89:5: Provide an error message for require [Warning/reason-string]
/sb/0x2667fe18232f308a9eeb7b437978b53a7fd8d6d7.sol:97:3: Missing @notice tag in function 'transferFrom' [Warning/use-natspec]
/sb/0x2667fe18232f308a9eeb7b437978b53a7fd8d6d7.sol:97:3: Missing @param tag in function 'transferFrom' [Warning/use-natspec]
/sb/0x2667fe18232f308a9eeb7b437978b53a7fd8d6d7.sol:97:3: Mismatch in @param names for function 'transferFrom'. Expected: [_from, _to, _value], Found: [] [Warning/use-natspec]
/sb/0x2667fe18232f308a9eeb7b437978b53a7fd8d6d7.sol:97:3: Missing @return tag in function 'transferFrom' [Warning/use-natspec]
/sb/0x2667fe18232f308a9eeb7b437978b53a7fd8d6d7.sol:97:3: Mismatch in @return count for function 'transferFrom'. Expected: 1, Found: 0 [Warning/use-natspec]
/sb/0x2667fe18232f308a9eeb7b437978b53a7fd8d6d7.sol:98:5: Provide an error message for require [Warning/reason-string]
/sb/0x2667fe18232f308a9eeb7b437978b53a7fd8d6d7.sol:98:13: GC: Non strict inequality found. Try converting to a strict one [Warning/gas-strict-inequalities]
/sb/0x2667fe18232f308a9eeb7b437978b53a7fd8d6d7.sol:99:5: Provide an error message for require [Warning/reason-string]
/sb/0x2667fe18232f308a9eeb7b437978b53a7fd8d6d7.sol:99:13: GC: Non strict inequality found. Try converting to a strict one [Warning/gas-strict-inequalities]
/sb/0x2667fe18232f308a9eeb7b437978b53a7fd8d6d7.sol:100:5: Provide an error message for require [Warning/reason-string]
/sb/0x2667fe18232f308a9eeb7b437978b53a7fd8d6d7.sol:109:3: Missing @notice tag in function 'increaseApproval' [Warning/use-natspec]
/sb/0x2667fe18232f308a9eeb7b437978b53a7fd8d6d7.sol:109:3: Missing @param tag in function 'increaseApproval' [Warning/use-natspec]
/sb/0x2667fe18232f308a9eeb7b437978b53a7fd8d6d7.sol:109:3: Mismatch in @param names for function 'increaseApproval'. Expected: [_spender, _addedValue], Found: [] [Warning/use-natspec]
/sb/0x2667fe18232f308a9eeb7b437978b53a7fd8d6d7.sol:109:3: Missing @return tag in function 'increaseApproval' [Warning/use-natspec]
/sb/0x2667fe18232f308a9eeb7b437978b53a7fd8d6d7.sol:109:3: Mismatch in @return count for function 'increaseApproval'. Expected: 1, Found: 0 [Warning/use-natspec]
/sb/0x2667fe18232f308a9eeb7b437978b53a7fd8d6d7.sol:116:3: Missing @notice tag in function 'decreaseApproval' [Warning/use-natspec]
/sb/0x2667fe18232f308a9eeb7b437978b53a7fd8d6d7.sol:116:3: Missing @param tag in function 'decreaseApproval' [Warning/use-natspec]
/sb/0x2667fe18232f308a9eeb7b437978b53a7fd8d6d7.sol:116:3: Mismatch in @param names for function 'decreaseApproval'. Expected: [_spender, _subtractedValue], Found: [] [Warning/use-natspec]
/sb/0x2667fe18232f308a9eeb7b437978b53a7fd8d6d7.sol:116:3: Missing @return tag in function 'decreaseApproval' [Warning/use-natspec]
/sb/0x2667fe18232f308a9eeb7b437978b53a7fd8d6d7.sol:116:3: Mismatch in @return count for function 'decreaseApproval'. Expected: 1, Found: 0 [Warning/use-natspec]
/sb/0x2667fe18232f308a9eeb7b437978b53a7fd8d6d7.sol:118:9: GC: Non strict inequality found. Try converting to a strict one [Warning/gas-strict-inequalities]
/sb/0x2667fe18232f308a9eeb7b437978b53a7fd8d6d7.sol:130:1: Missing @title tag in contract 'EGCTToken' [Warning/use-natspec]
/sb/0x2667fe18232f308a9eeb7b437978b53a7fd8d6d7.sol:130:1: Missing @author tag in contract 'EGCTToken' [Warning/use-natspec]
/sb/0x2667fe18232f308a9eeb7b437978b53a7fd8d6d7.sol:130:1: Missing @notice tag in contract 'EGCTToken' [Warning/use-natspec]
/sb/0x2667fe18232f308a9eeb7b437978b53a7fd8d6d7.sol:132:3: Missing @notice tag in variable 'name' [Warning/use-natspec]
/sb/0x2667fe18232f308a9eeb7b437978b53a7fd8d6d7.sol:132:3: Constant name must be in capitalized SNAKE_CASE [Warning/const-name-snakecase]
/sb/0x2667fe18232f308a9eeb7b437978b53a7fd8d6d7.sol:133:3: Missing @notice tag in variable 'symbol' [Warning/use-natspec]
/sb/0x2667fe18232f308a9eeb7b437978b53a7fd8d6d7.sol:133:3: Constant name must be in capitalized SNAKE_CASE [Warning/const-name-snakecase]
/sb/0x2667fe18232f308a9eeb7b437978b53a7fd8d6d7.sol:134:3: Missing @notice tag in variable 'decimals' [Warning/use-natspec]
/sb/0x2667fe18232f308a9eeb7b437978b53a7fd8d6d7.sol:134:3: Constant name must be in capitalized SNAKE_CASE [Warning/const-name-snakecase]
/sb/0x2667fe18232f308a9eeb7b437978b53a7fd8d6d7.sol:136:3: Missing @notice tag in variable 'INITIAL_SUPPLY' [Warning/use-natspec]
/sb/0x2667fe18232f308a9eeb7b437978b53a7fd8d6d7.sol:138:3: Missing @notice tag in function '<anonymous>' [Warning/use-natspec]

129 problem/s (1 error/s, 128 warning/s)
