A new version of Solhint is available: 6.0.1
Please consider updating your Solhint package.
/sb/0xc4a43cbae3a93c560f2e5bfe3b144a4a940220fd.sol:1:1: Found more than One contract per file. 2 contracts found! [Warning/one-contract-per-file]
/sb/0xc4a43cbae3a93c560f2e5bfe3b144a4a940220fd.sol:1:1: Compiler version ^0.4.8 does not satisfy the ^0.8.24 semver requirement [Error/compiler-version]
/sb/0xc4a43cbae3a93c560f2e5bfe3b144a4a940220fd.sol:2:1: Missing @title tag in contract 'tokenRecipient' [Warning/use-natspec]
/sb/0xc4a43cbae3a93c560f2e5bfe3b144a4a940220fd.sol:2:1: Missing @author tag in contract 'tokenRecipient' [Warning/use-natspec]
/sb/0xc4a43cbae3a93c560f2e5bfe3b144a4a940220fd.sol:2:1: Missing @notice tag in contract 'tokenRecipient' [Warning/use-natspec]
/sb/0xc4a43cbae3a93c560f2e5bfe3b144a4a940220fd.sol:2:1: Contract, Structs and Enums should be in CapWords [Warning/contract-name-capwords]
/sb/0xc4a43cbae3a93c560f2e5bfe3b144a4a940220fd.sol:2:27: Missing @notice tag in function 'receiveApproval' [Warning/use-natspec]
/sb/0xc4a43cbae3a93c560f2e5bfe3b144a4a940220fd.sol:2:27: Missing @param tag in function 'receiveApproval' [Warning/use-natspec]
/sb/0xc4a43cbae3a93c560f2e5bfe3b144a4a940220fd.sol:2:27: Mismatch in @param names for function 'receiveApproval'. Expected: [_from, _value, _token, _extraData], Found: [] [Warning/use-natspec]
/sb/0xc4a43cbae3a93c560f2e5bfe3b144a4a940220fd.sol:2:27: Explicitly mark visibility in function [Warning/func-visibility]
/sb/0xc4a43cbae3a93c560f2e5bfe3b144a4a940220fd.sol:4:1: Missing @title tag in contract 'CoinyMcCoinface' [Warning/use-natspec]
/sb/0xc4a43cbae3a93c560f2e5bfe3b144a4a940220fd.sol:4:1: Missing @author tag in contract 'CoinyMcCoinface' [Warning/use-natspec]
/sb/0xc4a43cbae3a93c560f2e5bfe3b144a4a940220fd.sol:4:1: Missing @notice tag in contract 'CoinyMcCoinface' [Warning/use-natspec]
/sb/0xc4a43cbae3a93c560f2e5bfe3b144a4a940220fd.sol:6:5: Missing @notice tag in variable 'standard' [Warning/use-natspec]
/sb/0xc4a43cbae3a93c560f2e5bfe3b144a4a940220fd.sol:6:30: Use double quotes for string literals [Error/quotes]
/sb/0xc4a43cbae3a93c560f2e5bfe3b144a4a940220fd.sol:7:5: Missing @notice tag in variable 'name' [Warning/use-natspec]
/sb/0xc4a43cbae3a93c560f2e5bfe3b144a4a940220fd.sol:8:5: Missing @notice tag in variable 'symbol' [Warning/use-natspec]
/sb/0xc4a43cbae3a93c560f2e5bfe3b144a4a940220fd.sol:9:5: Missing @notice tag in variable 'decimals' [Warning/use-natspec]
/sb/0xc4a43cbae3a93c560f2e5bfe3b144a4a940220fd.sol:10:5: Missing @notice tag in variable 'totalSupply' [Warning/use-natspec]
/sb/0xc4a43cbae3a93c560f2e5bfe3b144a4a940220fd.sol:13:5: Missing @notice tag in variable 'balanceOf' [Warning/use-natspec]
/sb/0xc4a43cbae3a93c560f2e5bfe3b144a4a940220fd.sol:14:5: Missing @notice tag in variable 'allowance' [Warning/use-natspec]
/sb/0xc4a43cbae3a93c560f2e5bfe3b144a4a940220fd.sol:17:5: Missing @notice tag in event 'Transfer' [Warning/use-natspec]
/sb/0xc4a43cbae3a93c560f2e5bfe3b144a4a940220fd.sol:17:5: Missing @param tag in event 'Transfer' [Warning/use-natspec]
/sb/0xc4a43cbae3a93c560f2e5bfe3b144a4a940220fd.sol:17:5: Mismatch in @param names for event 'Transfer'. Expected: [from, to, value], Found: [] [Warning/use-natspec]
/sb/0xc4a43cbae3a93c560f2e5bfe3b144a4a940220fd.sol:17:5: GC: [value] on Event [Transfer] could be Indexed [Warning/gas-indexed-events]
/sb/0xc4a43cbae3a93c560f2e5bfe3b144a4a940220fd.sol:20:5: Missing @notice tag in event 'Burn' [Warning/use-natspec]
/sb/0xc4a43cbae3a93c560f2e5bfe3b144a4a940220fd.sol:20:5: Missing @param tag in event 'Burn' [Warning/use-natspec]
/sb/0xc4a43cbae3a93c560f2e5bfe3b144a4a940220fd.sol:20:5: Mismatch in @param names for event 'Burn'. Expected: [from, value], Found: [] [Warning/use-natspec]
/sb/0xc4a43cbae3a93c560f2e5bfe3b144a4a940220fd.sol:20:5: GC: [value] on Event [Burn] could be Indexed [Warning/gas-indexed-events]
/sb/0xc4a43cbae3a93c560f2e5bfe3b144a4a940220fd.sol:23:5: Missing @notice tag in function 'CoinyMcCoinface' [Warning/use-natspec]
/sb/0xc4a43cbae3a93c560f2e5bfe3b144a4a940220fd.sol:23:5: Missing @param tag in function 'CoinyMcCoinface' [Warning/use-natspec]
/sb/0xc4a43cbae3a93c560f2e5bfe3b144a4a940220fd.sol:23:5: Mismatch in @param names for function 'CoinyMcCoinface'. Expected: [initialSupply, tokenName, decimalUnits, tokenSymbol], Found: [] [Warning/use-natspec]
/sb/0xc4a43cbae3a93c560f2e5bfe3b144a4a940220fd.sol:23:5: Constructors should use the new constructor keyword. [Warning/constructor-syntax]
/sb/0xc4a43cbae3a93c560f2e5bfe3b144a4a940220fd.sol:23:5: Explicitly mark visibility in function (Set ignoreConstructors to true if using solidity >=0.7.0) [Warning/func-visibility]
/sb/0xc4a43cbae3a93c560f2e5bfe3b144a4a940220fd.sol:37:5: Missing @notice tag in function 'transfer' [Warning/use-natspec]
/sb/0xc4a43cbae3a93c560f2e5bfe3b144a4a940220fd.sol:37:5: Missing @param tag in function 'transfer' [Warning/use-natspec]
/sb/0xc4a43cbae3a93c560f2e5bfe3b144a4a940220fd.sol:37:5: Mismatch in @param names for function 'transfer'. Expected: [_to, _value], Found: [] [Warning/use-natspec]
/sb/0xc4a43cbae3a93c560f2e5bfe3b144a4a940220fd.sol:37:5: Explicitly mark visibility in function [Warning/func-visibility]
/sb/0xc4a43cbae3a93c560f2e5bfe3b144a4a940220fd.sol:38:3: Provide an error message for require [Warning/reason-string]
/sb/0xc4a43cbae3a93c560f2e5bfe3b144a4a940220fd.sol:39:3: Provide an error message for require [Warning/reason-string]
/sb/0xc4a43cbae3a93c560f2e5bfe3b144a4a940220fd.sol:39:11: GC: Non strict inequality found. Try converting to a strict one [Warning/gas-strict-inequalities]
/sb/0xc4a43cbae3a93c560f2e5bfe3b144a4a940220fd.sol:40:3: Provide an error message for require [Warning/reason-string]
/sb/0xc4a43cbae3a93c560f2e5bfe3b144a4a940220fd.sol:40:11: GC: Non strict inequality found. Try converting to a strict one [Warning/gas-strict-inequalities]
/sb/0xc4a43cbae3a93c560f2e5bfe3b144a4a940220fd.sol:47:5: Missing @notice tag in function 'approve' [Warning/use-natspec]
/sb/0xc4a43cbae3a93c560f2e5bfe3b144a4a940220fd.sol:47:5: Missing @param tag in function 'approve' [Warning/use-natspec]
/sb/0xc4a43cbae3a93c560f2e5bfe3b144a4a940220fd.sol:47:5: Mismatch in @param names for function 'approve'. Expected: [_spender, _value], Found: [] [Warning/use-natspec]
/sb/0xc4a43cbae3a93c560f2e5bfe3b144a4a940220fd.sol:47:5: Missing @return tag in function 'approve' [Warning/use-natspec]
/sb/0xc4a43cbae3a93c560f2e5bfe3b144a4a940220fd.sol:47:5: Mismatch in @return names for function 'approve'. Expected: [success], Found: [] [Warning/use-natspec]
/sb/0xc4a43cbae3a93c560f2e5bfe3b144a4a940220fd.sol:47:5: Explicitly mark visibility in function [Warning/func-visibility]
/sb/0xc4a43cbae3a93c560f2e5bfe3b144a4a940220fd.sol:54:5: Missing @notice tag in function 'approveAndCall' [Warning/use-natspec]
/sb/0xc4a43cbae3a93c560f2e5bfe3b144a4a940220fd.sol:54:5: Missing @param tag in function 'approveAndCall' [Warning/use-natspec]
/sb/0xc4a43cbae3a93c560f2e5bfe3b144a4a940220fd.sol:54:5: Mismatch in @param names for function 'approveAndCall'. Expected: [_spender, _value, _extraData], Found: [] [Warning/use-natspec]
/sb/0xc4a43cbae3a93c560f2e5bfe3b144a4a940220fd.sol:54:5: Missing @return tag in function 'approveAndCall' [Warning/use-natspec]
/sb/0xc4a43cbae3a93c560f2e5bfe3b144a4a940220fd.sol:54:5: Mismatch in @return names for function 'approveAndCall'. Expected: [success], Found: [] [Warning/use-natspec]
/sb/0xc4a43cbae3a93c560f2e5bfe3b144a4a940220fd.sol:54:5: Explicitly mark visibility in function [Warning/func-visibility]
/sb/0xc4a43cbae3a93c560f2e5bfe3b144a4a940220fd.sol:64:5: Missing @notice tag in function 'transferFrom' [Warning/use-natspec]
/sb/0xc4a43cbae3a93c560f2e5bfe3b144a4a940220fd.sol:64:5: Missing @param tag in function 'transferFrom' [Warning/use-natspec]
/sb/0xc4a43cbae3a93c560f2e5bfe3b144a4a940220fd.sol:64:5: Mismatch in @param names for function 'transferFrom'. Expected: [_from, _to, _value], Found: [] [Warning/use-natspec]
/sb/0xc4a43cbae3a93c560f2e5bfe3b144a4a940220fd.sol:64:5: Missing @return tag in function 'transferFrom' [Warning/use-natspec]
/sb/0xc4a43cbae3a93c560f2e5bfe3b144a4a940220fd.sol:64:5: Mismatch in @return names for function 'transferFrom'. Expected: [success], Found: [] [Warning/use-natspec]
/sb/0xc4a43cbae3a93c560f2e5bfe3b144a4a940220fd.sol:64:5: Explicitly mark visibility in function [Warning/func-visibility]
/sb/0xc4a43cbae3a93c560f2e5bfe3b144a4a940220fd.sol:65:3: Provide an error message for require [Warning/reason-string]
/sb/0xc4a43cbae3a93c560f2e5bfe3b144a4a940220fd.sol:66:3: Provide an error message for require [Warning/reason-string]
/sb/0xc4a43cbae3a93c560f2e5bfe3b144a4a940220fd.sol:66:11: GC: Non strict inequality found. Try converting to a strict one [Warning/gas-strict-inequalities]
/sb/0xc4a43cbae3a93c560f2e5bfe3b144a4a940220fd.sol:67:3: Provide an error message for require [Warning/reason-string]
/sb/0xc4a43cbae3a93c560f2e5bfe3b144a4a940220fd.sol:67:11: GC: Non strict inequality found. Try converting to a strict one [Warning/gas-strict-inequalities]
/sb/0xc4a43cbae3a93c560f2e5bfe3b144a4a940220fd.sol:68:3: Provide an error message for require [Warning/reason-string]
/sb/0xc4a43cbae3a93c560f2e5bfe3b144a4a940220fd.sol:68:11: GC: Non strict inequality found. Try converting to a strict one [Warning/gas-strict-inequalities]
/sb/0xc4a43cbae3a93c560f2e5bfe3b144a4a940220fd.sol:76:5: Missing @notice tag in function 'burn' [Warning/use-natspec]
/sb/0xc4a43cbae3a93c560f2e5bfe3b144a4a940220fd.sol:76:5: Missing @param tag in function 'burn' [Warning/use-natspec]
/sb/0xc4a43cbae3a93c560f2e5bfe3b144a4a940220fd.sol:76:5: Mismatch in @param names for function 'burn'. Expected: [_value], Found: [] [Warning/use-natspec]
/sb/0xc4a43cbae3a93c560f2e5bfe3b144a4a940220fd.sol:76:5: Missing @return tag in function 'burn' [Warning/use-natspec]
/sb/0xc4a43cbae3a93c560f2e5bfe3b144a4a940220fd.sol:76:5: Mismatch in @return names for function 'burn'. Expected: [success], Found: [] [Warning/use-natspec]
/sb/0xc4a43cbae3a93c560f2e5bfe3b144a4a940220fd.sol:76:5: Explicitly mark visibility in function [Warning/func-visibility]
/sb/0xc4a43cbae3a93c560f2e5bfe3b144a4a940220fd.sol:77:3: Provide an error message for require [Warning/reason-string]
/sb/0xc4a43cbae3a93c560f2e5bfe3b144a4a940220fd.sol:77:11: GC: Non strict inequality found. Try converting to a strict one [Warning/gas-strict-inequalities]
/sb/0xc4a43cbae3a93c560f2e5bfe3b144a4a940220fd.sol:84:5: Missing @notice tag in function 'burnFrom' [Warning/use-natspec]
/sb/0xc4a43cbae3a93c560f2e5bfe3b144a4a940220fd.sol:84:5: Missing @param tag in function 'burnFrom' [Warning/use-natspec]
/sb/0xc4a43cbae3a93c560f2e5bfe3b144a4a940220fd.sol:84:5: Mismatch in @param names for function 'burnFrom'. Expected: [_from, _value], Found: [] [Warning/use-natspec]
/sb/0xc4a43cbae3a93c560f2e5bfe3b144a4a940220fd.sol:84:5: Missing @return tag in function 'burnFrom' [Warning/use-natspec]
/sb/0xc4a43cbae3a93c560f2e5bfe3b144a4a940220fd.sol:84:5: Mismatch in @return names for function 'burnFrom'. Expected: [success], Found: [] [Warning/use-natspec]
/sb/0xc4a43cbae3a93c560f2e5bfe3b144a4a940220fd.sol:84:5: Explicitly mark visibility in function [Warning/func-visibility]
/sb/0xc4a43cbae3a93c560f2e5bfe3b144a4a940220fd.sol:85:3: Provide an error message for require [Warning/reason-string]
/sb/0xc4a43cbae3a93c560f2e5bfe3b144a4a940220fd.sol:85:11: GC: Non strict inequality found. Try converting to a strict one [Warning/gas-strict-inequalities]
/sb/0xc4a43cbae3a93c560f2e5bfe3b144a4a940220fd.sol:86:3: Provide an error message for require [Warning/reason-string]
/sb/0xc4a43cbae3a93c560f2e5bfe3b144a4a940220fd.sol:86:11: GC: Non strict inequality found. Try converting to a strict one [Warning/gas-strict-inequalities]

86 problem/s (2 error/s, 84 warning/s)
