A new version of Solhint is available: 6.0.1
Please consider updating your Solhint package.
/sb/0x0033d4276440c4d9d44e7551d3cb5f631872f754.sol:9:1: Found more than One contract per file. 8 contracts found! [Warning/one-contract-per-file]
/sb/0x0033d4276440c4d9d44e7551d3cb5f631872f754.sol:9:1: Compiler version ^0.7.1 does not satisfy the ^0.8.24 semver requirement [Error/compiler-version]
/sb/0x0033d4276440c4d9d44e7551d3cb5f631872f754.sol:13:1: Missing @title tag in contract 'ISaffronBase' [Warning/use-natspec]
/sb/0x0033d4276440c4d9d44e7551d3cb5f631872f754.sol:13:1: Missing @author tag in contract 'ISaffronBase' [Warning/use-natspec]
/sb/0x0033d4276440c4d9d44e7551d3cb5f631872f754.sol:13:1: Missing @notice tag in contract 'ISaffronBase' [Warning/use-natspec]
/sb/0x0033d4276440c4d9d44e7551d3cb5f631872f754.sol:25:5: Variable name must be in mixedCase S [Warning/var-name-mixedcase]
/sb/0x0033d4276440c4d9d44e7551d3cb5f631872f754.sol:27:5: Variable name must be in mixedCase AA [Warning/var-name-mixedcase]
/sb/0x0033d4276440c4d9d44e7551d3cb5f631872f754.sol:29:5: Variable name must be in mixedCase A [Warning/var-name-mixedcase]
/sb/0x0033d4276440c4d9d44e7551d3cb5f631872f754.sol:35:3: Contract, Structs and Enums should be in CapWords [Warning/contract-name-capwords]
/sb/0x0033d4276440c4d9d44e7551d3cb5f631872f754.sol:37:5: Variable name must be in mixedCase start_date [Warning/var-name-mixedcase]
/sb/0x0033d4276440c4d9d44e7551d3cb5f631872f754.sol:53:1: Compiler version ^0.7.1 does not satisfy the ^0.8.24 semver requirement [Error/compiler-version]
/sb/0x0033d4276440c4d9d44e7551d3cb5f631872f754.sol:59:1: Missing @title tag in contract 'ISaffronStrategy' [Warning/use-natspec]
/sb/0x0033d4276440c4d9d44e7551d3cb5f631872f754.sol:59:1: Missing @author tag in contract 'ISaffronStrategy' [Warning/use-natspec]
/sb/0x0033d4276440c4d9d44e7551d3cb5f631872f754.sol:59:1: Missing @notice tag in contract 'ISaffronStrategy' [Warning/use-natspec]
/sb/0x0033d4276440c4d9d44e7551d3cb5f631872f754.sol:61:3: Missing @notice tag in function 'deploy_all_capital' [Warning/use-natspec]
/sb/0x0033d4276440c4d9d44e7551d3cb5f631872f754.sol:61:3: Function name must be in mixedCase [Warning/func-name-mixedcase]
/sb/0x0033d4276440c4d9d44e7551d3cb5f631872f754.sol:63:3: Missing @notice tag in function 'select_adapter_for_liquidity_removal' [Warning/use-natspec]
/sb/0x0033d4276440c4d9d44e7551d3cb5f631872f754.sol:63:3: Missing @return tag in function 'select_adapter_for_liquidity_removal' [Warning/use-natspec]
/sb/0x0033d4276440c4d9d44e7551d3cb5f631872f754.sol:63:3: Mismatch in @return count for function 'select_adapter_for_liquidity_removal'. Expected: 1, Found: 0 [Warning/use-natspec]
/sb/0x0033d4276440c4d9d44e7551d3cb5f631872f754.sol:63:3: Function name must be in mixedCase [Warning/func-name-mixedcase]
/sb/0x0033d4276440c4d9d44e7551d3cb5f631872f754.sol:65:3: Missing @notice tag in function 'add_adapter' [Warning/use-natspec]
/sb/0x0033d4276440c4d9d44e7551d3cb5f631872f754.sol:65:3: Missing @param tag in function 'add_adapter' [Warning/use-natspec]
/sb/0x0033d4276440c4d9d44e7551d3cb5f631872f754.sol:65:3: Mismatch in @param names for function 'add_adapter'. Expected: [adapter_address], Found: [] [Warning/use-natspec]
/sb/0x0033d4276440c4d9d44e7551d3cb5f631872f754.sol:65:3: Function name must be in mixedCase [Warning/func-name-mixedcase]
/sb/0x0033d4276440c4d9d44e7551d3cb5f631872f754.sol:65:24: Variable name must be in mixedCase adapter_address [Warning/var-name-mixedcase]
/sb/0x0033d4276440c4d9d44e7551d3cb5f631872f754.sol:67:3: Missing @notice tag in function 'add_pool' [Warning/use-natspec]
/sb/0x0033d4276440c4d9d44e7551d3cb5f631872f754.sol:67:3: Missing @param tag in function 'add_pool' [Warning/use-natspec]
/sb/0x0033d4276440c4d9d44e7551d3cb5f631872f754.sol:67:3: Mismatch in @param names for function 'add_pool'. Expected: [pool_address], Found: [] [Warning/use-natspec]
/sb/0x0033d4276440c4d9d44e7551d3cb5f631872f754.sol:67:3: Function name must be in mixedCase [Warning/func-name-mixedcase]
/sb/0x0033d4276440c4d9d44e7551d3cb5f631872f754.sol:67:21: Variable name must be in mixedCase pool_address [Warning/var-name-mixedcase]
/sb/0x0033d4276440c4d9d44e7551d3cb5f631872f754.sol:69:3: Missing @notice tag in function 'delete_adapters' [Warning/use-natspec]
/sb/0x0033d4276440c4d9d44e7551d3cb5f631872f754.sol:69:3: Function name must be in mixedCase [Warning/func-name-mixedcase]
/sb/0x0033d4276440c4d9d44e7551d3cb5f631872f754.sol:71:3: Missing @notice tag in function 'set_governance' [Warning/use-natspec]
/sb/0x0033d4276440c4d9d44e7551d3cb5f631872f754.sol:71:3: Missing @param tag in function 'set_governance' [Warning/use-natspec]
/sb/0x0033d4276440c4d9d44e7551d3cb5f631872f754.sol:71:3: Mismatch in @param names for function 'set_governance'. Expected: [to], Found: [] [Warning/use-natspec]
/sb/0x0033d4276440c4d9d44e7551d3cb5f631872f754.sol:71:3: Function name must be in mixedCase [Warning/func-name-mixedcase]
/sb/0x0033d4276440c4d9d44e7551d3cb5f631872f754.sol:73:3: Missing @notice tag in function 'get_adapter_address' [Warning/use-natspec]
/sb/0x0033d4276440c4d9d44e7551d3cb5f631872f754.sol:73:3: Missing @param tag in function 'get_adapter_address' [Warning/use-natspec]
/sb/0x0033d4276440c4d9d44e7551d3cb5f631872f754.sol:73:3: Mismatch in @param names for function 'get_adapter_address'. Expected: [adapter_index], Found: [] [Warning/use-natspec]
/sb/0x0033d4276440c4d9d44e7551d3cb5f631872f754.sol:73:3: Missing @return tag in function 'get_adapter_address' [Warning/use-natspec]
/sb/0x0033d4276440c4d9d44e7551d3cb5f631872f754.sol:73:3: Mismatch in @return count for function 'get_adapter_address'. Expected: 1, Found: 0 [Warning/use-natspec]
/sb/0x0033d4276440c4d9d44e7551d3cb5f631872f754.sol:73:3: Function name must be in mixedCase [Warning/func-name-mixedcase]
/sb/0x0033d4276440c4d9d44e7551d3cb5f631872f754.sol:73:32: Variable name must be in mixedCase adapter_index [Warning/var-name-mixedcase]
/sb/0x0033d4276440c4d9d44e7551d3cb5f631872f754.sol:75:3: Missing @notice tag in function 'set_pool_SFI_reward' [Warning/use-natspec]
/sb/0x0033d4276440c4d9d44e7551d3cb5f631872f754.sol:75:3: Missing @param tag in function 'set_pool_SFI_reward' [Warning/use-natspec]
/sb/0x0033d4276440c4d9d44e7551d3cb5f631872f754.sol:75:3: Mismatch in @param names for function 'set_pool_SFI_reward'. Expected: [poolIndex, reward], Found: [] [Warning/use-natspec]
/sb/0x0033d4276440c4d9d44e7551d3cb5f631872f754.sol:75:3: Function name must be in mixedCase [Warning/func-name-mixedcase]
/sb/0x0033d4276440c4d9d44e7551d3cb5f631872f754.sol:87:1: Compiler version ^0.7.1 does not satisfy the ^0.8.24 semver requirement [Error/compiler-version]
/sb/0x0033d4276440c4d9d44e7551d3cb5f631872f754.sol:91:1: Missing @title tag in contract 'ISaffronPool' [Warning/use-natspec]
/sb/0x0033d4276440c4d9d44e7551d3cb5f631872f754.sol:91:1: Missing @author tag in contract 'ISaffronPool' [Warning/use-natspec]
/sb/0x0033d4276440c4d9d44e7551d3cb5f631872f754.sol:91:1: Missing @notice tag in contract 'ISaffronPool' [Warning/use-natspec]
/sb/0x0033d4276440c4d9d44e7551d3cb5f631872f754.sol:93:3: Missing @notice tag in function 'add_liquidity' [Warning/use-natspec]
/sb/0x0033d4276440c4d9d44e7551d3cb5f631872f754.sol:93:3: Missing @param tag in function 'add_liquidity' [Warning/use-natspec]
/sb/0x0033d4276440c4d9d44e7551d3cb5f631872f754.sol:93:3: Mismatch in @param names for function 'add_liquidity'. Expected: [amount, tranche], Found: [] [Warning/use-natspec]
/sb/0x0033d4276440c4d9d44e7551d3cb5f631872f754.sol:93:3: Function name must be in mixedCase [Warning/func-name-mixedcase]
/sb/0x0033d4276440c4d9d44e7551d3cb5f631872f754.sol:95:3: Missing @notice tag in function 'remove_liquidity' [Warning/use-natspec]
/sb/0x0033d4276440c4d9d44e7551d3cb5f631872f754.sol:95:3: Missing @param tag in function 'remove_liquidity' [Warning/use-natspec]
/sb/0x0033d4276440c4d9d44e7551d3cb5f631872f754.sol:95:3: Mismatch in @param names for function 'remove_liquidity'. Expected: [v1_dsec_token_address, dsec_amount, v1_principal_token_address, principal_amount], Found: [] [Warning/use-natspec]
/sb/0x0033d4276440c4d9d44e7551d3cb5f631872f754.sol:95:3: Function name must be in mixedCase [Warning/func-name-mixedcase]
/sb/0x0033d4276440c4d9d44e7551d3cb5f631872f754.sol:95:29: Variable name must be in mixedCase v1_dsec_token_address [Warning/var-name-mixedcase]
/sb/0x0033d4276440c4d9d44e7551d3cb5f631872f754.sol:95:60: Variable name must be in mixedCase dsec_amount [Warning/var-name-mixedcase]
/sb/0x0033d4276440c4d9d44e7551d3cb5f631872f754.sol:95:81: Variable name must be in mixedCase v1_principal_token_address [Warning/var-name-mixedcase]
/sb/0x0033d4276440c4d9d44e7551d3cb5f631872f754.sol:95:117: Variable name must be in mixedCase principal_amount [Warning/var-name-mixedcase]
/sb/0x0033d4276440c4d9d44e7551d3cb5f631872f754.sol:97:3: Missing @notice tag in function 'get_base_asset_address' [Warning/use-natspec]
/sb/0x0033d4276440c4d9d44e7551d3cb5f631872f754.sol:97:3: Missing @return tag in function 'get_base_asset_address' [Warning/use-natspec]
/sb/0x0033d4276440c4d9d44e7551d3cb5f631872f754.sol:97:3: Mismatch in @return count for function 'get_base_asset_address'. Expected: 1, Found: 0 [Warning/use-natspec]
/sb/0x0033d4276440c4d9d44e7551d3cb5f631872f754.sol:97:3: Function name must be in mixedCase [Warning/func-name-mixedcase]
/sb/0x0033d4276440c4d9d44e7551d3cb5f631872f754.sol:99:3: Missing @notice tag in function 'hourly_strategy' [Warning/use-natspec]
/sb/0x0033d4276440c4d9d44e7551d3cb5f631872f754.sol:99:3: Missing @param tag in function 'hourly_strategy' [Warning/use-natspec]
/sb/0x0033d4276440c4d9d44e7551d3cb5f631872f754.sol:99:3: Mismatch in @param names for function 'hourly_strategy'. Expected: [adapter_address], Found: [] [Warning/use-natspec]
/sb/0x0033d4276440c4d9d44e7551d3cb5f631872f754.sol:99:3: Function name must be in mixedCase [Warning/func-name-mixedcase]
/sb/0x0033d4276440c4d9d44e7551d3cb5f631872f754.sol:99:28: Variable name must be in mixedCase adapter_address [Warning/var-name-mixedcase]
/sb/0x0033d4276440c4d9d44e7551d3cb5f631872f754.sol:101:3: Missing @notice tag in function 'wind_down_epoch' [Warning/use-natspec]
/sb/0x0033d4276440c4d9d44e7551d3cb5f631872f754.sol:101:3: Missing @param tag in function 'wind_down_epoch' [Warning/use-natspec]
/sb/0x0033d4276440c4d9d44e7551d3cb5f631872f754.sol:101:3: Mismatch in @param names for function 'wind_down_epoch'. Expected: [epoch, amount_sfi], Found: [] [Warning/use-natspec]
/sb/0x0033d4276440c4d9d44e7551d3cb5f631872f754.sol:101:3: Function name must be in mixedCase [Warning/func-name-mixedcase]
/sb/0x0033d4276440c4d9d44e7551d3cb5f631872f754.sol:101:43: Variable name must be in mixedCase amount_sfi [Warning/var-name-mixedcase]
/sb/0x0033d4276440c4d9d44e7551d3cb5f631872f754.sol:103:3: Missing @notice tag in function 'set_governance' [Warning/use-natspec]
/sb/0x0033d4276440c4d9d44e7551d3cb5f631872f754.sol:103:3: Missing @param tag in function 'set_governance' [Warning/use-natspec]
/sb/0x0033d4276440c4d9d44e7551d3cb5f631872f754.sol:103:3: Mismatch in @param names for function 'set_governance'. Expected: [to], Found: [] [Warning/use-natspec]
/sb/0x0033d4276440c4d9d44e7551d3cb5f631872f754.sol:103:3: Function name must be in mixedCase [Warning/func-name-mixedcase]
/sb/0x0033d4276440c4d9d44e7551d3cb5f631872f754.sol:105:3: Missing @notice tag in function 'get_epoch_cycle_params' [Warning/use-natspec]
/sb/0x0033d4276440c4d9d44e7551d3cb5f631872f754.sol:105:3: Missing @return tag in function 'get_epoch_cycle_params' [Warning/use-natspec]
/sb/0x0033d4276440c4d9d44e7551d3cb5f631872f754.sol:105:3: Mismatch in @return count for function 'get_epoch_cycle_params'. Expected: 2, Found: 0 [Warning/use-natspec]
/sb/0x0033d4276440c4d9d44e7551d3cb5f631872f754.sol:105:3: Function name must be in mixedCase [Warning/func-name-mixedcase]
/sb/0x0033d4276440c4d9d44e7551d3cb5f631872f754.sol:107:3: Missing @notice tag in function 'shutdown' [Warning/use-natspec]
/sb/0x0033d4276440c4d9d44e7551d3cb5f631872f754.sol:119:1: Compiler version ^0.7.1 does not satisfy the ^0.8.24 semver requirement [Error/compiler-version]
/sb/0x0033d4276440c4d9d44e7551d3cb5f631872f754.sol:123:1: Missing @title tag in contract 'ISaffronAdapter' [Warning/use-natspec]
/sb/0x0033d4276440c4d9d44e7551d3cb5f631872f754.sol:123:1: Missing @author tag in contract 'ISaffronAdapter' [Warning/use-natspec]
/sb/0x0033d4276440c4d9d44e7551d3cb5f631872f754.sol:123:1: Missing @notice tag in contract 'ISaffronAdapter' [Warning/use-natspec]
/sb/0x0033d4276440c4d9d44e7551d3cb5f631872f754.sol:125:5: Missing @notice tag in function 'deploy_capital' [Warning/use-natspec]
/sb/0x0033d4276440c4d9d44e7551d3cb5f631872f754.sol:125:5: Missing @param tag in function 'deploy_capital' [Warning/use-natspec]
/sb/0x0033d4276440c4d9d44e7551d3cb5f631872f754.sol:125:5: Mismatch in @param names for function 'deploy_capital'. Expected: [amount], Found: [] [Warning/use-natspec]
/sb/0x0033d4276440c4d9d44e7551d3cb5f631872f754.sol:125:5: Function name must be in mixedCase [Warning/func-name-mixedcase]
/sb/0x0033d4276440c4d9d44e7551d3cb5f631872f754.sol:127:5: Missing @notice tag in function 'return_capital' [Warning/use-natspec]
/sb/0x0033d4276440c4d9d44e7551d3cb5f631872f754.sol:127:5: Missing @param tag in function 'return_capital' [Warning/use-natspec]
/sb/0x0033d4276440c4d9d44e7551d3cb5f631872f754.sol:127:5: Mismatch in @param names for function 'return_capital'. Expected: [base_asset_amount, to], Found: [] [Warning/use-natspec]
/sb/0x0033d4276440c4d9d44e7551d3cb5f631872f754.sol:127:5: Function name must be in mixedCase [Warning/func-name-mixedcase]
/sb/0x0033d4276440c4d9d44e7551d3cb5f631872f754.sol:127:29: Variable name must be in mixedCase base_asset_amount [Warning/var-name-mixedcase]
/sb/0x0033d4276440c4d9d44e7551d3cb5f631872f754.sol:129:5: Missing @notice tag in function 'approve_transfer' [Warning/use-natspec]
/sb/0x0033d4276440c4d9d44e7551d3cb5f631872f754.sol:129:5: Missing @param tag in function 'approve_transfer' [Warning/use-natspec]
/sb/0x0033d4276440c4d9d44e7551d3cb5f631872f754.sol:129:5: Mismatch in @param names for function 'approve_transfer'. Expected: [addr, amount], Found: [] [Warning/use-natspec]
/sb/0x0033d4276440c4d9d44e7551d3cb5f631872f754.sol:129:5: Function name must be in mixedCase [Warning/func-name-mixedcase]
/sb/0x0033d4276440c4d9d44e7551d3cb5f631872f754.sol:131:5: Missing @notice tag in function 'get_base_asset_address' [Warning/use-natspec]
/sb/0x0033d4276440c4d9d44e7551d3cb5f631872f754.sol:131:5: Missing @return tag in function 'get_base_asset_address' [Warning/use-natspec]
/sb/0x0033d4276440c4d9d44e7551d3cb5f631872f754.sol:131:5: Mismatch in @return count for function 'get_base_asset_address'. Expected: 1, Found: 0 [Warning/use-natspec]
/sb/0x0033d4276440c4d9d44e7551d3cb5f631872f754.sol:131:5: Function name must be in mixedCase [Warning/func-name-mixedcase]
/sb/0x0033d4276440c4d9d44e7551d3cb5f631872f754.sol:133:5: Missing @notice tag in function 'set_base_asset' [Warning/use-natspec]
/sb/0x0033d4276440c4d9d44e7551d3cb5f631872f754.sol:133:5: Missing @param tag in function 'set_base_asset' [Warning/use-natspec]
/sb/0x0033d4276440c4d9d44e7551d3cb5f631872f754.sol:133:5: Mismatch in @param names for function 'set_base_asset'. Expected: [addr], Found: [] [Warning/use-natspec]
/sb/0x0033d4276440c4d9d44e7551d3cb5f631872f754.sol:133:5: Function name must be in mixedCase [Warning/func-name-mixedcase]
/sb/0x0033d4276440c4d9d44e7551d3cb5f631872f754.sol:135:5: Missing @notice tag in function 'get_holdings' [Warning/use-natspec]
/sb/0x0033d4276440c4d9d44e7551d3cb5f631872f754.sol:135:5: Missing @return tag in function 'get_holdings' [Warning/use-natspec]
/sb/0x0033d4276440c4d9d44e7551d3cb5f631872f754.sol:135:5: Mismatch in @return count for function 'get_holdings'. Expected: 1, Found: 0 [Warning/use-natspec]
/sb/0x0033d4276440c4d9d44e7551d3cb5f631872f754.sol:135:5: Function name must be in mixedCase [Warning/func-name-mixedcase]
/sb/0x0033d4276440c4d9d44e7551d3cb5f631872f754.sol:137:5: Missing @notice tag in function 'get_interest' [Warning/use-natspec]
/sb/0x0033d4276440c4d9d44e7551d3cb5f631872f754.sol:137:5: Missing @param tag in function 'get_interest' [Warning/use-natspec]
/sb/0x0033d4276440c4d9d44e7551d3cb5f631872f754.sol:137:5: Mismatch in @param names for function 'get_interest'. Expected: [principal], Found: [] [Warning/use-natspec]
/sb/0x0033d4276440c4d9d44e7551d3cb5f631872f754.sol:137:5: Missing @return tag in function 'get_interest' [Warning/use-natspec]
/sb/0x0033d4276440c4d9d44e7551d3cb5f631872f754.sol:137:5: Mismatch in @return count for function 'get_interest'. Expected: 1, Found: 0 [Warning/use-natspec]
/sb/0x0033d4276440c4d9d44e7551d3cb5f631872f754.sol:137:5: Function name must be in mixedCase [Warning/func-name-mixedcase]
/sb/0x0033d4276440c4d9d44e7551d3cb5f631872f754.sol:139:5: Missing @notice tag in function 'set_governance' [Warning/use-natspec]
/sb/0x0033d4276440c4d9d44e7551d3cb5f631872f754.sol:139:5: Missing @param tag in function 'set_governance' [Warning/use-natspec]
/sb/0x0033d4276440c4d9d44e7551d3cb5f631872f754.sol:139:5: Mismatch in @param names for function 'set_governance'. Expected: [to], Found: [] [Warning/use-natspec]
/sb/0x0033d4276440c4d9d44e7551d3cb5f631872f754.sol:139:5: Function name must be in mixedCase [Warning/func-name-mixedcase]
/sb/0x0033d4276440c4d9d44e7551d3cb5f631872f754.sol:151:1: Compiler version ^0.7.1 does not satisfy the ^0.8.24 semver requirement [Error/compiler-version]
/sb/0x0033d4276440c4d9d44e7551d3cb5f631872f754.sol:181:1: Missing @title tag in contract 'SafeMath' [Warning/use-natspec]
/sb/0x0033d4276440c4d9d44e7551d3cb5f631872f754.sol:181:1: Missing @author tag in contract 'SafeMath' [Warning/use-natspec]
/sb/0x0033d4276440c4d9d44e7551d3cb5f631872f754.sol:181:1: Missing @notice tag in contract 'SafeMath' [Warning/use-natspec]
/sb/0x0033d4276440c4d9d44e7551d3cb5f631872f754.sol:203:5: Missing @notice tag in function 'add' [Warning/use-natspec]
/sb/0x0033d4276440c4d9d44e7551d3cb5f631872f754.sol:203:5: Missing @param tag in function 'add' [Warning/use-natspec]
/sb/0x0033d4276440c4d9d44e7551d3cb5f631872f754.sol:203:5: Mismatch in @param names for function 'add'. Expected: [a, b], Found: [] [Warning/use-natspec]
/sb/0x0033d4276440c4d9d44e7551d3cb5f631872f754.sol:203:5: Missing @return tag in function 'add' [Warning/use-natspec]
/sb/0x0033d4276440c4d9d44e7551d3cb5f631872f754.sol:203:5: Mismatch in @return count for function 'add'. Expected: 1, Found: 0 [Warning/use-natspec]
/sb/0x0033d4276440c4d9d44e7551d3cb5f631872f754.sol:207:17: GC: Non strict inequality found. Try converting to a strict one [Warning/gas-strict-inequalities]
/sb/0x0033d4276440c4d9d44e7551d3cb5f631872f754.sol:237:5: Missing @notice tag in function 'sub' [Warning/use-natspec]
/sb/0x0033d4276440c4d9d44e7551d3cb5f631872f754.sol:237:5: Missing @param tag in function 'sub' [Warning/use-natspec]
/sb/0x0033d4276440c4d9d44e7551d3cb5f631872f754.sol:237:5: Mismatch in @param names for function 'sub'. Expected: [a, b], Found: [] [Warning/use-natspec]
/sb/0x0033d4276440c4d9d44e7551d3cb5f631872f754.sol:237:5: Missing @return tag in function 'sub' [Warning/use-natspec]
/sb/0x0033d4276440c4d9d44e7551d3cb5f631872f754.sol:237:5: Mismatch in @return count for function 'sub'. Expected: 1, Found: 0 [Warning/use-natspec]
/sb/0x0033d4276440c4d9d44e7551d3cb5f631872f754.sol:265:5: Missing @notice tag in function 'sub' [Warning/use-natspec]
/sb/0x0033d4276440c4d9d44e7551d3cb5f631872f754.sol:265:5: Missing @param tag in function 'sub' [Warning/use-natspec]
/sb/0x0033d4276440c4d9d44e7551d3cb5f631872f754.sol:265:5: Mismatch in @param names for function 'sub'. Expected: [a, b, errorMessage], Found: [] [Warning/use-natspec]
/sb/0x0033d4276440c4d9d44e7551d3cb5f631872f754.sol:265:5: Missing @return tag in function 'sub' [Warning/use-natspec]
/sb/0x0033d4276440c4d9d44e7551d3cb5f631872f754.sol:265:5: Mismatch in @return count for function 'sub'. Expected: 1, Found: 0 [Warning/use-natspec]
/sb/0x0033d4276440c4d9d44e7551d3cb5f631872f754.sol:267:17: GC: Non strict inequality found. Try converting to a strict one [Warning/gas-strict-inequalities]
/sb/0x0033d4276440c4d9d44e7551d3cb5f631872f754.sol:299:5: Missing @notice tag in function 'mul' [Warning/use-natspec]
/sb/0x0033d4276440c4d9d44e7551d3cb5f631872f754.sol:299:5: Missing @param tag in function 'mul' [Warning/use-natspec]
/sb/0x0033d4276440c4d9d44e7551d3cb5f631872f754.sol:299:5: Mismatch in @param names for function 'mul'. Expected: [a, b], Found: [] [Warning/use-natspec]
/sb/0x0033d4276440c4d9d44e7551d3cb5f631872f754.sol:299:5: Missing @return tag in function 'mul' [Warning/use-natspec]
/sb/0x0033d4276440c4d9d44e7551d3cb5f631872f754.sol:299:5: Mismatch in @return count for function 'mul'. Expected: 1, Found: 0 [Warning/use-natspec]
/sb/0x0033d4276440c4d9d44e7551d3cb5f631872f754.sol:317:9: Error message for require is too long: 33 counted / 32 allowed [Warning/reason-string]
/sb/0x0033d4276440c4d9d44e7551d3cb5f631872f754.sol:317:9: GC: String exceeds 32 bytes [Warning/gas-small-strings]
/sb/0x0033d4276440c4d9d44e7551d3cb5f631872f754.sol:351:5: Missing @notice tag in function 'div' [Warning/use-natspec]
/sb/0x0033d4276440c4d9d44e7551d3cb5f631872f754.sol:351:5: Missing @param tag in function 'div' [Warning/use-natspec]
/sb/0x0033d4276440c4d9d44e7551d3cb5f631872f754.sol:351:5: Mismatch in @param names for function 'div'. Expected: [a, b], Found: [] [Warning/use-natspec]
/sb/0x0033d4276440c4d9d44e7551d3cb5f631872f754.sol:351:5: Missing @return tag in function 'div' [Warning/use-natspec]
/sb/0x0033d4276440c4d9d44e7551d3cb5f631872f754.sol:351:5: Mismatch in @return count for function 'div'. Expected: 1, Found: 0 [Warning/use-natspec]
/sb/0x0033d4276440c4d9d44e7551d3cb5f631872f754.sol:383:5: Missing @notice tag in function 'div' [Warning/use-natspec]
/sb/0x0033d4276440c4d9d44e7551d3cb5f631872f754.sol:383:5: Missing @param tag in function 'div' [Warning/use-natspec]
/sb/0x0033d4276440c4d9d44e7551d3cb5f631872f754.sol:383:5: Mismatch in @param names for function 'div'. Expected: [a, b, errorMessage], Found: [] [Warning/use-natspec]
/sb/0x0033d4276440c4d9d44e7551d3cb5f631872f754.sol:383:5: Missing @return tag in function 'div' [Warning/use-natspec]
/sb/0x0033d4276440c4d9d44e7551d3cb5f631872f754.sol:383:5: Mismatch in @return count for function 'div'. Expected: 1, Found: 0 [Warning/use-natspec]
/sb/0x0033d4276440c4d9d44e7551d3cb5f631872f754.sol:423:5: Missing @notice tag in function 'mod' [Warning/use-natspec]
/sb/0x0033d4276440c4d9d44e7551d3cb5f631872f754.sol:423:5: Missing @param tag in function 'mod' [Warning/use-natspec]
/sb/0x0033d4276440c4d9d44e7551d3cb5f631872f754.sol:423:5: Mismatch in @param names for function 'mod'. Expected: [a, b], Found: [] [Warning/use-natspec]
/sb/0x0033d4276440c4d9d44e7551d3cb5f631872f754.sol:423:5: Missing @return tag in function 'mod' [Warning/use-natspec]
/sb/0x0033d4276440c4d9d44e7551d3cb5f631872f754.sol:423:5: Mismatch in @return count for function 'mod'. Expected: 1, Found: 0 [Warning/use-natspec]
/sb/0x0033d4276440c4d9d44e7551d3cb5f631872f754.sol:455:5: Missing @notice tag in function 'mod' [Warning/use-natspec]
/sb/0x0033d4276440c4d9d44e7551d3cb5f631872f754.sol:455:5: Missing @param tag in function 'mod' [Warning/use-natspec]
/sb/0x0033d4276440c4d9d44e7551d3cb5f631872f754.sol:455:5: Mismatch in @param names for function 'mod'. Expected: [a, b, errorMessage], Found: [] [Warning/use-natspec]
/sb/0x0033d4276440c4d9d44e7551d3cb5f631872f754.sol:455:5: Missing @return tag in function 'mod' [Warning/use-natspec]
/sb/0x0033d4276440c4d9d44e7551d3cb5f631872f754.sol:455:5: Mismatch in @return count for function 'mod'. Expected: 1, Found: 0 [Warning/use-natspec]
/sb/0x0033d4276440c4d9d44e7551d3cb5f631872f754.sol:473:1: Compiler version ^0.7.1 does not satisfy the ^0.8.24 semver requirement [Error/compiler-version]
/sb/0x0033d4276440c4d9d44e7551d3cb5f631872f754.sol:483:1: Missing @title tag in contract 'IERC20' [Warning/use-natspec]
/sb/0x0033d4276440c4d9d44e7551d3cb5f631872f754.sol:483:1: Missing @author tag in contract 'IERC20' [Warning/use-natspec]
/sb/0x0033d4276440c4d9d44e7551d3cb5f631872f754.sol:483:1: Missing @notice tag in contract 'IERC20' [Warning/use-natspec]
/sb/0x0033d4276440c4d9d44e7551d3cb5f631872f754.sol:491:5: Missing @notice tag in function 'totalSupply' [Warning/use-natspec]
/sb/0x0033d4276440c4d9d44e7551d3cb5f631872f754.sol:491:5: Missing @return tag in function 'totalSupply' [Warning/use-natspec]
/sb/0x0033d4276440c4d9d44e7551d3cb5f631872f754.sol:491:5: Mismatch in @return count for function 'totalSupply'. Expected: 1, Found: 0 [Warning/use-natspec]
/sb/0x0033d4276440c4d9d44e7551d3cb5f631872f754.sol:501:5: Missing @notice tag in function 'balanceOf' [Warning/use-natspec]
/sb/0x0033d4276440c4d9d44e7551d3cb5f631872f754.sol:501:5: Missing @param tag in function 'balanceOf' [Warning/use-natspec]
/sb/0x0033d4276440c4d9d44e7551d3cb5f631872f754.sol:501:5: Mismatch in @param names for function 'balanceOf'. Expected: [account], Found: [] [Warning/use-natspec]
/sb/0x0033d4276440c4d9d44e7551d3cb5f631872f754.sol:501:5: Missing @return tag in function 'balanceOf' [Warning/use-natspec]
/sb/0x0033d4276440c4d9d44e7551d3cb5f631872f754.sol:501:5: Mismatch in @return count for function 'balanceOf'. Expected: 1, Found: 0 [Warning/use-natspec]
/sb/0x0033d4276440c4d9d44e7551d3cb5f631872f754.sol:519:5: Missing @notice tag in function 'transfer' [Warning/use-natspec]
/sb/0x0033d4276440c4d9d44e7551d3cb5f631872f754.sol:519:5: Missing @param tag in function 'transfer' [Warning/use-natspec]
/sb/0x0033d4276440c4d9d44e7551d3cb5f631872f754.sol:519:5: Mismatch in @param names for function 'transfer'. Expected: [recipient, amount], Found: [] [Warning/use-natspec]
/sb/0x0033d4276440c4d9d44e7551d3cb5f631872f754.sol:519:5: Missing @return tag in function 'transfer' [Warning/use-natspec]
/sb/0x0033d4276440c4d9d44e7551d3cb5f631872f754.sol:519:5: Mismatch in @return count for function 'transfer'. Expected: 1, Found: 0 [Warning/use-natspec]
/sb/0x0033d4276440c4d9d44e7551d3cb5f631872f754.sol:537:5: Missing @notice tag in function 'allowance' [Warning/use-natspec]
/sb/0x0033d4276440c4d9d44e7551d3cb5f631872f754.sol:537:5: Missing @param tag in function 'allowance' [Warning/use-natspec]
/sb/0x0033d4276440c4d9d44e7551d3cb5f631872f754.sol:537:5: Mismatch in @param names for function 'allowance'. Expected: [owner, spender], Found: [] [Warning/use-natspec]
/sb/0x0033d4276440c4d9d44e7551d3cb5f631872f754.sol:537:5: Missing @return tag in function 'allowance' [Warning/use-natspec]
/sb/0x0033d4276440c4d9d44e7551d3cb5f631872f754.sol:537:5: Mismatch in @return count for function 'allowance'. Expected: 1, Found: 0 [Warning/use-natspec]
/sb/0x0033d4276440c4d9d44e7551d3cb5f631872f754.sol:569:5: Missing @notice tag in function 'approve' [Warning/use-natspec]
/sb/0x0033d4276440c4d9d44e7551d3cb5f631872f754.sol:569:5: Missing @param tag in function 'approve' [Warning/use-natspec]
/sb/0x0033d4276440c4d9d44e7551d3cb5f631872f754.sol:569:5: Mismatch in @param names for function 'approve'. Expected: [spender, amount], Found: [] [Warning/use-natspec]
/sb/0x0033d4276440c4d9d44e7551d3cb5f631872f754.sol:569:5: Missing @return tag in function 'approve' [Warning/use-natspec]
/sb/0x0033d4276440c4d9d44e7551d3cb5f631872f754.sol:569:5: Mismatch in @return count for function 'approve'. Expected: 1, Found: 0 [Warning/use-natspec]
/sb/0x0033d4276440c4d9d44e7551d3cb5f631872f754.sol:591:5: Missing @notice tag in function 'transferFrom' [Warning/use-natspec]
/sb/0x0033d4276440c4d9d44e7551d3cb5f631872f754.sol:591:5: Missing @param tag in function 'transferFrom' [Warning/use-natspec]
/sb/0x0033d4276440c4d9d44e7551d3cb5f631872f754.sol:591:5: Mismatch in @param names for function 'transferFrom'. Expected: [sender, recipient, amount], Found: [] [Warning/use-natspec]
/sb/0x0033d4276440c4d9d44e7551d3cb5f631872f754.sol:591:5: Missing @return tag in function 'transferFrom' [Warning/use-natspec]
/sb/0x0033d4276440c4d9d44e7551d3cb5f631872f754.sol:591:5: Mismatch in @return count for function 'transferFrom'. Expected: 1, Found: 0 [Warning/use-natspec]
/sb/0x0033d4276440c4d9d44e7551d3cb5f631872f754.sol:607:5: Missing @notice tag in event 'Transfer' [Warning/use-natspec]
/sb/0x0033d4276440c4d9d44e7551d3cb5f631872f754.sol:607:5: Missing @param tag in event 'Transfer' [Warning/use-natspec]
/sb/0x0033d4276440c4d9d44e7551d3cb5f631872f754.sol:607:5: Mismatch in @param names for event 'Transfer'. Expected: [from, to, value], Found: [] [Warning/use-natspec]
/sb/0x0033d4276440c4d9d44e7551d3cb5f631872f754.sol:607:5: GC: [value] on Event [Transfer] could be Indexed [Warning/gas-indexed-events]
/sb/0x0033d4276440c4d9d44e7551d3cb5f631872f754.sol:619:5: Missing @notice tag in event 'Approval' [Warning/use-natspec]
/sb/0x0033d4276440c4d9d44e7551d3cb5f631872f754.sol:619:5: Missing @param tag in event 'Approval' [Warning/use-natspec]
/sb/0x0033d4276440c4d9d44e7551d3cb5f631872f754.sol:619:5: Mismatch in @param names for event 'Approval'. Expected: [owner, spender, value], Found: [] [Warning/use-natspec]
/sb/0x0033d4276440c4d9d44e7551d3cb5f631872f754.sol:619:5: GC: [value] on Event [Approval] could be Indexed [Warning/gas-indexed-events]
/sb/0x0033d4276440c4d9d44e7551d3cb5f631872f754.sol:631:1: Compiler version ^0.7.1 does not satisfy the ^0.8.24 semver requirement [Error/compiler-version]
/sb/0x0033d4276440c4d9d44e7551d3cb5f631872f754.sol:655:1: Missing @title tag in contract 'Context' [Warning/use-natspec]
/sb/0x0033d4276440c4d9d44e7551d3cb5f631872f754.sol:655:1: Missing @author tag in contract 'Context' [Warning/use-natspec]
/sb/0x0033d4276440c4d9d44e7551d3cb5f631872f754.sol:655:1: Missing @notice tag in contract 'Context' [Warning/use-natspec]
/sb/0x0033d4276440c4d9d44e7551d3cb5f631872f754.sol:657:5: Missing @notice tag in function '_msgSender' [Warning/use-natspec]
/sb/0x0033d4276440c4d9d44e7551d3cb5f631872f754.sol:657:5: Missing @return tag in function '_msgSender' [Warning/use-natspec]
/sb/0x0033d4276440c4d9d44e7551d3cb5f631872f754.sol:657:5: Mismatch in @return names for function '_msgSender'. Expected: [payable], Found: [] [Warning/use-natspec]
/sb/0x0033d4276440c4d9d44e7551d3cb5f631872f754.sol:665:5: Missing @notice tag in function '_msgData' [Warning/use-natspec]
/sb/0x0033d4276440c4d9d44e7551d3cb5f631872f754.sol:665:5: Missing @return tag in function '_msgData' [Warning/use-natspec]
/sb/0x0033d4276440c4d9d44e7551d3cb5f631872f754.sol:665:5: Mismatch in @return count for function '_msgData'. Expected: 1, Found: 0 [Warning/use-natspec]
/sb/0x0033d4276440c4d9d44e7551d3cb5f631872f754.sol:683:1: Compiler version ^0.7.1 does not satisfy the ^0.8.24 semver requirement [Error/compiler-version]
/sb/0x0033d4276440c4d9d44e7551d3cb5f631872f754.sol:693:1: Missing @title tag in contract 'Address' [Warning/use-natspec]
/sb/0x0033d4276440c4d9d44e7551d3cb5f631872f754.sol:693:1: Missing @author tag in contract 'Address' [Warning/use-natspec]
/sb/0x0033d4276440c4d9d44e7551d3cb5f631872f754.sol:693:1: Missing @notice tag in contract 'Address' [Warning/use-natspec]
/sb/0x0033d4276440c4d9d44e7551d3cb5f631872f754.sol:729:5: Missing @notice tag in function 'isContract' [Warning/use-natspec]
/sb/0x0033d4276440c4d9d44e7551d3cb5f631872f754.sol:729:5: Missing @param tag in function 'isContract' [Warning/use-natspec]
/sb/0x0033d4276440c4d9d44e7551d3cb5f631872f754.sol:729:5: Mismatch in @param names for function 'isContract'. Expected: [account], Found: [] [Warning/use-natspec]
/sb/0x0033d4276440c4d9d44e7551d3cb5f631872f754.sol:729:5: Missing @return tag in function 'isContract' [Warning/use-natspec]
/sb/0x0033d4276440c4d9d44e7551d3cb5f631872f754.sol:729:5: Mismatch in @return count for function 'isContract'. Expected: 1, Found: 0 [Warning/use-natspec]
/sb/0x0033d4276440c4d9d44e7551d3cb5f631872f754.sol:743:9: Avoid to use inline assembly. It is acceptable only in rare cases [Warning/no-inline-assembly]
/sb/0x0033d4276440c4d9d44e7551d3cb5f631872f754.sol:783:5: Missing @notice tag in function 'sendValue' [Warning/use-natspec]
/sb/0x0033d4276440c4d9d44e7551d3cb5f631872f754.sol:783:5: Missing @param tag in function 'sendValue' [Warning/use-natspec]
/sb/0x0033d4276440c4d9d44e7551d3cb5f631872f754.sol:783:5: Mismatch in @param names for function 'sendValue'. Expected: [recipient, amount], Found: [] [Warning/use-natspec]
/sb/0x0033d4276440c4d9d44e7551d3cb5f631872f754.sol:785:17: GC: Non strict inequality found. Try converting to a strict one [Warning/gas-strict-inequalities]
/sb/0x0033d4276440c4d9d44e7551d3cb5f631872f754.sol:793:9: Error message for require is too long: 58 counted / 32 allowed [Warning/reason-string]
/sb/0x0033d4276440c4d9d44e7551d3cb5f631872f754.sol:793:9: GC: String exceeds 32 bytes [Warning/gas-small-strings]
/sb/0x0033d4276440c4d9d44e7551d3cb5f631872f754.sol:835:5: Missing @notice tag in function 'functionCall' [Warning/use-natspec]
/sb/0x0033d4276440c4d9d44e7551d3cb5f631872f754.sol:835:5: Missing @param tag in function 'functionCall' [Warning/use-natspec]
/sb/0x0033d4276440c4d9d44e7551d3cb5f631872f754.sol:835:5: Mismatch in @param names for function 'functionCall'. Expected: [target, data], Found: [] [Warning/use-natspec]
/sb/0x0033d4276440c4d9d44e7551d3cb5f631872f754.sol:835:5: Missing @return tag in function 'functionCall' [Warning/use-natspec]
/sb/0x0033d4276440c4d9d44e7551d3cb5f631872f754.sol:835:5: Mismatch in @return count for function 'functionCall'. Expected: 1, Found: 0 [Warning/use-natspec]
/sb/0x0033d4276440c4d9d44e7551d3cb5f631872f754.sol:855:5: Missing @notice tag in function 'functionCall' [Warning/use-natspec]
/sb/0x0033d4276440c4d9d44e7551d3cb5f631872f754.sol:855:5: Missing @param tag in function 'functionCall' [Warning/use-natspec]
/sb/0x0033d4276440c4d9d44e7551d3cb5f631872f754.sol:855:5: Mismatch in @param names for function 'functionCall'. Expected: [target, data, errorMessage], Found: [] [Warning/use-natspec]
/sb/0x0033d4276440c4d9d44e7551d3cb5f631872f754.sol:855:5: Missing @return tag in function 'functionCall' [Warning/use-natspec]
/sb/0x0033d4276440c4d9d44e7551d3cb5f631872f754.sol:855:5: Mismatch in @return count for function 'functionCall'. Expected: 1, Found: 0 [Warning/use-natspec]
/sb/0x0033d4276440c4d9d44e7551d3cb5f631872f754.sol:885:5: Missing @notice tag in function 'functionCallWithValue' [Warning/use-natspec]
/sb/0x0033d4276440c4d9d44e7551d3cb5f631872f754.sol:885:5: Missing @param tag in function 'functionCallWithValue' [Warning/use-natspec]
/sb/0x0033d4276440c4d9d44e7551d3cb5f631872f754.sol:885:5: Mismatch in @param names for function 'functionCallWithValue'. Expected: [target, data, value], Found: [] [Warning/use-natspec]
/sb/0x0033d4276440c4d9d44e7551d3cb5f631872f754.sol:885:5: Missing @return tag in function 'functionCallWithValue' [Warning/use-natspec]
/sb/0x0033d4276440c4d9d44e7551d3cb5f631872f754.sol:885:5: Mismatch in @return count for function 'functionCallWithValue'. Expected: 1, Found: 0 [Warning/use-natspec]
/sb/0x0033d4276440c4d9d44e7551d3cb5f631872f754.sol:887:16: GC: String exceeds 32 bytes [Warning/gas-small-strings]
/sb/0x0033d4276440c4d9d44e7551d3cb5f631872f754.sol:905:5: Missing @notice tag in function 'functionCallWithValue' [Warning/use-natspec]
/sb/0x0033d4276440c4d9d44e7551d3cb5f631872f754.sol:905:5: Missing @param tag in function 'functionCallWithValue' [Warning/use-natspec]
/sb/0x0033d4276440c4d9d44e7551d3cb5f631872f754.sol:905:5: Mismatch in @param names for function 'functionCallWithValue'. Expected: [target, data, value, errorMessage], Found: [] [Warning/use-natspec]
/sb/0x0033d4276440c4d9d44e7551d3cb5f631872f754.sol:905:5: Missing @return tag in function 'functionCallWithValue' [Warning/use-natspec]
/sb/0x0033d4276440c4d9d44e7551d3cb5f631872f754.sol:905:5: Mismatch in @return count for function 'functionCallWithValue'. Expected: 1, Found: 0 [Warning/use-natspec]
/sb/0x0033d4276440c4d9d44e7551d3cb5f631872f754.sol:907:9: Error message for require is too long: 38 counted / 32 allowed [Warning/reason-string]
/sb/0x0033d4276440c4d9d44e7551d3cb5f631872f754.sol:907:9: GC: String exceeds 32 bytes [Warning/gas-small-strings]
/sb/0x0033d4276440c4d9d44e7551d3cb5f631872f754.sol:907:17: GC: Non strict inequality found. Try converting to a strict one [Warning/gas-strict-inequalities]
/sb/0x0033d4276440c4d9d44e7551d3cb5f631872f754.sol:935:5: Missing @notice tag in function 'functionStaticCall' [Warning/use-natspec]
/sb/0x0033d4276440c4d9d44e7551d3cb5f631872f754.sol:935:5: Missing @param tag in function 'functionStaticCall' [Warning/use-natspec]
/sb/0x0033d4276440c4d9d44e7551d3cb5f631872f754.sol:935:5: Mismatch in @param names for function 'functionStaticCall'. Expected: [target, data], Found: [] [Warning/use-natspec]
/sb/0x0033d4276440c4d9d44e7551d3cb5f631872f754.sol:935:5: Missing @return tag in function 'functionStaticCall' [Warning/use-natspec]
/sb/0x0033d4276440c4d9d44e7551d3cb5f631872f754.sol:935:5: Mismatch in @return count for function 'functionStaticCall'. Expected: 1, Found: 0 [Warning/use-natspec]
/sb/0x0033d4276440c4d9d44e7551d3cb5f631872f754.sol:937:16: GC: String exceeds 32 bytes [Warning/gas-small-strings]
/sb/0x0033d4276440c4d9d44e7551d3cb5f631872f754.sol:955:5: Missing @notice tag in function 'functionStaticCall' [Warning/use-natspec]
/sb/0x0033d4276440c4d9d44e7551d3cb5f631872f754.sol:955:5: Missing @param tag in function 'functionStaticCall' [Warning/use-natspec]
/sb/0x0033d4276440c4d9d44e7551d3cb5f631872f754.sol:955:5: Mismatch in @param names for function 'functionStaticCall'. Expected: [target, data, errorMessage], Found: [] [Warning/use-natspec]
/sb/0x0033d4276440c4d9d44e7551d3cb5f631872f754.sol:955:5: Missing @return tag in function 'functionStaticCall' [Warning/use-natspec]
/sb/0x0033d4276440c4d9d44e7551d3cb5f631872f754.sol:955:5: Mismatch in @return count for function 'functionStaticCall'. Expected: 1, Found: 0 [Warning/use-natspec]
/sb/0x0033d4276440c4d9d44e7551d3cb5f631872f754.sol:957:9: Error message for require is too long: 36 counted / 32 allowed [Warning/reason-string]
/sb/0x0033d4276440c4d9d44e7551d3cb5f631872f754.sol:957:9: GC: String exceeds 32 bytes [Warning/gas-small-strings]
/sb/0x0033d4276440c4d9d44e7551d3cb5f631872f754.sol:983:5: Missing @notice tag in function 'functionDelegateCall' [Warning/use-natspec]
/sb/0x0033d4276440c4d9d44e7551d3cb5f631872f754.sol:983:5: Missing @param tag in function 'functionDelegateCall' [Warning/use-natspec]
/sb/0x0033d4276440c4d9d44e7551d3cb5f631872f754.sol:983:5: Mismatch in @param names for function 'functionDelegateCall'. Expected: [target, data], Found: [] [Warning/use-natspec]
/sb/0x0033d4276440c4d9d44e7551d3cb5f631872f754.sol:983:5: Missing @return tag in function 'functionDelegateCall' [Warning/use-natspec]
/sb/0x0033d4276440c4d9d44e7551d3cb5f631872f754.sol:983:5: Mismatch in @return count for function 'functionDelegateCall'. Expected: 1, Found: 0 [Warning/use-natspec]
/sb/0x0033d4276440c4d9d44e7551d3cb5f631872f754.sol:985:16: GC: String exceeds 32 bytes [Warning/gas-small-strings]
/sb/0x0033d4276440c4d9d44e7551d3cb5f631872f754.sol:1003:5: Missing @notice tag in function 'functionDelegateCall' [Warning/use-natspec]
/sb/0x0033d4276440c4d9d44e7551d3cb5f631872f754.sol:1003:5: Missing @param tag in function 'functionDelegateCall' [Warning/use-natspec]
/sb/0x0033d4276440c4d9d44e7551d3cb5f631872f754.sol:1003:5: Mismatch in @param names for function 'functionDelegateCall'. Expected: [target, data, errorMessage], Found: [] [Warning/use-natspec]
/sb/0x0033d4276440c4d9d44e7551d3cb5f631872f754.sol:1003:5: Missing @return tag in function 'functionDelegateCall' [Warning/use-natspec]
/sb/0x0033d4276440c4d9d44e7551d3cb5f631872f754.sol:1003:5: Mismatch in @return count for function 'functionDelegateCall'. Expected: 1, Found: 0 [Warning/use-natspec]
/sb/0x0033d4276440c4d9d44e7551d3cb5f631872f754.sol:1005:9: Error message for require is too long: 38 counted / 32 allowed [Warning/reason-string]
/sb/0x0033d4276440c4d9d44e7551d3cb5f631872f754.sol:1005:9: GC: String exceeds 32 bytes [Warning/gas-small-strings]
/sb/0x0033d4276440c4d9d44e7551d3cb5f631872f754.sol:1011:51: Avoid to use low level calls. [Warning/avoid-low-level-calls]
/sb/0x0033d4276440c4d9d44e7551d3cb5f631872f754.sol:1019:5: Missing @notice tag in function '_verifyCallResult' [Warning/use-natspec]
/sb/0x0033d4276440c4d9d44e7551d3cb5f631872f754.sol:1019:5: Missing @param tag in function '_verifyCallResult' [Warning/use-natspec]
/sb/0x0033d4276440c4d9d44e7551d3cb5f631872f754.sol:1019:5: Mismatch in @param names for function '_verifyCallResult'. Expected: [success, returndata, errorMessage], Found: [] [Warning/use-natspec]
/sb/0x0033d4276440c4d9d44e7551d3cb5f631872f754.sol:1019:5: Missing @return tag in function '_verifyCallResult' [Warning/use-natspec]
/sb/0x0033d4276440c4d9d44e7551d3cb5f631872f754.sol:1019:5: Mismatch in @return count for function '_verifyCallResult'. Expected: 1, Found: 0 [Warning/use-natspec]
/sb/0x0033d4276440c4d9d44e7551d3cb5f631872f754.sol:1037:17: Avoid to use inline assembly. It is acceptable only in rare cases [Warning/no-inline-assembly]
/sb/0x0033d4276440c4d9d44e7551d3cb5f631872f754.sol:1065:1: Compiler version ^0.7.1 does not satisfy the ^0.8.24 semver requirement [Error/compiler-version]
/sb/0x0033d4276440c4d9d44e7551d3cb5f631872f754.sol:1125:1: Missing @title tag in contract 'ERC20' [Warning/use-natspec]
/sb/0x0033d4276440c4d9d44e7551d3cb5f631872f754.sol:1125:1: Missing @author tag in contract 'ERC20' [Warning/use-natspec]
/sb/0x0033d4276440c4d9d44e7551d3cb5f631872f754.sol:1125:1: Missing @notice tag in contract 'ERC20' [Warning/use-natspec]
/sb/0x0033d4276440c4d9d44e7551d3cb5f631872f754.sol:1171:5: Missing @notice tag in function '<anonymous>' [Warning/use-natspec]
/sb/0x0033d4276440c4d9d44e7551d3cb5f631872f754.sol:1171:5: Missing @param tag in function '<anonymous>' [Warning/use-natspec]
/sb/0x0033d4276440c4d9d44e7551d3cb5f631872f754.sol:1171:5: Mismatch in @param names for function '<anonymous>'. Expected: [name_, symbol_], Found: [] [Warning/use-natspec]
/sb/0x0033d4276440c4d9d44e7551d3cb5f631872f754.sol:1171:5: Explicitly mark visibility in function (Set ignoreConstructors to true if using solidity >=0.7.0) [Warning/func-visibility]
/sb/0x0033d4276440c4d9d44e7551d3cb5f631872f754.sol:1189:5: Missing @notice tag in function 'name' [Warning/use-natspec]
/sb/0x0033d4276440c4d9d44e7551d3cb5f631872f754.sol:1189:5: Missing @return tag in function 'name' [Warning/use-natspec]
/sb/0x0033d4276440c4d9d44e7551d3cb5f631872f754.sol:1189:5: Mismatch in @return count for function 'name'. Expected: 1, Found: 0 [Warning/use-natspec]
/sb/0x0033d4276440c4d9d44e7551d3cb5f631872f754.sol:1205:5: Missing @notice tag in function 'symbol' [Warning/use-natspec]
/sb/0x0033d4276440c4d9d44e7551d3cb5f631872f754.sol:1205:5: Missing @return tag in function 'symbol' [Warning/use-natspec]
/sb/0x0033d4276440c4d9d44e7551d3cb5f631872f754.sol:1205:5: Mismatch in @return count for function 'symbol'. Expected: 1, Found: 0 [Warning/use-natspec]
/sb/0x0033d4276440c4d9d44e7551d3cb5f631872f754.sol:1239:5: Missing @notice tag in function 'decimals' [Warning/use-natspec]
/sb/0x0033d4276440c4d9d44e7551d3cb5f631872f754.sol:1239:5: Missing @return tag in function 'decimals' [Warning/use-natspec]
/sb/0x0033d4276440c4d9d44e7551d3cb5f631872f754.sol:1239:5: Mismatch in @return count for function 'decimals'. Expected: 1, Found: 0 [Warning/use-natspec]
/sb/0x0033d4276440c4d9d44e7551d3cb5f631872f754.sol:1253:5: Missing @notice tag in function 'totalSupply' [Warning/use-natspec]
/sb/0x0033d4276440c4d9d44e7551d3cb5f631872f754.sol:1253:5: Missing @return tag in function 'totalSupply' [Warning/use-natspec]
/sb/0x0033d4276440c4d9d44e7551d3cb5f631872f754.sol:1253:5: Mismatch in @return count for function 'totalSupply'. Expected: 1, Found: 0 [Warning/use-natspec]
/sb/0x0033d4276440c4d9d44e7551d3cb5f631872f754.sol:1267:5: Missing @notice tag in function 'balanceOf' [Warning/use-natspec]
/sb/0x0033d4276440c4d9d44e7551d3cb5f631872f754.sol:1267:5: Missing @param tag in function 'balanceOf' [Warning/use-natspec]
/sb/0x0033d4276440c4d9d44e7551d3cb5f631872f754.sol:1267:5: Mismatch in @param names for function 'balanceOf'. Expected: [account], Found: [] [Warning/use-natspec]
/sb/0x0033d4276440c4d9d44e7551d3cb5f631872f754.sol:1267:5: Missing @return tag in function 'balanceOf' [Warning/use-natspec]
/sb/0x0033d4276440c4d9d44e7551d3cb5f631872f754.sol:1267:5: Mismatch in @return count for function 'balanceOf'. Expected: 1, Found: 0 [Warning/use-natspec]
/sb/0x0033d4276440c4d9d44e7551d3cb5f631872f754.sol:1291:5: Missing @notice tag in function 'transfer' [Warning/use-natspec]
/sb/0x0033d4276440c4d9d44e7551d3cb5f631872f754.sol:1291:5: Missing @param tag in function 'transfer' [Warning/use-natspec]
/sb/0x0033d4276440c4d9d44e7551d3cb5f631872f754.sol:1291:5: Mismatch in @param names for function 'transfer'. Expected: [recipient, amount], Found: [] [Warning/use-natspec]
/sb/0x0033d4276440c4d9d44e7551d3cb5f631872f754.sol:1291:5: Missing @return tag in function 'transfer' [Warning/use-natspec]
/sb/0x0033d4276440c4d9d44e7551d3cb5f631872f754.sol:1291:5: Mismatch in @return count for function 'transfer'. Expected: 1, Found: 0 [Warning/use-natspec]
/sb/0x0033d4276440c4d9d44e7551d3cb5f631872f754.sol:1307:5: Missing @notice tag in function 'allowance' [Warning/use-natspec]
/sb/0x0033d4276440c4d9d44e7551d3cb5f631872f754.sol:1307:5: Missing @param tag in function 'allowance' [Warning/use-natspec]
/sb/0x0033d4276440c4d9d44e7551d3cb5f631872f754.sol:1307:5: Mismatch in @param names for function 'allowance'. Expected: [owner, spender], Found: [] [Warning/use-natspec]
/sb/0x0033d4276440c4d9d44e7551d3cb5f631872f754.sol:1307:5: Missing @return tag in function 'allowance' [Warning/use-natspec]
/sb/0x0033d4276440c4d9d44e7551d3cb5f631872f754.sol:1307:5: Mismatch in @return count for function 'allowance'. Expected: 1, Found: 0 [Warning/use-natspec]
/sb/0x0033d4276440c4d9d44e7551d3cb5f631872f754.sol:1329:5: Missing @notice tag in function 'approve' [Warning/use-natspec]
/sb/0x0033d4276440c4d9d44e7551d3cb5f631872f754.sol:1329:5: Missing @param tag in function 'approve' [Warning/use-natspec]
/sb/0x0033d4276440c4d9d44e7551d3cb5f631872f754.sol:1329:5: Mismatch in @param names for function 'approve'. Expected: [spender, amount], Found: [] [Warning/use-natspec]
/sb/0x0033d4276440c4d9d44e7551d3cb5f631872f754.sol:1329:5: Missing @return tag in function 'approve' [Warning/use-natspec]
/sb/0x0033d4276440c4d9d44e7551d3cb5f631872f754.sol:1329:5: Mismatch in @return count for function 'approve'. Expected: 1, Found: 0 [Warning/use-natspec]
/sb/0x0033d4276440c4d9d44e7551d3cb5f631872f754.sol:1363:5: Missing @notice tag in function 'transferFrom' [Warning/use-natspec]
/sb/0x0033d4276440c4d9d44e7551d3cb5f631872f754.sol:1363:5: Missing @param tag in function 'transferFrom' [Warning/use-natspec]
/sb/0x0033d4276440c4d9d44e7551d3cb5f631872f754.sol:1363:5: Mismatch in @param names for function 'transferFrom'. Expected: [sender, recipient, amount], Found: [] [Warning/use-natspec]
/sb/0x0033d4276440c4d9d44e7551d3cb5f631872f754.sol:1363:5: Missing @return tag in function 'transferFrom' [Warning/use-natspec]
/sb/0x0033d4276440c4d9d44e7551d3cb5f631872f754.sol:1363:5: Mismatch in @return count for function 'transferFrom'. Expected: 1, Found: 0 [Warning/use-natspec]
/sb/0x0033d4276440c4d9d44e7551d3cb5f631872f754.sol:1367:40: GC: String exceeds 32 bytes [Warning/gas-small-strings]
/sb/0x0033d4276440c4d9d44e7551d3cb5f631872f754.sol:1399:5: Missing @notice tag in function 'increaseAllowance' [Warning/use-natspec]
/sb/0x0033d4276440c4d9d44e7551d3cb5f631872f754.sol:1399:5: Missing @param tag in function 'increaseAllowance' [Warning/use-natspec]
/sb/0x0033d4276440c4d9d44e7551d3cb5f631872f754.sol:1399:5: Mismatch in @param names for function 'increaseAllowance'. Expected: [spender, addedValue], Found: [] [Warning/use-natspec]
/sb/0x0033d4276440c4d9d44e7551d3cb5f631872f754.sol:1399:5: Missing @return tag in function 'increaseAllowance' [Warning/use-natspec]
/sb/0x0033d4276440c4d9d44e7551d3cb5f631872f754.sol:1399:5: Mismatch in @return count for function 'increaseAllowance'. Expected: 1, Found: 0 [Warning/use-natspec]
/sb/0x0033d4276440c4d9d44e7551d3cb5f631872f754.sol:1437:5: Missing @notice tag in function 'decreaseAllowance' [Warning/use-natspec]
/sb/0x0033d4276440c4d9d44e7551d3cb5f631872f754.sol:1437:5: Missing @param tag in function 'decreaseAllowance' [Warning/use-natspec]
/sb/0x0033d4276440c4d9d44e7551d3cb5f631872f754.sol:1437:5: Mismatch in @param names for function 'decreaseAllowance'. Expected: [spender, subtractedValue], Found: [] [Warning/use-natspec]
/sb/0x0033d4276440c4d9d44e7551d3cb5f631872f754.sol:1437:5: Missing @return tag in function 'decreaseAllowance' [Warning/use-natspec]
/sb/0x0033d4276440c4d9d44e7551d3cb5f631872f754.sol:1437:5: Mismatch in @return count for function 'decreaseAllowance'. Expected: 1, Found: 0 [Warning/use-natspec]
/sb/0x0033d4276440c4d9d44e7551d3cb5f631872f754.sol:1439:41: GC: String exceeds 32 bytes [Warning/gas-small-strings]
/sb/0x0033d4276440c4d9d44e7551d3cb5f631872f754.sol:1475:5: Missing @notice tag in function '_transfer' [Warning/use-natspec]
/sb/0x0033d4276440c4d9d44e7551d3cb5f631872f754.sol:1475:5: Missing @param tag in function '_transfer' [Warning/use-natspec]
/sb/0x0033d4276440c4d9d44e7551d3cb5f631872f754.sol:1475:5: Mismatch in @param names for function '_transfer'. Expected: [sender, recipient, amount], Found: [] [Warning/use-natspec]
/sb/0x0033d4276440c4d9d44e7551d3cb5f631872f754.sol:1477:9: Error message for require is too long: 37 counted / 32 allowed [Warning/reason-string]
/sb/0x0033d4276440c4d9d44e7551d3cb5f631872f754.sol:1477:9: GC: String exceeds 32 bytes [Warning/gas-small-strings]
/sb/0x0033d4276440c4d9d44e7551d3cb5f631872f754.sol:1479:9: Error message for require is too long: 35 counted / 32 allowed [Warning/reason-string]
/sb/0x0033d4276440c4d9d44e7551d3cb5f631872f754.sol:1479:9: GC: String exceeds 32 bytes [Warning/gas-small-strings]
/sb/0x0033d4276440c4d9d44e7551d3cb5f631872f754.sol:1487:29: GC: String exceeds 32 bytes [Warning/gas-small-strings]
/sb/0x0033d4276440c4d9d44e7551d3cb5f631872f754.sol:1515:5: Missing @notice tag in function '_mint' [Warning/use-natspec]
/sb/0x0033d4276440c4d9d44e7551d3cb5f631872f754.sol:1515:5: Missing @param tag in function '_mint' [Warning/use-natspec]
/sb/0x0033d4276440c4d9d44e7551d3cb5f631872f754.sol:1515:5: Mismatch in @param names for function '_mint'. Expected: [account, amount], Found: [] [Warning/use-natspec]
/sb/0x0033d4276440c4d9d44e7551d3cb5f631872f754.sol:1557:5: Missing @notice tag in function '_burn' [Warning/use-natspec]
/sb/0x0033d4276440c4d9d44e7551d3cb5f631872f754.sol:1557:5: Missing @param tag in function '_burn' [Warning/use-natspec]
/sb/0x0033d4276440c4d9d44e7551d3cb5f631872f754.sol:1557:5: Mismatch in @param names for function '_burn'. Expected: [account, amount], Found: [] [Warning/use-natspec]
/sb/0x0033d4276440c4d9d44e7551d3cb5f631872f754.sol:1559:9: Error message for require is too long: 33 counted / 32 allowed [Warning/reason-string]
/sb/0x0033d4276440c4d9d44e7551d3cb5f631872f754.sol:1559:9: GC: String exceeds 32 bytes [Warning/gas-small-strings]
/sb/0x0033d4276440c4d9d44e7551d3cb5f631872f754.sol:1567:30: GC: String exceeds 32 bytes [Warning/gas-small-strings]
/sb/0x0033d4276440c4d9d44e7551d3cb5f631872f754.sol:1603:5: Missing @notice tag in function '_approve' [Warning/use-natspec]
/sb/0x0033d4276440c4d9d44e7551d3cb5f631872f754.sol:1603:5: Missing @param tag in function '_approve' [Warning/use-natspec]
/sb/0x0033d4276440c4d9d44e7551d3cb5f631872f754.sol:1603:5: Mismatch in @param names for function '_approve'. Expected: [owner, spender, amount], Found: [] [Warning/use-natspec]
/sb/0x0033d4276440c4d9d44e7551d3cb5f631872f754.sol:1605:9: Error message for require is too long: 36 counted / 32 allowed [Warning/reason-string]
/sb/0x0033d4276440c4d9d44e7551d3cb5f631872f754.sol:1605:9: GC: String exceeds 32 bytes [Warning/gas-small-strings]
/sb/0x0033d4276440c4d9d44e7551d3cb5f631872f754.sol:1607:9: Error message for require is too long: 34 counted / 32 allowed [Warning/reason-string]
/sb/0x0033d4276440c4d9d44e7551d3cb5f631872f754.sol:1607:9: GC: String exceeds 32 bytes [Warning/gas-small-strings]
/sb/0x0033d4276440c4d9d44e7551d3cb5f631872f754.sol:1633:5: Missing @notice tag in function '_setupDecimals' [Warning/use-natspec]
/sb/0x0033d4276440c4d9d44e7551d3cb5f631872f754.sol:1633:5: Missing @param tag in function '_setupDecimals' [Warning/use-natspec]
/sb/0x0033d4276440c4d9d44e7551d3cb5f631872f754.sol:1633:5: Mismatch in @param names for function '_setupDecimals'. Expected: [decimals_], Found: [] [Warning/use-natspec]
/sb/0x0033d4276440c4d9d44e7551d3cb5f631872f754.sol:1669:5: Missing @notice tag in function '_beforeTokenTransfer' [Warning/use-natspec]
/sb/0x0033d4276440c4d9d44e7551d3cb5f631872f754.sol:1669:5: Missing @param tag in function '_beforeTokenTransfer' [Warning/use-natspec]
/sb/0x0033d4276440c4d9d44e7551d3cb5f631872f754.sol:1669:5: Mismatch in @param names for function '_beforeTokenTransfer'. Expected: [from, to, amount], Found: [] [Warning/use-natspec]
/sb/0x0033d4276440c4d9d44e7551d3cb5f631872f754.sol:1669:94: Code contains empty blocks [Warning/no-empty-blocks]
/sb/0x0033d4276440c4d9d44e7551d3cb5f631872f754.sol:1681:1: Compiler version ^0.7.1 does not satisfy the ^0.8.24 semver requirement [Error/compiler-version]
/sb/0x0033d4276440c4d9d44e7551d3cb5f631872f754.sol:1709:1: Missing @author tag in contract 'SafeERC20' [Warning/use-natspec]
/sb/0x0033d4276440c4d9d44e7551d3cb5f631872f754.sol:1709:1: Missing @notice tag in contract 'SafeERC20' [Warning/use-natspec]
/sb/0x0033d4276440c4d9d44e7551d3cb5f631872f754.sol:1717:3: Missing @notice tag in function 'safeTransfer' [Warning/use-natspec]
/sb/0x0033d4276440c4d9d44e7551d3cb5f631872f754.sol:1717:3: Missing @param tag in function 'safeTransfer' [Warning/use-natspec]
/sb/0x0033d4276440c4d9d44e7551d3cb5f631872f754.sol:1717:3: Mismatch in @param names for function 'safeTransfer'. Expected: [token, to, value], Found: [] [Warning/use-natspec]
/sb/0x0033d4276440c4d9d44e7551d3cb5f631872f754.sol:1725:3: Missing @notice tag in function 'safeTransferFrom' [Warning/use-natspec]
/sb/0x0033d4276440c4d9d44e7551d3cb5f631872f754.sol:1725:3: Missing @param tag in function 'safeTransferFrom' [Warning/use-natspec]
/sb/0x0033d4276440c4d9d44e7551d3cb5f631872f754.sol:1725:3: Mismatch in @param names for function 'safeTransferFrom'. Expected: [token, from, to, value], Found: [] [Warning/use-natspec]
/sb/0x0033d4276440c4d9d44e7551d3cb5f631872f754.sol:1747:3: Missing @notice tag in function 'safeApprove' [Warning/use-natspec]
/sb/0x0033d4276440c4d9d44e7551d3cb5f631872f754.sol:1747:3: Missing @param tag in function 'safeApprove' [Warning/use-natspec]
/sb/0x0033d4276440c4d9d44e7551d3cb5f631872f754.sol:1747:3: Mismatch in @param names for function 'safeApprove'. Expected: [token, spender, value], Found: [] [Warning/use-natspec]
/sb/0x0033d4276440c4d9d44e7551d3cb5f631872f754.sol:1757:5: Error message for require is too long: 54 counted / 32 allowed [Warning/reason-string]
/sb/0x0033d4276440c4d9d44e7551d3cb5f631872f754.sol:1757:5: GC: String exceeds 32 bytes [Warning/gas-small-strings]
/sb/0x0033d4276440c4d9d44e7551d3cb5f631872f754.sol:1769:3: Missing @notice tag in function 'safeIncreaseAllowance' [Warning/use-natspec]
/sb/0x0033d4276440c4d9d44e7551d3cb5f631872f754.sol:1769:3: Missing @param tag in function 'safeIncreaseAllowance' [Warning/use-natspec]
/sb/0x0033d4276440c4d9d44e7551d3cb5f631872f754.sol:1769:3: Mismatch in @param names for function 'safeIncreaseAllowance'. Expected: [token, spender, value], Found: [] [Warning/use-natspec]
/sb/0x0033d4276440c4d9d44e7551d3cb5f631872f754.sol:1779:3: Missing @notice tag in function 'safeDecreaseAllowance' [Warning/use-natspec]
/sb/0x0033d4276440c4d9d44e7551d3cb5f631872f754.sol:1779:3: Missing @param tag in function 'safeDecreaseAllowance' [Warning/use-natspec]
/sb/0x0033d4276440c4d9d44e7551d3cb5f631872f754.sol:1779:3: Mismatch in @param names for function 'safeDecreaseAllowance'. Expected: [token, spender, value], Found: [] [Warning/use-natspec]
/sb/0x0033d4276440c4d9d44e7551d3cb5f631872f754.sol:1781:28: GC: String exceeds 32 bytes [Warning/gas-small-strings]
/sb/0x0033d4276440c4d9d44e7551d3cb5f631872f754.sol:1801:3: Missing @notice tag in function '_callOptionalReturn' [Warning/use-natspec]
/sb/0x0033d4276440c4d9d44e7551d3cb5f631872f754.sol:1817:7: Error message for require is too long: 42 counted / 32 allowed [Warning/reason-string]
/sb/0x0033d4276440c4d9d44e7551d3cb5f631872f754.sol:1817:7: GC: String exceeds 32 bytes [Warning/gas-small-strings]
/sb/0x0033d4276440c4d9d44e7551d3cb5f631872f754.sol:1833:1: Compiler version ^0.7.1 does not satisfy the ^0.8.24 semver requirement [Error/compiler-version]
/sb/0x0033d4276440c4d9d44e7551d3cb5f631872f754.sol:1841:1: Missing @title tag in contract 'SFI' [Warning/use-natspec]
/sb/0x0033d4276440c4d9d44e7551d3cb5f631872f754.sol:1841:1: Missing @author tag in contract 'SFI' [Warning/use-natspec]
/sb/0x0033d4276440c4d9d44e7551d3cb5f631872f754.sol:1841:1: Missing @notice tag in contract 'SFI' [Warning/use-natspec]
/sb/0x0033d4276440c4d9d44e7551d3cb5f631872f754.sol:1847:3: Missing @notice tag in variable 'governance' [Warning/use-natspec]
/sb/0x0033d4276440c4d9d44e7551d3cb5f631872f754.sol:1849:3: Missing @notice tag in variable 'SFI_minter' [Warning/use-natspec]
/sb/0x0033d4276440c4d9d44e7551d3cb5f631872f754.sol:1849:3: Variable name must be in mixedCase SFI_minter [Warning/var-name-mixedcase]
/sb/0x0033d4276440c4d9d44e7551d3cb5f631872f754.sol:1851:3: Missing @notice tag in variable 'MAX_TOKENS' [Warning/use-natspec]
/sb/0x0033d4276440c4d9d44e7551d3cb5f631872f754.sol:1851:3: Variable name must be in mixedCase MAX_TOKENS [Warning/var-name-mixedcase]
/sb/0x0033d4276440c4d9d44e7551d3cb5f631872f754.sol:1855:3: Missing @notice tag in function '<anonymous>' [Warning/use-natspec]
/sb/0x0033d4276440c4d9d44e7551d3cb5f631872f754.sol:1855:3: Missing @param tag in function '<anonymous>' [Warning/use-natspec]
/sb/0x0033d4276440c4d9d44e7551d3cb5f631872f754.sol:1855:3: Mismatch in @param names for function '<anonymous>'. Expected: [name, symbol], Found: [] [Warning/use-natspec]
/sb/0x0033d4276440c4d9d44e7551d3cb5f631872f754.sol:1855:3: Explicitly mark visibility in function (Set ignoreConstructors to true if using solidity >=0.7.0) [Warning/func-visibility]
/sb/0x0033d4276440c4d9d44e7551d3cb5f631872f754.sol:1865:3: Missing @notice tag in function 'mint_SFI' [Warning/use-natspec]
/sb/0x0033d4276440c4d9d44e7551d3cb5f631872f754.sol:1865:3: Missing @param tag in function 'mint_SFI' [Warning/use-natspec]
/sb/0x0033d4276440c4d9d44e7551d3cb5f631872f754.sol:1865:3: Mismatch in @param names for function 'mint_SFI'. Expected: [to, amount], Found: [] [Warning/use-natspec]
/sb/0x0033d4276440c4d9d44e7551d3cb5f631872f754.sol:1865:3: Function name must be in mixedCase [Warning/func-name-mixedcase]
/sb/0x0033d4276440c4d9d44e7551d3cb5f631872f754.sol:1877:3: Missing @notice tag in function 'set_minter' [Warning/use-natspec]
/sb/0x0033d4276440c4d9d44e7551d3cb5f631872f754.sol:1877:3: Missing @param tag in function 'set_minter' [Warning/use-natspec]
/sb/0x0033d4276440c4d9d44e7551d3cb5f631872f754.sol:1877:3: Mismatch in @param names for function 'set_minter'. Expected: [to], Found: [] [Warning/use-natspec]
/sb/0x0033d4276440c4d9d44e7551d3cb5f631872f754.sol:1877:3: Function name must be in mixedCase [Warning/func-name-mixedcase]
/sb/0x0033d4276440c4d9d44e7551d3cb5f631872f754.sol:1887:3: Missing @notice tag in function 'set_governance' [Warning/use-natspec]
/sb/0x0033d4276440c4d9d44e7551d3cb5f631872f754.sol:1887:3: Missing @param tag in function 'set_governance' [Warning/use-natspec]
/sb/0x0033d4276440c4d9d44e7551d3cb5f631872f754.sol:1887:3: Mismatch in @param names for function 'set_governance'. Expected: [to], Found: [] [Warning/use-natspec]
/sb/0x0033d4276440c4d9d44e7551d3cb5f631872f754.sol:1887:3: Function name must be in mixedCase [Warning/func-name-mixedcase]
/sb/0x0033d4276440c4d9d44e7551d3cb5f631872f754.sol:1897:3: Missing @notice tag in event 'ErcSwept' [Warning/use-natspec]
/sb/0x0033d4276440c4d9d44e7551d3cb5f631872f754.sol:1897:3: Missing @param tag in event 'ErcSwept' [Warning/use-natspec]
/sb/0x0033d4276440c4d9d44e7551d3cb5f631872f754.sol:1897:3: Mismatch in @param names for event 'ErcSwept'. Expected: [who, to, token, amount], Found: [] [Warning/use-natspec]
/sb/0x0033d4276440c4d9d44e7551d3cb5f631872f754.sol:1897:3: GC: [who] on Event [ErcSwept] could be Indexed [Warning/gas-indexed-events]
/sb/0x0033d4276440c4d9d44e7551d3cb5f631872f754.sol:1897:3: GC: [to] on Event [ErcSwept] could be Indexed [Warning/gas-indexed-events]
/sb/0x0033d4276440c4d9d44e7551d3cb5f631872f754.sol:1897:3: GC: [token] on Event [ErcSwept] could be Indexed [Warning/gas-indexed-events]
/sb/0x0033d4276440c4d9d44e7551d3cb5f631872f754.sol:1897:3: GC: [amount] on Event [ErcSwept] could be Indexed [Warning/gas-indexed-events]
/sb/0x0033d4276440c4d9d44e7551d3cb5f631872f754.sol:1899:3: Missing @notice tag in function 'erc_sweep' [Warning/use-natspec]
/sb/0x0033d4276440c4d9d44e7551d3cb5f631872f754.sol:1899:3: Missing @param tag in function 'erc_sweep' [Warning/use-natspec]
/sb/0x0033d4276440c4d9d44e7551d3cb5f631872f754.sol:1899:3: Mismatch in @param names for function 'erc_sweep'. Expected: [_token, _to], Found: [] [Warning/use-natspec]
/sb/0x0033d4276440c4d9d44e7551d3cb5f631872f754.sol:1899:3: Function name must be in mixedCase [Warning/func-name-mixedcase]
/sb/0x0033d4276440c4d9d44e7551d3cb5f631872f754.sol:1927:1: Compiler version ^0.7.1 does not satisfy the ^0.8.24 semver requirement [Error/compiler-version]
/sb/0x0033d4276440c4d9d44e7551d3cb5f631872f754.sol:1933:1: Missing @title tag in contract 'SaffronLPBalanceToken' [Warning/use-natspec]
/sb/0x0033d4276440c4d9d44e7551d3cb5f631872f754.sol:1933:1: Missing @author tag in contract 'SaffronLPBalanceToken' [Warning/use-natspec]
/sb/0x0033d4276440c4d9d44e7551d3cb5f631872f754.sol:1933:1: Missing @notice tag in contract 'SaffronLPBalanceToken' [Warning/use-natspec]
/sb/0x0033d4276440c4d9d44e7551d3cb5f631872f754.sol:1935:3: Missing @notice tag in variable 'pool_address' [Warning/use-natspec]
/sb/0x0033d4276440c4d9d44e7551d3cb5f631872f754.sol:1935:3: Variable name must be in mixedCase pool_address [Warning/var-name-mixedcase]
/sb/0x0033d4276440c4d9d44e7551d3cb5f631872f754.sol:1939:3: Missing @notice tag in function '<anonymous>' [Warning/use-natspec]
/sb/0x0033d4276440c4d9d44e7551d3cb5f631872f754.sol:1939:3: Missing @param tag in function '<anonymous>' [Warning/use-natspec]
/sb/0x0033d4276440c4d9d44e7551d3cb5f631872f754.sol:1939:3: Mismatch in @param names for function '<anonymous>'. Expected: [name, symbol], Found: [] [Warning/use-natspec]
/sb/0x0033d4276440c4d9d44e7551d3cb5f631872f754.sol:1939:3: Explicitly mark visibility in function (Set ignoreConstructors to true if using solidity >=0.7.0) [Warning/func-visibility]
/sb/0x0033d4276440c4d9d44e7551d3cb5f631872f754.sol:1951:3: Missing @notice tag in function 'mint' [Warning/use-natspec]
/sb/0x0033d4276440c4d9d44e7551d3cb5f631872f754.sol:1951:3: Missing @param tag in function 'mint' [Warning/use-natspec]
/sb/0x0033d4276440c4d9d44e7551d3cb5f631872f754.sol:1951:3: Mismatch in @param names for function 'mint'. Expected: [to, amount], Found: [] [Warning/use-natspec]
/sb/0x0033d4276440c4d9d44e7551d3cb5f631872f754.sol:1961:3: Missing @notice tag in function 'burn' [Warning/use-natspec]
/sb/0x0033d4276440c4d9d44e7551d3cb5f631872f754.sol:1961:3: Missing @param tag in function 'burn' [Warning/use-natspec]
/sb/0x0033d4276440c4d9d44e7551d3cb5f631872f754.sol:1961:3: Mismatch in @param names for function 'burn'. Expected: [account, amount], Found: [] [Warning/use-natspec]
/sb/0x0033d4276440c4d9d44e7551d3cb5f631872f754.sol:1971:3: Missing @notice tag in function 'set_governance' [Warning/use-natspec]
/sb/0x0033d4276440c4d9d44e7551d3cb5f631872f754.sol:1971:3: Missing @param tag in function 'set_governance' [Warning/use-natspec]
/sb/0x0033d4276440c4d9d44e7551d3cb5f631872f754.sol:1971:3: Mismatch in @param names for function 'set_governance'. Expected: [to], Found: [] [Warning/use-natspec]
/sb/0x0033d4276440c4d9d44e7551d3cb5f631872f754.sol:1971:3: Function name must be in mixedCase [Warning/func-name-mixedcase]
/sb/0x0033d4276440c4d9d44e7551d3cb5f631872f754.sol:1989:1: Compiler version ^0.7.1 does not satisfy the ^0.8.24 semver requirement [Error/compiler-version]
/sb/0x0033d4276440c4d9d44e7551d3cb5f631872f754.sol:2011:1: Contract has 28 states declarations but allowed no more than 15 [Warning/max-states-count]
/sb/0x0033d4276440c4d9d44e7551d3cb5f631872f754.sol:2011:1: Missing @title tag in contract 'SaffronPool' [Warning/use-natspec]
/sb/0x0033d4276440c4d9d44e7551d3cb5f631872f754.sol:2011:1: Missing @author tag in contract 'SaffronPool' [Warning/use-natspec]
/sb/0x0033d4276440c4d9d44e7551d3cb5f631872f754.sol:2011:1: Missing @notice tag in contract 'SaffronPool' [Warning/use-natspec]
/sb/0x0033d4276440c4d9d44e7551d3cb5f631872f754.sol:2019:3: Missing @notice tag in variable 'governance' [Warning/use-natspec]
/sb/0x0033d4276440c4d9d44e7551d3cb5f631872f754.sol:2021:3: Missing @notice tag in variable 'base_asset_address' [Warning/use-natspec]
/sb/0x0033d4276440c4d9d44e7551d3cb5f631872f754.sol:2021:3: Variable name must be in mixedCase base_asset_address [Warning/var-name-mixedcase]
/sb/0x0033d4276440c4d9d44e7551d3cb5f631872f754.sol:2023:3: Missing @notice tag in variable 'SFI_address' [Warning/use-natspec]
/sb/0x0033d4276440c4d9d44e7551d3cb5f631872f754.sol:2023:3: Variable name must be in mixedCase SFI_address [Warning/var-name-mixedcase]
/sb/0x0033d4276440c4d9d44e7551d3cb5f631872f754.sol:2025:3: Mi
