'solc --version' running
'solc /sb/0xddbb8546b50a94d961fe38f1518ce366cac322ea.sol --combined-json abi,ast,bin,bin-runtime,srcmap,srcmap-runtime,userdoc,devdoc,hashes,compact-format --allow-paths .,/sb' running
Compilation warnings/errors on /sb/0xddbb8546b50a94d961fe38f1518ce366cac322ea.sol:
/sb/0xddbb8546b50a94d961fe38f1518ce366cac322ea.sol:162:5: Warning: Use of the "var" keyword is deprecated.
    var _allowance = allowed[_from][msg.sender];
    ^------------^
/sb/0xddbb8546b50a94d961fe38f1518ce366cac322ea.sol:224:3: Warning: Defining constructors as functions with the same name as the contract is deprecated. Use "constructor(...) { ... }" instead.
  function Ownable() {
  ^ (Relevant source part starts here and spans across multiple lines).
/sb/0xddbb8546b50a94d961fe38f1518ce366cac322ea.sol:382:5: Warning: Defining constructors as functions with the same name as the contract is deprecated. Use "constructor(...) { ... }" instead.
    function NYXToken(address multisigOwner) {
    ^ (Relevant source part starts here and spans across multiple lines).
/sb/0xddbb8546b50a94d961fe38f1518ce366cac322ea.sol:103:5: Warning: Invoking events without "emit" prefix is deprecated.
    Transfer(msg.sender, _to, _value);
    ^-------------------------------^
/sb/0xddbb8546b50a94d961fe38f1518ce366cac322ea.sol:170:5: Warning: Invoking events without "emit" prefix is deprecated.
    Transfer(_from, _to, _value);
    ^--------------------------^
/sb/0xddbb8546b50a94d961fe38f1518ce366cac322ea.sol:188:5: Warning: Invoking events without "emit" prefix is deprecated.
    Approval(msg.sender, _spender, _value);
    ^------------------------------------^
/sb/0xddbb8546b50a94d961fe38f1518ce366cac322ea.sol:273:9: Warning: Invoking events without "emit" prefix is deprecated.
        Transfer(address(0x0), _to, _amount);
        ^----------------------------------^
/sb/0xddbb8546b50a94d961fe38f1518ce366cac322ea.sol:357:9: Warning: Invoking events without "emit" prefix is deprecated.
        Transfer(msg.sender, to, value);
        ^-----------------------------^
/sb/0xddbb8546b50a94d961fe38f1518ce366cac322ea.sol:359:13: Warning: Invoking events without "emit" prefix is deprecated.
            TransferData(msg.sender, to, value, data);
            ^---------------------------------------^
/sb/0xddbb8546b50a94d961fe38f1518ce366cac322ea.sol:40:3: Warning: No visibility specified. Defaulting to "public". 
  function balanceOf(address who) constant returns (uint256);
  ^---------------------------------------------------------^
/sb/0xddbb8546b50a94d961fe38f1518ce366cac322ea.sol:41:3: Warning: No visibility specified. Defaulting to "public". 
  function transfer(address to, uint256 value) returns (bool);
  ^----------------------------------------------------------^
/sb/0xddbb8546b50a94d961fe38f1518ce366cac322ea.sol:100:3: Warning: No visibility specified. Defaulting to "public". 
  function transfer(address _to, uint256 _value) returns (bool) {
  ^ (Relevant source part starts here and spans across multiple lines).
/sb/0xddbb8546b50a94d961fe38f1518ce366cac322ea.sol:112:3: Warning: No visibility specified. Defaulting to "public". 
  function balanceOf(address _owner) constant returns (uint256 balance) {
  ^ (Relevant source part starts here and spans across multiple lines).
/sb/0xddbb8546b50a94d961fe38f1518ce366cac322ea.sol:133:3: Warning: No visibility specified. Defaulting to "public". 
  function allowance(address owner, address spender) constant returns (uint256);
  ^----------------------------------------------------------------------------^
/sb/0xddbb8546b50a94d961fe38f1518ce366cac322ea.sol:134:3: Warning: No visibility specified. Defaulting to "public". 
  function transferFrom(address from, address to, uint256 value) returns (bool);
  ^----------------------------------------------------------------------------^
/sb/0xddbb8546b50a94d961fe38f1518ce366cac322ea.sol:135:3: Warning: No visibility specified. Defaulting to "public". 
  function approve(address spender, uint256 value) returns (bool);
  ^--------------------------------------------------------------^
/sb/0xddbb8546b50a94d961fe38f1518ce366cac322ea.sol:161:3: Warning: No visibility specified. Defaulting to "public". 
  function transferFrom(address _from, address _to, uint256 _value) returns (bool) {
  ^ (Relevant source part starts here and spans across multiple lines).
/sb/0xddbb8546b50a94d961fe38f1518ce366cac322ea.sol:179:3: Warning: No visibility specified. Defaulting to "public". 
  function approve(address _spender, uint256 _value) returns (bool) {
  ^ (Relevant source part starts here and spans across multiple lines).
/sb/0xddbb8546b50a94d961fe38f1518ce366cac322ea.sol:198:3: Warning: No visibility specified. Defaulting to "public". 
  function allowance(address _owner, address _spender) constant returns (uint256 remaining) {
  ^ (Relevant source part starts here and spans across multiple lines).
/sb/0xddbb8546b50a94d961fe38f1518ce366cac322ea.sol:224:3: Warning: No visibility specified. Defaulting to "public". 
  function Ownable() {
  ^ (Relevant source part starts here and spans across multiple lines).
/sb/0xddbb8546b50a94d961fe38f1518ce366cac322ea.sol:242:3: Warning: No visibility specified. Defaulting to "public". 
  function transferOwnership(address newOwner) onlyOwner {
  ^ (Relevant source part starts here and spans across multiple lines).
/sb/0xddbb8546b50a94d961fe38f1518ce366cac322ea.sol:266:5: Warning: No visibility specified. Defaulting to "public". 
    function setMinter(address _minter) onlyOwner {
    ^ (Relevant source part starts here and spans across multiple lines).
/sb/0xddbb8546b50a94d961fe38f1518ce366cac322ea.sol:270:5: Warning: No visibility specified. Defaulting to "public". 
    function mint(address _to, uint _amount) onlyMinter {
    ^ (Relevant source part starts here and spans across multiple lines).
/sb/0xddbb8546b50a94d961fe38f1518ce366cac322ea.sol:298:5: Warning: No visibility specified. Defaulting to "public". 
    function transfer(address to, uint value, bytes data);
    ^----------------------------------------------------^
/sb/0xddbb8546b50a94d961fe38f1518ce366cac322ea.sol:314:5: Warning: No visibility specified. Defaulting to "public". 
    function tokenFallback(address _from, uint _value, bytes _data) payable;
    ^----------------------------------------------------------------------^
/sb/0xddbb8546b50a94d961fe38f1518ce366cac322ea.sol:326:5: Warning: No visibility specified. Defaulting to "public". 
    function transfer(address to, uint value, bytes data){
    ^ (Relevant source part starts here and spans across multiple lines).
/sb/0xddbb8546b50a94d961fe38f1518ce366cac322ea.sol:332:5: Warning: No visibility specified. Defaulting to "public". 
    function transfer(address to, uint value) returns (bool){
    ^ (Relevant source part starts here and spans across multiple lines).
/sb/0xddbb8546b50a94d961fe38f1518ce366cac322ea.sol:338:5: Warning: No visibility specified. Defaulting to "public". 
    function transferAndPay(address to, uint value, bytes data) payable {
    ^ (Relevant source part starts here and spans across multiple lines).
/sb/0xddbb8546b50a94d961fe38f1518ce366cac322ea.sol:377:5: Warning: No visibility specified. Defaulting to "public". 
    function mint(address _to, uint _amount){
    ^ (Relevant source part starts here and spans across multiple lines).
/sb/0xddbb8546b50a94d961fe38f1518ce366cac322ea.sol:382:5: Warning: No visibility specified. Defaulting to "public". 
    function NYXToken(address multisigOwner) {
    ^ (Relevant source part starts here and spans across multiple lines).
/sb/0xddbb8546b50a94d961fe38f1518ce366cac322ea.sol:390:5: Warning: No visibility specified. Defaulting to "public". 
    function transferAndPay(address to, uint value, bytes data) payable{
    ^ (Relevant source part starts here and spans across multiple lines).
/sb/0xddbb8546b50a94d961fe38f1518ce366cac322ea.sol:395:5: Warning: No visibility specified. Defaulting to "public". 
    function enableTransfer(bool enabled) onlyOwner{
    ^ (Relevant source part starts here and spans across multiple lines).
/sb/0xddbb8546b50a94d961fe38f1518ce366cac322ea.sol:57:3: Warning: Function state mutability can be restricted to pure
  function mul(uint256 a, uint256 b) internal constant returns (uint256) {
  ^ (Relevant source part starts here and spans across multiple lines).
/sb/0xddbb8546b50a94d961fe38f1518ce366cac322ea.sol:63:3: Warning: Function state mutability can be restricted to pure
  function div(uint256 a, uint256 b) internal constant returns (uint256) {
  ^ (Relevant source part starts here and spans across multiple lines).
/sb/0xddbb8546b50a94d961fe38f1518ce366cac322ea.sol:70:3: Warning: Function state mutability can be restricted to pure
  function sub(uint256 a, uint256 b) internal constant returns (uint256) {
  ^ (Relevant source part starts here and spans across multiple lines).
/sb/0xddbb8546b50a94d961fe38f1518ce366cac322ea.sol:75:3: Warning: Function state mutability can be restricted to pure
  function add(uint256 a, uint256 b) internal constant returns (uint256) {
  ^ (Relevant source part starts here and spans across multiple lines).


ERC20Basic.totalSupply (../sb/0xddbb8546b50a94d961fe38f1518ce366cac322ea.sol#39) is never initialized. It is used in:
	- NYXToken.mint(address,uint256) (../sb/0xddbb8546b50a94d961fe38f1518ce366cac322ea.sol#377-380)
Reference: https://github.com/crytic/slither/wiki/Detector-Documentation#uninitialized-state-variables

MintableToken.totalSupply (../sb/0xddbb8546b50a94d961fe38f1518ce366cac322ea.sol#258) shadows:
	- ERC20Basic.totalSupply (../sb/0xddbb8546b50a94d961fe38f1518ce366cac322ea.sol#39)
Reference: https://github.com/crytic/slither/wiki/Detector-Documentation#state-variable-shadowing-from-abstract-contracts

ERC23PayableToken.transfer(address,uint256).empty (../sb/0xddbb8546b50a94d961fe38f1518ce366cac322ea.sol#333) is a local variable never initialized
Reference: https://github.com/crytic/slither/wiki/Detector-Documentation#uninitialized-local-variables

MintableToken.setMinter(address) (../sb/0xddbb8546b50a94d961fe38f1518ce366cac322ea.sol#266-268) should emit an event for: 
	- minter = _minter (../sb/0xddbb8546b50a94d961fe38f1518ce366cac322ea.sol#267) 
Ownable.transferOwnership(address) (../sb/0xddbb8546b50a94d961fe38f1518ce366cac322ea.sol#242-246) should emit an event for: 
	- owner = newOwner (../sb/0xddbb8546b50a94d961fe38f1518ce366cac322ea.sol#244) 
Reference: https://github.com/crytic/slither/wiki/Detector-Documentation#missing-events-access-control

MintableToken.setMinter(address)._minter (../sb/0xddbb8546b50a94d961fe38f1518ce366cac322ea.sol#266) lacks a zero-check on :
		- minter = _minter (../sb/0xddbb8546b50a94d961fe38f1518ce366cac322ea.sol#267)
Reference: https://github.com/crytic/slither/wiki/Detector-Documentation#missing-zero-address-validation

Reentrancy in ERC23PayableToken.transferAndPay(address,uint256,bytes) (../sb/0xddbb8546b50a94d961fe38f1518ce366cac322ea.sol#338-360):
	External calls:
	- receiver.tokenFallback.value(msg.value)(msg.sender,value,data) (../sb/0xddbb8546b50a94d961fe38f1518ce366cac322ea.sol#352)
	External calls sending eth:
	- receiver.tokenFallback.value(msg.value)(msg.sender,value,data) (../sb/0xddbb8546b50a94d961fe38f1518ce366cac322ea.sol#352)
	- to.transfer(msg.value) (../sb/0xddbb8546b50a94d961fe38f1518ce366cac322ea.sol#354)
	Event emitted after the call(s):
	- Transfer(msg.sender,to,value) (../sb/0xddbb8546b50a94d961fe38f1518ce366cac322ea.sol#357)
	- TransferData(msg.sender,to,value,data) (../sb/0xddbb8546b50a94d961fe38f1518ce366cac322ea.sol#359)
Reference: https://github.com/crytic/slither/wiki/Detector-Documentation#reentrancy-vulnerabilities-3

ERC23PayableToken.transferAndPay(address,uint256,bytes) (../sb/0xddbb8546b50a94d961fe38f1518ce366cac322ea.sol#338-360) uses assembly
	- INLINE ASM (../sb/0xddbb8546b50a94d961fe38f1518ce366cac322ea.sol#342-347)
Reference: https://github.com/crytic/slither/wiki/Detector-Documentation#assembly-usage

Version constraint ^0.4.16 contains known severe issues (https://solidity.readthedocs.io/en/latest/bugs.html)
	- DirtyBytesArrayToStorage
	- ABIDecodeTwoDimensionalArrayMemory
	- KeccakCaching
	- EmptyByteArrayCopy
	- DynamicArrayCleanup
	- ImplicitConstructorCallvalueCheck
	- TupleAssignmentMultiStackSlotComponents
	- MemoryArrayCreationOverflow
	- privateCanBeOverridden
	- SignedArrayStorageCopy
	- ABIEncoderV2StorageArrayWithMultiSlotElement
	- DynamicConstructorArgumentsClippedABIV2
	- UninitializedFunctionPointerInConstructor_0.4.x
	- IncorrectEventSignatureInLibraries_0.4.x
	- ExpExponentCleanup
	- NestedArrayFunctionCallDecoder
	- ZeroFunctionSelector.
It is used by:
	- ^0.4.16 (../sb/0xddbb8546b50a94d961fe38f1518ce366cac322ea.sol#11)
solc-0.4.26 is an outdated solc version. Use a more recent version (at least 0.8.0), if possible.
Reference: https://github.com/crytic/slither/wiki/Detector-Documentation#incorrect-versions-of-solidity

Parameter BasicToken.transfer(address,uint256)._to (../sb/0xddbb8546b50a94d961fe38f1518ce366cac322ea.sol#100) is not in mixedCase
Parameter BasicToken.transfer(address,uint256)._value (../sb/0xddbb8546b50a94d961fe38f1518ce366cac322ea.sol#100) is not in mixedCase
Parameter BasicToken.balanceOf(address)._owner (../sb/0xddbb8546b50a94d961fe38f1518ce366cac322ea.sol#112) is not in mixedCase
Parameter StandardToken.transferFrom(address,address,uint256)._from (../sb/0xddbb8546b50a94d961fe38f1518ce366cac322ea.sol#161) is not in mixedCase
Parameter StandardToken.transferFrom(address,address,uint256)._to (../sb/0xddbb8546b50a94d961fe38f1518ce366cac322ea.sol#161) is not in mixedCase
Parameter StandardToken.transferFrom(address,address,uint256)._value (../sb/0xddbb8546b50a94d961fe38f1518ce366cac322ea.sol#161) is not in mixedCase
Parameter StandardToken.approve(address,uint256)._spender (../sb/0xddbb8546b50a94d961fe38f1518ce366cac322ea.sol#179) is not in mixedCase
Parameter StandardToken.approve(address,uint256)._value (../sb/0xddbb8546b50a94d961fe38f1518ce366cac322ea.sol#179) is not in mixedCase
Parameter StandardToken.allowance(address,address)._owner (../sb/0xddbb8546b50a94d961fe38f1518ce366cac322ea.sol#198) is not in mixedCase
Parameter StandardToken.allowance(address,address)._spender (../sb/0xddbb8546b50a94d961fe38f1518ce366cac322ea.sol#198) is not in mixedCase
Parameter MintableToken.setMinter(address)._minter (../sb/0xddbb8546b50a94d961fe38f1518ce366cac322ea.sol#266) is not in mixedCase
Parameter MintableToken.mint(address,uint256)._to (../sb/0xddbb8546b50a94d961fe38f1518ce366cac322ea.sol#270) is not in mixedCase
Parameter MintableToken.mint(address,uint256)._amount (../sb/0xddbb8546b50a94d961fe38f1518ce366cac322ea.sol#270) is not in mixedCase
Parameter NYXToken.mint(address,uint256)._to (../sb/0xddbb8546b50a94d961fe38f1518ce366cac322ea.sol#377) is not in mixedCase
Parameter NYXToken.mint(address,uint256)._amount (../sb/0xddbb8546b50a94d961fe38f1518ce366cac322ea.sol#377) is not in mixedCase
Reference: https://github.com/crytic/slither/wiki/Detector-Documentation#conformance-to-solidity-naming-conventions

Reentrancy in ERC23PayableToken.transferAndPay(address,uint256,bytes) (../sb/0xddbb8546b50a94d961fe38f1518ce366cac322ea.sol#338-360):
	External calls:
	- to.transfer(msg.value) (../sb/0xddbb8546b50a94d961fe38f1518ce366cac322ea.sol#354)
	External calls sending eth:
	- receiver.tokenFallback.value(msg.value)(msg.sender,value,data) (../sb/0xddbb8546b50a94d961fe38f1518ce366cac322ea.sol#352)
	- to.transfer(msg.value) (../sb/0xddbb8546b50a94d961fe38f1518ce366cac322ea.sol#354)
	Event emitted after the call(s):
	- Transfer(msg.sender,to,value) (../sb/0xddbb8546b50a94d961fe38f1518ce366cac322ea.sol#357)
	- TransferData(msg.sender,to,value,data) (../sb/0xddbb8546b50a94d961fe38f1518ce366cac322ea.sol#359)
Reference: https://github.com/crytic/slither/wiki/Detector-Documentation#reentrancy-vulnerabilities-4

ERC20Basic.totalSupply (../sb/0xddbb8546b50a94d961fe38f1518ce366cac322ea.sol#39) should be constant 
Reference: https://github.com/crytic/slither/wiki/Detector-Documentation#state-variables-that-could-be-declared-constant

tokenFallback(address,uint256,bytes) should be declared external:
	- ERC23PayableReceiver.tokenFallback(address,uint256,bytes) (../sb/0xddbb8546b50a94d961fe38f1518ce366cac322ea.sol#314)
Reference: https://github.com/crytic/slither/wiki/Detector-Documentation#public-function-that-could-be-declared-external
/sb/0xddbb8546b50a94d961fe38f1518ce366cac322ea.sol analyzed (11 contracts with 100 detectors), 28 result(s) found
