A new version of Solhint is available: 6.0.1
Please consider updating your Solhint package.
/sb/0x16A4ff536001405f2B0d7ddAfC79f6A10D024640.sol:1:1: Compiler version >=0.4.0 <0.9.0 does not satisfy the ^0.8.24 semver requirement [Error/compiler-version]
/sb/0x16A4ff536001405f2B0d7ddAfC79f6A10D024640.sol:2:1: Missing @title tag in contract 'plusOnePonzi' [Warning/use-natspec]
/sb/0x16A4ff536001405f2B0d7ddAfC79f6A10D024640.sol:2:1: Missing @author tag in contract 'plusOnePonzi' [Warning/use-natspec]
/sb/0x16A4ff536001405f2B0d7ddAfC79f6A10D024640.sol:2:1: Missing @notice tag in contract 'plusOnePonzi' [Warning/use-natspec]
/sb/0x16A4ff536001405f2B0d7ddAfC79f6A10D024640.sol:2:1: Contract, Structs and Enums should be in CapWords [Warning/contract-name-capwords]
/sb/0x16A4ff536001405f2B0d7ddAfC79f6A10D024640.sol:3:3: Rule is set with explicit type [var/s: uint] [Warning/explicit-types]
/sb/0x16A4ff536001405f2B0d7ddAfC79f6A10D024640.sol:3:3: Missing @notice tag in variable 'VALUE' [Warning/use-natspec]
/sb/0x16A4ff536001405f2B0d7ddAfC79f6A10D024640.sol:8:5: Rule is set with explicit type [var/s: uint] [Warning/explicit-types]
/sb/0x16A4ff536001405f2B0d7ddAfC79f6A10D024640.sol:11:3: Missing @notice tag in variable 'payouts' [Warning/use-natspec]
/sb/0x16A4ff536001405f2B0d7ddAfC79f6A10D024640.sol:12:3: Rule is set with explicit type [var/s: uint] [Warning/explicit-types]
/sb/0x16A4ff536001405f2B0d7ddAfC79f6A10D024640.sol:12:3: Missing @notice tag in variable 'payoutIndex' [Warning/use-natspec]
/sb/0x16A4ff536001405f2B0d7ddAfC79f6A10D024640.sol:13:3: Rule is set with explicit type [var/s: uint] [Warning/explicit-types]
/sb/0x16A4ff536001405f2B0d7ddAfC79f6A10D024640.sol:13:3: Missing @notice tag in variable 'payoutTotal' [Warning/use-natspec]
/sb/0x16A4ff536001405f2B0d7ddAfC79f6A10D024640.sol:15:3: Missing @notice tag in function 'plusOnePonzi' [Warning/use-natspec]
/sb/0x16A4ff536001405f2B0d7ddAfC79f6A10D024640.sol:15:3: Explicitly mark visibility in function (Set ignoreConstructors to true if using solidity >=0.7.0) [Warning/func-visibility]
/sb/0x16A4ff536001405f2B0d7ddAfC79f6A10D024640.sol:15:27: Code contains empty blocks [Warning/no-empty-blocks]
/sb/0x16A4ff536001405f2B0d7ddAfC79f6A10D024640.sol:18:3: Missing @notice tag in function '<anonymous>' [Warning/use-natspec]
/sb/0x16A4ff536001405f2B0d7ddAfC79f6A10D024640.sol:18:3: Explicitly mark visibility in function [Warning/func-visibility]
/sb/0x16A4ff536001405f2B0d7ddAfC79f6A10D024640.sol:18:3: Fallback function must be simple [Warning/no-complex-fallback]
/sb/0x16A4ff536001405f2B0d7ddAfC79f6A10D024640.sol:20:7: "throw" is deprecated, avoid to use it [Warning/avoid-throw]
/sb/0x16A4ff536001405f2B0d7ddAfC79f6A10D024640.sol:23:5: Rule is set with explicit type [var/s: uint] [Warning/explicit-types]
/sb/0x16A4ff536001405f2B0d7ddAfC79f6A10D024640.sol:24:5: GC: For [ payouts ] variable, increment/decrement by 1 using: [ ++variable ] to save gas [Warning/gas-increment-by-one]
/sb/0x16A4ff536001405f2B0d7ddAfC79f6A10D024640.sol:30:7: Check result of "send" call [Warning/check-send-result]
/sb/0x16A4ff536001405f2B0d7ddAfC79f6A10D024640.sol:30:7: Avoid multiple calls of "send" method in single transaction [Warning/multiple-sends]
/sb/0x16A4ff536001405f2B0d7ddAfC79f6A10D024640.sol:31:7: Possible reentrancy vulnerabilities. Avoid state changes after transfer. [Warning/reentrancy]
/sb/0x16A4ff536001405f2B0d7ddAfC79f6A10D024640.sol:31:7: GC: For [ payoutIndex ] variable, increment/decrement by 1 using: [ ++variable ] to save gas [Warning/gas-increment-by-one]

26 problem/s (1 error/s, 25 warning/s)
