A new version of Solhint is available: 6.0.1
Please consider updating your Solhint package.
/sb/0x345f58b7610bf98ff1dd9315d2ce79593671ca4d.sol:1:1: Compiler version ^0.4.16 does not satisfy the ^0.8.24 semver requirement [Error/compiler-version]
/sb/0x345f58b7610bf98ff1dd9315d2ce79593671ca4d.sol:3:1: Interface name 'tokenRecipient' must start with "I" [Warning/interface-starts-with-i]
/sb/0x345f58b7610bf98ff1dd9315d2ce79593671ca4d.sol:3:1: Missing @title tag in contract 'tokenRecipient' [Warning/use-natspec]
/sb/0x345f58b7610bf98ff1dd9315d2ce79593671ca4d.sol:3:1: Missing @author tag in contract 'tokenRecipient' [Warning/use-natspec]
/sb/0x345f58b7610bf98ff1dd9315d2ce79593671ca4d.sol:3:1: Missing @notice tag in contract 'tokenRecipient' [Warning/use-natspec]
/sb/0x345f58b7610bf98ff1dd9315d2ce79593671ca4d.sol:3:1: Contract, Structs and Enums should be in CapWords [Warning/contract-name-capwords]
/sb/0x345f58b7610bf98ff1dd9315d2ce79593671ca4d.sol:3:28: Missing @notice tag in function 'receiveApproval' [Warning/use-natspec]
/sb/0x345f58b7610bf98ff1dd9315d2ce79593671ca4d.sol:3:28: Missing @param tag in function 'receiveApproval' [Warning/use-natspec]
/sb/0x345f58b7610bf98ff1dd9315d2ce79593671ca4d.sol:3:28: Mismatch in @param names for function 'receiveApproval'. Expected: [_from, _value, _token, _extraData], Found: [] [Warning/use-natspec]
/sb/0x345f58b7610bf98ff1dd9315d2ce79593671ca4d.sol:5:1: Missing @title tag in contract 'Neptun' [Warning/use-natspec]
/sb/0x345f58b7610bf98ff1dd9315d2ce79593671ca4d.sol:5:1: Missing @author tag in contract 'Neptun' [Warning/use-natspec]
/sb/0x345f58b7610bf98ff1dd9315d2ce79593671ca4d.sol:5:1: Missing @notice tag in contract 'Neptun' [Warning/use-natspec]
/sb/0x345f58b7610bf98ff1dd9315d2ce79593671ca4d.sol:7:5: Missing @notice tag in variable 'name' [Warning/use-natspec]
/sb/0x345f58b7610bf98ff1dd9315d2ce79593671ca4d.sol:8:5: Missing @notice tag in variable 'symbol' [Warning/use-natspec]
/sb/0x345f58b7610bf98ff1dd9315d2ce79593671ca4d.sol:9:5: Missing @notice tag in variable 'decimals' [Warning/use-natspec]
/sb/0x345f58b7610bf98ff1dd9315d2ce79593671ca4d.sol:11:5: Missing @notice tag in variable 'totalSupply' [Warning/use-natspec]
/sb/0x345f58b7610bf98ff1dd9315d2ce79593671ca4d.sol:12:5: Missing @notice tag in variable 'NeptunSupply' [Warning/use-natspec]
/sb/0x345f58b7610bf98ff1dd9315d2ce79593671ca4d.sol:12:5: Variable name must be in mixedCase NeptunSupply [Warning/var-name-mixedcase]
/sb/0x345f58b7610bf98ff1dd9315d2ce79593671ca4d.sol:13:5: Missing @notice tag in variable 'buyPrice' [Warning/use-natspec]
/sb/0x345f58b7610bf98ff1dd9315d2ce79593671ca4d.sol:14:5: Missing @notice tag in variable 'creator' [Warning/use-natspec]
/sb/0x345f58b7610bf98ff1dd9315d2ce79593671ca4d.sol:16:5: Missing @notice tag in variable 'balanceOf' [Warning/use-natspec]
/sb/0x345f58b7610bf98ff1dd9315d2ce79593671ca4d.sol:17:5: Missing @notice tag in variable 'allowance' [Warning/use-natspec]
/sb/0x345f58b7610bf98ff1dd9315d2ce79593671ca4d.sol:20:5: Missing @notice tag in event 'Transfer' [Warning/use-natspec]
/sb/0x345f58b7610bf98ff1dd9315d2ce79593671ca4d.sol:20:5: Missing @param tag in event 'Transfer' [Warning/use-natspec]
/sb/0x345f58b7610bf98ff1dd9315d2ce79593671ca4d.sol:20:5: Mismatch in @param names for event 'Transfer'. Expected: [from, to, value], Found: [] [Warning/use-natspec]
/sb/0x345f58b7610bf98ff1dd9315d2ce79593671ca4d.sol:20:5: GC: [value] on Event [Transfer] could be Indexed [Warning/gas-indexed-events]
/sb/0x345f58b7610bf98ff1dd9315d2ce79593671ca4d.sol:21:5: Missing @notice tag in event 'FundTransfer' [Warning/use-natspec]
/sb/0x345f58b7610bf98ff1dd9315d2ce79593671ca4d.sol:21:5: Missing @param tag in event 'FundTransfer' [Warning/use-natspec]
/sb/0x345f58b7610bf98ff1dd9315d2ce79593671ca4d.sol:21:5: Mismatch in @param names for event 'FundTransfer'. Expected: [backer, amount, isContribution], Found: [] [Warning/use-natspec]
/sb/0x345f58b7610bf98ff1dd9315d2ce79593671ca4d.sol:21:5: GC: [backer] on Event [FundTransfer] could be Indexed [Warning/gas-indexed-events]
/sb/0x345f58b7610bf98ff1dd9315d2ce79593671ca4d.sol:21:5: GC: [amount] on Event [FundTransfer] could be Indexed [Warning/gas-indexed-events]
/sb/0x345f58b7610bf98ff1dd9315d2ce79593671ca4d.sol:21:5: GC: [isContribution] on Event [FundTransfer] could be Indexed [Warning/gas-indexed-events]
/sb/0x345f58b7610bf98ff1dd9315d2ce79593671ca4d.sol:21:40: Rule is set with explicit type [var/s: uint] [Warning/explicit-types]
/sb/0x345f58b7610bf98ff1dd9315d2ce79593671ca4d.sol:29:5: Missing @notice tag in function 'Neptun' [Warning/use-natspec]
/sb/0x345f58b7610bf98ff1dd9315d2ce79593671ca4d.sol:37:5: Missing @notice tag in function '_transfer' [Warning/use-natspec]
/sb/0x345f58b7610bf98ff1dd9315d2ce79593671ca4d.sol:37:5: Missing @param tag in function '_transfer' [Warning/use-natspec]
/sb/0x345f58b7610bf98ff1dd9315d2ce79593671ca4d.sol:37:5: Mismatch in @param names for function '_transfer'. Expected: [_from, _to, _value], Found: [] [Warning/use-natspec]
/sb/0x345f58b7610bf98ff1dd9315d2ce79593671ca4d.sol:37:52: Rule is set with explicit type [var/s: uint] [Warning/explicit-types]
/sb/0x345f58b7610bf98ff1dd9315d2ce79593671ca4d.sol:39:9: Provide an error message for require [Warning/reason-string]
/sb/0x345f58b7610bf98ff1dd9315d2ce79593671ca4d.sol:41:9: Provide an error message for require [Warning/reason-string]
/sb/0x345f58b7610bf98ff1dd9315d2ce79593671ca4d.sol:41:17: GC: Non strict inequality found. Try converting to a strict one [Warning/gas-strict-inequalities]
/sb/0x345f58b7610bf98ff1dd9315d2ce79593671ca4d.sol:43:9: Provide an error message for require [Warning/reason-string]
/sb/0x345f58b7610bf98ff1dd9315d2ce79593671ca4d.sol:43:17: GC: Non strict inequality found. Try converting to a strict one [Warning/gas-strict-inequalities]
/sb/0x345f58b7610bf98ff1dd9315d2ce79593671ca4d.sol:60:5: Missing @notice tag in function 'transfer' [Warning/use-natspec]
/sb/0x345f58b7610bf98ff1dd9315d2ce79593671ca4d.sol:67:25: Visibility modifier must be first in list of modifiers [Warning/visibility-modifier-order]
/sb/0x345f58b7610bf98ff1dd9315d2ce79593671ca4d.sol:67:5: Fallback function must be simple [Warning/no-complex-fallback]
/sb/0x345f58b7610bf98ff1dd9315d2ce79593671ca4d.sol:68:9: Rule is set with explicit type [var/s: uint] [Warning/explicit-types]
/sb/0x345f58b7610bf98ff1dd9315d2ce79593671ca4d.sol:69:9: Rule is set with explicit type [var/s: uint] [Warning/explicit-types]
/sb/0x345f58b7610bf98ff1dd9315d2ce79593671ca4d.sol:71:9: Provide an error message for require [Warning/reason-string]
/sb/0x345f58b7610bf98ff1dd9315d2ce79593671ca4d.sol:71:17: GC: Non strict inequality found. Try converting to a strict one [Warning/gas-strict-inequalities]

50 problem/s (1 error/s, 49 warning/s)
