A new version of Solhint is available: 6.0.1
Please consider updating your Solhint package.
/sb/0x673f0dec1416803a39d50760c697fb26f4c539b0.sol:4:1: Found more than One contract per file. 3 contracts found! [Warning/one-contract-per-file]
/sb/0x673f0dec1416803a39d50760c697fb26f4c539b0.sol:4:1: Compiler version ^0.4.0 does not satisfy the ^0.8.24 semver requirement [Error/compiler-version]
/sb/0x673f0dec1416803a39d50760c697fb26f4c539b0.sol:6:1: Missing @title tag in contract 'Owned' [Warning/use-natspec]
/sb/0x673f0dec1416803a39d50760c697fb26f4c539b0.sol:6:1: Missing @author tag in contract 'Owned' [Warning/use-natspec]
/sb/0x673f0dec1416803a39d50760c697fb26f4c539b0.sol:6:1: Missing @notice tag in contract 'Owned' [Warning/use-natspec]
/sb/0x673f0dec1416803a39d50760c697fb26f4c539b0.sol:9:2: Missing @notice tag in event 'NewOwner' [Warning/use-natspec]
/sb/0x673f0dec1416803a39d50760c697fb26f4c539b0.sol:9:2: Missing @param tag in event 'NewOwner' [Warning/use-natspec]
/sb/0x673f0dec1416803a39d50760c697fb26f4c539b0.sol:9:2: Mismatch in @param names for event 'NewOwner'. Expected: [old, current], Found: [] [Warning/use-natspec]
/sb/0x673f0dec1416803a39d50760c697fb26f4c539b0.sol:11:2: Missing @notice tag in function 'setOwner' [Warning/use-natspec]
/sb/0x673f0dec1416803a39d50760c697fb26f4c539b0.sol:11:2: Missing @param tag in function 'setOwner' [Warning/use-natspec]
/sb/0x673f0dec1416803a39d50760c697fb26f4c539b0.sol:11:2: Mismatch in @param names for function 'setOwner'. Expected: [_new], Found: [] [Warning/use-natspec]
/sb/0x673f0dec1416803a39d50760c697fb26f4c539b0.sol:11:2: Explicitly mark visibility in function [Warning/func-visibility]
/sb/0x673f0dec1416803a39d50760c697fb26f4c539b0.sol:13:2: Missing @notice tag in variable 'owner' [Warning/use-natspec]
/sb/0x673f0dec1416803a39d50760c697fb26f4c539b0.sol:16:1: Missing @title tag in contract 'Certifier' [Warning/use-natspec]
/sb/0x673f0dec1416803a39d50760c697fb26f4c539b0.sol:16:1: Missing @author tag in contract 'Certifier' [Warning/use-natspec]
/sb/0x673f0dec1416803a39d50760c697fb26f4c539b0.sol:16:1: Missing @notice tag in contract 'Certifier' [Warning/use-natspec]
/sb/0x673f0dec1416803a39d50760c697fb26f4c539b0.sol:17:2: Missing @notice tag in event 'Confirmed' [Warning/use-natspec]
/sb/0x673f0dec1416803a39d50760c697fb26f4c539b0.sol:17:2: Missing @param tag in event 'Confirmed' [Warning/use-natspec]
/sb/0x673f0dec1416803a39d50760c697fb26f4c539b0.sol:17:2: Mismatch in @param names for event 'Confirmed'. Expected: [who], Found: [] [Warning/use-natspec]
/sb/0x673f0dec1416803a39d50760c697fb26f4c539b0.sol:18:2: Missing @notice tag in event 'Revoked' [Warning/use-natspec]
/sb/0x673f0dec1416803a39d50760c697fb26f4c539b0.sol:18:2: Missing @param tag in event 'Revoked' [Warning/use-natspec]
/sb/0x673f0dec1416803a39d50760c697fb26f4c539b0.sol:18:2: Mismatch in @param names for event 'Revoked'. Expected: [who], Found: [] [Warning/use-natspec]
/sb/0x673f0dec1416803a39d50760c697fb26f4c539b0.sol:19:2: Missing @notice tag in function 'certified' [Warning/use-natspec]
/sb/0x673f0dec1416803a39d50760c697fb26f4c539b0.sol:19:2: Missing @param tag in function 'certified' [Warning/use-natspec]
/sb/0x673f0dec1416803a39d50760c697fb26f4c539b0.sol:19:2: Mismatch in @param names for function 'certified'. Expected: [_who], Found: [] [Warning/use-natspec]
/sb/0x673f0dec1416803a39d50760c697fb26f4c539b0.sol:19:2: Missing @return tag in function 'certified' [Warning/use-natspec]
/sb/0x673f0dec1416803a39d50760c697fb26f4c539b0.sol:19:2: Mismatch in @return count for function 'certified'. Expected: 1, Found: 0 [Warning/use-natspec]
/sb/0x673f0dec1416803a39d50760c697fb26f4c539b0.sol:19:2: Explicitly mark visibility in function [Warning/func-visibility]
/sb/0x673f0dec1416803a39d50760c697fb26f4c539b0.sol:20:2: Missing @notice tag in function 'get' [Warning/use-natspec]
/sb/0x673f0dec1416803a39d50760c697fb26f4c539b0.sol:20:2: Missing @param tag in function 'get' [Warning/use-natspec]
/sb/0x673f0dec1416803a39d50760c697fb26f4c539b0.sol:20:2: Mismatch in @param names for function 'get'. Expected: [_who, _field], Found: [] [Warning/use-natspec]
/sb/0x673f0dec1416803a39d50760c697fb26f4c539b0.sol:20:2: Missing @return tag in function 'get' [Warning/use-natspec]
/sb/0x673f0dec1416803a39d50760c697fb26f4c539b0.sol:20:2: Mismatch in @return count for function 'get'. Expected: 1, Found: 0 [Warning/use-natspec]
/sb/0x673f0dec1416803a39d50760c697fb26f4c539b0.sol:20:2: Explicitly mark visibility in function [Warning/func-visibility]
/sb/0x673f0dec1416803a39d50760c697fb26f4c539b0.sol:20:71: Code contains empty blocks [Warning/no-empty-blocks]
/sb/0x673f0dec1416803a39d50760c697fb26f4c539b0.sol:21:2: Missing @notice tag in function 'getAddress' [Warning/use-natspec]
/sb/0x673f0dec1416803a39d50760c697fb26f4c539b0.sol:21:2: Missing @param tag in function 'getAddress' [Warning/use-natspec]
/sb/0x673f0dec1416803a39d50760c697fb26f4c539b0.sol:21:2: Mismatch in @param names for function 'getAddress'. Expected: [_who, _field], Found: [] [Warning/use-natspec]
/sb/0x673f0dec1416803a39d50760c697fb26f4c539b0.sol:21:2: Missing @return tag in function 'getAddress' [Warning/use-natspec]
/sb/0x673f0dec1416803a39d50760c697fb26f4c539b0.sol:21:2: Mismatch in @return count for function 'getAddress'. Expected: 1, Found: 0 [Warning/use-natspec]
/sb/0x673f0dec1416803a39d50760c697fb26f4c539b0.sol:21:2: Explicitly mark visibility in function [Warning/func-visibility]
/sb/0x673f0dec1416803a39d50760c697fb26f4c539b0.sol:21:78: Code contains empty blocks [Warning/no-empty-blocks]
/sb/0x673f0dec1416803a39d50760c697fb26f4c539b0.sol:22:2: Missing @notice tag in function 'getUint' [Warning/use-natspec]
/sb/0x673f0dec1416803a39d50760c697fb26f4c539b0.sol:22:2: Missing @param tag in function 'getUint' [Warning/use-natspec]
/sb/0x673f0dec1416803a39d50760c697fb26f4c539b0.sol:22:2: Mismatch in @param names for function 'getUint'. Expected: [_who, _field], Found: [] [Warning/use-natspec]
/sb/0x673f0dec1416803a39d50760c697fb26f4c539b0.sol:22:2: Missing @return tag in function 'getUint' [Warning/use-natspec]
/sb/0x673f0dec1416803a39d50760c697fb26f4c539b0.sol:22:2: Mismatch in @return count for function 'getUint'. Expected: 1, Found: 0 [Warning/use-natspec]
/sb/0x673f0dec1416803a39d50760c697fb26f4c539b0.sol:22:2: Explicitly mark visibility in function [Warning/func-visibility]
/sb/0x673f0dec1416803a39d50760c697fb26f4c539b0.sol:22:66: Rule is set with explicit type [var/s: uint] [Warning/explicit-types]
/sb/0x673f0dec1416803a39d50760c697fb26f4c539b0.sol:22:72: Code contains empty blocks [Warning/no-empty-blocks]
/sb/0x673f0dec1416803a39d50760c697fb26f4c539b0.sol:25:1: Missing @title tag in contract 'ProofOfEmail' [Warning/use-natspec]
/sb/0x673f0dec1416803a39d50760c697fb26f4c539b0.sol:25:1: Missing @author tag in contract 'ProofOfEmail' [Warning/use-natspec]
/sb/0x673f0dec1416803a39d50760c697fb26f4c539b0.sol:25:1: Missing @notice tag in contract 'ProofOfEmail' [Warning/use-natspec]
/sb/0x673f0dec1416803a39d50760c697fb26f4c539b0.sol:28:2: Missing @notice tag in event 'Requested' [Warning/use-natspec]
/sb/0x673f0dec1416803a39d50760c697fb26f4c539b0.sol:28:2: Missing @param tag in event 'Requested' [Warning/use-natspec]
/sb/0x673f0dec1416803a39d50760c697fb26f4c539b0.sol:28:2: Mismatch in @param names for event 'Requested'. Expected: [who, emailHash], Found: [] [Warning/use-natspec]
/sb/0x673f0dec1416803a39d50760c697fb26f4c539b0.sol:29:2: Missing @notice tag in event 'Puzzled' [Warning/use-natspec]
/sb/0x673f0dec1416803a39d50760c697fb26f4c539b0.sol:29:2: Missing @param tag in event 'Puzzled' [Warning/use-natspec]
/sb/0x673f0dec1416803a39d50760c697fb26f4c539b0.sol:29:2: Mismatch in @param names for event 'Puzzled'. Expected: [who, emailHash, puzzle], Found: [] [Warning/use-natspec]
/sb/0x673f0dec1416803a39d50760c697fb26f4c539b0.sol:31:2: Missing @notice tag in function 'request' [Warning/use-natspec]
/sb/0x673f0dec1416803a39d50760c697fb26f4c539b0.sol:31:2: Missing @param tag in function 'request' [Warning/use-natspec]
/sb/0x673f0dec1416803a39d50760c697fb26f4c539b0.sol:31:2: Mismatch in @param names for function 'request'. Expected: [_emailHash], Found: [] [Warning/use-natspec]
/sb/0x673f0dec1416803a39d50760c697fb26f4c539b0.sol:31:2: Explicitly mark visibility in function [Warning/func-visibility]
/sb/0x673f0dec1416803a39d50760c697fb26f4c539b0.sol:35:2: Missing @notice tag in function 'puzzle' [Warning/use-natspec]
/sb/0x673f0dec1416803a39d50760c697fb26f4c539b0.sol:35:2: Missing @param tag in function 'puzzle' [Warning/use-natspec]
/sb/0x673f0dec1416803a39d50760c697fb26f4c539b0.sol:35:2: Mismatch in @param names for function 'puzzle'. Expected: [_who, _puzzle, _emailHash], Found: [] [Warning/use-natspec]
/sb/0x673f0dec1416803a39d50760c697fb26f4c539b0.sol:35:2: Explicitly mark visibility in function [Warning/func-visibility]
/sb/0x673f0dec1416803a39d50760c697fb26f4c539b0.sol:40:2: Missing @notice tag in function 'confirm' [Warning/use-natspec]
/sb/0x673f0dec1416803a39d50760c697fb26f4c539b0.sol:40:2: Missing @param tag in function 'confirm' [Warning/use-natspec]
/sb/0x673f0dec1416803a39d50760c697fb26f4c539b0.sol:40:2: Mismatch in @param names for function 'confirm'. Expected: [_code], Found: [] [Warning/use-natspec]
/sb/0x673f0dec1416803a39d50760c697fb26f4c539b0.sol:40:2: Missing @return tag in function 'confirm' [Warning/use-natspec]
/sb/0x673f0dec1416803a39d50760c697fb26f4c539b0.sol:40:2: Mismatch in @return count for function 'confirm'. Expected: 1, Found: 0 [Warning/use-natspec]
/sb/0x673f0dec1416803a39d50760c697fb26f4c539b0.sol:40:2: Explicitly mark visibility in function [Warning/func-visibility]
/sb/0x673f0dec1416803a39d50760c697fb26f4c539b0.sol:41:27: Use "keccak256" instead of deprecated "sha3" [Warning/avoid-sha3]
/sb/0x673f0dec1416803a39d50760c697fb26f4c539b0.sol:44:18: Use "keccak256" instead of deprecated "sha3" [Warning/avoid-sha3]
/sb/0x673f0dec1416803a39d50760c697fb26f4c539b0.sol:53:2: Missing @notice tag in function 'setFee' [Warning/use-natspec]
/sb/0x673f0dec1416803a39d50760c697fb26f4c539b0.sol:53:2: Missing @param tag in function 'setFee' [Warning/use-natspec]
/sb/0x673f0dec1416803a39d50760c697fb26f4c539b0.sol:53:2: Mismatch in @param names for function 'setFee'. Expected: [_new], Found: [] [Warning/use-natspec]
/sb/0x673f0dec1416803a39d50760c697fb26f4c539b0.sol:53:2: Explicitly mark visibility in function [Warning/func-visibility]
/sb/0x673f0dec1416803a39d50760c697fb26f4c539b0.sol:53:18: Rule is set with explicit type [var/s: uint] [Warning/explicit-types]
/sb/0x673f0dec1416803a39d50760c697fb26f4c539b0.sol:57:2: Missing @notice tag in function 'drain' [Warning/use-natspec]
/sb/0x673f0dec1416803a39d50760c697fb26f4c539b0.sol:57:2: Explicitly mark visibility in function [Warning/func-visibility]
/sb/0x673f0dec1416803a39d50760c697fb26f4c539b0.sol:59:4: "throw" is deprecated, avoid to use it [Warning/avoid-throw]
/sb/0x673f0dec1416803a39d50760c697fb26f4c539b0.sol:62:2: Missing @notice tag in function 'certified' [Warning/use-natspec]
/sb/0x673f0dec1416803a39d50760c697fb26f4c539b0.sol:62:2: Missing @param tag in function 'certified' [Warning/use-natspec]
/sb/0x673f0dec1416803a39d50760c697fb26f4c539b0.sol:62:2: Mismatch in @param names for function 'certified'. Expected: [_who], Found: [] [Warning/use-natspec]
/sb/0x673f0dec1416803a39d50760c697fb26f4c539b0.sol:62:2: Missing @return tag in function 'certified' [Warning/use-natspec]
/sb/0x673f0dec1416803a39d50760c697fb26f4c539b0.sol:62:2: Mismatch in @return count for function 'certified'. Expected: 1, Found: 0 [Warning/use-natspec]
/sb/0x673f0dec1416803a39d50760c697fb26f4c539b0.sol:62:2: Explicitly mark visibility in function [Warning/func-visibility]
/sb/0x673f0dec1416803a39d50760c697fb26f4c539b0.sol:66:2: Missing @notice tag in function 'get' [Warning/use-natspec]
/sb/0x673f0dec1416803a39d50760c697fb26f4c539b0.sol:66:2: Missing @param tag in function 'get' [Warning/use-natspec]
/sb/0x673f0dec1416803a39d50760c697fb26f4c539b0.sol:66:2: Mismatch in @param names for function 'get'. Expected: [_who, _field], Found: [] [Warning/use-natspec]
/sb/0x673f0dec1416803a39d50760c697fb26f4c539b0.sol:66:2: Missing @return tag in function 'get' [Warning/use-natspec]
/sb/0x673f0dec1416803a39d50760c697fb26f4c539b0.sol:66:2: Mismatch in @return count for function 'get'. Expected: 1, Found: 0 [Warning/use-natspec]
/sb/0x673f0dec1416803a39d50760c697fb26f4c539b0.sol:66:2: Explicitly mark visibility in function [Warning/func-visibility]
/sb/0x673f0dec1416803a39d50760c697fb26f4c539b0.sol:66:29: Variable "_field" is unused [Warning/no-unused-vars]
/sb/0x673f0dec1416803a39d50760c697fb26f4c539b0.sol:70:2: Explicitly mark visibility of state [Warning/state-visibility]
/sb/0x673f0dec1416803a39d50760c697fb26f4c539b0.sol:71:2: Missing @notice tag in variable 'reverse' [Warning/use-natspec]
/sb/0x673f0dec1416803a39d50760c697fb26f4c539b0.sol:72:2: Explicitly mark visibility of state [Warning/state-visibility]
/sb/0x673f0dec1416803a39d50760c697fb26f4c539b0.sol:74:2: Rule is set with explicit type [var/s: uint] [Warning/explicit-types]
/sb/0x673f0dec1416803a39d50760c697fb26f4c539b0.sol:74:2: Missing @notice tag in variable 'fee' [Warning/use-natspec]

101 problem/s (1 error/s, 100 warning/s)
