Extract contract Token from /sb/0x000260d13128d5ed0102f074f06b43c104e81097.sol
Extracted 1 contract(s) from /sb/0x000260d13128d5ed0102f074f06b43c104e81097.sol
[0;32m> Created "fuzzMe"[0m
[0;32m> To fuzz contracts:[0m
  chmod +x fuzzMe
  ./fuzzMe
contracts/Token.sol:59:5: Warning: Defining constructors as functions with the same name as the contract is deprecated. Use "constructor(...) { ... }" instead.
    function Token(address adr) public {
    ^ (Relevant source part starts here and spans across multiple lines).
contracts/Token.sol:99:4: Warning: Invoking events without "emit" prefix is deprecated.
			Transfer(this, msg.sender, _amount);
			^---------------------------------^
contracts/Token.sol:141:5: Warning: Invoking events without "emit" prefix is deprecated.
				Transfer(this, owner, _totalSupply);
				^---------------------------------^
contracts/Token.sol:211:6: Warning: Invoking events without "emit" prefix is deprecated.
					Transfer(this, _remainingTokensReceiverAddress, _remainingAmount);	
					^---------------------------------------------------------------^
contracts/Token.sol:249:4: Warning: Invoking events without "emit" prefix is deprecated.
			Burn(msg.sender, amountInWei);
			^---------------------------^
contracts/Token.sol:251:4: Warning: Invoking events without "emit" prefix is deprecated.
			Transfer(msg.sender, 0, amountInWei);
			^----------------------------------^
contracts/Token.sol:401:13: Warning: Invoking events without "emit" prefix is deprecated.
            Transfer(msg.sender, _to, _amount);
            ^--------------------------------^
contracts/Token.sol:439:13: Warning: Invoking events without "emit" prefix is deprecated.
            Transfer(_from, _to, _amount);
            ^---------------------------^
contracts/Token.sol:457:9: Warning: Invoking events without "emit" prefix is deprecated.
        Approval(msg.sender, _spender, _amount);
        ^-------------------------------------^
assets/NormalAttacker.sol:5:3: Warning: No visibility specified. Defaulting to "public". 
  function() payable {
  ^ (Relevant source part starts here and spans across multiple lines).
assets/ReentrancyAttacker.sol:8:7: Warning: Return value of low-level calls not used.
      msg.sender.call(bytes4(255));
      ^--------------------------^
assets/ReentrancyAttacker.sol:5:3: Warning: No visibility specified. Defaulting to "public". 
  function() payable {
  ^ (Relevant source part starts here and spans across multiple lines).
>> Fuzz Token
** Write stats: 0.017397
** Write stats: 5.0002
** Write stats: 10.007
** Write stats: 15.0065
** Write stats: 20.0025
** Write stats: 25.0053
** Write stats: 30.0019
** Write stats: 35.0079
** Write stats: 40.0093
** Write stats: 45.0046
** Write stats: 50.0063
** Write stats: 55.0012
** Write stats: 60.0005
** Write stats: 65.0024
** Write stats: 70.0055
** Write stats: 75.0027
** Write stats: 80.0064
** Write stats: 85.0007
** Write stats: 90.0082
** Write stats: 95.0038
** Write stats: 100.009
** Write stats: 105.003
** Write stats: 110.001
** Write stats: 115.007
** Write stats: 120.006
** Write stats: 120.016
