A new version of Solhint is available: 6.0.1
Please consider updating your Solhint package.
/sb/0x005b217d6b73584e83809c5084d3d5910ba12579.sol:3:1: Found more than One contract per file. 5 contracts found! [Warning/one-contract-per-file]
/sb/0x005b217d6b73584e83809c5084d3d5910ba12579.sol:3:1: Compiler version ^0.6.12 does not satisfy the ^0.8.24 semver requirement [Error/compiler-version]
/sb/0x005b217d6b73584e83809c5084d3d5910ba12579.sol:7:1: Missing @title tag in contract 'Context' [Warning/use-natspec]
/sb/0x005b217d6b73584e83809c5084d3d5910ba12579.sol:7:1: Missing @author tag in contract 'Context' [Warning/use-natspec]
/sb/0x005b217d6b73584e83809c5084d3d5910ba12579.sol:7:1: Missing @notice tag in contract 'Context' [Warning/use-natspec]
/sb/0x005b217d6b73584e83809c5084d3d5910ba12579.sol:9:5: Missing @notice tag in function '_msgSender' [Warning/use-natspec]
/sb/0x005b217d6b73584e83809c5084d3d5910ba12579.sol:9:5: Missing @return tag in function '_msgSender' [Warning/use-natspec]
/sb/0x005b217d6b73584e83809c5084d3d5910ba12579.sol:9:5: Mismatch in @return names for function '_msgSender'. Expected: [payable], Found: [] [Warning/use-natspec]
/sb/0x005b217d6b73584e83809c5084d3d5910ba12579.sol:17:5: Missing @notice tag in function '_msgData' [Warning/use-natspec]
/sb/0x005b217d6b73584e83809c5084d3d5910ba12579.sol:17:5: Missing @return tag in function '_msgData' [Warning/use-natspec]
/sb/0x005b217d6b73584e83809c5084d3d5910ba12579.sol:17:5: Mismatch in @return count for function '_msgData'. Expected: 1, Found: 0 [Warning/use-natspec]
/sb/0x005b217d6b73584e83809c5084d3d5910ba12579.sol:31:1: Missing @title tag in contract 'IBEP20' [Warning/use-natspec]
/sb/0x005b217d6b73584e83809c5084d3d5910ba12579.sol:31:1: Missing @author tag in contract 'IBEP20' [Warning/use-natspec]
/sb/0x005b217d6b73584e83809c5084d3d5910ba12579.sol:31:1: Missing @notice tag in contract 'IBEP20' [Warning/use-natspec]
/sb/0x005b217d6b73584e83809c5084d3d5910ba12579.sol:35:5: Missing @notice tag in function 'totalSupply' [Warning/use-natspec]
/sb/0x005b217d6b73584e83809c5084d3d5910ba12579.sol:35:5: Missing @return tag in function 'totalSupply' [Warning/use-natspec]
/sb/0x005b217d6b73584e83809c5084d3d5910ba12579.sol:35:5: Mismatch in @return count for function 'totalSupply'. Expected: 1, Found: 0 [Warning/use-natspec]
/sb/0x005b217d6b73584e83809c5084d3d5910ba12579.sol:37:5: Missing @notice tag in function 'balanceOf' [Warning/use-natspec]
/sb/0x005b217d6b73584e83809c5084d3d5910ba12579.sol:37:5: Missing @param tag in function 'balanceOf' [Warning/use-natspec]
/sb/0x005b217d6b73584e83809c5084d3d5910ba12579.sol:37:5: Mismatch in @param names for function 'balanceOf'. Expected: [account], Found: [] [Warning/use-natspec]
/sb/0x005b217d6b73584e83809c5084d3d5910ba12579.sol:37:5: Missing @return tag in function 'balanceOf' [Warning/use-natspec]
/sb/0x005b217d6b73584e83809c5084d3d5910ba12579.sol:37:5: Mismatch in @return count for function 'balanceOf'. Expected: 1, Found: 0 [Warning/use-natspec]
/sb/0x005b217d6b73584e83809c5084d3d5910ba12579.sol:39:5: Missing @notice tag in function 'transfer' [Warning/use-natspec]
/sb/0x005b217d6b73584e83809c5084d3d5910ba12579.sol:39:5: Missing @param tag in function 'transfer' [Warning/use-natspec]
/sb/0x005b217d6b73584e83809c5084d3d5910ba12579.sol:39:5: Mismatch in @param names for function 'transfer'. Expected: [recipient, amount], Found: [] [Warning/use-natspec]
/sb/0x005b217d6b73584e83809c5084d3d5910ba12579.sol:39:5: Missing @return tag in function 'transfer' [Warning/use-natspec]
/sb/0x005b217d6b73584e83809c5084d3d5910ba12579.sol:39:5: Mismatch in @return count for function 'transfer'. Expected: 1, Found: 0 [Warning/use-natspec]
/sb/0x005b217d6b73584e83809c5084d3d5910ba12579.sol:41:5: Missing @notice tag in function 'allowance' [Warning/use-natspec]
/sb/0x005b217d6b73584e83809c5084d3d5910ba12579.sol:41:5: Missing @param tag in function 'allowance' [Warning/use-natspec]
/sb/0x005b217d6b73584e83809c5084d3d5910ba12579.sol:41:5: Mismatch in @param names for function 'allowance'. Expected: [owner, spender], Found: [] [Warning/use-natspec]
/sb/0x005b217d6b73584e83809c5084d3d5910ba12579.sol:41:5: Missing @return tag in function 'allowance' [Warning/use-natspec]
/sb/0x005b217d6b73584e83809c5084d3d5910ba12579.sol:41:5: Mismatch in @return count for function 'allowance'. Expected: 1, Found: 0 [Warning/use-natspec]
/sb/0x005b217d6b73584e83809c5084d3d5910ba12579.sol:43:5: Missing @notice tag in function 'approve' [Warning/use-natspec]
/sb/0x005b217d6b73584e83809c5084d3d5910ba12579.sol:43:5: Missing @param tag in function 'approve' [Warning/use-natspec]
/sb/0x005b217d6b73584e83809c5084d3d5910ba12579.sol:43:5: Mismatch in @param names for function 'approve'. Expected: [spender, amount], Found: [] [Warning/use-natspec]
/sb/0x005b217d6b73584e83809c5084d3d5910ba12579.sol:43:5: Missing @return tag in function 'approve' [Warning/use-natspec]
/sb/0x005b217d6b73584e83809c5084d3d5910ba12579.sol:43:5: Mismatch in @return count for function 'approve'. Expected: 1, Found: 0 [Warning/use-natspec]
/sb/0x005b217d6b73584e83809c5084d3d5910ba12579.sol:45:5: Missing @notice tag in function 'transferFrom' [Warning/use-natspec]
/sb/0x005b217d6b73584e83809c5084d3d5910ba12579.sol:45:5: Missing @param tag in function 'transferFrom' [Warning/use-natspec]
/sb/0x005b217d6b73584e83809c5084d3d5910ba12579.sol:45:5: Mismatch in @param names for function 'transferFrom'. Expected: [sender, recipient, amount], Found: [] [Warning/use-natspec]
/sb/0x005b217d6b73584e83809c5084d3d5910ba12579.sol:45:5: Missing @return tag in function 'transferFrom' [Warning/use-natspec]
/sb/0x005b217d6b73584e83809c5084d3d5910ba12579.sol:45:5: Mismatch in @return count for function 'transferFrom'. Expected: 1, Found: 0 [Warning/use-natspec]
/sb/0x005b217d6b73584e83809c5084d3d5910ba12579.sol:47:5: Missing @notice tag in event 'Transfer' [Warning/use-natspec]
/sb/0x005b217d6b73584e83809c5084d3d5910ba12579.sol:47:5: Missing @param tag in event 'Transfer' [Warning/use-natspec]
/sb/0x005b217d6b73584e83809c5084d3d5910ba12579.sol:47:5: Mismatch in @param names for event 'Transfer'. Expected: [from, to, value], Found: [] [Warning/use-natspec]
/sb/0x005b217d6b73584e83809c5084d3d5910ba12579.sol:47:5: GC: [value] on Event [Transfer] could be Indexed [Warning/gas-indexed-events]
/sb/0x005b217d6b73584e83809c5084d3d5910ba12579.sol:49:5: Missing @notice tag in event 'Approval' [Warning/use-natspec]
/sb/0x005b217d6b73584e83809c5084d3d5910ba12579.sol:49:5: Missing @param tag in event 'Approval' [Warning/use-natspec]
/sb/0x005b217d6b73584e83809c5084d3d5910ba12579.sol:49:5: Mismatch in @param names for event 'Approval'. Expected: [owner, spender, value], Found: [] [Warning/use-natspec]
/sb/0x005b217d6b73584e83809c5084d3d5910ba12579.sol:49:5: GC: [value] on Event [Approval] could be Indexed [Warning/gas-indexed-events]
/sb/0x005b217d6b73584e83809c5084d3d5910ba12579.sol:59:1: Missing @title tag in contract 'SafeMath' [Warning/use-natspec]
/sb/0x005b217d6b73584e83809c5084d3d5910ba12579.sol:59:1: Missing @author tag in contract 'SafeMath' [Warning/use-natspec]
/sb/0x005b217d6b73584e83809c5084d3d5910ba12579.sol:59:1: Missing @notice tag in contract 'SafeMath' [Warning/use-natspec]
/sb/0x005b217d6b73584e83809c5084d3d5910ba12579.sol:63:5: Missing @notice tag in function 'add' [Warning/use-natspec]
/sb/0x005b217d6b73584e83809c5084d3d5910ba12579.sol:63:5: Missing @param tag in function 'add' [Warning/use-natspec]
/sb/0x005b217d6b73584e83809c5084d3d5910ba12579.sol:63:5: Mismatch in @param names for function 'add'. Expected: [a, b], Found: [] [Warning/use-natspec]
/sb/0x005b217d6b73584e83809c5084d3d5910ba12579.sol:63:5: Missing @return tag in function 'add' [Warning/use-natspec]
/sb/0x005b217d6b73584e83809c5084d3d5910ba12579.sol:63:5: Mismatch in @return count for function 'add'. Expected: 1, Found: 0 [Warning/use-natspec]
/sb/0x005b217d6b73584e83809c5084d3d5910ba12579.sol:67:17: GC: Non strict inequality found. Try converting to a strict one [Warning/gas-strict-inequalities]
/sb/0x005b217d6b73584e83809c5084d3d5910ba12579.sol:77:5: Missing @notice tag in function 'sub' [Warning/use-natspec]
/sb/0x005b217d6b73584e83809c5084d3d5910ba12579.sol:77:5: Missing @param tag in function 'sub' [Warning/use-natspec]
/sb/0x005b217d6b73584e83809c5084d3d5910ba12579.sol:77:5: Mismatch in @param names for function 'sub'. Expected: [a, b], Found: [] [Warning/use-natspec]
/sb/0x005b217d6b73584e83809c5084d3d5910ba12579.sol:77:5: Missing @return tag in function 'sub' [Warning/use-natspec]
/sb/0x005b217d6b73584e83809c5084d3d5910ba12579.sol:77:5: Mismatch in @return count for function 'sub'. Expected: 1, Found: 0 [Warning/use-natspec]
/sb/0x005b217d6b73584e83809c5084d3d5910ba12579.sol:85:5: Missing @notice tag in function 'sub' [Warning/use-natspec]
/sb/0x005b217d6b73584e83809c5084d3d5910ba12579.sol:85:5: Missing @param tag in function 'sub' [Warning/use-natspec]
/sb/0x005b217d6b73584e83809c5084d3d5910ba12579.sol:85:5: Mismatch in @param names for function 'sub'. Expected: [a, b, errorMessage], Found: [] [Warning/use-natspec]
/sb/0x005b217d6b73584e83809c5084d3d5910ba12579.sol:85:5: Missing @return tag in function 'sub' [Warning/use-natspec]
/sb/0x005b217d6b73584e83809c5084d3d5910ba12579.sol:85:5: Mismatch in @return count for function 'sub'. Expected: 1, Found: 0 [Warning/use-natspec]
/sb/0x005b217d6b73584e83809c5084d3d5910ba12579.sol:87:17: GC: Non strict inequality found. Try converting to a strict one [Warning/gas-strict-inequalities]
/sb/0x005b217d6b73584e83809c5084d3d5910ba12579.sol:99:5: Missing @notice tag in function 'mul' [Warning/use-natspec]
/sb/0x005b217d6b73584e83809c5084d3d5910ba12579.sol:99:5: Missing @param tag in function 'mul' [Warning/use-natspec]
/sb/0x005b217d6b73584e83809c5084d3d5910ba12579.sol:99:5: Mismatch in @param names for function 'mul'. Expected: [a, b], Found: [] [Warning/use-natspec]
/sb/0x005b217d6b73584e83809c5084d3d5910ba12579.sol:99:5: Missing @return tag in function 'mul' [Warning/use-natspec]
/sb/0x005b217d6b73584e83809c5084d3d5910ba12579.sol:99:5: Mismatch in @return count for function 'mul'. Expected: 1, Found: 0 [Warning/use-natspec]
/sb/0x005b217d6b73584e83809c5084d3d5910ba12579.sol:111:9: Error message for require is too long: 33 counted / 32 allowed [Warning/reason-string]
/sb/0x005b217d6b73584e83809c5084d3d5910ba12579.sol:111:9: GC: String exceeds 32 bytes [Warning/gas-small-strings]
/sb/0x005b217d6b73584e83809c5084d3d5910ba12579.sol:123:5: Missing @notice tag in function 'div' [Warning/use-natspec]
/sb/0x005b217d6b73584e83809c5084d3d5910ba12579.sol:123:5: Missing @param tag in function 'div' [Warning/use-natspec]
/sb/0x005b217d6b73584e83809c5084d3d5910ba12579.sol:123:5: Mismatch in @param names for function 'div'. Expected: [a, b], Found: [] [Warning/use-natspec]
/sb/0x005b217d6b73584e83809c5084d3d5910ba12579.sol:123:5: Missing @return tag in function 'div' [Warning/use-natspec]
/sb/0x005b217d6b73584e83809c5084d3d5910ba12579.sol:123:5: Mismatch in @return count for function 'div'. Expected: 1, Found: 0 [Warning/use-natspec]
/sb/0x005b217d6b73584e83809c5084d3d5910ba12579.sol:131:5: Missing @notice tag in function 'div' [Warning/use-natspec]
/sb/0x005b217d6b73584e83809c5084d3d5910ba12579.sol:131:5: Missing @param tag in function 'div' [Warning/use-natspec]
/sb/0x005b217d6b73584e83809c5084d3d5910ba12579.sol:131:5: Mismatch in @param names for function 'div'. Expected: [a, b, errorMessage], Found: [] [Warning/use-natspec]
/sb/0x005b217d6b73584e83809c5084d3d5910ba12579.sol:131:5: Missing @return tag in function 'div' [Warning/use-natspec]
/sb/0x005b217d6b73584e83809c5084d3d5910ba12579.sol:131:5: Mismatch in @return count for function 'div'. Expected: 1, Found: 0 [Warning/use-natspec]
/sb/0x005b217d6b73584e83809c5084d3d5910ba12579.sol:147:5: Missing @notice tag in function 'mod' [Warning/use-natspec]
/sb/0x005b217d6b73584e83809c5084d3d5910ba12579.sol:147:5: Missing @param tag in function 'mod' [Warning/use-natspec]
/sb/0x005b217d6b73584e83809c5084d3d5910ba12579.sol:147:5: Mismatch in @param names for function 'mod'. Expected: [a, b], Found: [] [Warning/use-natspec]
/sb/0x005b217d6b73584e83809c5084d3d5910ba12579.sol:147:5: Missing @return tag in function 'mod' [Warning/use-natspec]
/sb/0x005b217d6b73584e83809c5084d3d5910ba12579.sol:147:5: Mismatch in @return count for function 'mod'. Expected: 1, Found: 0 [Warning/use-natspec]
/sb/0x005b217d6b73584e83809c5084d3d5910ba12579.sol:155:5: Missing @notice tag in function 'mod' [Warning/use-natspec]
/sb/0x005b217d6b73584e83809c5084d3d5910ba12579.sol:155:5: Missing @param tag in function 'mod' [Warning/use-natspec]
/sb/0x005b217d6b73584e83809c5084d3d5910ba12579.sol:155:5: Mismatch in @param names for function 'mod'. Expected: [a, b, errorMessage], Found: [] [Warning/use-natspec]
/sb/0x005b217d6b73584e83809c5084d3d5910ba12579.sol:155:5: Missing @return tag in function 'mod' [Warning/use-natspec]
/sb/0x005b217d6b73584e83809c5084d3d5910ba12579.sol:155:5: Mismatch in @return count for function 'mod'. Expected: 1, Found: 0 [Warning/use-natspec]
/sb/0x005b217d6b73584e83809c5084d3d5910ba12579.sol:167:1: Missing @title tag in contract 'Address' [Warning/use-natspec]
/sb/0x005b217d6b73584e83809c5084d3d5910ba12579.sol:167:1: Missing @author tag in contract 'Address' [Warning/use-natspec]
/sb/0x005b217d6b73584e83809c5084d3d5910ba12579.sol:167:1: Missing @notice tag in contract 'Address' [Warning/use-natspec]
/sb/0x005b217d6b73584e83809c5084d3d5910ba12579.sol:171:5: Missing @notice tag in function 'isContract' [Warning/use-natspec]
/sb/0x005b217d6b73584e83809c5084d3d5910ba12579.sol:171:5: Missing @param tag in function 'isContract' [Warning/use-natspec]
/sb/0x005b217d6b73584e83809c5084d3d5910ba12579.sol:171:5: Mismatch in @param names for function 'isContract'. Expected: [account], Found: [] [Warning/use-natspec]
/sb/0x005b217d6b73584e83809c5084d3d5910ba12579.sol:171:5: Missing @return tag in function 'isContract' [Warning/use-natspec]
/sb/0x005b217d6b73584e83809c5084d3d5910ba12579.sol:171:5: Mismatch in @return count for function 'isContract'. Expected: 1, Found: 0 [Warning/use-natspec]
/sb/0x005b217d6b73584e83809c5084d3d5910ba12579.sol:185:9: Avoid to use inline assembly. It is acceptable only in rare cases [Warning/no-inline-assembly]
/sb/0x005b217d6b73584e83809c5084d3d5910ba12579.sol:193:5: Missing @notice tag in function 'sendValue' [Warning/use-natspec]
/sb/0x005b217d6b73584e83809c5084d3d5910ba12579.sol:193:5: Missing @param tag in function 'sendValue' [Warning/use-natspec]
/sb/0x005b217d6b73584e83809c5084d3d5910ba12579.sol:193:5: Mismatch in @param names for function 'sendValue'. Expected: [recipient, amount], Found: [] [Warning/use-natspec]
/sb/0x005b217d6b73584e83809c5084d3d5910ba12579.sol:195:17: GC: Non strict inequality found. Try converting to a strict one [Warning/gas-strict-inequalities]
/sb/0x005b217d6b73584e83809c5084d3d5910ba12579.sol:203:9: Error message for require is too long: 58 counted / 32 allowed [Warning/reason-string]
/sb/0x005b217d6b73584e83809c5084d3d5910ba12579.sol:203:9: GC: String exceeds 32 bytes [Warning/gas-small-strings]
/sb/0x005b217d6b73584e83809c5084d3d5910ba12579.sol:211:5: Missing @notice tag in function 'functionCall' [Warning/use-natspec]
/sb/0x005b217d6b73584e83809c5084d3d5910ba12579.sol:211:5: Missing @param tag in function 'functionCall' [Warning/use-natspec]
/sb/0x005b217d6b73584e83809c5084d3d5910ba12579.sol:211:5: Mismatch in @param names for function 'functionCall'. Expected: [target, data], Found: [] [Warning/use-natspec]
/sb/0x005b217d6b73584e83809c5084d3d5910ba12579.sol:211:5: Missing @return tag in function 'functionCall' [Warning/use-natspec]
/sb/0x005b217d6b73584e83809c5084d3d5910ba12579.sol:211:5: Mismatch in @return count for function 'functionCall'. Expected: 1, Found: 0 [Warning/use-natspec]
/sb/0x005b217d6b73584e83809c5084d3d5910ba12579.sol:219:5: Missing @notice tag in function 'functionCall' [Warning/use-natspec]
/sb/0x005b217d6b73584e83809c5084d3d5910ba12579.sol:219:5: Missing @param tag in function 'functionCall' [Warning/use-natspec]
/sb/0x005b217d6b73584e83809c5084d3d5910ba12579.sol:219:5: Mismatch in @param names for function 'functionCall'. Expected: [target, data, errorMessage], Found: [] [Warning/use-natspec]
/sb/0x005b217d6b73584e83809c5084d3d5910ba12579.sol:219:5: Missing @return tag in function 'functionCall' [Warning/use-natspec]
/sb/0x005b217d6b73584e83809c5084d3d5910ba12579.sol:219:5: Mismatch in @return count for function 'functionCall'. Expected: 1, Found: 0 [Warning/use-natspec]
/sb/0x005b217d6b73584e83809c5084d3d5910ba12579.sol:227:5: Missing @notice tag in function 'functionCallWithValue' [Warning/use-natspec]
/sb/0x005b217d6b73584e83809c5084d3d5910ba12579.sol:227:5: Missing @param tag in function 'functionCallWithValue' [Warning/use-natspec]
/sb/0x005b217d6b73584e83809c5084d3d5910ba12579.sol:227:5: Mismatch in @param names for function 'functionCallWithValue'. Expected: [target, data, value], Found: [] [Warning/use-natspec]
/sb/0x005b217d6b73584e83809c5084d3d5910ba12579.sol:227:5: Missing @return tag in function 'functionCallWithValue' [Warning/use-natspec]
/sb/0x005b217d6b73584e83809c5084d3d5910ba12579.sol:227:5: Mismatch in @return count for function 'functionCallWithValue'. Expected: 1, Found: 0 [Warning/use-natspec]
/sb/0x005b217d6b73584e83809c5084d3d5910ba12579.sol:229:16: GC: String exceeds 32 bytes [Warning/gas-small-strings]
/sb/0x005b217d6b73584e83809c5084d3d5910ba12579.sol:235:5: Missing @notice tag in function 'functionCallWithValue' [Warning/use-natspec]
/sb/0x005b217d6b73584e83809c5084d3d5910ba12579.sol:235:5: Missing @param tag in function 'functionCallWithValue' [Warning/use-natspec]
/sb/0x005b217d6b73584e83809c5084d3d5910ba12579.sol:235:5: Mismatch in @param names for function 'functionCallWithValue'. Expected: [target, data, value, errorMessage], Found: [] [Warning/use-natspec]
/sb/0x005b217d6b73584e83809c5084d3d5910ba12579.sol:235:5: Missing @return tag in function 'functionCallWithValue' [Warning/use-natspec]
/sb/0x005b217d6b73584e83809c5084d3d5910ba12579.sol:235:5: Mismatch in @return count for function 'functionCallWithValue'. Expected: 1, Found: 0 [Warning/use-natspec]
/sb/0x005b217d6b73584e83809c5084d3d5910ba12579.sol:237:9: Error message for require is too long: 38 counted / 32 allowed [Warning/reason-string]
/sb/0x005b217d6b73584e83809c5084d3d5910ba12579.sol:237:9: GC: String exceeds 32 bytes [Warning/gas-small-strings]
/sb/0x005b217d6b73584e83809c5084d3d5910ba12579.sol:237:17: GC: Non strict inequality found. Try converting to a strict one [Warning/gas-strict-inequalities]
/sb/0x005b217d6b73584e83809c5084d3d5910ba12579.sol:245:5: Missing @notice tag in function '_functionCallWithValue' [Warning/use-natspec]
/sb/0x005b217d6b73584e83809c5084d3d5910ba12579.sol:245:5: Missing @param tag in function '_functionCallWithValue' [Warning/use-natspec]
/sb/0x005b217d6b73584e83809c5084d3d5910ba12579.sol:245:5: Mismatch in @param names for function '_functionCallWithValue'. Expected: [target, data, weiValue, errorMessage], Found: [] [Warning/use-natspec]
/sb/0x005b217d6b73584e83809c5084d3d5910ba12579.sol:245:5: Missing @return tag in function '_functionCallWithValue' [Warning/use-natspec]
/sb/0x005b217d6b73584e83809c5084d3d5910ba12579.sol:245:5: Mismatch in @return count for function '_functionCallWithValue'. Expected: 1, Found: 0 [Warning/use-natspec]
/sb/0x005b217d6b73584e83809c5084d3d5910ba12579.sol:263:17: Avoid to use inline assembly. It is acceptable only in rare cases [Warning/no-inline-assembly]
/sb/0x005b217d6b73584e83809c5084d3d5910ba12579.sol:285:1: Missing @title tag in contract 'Ownable' [Warning/use-natspec]
/sb/0x005b217d6b73584e83809c5084d3d5910ba12579.sol:285:1: Missing @author tag in contract 'Ownable' [Warning/use-natspec]
/sb/0x005b217d6b73584e83809c5084d3d5910ba12579.sol:285:1: Missing @notice tag in contract 'Ownable' [Warning/use-natspec]
/sb/0x005b217d6b73584e83809c5084d3d5910ba12579.sol:295:5: Missing @notice tag in event 'OwnershipTransferred' [Warning/use-natspec]
/sb/0x005b217d6b73584e83809c5084d3d5910ba12579.sol:295:5: Missing @param tag in event 'OwnershipTransferred' [Warning/use-natspec]
/sb/0x005b217d6b73584e83809c5084d3d5910ba12579.sol:295:5: Mismatch in @param names for event 'OwnershipTransferred'. Expected: [previousOwner, newOwner], Found: [] [Warning/use-natspec]
/sb/0x005b217d6b73584e83809c5084d3d5910ba12579.sol:299:5: Missing @notice tag in function '<anonymous>' [Warning/use-natspec]
/sb/0x005b217d6b73584e83809c5084d3d5910ba12579.sol:311:5: Missing @notice tag in function 'owner' [Warning/use-natspec]
/sb/0x005b217d6b73584e83809c5084d3d5910ba12579.sol:311:5: Missing @return tag in function 'owner' [Warning/use-natspec]
/sb/0x005b217d6b73584e83809c5084d3d5910ba12579.sol:311:5: Mismatch in @return count for function 'owner'. Expected: 1, Found: 0 [Warning/use-natspec]
/sb/0x005b217d6b73584e83809c5084d3d5910ba12579.sol:329:5: Missing @notice tag in function 'renounceOwnership' [Warning/use-natspec]
/sb/0x005b217d6b73584e83809c5084d3d5910ba12579.sol:339:5: Missing @notice tag in function 'transferOwnership' [Warning/use-natspec]
/sb/0x005b217d6b73584e83809c5084d3d5910ba12579.sol:339:5: Missing @param tag in function 'transferOwnership' [Warning/use-natspec]
/sb/0x005b217d6b73584e83809c5084d3d5910ba12579.sol:339:5: Mismatch in @param names for function 'transferOwnership'. Expected: [newOwner], Found: [] [Warning/use-natspec]
/sb/0x005b217d6b73584e83809c5084d3d5910ba12579.sol:341:9: Error message for require is too long: 38 counted / 32 allowed [Warning/reason-string]
/sb/0x005b217d6b73584e83809c5084d3d5910ba12579.sol:341:9: GC: String exceeds 32 bytes [Warning/gas-small-strings]
/sb/0x005b217d6b73584e83809c5084d3d5910ba12579.sol:351:5: Missing @notice tag in function 'getUnlockTime' [Warning/use-natspec]
/sb/0x005b217d6b73584e83809c5084d3d5910ba12579.sol:351:5: Missing @return tag in function 'getUnlockTime' [Warning/use-natspec]
/sb/0x005b217d6b73584e83809c5084d3d5910ba12579.sol:351:5: Mismatch in @return count for function 'getUnlockTime'. Expected: 1, Found: 0 [Warning/use-natspec]
/sb/0x005b217d6b73584e83809c5084d3d5910ba12579.sol:359:5: Missing @notice tag in function 'getTime' [Warning/use-natspec]
/sb/0x005b217d6b73584e83809c5084d3d5910ba12579.sol:359:5: Missing @return tag in function 'getTime' [Warning/use-natspec]
/sb/0x005b217d6b73584e83809c5084d3d5910ba12579.sol:359:5: Mismatch in @return count for function 'getTime'. Expected: 1, Found: 0 [Warning/use-natspec]
/sb/0x005b217d6b73584e83809c5084d3d5910ba12579.sol:367:5: Missing @notice tag in function 'lock' [Warning/use-natspec]
/sb/0x005b217d6b73584e83809c5084d3d5910ba12579.sol:367:5: Missing @param tag in function 'lock' [Warning/use-natspec]
/sb/0x005b217d6b73584e83809c5084d3d5910ba12579.sol:367:5: Mismatch in @param names for function 'lock'. Expected: [time], Found: [] [Warning/use-natspec]
/sb/0x005b217d6b73584e83809c5084d3d5910ba12579.sol:381:5: Missing @notice tag in function 'unlock' [Warning/use-natspec]
/sb/0x005b217d6b73584e83809c5084d3d5910ba12579.sol:383:9: Error message for require is too long: 35 counted / 32 allowed [Warning/reason-string]
/sb/0x005b217d6b73584e83809c5084d3d5910ba12579.sol:383:9: GC: String exceeds 32 bytes [Warning/gas-small-strings]
/sb/0x005b217d6b73584e83809c5084d3d5910ba12579.sol:405:1: Contract has 19 states declarations but allowed no more than 15 [Warning/max-states-count]
/sb/0x005b217d6b73584e83809c5084d3d5910ba12579.sol:405:1: Missing @title tag in contract 'KIGGAL' [Warning/use-natspec]
/sb/0x005b217d6b73584e83809c5084d3d5910ba12579.sol:405:1: Missing @author tag in contract 'KIGGAL' [Warning/use-natspec]
/sb/0x005b217d6b73584e83809c5084d3d5910ba12579.sol:405:1: Missing @notice tag in contract 'KIGGAL' [Warning/use-natspec]
/sb/0x005b217d6b73584e83809c5084d3d5910ba12579.sol:449:5: Missing @notice tag in variable 'launchTime' [Warning/use-natspec]
/sb/0x005b217d6b73584e83809c5084d3d5910ba12579.sol:451:5: Missing @notice tag in variable 'tradingOpen' [Warning/use-natspec]
/sb/0x005b217d6b73584e83809c5084d3d5910ba12579.sol:465:5: Missing @notice tag in variable '_taxFee' [Warning/use-natspec]
/sb/0x005b217d6b73584e83809c5084d3d5910ba12579.sol:471:5: Missing @notice tag in variable '_maxTxAmount' [Warning/use-natspec]
/sb/0x005b217d6b73584e83809c5084d3d5910ba12579.sol:477:5: Missing @notice tag in function '<anonymous>' [Warning/use-natspec]
/sb/0x005b217d6b73584e83809c5084d3d5910ba12579.sol:495:6: Missing @notice tag in function 'openTrading' [Warning/use-natspec]
/sb/0x005b217d6b73584e83809c5084d3d5910ba12579.sol:505:5: Missing @notice tag in function 'addToWhiteList' [Warning/use-natspec]
/sb/0x005b217d6b73584e83809c5084d3d5910ba12579.sol:505:5: Missing @param tag in function 'addToWhiteList' [Warning/use-natspec]
/sb/0x005b217d6b73584e83809c5084d3d5910ba12579.sol:505:5: Mismatch in @param names for function 'addToWhiteList'. Expected: [account], Found: [] [Warning/use-natspec]
/sb/0x005b217d6b73584e83809c5084d3d5910ba12579.sol:515:5: Missing @notice tag in function 'addListToWhiteList' [Warning/use-natspec]
/sb/0x005b217d6b73584e83809c5084d3d5910ba12579.sol:515:5: Missing @param tag in function 'addListToWhiteList' [Warning/use-natspec]
/sb/0x005b217d6b73584e83809c5084d3d5910ba12579.sol:515:5: Mismatch in @param names for function 'addListToWhiteList'. Expected: [accountList], Found: [] [Warning/use-natspec]
/sb/0x005b217d6b73584e83809c5084d3d5910ba12579.sol:519:53: GC: For [ i ] variable, increment/decrement by 1 using: [ ++variable ] to save gas [Warning/gas-increment-by-one]
/sb/0x005b217d6b73584e83809c5084d3d5910ba12579.sol:533:5: Missing @notice tag in function 'removeFromWhiteList' [Warning/use-natspec]
/sb/0x005b217d6b73584e83809c5084d3d5910ba12579.sol:533:5: Missing @param tag in function 'removeFromWhiteList' [Warning/use-natspec]
/sb/0x005b217d6b73584e83809c5084d3d5910ba12579.sol:533:5: Mismatch in @param names for function 'removeFromWhiteList'. Expected: [account], Found: [] [Warning/use-natspec]
/sb/0x005b217d6b73584e83809c5084d3d5910ba12579.sol:543:5: Missing @notice tag in function 'removeListFromWhiteList' [Warning/use-natspec]
/sb/0x005b217d6b73584e83809c5084d3d5910ba12579.sol:543:5: Missing @param tag in function 'removeListFromWhiteList' [Warning/use-natspec]
/sb/0x005b217d6b73584e83809c5084d3d5910ba12579.sol:543:5: Mismatch in @param names for function 'removeListFromWhiteList'. Expected: [accountList], Found: [] [Warning/use-natspec]
/sb/0x005b217d6b73584e83809c5084d3d5910ba12579.sol:547:53: GC: For [ i ] variable, increment/decrement by 1 using: [ ++variable ] to save gas [Warning/gas-increment-by-one]
/sb/0x005b217d6b73584e83809c5084d3d5910ba12579.sol:561:5: Missing @notice tag in function 'name' [Warning/use-natspec]
/sb/0x005b217d6b73584e83809c5084d3d5910ba12579.sol:561:5: Missing @return tag in function 'name' [Warning/use-natspec]
/sb/0x005b217d6b73584e83809c5084d3d5910ba12579.sol:561:5: Mismatch in @return count for function 'name'. Expected: 1, Found: 0 [Warning/use-natspec]
/sb/0x005b217d6b73584e83809c5084d3d5910ba12579.sol:569:5: Missing @notice tag in function 'symbol' [Warning/use-natspec]
/sb/0x005b217d6b73584e83809c5084d3d5910ba12579.sol:569:5: Missing @return tag in function 'symbol' [Warning/use-natspec]
/sb/0x005b217d6b73584e83809c5084d3d5910ba12579.sol:569:5: Mismatch in @return count for function 'symbol'. Expected: 1, Found: 0 [Warning/use-natspec]
/sb/0x005b217d6b73584e83809c5084d3d5910ba12579.sol:577:5: Missing @notice tag in function 'decimals' [Warning/use-natspec]
/sb/0x005b217d6b73584e83809c5084d3d5910ba12579.sol:577:5: Missing @return tag in function 'decimals' [Warning/use-natspec]
/sb/0x005b217d6b73584e83809c5084d3d5910ba12579.sol:577:5: Mismatch in @return count for function 'decimals'. Expected: 1, Found: 0 [Warning/use-natspec]
/sb/0x005b217d6b73584e83809c5084d3d5910ba12579.sol:585:5: Missing @notice tag in function 'totalSupply' [Warning/use-natspec]
/sb/0x005b217d6b73584e83809c5084d3d5910ba12579.sol:585:5: Missing @return tag in function 'totalSupply' [Warning/use-natspec]
/sb/0x005b217d6b73584e83809c5084d3d5910ba12579.sol:585:5: Mismatch in @return count for function 'totalSupply'. Expected: 1, Found: 0 [Warning/use-natspec]
/sb/0x005b217d6b73584e83809c5084d3d5910ba12579.sol:593:5: Missing @notice tag in function 'balanceOf' [Warning/use-natspec]
/sb/0x005b217d6b73584e83809c5084d3d5910ba12579.sol:593:5: Missing @param tag in function 'balanceOf' [Warning/use-natspec]
/sb/0x005b217d6b73584e83809c5084d3d5910ba12579.sol:593:5: Mismatch in @param names for function 'balanceOf'. Expected: [account], Found: [] [Warning/use-natspec]
/sb/0x005b217d6b73584e83809c5084d3d5910ba12579.sol:593:5: Missing @return tag in function 'balanceOf' [Warning/use-natspec]
/sb/0x005b217d6b73584e83809c5084d3d5910ba12579.sol:593:5: Mismatch in @return count for function 'balanceOf'. Expected: 1, Found: 0 [Warning/use-natspec]
/sb/0x005b217d6b73584e83809c5084d3d5910ba12579.sol:603:5: Missing @notice tag in function 'transfer' [Warning/use-natspec]
/sb/0x005b217d6b73584e83809c5084d3d5910ba12579.sol:603:5: Missing @param tag in function 'transfer' [Warning/use-natspec]
/sb/0x005b217d6b73584e83809c5084d3d5910ba12579.sol:603:5: Mismatch in @param names for function 'transfer'. Expected: [recipient, amount], Found: [] [Warning/use-natspec]
/sb/0x005b217d6b73584e83809c5084d3d5910ba12579.sol:603:5: Missing @return tag in function 'transfer' [Warning/use-natspec]
/sb/0x005b217d6b73584e83809c5084d3d5910ba12579.sol:603:5: Mismatch in @return count for function 'transfer'. Expected: 1, Found: 0 [Warning/use-natspec]
/sb/0x005b217d6b73584e83809c5084d3d5910ba12579.sol:613:5: Missing @notice tag in function 'allowance' [Warning/use-natspec]
/sb/0x005b217d6b73584e83809c5084d3d5910ba12579.sol:613:5: Missing @param tag in function 'allowance' [Warning/use-natspec]
/sb/0x005b217d6b73584e83809c5084d3d5910ba12579.sol:613:5: Mismatch in @param names for function 'allowance'. Expected: [owner, spender], Found: [] [Warning/use-natspec]
/sb/0x005b217d6b73584e83809c5084d3d5910ba12579.sol:613:5: Missing @return tag in function 'allowance' [Warning/use-natspec]
/sb/0x005b217d6b73584e83809c5084d3d5910ba12579.sol:613:5: Mismatch in @return count for function 'allowance'. Expected: 1, Found: 0 [Warning/use-natspec]
/sb/0x005b217d6b73584e83809c5084d3d5910ba12579.sol:621:5: Missing @notice tag in function 'approve' [Warning/use-natspec]
/sb/0x005b217d6b73584e83809c5084d3d5910ba12579.sol:621:5: Missing @param tag in function 'approve' [Warning/use-natspec]
/sb/0x005b217d6b73584e83809c5084d3d5910ba12579.sol:621:5: Mismatch in @param names for function 'approve'. Expected: [spender, amount], Found: [] [Warning/use-natspec]
/sb/0x005b217d6b73584e83809c5084d3d5910ba12579.sol:621:5: Missing @return tag in function 'approve' [Warning/use-natspec]
/sb/0x005b217d6b73584e83809c5084d3d5910ba12579.sol:621:5: Mismatch in @return count for function 'approve'. Expected: 1, Found: 0 [Warning/use-natspec]
/sb/0x005b217d6b73584e83809c5084d3d5910ba12579.sol:631:5: Missing @notice tag in function 'transferFrom' [Warning/use-natspec]
/sb/0x005b217d6b73584e83809c5084d3d5910ba12579.sol:631:5: Missing @param tag in function 'transferFrom' [Warning/use-natspec]
/sb/0x005b217d6b73584e83809c5084d3d5910ba12579.sol:631:5: Mismatch in @param names for function 'transferFrom'. Expected: [sender, recipient, amount], Found: [] [Warning/use-natspec]
/sb/0x005b217d6b73584e83809c5084d3d5910ba12579.sol:631:5: Missing @return tag in function 'transferFrom' [Warning/use-natspec]
/sb/0x005b217d6b73584e83809c5084d3d5910ba12579.sol:631:5: Mismatch in @return count for function 'transferFrom'. Expected: 1, Found: 0 [Warning/use-natspec]
/sb/0x005b217d6b73584e83809c5084d3d5910ba12579.sol:635:40: GC: String exceeds 32 bytes [Warning/gas-small-strings]
/sb/0x005b217d6b73584e83809c5084d3d5910ba12579.sol:643:5: Missing @notice tag in function 'increaseAllowance' [Warning/use-natspec]
/sb/0x005b217d6b73584e83809c5084d3d5910ba12579.sol:643:5: Missing @param tag in function 'increaseAllowance' [Warning/use-natspec]
/sb/0x005b217d6b73584e83809c5084d3d5910ba12579.sol:643:5: Mismatch in @param names for function 'increaseAllowance'. Expected: [spender, addedValue], Found: [] [Warning/use-natspec]
/sb/0x005b217d6b73584e83809c5084d3d5910ba12579.sol:643:5: Missing @return tag in function 'increaseAllowance' [Warning/use-natspec]
/sb/0x005b217d6b73584e83809c5084d3d5910ba12579.sol:643:5: Mismatch in @return count for function 'increaseAllowance'. Expected: 1, Found: 0 [Warning/use-natspec]
/sb/0x005b217d6b73584e83809c5084d3d5910ba12579.sol:653:5: Missing @notice tag in function 'decreaseAllowance' [Warning/use-natspec]
/sb/0x005b217d6b73584e83809c5084d3d5910ba12579.sol:653:5: Missing @param tag in function 'decreaseAllowance' [Warning/use-natspec]
/sb/0x005b217d6b73584e83809c5084d3d5910ba12579.sol:653:5: Mismatch in @param names for function 'decreaseAllowance'. Expected: [spender, subtractedValue], Found: [] [Warning/use-natspec]
/sb/0x005b217d6b73584e83809c5084d3d5910ba12579.sol:653:5: Missing @return tag in function 'decreaseAllowance' [Warning/use-natspec]
/sb/0x005b217d6b73584e83809c5084d3d5910ba12579.sol:653:5: Mismatch in @return count for function 'decreaseAllowance'. Expected: 1, Found: 0 [Warning/use-natspec]
/sb/0x005b217d6b73584e83809c5084d3d5910ba12579.sol:655:41: GC: String exceeds 32 bytes [Warning/gas-small-strings]
/sb/0x005b217d6b73584e83809c5084d3d5910ba12579.sol:663:5: Missing @notice tag in function 'isExcludedFromReward' [Warning/use-natspec]
/sb/0x005b217d6b73584e83809c5084d3d5910ba12579.sol:663:5: Missing @param tag in function 'isExcludedFromReward' [Warning/use-natspec]
/sb/0x005b217d6b73584e83809c5084d3d5910ba12579.sol:663:5: Mismatch in @param names for function 'isExcludedFromReward'. Expected: [account], Found: [] [Warning/use-natspec]
/sb/0x005b217d6b73584e83809c5084d3d5910ba12579.sol:663:5: Missing @return tag in function 'isExcludedFromReward' [Warning/use-natspec]
/sb/0x005b217d6b73584e83809c5084d3d5910ba12579.sol:663:5: Mismatch in @return count for function 'isExcludedFromReward'. Expected: 1, Found: 0 [Warning/use-natspec]
/sb/0x005b217d6b73584e83809c5084d3d5910ba12579.sol:671:5: Missing @notice tag in function 'totalFees' [Warning/use-natspec]
/sb/0x005b217d6b73584e83809c5084d3d5910ba12579.sol:671:5: Missing @return tag in function 'totalFees' [Warning/use-natspec]
/sb/0x005b217d6b73584e83809c5084d3d5910ba12579.sol:671:5: Mismatch in @return count for function 'totalFees'. Expected: 1, Found: 0 [Warning/use-natspec]
/sb/0x005b217d6b73584e83809c5084d3d5910ba12579.sol:679:5: Missing @notice tag in function 'isSniper' [Warning/use-natspec]
/sb/0x005b217d6b73584e83809c5084d3d5910ba12579.sol:679:5: Missing @param tag in function 'isSniper' [Warning/use-natspec]
/sb/0x005b217d6b73584e83809c5084d3d5910ba12579.sol:679:5: Mismatch in @param names for function 'isSniper'. Expected: [account], Found: [] [Warning/use-natspec]
/sb/0x005b217d6b73584e83809c5084d3d5910ba12579.sol:679:5: Missing @return tag in function 'isSniper' [Warning/use-natspec]
/sb/0x005b217d6b73584e83809c5084d3d5910ba12579.sol:679:5: Mismatch in @return count for function 'isSniper'. Expected: 1, Found: 0 [Warning/use-natspec]
/sb/0x005b217d6b73584e83809c5084d3d5910ba12579.sol:687:5: Missing @notice tag in function '_addSniper' [Warning/use-natspec]
/sb/0x005b217d6b73584e83809c5084d3d5910ba12579.sol:687:5: Missing @param tag in function '_addSniper' [Warning/use-natspec]
/sb/0x005b217d6b73584e83809c5084d3d5910ba12579.sol:687:5: Mismatch in @param names for function '_addSniper'. Expected: [account], Found: [] [Warning/use-natspec]
/sb/0x005b217d6b73584e83809c5084d3d5910ba12579.sol:689:72: Use double quotes for string literals [Error/quotes]
/sb/0x005b217d6b73584e83809c5084d3d5910ba12579.sol:699:5: Missing @notice tag in function '_amnestySniper' [Warning/use-natspec]
/sb/0x005b217d6b73584e83809c5084d3d5910ba12579.sol:699:5: Missing @param tag in function '_amnestySniper' [Warning/use-natspec]
/sb/0x005b217d6b73584e83809c5084d3d5910ba12579.sol:699:5: Mismatch in @param names for function '_amnestySniper'. Expected: [account], Found: [] [Warning/use-natspec]
/sb/0x005b217d6b73584e83809c5084d3d5910ba12579.sol:711:5: Missing @notice tag in function 'deliver' [Warning/use-natspec]
/sb/0x005b217d6b73584e83809c5084d3d5910ba12579.sol:711:5: Missing @param tag in function 'deliver' [Warning/use-natspec]
/sb/0x005b217d6b73584e83809c5084d3d5910ba12579.sol:711:5: Mismatch in @param names for function 'deliver'. Expected: [tAmount], Found: [] [Warning/use-natspec]
/sb/0x005b217d6b73584e83809c5084d3d5910ba12579.sol:715:9: Error message for require is too long: 44 counted / 32 allowed [Warning/reason-string]
/sb/0x005b217d6b73584e83809c5084d3d5910ba12579.sol:715:9: GC: String exceeds 32 bytes [Warning/gas-small-strings]
/sb/0x005b217d6b73584e83809c5084d3d5910ba12579.sol:731:5: Missing @notice tag in function 'reflectionFromToken' [Warning/use-natspec]
/sb/0x005b217d6b73584e83809c5084d3d5910ba12579.sol:731:5: Missing @param tag in function 'reflectionFromToken' [Warning/use-natspec]
/sb/0x005b217d6b73584e83809c5084d3d5910ba12579.sol:731:5: Mismatch in @param names for function 'reflectionFromToken'. Expected: [tAmount, deductTransferFee], Found: [] [Warning/use-natspec]
/sb/0x005b217d6b73584e83809c5084d3d5910ba12579.sol:731:5: Missing @return tag in function 'reflectionFromToken' [Warning/use-natspec]
/sb/0x005b217d6b73584e83809c5084d3d5910ba12579.sol:731:5: Mismatch in @return count for function 'reflectionFromToken'. Expected: 1, Found: 0 [Warning/use-natspec]
/sb/0x005b217d6b73584e83809c5084d3d5910ba12579.sol:733:17: GC: Non strict inequality found. Try converting to a strict one [Warning/gas-strict-inequalities]
/sb/0x005b217d6b73584e83809c5084d3d5910ba12579.sol:753:5: Missing @notice tag in function 'tokenFromReflection' [Warning/use-natspec]
/sb/0x005b217d6b73584e83809c5084d3d5910ba12579.sol:753:5: Missing @param tag in function 'tokenFromReflection' [Warning/use-natspec]
/sb/0x005b217d6b73584e83809c5084d3d5910ba12579.sol:753:5: Mismatch in @param names for function 'tokenFromReflection'. Expected: [rAmount], Found: [] [Warning/use-natspec]
/sb/0x005b217d6b73584e83809c5084d3d5910ba12579.sol:753:5: Missing @return tag in function 'tokenFromReflection' [Warning/use-natspec]
/sb/0x005b217d6b73584e83809c5084d3d5910ba12579.sol:753:5: Mismatch in @return count for function 'tokenFromReflection'. Expected: 1, Found: 0 [Warning/use-natspec]
/sb/0x005b217d6b73584e83809c5084d3d5910ba12579.sol:755:9: Error message for require is too long: 42 counted / 32 allowed [Warning/reason-string]
/sb/0x005b217d6b73584e83809c5084d3d5910ba12579.sol:755:9: GC: String exceeds 32 bytes [Warning/gas-small-strings]
/sb/0x005b217d6b73584e83809c5084d3d5910ba12579.sol:755:17: GC: Non strict inequality found. Try converting to a strict one [Warning/gas-strict-inequalities]
/sb/0x005b217d6b73584e83809c5084d3d5910ba12579.sol:765:5: Missing @notice tag in function 'excludeFromReward' [Warning/use-natspec]
/sb/0x005b217d6b73584e83809c5084d3d5910ba12579.sol:765:5: Missing @param tag in function 'excludeFromReward' [Warning/use-natspec]
/sb/0x005b217d6b73584e83809c5084d3d5910ba12579.sol:765:5: Mismatch in @param names for function 'excludeFromReward'. Expected: [account], Found: [] [Warning/use-natspec]
/sb/0x005b217d6b73584e83809c5084d3d5910ba12579.sol:785:5: Missing @notice tag in function 'includeInReward' [Warning/use-natspec]
/sb/0x005b217d6b73584e83809c5084d3d5910ba12579.sol:785:5: Missing @param tag in function 'includeInReward' [Warning/use-natspec]
/sb/0x005b217d6b73584e83809c5084d3d5910ba12579.sol:785:5: Mismatch in @param names for function 'includeInReward'. Expected: [account], Found: [] [Warning/use-natspec]
/sb/0x005b217d6b73584e83809c5084d3d5910ba12579.sol:789:51: GC: For [ i ] variable, increment/decrement by 1 using: [ ++variable ] to save gas [Warning/gas-increment-by-one]
/sb/0x005b217d6b73584e83809c5084d3d5910ba12579.sol:811:5: Missing @notice tag in function '_approve' [Warning/use-natspec]
/sb/0x005b217d6b73584e83809c5084d3d5910ba12579.sol:811:5: Missing @param tag in function '_approve' [Warning/use-natspec]
/sb/0x005b217d6b73584e83809c5084d3d5910ba12579.sol:811:5: Mismatch in @param names for function '_approve'. Expected: [owner, spender, amount], Found: [] [Warning/use-natspec]
/sb/0x005b217d6b73584e83809c5084d3d5910ba12579.sol:813:9: Error message for require is too long: 36 counted / 32 allowed [Warning/reason-string]
/sb/0x005b217d6b73584e83809c5084d3d5910ba12579.sol:813:9: GC: String exceeds 32 bytes [Warning/gas-small-strings]
/sb/0x005b217d6b73584e83809c5084d3d5910ba12579.sol:815:9: Error message for require is too long: 34 counted / 32 allowed [Warning/reason-string]
/sb/0x005b217d6b73584e83809c5084d3d5910ba12579.sol:815:9: GC: String exceeds 32 bytes [Warning/gas-small-strings]
/sb/0x005b217d6b73584e83809c5084d3d5910ba12579.sol:827:5: Function body contains 67 lines but allowed no more than 50 lines [Warning/function-max-lines]
/sb/0x005b217d6b73584e83809c5084d3d5910ba12579.sol:827:5: Missing @notice tag in function '_transfer' [Warning/use-natspec]
/sb/0x005b217d6b73584e83809c5084d3d5910ba12579.sol:827:5: Missing @param tag in function '_transfer' [Warning/use-natspec]
/sb/0x005b217d6b73584e83809c5084d3d5910ba12579.sol:827:5: Mismatch in @param names for function '_transfer'. Expected: [from, to, amount], Found: [] [Warning/use-natspec]
/sb/0x005b217d6b73584e83809c5084d3d5910ba12579.sol:837:9: Error message for require is too long: 37 counted / 32 allowed [Warning/reason-string]
/sb/0x005b217d6b73584e83809c5084d3d5910ba12579.sol:837:9: GC: String exceeds 32 bytes [Warning/gas-small-strings]
/sb/0x005b217d6b73584e83809c5084d3d5910ba12579.sol:839:9: Error message for require is too long: 35 counted / 32 allowed [Warning/reason-string]
/sb/0x005b217d6b73584e83809c5084d3d5910ba12579.sol:839:9: GC: String exceeds 32 bytes [Warning/gas-small-strings]
/sb/0x005b217d6b73584e83809c5084d3d5910ba12579.sol:841:9: Error message for require is too long: 41 counted / 32 allowed [Warning/reason-string]
/sb/0x005b217d6b73584e83809c5084d3d5910ba12579.sol:841:9: GC: String exceeds 32 bytes [Warning/gas-small-strings]
/sb/0x005b217d6b73584e83809c5084d3d5910ba12579.sol:849:13: Error message for require is too long: 40 counted / 32 allowed [Warning/reason-string]
/sb/0x005b217d6b73584e83809c5084d3d5910ba12579.sol:849:13: GC: String exceeds 32 bytes [Warning/gas-small-strings]
/sb/0x005b217d6b73584e83809c5084d3d5910ba12579.sol:849:21: GC: Non strict inequality found. Try converting to a strict one [Warning/gas-strict-inequalities]
/sb/0x005b217d6b73584e83809c5084d3d5910ba12579.sol:873:13: Error message for require is too long: 40 counted / 32 allowed [Warning/reason-string]
/sb/0x005b217d6b73584e83809c5084d3d5910ba12579.sol:873:13: GC: String exceeds 32 bytes [Warning/gas-small-strings]
/sb/0x005b217d6b73584e83809c5084d3d5910ba12579.sol:873:21: GC: Non strict inequality found. Try converting to a strict one [Warning/gas-strict-inequalities]
/sb/0x005b217d6b73584e83809c5084d3d5910ba12579.sol:901:5: Missing @notice tag in function '_tokenTransfer' [Warning/use-natspec]
/sb/0x005b217d6b73584e83809c5084d3d5910ba12579.sol:901:5: Missing @param tag in function '_tokenTransfer' [Warning/use-natspec]
/sb/0x005b217d6b73584e83809c5084d3d5910ba12579.sol:901:5: Mismatch in @param names for function '_tokenTransfer'. Expected: [sender, recipient, amount, takeFee], Found: [] [Warning/use-natspec]
/sb/0x005b217d6b73584e83809c5084d3d5910ba12579.sol:937:5: Missing @notice tag in function '_transferStandard' [Warning/use-natspec]
/sb/0x005b217d6b73584e83809c5084d3d5910ba12579.sol:937:5: Missing @param tag in function '_transferStandard' [Warning/use-natspec]
/sb/0x005b217d6b73584e83809c5084d3d5910ba12579.sol:937:5: Mismatch in @param names for function '_transferStandard'. Expected: [sender, recipient, tAmount], Found: [] [Warning/use-natspec]
/sb/0x005b217d6b73584e83809c5084d3d5910ba12579.sol:953:5: Missing @notice tag in function '_transferToExcluded' [Warning/use-natspec]
/sb/0x005b217d6b73584e83809c5084d3d5910ba12579.sol:953:5: Missing @param tag in function '_transferToExcluded' [Warning/use-natspec]
/sb/0x005b217d6b73584e83809c5084d3d5910ba12579.sol:953:5: Mismatch in @param names for function '_transferToExcluded'. Expected: [sender, recipient, tAmount], Found: [] [Warning/use-natspec]
/sb/0x005b217d6b73584e83809c5084d3d5910ba12579.sol:971:5: Missing @notice tag in function '_transferFromExcluded' [Warning/use-natspec]
/sb/0x005b217d6b73584e83809c5084d3d5910ba12579.sol:971:5: Missing @param tag in function '_transferFromExcluded' [Warning/use-natspec]
/sb/0x005b217d6b73584e83809c5084d3d5910ba12579.sol:971:5: Mismatch in @param names for function '_transferFromExcluded'. Expected: [sender, recipient, tAmount], Found: [] [Warning/use-natspec]
/sb/0x005b217d6b73584e83809c5084d3d5910ba12579.sol:989:5: Missing @notice tag in function '_transferBothExcluded' [Warning/use-natspec]
/sb/0x005b217d6b73584e83809c5084d3d5910ba12579.sol:989:5: Missing @param tag in function '_transferBothExcluded' [Warning/use-natspec]
/sb/0x005b217d6b73584e83809c5084d3d5910ba12579.sol:989:5: Mismatch in @param names for function '_transferBothExcluded'. Expected: [sender, recipient, tAmount], Found: [] [Warning/use-natspec]
/sb/0x005b217d6b73584e83809c5084d3d5910ba12579.sol:1009:5: Missing @notice tag in function '_reflectFee' [Warning/use-natspec]
/sb/0x005b217d6b73584e83809c5084d3d5910ba12579.sol:1009:5: Missing @param tag in function '_reflectFee' [Warning/use-natspec]
/sb/0x005b217d6b73584e83809c5084d3d5910ba12579.sol:1009:5: Mismatch in @param names for function '_reflectFee'. Expected: [rFee, tFee], Found: [] [Warning/use-natspec]
/sb/0x005b217d6b73584e83809c5084d3d5910ba12579.sol:1019:5: Missing @notice tag in function '_getValues' [Warning/use-natspec]
/sb/0x005b217d6b73584e83809c5084d3d5910ba12579.sol:1019:5: Missing @param tag in function '_getValues' [Warning/use-natspec]
/sb/0x005b217d6b73584e83809c5084d3d5910ba12579.sol:1019:5: Mismatch in @param names for function '_getValues'. Expected: [tAmount], Found: [] [Warning/use-natspec]
/sb/0x005b217d6b73584e83809c5084d3d5910ba12579.sol:1019:5: Missing @return tag in function '_getValues' [Warning/use-natspec]
/sb/0x005b217d6b73584e83809c5084d3d5910ba12579.sol:1019:5: Mismatch in @return count for function '_getValues'. Expected: 5, Found: 0 [Warning/use-natspec]
/sb/0x005b217d6b73584e83809c5084d3d5910ba12579.sol:1031:5: Missing @notice tag in function '_getTValues' [Warning/use-natspec]
/sb/0x005b217d6b73584e83809c5084d3d5910ba12579.sol:1031:5: Missing @param tag in function '_getTValues' [Warning/use-natspec]
/sb/0x005b217d6b73584e83809c5084d3d5910ba12579.sol:1031:5: Mismatch in @param names for function '_getTValues'. Expected: [tAmount], Found: [] [Warning/use-natspec]
/sb/0x005b217d6b73584e83809c5084d3d5910ba12579.sol:1031:5: Missing @return tag in function '_getTValues' [Warning/use-natspec]
/sb/0x005b217d6b73584e83809c5084d3d5910ba12579.sol:1031:5: Mismatch in @return count for function '_getTValues'. Expected: 2, Found: 0 [Warning/use-natspec]
/sb/0x005b217d6b73584e83809c5084d3d5910ba12579.sol:1043:5: Missing @notice tag in function '_getRValues' [Warning/use-natspec]
/sb/0x005b217d6b73584e83809c5084d3d5910ba12579.sol:1043:5: Missing @param tag in function '_getRValues' [Warning/use-natspec]
/sb/0x005b217d6b73584e83809c5084d3d5910ba12579.sol:1043:5: Mismatch in @param names for function '_getRValues'. Expected: [tAmount, tFee, currentRate], Found: [] [Warning/use-natspec]
/sb/0x005b217d6b73584e83809c5084d3d5910ba12579.sol:1043:5: Missing @return tag in function '_getRValues' [Warning/use-natspec]
/sb/0x005b217d6b73584e83809c5084d3d5910ba12579.sol:1043:5: Mismatch in @return count for function '_getRValues'. Expected: 3, Found: 0 [Warning/use-natspec]
/sb/0x005b217d6b73584e83809c5084d3d5910ba12579.sol:1057:5: Missing @notice tag in function '_getRate' [Warning/use-natspec]
/sb/0x005b217d6b73584e83809c5084d3d5910ba12579.sol:1057:5: Missing @return tag in function '_getRate' [Warning/use-natspec]
/sb/0x005b217d6b73584e83809c5084d3d5910ba12579.sol:1057:5: Mismatch in @return count for function '_getRate'. Expected: 1, Found: 0 [Warning/use-natspec]
/sb/0x005b217d6b73584e83809c5084d3d5910ba12579.sol:1067:5: Missing @notice tag in function '_getCurrentSupply' [Warning/use-natspec]
/sb/0x005b217d6b73584e83809c5084d3d5910ba12579.sol:1067:5: Missing @return tag in function '_getCurrentSupply' [Warning/use-natspec]
/sb/0x005b217d6b73584e83809c5084d3d5910ba12579.sol:1067:5: Mismatch in @return count for function '_getCurrentSupply'. Expected: 2, Found: 0 [Warning/use-natspec]
/sb/0x005b217d6b73584e83809c5084d3d5910ba12579.sol:1073:51: GC: For [ i ] variable, increment/decrement by 1 using: [ ++variable ] to save gas [Warning/gas-increment-by-one]
/sb/0x005b217d6b73584e83809c5084d3d5910ba12579.sol:1091:5: Missing @notice tag in function 'calculateTaxFee' [Warning/use-natspec]
/sb/0x005b217d6b73584e83809c5084d3d5910ba12579.sol:1091:5: Missing @param tag in function 'calculateTaxFee' [Warning/use-natspec]
/sb/0x005b217d6b73584e83809c5084d3d5910ba12579.sol:1091:5: Mismatch in @param names for function 'calculateTaxFee'. Expected: [_amount], Found: [] [Warning/use-natspec]
/sb/0x005b217d6b73584e83809c5084d3d5910ba12579.sol:1091:5: Missing @return tag in function 'calculateTaxFee' [Warning/use-natspec]
/sb/0x005b217d6b73584e83809c5084d3d5910ba12579.sol:1091:5: Mismatch in @return count for function 'calculateTaxFee'. Expected: 1, Found: 0 [Warning/use-natspec]
/sb/0x005b217d6b73584e83809c5084d3d5910ba12579.sol:1105:5: Missing @notice tag in function 'removeAllFee' [Warning/use-natspec]
/sb/0x005b217d6b73584e83809c5084d3d5910ba12579.sol:1119:5: Missing @notice tag in function 'restoreAllFee' [Warning/use-natspec]
/sb/0x005b217d6b73584e83809c5084d3d5910ba12579.sol:1127:5: Missing @notice tag in function 'isExcludedFromFee' [Warning/use-natspec]
/sb/0x005b217d6b73584e83809c5084d3d5910ba12579.sol:1127:5: Missing @param tag in function 'isExcludedFromFee' [Warning/use-natspec]
/sb/0x005b217d6b73584e83809c5084d3d5910ba12579.sol:1127:5: Mismatch in @param names for function 'isExcludedFromFee'. Expected: [account], Found: [] [Warning/use-natspec]
/sb/0x005b217d6b73584e83809c5084d3d5910ba12579.sol:1127:5: Missing @return tag in function 'isExcludedFromFee' [Warning/use-natspec]
/sb/0x005b217d6b73584e83809c5084d3d5910ba12579.sol:1127:5: Mismatch in @return count for function 'isExcludedFromFee'. Expected: 1, Found: 0 [Warning/use-natspec]
/sb/0x005b217d6b73584e83809c5084d3d5910ba12579.sol:1135:5: Missing @notice tag in function 'excludeFromFee' [Warning/use-natspec]
/sb/0x005b217d6b73584e83809c5084d3d5910ba12579.sol:1135:5: Missing @param tag in function 'excludeFromFee' [Warning/use-natspec]
/sb/0x005b217d6b73584e83809c5084d3d5910ba12579.sol:1135:5: Mismatch in @param names for function 'excludeFromFee'. Expected: [account], Found: [] [Warning/use-natspec]
/sb/0x005b217d6b73584e83809c5084d3d5910ba12579.sol:1143:5: Missing @notice tag in function 'includeInFee' [Warning/use-natspec]
/sb/0x005b217d6b73584e83809c5084d3d5910ba12579.sol:1143:5: Missing @param tag in function 'includeInFee' [Warning/use-natspec]
/sb/0x005b217d6b73584e83809c5084d3d5910ba12579.sol:1143:5: Mismatch in @param names for function 'includeInFee'. Expected: [account], Found: [] [Warning/use-natspec]
/sb/0x005b217d6b73584e83809c5084d3d5910ba12579.sol:1151:5: Missing @notice tag in function 'setTaxFeePercent' [Warning/use-natspec]
/sb/0x005b217d6b73584e83809c5084d3d5910ba12579.sol:1151:5: Missing @param tag in function 'setTaxFeePercent' [Warning/use-natspec]
/sb/0x005b217d6b73584e83809c5084d3d5910ba12579.sol:1151:5: Mismatch in @param names for function 'setTaxFeePercent'. Expected: [taxFee], Found: [] [Warning/use-natspec]
/sb/0x005b217d6b73584e83809c5084d3d5910ba12579.sol:1163:5: Missing @notice tag in function 'setMaxTxPercent' [Warning/use-natspec]
/sb/0x005b217d6b73584e83809c5084d3d5910ba12579.sol:1163:5: Missing @param tag in function 'setMaxTxPercent' [Warning/use-natspec]
/sb/0x005b217d6b73584e83809c5084d3d5910ba12579.sol:1163:5: Mismatch in @param names for function 'setMaxTxPercent'. Expected: [maxTxPercent, maxTxDecimals], Found: [] [Warning/use-natspec]
/sb/0x005b217d6b73584e83809c5084d3d5910ba12579.sol:1175:5: Missing @notice tag in function '<anonymous>' [Warning/use-natspec]

377 problem/s (2 error/s, 375 warning/s)
