A new version of Solhint is available: 6.0.1
Please consider updating your Solhint package.
/sb/0x3bb3354f82654dd609300e92c92cf2c7c1bf3171.sol:22:1: Found more than One contract per file. 8 contracts found! [Warning/one-contract-per-file]
/sb/0x3bb3354f82654dd609300e92c92cf2c7c1bf3171.sol:22:1: Compiler version ^0.4.23 does not satisfy the ^0.8.24 semver requirement [Error/compiler-version]
/sb/0x3bb3354f82654dd609300e92c92cf2c7c1bf3171.sol:28:1: Missing @author tag in contract 'SafeMath' [Warning/use-natspec]
/sb/0x3bb3354f82654dd609300e92c92cf2c7c1bf3171.sol:28:1: Missing @notice tag in contract 'SafeMath' [Warning/use-natspec]
/sb/0x3bb3354f82654dd609300e92c92cf2c7c1bf3171.sol:33:2: Missing @notice tag in function 'mul' [Warning/use-natspec]
/sb/0x3bb3354f82654dd609300e92c92cf2c7c1bf3171.sol:33:2: Missing @param tag in function 'mul' [Warning/use-natspec]
/sb/0x3bb3354f82654dd609300e92c92cf2c7c1bf3171.sol:33:2: Mismatch in @param names for function 'mul'. Expected: [a, b], Found: [] [Warning/use-natspec]
/sb/0x3bb3354f82654dd609300e92c92cf2c7c1bf3171.sol:33:2: Missing @return tag in function 'mul' [Warning/use-natspec]
/sb/0x3bb3354f82654dd609300e92c92cf2c7c1bf3171.sol:33:2: Mismatch in @return names for function 'mul'. Expected: [c], Found: [] [Warning/use-natspec]
/sb/0x3bb3354f82654dd609300e92c92cf2c7c1bf3171.sol:45:2: Missing @notice tag in function 'div' [Warning/use-natspec]
/sb/0x3bb3354f82654dd609300e92c92cf2c7c1bf3171.sol:45:2: Missing @param tag in function 'div' [Warning/use-natspec]
/sb/0x3bb3354f82654dd609300e92c92cf2c7c1bf3171.sol:45:2: Mismatch in @param names for function 'div'. Expected: [a, b], Found: [] [Warning/use-natspec]
/sb/0x3bb3354f82654dd609300e92c92cf2c7c1bf3171.sol:45:2: Missing @return tag in function 'div' [Warning/use-natspec]
/sb/0x3bb3354f82654dd609300e92c92cf2c7c1bf3171.sol:45:2: Mismatch in @return count for function 'div'. Expected: 1, Found: 0 [Warning/use-natspec]
/sb/0x3bb3354f82654dd609300e92c92cf2c7c1bf3171.sol:55:2: Missing @notice tag in function 'sub' [Warning/use-natspec]
/sb/0x3bb3354f82654dd609300e92c92cf2c7c1bf3171.sol:55:2: Missing @param tag in function 'sub' [Warning/use-natspec]
/sb/0x3bb3354f82654dd609300e92c92cf2c7c1bf3171.sol:55:2: Mismatch in @param names for function 'sub'. Expected: [a, b], Found: [] [Warning/use-natspec]
/sb/0x3bb3354f82654dd609300e92c92cf2c7c1bf3171.sol:55:2: Missing @return tag in function 'sub' [Warning/use-natspec]
/sb/0x3bb3354f82654dd609300e92c92cf2c7c1bf3171.sol:55:2: Mismatch in @return count for function 'sub'. Expected: 1, Found: 0 [Warning/use-natspec]
/sb/0x3bb3354f82654dd609300e92c92cf2c7c1bf3171.sol:56:10: GC: Non strict inequality found. Try converting to a strict one [Warning/gas-strict-inequalities]
/sb/0x3bb3354f82654dd609300e92c92cf2c7c1bf3171.sol:63:2: Missing @notice tag in function 'add' [Warning/use-natspec]
/sb/0x3bb3354f82654dd609300e92c92cf2c7c1bf3171.sol:63:2: Missing @param tag in function 'add' [Warning/use-natspec]
/sb/0x3bb3354f82654dd609300e92c92cf2c7c1bf3171.sol:63:2: Mismatch in @param names for function 'add'. Expected: [a, b], Found: [] [Warning/use-natspec]
/sb/0x3bb3354f82654dd609300e92c92cf2c7c1bf3171.sol:63:2: Missing @return tag in function 'add' [Warning/use-natspec]
/sb/0x3bb3354f82654dd609300e92c92cf2c7c1bf3171.sol:63:2: Mismatch in @return names for function 'add'. Expected: [c], Found: [] [Warning/use-natspec]
/sb/0x3bb3354f82654dd609300e92c92cf2c7c1bf3171.sol:65:10: GC: Non strict inequality found. Try converting to a strict one [Warning/gas-strict-inequalities]
/sb/0x3bb3354f82654dd609300e92c92cf2c7c1bf3171.sol:74:1: Missing @notice tag in contract 'System' [Warning/use-natspec]
/sb/0x3bb3354f82654dd609300e92c92cf2c7c1bf3171.sol:77:2: Explicitly mark visibility of state [Warning/state-visibility]
/sb/0x3bb3354f82654dd609300e92c92cf2c7c1bf3171.sol:84:4: GC: String exceeds 32 bytes [Warning/gas-small-strings]
/sb/0x3bb3354f82654dd609300e92c92cf2c7c1bf3171.sol:84:10: Use double quotes for string literals [Error/quotes]
/sb/0x3bb3354f82654dd609300e92c92cf2c7c1bf3171.sol:93:2: Missing @notice tag in function 'error' [Warning/use-natspec]
/sb/0x3bb3354f82654dd609300e92c92cf2c7c1bf3171.sol:93:2: Missing @param tag in function 'error' [Warning/use-natspec]
/sb/0x3bb3354f82654dd609300e92c92cf2c7c1bf3171.sol:93:2: Mismatch in @param names for function 'error'. Expected: [_error], Found: [] [Warning/use-natspec]
/sb/0x3bb3354f82654dd609300e92c92cf2c7c1bf3171.sol:101:2: Missing @notice tag in function 'whoAmI' [Warning/use-natspec]
/sb/0x3bb3354f82654dd609300e92c92cf2c7c1bf3171.sol:101:2: Missing @return tag in function 'whoAmI' [Warning/use-natspec]
/sb/0x3bb3354f82654dd609300e92c92cf2c7c1bf3171.sol:101:2: Mismatch in @return count for function 'whoAmI'. Expected: 1, Found: 0 [Warning/use-natspec]
/sb/0x3bb3354f82654dd609300e92c92cf2c7c1bf3171.sol:106:2: Missing @notice tag in function 'timestamp' [Warning/use-natspec]
/sb/0x3bb3354f82654dd609300e92c92cf2c7c1bf3171.sol:106:2: Missing @return tag in function 'timestamp' [Warning/use-natspec]
/sb/0x3bb3354f82654dd609300e92c92cf2c7c1bf3171.sol:106:2: Mismatch in @return count for function 'timestamp'. Expected: 1, Found: 0 [Warning/use-natspec]
/sb/0x3bb3354f82654dd609300e92c92cf2c7c1bf3171.sol:111:2: Missing @notice tag in function 'contractBalance' [Warning/use-natspec]
/sb/0x3bb3354f82654dd609300e92c92cf2c7c1bf3171.sol:111:2: Missing @return tag in function 'contractBalance' [Warning/use-natspec]
/sb/0x3bb3354f82654dd609300e92c92cf2c7c1bf3171.sol:111:2: Mismatch in @return count for function 'contractBalance'. Expected: 1, Found: 0 [Warning/use-natspec]
/sb/0x3bb3354f82654dd609300e92c92cf2c7c1bf3171.sol:116:2: Missing @notice tag in function '<anonymous>' [Warning/use-natspec]
/sb/0x3bb3354f82654dd609300e92c92cf2c7c1bf3171.sol:121:20: GC: String exceeds 32 bytes [Warning/gas-small-strings]
/sb/0x3bb3354f82654dd609300e92c92cf2c7c1bf3171.sol:121:26: Use double quotes for string literals [Error/quotes]
/sb/0x3bb3354f82654dd609300e92c92cf2c7c1bf3171.sol:127:2: Missing @notice tag in event 'Error' [Warning/use-natspec]
/sb/0x3bb3354f82654dd609300e92c92cf2c7c1bf3171.sol:127:2: Missing @param tag in event 'Error' [Warning/use-natspec]
/sb/0x3bb3354f82654dd609300e92c92cf2c7c1bf3171.sol:127:2: Mismatch in @param names for event 'Error'. Expected: [_error], Found: [] [Warning/use-natspec]
/sb/0x3bb3354f82654dd609300e92c92cf2c7c1bf3171.sol:130:2: Missing @notice tag in event 'DebugUint256' [Warning/use-natspec]
/sb/0x3bb3354f82654dd609300e92c92cf2c7c1bf3171.sol:130:2: Missing @param tag in event 'DebugUint256' [Warning/use-natspec]
/sb/0x3bb3354f82654dd609300e92c92cf2c7c1bf3171.sol:130:2: Mismatch in @param names for event 'DebugUint256'. Expected: [_data], Found: [] [Warning/use-natspec]
/sb/0x3bb3354f82654dd609300e92c92cf2c7c1bf3171.sol:130:2: GC: [_data] on Event [DebugUint256] could be Indexed [Warning/gas-indexed-events]
/sb/0x3bb3354f82654dd609300e92c92cf2c7c1bf3171.sol:138:1: Missing @author tag in contract 'Haltable' [Warning/use-natspec]
/sb/0x3bb3354f82654dd609300e92c92cf2c7c1bf3171.sol:138:1: Missing @notice tag in contract 'Haltable' [Warning/use-natspec]
/sb/0x3bb3354f82654dd609300e92c92cf2c7c1bf3171.sol:139:2: Missing @notice tag in variable 'halted' [Warning/use-natspec]
/sb/0x3bb3354f82654dd609300e92c92cf2c7c1bf3171.sol:145:4: GC: String exceeds 32 bytes [Warning/gas-small-strings]
/sb/0x3bb3354f82654dd609300e92c92cf2c7c1bf3171.sol:145:10: Use double quotes for string literals [Error/quotes]
/sb/0x3bb3354f82654dd609300e92c92cf2c7c1bf3171.sol:153:4: GC: String exceeds 32 bytes [Warning/gas-small-strings]
/sb/0x3bb3354f82654dd609300e92c92cf2c7c1bf3171.sol:153:10: Use double quotes for string literals [Error/quotes]
/sb/0x3bb3354f82654dd609300e92c92cf2c7c1bf3171.sol:162:2: Missing @notice tag in function 'halt' [Warning/use-natspec]
/sb/0x3bb3354f82654dd609300e92c92cf2c7c1bf3171.sol:168:2: Missing @notice tag in function 'unhalt' [Warning/use-natspec]
/sb/0x3bb3354f82654dd609300e92c92cf2c7c1bf3171.sol:175:2: Missing @notice tag in event 'Halt' [Warning/use-natspec]
/sb/0x3bb3354f82654dd609300e92c92cf2c7c1bf3171.sol:175:2: Missing @param tag in event 'Halt' [Warning/use-natspec]
/sb/0x3bb3354f82654dd609300e92c92cf2c7c1bf3171.sol:175:2: Mismatch in @param names for event 'Halt'. Expected: [_switch, _halter, _timestamp], Found: [] [Warning/use-natspec]
/sb/0x3bb3354f82654dd609300e92c92cf2c7c1bf3171.sol:175:2: GC: [_switch] on Event [Halt] could be Indexed [Warning/gas-indexed-events]
/sb/0x3bb3354f82654dd609300e92c92cf2c7c1bf3171.sol:175:2: GC: [_halter] on Event [Halt] could be Indexed [Warning/gas-indexed-events]
/sb/0x3bb3354f82654dd609300e92c92cf2c7c1bf3171.sol:175:2: GC: [_timestamp] on Event [Halt] could be Indexed [Warning/gas-indexed-events]
/sb/0x3bb3354f82654dd609300e92c92cf2c7c1bf3171.sol:186:2: Missing @notice tag in variable 'walletFounder1' [Warning/use-natspec]
/sb/0x3bb3354f82654dd609300e92c92cf2c7c1bf3171.sol:187:2: Missing @notice tag in variable 'walletFounder2' [Warning/use-natspec]
/sb/0x3bb3354f82654dd609300e92c92cf2c7c1bf3171.sol:188:2: Missing @notice tag in variable 'walletFounder3' [Warning/use-natspec]
/sb/0x3bb3354f82654dd609300e92c92cf2c7c1bf3171.sol:189:2: Missing @notice tag in variable 'walletCommunityReserve' [Warning/use-natspec]
/sb/0x3bb3354f82654dd609300e92c92cf2c7c1bf3171.sol:190:2: Missing @notice tag in variable 'walletCompanyReserve' [Warning/use-natspec]
/sb/0x3bb3354f82654dd609300e92c92cf2c7c1bf3171.sol:191:2: Missing @notice tag in variable 'walletTeamAdvisors' [Warning/use-natspec]
/sb/0x3bb3354f82654dd609300e92c92cf2c7c1bf3171.sol:192:2: Missing @notice tag in variable 'walletBountyProgram' [Warning/use-natspec]
/sb/0x3bb3354f82654dd609300e92c92cf2c7c1bf3171.sol:216:1: Missing @title tag in contract 'ERC20' [Warning/use-natspec]
/sb/0x3bb3354f82654dd609300e92c92cf2c7c1bf3171.sol:216:1: Missing @author tag in contract 'ERC20' [Warning/use-natspec]
/sb/0x3bb3354f82654dd609300e92c92cf2c7c1bf3171.sol:216:1: Missing @notice tag in contract 'ERC20' [Warning/use-natspec]
/sb/0x3bb3354f82654dd609300e92c92cf2c7c1bf3171.sol:217:2: Missing @notice tag in function 'balanceOf' [Warning/use-natspec]
/sb/0x3bb3354f82654dd609300e92c92cf2c7c1bf3171.sol:217:2: Missing @param tag in function 'balanceOf' [Warning/use-natspec]
/sb/0x3bb3354f82654dd609300e92c92cf2c7c1bf3171.sol:217:2: Mismatch in @param names for function 'balanceOf'. Expected: [_owner], Found: [] [Warning/use-natspec]
/sb/0x3bb3354f82654dd609300e92c92cf2c7c1bf3171.sol:217:2: Missing @return tag in function 'balanceOf' [Warning/use-natspec]
/sb/0x3bb3354f82654dd609300e92c92cf2c7c1bf3171.sol:217:2: Mismatch in @return names for function 'balanceOf'. Expected: [balance], Found: [] [Warning/use-natspec]
/sb/0x3bb3354f82654dd609300e92c92cf2c7c1bf3171.sol:218:2: Missing @notice tag in function 'transfer' [Warning/use-natspec]
/sb/0x3bb3354f82654dd609300e92c92cf2c7c1bf3171.sol:218:2: Missing @param tag in function 'transfer' [Warning/use-natspec]
/sb/0x3bb3354f82654dd609300e92c92cf2c7c1bf3171.sol:218:2: Mismatch in @param names for function 'transfer'. Expected: [_to, _amount], Found: [] [Warning/use-natspec]
/sb/0x3bb3354f82654dd609300e92c92cf2c7c1bf3171.sol:218:2: Missing @return tag in function 'transfer' [Warning/use-natspec]
/sb/0x3bb3354f82654dd609300e92c92cf2c7c1bf3171.sol:218:2: Mismatch in @return names for function 'transfer'. Expected: [success], Found: [] [Warning/use-natspec]
/sb/0x3bb3354f82654dd609300e92c92cf2c7c1bf3171.sol:219:2: Missing @notice tag in function 'transferFrom' [Warning/use-natspec]
/sb/0x3bb3354f82654dd609300e92c92cf2c7c1bf3171.sol:219:2: Missing @param tag in function 'transferFrom' [Warning/use-natspec]
/sb/0x3bb3354f82654dd609300e92c92cf2c7c1bf3171.sol:219:2: Mismatch in @param names for function 'transferFrom'. Expected: [_from, _to, _amount], Found: [] [Warning/use-natspec]
/sb/0x3bb3354f82654dd609300e92c92cf2c7c1bf3171.sol:219:2: Missing @return tag in function 'transferFrom' [Warning/use-natspec]
/sb/0x3bb3354f82654dd609300e92c92cf2c7c1bf3171.sol:219:2: Mismatch in @return names for function 'transferFrom'. Expected: [success], Found: [] [Warning/use-natspec]
/sb/0x3bb3354f82654dd609300e92c92cf2c7c1bf3171.sol:220:2: Missing @notice tag in function 'allowance' [Warning/use-natspec]
/sb/0x3bb3354f82654dd609300e92c92cf2c7c1bf3171.sol:220:2: Missing @param tag in function 'allowance' [Warning/use-natspec]
/sb/0x3bb3354f82654dd609300e92c92cf2c7c1bf3171.sol:220:2: Mismatch in @param names for function 'allowance'. Expected: [_owner, _spender], Found: [] [Warning/use-natspec]
/sb/0x3bb3354f82654dd609300e92c92cf2c7c1bf3171.sol:220:2: Missing @return tag in function 'allowance' [Warning/use-natspec]
/sb/0x3bb3354f82654dd609300e92c92cf2c7c1bf3171.sol:220:2: Mismatch in @return names for function 'allowance'. Expected: [remaining], Found: [] [Warning/use-natspec]
/sb/0x3bb3354f82654dd609300e92c92cf2c7c1bf3171.sol:221:2: Missing @notice tag in function 'totalSupply' [Warning/use-natspec]
/sb/0x3bb3354f82654dd609300e92c92cf2c7c1bf3171.sol:221:2: Missing @return tag in function 'totalSupply' [Warning/use-natspec]
/sb/0x3bb3354f82654dd609300e92c92cf2c7c1bf3171.sol:221:2: Mismatch in @return count for function 'totalSupply'. Expected: 1, Found: 0 [Warning/use-natspec]
/sb/0x3bb3354f82654dd609300e92c92cf2c7c1bf3171.sol:221:50: Rule is set with explicit type [var/s: uint] [Warning/explicit-types]
/sb/0x3bb3354f82654dd609300e92c92cf2c7c1bf3171.sol:228:1: Missing @notice tag in contract 'Escrow' [Warning/use-natspec]
/sb/0x3bb3354f82654dd609300e92c92cf2c7c1bf3171.sol:232:2: Missing @notice tag in variable 'deposited' [Warning/use-natspec]
/sb/0x3bb3354f82654dd609300e92c92cf2c7c1bf3171.sol:233:2: Explicitly mark visibility of state [Warning/state-visibility]
/sb/0x3bb3354f82654dd609300e92c92cf2c7c1bf3171.sol:236:2: Missing @notice tag in variable 'addressSCICO' [Warning/use-natspec]
/sb/0x3bb3354f82654dd609300e92c92cf2c7c1bf3171.sol:239:2: Missing @notice tag in variable 'addressSCTokens' [Warning/use-natspec]
/sb/0x3bb3354f82654dd609300e92c92cf2c7c1bf3171.sol:240:2: Missing @notice tag in variable 'SCTokens' [Warning/use-natspec]
/sb/0x3bb3354f82654dd609300e92c92cf2c7c1bf3171.sol:240:2: Variable name must be in mixedCase SCTokens [Warning/var-name-mixedcase]
/sb/0x3bb3354f82654dd609300e92c92cf2c7c1bf3171.sol:260:2: Missing @notice tag in function 'deposit' [Warning/use-natspec]
/sb/0x3bb3354f82654dd609300e92c92cf2c7c1bf3171.sol:260:2: Missing @param tag in function 'deposit' [Warning/use-natspec]
/sb/0x3bb3354f82654dd609300e92c92cf2c7c1bf3171.sol:260:2: Mismatch in @param names for function 'deposit'. Expected: [_amount], Found: [] [Warning/use-natspec]
/sb/0x3bb3354f82654dd609300e92c92cf2c7c1bf3171.sol:260:2: Missing @return tag in function 'deposit' [Warning/use-natspec]
/sb/0x3bb3354f82654dd609300e92c92cf2c7c1bf3171.sol:260:2: Mismatch in @return count for function 'deposit'. Expected: 1, Found: 0 [Warning/use-natspec]
/sb/0x3bb3354f82654dd609300e92c92cf2c7c1bf3171.sol:263:10: Use double quotes for string literals [Error/quotes]
/sb/0x3bb3354f82654dd609300e92c92cf2c7c1bf3171.sol:273:2: Missing @param tag in function 'withdraw' [Warning/use-natspec]
/sb/0x3bb3354f82654dd609300e92c92cf2c7c1bf3171.sol:273:2: Mismatch in @param names for function 'withdraw'. Expected: [_address, _amount], Found: [] [Warning/use-natspec]
/sb/0x3bb3354f82654dd609300e92c92cf2c7c1bf3171.sol:273:2: Missing @return tag in function 'withdraw' [Warning/use-natspec]
/sb/0x3bb3354f82654dd609300e92c92cf2c7c1bf3171.sol:273:2: Mismatch in @return count for function 'withdraw'. Expected: 1, Found: 0 [Warning/use-natspec]
/sb/0x3bb3354f82654dd609300e92c92cf2c7c1bf3171.sol:275:10: Use double quotes for string literals [Error/quotes]
/sb/0x3bb3354f82654dd609300e92c92cf2c7c1bf3171.sol:285:2: Missing @param tag in function 'fundICO' [Warning/use-natspec]
/sb/0x3bb3354f82654dd609300e92c92cf2c7c1bf3171.sol:285:2: Mismatch in @param names for function 'fundICO'. Expected: [_amount, _stage], Found: [] [Warning/use-natspec]
/sb/0x3bb3354f82654dd609300e92c92cf2c7c1bf3171.sol:285:2: Missing @return tag in function 'fundICO' [Warning/use-natspec]
/sb/0x3bb3354f82654dd609300e92c92cf2c7c1bf3171.sol:285:2: Mismatch in @return count for function 'fundICO'. Expected: 1, Found: 0 [Warning/use-natspec]
/sb/0x3bb3354f82654dd609300e92c92cf2c7c1bf3171.sol:287:10: Use double quotes for string literals [Error/quotes]
/sb/0x3bb3354f82654dd609300e92c92cf2c7c1bf3171.sol:291:37: Avoid to use tx.origin [Warning/avoid-tx-origin]
/sb/0x3bb3354f82654dd609300e92c92cf2c7c1bf3171.sol:292:4: GC: String exceeds 32 bytes [Warning/gas-small-strings]
/sb/0x3bb3354f82654dd609300e92c92cf2c7c1bf3171.sol:292:10: Use double quotes for string literals [Error/quotes]
/sb/0x3bb3354f82654dd609300e92c92cf2c7c1bf3171.sol:296:10: Use double quotes for string literals [Error/quotes]
/sb/0x3bb3354f82654dd609300e92c92cf2c7c1bf3171.sol:301:4: Possible reentrancy vulnerabilities. Avoid state changes after transfer. [Warning/reentrancy]
/sb/0x3bb3354f82654dd609300e92c92cf2c7c1bf3171.sol:302:4: GC: For [ nextStage ] variable, increment/decrement by 1 using: [ ++variable ] to save gas [Warning/gas-increment-by-one]
/sb/0x3bb3354f82654dd609300e92c92cf2c7c1bf3171.sol:311:2: Missing @param tag in function 'setMyICOContract' [Warning/use-natspec]
/sb/0x3bb3354f82654dd609300e92c92cf2c7c1bf3171.sol:311:2: Mismatch in @param names for function 'setMyICOContract'. Expected: [_SCICO], Found: [] [Warning/use-natspec]
/sb/0x3bb3354f82654dd609300e92c92cf2c7c1bf3171.sol:311:28: Variable name must be in mixedCase _SCICO [Warning/var-name-mixedcase]
/sb/0x3bb3354f82654dd609300e92c92cf2c7c1bf3171.sol:318:2: Missing @param tag in function 'setTokensContract' [Warning/use-natspec]
/sb/0x3bb3354f82654dd609300e92c92cf2c7c1bf3171.sol:318:2: Mismatch in @param names for function 'setTokensContract'. Expected: [_addressSCTokens], Found: [] [Warning/use-natspec]
/sb/0x3bb3354f82654dd609300e92c92cf2c7c1bf3171.sol:326:2: Missing @param tag in function 'balanceOf' [Warning/use-natspec]
/sb/0x3bb3354f82654dd609300e92c92cf2c7c1bf3171.sol:326:2: Mismatch in @param names for function 'balanceOf'. Expected: [_address], Found: [] [Warning/use-natspec]
/sb/0x3bb3354f82654dd609300e92c92cf2c7c1bf3171.sol:326:2: Missing @return tag in function 'balanceOf' [Warning/use-natspec]
/sb/0x3bb3354f82654dd609300e92c92cf2c7c1bf3171.sol:326:2: Mismatch in @return names for function 'balanceOf'. Expected: [balance], Found: [] [Warning/use-natspec]
/sb/0x3bb3354f82654dd609300e92c92cf2c7c1bf3171.sol:334:2: Missing @notice tag in event 'FundICO' [Warning/use-natspec]
/sb/0x3bb3354f82654dd609300e92c92cf2c7c1bf3171.sol:334:2: Missing @param tag in event 'FundICO' [Warning/use-natspec]
/sb/0x3bb3354f82654dd609300e92c92cf2c7c1bf3171.sol:334:2: Mismatch in @param names for event 'FundICO'. Expected: [_addressICO, _amount], Found: [] [Warning/use-natspec]
/sb/0x3bb3354f82654dd609300e92c92cf2c7c1bf3171.sol:334:2: GC: [_amount] on Event [FundICO] could be Indexed [Warning/gas-indexed-events]
/sb/0x3bb3354f82654dd609300e92c92cf2c7c1bf3171.sol:339:1: Missing @title tag in contract 'ComplianceService' [Warning/use-natspec]
/sb/0x3bb3354f82654dd609300e92c92cf2c7c1bf3171.sol:339:1: Missing @author tag in contract 'ComplianceService' [Warning/use-natspec]
/sb/0x3bb3354f82654dd609300e92c92cf2c7c1bf3171.sol:339:1: Missing @notice tag in contract 'ComplianceService' [Warning/use-natspec]
/sb/0x3bb3354f82654dd609300e92c92cf2c7c1bf3171.sol:340:2: Missing @notice tag in function 'validate' [Warning/use-natspec]
/sb/0x3bb3354f82654dd609300e92c92cf2c7c1bf3171.sol:340:2: Missing @param tag in function 'validate' [Warning/use-natspec]
/sb/0x3bb3354f82654dd609300e92c92cf2c7c1bf3171.sol:340:2: Mismatch in @param names for function 'validate'. Expected: [_from, _to, _amount], Found: [] [Warning/use-natspec]
/sb/0x3bb3354f82654dd609300e92c92cf2c7c1bf3171.sol:340:2: Missing @return tag in function 'validate' [Warning/use-natspec]
/sb/0x3bb3354f82654dd609300e92c92cf2c7c1bf3171.sol:340:2: Mismatch in @return names for function 'validate'. Expected: [allowed], Found: [] [Warning/use-natspec]
/sb/0x3bb3354f82654dd609300e92c92cf2c7c1bf3171.sol:340:20: Variable "_from" is unused [Warning/no-unused-vars]
/sb/0x3bb3354f82654dd609300e92c92cf2c7c1bf3171.sol:340:35: Variable "_to" is unused [Warning/no-unused-vars]
/sb/0x3bb3354f82654dd609300e92c92cf2c7c1bf3171.sol:340:48: Variable "_amount" is unused [Warning/no-unused-vars]
/sb/0x3bb3354f82654dd609300e92c92cf2c7c1bf3171.sol:356:2: Explicitly mark visibility of state [Warning/state-visibility]
/sb/0x3bb3354f82654dd609300e92c92cf2c7c1bf3171.sol:357:2: Explicitly mark visibility of state [Warning/state-visibility]
/sb/0x3bb3354f82654dd609300e92c92cf2c7c1bf3171.sol:358:2: Missing @notice tag in variable '_totalSupply' [Warning/use-natspec]
/sb/0x3bb3354f82654dd609300e92c92cf2c7c1bf3171.sol:361:2: Missing @notice tag in variable 'name' [Warning/use-natspec]
/sb/0x3bb3354f82654dd609300e92c92cf2c7c1bf3171.sol:362:2: Missing @notice tag in variable 'symbol' [Warning/use-natspec]
/sb/0x3bb3354f82654dd609300e92c92cf2c7c1bf3171.sol:363:2: Missing @notice tag in variable 'decimals' [Warning/use-natspec]
/sb/0x3bb3354f82654dd609300e92c92cf2c7c1bf3171.sol:364:2: Missing @notice tag in variable 'standard' [Warning/use-natspec]
/sb/0x3bb3354f82654dd609300e92c92cf2c7c1bf3171.sol:364:27: Use double quotes for string literals [Error/quotes]
/sb/0x3bb3354f82654dd609300e92c92cf2c7c1bf3171.sol:367:2: Missing @notice tag in variable 'timelockEndTime' [Warning/use-natspec]
/sb/0x3bb3354f82654dd609300e92c92cf2c7c1bf3171.sol:370:2: Missing @notice tag in variable 'addressSCICO' [Warning/use-natspec]
/sb/0x3bb3354f82654dd609300e92c92cf2c7c1bf3171.sol:373:2: Missing @notice tag in variable 'addressSCEscrow' [Warning/use-natspec]
/sb/0x3bb3354f82654dd609300e92c92cf2c7c1bf3171.sol:376:2: Missing @notice tag in variable 'addressSCComplianceService' [Warning/use-natspec]
/sb/0x3bb3354f82654dd609300e92c92cf2c7c1bf3171.sol:377:2: Missing @notice tag in variable 'SCComplianceService' [Warning/use-natspec]
/sb/0x3bb3354f82654dd609300e92c92cf2c7c1bf3171.sol:377:2: Variable name must be in mixedCase SCComplianceService [Warning/var-name-mixedcase]
/sb/0x3bb3354f82654dd609300e92c92cf2c7c1bf3171.sol:384:4: GC: String exceeds 32 bytes [Warning/gas-small-strings]
/sb/0x3bb3354f82654dd609300e92c92cf2c7c1bf3171.sol:384:10: Use double quotes for string literals [Error/quotes]
/sb/0x3bb3354f82654dd609300e92c92cf2c7c1bf3171.sol:395:2: Missing @param tag in function '<anonymous>' [Warning/use-natspec]
/sb/0x3bb3354f82654dd609300e92c92cf2c7c1bf3171.sol:395:2: Mismatch in @param names for function '<anonymous>'. Expected: [_addressSCEscrow, _addressSCComplianceService], Found: [] [Warning/use-natspec]
/sb/0x3bb3354f82654dd609300e92c92cf2c7c1bf3171.sol:418:5: Missing @return tag in function 'totalSupply' [Warning/use-natspec]
/sb/0x3bb3354f82654dd609300e92c92cf2c7c1bf3171.sol:418:5: Mismatch in @return count for function 'totalSupply'. Expected: 1, Found: 0 [Warning/use-natspec]
/sb/0x3bb3354f82654dd609300e92c92cf2c7c1bf3171.sol:418:53: Rule is set with explicit type [var/s: uint] [Warning/explicit-types]
/sb/0x3bb3354f82654dd609300e92c92cf2c7c1bf3171.sol:427:2: Missing @param tag in function 'balanceOf' [Warning/use-natspec]
/sb/0x3bb3354f82654dd609300e92c92cf2c7c1bf3171.sol:427:2: Mismatch in @param names for function 'balanceOf'. Expected: [_owner], Found: [] [Warning/use-natspec]
/sb/0x3bb3354f82654dd609300e92c92cf2c7c1bf3171.sol:427:2: Missing @return tag in function 'balanceOf' [Warning/use-natspec]
/sb/0x3bb3354f82654dd609300e92c92cf2c7c1bf3171.sol:427:2: Mismatch in @return names for function 'balanceOf'. Expected: [balance], Found: [] [Warning/use-natspec]
/sb/0x3bb3354f82654dd609300e92c92cf2c7c1bf3171.sol:434:2: Missing @param tag in function 'transfer' [Warning/use-natspec]
/sb/0x3bb3354f82654dd609300e92c92cf2c7c1bf3171.sol:434:2: Mismatch in @param names for function 'transfer'. Expected: [_to, _amount], Found: [] [Warning/use-natspec]
/sb/0x3bb3354f82654dd609300e92c92cf2c7c1bf3171.sol:434:2: Missing @return tag in function 'transfer' [Warning/use-natspec]
/sb/0x3bb3354f82654dd609300e92c92cf2c7c1bf3171.sol:434:2: Mismatch in @return names for function 'transfer'. Expected: [success], Found: [] [Warning/use-natspec]
/sb/0x3bb3354f82654dd609300e92c92cf2c7c1bf3171.sol:436:4: GC: String exceeds 32 bytes [Warning/gas-small-strings]
/sb/0x3bb3354f82654dd609300e92c92cf2c7c1bf3171.sol:436:10: Use double quotes for string literals [Error/quotes]
/sb/0x3bb3354f82654dd609300e92c92cf2c7c1bf3171.sol:441:4: GC: String exceeds 32 bytes [Warning/gas-small-strings]
/sb/0x3bb3354f82654dd609300e92c92cf2c7c1bf3171.sol:441:10: Use double quotes for string literals [Error/quotes]
/sb/0x3bb3354f82654dd609300e92c92cf2c7c1bf3171.sol:459:2: Missing @param tag in function 'transferFrom' [Warning/use-natspec]
/sb/0x3bb3354f82654dd609300e92c92cf2c7c1bf3171.sol:459:2: Mismatch in @param names for function 'transferFrom'. Expected: [_from, _to, _amount], Found: [] [Warning/use-natspec]
/sb/0x3bb3354f82654dd609300e92c92cf2c7c1bf3171.sol:459:2: Missing @return tag in function 'transferFrom' [Warning/use-natspec]
/sb/0x3bb3354f82654dd609300e92c92cf2c7c1bf3171.sol:459:2: Mismatch in @return names for function 'transferFrom'. Expected: [success], Found: [] [Warning/use-natspec]
/sb/0x3bb3354f82654dd609300e92c92cf2c7c1bf3171.sol:461:4: GC: String exceeds 32 bytes [Warning/gas-small-strings]
/sb/0x3bb3354f82654dd609300e92c92cf2c7c1bf3171.sol:461:10: Use double quotes for string literals [Error/quotes]
/sb/0x3bb3354f82654dd609300e92c92cf2c7c1bf3171.sol:465:4: GC: String exceeds 32 bytes [Warning/gas-small-strings]
/sb/0x3bb3354f82654dd609300e92c92cf2c7c1bf3171.sol:465:10: Use double quotes for string literals [Error/quotes]
/sb/0x3bb3354f82654dd609300e92c92cf2c7c1bf3171.sol:470:4: GC: String exceeds 32 bytes [Warning/gas-small-strings]
/sb/0x3bb3354f82654dd609300e92c92cf2c7c1bf3171.sol:470:10: Use double quotes for string literals [Error/quotes]
/sb/0x3bb3354f82654dd609300e92c92cf2c7c1bf3171.sol:486:2: Missing @param tag in function 'approve' [Warning/use-natspec]
/sb/0x3bb3354f82654dd609300e92c92cf2c7c1bf3171.sol:486:2: Mismatch in @param names for function 'approve'. Expected: [_spender, _amount], Found: [] [Warning/use-natspec]
/sb/0x3bb3354f82654dd609300e92c92cf2c7c1bf3171.sol:486:2: Missing @return tag in function 'approve' [Warning/use-natspec]
/sb/0x3bb3354f82654dd609300e92c92cf2c7c1bf3171.sol:486:2: Mismatch in @return names for function 'approve'. Expected: [success], Found: [] [Warning/use-natspec]
/sb/0x3bb3354f82654dd609300e92c92cf2c7c1bf3171.sol:496:2: Missing @param tag in function 'allowance' [Warning/use-natspec]
/sb/0x3bb3354f82654dd609300e92c92cf2c7c1bf3171.sol:496:2: Mismatch in @param names for function 'allowance'. Expected: [_owner, _spender], Found: [] [Warning/use-natspec]
/sb/0x3bb3354f82654dd609300e92c92cf2c7c1bf3171.sol:496:2: Missing @return tag in function 'allowance' [Warning/use-natspec]
/sb/0x3bb3354f82654dd609300e92c92cf2c7c1bf3171.sol:496:2: Mismatch in @return names for function 'allowance'. Expected: [remaining], Found: [] [Warning/use-natspec]
/sb/0x3bb3354f82654dd609300e92c92cf2c7c1bf3171.sol:510:2: Missing @notice tag in function 'increaseApproval' [Warning/use-natspec]
/sb/0x3bb3354f82654dd609300e92c92cf2c7c1bf3171.sol:510:2: Missing @return tag in function 'increaseApproval' [Warning/use-natspec]
/sb/0x3bb3354f82654dd609300e92c92cf2c7c1bf3171.sol:510:2: Mismatch in @return count for function 'increaseApproval'. Expected: 1, Found: 0 [Warning/use-natspec]
/sb/0x3bb3354f82654dd609300e92c92cf2c7c1bf3171.sol:510:46: Rule is set with explicit type [var/s: uint] [Warning/explicit-types]
/sb/0x3bb3354f82654dd609300e92c92cf2c7c1bf3171.sol:526:2: Missing @notice tag in function 'decreaseApproval' [Warning/use-natspec]
/sb/0x3bb3354f82654dd609300e92c92cf2c7c1bf3171.sol:526:2: Missing @return tag in function 'decreaseApproval' [Warning/use-natspec]
/sb/0x3bb3354f82654dd609300e92c92cf2c7c1bf3171.sol:526:2: Mismatch in @return count for function 'decreaseApproval'. Expected: 1, Found: 0 [Warning/use-natspec]
/sb/0x3bb3354f82654dd609300e92c92cf2c7c1bf3171.sol:526:46: Rule is set with explicit type [var/s: uint] [Warning/explicit-types]
/sb/0x3bb3354f82654dd609300e92c92cf2c7c1bf3171.sol:527:3: Rule is set with explicit type [var/s: uint] [Warning/explicit-types]
/sb/0x3bb3354f82654dd609300e92c92cf2c7c1bf3171.sol:541:2: Missing @param tag in function 'refundTokens' [Warning/use-natspec]
/sb/0x3bb3354f82654dd609300e92c92cf2c7c1bf3171.sol:541:2: Mismatch in @param names for function 'refundTokens'. Expected: [_from, _amount], Found: [] [Warning/use-natspec]
/sb/0x3bb3354f82654dd609300e92c92cf2c7c1bf3171.sol:541:2: Missing @return tag in function 'refundTokens' [Warning/use-natspec]
/sb/0x3bb3354f82654dd609300e92c92cf2c7c1bf3171.sol:541:2: Mismatch in @return names for function 'refundTokens'. Expected: [success], Found: [] [Warning/use-natspec]
/sb/0x3bb3354f82654dd609300e92c92cf2c7c1bf3171.sol:542:13: Avoid to use tx.origin [Warning/avoid-tx-origin]
/sb/0x3bb3354f82654dd609300e92c92cf2c7c1bf3171.sol:543:13: GC: String exceeds 32 bytes [Warning/gas-small-strings]
/sb/0x3bb3354f82654dd609300e92c92cf2c7c1bf3171.sol:543:19: Use double quotes for string literals [Error/quotes]
/sb/0x3bb3354f82654dd609300e92c92cf2c7c1bf3171.sol:548:13: GC: String exceeds 32 bytes [Warning/gas-small-strings]
/sb/0x3bb3354f82654dd609300e92c92cf2c7c1bf3171.sol:548:19: Use double quotes for string literals [Error/quotes]
/sb/0x3bb3354f82654dd609300e92c92cf2c7c1bf3171.sol:553:13: GC: String exceeds 32 bytes [Warning/gas-small-strings]
/sb/0x3bb3354f82654dd609300e92c92cf2c7c1bf3171.sol:553:19: Use double quotes for string literals [Error/quotes]
/sb/0x3bb3354f82654dd609300e92c92cf2c7c1bf3171.sol:558:4: GC: String exceeds 32 bytes [Warning/gas-small-strings]
/sb/0x3bb3354f82654dd609300e92c92cf2c7c1bf3171.sol:558:10: Use double quotes for string literals [Error/quotes]
/sb/0x3bb3354f82654dd609300e92c92cf2c7c1bf3171.sol:572:2: Missing @param tag in function 'setMyICOContract' [Warning/use-natspec]
/sb/0x3bb3354f82654dd609300e92c92cf2c7c1bf3171.sol:572:2: Mismatch in @param names for function 'setMyICOContract'. Expected: [_SCICO], Found: [] [Warning/use-natspec]
/sb/0x3bb3354f82654dd609300e92c92cf2c7c1bf3171.sol:572:28: Variable name must be in mixedCase _SCICO [Warning/var-name-mixedcase]
/sb/0x3bb3354f82654dd609300e92c92cf2c7c1bf3171.sol:576:2: Missing @notice tag in function 'setComplianceService' [Warning/use-natspec]
/sb/0x3bb3354f82654dd609300e92c92cf2c7c1bf3171.sol:576:2: Missing @param tag in function 'setComplianceService' [Warning/use-natspec]
/sb/0x3bb3354f82654dd609300e92c92cf2c7c1bf3171.sol:576:2: Mismatch in @param names for function 'setComplianceService'. Expected: [_addressSCComplianceService], Found: [] [Warning/use-natspec]
/sb/0x3bb3354f82654dd609300e92c92cf2c7c1bf3171.sol:584:2: Missing @param tag in function 'updateTimeLock' [Warning/use-natspec]
/sb/0x3bb3354f82654dd609300e92c92cf2c7c1bf3171.sol:584:2: Mismatch in @param names for function 'updateTimeLock'. Expected: [_timelockEndTime], Found: [] [Warning/use-natspec]
/sb/0x3bb3354f82654dd609300e92c92cf2c7c1bf3171.sol:584:2: Missing @return tag in function 'updateTimeLock' [Warning/use-natspec]
/sb/0x3bb3354f82654dd609300e92c92cf2c7c1bf3171.sol:584:2: Mismatch in @return count for function 'updateTimeLock'. Expected: 1, Found: 0 [Warning/use-natspec]
/sb/0x3bb3354f82654dd609300e92c92cf2c7c1bf3171.sol:584:62: Visibility modifier must be first in list of modifiers [Warning/visibility-modifier-order]
/sb/0x3bb3354f82654dd609300e92c92cf2c7c1bf3171.sol:596:2: Missing @notice tag in event 'Transfer' [Warning/use-natspec]
/sb/0x3bb3354f82654dd609300e92c92cf2c7c1bf3171.sol:596:2: Missing @param tag in event 'Transfer' [Warning/use-natspec]
/sb/0x3bb3354f82654dd609300e92c92cf2c7c1bf3171.sol:596:2: Mismatch in @param names for event 'Transfer'. Expected: [_from, _to, _amount], Found: [] [Warning/use-natspec]
/sb/0x3bb3354f82654dd609300e92c92cf2c7c1bf3171.sol:596:2: GC: [_amount] on Event [Transfer] could be Indexed [Warning/gas-indexed-events]
/sb/0x3bb3354f82654dd609300e92c92cf2c7c1bf3171.sol:599:2: Missing @notice tag in event 'Approval' [Warning/use-natspec]
/sb/0x3bb3354f82654dd609300e92c92cf2c7c1bf3171.sol:599:2: Missing @param tag in event 'Approval' [Warning/use-natspec]
/sb/0x3bb3354f82654dd609300e92c92cf2c7c1bf3171.sol:599:2: Mismatch in @param names for event 'Approval'. Expected: [_owner, _spender, _amount], Found: [] [Warning/use-natspec]
/sb/0x3bb3354f82654dd609300e92c92cf2c7c1bf3171.sol:599:2: GC: [_amount] on Event [Approval] could be Indexed [Warning/gas-indexed-events]
/sb/0x3bb3354f82654dd609300e92c92cf2c7c1bf3171.sol:602:2: Missing @notice tag in event 'UpdateTimeLock' [Warning/use-natspec]
/sb/0x3bb3354f82654dd609300e92c92cf2c7c1bf3171.sol:602:2: Missing @param tag in event 'UpdateTimeLock' [Warning/use-natspec]
/sb/0x3bb3354f82654dd609300e92c92cf2c7c1bf3171.sol:602:2: Mismatch in @param names for event 'UpdateTimeLock'. Expected: [_timelockEndTime], Found: [] [Warning/use-natspec]
/sb/0x3bb3354f82654dd609300e92c92cf2c7c1bf3171.sol:602:2: GC: [_timelockEndTime] on Event [UpdateTimeLock] could be Indexed [Warning/gas-indexed-events]

250 problem/s (21 error/s, 229 warning/s)
