Extract contract Ownable from /sb/0xcb6d1378aa283dfe4ed7c67242fef1c79338a507.sol
Extract contract SafeMath from /sb/0xcb6d1378aa283dfe4ed7c67242fef1c79338a507.sol
Extract contract lockEtherPay from /sb/0xcb6d1378aa283dfe4ed7c67242fef1c79338a507.sol
Extracted 3 contract(s) from /sb/0xcb6d1378aa283dfe4ed7c67242fef1c79338a507.sol
[0;32m> Created "fuzzMe"[0m
[0;32m> To fuzz contracts:[0m
  chmod +x fuzzMe
  ./fuzzMe
assets/NormalAttacker.sol:5:3: Warning: No visibility specified. Defaulting to "public". 
  function() payable {
  ^ (Relevant source part starts here and spans across multiple lines).
assets/ReentrancyAttacker.sol:8:7: Warning: Return value of low-level calls not used.
      msg.sender.call(bytes4(255));
      ^--------------------------^
assets/ReentrancyAttacker.sol:5:3: Warning: No visibility specified. Defaulting to "public". 
  function() payable {
  ^ (Relevant source part starts here and spans across multiple lines).
>> Fuzz Ownable
** Write stats: 0.003503
** Write stats: 5.0002
** Write stats: 10.0001
** Write stats: 15.0116
** Write stats: 20.0003
** Write stats: 25.0005
** Write stats: 30.0001
** Write stats: 35.0001
** Write stats: 40.0002
** Write stats: 45.0001
** Write stats: 50.0002
** Write stats: 55.0003
** Write stats: 60.0001
** Write stats: 65.0101
** Write stats: 70.0001
** Write stats: 75.0001
** Write stats: 80.0002
** Write stats: 85.0027
** Write stats: 90.0109
** Write stats: 95.0009
** Write stats: 100
** Write stats: 105
** Write stats: 110
** Write stats: 115
** Write stats: 120
** Write stats: 125
** Write stats: 130
** Write stats: 135.007
** Write stats: 140
** Write stats: 145
** Write stats: 150
** Write stats: 155
** Write stats: 160
** Write stats: 165
** Write stats: 170.011
** Write stats: 175
** Write stats: 180
** Write stats: 185
** Write stats: 190
** Write stats: 195
** Write stats: 200.012
** Write stats: 205.005
** Write stats: 210
** Write stats: 215
** Write stats: 220
** Write stats: 225
** Write stats: 230
** Write stats: 235.002
** Write stats: 240
** Write stats: 245
** Write stats: 250.011
** Write stats: 255
** Write stats: 260
** Write stats: 265
** Write stats: 270
** Write stats: 275.015
** Write stats: 280
** Write stats: 285.013
** Write stats: 290
** Write stats: 295
** Write stats: 298.002
>> Fuzz SafeMath
** Write stats: 0.001976
** Write stats: 5.00008
** Write stats: 10.0001
** Write stats: 15.0001
** Write stats: 20.0001
** Write stats: 25.0004
** Write stats: 30.1161
** Write stats: 35.0001
** Write stats: 40.0001
** Write stats: 45.0001
** Write stats: 50.0002
** Write stats: 55.0001
** Write stats: 60.4795
** Write stats: 65.0002
** Write stats: 70.0001
** Write stats: 75.0001
** Write stats: 80.0001
** Write stats: 85.0001
** Write stats: 90.0001
** Write stats: 95.0001
** Write stats: 100.001
** Write stats: 105
** Write stats: 110
** Write stats: 115
** Write stats: 125
** Write stats: 130
** Write stats: 135
** Write stats: 140
** Write stats: 145
** Write stats: 150
** Write stats: 155
** Write stats: 160
** Write stats: 165
** Write stats: 170
** Write stats: 175
** Write stats: 180
** Write stats: 185
** Write stats: 190
** Write stats: 195
** Write stats: 200
** Write stats: 205
** Write stats: 210
** Write stats: 215
** Write stats: 220
** Write stats: 225
** Write stats: 230
** Write stats: 235
** Write stats: 240.483
** Write stats: 265
** Write stats: 270
** Write stats: 275
** Write stats: 280
** Write stats: 285
** Write stats: 290
** Write stats: 295
** Write stats: 298.001
>> Fuzz lockEtherPay
** Write stats: 0.007098
** Write stats: 5.00027
** Write stats: 10.0002
** Write stats: 15.0003
** Write stats: 20.0003
** Write stats: 25.0004
** Write stats: 30.0062
** Write stats: 35.0002
** Write stats: 40.0005
** Write stats: 45.0004
** Write stats: 50.0005
** Write stats: 55.0004
** Write stats: 60.0003
** Write stats: 65.0005
** Write stats: 70.0008
** Write stats: 75.001
** Write stats: 80.0008
** Write stats: 85.001
** Write stats: 90.0005
** Write stats: 95.0003
** Write stats: 100.001
** Write stats: 105.001
** Write stats: 110.001
** Write stats: 115
** Write stats: 120.001
** Write stats: 125.001
** Write stats: 130.001
** Write stats: 135.001
** Write stats: 140
** Write stats: 145
** Write stats: 150.001
** Write stats: 155.001
** Write stats: 160
** Write stats: 165.001
** Write stats: 170
** Write stats: 175.001
** Write stats: 180.001
** Write stats: 185
** Write stats: 190
** Write stats: 195
** Write stats: 200
** Write stats: 205.001
** Write stats: 210.001
** Write stats: 215
** Write stats: 220.001
** Write stats: 225.001
** Write stats: 230.001
** Write stats: 235.001
** Write stats: 240.001
** Write stats: 245.001
** Write stats: 250.001
** Write stats: 255.015
** Write stats: 260.001
** Write stats: 265.001
** Write stats: 270.014
** Write stats: 275
** Write stats: 280.001
** Write stats: 285
** Write stats: 290.001
** Write stats: 295.001
** Write stats: 298.005
