'solc --version' running
'solc /sb/0xba2e5c1f9bfa6b9a0e52487433c69e4d8b7c10e4.sol --combined-json abi,ast,bin,bin-runtime,srcmap,srcmap-runtime,userdoc,devdoc,hashes,compact-format --allow-paths .,/sb' running
Compilation warnings/errors on /sb/0xba2e5c1f9bfa6b9a0e52487433c69e4d8b7c10e4.sol:
/sb/0xba2e5c1f9bfa6b9a0e52487433c69e4d8b7c10e4.sol:27:5: Warning: Defining constructors as functions with the same name as the contract is deprecated. Use "constructor(...) { ... }" instead.
    function SJT(
    ^ (Relevant source part starts here and spans across multiple lines).
/sb/0xba2e5c1f9bfa6b9a0e52487433c69e4d8b7c10e4.sol:3:28: Warning: Functions in interfaces should be declared external.
interface tokenRecipient { function receiveApproval(address _from, uint256 _value, address _token, bytes _extraData) public; }
                           ^-----------------------------------------------------------------------------------------------^
/sb/0xba2e5c1f9bfa6b9a0e52487433c69e4d8b7c10e4.sol:51:9: Warning: Invoking events without "emit" prefix is deprecated.
        Transfer(_from, _to, _value);
        ^--------------------------^
/sb/0xba2e5c1f9bfa6b9a0e52487433c69e4d8b7c10e4.sol:128:9: Warning: Invoking events without "emit" prefix is deprecated.
        Burn(msg.sender, _value);
        ^----------------------^
/sb/0xba2e5c1f9bfa6b9a0e52487433c69e4d8b7c10e4.sol:146:9: Warning: Invoking events without "emit" prefix is deprecated.
        Burn(_from, _value);
        ^-----------------^


SJT (../sb/0xba2e5c1f9bfa6b9a0e52487433c69e4d8b7c10e4.sol#5-150) has incorrect ERC20 function interface:SJT.transfer(address,uint256) (../sb/0xba2e5c1f9bfa6b9a0e52487433c69e4d8b7c10e4.sol#64-66)
Reference: https://github.com/crytic/slither/wiki/Detector-Documentation#incorrect-erc20-interface

Version constraint ^0.4.21 contains known severe issues (https://solidity.readthedocs.io/en/latest/bugs.html)
	- DirtyBytesArrayToStorage
	- ABIDecodeTwoDimensionalArrayMemory
	- KeccakCaching
	- EmptyByteArrayCopy
	- DynamicArrayCleanup
	- ImplicitConstructorCallvalueCheck
	- TupleAssignmentMultiStackSlotComponents
	- MemoryArrayCreationOverflow
	- privateCanBeOverridden
	- SignedArrayStorageCopy
	- ABIEncoderV2StorageArrayWithMultiSlotElement
	- DynamicConstructorArgumentsClippedABIV2
	- UninitializedFunctionPointerInConstructor_0.4.x
	- IncorrectEventSignatureInLibraries_0.4.x
	- ABIEncoderV2PackedStorage_0.4.x
	- ExpExponentCleanup
	- EventStructWrongData
	- NestedArrayFunctionCallDecoder.
It is used by:
	- ^0.4.21 (../sb/0xba2e5c1f9bfa6b9a0e52487433c69e4d8b7c10e4.sol#1)
solc-0.4.26 is an outdated solc version. Use a more recent version (at least 0.8.0), if possible.
Reference: https://github.com/crytic/slither/wiki/Detector-Documentation#incorrect-versions-of-solidity

Contract tokenRecipient (../sb/0xba2e5c1f9bfa6b9a0e52487433c69e4d8b7c10e4.sol#3) is not in CapWords
Parameter SJT.transfer(address,uint256)._to (../sb/0xba2e5c1f9bfa6b9a0e52487433c69e4d8b7c10e4.sol#64) is not in mixedCase
Parameter SJT.transfer(address,uint256)._value (../sb/0xba2e5c1f9bfa6b9a0e52487433c69e4d8b7c10e4.sol#64) is not in mixedCase
Parameter SJT.transferFrom(address,address,uint256)._from (../sb/0xba2e5c1f9bfa6b9a0e52487433c69e4d8b7c10e4.sol#77) is not in mixedCase
Parameter SJT.transferFrom(address,address,uint256)._to (../sb/0xba2e5c1f9bfa6b9a0e52487433c69e4d8b7c10e4.sol#77) is not in mixedCase
Parameter SJT.transferFrom(address,address,uint256)._value (../sb/0xba2e5c1f9bfa6b9a0e52487433c69e4d8b7c10e4.sol#77) is not in mixedCase
Parameter SJT.approve(address,uint256)._spender (../sb/0xba2e5c1f9bfa6b9a0e52487433c69e4d8b7c10e4.sol#92) is not in mixedCase
Parameter SJT.approve(address,uint256)._value (../sb/0xba2e5c1f9bfa6b9a0e52487433c69e4d8b7c10e4.sol#92) is not in mixedCase
Parameter SJT.approveAndCall(address,uint256,bytes)._spender (../sb/0xba2e5c1f9bfa6b9a0e52487433c69e4d8b7c10e4.sol#107) is not in mixedCase
Parameter SJT.approveAndCall(address,uint256,bytes)._value (../sb/0xba2e5c1f9bfa6b9a0e52487433c69e4d8b7c10e4.sol#107) is not in mixedCase
Parameter SJT.approveAndCall(address,uint256,bytes)._extraData (../sb/0xba2e5c1f9bfa6b9a0e52487433c69e4d8b7c10e4.sol#107) is not in mixedCase
Parameter SJT.burn(uint256)._value (../sb/0xba2e5c1f9bfa6b9a0e52487433c69e4d8b7c10e4.sol#124) is not in mixedCase
Parameter SJT.burnFrom(address,uint256)._from (../sb/0xba2e5c1f9bfa6b9a0e52487433c69e4d8b7c10e4.sol#140) is not in mixedCase
Parameter SJT.burnFrom(address,uint256)._value (../sb/0xba2e5c1f9bfa6b9a0e52487433c69e4d8b7c10e4.sol#140) is not in mixedCase
Reference: https://github.com/crytic/slither/wiki/Detector-Documentation#conformance-to-solidity-naming-conventions

SJT.SJT() (../sb/0xba2e5c1f9bfa6b9a0e52487433c69e4d8b7c10e4.sol#27-33) uses literals with too many digits:
	- totalSupply = 5000000000 (../sb/0xba2e5c1f9bfa6b9a0e52487433c69e4d8b7c10e4.sol#29)
SJT.SJT() (../sb/0xba2e5c1f9bfa6b9a0e52487433c69e4d8b7c10e4.sol#27-33) uses literals with too many digits:
	- balanceOf[msg.sender] = 5000000000 (../sb/0xba2e5c1f9bfa6b9a0e52487433c69e4d8b7c10e4.sol#30)
Reference: https://github.com/crytic/slither/wiki/Detector-Documentation#too-many-digits

SJT.decimals (../sb/0xba2e5c1f9bfa6b9a0e52487433c69e4d8b7c10e4.sol#9) should be constant 
Reference: https://github.com/crytic/slither/wiki/Detector-Documentation#state-variables-that-could-be-declared-constant

receiveApproval(address,uint256,address,bytes) should be declared external:
	- tokenRecipient.receiveApproval(address,uint256,address,bytes) (../sb/0xba2e5c1f9bfa6b9a0e52487433c69e4d8b7c10e4.sol#3)
approveAndCall(address,uint256,bytes) should be declared external:
	- SJT.approveAndCall(address,uint256,bytes) (../sb/0xba2e5c1f9bfa6b9a0e52487433c69e4d8b7c10e4.sol#107-115)
Reference: https://github.com/crytic/slither/wiki/Detector-Documentation#public-function-that-could-be-declared-external
/sb/0xba2e5c1f9bfa6b9a0e52487433c69e4d8b7c10e4.sol analyzed (2 contracts with 100 detectors), 22 result(s) found
