A new version of Solhint is available: 6.0.1
Please consider updating your Solhint package.
/sb/0x5bb5b32cb114c7f558a3f5b0933dcfa74be9611a.sol:1:1: Found more than One contract per file. 13 contracts found! [Warning/one-contract-per-file]
/sb/0x5bb5b32cb114c7f558a3f5b0933dcfa74be9611a.sol:1:1: Compiler version ^0.4.13 does not satisfy the ^0.8.24 semver requirement [Error/compiler-version]
/sb/0x5bb5b32cb114c7f558a3f5b0933dcfa74be9611a.sol:3:1: Missing @title tag in contract 'Utils' [Warning/use-natspec]
/sb/0x5bb5b32cb114c7f558a3f5b0933dcfa74be9611a.sol:3:1: Missing @author tag in contract 'Utils' [Warning/use-natspec]
/sb/0x5bb5b32cb114c7f558a3f5b0933dcfa74be9611a.sol:3:1: Missing @notice tag in contract 'Utils' [Warning/use-natspec]
/sb/0x5bb5b32cb114c7f558a3f5b0933dcfa74be9611a.sol:7:5: Missing @notice tag in function 'Utils' [Warning/use-natspec]
/sb/0x5bb5b32cb114c7f558a3f5b0933dcfa74be9611a.sol:7:5: Explicitly mark visibility in function (Set ignoreConstructors to true if using solidity >=0.7.0) [Warning/func-visibility]
/sb/0x5bb5b32cb114c7f558a3f5b0933dcfa74be9611a.sol:7:22: Code contains empty blocks [Warning/no-empty-blocks]
/sb/0x5bb5b32cb114c7f558a3f5b0933dcfa74be9611a.sol:12:9: Provide an error message for require [Warning/reason-string]
/sb/0x5bb5b32cb114c7f558a3f5b0933dcfa74be9611a.sol:18:9: Provide an error message for require [Warning/reason-string]
/sb/0x5bb5b32cb114c7f558a3f5b0933dcfa74be9611a.sol:24:9: Provide an error message for require [Warning/reason-string]
/sb/0x5bb5b32cb114c7f558a3f5b0933dcfa74be9611a.sol:38:5: Missing @notice tag in function 'safeAdd' [Warning/use-natspec]
/sb/0x5bb5b32cb114c7f558a3f5b0933dcfa74be9611a.sol:40:16: GC: Non strict inequality found. Try converting to a strict one [Warning/gas-strict-inequalities]
/sb/0x5bb5b32cb114c7f558a3f5b0933dcfa74be9611a.sol:52:5: Missing @notice tag in function 'safeSub' [Warning/use-natspec]
/sb/0x5bb5b32cb114c7f558a3f5b0933dcfa74be9611a.sol:53:16: GC: Non strict inequality found. Try converting to a strict one [Warning/gas-strict-inequalities]
/sb/0x5bb5b32cb114c7f558a3f5b0933dcfa74be9611a.sol:65:5: Missing @notice tag in function 'safeMul' [Warning/use-natspec]
/sb/0x5bb5b32cb114c7f558a3f5b0933dcfa74be9611a.sol:72:1: Missing @title tag in contract 'IERC20Token' [Warning/use-natspec]
/sb/0x5bb5b32cb114c7f558a3f5b0933dcfa74be9611a.sol:72:1: Missing @author tag in contract 'IERC20Token' [Warning/use-natspec]
/sb/0x5bb5b32cb114c7f558a3f5b0933dcfa74be9611a.sol:72:1: Missing @notice tag in contract 'IERC20Token' [Warning/use-natspec]
/sb/0x5bb5b32cb114c7f558a3f5b0933dcfa74be9611a.sol:74:5: Missing @notice tag in function 'name' [Warning/use-natspec]
/sb/0x5bb5b32cb114c7f558a3f5b0933dcfa74be9611a.sol:74:5: Missing @return tag in function 'name' [Warning/use-natspec]
/sb/0x5bb5b32cb114c7f558a3f5b0933dcfa74be9611a.sol:74:5: Mismatch in @return names for function 'name'. Expected: [name], Found: [] [Warning/use-natspec]
/sb/0x5bb5b32cb114c7f558a3f5b0933dcfa74be9611a.sol:75:5: Missing @notice tag in function 'symbol' [Warning/use-natspec]
/sb/0x5bb5b32cb114c7f558a3f5b0933dcfa74be9611a.sol:75:5: Missing @return tag in function 'symbol' [Warning/use-natspec]
/sb/0x5bb5b32cb114c7f558a3f5b0933dcfa74be9611a.sol:75:5: Mismatch in @return names for function 'symbol'. Expected: [symbol], Found: [] [Warning/use-natspec]
/sb/0x5bb5b32cb114c7f558a3f5b0933dcfa74be9611a.sol:76:5: Missing @notice tag in function 'decimals' [Warning/use-natspec]
/sb/0x5bb5b32cb114c7f558a3f5b0933dcfa74be9611a.sol:76:5: Missing @return tag in function 'decimals' [Warning/use-natspec]
/sb/0x5bb5b32cb114c7f558a3f5b0933dcfa74be9611a.sol:76:5: Mismatch in @return names for function 'decimals'. Expected: [decimals], Found: [] [Warning/use-natspec]
/sb/0x5bb5b32cb114c7f558a3f5b0933dcfa74be9611a.sol:77:5: Missing @notice tag in function 'totalSupply' [Warning/use-natspec]
/sb/0x5bb5b32cb114c7f558a3f5b0933dcfa74be9611a.sol:77:5: Missing @return tag in function 'totalSupply' [Warning/use-natspec]
/sb/0x5bb5b32cb114c7f558a3f5b0933dcfa74be9611a.sol:77:5: Mismatch in @return names for function 'totalSupply'. Expected: [totalSupply], Found: [] [Warning/use-natspec]
/sb/0x5bb5b32cb114c7f558a3f5b0933dcfa74be9611a.sol:78:5: Missing @notice tag in function 'balanceOf' [Warning/use-natspec]
/sb/0x5bb5b32cb114c7f558a3f5b0933dcfa74be9611a.sol:78:5: Missing @param tag in function 'balanceOf' [Warning/use-natspec]
/sb/0x5bb5b32cb114c7f558a3f5b0933dcfa74be9611a.sol:78:5: Mismatch in @param names for function 'balanceOf'. Expected: [_owner], Found: [] [Warning/use-natspec]
/sb/0x5bb5b32cb114c7f558a3f5b0933dcfa74be9611a.sol:78:5: Missing @return tag in function 'balanceOf' [Warning/use-natspec]
/sb/0x5bb5b32cb114c7f558a3f5b0933dcfa74be9611a.sol:78:5: Mismatch in @return names for function 'balanceOf'. Expected: [balance], Found: [] [Warning/use-natspec]
/sb/0x5bb5b32cb114c7f558a3f5b0933dcfa74be9611a.sol:79:5: Missing @notice tag in function 'allowance' [Warning/use-natspec]
/sb/0x5bb5b32cb114c7f558a3f5b0933dcfa74be9611a.sol:79:5: Missing @param tag in function 'allowance' [Warning/use-natspec]
/sb/0x5bb5b32cb114c7f558a3f5b0933dcfa74be9611a.sol:79:5: Mismatch in @param names for function 'allowance'. Expected: [_owner, _spender], Found: [] [Warning/use-natspec]
/sb/0x5bb5b32cb114c7f558a3f5b0933dcfa74be9611a.sol:79:5: Missing @return tag in function 'allowance' [Warning/use-natspec]
/sb/0x5bb5b32cb114c7f558a3f5b0933dcfa74be9611a.sol:79:5: Mismatch in @return names for function 'allowance'. Expected: [remaining], Found: [] [Warning/use-natspec]
/sb/0x5bb5b32cb114c7f558a3f5b0933dcfa74be9611a.sol:81:5: Missing @notice tag in function 'transfer' [Warning/use-natspec]
/sb/0x5bb5b32cb114c7f558a3f5b0933dcfa74be9611a.sol:81:5: Missing @param tag in function 'transfer' [Warning/use-natspec]
/sb/0x5bb5b32cb114c7f558a3f5b0933dcfa74be9611a.sol:81:5: Mismatch in @param names for function 'transfer'. Expected: [_to, _value], Found: [] [Warning/use-natspec]
/sb/0x5bb5b32cb114c7f558a3f5b0933dcfa74be9611a.sol:81:5: Missing @return tag in function 'transfer' [Warning/use-natspec]
/sb/0x5bb5b32cb114c7f558a3f5b0933dcfa74be9611a.sol:81:5: Mismatch in @return names for function 'transfer'. Expected: [success], Found: [] [Warning/use-natspec]
/sb/0x5bb5b32cb114c7f558a3f5b0933dcfa74be9611a.sol:82:5: Missing @notice tag in function 'transferFrom' [Warning/use-natspec]
/sb/0x5bb5b32cb114c7f558a3f5b0933dcfa74be9611a.sol:82:5: Missing @param tag in function 'transferFrom' [Warning/use-natspec]
/sb/0x5bb5b32cb114c7f558a3f5b0933dcfa74be9611a.sol:82:5: Mismatch in @param names for function 'transferFrom'. Expected: [_from, _to, _value], Found: [] [Warning/use-natspec]
/sb/0x5bb5b32cb114c7f558a3f5b0933dcfa74be9611a.sol:82:5: Missing @return tag in function 'transferFrom' [Warning/use-natspec]
/sb/0x5bb5b32cb114c7f558a3f5b0933dcfa74be9611a.sol:82:5: Mismatch in @return names for function 'transferFrom'. Expected: [success], Found: [] [Warning/use-natspec]
/sb/0x5bb5b32cb114c7f558a3f5b0933dcfa74be9611a.sol:83:5: Missing @notice tag in function 'approve' [Warning/use-natspec]
/sb/0x5bb5b32cb114c7f558a3f5b0933dcfa74be9611a.sol:83:5: Missing @param tag in function 'approve' [Warning/use-natspec]
/sb/0x5bb5b32cb114c7f558a3f5b0933dcfa74be9611a.sol:83:5: Mismatch in @param names for function 'approve'. Expected: [_spender, _value], Found: [] [Warning/use-natspec]
/sb/0x5bb5b32cb114c7f558a3f5b0933dcfa74be9611a.sol:83:5: Missing @return tag in function 'approve' [Warning/use-natspec]
/sb/0x5bb5b32cb114c7f558a3f5b0933dcfa74be9611a.sol:83:5: Mismatch in @return names for function 'approve'. Expected: [success], Found: [] [Warning/use-natspec]
/sb/0x5bb5b32cb114c7f558a3f5b0933dcfa74be9611a.sol:86:1: Missing @title tag in contract 'ERC20Token' [Warning/use-natspec]
/sb/0x5bb5b32cb114c7f558a3f5b0933dcfa74be9611a.sol:86:1: Missing @author tag in contract 'ERC20Token' [Warning/use-natspec]
/sb/0x5bb5b32cb114c7f558a3f5b0933dcfa74be9611a.sol:86:1: Missing @notice tag in contract 'ERC20Token' [Warning/use-natspec]
/sb/0x5bb5b32cb114c7f558a3f5b0933dcfa74be9611a.sol:87:5: Missing @notice tag in variable 'standard' [Warning/use-natspec]
/sb/0x5bb5b32cb114c7f558a3f5b0933dcfa74be9611a.sol:87:30: Use double quotes for string literals [Error/quotes]
/sb/0x5bb5b32cb114c7f558a3f5b0933dcfa74be9611a.sol:88:5: Missing @notice tag in variable 'name' [Warning/use-natspec]
/sb/0x5bb5b32cb114c7f558a3f5b0933dcfa74be9611a.sol:88:26: Use double quotes for string literals [Error/quotes]
/sb/0x5bb5b32cb114c7f558a3f5b0933dcfa74be9611a.sol:89:5: Missing @notice tag in variable 'symbol' [Warning/use-natspec]
/sb/0x5bb5b32cb114c7f558a3f5b0933dcfa74be9611a.sol:89:28: Use double quotes for string literals [Error/quotes]
/sb/0x5bb5b32cb114c7f558a3f5b0933dcfa74be9611a.sol:90:5: Missing @notice tag in variable 'decimals' [Warning/use-natspec]
/sb/0x5bb5b32cb114c7f558a3f5b0933dcfa74be9611a.sol:91:5: Missing @notice tag in variable 'totalSupply' [Warning/use-natspec]
/sb/0x5bb5b32cb114c7f558a3f5b0933dcfa74be9611a.sol:92:5: Missing @notice tag in variable 'balanceOf' [Warning/use-natspec]
/sb/0x5bb5b32cb114c7f558a3f5b0933dcfa74be9611a.sol:93:5: Missing @notice tag in variable 'allowance' [Warning/use-natspec]
/sb/0x5bb5b32cb114c7f558a3f5b0933dcfa74be9611a.sol:95:5: Missing @notice tag in event 'Transfer' [Warning/use-natspec]
/sb/0x5bb5b32cb114c7f558a3f5b0933dcfa74be9611a.sol:95:5: Missing @param tag in event 'Transfer' [Warning/use-natspec]
/sb/0x5bb5b32cb114c7f558a3f5b0933dcfa74be9611a.sol:95:5: Mismatch in @param names for event 'Transfer'. Expected: [_from, _to, _value], Found: [] [Warning/use-natspec]
/sb/0x5bb5b32cb114c7f558a3f5b0933dcfa74be9611a.sol:95:5: GC: [_value] on Event [Transfer] could be Indexed [Warning/gas-indexed-events]
/sb/0x5bb5b32cb114c7f558a3f5b0933dcfa74be9611a.sol:96:5: Missing @notice tag in event 'Approval' [Warning/use-natspec]
/sb/0x5bb5b32cb114c7f558a3f5b0933dcfa74be9611a.sol:96:5: Missing @param tag in event 'Approval' [Warning/use-natspec]
/sb/0x5bb5b32cb114c7f558a3f5b0933dcfa74be9611a.sol:96:5: Mismatch in @param names for event 'Approval'. Expected: [_owner, _spender, _value], Found: [] [Warning/use-natspec]
/sb/0x5bb5b32cb114c7f558a3f5b0933dcfa74be9611a.sol:96:5: GC: [_value] on Event [Approval] could be Indexed [Warning/gas-indexed-events]
/sb/0x5bb5b32cb114c7f558a3f5b0933dcfa74be9611a.sol:105:5: Missing @notice tag in function 'ERC20Token' [Warning/use-natspec]
/sb/0x5bb5b32cb114c7f558a3f5b0933dcfa74be9611a.sol:105:5: Explicitly mark visibility in function (Set ignoreConstructors to true if using solidity >=0.7.0) [Warning/func-visibility]
/sb/0x5bb5b32cb114c7f558a3f5b0933dcfa74be9611a.sol:106:9: Provide an error message for require [Warning/reason-string]
/sb/0x5bb5b32cb114c7f558a3f5b0933dcfa74be9611a.sol:122:5: Missing @notice tag in function 'transfer' [Warning/use-natspec]
/sb/0x5bb5b32cb114c7f558a3f5b0933dcfa74be9611a.sol:122:5: Mismatch in @return names for function 'transfer'. Expected: [success], Found: [true] [Warning/use-natspec]
/sb/0x5bb5b32cb114c7f558a3f5b0933dcfa74be9611a.sol:143:5: Missing @notice tag in function 'transferFrom' [Warning/use-natspec]
/sb/0x5bb5b32cb114c7f558a3f5b0933dcfa74be9611a.sol:143:5: Mismatch in @return names for function 'transferFrom'. Expected: [success], Found: [true] [Warning/use-natspec]
/sb/0x5bb5b32cb114c7f558a3f5b0933dcfa74be9611a.sol:169:5: Missing @notice tag in function 'approve' [Warning/use-natspec]
/sb/0x5bb5b32cb114c7f558a3f5b0933dcfa74be9611a.sol:169:5: Mismatch in @return names for function 'approve'. Expected: [success], Found: [true] [Warning/use-natspec]
/sb/0x5bb5b32cb114c7f558a3f5b0933dcfa74be9611a.sol:175:9: Provide an error message for require [Warning/reason-string]
/sb/0x5bb5b32cb114c7f558a3f5b0933dcfa74be9611a.sol:183:1: Missing @title tag in contract 'IOwned' [Warning/use-natspec]
/sb/0x5bb5b32cb114c7f558a3f5b0933dcfa74be9611a.sol:183:1: Missing @author tag in contract 'IOwned' [Warning/use-natspec]
/sb/0x5bb5b32cb114c7f558a3f5b0933dcfa74be9611a.sol:183:1: Missing @notice tag in contract 'IOwned' [Warning/use-natspec]
/sb/0x5bb5b32cb114c7f558a3f5b0933dcfa74be9611a.sol:185:5: Missing @notice tag in function 'owner' [Warning/use-natspec]
/sb/0x5bb5b32cb114c7f558a3f5b0933dcfa74be9611a.sol:185:5: Missing @return tag in function 'owner' [Warning/use-natspec]
/sb/0x5bb5b32cb114c7f558a3f5b0933dcfa74be9611a.sol:185:5: Mismatch in @return names for function 'owner'. Expected: [owner], Found: [] [Warning/use-natspec]
/sb/0x5bb5b32cb114c7f558a3f5b0933dcfa74be9611a.sol:187:5: Missing @notice tag in function 'transferOwnership' [Warning/use-natspec]
/sb/0x5bb5b32cb114c7f558a3f5b0933dcfa74be9611a.sol:187:5: Missing @param tag in function 'transferOwnership' [Warning/use-natspec]
/sb/0x5bb5b32cb114c7f558a3f5b0933dcfa74be9611a.sol:187:5: Mismatch in @param names for function 'transferOwnership'. Expected: [_newOwner], Found: [] [Warning/use-natspec]
/sb/0x5bb5b32cb114c7f558a3f5b0933dcfa74be9611a.sol:188:5: Missing @notice tag in function 'acceptOwnership' [Warning/use-natspec]
/sb/0x5bb5b32cb114c7f558a3f5b0933dcfa74be9611a.sol:191:1: Missing @title tag in contract 'Owned' [Warning/use-natspec]
/sb/0x5bb5b32cb114c7f558a3f5b0933dcfa74be9611a.sol:191:1: Missing @author tag in contract 'Owned' [Warning/use-natspec]
/sb/0x5bb5b32cb114c7f558a3f5b0933dcfa74be9611a.sol:191:1: Missing @notice tag in contract 'Owned' [Warning/use-natspec]
/sb/0x5bb5b32cb114c7f558a3f5b0933dcfa74be9611a.sol:192:5: Missing @notice tag in variable 'owner' [Warning/use-natspec]
/sb/0x5bb5b32cb114c7f558a3f5b0933dcfa74be9611a.sol:193:5: Missing @notice tag in variable 'newOwner' [Warning/use-natspec]
/sb/0x5bb5b32cb114c7f558a3f5b0933dcfa74be9611a.sol:195:5: Missing @notice tag in event 'OwnerUpdate' [Warning/use-natspec]
/sb/0x5bb5b32cb114c7f558a3f5b0933dcfa74be9611a.sol:195:5: Missing @param tag in event 'OwnerUpdate' [Warning/use-natspec]
/sb/0x5bb5b32cb114c7f558a3f5b0933dcfa74be9611a.sol:195:5: Mismatch in @param names for event 'OwnerUpdate'. Expected: [_prevOwner, _newOwner], Found: [] [Warning/use-natspec]
/sb/0x5bb5b32cb114c7f558a3f5b0933dcfa74be9611a.sol:195:5: GC: [_prevOwner] on Event [OwnerUpdate] could be Indexed [Warning/gas-indexed-events]
/sb/0x5bb5b32cb114c7f558a3f5b0933dcfa74be9611a.sol:195:5: GC: [_newOwner] on Event [OwnerUpdate] could be Indexed [Warning/gas-indexed-events]
/sb/0x5bb5b32cb114c7f558a3f5b0933dcfa74be9611a.sol:200:5: Missing @notice tag in function 'Owned' [Warning/use-natspec]
/sb/0x5bb5b32cb114c7f558a3f5b0933dcfa74be9611a.sol:200:5: Explicitly mark visibility in function (Set ignoreConstructors to true if using solidity >=0.7.0) [Warning/func-visibility]
/sb/0x5bb5b32cb114c7f558a3f5b0933dcfa74be9611a.sol:217:5: Missing @notice tag in function 'transferOwnership' [Warning/use-natspec]
/sb/0x5bb5b32cb114c7f558a3f5b0933dcfa74be9611a.sol:218:9: Provide an error message for require [Warning/reason-string]
/sb/0x5bb5b32cb114c7f558a3f5b0933dcfa74be9611a.sol:225:5: Missing @notice tag in function 'acceptOwnership' [Warning/use-natspec]
/sb/0x5bb5b32cb114c7f558a3f5b0933dcfa74be9611a.sol:226:9: Provide an error message for require [Warning/reason-string]
/sb/0x5bb5b32cb114c7f558a3f5b0933dcfa74be9611a.sol:233:1: Missing @title tag in contract 'ITokenHolder' [Warning/use-natspec]
/sb/0x5bb5b32cb114c7f558a3f5b0933dcfa74be9611a.sol:233:1: Missing @author tag in contract 'ITokenHolder' [Warning/use-natspec]
/sb/0x5bb5b32cb114c7f558a3f5b0933dcfa74be9611a.sol:233:1: Missing @notice tag in contract 'ITokenHolder' [Warning/use-natspec]
/sb/0x5bb5b32cb114c7f558a3f5b0933dcfa74be9611a.sol:234:5: Missing @notice tag in function 'withdrawTokens' [Warning/use-natspec]
/sb/0x5bb5b32cb114c7f558a3f5b0933dcfa74be9611a.sol:234:5: Missing @param tag in function 'withdrawTokens' [Warning/use-natspec]
/sb/0x5bb5b32cb114c7f558a3f5b0933dcfa74be9611a.sol:234:5: Mismatch in @param names for function 'withdrawTokens'. Expected: [_token, _to, _amount], Found: [] [Warning/use-natspec]
/sb/0x5bb5b32cb114c7f558a3f5b0933dcfa74be9611a.sol:237:1: Missing @title tag in contract 'TokenHolder' [Warning/use-natspec]
/sb/0x5bb5b32cb114c7f558a3f5b0933dcfa74be9611a.sol:237:1: Missing @author tag in contract 'TokenHolder' [Warning/use-natspec]
/sb/0x5bb5b32cb114c7f558a3f5b0933dcfa74be9611a.sol:237:1: Missing @notice tag in contract 'TokenHolder' [Warning/use-natspec]
/sb/0x5bb5b32cb114c7f558a3f5b0933dcfa74be9611a.sol:241:5: Missing @notice tag in function 'TokenHolder' [Warning/use-natspec]
/sb/0x5bb5b32cb114c7f558a3f5b0933dcfa74be9611a.sol:241:5: Explicitly mark visibility in function (Set ignoreConstructors to true if using solidity >=0.7.0) [Warning/func-visibility]
/sb/0x5bb5b32cb114c7f558a3f5b0933dcfa74be9611a.sol:241:28: Code contains empty blocks [Warning/no-empty-blocks]
/sb/0x5bb5b32cb114c7f558a3f5b0933dcfa74be9611a.sol:252:5: Missing @notice tag in function 'withdrawTokens' [Warning/use-natspec]
/sb/0x5bb5b32cb114c7f558a3f5b0933dcfa74be9611a.sol:263:1: Missing @title tag in contract 'SmartTokenController' [Warning/use-natspec]
/sb/0x5bb5b32cb114c7f558a3f5b0933dcfa74be9611a.sol:263:1: Missing @author tag in contract 'SmartTokenController' [Warning/use-natspec]
/sb/0x5bb5b32cb114c7f558a3f5b0933dcfa74be9611a.sol:263:1: Missing @notice tag in contract 'SmartTokenController' [Warning/use-natspec]
/sb/0x5bb5b32cb114c7f558a3f5b0933dcfa74be9611a.sol:264:5: Missing @notice tag in variable 'token' [Warning/use-natspec]
/sb/0x5bb5b32cb114c7f558a3f5b0933dcfa74be9611a.sol:269:5: Missing @notice tag in function 'SmartTokenController' [Warning/use-natspec]
/sb/0x5bb5b32cb114c7f558a3f5b0933dcfa74be9611a.sol:269:5: Missing @param tag in function 'SmartTokenController' [Warning/use-natspec]
/sb/0x5bb5b32cb114c7f558a3f5b0933dcfa74be9611a.sol:269:5: Mismatch in @param names for function 'SmartTokenController'. Expected: [_token], Found: [] [Warning/use-natspec]
/sb/0x5bb5b32cb114c7f558a3f5b0933dcfa74be9611a.sol:269:5: Explicitly mark visibility in function (Set ignoreConstructors to true if using solidity >=0.7.0) [Warning/func-visibility]
/sb/0x5bb5b32cb114c7f558a3f5b0933dcfa74be9611a.sol:294:5: Missing @notice tag in function 'transferTokenOwnership' [Warning/use-natspec]
/sb/0x5bb5b32cb114c7f558a3f5b0933dcfa74be9611a.sol:302:5: Missing @notice tag in function 'acceptTokenOwnership' [Warning/use-natspec]
/sb/0x5bb5b32cb114c7f558a3f5b0933dcfa74be9611a.sol:312:5: Missing @notice tag in function 'disableTokenTransfers' [Warning/use-natspec]
/sb/0x5bb5b32cb114c7f558a3f5b0933dcfa74be9611a.sol:324:5: Missing @notice tag in function 'withdrawFromToken' [Warning/use-natspec]
/sb/0x5bb5b32cb114c7f558a3f5b0933dcfa74be9611a.sol:329:1: Missing @title tag in contract 'ISmartToken' [Warning/use-natspec]
/sb/0x5bb5b32cb114c7f558a3f5b0933dcfa74be9611a.sol:329:1: Missing @author tag in contract 'ISmartToken' [Warning/use-natspec]
/sb/0x5bb5b32cb114c7f558a3f5b0933dcfa74be9611a.sol:329:1: Missing @notice tag in contract 'ISmartToken' [Warning/use-natspec]
/sb/0x5bb5b32cb114c7f558a3f5b0933dcfa74be9611a.sol:330:5: Missing @notice tag in function 'disableTransfers' [Warning/use-natspec]
/sb/0x5bb5b32cb114c7f558a3f5b0933dcfa74be9611a.sol:330:5: Missing @param tag in function 'disableTransfers' [Warning/use-natspec]
/sb/0x5bb5b32cb114c7f558a3f5b0933dcfa74be9611a.sol:330:5: Mismatch in @param names for function 'disableTransfers'. Expected: [_disable], Found: [] [Warning/use-natspec]
/sb/0x5bb5b32cb114c7f558a3f5b0933dcfa74be9611a.sol:331:5: Missing @notice tag in function 'issue' [Warning/use-natspec]
/sb/0x5bb5b32cb114c7f558a3f5b0933dcfa74be9611a.sol:331:5: Missing @param tag in function 'issue' [Warning/use-natspec]
/sb/0x5bb5b32cb114c7f558a3f5b0933dcfa74be9611a.sol:331:5: Mismatch in @param names for function 'issue'. Expected: [_to, _amount], Found: [] [Warning/use-natspec]
/sb/0x5bb5b32cb114c7f558a3f5b0933dcfa74be9611a.sol:332:5: Missing @notice tag in function 'destroy' [Warning/use-natspec]
/sb/0x5bb5b32cb114c7f558a3f5b0933dcfa74be9611a.sol:332:5: Missing @param tag in function 'destroy' [Warning/use-natspec]
/sb/0x5bb5b32cb114c7f558a3f5b0933dcfa74be9611a.sol:332:5: Mismatch in @param names for function 'destroy'. Expected: [_from, _amount], Found: [] [Warning/use-natspec]
/sb/0x5bb5b32cb114c7f558a3f5b0933dcfa74be9611a.sol:335:1: Missing @title tag in contract 'SmartToken' [Warning/use-natspec]
/sb/0x5bb5b32cb114c7f558a3f5b0933dcfa74be9611a.sol:335:1: Missing @author tag in contract 'SmartToken' [Warning/use-natspec]
/sb/0x5bb5b32cb114c7f558a3f5b0933dcfa74be9611a.sol:335:1: Missing @notice tag in contract 'SmartToken' [Warning/use-natspec]
/sb/0x5bb5b32cb114c7f558a3f5b0933dcfa74be9611a.sol:336:5: Missing @notice tag in variable 'version' [Warning/use-natspec]
/sb/0x5bb5b32cb114c7f558a3f5b0933dcfa74be9611a.sol:336:29: Use double quotes for string literals [Error/quotes]
/sb/0x5bb5b32cb114c7f558a3f5b0933dcfa74be9611a.sol:338:5: Missing @notice tag in variable 'transfersEnabled' [Warning/use-natspec]
/sb/0x5bb5b32cb114c7f558a3f5b0933dcfa74be9611a.sol:341:5: Missing @notice tag in event 'NewSmartToken' [Warning/use-natspec]
/sb/0x5bb5b32cb114c7f558a3f5b0933dcfa74be9611a.sol:341:5: Missing @param tag in event 'NewSmartToken' [Warning/use-natspec]
/sb/0x5bb5b32cb114c7f558a3f5b0933dcfa74be9611a.sol:341:5: Mismatch in @param names for event 'NewSmartToken'. Expected: [_token], Found: [] [Warning/use-natspec]
/sb/0x5bb5b32cb114c7f558a3f5b0933dcfa74be9611a.sol:341:5: GC: [_token] on Event [NewSmartToken] could be Indexed [Warning/gas-indexed-events]
/sb/0x5bb5b32cb114c7f558a3f5b0933dcfa74be9611a.sol:343:5: Missing @notice tag in event 'Issuance' [Warning/use-natspec]
/sb/0x5bb5b32cb114c7f558a3f5b0933dcfa74be9611a.sol:343:5: Missing @param tag in event 'Issuance' [Warning/use-natspec]
/sb/0x5bb5b32cb114c7f558a3f5b0933dcfa74be9611a.sol:343:5: Mismatch in @param names for event 'Issuance'. Expected: [_amount], Found: [] [Warning/use-natspec]
/sb/0x5bb5b32cb114c7f558a3f5b0933dcfa74be9611a.sol:343:5: GC: [_amount] on Event [Issuance] could be Indexed [Warning/gas-indexed-events]
/sb/0x5bb5b32cb114c7f558a3f5b0933dcfa74be9611a.sol:345:5: Missing @notice tag in event 'Destruction' [Warning/use-natspec]
/sb/0x5bb5b32cb114c7f558a3f5b0933dcfa74be9611a.sol:345:5: Missing @param tag in event 'Destruction' [Warning/use-natspec]
/sb/0x5bb5b32cb114c7f558a3f5b0933dcfa74be9611a.sol:345:5: Mismatch in @param names for event 'Destruction'. Expected: [_amount], Found: [] [Warning/use-natspec]
/sb/0x5bb5b32cb114c7f558a3f5b0933dcfa74be9611a.sol:345:5: GC: [_amount] on Event [Destruction] could be Indexed [Warning/gas-indexed-events]
/sb/0x5bb5b32cb114c7f558a3f5b0933dcfa74be9611a.sol:354:5: Missing @notice tag in function 'SmartToken' [Warning/use-natspec]
/sb/0x5bb5b32cb114c7f558a3f5b0933dcfa74be9611a.sol:354:5: Explicitly mark visibility in function (Set ignoreConstructors to true if using solidity >=0.7.0) [Warning/func-visibility]
/sb/0x5bb5b32cb114c7f558a3f5b0933dcfa74be9611a.sol:372:5: Missing @notice tag in function 'disableTransfers' [Warning/use-natspec]
/sb/0x5bb5b32cb114c7f558a3f5b0933dcfa74be9611a.sol:383:5: Missing @notice tag in function 'issue' [Warning/use-natspec]
/sb/0x5bb5b32cb114c7f558a3f5b0933dcfa74be9611a.sol:403:5: Missing @notice tag in function 'destroy' [Warning/use-natspec]
/sb/0x5bb5b32cb114c7f558a3f5b0933dcfa74be9611a.sol:404:9: Provide an error message for require [Warning/reason-string]
/sb/0x5bb5b32cb114c7f558a3f5b0933dcfa74be9611a.sol:425:5: Missing @notice tag in function 'transfer' [Warning/use-natspec]
/sb/0x5bb5b32cb114c7f558a3f5b0933dcfa74be9611a.sol:425:5: Mismatch in @return names for function 'transfer'. Expected: [success], Found: [true] [Warning/use-natspec]
/sb/0x5bb5b32cb114c7f558a3f5b0933dcfa74be9611a.sol:441:5: Missing @notice tag in function 'transferFrom' [Warning/use-natspec]
/sb/0x5bb5b32cb114c7f558a3f5b0933dcfa74be9611a.sol:441:5: Mismatch in @return names for function 'transferFrom'. Expected: [success], Found: [true] [Warning/use-natspec]
/sb/0x5bb5b32cb114c7f558a3f5b0933dcfa74be9611a.sol:447:1: Missing @title tag in contract 'KickcityAbstractCrowdsale' [Warning/use-natspec]
/sb/0x5bb5b32cb114c7f558a3f5b0933dcfa74be9611a.sol:447:1: Missing @author tag in contract 'KickcityAbstractCrowdsale' [Warning/use-natspec]
/sb/0x5bb5b32cb114c7f558a3f5b0933dcfa74be9611a.sol:447:1: Missing @notice tag in contract 'KickcityAbstractCrowdsale' [Warning/use-natspec]
/sb/0x5bb5b32cb114c7f558a3f5b0933dcfa74be9611a.sol:448:3: Missing @notice tag in variable 'etherHardCap' [Warning/use-natspec]
/sb/0x5bb5b32cb114c7f558a3f5b0933dcfa74be9611a.sol:449:3: Missing @notice tag in variable 'etherCollected' [Warning/use-natspec]
/sb/0x5bb5b32cb114c7f558a3f5b0933dcfa74be9611a.sol:451:3: Missing @notice tag in variable 'USD_IN_ETH' [Warning/use-natspec]
/sb/0x5bb5b32cb114c7f558a3f5b0933dcfa74be9611a.sol:451:3: Variable name must be in mixedCase USD_IN_ETH [Warning/var-name-mixedcase]
/sb/0x5bb5b32cb114c7f558a3f5b0933dcfa74be9611a.sol:453:3: Missing @notice tag in function 'setUsdEthRate' [Warning/use-natspec]
/sb/0x5bb5b32cb114c7f558a3f5b0933dcfa74be9611a.sol:453:3: Missing @param tag in function 'setUsdEthRate' [Warning/use-natspec]
/sb/0x5bb5b32cb114c7f558a3f5b0933dcfa74be9611a.sol:453:3: Mismatch in @param names for function 'setUsdEthRate'. Expected: [newrate], Found: [] [Warning/use-natspec]
/sb/0x5bb5b32cb114c7f558a3f5b0933dcfa74be9611a.sol:453:3: Explicitly mark visibility in function [Warning/func-visibility]
/sb/0x5bb5b32cb114c7f558a3f5b0933dcfa74be9611a.sol:458:3: Missing @notice tag in function 'usdCollected' [Warning/use-natspec]
/sb/0x5bb5b32cb114c7f558a3f5b0933dcfa74be9611a.sol:458:3: Missing @return tag in function 'usdCollected' [Warning/use-natspec]
/sb/0x5bb5b32cb114c7f558a3f5b0933dcfa74be9611a.sol:458:3: Mismatch in @return count for function 'usdCollected'. Expected: 1, Found: 0 [Warning/use-natspec]
/sb/0x5bb5b32cb114c7f558a3f5b0933dcfa74be9611a.sol:458:36: Visibility modifier must be first in list of modifiers [Warning/visibility-modifier-order]
/sb/0x5bb5b32cb114c7f558a3f5b0933dcfa74be9611a.sol:462:3: Missing @notice tag in function 'setHardCap' [Warning/use-natspec]
/sb/0x5bb5b32cb114c7f558a3f5b0933dcfa74be9611a.sol:462:3: Missing @param tag in function 'setHardCap' [Warning/use-natspec]
/sb/0x5bb5b32cb114c7f558a3f5b0933dcfa74be9611a.sol:462:3: Mismatch in @param names for function 'setHardCap'. Expected: [newCap], Found: [] [Warning/use-natspec]
/sb/0x5bb5b32cb114c7f558a3f5b0933dcfa74be9611a.sol:462:3: Explicitly mark visibility in function [Warning/func-visibility]
/sb/0x5bb5b32cb114c7f558a3f5b0933dcfa74be9611a.sol:466:3: Missing @notice tag in variable 'saleStartTime' [Warning/use-natspec]
/sb/0x5bb5b32cb114c7f558a3f5b0933dcfa74be9611a.sol:467:3: Missing @notice tag in variable 'saleEndTime' [Warning/use-natspec]
/sb/0x5bb5b32cb114c7f558a3f5b0933dcfa74be9611a.sol:470:12: GC: Non strict inequality found. Try converting to a strict one [Warning/gas-strict-inequalities]
/sb/0x5bb5b32cb114c7f558a3f5b0933dcfa74be9611a.sol:477:12: GC: Non strict inequality found. Try converting to a strict one [Warning/gas-strict-inequalities]
/sb/0x5bb5b32cb114c7f558a3f5b0933dcfa74be9611a.sol:481:3: Missing @notice tag in variable 'kickcityWallet' [Warning/use-natspec]
/sb/0x5bb5b32cb114c7f558a3f5b0933dcfa74be9611a.sol:483:3: Missing @notice tag in function 'KickcityAbstractCrowdsale' [Warning/use-natspec]
/sb/0x5bb5b32cb114c7f558a3f5b0933dcfa74be9611a.sol:483:3: Missing @param tag in function 'KickcityAbstractCrowdsale' [Warning/use-natspec]
/sb/0x5bb5b32cb114c7f558a3f5b0933dcfa74be9611a.sol:483:3: Mismatch in @param names for function 'KickcityAbstractCrowdsale'. Expected: [start, end, _token, beneficiary], Found: [] [Warning/use-natspec]
/sb/0x5bb5b32cb114c7f558a3f5b0933dcfa74be9611a.sol:483:3: Explicitly mark visibility in function (Set ignoreConstructors to true if using solidity >=0.7.0) [Warning/func-visibility]
/sb/0x5bb5b32cb114c7f558a3f5b0933dcfa74be9611a.sol:494:3: Missing @notice tag in variable 'oneEtherInKicks' [Warning/use-natspec]
/sb/0x5bb5b32cb114c7f558a3f5b0933dcfa74be9611a.sol:495:3: Missing @notice tag in variable 'minEtherContrib' [Warning/use-natspec]
/sb/0x5bb5b32cb114c7f558a3f5b0933dcfa74be9611a.sol:497:3: Missing @notice tag in function 'calcKicks' [Warning/use-natspec]
/sb/0x5bb5b32cb114c7f558a3f5b0933dcfa74be9611a.sol:497:3: Missing @param tag in function 'calcKicks' [Warning/use-natspec]
/sb/0x5bb5b32cb114c7f558a3f5b0933dcfa74be9611a.sol:497:3: Mismatch in @param names for function 'calcKicks'. Expected: [etherVal], Found: [] [Warning/use-natspec]
/sb/0x5bb5b32cb114c7f558a3f5b0933dcfa74be9611a.sol:497:3: Missing @return tag in function 'calcKicks' [Warning/use-natspec]
/sb/0x5bb5b32cb114c7f558a3f5b0933dcfa74be9611a.sol:497:3: Mismatch in @return names for function 'calcKicks'. Expected: [kicksVal], Found: [] [Warning/use-natspec]
/sb/0x5bb5b32cb114c7f558a3f5b0933dcfa74be9611a.sol:497:49: Visibility modifier must be first in list of modifiers [Warning/visibility-modifier-order]
/sb/0x5bb5b32cb114c7f558a3f5b0933dcfa74be9611a.sol:500:3: Missing @notice tag in event 'Contribution' [Warning/use-natspec]
/sb/0x5bb5b32cb114c7f558a3f5b0933dcfa74be9611a.sol:500:3: Missing @param tag in event 'Contribution' [Warning/use-natspec]
/sb/0x5bb5b32cb114c7f558a3f5b0933dcfa74be9611a.sol:500:3: Mismatch in @param names for event 'Contribution'. Expected: [contributor, contributed, tokensReceived], Found: [] [Warning/use-natspec]
/sb/0x5bb5b32cb114c7f558a3f5b0933dcfa74be9611a.sol:500:3: GC: [contributed] on Event [Contribution] could be Indexed [Warning/gas-indexed-events]
/sb/0x5bb5b32cb114c7f558a3f5b0933dcfa74be9611a.sol:500:3: GC: [tokensReceived] on Event [Contribution] could be Indexed [Warning/gas-indexed-events]
/sb/0x5bb5b32cb114c7f558a3f5b0933dcfa74be9611a.sol:502:3: Missing @notice tag in function 'processContribution' [Warning/use-natspec]
/sb/0x5bb5b32cb114c7f558a3f5b0933dcfa74be9611a.sol:515:7: Possible reentrancy vulnerabilities. Avoid state changes after transfer. [Warning/reentrancy]
/sb/0x5bb5b32cb114c7f558a3f5b0933dcfa74be9611a.sol:525:3: Missing @notice tag in function '<anonymous>' [Warning/use-natspec]
/sb/0x5bb5b32cb114c7f558a3f5b0933dcfa74be9611a.sol:525:3: Explicitly mark visibility in function [Warning/func-visibility]
/sb/0x5bb5b32cb114c7f558a3f5b0933dcfa74be9611a.sol:532:1: Missing @title tag in contract 'KickcityCrowdsale' [Warning/use-natspec]
/sb/0x5bb5b32cb114c7f558a3f5b0933dcfa74be9611a.sol:532:1: Missing @author tag in contract 'KickcityCrowdsale' [Warning/use-natspec]
/sb/0x5bb5b32cb114c7f558a3f5b0933dcfa74be9611a.sol:532:1: Missing @notice tag in contract 'KickcityCrowdsale' [Warning/use-natspec]
/sb/0x5bb5b32cb114c7f558a3f5b0933dcfa74be9611a.sol:533:3: Missing @notice tag in function 'KickcityCrowdsale' [Warning/use-natspec]
/sb/0x5bb5b32cb114c7f558a3f5b0933dcfa74be9611a.sol:533:3: Missing @param tag in function 'KickcityCrowdsale' [Warning/use-natspec]
/sb/0x5bb5b32cb114c7f558a3f5b0933dcfa74be9611a.sol:533:3: Mismatch in @param names for function 'KickcityCrowdsale'. Expected: [start, end, _token, beneficiary], Found: [] [Warning/use-natspec]
/sb/0x5bb5b32cb114c7f558a3f5b0933dcfa74be9611a.sol:533:3: Explicitly mark visibility in function (Set ignoreConstructors to true if using solidity >=0.7.0) [Warning/func-visibility]
/sb/0x5bb5b32cb114c7f558a3f5b0933dcfa74be9611a.sol:535:3: Missing @notice tag in function 'calcKicks' [Warning/use-natspec]
/sb/0x5bb5b32cb114c7f558a3f5b0933dcfa74be9611a.sol:535:3: Missing @param tag in function 'calcKicks' [Warning/use-natspec]
/sb/0x5bb5b32cb114c7f558a3f5b0933dcfa74be9611a.sol:535:3: Mismatch in @param names for function 'calcKicks'. Expected: [etherVal], Found: [] [Warning/use-natspec]
/sb/0x5bb5b32cb114c7f558a3f5b0933dcfa74be9611a.sol:535:3: Missing @return tag in function 'calcKicks' [Warning/use-natspec]
/sb/0x5bb5b32cb114c7f558a3f5b0933dcfa74be9611a.sol:535:3: Mismatch in @return names for function 'calcKicks'. Expected: [kicksVal], Found: [] [Warning/use-natspec]
/sb/0x5bb5b32cb114c7f558a3f5b0933dcfa74be9611a.sol:535:49: Visibility modifier must be first in list of modifiers [Warning/visibility-modifier-order]
/sb/0x5bb5b32cb114c7f558a3f5b0933dcfa74be9611a.sol:536:12: GC: Non strict inequality found. Try converting to a strict one [Warning/gas-strict-inequalities]
/sb/0x5bb5b32cb114c7f558a3f5b0933dcfa74be9611a.sol:538:9: GC: Non strict inequality found. Try converting to a strict one [Warning/gas-strict-inequalities]
/sb/0x5bb5b32cb114c7f558a3f5b0933dcfa74be9611a.sol:541:16: GC: Non strict inequality found. Try converting to a strict one [Warning/gas-strict-inequalities]
/sb/0x5bb5b32cb114c7f558a3f5b0933dcfa74be9611a.sol:544:16: GC: Non strict inequality found. Try converting to a strict one [Warning/gas-strict-inequalities]
/sb/0x5bb5b32cb114c7f558a3f5b0933dcfa74be9611a.sol:553:1: Missing @title tag in contract 'KickcityToken' [Warning/use-natspec]
/sb/0x5bb5b32cb114c7f558a3f5b0933dcfa74be9611a.sol:553:1: Missing @author tag in contract 'KickcityToken' [Warning/use-natspec]
/sb/0x5bb5b32cb114c7f558a3f5b0933dcfa74be9611a.sol:553:1: Missing @notice tag in contract 'KickcityToken' [Warning/use-natspec]
/sb/0x5bb5b32cb114c7f558a3f5b0933dcfa74be9611a.sol:554:5: Missing @notice tag in function 'KickcityToken' [Warning/use-natspec]
/sb/0x5bb5b32cb114c7f558a3f5b0933dcfa74be9611a.sol:554:5: Explicitly mark visibility in function (Set ignoreConstructors to true if using solidity >=0.7.0) [Warning/func-visibility]

245 problem/s (5 error/s, 240 warning/s)
