A new version of Solhint is available: 6.0.1
Please consider updating your Solhint package.
/sb/0xdd183401ca5bbd18c5eb88651b5293e38bb4a79b.sol:1:1: Found more than One contract per file. 4 contracts found! [Warning/one-contract-per-file]
/sb/0xdd183401ca5bbd18c5eb88651b5293e38bb4a79b.sol:1:1: Compiler version ^0.4.18 does not satisfy the ^0.8.24 semver requirement [Error/compiler-version]
/sb/0xdd183401ca5bbd18c5eb88651b5293e38bb4a79b.sol:7:1: Missing @author tag in contract 'SafeMath' [Warning/use-natspec]
/sb/0xdd183401ca5bbd18c5eb88651b5293e38bb4a79b.sol:7:1: Missing @notice tag in contract 'SafeMath' [Warning/use-natspec]
/sb/0xdd183401ca5bbd18c5eb88651b5293e38bb4a79b.sol:8:3: Missing @notice tag in function 'mul' [Warning/use-natspec]
/sb/0xdd183401ca5bbd18c5eb88651b5293e38bb4a79b.sol:8:3: Missing @param tag in function 'mul' [Warning/use-natspec]
/sb/0xdd183401ca5bbd18c5eb88651b5293e38bb4a79b.sol:8:3: Mismatch in @param names for function 'mul'. Expected: [a, b], Found: [] [Warning/use-natspec]
/sb/0xdd183401ca5bbd18c5eb88651b5293e38bb4a79b.sol:8:3: Missing @return tag in function 'mul' [Warning/use-natspec]
/sb/0xdd183401ca5bbd18c5eb88651b5293e38bb4a79b.sol:8:3: Mismatch in @return count for function 'mul'. Expected: 1, Found: 0 [Warning/use-natspec]
/sb/0xdd183401ca5bbd18c5eb88651b5293e38bb4a79b.sol:13:3: Missing @notice tag in function 'div' [Warning/use-natspec]
/sb/0xdd183401ca5bbd18c5eb88651b5293e38bb4a79b.sol:13:3: Missing @param tag in function 'div' [Warning/use-natspec]
/sb/0xdd183401ca5bbd18c5eb88651b5293e38bb4a79b.sol:13:3: Mismatch in @param names for function 'div'. Expected: [a, b], Found: [] [Warning/use-natspec]
/sb/0xdd183401ca5bbd18c5eb88651b5293e38bb4a79b.sol:13:3: Missing @return tag in function 'div' [Warning/use-natspec]
/sb/0xdd183401ca5bbd18c5eb88651b5293e38bb4a79b.sol:13:3: Mismatch in @return count for function 'div'. Expected: 1, Found: 0 [Warning/use-natspec]
/sb/0xdd183401ca5bbd18c5eb88651b5293e38bb4a79b.sol:19:3: Missing @notice tag in function 'sub' [Warning/use-natspec]
/sb/0xdd183401ca5bbd18c5eb88651b5293e38bb4a79b.sol:19:3: Missing @param tag in function 'sub' [Warning/use-natspec]
/sb/0xdd183401ca5bbd18c5eb88651b5293e38bb4a79b.sol:19:3: Mismatch in @param names for function 'sub'. Expected: [a, b], Found: [] [Warning/use-natspec]
/sb/0xdd183401ca5bbd18c5eb88651b5293e38bb4a79b.sol:19:3: Missing @return tag in function 'sub' [Warning/use-natspec]
/sb/0xdd183401ca5bbd18c5eb88651b5293e38bb4a79b.sol:19:3: Mismatch in @return count for function 'sub'. Expected: 1, Found: 0 [Warning/use-natspec]
/sb/0xdd183401ca5bbd18c5eb88651b5293e38bb4a79b.sol:20:12: GC: Non strict inequality found. Try converting to a strict one [Warning/gas-strict-inequalities]
/sb/0xdd183401ca5bbd18c5eb88651b5293e38bb4a79b.sol:23:3: Missing @notice tag in function 'add' [Warning/use-natspec]
/sb/0xdd183401ca5bbd18c5eb88651b5293e38bb4a79b.sol:23:3: Missing @param tag in function 'add' [Warning/use-natspec]
/sb/0xdd183401ca5bbd18c5eb88651b5293e38bb4a79b.sol:23:3: Mismatch in @param names for function 'add'. Expected: [a, b], Found: [] [Warning/use-natspec]
/sb/0xdd183401ca5bbd18c5eb88651b5293e38bb4a79b.sol:23:3: Missing @return tag in function 'add' [Warning/use-natspec]
/sb/0xdd183401ca5bbd18c5eb88651b5293e38bb4a79b.sol:23:3: Mismatch in @return count for function 'add'. Expected: 1, Found: 0 [Warning/use-natspec]
/sb/0xdd183401ca5bbd18c5eb88651b5293e38bb4a79b.sol:25:12: GC: Non strict inequality found. Try converting to a strict one [Warning/gas-strict-inequalities]
/sb/0xdd183401ca5bbd18c5eb88651b5293e38bb4a79b.sol:30:1: Missing @title tag in contract 'token' [Warning/use-natspec]
/sb/0xdd183401ca5bbd18c5eb88651b5293e38bb4a79b.sol:30:1: Missing @author tag in contract 'token' [Warning/use-natspec]
/sb/0xdd183401ca5bbd18c5eb88651b5293e38bb4a79b.sol:30:1: Missing @notice tag in contract 'token' [Warning/use-natspec]
/sb/0xdd183401ca5bbd18c5eb88651b5293e38bb4a79b.sol:30:1: Contract, Structs and Enums should be in CapWords [Warning/contract-name-capwords]
/sb/0xdd183401ca5bbd18c5eb88651b5293e38bb4a79b.sol:32:3: Missing @notice tag in function 'balanceOf' [Warning/use-natspec]
/sb/0xdd183401ca5bbd18c5eb88651b5293e38bb4a79b.sol:32:3: Missing @param tag in function 'balanceOf' [Warning/use-natspec]
/sb/0xdd183401ca5bbd18c5eb88651b5293e38bb4a79b.sol:32:3: Mismatch in @param names for function 'balanceOf'. Expected: [_owner], Found: [] [Warning/use-natspec]
/sb/0xdd183401ca5bbd18c5eb88651b5293e38bb4a79b.sol:32:3: Missing @return tag in function 'balanceOf' [Warning/use-natspec]
/sb/0xdd183401ca5bbd18c5eb88651b5293e38bb4a79b.sol:32:3: Mismatch in @return names for function 'balanceOf'. Expected: [balance], Found: [] [Warning/use-natspec]
/sb/0xdd183401ca5bbd18c5eb88651b5293e38bb4a79b.sol:33:3: Missing @notice tag in function 'transfer' [Warning/use-natspec]
/sb/0xdd183401ca5bbd18c5eb88651b5293e38bb4a79b.sol:33:3: Missing @param tag in function 'transfer' [Warning/use-natspec]
/sb/0xdd183401ca5bbd18c5eb88651b5293e38bb4a79b.sol:33:3: Mismatch in @param names for function 'transfer'. Expected: [_to, _value], Found: [] [Warning/use-natspec]
/sb/0xdd183401ca5bbd18c5eb88651b5293e38bb4a79b.sol:33:3: Missing @return tag in function 'transfer' [Warning/use-natspec]
/sb/0xdd183401ca5bbd18c5eb88651b5293e38bb4a79b.sol:33:3: Mismatch in @return names for function 'transfer'. Expected: [success], Found: [] [Warning/use-natspec]
/sb/0xdd183401ca5bbd18c5eb88651b5293e38bb4a79b.sol:37:1: Missing @title tag in contract 'Ownable' [Warning/use-natspec]
/sb/0xdd183401ca5bbd18c5eb88651b5293e38bb4a79b.sol:37:1: Missing @author tag in contract 'Ownable' [Warning/use-natspec]
/sb/0xdd183401ca5bbd18c5eb88651b5293e38bb4a79b.sol:37:1: Missing @notice tag in contract 'Ownable' [Warning/use-natspec]
/sb/0xdd183401ca5bbd18c5eb88651b5293e38bb4a79b.sol:38:3: Missing @notice tag in variable 'owner' [Warning/use-natspec]
/sb/0xdd183401ca5bbd18c5eb88651b5293e38bb4a79b.sol:39:3: Missing @notice tag in event 'OwnershipTransferred' [Warning/use-natspec]
/sb/0xdd183401ca5bbd18c5eb88651b5293e38bb4a79b.sol:39:3: Missing @param tag in event 'OwnershipTransferred' [Warning/use-natspec]
/sb/0xdd183401ca5bbd18c5eb88651b5293e38bb4a79b.sol:39:3: Mismatch in @param names for event 'OwnershipTransferred'. Expected: [previousOwner, newOwner], Found: [] [Warning/use-natspec]
/sb/0xdd183401ca5bbd18c5eb88651b5293e38bb4a79b.sol:44:3: Missing @notice tag in function '<anonymous>' [Warning/use-natspec]
/sb/0xdd183401ca5bbd18c5eb88651b5293e38bb4a79b.sol:44:3: Constructor keyword not available before 0.4.22 (^0.4.18) [Warning/constructor-syntax]
/sb/0xdd183401ca5bbd18c5eb88651b5293e38bb4a79b.sol:51:5: Provide an error message for require [Warning/reason-string]
/sb/0xdd183401ca5bbd18c5eb88651b5293e38bb4a79b.sol:58:3: Missing @notice tag in function 'transferOwnership' [Warning/use-natspec]
/sb/0xdd183401ca5bbd18c5eb88651b5293e38bb4a79b.sol:58:58: Visibility modifier must be first in list of modifiers [Warning/visibility-modifier-order]
/sb/0xdd183401ca5bbd18c5eb88651b5293e38bb4a79b.sol:59:5: Provide an error message for require [Warning/reason-string]
/sb/0xdd183401ca5bbd18c5eb88651b5293e38bb4a79b.sol:65:1: Missing @title tag in contract 'lockEtherPay' [Warning/use-natspec]
/sb/0xdd183401ca5bbd18c5eb88651b5293e38bb4a79b.sol:65:1: Missing @author tag in contract 'lockEtherPay' [Warning/use-natspec]
/sb/0xdd183401ca5bbd18c5eb88651b5293e38bb4a79b.sol:65:1: Missing @notice tag in contract 'lockEtherPay' [Warning/use-natspec]
/sb/0xdd183401ca5bbd18c5eb88651b5293e38bb4a79b.sol:65:1: Contract, Structs and Enums should be in CapWords [Warning/contract-name-capwords]
/sb/0xdd183401ca5bbd18c5eb88651b5293e38bb4a79b.sol:68:3: Explicitly mark visibility of state [Warning/state-visibility]
/sb/0xdd183401ca5bbd18c5eb88651b5293e38bb4a79b.sol:68:3: Variable name must be in mixedCase token_reward [Warning/var-name-mixedcase]
/sb/0xdd183401ca5bbd18c5eb88651b5293e38bb4a79b.sol:69:3: Missing @notice tag in variable 'beneficiary' [Warning/use-natspec]
/sb/0xdd183401ca5bbd18c5eb88651b5293e38bb4a79b.sol:70:3: Missing @notice tag in variable 'isLocked' [Warning/use-natspec]
/sb/0xdd183401ca5bbd18c5eb88651b5293e38bb4a79b.sol:71:3: Missing @notice tag in variable 'isReleased' [Warning/use-natspec]
/sb/0xdd183401ca5bbd18c5eb88651b5293e38bb4a79b.sol:72:3: Missing @notice tag in variable 'start_time' [Warning/use-natspec]
/sb/0xdd183401ca5bbd18c5eb88651b5293e38bb4a79b.sol:72:3: Variable name must be in mixedCase start_time [Warning/var-name-mixedcase]
/sb/0xdd183401ca5bbd18c5eb88651b5293e38bb4a79b.sol:73:3: Missing @notice tag in variable 'end_time' [Warning/use-natspec]
/sb/0xdd183401ca5bbd18c5eb88651b5293e38bb4a79b.sol:73:3: Variable name must be in mixedCase end_time [Warning/var-name-mixedcase]
/sb/0xdd183401ca5bbd18c5eb88651b5293e38bb4a79b.sol:74:3: Missing @notice tag in variable 'fifty_two_weeks' [Warning/use-natspec]
/sb/0xdd183401ca5bbd18c5eb88651b5293e38bb4a79b.sol:74:3: Variable name must be in mixedCase fifty_two_weeks [Warning/var-name-mixedcase]
/sb/0xdd183401ca5bbd18c5eb88651b5293e38bb4a79b.sol:77:3: Missing @notice tag in event 'TokenReleased' [Warning/use-natspec]
/sb/0xdd183401ca5bbd18c5eb88651b5293e38bb4a79b.sol:77:3: Missing @param tag in event 'TokenReleased' [Warning/use-natspec]
/sb/0xdd183401ca5bbd18c5eb88651b5293e38bb4a79b.sol:77:3: Mismatch in @param names for event 'TokenReleased'. Expected: [beneficiary, token_amount], Found: [] [Warning/use-natspec]
/sb/0xdd183401ca5bbd18c5eb88651b5293e38bb4a79b.sol:77:3: GC: [beneficiary] on Event [TokenReleased] could be Indexed [Warning/gas-indexed-events]
/sb/0xdd183401ca5bbd18c5eb88651b5293e38bb4a79b.sol:77:3: GC: [token_amount] on Event [TokenReleased] could be Indexed [Warning/gas-indexed-events]
/sb/0xdd183401ca5bbd18c5eb88651b5293e38bb4a79b.sol:77:44: Variable name must be in mixedCase token_amount [Warning/var-name-mixedcase]
/sb/0xdd183401ca5bbd18c5eb88651b5293e38bb4a79b.sol:79:3: Missing @notice tag in function '<anonymous>' [Warning/use-natspec]
/sb/0xdd183401ca5bbd18c5eb88651b5293e38bb4a79b.sol:79:3: Constructor keyword not available before 0.4.22 (^0.4.18) [Warning/constructor-syntax]
/sb/0xdd183401ca5bbd18c5eb88651b5293e38bb4a79b.sol:84:3: Missing @notice tag in function 'tokenBalance' [Warning/use-natspec]
/sb/0xdd183401ca5bbd18c5eb88651b5293e38bb4a79b.sol:84:3: Missing @return tag in function 'tokenBalance' [Warning/use-natspec]
/sb/0xdd183401ca5bbd18c5eb88651b5293e38bb4a79b.sol:84:3: Mismatch in @return count for function 'tokenBalance'. Expected: 1, Found: 0 [Warning/use-natspec]
/sb/0xdd183401ca5bbd18c5eb88651b5293e38bb4a79b.sol:84:36: Visibility modifier must be first in list of modifiers [Warning/visibility-modifier-order]
/sb/0xdd183401ca5bbd18c5eb88651b5293e38bb4a79b.sol:88:3: Missing @notice tag in function 'lock' [Warning/use-natspec]
/sb/0xdd183401ca5bbd18c5eb88651b5293e38bb4a79b.sol:88:3: Missing @return tag in function 'lock' [Warning/use-natspec]
/sb/0xdd183401ca5bbd18c5eb88651b5293e38bb4a79b.sol:88:3: Mismatch in @return count for function 'lock'. Expected: 1, Found: 0 [Warning/use-natspec]
/sb/0xdd183401ca5bbd18c5eb88651b5293e38bb4a79b.sol:89:4: Provide an error message for require [Warning/reason-string]
/sb/0xdd183401ca5bbd18c5eb88651b5293e38bb4a79b.sol:90:4: Provide an error message for require [Warning/reason-string]
/sb/0xdd183401ca5bbd18c5eb88651b5293e38bb4a79b.sol:96:3: Missing @notice tag in function 'lockOver' [Warning/use-natspec]
/sb/0xdd183401ca5bbd18c5eb88651b5293e38bb4a79b.sol:96:3: Missing @return tag in function 'lockOver' [Warning/use-natspec]
/sb/0xdd183401ca5bbd18c5eb88651b5293e38bb4a79b.sol:96:3: Mismatch in @return count for function 'lockOver'. Expected: 1, Found: 0 [Warning/use-natspec]
/sb/0xdd183401ca5bbd18c5eb88651b5293e38bb4a79b.sol:96:32: Visibility modifier must be first in list of modifiers [Warning/visibility-modifier-order]
/sb/0xdd183401ca5bbd18c5eb88651b5293e38bb4a79b.sol:97:4: Variable name must be in mixedCase current_time [Warning/var-name-mixedcase]
/sb/0xdd183401ca5bbd18c5eb88651b5293e38bb4a79b.sol:101:2: Missing @notice tag in function 'release' [Warning/use-natspec]
/sb/0xdd183401ca5bbd18c5eb88651b5293e38bb4a79b.sol:101:31: Visibility modifier must be first in list of modifiers [Warning/visibility-modifier-order]
/sb/0xdd183401ca5bbd18c5eb88651b5293e38bb4a79b.sol:102:5: Provide an error message for require [Warning/reason-string]
/sb/0xdd183401ca5bbd18c5eb88651b5293e38bb4a79b.sol:103:5: Provide an error message for require [Warning/reason-string]
/sb/0xdd183401ca5bbd18c5eb88651b5293e38bb4a79b.sol:104:5: Provide an error message for require [Warning/reason-string]
/sb/0xdd183401ca5bbd18c5eb88651b5293e38bb4a79b.sol:105:5: Variable name must be in mixedCase token_amount [Warning/var-name-mixedcase]
/sb/0xdd183401ca5bbd18c5eb88651b5293e38bb4a79b.sol:108:5: Possible reentrancy vulnerabilities. Avoid state changes after transfer. [Warning/reentrancy]

97 problem/s (1 error/s, 96 warning/s)
