Extract contract SwapToken from /sb/0x3a09769f27a6e4b01bc58b1273bcaa8159033ec5.sol
Extract contract owned from /sb/0x3a09769f27a6e4b01bc58b1273bcaa8159033ec5.sol
Extracted 2 contract(s) from /sb/0x3a09769f27a6e4b01bc58b1273bcaa8159033ec5.sol
[0;32m> Created "fuzzMe"[0m
[0;32m> To fuzz contracts:[0m
  chmod +x fuzzMe
  ./fuzzMe
contracts/owned.sol:5:5: Warning: Defining constructors as functions with the same name as the contract is deprecated. Use "constructor(...) { ... }" instead.
    function owned() {
    ^ (Relevant source part starts here and spans across multiple lines).
contracts/owned.sol:10:34: Warning: "throw" is deprecated in favour of "revert()", "require()" and "assert()".
        if (msg.sender != owner) throw;
                                 ^---^
contracts/owned.sol:50:5: Warning: Defining constructors as functions with the same name as the contract is deprecated. Use "constructor(...) { ... }" instead.
    function SwapToken(
    ^ (Relevant source part starts here and spans across multiple lines).
contracts/owned.sol:146:50: Warning: "throw" is deprecated in favour of "revert()", "require()" and "assert()".
        if (balanceOfBuyer[msg.sender] < _value) throw;           // Check if the sender has enough
                                                 ^---^
contracts/owned.sol:147:65: Warning: "throw" is deprecated in favour of "revert()", "require()" and "assert()".
        if (balanceOfBuyer[_to] + _value < balanceOfBuyer[_to]) throw; // Check for overflows
                                                                ^---^
contracts/owned.sol:155:51: Warning: "throw" is deprecated in favour of "revert()", "require()" and "assert()".
        if (balanceOfIssuer[msg.sender] < _value) throw;
                                                  ^---^
contracts/owned.sol:156:67: Warning: "throw" is deprecated in favour of "revert()", "require()" and "assert()".
        if (balanceOfIssuer[_to] + _value < balanceOfIssuer[_to]) throw;
                                                                  ^---^
contracts/owned.sol:207:44: Warning: "throw" is deprecated in favour of "revert()", "require()" and "assert()".
        if (balanceOfBuyer[this] < amount) throw;               // checks if it has enough to sell
                                           ^---^
contracts/owned.sol:216:45: Warning: "throw" is deprecated in favour of "revert()", "require()" and "assert()".
        if (balanceOfIssuer[this] < amount) throw;
                                            ^---^
contracts/owned.sol:231:36: Warning: "throw" is deprecated in favour of "revert()", "require()" and "assert()".
        if (creditStatus == false) throw;                       // checks if buyer is eligible for a claim
                                   ^---^
contracts/owned.sol:232:51: Warning: "throw" is deprecated in favour of "revert()", "require()" and "assert()".
        if (balanceOfBuyer[msg.sender] < amount ) throw;        // checks if the sender has enough to sell
                                                  ^---^
contracts/owned.sol:237:13: Warning: "throw" is deprecated in favour of "revert()", "require()" and "assert()".
            throw;                                         // to do this last to prevent recursion attacks
            ^---^
contracts/owned.sol:252:52: Warning: "throw" is deprecated in favour of "revert()", "require()" and "assert()".
        if (balanceOfIssuer[msg.sender] < amount ) throw;
                                                   ^---^
contracts/owned.sol:257:13: Warning: "throw" is deprecated in favour of "revert()", "require()" and "assert()".
            throw;
            ^---^
contracts/owned.sol:267:49: Warning: "throw" is deprecated in favour of "revert()", "require()" and "assert()".
        if (!project_wallet.send(this.balance)) throw;
                                                ^---^
contracts/owned.sol:272:9: Warning: "throw" is deprecated in favour of "revert()", "require()" and "assert()".
        throw;     // Prevents accidental sending of ether
        ^---^
contracts/owned.sol:245:53: Warning: This declaration shadows an existing declaration.
    function getPremium() private constant returns (uint256 premium) {
                                                    ^-------------^
contracts/owned.sol:42:5: The shadowed declaration is here:
    uint256 public premium;
    ^--------------------^

contracts/owned.sol:116:9: Warning: Invoking events without "emit" prefix is deprecated.
        Transfer(0, this, mintedAmount);
        ^-----------------------------^
contracts/owned.sol:117:9: Warning: Invoking events without "emit" prefix is deprecated.
        Transfer(this, target, mintedAmount);
        ^----------------------------------^
contracts/owned.sol:124:9: Warning: Invoking events without "emit" prefix is deprecated.
        Transfer(0, this, mintedAmount);
        ^-----------------------------^
contracts/owned.sol:125:9: Warning: Invoking events without "emit" prefix is deprecated.
        Transfer(this, target, mintedAmount);
        ^----------------------------------^
contracts/owned.sol:150:9: Warning: Invoking events without "emit" prefix is deprecated.
        Transfer(msg.sender, _to, _value);                   // Notify anyone listening that this transfer took place
        ^-------------------------------^
contracts/owned.sol:159:9: Warning: Invoking events without "emit" prefix is deprecated.
        Transfer(msg.sender, _to, _value);
        ^-------------------------------^
contracts/owned.sol:210:9: Warning: Invoking events without "emit" prefix is deprecated.
        Transfer(this, msg.sender, amount);                // execute an event reflecting the change
        ^--------------------------------^
contracts/owned.sol:219:9: Warning: Invoking events without "emit" prefix is deprecated.
        Transfer(this, msg.sender, amount);
        ^--------------------------------^
contracts/owned.sol:239:13: Warning: Invoking events without "emit" prefix is deprecated.
            Transfer(msg.sender, this, amount);             // executes an event reflecting on the change
            ^--------------------------------^
contracts/owned.sol:259:13: Warning: Invoking events without "emit" prefix is deprecated.
            Transfer(msg.sender, this, amount);
            ^--------------------------------^
contracts/owned.sol:267:34: Warning: Using contract member "balance" inherited from the address type is deprecated. Convert the contract to "address" type to access the member, for example use "address(contract).balance" instead.
        if (!project_wallet.send(this.balance)) throw;
                                 ^----------^
contracts/owned.sol:5:5: Warning: No visibility specified. Defaulting to "public". 
    function owned() {
    ^ (Relevant source part starts here and spans across multiple lines).
contracts/owned.sol:14:5: Warning: No visibility specified. Defaulting to "public". 
    function transferOwnership(address newOwner) onlyOwner {
    ^ (Relevant source part starts here and spans across multiple lines).
contracts/owned.sol:19:27: Warning: No visibility specified. Defaulting to "public". 
contract tokenRecipient { function receiveApproval(address _from, uint256 _value, address _token, bytes _extraData); }
                          ^----------------------------------------------------------------------------------------^
contracts/owned.sol:50:5: Warning: No visibility specified. Defaulting to "public". 
    function SwapToken(
    ^ (Relevant source part starts here and spans across multiple lines).
contracts/owned.sol:58:9: Warning: Unused function parameter. Remove or comment out the variable name to silence this warning.
        uint _startBlock,
        ^--------------^
contracts/owned.sol:59:9: Warning: Unused function parameter. Remove or comment out the variable name to silence this warning.
        uint _endBlock
        ^------------^
contracts/owned.sol:106:5: Warning: No visibility specified. Defaulting to "public". 
    function defineProjectWallet(address target) onlyOwner {
    ^ (Relevant source part starts here and spans across multiple lines).
contracts/owned.sol:113:5: Warning: No visibility specified. Defaulting to "public". 
    function mintBuyerToken(address target, uint256 mintedAmount) onlyOwner {
    ^ (Relevant source part starts here and spans across multiple lines).
contracts/owned.sol:121:5: Warning: No visibility specified. Defaulting to "public". 
    function mintIssuerToken(address target, uint256 mintedAmount) onlyOwner {
    ^ (Relevant source part starts here and spans across multiple lines).
contracts/owned.sol:131:5: Warning: No visibility specified. Defaulting to "public". 
    function distroyBuyerToken(uint256 burnAmount) onlyOwner {
    ^ (Relevant source part starts here and spans across multiple lines).
contracts/owned.sol:137:5: Warning: No visibility specified. Defaulting to "public". 
    function distroyIssuerToken(uint256 burnAmount) onlyOwner {
    ^ (Relevant source part starts here and spans across multiple lines).
contracts/owned.sol:145:5: Warning: No visibility specified. Defaulting to "public". 
    function transferBuyer(address _to, uint256 _value) {
    ^ (Relevant source part starts here and spans across multiple lines).
contracts/owned.sol:154:5: Warning: No visibility specified. Defaulting to "public". 
    function transferIssue(address _to, uint256 _value) {
    ^ (Relevant source part starts here and spans across multiple lines).
contracts/owned.sol:163:5: Warning: No visibility specified. Defaulting to "public". 
    function approve(address _spender, uint256 _value)
    ^ (Relevant source part starts here and spans across multiple lines).
contracts/owned.sol:166:9: Warning: Unused local variable.
        tokenRecipient spender = tokenRecipient(_spender);
        ^--------------------^
contracts/owned.sol:171:5: Warning: No visibility specified. Defaulting to "public". 
    function approveAndCall(address _spender, uint256 _value, bytes _extraData)
    ^ (Relevant source part starts here and spans across multiple lines).
contracts/owned.sol:194:5: Warning: No visibility specified. Defaulting to "public". 
    function setPrices(uint256 newBuyPrice, uint256 newIssuePrice, uint256 coveragePerToken) onlyOwner {
    ^ (Relevant source part starts here and spans across multiple lines).
contracts/owned.sol:203:5: Warning: No visibility specified. Defaulting to "public". 
    function buyBuyerTokens() payable {
    ^ (Relevant source part starts here and spans across multiple lines).
contracts/owned.sol:214:5: Warning: No visibility specified. Defaulting to "public". 
    function buyIssuerTokens() payable {
    ^ (Relevant source part starts here and spans across multiple lines).
contracts/owned.sol:223:5: Warning: No visibility specified. Defaulting to "public". 
    function setCreditStatus(bool _status) onlyOwner {
    ^ (Relevant source part starts here and spans across multiple lines).
contracts/owned.sol:230:5: Warning: No visibility specified. Defaulting to "public". 
    function sellBuyerTokens(uint amount) returns (uint revenue){
    ^ (Relevant source part starts here and spans across multiple lines).
contracts/owned.sol:251:5: Warning: No visibility specified. Defaulting to "public". 
    function sellIssuerTokens(uint amount) returns (uint revenue){
    ^ (Relevant source part starts here and spans across multiple lines).
contracts/owned.sol:265:5: Warning: No visibility specified. Defaulting to "public". 
    function moveFunds() onlyOwner {
    ^ (Relevant source part starts here and spans across multiple lines).
contracts/owned.sol:271:5: Warning: No visibility specified. Defaulting to "public". 
    function () {
    ^ (Relevant source part starts here and spans across multiple lines).
contracts/SwapToken.sol:5:5: Warning: Defining constructors as functions with the same name as the contract is deprecated. Use "constructor(...) { ... }" instead.
    function owned() {
    ^ (Relevant source part starts here and spans across multiple lines).
contracts/SwapToken.sol:10:34: Warning: "throw" is deprecated in favour of "revert()", "require()" and "assert()".
        if (msg.sender != owner) throw;
                                 ^---^
contracts/SwapToken.sol:50:5: Warning: Defining constructors as functions with the same name as the contract is deprecated. Use "constructor(...) { ... }" instead.
    function SwapToken(
    ^ (Relevant source part starts here and spans across multiple lines).
contracts/SwapToken.sol:146:50: Warning: "throw" is deprecated in favour of "revert()", "require()" and "assert()".
        if (balanceOfBuyer[msg.sender] < _value) throw;           // Check if the sender has enough
                                                 ^---^
contracts/SwapToken.sol:147:65: Warning: "throw" is deprecated in favour of "revert()", "require()" and "assert()".
        if (balanceOfBuyer[_to] + _value < balanceOfBuyer[_to]) throw; // Check for overflows
                                                                ^---^
contracts/SwapToken.sol:155:51: Warning: "throw" is deprecated in favour of "revert()", "require()" and "assert()".
        if (balanceOfIssuer[msg.sender] < _value) throw;
                                                  ^---^
contracts/SwapToken.sol:156:67: Warning: "throw" is deprecated in favour of "revert()", "require()" and "assert()".
        if (balanceOfIssuer[_to] + _value < balanceOfIssuer[_to]) throw;
                                                                  ^---^
contracts/SwapToken.sol:207:44: Warning: "throw" is deprecated in favour of "revert()", "require()" and "assert()".
        if (balanceOfBuyer[this] < amount) throw;               // checks if it has enough to sell
                                           ^---^
contracts/SwapToken.sol:216:45: Warning: "throw" is deprecated in favour of "revert()", "require()" and "assert()".
        if (balanceOfIssuer[this] < amount) throw;
                                            ^---^
contracts/SwapToken.sol:231:36: Warning: "throw" is deprecated in favour of "revert()", "require()" and "assert()".
        if (creditStatus == false) throw;                       // checks if buyer is eligible for a claim
                                   ^---^
contracts/SwapToken.sol:232:51: Warning: "throw" is deprecated in favour of "revert()", "require()" and "assert()".
        if (balanceOfBuyer[msg.sender] < amount ) throw;        // checks if the sender has enough to sell
                                                  ^---^
contracts/SwapToken.sol:237:13: Warning: "throw" is deprecated in favour of "revert()", "require()" and "assert()".
            throw;                                         // to do this last to prevent recursion attacks
            ^---^
contracts/SwapToken.sol:252:52: Warning: "throw" is deprecated in favour of "revert()", "require()" and "assert()".
        if (balanceOfIssuer[msg.sender] < amount ) throw;
                                                   ^---^
contracts/SwapToken.sol:257:13: Warning: "throw" is deprecated in favour of "revert()", "require()" and "assert()".
            throw;
            ^---^
contracts/SwapToken.sol:267:49: Warning: "throw" is deprecated in favour of "revert()", "require()" and "assert()".
        if (!project_wallet.send(this.balance)) throw;
                                                ^---^
contracts/SwapToken.sol:272:9: Warning: "throw" is deprecated in favour of "revert()", "require()" and "assert()".
        throw;     // Prevents accidental sending of ether
        ^---^
contracts/SwapToken.sol:245:53: Warning: This declaration shadows an existing declaration.
    function getPremium() private constant returns (uint256 premium) {
                                                    ^-------------^
contracts/SwapToken.sol:42:5: The shadowed declaration is here:
    uint256 public premium;
    ^--------------------^

contracts/SwapToken.sol:116:9: Warning: Invoking events without "emit" prefix is deprecated.
        Transfer(0, this, mintedAmount);
        ^-----------------------------^
contracts/SwapToken.sol:117:9: Warning: Invoking events without "emit" prefix is deprecated.
        Transfer(this, target, mintedAmount);
        ^----------------------------------^
contracts/SwapToken.sol:124:9: Warning: Invoking events without "emit" prefix is deprecated.
        Transfer(0, this, mintedAmount);
        ^-----------------------------^
contracts/SwapToken.sol:125:9: Warning: Invoking events without "emit" prefix is deprecated.
        Transfer(this, target, mintedAmount);
        ^----------------------------------^
contracts/SwapToken.sol:150:9: Warning: Invoking events without "emit" prefix is deprecated.
        Transfer(msg.sender, _to, _value);                   // Notify anyone listening that this transfer took place
        ^-------------------------------^
contracts/SwapToken.sol:159:9: Warning: Invoking events without "emit" prefix is deprecated.
        Transfer(msg.sender, _to, _value);
        ^-------------------------------^
contracts/SwapToken.sol:210:9: Warning: Invoking events without "emit" prefix is deprecated.
        Transfer(this, msg.sender, amount);                // execute an event reflecting the change
        ^--------------------------------^
contracts/SwapToken.sol:219:9: Warning: Invoking events without "emit" prefix is deprecated.
        Transfer(this, msg.sender, amount);
        ^--------------------------------^
contracts/SwapToken.sol:239:13: Warning: Invoking events without "emit" prefix is deprecated.
            Transfer(msg.sender, this, amount);             // executes an event reflecting on the change
            ^--------------------------------^
contracts/SwapToken.sol:259:13: Warning: Invoking events without "emit" prefix is deprecated.
            Transfer(msg.sender, this, amount);
            ^--------------------------------^
contracts/SwapToken.sol:267:34: Warning: Using contract member "balance" inherited from the address type is deprecated. Convert the contract to "address" type to access the member, for example use "address(contract).balance" instead.
        if (!project_wallet.send(this.balance)) throw;
                                 ^----------^
contracts/SwapToken.sol:5:5: Warning: No visibility specified. Defaulting to "public". 
    function owned() {
    ^ (Relevant source part starts here and spans across multiple lines).
contracts/SwapToken.sol:14:5: Warning: No visibility specified. Defaulting to "public". 
    function transferOwnership(address newOwner) onlyOwner {
    ^ (Relevant source part starts here and spans across multiple lines).
contracts/SwapToken.sol:19:27: Warning: No visibility specified. Defaulting to "public". 
contract tokenRecipient { function receiveApproval(address _from, uint256 _value, address _token, bytes _extraData); }
                          ^----------------------------------------------------------------------------------------^
contracts/SwapToken.sol:50:5: Warning: No visibility specified. Defaulting to "public". 
    function SwapToken(
    ^ (Relevant source part starts here and spans across multiple lines).
contracts/SwapToken.sol:58:9: Warning: Unused function parameter. Remove or comment out the variable name to silence this warning.
        uint _startBlock,
        ^--------------^
contracts/SwapToken.sol:59:9: Warning: Unused function parameter. Remove or comment out the variable name to silence this warning.
        uint _endBlock
        ^------------^
contracts/SwapToken.sol:106:5: Warning: No visibility specified. Defaulting to "public". 
    function defineProjectWallet(address target) onlyOwner {
    ^ (Relevant source part starts here and spans across multiple lines).
contracts/SwapToken.sol:113:5: Warning: No visibility specified. Defaulting to "public". 
    function mintBuyerToken(address target, uint256 mintedAmount) onlyOwner {
    ^ (Relevant source part starts here and spans across multiple lines).
contracts/SwapToken.sol:121:5: Warning: No visibility specified. Defaulting to "public". 
    function mintIssuerToken(address target, uint256 mintedAmount) onlyOwner {
    ^ (Relevant source part starts here and spans across multiple lines).
contracts/SwapToken.sol:131:5: Warning: No visibility specified. Defaulting to "public". 
    function distroyBuyerToken(uint256 burnAmount) onlyOwner {
    ^ (Relevant source part starts here and spans across multiple lines).
contracts/SwapToken.sol:137:5: Warning: No visibility specified. Defaulting to "public". 
    function distroyIssuerToken(uint256 burnAmount) onlyOwner {
    ^ (Relevant source part starts here and spans across multiple lines).
contracts/SwapToken.sol:145:5: Warning: No visibility specified. Defaulting to "public". 
    function transferBuyer(address _to, uint256 _value) {
    ^ (Relevant source part starts here and spans across multiple lines).
contracts/SwapToken.sol:154:5: Warning: No visibility specified. Defaulting to "public". 
    function transferIssue(address _to, uint256 _value) {
    ^ (Relevant source part starts here and spans across multiple lines).
contracts/SwapToken.sol:163:5: Warning: No visibility specified. Defaulting to "public". 
    function approve(address _spender, uint256 _value)
    ^ (Relevant source part starts here and spans across multiple lines).
contracts/SwapToken.sol:166:9: Warning: Unused local variable.
        tokenRecipient spender = tokenRecipient(_spender);
        ^--------------------^
contracts/SwapToken.sol:171:5: Warning: No visibility specified. Defaulting to "public". 
    function approveAndCall(address _spender, uint256 _value, bytes _extraData)
    ^ (Relevant source part starts here and spans across multiple lines).
contracts/SwapToken.sol:194:5: Warning: No visibility specified. Defaulting to "public". 
    function setPrices(uint256 newBuyPrice, uint256 newIssuePrice, uint256 coveragePerToken) onlyOwner {
    ^ (Relevant source part starts here and spans across multiple lines).
contracts/SwapToken.sol:203:5: Warning: No visibility specified. Defaulting to "public". 
    function buyBuyerTokens() payable {
    ^ (Relevant source part starts here and spans across multiple lines).
contracts/SwapToken.sol:214:5: Warning: No visibility specified. Defaulting to "public". 
    function buyIssuerTokens() payable {
    ^ (Relevant source part starts here and spans across multiple lines).
contracts/SwapToken.sol:223:5: Warning: No visibility specified. Defaulting to "public". 
    function setCreditStatus(bool _status) onlyOwner {
    ^ (Relevant source part starts here and spans across multiple lines).
contracts/SwapToken.sol:230:5: Warning: No visibility specified. Defaulting to "public". 
    function sellBuyerTokens(uint amount) returns (uint revenue){
    ^ (Relevant source part starts here and spans across multiple lines).
contracts/SwapToken.sol:251:5: Warning: No visibility specified. Defaulting to "public". 
    function sellIssuerTokens(uint amount) returns (uint revenue){
    ^ (Relevant source part starts here and spans across multiple lines).
contracts/SwapToken.sol:265:5: Warning: No visibility specified. Defaulting to "public". 
    function moveFunds() onlyOwner {
    ^ (Relevant source part starts here and spans across multiple lines).
contracts/SwapToken.sol:271:5: Warning: No visibility specified. Defaulting to "public". 
    function () {
    ^ (Relevant source part starts here and spans across multiple lines).
assets/NormalAttacker.sol:5:3: Warning: No visibility specified. Defaulting to "public". 
  function() payable {
  ^ (Relevant source part starts here and spans across multiple lines).
assets/ReentrancyAttacker.sol:8:7: Warning: Return value of low-level calls not used.
      msg.sender.call(bytes4(255));
      ^--------------------------^
assets/ReentrancyAttacker.sol:5:3: Warning: No visibility specified. Defaulting to "public". 
  function() payable {
  ^ (Relevant source part starts here and spans across multiple lines).
>> Fuzz owned
** Write stats: 0.00293
** Write stats: 5.0002
** Write stats: 10.0002
** Write stats: 15.0107
** Write stats: 20.0002
** Write stats: 25.0005
** Write stats: 30.0001
** Write stats: 35.0002
** Write stats: 40.0003
** Write stats: 45.0002
** Write stats: 50.0001
** Write stats: 55.0002
** Write stats: 60.0001
** Write stats: 65.0002
** Write stats: 70.0001
** Write stats: 75.0004
** Write stats: 80.0001
** Write stats: 85.0004
** Write stats: 90.0031
** Write stats: 95.0002
** Write stats: 100
** Write stats: 105
** Write stats: 110.01
** Write stats: 115.018
** Write stats: 120
** Write stats: 120.021
>> Fuzz SwapToken
** Write stats: 0.054503
** Write stats: 5.00304
** Write stats: 10.0057
** Write stats: 15.0036
** Write stats: 20.0013
** Write stats: 25.1629
** Write stats: 30.0027
** Write stats: 35.0023
** Write stats: 40.0016
** Write stats: 45.0082
** Write stats: 50.0081
** Write stats: 55.0036
** Write stats: 60.0095
** Write stats: 65.0028
** Write stats: 70.001
** Write stats: 75.0203
** Write stats: 80.0142
** Write stats: 85.023
** Write stats: 90.0116
** Write stats: 95.0164
** Write stats: 100.003
** Write stats: 105.021
** Write stats: 110.023
** Write stats: 115.026
** Write stats: 120.017
** Write stats: 120.317
