ANTLR runtime and generated code versions disagree: 4.9.2!=4.7.2
ANTLR runtime and generated code versions disagree: 4.9.2!=4.7.2
Analysing /sb/0x0c04792e92e6b2896a18568fd936781e9857feb7.sol:ERC20...
Analysing /sb/0x0c04792e92e6b2896a18568fd936781e9857feb7.sol:PresalePool...
Vulnerability: Reentrancy. Maybe in function: revoke(address). PC: 0x1cf6. Line number: 285.
Vulnerability: Integer Overflow. Maybe in function: contributionCaps(uint256). PC: 0x1a2e. Line number: 57.
If a = 80084422859880547211683076133703299733277748156566366325829078699459944778998
and b = 35707666377435648211887908874984608119992236509074197713628505308453184860938
Vulnerability: Integer Overflow. Maybe in function: _fallthrough. PC: 0xd50. Line number: 188.
If a = 110349606679412691172957834289542550319383271247755660854362242977991410020067
and b = 6332379880165729437226538242662619960725702286402218345907836625432749277184
Vulnerability: Transaction Ordering Dependence. Maybe in function: withdraw(address). PC: 0x195a. Line number: 203.
Vulnerability: Transaction Ordering Dependence. Maybe in function: revoke(address). PC: 0x1e9d. Line number: 290.
Vulnerability: Integer Overflow. Maybe in function: nextContributionCaps(uint256). PC: 0x11e9. Line number: 76.
If a = 1546678032441257452667456735582814959992782782816731922691272282333561699760
and b = 114245411204874937970903528273105092893277201882823832116766311725579567940192
Vulnerability: Integer Overflow. Maybe in function: ethRefundAmount(uint256). PC: 0x1a0b. Line number: 82.
If a = 110349606679412691172957834289542550319383271247755660854362242977991410020067
and b = 5442482557903504250613150719145359446784032567762716164921240802168974082076
Vulnerability: Integer Underflow. Maybe in function: _fallthrough. PC: 0xd46. Line number: 188.
If a = 115792089237316195423570985008687907853269984665640564039457584007913129639935
and b = 1
Analysing /sb/0x0c04792e92e6b2896a18568fd936781e9857feb7.sol:SafeMath...
Analysing /sb/0x0c04792e92e6b2896a18568fd936781e9857feb7.sol:WhiteList...
