ANTLR runtime and generated code versions disagree: 4.9.2!=4.7.2
ANTLR runtime and generated code versions disagree: 4.9.2!=4.7.2
Traceback (most recent call last):
  File "conkas.py", line 143, in <module>
    main()
  File "conkas.py", line 89, in main
    contracts = compile_files([filename])
  File "/usr/local/lib/python3.8/dist-packages/solcx/main.py", line 118, in compile_files
    stdoutdata, stderrdata, command, proc = solc_wrapper(**compiler_kwargs)
  File "/usr/local/lib/python3.8/dist-packages/solcx/utils/string.py", line 78, in inner
    return force_obj_to_text(fn(*args, **kwargs))
  File "/usr/local/lib/python3.8/dist-packages/solcx/wrapper.py", line 187, in solc_wrapper
    raise SolcError(
solcx.exceptions.SolcError: An error occurred during execution
        > command: `/root/.solcx/solc-v0.6.11 --combined-json abi,asm,ast,bin,bin-runtime,devdoc,opcodes,userdoc /sb/0x56705bc85a98853ee2df3834d2b3079cdfed87d8.sol`
        > return code: `1`
        > stderr:

        > stdout:
        Warning: SPDX license identifier not provided in source file. Before publishing, consider adding a comment containing "SPDX-License-Identifier: <SPDX-License>" to each source file. Use "SPDX-License-Identifier: UNLICENSED" for non-open-source code. Please see https://spdx.org for more information.
--> /sb/0x56705bc85a98853ee2df3834d2b3079cdfed87d8.sol

Error: Functions are not allowed to have the same name as the contract. If you intend this to be a constructor, use "constructor(...) { ... }" to define it.
  --> /sb/0x56705bc85a98853ee2df3834d2b3079cdfed87d8.sol:10:5:
   |
10 |     function ConsultingHalf(address _engineer, address _manager) {
   |     ^ (Relevant source part starts here and spans across multiple lines).

Error: No visibility specified. Did you intend to add "public"?
  --> /sb/0x56705bc85a98853ee2df3834d2b3079cdfed87d8.sol:10:5:
   |
10 |     function ConsultingHalf(address _engineer, address _manager) {
   |     ^ (Relevant source part starts here and spans across multiple lines).

Error: No visibility specified. Did you intend to add "public"?
  --> /sb/0x56705bc85a98853ee2df3834d2b3079cdfed87d8.sol:18:5:
   |
18 |     function payout() returns (bool _success) {
   |     ^ (Relevant source part starts here and spans across multiple lines).

Warning: This declaration shadows an existing declaration.
  --> /sb/0x56705bc85a98853ee2df3834d2b3079cdfed87d8.sol:10:5:
   |
10 |     function ConsultingHalf(address _engineer, address _manager) {
   |     ^ (Relevant source part starts here and spans across multiple lines).
Note: The shadowed declaration is here:
 --> /sb/0x56705bc85a98853ee2df3834d2b3079cdfed87d8.sol:2:1:
  |
2 | contract ConsultingHalf {
  | ^ (Relevant source part starts here and spans across multiple lines).

Error: Member "balance" not found or not visible after argument-dependent lookup in contract ConsultingHalf. Use "address(this).balance" to access this address member.
  --> /sb/0x56705bc85a98853ee2df3834d2b3079cdfed87d8.sol:20:28:
   |
20 |              engineer.send(this.balance / 2);
   |                            ^^^^^^^^^^^^
