'solc --version' running
'solc /sb/0x1b27996479b11abc8a8d0447deb3fb0183788484.sol --combined-json abi,ast,bin,bin-runtime,srcmap,srcmap-runtime,userdoc,devdoc,hashes,compact-format --allow-paths .,/sb' running
Compilation warnings/errors on /sb/0x1b27996479b11abc8a8d0447deb3fb0183788484.sol:
/sb/0x1b27996479b11abc8a8d0447deb3fb0183788484.sol:52:5: Warning: Defining constructors as functions with the same name as the contract is deprecated. Use "constructor(...) { ... }" instead.
    function Presale () validSetupOnly() { }
    ^--------------------------------------^
/sb/0x1b27996479b11abc8a8d0447deb3fb0183788484.sol:70:13: Warning: "throw" is deprecated in favour of "revert()", "require()" and "assert()".
            throw;
            ^---^
/sb/0x1b27996479b11abc8a8d0447deb3fb0183788484.sol:89:44: Warning: "throw" is deprecated in favour of "revert()", "require()" and "assert()".
            if (!OWNER.send(this.balance)) throw;
                                           ^---^
/sb/0x1b27996479b11abc8a8d0447deb3fb0183788484.sol:108:9: Warning: Use of the "var" keyword is deprecated.
        var amount_to_refund = balances[msg.sender] + msg.value;
        ^------------------^
/sb/0x1b27996479b11abc8a8d0447deb3fb0183788484.sol:112:49: Warning: "throw" is deprecated in favour of "revert()", "require()" and "assert()".
        if (!msg.sender.send(amount_to_refund)) throw;
                                                ^---^
/sb/0x1b27996479b11abc8a8d0447deb3fb0183788484.sol:120:11: Warning: Use of the "var" keyword is deprecated.
          var change_to_return = total_received_amount + msg.value - MAX_TOTAL_AMOUNT_TO_RECEIVE;
          ^------------------^
/sb/0x1b27996479b11abc8a8d0447deb3fb0183788484.sol:121:51: Warning: "throw" is deprecated in favour of "revert()", "require()" and "assert()".
          if (!msg.sender.send(change_to_return)) throw;
                                                  ^---^
/sb/0x1b27996479b11abc8a8d0447deb3fb0183788484.sol:123:11: Warning: Use of the "var" keyword is deprecated.
          var acceptable_remainder = MAX_TOTAL_AMOUNT_TO_RECEIVE - total_received_amount;
          ^----------------------^
/sb/0x1b27996479b11abc8a8d0447deb3fb0183788484.sol:154:38: Warning: "throw" is deprecated in favour of "revert()", "require()" and "assert()".
        if (state != currentState()) throw;
                                     ^---^
/sb/0x1b27996479b11abc8a8d0447deb3fb0183788484.sol:169:5: Warning: "throw" is deprecated in favour of "revert()", "require()" and "assert()".
				throw;
				^---^
/sb/0x1b27996479b11abc8a8d0447deb3fb0183788484.sol:176:32: Warning: "throw" is deprecated in favour of "revert()", "require()" and "assert()".
    	if (msg.sender != OWNER)  throw;
    	                          ^---^
/sb/0x1b27996479b11abc8a8d0447deb3fb0183788484.sol:183:40: Warning: "throw" is deprecated in favour of "revert()", "require()" and "assert()".
        if (balances[msg.sender] == 0) throw;
                                       ^---^
/sb/0x1b27996479b11abc8a8d0447deb3fb0183788484.sol:190:46: Warning: "throw" is deprecated in favour of "revert()", "require()" and "assert()".
        if (msg.value < MIN_ACCEPTED_AMOUNT) throw;
                                             ^---^
/sb/0x1b27996479b11abc8a8d0447deb3fb0183788484.sol:198:21: Warning: "throw" is deprecated in favour of "revert()", "require()" and "assert()".
        if (locked) throw;
                    ^---^
/sb/0x1b27996479b11abc8a8d0447deb3fb0183788484.sol:153:22: Warning: This declaration shadows an existing declaration.
    modifier inState(State state) {
                     ^---------^
/sb/0x1b27996479b11abc8a8d0447deb3fb0183788484.sol:95:5: The shadowed declaration is here:
    function state()  external constant
    ^ (Relevant source part starts here and spans across multiple lines).

/sb/0x1b27996479b11abc8a8d0447deb3fb0183788484.sol:88:13: Warning: Using contract member "balance" inherited from the address type is deprecated. Convert the contract to "address" type to access the member, for example use "address(contract).balance" instead.
        if (this.balance > 0) {
            ^----------^
/sb/0x1b27996479b11abc8a8d0447deb3fb0183788484.sol:89:29: Warning: Using contract member "balance" inherited from the address type is deprecated. Convert the contract to "address" type to access the member, for example use "address(contract).balance" instead.
            if (!OWNER.send(this.balance)) throw;
                            ^----------^
/sb/0x1b27996479b11abc8a8d0447deb3fb0183788484.sol:141:20: Warning: Using contract member "balance" inherited from the address type is deprecated. Convert the contract to "address" type to access the member, for example use "address(contract).balance" instead.
        } else if (this.balance > 0){
                   ^----------^
/sb/0x1b27996479b11abc8a8d0447deb3fb0183788484.sol:52:5: Warning: No visibility specified. Defaulting to "public". 
    function Presale () validSetupOnly() { }
    ^--------------------------------------^
/sb/0x1b27996479b11abc8a8d0447deb3fb0183788484.sol:59:5: Warning: No visibility specified. Defaulting to "public". 
    function ()
    ^ (Relevant source part starts here and spans across multiple lines).


Presale.fallback().state (../sb/0x1b27996479b11abc8a8d0447deb3fb0183788484.sol#63) shadows:
	- Presale.state() (../sb/0x1b27996479b11abc8a8d0447deb3fb0183788484.sol#95-99) (function)
Presale.inState(Presale.State).state (../sb/0x1b27996479b11abc8a8d0447deb3fb0183788484.sol#153) shadows:
	- Presale.state() (../sb/0x1b27996479b11abc8a8d0447deb3fb0183788484.sol#95-99) (function)
Reference: https://github.com/crytic/slither/wiki/Detector-Documentation#local-variable-shadowing

Deprecated standard detected THROW (../sb/0x1b27996479b11abc8a8d0447deb3fb0183788484.sol#70):
	- Usage of "throw" should be replaced with "revert()"
Deprecated standard detected THROW (../sb/0x1b27996479b11abc8a8d0447deb3fb0183788484.sol#89):
	- Usage of "throw" should be replaced with "revert()"
Deprecated standard detected THROW (../sb/0x1b27996479b11abc8a8d0447deb3fb0183788484.sol#112):
	- Usage of "throw" should be replaced with "revert()"
Deprecated standard detected THROW (../sb/0x1b27996479b11abc8a8d0447deb3fb0183788484.sol#121):
	- Usage of "throw" should be replaced with "revert()"
Deprecated standard detected THROW (../sb/0x1b27996479b11abc8a8d0447deb3fb0183788484.sol#154):
	- Usage of "throw" should be replaced with "revert()"
Deprecated standard detected THROW (../sb/0x1b27996479b11abc8a8d0447deb3fb0183788484.sol#169):
	- Usage of "throw" should be replaced with "revert()"
Deprecated standard detected THROW (../sb/0x1b27996479b11abc8a8d0447deb3fb0183788484.sol#176):
	- Usage of "throw" should be replaced with "revert()"
Deprecated standard detected THROW (../sb/0x1b27996479b11abc8a8d0447deb3fb0183788484.sol#183):
	- Usage of "throw" should be replaced with "revert()"
Deprecated standard detected THROW (../sb/0x1b27996479b11abc8a8d0447deb3fb0183788484.sol#190):
	- Usage of "throw" should be replaced with "revert()"
Deprecated standard detected THROW (../sb/0x1b27996479b11abc8a8d0447deb3fb0183788484.sol#198):
	- Usage of "throw" should be replaced with "revert()"
Reference: https://github.com/crytic/slither/wiki/Detector-Documentation#deprecated-standards

Version constraint ^0.4.6 contains known severe issues (https://solidity.readthedocs.io/en/latest/bugs.html)
	- DirtyBytesArrayToStorage
	- KeccakCaching
	- EmptyByteArrayCopy
	- DynamicArrayCleanup
	- ImplicitConstructorCallvalueCheck
	- TupleAssignmentMultiStackSlotComponents
	- MemoryArrayCreationOverflow
	- privateCanBeOverridden
	- UninitializedFunctionPointerInConstructor_0.4.x
	- IncorrectEventSignatureInLibraries_0.4.x
	- ExpExponentCleanup
	- NestedArrayFunctionCallDecoder
	- ZeroFunctionSelector
	- DelegateCallReturnValue
	- ECRecoverMalformedInput
	- SkipEmptyStringLiteral
	- ConstantOptimizerSubtraction
	- IdentityPrecompileReturnIgnored.
It is used by:
	- ^0.4.6 (../sb/0x1b27996479b11abc8a8d0447deb3fb0183788484.sol#1)
solc-0.4.26 is an outdated solc version. Use a more recent version (at least 0.8.0), if possible.
Reference: https://github.com/crytic/slither/wiki/Detector-Documentation#incorrect-versions-of-solidity

Variable Presale.total_received_amount (../sb/0x1b27996479b11abc8a8d0447deb3fb0183788484.sol#43) is not in mixedCase
Reference: https://github.com/crytic/slither/wiki/Detector-Documentation#conformance-to-solidity-naming-conventions

Reentrancy in Presale.receiveFunds() (../sb/0x1b27996479b11abc8a8d0447deb3fb0183788484.sol#116-131):
	External calls:
	- ! msg.sender.send(change_to_return) (../sb/0x1b27996479b11abc8a8d0447deb3fb0183788484.sol#121)
	State variables written after the call(s):
	- balances[msg.sender] += acceptable_remainder (../sb/0x1b27996479b11abc8a8d0447deb3fb0183788484.sol#124)
	- total_received_amount += acceptable_remainder (../sb/0x1b27996479b11abc8a8d0447deb3fb0183788484.sol#125)
Reference: https://github.com/crytic/slither/wiki/Detector-Documentation#reentrancy-vulnerabilities-4
/sb/0x1b27996479b11abc8a8d0447deb3fb0183788484.sol analyzed (1 contracts with 100 detectors), 16 result(s) found
