ANTLR runtime and generated code versions disagree: 4.9.2!=4.7.2
ANTLR runtime and generated code versions disagree: 4.9.2!=4.7.2
Analysing /sb/0x280daacbd812725baf46e273b84426b1e10ab410.sol:ApproveAndCallFallBack...
Nothing to analyse
Analysing /sb/0x280daacbd812725baf46e273b84426b1e10ab410.sol:CBEXTOKEN...
Vulnerability: Reentrancy. Maybe in function: transferAnyERC20Token(address,uint256). PC: 0x14e1. Line number: 221.
Vulnerability: Reentrancy. Maybe in function: approveAndCall(address,uint256,bytes). PC: 0x1346. Line number: 204.
Vulnerability: Integer Overflow. Maybe in function: approveAndCall(address,uint256,bytes). PC: 0x5cf. Line number: 201.
If a = 128
and b = 115792089237316195423570985008687907853269984665640564039457584007913129639840
Vulnerability: Integer Overflow. Maybe in function: approveAndCall(address,uint256,bytes). PC: 0x1286. Line number: 204.
If a = 32
and b = 115792089237316195423570985008687907853269984665640564039457584007913129639712
Vulnerability: Integer Overflow. Maybe in function: approveAndCall(address,uint256,bytes). PC: 0x11f4. Line number: 203.
If a = 32
and b = 115792089237316195423570985008687907853269984665640564039457584007913129639713
Vulnerability: Integer Underflow. Maybe in function: totalSupply(). PC: 0x9f5. Line number: 129.
If a = 0
and b = 1
Analysing /sb/0x280daacbd812725baf46e273b84426b1e10ab410.sol:ERC20Interface...
Nothing to analyse
Analysing /sb/0x280daacbd812725baf46e273b84426b1e10ab410.sol:Owned...
Analysing /sb/0x280daacbd812725baf46e273b84426b1e10ab410.sol:SafeMath...
