A new version of Solhint is available: 6.0.1
Please consider updating your Solhint package.
/sb/0x73f9ea69ff02eec82ccb7e4226cbd4b25a14acf4.sol:2:1: Found more than One contract per file. 2 contracts found! [Warning/one-contract-per-file]
/sb/0x73f9ea69ff02eec82ccb7e4226cbd4b25a14acf4.sol:2:1: Compiler version ^0.4.21 does not satisfy the ^0.8.24 semver requirement [Error/compiler-version]
/sb/0x73f9ea69ff02eec82ccb7e4226cbd4b25a14acf4.sol:10:1: Missing @author tag in contract 'Ownable' [Warning/use-natspec]
/sb/0x73f9ea69ff02eec82ccb7e4226cbd4b25a14acf4.sol:10:1: Missing @notice tag in contract 'Ownable' [Warning/use-natspec]
/sb/0x73f9ea69ff02eec82ccb7e4226cbd4b25a14acf4.sol:11:3: Missing @notice tag in variable 'owner' [Warning/use-natspec]
/sb/0x73f9ea69ff02eec82ccb7e4226cbd4b25a14acf4.sol:14:3: Missing @notice tag in event 'OwnershipTransferred' [Warning/use-natspec]
/sb/0x73f9ea69ff02eec82ccb7e4226cbd4b25a14acf4.sol:14:3: Missing @param tag in event 'OwnershipTransferred' [Warning/use-natspec]
/sb/0x73f9ea69ff02eec82ccb7e4226cbd4b25a14acf4.sol:14:3: Mismatch in @param names for event 'OwnershipTransferred'. Expected: [previousOwner, newOwner], Found: [] [Warning/use-natspec]
/sb/0x73f9ea69ff02eec82ccb7e4226cbd4b25a14acf4.sol:21:3: Missing @notice tag in function 'Ownable' [Warning/use-natspec]
/sb/0x73f9ea69ff02eec82ccb7e4226cbd4b25a14acf4.sol:29:5: Provide an error message for require [Warning/reason-string]
/sb/0x73f9ea69ff02eec82ccb7e4226cbd4b25a14acf4.sol:37:3: Missing @notice tag in function 'transferOwnership' [Warning/use-natspec]
/sb/0x73f9ea69ff02eec82ccb7e4226cbd4b25a14acf4.sol:38:5: Provide an error message for require [Warning/reason-string]
/sb/0x73f9ea69ff02eec82ccb7e4226cbd4b25a14acf4.sol:46:1: Compiler version ^0.4.18 does not satisfy the ^0.8.24 semver requirement [Error/compiler-version]
/sb/0x73f9ea69ff02eec82ccb7e4226cbd4b25a14acf4.sol:50:1: Missing @title tag in contract 'ARTIDDigitalSign' [Warning/use-natspec]
/sb/0x73f9ea69ff02eec82ccb7e4226cbd4b25a14acf4.sol:50:1: Missing @author tag in contract 'ARTIDDigitalSign' [Warning/use-natspec]
/sb/0x73f9ea69ff02eec82ccb7e4226cbd4b25a14acf4.sol:50:1: Missing @notice tag in contract 'ARTIDDigitalSign' [Warning/use-natspec]
/sb/0x73f9ea69ff02eec82ccb7e4226cbd4b25a14acf4.sol:54:5: Explicitly mark visibility of state [Warning/state-visibility]
/sb/0x73f9ea69ff02eec82ccb7e4226cbd4b25a14acf4.sol:63:5: Missing @notice tag in function 'Sign' [Warning/use-natspec]
/sb/0x73f9ea69ff02eec82ccb7e4226cbd4b25a14acf4.sol:63:5: Missing @param tag in function 'Sign' [Warning/use-natspec]
/sb/0x73f9ea69ff02eec82ccb7e4226cbd4b25a14acf4.sol:63:5: Mismatch in @param names for function 'Sign'. Expected: [guid, hash], Found: [] [Warning/use-natspec]
/sb/0x73f9ea69ff02eec82ccb7e4226cbd4b25a14acf4.sol:63:5: Function name must be in mixedCase [Warning/func-name-mixedcase]
/sb/0x73f9ea69ff02eec82ccb7e4226cbd4b25a14acf4.sol:72:9: Rule is set with explicit type [var/s: uint] [Warning/explicit-types]
/sb/0x73f9ea69ff02eec82ccb7e4226cbd4b25a14acf4.sol:73:38: GC: For [ i ] variable, increment/decrement by 1 using: [ ++variable ] to save gas [Warning/gas-increment-by-one]
/sb/0x73f9ea69ff02eec82ccb7e4226cbd4b25a14acf4.sol:84:5: Missing @notice tag in function 'GetSign' [Warning/use-natspec]
/sb/0x73f9ea69ff02eec82ccb7e4226cbd4b25a14acf4.sol:84:5: Missing @param tag in function 'GetSign' [Warning/use-natspec]
/sb/0x73f9ea69ff02eec82ccb7e4226cbd4b25a14acf4.sol:84:5: Mismatch in @param names for function 'GetSign'. Expected: [guid, signer], Found: [] [Warning/use-natspec]
/sb/0x73f9ea69ff02eec82ccb7e4226cbd4b25a14acf4.sol:84:5: Missing @return tag in function 'GetSign' [Warning/use-natspec]
/sb/0x73f9ea69ff02eec82ccb7e4226cbd4b25a14acf4.sol:84:5: Mismatch in @return names for function 'GetSign'. Expected: [sign, signedVersion, timestamp], Found: [] [Warning/use-natspec]
/sb/0x73f9ea69ff02eec82ccb7e4226cbd4b25a14acf4.sol:84:5: Function name must be in mixedCase [Warning/func-name-mixedcase]
/sb/0x73f9ea69ff02eec82ccb7e4226cbd4b25a14acf4.sol:90:9: Rule is set with explicit type [var/s: uint] [Warning/explicit-types]
/sb/0x73f9ea69ff02eec82ccb7e4226cbd4b25a14acf4.sol:95:5: Missing @notice tag in function 'GetSignVersion' [Warning/use-natspec]
/sb/0x73f9ea69ff02eec82ccb7e4226cbd4b25a14acf4.sol:95:5: Missing @param tag in function 'GetSignVersion' [Warning/use-natspec]
/sb/0x73f9ea69ff02eec82ccb7e4226cbd4b25a14acf4.sol:95:5: Mismatch in @param names for function 'GetSignVersion'. Expected: [guid, signer, version], Found: [] [Warning/use-natspec]
/sb/0x73f9ea69ff02eec82ccb7e4226cbd4b25a14acf4.sol:95:5: Missing @return tag in function 'GetSignVersion' [Warning/use-natspec]
/sb/0x73f9ea69ff02eec82ccb7e4226cbd4b25a14acf4.sol:95:5: Mismatch in @return names for function 'GetSignVersion'. Expected: [sign, signedVersion, timestamp], Found: [] [Warning/use-natspec]
/sb/0x73f9ea69ff02eec82ccb7e4226cbd4b25a14acf4.sol:95:5: Function name must be in mixedCase [Warning/func-name-mixedcase]
/sb/0x73f9ea69ff02eec82ccb7e4226cbd4b25a14acf4.sol:95:58: Rule is set with explicit type [var/s: uint] [Warning/explicit-types]
/sb/0x73f9ea69ff02eec82ccb7e4226cbd4b25a14acf4.sol:107:5: Missing @notice tag in function 'strConcat' [Warning/use-natspec]
/sb/0x73f9ea69ff02eec82ccb7e4226cbd4b25a14acf4.sol:107:5: Missing @param tag in function 'strConcat' [Warning/use-natspec]
/sb/0x73f9ea69ff02eec82ccb7e4226cbd4b25a14acf4.sol:107:5: Mismatch in @param names for function 'strConcat'. Expected: [_a, _b, _c, _d, _e], Found: [] [Warning/use-natspec]
/sb/0x73f9ea69ff02eec82ccb7e4226cbd4b25a14acf4.sol:107:5: Missing @return tag in function 'strConcat' [Warning/use-natspec]
/sb/0x73f9ea69ff02eec82ccb7e4226cbd4b25a14acf4.sol:107:5: Mismatch in @return count for function 'strConcat'. Expected: 1, Found: 0 [Warning/use-natspec]
/sb/0x73f9ea69ff02eec82ccb7e4226cbd4b25a14acf4.sol:115:9: Rule is set with explicit type [var/s: uint] [Warning/explicit-types]
/sb/0x73f9ea69ff02eec82ccb7e4226cbd4b25a14acf4.sol:116:14: Rule is set with explicit type [var/s: uint] [Warning/explicit-types]
/sb/0x73f9ea69ff02eec82ccb7e4226cbd4b25a14acf4.sol:116:42: GC: For [ i ] variable, increment/decrement by 1 using: [ ++variable ] to save gas [Warning/gas-increment-by-one]
/sb/0x73f9ea69ff02eec82ccb7e4226cbd4b25a14acf4.sol:116:54: GC: For [ k ] variable, increment/decrement by 1 using: [ ++variable ] to save gas [Warning/gas-increment-by-one]
/sb/0x73f9ea69ff02eec82ccb7e4226cbd4b25a14acf4.sol:117:37: GC: For [ i ] variable, increment/decrement by 1 using: [ ++variable ] to save gas [Warning/gas-increment-by-one]
/sb/0x73f9ea69ff02eec82ccb7e4226cbd4b25a14acf4.sol:117:49: GC: For [ k ] variable, increment/decrement by 1 using: [ ++variable ] to save gas [Warning/gas-increment-by-one]
/sb/0x73f9ea69ff02eec82ccb7e4226cbd4b25a14acf4.sol:118:37: GC: For [ i ] variable, increment/decrement by 1 using: [ ++variable ] to save gas [Warning/gas-increment-by-one]
/sb/0x73f9ea69ff02eec82ccb7e4226cbd4b25a14acf4.sol:118:49: GC: For [ k ] variable, increment/decrement by 1 using: [ ++variable ] to save gas [Warning/gas-increment-by-one]
/sb/0x73f9ea69ff02eec82ccb7e4226cbd4b25a14acf4.sol:119:37: GC: For [ i ] variable, increment/decrement by 1 using: [ ++variable ] to save gas [Warning/gas-increment-by-one]
/sb/0x73f9ea69ff02eec82ccb7e4226cbd4b25a14acf4.sol:119:49: GC: For [ k ] variable, increment/decrement by 1 using: [ ++variable ] to save gas [Warning/gas-increment-by-one]
/sb/0x73f9ea69ff02eec82ccb7e4226cbd4b25a14acf4.sol:120:37: GC: For [ i ] variable, increment/decrement by 1 using: [ ++variable ] to save gas [Warning/gas-increment-by-one]
/sb/0x73f9ea69ff02eec82ccb7e4226cbd4b25a14acf4.sol:120:49: GC: For [ k ] variable, increment/decrement by 1 using: [ ++variable ] to save gas [Warning/gas-increment-by-one]
/sb/0x73f9ea69ff02eec82ccb7e4226cbd4b25a14acf4.sol:124:5: Missing @notice tag in function 'strConcat' [Warning/use-natspec]
/sb/0x73f9ea69ff02eec82ccb7e4226cbd4b25a14acf4.sol:124:5: Missing @param tag in function 'strConcat' [Warning/use-natspec]
/sb/0x73f9ea69ff02eec82ccb7e4226cbd4b25a14acf4.sol:124:5: Mismatch in @param names for function 'strConcat'. Expected: [_a, _b, _c, _d], Found: [] [Warning/use-natspec]
/sb/0x73f9ea69ff02eec82ccb7e4226cbd4b25a14acf4.sol:124:5: Missing @return tag in function 'strConcat' [Warning/use-natspec]
/sb/0x73f9ea69ff02eec82ccb7e4226cbd4b25a14acf4.sol:124:5: Mismatch in @return count for function 'strConcat'. Expected: 1, Found: 0 [Warning/use-natspec]
/sb/0x73f9ea69ff02eec82ccb7e4226cbd4b25a14acf4.sol:128:5: Missing @notice tag in function 'strConcat' [Warning/use-natspec]
/sb/0x73f9ea69ff02eec82ccb7e4226cbd4b25a14acf4.sol:128:5: Missing @param tag in function 'strConcat' [Warning/use-natspec]
/sb/0x73f9ea69ff02eec82ccb7e4226cbd4b25a14acf4.sol:128:5: Mismatch in @param names for function 'strConcat'. Expected: [_a, _b, _c], Found: [] [Warning/use-natspec]
/sb/0x73f9ea69ff02eec82ccb7e4226cbd4b25a14acf4.sol:128:5: Missing @return tag in function 'strConcat' [Warning/use-natspec]
/sb/0x73f9ea69ff02eec82ccb7e4226cbd4b25a14acf4.sol:128:5: Mismatch in @return count for function 'strConcat'. Expected: 1, Found: 0 [Warning/use-natspec]
/sb/0x73f9ea69ff02eec82ccb7e4226cbd4b25a14acf4.sol:132:5: Missing @notice tag in function 'strConcat' [Warning/use-natspec]
/sb/0x73f9ea69ff02eec82ccb7e4226cbd4b25a14acf4.sol:132:5: Missing @param tag in function 'strConcat' [Warning/use-natspec]
/sb/0x73f9ea69ff02eec82ccb7e4226cbd4b25a14acf4.sol:132:5: Mismatch in @param names for function 'strConcat'. Expected: [_a, _b], Found: [] [Warning/use-natspec]
/sb/0x73f9ea69ff02eec82ccb7e4226cbd4b25a14acf4.sol:132:5: Missing @return tag in function 'strConcat' [Warning/use-natspec]
/sb/0x73f9ea69ff02eec82ccb7e4226cbd4b25a14acf4.sol:132:5: Mismatch in @return count for function 'strConcat'. Expected: 1, Found: 0 [Warning/use-natspec]
/sb/0x73f9ea69ff02eec82ccb7e4226cbd4b25a14acf4.sol:136:5: Missing @notice tag in function 'toString' [Warning/use-natspec]
/sb/0x73f9ea69ff02eec82ccb7e4226cbd4b25a14acf4.sol:136:5: Missing @param tag in function 'toString' [Warning/use-natspec]
/sb/0x73f9ea69ff02eec82ccb7e4226cbd4b25a14acf4.sol:136:5: Mismatch in @param names for function 'toString'. Expected: [x], Found: [] [Warning/use-natspec]
/sb/0x73f9ea69ff02eec82ccb7e4226cbd4b25a14acf4.sol:136:5: Missing @return tag in function 'toString' [Warning/use-natspec]
/sb/0x73f9ea69ff02eec82ccb7e4226cbd4b25a14acf4.sol:136:5: Mismatch in @return count for function 'toString'. Expected: 1, Found: 0 [Warning/use-natspec]
/sb/0x73f9ea69ff02eec82ccb7e4226cbd4b25a14acf4.sol:136:5: Explicitly mark visibility in function [Warning/func-visibility]
/sb/0x73f9ea69ff02eec82ccb7e4226cbd4b25a14acf4.sol:138:14: Rule is set with explicit type [var/s: uint] [Warning/explicit-types]
/sb/0x73f9ea69ff02eec82ccb7e4226cbd4b25a14acf4.sol:138:34: GC: For [ i ] variable, increment/decrement by 1 using: [ ++variable ] to save gas [Warning/gas-increment-by-one]
/sb/0x73f9ea69ff02eec82ccb7e4226cbd4b25a14acf4.sol:139:13: Rule is set with explicit type [var/s: uint] [Warning/explicit-types]
/sb/0x73f9ea69ff02eec82ccb7e4226cbd4b25a14acf4.sol:143:5: Missing @notice tag in function 'bytes32ToString' [Warning/use-natspec]
/sb/0x73f9ea69ff02eec82ccb7e4226cbd4b25a14acf4.sol:143:5: Missing @param tag in function 'bytes32ToString' [Warning/use-natspec]
/sb/0x73f9ea69ff02eec82ccb7e4226cbd4b25a14acf4.sol:143:5: Mismatch in @param names for function 'bytes32ToString'. Expected: [x], Found: [] [Warning/use-natspec]
/sb/0x73f9ea69ff02eec82ccb7e4226cbd4b25a14acf4.sol:143:5: Missing @return tag in function 'bytes32ToString' [Warning/use-natspec]
/sb/0x73f9ea69ff02eec82ccb7e4226cbd4b25a14acf4.sol:143:5: Mismatch in @return count for function 'bytes32ToString'. Expected: 1, Found: 0 [Warning/use-natspec]
/sb/0x73f9ea69ff02eec82ccb7e4226cbd4b25a14acf4.sol:143:5: Explicitly mark visibility in function [Warning/func-visibility]
/sb/0x73f9ea69ff02eec82ccb7e4226cbd4b25a14acf4.sol:145:9: Rule is set with explicit type [var/s: uint] [Warning/explicit-types]
/sb/0x73f9ea69ff02eec82ccb7e4226cbd4b25a14acf4.sol:146:14: Rule is set with explicit type [var/s: uint] [Warning/explicit-types]
/sb/0x73f9ea69ff02eec82ccb7e4226cbd4b25a14acf4.sol:146:34: GC: For [ j ] variable, increment/decrement by 1 using: [ ++variable ] to save gas [Warning/gas-increment-by-one]
/sb/0x73f9ea69ff02eec82ccb7e4226cbd4b25a14acf4.sol:147:25: Rule is set with explicit type [var/s: uint] [Warning/explicit-types]
/sb/0x73f9ea69ff02eec82ccb7e4226cbd4b25a14acf4.sol:150:17: GC: For [ charCount ] variable, increment/decrement by 1 using: [ ++variable ] to save gas [Warning/gas-increment-by-one]
/sb/0x73f9ea69ff02eec82ccb7e4226cbd4b25a14acf4.sol:154:36: GC: For [ j ] variable, increment/decrement by 1 using: [ ++variable ] to save gas [Warning/gas-increment-by-one]
/sb/0x73f9ea69ff02eec82ccb7e4226cbd4b25a14acf4.sol:160:5: Explicitly mark visibility of state [Warning/state-visibility]
/sb/0x73f9ea69ff02eec82ccb7e4226cbd4b25a14acf4.sol:162:3: Missing @notice tag in event 'WhitelistedAddressAdded' [Warning/use-natspec]
/sb/0x73f9ea69ff02eec82ccb7e4226cbd4b25a14acf4.sol:162:3: Missing @param tag in event 'WhitelistedAddressAdded' [Warning/use-natspec]
/sb/0x73f9ea69ff02eec82ccb7e4226cbd4b25a14acf4.sol:162:3: Mismatch in @param names for event 'WhitelistedAddressAdded'. Expected: [addr], Found: [] [Warning/use-natspec]
/sb/0x73f9ea69ff02eec82ccb7e4226cbd4b25a14acf4.sol:162:3: GC: [addr] on Event [WhitelistedAddressAdded] could be Indexed [Warning/gas-indexed-events]
/sb/0x73f9ea69ff02eec82ccb7e4226cbd4b25a14acf4.sol:163:3: Missing @notice tag in event 'WhitelistedAddressRemoved' [Warning/use-natspec]
/sb/0x73f9ea69ff02eec82ccb7e4226cbd4b25a14acf4.sol:163:3: Missing @param tag in event 'WhitelistedAddressRemoved' [Warning/use-natspec]
/sb/0x73f9ea69ff02eec82ccb7e4226cbd4b25a14acf4.sol:163:3: Mismatch in @param names for event 'WhitelistedAddressRemoved'. Expected: [addr], Found: [] [Warning/use-natspec]
/sb/0x73f9ea69ff02eec82ccb7e4226cbd4b25a14acf4.sol:163:3: GC: [addr] on Event [WhitelistedAddressRemoved] could be Indexed [Warning/gas-indexed-events]
/sb/0x73f9ea69ff02eec82ccb7e4226cbd4b25a14acf4.sol:178:3: Missing @notice tag in function 'addAddressToWhitelist' [Warning/use-natspec]
/sb/0x73f9ea69ff02eec82ccb7e4226cbd4b25a14acf4.sol:180:5: Visibility modifier must be first in list of modifiers [Warning/visibility-modifier-order]
/sb/0x73f9ea69ff02eec82ccb7e4226cbd4b25a14acf4.sol:189:3: Missing @notice tag in function 'isInWhitelist' [Warning/use-natspec]
/sb/0x73f9ea69ff02eec82ccb7e4226cbd4b25a14acf4.sol:189:3: Missing @param tag in function 'isInWhitelist' [Warning/use-natspec]
/sb/0x73f9ea69ff02eec82ccb7e4226cbd4b25a14acf4.sol:189:3: Mismatch in @param names for function 'isInWhitelist'. Expected: [addr], Found: [] [Warning/use-natspec]
/sb/0x73f9ea69ff02eec82ccb7e4226cbd4b25a14acf4.sol:189:3: Missing @return tag in function 'isInWhitelist' [Warning/use-natspec]
/sb/0x73f9ea69ff02eec82ccb7e4226cbd4b25a14acf4.sol:189:3: Mismatch in @return count for function 'isInWhitelist'. Expected: 1, Found: 0 [Warning/use-natspec]
/sb/0x73f9ea69ff02eec82ccb7e4226cbd4b25a14acf4.sol:203:3: Missing @notice tag in function 'addAddressesToWhitelist' [Warning/use-natspec]
/sb/0x73f9ea69ff02eec82ccb7e4226cbd4b25a14acf4.sol:205:5: Visibility modifier must be first in list of modifiers [Warning/visibility-modifier-order]
/sb/0x73f9ea69ff02eec82ccb7e4226cbd4b25a14acf4.sol:207:43: GC: For [ i ] variable, increment/decrement by 1 using: [ ++variable ] to save gas [Warning/gas-increment-by-one]
/sb/0x73f9ea69ff02eec82ccb7e4226cbd4b25a14acf4.sol:218:3: Missing @notice tag in function 'removeAddressFromWhitelist' [Warning/use-natspec]
/sb/0x73f9ea69ff02eec82ccb7e4226cbd4b25a14acf4.sol:220:5: Visibility modifier must be first in list of modifiers [Warning/visibility-modifier-order]
/sb/0x73f9ea69ff02eec82ccb7e4226cbd4b25a14acf4.sol:232:3: Missing @notice tag in function 'removeAddressesFromWhitelist' [Warning/use-natspec]
/sb/0x73f9ea69ff02eec82ccb7e4226cbd4b25a14acf4.sol:234:5: Visibility modifier must be first in list of modifiers [Warning/visibility-modifier-order]
/sb/0x73f9ea69ff02eec82ccb7e4226cbd4b25a14acf4.sol:236:43: GC: For [ i ] variable, increment/decrement by 1 using: [ ++variable ] to save gas [Warning/gas-increment-by-one]

114 problem/s (2 error/s, 112 warning/s)
