A new version of Solhint is available: 6.0.1
Please consider updating your Solhint package.
/sb/0xe85b843180efce2de43aa6adcf04af7bf1f50c79.sol:1:1: Found more than One contract per file. 6 contracts found! [Warning/one-contract-per-file]
/sb/0xe85b843180efce2de43aa6adcf04af7bf1f50c79.sol:1:1: Compiler version ^0.4.15 does not satisfy the ^0.8.24 semver requirement [Error/compiler-version]
/sb/0xe85b843180efce2de43aa6adcf04af7bf1f50c79.sol:9:1: Missing @author tag in contract 'ERC20Basic' [Warning/use-natspec]
/sb/0xe85b843180efce2de43aa6adcf04af7bf1f50c79.sol:9:1: Missing @notice tag in contract 'ERC20Basic' [Warning/use-natspec]
/sb/0xe85b843180efce2de43aa6adcf04af7bf1f50c79.sol:10:3: Missing @notice tag in variable 'totalSupply' [Warning/use-natspec]
/sb/0xe85b843180efce2de43aa6adcf04af7bf1f50c79.sol:11:3: Missing @notice tag in function 'balanceOf' [Warning/use-natspec]
/sb/0xe85b843180efce2de43aa6adcf04af7bf1f50c79.sol:11:3: Missing @param tag in function 'balanceOf' [Warning/use-natspec]
/sb/0xe85b843180efce2de43aa6adcf04af7bf1f50c79.sol:11:3: Mismatch in @param names for function 'balanceOf'. Expected: [who], Found: [] [Warning/use-natspec]
/sb/0xe85b843180efce2de43aa6adcf04af7bf1f50c79.sol:11:3: Missing @return tag in function 'balanceOf' [Warning/use-natspec]
/sb/0xe85b843180efce2de43aa6adcf04af7bf1f50c79.sol:11:3: Mismatch in @return count for function 'balanceOf'. Expected: 1, Found: 0 [Warning/use-natspec]
/sb/0xe85b843180efce2de43aa6adcf04af7bf1f50c79.sol:11:3: Explicitly mark visibility in function [Warning/func-visibility]
/sb/0xe85b843180efce2de43aa6adcf04af7bf1f50c79.sol:12:3: Missing @notice tag in function 'transfer' [Warning/use-natspec]
/sb/0xe85b843180efce2de43aa6adcf04af7bf1f50c79.sol:12:3: Missing @param tag in function 'transfer' [Warning/use-natspec]
/sb/0xe85b843180efce2de43aa6adcf04af7bf1f50c79.sol:12:3: Mismatch in @param names for function 'transfer'. Expected: [to, value], Found: [] [Warning/use-natspec]
/sb/0xe85b843180efce2de43aa6adcf04af7bf1f50c79.sol:12:3: Missing @return tag in function 'transfer' [Warning/use-natspec]
/sb/0xe85b843180efce2de43aa6adcf04af7bf1f50c79.sol:12:3: Mismatch in @return count for function 'transfer'. Expected: 1, Found: 0 [Warning/use-natspec]
/sb/0xe85b843180efce2de43aa6adcf04af7bf1f50c79.sol:12:3: Explicitly mark visibility in function [Warning/func-visibility]
/sb/0xe85b843180efce2de43aa6adcf04af7bf1f50c79.sol:13:3: Missing @notice tag in event 'Transfer' [Warning/use-natspec]
/sb/0xe85b843180efce2de43aa6adcf04af7bf1f50c79.sol:13:3: Missing @param tag in event 'Transfer' [Warning/use-natspec]
/sb/0xe85b843180efce2de43aa6adcf04af7bf1f50c79.sol:13:3: Mismatch in @param names for event 'Transfer'. Expected: [from, to, value], Found: [] [Warning/use-natspec]
/sb/0xe85b843180efce2de43aa6adcf04af7bf1f50c79.sol:13:3: GC: [value] on Event [Transfer] could be Indexed [Warning/gas-indexed-events]
/sb/0xe85b843180efce2de43aa6adcf04af7bf1f50c79.sol:21:1: Missing @author tag in contract 'SafeMath' [Warning/use-natspec]
/sb/0xe85b843180efce2de43aa6adcf04af7bf1f50c79.sol:21:1: Missing @notice tag in contract 'SafeMath' [Warning/use-natspec]
/sb/0xe85b843180efce2de43aa6adcf04af7bf1f50c79.sol:22:3: Missing @notice tag in function 'mul' [Warning/use-natspec]
/sb/0xe85b843180efce2de43aa6adcf04af7bf1f50c79.sol:22:3: Missing @param tag in function 'mul' [Warning/use-natspec]
/sb/0xe85b843180efce2de43aa6adcf04af7bf1f50c79.sol:22:3: Mismatch in @param names for function 'mul'. Expected: [a, b], Found: [] [Warning/use-natspec]
/sb/0xe85b843180efce2de43aa6adcf04af7bf1f50c79.sol:22:3: Missing @return tag in function 'mul' [Warning/use-natspec]
/sb/0xe85b843180efce2de43aa6adcf04af7bf1f50c79.sol:22:3: Mismatch in @return count for function 'mul'. Expected: 1, Found: 0 [Warning/use-natspec]
/sb/0xe85b843180efce2de43aa6adcf04af7bf1f50c79.sol:28:3: Missing @notice tag in function 'div' [Warning/use-natspec]
/sb/0xe85b843180efce2de43aa6adcf04af7bf1f50c79.sol:28:3: Missing @param tag in function 'div' [Warning/use-natspec]
/sb/0xe85b843180efce2de43aa6adcf04af7bf1f50c79.sol:28:3: Mismatch in @param names for function 'div'. Expected: [a, b], Found: [] [Warning/use-natspec]
/sb/0xe85b843180efce2de43aa6adcf04af7bf1f50c79.sol:28:3: Missing @return tag in function 'div' [Warning/use-natspec]
/sb/0xe85b843180efce2de43aa6adcf04af7bf1f50c79.sol:28:3: Mismatch in @return count for function 'div'. Expected: 1, Found: 0 [Warning/use-natspec]
/sb/0xe85b843180efce2de43aa6adcf04af7bf1f50c79.sol:35:3: Missing @notice tag in function 'sub' [Warning/use-natspec]
/sb/0xe85b843180efce2de43aa6adcf04af7bf1f50c79.sol:35:3: Missing @param tag in function 'sub' [Warning/use-natspec]
/sb/0xe85b843180efce2de43aa6adcf04af7bf1f50c79.sol:35:3: Mismatch in @param names for function 'sub'. Expected: [a, b], Found: [] [Warning/use-natspec]
/sb/0xe85b843180efce2de43aa6adcf04af7bf1f50c79.sol:35:3: Missing @return tag in function 'sub' [Warning/use-natspec]
/sb/0xe85b843180efce2de43aa6adcf04af7bf1f50c79.sol:35:3: Mismatch in @return count for function 'sub'. Expected: 1, Found: 0 [Warning/use-natspec]
/sb/0xe85b843180efce2de43aa6adcf04af7bf1f50c79.sol:36:12: GC: Non strict inequality found. Try converting to a strict one [Warning/gas-strict-inequalities]
/sb/0xe85b843180efce2de43aa6adcf04af7bf1f50c79.sol:40:3: Missing @notice tag in function 'add' [Warning/use-natspec]
/sb/0xe85b843180efce2de43aa6adcf04af7bf1f50c79.sol:40:3: Missing @param tag in function 'add' [Warning/use-natspec]
/sb/0xe85b843180efce2de43aa6adcf04af7bf1f50c79.sol:40:3: Mismatch in @param names for function 'add'. Expected: [a, b], Found: [] [Warning/use-natspec]
/sb/0xe85b843180efce2de43aa6adcf04af7bf1f50c79.sol:40:3: Missing @return tag in function 'add' [Warning/use-natspec]
/sb/0xe85b843180efce2de43aa6adcf04af7bf1f50c79.sol:40:3: Mismatch in @return count for function 'add'. Expected: 1, Found: 0 [Warning/use-natspec]
/sb/0xe85b843180efce2de43aa6adcf04af7bf1f50c79.sol:42:12: GC: Non strict inequality found. Try converting to a strict one [Warning/gas-strict-inequalities]
/sb/0xe85b843180efce2de43aa6adcf04af7bf1f50c79.sol:54:1: Missing @author tag in contract 'BasicToken' [Warning/use-natspec]
/sb/0xe85b843180efce2de43aa6adcf04af7bf1f50c79.sol:54:1: Missing @notice tag in contract 'BasicToken' [Warning/use-natspec]
/sb/0xe85b843180efce2de43aa6adcf04af7bf1f50c79.sol:57:3: Explicitly mark visibility of state [Warning/state-visibility]
/sb/0xe85b843180efce2de43aa6adcf04af7bf1f50c79.sol:64:3: Missing @notice tag in function 'transfer' [Warning/use-natspec]
/sb/0xe85b843180efce2de43aa6adcf04af7bf1f50c79.sol:64:3: Missing @return tag in function 'transfer' [Warning/use-natspec]
/sb/0xe85b843180efce2de43aa6adcf04af7bf1f50c79.sol:64:3: Mismatch in @return count for function 'transfer'. Expected: 1, Found: 0 [Warning/use-natspec]
/sb/0xe85b843180efce2de43aa6adcf04af7bf1f50c79.sol:64:3: Explicitly mark visibility in function [Warning/func-visibility]
/sb/0xe85b843180efce2de43aa6adcf04af7bf1f50c79.sol:76:3: Missing @notice tag in function 'balanceOf' [Warning/use-natspec]
/sb/0xe85b843180efce2de43aa6adcf04af7bf1f50c79.sol:76:3: Mismatch in @return names for function 'balanceOf'. Expected: [balance], Found: [An] [Warning/use-natspec]
/sb/0xe85b843180efce2de43aa6adcf04af7bf1f50c79.sol:76:3: Explicitly mark visibility in function [Warning/func-visibility]
/sb/0xe85b843180efce2de43aa6adcf04af7bf1f50c79.sol:89:1: Missing @author tag in contract 'ERC20' [Warning/use-natspec]
/sb/0xe85b843180efce2de43aa6adcf04af7bf1f50c79.sol:89:1: Missing @notice tag in contract 'ERC20' [Warning/use-natspec]
/sb/0xe85b843180efce2de43aa6adcf04af7bf1f50c79.sol:90:3: Missing @notice tag in function 'allowance' [Warning/use-natspec]
/sb/0xe85b843180efce2de43aa6adcf04af7bf1f50c79.sol:90:3: Missing @param tag in function 'allowance' [Warning/use-natspec]
/sb/0xe85b843180efce2de43aa6adcf04af7bf1f50c79.sol:90:3: Mismatch in @param names for function 'allowance'. Expected: [owner, spender], Found: [] [Warning/use-natspec]
/sb/0xe85b843180efce2de43aa6adcf04af7bf1f50c79.sol:90:3: Missing @return tag in function 'allowance' [Warning/use-natspec]
/sb/0xe85b843180efce2de43aa6adcf04af7bf1f50c79.sol:90:3: Mismatch in @return count for function 'allowance'. Expected: 1, Found: 0 [Warning/use-natspec]
/sb/0xe85b843180efce2de43aa6adcf04af7bf1f50c79.sol:90:3: Explicitly mark visibility in function [Warning/func-visibility]
/sb/0xe85b843180efce2de43aa6adcf04af7bf1f50c79.sol:91:3: Missing @notice tag in function 'transferFrom' [Warning/use-natspec]
/sb/0xe85b843180efce2de43aa6adcf04af7bf1f50c79.sol:91:3: Missing @param tag in function 'transferFrom' [Warning/use-natspec]
/sb/0xe85b843180efce2de43aa6adcf04af7bf1f50c79.sol:91:3: Mismatch in @param names for function 'transferFrom'. Expected: [from, to, value], Found: [] [Warning/use-natspec]
/sb/0xe85b843180efce2de43aa6adcf04af7bf1f50c79.sol:91:3: Missing @return tag in function 'transferFrom' [Warning/use-natspec]
/sb/0xe85b843180efce2de43aa6adcf04af7bf1f50c79.sol:91:3: Mismatch in @return count for function 'transferFrom'. Expected: 1, Found: 0 [Warning/use-natspec]
/sb/0xe85b843180efce2de43aa6adcf04af7bf1f50c79.sol:91:3: Explicitly mark visibility in function [Warning/func-visibility]
/sb/0xe85b843180efce2de43aa6adcf04af7bf1f50c79.sol:92:3: Missing @notice tag in function 'approve' [Warning/use-natspec]
/sb/0xe85b843180efce2de43aa6adcf04af7bf1f50c79.sol:92:3: Missing @param tag in function 'approve' [Warning/use-natspec]
/sb/0xe85b843180efce2de43aa6adcf04af7bf1f50c79.sol:92:3: Mismatch in @param names for function 'approve'. Expected: [spender, value], Found: [] [Warning/use-natspec]
/sb/0xe85b843180efce2de43aa6adcf04af7bf1f50c79.sol:92:3: Missing @return tag in function 'approve' [Warning/use-natspec]
/sb/0xe85b843180efce2de43aa6adcf04af7bf1f50c79.sol:92:3: Mismatch in @return count for function 'approve'. Expected: 1, Found: 0 [Warning/use-natspec]
/sb/0xe85b843180efce2de43aa6adcf04af7bf1f50c79.sol:92:3: Explicitly mark visibility in function [Warning/func-visibility]
/sb/0xe85b843180efce2de43aa6adcf04af7bf1f50c79.sol:93:3: Missing @notice tag in event 'Approval' [Warning/use-natspec]
/sb/0xe85b843180efce2de43aa6adcf04af7bf1f50c79.sol:93:3: Missing @param tag in event 'Approval' [Warning/use-natspec]
/sb/0xe85b843180efce2de43aa6adcf04af7bf1f50c79.sol:93:3: Mismatch in @param names for event 'Approval'. Expected: [owner, spender, value], Found: [] [Warning/use-natspec]
/sb/0xe85b843180efce2de43aa6adcf04af7bf1f50c79.sol:93:3: GC: [value] on Event [Approval] could be Indexed [Warning/gas-indexed-events]
/sb/0xe85b843180efce2de43aa6adcf04af7bf1f50c79.sol:106:1: Missing @author tag in contract 'StandardToken' [Warning/use-natspec]
/sb/0xe85b843180efce2de43aa6adcf04af7bf1f50c79.sol:106:1: Missing @notice tag in contract 'StandardToken' [Warning/use-natspec]
/sb/0xe85b843180efce2de43aa6adcf04af7bf1f50c79.sol:108:3: Explicitly mark visibility of state [Warning/state-visibility]
/sb/0xe85b843180efce2de43aa6adcf04af7bf1f50c79.sol:117:3: Missing @notice tag in function 'transferFrom' [Warning/use-natspec]
/sb/0xe85b843180efce2de43aa6adcf04af7bf1f50c79.sol:117:3: Missing @return tag in function 'transferFrom' [Warning/use-natspec]
/sb/0xe85b843180efce2de43aa6adcf04af7bf1f50c79.sol:117:3: Mismatch in @return count for function 'transferFrom'. Expected: 1, Found: 0 [Warning/use-natspec]
/sb/0xe85b843180efce2de43aa6adcf04af7bf1f50c79.sol:117:3: Explicitly mark visibility in function [Warning/func-visibility]
/sb/0xe85b843180efce2de43aa6adcf04af7bf1f50c79.sol:135:3: Missing @notice tag in function 'approve' [Warning/use-natspec]
/sb/0xe85b843180efce2de43aa6adcf04af7bf1f50c79.sol:135:3: Missing @return tag in function 'approve' [Warning/use-natspec]
/sb/0xe85b843180efce2de43aa6adcf04af7bf1f50c79.sol:135:3: Mismatch in @return count for function 'approve'. Expected: 1, Found: 0 [Warning/use-natspec]
/sb/0xe85b843180efce2de43aa6adcf04af7bf1f50c79.sol:135:3: Explicitly mark visibility in function [Warning/func-visibility]
/sb/0xe85b843180efce2de43aa6adcf04af7bf1f50c79.sol:141:5: Provide an error message for require [Warning/reason-string]
/sb/0xe85b843180efce2de43aa6adcf04af7bf1f50c79.sol:154:3: Missing @notice tag in function 'allowance' [Warning/use-natspec]
/sb/0xe85b843180efce2de43aa6adcf04af7bf1f50c79.sol:154:3: Mismatch in @return names for function 'allowance'. Expected: [remaining], Found: [A] [Warning/use-natspec]
/sb/0xe85b843180efce2de43aa6adcf04af7bf1f50c79.sol:154:3: Explicitly mark visibility in function [Warning/func-visibility]
/sb/0xe85b843180efce2de43aa6adcf04af7bf1f50c79.sol:167:1: Missing @author tag in contract 'Tulips' [Warning/use-natspec]
/sb/0xe85b843180efce2de43aa6adcf04af7bf1f50c79.sol:167:1: Missing @notice tag in contract 'Tulips' [Warning/use-natspec]
/sb/0xe85b843180efce2de43aa6adcf04af7bf1f50c79.sol:169:3: Missing @notice tag in variable 'name' [Warning/use-natspec]
/sb/0xe85b843180efce2de43aa6adcf04af7bf1f50c79.sol:170:3: Missing @notice tag in variable 'symbol' [Warning/use-natspec]
/sb/0xe85b843180efce2de43aa6adcf04af7bf1f50c79.sol:171:3: Missing @notice tag in variable 'decimals' [Warning/use-natspec]
/sb/0xe85b843180efce2de43aa6adcf04af7bf1f50c79.sol:174:3: Missing @notice tag in variable 'INITIAL_SUPPLY' [Warning/use-natspec]
/sb/0xe85b843180efce2de43aa6adcf04af7bf1f50c79.sol:174:3: Variable name must be in mixedCase INITIAL_SUPPLY [Warning/var-name-mixedcase]
/sb/0xe85b843180efce2de43aa6adcf04af7bf1f50c79.sol:179:3: Missing @notice tag in function 'Tulips' [Warning/use-natspec]
/sb/0xe85b843180efce2de43aa6adcf04af7bf1f50c79.sol:179:3: Explicitly mark visibility in function (Set ignoreConstructors to true if using solidity >=0.7.0) [Warning/func-visibility]

103 problem/s (1 error/s, 102 warning/s)
