'solc --version' running
'solc /sb/0x658fcbed32979cfbe6cd99da69dff23884cc0455.sol --combined-json abi,ast,bin,bin-runtime,srcmap,srcmap-runtime,userdoc,devdoc,hashes,compact-format --allow-paths .,/sb' running

Contract locking ether found:
	Contract CompanyToken (../sb/0x658fcbed32979cfbe6cd99da69dff23884cc0455.sol#3-139) has payable functions:
	 - CompanyToken.fallback() (../sb/0x658fcbed32979cfbe6cd99da69dff23884cc0455.sol#131-137)
	But does not have a function to withdraw the ether
Reference: https://github.com/crytic/slither/wiki/Detector-Documentation#contracts-that-lock-ether

CompanyToken.setOwner(address)._owner (../sb/0x658fcbed32979cfbe6cd99da69dff23884cc0455.sol#74) lacks a zero-check on :
		- owner = _owner (../sb/0x658fcbed32979cfbe6cd99da69dff23884cc0455.sol#75)
Reference: https://github.com/crytic/slither/wiki/Detector-Documentation#missing-zero-address-validation

Version constraint ^0.4.25 contains known severe issues (https://solidity.readthedocs.io/en/latest/bugs.html)
	- DirtyBytesArrayToStorage
	- ABIDecodeTwoDimensionalArrayMemory
	- KeccakCaching
	- EmptyByteArrayCopy
	- DynamicArrayCleanup
	- ImplicitConstructorCallvalueCheck
	- TupleAssignmentMultiStackSlotComponents
	- MemoryArrayCreationOverflow
	- privateCanBeOverridden
	- SignedArrayStorageCopy
	- ABIEncoderV2StorageArrayWithMultiSlotElement
	- DynamicConstructorArgumentsClippedABIV2
	- UninitializedFunctionPointerInConstructor_0.4.x
	- IncorrectEventSignatureInLibraries_0.4.x
	- ABIEncoderV2PackedStorage_0.4.x.
It is used by:
	- ^0.4.25 (../sb/0x658fcbed32979cfbe6cd99da69dff23884cc0455.sol#1)
solc-0.4.26 is an outdated solc version. Use a more recent version (at least 0.8.0), if possible.
Reference: https://github.com/crytic/slither/wiki/Detector-Documentation#incorrect-versions-of-solidity

Parameter CompanyToken.transfer(address,uint256)._to (../sb/0x658fcbed32979cfbe6cd99da69dff23884cc0455.sol#47) is not in mixedCase
Parameter CompanyToken.transfer(address,uint256)._value (../sb/0x658fcbed32979cfbe6cd99da69dff23884cc0455.sol#47) is not in mixedCase
Parameter CompanyToken.transferFrom(address,address,uint256)._from (../sb/0x658fcbed32979cfbe6cd99da69dff23884cc0455.sol#55) is not in mixedCase
Parameter CompanyToken.transferFrom(address,address,uint256)._to (../sb/0x658fcbed32979cfbe6cd99da69dff23884cc0455.sol#55) is not in mixedCase
Parameter CompanyToken.transferFrom(address,address,uint256)._value (../sb/0x658fcbed32979cfbe6cd99da69dff23884cc0455.sol#55) is not in mixedCase
Parameter CompanyToken.balanceOf(address)._owner (../sb/0x658fcbed32979cfbe6cd99da69dff23884cc0455.sol#63) is not in mixedCase
Parameter CompanyToken.setRate(uint256)._value (../sb/0x658fcbed32979cfbe6cd99da69dff23884cc0455.sol#68) is not in mixedCase
Parameter CompanyToken.setOwner(address)._owner (../sb/0x658fcbed32979cfbe6cd99da69dff23884cc0455.sol#74) is not in mixedCase
Parameter CompanyToken.setAllowBuy(bool)._value (../sb/0x658fcbed32979cfbe6cd99da69dff23884cc0455.sol#80) is not in mixedCase
Parameter CompanyToken.distribute(address[],uint256[])._value (../sb/0x658fcbed32979cfbe6cd99da69dff23884cc0455.sol#87) is not in mixedCase
Parameter CompanyToken.mint(uint256)._value (../sb/0x658fcbed32979cfbe6cd99da69dff23884cc0455.sol#94) is not in mixedCase
Parameter CompanyToken.createToken(uint256)._value (../sb/0x658fcbed32979cfbe6cd99da69dff23884cc0455.sol#121) is not in mixedCase
Variable CompanyToken.allow_buy (../sb/0x658fcbed32979cfbe6cd99da69dff23884cc0455.sol#12) is not in mixedCase
Reference: https://github.com/crytic/slither/wiki/Detector-Documentation#conformance-to-solidity-naming-conventions

CompanyToken.constructor() (../sb/0x658fcbed32979cfbe6cd99da69dff23884cc0455.sol#24-33) uses literals with too many digits:
	- totalSupply = 2500000 (../sb/0x658fcbed32979cfbe6cd99da69dff23884cc0455.sol#25)
Reference: https://github.com/crytic/slither/wiki/Detector-Documentation#too-many-digits

distribute(address[],uint256[]) should be declared external:
	- CompanyToken.distribute(address[],uint256[]) (../sb/0x658fcbed32979cfbe6cd99da69dff23884cc0455.sol#87-92)
Reference: https://github.com/crytic/slither/wiki/Detector-Documentation#public-function-that-could-be-declared-external
/sb/0x658fcbed32979cfbe6cd99da69dff23884cc0455.sol analyzed (1 contracts with 100 detectors), 19 result(s) found
