Extract contract McnyToken from /sb/0x1c107ab5f9160cdf6c2d05448ae57e3f66787378.sol
Extract contract SafeMath from /sb/0x1c107ab5f9160cdf6c2d05448ae57e3f66787378.sol
Extract contract StandardToken from /sb/0x1c107ab5f9160cdf6c2d05448ae57e3f66787378.sol
Extracted 3 contract(s) from /sb/0x1c107ab5f9160cdf6c2d05448ae57e3f66787378.sol
[0;32m> Created "fuzzMe"[0m
[0;32m> To fuzz contracts:[0m
  chmod +x fuzzMe
  ./fuzzMe
assets/NormalAttacker.sol:5:3: Warning: No visibility specified. Defaulting to "public". 
  function() payable {
  ^ (Relevant source part starts here and spans across multiple lines).
assets/ReentrancyAttacker.sol:8:7: Warning: Return value of low-level calls not used.
      msg.sender.call(bytes4(255));
      ^--------------------------^
assets/ReentrancyAttacker.sol:5:3: Warning: No visibility specified. Defaulting to "public". 
  function() payable {
  ^ (Relevant source part starts here and spans across multiple lines).
>> Fuzz SafeMath
** Write stats: 0.001813
** Write stats: 5.00006
** Write stats: 10.0001
** Write stats: 15.0001
** Write stats: 20.0001
** Write stats: 25.0001
** Write stats: 30.0002
** Write stats: 35.0001
** Write stats: 40.0001
** Write stats: 45.0001
** Write stats: 50.0001
** Write stats: 55.0001
** Write stats: 60.0001
** Write stats: 65.0001
** Write stats: 70.0001
** Write stats: 80.0003
** Write stats: 85.0001
** Write stats: 90.0001
** Write stats: 95.0001
** Write stats: 100
** Write stats: 105
** Write stats: 110
** Write stats: 115
** Write stats: 120
** Write stats: 125
** Write stats: 130
** Write stats: 135
** Write stats: 140
** Write stats: 155
** Write stats: 160
** Write stats: 165
** Write stats: 170
** Write stats: 175
** Write stats: 180
** Write stats: 185
** Write stats: 190
** Write stats: 195
** Write stats: 200
** Write stats: 205
** Write stats: 210
** Write stats: 215
** Write stats: 220
** Write stats: 225
** Write stats: 230
** Write stats: 235
** Write stats: 240
** Write stats: 245
** Write stats: 250
** Write stats: 255
** Write stats: 260
** Write stats: 265
** Write stats: 270
** Write stats: 275
** Write stats: 280
** Write stats: 285
** Write stats: 308.053
>> Fuzz McnyToken
** Write stats: 0.013174
** Write stats: 5.00861
** Write stats: 10.0089
** Write stats: 15.007
** Write stats: 20.0093
** Write stats: 25.0033
** Write stats: 30.0284
** Write stats: 35.0173
** Write stats: 40.028
** Write stats: 45.0224
** Write stats: 50.0226
** Write stats: 55.0151
** Write stats: 60.0227
** Write stats: 65.0063
** Write stats: 70.0424
** Write stats: 75.0355
** Write stats: 80.019
** Write stats: 85.0194
** Write stats: 90.0492
** Write stats: 95.0229
** Write stats: 100.005
** Write stats: 105.742
** Write stats: 110.034
** Write stats: 115.044
** Write stats: 120.042
** Write stats: 125.015
** Write stats: 130.016
** Write stats: 135.04
** Write stats: 140.569
** Write stats: 145.011
** Write stats: 150.056
** Write stats: 155.031
** Write stats: 160.043
** Write stats: 165.062
** Write stats: 170.057
** Write stats: 175.056
** Write stats: 180.049
** Write stats: 185.063
** Write stats: 190.011
** Write stats: 195
** Write stats: 200.056
** Write stats: 205.03
** Write stats: 210.016
** Write stats: 215.031
** Write stats: 220.04
** Write stats: 225.025
** Write stats: 230.105
** Write stats: 235.084
** Write stats: 240.068
** Write stats: 245.004
** Write stats: 250.032
** Write stats: 255.024
** Write stats: 260.092
** Write stats: 265.119
** Write stats: 270.058
** Write stats: 275.075
** Write stats: 280.019
** Write stats: 285.029
** Write stats: 290.055
** Write stats: 295.02
** Write stats: 298.468
>> Fuzz StandardToken
** Write stats: 0.011453
** Write stats: 5.00162
** Write stats: 10.0012
** Write stats: 15.0002
** Write stats: 20.0004
** Write stats: 25.0045
** Write stats: 30.0043
** Write stats: 35.0012
** Write stats: 40.0027
** Write stats: 45.0169
** Write stats: 50.0025
** Write stats: 55.0019
** Write stats: 60.003
** Write stats: 65.003
** Write stats: 70.0023
** Write stats: 75.0031
** Write stats: 80.0051
** Write stats: 85.0025
** Write stats: 90.0023
** Write stats: 95.0055
** Write stats: 100.005
** Write stats: 105.003
** Write stats: 110.002
** Write stats: 115.007
** Write stats: 120.006
** Write stats: 125.009
** Write stats: 130.001
** Write stats: 135.006
** Write stats: 140.006
** Write stats: 145.007
** Write stats: 150.003
** Write stats: 155.004
** Write stats: 160.001
** Write stats: 165.006
** Write stats: 170
** Write stats: 175.002
** Write stats: 180.003
** Write stats: 185.002
** Write stats: 190.004
** Write stats: 195.002
** Write stats: 200.008
** Write stats: 205.001
** Write stats: 210.009
** Write stats: 215.008
** Write stats: 220.009
** Write stats: 225.006
** Write stats: 230.001
** Write stats: 235.003
** Write stats: 240.008
** Write stats: 245.008
** Write stats: 250.005
** Write stats: 255.002
** Write stats: 260.004
** Write stats: 265.007
** Write stats: 270.013
** Write stats: 275.006
** Write stats: 280.009
** Write stats: 285.008
** Write stats: 290.001
** Write stats: 295.006
** Write stats: 298.044
