A new version of Solhint is available: 6.0.1
Please consider updating your Solhint package.
/sb/0xc6d49a3212a593959b47e82f786c47f8548fd6df.sol:1:1: Compiler version >=0.4.22 <0.6.0 does not satisfy the ^0.8.24 semver requirement [Error/compiler-version]
/sb/0xc6d49a3212a593959b47e82f786c47f8548fd6df.sol:3:1: Interface name 'tokenRecipient' must start with "I" [Warning/interface-starts-with-i]
/sb/0xc6d49a3212a593959b47e82f786c47f8548fd6df.sol:3:1: Missing @title tag in contract 'tokenRecipient' [Warning/use-natspec]
/sb/0xc6d49a3212a593959b47e82f786c47f8548fd6df.sol:3:1: Missing @author tag in contract 'tokenRecipient' [Warning/use-natspec]
/sb/0xc6d49a3212a593959b47e82f786c47f8548fd6df.sol:3:1: Missing @notice tag in contract 'tokenRecipient' [Warning/use-natspec]
/sb/0xc6d49a3212a593959b47e82f786c47f8548fd6df.sol:3:1: Contract, Structs and Enums should be in CapWords [Warning/contract-name-capwords]
/sb/0xc6d49a3212a593959b47e82f786c47f8548fd6df.sol:3:28: Missing @notice tag in function 'receiveApproval' [Warning/use-natspec]
/sb/0xc6d49a3212a593959b47e82f786c47f8548fd6df.sol:3:28: Missing @param tag in function 'receiveApproval' [Warning/use-natspec]
/sb/0xc6d49a3212a593959b47e82f786c47f8548fd6df.sol:3:28: Mismatch in @param names for function 'receiveApproval'. Expected: [_from, _value, _token, _extraData], Found: [] [Warning/use-natspec]
/sb/0xc6d49a3212a593959b47e82f786c47f8548fd6df.sol:5:1: Missing @title tag in contract 'YJSGold' [Warning/use-natspec]
/sb/0xc6d49a3212a593959b47e82f786c47f8548fd6df.sol:5:1: Missing @author tag in contract 'YJSGold' [Warning/use-natspec]
/sb/0xc6d49a3212a593959b47e82f786c47f8548fd6df.sol:5:1: Missing @notice tag in contract 'YJSGold' [Warning/use-natspec]
/sb/0xc6d49a3212a593959b47e82f786c47f8548fd6df.sol:7:5: Missing @notice tag in variable 'name' [Warning/use-natspec]
/sb/0xc6d49a3212a593959b47e82f786c47f8548fd6df.sol:8:5: Missing @notice tag in variable 'symbol' [Warning/use-natspec]
/sb/0xc6d49a3212a593959b47e82f786c47f8548fd6df.sol:9:5: Missing @notice tag in variable 'decimals' [Warning/use-natspec]
/sb/0xc6d49a3212a593959b47e82f786c47f8548fd6df.sol:11:5: Missing @notice tag in variable 'totalSupply' [Warning/use-natspec]
/sb/0xc6d49a3212a593959b47e82f786c47f8548fd6df.sol:14:5: Missing @notice tag in variable 'balanceOf' [Warning/use-natspec]
/sb/0xc6d49a3212a593959b47e82f786c47f8548fd6df.sol:15:5: Missing @notice tag in variable 'allowance' [Warning/use-natspec]
/sb/0xc6d49a3212a593959b47e82f786c47f8548fd6df.sol:18:5: Missing @notice tag in event 'Transfer' [Warning/use-natspec]
/sb/0xc6d49a3212a593959b47e82f786c47f8548fd6df.sol:18:5: Missing @param tag in event 'Transfer' [Warning/use-natspec]
/sb/0xc6d49a3212a593959b47e82f786c47f8548fd6df.sol:18:5: Mismatch in @param names for event 'Transfer'. Expected: [from, to, value], Found: [] [Warning/use-natspec]
/sb/0xc6d49a3212a593959b47e82f786c47f8548fd6df.sol:18:5: GC: [value] on Event [Transfer] could be Indexed [Warning/gas-indexed-events]
/sb/0xc6d49a3212a593959b47e82f786c47f8548fd6df.sol:21:5: Missing @notice tag in event 'Approval' [Warning/use-natspec]
/sb/0xc6d49a3212a593959b47e82f786c47f8548fd6df.sol:21:5: Missing @param tag in event 'Approval' [Warning/use-natspec]
/sb/0xc6d49a3212a593959b47e82f786c47f8548fd6df.sol:21:5: Mismatch in @param names for event 'Approval'. Expected: [_owner, _spender, _value], Found: [] [Warning/use-natspec]
/sb/0xc6d49a3212a593959b47e82f786c47f8548fd6df.sol:21:5: GC: [_value] on Event [Approval] could be Indexed [Warning/gas-indexed-events]
/sb/0xc6d49a3212a593959b47e82f786c47f8548fd6df.sol:24:5: Missing @notice tag in event 'Burn' [Warning/use-natspec]
/sb/0xc6d49a3212a593959b47e82f786c47f8548fd6df.sol:24:5: Missing @param tag in event 'Burn' [Warning/use-natspec]
/sb/0xc6d49a3212a593959b47e82f786c47f8548fd6df.sol:24:5: Mismatch in @param names for event 'Burn'. Expected: [from, value], Found: [] [Warning/use-natspec]
/sb/0xc6d49a3212a593959b47e82f786c47f8548fd6df.sol:24:5: GC: [value] on Event [Burn] could be Indexed [Warning/gas-indexed-events]
/sb/0xc6d49a3212a593959b47e82f786c47f8548fd6df.sol:31:5: Missing @notice tag in function '<anonymous>' [Warning/use-natspec]
/sb/0xc6d49a3212a593959b47e82f786c47f8548fd6df.sol:31:5: Missing @param tag in function '<anonymous>' [Warning/use-natspec]
/sb/0xc6d49a3212a593959b47e82f786c47f8548fd6df.sol:31:5: Mismatch in @param names for function '<anonymous>'. Expected: [initialSupply, tokenName, tokenSymbol], Found: [] [Warning/use-natspec]
/sb/0xc6d49a3212a593959b47e82f786c47f8548fd6df.sol:45:5: Missing @notice tag in function '_transfer' [Warning/use-natspec]
/sb/0xc6d49a3212a593959b47e82f786c47f8548fd6df.sol:45:5: Missing @param tag in function '_transfer' [Warning/use-natspec]
/sb/0xc6d49a3212a593959b47e82f786c47f8548fd6df.sol:45:5: Mismatch in @param names for function '_transfer'. Expected: [_from, _to, _value], Found: [] [Warning/use-natspec]
/sb/0xc6d49a3212a593959b47e82f786c47f8548fd6df.sol:45:52: Rule is set with explicit type [var/s: uint] [Warning/explicit-types]
/sb/0xc6d49a3212a593959b47e82f786c47f8548fd6df.sol:47:9: Provide an error message for require [Warning/reason-string]
/sb/0xc6d49a3212a593959b47e82f786c47f8548fd6df.sol:49:9: Provide an error message for require [Warning/reason-string]
/sb/0xc6d49a3212a593959b47e82f786c47f8548fd6df.sol:49:17: GC: Non strict inequality found. Try converting to a strict one [Warning/gas-strict-inequalities]
/sb/0xc6d49a3212a593959b47e82f786c47f8548fd6df.sol:51:9: Provide an error message for require [Warning/reason-string]
/sb/0xc6d49a3212a593959b47e82f786c47f8548fd6df.sol:51:17: GC: Non strict inequality found. Try converting to a strict one [Warning/gas-strict-inequalities]
/sb/0xc6d49a3212a593959b47e82f786c47f8548fd6df.sol:53:9: Rule is set with explicit type [var/s: uint] [Warning/explicit-types]
/sb/0xc6d49a3212a593959b47e82f786c47f8548fd6df.sol:71:5: Missing @notice tag in function 'transfer' [Warning/use-natspec]
/sb/0xc6d49a3212a593959b47e82f786c47f8548fd6df.sol:71:5: Missing @return tag in function 'transfer' [Warning/use-natspec]
/sb/0xc6d49a3212a593959b47e82f786c47f8548fd6df.sol:71:5: Mismatch in @return names for function 'transfer'. Expected: [success], Found: [] [Warning/use-natspec]
/sb/0xc6d49a3212a593959b47e82f786c47f8548fd6df.sol:85:5: Missing @notice tag in function 'transferFrom' [Warning/use-natspec]
/sb/0xc6d49a3212a593959b47e82f786c47f8548fd6df.sol:85:5: Missing @return tag in function 'transferFrom' [Warning/use-natspec]
/sb/0xc6d49a3212a593959b47e82f786c47f8548fd6df.sol:85:5: Mismatch in @return names for function 'transferFrom'. Expected: [success], Found: [] [Warning/use-natspec]
/sb/0xc6d49a3212a593959b47e82f786c47f8548fd6df.sol:86:9: Provide an error message for require [Warning/reason-string]
/sb/0xc6d49a3212a593959b47e82f786c47f8548fd6df.sol:86:17: GC: Non strict inequality found. Try converting to a strict one [Warning/gas-strict-inequalities]
/sb/0xc6d49a3212a593959b47e82f786c47f8548fd6df.sol:100:5: Missing @notice tag in function 'approve' [Warning/use-natspec]
/sb/0xc6d49a3212a593959b47e82f786c47f8548fd6df.sol:100:5: Missing @return tag in function 'approve' [Warning/use-natspec]
/sb/0xc6d49a3212a593959b47e82f786c47f8548fd6df.sol:100:5: Mismatch in @return names for function 'approve'. Expected: [success], Found: [] [Warning/use-natspec]
/sb/0xc6d49a3212a593959b47e82f786c47f8548fd6df.sol:116:5: Missing @notice tag in function 'approveAndCall' [Warning/use-natspec]
/sb/0xc6d49a3212a593959b47e82f786c47f8548fd6df.sol:116:5: Missing @return tag in function 'approveAndCall' [Warning/use-natspec]
/sb/0xc6d49a3212a593959b47e82f786c47f8548fd6df.sol:116:5: Mismatch in @return names for function 'approveAndCall'. Expected: [success], Found: [] [Warning/use-natspec]
/sb/0xc6d49a3212a593959b47e82f786c47f8548fd6df.sol:133:5: Missing @notice tag in function 'burn' [Warning/use-natspec]
/sb/0xc6d49a3212a593959b47e82f786c47f8548fd6df.sol:133:5: Missing @return tag in function 'burn' [Warning/use-natspec]
/sb/0xc6d49a3212a593959b47e82f786c47f8548fd6df.sol:133:5: Mismatch in @return names for function 'burn'. Expected: [success], Found: [] [Warning/use-natspec]
/sb/0xc6d49a3212a593959b47e82f786c47f8548fd6df.sol:134:9: Provide an error message for require [Warning/reason-string]
/sb/0xc6d49a3212a593959b47e82f786c47f8548fd6df.sol:134:17: GC: Non strict inequality found. Try converting to a strict one [Warning/gas-strict-inequalities]
/sb/0xc6d49a3212a593959b47e82f786c47f8548fd6df.sol:149:5: Missing @notice tag in function 'burnFrom' [Warning/use-natspec]
/sb/0xc6d49a3212a593959b47e82f786c47f8548fd6df.sol:149:5: Missing @return tag in function 'burnFrom' [Warning/use-natspec]
/sb/0xc6d49a3212a593959b47e82f786c47f8548fd6df.sol:149:5: Mismatch in @return names for function 'burnFrom'. Expected: [success], Found: [] [Warning/use-natspec]
/sb/0xc6d49a3212a593959b47e82f786c47f8548fd6df.sol:150:9: Provide an error message for require [Warning/reason-string]
/sb/0xc6d49a3212a593959b47e82f786c47f8548fd6df.sol:150:17: GC: Non strict inequality found. Try converting to a strict one [Warning/gas-strict-inequalities]
/sb/0xc6d49a3212a593959b47e82f786c47f8548fd6df.sol:151:9: Provide an error message for require [Warning/reason-string]
/sb/0xc6d49a3212a593959b47e82f786c47f8548fd6df.sol:151:17: GC: Non strict inequality found. Try converting to a strict one [Warning/gas-strict-inequalities]

69 problem/s (1 error/s, 68 warning/s)
