'solc --version' running
'solc /sb/0xc7ff1e126cc81e816915ff48c940ed9d4e6d05d6.sol --combined-json abi,ast,bin,bin-runtime,srcmap,srcmap-runtime,userdoc,devdoc,hashes,compact-format --allow-paths .,/sb' running
Compilation warnings/errors on /sb/0xc7ff1e126cc81e816915ff48c940ed9d4e6d05d6.sol:
/sb/0xc7ff1e126cc81e816915ff48c940ed9d4e6d05d6.sol:76:5: Warning: Defining constructors as functions with the same name as the contract is deprecated. Use "constructor(...) { ... }" instead.
    function Owned() public {
    ^ (Relevant source part starts here and spans across multiple lines).
/sb/0xc7ff1e126cc81e816915ff48c940ed9d4e6d05d6.sol:116:5: Warning: Defining constructors as functions with the same name as the contract is deprecated. Use "constructor(...) { ... }" instead.
    function IJC() public {
    ^ (Relevant source part starts here and spans across multiple lines).
/sb/0xc7ff1e126cc81e816915ff48c940ed9d4e6d05d6.sol:90:9: Warning: Invoking events without "emit" prefix is deprecated.
        OwnershipTransferred(owner, newOwner);
        ^-----------------------------------^
/sb/0xc7ff1e126cc81e816915ff48c940ed9d4e6d05d6.sol:122:9: Warning: Invoking events without "emit" prefix is deprecated.
        Transfer(address(0), owner, _totalSupply);
        ^---------------------------------------^
/sb/0xc7ff1e126cc81e816915ff48c940ed9d4e6d05d6.sol:150:9: Warning: Invoking events without "emit" prefix is deprecated.
        Transfer(msg.sender, to, tokens);
        ^------------------------------^
/sb/0xc7ff1e126cc81e816915ff48c940ed9d4e6d05d6.sol:165:9: Warning: Invoking events without "emit" prefix is deprecated.
        Approval(msg.sender, spender, tokens);
        ^-----------------------------------^
/sb/0xc7ff1e126cc81e816915ff48c940ed9d4e6d05d6.sol:183:9: Warning: Invoking events without "emit" prefix is deprecated.
        Transfer(from, to, tokens);
        ^------------------------^
/sb/0xc7ff1e126cc81e816915ff48c940ed9d4e6d05d6.sol:204:9: Warning: Invoking events without "emit" prefix is deprecated.
        Approval(msg.sender, spender, tokens);
        ^-----------------------------------^


Contract locking ether found:
	Contract IJC (../sb/0xc7ff1e126cc81e816915ff48c940ed9d4e6d05d6.sol#101-225) has payable functions:
	 - IJC.fallback() (../sb/0xc7ff1e126cc81e816915ff48c940ed9d4e6d05d6.sol#213-215)
	But does not have a function to withdraw the ether
Reference: https://github.com/crytic/slither/wiki/Detector-Documentation#contracts-that-lock-ether

Owned.transferOwnership(address)._newOwner (../sb/0xc7ff1e126cc81e816915ff48c940ed9d4e6d05d6.sol#85) lacks a zero-check on :
		- newOwner = _newOwner (../sb/0xc7ff1e126cc81e816915ff48c940ed9d4e6d05d6.sol#86)
Reference: https://github.com/crytic/slither/wiki/Detector-Documentation#missing-zero-address-validation

Version constraint ^0.4.18 contains known severe issues (https://solidity.readthedocs.io/en/latest/bugs.html)
	- DirtyBytesArrayToStorage
	- ABIDecodeTwoDimensionalArrayMemory
	- KeccakCaching
	- EmptyByteArrayCopy
	- DynamicArrayCleanup
	- ImplicitConstructorCallvalueCheck
	- TupleAssignmentMultiStackSlotComponents
	- MemoryArrayCreationOverflow
	- privateCanBeOverridden
	- SignedArrayStorageCopy
	- ABIEncoderV2StorageArrayWithMultiSlotElement
	- DynamicConstructorArgumentsClippedABIV2
	- UninitializedFunctionPointerInConstructor_0.4.x
	- IncorrectEventSignatureInLibraries_0.4.x
	- ExpExponentCleanup
	- EventStructWrongData
	- NestedArrayFunctionCallDecoder.
It is used by:
	- ^0.4.18 (../sb/0xc7ff1e126cc81e816915ff48c940ed9d4e6d05d6.sol#1)
solc-0.4.26 is an outdated solc version. Use a more recent version (at least 0.8.0), if possible.
Reference: https://github.com/crytic/slither/wiki/Detector-Documentation#incorrect-versions-of-solidity

Parameter Owned.transferOwnership(address)._newOwner (../sb/0xc7ff1e126cc81e816915ff48c940ed9d4e6d05d6.sol#85) is not in mixedCase
Variable IJC._totalSupply (../sb/0xc7ff1e126cc81e816915ff48c940ed9d4e6d05d6.sol#107) is not in mixedCase
Reference: https://github.com/crytic/slither/wiki/Detector-Documentation#conformance-to-solidity-naming-conventions

IJC.IJC() (../sb/0xc7ff1e126cc81e816915ff48c940ed9d4e6d05d6.sol#116-123) uses literals with too many digits:
	- _totalSupply = 28000000000 * 10 ** uint256(decimals) (../sb/0xc7ff1e126cc81e816915ff48c940ed9d4e6d05d6.sol#120)
Reference: https://github.com/crytic/slither/wiki/Detector-Documentation#too-many-digits

receiveApproval(address,uint256,address,bytes) should be declared external:
	- ApproveAndCallFallBack.receiveApproval(address,uint256,address,bytes) (../sb/0xc7ff1e126cc81e816915ff48c940ed9d4e6d05d6.sol#63)
approveAndCall(address,uint256,bytes) should be declared external:
	- IJC.approveAndCall(address,uint256,bytes) (../sb/0xc7ff1e126cc81e816915ff48c940ed9d4e6d05d6.sol#202-207)
Reference: https://github.com/crytic/slither/wiki/Detector-Documentation#public-function-that-could-be-declared-external
/sb/0xc7ff1e126cc81e816915ff48c940ed9d4e6d05d6.sol analyzed (5 contracts with 100 detectors), 9 result(s) found
