ANTLR runtime and generated code versions disagree: 4.9.2!=4.7.2
ANTLR runtime and generated code versions disagree: 4.9.2!=4.7.2
Analysing /sb/0xf5ca3b2c13d9935b3105db847ddac758df94db0f.sol:BasicToken...
Analysing /sb/0xf5ca3b2c13d9935b3105db847ddac758df94db0f.sol:BitVideoCoin...
Vulnerability: Integer Overflow. Maybe in function: getTrustedContracts(). PC: 0x1ec1. Line number: 290.
If a = 32
and b = 28948022309329048855892746252171976963317496166410141009864396001978282409984
Vulnerability: Integer Overflow. Maybe in function: 0x38ea8bbc. PC: 0xec2. Line number: 240.
If a = 75276140696391174450305814049576319106646922510300487059720162673006384432776
and b = 40515948540925020973265170959111588746623062155340076979737421334906745207160
Analysing /sb/0xf5ca3b2c13d9935b3105db847ddac758df94db0f.sol:DetailedERC20...
Nothing to analyse
Analysing /sb/0xf5ca3b2c13d9935b3105db847ddac758df94db0f.sol:ERC20...
Nothing to analyse
Analysing /sb/0xf5ca3b2c13d9935b3105db847ddac758df94db0f.sol:ERC20Basic...
Nothing to analyse
Analysing /sb/0xf5ca3b2c13d9935b3105db847ddac758df94db0f.sol:Ownable...
Analysing /sb/0xf5ca3b2c13d9935b3105db847ddac758df94db0f.sol:SafeMath...
Analysing /sb/0xf5ca3b2c13d9935b3105db847ddac758df94db0f.sol:StandardToken...
Analysing /sb/0xf5ca3b2c13d9935b3105db847ddac758df94db0f.sol:VideoTrusted...
Vulnerability: Integer Overflow. Maybe in function: removeTrustedContract(address). PC: 0x6f0. Line number: 290.
If a = 32
and b = 32566525097995179962879339533693474083732183187211408636097445502225567711231
Vulnerability: Integer Overflow. Maybe in function: removeTrustedContract(address). PC: 0x260. Line number: 289.
If a = 32
and b = 61514547407324228818772085785865451047049679353621549645961841504203850121215
Vulnerability: Integer Overflow. Maybe in function: 0x38ea8bbc. PC: 0x3b2. Line number: 240.
If a = 80084422859880547211683076133703299733277748156566366325829078699459944778998
and b = 35707666377435648211887908874984608119992236509074197713628505308453184865024
