'solc --version' running
'solc /sb/0xdc014502643ca2ef9ff00443a4a1e5b178184a95.sol --combined-json abi,ast,bin,bin-runtime,srcmap,srcmap-runtime,userdoc,devdoc,hashes,compact-format --allow-paths .,/sb' running

FreezableToken.toKey(address,uint256) (../sb/0xdc014502643ca2ef9ff00443a4a1e5b178184a95.sol#501-508) is declared view but contains assembly code
Reference: https://github.com/crytic/slither/wiki/Detector-Documentation#constant-functions-using-assembly-code

FreezableToken.releaseOnce() (../sb/0xdc014502643ca2ef9ff00443a4a1e5b178184a95.sol#462-484) uses timestamp for comparisons
	Dangerous comparisons:
	- require(bool)(uint64(block.timestamp) > head) (../sb/0xdc014502643ca2ef9ff00443a4a1e5b178184a95.sol#466)
FreezableToken.releaseAll() (../sb/0xdc014502643ca2ef9ff00443a4a1e5b178184a95.sol#490-499) uses timestamp for comparisons
	Dangerous comparisons:
	- release != 0 && block.timestamp > release (../sb/0xdc014502643ca2ef9ff00443a4a1e5b178184a95.sol#494)
FreezableToken.freeze(address,uint64) (../sb/0xdc014502643ca2ef9ff00443a4a1e5b178184a95.sol#510-541) uses timestamp for comparisons
	Dangerous comparisons:
	- require(bool)(_until > block.timestamp) (../sb/0xdc014502643ca2ef9ff00443a4a1e5b178184a95.sol#511)
Reference: https://github.com/crytic/slither/wiki/Detector-Documentation#block-timestamp

FreezableToken.toKey(address,uint256) (../sb/0xdc014502643ca2ef9ff00443a4a1e5b178184a95.sol#501-508) uses assembly
	- INLINE ASM (../sb/0xdc014502643ca2ef9ff00443a4a1e5b178184a95.sol#504-508)
Reference: https://github.com/crytic/slither/wiki/Detector-Documentation#assembly-usage

FreezableToken.releaseOnce() (../sb/0xdc014502643ca2ef9ff00443a4a1e5b178184a95.sol#462-484) has costly operations inside a loop:
	- delete freezings[currentKey] (../sb/0xdc014502643ca2ef9ff00443a4a1e5b178184a95.sol#472)
	Calls stack containing the loop:
		FreezableToken.releaseAll()
FreezableToken.releaseOnce() (../sb/0xdc014502643ca2ef9ff00443a4a1e5b178184a95.sol#462-484) has costly operations inside a loop:
	- delete chains[headKey] (../sb/0xdc014502643ca2ef9ff00443a4a1e5b178184a95.sol#478)
	Calls stack containing the loop:
		FreezableToken.releaseAll()
FreezableToken.releaseOnce() (../sb/0xdc014502643ca2ef9ff00443a4a1e5b178184a95.sol#462-484) has costly operations inside a loop:
	- delete chains[currentKey] (../sb/0xdc014502643ca2ef9ff00443a4a1e5b178184a95.sol#481)
	Calls stack containing the loop:
		FreezableToken.releaseAll()
Reference: https://github.com/crytic/slither/wiki/Detector-Documentation#costly-operations-inside-a-loop

Version constraint ^0.4.23 contains known severe issues (https://solidity.readthedocs.io/en/latest/bugs.html)
	- DirtyBytesArrayToStorage
	- ABIDecodeTwoDimensionalArrayMemory
	- KeccakCaching
	- EmptyByteArrayCopy
	- DynamicArrayCleanup
	- ImplicitConstructorCallvalueCheck
	- TupleAssignmentMultiStackSlotComponents
	- MemoryArrayCreationOverflow
	- privateCanBeOverridden
	- SignedArrayStorageCopy
	- ABIEncoderV2StorageArrayWithMultiSlotElement
	- DynamicConstructorArgumentsClippedABIV2
	- UninitializedFunctionPointerInConstructor_0.4.x
	- IncorrectEventSignatureInLibraries_0.4.x
	- ABIEncoderV2PackedStorage_0.4.x
	- ExpExponentCleanup
	- EventStructWrongData.
It is used by:
	- ^0.4.23 (../sb/0xdc014502643ca2ef9ff00443a4a1e5b178184a95.sol#1)
solc-0.4.26 is an outdated solc version. Use a more recent version (at least 0.8.0), if possible.
Reference: https://github.com/crytic/slither/wiki/Detector-Documentation#incorrect-versions-of-solidity

Parameter BasicToken.transfer(address,uint256)._to (../sb/0xdc014502643ca2ef9ff00443a4a1e5b178184a95.sol#93) is not in mixedCase
Parameter BasicToken.transfer(address,uint256)._value (../sb/0xdc014502643ca2ef9ff00443a4a1e5b178184a95.sol#93) is not in mixedCase
Parameter BasicToken.balanceOf(address)._owner (../sb/0xdc014502643ca2ef9ff00443a4a1e5b178184a95.sol#108) is not in mixedCase
Parameter StandardToken.transferFrom(address,address,uint256)._from (../sb/0xdc014502643ca2ef9ff00443a4a1e5b178184a95.sol#154) is not in mixedCase
Parameter StandardToken.transferFrom(address,address,uint256)._to (../sb/0xdc014502643ca2ef9ff00443a4a1e5b178184a95.sol#155) is not in mixedCase
Parameter StandardToken.transferFrom(address,address,uint256)._value (../sb/0xdc014502643ca2ef9ff00443a4a1e5b178184a95.sol#156) is not in mixedCase
Parameter StandardToken.approve(address,uint256)._spender (../sb/0xdc014502643ca2ef9ff00443a4a1e5b178184a95.sol#182) is not in mixedCase
Parameter StandardToken.approve(address,uint256)._value (../sb/0xdc014502643ca2ef9ff00443a4a1e5b178184a95.sol#182) is not in mixedCase
Parameter StandardToken.allowance(address,address)._owner (../sb/0xdc014502643ca2ef9ff00443a4a1e5b178184a95.sol#195) is not in mixedCase
Parameter StandardToken.allowance(address,address)._spender (../sb/0xdc014502643ca2ef9ff00443a4a1e5b178184a95.sol#196) is not in mixedCase
Parameter StandardToken.increaseApproval(address,uint256)._spender (../sb/0xdc014502643ca2ef9ff00443a4a1e5b178184a95.sol#216) is not in mixedCase
Parameter StandardToken.increaseApproval(address,uint256)._addedValue (../sb/0xdc014502643ca2ef9ff00443a4a1e5b178184a95.sol#217) is not in mixedCase
Parameter StandardToken.decreaseApproval(address,uint256)._spender (../sb/0xdc014502643ca2ef9ff00443a4a1e5b178184a95.sol#239) is not in mixedCase
Parameter StandardToken.decreaseApproval(address,uint256)._subtractedValue (../sb/0xdc014502643ca2ef9ff00443a4a1e5b178184a95.sol#240) is not in mixedCase
Parameter Ownable.transferOwnership(address)._newOwner (../sb/0xdc014502643ca2ef9ff00443a4a1e5b178184a95.sol#303) is not in mixedCase
Parameter MintableToken.mint(address,uint256)._to (../sb/0xdc014502643ca2ef9ff00443a4a1e5b178184a95.sol#349) is not in mixedCase
Parameter MintableToken.mint(address,uint256)._amount (../sb/0xdc014502643ca2ef9ff00443a4a1e5b178184a95.sol#350) is not in mixedCase
Parameter FreezableToken.balanceOf(address)._owner (../sb/0xdc014502643ca2ef9ff00443a4a1e5b178184a95.sol#392) is not in mixedCase
Parameter FreezableToken.actualBalanceOf(address)._owner (../sb/0xdc014502643ca2ef9ff00443a4a1e5b178184a95.sol#401) is not in mixedCase
Parameter FreezableToken.freezingBalanceOf(address)._owner (../sb/0xdc014502643ca2ef9ff00443a4a1e5b178184a95.sol#405) is not in mixedCase
Parameter FreezableToken.freezingCount(address)._addr (../sb/0xdc014502643ca2ef9ff00443a4a1e5b178184a95.sol#413) is not in mixedCase
Parameter FreezableToken.getFreezing(address,uint256)._addr (../sb/0xdc014502643ca2ef9ff00443a4a1e5b178184a95.sol#426) is not in mixedCase
Parameter FreezableToken.getFreezing(address,uint256)._index (../sb/0xdc014502643ca2ef9ff00443a4a1e5b178184a95.sol#426) is not in mixedCase
Parameter FreezableToken.freezeTo(address,uint256,uint64)._to (../sb/0xdc014502643ca2ef9ff00443a4a1e5b178184a95.sol#444) is not in mixedCase
Parameter FreezableToken.freezeTo(address,uint256,uint64)._amount (../sb/0xdc014502643ca2ef9ff00443a4a1e5b178184a95.sol#444) is not in mixedCase
Parameter FreezableToken.freezeTo(address,uint256,uint64)._until (../sb/0xdc014502643ca2ef9ff00443a4a1e5b178184a95.sol#444) is not in mixedCase
Parameter FreezableToken.freeze(address,uint64)._to (../sb/0xdc014502643ca2ef9ff00443a4a1e5b178184a95.sol#510) is not in mixedCase
Parameter FreezableToken.freeze(address,uint64)._until (../sb/0xdc014502643ca2ef9ff00443a4a1e5b178184a95.sol#510) is not in mixedCase
Parameter BurnableToken.burn(uint256)._value (../sb/0xdc014502643ca2ef9ff00443a4a1e5b178184a95.sol#557) is not in mixedCase
Parameter FreezableMintableToken.mintAndFreeze(address,uint256,uint64)._to (../sb/0xdc014502643ca2ef9ff00443a4a1e5b178184a95.sol#630) is not in mixedCase
Parameter FreezableMintableToken.mintAndFreeze(address,uint256,uint64)._amount (../sb/0xdc014502643ca2ef9ff00443a4a1e5b178184a95.sol#630) is not in mixedCase
Parameter FreezableMintableToken.mintAndFreeze(address,uint256,uint64)._until (../sb/0xdc014502643ca2ef9ff00443a4a1e5b178184a95.sol#630) is not in mixedCase
Parameter MainToken.transferFrom(address,address,uint256)._from (../sb/0xdc014502643ca2ef9ff00443a4a1e5b178184a95.sol#688) is not in mixedCase
Parameter MainToken.transferFrom(address,address,uint256)._to (../sb/0xdc014502643ca2ef9ff00443a4a1e5b178184a95.sol#688) is not in mixedCase
Parameter MainToken.transferFrom(address,address,uint256)._value (../sb/0xdc014502643ca2ef9ff00443a4a1e5b178184a95.sol#688) is not in mixedCase
Parameter MainToken.transfer(address,uint256)._to (../sb/0xdc014502643ca2ef9ff00443a4a1e5b178184a95.sol#693) is not in mixedCase
Parameter MainToken.transfer(address,uint256)._value (../sb/0xdc014502643ca2ef9ff00443a4a1e5b178184a95.sol#693) is not in mixedCase
Reference: https://github.com/crytic/slither/wiki/Detector-Documentation#conformance-to-solidity-naming-conventions

FreezableToken.toKey(address,uint256) (../sb/0xdc014502643ca2ef9ff00443a4a1e5b178184a95.sol#501-508) uses literals with too many digits:
	- result = 0x5749534800000000000000000000000000000000000000000000000000000000 (../sb/0xdc014502643ca2ef9ff00443a4a1e5b178184a95.sol#503)
Reference: https://github.com/crytic/slither/wiki/Detector-Documentation#too-many-digits
/sb/0xdc014502643ca2ef9ff00443a4a1e5b178184a95.sol analyzed (13 contracts with 100 detectors), 48 result(s) found
