'solc --version' running
'solc /sb/0xefc6d9d05d41134b1f44b379e319079ef2855edb.sol --combined-json abi,ast,bin,bin-runtime,srcmap,srcmap-runtime,userdoc,devdoc,hashes,compact-format --allow-paths .,/sb' running
Compilation warnings/errors on /sb/0xefc6d9d05d41134b1f44b379e319079ef2855edb.sol:
/sb/0xefc6d9d05d41134b1f44b379e319079ef2855edb.sol:273:5: Warning: Defining constructors as functions with the same name as the contract is deprecated. Use "constructor(...) { ... }" instead.
    function TorusCoin(uint256 startDatetimeInSeconds, address founderWallet) public {
    ^ (Relevant source part starts here and spans across multiple lines).
/sb/0xefc6d9d05d41134b1f44b379e319079ef2855edb.sol:110:5: Warning: Invoking events without "emit" prefix is deprecated.
    Transfer(msg.sender, _to, _value);
    ^-------------------------------^
/sb/0xefc6d9d05d41134b1f44b379e319079ef2855edb.sol:154:5: Warning: Invoking events without "emit" prefix is deprecated.
    Transfer(_from, _to, _value);
    ^--------------------------^
/sb/0xefc6d9d05d41134b1f44b379e319079ef2855edb.sol:170:5: Warning: Invoking events without "emit" prefix is deprecated.
    Approval(msg.sender, _spender, _value);
    ^------------------------------------^
/sb/0xefc6d9d05d41134b1f44b379e319079ef2855edb.sol:196:5: Warning: Invoking events without "emit" prefix is deprecated.
    Approval(msg.sender, _spender, allowed[msg.sender][_spender]);
    ^-----------------------------------------------------------^
/sb/0xefc6d9d05d41134b1f44b379e319079ef2855edb.sol:217:5: Warning: Invoking events without "emit" prefix is deprecated.
    Approval(msg.sender, _spender, allowed[msg.sender][_spender]);
    ^-----------------------------------------------------------^
/sb/0xefc6d9d05d41134b1f44b379e319079ef2855edb.sol:312:9: Warning: Invoking events without "emit" prefix is deprecated.
        Buy(msg.sender, recipient, msg.value, tokens);
        ^-------------------------------------------^
/sb/0xefc6d9d05d41134b1f44b379e319079ef2855edb.sol:326:9: Warning: Invoking events without "emit" prefix is deprecated.
        AllocateFounderTokens(msg.sender, founder, founderAllocation);
        ^-----------------------------------------------------------^
/sb/0xefc6d9d05d41134b1f44b379e319079ef2855edb.sol:365:9: Warning: Invoking events without "emit" prefix is deprecated.
        AllocateInflatedTokens(msg.sender, holder, tokens);
        ^------------------------------------------------^


TorusCoin.changeAdmin(address) (../sb/0xefc6d9d05d41134b1f44b379e319079ef2855edb.sol#343-345) should emit an event for: 
	- admin = newAdmin (../sb/0xefc6d9d05d41134b1f44b379e319079ef2855edb.sol#344) 
Reference: https://github.com/crytic/slither/wiki/Detector-Documentation#missing-events-access-control

TorusCoin.TorusCoin(uint256,address).founderWallet (../sb/0xefc6d9d05d41134b1f44b379e319079ef2855edb.sol#273) lacks a zero-check on :
		- founder = founderWallet (../sb/0xefc6d9d05d41134b1f44b379e319079ef2855edb.sol#276)
TorusCoin.changeAdmin(address).newAdmin (../sb/0xefc6d9d05d41134b1f44b379e319079ef2855edb.sol#343) lacks a zero-check on :
		- admin = newAdmin (../sb/0xefc6d9d05d41134b1f44b379e319079ef2855edb.sol#344)
TorusCoin.changeFounder(address).newFounder (../sb/0xefc6d9d05d41134b1f44b379e319079ef2855edb.sol#350) lacks a zero-check on :
		- founder = newFounder (../sb/0xefc6d9d05d41134b1f44b379e319079ef2855edb.sol#351)
Reference: https://github.com/crytic/slither/wiki/Detector-Documentation#missing-zero-address-validation

Reentrancy in TorusCoin.buy(address) (../sb/0xefc6d9d05d41134b1f44b379e319079ef2855edb.sol#293-313):
	External calls:
	- ! founder.call.value(msg.value)() (../sb/0xefc6d9d05d41134b1f44b379e319079ef2855edb.sol#310)
	Event emitted after the call(s):
	- Buy(msg.sender,recipient,msg.value,tokens) (../sb/0xefc6d9d05d41134b1f44b379e319079ef2855edb.sol#312)
Reference: https://github.com/crytic/slither/wiki/Detector-Documentation#reentrancy-vulnerabilities-3

TorusCoin.allocateFounderTokens() (../sb/0xefc6d9d05d41134b1f44b379e319079ef2855edb.sol#318-327) uses timestamp for comparisons
	Dangerous comparisons:
	- require(bool)(block.timestamp > endDatetime) (../sb/0xefc6d9d05d41134b1f44b379e319079ef2855edb.sol#319)
TorusCoin.inflate(address,uint256) (../sb/0xefc6d9d05d41134b1f44b379e319079ef2855edb.sol#357-367) uses timestamp for comparisons
	Dangerous comparisons:
	- require(bool)(block.timestamp > endDatetime) (../sb/0xefc6d9d05d41134b1f44b379e319079ef2855edb.sol#358)
Reference: https://github.com/crytic/slither/wiki/Detector-Documentation#block-timestamp

TorusCoin.coinAllocation (../sb/0xefc6d9d05d41134b1f44b379e319079ef2855edb.sol#245) is set pre-construction with a non-constant function or state variable:
	- 700 * 10 ** 8 * 10 ** decimals
TorusCoin.founderAllocation (../sb/0xefc6d9d05d41134b1f44b379e319079ef2855edb.sol#246) is set pre-construction with a non-constant function or state variable:
	- 300 * 10 ** 8 * 10 ** decimals
Reference: https://github.com/crytic/slither/wiki/Detector-Documentation#function-initializing-state

Version constraint ^0.4.18 contains known severe issues (https://solidity.readthedocs.io/en/latest/bugs.html)
	- DirtyBytesArrayToStorage
	- ABIDecodeTwoDimensionalArrayMemory
	- KeccakCaching
	- EmptyByteArrayCopy
	- DynamicArrayCleanup
	- ImplicitConstructorCallvalueCheck
	- TupleAssignmentMultiStackSlotComponents
	- MemoryArrayCreationOverflow
	- privateCanBeOverridden
	- SignedArrayStorageCopy
	- ABIEncoderV2StorageArrayWithMultiSlotElement
	- DynamicConstructorArgumentsClippedABIV2
	- UninitializedFunctionPointerInConstructor_0.4.x
	- IncorrectEventSignatureInLibraries_0.4.x
	- ExpExponentCleanup
	- EventStructWrongData
	- NestedArrayFunctionCallDecoder.
It is used by:
	- ^0.4.18 (../sb/0xefc6d9d05d41134b1f44b379e319079ef2855edb.sol#1)
solc-0.4.26 is an outdated solc version. Use a more recent version (at least 0.8.0), if possible.
Reference: https://github.com/crytic/slither/wiki/Detector-Documentation#incorrect-versions-of-solidity

Low level call in TorusCoin.buy(address) (../sb/0xefc6d9d05d41134b1f44b379e319079ef2855edb.sol#293-313):
	- ! founder.call.value(msg.value)() (../sb/0xefc6d9d05d41134b1f44b379e319079ef2855edb.sol#310)
Reference: https://github.com/crytic/slither/wiki/Detector-Documentation#low-level-calls

Parameter BasicToken.transfer(address,uint256)._to (../sb/0xefc6d9d05d41134b1f44b379e319079ef2855edb.sol#103) is not in mixedCase
Parameter BasicToken.transfer(address,uint256)._value (../sb/0xefc6d9d05d41134b1f44b379e319079ef2855edb.sol#103) is not in mixedCase
Parameter BasicToken.balanceOf(address)._owner (../sb/0xefc6d9d05d41134b1f44b379e319079ef2855edb.sol#119) is not in mixedCase
Parameter StandardToken.transferFrom(address,address,uint256)._from (../sb/0xefc6d9d05d41134b1f44b379e319079ef2855edb.sol#146) is not in mixedCase
Parameter StandardToken.transferFrom(address,address,uint256)._to (../sb/0xefc6d9d05d41134b1f44b379e319079ef2855edb.sol#146) is not in mixedCase
Parameter StandardToken.transferFrom(address,address,uint256)._value (../sb/0xefc6d9d05d41134b1f44b379e319079ef2855edb.sol#146) is not in mixedCase
Parameter StandardToken.approve(address,uint256)._spender (../sb/0xefc6d9d05d41134b1f44b379e319079ef2855edb.sol#168) is not in mixedCase
Parameter StandardToken.approve(address,uint256)._value (../sb/0xefc6d9d05d41134b1f44b379e319079ef2855edb.sol#168) is not in mixedCase
Parameter StandardToken.allowance(address,address)._owner (../sb/0xefc6d9d05d41134b1f44b379e319079ef2855edb.sol#180) is not in mixedCase
Parameter StandardToken.allowance(address,address)._spender (../sb/0xefc6d9d05d41134b1f44b379e319079ef2855edb.sol#180) is not in mixedCase
Parameter StandardToken.increaseApproval(address,uint256)._spender (../sb/0xefc6d9d05d41134b1f44b379e319079ef2855edb.sol#194) is not in mixedCase
Parameter StandardToken.increaseApproval(address,uint256)._addedValue (../sb/0xefc6d9d05d41134b1f44b379e319079ef2855edb.sol#194) is not in mixedCase
Parameter StandardToken.decreaseApproval(address,uint256)._spender (../sb/0xefc6d9d05d41134b1f44b379e319079ef2855edb.sol#210) is not in mixedCase
Parameter StandardToken.decreaseApproval(address,uint256)._subtractedValue (../sb/0xefc6d9d05d41134b1f44b379e319079ef2855edb.sol#210) is not in mixedCase
Reference: https://github.com/crytic/slither/wiki/Detector-Documentation#conformance-to-solidity-naming-conventions

TorusCoin.decimals (../sb/0xefc6d9d05d41134b1f44b379e319079ef2855edb.sol#233) should be constant 
TorusCoin.name (../sb/0xefc6d9d05d41134b1f44b379e319079ef2855edb.sol#231) should be constant 
TorusCoin.symbol (../sb/0xefc6d9d05d41134b1f44b379e319079ef2855edb.sol#232) should be constant 
Reference: https://github.com/crytic/slither/wiki/Detector-Documentation#state-variables-that-could-be-declared-constant
/sb/0xefc6d9d05d41134b1f44b379e319079ef2855edb.sol analyzed (7 contracts with 100 detectors), 29 result(s) found
