A new version of Solhint is available: 6.0.1
Please consider updating your Solhint package.
/sb/0x0788d90e614d64de700f62bd54a1e6006c425bc4.sol:1:1: Found more than One contract per file. 4 contracts found! [Warning/one-contract-per-file]
/sb/0x0788d90e614d64de700f62bd54a1e6006c425bc4.sol:1:1: Compiler version ^0.4.24 does not satisfy the ^0.8.24 semver requirement [Error/compiler-version]
/sb/0x0788d90e614d64de700f62bd54a1e6006c425bc4.sol:9:1: Missing @author tag in contract 'IERC20' [Warning/use-natspec]
/sb/0x0788d90e614d64de700f62bd54a1e6006c425bc4.sol:9:1: Missing @notice tag in contract 'IERC20' [Warning/use-natspec]
/sb/0x0788d90e614d64de700f62bd54a1e6006c425bc4.sol:10:3: Missing @notice tag in function 'totalSupply' [Warning/use-natspec]
/sb/0x0788d90e614d64de700f62bd54a1e6006c425bc4.sol:10:3: Missing @return tag in function 'totalSupply' [Warning/use-natspec]
/sb/0x0788d90e614d64de700f62bd54a1e6006c425bc4.sol:10:3: Mismatch in @return count for function 'totalSupply'. Expected: 1, Found: 0 [Warning/use-natspec]
/sb/0x0788d90e614d64de700f62bd54a1e6006c425bc4.sol:12:3: Missing @notice tag in function 'balanceOf' [Warning/use-natspec]
/sb/0x0788d90e614d64de700f62bd54a1e6006c425bc4.sol:12:3: Missing @param tag in function 'balanceOf' [Warning/use-natspec]
/sb/0x0788d90e614d64de700f62bd54a1e6006c425bc4.sol:12:3: Mismatch in @param names for function 'balanceOf'. Expected: [who], Found: [] [Warning/use-natspec]
/sb/0x0788d90e614d64de700f62bd54a1e6006c425bc4.sol:12:3: Missing @return tag in function 'balanceOf' [Warning/use-natspec]
/sb/0x0788d90e614d64de700f62bd54a1e6006c425bc4.sol:12:3: Mismatch in @return count for function 'balanceOf'. Expected: 1, Found: 0 [Warning/use-natspec]
/sb/0x0788d90e614d64de700f62bd54a1e6006c425bc4.sol:14:3: Missing @notice tag in function 'allowance' [Warning/use-natspec]
/sb/0x0788d90e614d64de700f62bd54a1e6006c425bc4.sol:14:3: Missing @param tag in function 'allowance' [Warning/use-natspec]
/sb/0x0788d90e614d64de700f62bd54a1e6006c425bc4.sol:14:3: Mismatch in @param names for function 'allowance'. Expected: [owner, spender], Found: [] [Warning/use-natspec]
/sb/0x0788d90e614d64de700f62bd54a1e6006c425bc4.sol:14:3: Missing @return tag in function 'allowance' [Warning/use-natspec]
/sb/0x0788d90e614d64de700f62bd54a1e6006c425bc4.sol:14:3: Mismatch in @return count for function 'allowance'. Expected: 1, Found: 0 [Warning/use-natspec]
/sb/0x0788d90e614d64de700f62bd54a1e6006c425bc4.sol:17:3: Missing @notice tag in function 'transfer' [Warning/use-natspec]
/sb/0x0788d90e614d64de700f62bd54a1e6006c425bc4.sol:17:3: Missing @param tag in function 'transfer' [Warning/use-natspec]
/sb/0x0788d90e614d64de700f62bd54a1e6006c425bc4.sol:17:3: Mismatch in @param names for function 'transfer'. Expected: [to, value], Found: [] [Warning/use-natspec]
/sb/0x0788d90e614d64de700f62bd54a1e6006c425bc4.sol:17:3: Missing @return tag in function 'transfer' [Warning/use-natspec]
/sb/0x0788d90e614d64de700f62bd54a1e6006c425bc4.sol:17:3: Mismatch in @return count for function 'transfer'. Expected: 1, Found: 0 [Warning/use-natspec]
/sb/0x0788d90e614d64de700f62bd54a1e6006c425bc4.sol:19:3: Missing @notice tag in function 'approve' [Warning/use-natspec]
/sb/0x0788d90e614d64de700f62bd54a1e6006c425bc4.sol:19:3: Missing @param tag in function 'approve' [Warning/use-natspec]
/sb/0x0788d90e614d64de700f62bd54a1e6006c425bc4.sol:19:3: Mismatch in @param names for function 'approve'. Expected: [spender, value], Found: [] [Warning/use-natspec]
/sb/0x0788d90e614d64de700f62bd54a1e6006c425bc4.sol:19:3: Missing @return tag in function 'approve' [Warning/use-natspec]
/sb/0x0788d90e614d64de700f62bd54a1e6006c425bc4.sol:19:3: Mismatch in @return count for function 'approve'. Expected: 1, Found: 0 [Warning/use-natspec]
/sb/0x0788d90e614d64de700f62bd54a1e6006c425bc4.sol:22:3: Missing @notice tag in function 'transferFrom' [Warning/use-natspec]
/sb/0x0788d90e614d64de700f62bd54a1e6006c425bc4.sol:22:3: Missing @param tag in function 'transferFrom' [Warning/use-natspec]
/sb/0x0788d90e614d64de700f62bd54a1e6006c425bc4.sol:22:3: Mismatch in @param names for function 'transferFrom'. Expected: [from, to, value], Found: [] [Warning/use-natspec]
/sb/0x0788d90e614d64de700f62bd54a1e6006c425bc4.sol:22:3: Missing @return tag in function 'transferFrom' [Warning/use-natspec]
/sb/0x0788d90e614d64de700f62bd54a1e6006c425bc4.sol:22:3: Mismatch in @return count for function 'transferFrom'. Expected: 1, Found: 0 [Warning/use-natspec]
/sb/0x0788d90e614d64de700f62bd54a1e6006c425bc4.sol:25:3: Missing @notice tag in event 'Transfer' [Warning/use-natspec]
/sb/0x0788d90e614d64de700f62bd54a1e6006c425bc4.sol:25:3: Missing @param tag in event 'Transfer' [Warning/use-natspec]
/sb/0x0788d90e614d64de700f62bd54a1e6006c425bc4.sol:25:3: Mismatch in @param names for event 'Transfer'. Expected: [from, to, value], Found: [] [Warning/use-natspec]
/sb/0x0788d90e614d64de700f62bd54a1e6006c425bc4.sol:25:3: GC: [value] on Event [Transfer] could be Indexed [Warning/gas-indexed-events]
/sb/0x0788d90e614d64de700f62bd54a1e6006c425bc4.sol:31:3: Missing @notice tag in event 'Approval' [Warning/use-natspec]
/sb/0x0788d90e614d64de700f62bd54a1e6006c425bc4.sol:31:3: Missing @param tag in event 'Approval' [Warning/use-natspec]
/sb/0x0788d90e614d64de700f62bd54a1e6006c425bc4.sol:31:3: Mismatch in @param names for event 'Approval'. Expected: [owner, spender, value], Found: [] [Warning/use-natspec]
/sb/0x0788d90e614d64de700f62bd54a1e6006c425bc4.sol:31:3: GC: [value] on Event [Approval] could be Indexed [Warning/gas-indexed-events]
/sb/0x0788d90e614d64de700f62bd54a1e6006c425bc4.sol:44:1: Missing @author tag in contract 'SafeMath' [Warning/use-natspec]
/sb/0x0788d90e614d64de700f62bd54a1e6006c425bc4.sol:44:1: Missing @notice tag in contract 'SafeMath' [Warning/use-natspec]
/sb/0x0788d90e614d64de700f62bd54a1e6006c425bc4.sol:49:3: Missing @notice tag in function 'mul' [Warning/use-natspec]
/sb/0x0788d90e614d64de700f62bd54a1e6006c425bc4.sol:49:3: Missing @param tag in function 'mul' [Warning/use-natspec]
/sb/0x0788d90e614d64de700f62bd54a1e6006c425bc4.sol:49:3: Mismatch in @param names for function 'mul'. Expected: [a, b], Found: [] [Warning/use-natspec]
/sb/0x0788d90e614d64de700f62bd54a1e6006c425bc4.sol:49:3: Missing @return tag in function 'mul' [Warning/use-natspec]
/sb/0x0788d90e614d64de700f62bd54a1e6006c425bc4.sol:49:3: Mismatch in @return count for function 'mul'. Expected: 1, Found: 0 [Warning/use-natspec]
/sb/0x0788d90e614d64de700f62bd54a1e6006c425bc4.sol:58:5: Provide an error message for require [Warning/reason-string]
/sb/0x0788d90e614d64de700f62bd54a1e6006c425bc4.sol:66:3: Missing @notice tag in function 'div' [Warning/use-natspec]
/sb/0x0788d90e614d64de700f62bd54a1e6006c425bc4.sol:66:3: Missing @param tag in function 'div' [Warning/use-natspec]
/sb/0x0788d90e614d64de700f62bd54a1e6006c425bc4.sol:66:3: Mismatch in @param names for function 'div'. Expected: [a, b], Found: [] [Warning/use-natspec]
/sb/0x0788d90e614d64de700f62bd54a1e6006c425bc4.sol:66:3: Missing @return tag in function 'div' [Warning/use-natspec]
/sb/0x0788d90e614d64de700f62bd54a1e6006c425bc4.sol:66:3: Mismatch in @return count for function 'div'. Expected: 1, Found: 0 [Warning/use-natspec]
/sb/0x0788d90e614d64de700f62bd54a1e6006c425bc4.sol:67:5: Provide an error message for require [Warning/reason-string]
/sb/0x0788d90e614d64de700f62bd54a1e6006c425bc4.sol:77:3: Missing @notice tag in function 'sub' [Warning/use-natspec]
/sb/0x0788d90e614d64de700f62bd54a1e6006c425bc4.sol:77:3: Missing @param tag in function 'sub' [Warning/use-natspec]
/sb/0x0788d90e614d64de700f62bd54a1e6006c425bc4.sol:77:3: Mismatch in @param names for function 'sub'. Expected: [a, b], Found: [] [Warning/use-natspec]
/sb/0x0788d90e614d64de700f62bd54a1e6006c425bc4.sol:77:3: Missing @return tag in function 'sub' [Warning/use-natspec]
/sb/0x0788d90e614d64de700f62bd54a1e6006c425bc4.sol:77:3: Mismatch in @return count for function 'sub'. Expected: 1, Found: 0 [Warning/use-natspec]
/sb/0x0788d90e614d64de700f62bd54a1e6006c425bc4.sol:78:5: Provide an error message for require [Warning/reason-string]
/sb/0x0788d90e614d64de700f62bd54a1e6006c425bc4.sol:78:13: GC: Non strict inequality found. Try converting to a strict one [Warning/gas-strict-inequalities]
/sb/0x0788d90e614d64de700f62bd54a1e6006c425bc4.sol:87:3: Missing @notice tag in function 'add' [Warning/use-natspec]
/sb/0x0788d90e614d64de700f62bd54a1e6006c425bc4.sol:87:3: Missing @param tag in function 'add' [Warning/use-natspec]
/sb/0x0788d90e614d64de700f62bd54a1e6006c425bc4.sol:87:3: Mismatch in @param names for function 'add'. Expected: [a, b], Found: [] [Warning/use-natspec]
/sb/0x0788d90e614d64de700f62bd54a1e6006c425bc4.sol:87:3: Missing @return tag in function 'add' [Warning/use-natspec]
/sb/0x0788d90e614d64de700f62bd54a1e6006c425bc4.sol:87:3: Mismatch in @return count for function 'add'. Expected: 1, Found: 0 [Warning/use-natspec]
/sb/0x0788d90e614d64de700f62bd54a1e6006c425bc4.sol:89:5: Provide an error message for require [Warning/reason-string]
/sb/0x0788d90e614d64de700f62bd54a1e6006c425bc4.sol:89:13: GC: Non strict inequality found. Try converting to a strict one [Warning/gas-strict-inequalities]
/sb/0x0788d90e614d64de700f62bd54a1e6006c425bc4.sol:98:3: Missing @notice tag in function 'mod' [Warning/use-natspec]
/sb/0x0788d90e614d64de700f62bd54a1e6006c425bc4.sol:98:3: Missing @param tag in function 'mod' [Warning/use-natspec]
/sb/0x0788d90e614d64de700f62bd54a1e6006c425bc4.sol:98:3: Mismatch in @param names for function 'mod'. Expected: [a, b], Found: [] [Warning/use-natspec]
/sb/0x0788d90e614d64de700f62bd54a1e6006c425bc4.sol:98:3: Missing @return tag in function 'mod' [Warning/use-natspec]
/sb/0x0788d90e614d64de700f62bd54a1e6006c425bc4.sol:98:3: Mismatch in @return count for function 'mod'. Expected: 1, Found: 0 [Warning/use-natspec]
/sb/0x0788d90e614d64de700f62bd54a1e6006c425bc4.sol:99:5: Provide an error message for require [Warning/reason-string]
/sb/0x0788d90e614d64de700f62bd54a1e6006c425bc4.sol:106:1: Missing @title tag in contract 'ExternalCall' [Warning/use-natspec]
/sb/0x0788d90e614d64de700f62bd54a1e6006c425bc4.sol:106:1: Missing @author tag in contract 'ExternalCall' [Warning/use-natspec]
/sb/0x0788d90e614d64de700f62bd54a1e6006c425bc4.sol:106:1: Missing @notice tag in contract 'ExternalCall' [Warning/use-natspec]
/sb/0x0788d90e614d64de700f62bd54a1e6006c425bc4.sol:110:5: Missing @notice tag in function 'externalCall' [Warning/use-natspec]
/sb/0x0788d90e614d64de700f62bd54a1e6006c425bc4.sol:110:5: Missing @param tag in function 'externalCall' [Warning/use-natspec]
/sb/0x0788d90e614d64de700f62bd54a1e6006c425bc4.sol:110:5: Mismatch in @param names for function 'externalCall'. Expected: [destination, value, data, dataOffset, dataLength], Found: [] [Warning/use-natspec]
/sb/0x0788d90e614d64de700f62bd54a1e6006c425bc4.sol:110:5: Missing @return tag in function 'externalCall' [Warning/use-natspec]
/sb/0x0788d90e614d64de700f62bd54a1e6006c425bc4.sol:110:5: Mismatch in @return names for function 'externalCall'. Expected: [result], Found: [] [Warning/use-natspec]
/sb/0x0788d90e614d64de700f62bd54a1e6006c425bc4.sol:110:48: Rule is set with explicit type [var/s: uint] [Warning/explicit-types]
/sb/0x0788d90e614d64de700f62bd54a1e6006c425bc4.sol:110:72: Rule is set with explicit type [var/s: uint] [Warning/explicit-types]
/sb/0x0788d90e614d64de700f62bd54a1e6006c425bc4.sol:110:89: Rule is set with explicit type [var/s: uint] [Warning/explicit-types]
/sb/0x0788d90e614d64de700f62bd54a1e6006c425bc4.sol:112:9: Avoid to use inline assembly. It is acceptable only in rare cases [Warning/no-inline-assembly]
/sb/0x0788d90e614d64de700f62bd54a1e6006c425bc4.sol:148:1: Compiler version ^0.4.24 does not satisfy the ^0.8.24 semver requirement [Error/compiler-version]
/sb/0x0788d90e614d64de700f62bd54a1e6006c425bc4.sol:158:1: Missing @notice tag in contract 'ISetToken' [Warning/use-natspec]
/sb/0x0788d90e614d64de700f62bd54a1e6006c425bc4.sol:167:5: Missing @notice tag in function 'issue' [Warning/use-natspec]
/sb/0x0788d90e614d64de700f62bd54a1e6006c425bc4.sol:167:5: Missing @param tag in function 'issue' [Warning/use-natspec]
/sb/0x0788d90e614d64de700f62bd54a1e6006c425bc4.sol:167:5: Mismatch in @param names for function 'issue'. Expected: [amount], Found: [] [Warning/use-natspec]
/sb/0x0788d90e614d64de700f62bd54a1e6006c425bc4.sol:175:5: Missing @notice tag in function 'redeem' [Warning/use-natspec]
/sb/0x0788d90e614d64de700f62bd54a1e6006c425bc4.sol:175:5: Missing @param tag in function 'redeem' [Warning/use-natspec]
/sb/0x0788d90e614d64de700f62bd54a1e6006c425bc4.sol:175:5: Mismatch in @param names for function 'redeem'. Expected: [amount], Found: [] [Warning/use-natspec]
/sb/0x0788d90e614d64de700f62bd54a1e6006c425bc4.sol:183:5: Missing @notice tag in function 'naturalUnit' [Warning/use-natspec]
/sb/0x0788d90e614d64de700f62bd54a1e6006c425bc4.sol:183:5: Missing @return tag in function 'naturalUnit' [Warning/use-natspec]
/sb/0x0788d90e614d64de700f62bd54a1e6006c425bc4.sol:183:5: Mismatch in @return count for function 'naturalUnit'. Expected: 1, Found: 0 [Warning/use-natspec]
/sb/0x0788d90e614d64de700f62bd54a1e6006c425bc4.sol:193:5: Missing @notice tag in function 'getComponents' [Warning/use-natspec]
/sb/0x0788d90e614d64de700f62bd54a1e6006c425bc4.sol:193:5: Missing @return tag in function 'getComponents' [Warning/use-natspec]
/sb/0x0788d90e614d64de700f62bd54a1e6006c425bc4.sol:193:5: Mismatch in @return count for function 'getComponents'. Expected: 1, Found: 0 [Warning/use-natspec]
/sb/0x0788d90e614d64de700f62bd54a1e6006c425bc4.sol:203:5: Missing @notice tag in function 'getUnits' [Warning/use-natspec]
/sb/0x0788d90e614d64de700f62bd54a1e6006c425bc4.sol:203:5: Missing @return tag in function 'getUnits' [Warning/use-natspec]
/sb/0x0788d90e614d64de700f62bd54a1e6006c425bc4.sol:203:5: Mismatch in @return count for function 'getUnits'. Expected: 1, Found: 0 [Warning/use-natspec]
/sb/0x0788d90e614d64de700f62bd54a1e6006c425bc4.sol:214:5: Missing @notice tag in function 'tokenIsComponent' [Warning/use-natspec]
/sb/0x0788d90e614d64de700f62bd54a1e6006c425bc4.sol:214:5: Missing @param tag in function 'tokenIsComponent' [Warning/use-natspec]
/sb/0x0788d90e614d64de700f62bd54a1e6006c425bc4.sol:214:5: Mismatch in @param names for function 'tokenIsComponent'. Expected: [_tokenAddress], Found: [] [Warning/use-natspec]
/sb/0x0788d90e614d64de700f62bd54a1e6006c425bc4.sol:214:5: Missing @return tag in function 'tokenIsComponent' [Warning/use-natspec]
/sb/0x0788d90e614d64de700f62bd54a1e6006c425bc4.sol:214:5: Mismatch in @return count for function 'tokenIsComponent'. Expected: 1, Found: 0 [Warning/use-natspec]
/sb/0x0788d90e614d64de700f62bd54a1e6006c425bc4.sol:228:5: Missing @notice tag in function 'mint' [Warning/use-natspec]
/sb/0x0788d90e614d64de700f62bd54a1e6006c425bc4.sol:228:5: Missing @param tag in function 'mint' [Warning/use-natspec]
/sb/0x0788d90e614d64de700f62bd54a1e6006c425bc4.sol:228:5: Mismatch in @param names for function 'mint'. Expected: [_issuer, _quantity], Found: [] [Warning/use-natspec]
/sb/0x0788d90e614d64de700f62bd54a1e6006c425bc4.sol:241:5: Missing @notice tag in function 'burn' [Warning/use-natspec]
/sb/0x0788d90e614d64de700f62bd54a1e6006c425bc4.sol:241:5: Missing @param tag in function 'burn' [Warning/use-natspec]
/sb/0x0788d90e614d64de700f62bd54a1e6006c425bc4.sol:241:5: Mismatch in @param names for function 'burn'. Expected: [_from, _quantity], Found: [] [Warning/use-natspec]
/sb/0x0788d90e614d64de700f62bd54a1e6006c425bc4.sol:253:5: Missing @notice tag in function 'balanceOf' [Warning/use-natspec]
/sb/0x0788d90e614d64de700f62bd54a1e6006c425bc4.sol:266:5: Missing @notice tag in function 'transfer' [Warning/use-natspec]
/sb/0x0788d90e614d64de700f62bd54a1e6006c425bc4.sol:266:5: Missing @return tag in function 'transfer' [Warning/use-natspec]
/sb/0x0788d90e614d64de700f62bd54a1e6006c425bc4.sol:266:5: Mismatch in @return count for function 'transfer'. Expected: 1, Found: 0 [Warning/use-natspec]
/sb/0x0788d90e614d64de700f62bd54a1e6006c425bc4.sol:280:5: Missing @notice tag in function 'transferFrom' [Warning/use-natspec]
/sb/0x0788d90e614d64de700f62bd54a1e6006c425bc4.sol:280:5: Missing @return tag in function 'transferFrom' [Warning/use-natspec]
/sb/0x0788d90e614d64de700f62bd54a1e6006c425bc4.sol:280:5: Mismatch in @return count for function 'transferFrom'. Expected: 1, Found: 0 [Warning/use-natspec]
/sb/0x0788d90e614d64de700f62bd54a1e6006c425bc4.sol:291:1: Missing @title tag in contract 'IKyberNetworkProxy' [Warning/use-natspec]
/sb/0x0788d90e614d64de700f62bd54a1e6006c425bc4.sol:291:1: Missing @author tag in contract 'IKyberNetworkProxy' [Warning/use-natspec]
/sb/0x0788d90e614d64de700f62bd54a1e6006c425bc4.sol:291:1: Missing @notice tag in contract 'IKyberNetworkProxy' [Warning/use-natspec]
/sb/0x0788d90e614d64de700f62bd54a1e6006c425bc4.sol:292:5: Missing @notice tag in function 'tradeWithHint' [Warning/use-natspec]
/sb/0x0788d90e614d64de700f62bd54a1e6006c425bc4.sol:292:5: Missing @param tag in function 'tradeWithHint' [Warning/use-natspec]
/sb/0x0788d90e614d64de700f62bd54a1e6006c425bc4.sol:292:5: Mismatch in @param names for function 'tradeWithHint'. Expected: [src, srcAmount, dest, destAddress, maxDestAmount, minConversionRate, walletId, hint], Found: [] [Warning/use-natspec]
/sb/0x0788d90e614d64de700f62bd54a1e6006c425bc4.sol:292:5: Missing @return tag in function 'tradeWithHint' [Warning/use-natspec]
/sb/0x0788d90e614d64de700f62bd54a1e6006c425bc4.sol:292:5: Mismatch in @return count for function 'tradeWithHint'. Expected: 1, Found: 0 [Warning/use-natspec]
/sb/0x0788d90e614d64de700f62bd54a1e6006c425bc4.sol:304:17: Rule is set with explicit type [var/s: uint] [Warning/explicit-types]
/sb/0x0788d90e614d64de700f62bd54a1e6006c425bc4.sol:306:5: Missing @notice tag in function 'getExpectedRate' [Warning/use-natspec]
/sb/0x0788d90e614d64de700f62bd54a1e6006c425bc4.sol:306:5: Missing @param tag in function 'getExpectedRate' [Warning/use-natspec]
/sb/0x0788d90e614d64de700f62bd54a1e6006c425bc4.sol:306:5: Mismatch in @param names for function 'getExpectedRate'. Expected: [source, dest, srcQty], Found: [] [Warning/use-natspec]
/sb/0x0788d90e614d64de700f62bd54a1e6006c425bc4.sol:306:5: Missing @return tag in function 'getExpectedRate' [Warning/use-natspec]
/sb/0x0788d90e614d64de700f62bd54a1e6006c425bc4.sol:306:5: Mismatch in @return names for function 'getExpectedRate'. Expected: [expectedPrice, slippagePrice], Found: [] [Warning/use-natspec]
/sb/0x0788d90e614d64de700f62bd54a1e6006c425bc4.sol:309:9: Rule is set with explicit type [var/s: uint] [Warning/explicit-types]
/sb/0x0788d90e614d64de700f62bd54a1e6006c425bc4.sol:314:13: Rule is set with explicit type [var/s: uint] [Warning/explicit-types]
/sb/0x0788d90e614d64de700f62bd54a1e6006c425bc4.sol:315:13: Rule is set with explicit type [var/s: uint] [Warning/explicit-types]
/sb/0x0788d90e614d64de700f62bd54a1e6006c425bc4.sol:320:1: Missing @title tag in contract 'SetBuyer' [Warning/use-natspec]
/sb/0x0788d90e614d64de700f62bd54a1e6006c425bc4.sol:320:1: Missing @author tag in contract 'SetBuyer' [Warning/use-natspec]
/sb/0x0788d90e614d64de700f62bd54a1e6006c425bc4.sol:320:1: Missing @notice tag in contract 'SetBuyer' [Warning/use-natspec]
/sb/0x0788d90e614d64de700f62bd54a1e6006c425bc4.sol:324:5: Missing @notice tag in variable 'ETHER_ADDRESS' [Warning/use-natspec]
/sb/0x0788d90e614d64de700f62bd54a1e6006c425bc4.sol:326:5: Function body contains 53 lines but allowed no more than 50 lines [Warning/function-max-lines]
/sb/0x0788d90e614d64de700f62bd54a1e6006c425bc4.sol:326:5: Missing @notice tag in function 'buy' [Warning/use-natspec]
/sb/0x0788d90e614d64de700f62bd54a1e6006c425bc4.sol:326:5: Missing @param tag in function 'buy' [Warning/use-natspec]
/sb/0x0788d90e614d64de700f62bd54a1e6006c425bc4.sol:326:5: Mismatch in @param names for function 'buy'. Expected: [set, kyber], Found: [] [Warning/use-natspec]
/sb/0x0788d90e614d64de700f62bd54a1e6006c425bc4.sol:338:14: Rule is set with explicit type [var/s: uint] [Warning/explicit-types]
/sb/0x0788d90e614d64de700f62bd54a1e6006c425bc4.sol:338:49: GC: For [ i ] variable, increment/decrement by 1 using: [ ++variable ] to save gas [Warning/gas-increment-by-one]
/sb/0x0788d90e614d64de700f62bd54a1e6006c425bc4.sol:344:44: GC: For [ i ] variable, increment/decrement by 1 using: [ ++variable ] to save gas [Warning/gas-increment-by-one]
/sb/0x0788d90e614d64de700f62bd54a1e6006c425bc4.sol:374:44: GC: For [ i ] variable, increment/decrement by 1 using: [ ++variable ] to save gas [Warning/gas-increment-by-one]
/sb/0x0788d90e614d64de700f62bd54a1e6006c425bc4.sol:382:5: Missing @notice tag in function '<anonymous>' [Warning/use-natspec]
/sb/0x0788d90e614d64de700f62bd54a1e6006c425bc4.sol:383:9: Provide an error message for require [Warning/reason-string]
/sb/0x0788d90e614d64de700f62bd54a1e6006c425bc4.sol:383:17: Avoid to use tx.origin [Warning/avoid-tx-origin]
/sb/0x0788d90e614d64de700f62bd54a1e6006c425bc4.sol:386:5: Missing @notice tag in function 'sell' [Warning/use-natspec]
/sb/0x0788d90e614d64de700f62bd54a1e6006c425bc4.sol:386:5: Missing @param tag in function 'sell' [Warning/use-natspec]
/sb/0x0788d90e614d64de700f62bd54a1e6006c425bc4.sol:386:5: Mismatch in @param names for function 'sell'. Expected: [set, amountArg, kyber], Found: [] [Warning/use-natspec]
/sb/0x0788d90e614d64de700f62bd54a1e6006c425bc4.sol:401:14: Rule is set with explicit type [var/s: uint] [Warning/explicit-types]
/sb/0x0788d90e614d64de700f62bd54a1e6006c425bc4.sol:401:49: GC: For [ i ] variable, increment/decrement by 1 using: [ ++variable ] to save gas [Warning/gas-increment-by-one]

158 problem/s (2 error/s, 156 warning/s)
