'solc --version' running
'solc /sb/0x62087245087125d3db5b9a3d713d78e7bbc31e54.sol --combined-json abi,ast,bin,bin-runtime,srcmap,srcmap-runtime,userdoc,devdoc,hashes,compact-format --allow-paths .,/sb' running
Compilation warnings/errors on /sb/0x62087245087125d3db5b9a3d713d78e7bbc31e54.sol:
/sb/0x62087245087125d3db5b9a3d713d78e7bbc31e54.sol:104:9: Warning: Use of the "var" keyword is deprecated.
        var _allowance = allowed[_from][msg.sender];
        ^------------^
/sb/0x62087245087125d3db5b9a3d713d78e7bbc31e54.sol:157:5: Warning: Defining constructors as functions with the same name as the contract is deprecated. Use "constructor(...) { ... }" instead.
    function WorldPeaceCoin(address _owner) public {
    ^ (Relevant source part starts here and spans across multiple lines).
/sb/0x62087245087125d3db5b9a3d713d78e7bbc31e54.sol:68:9: Warning: Invoking events without "emit" prefix is deprecated.
        Transfer(msg.sender, _to, _value);
        ^-------------------------------^
/sb/0x62087245087125d3db5b9a3d713d78e7bbc31e54.sol:112:9: Warning: Invoking events without "emit" prefix is deprecated.
        Transfer(_from, _to, _value);
        ^--------------------------^
/sb/0x62087245087125d3db5b9a3d713d78e7bbc31e54.sol:130:9: Warning: Invoking events without "emit" prefix is deprecated.
        Approval(msg.sender, _spender, _value);
        ^------------------------------------^


WorldPeaceCoin.WorldPeaceCoin(address)._owner (../sb/0x62087245087125d3db5b9a3d713d78e7bbc31e54.sol#157) lacks a zero-check on :
		- owner = _owner (../sb/0x62087245087125d3db5b9a3d713d78e7bbc31e54.sol#158)
Reference: https://github.com/crytic/slither/wiki/Detector-Documentation#missing-zero-address-validation

Version constraint ^0.4.18 contains known severe issues (https://solidity.readthedocs.io/en/latest/bugs.html)
	- DirtyBytesArrayToStorage
	- ABIDecodeTwoDimensionalArrayMemory
	- KeccakCaching
	- EmptyByteArrayCopy
	- DynamicArrayCleanup
	- ImplicitConstructorCallvalueCheck
	- TupleAssignmentMultiStackSlotComponents
	- MemoryArrayCreationOverflow
	- privateCanBeOverridden
	- SignedArrayStorageCopy
	- ABIEncoderV2StorageArrayWithMultiSlotElement
	- DynamicConstructorArgumentsClippedABIV2
	- UninitializedFunctionPointerInConstructor_0.4.x
	- IncorrectEventSignatureInLibraries_0.4.x
	- ExpExponentCleanup
	- EventStructWrongData
	- NestedArrayFunctionCallDecoder.
It is used by:
	- ^0.4.18 (../sb/0x62087245087125d3db5b9a3d713d78e7bbc31e54.sol#1)
solc-0.4.26 is an outdated solc version. Use a more recent version (at least 0.8.0), if possible.
Reference: https://github.com/crytic/slither/wiki/Detector-Documentation#incorrect-versions-of-solidity

Parameter BasicToken.transfer(address,uint256)._to (../sb/0x62087245087125d3db5b9a3d713d78e7bbc31e54.sol#63) is not in mixedCase
Parameter BasicToken.transfer(address,uint256)._value (../sb/0x62087245087125d3db5b9a3d713d78e7bbc31e54.sol#63) is not in mixedCase
Parameter BasicToken.balanceOf(address)._owner (../sb/0x62087245087125d3db5b9a3d713d78e7bbc31e54.sol#77) is not in mixedCase
Parameter StandardToken.transferFrom(address,address,uint256)._from (../sb/0x62087245087125d3db5b9a3d713d78e7bbc31e54.sol#100) is not in mixedCase
Parameter StandardToken.transferFrom(address,address,uint256)._to (../sb/0x62087245087125d3db5b9a3d713d78e7bbc31e54.sol#100) is not in mixedCase
Parameter StandardToken.transferFrom(address,address,uint256)._value (../sb/0x62087245087125d3db5b9a3d713d78e7bbc31e54.sol#100) is not in mixedCase
Parameter StandardToken.approve(address,uint256)._spender (../sb/0x62087245087125d3db5b9a3d713d78e7bbc31e54.sol#121) is not in mixedCase
Parameter StandardToken.approve(address,uint256)._value (../sb/0x62087245087125d3db5b9a3d713d78e7bbc31e54.sol#121) is not in mixedCase
Parameter StandardToken.allowance(address,address)._owner (../sb/0x62087245087125d3db5b9a3d713d78e7bbc31e54.sol#140) is not in mixedCase
Parameter StandardToken.allowance(address,address)._spender (../sb/0x62087245087125d3db5b9a3d713d78e7bbc31e54.sol#140) is not in mixedCase
Parameter WorldPeaceCoin.changeName(string)._name (../sb/0x62087245087125d3db5b9a3d713d78e7bbc31e54.sol#163) is not in mixedCase
Parameter WorldPeaceCoin.changeSymbol(string)._symbol (../sb/0x62087245087125d3db5b9a3d713d78e7bbc31e54.sol#168) is not in mixedCase
Parameter WorldPeaceCoin.changeNameAndSymbol(string,string)._name (../sb/0x62087245087125d3db5b9a3d713d78e7bbc31e54.sol#173) is not in mixedCase
Parameter WorldPeaceCoin.changeNameAndSymbol(string,string)._symbol (../sb/0x62087245087125d3db5b9a3d713d78e7bbc31e54.sol#173) is not in mixedCase
Variable WorldPeaceCoin.INITIAL_SUPPLY (../sb/0x62087245087125d3db5b9a3d713d78e7bbc31e54.sol#155) is not in mixedCase
Reference: https://github.com/crytic/slither/wiki/Detector-Documentation#conformance-to-solidity-naming-conventions

WorldPeaceCoin.slitherConstructorVariables() (../sb/0x62087245087125d3db5b9a3d713d78e7bbc31e54.sol#149-180) uses literals with too many digits:
	- INITIAL_SUPPLY = 2500000000 * 10 ** 18 (../sb/0x62087245087125d3db5b9a3d713d78e7bbc31e54.sol#155)
Reference: https://github.com/crytic/slither/wiki/Detector-Documentation#too-many-digits

WorldPeaceCoin.INITIAL_SUPPLY (../sb/0x62087245087125d3db5b9a3d713d78e7bbc31e54.sol#155) should be constant 
WorldPeaceCoin.decimals (../sb/0x62087245087125d3db5b9a3d713d78e7bbc31e54.sol#154) should be constant 
Reference: https://github.com/crytic/slither/wiki/Detector-Documentation#state-variables-that-could-be-declared-constant

changeName(string) should be declared external:
	- WorldPeaceCoin.changeName(string) (../sb/0x62087245087125d3db5b9a3d713d78e7bbc31e54.sol#163-166)
changeSymbol(string) should be declared external:
	- WorldPeaceCoin.changeSymbol(string) (../sb/0x62087245087125d3db5b9a3d713d78e7bbc31e54.sol#168-171)
changeNameAndSymbol(string,string) should be declared external:
	- WorldPeaceCoin.changeNameAndSymbol(string,string) (../sb/0x62087245087125d3db5b9a3d713d78e7bbc31e54.sol#173-178)
Reference: https://github.com/crytic/slither/wiki/Detector-Documentation#public-function-that-could-be-declared-external
/sb/0x62087245087125d3db5b9a3d713d78e7bbc31e54.sol analyzed (5 contracts with 100 detectors), 24 result(s) found
