A new version of Solhint is available: 6.0.1
Please consider updating your Solhint package.
/sb/0x25690aa07c4b1de261523380897f374d90a19f02.sol:1:1: Compiler version ^0.4.0 does not satisfy the ^0.8.24 semver requirement [Error/compiler-version]
/sb/0x25690aa07c4b1de261523380897f374d90a19f02.sol:3:1: Missing @title tag in contract 'GBank' [Warning/use-natspec]
/sb/0x25690aa07c4b1de261523380897f374d90a19f02.sol:3:1: Missing @author tag in contract 'GBank' [Warning/use-natspec]
/sb/0x25690aa07c4b1de261523380897f374d90a19f02.sol:3:1: Missing @notice tag in contract 'GBank' [Warning/use-natspec]
/sb/0x25690aa07c4b1de261523380897f374d90a19f02.sol:5:5: Explicitly mark visibility of state [Warning/state-visibility]
/sb/0x25690aa07c4b1de261523380897f374d90a19f02.sol:7:5: Explicitly mark visibility of state [Warning/state-visibility]
/sb/0x25690aa07c4b1de261523380897f374d90a19f02.sol:7:5: Rule is set with explicit type [var/s: uint] [Warning/explicit-types]
/sb/0x25690aa07c4b1de261523380897f374d90a19f02.sol:9:5: Missing @notice tag in function 'GBank' [Warning/use-natspec]
/sb/0x25690aa07c4b1de261523380897f374d90a19f02.sol:9:5: Missing @param tag in function 'GBank' [Warning/use-natspec]
/sb/0x25690aa07c4b1de261523380897f374d90a19f02.sol:9:5: Mismatch in @param names for function 'GBank'. Expected: [startAmount], Found: [] [Warning/use-natspec]
/sb/0x25690aa07c4b1de261523380897f374d90a19f02.sol:9:5: Explicitly mark visibility in function (Set ignoreConstructors to true if using solidity >=0.7.0) [Warning/func-visibility]
/sb/0x25690aa07c4b1de261523380897f374d90a19f02.sol:9:20: Rule is set with explicit type [var/s: uint] [Warning/explicit-types]
/sb/0x25690aa07c4b1de261523380897f374d90a19f02.sol:14:5: Missing @notice tag in function 'getBalance' [Warning/use-natspec]
/sb/0x25690aa07c4b1de261523380897f374d90a19f02.sol:14:5: Missing @param tag in function 'getBalance' [Warning/use-natspec]
/sb/0x25690aa07c4b1de261523380897f374d90a19f02.sol:14:5: Mismatch in @param names for function 'getBalance'. Expected: [a], Found: [] [Warning/use-natspec]
/sb/0x25690aa07c4b1de261523380897f374d90a19f02.sol:14:5: Missing @return tag in function 'getBalance' [Warning/use-natspec]
/sb/0x25690aa07c4b1de261523380897f374d90a19f02.sol:14:5: Mismatch in @return count for function 'getBalance'. Expected: 1, Found: 0 [Warning/use-natspec]
/sb/0x25690aa07c4b1de261523380897f374d90a19f02.sol:14:5: Explicitly mark visibility in function [Warning/func-visibility]
/sb/0x25690aa07c4b1de261523380897f374d90a19f02.sol:14:54: Rule is set with explicit type [var/s: uint] [Warning/explicit-types]
/sb/0x25690aa07c4b1de261523380897f374d90a19f02.sol:18:5: Missing @notice tag in function 'transfer' [Warning/use-natspec]
/sb/0x25690aa07c4b1de261523380897f374d90a19f02.sol:18:5: Missing @param tag in function 'transfer' [Warning/use-natspec]
/sb/0x25690aa07c4b1de261523380897f374d90a19f02.sol:18:5: Mismatch in @param names for function 'transfer'. Expected: [to, amount], Found: [] [Warning/use-natspec]
/sb/0x25690aa07c4b1de261523380897f374d90a19f02.sol:18:5: Explicitly mark visibility in function [Warning/func-visibility]
/sb/0x25690aa07c4b1de261523380897f374d90a19f02.sol:18:35: Rule is set with explicit type [var/s: uint] [Warning/explicit-types]
/sb/0x25690aa07c4b1de261523380897f374d90a19f02.sol:22:13: "throw" is deprecated, avoid to use it [Warning/avoid-throw]
/sb/0x25690aa07c4b1de261523380897f374d90a19f02.sol:27:13: "throw" is deprecated, avoid to use it [Warning/avoid-throw]

26 problem/s (1 error/s, 25 warning/s)
