Extract contract GameOfThrones from /sb/0x7996d791995B9f9C15EB4C3e899B09a344c54Bdb.sol
Extracted 1 contract(s) from /sb/0x7996d791995B9f9C15EB4C3e899B09a344c54Bdb.sol
[0;32m> Created "fuzzMe"[0m
[0;32m> To fuzz contracts:[0m
  chmod +x fuzzMe
  ./fuzzMe
contracts/GameOfThrones.sol:34:5: Warning: Defining constructors as functions with the same name as the contract is deprecated. Use "constructor(...) { ... }" instead.
    function GameOfThrones() {
    ^ (Relevant source part starts here and spans across multiple lines).
contracts/GameOfThrones.sol:151:13: Warning: "throw" is deprecated in favour of "revert()", "require()" and "assert()".
            throw;
            ^---^
contracts/GameOfThrones.sol:173:17: Warning: "throw" is deprecated in favour of "revert()", "require()" and "assert()".
                throw;
                ^---^
contracts/GameOfThrones.sol:133:22: Warning: This declaration shadows an existing declaration.
    function newKing(address newKing) {
                     ^-------------^
contracts/GameOfThrones.sol:133:5: The shadowed declaration is here:
    function newKing(address newKing) {
    ^ (Relevant source part starts here and spans across multiple lines).

contracts/GameOfThrones.sol:51:13: Warning: Failure condition of 'send' ignored. Consider using 'transfer' instead.
            msg.sender.send(msg.value);
            ^------------------------^
contracts/GameOfThrones.sol:56:13: Warning: Failure condition of 'send' ignored. Consider using 'transfer' instead.
            msg.sender.send(msg.value - 100 ether);
            ^------------------------------------^
contracts/GameOfThrones.sol:66:17: Warning: Failure condition of 'send' ignored. Consider using 'transfer' instead.
                citizensAddresses[citizensAddresses.length - 1].send(piggyBank * 95 / 100);
                ^------------------------------------------------------------------------^
contracts/GameOfThrones.sol:69:17: Warning: Failure condition of 'send' ignored. Consider using 'transfer' instead.
                citizensAddresses[citizensAddresses.length - 1].send(piggyBank * 60 / 100);
                ^------------------------------------------------------------------------^
contracts/GameOfThrones.sol:70:17: Warning: Failure condition of 'send' ignored. Consider using 'transfer' instead.
                citizensAddresses[citizensAddresses.length - 2].send(piggyBank * 35 / 100);
                ^------------------------------------------------------------------------^
contracts/GameOfThrones.sol:73:17: Warning: Failure condition of 'send' ignored. Consider using 'transfer' instead.
                citizensAddresses[citizensAddresses.length - 1].send(piggyBank * 50 / 100);
                ^------------------------------------------------------------------------^
contracts/GameOfThrones.sol:74:17: Warning: Failure condition of 'send' ignored. Consider using 'transfer' instead.
                citizensAddresses[citizensAddresses.length - 2].send(piggyBank * 30 / 100);
                ^------------------------------------------------------------------------^
contracts/GameOfThrones.sol:75:17: Warning: Failure condition of 'send' ignored. Consider using 'transfer' instead.
                citizensAddresses[citizensAddresses.length - 3].send(piggyBank * 15 / 100);
                ^------------------------------------------------------------------------^
contracts/GameOfThrones.sol:104:17: Warning: Failure condition of 'send' ignored. Consider using 'transfer' instead.
                citizensAddresses[lastCitizenPaid].send(citizensAmounts[lastCitizenPaid]);
                ^-----------------------------------------------------------------------^
contracts/GameOfThrones.sol:144:13: Warning: Failure condition of 'send' ignored. Consider using 'transfer' instead.
            jester.send(jesterBank);
            ^---------------------^
contracts/GameOfThrones.sol:148:13: Warning: Failure condition of 'send' ignored. Consider using 'transfer' instead.
            msg.sender.send(msg.value - amount);
            ^---------------------------------^
contracts/GameOfThrones.sol:164:17: Warning: Failure condition of 'send' ignored. Consider using 'transfer' instead.
                madKing.send(kingBank);
                ^--------------------^
contracts/GameOfThrones.sol:181:13: Warning: Failure condition of 'send' ignored. Consider using 'transfer' instead.
            trueGods.send(godBank);
            ^--------------------^
contracts/GameOfThrones.sol:187:11: Warning: Failure condition of 'send' ignored. Consider using 'transfer' instead.
          trueGods.send(godBank);
          ^--------------------^
contracts/GameOfThrones.sol:194:11: Warning: Failure condition of 'send' ignored. Consider using 'transfer' instead.
          madKing.send(kingBank);
          ^--------------------^
contracts/GameOfThrones.sol:201:11: Warning: Failure condition of 'send' ignored. Consider using 'transfer' instead.
          jester.send(jesterBank);
          ^---------------------^
contracts/GameOfThrones.sol:34:5: Warning: No visibility specified. Defaulting to "public". 
    function GameOfThrones() {
    ^ (Relevant source part starts here and spans across multiple lines).
contracts/GameOfThrones.sol:47:5: Warning: No visibility specified. Defaulting to "public". 
    function repairTheCastle() returns(bool) {
    ^ (Relevant source part starts here and spans across multiple lines).
contracts/GameOfThrones.sol:48:23: Warning: "msg.value" used in non-payable function. Do you want to add the "payable" modifier to this function?
        uint amount = msg.value;
                      ^-------^
contracts/GameOfThrones.sol:51:29: Warning: "msg.value" used in non-payable function. Do you want to add the "payable" modifier to this function?
            msg.sender.send(msg.value);
                            ^-------^
contracts/GameOfThrones.sol:56:29: Warning: "msg.value" used in non-payable function. Do you want to add the "payable" modifier to this function?
            msg.sender.send(msg.value - 100 ether);
                            ^-------^
contracts/GameOfThrones.sol:112:5: Warning: No visibility specified. Defaulting to "public". 
    function() {
    ^ (Relevant source part starts here and spans across multiple lines).
contracts/GameOfThrones.sol:133:5: Warning: No visibility specified. Defaulting to "public". 
    function newKing(address newKing) {
    ^ (Relevant source part starts here and spans across multiple lines).
contracts/GameOfThrones.sol:140:5: Warning: No visibility specified. Defaulting to "public". 
    function bribery() {
    ^ (Relevant source part starts here and spans across multiple lines).
contracts/GameOfThrones.sol:142:13: Warning: "msg.value" used in non-payable function. Do you want to add the "payable" modifier to this function?
        if (msg.value >= amount) {
            ^-------^
contracts/GameOfThrones.sol:148:29: Warning: "msg.value" used in non-payable function. Do you want to add the "payable" modifier to this function?
            msg.sender.send(msg.value - amount);
                            ^-------^
contracts/GameOfThrones.sol:156:5: Warning: No visibility specified. Defaulting to "public". 
    function usurpation() {
    ^ (Relevant source part starts here and spans across multiple lines).
contracts/GameOfThrones.sol:159:31: Warning: "msg.value" used in non-payable function. Do you want to add the "payable" modifier to this function?
            investInTheSystem(msg.value);
                              ^-------^
contracts/GameOfThrones.sol:160:25: Warning: "msg.value" used in non-payable function. Do you want to add the "payable" modifier to this function?
            kingCost += msg.value;
                        ^-------^
contracts/GameOfThrones.sol:162:63: Warning: "msg.value" used in non-payable function. Do you want to add the "payable" modifier to this function?
            if (onThrone + PEACE_PERIOD <= block.timestamp && msg.value >= kingCost * 110 / 100) {
                                                              ^-------^
contracts/GameOfThrones.sol:166:28: Warning: "msg.value" used in non-payable function. Do you want to add the "payable" modifier to this function?
                godBank += msg.value * 5 / 100;
                           ^-------^
contracts/GameOfThrones.sol:167:35: Warning: "msg.value" used in non-payable function. Do you want to add the "payable" modifier to this function?
                investInTheSystem(msg.value);
                                  ^-------^
contracts/GameOfThrones.sol:169:28: Warning: "msg.value" used in non-payable function. Do you want to add the "payable" modifier to this function?
                kingCost = msg.value;
                           ^-------^
contracts/GameOfThrones.sol:179:5: Warning: No visibility specified. Defaulting to "public". 
    function collectFee() {
    ^ (Relevant source part starts here and spans across multiple lines).
assets/NormalAttacker.sol:5:3: Warning: No visibility specified. Defaulting to "public". 
  function() payable {
  ^ (Relevant source part starts here and spans across multiple lines).
assets/ReentrancyAttacker.sol:8:7: Warning: Return value of low-level calls not used.
      msg.sender.call(bytes4(255));
      ^--------------------------^
assets/ReentrancyAttacker.sol:5:3: Warning: No visibility specified. Defaulting to "public". 
  function() payable {
  ^ (Relevant source part starts here and spans across multiple lines).
>> Fuzz GameOfThrones
** Write stats: 0.00712
** Write stats: 5.00021
** Write stats: 10.0006
** Write stats: 15.0009
** Write stats: 20.0007
** Write stats: 25.0008
** Write stats: 30.0007
** Write stats: 35.0003
** Write stats: 40.0001
** Write stats: 45.0008
** Write stats: 50.0083
** Write stats: 55.0003
** Write stats: 60.0009
** Write stats: 65.0007
** Write stats: 70.0176
** Write stats: 75.0006
** Write stats: 80.0002
** Write stats: 85.0012
** Write stats: 90.0133
** Write stats: 95.0009
** Write stats: 100.001
** Write stats: 105.019
** Write stats: 110.001
** Write stats: 115.001
** Write stats: 120.001
** Write stats: 120.014
