A new version of Solhint is available: 6.0.1
Please consider updating your Solhint package.
/sb/0x00a4d8e91d92595972ea5810537d87eb664f5bcd.sol:21:1: Found more than One contract per file. 8 contracts found! [Warning/one-contract-per-file]
/sb/0x00a4d8e91d92595972ea5810537d87eb664f5bcd.sol:21:1: Compiler version ^0.8.4 does not satisfy the ^0.8.24 semver requirement [Error/compiler-version]
/sb/0x00a4d8e91d92595972ea5810537d87eb664f5bcd.sol:31:1: Missing @title tag in contract 'IERC721A' [Warning/use-natspec]
/sb/0x00a4d8e91d92595972ea5810537d87eb664f5bcd.sol:31:1: Missing @author tag in contract 'IERC721A' [Warning/use-natspec]
/sb/0x00a4d8e91d92595972ea5810537d87eb664f5bcd.sol:31:1: Missing @notice tag in contract 'IERC721A' [Warning/use-natspec]
/sb/0x00a4d8e91d92595972ea5810537d87eb664f5bcd.sol:191:5: Missing @notice tag in function 'totalSupply' [Warning/use-natspec]
/sb/0x00a4d8e91d92595972ea5810537d87eb664f5bcd.sol:191:5: Missing @return tag in function 'totalSupply' [Warning/use-natspec]
/sb/0x00a4d8e91d92595972ea5810537d87eb664f5bcd.sol:191:5: Mismatch in @return count for function 'totalSupply'. Expected: 1, Found: 0 [Warning/use-natspec]
/sb/0x00a4d8e91d92595972ea5810537d87eb664f5bcd.sol:219:5: Missing @notice tag in function 'supportsInterface' [Warning/use-natspec]
/sb/0x00a4d8e91d92595972ea5810537d87eb664f5bcd.sol:219:5: Missing @param tag in function 'supportsInterface' [Warning/use-natspec]
/sb/0x00a4d8e91d92595972ea5810537d87eb664f5bcd.sol:219:5: Mismatch in @param names for function 'supportsInterface'. Expected: [interfaceId], Found: [] [Warning/use-natspec]
/sb/0x00a4d8e91d92595972ea5810537d87eb664f5bcd.sol:219:5: Missing @return tag in function 'supportsInterface' [Warning/use-natspec]
/sb/0x00a4d8e91d92595972ea5810537d87eb664f5bcd.sol:219:5: Mismatch in @return count for function 'supportsInterface'. Expected: 1, Found: 0 [Warning/use-natspec]
/sb/0x00a4d8e91d92595972ea5810537d87eb664f5bcd.sol:237:5: Missing @notice tag in event 'Transfer' [Warning/use-natspec]
/sb/0x00a4d8e91d92595972ea5810537d87eb664f5bcd.sol:237:5: Missing @param tag in event 'Transfer' [Warning/use-natspec]
/sb/0x00a4d8e91d92595972ea5810537d87eb664f5bcd.sol:237:5: Mismatch in @param names for event 'Transfer'. Expected: [from, to, tokenId], Found: [] [Warning/use-natspec]
/sb/0x00a4d8e91d92595972ea5810537d87eb664f5bcd.sol:247:5: Missing @notice tag in event 'Approval' [Warning/use-natspec]
/sb/0x00a4d8e91d92595972ea5810537d87eb664f5bcd.sol:247:5: Missing @param tag in event 'Approval' [Warning/use-natspec]
/sb/0x00a4d8e91d92595972ea5810537d87eb664f5bcd.sol:247:5: Mismatch in @param names for event 'Approval'. Expected: [owner, approved, tokenId], Found: [] [Warning/use-natspec]
/sb/0x00a4d8e91d92595972ea5810537d87eb664f5bcd.sol:257:5: Missing @notice tag in event 'ApprovalForAll' [Warning/use-natspec]
/sb/0x00a4d8e91d92595972ea5810537d87eb664f5bcd.sol:257:5: Missing @param tag in event 'ApprovalForAll' [Warning/use-natspec]
/sb/0x00a4d8e91d92595972ea5810537d87eb664f5bcd.sol:257:5: Mismatch in @param names for event 'ApprovalForAll'. Expected: [owner, operator, approved], Found: [] [Warning/use-natspec]
/sb/0x00a4d8e91d92595972ea5810537d87eb664f5bcd.sol:257:5: GC: [approved] on Event [ApprovalForAll] could be Indexed [Warning/gas-indexed-events]
/sb/0x00a4d8e91d92595972ea5810537d87eb664f5bcd.sol:267:5: Missing @notice tag in function 'balanceOf' [Warning/use-natspec]
/sb/0x00a4d8e91d92595972ea5810537d87eb664f5bcd.sol:267:5: Missing @param tag in function 'balanceOf' [Warning/use-natspec]
/sb/0x00a4d8e91d92595972ea5810537d87eb664f5bcd.sol:267:5: Mismatch in @param names for function 'balanceOf'. Expected: [owner], Found: [] [Warning/use-natspec]
/sb/0x00a4d8e91d92595972ea5810537d87eb664f5bcd.sol:267:5: Missing @return tag in function 'balanceOf' [Warning/use-natspec]
/sb/0x00a4d8e91d92595972ea5810537d87eb664f5bcd.sol:267:5: Mismatch in @return names for function 'balanceOf'. Expected: [balance], Found: [] [Warning/use-natspec]
/sb/0x00a4d8e91d92595972ea5810537d87eb664f5bcd.sol:285:5: Missing @notice tag in function 'ownerOf' [Warning/use-natspec]
/sb/0x00a4d8e91d92595972ea5810537d87eb664f5bcd.sol:285:5: Missing @param tag in function 'ownerOf' [Warning/use-natspec]
/sb/0x00a4d8e91d92595972ea5810537d87eb664f5bcd.sol:285:5: Mismatch in @param names for function 'ownerOf'. Expected: [tokenId], Found: [] [Warning/use-natspec]
/sb/0x00a4d8e91d92595972ea5810537d87eb664f5bcd.sol:285:5: Missing @return tag in function 'ownerOf' [Warning/use-natspec]
/sb/0x00a4d8e91d92595972ea5810537d87eb664f5bcd.sol:285:5: Mismatch in @return names for function 'ownerOf'. Expected: [owner], Found: [] [Warning/use-natspec]
/sb/0x00a4d8e91d92595972ea5810537d87eb664f5bcd.sol:315:5: Missing @notice tag in function 'safeTransferFrom' [Warning/use-natspec]
/sb/0x00a4d8e91d92595972ea5810537d87eb664f5bcd.sol:315:5: Missing @param tag in function 'safeTransferFrom' [Warning/use-natspec]
/sb/0x00a4d8e91d92595972ea5810537d87eb664f5bcd.sol:315:5: Mismatch in @param names for function 'safeTransferFrom'. Expected: [from, to, tokenId, data], Found: [] [Warning/use-natspec]
/sb/0x00a4d8e91d92595972ea5810537d87eb664f5bcd.sol:357:5: Missing @notice tag in function 'safeTransferFrom' [Warning/use-natspec]
/sb/0x00a4d8e91d92595972ea5810537d87eb664f5bcd.sol:357:5: Missing @param tag in function 'safeTransferFrom' [Warning/use-natspec]
/sb/0x00a4d8e91d92595972ea5810537d87eb664f5bcd.sol:357:5: Mismatch in @param names for function 'safeTransferFrom'. Expected: [from, to, tokenId], Found: [] [Warning/use-natspec]
/sb/0x00a4d8e91d92595972ea5810537d87eb664f5bcd.sol:397:5: Missing @notice tag in function 'transferFrom' [Warning/use-natspec]
/sb/0x00a4d8e91d92595972ea5810537d87eb664f5bcd.sol:397:5: Missing @param tag in function 'transferFrom' [Warning/use-natspec]
/sb/0x00a4d8e91d92595972ea5810537d87eb664f5bcd.sol:397:5: Mismatch in @param names for function 'transferFrom'. Expected: [from, to, tokenId], Found: [] [Warning/use-natspec]
/sb/0x00a4d8e91d92595972ea5810537d87eb664f5bcd.sol:435:5: Missing @notice tag in function 'approve' [Warning/use-natspec]
/sb/0x00a4d8e91d92595972ea5810537d87eb664f5bcd.sol:435:5: Missing @param tag in function 'approve' [Warning/use-natspec]
/sb/0x00a4d8e91d92595972ea5810537d87eb664f5bcd.sol:435:5: Mismatch in @param names for function 'approve'. Expected: [to, tokenId], Found: [] [Warning/use-natspec]
/sb/0x00a4d8e91d92595972ea5810537d87eb664f5bcd.sol:459:5: Missing @notice tag in function 'setApprovalForAll' [Warning/use-natspec]
/sb/0x00a4d8e91d92595972ea5810537d87eb664f5bcd.sol:459:5: Missing @param tag in function 'setApprovalForAll' [Warning/use-natspec]
/sb/0x00a4d8e91d92595972ea5810537d87eb664f5bcd.sol:459:5: Mismatch in @param names for function 'setApprovalForAll'. Expected: [operator, _approved], Found: [] [Warning/use-natspec]
/sb/0x00a4d8e91d92595972ea5810537d87eb664f5bcd.sol:477:5: Missing @notice tag in function 'getApproved' [Warning/use-natspec]
/sb/0x00a4d8e91d92595972ea5810537d87eb664f5bcd.sol:477:5: Missing @param tag in function 'getApproved' [Warning/use-natspec]
/sb/0x00a4d8e91d92595972ea5810537d87eb664f5bcd.sol:477:5: Mismatch in @param names for function 'getApproved'. Expected: [tokenId], Found: [] [Warning/use-natspec]
/sb/0x00a4d8e91d92595972ea5810537d87eb664f5bcd.sol:477:5: Missing @return tag in function 'getApproved' [Warning/use-natspec]
/sb/0x00a4d8e91d92595972ea5810537d87eb664f5bcd.sol:477:5: Mismatch in @return names for function 'getApproved'. Expected: [operator], Found: [] [Warning/use-natspec]
/sb/0x00a4d8e91d92595972ea5810537d87eb664f5bcd.sol:491:5: Missing @notice tag in function 'isApprovedForAll' [Warning/use-natspec]
/sb/0x00a4d8e91d92595972ea5810537d87eb664f5bcd.sol:491:5: Missing @param tag in function 'isApprovedForAll' [Warning/use-natspec]
/sb/0x00a4d8e91d92595972ea5810537d87eb664f5bcd.sol:491:5: Mismatch in @param names for function 'isApprovedForAll'. Expected: [owner, operator], Found: [] [Warning/use-natspec]
/sb/0x00a4d8e91d92595972ea5810537d87eb664f5bcd.sol:491:5: Missing @return tag in function 'isApprovedForAll' [Warning/use-natspec]
/sb/0x00a4d8e91d92595972ea5810537d87eb664f5bcd.sol:491:5: Mismatch in @return count for function 'isApprovedForAll'. Expected: 1, Found: 0 [Warning/use-natspec]
/sb/0x00a4d8e91d92595972ea5810537d87eb664f5bcd.sol:509:5: Missing @notice tag in function 'name' [Warning/use-natspec]
/sb/0x00a4d8e91d92595972ea5810537d87eb664f5bcd.sol:509:5: Missing @return tag in function 'name' [Warning/use-natspec]
/sb/0x00a4d8e91d92595972ea5810537d87eb664f5bcd.sol:509:5: Mismatch in @return count for function 'name'. Expected: 1, Found: 0 [Warning/use-natspec]
/sb/0x00a4d8e91d92595972ea5810537d87eb664f5bcd.sol:519:5: Missing @notice tag in function 'symbol' [Warning/use-natspec]
/sb/0x00a4d8e91d92595972ea5810537d87eb664f5bcd.sol:519:5: Missing @return tag in function 'symbol' [Warning/use-natspec]
/sb/0x00a4d8e91d92595972ea5810537d87eb664f5bcd.sol:519:5: Mismatch in @return count for function 'symbol'. Expected: 1, Found: 0 [Warning/use-natspec]
/sb/0x00a4d8e91d92595972ea5810537d87eb664f5bcd.sol:529:5: Missing @notice tag in function 'tokenURI' [Warning/use-natspec]
/sb/0x00a4d8e91d92595972ea5810537d87eb664f5bcd.sol:529:5: Missing @param tag in function 'tokenURI' [Warning/use-natspec]
/sb/0x00a4d8e91d92595972ea5810537d87eb664f5bcd.sol:529:5: Mismatch in @param names for function 'tokenURI'. Expected: [tokenId], Found: [] [Warning/use-natspec]
/sb/0x00a4d8e91d92595972ea5810537d87eb664f5bcd.sol:529:5: Missing @return tag in function 'tokenURI' [Warning/use-natspec]
/sb/0x00a4d8e91d92595972ea5810537d87eb664f5bcd.sol:529:5: Mismatch in @return count for function 'tokenURI'. Expected: 1, Found: 0 [Warning/use-natspec]
/sb/0x00a4d8e91d92595972ea5810537d87eb664f5bcd.sol:547:1: Compiler version ^0.8.4 does not satisfy the ^0.8.24 semver requirement [Error/compiler-version]
/sb/0x00a4d8e91d92595972ea5810537d87eb664f5bcd.sol:559:1: Interface name 'ERC721A__IERC721Receiver' must start with "I" [Warning/interface-starts-with-i]
/sb/0x00a4d8e91d92595972ea5810537d87eb664f5bcd.sol:559:1: Missing @title tag in contract 'ERC721A__IERC721Receiver' [Warning/use-natspec]
/sb/0x00a4d8e91d92595972ea5810537d87eb664f5bcd.sol:559:1: Missing @author tag in contract 'ERC721A__IERC721Receiver' [Warning/use-natspec]
/sb/0x00a4d8e91d92595972ea5810537d87eb664f5bcd.sol:559:1: Missing @notice tag in contract 'ERC721A__IERC721Receiver' [Warning/use-natspec]
/sb/0x00a4d8e91d92595972ea5810537d87eb664f5bcd.sol:559:1: Contract, Structs and Enums should be in CapWords [Warning/contract-name-capwords]
/sb/0x00a4d8e91d92595972ea5810537d87eb664f5bcd.sol:561:5: Missing @notice tag in function 'onERC721Received' [Warning/use-natspec]
/sb/0x00a4d8e91d92595972ea5810537d87eb664f5bcd.sol:561:5: Missing @param tag in function 'onERC721Received' [Warning/use-natspec]
/sb/0x00a4d8e91d92595972ea5810537d87eb664f5bcd.sol:561:5: Mismatch in @param names for function 'onERC721Received'. Expected: [operator, from, tokenId, data], Found: [] [Warning/use-natspec]
/sb/0x00a4d8e91d92595972ea5810537d87eb664f5bcd.sol:561:5: Missing @return tag in function 'onERC721Received' [Warning/use-natspec]
/sb/0x00a4d8e91d92595972ea5810537d87eb664f5bcd.sol:561:5: Mismatch in @return count for function 'onERC721Received'. Expected: 1, Found: 0 [Warning/use-natspec]
/sb/0x00a4d8e91d92595972ea5810537d87eb664f5bcd.sol:597:1: Missing @title tag in contract 'ERC721A' [Warning/use-natspec]
/sb/0x00a4d8e91d92595972ea5810537d87eb664f5bcd.sol:597:1: Missing @author tag in contract 'ERC721A' [Warning/use-natspec]
/sb/0x00a4d8e91d92595972ea5810537d87eb664f5bcd.sol:597:1: Missing @notice tag in contract 'ERC721A' [Warning/use-natspec]
/sb/0x00a4d8e91d92595972ea5810537d87eb664f5bcd.sol:729:5: Missing @notice tag in function '<anonymous>' [Warning/use-natspec]
/sb/0x00a4d8e91d92595972ea5810537d87eb664f5bcd.sol:729:5: Missing @param tag in function '<anonymous>' [Warning/use-natspec]
/sb/0x00a4d8e91d92595972ea5810537d87eb664f5bcd.sol:729:5: Mismatch in @param names for function '<anonymous>'. Expected: [name_, symbol_], Found: [] [Warning/use-natspec]
/sb/0x00a4d8e91d92595972ea5810537d87eb664f5bcd.sol:729:5: Explicitly mark visibility in function (Set ignoreConstructors to true if using solidity >=0.7.0) [Warning/func-visibility]
/sb/0x00a4d8e91d92595972ea5810537d87eb664f5bcd.sol:749:5: Missing @notice tag in function '_startTokenId' [Warning/use-natspec]
/sb/0x00a4d8e91d92595972ea5810537d87eb664f5bcd.sol:749:5: Missing @return tag in function '_startTokenId' [Warning/use-natspec]
/sb/0x00a4d8e91d92595972ea5810537d87eb664f5bcd.sol:749:5: Mismatch in @return count for function '_startTokenId'. Expected: 1, Found: 0 [Warning/use-natspec]
/sb/0x00a4d8e91d92595972ea5810537d87eb664f5bcd.sol:763:5: Missing @notice tag in function '_nextTokenId' [Warning/use-natspec]
/sb/0x00a4d8e91d92595972ea5810537d87eb664f5bcd.sol:763:5: Missing @return tag in function '_nextTokenId' [Warning/use-natspec]
/sb/0x00a4d8e91d92595972ea5810537d87eb664f5bcd.sol:763:5: Mismatch in @return count for function '_nextTokenId'. Expected: 1, Found: 0 [Warning/use-natspec]
/sb/0x00a4d8e91d92595972ea5810537d87eb664f5bcd.sol:781:5: Missing @notice tag in function 'totalSupply' [Warning/use-natspec]
/sb/0x00a4d8e91d92595972ea5810537d87eb664f5bcd.sol:781:5: Missing @return tag in function 'totalSupply' [Warning/use-natspec]
/sb/0x00a4d8e91d92595972ea5810537d87eb664f5bcd.sol:781:5: Mismatch in @return count for function 'totalSupply'. Expected: 1, Found: 0 [Warning/use-natspec]
/sb/0x00a4d8e91d92595972ea5810537d87eb664f5bcd.sol:803:5: Missing @notice tag in function '_totalMinted' [Warning/use-natspec]
/sb/0x00a4d8e91d92595972ea5810537d87eb664f5bcd.sol:803:5: Missing @return tag in function '_totalMinted' [Warning/use-natspec]
/sb/0x00a4d8e91d92595972ea5810537d87eb664f5bcd.sol:803:5: Mismatch in @return count for function '_totalMinted'. Expected: 1, Found: 0 [Warning/use-natspec]
/sb/0x00a4d8e91d92595972ea5810537d87eb664f5bcd.sol:825:5: Missing @notice tag in function '_totalBurned' [Warning/use-natspec]
/sb/0x00a4d8e91d92595972ea5810537d87eb664f5bcd.sol:825:5: Missing @return tag in function '_totalBurned' [Warning/use-natspec]
/sb/0x00a4d8e91d92595972ea5810537d87eb664f5bcd.sol:825:5: Mismatch in @return count for function '_totalBurned'. Expected: 1, Found: 0 [Warning/use-natspec]
/sb/0x00a4d8e91d92595972ea5810537d87eb664f5bcd.sol:839:5: Missing @notice tag in function 'supportsInterface' [Warning/use-natspec]
/sb/0x00a4d8e91d92595972ea5810537d87eb664f5bcd.sol:839:5: Missing @param tag in function 'supportsInterface' [Warning/use-natspec]
/sb/0x00a4d8e91d92595972ea5810537d87eb664f5bcd.sol:839:5: Mismatch in @param names for function 'supportsInterface'. Expected: [interfaceId], Found: [] [Warning/use-natspec]
/sb/0x00a4d8e91d92595972ea5810537d87eb664f5bcd.sol:839:5: Missing @return tag in function 'supportsInterface' [Warning/use-natspec]
/sb/0x00a4d8e91d92595972ea5810537d87eb664f5bcd.sol:839:5: Mismatch in @return count for function 'supportsInterface'. Expected: 1, Found: 0 [Warning/use-natspec]
/sb/0x00a4d8e91d92595972ea5810537d87eb664f5bcd.sol:865:5: Missing @notice tag in function 'balanceOf' [Warning/use-natspec]
/sb/0x00a4d8e91d92595972ea5810537d87eb664f5bcd.sol:865:5: Missing @param tag in function 'balanceOf' [Warning/use-natspec]
/sb/0x00a4d8e91d92595972ea5810537d87eb664f5bcd.sol:865:5: Mismatch in @param names for function 'balanceOf'. Expected: [owner], Found: [] [Warning/use-natspec]
/sb/0x00a4d8e91d92595972ea5810537d87eb664f5bcd.sol:865:5: Missing @return tag in function 'balanceOf' [Warning/use-natspec]
/sb/0x00a4d8e91d92595972ea5810537d87eb664f5bcd.sol:865:5: Mismatch in @return count for function 'balanceOf'. Expected: 1, Found: 0 [Warning/use-natspec]
/sb/0x00a4d8e91d92595972ea5810537d87eb664f5bcd.sol:881:5: Missing @notice tag in function '_numberMinted' [Warning/use-natspec]
/sb/0x00a4d8e91d92595972ea5810537d87eb664f5bcd.sol:881:5: Missing @param tag in function '_numberMinted' [Warning/use-natspec]
/sb/0x00a4d8e91d92595972ea5810537d87eb664f5bcd.sol:881:5: Mismatch in @param names for function '_numberMinted'. Expected: [owner], Found: [] [Warning/use-natspec]
/sb/0x00a4d8e91d92595972ea5810537d87eb664f5bcd.sol:881:5: Missing @return tag in function '_numberMinted' [Warning/use-natspec]
/sb/0x00a4d8e91d92595972ea5810537d87eb664f5bcd.sol:881:5: Mismatch in @return count for function '_numberMinted'. Expected: 1, Found: 0 [Warning/use-natspec]
/sb/0x00a4d8e91d92595972ea5810537d87eb664f5bcd.sol:895:5: Missing @notice tag in function '_numberBurned' [Warning/use-natspec]
/sb/0x00a4d8e91d92595972ea5810537d87eb664f5bcd.sol:895:5: Missing @param tag in function '_numberBurned' [Warning/use-natspec]
/sb/0x00a4d8e91d92595972ea5810537d87eb664f5bcd.sol:895:5: Mismatch in @param names for function '_numberBurned'. Expected: [owner], Found: [] [Warning/use-natspec]
/sb/0x00a4d8e91d92595972ea5810537d87eb664f5bcd.sol:895:5: Missing @return tag in function '_numberBurned' [Warning/use-natspec]
/sb/0x00a4d8e91d92595972ea5810537d87eb664f5bcd.sol:895:5: Mismatch in @return count for function '_numberBurned'. Expected: 1, Found: 0 [Warning/use-natspec]
/sb/0x00a4d8e91d92595972ea5810537d87eb664f5bcd.sol:909:5: Missing @notice tag in function '_getAux' [Warning/use-natspec]
/sb/0x00a4d8e91d92595972ea5810537d87eb664f5bcd.sol:909:5: Missing @param tag in function '_getAux' [Warning/use-natspec]
/sb/0x00a4d8e91d92595972ea5810537d87eb664f5bcd.sol:909:5: Mismatch in @param names for function '_getAux'. Expected: [owner], Found: [] [Warning/use-natspec]
/sb/0x00a4d8e91d92595972ea5810537d87eb664f5bcd.sol:909:5: Missing @return tag in function '_getAux' [Warning/use-natspec]
/sb/0x00a4d8e91d92595972ea5810537d87eb664f5bcd.sol:909:5: Mismatch in @return count for function '_getAux'. Expected: 1, Found: 0 [Warning/use-natspec]
/sb/0x00a4d8e91d92595972ea5810537d87eb664f5bcd.sol:925:5: Missing @notice tag in function '_setAux' [Warning/use-natspec]
/sb/0x00a4d8e91d92595972ea5810537d87eb664f5bcd.sol:925:5: Missing @param tag in function '_setAux' [Warning/use-natspec]
/sb/0x00a4d8e91d92595972ea5810537d87eb664f5bcd.sol:925:5: Mismatch in @param names for function '_setAux'. Expected: [owner, aux], Found: [] [Warning/use-natspec]
/sb/0x00a4d8e91d92595972ea5810537d87eb664f5bcd.sol:931:9: Avoid to use inline assembly. It is acceptable only in rare cases [Warning/no-inline-assembly]
/sb/0x00a4d8e91d92595972ea5810537d87eb664f5bcd.sol:951:5: Missing @notice tag in function '_packedOwnershipOf' [Warning/use-natspec]
/sb/0x00a4d8e91d92595972ea5810537d87eb664f5bcd.sol:951:5: Missing @param tag in function '_packedOwnershipOf' [Warning/use-natspec]
/sb/0x00a4d8e91d92595972ea5810537d87eb664f5bcd.sol:951:5: Mismatch in @param names for function '_packedOwnershipOf'. Expected: [tokenId], Found: [] [Warning/use-natspec]
/sb/0x00a4d8e91d92595972ea5810537d87eb664f5bcd.sol:951:5: Missing @return tag in function '_packedOwnershipOf' [Warning/use-natspec]
/sb/0x00a4d8e91d92595972ea5810537d87eb664f5bcd.sol:951:5: Mismatch in @return count for function '_packedOwnershipOf'. Expected: 1, Found: 0 [Warning/use-natspec]
/sb/0x00a4d8e91d92595972ea5810537d87eb664f5bcd.sol:959:17: GC: Non strict inequality found. Try converting to a strict one [Warning/gas-strict-inequalities]
/sb/0x00a4d8e91d92595972ea5810537d87eb664f5bcd.sol:1009:5: Missing @notice tag in function '_unpackedOwnership' [Warning/use-natspec]
/sb/0x00a4d8e91d92595972ea5810537d87eb664f5bcd.sol:1009:5: Missing @param tag in function '_unpackedOwnership' [Warning/use-natspec]
/sb/0x00a4d8e91d92595972ea5810537d87eb664f5bcd.sol:1009:5: Mismatch in @param names for function '_unpackedOwnership'. Expected: [packed], Found: [] [Warning/use-natspec]
/sb/0x00a4d8e91d92595972ea5810537d87eb664f5bcd.sol:1009:5: Missing @return tag in function '_unpackedOwnership' [Warning/use-natspec]
/sb/0x00a4d8e91d92595972ea5810537d87eb664f5bcd.sol:1009:5: Mismatch in @return names for function '_unpackedOwnership'. Expected: [ownership], Found: [] [Warning/use-natspec]
/sb/0x00a4d8e91d92595972ea5810537d87eb664f5bcd.sol:1027:5: Missing @notice tag in function '_ownershipAt' [Warning/use-natspec]
/sb/0x00a4d8e91d92595972ea5810537d87eb664f5bcd.sol:1027:5: Missing @param tag in function '_ownershipAt' [Warning/use-natspec]
/sb/0x00a4d8e91d92595972ea5810537d87eb664f5bcd.sol:1027:5: Mismatch in @param names for function '_ownershipAt'. Expected: [index], Found: [] [Warning/use-natspec]
/sb/0x00a4d8e91d92595972ea5810537d87eb664f5bcd.sol:1027:5: Missing @return tag in function '_ownershipAt' [Warning/use-natspec]
/sb/0x00a4d8e91d92595972ea5810537d87eb664f5bcd.sol:1027:5: Mismatch in @return count for function '_ownershipAt'. Expected: 1, Found: 0 [Warning/use-natspec]
/sb/0x00a4d8e91d92595972ea5810537d87eb664f5bcd.sol:1041:5: Missing @notice tag in function '_initializeOwnershipAt' [Warning/use-natspec]
/sb/0x00a4d8e91d92595972ea5810537d87eb664f5bcd.sol:1041:5: Missing @param tag in function '_initializeOwnershipAt' [Warning/use-natspec]
/sb/0x00a4d8e91d92595972ea5810537d87eb664f5bcd.sol:1041:5: Mismatch in @param names for function '_initializeOwnershipAt'. Expected: [index], Found: [] [Warning/use-natspec]
/sb/0x00a4d8e91d92595972ea5810537d87eb664f5bcd.sol:1061:5: Missing @notice tag in function '_ownershipOf' [Warning/use-natspec]
/sb/0x00a4d8e91d92595972ea5810537d87eb664f5bcd.sol:1061:5: Missing @param tag in function '_ownershipOf' [Warning/use-natspec]
/sb/0x00a4d8e91d92595972ea5810537d87eb664f5bcd.sol:1061:5: Mismatch in @param names for function '_ownershipOf'. Expected: [tokenId], Found: [] [Warning/use-natspec]
/sb/0x00a4d8e91d92595972ea5810537d87eb664f5bcd.sol:1061:5: Missing @return tag in function '_ownershipOf' [Warning/use-natspec]
/sb/0x00a4d8e91d92595972ea5810537d87eb664f5bcd.sol:1061:5: Mismatch in @return count for function '_ownershipOf'. Expected: 1, Found: 0 [Warning/use-natspec]
/sb/0x00a4d8e91d92595972ea5810537d87eb664f5bcd.sol:1075:5: Missing @notice tag in function 'ownerOf' [Warning/use-natspec]
/sb/0x00a4d8e91d92595972ea5810537d87eb664f5bcd.sol:1075:5: Missing @param tag in function 'ownerOf' [Warning/use-natspec]
/sb/0x00a4d8e91d92595972ea5810537d87eb664f5bcd.sol:1075:5: Mismatch in @param names for function 'ownerOf'. Expected: [tokenId], Found: [] [Warning/use-natspec]
/sb/0x00a4d8e91d92595972ea5810537d87eb664f5bcd.sol:1075:5: Missing @return tag in function 'ownerOf' [Warning/use-natspec]
/sb/0x00a4d8e91d92595972ea5810537d87eb664f5bcd.sol:1075:5: Mismatch in @return count for function 'ownerOf'. Expected: 1, Found: 0 [Warning/use-natspec]
/sb/0x00a4d8e91d92595972ea5810537d87eb664f5bcd.sol:1089:5: Missing @notice tag in function 'name' [Warning/use-natspec]
/sb/0x00a4d8e91d92595972ea5810537d87eb664f5bcd.sol:1089:5: Missing @return tag in function 'name' [Warning/use-natspec]
/sb/0x00a4d8e91d92595972ea5810537d87eb664f5bcd.sol:1089:5: Mismatch in @return count for function 'name'. Expected: 1, Found: 0 [Warning/use-natspec]
/sb/0x00a4d8e91d92595972ea5810537d87eb664f5bcd.sol:1103:5: Missing @notice tag in function 'symbol' [Warning/use-natspec]
/sb/0x00a4d8e91d92595972ea5810537d87eb664f5bcd.sol:1103:5: Missing @return tag in function 'symbol' [Warning/use-natspec]
/sb/0x00a4d8e91d92595972ea5810537d87eb664f5bcd.sol:1103:5: Mismatch in @return count for function 'symbol'. Expected: 1, Found: 0 [Warning/use-natspec]
/sb/0x00a4d8e91d92595972ea5810537d87eb664f5bcd.sol:1117:5: Missing @notice tag in function 'tokenURI' [Warning/use-natspec]
/sb/0x00a4d8e91d92595972ea5810537d87eb664f5bcd.sol:1117:5: Missing @param tag in function 'tokenURI' [Warning/use-natspec]
/sb/0x00a4d8e91d92595972ea5810537d87eb664f5bcd.sol:1117:5: Mismatch in @param names for function 'tokenURI'. Expected: [tokenId], Found: [] [Warning/use-natspec]
/sb/0x00a4d8e91d92595972ea5810537d87eb664f5bcd.sol:1117:5: Missing @return tag in function 'tokenURI' [Warning/use-natspec]
/sb/0x00a4d8e91d92595972ea5810537d87eb664f5bcd.sol:1117:5: Mismatch in @return count for function 'tokenURI'. Expected: 1, Found: 0 [Warning/use-natspec]
/sb/0x00a4d8e91d92595972ea5810537d87eb664f5bcd.sol:1125:101: Use double quotes for string literals [Error/quotes]
/sb/0x00a4d8e91d92595972ea5810537d87eb664f5bcd.sol:1141:5: Missing @notice tag in function '_baseURI' [Warning/use-natspec]
/sb/0x00a4d8e91d92595972ea5810537d87eb664f5bcd.sol:1141:5: Missing @return tag in function '_baseURI' [Warning/use-natspec]
/sb/0x00a4d8e91d92595972ea5810537d87eb664f5bcd.sol:1141:5: Mismatch in @return count for function '_baseURI'. Expected: 1, Found: 0 [Warning/use-natspec]
/sb/0x00a4d8e91d92595972ea5810537d87eb664f5bcd.sol:1143:16: Use double quotes for string literals [Error/quotes]
/sb/0x00a4d8e91d92595972ea5810537d87eb664f5bcd.sol:1155:5: Missing @notice tag in function '_addressToUint256' [Warning/use-natspec]
/sb/0x00a4d8e91d92595972ea5810537d87eb664f5bcd.sol:1155:5: Missing @param tag in function '_addressToUint256' [Warning/use-natspec]
/sb/0x00a4d8e91d92595972ea5810537d87eb664f5bcd.sol:1155:5: Mismatch in @param names for function '_addressToUint256'. Expected: [value], Found: [] [Warning/use-natspec]
/sb/0x00a4d8e91d92595972ea5810537d87eb664f5bcd.sol:1155:5: Missing @return tag in function '_addressToUint256' [Warning/use-natspec]
/sb/0x00a4d8e91d92595972ea5810537d87eb664f5bcd.sol:1155:5: Mismatch in @return names for function '_addressToUint256'. Expected: [result], Found: [] [Warning/use-natspec]
/sb/0x00a4d8e91d92595972ea5810537d87eb664f5bcd.sol:1157:9: Avoid to use inline assembly. It is acceptable only in rare cases [Warning/no-inline-assembly]
/sb/0x00a4d8e91d92595972ea5810537d87eb664f5bcd.sol:1173:5: Missing @notice tag in function '_boolToUint256' [Warning/use-natspec]
/sb/0x00a4d8e91d92595972ea5810537d87eb664f5bcd.sol:1173:5: Missing @param tag in function '_boolToUint256' [Warning/use-natspec]
/sb/0x00a4d8e91d92595972ea5810537d87eb664f5bcd.sol:1173:5: Mismatch in @param names for function '_boolToUint256'. Expected: [value], Found: [] [Warning/use-natspec]
/sb/0x00a4d8e91d92595972ea5810537d87eb664f5bcd.sol:1173:5: Missing @return tag in function '_boolToUint256' [Warning/use-natspec]
/sb/0x00a4d8e91d92595972ea5810537d87eb664f5bcd.sol:1173:5: Mismatch in @return names for function '_boolToUint256'. Expected: [result], Found: [] [Warning/use-natspec]
/sb/0x00a4d8e91d92595972ea5810537d87eb664f5bcd.sol:1175:9: Avoid to use inline assembly. It is acceptable only in rare cases [Warning/no-inline-assembly]
/sb/0x00a4d8e91d92595972ea5810537d87eb664f5bcd.sol:1191:5: Missing @notice tag in function 'approve' [Warning/use-natspec]
/sb/0x00a4d8e91d92595972ea5810537d87eb664f5bcd.sol:1191:5: Missing @param tag in function 'approve' [Warning/use-natspec]
/sb/0x00a4d8e91d92595972ea5810537d87eb664f5bcd.sol:1191:5: Mismatch in @param names for function 'approve'. Expected: [to, tokenId], Found: [] [Warning/use-natspec]
/sb/0x00a4d8e91d92595972ea5810537d87eb664f5bcd.sol:1223:5: Missing @notice tag in function 'getApproved' [Warning/use-natspec]
/sb/0x00a4d8e91d92595972ea5810537d87eb664f5bcd.sol:1223:5: Missing @param tag in function 'getApproved' [Warning/use-natspec]
/sb/0x00a4d8e91d92595972ea5810537d87eb664f5bcd.sol:1223:5: Mismatch in @param names for function 'getApproved'. Expected: [tokenId], Found: [] [Warning/use-natspec]
/sb/0x00a4d8e91d92595972ea5810537d87eb664f5bcd.sol:1223:5: Missing @return tag in function 'getApproved' [Warning/use-natspec]
/sb/0x00a4d8e91d92595972ea5810537d87eb664f5bcd.sol:1223:5: Mismatch in @return count for function 'getApproved'. Expected: 1, Found: 0 [Warning/use-natspec]
/sb/0x00a4d8e91d92595972ea5810537d87eb664f5bcd.sol:1241:5: Missing @notice tag in function 'setApprovalForAll' [Warning/use-natspec]
/sb/0x00a4d8e91d92595972ea5810537d87eb664f5bcd.sol:1241:5: Missing @param tag in function 'setApprovalForAll' [Warning/use-natspec]
/sb/0x00a4d8e91d92595972ea5810537d87eb664f5bcd.sol:1241:5: Mismatch in @param names for function 'setApprovalForAll'. Expected: [operator, approved], Found: [] [Warning/use-natspec]
/sb/0x00a4d8e91d92595972ea5810537d87eb664f5bcd.sol:1261:5: Missing @notice tag in function 'isApprovedForAll' [Warning/use-natspec]
/sb/0x00a4d8e91d92595972ea5810537d87eb664f5bcd.sol:1261:5: Missing @param tag in function 'isApprovedForAll' [Warning/use-natspec]
/sb/0x00a4d8e91d92595972ea5810537d87eb664f5bcd.sol:1261:5: Mismatch in @param names for function 'isApprovedForAll'. Expected: [owner, operator], Found: [] [Warning/use-natspec]
/sb/0x00a4d8e91d92595972ea5810537d87eb664f5bcd.sol:1261:5: Missing @return tag in function 'isApprovedForAll' [Warning/use-natspec]
/sb/0x00a4d8e91d92595972ea5810537d87eb664f5bcd.sol:1261:5: Mismatch in @return count for function 'isApprovedForAll'. Expected: 1, Found: 0 [Warning/use-natspec]
/sb/0x00a4d8e91d92595972ea5810537d87eb664f5bcd.sol:1275:5: Missing @notice tag in function 'transferFrom' [Warning/use-natspec]
/sb/0x00a4d8e91d92595972ea5810537d87eb664f5bcd.sol:1275:5: Missing @param tag in function 'transferFrom' [Warning/use-natspec]
/sb/0x00a4d8e91d92595972ea5810537d87eb664f5bcd.sol:1275:5: Mismatch in @param names for function 'transferFrom'. Expected: [from, to, tokenId], Found: [] [Warning/use-natspec]
/sb/0x00a4d8e91d92595972ea5810537d87eb664f5bcd.sol:1297:5: Missing @notice tag in function 'safeTransferFrom' [Warning/use-natspec]
/sb/0x00a4d8e91d92595972ea5810537d87eb664f5bcd.sol:1297:5: Missing @param tag in function 'safeTransferFrom' [Warning/use-natspec]
/sb/0x00a4d8e91d92595972ea5810537d87eb664f5bcd.sol:1297:5: Mismatch in @param names for function 'safeTransferFrom'. Expected: [from, to, tokenId], Found: [] [Warning/use-natspec]
/sb/0x00a4d8e91d92595972ea5810537d87eb664f5bcd.sol:1307:45: Use double quotes for string literals [Error/quotes]
/sb/0x00a4d8e91d92595972ea5810537d87eb664f5bcd.sol:1319:5: Missing @notice tag in function 'safeTransferFrom' [Warning/use-natspec]
/sb/0x00a4d8e91d92595972ea5810537d87eb664f5bcd.sol:1319:5: Missing @param tag in function 'safeTransferFrom' [Warning/use-natspec]
/sb/0x00a4d8e91d92595972ea5810537d87eb664f5bcd.sol:1319:5: Mismatch in @param names for function 'safeTransferFrom'. Expected: [from, to, tokenId, _data], Found: [] [Warning/use-natspec]
/sb/0x00a4d8e91d92595972ea5810537d87eb664f5bcd.sol:1359:5: Missing @notice tag in function '_exists' [Warning/use-natspec]
/sb/0x00a4d8e91d92595972ea5810537d87eb664f5bcd.sol:1359:5: Missing @param tag in function '_exists' [Warning/use-natspec]
/sb/0x00a4d8e91d92595972ea5810537d87eb664f5bcd.sol:1359:5: Mismatch in @param names for function '_exists'. Expected: [tokenId], Found: [] [Warning/use-natspec]
/sb/0x00a4d8e91d92595972ea5810537d87eb664f5bcd.sol:1359:5: Missing @return tag in function '_exists' [Warning/use-natspec]
/sb/0x00a4d8e91d92595972ea5810537d87eb664f5bcd.sol:1359:5: Mismatch in @return count for function '_exists'. Expected: 1, Found: 0 [Warning/use-natspec]
/sb/0x00a4d8e91d92595972ea5810537d87eb664f5bcd.sol:1363:13: GC: Non strict inequality found. Try converting to a strict one [Warning/gas-strict-inequalities]
/sb/0x00a4d8e91d92595972ea5810537d87eb664f5bcd.sol:1379:5: Missing @notice tag in function '_safeMint' [Warning/use-natspec]
/sb/0x00a4d8e91d92595972ea5810537d87eb664f5bcd.sol:1379:5: Missing @param tag in function '_safeMint' [Warning/use-natspec]
/sb/0x00a4d8e91d92595972ea5810537d87eb664f5bcd.sol:1379:5: Mismatch in @param names for function '_safeMint'. Expected: [to, quantity], Found: [] [Warning/use-natspec]
/sb/0x00a4d8e91d92595972ea5810537d87eb664f5bcd.sol:1381:33: Use double quotes for string literals [Error/quotes]
/sb/0x00a4d8e91d92595972ea5810537d87eb664f5bcd.sol:1409:5: Function body contains 103 lines but allowed no more than 50 lines [Warning/function-max-lines]
/sb/0x00a4d8e91d92595972ea5810537d87eb664f5bcd.sol:1409:5: Missing @notice tag in function '_safeMint' [Warning/use-natspec]
/sb/0x00a4d8e91d92595972ea5810537d87eb664f5bcd.sol:1409:5: Missing @param tag in function '_safeMint' [Warning/use-natspec]
/sb/0x00a4d8e91d92595972ea5810537d87eb664f5bcd.sol:1409:5: Mismatch in @param names for function '_safeMint'. Expected: [to, quantity, _data], Found: [] [Warning/use-natspec]
/sb/0x00a4d8e91d92595972ea5810537d87eb664f5bcd.sol:1485:73: GC: For [ updatedIndex ] variable, increment/decrement by 1 using: [ ++variable ] to save gas [Warning/gas-increment-by-one]
/sb/0x00a4d8e91d92595972ea5810537d87eb664f5bcd.sol:1495:52: Provide an error message for revert [Warning/reason-string]
/sb/0x00a4d8e91d92595972ea5810537d87eb664f5bcd.sol:1495:52: GC: Use Custom Errors instead of revert statements [Warning/gas-custom-errors]
/sb/0x00a4d8e91d92595972ea5810537d87eb664f5bcd.sol:1501:51: GC: For [ updatedIndex ] variable, increment/decrement by 1 using: [ ++variable ] to save gas [Warning/gas-increment-by-one]
/sb/0x00a4d8e91d92595972ea5810537d87eb664f5bcd.sol:1537:5: Function body contains 75 lines but allowed no more than 50 lines [Warning/function-max-lines]
/sb/0x00a4d8e91d92595972ea5810537d87eb664f5bcd.sol:1537:5: Missing @notice tag in function '_mint' [Warning/use-natspec]
/sb/0x00a4d8e91d92595972ea5810537d87eb664f5bcd.sol:1537:5: Missing @param tag in function '_mint' [Warning/use-natspec]
/sb/0x00a4d8e91d92595972ea5810537d87eb664f5bcd.sol:1537:5: Mismatch in @param names for function '_mint'. Expected: [to, quantity], Found: [] [Warning/use-natspec]
/sb/0x00a4d8e91d92595972ea5810537d87eb664f5bcd.sol:1601:47: GC: For [ updatedIndex ] variable, increment/decrement by 1 using: [ ++variable ] to save gas [Warning/gas-increment-by-one]
/sb/0x00a4d8e91d92595972ea5810537d87eb664f5bcd.sol:1637:5: Function body contains 109 lines but allowed no more than 50 lines [Warning/function-max-lines]
/sb/0x00a4d8e91d92595972ea5810537d87eb664f5bcd.sol:1637:5: Missing @notice tag in function '_transfer' [Warning/use-natspec]
/sb/0x00a4d8e91d92595972ea5810537d87eb664f5bcd.sol:1637:5: Missing @param tag in function '_transfer' [Warning/use-natspec]
/sb/0x00a4d8e91d92595972ea5810537d87eb664f5bcd.sol:1637:5: Mismatch in @param names for function '_transfer'. Expected: [from, to, tokenId], Found: [] [Warning/use-natspec]
/sb/0x00a4d8e91d92595972ea5810537d87eb664f5bcd.sol:1757:5: Missing @notice tag in function '_burn' [Warning/use-natspec]
/sb/0x00a4d8e91d92595972ea5810537d87eb664f5bcd.sol:1757:5: Missing @param tag in function '_burn' [Warning/use-natspec]
/sb/0x00a4d8e91d92595972ea5810537d87eb664f5bcd.sol:1757:5: Mismatch in @param names for function '_burn'. Expected: [tokenId], Found: [] [Warning/use-natspec]
/sb/0x00a4d8e91d92595972ea5810537d87eb664f5bcd.sol:1785:5: Function body contains 123 lines but allowed no more than 50 lines [Warning/function-max-lines]
/sb/0x00a4d8e91d92595972ea5810537d87eb664f5bcd.sol:1785:5: Missing @notice tag in function '_burn' [Warning/use-natspec]
/sb/0x00a4d8e91d92595972ea5810537d87eb664f5bcd.sol:1785:5: Missing @param tag in function '_burn' [Warning/use-natspec]
/sb/0x00a4d8e91d92595972ea5810537d87eb664f5bcd.sol:1785:5: Mismatch in @param names for function '_burn'. Expected: [tokenId, approvalCheck], Found: [] [Warning/use-natspec]
/sb/0x00a4d8e91d92595972ea5810537d87eb664f5bcd.sol:1905:13: GC: For [ _burnCounter ] variable, increment/decrement by 1 using: [ ++variable ] to save gas [Warning/gas-increment-by-one]
/sb/0x00a4d8e91d92595972ea5810537d87eb664f5bcd.sol:1931:5: Missing @notice tag in function '_checkContractOnERC721Received' [Warning/use-natspec]
/sb/0x00a4d8e91d92595972ea5810537d87eb664f5bcd.sol:1959:17: Avoid to use inline assembly. It is acceptable only in rare cases [Warning/no-inline-assembly]
/sb/0x00a4d8e91d92595972ea5810537d87eb664f5bcd.sol:2003:5: Missing @notice tag in function '_beforeTokenTransfers' [Warning/use-natspec]
/sb/0x00a4d8e91d92595972ea5810537d87eb664f5bcd.sol:2003:5: Missing @param tag in function '_beforeTokenTransfers' [Warning/use-natspec]
/sb/0x00a4d8e91d92595972ea5810537d87eb664f5bcd.sol:2003:5: Mismatch in @param names for function '_beforeTokenTransfers'. Expected: [from, to, startTokenId, quantity], Found: [] [Warning/use-natspec]
/sb/0x00a4d8e91d92595972ea5810537d87eb664f5bcd.sol:2013:24: Code contains empty blocks [Warning/no-empty-blocks]
/sb/0x00a4d8e91d92595972ea5810537d87eb664f5bcd.sol:2049:5: Missing @notice tag in function '_afterTokenTransfers' [Warning/use-natspec]
/sb/0x00a4d8e91d92595972ea5810537d87eb664f5bcd.sol:2049:5: Missing @param tag in function '_afterTokenTransfers' [Warning/use-natspec]
/sb/0x00a4d8e91d92595972ea5810537d87eb664f5bcd.sol:2049:5: Mismatch in @param names for function '_afterTokenTransfers'. Expected: [from, to, startTokenId, quantity], Found: [] [Warning/use-natspec]
/sb/0x00a4d8e91d92595972ea5810537d87eb664f5bcd.sol:2059:24: Code contains empty blocks [Warning/no-empty-blocks]
/sb/0x00a4d8e91d92595972ea5810537d87eb664f5bcd.sol:2073:5: Missing @notice tag in function '_msgSenderERC721A' [Warning/use-natspec]
/sb/0x00a4d8e91d92595972ea5810537d87eb664f5bcd.sol:2073:5: Missing @return tag in function '_msgSenderERC721A' [Warning/use-natspec]
/sb/0x00a4d8e91d92595972ea5810537d87eb664f5bcd.sol:2073:5: Mismatch in @return count for function '_msgSenderERC721A'. Expected: 1, Found: 0 [Warning/use-natspec]
/sb/0x00a4d8e91d92595972ea5810537d87eb664f5bcd.sol:2087:5: Function body contains 77 lines but allowed no more than 50 lines [Warning/function-max-lines]
/sb/0x00a4d8e91d92595972ea5810537d87eb664f5bcd.sol:2087:5: Missing @notice tag in function '_toString' [Warning/use-natspec]
/sb/0x00a4d8e91d92595972ea5810537d87eb664f5bcd.sol:2087:5: Missing @param tag in function '_toString' [Warning/use-natspec]
/sb/0x00a4d8e91d92595972ea5810537d87eb664f5bcd.sol:2087:5: Mismatch in @param names for function '_toString'. Expected: [value], Found: [] [Warning/use-natspec]
/sb/0x00a4d8e91d92595972ea5810537d87eb664f5bcd.sol:2087:5: Missing @return tag in function '_toString' [Warning/use-natspec]
/sb/0x00a4d8e91d92595972ea5810537d87eb664f5bcd.sol:2087:5: Mismatch in @return names for function '_toString'. Expected: [ptr], Found: [] [Warning/use-natspec]
/sb/0x00a4d8e91d92595972ea5810537d87eb664f5bcd.sol:2089:9: Avoid to use inline assembly. It is acceptable only in rare cases [Warning/no-inline-assembly]
/sb/0x00a4d8e91d92595972ea5810537d87eb664f5bcd.sol:2181:1: Compiler version ^0.8.0 does not satisfy the ^0.8.24 semver requirement [Error/compiler-version]
/sb/0x00a4d8e91d92595972ea5810537d87eb664f5bcd.sol:2191:1: Missing @title tag in contract 'Strings' [Warning/use-natspec]
/sb/0x00a4d8e91d92595972ea5810537d87eb664f5bcd.sol:2191:1: Missing @author tag in contract 'Strings' [Warning/use-natspec]
/sb/0x00a4d8e91d92595972ea5810537d87eb664f5bcd.sol:2191:1: Missing @notice tag in contract 'Strings' [Warning/use-natspec]
/sb/0x00a4d8e91d92595972ea5810537d87eb664f5bcd.sol:2205:5: Missing @notice tag in function 'toString' [Warning/use-natspec]
/sb/0x00a4d8e91d92595972ea5810537d87eb664f5bcd.sol:2205:5: Missing @param tag in function 'toString' [Warning/use-natspec]
/sb/0x00a4d8e91d92595972ea5810537d87eb664f5bcd.sol:2205:5: Mismatch in @param names for function 'toString'. Expected: [value], Found: [] [Warning/use-natspec]
/sb/0x00a4d8e91d92595972ea5810537d87eb664f5bcd.sol:2205:5: Missing @return tag in function 'toString' [Warning/use-natspec]
/sb/0x00a4d8e91d92595972ea5810537d87eb664f5bcd.sol:2205:5: Mismatch in @return count for function 'toString'. Expected: 1, Found: 0 [Warning/use-natspec]
/sb/0x00a4d8e91d92595972ea5810537d87eb664f5bcd.sol:2225:13: GC: For [ digits ] variable, increment/decrement by 1 using: [ ++variable ] to save gas [Warning/gas-increment-by-one]
/sb/0x00a4d8e91d92595972ea5810537d87eb664f5bcd.sol:2235:13: GC: For [ digits ] variable, increment/decrement by 1 using: [ ++variable ] to save gas [Warning/gas-increment-by-one]
/sb/0x00a4d8e91d92595972ea5810537d87eb664f5bcd.sol:2255:5: Missing @notice tag in function 'toHexString' [Warning/use-natspec]
/sb/0x00a4d8e91d92595972ea5810537d87eb664f5bcd.sol:2255:5: Missing @param tag in function 'toHexString' [Warning/use-natspec]
/sb/0x00a4d8e91d92595972ea5810537d87eb664f5bcd.sol:2255:5: Mismatch in @param names for function 'toHexString'. Expected: [value], Found: [] [Warning/use-natspec]
/sb/0x00a4d8e91d92595972ea5810537d87eb664f5bcd.sol:2255:5: Missing @return tag in function 'toHexString' [Warning/use-natspec]
/sb/0x00a4d8e91d92595972ea5810537d87eb664f5bcd.sol:2255:5: Mismatch in @return count for function 'toHexString'. Expected: 1, Found: 0 [Warning/use-natspec]
/sb/0x00a4d8e91d92595972ea5810537d87eb664f5bcd.sol:2269:13: GC: For [ length ] variable, increment/decrement by 1 using: [ ++variable ] to save gas [Warning/gas-increment-by-one]
/sb/0x00a4d8e91d92595972ea5810537d87eb664f5bcd.sol:2287:5: Missing @notice tag in function 'toHexString' [Warning/use-natspec]
/sb/0x00a4d8e91d92595972ea5810537d87eb664f5bcd.sol:2287:5: Missing @param tag in function 'toHexString' [Warning/use-natspec]
/sb/0x00a4d8e91d92595972ea5810537d87eb664f5bcd.sol:2287:5: Mismatch in @param names for function 'toHexString'. Expected: [value, length], Found: [] [Warning/use-natspec]
/sb/0x00a4d8e91d92595972ea5810537d87eb664f5bcd.sol:2287:5: Missing @return tag in function 'toHexString' [Warning/use-natspec]
/sb/0x00a4d8e91d92595972ea5810537d87eb664f5bcd.sol:2287:5: Mismatch in @return count for function 'toHexString'. Expected: 1, Found: 0 [Warning/use-natspec]
/sb/0x00a4d8e91d92595972ea5810537d87eb664f5bcd.sol:2303:9: GC: Use Custom Errors instead of require statements [Warning/gas-custom-errors]
/sb/0x00a4d8e91d92595972ea5810537d87eb664f5bcd.sol:2317:5: Missing @notice tag in function 'toHexString' [Warning/use-natspec]
/sb/0x00a4d8e91d92595972ea5810537d87eb664f5bcd.sol:2317:5: Missing @param tag in function 'toHexString' [Warning/use-natspec]
/sb/0x00a4d8e91d92595972ea5810537d87eb664f5bcd.sol:2317:5: Mismatch in @param names for function 'toHexString'. Expected: [addr], Found: [] [Warning/use-natspec]
/sb/0x00a4d8e91d92595972ea5810537d87eb664f5bcd.sol:2317:5: Missing @return tag in function 'toHexString' [Warning/use-natspec]
/sb/0x00a4d8e91d92595972ea5810537d87eb664f5bcd.sol:2317:5: Mismatch in @return count for function 'toHexString'. Expected: 1, Found: 0 [Warning/use-natspec]
/sb/0x00a4d8e91d92595972ea5810537d87eb664f5bcd.sol:2337:1: Compiler version ^0.8.0 does not satisfy the ^0.8.24 semver requirement [Error/compiler-version]
/sb/0x00a4d8e91d92595972ea5810537d87eb664f5bcd.sol:2361:1: Missing @title tag in contract 'Context' [Warning/use-natspec]
/sb/0x00a4d8e91d92595972ea5810537d87eb664f5bcd.sol:2361:1: Missing @author tag in contract 'Context' [Warning/use-natspec]
/sb/0x00a4d8e91d92595972ea5810537d87eb664f5bcd.sol:2361:1: Missing @notice tag in contract 'Context' [Warning/use-natspec]
/sb/0x00a4d8e91d92595972ea5810537d87eb664f5bcd.sol:2363:5: Missing @notice tag in function '_msgSender' [Warning/use-natspec]
/sb/0x00a4d8e91d92595972ea5810537d87eb664f5bcd.sol:2363:5: Missing @return tag in function '_msgSender' [Warning/use-natspec]
/sb/0x00a4d8e91d92595972ea5810537d87eb664f5bcd.sol:2363:5: Mismatch in @return count for function '_msgSender'. Expected: 1, Found: 0 [Warning/use-natspec]
/sb/0x00a4d8e91d92595972ea5810537d87eb664f5bcd.sol:2371:5: Missing @notice tag in function '_msgData' [Warning/use-natspec]
/sb/0x00a4d8e91d92595972ea5810537d87eb664f5bcd.sol:2371:5: Missing @return tag in function '_msgData' [Warning/use-natspec]
/sb/0x00a4d8e91d92595972ea5810537d87eb664f5bcd.sol:2371:5: Mismatch in @return count for function '_msgData'. Expected: 1, Found: 0 [Warning/use-natspec]
/sb/0x00a4d8e91d92595972ea5810537d87eb664f5bcd.sol:2391:1: Compiler version ^0.8.0 does not satisfy the ^0.8.24 semver requirement [Error/compiler-version]
/sb/0x00a4d8e91d92595972ea5810537d87eb664f5bcd.sol:2421:1: Missing @title tag in contract 'Ownable' [Warning/use-natspec]
/sb/0x00a4d8e91d92595972ea5810537d87eb664f5bcd.sol:2421:1: Missing @author tag in contract 'Ownable' [Warning/use-natspec]
/sb/0x00a4d8e91d92595972ea5810537d87eb664f5bcd.sol:2421:1: Missing @notice tag in contract 'Ownable' [Warning/use-natspec]
/sb/0x00a4d8e91d92595972ea5810537d87eb664f5bcd.sol:2427:5: Missing @notice tag in event 'OwnershipTransferred' [Warning/use-natspec]
/sb/0x00a4d8e91d92595972ea5810537d87eb664f5bcd.sol:2427:5: Missing @param tag in event 'OwnershipTransferred' [Warning/use-natspec]
/sb/0x00a4d8e91d92595972ea5810537d87eb664f5bcd.sol:2427:5: Mismatch in @param names for event 'OwnershipTransferred'. Expected: [previousOwner, newOwner], Found: [] [Warning/use-natspec]
/sb/0x00a4d8e91d92595972ea5810537d87eb664f5bcd.sol:2437:5: Missing @notice tag in function '<anonymous>' [Warning/use-natspec]
/sb/0x00a4d8e91d92595972ea5810537d87eb664f5bcd.sol:2437:5: Explicitly mark visibility in function (Set ignoreConstructors to true if using solidity >=0.7.0) [Warning/func-visibility]
/sb/0x00a4d8e91d92595972ea5810537d87eb664f5bcd.sol:2451:5: Missing @notice tag in function 'owner' [Warning/use-natspec]
/sb/0x00a4d8e91d92595972ea5810537d87eb664f5bcd.sol:2451:5: Missing @return tag in function 'owner' [Warning/use-natspec]
/sb/0x00a4d8e91d92595972ea5810537d87eb664f5bcd.sol:2451:5: Mismatch in @return count for function 'owner'. Expected: 1, Found: 0 [Warning/use-natspec]
/sb/0x00a4d8e91d92595972ea5810537d87eb664f5bcd.sol:2467:9: GC: Use Custom Errors instead of require statements [Warning/gas-custom-errors]
/sb/0x00a4d8e91d92595972ea5810537d87eb664f5bcd.sol:2489:5: Missing @notice tag in function 'renounceOwnership' [Warning/use-natspec]
/sb/0x00a4d8e91d92595972ea5810537d87eb664f5bcd.sol:2505:5: Missing @notice tag in function 'transferOwnership' [Warning/use-natspec]
/sb/0x00a4d8e91d92595972ea5810537d87eb664f5bcd.sol:2505:5: Missing @param tag in function 'transferOwnership' [Warning/use-natspec]
/sb/0x00a4d8e91d92595972ea5810537d87eb664f5bcd.sol:2505:5: Mismatch in @param names for function 'transferOwnership'. Expected: [newOwner], Found: [] [Warning/use-natspec]
/sb/0x00a4d8e91d92595972ea5810537d87eb664f5bcd.sol:2507:9: Error message for require is too long: 38 counted / 32 allowed [Warning/reason-string]
/sb/0x00a4d8e91d92595972ea5810537d87eb664f5bcd.sol:2507:9: GC: String exceeds 32 bytes [Warning/gas-small-strings]
/sb/0x00a4d8e91d92595972ea5810537d87eb664f5bcd.sol:2507:9: GC: Use Custom Errors instead of require statements [Warning/gas-custom-errors]
/sb/0x00a4d8e91d92595972ea5810537d87eb664f5bcd.sol:2523:5: Missing @notice tag in function '_transferOwnership' [Warning/use-natspec]
/sb/0x00a4d8e91d92595972ea5810537d87eb664f5bcd.sol:2523:5: Missing @param tag in function '_transferOwnership' [Warning/use-natspec]
/sb/0x00a4d8e91d92595972ea5810537d87eb664f5bcd.sol:2523:5: Mismatch in @param names for function '_transferOwnership'. Expected: [newOwner], Found: [] [Warning/use-natspec]
/sb/0x00a4d8e91d92595972ea5810537d87eb664f5bcd.sol:2547:1: Compiler version ^0.8.1 does not satisfy the ^0.8.24 semver requirement [Error/compiler-version]
/sb/0x00a4d8e91d92595972ea5810537d87eb664f5bcd.sol:2557:1: Missing @title tag in contract 'Address' [Warning/use-natspec]
/sb/0x00a4d8e91d92595972ea5810537d87eb664f5bcd.sol:2557:1: Missing @author tag in contract 'Address' [Warning/use-natspec]
/sb/0x00a4d8e91d92595972ea5810537d87eb664f5bcd.sol:2557:1: Missing @notice tag in contract 'Address' [Warning/use-natspec]
/sb/0x00a4d8e91d92595972ea5810537d87eb664f5bcd.sol:2611:5: Missing @notice tag in function 'isContract' [Warning/use-natspec]
/sb/0x00a4d8e91d92595972ea5810537d87eb664f5bcd.sol:2611:5: Missing @param tag in function 'isContract' [Warning/use-natspec]
/sb/0x00a4d8e91d92595972ea5810537d87eb664f5bcd.sol:2611:5: Mismatch in @param names for function 'isContract'. Expected: [account], Found: [] [Warning/use-natspec]
/sb/0x00a4d8e91d92595972ea5810537d87eb664f5bcd.sol:2611:5: Missing @return tag in function 'isContract' [Warning/use-natspec]
/sb/0x00a4d8e91d92595972ea5810537d87eb664f5bcd.sol:2611:5: Mismatch in @return count for function 'isContract'. Expected: 1, Found: 0 [Warning/use-natspec]
/sb/0x00a4d8e91d92595972ea5810537d87eb664f5bcd.sol:2659:5: Missing @notice tag in function 'sendValue' [Warning/use-natspec]
/sb/0x00a4d8e91d92595972ea5810537d87eb664f5bcd.sol:2659:5: Missing @param tag in function 'sendValue' [Warning/use-natspec]
/sb/0x00a4d8e91d92595972ea5810537d87eb664f5bcd.sol:2659:5: Mismatch in @param names for function 'sendValue'. Expected: [recipient, amount], Found: [] [Warning/use-natspec]
/sb/0x00a4d8e91d92595972ea5810537d87eb664f5bcd.sol:2661:9: GC: Use Custom Errors instead of require statements [Warning/gas-custom-errors]
/sb/0x00a4d8e91d92595972ea5810537d87eb664f5bcd.sol:2661:17: GC: Non strict inequality found. Try converting to a strict one [Warning/gas-strict-inequalities]
/sb/0x00a4d8e91d92595972ea5810537d87eb664f5bcd.sol:2667:9: Error message for require is too long: 58 counted / 32 allowed [Warning/reason-string]
/sb/0x00a4d8e91d92595972ea5810537d87eb664f5bcd.sol:2667:9: GC: String exceeds 32 bytes [Warning/gas-small-strings]
/sb/0x00a4d8e91d92595972ea5810537d87eb664f5bcd.sol:2667:9: GC: Use Custom Errors instead of require statements [Warning/gas-custom-errors]
/sb/0x00a4d8e91d92595972ea5810537d87eb664f5bcd.sol:2709:5: Missing @notice tag in function 'functionCall' [Warning/use-natspec]
/sb/0x00a4d8e91d92595972ea5810537d87eb664f5bcd.sol:2709:5: Missing @param tag in function 'functionCall' [Warning/use-natspec]
/sb/0x00a4d8e91d92595972ea5810537d87eb664f5bcd.sol:2709:5: Mismatch in @param names for function 'functionCall'. Expected: [target, data], Found: [] [Warning/use-natspec]
/sb/0x00a4d8e91d92595972ea5810537d87eb664f5bcd.sol:2709:5: Missing @return tag in function 'functionCall' [Warning/use-natspec]
/sb/0x00a4d8e91d92595972ea5810537d87eb664f5bcd.sol:2709:5: Mismatch in @return count for function 'functionCall'. Expected: 1, Found: 0 [Warning/use-natspec]
/sb/0x00a4d8e91d92595972ea5810537d87eb664f5bcd.sol:2729:5: Missing @notice tag in function 'functionCall' [Warning/use-natspec]
/sb/0x00a4d8e91d92595972ea5810537d87eb664f5bcd.sol:2729:5: Missing @param tag in function 'functionCall' [Warning/use-natspec]
/sb/0x00a4d8e91d92595972ea5810537d87eb664f5bcd.sol:2729:5: Mismatch in @param names for function 'functionCall'. Expected: [target, data, errorMessage], Found: [] [Warning/use-natspec]
/sb/0x00a4d8e91d92595972ea5810537d87eb664f5bcd.sol:2729:5: Missing @return tag in function 'functionCall' [Warning/use-natspec]
/sb/0x00a4d8e91d92595972ea5810537d87eb664f5bcd.sol:2729:5: Mismatch in @return count for function 'functionCall'. Expected: 1, Found: 0 [Warning/use-natspec]
/sb/0x00a4d8e91d92595972ea5810537d87eb664f5bcd.sol:2767:5: Missing @notice tag in function 'functionCallWithValue' [Warning/use-natspec]
/sb/0x00a4d8e91d92595972ea5810537d87eb664f5bcd.sol:2767:5: Missing @param tag in function 'functionCallWithValue' [Warning/use-natspec]
/sb/0x00a4d8e91d92595972ea5810537d87eb664f5bcd.sol:2767:5: Mismatch in @param names for function 'functionCallWithValue'. Expected: [target, data, value], Found: [] [Warning/use-natspec]
/sb/0x00a4d8e91d92595972ea5810537d87eb664f5bcd.sol:2767:5: Missing @return tag in function 'functionCallWithValue' [Warning/use-natspec]
/sb/0x00a4d8e91d92595972ea5810537d87eb664f5bcd.sol:2767:5: Mismatch in @return count for function 'functionCallWithValue'. Expected: 1, Found: 0 [Warning/use-natspec]
/sb/0x00a4d8e91d92595972ea5810537d87eb664f5bcd.sol:2777:16: GC: String exceeds 32 bytes [Warning/gas-small-strings]
/sb/0x00a4d8e91d92595972ea5810537d87eb664f5bcd.sol:2795:5: Missing @notice tag in function 'functionCallWithValue' [Warning/use-natspec]
/sb/0x00a4d8e91d92595972ea5810537d87eb664f5bcd.sol:2795:5: Missing @param tag in function 'functionCallWithValue' [Warning/use-natspec]
/sb/0x00a4d8e91d92595972ea5810537d87eb664f5bcd.sol:2795:5: Mismatch in @param names for function 'functionCallWithValue'. Expected: [target, data, value, errorMessage], Found: [] [Warning/use-natspec]
/sb/0x00a4d8e91d92595972ea5810537d87eb664f5bcd.sol:2795:5: Missing @return tag in function 'functionCallWithValue' [Warning/use-natspec]
/sb/0x00a4d8e91d92595972ea5810537d87eb664f5bcd.sol:2795:5: Mismatch in @return count for function 'functionCallWithValue'. Expected: 1, Found: 0 [Warning/use-natspec]
/sb/0x00a4d8e91d92595972ea5810537d87eb664f5bcd.sol:2807:9: Error message for require is too long: 38 counted / 32 allowed [Warning/reason-string]
/sb/0x00a4d8e91d92595972ea5810537d87eb664f5bcd.sol:2807:9: GC: String exceeds 32 bytes [Warning/gas-small-strings]
/sb/0x00a4d8e91d92595972ea5810537d87eb664f5bcd.sol:2807:9: GC: Use Custom Errors instead of require statements [Warning/gas-custom-errors]
/sb/0x00a4d8e91d92595972ea5810537d87eb664f5bcd.sol:2807:17: GC: Non strict inequality found. Try converting to a strict one [Warning/gas-strict-inequalities]
/sb/0x00a4d8e91d92595972ea5810537d87eb664f5bcd.sol:2809:9: GC: Use Custom Errors instead of require statements [Warning/gas-custom-errors]
/sb/0x00a4d8e91d92595972ea5810537d87eb664f5bcd.sol:2833:5: Missing @notice tag in function 'functionStaticCall' [Warning/use-natspec]
/sb/0x00a4d8e91d92595972ea5810537d87eb664f5bcd.sol:2833:5: Missing @param tag in function 'functionStaticCall' [Warning/use-natspec]
/sb/0x00a4d8e91d92595972ea5810537d87eb664f5bcd.sol:2833:5: Mismatch in @param names for function 'functionStaticCall'. Expected: [target, data], Found: [] [Warning/use-natspec]
/sb/0x00a4d8e91d92595972ea5810537d87eb664f5bcd.sol:2833:5: Missing @return tag in function 'functionStaticCall' [Warning/use-natspec]
/sb/0x00a4d8e91d92595972ea5810537d87eb664f5bcd.sol:2833:5: Mismatch in @return count for function 'functionStaticCall'. Expected: 1, Found: 0 [Warning/use-natspec]
/sb/0x00a4d8e91d92595972ea5810537d87eb664f5bcd.sol:2835:16: GC: String exceeds 32 bytes [Warning/gas-small-strings]
/sb/0x00a4d8e91d92595972ea5810537d87eb664f5bcd.sol:2853:5: Missing @notice tag in function 'functionStaticCall' [Warning/use-natspec]
/sb/0x00a4d8e91d92595972ea5810537d87eb664f5bcd.sol:2853:5: Missing @param tag in function 'functionStaticCall' [Warning/use-natspec]
/sb/0x00a4d8e91d92595972ea5810537d87eb664f5bcd.sol:2853:5: Mismatch in @param names for function 'functionStaticCall'. Expected: [target, data, errorMessage], Found: [] [Warning/use-natspec]
/sb/0x00a4d8e91d92595972ea5810537d87eb664f5bcd.sol:2853:5: Missing @return tag in function 'functionStaticCall' [Warning/use-natspec]
/sb/0x00a4d8e91d92595972ea5810537d87eb664f5bcd.sol:2853:5: Mismatch in @return count for function 'functionStaticCall'. Expected: 1, Found: 0 [Warning/use-natspec]
/sb/0x00a4d8e91d92595972ea5810537d87eb664f5bcd.sol:2863:9: Error message for require is too long: 36 counted / 32 allowed [Warning/reason-string]
/sb/0x00a4d8e91d92595972ea5810537d87eb664f5bcd.sol:2863:9: GC: String exceeds 32 bytes [Warning/gas-small-strings]
/sb/0x00a4d8e91d92595972ea5810537d87eb664f5bcd.sol:2863:9: GC: Use Custom Errors instead of require statements [Warning/gas-custom-errors]
/sb/0x00a4d8e91d92595972ea5810537d87eb664f5bcd.sol:2887:5: Missing @notice tag in function 'functionDelegateCall' [Warning/use-natspec]
/sb/0x00a4d8e91d92595972ea5810537d87eb664f5bcd.sol:2887:5: Missing @param tag in function 'functionDelegateCall' [Warning/use-natspec]
/sb/0x00a4d8e91d92595972ea5810537d87eb664f5bcd.sol:2887:5: Mismatch in @param names for function 'functionDelegateCall'. Expected: [target, data], Found: [] [Warning/use-natspec]
/sb/0x00a4d8e91d92595972ea5810537d87eb664f5bcd.sol:2887:5: Missing @return tag in function 'functionDelegateCall' [Warning/use-natspec]
/sb/0x00a4d8e91d92595972ea5810537d87eb664f5bcd.sol:2887:5: Mismatch in @return count for function 'functionDelegateCall'. Expected: 1, Found: 0 [Warning/use-natspec]
/sb/0x00a4d8e91d92595972ea5810537d87eb664f5bcd.sol:2889:16: GC: String exceeds 32 bytes [Warning/gas-small-strings]
/sb/0x00a4d8e91d92595972ea5810537d87eb664f5bcd.sol:2907:5: Missing @notice tag in function 'functionDelegateCall' [Warning/use-natspec]
/sb/0x00a4d8e91d92595972ea5810537d87eb664f5bcd.sol:2907:5: Missing @param tag in function 'functionDelegateCall' [Warning/use-natspec]
/sb/0x00a4d8e91d92595972ea5810537d87eb664f5bcd.sol:2907:5: Mismatch in @param names for function 'functionDelegateCall'. Expected: [target, data, errorMessage], Found: [] [Warning/use-natspec]
/sb/0x00a4d8e91d92595972ea5810537d87eb664f5bcd.sol:2907:5: Missing @return tag in function 'functionDelegateCall' [Warning/use-natspec]
/sb/0x00a4d8e91d92595972ea5810537d87eb664f5bcd.sol:2907:5: Mismatch in @return count for function 'functionDelegateCall'. Expected: 1, Found: 0 [Warning/use-natspec]
/sb/0x00a4d8e91d92595972ea5810537d87eb664f5bcd.sol:2917:9: Error message for require is too long: 38 counted / 32 allowed [Warning/reason-string]
/sb/0x00a4d8e91d92595972ea5810537d87eb664f5bcd.sol:2917:9: GC: String exceeds 32 bytes [Warning/gas-small-strings]
/sb/0x00a4d8e91d92595972ea5810537d87eb664f5bcd.sol:2917:9: GC: Use Custom Errors instead of require statements [Warning/gas-custom-errors]
/sb/0x00a4d8e91d92595972ea5810537d87eb664f5bcd.sol:2921:51: Avoid to use low level calls. [Warning/avoid-low-level-calls]
/sb/0x00a4d8e91d92595972ea5810537d87eb664f5bcd.sol:2941:5: Missing @notice tag in function 'verifyCallResult' [Warning/use-natspec]
/sb/0x00a4d8e91d92595972ea5810537d87eb664f5bcd.sol:2941:5: Missing @param tag in function 'verifyCallResult' [Warning/use-natspec]
/sb/0x00a4d8e91d92595972ea5810537d87eb664f5bcd.sol:2941:5: Mismatch in @param names for function 'verifyCallResult'. Expected: [success, returndata, errorMessage], Found: [] [Warning/use-natspec]
/sb/0x00a4d8e91d92595972ea5810537d87eb664f5bcd.sol:2941:5: Missing @return tag in function 'verifyCallResult' [Warning/use-natspec]
/sb/0x00a4d8e91d92595972ea5810537d87eb664f5bcd.sol:2941:5: Mismatch in @return count for function 'verifyCallResult'. Expected: 1, Found: 0 [Warning/use-natspec]
/sb/0x00a4d8e91d92595972ea5810537d87eb664f5bcd.sol:2965:17: Avoid to use inline assembly. It is acceptable only in rare cases [Warning/no-inline-assembly]
/sb/0x00a4d8e91d92595972ea5810537d87eb664f5bcd.sol:2997:1: Compiler version ^0.8.0 does not satisfy the ^0.8.24 semver requirement [Error/compiler-version]
/sb/0x00a4d8e91d92595972ea5810537d87eb664f5bcd.sol:3011:1: Missing @author tag in contract 'IERC721Receiver' [Warning/use-natspec]
/sb/0x00a4d8e91d92595972ea5810537d87eb664f5bcd.sol:3011:1: Missing @notice tag in contract 'IERC721Receiver' [Warning/use-natspec]
/sb/0x00a4d8e91d92595972ea5810537d87eb664f5bcd.sol:3031:5: Missing @notice tag in function 'onERC721Received' [Warning/use-natspec]
/sb/0x00a4d8e91d92595972ea5810537d87eb664f5bcd.sol:3031:5: Missing @param tag in function 'onERC721Received' [Warning/use-natspec]
/sb/0x00a4d8e91d92595972ea5810537d87eb664f5bcd.sol:3031:5: Mismatch in @param names for function 'onERC721Received'. Expected: [operator, from, tokenId, data], Found: [] [Warning/use-natspec]
/sb/0x00a4d8e91d92595972ea5810537d87eb664f5bcd.sol:3031:5: Missing @return tag in function 'onERC721Received' [Warning/use-natspec]
/sb/0x00a4d8e91d92595972ea5810537d87eb664f5bcd.sol:3031:5: Mismatch in @return count for function 'onERC721Received'. Expected: 1, Found: 0 [Warning/use-natspec]
/sb/0x00a4d8e91d92595972ea5810537d87eb664f5bcd.sol:3057:1: Compiler version ^0.8.0 does not satisfy the ^0.8.24 semver requirement [Error/compiler-version]
/sb/0x00a4d8e91d92595972ea5810537d87eb664f5bcd.sol:3079:1: Missing @title tag in contract 'IERC165' [Warning/use-natspec]
/sb/0x00a4d8e91d92595972ea5810537d87eb664f5bcd.sol:3079:1: Missing @author tag in contract 'IERC165' [Warning/use-natspec]
/sb/0x00a4d8e91d92595972ea5810537d87eb664f5bcd.sol:3079:1: Missing @notice tag in contract 'IERC165' [Warning/use-natspec]
/sb/0x00a4d8e91d92595972ea5810537d87eb664f5bcd.sol:3097:5: Missing @notice tag in function 'supportsInterface' [Warning/use-natspec]
/sb/0x00a4d8e91d92595972ea5810537d87eb664f5bcd.sol:3097:5: Missing @param tag in function 'supportsInterface' [Warning/use-natspec]
/sb/0x00a4d8e91d92595972ea5810537d87eb664f5bcd.sol:3097:5: Mismatch in @param names for function 'supportsInterface'. Expected: [interfaceId], Found: [] [Warning/use-natspec]
/sb/0x00a4d8e91d92595972ea5810537d87eb664f5bcd.sol:3097:5: Missing @return tag in function 'supportsInterface' [Warning/use-natspec]
/sb/0x00a4d8e91d92595972ea5810537d87eb664f5bcd.sol:3097:5: Mismatch in @return count for function 'supportsInterface'. Expected: 1, Found: 0 [Warning/use-natspec]
/sb/0x00a4d8e91d92595972ea5810537d87eb664f5bcd.sol:3113:1: Compiler version ^0.8.0 does not satisfy the ^0.8.24 semver requirement [Error/compiler-version]
/sb/0x00a4d8e91d92595972ea5810537d87eb664f5bcd.sol:3147:1: Missing @title tag in contract 'ERC165' [Warning/use-natspec]
/sb/0x00a4d8e91d92595972ea5810537d87eb664f5bcd.sol:3147:1: Missing @author tag in contract 'ERC165' [Warning/use-natspec]
/sb/0x00a4d8e91d92595972ea5810537d87eb664f5bcd.sol:3147:1: Missing @notice tag in contract 'ERC165' [Warning/use-natspec]
/sb/0x00a4d8e91d92595972ea5810537d87eb664f5bcd.sol:3155:5: Missing @notice tag in function 'supportsInterface' [Warning/use-natspec]
/sb/0x00a4d8e91d92595972ea5810537d87eb664f5bcd.sol:3155:5: Missing @param tag in function 'supportsInterface' [Warning/use-natspec]
/sb/0x00a4d8e91d92595972ea5810537d87eb664f5bcd.sol:3155:5: Mismatch in @param names for function 'supportsInterface'. Expected: [interfaceId], Found: [] [Warning/use-natspec]
/sb/0x00a4d8e91d92595972ea5810537d87eb664f5bcd.sol:3155:5: Missing @return tag in function 'supportsInterface' [Warning/use-natspec]
/sb/0x00a4d8e91d92595972ea5810537d87eb664f5bcd.sol:3155:5: Mismatch in @return count for function 'supportsInterface'. Expected: 1, Found: 0 [Warning/use-natspec]
/sb/0x00a4d8e91d92595972ea5810537d87eb664f5bcd.sol:3175:1: Compiler version ^0.8.0 does not satisfy the ^0.8.24 semver requirement [Error/compiler-version]
/sb/0x00a4d8e91d92595972ea5810537d87eb664f5bcd.sol:3187:1: Missing @title tag in contract 'IERC721' [Warning/use-natspec]
/sb/0x00a4d8e91d92595972ea5810537d87eb664f5bcd.sol:3187:1: Missing @author tag in contract 'IERC721' [Warning/use-natspec]
/sb/0x00a4d8e91d92595972ea5810537d87eb664f5bcd.sol:3187:1: Missing @notice tag in contract 'IERC721' [Warning/use-natspec]
/sb/0x00a4d8e91d92595972ea5810537d87eb664f5bcd.sol:3195:5: Missing @notice tag in event 'Transfer' [Warning/use-natspec]
/sb/0x00a4d8e91d92595972ea5810537d87eb664f5bcd.sol:3195:5: Missing @param tag in event 'Transfer' [Warning/use-natspec]
/sb/0x00a4d8e91d92595972ea5810537d87eb664f5bcd.sol:3195:5: Mismatch in @param names for event 'Transfer'. Expected: [from, to, tokenId], Found: [] [Warning/use-natspec]
/sb/0x00a4d8e91d92595972ea5810537d87eb664f5bcd.sol:3205:5: Missing @notice tag in event 'Approval' [Warning/use-natspec]
/sb/0x00a4d8e91d92595972ea5810537d87eb664f5bcd.sol:3205:5: Missing @param tag in event 'Approval' [Warning/use-natspec]
/sb/0x00a4d8e91d92595972ea5810537d87eb664f5bcd.sol:3205:5: Mismatch in @param names for event 'Approval'. Expected: [owner, approved, tokenId], Found: [] [Warning/use-natspec]
/sb/0x00a4d8e91d92595972ea5810537d87eb664f5bcd.sol:3215:5: Missing @notice tag in event 'ApprovalForAll' [Warning/use-natspec]
/sb/0x00a4d8e91d92595972ea5810537d87eb664f5bcd.sol:3215:5: Missing @param tag in event 'ApprovalForAll' [Warning/use-natspec]
/sb/0x00a4d8e91d92595972ea5810537d87eb664f5bcd.sol:3215:5: Mismatch in @param names for event 'ApprovalForAll'. Expected: [owner, operator, approved], Found: [] [Warning/use-natspec]
/sb/0x00a4d8e91d92595972ea5810537d87eb664f5bcd.sol:3215:5: GC: [approved] on Event [ApprovalForAll] could be Indexed [Warning/gas-indexed-events]
/sb/0x00a4d8e91d92595972ea5810537d87eb664f5bcd.sol:3225:5: Missing @notice tag in function 'balanceOf' [Warning/use-natspec]
/sb/0x00a4d8e91d92595972ea5810537d87eb664f5bcd.sol:3225:5: Missing @param tag in function 'balanceOf' [Warning/use-natspec]
/sb/0x00a4d8e91d92595972ea5810537d87eb664f5bcd.sol:3225:5: Mismatch in @param names for function 'balanceOf'. Expected: [owner], Found: [] [Warning/use-natspec]
/sb/0x00a4d8e91d92595972ea5810537d87eb664f5bcd.sol:3225:5: Missing @return tag in function 'balanceOf' [Warning/use-natspec]
/sb/0x00a4d8e91d92595972ea5810537d87eb664f5bcd.sol:3225:5: Mismatch in @return names for function 'balanceOf'. Expected: [balance], Found: [] [Warning/use-natspec]
/sb/0x00a4d8e91d92595972ea5810537d87eb664f5bcd.sol:3243:5: Missing @notice tag in function 'ownerOf' [Warning/use-natspec]
/sb/0x00a4d8e91d92595972ea5810537d87eb664f5bcd.sol:3243:5: Missing @param tag in function 'ownerOf' [Warning/use-natspec]
/sb/0x00a4d8e91d92595972ea5810537d87eb664f5bcd.sol:3243:5: Mismatch in @param names for function 'ownerOf'. Expected: [tokenId], Found: [] [Warning/use-natspec]
/sb/0x00a4d8e91d92595972ea5810537d87eb664f5bcd.sol:3243:5: Missing @return tag in function 'ownerOf' [Warning/use-natspec]
/sb/0x00a4d8e91d92595972ea5810537d87eb664f5bcd.sol:3243:5: Mismatch in @return names for function 'ownerOf'. Expected: [owner], Found: [] [Warning/use-natspec]
/sb/0x00a4d8e91d92595972ea5810537d87eb664f5bcd.sol:3273:5: Missing @notice tag in function 'safeTransferFrom' [Warning/use-natspec]
/sb/0x00a4d8e91d92595972ea5810537d87eb664f5bcd.sol:3273:5: Missing @param tag in function 'safeTransferFrom' [Warning/use-natspec]
/sb/0x00a4d8e91d92595972ea5810537d87eb664f5bcd.sol:3273:5: Mismatch in @param names for function 'safeTransferFrom'. Expected: [from, to, tokenId, data], Found: [] [Warning/use-natspec]
/sb/0x00a4d8e91d92595972ea5810537d87eb664f5bcd.sol:3315:5: Missing @notice tag in function 'safeTransferFrom' [Warning/use-natspec]
/sb/0x00a4d8e91d92595972ea5810537d87eb664f5bcd.sol:3315:5: Missing @param tag in function 'safeTransferFrom
