A new version of Solhint is available: 6.0.1
Please consider updating your Solhint package.
/sb/0x001d7d32e793498a04eb212210b38ca09e094cda.sol:1:1: Found more than One contract per file. 4 contracts found! [Warning/one-contract-per-file]
/sb/0x001d7d32e793498a04eb212210b38ca09e094cda.sol:1:1: Compiler version ^0.4.18 does not satisfy the ^0.8.24 semver requirement [Error/compiler-version]
/sb/0x001d7d32e793498a04eb212210b38ca09e094cda.sol:13:1: Missing @author tag in contract 'SafeMath' [Warning/use-natspec]
/sb/0x001d7d32e793498a04eb212210b38ca09e094cda.sol:13:1: Missing @notice tag in contract 'SafeMath' [Warning/use-natspec]
/sb/0x001d7d32e793498a04eb212210b38ca09e094cda.sol:15:3: Missing @notice tag in function 'mul' [Warning/use-natspec]
/sb/0x001d7d32e793498a04eb212210b38ca09e094cda.sol:15:3: Missing @param tag in function 'mul' [Warning/use-natspec]
/sb/0x001d7d32e793498a04eb212210b38ca09e094cda.sol:15:3: Mismatch in @param names for function 'mul'. Expected: [a, b], Found: [] [Warning/use-natspec]
/sb/0x001d7d32e793498a04eb212210b38ca09e094cda.sol:15:3: Missing @return tag in function 'mul' [Warning/use-natspec]
/sb/0x001d7d32e793498a04eb212210b38ca09e094cda.sol:15:3: Mismatch in @return count for function 'mul'. Expected: 1, Found: 0 [Warning/use-natspec]
/sb/0x001d7d32e793498a04eb212210b38ca09e094cda.sol:25:3: Missing @notice tag in function 'div' [Warning/use-natspec]
/sb/0x001d7d32e793498a04eb212210b38ca09e094cda.sol:25:3: Missing @param tag in function 'div' [Warning/use-natspec]
/sb/0x001d7d32e793498a04eb212210b38ca09e094cda.sol:25:3: Mismatch in @param names for function 'div'. Expected: [a, b], Found: [] [Warning/use-natspec]
/sb/0x001d7d32e793498a04eb212210b38ca09e094cda.sol:25:3: Missing @return tag in function 'div' [Warning/use-natspec]
/sb/0x001d7d32e793498a04eb212210b38ca09e094cda.sol:25:3: Mismatch in @return count for function 'div'. Expected: 1, Found: 0 [Warning/use-natspec]
/sb/0x001d7d32e793498a04eb212210b38ca09e094cda.sol:37:3: Missing @notice tag in function 'sub' [Warning/use-natspec]
/sb/0x001d7d32e793498a04eb212210b38ca09e094cda.sol:37:3: Missing @param tag in function 'sub' [Warning/use-natspec]
/sb/0x001d7d32e793498a04eb212210b38ca09e094cda.sol:37:3: Mismatch in @param names for function 'sub'. Expected: [a, b], Found: [] [Warning/use-natspec]
/sb/0x001d7d32e793498a04eb212210b38ca09e094cda.sol:37:3: Missing @return tag in function 'sub' [Warning/use-natspec]
/sb/0x001d7d32e793498a04eb212210b38ca09e094cda.sol:37:3: Mismatch in @return count for function 'sub'. Expected: 1, Found: 0 [Warning/use-natspec]
/sb/0x001d7d32e793498a04eb212210b38ca09e094cda.sol:39:12: GC: Non strict inequality found. Try converting to a strict one [Warning/gas-strict-inequalities]
/sb/0x001d7d32e793498a04eb212210b38ca09e094cda.sol:45:3: Missing @notice tag in function 'add' [Warning/use-natspec]
/sb/0x001d7d32e793498a04eb212210b38ca09e094cda.sol:45:3: Missing @param tag in function 'add' [Warning/use-natspec]
/sb/0x001d7d32e793498a04eb212210b38ca09e094cda.sol:45:3: Mismatch in @param names for function 'add'. Expected: [a, b], Found: [] [Warning/use-natspec]
/sb/0x001d7d32e793498a04eb212210b38ca09e094cda.sol:45:3: Missing @return tag in function 'add' [Warning/use-natspec]
/sb/0x001d7d32e793498a04eb212210b38ca09e094cda.sol:45:3: Mismatch in @return count for function 'add'. Expected: 1, Found: 0 [Warning/use-natspec]
/sb/0x001d7d32e793498a04eb212210b38ca09e094cda.sol:49:12: GC: Non strict inequality found. Try converting to a strict one [Warning/gas-strict-inequalities]
/sb/0x001d7d32e793498a04eb212210b38ca09e094cda.sol:59:1: Missing @title tag in contract 'token' [Warning/use-natspec]
/sb/0x001d7d32e793498a04eb212210b38ca09e094cda.sol:59:1: Missing @author tag in contract 'token' [Warning/use-natspec]
/sb/0x001d7d32e793498a04eb212210b38ca09e094cda.sol:59:1: Missing @notice tag in contract 'token' [Warning/use-natspec]
/sb/0x001d7d32e793498a04eb212210b38ca09e094cda.sol:59:1: Contract, Structs and Enums should be in CapWords [Warning/contract-name-capwords]
/sb/0x001d7d32e793498a04eb212210b38ca09e094cda.sol:63:3: Missing @notice tag in function 'balanceOf' [Warning/use-natspec]
/sb/0x001d7d32e793498a04eb212210b38ca09e094cda.sol:63:3: Missing @param tag in function 'balanceOf' [Warning/use-natspec]
/sb/0x001d7d32e793498a04eb212210b38ca09e094cda.sol:63:3: Mismatch in @param names for function 'balanceOf'. Expected: [_owner], Found: [] [Warning/use-natspec]
/sb/0x001d7d32e793498a04eb212210b38ca09e094cda.sol:63:3: Missing @return tag in function 'balanceOf' [Warning/use-natspec]
/sb/0x001d7d32e793498a04eb212210b38ca09e094cda.sol:63:3: Mismatch in @return names for function 'balanceOf'. Expected: [balance], Found: [] [Warning/use-natspec]
/sb/0x001d7d32e793498a04eb212210b38ca09e094cda.sol:65:3: Missing @notice tag in function 'transfer' [Warning/use-natspec]
/sb/0x001d7d32e793498a04eb212210b38ca09e094cda.sol:65:3: Missing @param tag in function 'transfer' [Warning/use-natspec]
/sb/0x001d7d32e793498a04eb212210b38ca09e094cda.sol:65:3: Mismatch in @param names for function 'transfer'. Expected: [_to, _value], Found: [] [Warning/use-natspec]
/sb/0x001d7d32e793498a04eb212210b38ca09e094cda.sol:65:3: Missing @return tag in function 'transfer' [Warning/use-natspec]
/sb/0x001d7d32e793498a04eb212210b38ca09e094cda.sol:65:3: Mismatch in @return names for function 'transfer'. Expected: [success], Found: [] [Warning/use-natspec]
/sb/0x001d7d32e793498a04eb212210b38ca09e094cda.sol:73:1: Missing @title tag in contract 'Ownable' [Warning/use-natspec]
/sb/0x001d7d32e793498a04eb212210b38ca09e094cda.sol:73:1: Missing @author tag in contract 'Ownable' [Warning/use-natspec]
/sb/0x001d7d32e793498a04eb212210b38ca09e094cda.sol:73:1: Missing @notice tag in contract 'Ownable' [Warning/use-natspec]
/sb/0x001d7d32e793498a04eb212210b38ca09e094cda.sol:75:3: Missing @notice tag in variable 'owner' [Warning/use-natspec]
/sb/0x001d7d32e793498a04eb212210b38ca09e094cda.sol:77:3: Missing @notice tag in event 'OwnershipTransferred' [Warning/use-natspec]
/sb/0x001d7d32e793498a04eb212210b38ca09e094cda.sol:77:3: Missing @param tag in event 'OwnershipTransferred' [Warning/use-natspec]
/sb/0x001d7d32e793498a04eb212210b38ca09e094cda.sol:77:3: Mismatch in @param names for event 'OwnershipTransferred'. Expected: [previousOwner, newOwner], Found: [] [Warning/use-natspec]
/sb/0x001d7d32e793498a04eb212210b38ca09e094cda.sol:87:3: Missing @notice tag in function '<anonymous>' [Warning/use-natspec]
/sb/0x001d7d32e793498a04eb212210b38ca09e094cda.sol:87:3: Constructor keyword not available before 0.4.22 (^0.4.18) [Warning/constructor-syntax]
/sb/0x001d7d32e793498a04eb212210b38ca09e094cda.sol:101:5: Provide an error message for require [Warning/reason-string]
/sb/0x001d7d32e793498a04eb212210b38ca09e094cda.sol:115:3: Missing @notice tag in function 'transferOwnership' [Warning/use-natspec]
/sb/0x001d7d32e793498a04eb212210b38ca09e094cda.sol:115:58: Visibility modifier must be first in list of modifiers [Warning/visibility-modifier-order]
/sb/0x001d7d32e793498a04eb212210b38ca09e094cda.sol:117:5: Provide an error message for require [Warning/reason-string]
/sb/0x001d7d32e793498a04eb212210b38ca09e094cda.sol:129:1: Missing @title tag in contract 'lockEtherPay' [Warning/use-natspec]
/sb/0x001d7d32e793498a04eb212210b38ca09e094cda.sol:129:1: Missing @author tag in contract 'lockEtherPay' [Warning/use-natspec]
/sb/0x001d7d32e793498a04eb212210b38ca09e094cda.sol:129:1: Missing @notice tag in contract 'lockEtherPay' [Warning/use-natspec]
/sb/0x001d7d32e793498a04eb212210b38ca09e094cda.sol:129:1: Contract, Structs and Enums should be in CapWords [Warning/contract-name-capwords]
/sb/0x001d7d32e793498a04eb212210b38ca09e094cda.sol:135:3: Explicitly mark visibility of state [Warning/state-visibility]
/sb/0x001d7d32e793498a04eb212210b38ca09e094cda.sol:135:3: Variable name must be in mixedCase token_reward [Warning/var-name-mixedcase]
/sb/0x001d7d32e793498a04eb212210b38ca09e094cda.sol:137:3: Missing @notice tag in variable 'beneficiary' [Warning/use-natspec]
/sb/0x001d7d32e793498a04eb212210b38ca09e094cda.sol:139:3: Missing @notice tag in variable 'isLocked' [Warning/use-natspec]
/sb/0x001d7d32e793498a04eb212210b38ca09e094cda.sol:141:3: Missing @notice tag in variable 'isReleased' [Warning/use-natspec]
/sb/0x001d7d32e793498a04eb212210b38ca09e094cda.sol:143:3: Missing @notice tag in variable 'start_time' [Warning/use-natspec]
/sb/0x001d7d32e793498a04eb212210b38ca09e094cda.sol:143:3: Variable name must be in mixedCase start_time [Warning/var-name-mixedcase]
/sb/0x001d7d32e793498a04eb212210b38ca09e094cda.sol:145:3: Missing @notice tag in variable 'end_time' [Warning/use-natspec]
/sb/0x001d7d32e793498a04eb212210b38ca09e094cda.sol:145:3: Variable name must be in mixedCase end_time [Warning/var-name-mixedcase]
/sb/0x001d7d32e793498a04eb212210b38ca09e094cda.sol:147:3: Missing @notice tag in variable 'fifty_two_weeks' [Warning/use-natspec]
/sb/0x001d7d32e793498a04eb212210b38ca09e094cda.sol:147:3: Variable name must be in mixedCase fifty_two_weeks [Warning/var-name-mixedcase]
/sb/0x001d7d32e793498a04eb212210b38ca09e094cda.sol:151:3: Missing @notice tag in event 'TokenReleased' [Warning/use-natspec]
/sb/0x001d7d32e793498a04eb212210b38ca09e094cda.sol:151:3: Missing @param tag in event 'TokenReleased' [Warning/use-natspec]
/sb/0x001d7d32e793498a04eb212210b38ca09e094cda.sol:151:3: Mismatch in @param names for event 'TokenReleased'. Expected: [beneficiary, token_amount], Found: [] [Warning/use-natspec]
/sb/0x001d7d32e793498a04eb212210b38ca09e094cda.sol:151:3: GC: [beneficiary] on Event [TokenReleased] could be Indexed [Warning/gas-indexed-events]
/sb/0x001d7d32e793498a04eb212210b38ca09e094cda.sol:151:3: GC: [token_amount] on Event [TokenReleased] could be Indexed [Warning/gas-indexed-events]
/sb/0x001d7d32e793498a04eb212210b38ca09e094cda.sol:151:44: Variable name must be in mixedCase token_amount [Warning/var-name-mixedcase]
/sb/0x001d7d32e793498a04eb212210b38ca09e094cda.sol:155:3: Missing @notice tag in function '<anonymous>' [Warning/use-natspec]
/sb/0x001d7d32e793498a04eb212210b38ca09e094cda.sol:155:3: Constructor keyword not available before 0.4.22 (^0.4.18) [Warning/constructor-syntax]
/sb/0x001d7d32e793498a04eb212210b38ca09e094cda.sol:165:3: Missing @notice tag in function 'tokenBalance' [Warning/use-natspec]
/sb/0x001d7d32e793498a04eb212210b38ca09e094cda.sol:165:3: Missing @return tag in function 'tokenBalance' [Warning/use-natspec]
/sb/0x001d7d32e793498a04eb212210b38ca09e094cda.sol:165:3: Mismatch in @return count for function 'tokenBalance'. Expected: 1, Found: 0 [Warning/use-natspec]
/sb/0x001d7d32e793498a04eb212210b38ca09e094cda.sol:165:36: Visibility modifier must be first in list of modifiers [Warning/visibility-modifier-order]
/sb/0x001d7d32e793498a04eb212210b38ca09e094cda.sol:173:3: Missing @notice tag in function 'lock' [Warning/use-natspec]
/sb/0x001d7d32e793498a04eb212210b38ca09e094cda.sol:173:3: Missing @return tag in function 'lock' [Warning/use-natspec]
/sb/0x001d7d32e793498a04eb212210b38ca09e094cda.sol:173:3: Mismatch in @return count for function 'lock'. Expected: 1, Found: 0 [Warning/use-natspec]
/sb/0x001d7d32e793498a04eb212210b38ca09e094cda.sol:175:4: Provide an error message for require [Warning/reason-string]
/sb/0x001d7d32e793498a04eb212210b38ca09e094cda.sol:177:4: Provide an error message for require [Warning/reason-string]
/sb/0x001d7d32e793498a04eb212210b38ca09e094cda.sol:189:3: Missing @notice tag in function 'lockOver' [Warning/use-natspec]
/sb/0x001d7d32e793498a04eb212210b38ca09e094cda.sol:189:3: Missing @return tag in function 'lockOver' [Warning/use-natspec]
/sb/0x001d7d32e793498a04eb212210b38ca09e094cda.sol:189:3: Mismatch in @return count for function 'lockOver'. Expected: 1, Found: 0 [Warning/use-natspec]
/sb/0x001d7d32e793498a04eb212210b38ca09e094cda.sol:189:32: Visibility modifier must be first in list of modifiers [Warning/visibility-modifier-order]
/sb/0x001d7d32e793498a04eb212210b38ca09e094cda.sol:191:4: Variable name must be in mixedCase current_time [Warning/var-name-mixedcase]
/sb/0x001d7d32e793498a04eb212210b38ca09e094cda.sol:199:2: Missing @notice tag in function 'release' [Warning/use-natspec]
/sb/0x001d7d32e793498a04eb212210b38ca09e094cda.sol:199:31: Visibility modifier must be first in list of modifiers [Warning/visibility-modifier-order]
/sb/0x001d7d32e793498a04eb212210b38ca09e094cda.sol:201:5: Provide an error message for require [Warning/reason-string]
/sb/0x001d7d32e793498a04eb212210b38ca09e094cda.sol:203:5: Provide an error message for require [Warning/reason-string]
/sb/0x001d7d32e793498a04eb212210b38ca09e094cda.sol:205:5: Provide an error message for require [Warning/reason-string]
/sb/0x001d7d32e793498a04eb212210b38ca09e094cda.sol:207:5: Variable name must be in mixedCase token_amount [Warning/var-name-mixedcase]
/sb/0x001d7d32e793498a04eb212210b38ca09e094cda.sol:213:5: Possible reentrancy vulnerabilities. Avoid state changes after transfer. [Warning/reentrancy]

97 problem/s (1 error/s, 96 warning/s)
