A new version of Solhint is available: 6.0.1
Please consider updating your Solhint package.
/sb/0x70135f213345cd39370c767150dab36b4a385f12.sol:1:1: Found more than One contract per file. 2 contracts found! [Warning/one-contract-per-file]
/sb/0x70135f213345cd39370c767150dab36b4a385f12.sol:1:1: Compiler version ^0.4.15 does not satisfy the ^0.8.24 semver requirement [Error/compiler-version]
/sb/0x70135f213345cd39370c767150dab36b4a385f12.sol:10:2: Missing @title tag in contract 'ERC20Interface' [Warning/use-natspec]
/sb/0x70135f213345cd39370c767150dab36b4a385f12.sol:10:2: Missing @author tag in contract 'ERC20Interface' [Warning/use-natspec]
/sb/0x70135f213345cd39370c767150dab36b4a385f12.sol:10:2: Missing @notice tag in contract 'ERC20Interface' [Warning/use-natspec]
/sb/0x70135f213345cd39370c767150dab36b4a385f12.sol:12:7: Missing @notice tag in function 'totalSupply' [Warning/use-natspec]
/sb/0x70135f213345cd39370c767150dab36b4a385f12.sol:12:7: Missing @return tag in function 'totalSupply' [Warning/use-natspec]
/sb/0x70135f213345cd39370c767150dab36b4a385f12.sol:12:7: Mismatch in @return count for function 'totalSupply'. Expected: 1, Found: 0 [Warning/use-natspec]
/sb/0x70135f213345cd39370c767150dab36b4a385f12.sol:12:7: Explicitly mark visibility in function [Warning/func-visibility]
/sb/0x70135f213345cd39370c767150dab36b4a385f12.sol:15:7: Missing @notice tag in function 'balanceOf' [Warning/use-natspec]
/sb/0x70135f213345cd39370c767150dab36b4a385f12.sol:15:7: Missing @param tag in function 'balanceOf' [Warning/use-natspec]
/sb/0x70135f213345cd39370c767150dab36b4a385f12.sol:15:7: Mismatch in @param names for function 'balanceOf'. Expected: [_owner], Found: [] [Warning/use-natspec]
/sb/0x70135f213345cd39370c767150dab36b4a385f12.sol:15:7: Missing @return tag in function 'balanceOf' [Warning/use-natspec]
/sb/0x70135f213345cd39370c767150dab36b4a385f12.sol:15:7: Mismatch in @return names for function 'balanceOf'. Expected: [balance], Found: [] [Warning/use-natspec]
/sb/0x70135f213345cd39370c767150dab36b4a385f12.sol:15:7: Explicitly mark visibility in function [Warning/func-visibility]
/sb/0x70135f213345cd39370c767150dab36b4a385f12.sol:18:7: Missing @notice tag in function 'transfer' [Warning/use-natspec]
/sb/0x70135f213345cd39370c767150dab36b4a385f12.sol:18:7: Missing @param tag in function 'transfer' [Warning/use-natspec]
/sb/0x70135f213345cd39370c767150dab36b4a385f12.sol:18:7: Mismatch in @param names for function 'transfer'. Expected: [_to, _value], Found: [] [Warning/use-natspec]
/sb/0x70135f213345cd39370c767150dab36b4a385f12.sol:18:7: Missing @return tag in function 'transfer' [Warning/use-natspec]
/sb/0x70135f213345cd39370c767150dab36b4a385f12.sol:18:7: Mismatch in @return names for function 'transfer'. Expected: [success], Found: [] [Warning/use-natspec]
/sb/0x70135f213345cd39370c767150dab36b4a385f12.sol:18:7: Explicitly mark visibility in function [Warning/func-visibility]
/sb/0x70135f213345cd39370c767150dab36b4a385f12.sol:21:7: Missing @notice tag in function 'transferFrom' [Warning/use-natspec]
/sb/0x70135f213345cd39370c767150dab36b4a385f12.sol:21:7: Missing @param tag in function 'transferFrom' [Warning/use-natspec]
/sb/0x70135f213345cd39370c767150dab36b4a385f12.sol:21:7: Mismatch in @param names for function 'transferFrom'. Expected: [_from, _to, _value], Found: [] [Warning/use-natspec]
/sb/0x70135f213345cd39370c767150dab36b4a385f12.sol:21:7: Missing @return tag in function 'transferFrom' [Warning/use-natspec]
/sb/0x70135f213345cd39370c767150dab36b4a385f12.sol:21:7: Mismatch in @return names for function 'transferFrom'. Expected: [success], Found: [] [Warning/use-natspec]
/sb/0x70135f213345cd39370c767150dab36b4a385f12.sol:21:7: Explicitly mark visibility in function [Warning/func-visibility]
/sb/0x70135f213345cd39370c767150dab36b4a385f12.sol:26:7: Missing @notice tag in function 'approve' [Warning/use-natspec]
/sb/0x70135f213345cd39370c767150dab36b4a385f12.sol:26:7: Missing @param tag in function 'approve' [Warning/use-natspec]
/sb/0x70135f213345cd39370c767150dab36b4a385f12.sol:26:7: Mismatch in @param names for function 'approve'. Expected: [_spender, _value], Found: [] [Warning/use-natspec]
/sb/0x70135f213345cd39370c767150dab36b4a385f12.sol:26:7: Missing @return tag in function 'approve' [Warning/use-natspec]
/sb/0x70135f213345cd39370c767150dab36b4a385f12.sol:26:7: Mismatch in @return names for function 'approve'. Expected: [success], Found: [] [Warning/use-natspec]
/sb/0x70135f213345cd39370c767150dab36b4a385f12.sol:26:7: Explicitly mark visibility in function [Warning/func-visibility]
/sb/0x70135f213345cd39370c767150dab36b4a385f12.sol:29:7: Missing @notice tag in function 'allowance' [Warning/use-natspec]
/sb/0x70135f213345cd39370c767150dab36b4a385f12.sol:29:7: Missing @param tag in function 'allowance' [Warning/use-natspec]
/sb/0x70135f213345cd39370c767150dab36b4a385f12.sol:29:7: Mismatch in @param names for function 'allowance'. Expected: [_owner, _spender], Found: [] [Warning/use-natspec]
/sb/0x70135f213345cd39370c767150dab36b4a385f12.sol:29:7: Missing @return tag in function 'allowance' [Warning/use-natspec]
/sb/0x70135f213345cd39370c767150dab36b4a385f12.sol:29:7: Mismatch in @return names for function 'allowance'. Expected: [remaining], Found: [] [Warning/use-natspec]
/sb/0x70135f213345cd39370c767150dab36b4a385f12.sol:29:7: Explicitly mark visibility in function [Warning/func-visibility]
/sb/0x70135f213345cd39370c767150dab36b4a385f12.sol:32:7: Missing @notice tag in event 'Transfer' [Warning/use-natspec]
/sb/0x70135f213345cd39370c767150dab36b4a385f12.sol:32:7: Missing @param tag in event 'Transfer' [Warning/use-natspec]
/sb/0x70135f213345cd39370c767150dab36b4a385f12.sol:32:7: Mismatch in @param names for event 'Transfer'. Expected: [_from, _to, _value], Found: [] [Warning/use-natspec]
/sb/0x70135f213345cd39370c767150dab36b4a385f12.sol:32:7: GC: [_value] on Event [Transfer] could be Indexed [Warning/gas-indexed-events]
/sb/0x70135f213345cd39370c767150dab36b4a385f12.sol:35:7: Missing @notice tag in event 'Approval' [Warning/use-natspec]
/sb/0x70135f213345cd39370c767150dab36b4a385f12.sol:35:7: Missing @param tag in event 'Approval' [Warning/use-natspec]
/sb/0x70135f213345cd39370c767150dab36b4a385f12.sol:35:7: Mismatch in @param names for event 'Approval'. Expected: [_owner, _spender, _value], Found: [] [Warning/use-natspec]
/sb/0x70135f213345cd39370c767150dab36b4a385f12.sol:35:7: GC: [_value] on Event [Approval] could be Indexed [Warning/gas-indexed-events]
/sb/0x70135f213345cd39370c767150dab36b4a385f12.sol:38:2: Missing @title tag in contract 'PotaToken' [Warning/use-natspec]
/sb/0x70135f213345cd39370c767150dab36b4a385f12.sol:38:2: Missing @author tag in contract 'PotaToken' [Warning/use-natspec]
/sb/0x70135f213345cd39370c767150dab36b4a385f12.sol:38:2: Missing @notice tag in contract 'PotaToken' [Warning/use-natspec]
/sb/0x70135f213345cd39370c767150dab36b4a385f12.sol:39:7: Missing @notice tag in variable 'symbol' [Warning/use-natspec]
/sb/0x70135f213345cd39370c767150dab36b4a385f12.sol:39:7: Constant name must be in capitalized SNAKE_CASE [Warning/const-name-snakecase]
/sb/0x70135f213345cd39370c767150dab36b4a385f12.sol:40:7: Missing @notice tag in variable 'name' [Warning/use-natspec]
/sb/0x70135f213345cd39370c767150dab36b4a385f12.sol:40:7: Constant name must be in capitalized SNAKE_CASE [Warning/const-name-snakecase]
/sb/0x70135f213345cd39370c767150dab36b4a385f12.sol:41:7: Missing @notice tag in variable 'decimals' [Warning/use-natspec]
/sb/0x70135f213345cd39370c767150dab36b4a385f12.sol:41:7: Constant name must be in capitalized SNAKE_CASE [Warning/const-name-snakecase]
/sb/0x70135f213345cd39370c767150dab36b4a385f12.sol:42:7: Explicitly mark visibility of state [Warning/state-visibility]
/sb/0x70135f213345cd39370c767150dab36b4a385f12.sol:43:4: Explicitly mark visibility of state [Warning/state-visibility]
/sb/0x70135f213345cd39370c767150dab36b4a385f12.sol:46:7: Missing @notice tag in variable 'owner' [Warning/use-natspec]
/sb/0x70135f213345cd39370c767150dab36b4a385f12.sol:49:7: Explicitly mark visibility of state [Warning/state-visibility]
/sb/0x70135f213345cd39370c767150dab36b4a385f12.sol:52:7: Explicitly mark visibility of state [Warning/state-visibility]
/sb/0x70135f213345cd39370c767150dab36b4a385f12.sol:57:15: Provide an error message for revert [Warning/reason-string]
/sb/0x70135f213345cd39370c767150dab36b4a385f12.sol:63:7: Missing @notice tag in function 'PotaToken' [Warning/use-natspec]
/sb/0x70135f213345cd39370c767150dab36b4a385f12.sol:63:7: Explicitly mark visibility in function (Set ignoreConstructors to true if using solidity >=0.7.0) [Warning/func-visibility]
/sb/0x70135f213345cd39370c767150dab36b4a385f12.sol:69:7: Missing @notice tag in function 'totalSupply' [Warning/use-natspec]
/sb/0x70135f213345cd39370c767150dab36b4a385f12.sol:69:7: Missing @return tag in function 'totalSupply' [Warning/use-natspec]
/sb/0x70135f213345cd39370c767150dab36b4a385f12.sol:69:7: Mismatch in @return count for function 'totalSupply'. Expected: 1, Found: 0 [Warning/use-natspec]
/sb/0x70135f213345cd39370c767150dab36b4a385f12.sol:69:7: Explicitly mark visibility in function [Warning/func-visibility]
/sb/0x70135f213345cd39370c767150dab36b4a385f12.sol:74:7: Missing @notice tag in function 'balanceOf' [Warning/use-natspec]
/sb/0x70135f213345cd39370c767150dab36b4a385f12.sol:74:7: Missing @param tag in function 'balanceOf' [Warning/use-natspec]
/sb/0x70135f213345cd39370c767150dab36b4a385f12.sol:74:7: Mismatch in @param names for function 'balanceOf'. Expected: [_owner], Found: [] [Warning/use-natspec]
/sb/0x70135f213345cd39370c767150dab36b4a385f12.sol:74:7: Missing @return tag in function 'balanceOf' [Warning/use-natspec]
/sb/0x70135f213345cd39370c767150dab36b4a385f12.sol:74:7: Mismatch in @return names for function 'balanceOf'. Expected: [balance], Found: [] [Warning/use-natspec]
/sb/0x70135f213345cd39370c767150dab36b4a385f12.sol:74:7: Explicitly mark visibility in function [Warning/func-visibility]
/sb/0x70135f213345cd39370c767150dab36b4a385f12.sol:79:7: Missing @notice tag in function 'transfer' [Warning/use-natspec]
/sb/0x70135f213345cd39370c767150dab36b4a385f12.sol:79:7: Missing @param tag in function 'transfer' [Warning/use-natspec]
/sb/0x70135f213345cd39370c767150dab36b4a385f12.sol:79:7: Mismatch in @param names for function 'transfer'. Expected: [_to, _amount], Found: [] [Warning/use-natspec]
/sb/0x70135f213345cd39370c767150dab36b4a385f12.sol:79:7: Missing @return tag in function 'transfer' [Warning/use-natspec]
/sb/0x70135f213345cd39370c767150dab36b4a385f12.sol:79:7: Mismatch in @return names for function 'transfer'. Expected: [success], Found: [] [Warning/use-natspec]
/sb/0x70135f213345cd39370c767150dab36b4a385f12.sol:79:7: Explicitly mark visibility in function [Warning/func-visibility]
/sb/0x70135f213345cd39370c767150dab36b4a385f12.sol:80:15: GC: Non strict inequality found. Try converting to a strict one [Warning/gas-strict-inequalities]
/sb/0x70135f213345cd39370c767150dab36b4a385f12.sol:98:6: Missing @notice tag in function 'transferFrom' [Warning/use-natspec]
/sb/0x70135f213345cd39370c767150dab36b4a385f12.sol:98:6: Missing @param tag in function 'transferFrom' [Warning/use-natspec]
/sb/0x70135f213345cd39370c767150dab36b4a385f12.sol:98:6: Mismatch in @param names for function 'transferFrom'. Expected: [_from, _to, _amount], Found: [] [Warning/use-natspec]
/sb/0x70135f213345cd39370c767150dab36b4a385f12.sol:98:6: Missing @return tag in function 'transferFrom' [Warning/use-natspec]
/sb/0x70135f213345cd39370c767150dab36b4a385f12.sol:98:6: Mismatch in @return names for function 'transferFrom'. Expected: [success], Found: [] [Warning/use-natspec]
/sb/0x70135f213345cd39370c767150dab36b4a385f12.sol:98:6: Explicitly mark visibility in function [Warning/func-visibility]
/sb/0x70135f213345cd39370c767150dab36b4a385f12.sol:103:14: GC: Non strict inequality found. Try converting to a strict one [Warning/gas-strict-inequalities]
/sb/0x70135f213345cd39370c767150dab36b4a385f12.sol:104:17: GC: Non strict inequality found. Try converting to a strict one [Warning/gas-strict-inequalities]
/sb/0x70135f213345cd39370c767150dab36b4a385f12.sol:119:5: Missing @notice tag in function 'approve' [Warning/use-natspec]
/sb/0x70135f213345cd39370c767150dab36b4a385f12.sol:119:5: Missing @param tag in function 'approve' [Warning/use-natspec]
/sb/0x70135f213345cd39370c767150dab36b4a385f12.sol:119:5: Mismatch in @param names for function 'approve'. Expected: [_spender, _amount], Found: [] [Warning/use-natspec]
/sb/0x70135f213345cd39370c767150dab36b4a385f12.sol:119:5: Missing @return tag in function 'approve' [Warning/use-natspec]
/sb/0x70135f213345cd39370c767150dab36b4a385f12.sol:119:5: Mismatch in @return names for function 'approve'. Expected: [success], Found: [] [Warning/use-natspec]
/sb/0x70135f213345cd39370c767150dab36b4a385f12.sol:119:5: Explicitly mark visibility in function [Warning/func-visibility]
/sb/0x70135f213345cd39370c767150dab36b4a385f12.sol:125:6: Missing @notice tag in function 'allowance' [Warning/use-natspec]
/sb/0x70135f213345cd39370c767150dab36b4a385f12.sol:125:6: Missing @param tag in function 'allowance' [Warning/use-natspec]
/sb/0x70135f213345cd39370c767150dab36b4a385f12.sol:125:6: Mismatch in @param names for function 'allowance'. Expected: [_owner, _spender], Found: [] [Warning/use-natspec]
/sb/0x70135f213345cd39370c767150dab36b4a385f12.sol:125:6: Missing @return tag in function 'allowance' [Warning/use-natspec]
/sb/0x70135f213345cd39370c767150dab36b4a385f12.sol:125:6: Mismatch in @return names for function 'allowance'. Expected: [remaining], Found: [] [Warning/use-natspec]
/sb/0x70135f213345cd39370c767150dab36b4a385f12.sol:125:6: Explicitly mark visibility in function [Warning/func-visibility]
/sb/0x70135f213345cd39370c767150dab36b4a385f12.sol:129:2: Missing @notice tag in function 'withdraw' [Warning/use-natspec]
/sb/0x70135f213345cd39370c767150dab36b4a385f12.sol:129:2: Explicitly mark visibility in function [Warning/func-visibility]
/sb/0x70135f213345cd39370c767150dab36b4a385f12.sol:130:3: Provide an error message for require [Warning/reason-string]
/sb/0x70135f213345cd39370c767150dab36b4a385f12.sol:134:2: Missing @notice tag in function 'disable' [Warning/use-natspec]
/sb/0x70135f213345cd39370c767150dab36b4a385f12.sol:134:2: Explicitly mark visibility in function [Warning/func-visibility]
/sb/0x70135f213345cd39370c767150dab36b4a385f12.sol:135:3: Provide an error message for require [Warning/reason-string]
/sb/0x70135f213345cd39370c767150dab36b4a385f12.sol:139:2: Missing @notice tag in function 'enable' [Warning/use-natspec]
/sb/0x70135f213345cd39370c767150dab36b4a385f12.sol:139:2: Explicitly mark visibility in function [Warning/func-visibility]
/sb/0x70135f213345cd39370c767150dab36b4a385f12.sol:140:3: Provide an error message for require [Warning/reason-string]
/sb/0x70135f213345cd39370c767150dab36b4a385f12.sol:144:3: Missing @notice tag in function '<anonymous>' [Warning/use-natspec]
/sb/0x70135f213345cd39370c767150dab36b4a385f12.sol:144:3: Explicitly mark visibility in function [Warning/func-visibility]
/sb/0x70135f213345cd39370c767150dab36b4a385f12.sol:144:3: Fallback function must be simple [Warning/no-complex-fallback]
/sb/0x70135f213345cd39370c767150dab36b4a385f12.sol:146:4: Provide an error message for require [Warning/reason-string]
/sb/0x70135f213345cd39370c767150dab36b4a385f12.sol:147:4: Rule is set with explicit type [var/s: uint] [Warning/explicit-types]

115 problem/s (1 error/s, 114 warning/s)
