Extract contract GAC from /sb/0x00c2982959f852abbdb0f5ec023609ea1ca579e8.sol
Extracted 1 contract(s) from /sb/0x00c2982959f852abbdb0f5ec023609ea1ca579e8.sol
[0;32m> Created "fuzzMe"[0m
[0;32m> To fuzz contracts:[0m
  chmod +x fuzzMe
  ./fuzzMe
assets/NormalAttacker.sol:5:3: Warning: No visibility specified. Defaulting to "public". 
  function() payable {
  ^ (Relevant source part starts here and spans across multiple lines).
assets/ReentrancyAttacker.sol:8:7: Warning: Return value of low-level calls not used.
      msg.sender.call(bytes4(255));
      ^--------------------------^
assets/ReentrancyAttacker.sol:5:3: Warning: No visibility specified. Defaulting to "public". 
  function() payable {
  ^ (Relevant source part starts here and spans across multiple lines).
>> Fuzz GAC
** Write stats: 0.016247
** Write stats: 5.0033
** Write stats: 10.0063
** Write stats: 15.0011
** Write stats: 20.001
** Write stats: 25.0079
** Write stats: 30.0003
** Write stats: 35.0055
** Write stats: 40.0019
** Write stats: 45.0027
** Write stats: 50.0041
** Write stats: 55.0105
** Write stats: 60.0116
** Write stats: 65.0066
** Write stats: 70.0119
** Write stats: 75.0044
** Write stats: 80.0104
** Write stats: 85.0119
** Write stats: 90.0056
** Write stats: 95.0023
** Write stats: 100.005
** Write stats: 105.004
** Write stats: 110.009
** Write stats: 115.004
** Write stats: 120.011
** Write stats: 120.037
