Extract contract ERC20 from /sb/0x00b0ddc413dfacde1901a872303bad043aa4d212.sol
Extract contract SafeMath from /sb/0x00b0ddc413dfacde1901a872303bad043aa4d212.sol
Extract contract WWSHIB from /sb/0x00b0ddc413dfacde1901a872303bad043aa4d212.sol
Extracted 3 contract(s) from /sb/0x00b0ddc413dfacde1901a872303bad043aa4d212.sol
[0;32m> Created "fuzzMe"[0m
[0;32m> To fuzz contracts:[0m
  chmod +x fuzzMe
  ./fuzzMe
Error: Source file requires different compiler version (current compiler is 0.8.10+commit.fc410830.Linux.g++) - note that nightly builds are considered to be strictly less than the released version
 --> assets/NormalAttacker.sol:1:1:
  |
1 | pragma solidity ^0.4.24;
  | ^^^^^^^^^^^^^^^^^^^^^^^^

Error: Source file requires different compiler version (current compiler is 0.8.10+commit.fc410830.Linux.g++) - note that nightly builds are considered to be strictly less than the released version
 --> assets/ReentrancyAttacker.sol:1:1:
  |
1 | pragma solidity ^0.4.24;
  | ^^^^^^^^^^^^^^^^^^^^^^^^

terminate called after throwing an instance of 'boost::exception_detail::clone_impl<boost::exception_detail::error_info_injector<boost::property_tree::json_parser::json_parser_error> >'
  what():  assets/NormalAttacker.sol.json(1): expected value
./fuzzMe: line 7:    25 Aborted                 (core dumped) ./fuzzer --file contracts/ERC20.sol.json --name ERC20 --assets assets/ --duration 120 --mode 1 --reporter 1 --log 0 --attacker ReentrancyAttacker
terminate called after throwing an instance of 'boost::exception_detail::clone_impl<boost::exception_detail::error_info_injector<boost::property_tree::json_parser::json_parser_error> >'
  what():  assets/NormalAttacker.sol.json(1): expected value
./fuzzMe: line 8:    26 Aborted                 (core dumped) ./fuzzer --file contracts/SafeMath.sol.json --name SafeMath --assets assets/ --duration 120 --mode 1 --reporter 1 --log 0 --attacker ReentrancyAttacker
terminate called after throwing an instance of 'boost::exception_detail::clone_impl<boost::exception_detail::error_info_injector<boost::property_tree::json_parser::json_parser_error> >'
  what():  assets/NormalAttacker.sol.json(1): expected value
./fuzzMe: line 9:    27 Aborted                 (core dumped) ./fuzzer --file contracts/WWSHIB.sol.json --name WWSHIB --assets assets/ --duration 120 --mode 1 --reporter 1 --log 0 --attacker ReentrancyAttacker
