A new version of Solhint is available: 6.0.1
Please consider updating your Solhint package.
/sb/0xf36b0F457999CbBB436EeB28DBb5944bfC3f99DE.sol:1:1: Compiler version >=0.4.0 <0.9.0 does not satisfy the ^0.8.24 semver requirement [Error/compiler-version]
/sb/0xf36b0F457999CbBB436EeB28DBb5944bfC3f99DE.sol:2:1: Missing @title tag in contract 'tickingBomb' [Warning/use-natspec]
/sb/0xf36b0F457999CbBB436EeB28DBb5944bfC3f99DE.sol:2:1: Missing @author tag in contract 'tickingBomb' [Warning/use-natspec]
/sb/0xf36b0F457999CbBB436EeB28DBb5944bfC3f99DE.sol:2:1: Missing @notice tag in contract 'tickingBomb' [Warning/use-natspec]
/sb/0xf36b0F457999CbBB436EeB28DBb5944bfC3f99DE.sol:2:1: Contract, Structs and Enums should be in CapWords [Warning/contract-name-capwords]
/sb/0xf36b0F457999CbBB436EeB28DBb5944bfC3f99DE.sol:3:5: Contract, Structs and Enums should be in CapWords [Warning/contract-name-capwords]
/sb/0xf36b0F457999CbBB436EeB28DBb5944bfC3f99DE.sol:5:9: Rule is set with explicit type [var/s: uint] [Warning/explicit-types]
/sb/0xf36b0F457999CbBB436EeB28DBb5944bfC3f99DE.sol:7:9: Rule is set with explicit type [var/s: uint] [Warning/explicit-types]
/sb/0xf36b0F457999CbBB436EeB28DBb5944bfC3f99DE.sol:10:5: Rule is set with explicit type [var/s: uint] [Warning/explicit-types]
/sb/0xf36b0F457999CbBB436EeB28DBb5944bfC3f99DE.sol:10:5: Missing @notice tag in variable 'DELAY' [Warning/use-natspec]
/sb/0xf36b0F457999CbBB436EeB28DBb5944bfC3f99DE.sol:11:5: Rule is set with explicit type [var/s: uint] [Warning/explicit-types]
/sb/0xf36b0F457999CbBB436EeB28DBb5944bfC3f99DE.sol:11:5: Missing @notice tag in variable 'INVEST_AMOUNT' [Warning/use-natspec]
/sb/0xf36b0F457999CbBB436EeB28DBb5944bfC3f99DE.sol:12:5: Explicitly mark visibility of state [Warning/state-visibility]
/sb/0xf36b0F457999CbBB436EeB28DBb5944bfC3f99DE.sol:12:5: Rule is set with explicit type [var/s: uint] [Warning/explicit-types]
/sb/0xf36b0F457999CbBB436EeB28DBb5944bfC3f99DE.sol:14:5: Missing @notice tag in variable 'red' [Warning/use-natspec]
/sb/0xf36b0F457999CbBB436EeB28DBb5944bfC3f99DE.sol:15:5: Missing @notice tag in variable 'blue' [Warning/use-natspec]
/sb/0xf36b0F457999CbBB436EeB28DBb5944bfC3f99DE.sol:17:5: Rule is set with explicit type [var/s: uint] [Warning/explicit-types]
/sb/0xf36b0F457999CbBB436EeB28DBb5944bfC3f99DE.sol:17:5: Missing @notice tag in variable 'balances' [Warning/use-natspec]
/sb/0xf36b0F457999CbBB436EeB28DBb5944bfC3f99DE.sol:18:5: Explicitly mark visibility of state [Warning/state-visibility]
/sb/0xf36b0F457999CbBB436EeB28DBb5944bfC3f99DE.sol:20:5: Missing @notice tag in variable 'historyWinner' [Warning/use-natspec]
/sb/0xf36b0F457999CbBB436EeB28DBb5944bfC3f99DE.sol:21:5: Rule is set with explicit type [var/s: uint] [Warning/explicit-types]
/sb/0xf36b0F457999CbBB436EeB28DBb5944bfC3f99DE.sol:21:5: Missing @notice tag in variable 'historyRed' [Warning/use-natspec]
/sb/0xf36b0F457999CbBB436EeB28DBb5944bfC3f99DE.sol:22:5: Rule is set with explicit type [var/s: uint] [Warning/explicit-types]
/sb/0xf36b0F457999CbBB436EeB28DBb5944bfC3f99DE.sol:22:5: Missing @notice tag in variable 'historyBlue' [Warning/use-natspec]
/sb/0xf36b0F457999CbBB436EeB28DBb5944bfC3f99DE.sol:23:5: Rule is set with explicit type [var/s: uint] [Warning/explicit-types]
/sb/0xf36b0F457999CbBB436EeB28DBb5944bfC3f99DE.sol:23:5: Missing @notice tag in variable 'gameNbr' [Warning/use-natspec]
/sb/0xf36b0F457999CbBB436EeB28DBb5944bfC3f99DE.sol:25:5: Missing @notice tag in function 'tickingBomb' [Warning/use-natspec]
/sb/0xf36b0F457999CbBB436EeB28DBb5944bfC3f99DE.sol:25:5: Explicitly mark visibility in function (Set ignoreConstructors to true if using solidity >=0.7.0) [Warning/func-visibility]
/sb/0xf36b0F457999CbBB436EeB28DBb5944bfC3f99DE.sol:31:5: Missing @notice tag in function 'helpRed' [Warning/use-natspec]
/sb/0xf36b0F457999CbBB436EeB28DBb5944bfC3f99DE.sol:31:5: Explicitly mark visibility in function [Warning/func-visibility]
/sb/0xf36b0F457999CbBB436EeB28DBb5944bfC3f99DE.sol:32:9: Rule is set with explicit type [var/s: uint] [Warning/explicit-types]
/sb/0xf36b0F457999CbBB436EeB28DBb5944bfC3f99DE.sol:32:9: Variable "i" is unused [Warning/no-unused-vars]
/sb/0xf36b0F457999CbBB436EeB28DBb5944bfC3f99DE.sol:33:9: Rule is set with explicit type [var/s: uint] [Warning/explicit-types]
/sb/0xf36b0F457999CbBB436EeB28DBb5944bfC3f99DE.sol:43:16: GC: Non strict inequality found. Try converting to a strict one [Warning/gas-strict-inequalities]
/sb/0xf36b0F457999CbBB436EeB28DBb5944bfC3f99DE.sol:45:13: GC: For [ red ] variable, increment/decrement by 1 using: [ ++variable ] to save gas [Warning/gas-increment-by-one]
/sb/0xf36b0F457999CbBB436EeB28DBb5944bfC3f99DE.sol:51:13: Check result of "send" call [Warning/check-send-result]
/sb/0xf36b0F457999CbBB436EeB28DBb5944bfC3f99DE.sol:55:5: Missing @notice tag in function 'helpBlue' [Warning/use-natspec]
/sb/0xf36b0F457999CbBB436EeB28DBb5944bfC3f99DE.sol:55:5: Explicitly mark visibility in function [Warning/func-visibility]
/sb/0xf36b0F457999CbBB436EeB28DBb5944bfC3f99DE.sol:56:9: Rule is set with explicit type [var/s: uint] [Warning/explicit-types]
/sb/0xf36b0F457999CbBB436EeB28DBb5944bfC3f99DE.sol:56:9: Variable "i" is unused [Warning/no-unused-vars]
/sb/0xf36b0F457999CbBB436EeB28DBb5944bfC3f99DE.sol:57:9: Rule is set with explicit type [var/s: uint] [Warning/explicit-types]
/sb/0xf36b0F457999CbBB436EeB28DBb5944bfC3f99DE.sol:67:16: GC: Non strict inequality found. Try converting to a strict one [Warning/gas-strict-inequalities]
/sb/0xf36b0F457999CbBB436EeB28DBb5944bfC3f99DE.sol:69:13: GC: For [ blue ] variable, increment/decrement by 1 using: [ ++variable ] to save gas [Warning/gas-increment-by-one]
/sb/0xf36b0F457999CbBB436EeB28DBb5944bfC3f99DE.sol:75:13: Check result of "send" call [Warning/check-send-result]
/sb/0xf36b0F457999CbBB436EeB28DBb5944bfC3f99DE.sol:79:5: Missing @notice tag in function 'checkIfExploded' [Warning/use-natspec]
/sb/0xf36b0F457999CbBB436EeB28DBb5944bfC3f99DE.sol:79:5: Explicitly mark visibility in function [Warning/func-visibility]
/sb/0xf36b0F457999CbBB436EeB28DBb5944bfC3f99DE.sol:85:5: Function body contains 64 lines but allowed no more than 50 lines [Warning/function-max-lines]
/sb/0xf36b0F457999CbBB436EeB28DBb5944bfC3f99DE.sol:85:5: Missing @notice tag in function 'checkTime' [Warning/use-natspec]
/sb/0xf36b0F457999CbBB436EeB28DBb5944bfC3f99DE.sol:85:5: Missing @return tag in function 'checkTime' [Warning/use-natspec]
/sb/0xf36b0F457999CbBB436EeB28DBb5944bfC3f99DE.sol:85:5: Mismatch in @return names for function 'checkTime'. Expected: [exploded], Found: [] [Warning/use-natspec]
/sb/0xf36b0F457999CbBB436EeB28DBb5944bfC3f99DE.sol:86:9: Rule is set with explicit type [var/s: uint] [Warning/explicit-types]
/sb/0xf36b0F457999CbBB436EeB28DBb5944bfC3f99DE.sol:87:9: Rule is set with explicit type [var/s: uint] [Warning/explicit-types]
/sb/0xf36b0F457999CbBB436EeB28DBb5944bfC3f99DE.sol:88:9: Rule is set with explicit type [var/s: uint] [Warning/explicit-types]
/sb/0xf36b0F457999CbBB436EeB28DBb5944bfC3f99DE.sol:89:9: Rule is set with explicit type [var/s: uint] [Warning/explicit-types]
/sb/0xf36b0F457999CbBB436EeB28DBb5944bfC3f99DE.sol:93:49: GC: For [ i ] variable, increment/decrement by 1 using: [ ++variable ] to save gas [Warning/gas-increment-by-one]
/sb/0xf36b0F457999CbBB436EeB28DBb5944bfC3f99DE.sol:96:50: GC: For [ i ] variable, increment/decrement by 1 using: [ ++variable ] to save gas [Warning/gas-increment-by-one]
/sb/0xf36b0F457999CbBB436EeB28DBb5944bfC3f99DE.sol:100:32: Use double quotes for string literals [Error/quotes]
/sb/0xf36b0F457999CbBB436EeB28DBb5944bfC3f99DE.sol:103:13: GC: For [ gameNbr ] variable, increment/decrement by 1 using: [ ++variable ] to save gas [Warning/gas-increment-by-one]
/sb/0xf36b0F457999CbBB436EeB28DBb5944bfC3f99DE.sol:118:54: GC: For [ i ] variable, increment/decrement by 1 using: [ ++variable ] to save gas [Warning/gas-increment-by-one]
/sb/0xf36b0F457999CbBB436EeB28DBb5944bfC3f99DE.sol:122:36: Use double quotes for string literals [Error/quotes]
/sb/0xf36b0F457999CbBB436EeB28DBb5944bfC3f99DE.sol:125:17: GC: For [ gameNbr ] variable, increment/decrement by 1 using: [ ++variable ] to save gas [Warning/gas-increment-by-one]
/sb/0xf36b0F457999CbBB436EeB28DBb5944bfC3f99DE.sol:138:53: GC: For [ i ] variable, increment/decrement by 1 using: [ ++variable ] to save gas [Warning/gas-increment-by-one]
/sb/0xf36b0F457999CbBB436EeB28DBb5944bfC3f99DE.sol:142:36: Use double quotes for string literals [Error/quotes]
/sb/0xf36b0F457999CbBB436EeB28DBb5944bfC3f99DE.sol:145:17: GC: For [ gameNbr ] variable, increment/decrement by 1 using: [ ++variable ] to save gas [Warning/gas-increment-by-one]
/sb/0xf36b0F457999CbBB436EeB28DBb5944bfC3f99DE.sol:152:5: Missing @notice tag in function 'newRound' [Warning/use-natspec]
/sb/0xf36b0F457999CbBB436EeB28DBb5944bfC3f99DE.sol:163:5: Missing @notice tag in function '<anonymous>' [Warning/use-natspec]
/sb/0xf36b0F457999CbBB436EeB28DBb5944bfC3f99DE.sol:163:5: Explicitly mark visibility in function [Warning/func-visibility]
/sb/0xf36b0F457999CbBB436EeB28DBb5944bfC3f99DE.sol:172:5: Missing @notice tag in function 'collectBalance' [Warning/use-natspec]
/sb/0xf36b0F457999CbBB436EeB28DBb5944bfC3f99DE.sol:172:5: Explicitly mark visibility in function [Warning/func-visibility]
/sb/0xf36b0F457999CbBB436EeB28DBb5944bfC3f99DE.sol:173:9: Check result of "send" call [Warning/check-send-result]
/sb/0xf36b0F457999CbBB436EeB28DBb5944bfC3f99DE.sol:174:9: Possible reentrancy vulnerabilities. Avoid state changes after transfer. [Warning/reentrancy]
/sb/0xf36b0F457999CbBB436EeB28DBb5944bfC3f99DE.sol:178:5: Missing @notice tag in function 'sendBalance' [Warning/use-natspec]
/sb/0xf36b0F457999CbBB436EeB28DBb5944bfC3f99DE.sol:178:5: Missing @param tag in function 'sendBalance' [Warning/use-natspec]
/sb/0xf36b0F457999CbBB436EeB28DBb5944bfC3f99DE.sol:178:5: Mismatch in @param names for function 'sendBalance'. Expected: [player], Found: [] [Warning/use-natspec]
/sb/0xf36b0F457999CbBB436EeB28DBb5944bfC3f99DE.sol:178:5: Explicitly mark visibility in function [Warning/func-visibility]
/sb/0xf36b0F457999CbBB436EeB28DBb5944bfC3f99DE.sol:180:13: Check result of "send" call [Warning/check-send-result]
/sb/0xf36b0F457999CbBB436EeB28DBb5944bfC3f99DE.sol:184:5: Missing @notice tag in function 'newOwner' [Warning/use-natspec]
/sb/0xf36b0F457999CbBB436EeB28DBb5944bfC3f99DE.sol:184:5: Missing @param tag in function 'newOwner' [Warning/use-natspec]
/sb/0xf36b0F457999CbBB436EeB28DBb5944bfC3f99DE.sol:184:5: Mismatch in @param names for function 'newOwner'. Expected: [newOwner], Found: [] [Warning/use-natspec]
/sb/0xf36b0F457999CbBB436EeB28DBb5944bfC3f99DE.sol:184:5: Explicitly mark visibility in function [Warning/func-visibility]

80 problem/s (4 error/s, 76 warning/s)
