A new version of Solhint is available: 6.0.1
Please consider updating your Solhint package.
/sb/0xd139103f7338f6508b2cbc1d010b45df4346d90d.sol:1:1: Found more than One contract per file. 12 contracts found! [Warning/one-contract-per-file]
/sb/0xd139103f7338f6508b2cbc1d010b45df4346d90d.sol:1:1: Compiler version ^0.4.18 does not satisfy the ^0.8.24 semver requirement [Error/compiler-version]
/sb/0xd139103f7338f6508b2cbc1d010b45df4346d90d.sol:7:1: Missing @author tag in contract 'SafeMath' [Warning/use-natspec]
/sb/0xd139103f7338f6508b2cbc1d010b45df4346d90d.sol:7:1: Missing @notice tag in contract 'SafeMath' [Warning/use-natspec]
/sb/0xd139103f7338f6508b2cbc1d010b45df4346d90d.sol:8:3: Missing @notice tag in function 'mul' [Warning/use-natspec]
/sb/0xd139103f7338f6508b2cbc1d010b45df4346d90d.sol:8:3: Missing @param tag in function 'mul' [Warning/use-natspec]
/sb/0xd139103f7338f6508b2cbc1d010b45df4346d90d.sol:8:3: Mismatch in @param names for function 'mul'. Expected: [a, b], Found: [] [Warning/use-natspec]
/sb/0xd139103f7338f6508b2cbc1d010b45df4346d90d.sol:8:3: Missing @return tag in function 'mul' [Warning/use-natspec]
/sb/0xd139103f7338f6508b2cbc1d010b45df4346d90d.sol:8:3: Mismatch in @return count for function 'mul'. Expected: 1, Found: 0 [Warning/use-natspec]
/sb/0xd139103f7338f6508b2cbc1d010b45df4346d90d.sol:8:43: Visibility modifier must be first in list of modifiers [Warning/visibility-modifier-order]
/sb/0xd139103f7338f6508b2cbc1d010b45df4346d90d.sol:14:3: Missing @notice tag in function 'div' [Warning/use-natspec]
/sb/0xd139103f7338f6508b2cbc1d010b45df4346d90d.sol:14:3: Missing @param tag in function 'div' [Warning/use-natspec]
/sb/0xd139103f7338f6508b2cbc1d010b45df4346d90d.sol:14:3: Mismatch in @param names for function 'div'. Expected: [a, b], Found: [] [Warning/use-natspec]
/sb/0xd139103f7338f6508b2cbc1d010b45df4346d90d.sol:14:3: Missing @return tag in function 'div' [Warning/use-natspec]
/sb/0xd139103f7338f6508b2cbc1d010b45df4346d90d.sol:14:3: Mismatch in @return count for function 'div'. Expected: 1, Found: 0 [Warning/use-natspec]
/sb/0xd139103f7338f6508b2cbc1d010b45df4346d90d.sol:14:43: Visibility modifier must be first in list of modifiers [Warning/visibility-modifier-order]
/sb/0xd139103f7338f6508b2cbc1d010b45df4346d90d.sol:21:3: Missing @notice tag in function 'sub' [Warning/use-natspec]
/sb/0xd139103f7338f6508b2cbc1d010b45df4346d90d.sol:21:3: Missing @param tag in function 'sub' [Warning/use-natspec]
/sb/0xd139103f7338f6508b2cbc1d010b45df4346d90d.sol:21:3: Mismatch in @param names for function 'sub'. Expected: [a, b], Found: [] [Warning/use-natspec]
/sb/0xd139103f7338f6508b2cbc1d010b45df4346d90d.sol:21:3: Missing @return tag in function 'sub' [Warning/use-natspec]
/sb/0xd139103f7338f6508b2cbc1d010b45df4346d90d.sol:21:3: Mismatch in @return count for function 'sub'. Expected: 1, Found: 0 [Warning/use-natspec]
/sb/0xd139103f7338f6508b2cbc1d010b45df4346d90d.sol:21:43: Visibility modifier must be first in list of modifiers [Warning/visibility-modifier-order]
/sb/0xd139103f7338f6508b2cbc1d010b45df4346d90d.sol:22:12: GC: Non strict inequality found. Try converting to a strict one [Warning/gas-strict-inequalities]
/sb/0xd139103f7338f6508b2cbc1d010b45df4346d90d.sol:26:3: Missing @notice tag in function 'add' [Warning/use-natspec]
/sb/0xd139103f7338f6508b2cbc1d010b45df4346d90d.sol:26:3: Missing @param tag in function 'add' [Warning/use-natspec]
/sb/0xd139103f7338f6508b2cbc1d010b45df4346d90d.sol:26:3: Mismatch in @param names for function 'add'. Expected: [a, b], Found: [] [Warning/use-natspec]
/sb/0xd139103f7338f6508b2cbc1d010b45df4346d90d.sol:26:3: Missing @return tag in function 'add' [Warning/use-natspec]
/sb/0xd139103f7338f6508b2cbc1d010b45df4346d90d.sol:26:3: Mismatch in @return count for function 'add'. Expected: 1, Found: 0 [Warning/use-natspec]
/sb/0xd139103f7338f6508b2cbc1d010b45df4346d90d.sol:26:43: Visibility modifier must be first in list of modifiers [Warning/visibility-modifier-order]
/sb/0xd139103f7338f6508b2cbc1d010b45df4346d90d.sol:28:12: GC: Non strict inequality found. Try converting to a strict one [Warning/gas-strict-inequalities]
/sb/0xd139103f7338f6508b2cbc1d010b45df4346d90d.sol:32:3: Missing @notice tag in function 'mulByFraction' [Warning/use-natspec]
/sb/0xd139103f7338f6508b2cbc1d010b45df4346d90d.sol:32:3: Missing @param tag in function 'mulByFraction' [Warning/use-natspec]
/sb/0xd139103f7338f6508b2cbc1d010b45df4346d90d.sol:32:3: Mismatch in @param names for function 'mulByFraction'. Expected: [number, numerator, denominator], Found: [] [Warning/use-natspec]
/sb/0xd139103f7338f6508b2cbc1d010b45df4346d90d.sol:32:3: Missing @return tag in function 'mulByFraction' [Warning/use-natspec]
/sb/0xd139103f7338f6508b2cbc1d010b45df4346d90d.sol:32:3: Mismatch in @return count for function 'mulByFraction'. Expected: 1, Found: 0 [Warning/use-natspec]
/sb/0xd139103f7338f6508b2cbc1d010b45df4346d90d.sol:32:87: Visibility modifier must be first in list of modifiers [Warning/visibility-modifier-order]
/sb/0xd139103f7338f6508b2cbc1d010b45df4346d90d.sol:44:1: Missing @author tag in contract 'ERC20Basic' [Warning/use-natspec]
/sb/0xd139103f7338f6508b2cbc1d010b45df4346d90d.sol:44:1: Missing @notice tag in contract 'ERC20Basic' [Warning/use-natspec]
/sb/0xd139103f7338f6508b2cbc1d010b45df4346d90d.sol:45:3: Missing @notice tag in variable 'totalSupply' [Warning/use-natspec]
/sb/0xd139103f7338f6508b2cbc1d010b45df4346d90d.sol:46:3: Missing @notice tag in function 'balanceOf' [Warning/use-natspec]
/sb/0xd139103f7338f6508b2cbc1d010b45df4346d90d.sol:46:3: Missing @param tag in function 'balanceOf' [Warning/use-natspec]
/sb/0xd139103f7338f6508b2cbc1d010b45df4346d90d.sol:46:3: Mismatch in @param names for function 'balanceOf'. Expected: [who], Found: [] [Warning/use-natspec]
/sb/0xd139103f7338f6508b2cbc1d010b45df4346d90d.sol:46:3: Missing @return tag in function 'balanceOf' [Warning/use-natspec]
/sb/0xd139103f7338f6508b2cbc1d010b45df4346d90d.sol:46:3: Mismatch in @return count for function 'balanceOf'. Expected: 1, Found: 0 [Warning/use-natspec]
/sb/0xd139103f7338f6508b2cbc1d010b45df4346d90d.sol:47:3: Missing @notice tag in function 'transfer' [Warning/use-natspec]
/sb/0xd139103f7338f6508b2cbc1d010b45df4346d90d.sol:47:3: Missing @param tag in function 'transfer' [Warning/use-natspec]
/sb/0xd139103f7338f6508b2cbc1d010b45df4346d90d.sol:47:3: Mismatch in @param names for function 'transfer'. Expected: [to, value], Found: [] [Warning/use-natspec]
/sb/0xd139103f7338f6508b2cbc1d010b45df4346d90d.sol:47:3: Missing @return tag in function 'transfer' [Warning/use-natspec]
/sb/0xd139103f7338f6508b2cbc1d010b45df4346d90d.sol:47:3: Mismatch in @return count for function 'transfer'. Expected: 1, Found: 0 [Warning/use-natspec]
/sb/0xd139103f7338f6508b2cbc1d010b45df4346d90d.sol:48:3: Missing @notice tag in event 'Transfer' [Warning/use-natspec]
/sb/0xd139103f7338f6508b2cbc1d010b45df4346d90d.sol:48:3: Missing @param tag in event 'Transfer' [Warning/use-natspec]
/sb/0xd139103f7338f6508b2cbc1d010b45df4346d90d.sol:48:3: Mismatch in @param names for event 'Transfer'. Expected: [from, to, value], Found: [] [Warning/use-natspec]
/sb/0xd139103f7338f6508b2cbc1d010b45df4346d90d.sol:48:3: GC: [value] on Event [Transfer] could be Indexed [Warning/gas-indexed-events]
/sb/0xd139103f7338f6508b2cbc1d010b45df4346d90d.sol:57:1: Missing @author tag in contract 'BasicToken' [Warning/use-natspec]
/sb/0xd139103f7338f6508b2cbc1d010b45df4346d90d.sol:57:1: Missing @notice tag in contract 'BasicToken' [Warning/use-natspec]
/sb/0xd139103f7338f6508b2cbc1d010b45df4346d90d.sol:60:3: Explicitly mark visibility of state [Warning/state-visibility]
/sb/0xd139103f7338f6508b2cbc1d010b45df4346d90d.sol:67:3: Missing @notice tag in function 'transfer' [Warning/use-natspec]
/sb/0xd139103f7338f6508b2cbc1d010b45df4346d90d.sol:67:3: Missing @return tag in function 'transfer' [Warning/use-natspec]
/sb/0xd139103f7338f6508b2cbc1d010b45df4346d90d.sol:67:3: Mismatch in @return count for function 'transfer'. Expected: 1, Found: 0 [Warning/use-natspec]
/sb/0xd139103f7338f6508b2cbc1d010b45df4346d90d.sol:68:5: Provide an error message for require [Warning/reason-string]
/sb/0xd139103f7338f6508b2cbc1d010b45df4346d90d.sol:69:5: Provide an error message for require [Warning/reason-string]
/sb/0xd139103f7338f6508b2cbc1d010b45df4346d90d.sol:69:13: GC: Non strict inequality found. Try converting to a strict one [Warning/gas-strict-inequalities]
/sb/0xd139103f7338f6508b2cbc1d010b45df4346d90d.sol:83:3: Missing @notice tag in function 'balanceOf' [Warning/use-natspec]
/sb/0xd139103f7338f6508b2cbc1d010b45df4346d90d.sol:83:3: Mismatch in @return names for function 'balanceOf'. Expected: [balance], Found: [An] [Warning/use-natspec]
/sb/0xd139103f7338f6508b2cbc1d010b45df4346d90d.sol:95:1: Missing @author tag in contract 'ERC20' [Warning/use-natspec]
/sb/0xd139103f7338f6508b2cbc1d010b45df4346d90d.sol:95:1: Missing @notice tag in contract 'ERC20' [Warning/use-natspec]
/sb/0xd139103f7338f6508b2cbc1d010b45df4346d90d.sol:96:3: Missing @notice tag in function 'allowance' [Warning/use-natspec]
/sb/0xd139103f7338f6508b2cbc1d010b45df4346d90d.sol:96:3: Missing @param tag in function 'allowance' [Warning/use-natspec]
/sb/0xd139103f7338f6508b2cbc1d010b45df4346d90d.sol:96:3: Mismatch in @param names for function 'allowance'. Expected: [owner, spender], Found: [] [Warning/use-natspec]
/sb/0xd139103f7338f6508b2cbc1d010b45df4346d90d.sol:96:3: Missing @return tag in function 'allowance' [Warning/use-natspec]
/sb/0xd139103f7338f6508b2cbc1d010b45df4346d90d.sol:96:3: Mismatch in @return count for function 'allowance'. Expected: 1, Found: 0 [Warning/use-natspec]
/sb/0xd139103f7338f6508b2cbc1d010b45df4346d90d.sol:97:3: Missing @notice tag in function 'transferFrom' [Warning/use-natspec]
/sb/0xd139103f7338f6508b2cbc1d010b45df4346d90d.sol:97:3: Missing @param tag in function 'transferFrom' [Warning/use-natspec]
/sb/0xd139103f7338f6508b2cbc1d010b45df4346d90d.sol:97:3: Mismatch in @param names for function 'transferFrom'. Expected: [from, to, value], Found: [] [Warning/use-natspec]
/sb/0xd139103f7338f6508b2cbc1d010b45df4346d90d.sol:97:3: Missing @return tag in function 'transferFrom' [Warning/use-natspec]
/sb/0xd139103f7338f6508b2cbc1d010b45df4346d90d.sol:97:3: Mismatch in @return count for function 'transferFrom'. Expected: 1, Found: 0 [Warning/use-natspec]
/sb/0xd139103f7338f6508b2cbc1d010b45df4346d90d.sol:98:3: Missing @notice tag in function 'approve' [Warning/use-natspec]
/sb/0xd139103f7338f6508b2cbc1d010b45df4346d90d.sol:98:3: Missing @param tag in function 'approve' [Warning/use-natspec]
/sb/0xd139103f7338f6508b2cbc1d010b45df4346d90d.sol:98:3: Mismatch in @param names for function 'approve'. Expected: [spender, value], Found: [] [Warning/use-natspec]
/sb/0xd139103f7338f6508b2cbc1d010b45df4346d90d.sol:98:3: Missing @return tag in function 'approve' [Warning/use-natspec]
/sb/0xd139103f7338f6508b2cbc1d010b45df4346d90d.sol:98:3: Mismatch in @return count for function 'approve'. Expected: 1, Found: 0 [Warning/use-natspec]
/sb/0xd139103f7338f6508b2cbc1d010b45df4346d90d.sol:99:3: Missing @notice tag in event 'Approval' [Warning/use-natspec]
/sb/0xd139103f7338f6508b2cbc1d010b45df4346d90d.sol:99:3: Missing @param tag in event 'Approval' [Warning/use-natspec]
/sb/0xd139103f7338f6508b2cbc1d010b45df4346d90d.sol:99:3: Mismatch in @param names for event 'Approval'. Expected: [owner, spender, value], Found: [] [Warning/use-natspec]
/sb/0xd139103f7338f6508b2cbc1d010b45df4346d90d.sol:99:3: GC: [value] on Event [Approval] could be Indexed [Warning/gas-indexed-events]
/sb/0xd139103f7338f6508b2cbc1d010b45df4346d90d.sol:111:1: Missing @author tag in contract 'StandardToken' [Warning/use-natspec]
/sb/0xd139103f7338f6508b2cbc1d010b45df4346d90d.sol:111:1: Missing @notice tag in contract 'StandardToken' [Warning/use-natspec]
/sb/0xd139103f7338f6508b2cbc1d010b45df4346d90d.sol:122:3: Missing @notice tag in function 'transferFrom' [Warning/use-natspec]
/sb/0xd139103f7338f6508b2cbc1d010b45df4346d90d.sol:122:3: Missing @return tag in function 'transferFrom' [Warning/use-natspec]
/sb/0xd139103f7338f6508b2cbc1d010b45df4346d90d.sol:122:3: Mismatch in @return count for function 'transferFrom'. Expected: 1, Found: 0 [Warning/use-natspec]
/sb/0xd139103f7338f6508b2cbc1d010b45df4346d90d.sol:123:5: Provide an error message for require [Warning/reason-string]
/sb/0xd139103f7338f6508b2cbc1d010b45df4346d90d.sol:124:5: Provide an error message for require [Warning/reason-string]
/sb/0xd139103f7338f6508b2cbc1d010b45df4346d90d.sol:124:13: GC: Non strict inequality found. Try converting to a strict one [Warning/gas-strict-inequalities]
/sb/0xd139103f7338f6508b2cbc1d010b45df4346d90d.sol:125:5: Provide an error message for require [Warning/reason-string]
/sb/0xd139103f7338f6508b2cbc1d010b45df4346d90d.sol:125:13: GC: Non strict inequality found. Try converting to a strict one [Warning/gas-strict-inequalities]
/sb/0xd139103f7338f6508b2cbc1d010b45df4346d90d.sol:144:3: Missing @notice tag in function 'approve' [Warning/use-natspec]
/sb/0xd139103f7338f6508b2cbc1d010b45df4346d90d.sol:144:3: Missing @return tag in function 'approve' [Warning/use-natspec]
/sb/0xd139103f7338f6508b2cbc1d010b45df4346d90d.sol:144:3: Mismatch in @return count for function 'approve'. Expected: 1, Found: 0 [Warning/use-natspec]
/sb/0xd139103f7338f6508b2cbc1d010b45df4346d90d.sol:156:3: Missing @notice tag in function 'allowance' [Warning/use-natspec]
/sb/0xd139103f7338f6508b2cbc1d010b45df4346d90d.sol:170:3: Missing @notice tag in function 'increaseApproval' [Warning/use-natspec]
/sb/0xd139103f7338f6508b2cbc1d010b45df4346d90d.sol:170:3: Missing @return tag in function 'increaseApproval' [Warning/use-natspec]
/sb/0xd139103f7338f6508b2cbc1d010b45df4346d90d.sol:170:3: Mismatch in @return count for function 'increaseApproval'. Expected: 1, Found: 0 [Warning/use-natspec]
/sb/0xd139103f7338f6508b2cbc1d010b45df4346d90d.sol:170:47: Rule is set with explicit type [var/s: uint] [Warning/explicit-types]
/sb/0xd139103f7338f6508b2cbc1d010b45df4346d90d.sol:186:3: Missing @notice tag in function 'decreaseApproval' [Warning/use-natspec]
/sb/0xd139103f7338f6508b2cbc1d010b45df4346d90d.sol:186:3: Missing @return tag in function 'decreaseApproval' [Warning/use-natspec]
/sb/0xd139103f7338f6508b2cbc1d010b45df4346d90d.sol:186:3: Mismatch in @return count for function 'decreaseApproval'. Expected: 1, Found: 0 [Warning/use-natspec]
/sb/0xd139103f7338f6508b2cbc1d010b45df4346d90d.sol:186:47: Rule is set with explicit type [var/s: uint] [Warning/explicit-types]
/sb/0xd139103f7338f6508b2cbc1d010b45df4346d90d.sol:187:5: Rule is set with explicit type [var/s: uint] [Warning/explicit-types]
/sb/0xd139103f7338f6508b2cbc1d010b45df4346d90d.sol:206:1: Missing @author tag in contract 'Ownable' [Warning/use-natspec]
/sb/0xd139103f7338f6508b2cbc1d010b45df4346d90d.sol:206:1: Missing @notice tag in contract 'Ownable' [Warning/use-natspec]
/sb/0xd139103f7338f6508b2cbc1d010b45df4346d90d.sol:207:3: Missing @notice tag in variable 'owner' [Warning/use-natspec]
/sb/0xd139103f7338f6508b2cbc1d010b45df4346d90d.sol:210:3: Missing @notice tag in event 'OwnershipTransferred' [Warning/use-natspec]
/sb/0xd139103f7338f6508b2cbc1d010b45df4346d90d.sol:210:3: Missing @param tag in event 'OwnershipTransferred' [Warning/use-natspec]
/sb/0xd139103f7338f6508b2cbc1d010b45df4346d90d.sol:210:3: Mismatch in @param names for event 'OwnershipTransferred'. Expected: [previousOwner, newOwner], Found: [] [Warning/use-natspec]
/sb/0xd139103f7338f6508b2cbc1d010b45df4346d90d.sol:217:3: Missing @notice tag in function 'Ownable' [Warning/use-natspec]
/sb/0xd139103f7338f6508b2cbc1d010b45df4346d90d.sol:226:5: Provide an error message for require [Warning/reason-string]
/sb/0xd139103f7338f6508b2cbc1d010b45df4346d90d.sol:235:3: Missing @notice tag in function 'transferOwnership' [Warning/use-natspec]
/sb/0xd139103f7338f6508b2cbc1d010b45df4346d90d.sol:236:5: Provide an error message for require [Warning/reason-string]
/sb/0xd139103f7338f6508b2cbc1d010b45df4346d90d.sol:249:1: Missing @author tag in contract 'Pausable' [Warning/use-natspec]
/sb/0xd139103f7338f6508b2cbc1d010b45df4346d90d.sol:249:1: Missing @notice tag in contract 'Pausable' [Warning/use-natspec]
/sb/0xd139103f7338f6508b2cbc1d010b45df4346d90d.sol:252:3: Missing @notice tag in variable 'blockedTimeForBountyTokens' [Warning/use-natspec]
/sb/0xd139103f7338f6508b2cbc1d010b45df4346d90d.sol:253:3: Missing @notice tag in variable 'blockedTimeForInvestedTokens' [Warning/use-natspec]
/sb/0xd139103f7338f6508b2cbc1d010b45df4346d90d.sol:256:3: Explicitly mark visibility of state [Warning/state-visibility]
/sb/0xd139103f7338f6508b2cbc1d010b45df4346d90d.sol:256:3: Constant name must be in capitalized SNAKE_CASE [Warning/const-name-snakecase]
/sb/0xd139103f7338f6508b2cbc1d010b45df4346d90d.sol:257:3: Explicitly mark visibility of state [Warning/state-visibility]
/sb/0xd139103f7338f6508b2cbc1d010b45df4346d90d.sol:257:3: Constant name must be in capitalized SNAKE_CASE [Warning/const-name-snakecase]
/sb/0xd139103f7338f6508b2cbc1d010b45df4346d90d.sol:260:3: Explicitly mark visibility of state [Warning/state-visibility]
/sb/0xd139103f7338f6508b2cbc1d010b45df4346d90d.sol:263:3: Explicitly mark visibility of state [Warning/state-visibility]
/sb/0xd139103f7338f6508b2cbc1d010b45df4346d90d.sol:266:3: Explicitly mark visibility of state [Warning/state-visibility]
/sb/0xd139103f7338f6508b2cbc1d010b45df4346d90d.sol:266:3: Rule is set with explicit type [var/s: uint] [Warning/explicit-types]
/sb/0xd139103f7338f6508b2cbc1d010b45df4346d90d.sol:268:3: Missing @notice tag in function 'Pausable' [Warning/use-natspec]
/sb/0xd139103f7338f6508b2cbc1d010b45df4346d90d.sol:276:3: Missing @notice tag in function 'changeBlockedTimeForBountyTokens' [Warning/use-natspec]
/sb/0xd139103f7338f6508b2cbc1d010b45df4346d90d.sol:276:3: Missing @param tag in function 'changeBlockedTimeForBountyTokens' [Warning/use-natspec]
/sb/0xd139103f7338f6508b2cbc1d010b45df4346d90d.sol:276:3: Mismatch in @param names for function 'changeBlockedTimeForBountyTokens'. Expected: [_blockedTime], Found: [] [Warning/use-natspec]
/sb/0xd139103f7338f6508b2cbc1d010b45df4346d90d.sol:276:77: Visibility modifier must be first in list of modifiers [Warning/visibility-modifier-order]
/sb/0xd139103f7338f6508b2cbc1d010b45df4346d90d.sol:277:5: Provide an error message for require [Warning/reason-string]
/sb/0xd139103f7338f6508b2cbc1d010b45df4346d90d.sol:284:3: Missing @notice tag in function 'changeBlockedTimeForInvestedTokens' [Warning/use-natspec]
/sb/0xd139103f7338f6508b2cbc1d010b45df4346d90d.sol:284:3: Missing @param tag in function 'changeBlockedTimeForInvestedTokens' [Warning/use-natspec]
/sb/0xd139103f7338f6508b2cbc1d010b45df4346d90d.sol:284:3: Mismatch in @param names for function 'changeBlockedTimeForInvestedTokens'. Expected: [_blockedTime], Found: [] [Warning/use-natspec]
/sb/0xd139103f7338f6508b2cbc1d010b45df4346d90d.sol:284:79: Visibility modifier must be first in list of modifiers [Warning/visibility-modifier-order]
/sb/0xd139103f7338f6508b2cbc1d010b45df4346d90d.sol:285:5: Provide an error message for require [Warning/reason-string]
/sb/0xd139103f7338f6508b2cbc1d010b45df4346d90d.sol:294:5: Provide an error message for require [Warning/reason-string]
/sb/0xd139103f7338f6508b2cbc1d010b45df4346d90d.sol:302:5: Provide an error message for require [Warning/reason-string]
/sb/0xd139103f7338f6508b2cbc1d010b45df4346d90d.sol:306:3: Missing @notice tag in function 'getPaused' [Warning/use-natspec]
/sb/0xd139103f7338f6508b2cbc1d010b45df4346d90d.sol:306:3: Missing @return tag in function 'getPaused' [Warning/use-natspec]
/sb/0xd139103f7338f6508b2cbc1d010b45df4346d90d.sol:306:3: Mismatch in @return count for function 'getPaused'. Expected: 1, Found: 0 [Warning/use-natspec]
/sb/0xd139103f7338f6508b2cbc1d010b45df4346d90d.sol:319:3: Missing @notice tag in function 'addPreIcoAccounts' [Warning/use-natspec]
/sb/0xd139103f7338f6508b2cbc1d010b45df4346d90d.sol:319:3: Missing @param tag in function 'addPreIcoAccounts' [Warning/use-natspec]
/sb/0xd139103f7338f6508b2cbc1d010b45df4346d90d.sol:319:3: Mismatch in @param names for function 'addPreIcoAccounts'. Expected: [_addr], Found: [] [Warning/use-natspec]
/sb/0xd139103f7338f6508b2cbc1d010b45df4346d90d.sol:319:55: Visibility modifier must be first in list of modifiers [Warning/visibility-modifier-order]
/sb/0xd139103f7338f6508b2cbc1d010b45df4346d90d.sol:320:5: Provide an error message for require [Warning/reason-string]
/sb/0xd139103f7338f6508b2cbc1d010b45df4346d90d.sol:327:3: Missing @notice tag in function 'addBountyAccounts' [Warning/use-natspec]
/sb/0xd139103f7338f6508b2cbc1d010b45df4346d90d.sol:327:3: Missing @param tag in function 'addBountyAccounts' [Warning/use-natspec]
/sb/0xd139103f7338f6508b2cbc1d010b45df4346d90d.sol:327:3: Mismatch in @param names for function 'addBountyAccounts'. Expected: [_addr], Found: [] [Warning/use-natspec]
/sb/0xd139103f7338f6508b2cbc1d010b45df4346d90d.sol:327:55: Visibility modifier must be first in list of modifiers [Warning/visibility-modifier-order]
/sb/0xd139103f7338f6508b2cbc1d010b45df4346d90d.sol:328:5: Provide an error message for require [Warning/reason-string]
/sb/0xd139103f7338f6508b2cbc1d010b45df4346d90d.sol:335:3: Missing @notice tag in function 'addFounderAccounts' [Warning/use-natspec]
/sb/0xd139103f7338f6508b2cbc1d010b45df4346d90d.sol:335:3: Missing @param tag in function 'addFounderAccounts' [Warning/use-natspec]
/sb/0xd139103f7338f6508b2cbc1d010b45df4346d90d.sol:335:3: Mismatch in @param names for function 'addFounderAccounts'. Expected: [_addr, _flag], Found: [] [Warning/use-natspec]
/sb/0xd139103f7338f6508b2cbc1d010b45df4346d90d.sol:335:68: Visibility modifier must be first in list of modifiers [Warning/visibility-modifier-order]
/sb/0xd139103f7338f6508b2cbc1d010b45df4346d90d.sol:335:46: Rule is set with explicit type [var/s: uint] [Warning/explicit-types]
/sb/0xd139103f7338f6508b2cbc1d010b45df4346d90d.sol:336:5: Provide an error message for require [Warning/reason-string]
/sb/0xd139103f7338f6508b2cbc1d010b45df4346d90d.sol:343:3: Missing @notice tag in function 'checkTimeForTransfer' [Warning/use-natspec]
/sb/0xd139103f7338f6508b2cbc1d010b45df4346d90d.sol:343:3: Missing @param tag in function 'checkTimeForTransfer' [Warning/use-natspec]
/sb/0xd139103f7338f6508b2cbc1d010b45df4346d90d.sol:343:3: Mismatch in @param names for function 'checkTimeForTransfer'. Expected: [_account], Found: [] [Warning/use-natspec]
/sb/0xd139103f7338f6508b2cbc1d010b45df4346d90d.sol:343:3: Missing @return tag in function 'checkTimeForTransfer' [Warning/use-natspec]
/sb/0xd139103f7338f6508b2cbc1d010b45df4346d90d.sol:343:3: Mismatch in @return count for function 'checkTimeForTransfer'. Expected: 1, Found: 0 [Warning/use-natspec]
/sb/0xd139103f7338f6508b2cbc1d010b45df4346d90d.sol:366:1: Missing @author tag in contract 'PausableToken' [Warning/use-natspec]
/sb/0xd139103f7338f6508b2cbc1d010b45df4346d90d.sol:366:1: Missing @notice tag in contract 'PausableToken' [Warning/use-natspec]
/sb/0xd139103f7338f6508b2cbc1d010b45df4346d90d.sol:368:3: Missing @notice tag in function 'transfer' [Warning/use-natspec]
/sb/0xd139103f7338f6508b2cbc1d010b45df4346d90d.sol:368:3: Missing @param tag in function 'transfer' [Warning/use-natspec]
/sb/0xd139103f7338f6508b2cbc1d010b45df4346d90d.sol:368:3: Mismatch in @param names for function 'transfer'. Expected: [_to, _value], Found: [] [Warning/use-natspec]
/sb/0xd139103f7338f6508b2cbc1d010b45df4346d90d.sol:368:3: Missing @return tag in function 'transfer' [Warning/use-natspec]
/sb/0xd139103f7338f6508b2cbc1d010b45df4346d90d.sol:368:3: Mismatch in @return count for function 'transfer'. Expected: 1, Found: 0 [Warning/use-natspec]
/sb/0xd139103f7338f6508b2cbc1d010b45df4346d90d.sol:372:3: Missing @notice tag in function 'transferFrom' [Warning/use-natspec]
/sb/0xd139103f7338f6508b2cbc1d010b45df4346d90d.sol:372:3: Missing @param tag in function 'transferFrom' [Warning/use-natspec]
/sb/0xd139103f7338f6508b2cbc1d010b45df4346d90d.sol:372:3: Mismatch in @param names for function 'transferFrom'. Expected: [_from, _to, _value], Found: [] [Warning/use-natspec]
/sb/0xd139103f7338f6508b2cbc1d010b45df4346d90d.sol:372:3: Missing @return tag in function 'transferFrom' [Warning/use-natspec]
/sb/0xd139103f7338f6508b2cbc1d010b45df4346d90d.sol:372:3: Mismatch in @return count for function 'transferFrom'. Expected: 1, Found: 0 [Warning/use-natspec]
/sb/0xd139103f7338f6508b2cbc1d010b45df4346d90d.sol:376:3: Missing @notice tag in function 'approve' [Warning/use-natspec]
/sb/0xd139103f7338f6508b2cbc1d010b45df4346d90d.sol:376:3: Missing @param tag in function 'approve' [Warning/use-natspec]
/sb/0xd139103f7338f6508b2cbc1d010b45df4346d90d.sol:376:3: Mismatch in @param names for function 'approve'. Expected: [_spender, _value], Found: [] [Warning/use-natspec]
/sb/0xd139103f7338f6508b2cbc1d010b45df4346d90d.sol:376:3: Missing @return tag in function 'approve' [Warning/use-natspec]
/sb/0xd139103f7338f6508b2cbc1d010b45df4346d90d.sol:376:3: Mismatch in @return count for function 'approve'. Expected: 1, Found: 0 [Warning/use-natspec]
/sb/0xd139103f7338f6508b2cbc1d010b45df4346d90d.sol:380:3: Missing @notice tag in function 'increaseApproval' [Warning/use-natspec]
/sb/0xd139103f7338f6508b2cbc1d010b45df4346d90d.sol:380:3: Missing @param tag in function 'increaseApproval' [Warning/use-natspec]
/sb/0xd139103f7338f6508b2cbc1d010b45df4346d90d.sol:380:3: Mismatch in @param names for function 'increaseApproval'. Expected: [_spender, _addedValue], Found: [] [Warning/use-natspec]
/sb/0xd139103f7338f6508b2cbc1d010b45df4346d90d.sol:380:3: Missing @return tag in function 'increaseApproval' [Warning/use-natspec]
/sb/0xd139103f7338f6508b2cbc1d010b45df4346d90d.sol:380:3: Mismatch in @return names for function 'increaseApproval'. Expected: [success], Found: [] [Warning/use-natspec]
/sb/0xd139103f7338f6508b2cbc1d010b45df4346d90d.sol:380:47: Rule is set with explicit type [var/s: uint] [Warning/explicit-types]
/sb/0xd139103f7338f6508b2cbc1d010b45df4346d90d.sol:384:3: Missing @notice tag in function 'decreaseApproval' [Warning/use-natspec]
/sb/0xd139103f7338f6508b2cbc1d010b45df4346d90d.sol:384:3: Missing @param tag in function 'decreaseApproval' [Warning/use-natspec]
/sb/0xd139103f7338f6508b2cbc1d010b45df4346d90d.sol:384:3: Mismatch in @param names for function 'decreaseApproval'. Expected: [_spender, _subtractedValue], Found: [] [Warning/use-natspec]
/sb/0xd139103f7338f6508b2cbc1d010b45df4346d90d.sol:384:3: Missing @return tag in function 'decreaseApproval' [Warning/use-natspec]
/sb/0xd139103f7338f6508b2cbc1d010b45df4346d90d.sol:384:3: Mismatch in @return names for function 'decreaseApproval'. Expected: [success], Found: [] [Warning/use-natspec]
/sb/0xd139103f7338f6508b2cbc1d010b45df4346d90d.sol:384:47: Rule is set with explicit type [var/s: uint] [Warning/explicit-types]
/sb/0xd139103f7338f6508b2cbc1d010b45df4346d90d.sol:399:1: Missing @author tag in contract 'MintableToken' [Warning/use-natspec]
/sb/0xd139103f7338f6508b2cbc1d010b45df4346d90d.sol:399:1: Missing @notice tag in contract 'MintableToken' [Warning/use-natspec]
/sb/0xd139103f7338f6508b2cbc1d010b45df4346d90d.sol:400:3: Missing @notice tag in event 'Mint' [Warning/use-natspec]
/sb/0xd139103f7338f6508b2cbc1d010b45df4346d90d.sol:400:3: Missing @param tag in event 'Mint' [Warning/use-natspec]
/sb/0xd139103f7338f6508b2cbc1d010b45df4346d90d.sol:400:3: Mismatch in @param names for event 'Mint'. Expected: [to, amount], Found: [] [Warning/use-natspec]
/sb/0xd139103f7338f6508b2cbc1d010b45df4346d90d.sol:400:3: GC: [amount] on Event [Mint] could be Indexed [Warning/gas-indexed-events]
/sb/0xd139103f7338f6508b2cbc1d010b45df4346d90d.sol:401:3: Missing @notice tag in event 'MintFinished' [Warning/use-natspec]
/sb/0xd139103f7338f6508b2cbc1d010b45df4346d90d.sol:403:3: Missing @notice tag in variable 'mintingFinished' [Warning/use-natspec]
/sb/0xd139103f7338f6508b2cbc1d010b45df4346d90d.sol:407:5: Provide an error message for require [Warning/reason-string]
/sb/0xd139103f7338f6508b2cbc1d010b45df4346d90d.sol:417:3: Missing @notice tag in function 'mint' [Warning/use-natspec]
/sb/0xd139103f7338f6508b2cbc1d010b45df4346d90d.sol:417:65: Visibility modifier must be first in list of modifiers [Warning/visibility-modifier-order]
/sb/0xd139103f7338f6508b2cbc1d010b45df4346d90d.sol:428:3: Missing @notice tag in function 'multiMintPreico' [Warning/use-natspec]
/sb/0xd139103f7338f6508b2cbc1d010b45df4346d90d.sol:428:3: Missing @param tag in function 'multiMintPreico' [Warning/use-natspec]
/sb/0xd139103f7338f6508b2cbc1d010b45df4346d90d.sol:428:3: Mismatch in @param names for function 'multiMintPreico'. Expected: [_dests, _values], Found: [] [Warning/use-natspec]
/sb/0xd139103f7338f6508b2cbc1d010b45df4346d90d.sol:428:3: Missing @return tag in function 'multiMintPreico' [Warning/use-natspec]
/sb/0xd139103f7338f6508b2cbc1d010b45df4346d90d.sol:428:3: Mismatch in @return count for function 'multiMintPreico'. Expected: 1, Found: 0 [Warning/use-natspec]
/sb/0xd139103f7338f6508b2cbc1d010b45df4346d90d.sol:428:83: Visibility modifier must be first in list of modifiers [Warning/visibility-modifier-order]
/sb/0xd139103f7338f6508b2cbc1d010b45df4346d90d.sol:437:7: GC: For [ i ] variable, increment/decrement by 1 using: [ ++variable ] to save gas [Warning/gas-increment-by-one]
/sb/0xd139103f7338f6508b2cbc1d010b45df4346d90d.sol:445:3: Missing @notice tag in function 'multiMintBounty' [Warning/use-natspec]
/sb/0xd139103f7338f6508b2cbc1d010b45df4346d90d.sol:445:3: Missing @param tag in function 'multiMintBounty' [Warning/use-natspec]
/sb/0xd139103f7338f6508b2cbc1d010b45df4346d90d.sol:445:3: Mismatch in @param names for function 'multiMintBounty'. Expected: [_dests, _values], Found: [] [Warning/use-natspec]
/sb/0xd139103f7338f6508b2cbc1d010b45df4346d90d.sol:445:3: Missing @return tag in function 'multiMintBounty' [Warning/use-natspec]
/sb/0xd139103f7338f6508b2cbc1d010b45df4346d90d.sol:445:3: Mismatch in @return count for function 'multiMintBounty'. Expected: 1, Found: 0 [Warning/use-natspec]
/sb/0xd139103f7338f6508b2cbc1d010b45df4346d90d.sol:445:83: Visibility modifier must be first in list of modifiers [Warning/visibility-modifier-order]
/sb/0xd139103f7338f6508b2cbc1d010b45df4346d90d.sol:454:7: GC: For [ i ] variable, increment/decrement by 1 using: [ ++variable ] to save gas [Warning/gas-increment-by-one]
/sb/0xd139103f7338f6508b2cbc1d010b45df4346d90d.sol:463:3: Missing @notice tag in function 'finishMinting' [Warning/use-natspec]
/sb/0xd139103f7338f6508b2cbc1d010b45df4346d90d.sol:463:46: Visibility modifier must be first in list of modifiers [Warning/visibility-modifier-order]
/sb/0xd139103f7338f6508b2cbc1d010b45df4346d90d.sol:475:1: Missing @author tag in contract 'TransferableByOwner' [Warning/use-natspec]
/sb/0xd139103f7338f6508b2cbc1d010b45df4346d90d.sol:475:1: Missing @notice tag in contract 'TransferableByOwner' [Warning/use-natspec]
/sb/0xd139103f7338f6508b2cbc1d010b45df4346d90d.sol:478:3: Missing @notice tag in variable 'OWNER_TRANSFER_TOKENS' [Warning/use-natspec]
/sb/0xd139103f7338f6508b2cbc1d010b45df4346d90d.sol:486:3: Missing @notice tag in function 'transferByOwner' [Warning/use-natspec]
/sb/0xd139103f7338f6508b2cbc1d010b45df4346d90d.sol:486:3: Missing @return tag in function 'transferByOwner' [Warning/use-natspec]
/sb/0xd139103f7338f6508b2cbc1d010b45df4346d90d.sol:486:3: Mismatch in @return count for function 'transferByOwner'. Expected: 1, Found: 0 [Warning/use-natspec]
/sb/0xd139103f7338f6508b2cbc1d010b45df4346d90d.sol:486:82: Visibility modifier must be first in list of modifiers [Warning/visibility-modifier-order]
/sb/0xd139103f7338f6508b2cbc1d010b45df4346d90d.sol:487:5: Provide an error message for require [Warning/reason-string]
/sb/0xd139103f7338f6508b2cbc1d010b45df4346d90d.sol:488:5: Provide an error message for require [Warning/reason-string]
/sb/0xd139103f7338f6508b2cbc1d010b45df4346d90d.sol:489:5: Provide an error message for require [Warning/reason-string]
/sb/0xd139103f7338f6508b2cbc1d010b45df4346d90d.sol:489:13: GC: Non strict inequality found. Try converting to a strict one [Warning/gas-strict-inequalities]
/sb/0xd139103f7338f6508b2cbc1d010b45df4346d90d.sol:500:1: Missing @title tag in contract 'ImmlaToken' [Warning/use-natspec]
/sb/0xd139103f7338f6508b2cbc1d010b45df4346d90d.sol:500:1: Missing @author tag in contract 'ImmlaToken' [Warning/use-natspec]
/sb/0xd139103f7338f6508b2cbc1d010b45df4346d90d.sol:500:1: Missing @notice tag in contract 'ImmlaToken' [Warning/use-natspec]
/sb/0xd139103f7338f6508b2cbc1d010b45df4346d90d.sol:506:5: Missing @notice tag in variable 'name' [Warning/use-natspec]
/sb/0xd139103f7338f6508b2cbc1d010b45df4346d90d.sol:506:5: Constant name must be in capitalized SNAKE_CASE [Warning/const-name-snakecase]
/sb/0xd139103f7338f6508b2cbc1d010b45df4346d90d.sol:507:5: Missing @notice tag in variable 'symbol' [Warning/use-natspec]
/sb/0xd139103f7338f6508b2cbc1d010b45df4346d90d.sol:507:5: Constant name must be in capitalized SNAKE_CASE [Warning/const-name-snakecase]
/sb/0xd139103f7338f6508b2cbc1d010b45df4346d90d.sol:508:5: Missing @notice tag in variable 'decimals' [Warning/use-natspec]
/sb/0xd139103f7338f6508b2cbc1d010b45df4346d90d.sol:508:5: Constant name must be in capitalized SNAKE_CASE [Warning/const-name-snakecase]
/sb/0xd139103f7338f6508b2cbc1d010b45df4346d90d.sol:513:1: Missing @title tag in contract 'ImmlaDistribution' [Warning/use-natspec]
/sb/0xd139103f7338f6508b2cbc1d010b45df4346d90d.sol:513:1: Missing @author tag in contract 'ImmlaDistribution' [Warning/use-natspec]
/sb/0xd139103f7338f6508b2cbc1d010b45df4346d90d.sol:513:1: Missing @notice tag in contract 'ImmlaDistribution' [Warning/use-natspec]
/sb/0xd139103f7338f6508b2cbc1d010b45df4346d90d.sol:517:5: Explicitly mark visibility of state [Warning/state-visibility]
/sb/0xd139103f7338f6508b2cbc1d010b45df4346d90d.sol:520:5: Missing @notice tag in variable 'OWNER_TRANSFER_TOKENS' [Warning/use-natspec]
/sb/0xd139103f7338f6508b2cbc1d010b45df4346d90d.sol:523:5: Missing @notice tag in variable 'token' [Warning/use-natspec]
/sb/0xd139103f7338f6508b2cbc1d010b45df4346d90d.sol:526:5: Missing @notice tag in variable 'emissionLimit' [Warning/use-natspec]
/sb/0xd139103f7338f6508b2cbc1d010b45df4346d90d.sol:526:5: Constant name must be in capitalized SNAKE_CASE [Warning/const-name-snakecase]
/sb/0xd139103f7338f6508b2cbc1d010b45df4346d90d.sol:529:5: Missing @notice tag in variable 'additionalEmission' [Warning/use-natspec]
/sb/0xd139103f7338f6508b2cbc1d010b45df4346d90d.sol:532:5: Missing @notice tag in variable 'availableEmission' [Warning/use-natspec]
/sb/0xd139103f7338f6508b2cbc1d010b45df4346d90d.sol:534:5: Missing @notice tag in variable 'mintingPreIcoFinish' [Warning/use-natspec]
/sb/0xd139103f7338f6508b2cbc1d010b45df4346d90d.sol:535:5: Missing @notice tag in variable 'mintingBountyFinish' [Warning/use-natspec]
/sb/0xd139103f7338f6508b2cbc1d010b45df4346d90d.sol:536:5: Missing @notice tag in variable 'mintingFoundersFinish' [Warning/use-natspec]
/sb/0xd139103f7338f6508b2cbc1d010b45df4346d90d.sol:539:5: Missing @notice tag in variable 'wallet' [Warning/use-natspec]
/sb/0xd139103f7338f6508b2cbc1d010b45df4346d90d.sol:542:5: Missing @notice tag in variable 'rate' [Warning/use-natspec]
/sb/0xd139103f7338f6508b2cbc1d010b45df4346d90d.sol:544:5: Missing @notice tag in variable 't_ImmlaTokenDepository' [Warning/use-natspec]
/sb/0xd139103f7338f6508b2cbc1d010b45df4346d90d.sol:544:5: Constant name must be in capitalized SNAKE_CASE [Warning/const-name-snakecase]
/sb/0xd139103f7338f6508b2cbc1d010b45df4346d90d.sol:545:5: Missing @notice tag in variable 't_ImmlaTokenDepository2' [Warning/use-natspec]
/sb/0xd139103f7338f6508b2cbc1d010b45df4346d90d.sol:545:5: Constant name must be in capitalized SNAKE_CASE [Warning/const-name-snakecase]
/sb/0xd139103f7338f6508b2cbc1d010b45df4346d90d.sol:546:5: Missing @notice tag in variable 't_ImmlaBountyTokenDepository' [Warning/use-natspec]
/sb/0xd139103f7338f6508b2cbc1d010b45df4346d90d.sol:546:5: Constant name must be in capitalized SNAKE_CASE [Warning/const-name-snakecase]
/sb/0xd139103f7338f6508b2cbc1d010b45df4346d90d.sol:547:5: Missing @notice tag in variable 't_Andrey' [Warning/use-natspec]
/sb/0xd139103f7338f6508b2cbc1d010b45df4346d90d.sol:547:5: Constant name must be in capitalized SNAKE_CASE [Warning/const-name-snakecase]
/sb/0xd139103f7338f6508b2cbc1d010b45df4346d90d.sol:548:5: Missing @notice tag in variable 't_Michail' [Warning/use-natspec]
/sb/0xd139103f7338f6508b2cbc1d010b45df4346d90d.sol:548:5: Constant name must be in capitalized SNAKE_CASE [Warning/const-name-snakecase]
/sb/0xd139103f7338f6508b2cbc1d010b45df4346d90d.sol:549:5: Missing @notice tag in variable 't_Slava' [Warning/use-natspec]
/sb/0xd139103f7338f6508b2cbc1d010b45df4346d90d.sol:549:5: Constant name must be in capitalized SNAKE_CASE [Warning/const-name-snakecase]
/sb/0xd139103f7338f6508b2cbc1d010b45df4346d90d.sol:550:5: Missing @notice tag in variable 't_Andrey2' [Warning/use-natspec]
/sb/0xd139103f7338f6508b2cbc1d010b45df4346d90d.sol:550:5: Constant name must be in capitalized SNAKE_CASE [Warning/const-name-snakecase]
/sb/0xd139103f7338f6508b2cbc1d010b45df4346d90d.sol:551:5: Missing @notice tag in variable 't_Michail2' [Warning/use-natspec]
/sb/0xd139103f7338f6508b2cbc1d010b45df4346d90d.sol:551:5: Constant name must be in capitalized SNAKE_CASE [Warning/const-name-snakecase]
/sb/0xd139103f7338f6508b2cbc1d010b45df4346d90d.sol:552:5: Missing @notice tag in variable 't_Slava2' [Warning/use-natspec]
/sb/0xd139103f7338f6508b2cbc1d010b45df4346d90d.sol:552:5: Constant name must be in capitalized SNAKE_CASE [Warning/const-name-snakecase]
/sb/0xd139103f7338f6508b2cbc1d010b45df4346d90d.sol:557:5: Missing @notice tag in variable 'proposals' [Warning/use-natspec]
/sb/0xd139103f7338f6508b2cbc1d010b45df4346d90d.sol:569:5: Missing @notice tag in variable 'congress' [Warning/use-natspec]
/sb/0xd139103f7338f6508b2cbc1d010b45df4346d90d.sol:574:5: Missing @notice tag in variable 'minimumQuorum' [Warning/use-natspec]
/sb/0xd139103f7338f6508b2cbc1d010b45df4346d90d.sol:582:5: Missing @notice tag in event 'TokenPurchase' [Warning/use-natspec]
/sb/0xd139103f7338f6508b2cbc1d010b45df4346d90d.sol:582:5: GC: [value] on Event [TokenPurchase] could be Indexed [Warning/gas-indexed-events]
/sb/0xd139103f7338f6508b2cbc1d010b45df4346d90d.sol:582:5: GC: [amount] on Event [TokenPurchase] could be Indexed [Warning/gas-indexed-events]
/sb/0xd139103f7338f6508b2cbc1d010b45df4346d90d.sol:590:5: Missing @notice tag in event 'ProposalAdded' [Warning/use-natspec]
/sb/0xd139103f7338f6508b2cbc1d010b45df4346d90d.sol:598:5: Missing @notice tag in event 'ProposalPassed' [Warning/use-natspec]
/sb/0xd139103f7338f6508b2cbc1d010b45df4346d90d.sol:604:9: Provide an error message for require [Warning/reason-string]
/sb/0xd139103f7338f6508b2cbc1d010b45df4346d90d.sol:612:9: Provide an error message for require [Warning/reason-string]
/sb/0xd139103f7338f6508b2cbc1d010b45df4346d90d.sol:620:9: Provide an error message for require [Warning/reason-string]
/sb/0xd139103f7338f6508b2cbc1d010b45df4346d90d.sol:628:9: Provide an error message for require [Warning/reason-string]
/sb/0xd139103f7338f6508b2cbc1d010b45df4346d90d.sol:635:5: Missing @notice tag in function 'ImmlaDistribution' [Warning/use-natspec]
/sb/0xd139103f7338f6508b2cbc1d010b45df4346d90d.sol:635:5: Missing @param tag in function 'ImmlaDistribution' [Warning/use-natspec]
/sb/0xd139103f7338f6508b2cbc1d010b45df4346d90d.sol:635:5: Mismatch in @param names for function 'ImmlaDistribution'. Expected: [_token], Found: [] [Warning/use-natspec]
/sb/0xd139103f7338f6508b2cbc1d010b45df4346d90d.sol:653:5: Missing @notice tag in function 'mintToFounders' [Warning/use-natspec]
/sb/0xd139103f7338f6508b2cbc1d010b45df4346d90d.sol:653:5: Missing @return tag in function 'mintToFounders' [Warning/use-natspec]
/sb/0xd139103f7338f6508b2cbc1d010b45df4346d90d.sol:653:5: Mismatch in @return count for function 'mintToFounders'. Expected: 1, Found: 0 [Warning/use-natspec]
/sb/0xd139103f7338f6508b2cbc1d010b45df4346d90d.sol:653:64: Visibility modifier must be first in list of modifiers [Warning/visibility-modifier-order]
/sb/0xd139103f7338f6508b2cbc1d010b45df4346d90d.sol:669:5: Missing @notice tag in function '<anonymous>' [Warning/use-natspec]
/sb/0xd139103f7338f6508b2cbc1d010b45df4346d90d.sol:674:5: Missing @notice tag in function 'buyTokens' [Warning/use-natspec]
/sb/0xd139103f7338f6508b2cbc1d010b45df4346d90d.sol:675:9: Provide an error message for require [Warning/reason-string]
/sb/0xd139103f7338f6508b2cbc1d010b45df4346d90d.sol:676:9: Provide an error message for require [Warning/reason-string]
/sb/0xd139103f7338f6508b2cbc1d010b45df4346d90d.sol:700:9: Possible reentrancy vulnerabilities. Avoid state changes after transfer. [Warning/reentrancy]
/sb/0xd139103f7338f6508b2cbc1d010b45df4346d90d.sol:701:9: Possible reentrancy vulnerabilities. Avoid state changes after transfer. [Warning/reentrancy]
/sb/0xd139103f7338f6508b2cbc1d010b45df4346d90d.sol:715:5: Missing @notice tag in function 'updateAdditionalEmission' [Warning/use-natspec]
/sb/0xd139103f7338f6508b2cbc1d010b45df4346d90d.sol:715:5: Missing @param tag in function 'updateAdditionalEmission' [Warning/use-natspec]
/sb/0xd139103f7338f6508b2cbc1d010b45df4346d90d.sol:715:5: Mismatch in @param names for function 'updateAdditionalEmission'. Expected: [_amount, _rate], Found: [] [Warning/use-natspec]
/sb/0xd139103f7338f6508b2cbc1d010b45df4346d90d.sol:715:81: Visibility modifier must be first in list of modifiers [Warning/visibility-modifier-order]
/sb/0xd139103f7338f6508b2cbc1d010b45df4346d90d.sol:716:9: Provide an error message for require [Warning/reason-string]
/sb/0xd139103f7338f6508b2cbc1d010b45df4346d90d.sol:717:9: Provide an error message for require [Warning/reason-string]
/sb/0xd139103f7338f6508b2cbc1d010b45df4346d90d.sol:730:5: Missing @notice tag in function 'stopPreIcoMint' [Warning/use-natspec]
/sb/0xd139103f7338f6508b2cbc1d010b45df4346d90d.sol:730:61: Visibility modifier must be first in list of modifiers [Warning/visibility-modifier-order]
/sb/0xd139103f7338f6508b2cbc1d010b45df4346d90d.sol:737:5: Missing @notice tag in function 'stopBountyMint' [Warning/use-natspec]
/sb/0xd139103f7338f6508b2cbc1d010b45df4346d90d.sol:737:61: Visibility modifier must be first in list of modifiers [Warning/visibility-modifier-order]
/sb/0xd139103f7338f6508b2cbc1d010b45df4346d90d.sol:744:5: Missing @notice tag in function 'multiMintPreIco' [Warning/use-natspec]
/sb/0xd139103f7338f6508b2cbc1d010b45df4346d90d.sol:744:5: Missing @param tag in function 'multiMintPreIco' [Warning/use-natspec]
/sb/0xd139103f7338f6508b2cbc1d010b45df4346d90d.sol:744:5: Mismatch in @param names for function 'multiMintPreIco'. Expected: [_dests, _values], Found: [] [Warning/use-natspec]
/sb/0xd139103f7338f6508b2cbc1d010b45df4346d90d.sol:744:5: Missing @return tag in function 'multiMintPreIco' [Warning/use-natspec]
/sb/0xd139103f7338f6508b2cbc1d010b45df4346d90d.sol:744:5: Mismatch in @return count for function 'multiMintPreIco'. Expected: 1, Found: 0 [Warning/use-natspec]
/sb/0xd139103f7338f6508b2cbc1d010b45df4346d90d.sol:744:97: Visibility modifier must be first in list of modifiers [Warning/visibility-modifier-order]
/sb/0xd139103f7338f6508b2cbc1d010b45df4346d90d.sol:752:5: Missing @notice tag in function 'multiMintBounty' [Warning/use-natspec]
/sb/0xd139103f7338f6508b2cbc1d010b45df4346d90d.sol:752:5: Missing @param tag in function 'multiMintBounty' [Warning/use-natspec]
/sb/0xd139103f7338f6508b2cbc1d010b45df4346d90d.sol:752:5: Mismatch in @param names for function 'multiMintBounty'. Expected: [_dests, _values], Found: [] [Warning/use-natspec]
/sb/0xd139103f7338f6508b2cbc1d010b45df4346d90d.sol:752:5: Missing @return tag in function 'multiMintBounty' [Warning/use-natspec]
/sb/0xd139103f7338f6508b2cbc1d010b45df4346d90d.sol:752:5: Mismatch in @return count for function 'multiMintBounty'. Expected: 1, Found: 0 [Warning/use-natspec]
/sb/0xd139103f7338f6508b2cbc1d010b45df4346d90d.sol:752:97: Visibility modifier must be first in list of modifiers [Warning/visibility-modifier-order]
/sb/0xd139103f7338f6508b2cbc1d010b45df4346d90d.sol:760:5: Missing @notice tag in function 'mintToFounders' [Warning/use-natspec]
/sb/0xd139103f7338f6508b2cbc1d010b45df4346d90d.sol:760:5: Missing @param tag in function 'mintToFounders' [Warning/use-natspec]
/sb/0xd139103f7338f6508b2cbc1d010b45df4346d90d.sol:760:5: Mismatch in @param names for function 'mintToFounders'. Expected: [_dest, _value, _flag], Found: [] [Warning/use-natspec]
/sb/0xd139103f7338f6508b2cbc1d010b45df4346d90d.sol:760:60: Rule is set with explicit type [var/s: uint] [Warning/explicit-types]
/sb/0xd139103f7338f6508b2cbc1d010b45df4346d90d.sol:768:5: Missing @notice tag in function 'mintBonusToFounders' [Warning/use-natspec]
/sb/0xd139103f7338f6508b2cbc1d010b45df4346d90d.sol:768:5: Missing @param tag in function 'mintBonusToFounders' [Warning/use-natspec]
/sb/0xd139103f7338f6508b2cbc1d010b45df4346d90d.sol:768:5: Mismatch in @param names for function 'mintBonusToFounders'. Expected: [_value], Found: [] [Warning/use-natspec]
/sb/0xd139103f7338f6508b2cbc1d010b45df4346d90d.sol:786:5: Missing @notice tag in function 'changeBlockedTimeForBountyTokens' [Warning/use-natspec]
/sb/0xd139103f7338f6508b2cbc1d010b45df4346d90d.sol:786:5: Missing @param tag in function 'changeBlockedTimeForBountyTokens' [Warning/use-natspec]
/sb/0xd139103f7338f6508b2cbc1d010b45df4346d90d.sol:786:5: Mismatch in @param names for function 'changeBlockedTimeForBountyTokens'. Expected: [_blockedTime], Found: [] [Warning/use-natspec]
/sb/0xd139103f7338f6508b2cbc1d010b45df4346d90d.sol:786:79: Visibility modifier must be first in list of modifiers [Warning/visibility-modifier-order]
/sb/0xd139103f7338f6508b2cbc1d010b45df4346d90d.sol:793:5: Missing @notice tag in function 'changeBlockedTimeForInvestedTokens' [Warning/use-natspec]
/sb/0xd139103f7338f6508b2cbc1d010b45df4346d90d.sol:793:5: Missing @param tag in function 'changeBlockedTimeForInvestedTokens' [Warning/use-natspec]
/sb/0xd139103f7338f6508b2cbc1d010b45df4346d90d.sol:793:5: Mismatch in @param names for function 'changeBlockedTimeForInvestedTokens'. Expected: [_blockedTime], Found: [] [Warning/use-natspec]
/sb/0xd139103f7338f6508b2cbc1d010b45df4346d90d.sol:793:81: Visibility modifier must be first in list of modifiers [Warning/visibility-modifier-order]
/sb/0xd139103f7338f6508b2cbc1d010b45df4346d90d.sol:802:5: Missing @notice tag in function 'proposal' [Warning/use-natspec]
/sb/0xd139103f7338f6508b2cbc1d010b45df4346d90d.sol:802:70: Visibility modifier must be first in list of modifiers [Warning/visibility-modifier-order]
/sb/0xd139103f7338f6508b2cbc1d010b45df4346d90d.sol:803:9: Provide an error message for require [Warning/reason-string]
/sb/0xd139103f7338f6508b2cbc1d010b45df4346d90d.sol:804:9: Provide an error message for require [Warning/reason-string]
/sb/0xd139103f7338f6508b2cbc1d010b45df4346d90d.sol:805:9: Provide an error message for require [Warning/reason-string]
/sb/0xd139103f7338f6508b2cbc1d010b45df4346d90d.sol:808:13: Provide an error message for require [Warning/reason-string]
/sb/0xd139103f7338f6508b2cbc1d010b45df4346d90d.sol:809:13: Provide an error message for require [Warning/reason-string]
/sb/0xd139103f7338f6508b2cbc1d010b45df4346d90d.sol:812:13: GC: For [ proposals ] variable, increment/decrement by 1 using: [ ++variable ] to save gas [Warning/gas-increment-by-one]
/sb/0xd139103f7338f6508b2cbc1d010b45df4346d90d.sol:815:17: GC: Non strict inequality found. Try converting to a strict one [Warning/gas-strict-inequalities]
/sb/0xd139103f7338f6508b2cbc1d010b45df4346d90d.sol:847:5: Missing @notice tag in function 'transferTokens' [Warning/use-natspec]
/sb/0xd139103f7338f6508b2cbc1d010b45df4346d90d.sol:847:5: Missing @param tag in function 'transferTokens' [Warning/use-natspec]
/sb/0xd139103f7338f6508b2cbc1d010b45df4346d90d.sol:847:5: Mismatch in @param names for function 'transferTokens'. Expected: [_from, _to, _amount], Found: [] [Warning/use-natspec]
/sb/0xd139103f7338f6508b2cbc1d010b45df4346d90d.sol:847:84: Visibility modifier must be first in list of modifiers [Warning/visibility-modifier-order]
/sb/0xd139103f7338f6508b2cbc1d010b45df4346d90d.sol:848:9: Provide an error message for require [Warning/reason-string]
/sb/0xd139103f7338f6508b2cbc1d010b45df4346d90d.sol:851:9: Provide an error message for require [Warning/reason-string]
/sb/0xd139103f7338f6508b2cbc1d010b45df4346d90d.sol:854:9: Provide an error message for require [Warning/reason-string]
/sb/0xd139103f7338f6508b2cbc1d010b45df4346d90d.sol:855:9: Provide an error message for require [Warning/reason-string]

355 problem/s (1 error/s, 354 warning/s)
