A new version of Solhint is available: 6.0.1
Please consider updating your Solhint package.
/sb/0xf2b8e10e7b230cc55040a7a90be75c933719c507.sol:1:1: Found more than One contract per file. 2 contracts found! [Warning/one-contract-per-file]
/sb/0xf2b8e10e7b230cc55040a7a90be75c933719c507.sol:1:1: Compiler version ^0.4.6 does not satisfy the ^0.8.24 semver requirement [Error/compiler-version]
/sb/0xf2b8e10e7b230cc55040a7a90be75c933719c507.sol:3:1: Missing @title tag in contract 'token' [Warning/use-natspec]
/sb/0xf2b8e10e7b230cc55040a7a90be75c933719c507.sol:3:1: Missing @author tag in contract 'token' [Warning/use-natspec]
/sb/0xf2b8e10e7b230cc55040a7a90be75c933719c507.sol:3:1: Missing @notice tag in contract 'token' [Warning/use-natspec]
/sb/0xf2b8e10e7b230cc55040a7a90be75c933719c507.sol:3:1: Contract, Structs and Enums should be in CapWords [Warning/contract-name-capwords]
/sb/0xf2b8e10e7b230cc55040a7a90be75c933719c507.sol:3:18: Missing @notice tag in function 'transferFrom' [Warning/use-natspec]
/sb/0xf2b8e10e7b230cc55040a7a90be75c933719c507.sol:3:18: Missing @param tag in function 'transferFrom' [Warning/use-natspec]
/sb/0xf2b8e10e7b230cc55040a7a90be75c933719c507.sol:3:18: Mismatch in @param names for function 'transferFrom'. Expected: [sender, receiver, amount], Found: [] [Warning/use-natspec]
/sb/0xf2b8e10e7b230cc55040a7a90be75c933719c507.sol:3:18: Missing @return tag in function 'transferFrom' [Warning/use-natspec]
/sb/0xf2b8e10e7b230cc55040a7a90be75c933719c507.sol:3:18: Mismatch in @return names for function 'transferFrom'. Expected: [success], Found: [] [Warning/use-natspec]
/sb/0xf2b8e10e7b230cc55040a7a90be75c933719c507.sol:3:18: Explicitly mark visibility in function [Warning/func-visibility]
/sb/0xf2b8e10e7b230cc55040a7a90be75c933719c507.sol:3:74: Rule is set with explicit type [var/s: uint] [Warning/explicit-types]
/sb/0xf2b8e10e7b230cc55040a7a90be75c933719c507.sol:3:108: Code contains empty blocks [Warning/no-empty-blocks]
/sb/0xf2b8e10e7b230cc55040a7a90be75c933719c507.sol:5:1: Missing @title tag in contract 'Crowdsale' [Warning/use-natspec]
/sb/0xf2b8e10e7b230cc55040a7a90be75c933719c507.sol:5:1: Missing @author tag in contract 'Crowdsale' [Warning/use-natspec]
/sb/0xf2b8e10e7b230cc55040a7a90be75c933719c507.sol:5:1: Missing @notice tag in contract 'Crowdsale' [Warning/use-natspec]
/sb/0xf2b8e10e7b230cc55040a7a90be75c933719c507.sol:7:5: Missing @notice tag in variable 'beneficiary' [Warning/use-natspec]
/sb/0xf2b8e10e7b230cc55040a7a90be75c933719c507.sol:9:5: Rule is set with explicit type [var/s: uint] [Warning/explicit-types]
/sb/0xf2b8e10e7b230cc55040a7a90be75c933719c507.sol:9:5: Missing @notice tag in variable 'fundingGoal' [Warning/use-natspec]
/sb/0xf2b8e10e7b230cc55040a7a90be75c933719c507.sol:11:5: Rule is set with explicit type [var/s: uint] [Warning/explicit-types]
/sb/0xf2b8e10e7b230cc55040a7a90be75c933719c507.sol:11:5: Missing @notice tag in variable 'maxGoal' [Warning/use-natspec]
/sb/0xf2b8e10e7b230cc55040a7a90be75c933719c507.sol:13:5: Rule is set with explicit type [var/s: uint] [Warning/explicit-types]
/sb/0xf2b8e10e7b230cc55040a7a90be75c933719c507.sol:13:5: Missing @notice tag in variable 'amountRaised' [Warning/use-natspec]
/sb/0xf2b8e10e7b230cc55040a7a90be75c933719c507.sol:15:5: Rule is set with explicit type [var/s: uint] [Warning/explicit-types]
/sb/0xf2b8e10e7b230cc55040a7a90be75c933719c507.sol:15:5: Missing @notice tag in variable 'start' [Warning/use-natspec]
/sb/0xf2b8e10e7b230cc55040a7a90be75c933719c507.sol:17:5: Rule is set with explicit type [var/s: uint] [Warning/explicit-types]
/sb/0xf2b8e10e7b230cc55040a7a90be75c933719c507.sol:17:5: Missing @notice tag in variable 'tokensSold' [Warning/use-natspec]
/sb/0xf2b8e10e7b230cc55040a7a90be75c933719c507.sol:19:5: Rule is set with explicit type [var/s: uint] [Warning/explicit-types]
/sb/0xf2b8e10e7b230cc55040a7a90be75c933719c507.sol:19:5: Missing @notice tag in variable 'deadlines' [Warning/use-natspec]
/sb/0xf2b8e10e7b230cc55040a7a90be75c933719c507.sol:20:5: Rule is set with explicit type [var/s: uint] [Warning/explicit-types]
/sb/0xf2b8e10e7b230cc55040a7a90be75c933719c507.sol:20:5: Missing @notice tag in variable 'prices' [Warning/use-natspec]
/sb/0xf2b8e10e7b230cc55040a7a90be75c933719c507.sol:22:5: Missing @notice tag in variable 'tokenReward' [Warning/use-natspec]
/sb/0xf2b8e10e7b230cc55040a7a90be75c933719c507.sol:24:5: Missing @notice tag in variable 'balanceOf' [Warning/use-natspec]
/sb/0xf2b8e10e7b230cc55040a7a90be75c933719c507.sol:25:5: Explicitly mark visibility of state [Warning/state-visibility]
/sb/0xf2b8e10e7b230cc55040a7a90be75c933719c507.sol:26:5: Explicitly mark visibility of state [Warning/state-visibility]
/sb/0xf2b8e10e7b230cc55040a7a90be75c933719c507.sol:28:5: Missing @notice tag in event 'GoalReached' [Warning/use-natspec]
/sb/0xf2b8e10e7b230cc55040a7a90be75c933719c507.sol:28:5: Missing @param tag in event 'GoalReached' [Warning/use-natspec]
/sb/0xf2b8e10e7b230cc55040a7a90be75c933719c507.sol:28:5: Mismatch in @param names for event 'GoalReached'. Expected: [beneficiary, amountRaised], Found: [] [Warning/use-natspec]
/sb/0xf2b8e10e7b230cc55040a7a90be75c933719c507.sol:28:5: GC: [beneficiary] on Event [GoalReached] could be Indexed [Warning/gas-indexed-events]
/sb/0xf2b8e10e7b230cc55040a7a90be75c933719c507.sol:28:5: GC: [amountRaised] on Event [GoalReached] could be Indexed [Warning/gas-indexed-events]
/sb/0xf2b8e10e7b230cc55040a7a90be75c933719c507.sol:28:44: Rule is set with explicit type [var/s: uint] [Warning/explicit-types]
/sb/0xf2b8e10e7b230cc55040a7a90be75c933719c507.sol:29:5: Missing @notice tag in event 'FundTransfer' [Warning/use-natspec]
/sb/0xf2b8e10e7b230cc55040a7a90be75c933719c507.sol:29:5: Missing @param tag in event 'FundTransfer' [Warning/use-natspec]
/sb/0xf2b8e10e7b230cc55040a7a90be75c933719c507.sol:29:5: Mismatch in @param names for event 'FundTransfer'. Expected: [backer, amount, isContribution], Found: [] [Warning/use-natspec]
/sb/0xf2b8e10e7b230cc55040a7a90be75c933719c507.sol:29:5: GC: [backer] on Event [FundTransfer] could be Indexed [Warning/gas-indexed-events]
/sb/0xf2b8e10e7b230cc55040a7a90be75c933719c507.sol:29:5: GC: [amount] on Event [FundTransfer] could be Indexed [Warning/gas-indexed-events]
/sb/0xf2b8e10e7b230cc55040a7a90be75c933719c507.sol:29:5: GC: [isContribution] on Event [FundTransfer] could be Indexed [Warning/gas-indexed-events]
/sb/0xf2b8e10e7b230cc55040a7a90be75c933719c507.sol:29:40: Rule is set with explicit type [var/s: uint] [Warning/explicit-types]
/sb/0xf2b8e10e7b230cc55040a7a90be75c933719c507.sol:33:5: Missing @notice tag in function 'Crowdsale' [Warning/use-natspec]
/sb/0xf2b8e10e7b230cc55040a7a90be75c933719c507.sol:33:5: Constructors should use the new constructor keyword. [Warning/constructor-syntax]
/sb/0xf2b8e10e7b230cc55040a7a90be75c933719c507.sol:33:5: Explicitly mark visibility in function (Set ignoreConstructors to true if using solidity >=0.7.0) [Warning/func-visibility]
/sb/0xf2b8e10e7b230cc55040a7a90be75c933719c507.sol:39:5: Missing @notice tag in function '<anonymous>' [Warning/use-natspec]
/sb/0xf2b8e10e7b230cc55040a7a90be75c933719c507.sol:39:5: Explicitly mark visibility in function [Warning/func-visibility]
/sb/0xf2b8e10e7b230cc55040a7a90be75c933719c507.sol:39:5: Fallback function must be simple [Warning/no-complex-fallback]
/sb/0xf2b8e10e7b230cc55040a7a90be75c933719c507.sol:40:9: Rule is set with explicit type [var/s: uint] [Warning/explicit-types]
/sb/0xf2b8e10e7b230cc55040a7a90be75c933719c507.sol:41:9: Rule is set with explicit type [var/s: uint] [Warning/explicit-types]
/sb/0xf2b8e10e7b230cc55040a7a90be75c933719c507.sol:42:71: "throw" is deprecated, avoid to use it [Warning/avoid-throw]
/sb/0xf2b8e10e7b230cc55040a7a90be75c933719c507.sol:46:75: "throw" is deprecated, avoid to use it [Warning/avoid-throw]
/sb/0xf2b8e10e7b230cc55040a7a90be75c933719c507.sol:51:5: Missing @notice tag in function 'getPrice' [Warning/use-natspec]
/sb/0xf2b8e10e7b230cc55040a7a90be75c933719c507.sol:51:5: Missing @return tag in function 'getPrice' [Warning/use-natspec]
/sb/0xf2b8e10e7b230cc55040a7a90be75c933719c507.sol:51:5: Mismatch in @return names for function 'getPrice'. Expected: [price], Found: [] [Warning/use-natspec]
/sb/0xf2b8e10e7b230cc55040a7a90be75c933719c507.sol:51:5: Explicitly mark visibility in function [Warning/func-visibility]
/sb/0xf2b8e10e7b230cc55040a7a90be75c933719c507.sol:52:46: GC: For [ i ] variable, increment/decrement by 1 using: [ ++variable ] to save gas [Warning/gas-increment-by-one]
/sb/0xf2b8e10e7b230cc55040a7a90be75c933719c507.sol:58:36: GC: Non strict inequality found. Try converting to a strict one [Warning/gas-strict-inequalities]
/sb/0xf2b8e10e7b230cc55040a7a90be75c933719c507.sol:61:5: Missing @notice tag in function 'checkGoalReached' [Warning/use-natspec]
/sb/0xf2b8e10e7b230cc55040a7a90be75c933719c507.sol:61:5: Explicitly mark visibility in function [Warning/func-visibility]
/sb/0xf2b8e10e7b230cc55040a7a90be75c933719c507.sol:62:13: GC: Non strict inequality found. Try converting to a strict one [Warning/gas-strict-inequalities]
/sb/0xf2b8e10e7b230cc55040a7a90be75c933719c507.sol:70:5: Missing @notice tag in function 'safeWithdrawal' [Warning/use-natspec]
/sb/0xf2b8e10e7b230cc55040a7a90be75c933719c507.sol:70:5: Explicitly mark visibility in function [Warning/func-visibility]
/sb/0xf2b8e10e7b230cc55040a7a90be75c933719c507.sol:73:13: Rule is set with explicit type [var/s: uint] [Warning/explicit-types]
/sb/0xf2b8e10e7b230cc55040a7a90be75c933719c507.sol:79:21: Possible reentrancy vulnerabilities. Avoid state changes after transfer. [Warning/reentrancy]
/sb/0xf2b8e10e7b230cc55040a7a90be75c933719c507.sol:85:17: Avoid multiple calls of "send" method in single transaction [Warning/multiple-sends]
/sb/0xf2b8e10e7b230cc55040a7a90be75c933719c507.sol:89:17: Possible reentrancy vulnerabilities. Avoid state changes after transfer. [Warning/reentrancy]

74 problem/s (1 error/s, 73 warning/s)
