Extract contract Ownable from /sb/0x0081138a2920c8aa793d02354678198c89c8c0c8.sol
Extract contract SafeMath from /sb/0x0081138a2920c8aa793d02354678198c89c8c0c8.sol
Extract contract lockEtherPay from /sb/0x0081138a2920c8aa793d02354678198c89c8c0c8.sol
Extracted 3 contract(s) from /sb/0x0081138a2920c8aa793d02354678198c89c8c0c8.sol
[0;32m> Created "fuzzMe"[0m
[0;32m> To fuzz contracts:[0m
  chmod +x fuzzMe
  ./fuzzMe
assets/NormalAttacker.sol:5:3: Warning: No visibility specified. Defaulting to "public". 
  function() payable {
  ^ (Relevant source part starts here and spans across multiple lines).
assets/ReentrancyAttacker.sol:8:7: Warning: Return value of low-level calls not used.
      msg.sender.call(bytes4(255));
      ^--------------------------^
assets/ReentrancyAttacker.sol:5:3: Warning: No visibility specified. Defaulting to "public". 
  function() payable {
  ^ (Relevant source part starts here and spans across multiple lines).
>> Fuzz Ownable
** Write stats: 0.003048
** Write stats: 5.00014
** Write stats: 10.0001
** Write stats: 15.0041
** Write stats: 20.0001
** Write stats: 25.0001
** Write stats: 30.0002
** Write stats: 35.0001
** Write stats: 40.0001
** Write stats: 45.0001
** Write stats: 50.0002
** Write stats: 55.0001
** Write stats: 60.0015
** Write stats: 65.0001
** Write stats: 70.0001
** Write stats: 75.0001
** Write stats: 80.0002
** Write stats: 85.0002
** Write stats: 90.0001
** Write stats: 95.0001
** Write stats: 100
** Write stats: 105.003
** Write stats: 110
** Write stats: 115
** Write stats: 120
** Write stats: 120.005
>> Fuzz SafeMath
** Write stats: 0.00251
** Write stats: 5.00006
** Write stats: 10.0001
** Write stats: 15.0001
** Write stats: 20.0001
** Write stats: 25.0001
** Write stats: 30.0002
** Write stats: 35.0001
** Write stats: 40.0001
** Write stats: 45.0001
** Write stats: 50.0001
** Write stats: 55.8411
** Write stats: 60.0003
** Write stats: 65.0001
** Write stats: 70.0001
** Write stats: 75.0002
** Write stats: 80.0001
** Write stats: 85.0005
** Write stats: 90.0001
** Write stats: 95.0001
** Write stats: 100
** Write stats: 105
** Write stats: 110
** Write stats: 115.043
** Write stats: 120
** Write stats: 120
>> Fuzz lockEtherPay
** Write stats: 0.004445
** Write stats: 5.00038
** Write stats: 10.0002
** Write stats: 15.0005
** Write stats: 20.0001
** Write stats: 25.0004
** Write stats: 30.0004
** Write stats: 35.0004
** Write stats: 40.0002
** Write stats: 45.0002
** Write stats: 50.0001
** Write stats: 55.0006
** Write stats: 60.0007
** Write stats: 65.0148
** Write stats: 70.001
** Write stats: 75.0008
** Write stats: 80.0001
** Write stats: 85.0006
** Write stats: 90.0009
** Write stats: 95.0008
** Write stats: 100.001
** Write stats: 105.001
** Write stats: 110.001
** Write stats: 115.001
** Write stats: 120.002
** Write stats: 120.004
