A new version of Solhint is available: 6.0.1
Please consider updating your Solhint package.
/sb/0x4a56ebd89b2750bf42ddec1cd3845938983be0d2.sol:1:1: Found more than One contract per file. 4 contracts found! [Warning/one-contract-per-file]
/sb/0x4a56ebd89b2750bf42ddec1cd3845938983be0d2.sol:1:1: Compiler version ^0.4.2 does not satisfy the ^0.8.24 semver requirement [Error/compiler-version]
/sb/0x4a56ebd89b2750bf42ddec1cd3845938983be0d2.sol:3:1: Missing @title tag in contract 'OwnedI' [Warning/use-natspec]
/sb/0x4a56ebd89b2750bf42ddec1cd3845938983be0d2.sol:3:1: Missing @author tag in contract 'OwnedI' [Warning/use-natspec]
/sb/0x4a56ebd89b2750bf42ddec1cd3845938983be0d2.sol:3:1: Missing @notice tag in contract 'OwnedI' [Warning/use-natspec]
/sb/0x4a56ebd89b2750bf42ddec1cd3845938983be0d2.sol:4:5: Missing @notice tag in event 'LogOwnerChanged' [Warning/use-natspec]
/sb/0x4a56ebd89b2750bf42ddec1cd3845938983be0d2.sol:4:5: Missing @param tag in event 'LogOwnerChanged' [Warning/use-natspec]
/sb/0x4a56ebd89b2750bf42ddec1cd3845938983be0d2.sol:4:5: Mismatch in @param names for event 'LogOwnerChanged'. Expected: [previousOwner, newOwner], Found: [] [Warning/use-natspec]
/sb/0x4a56ebd89b2750bf42ddec1cd3845938983be0d2.sol:6:5: Missing @notice tag in function 'getOwner' [Warning/use-natspec]
/sb/0x4a56ebd89b2750bf42ddec1cd3845938983be0d2.sol:6:5: Missing @return tag in function 'getOwner' [Warning/use-natspec]
/sb/0x4a56ebd89b2750bf42ddec1cd3845938983be0d2.sol:6:5: Mismatch in @return count for function 'getOwner'. Expected: 1, Found: 0 [Warning/use-natspec]
/sb/0x4a56ebd89b2750bf42ddec1cd3845938983be0d2.sol:6:5: Explicitly mark visibility in function [Warning/func-visibility]
/sb/0x4a56ebd89b2750bf42ddec1cd3845938983be0d2.sol:10:5: Missing @notice tag in function 'setOwner' [Warning/use-natspec]
/sb/0x4a56ebd89b2750bf42ddec1cd3845938983be0d2.sol:10:5: Missing @param tag in function 'setOwner' [Warning/use-natspec]
/sb/0x4a56ebd89b2750bf42ddec1cd3845938983be0d2.sol:10:5: Mismatch in @param names for function 'setOwner'. Expected: [newOwner], Found: [] [Warning/use-natspec]
/sb/0x4a56ebd89b2750bf42ddec1cd3845938983be0d2.sol:10:5: Missing @return tag in function 'setOwner' [Warning/use-natspec]
/sb/0x4a56ebd89b2750bf42ddec1cd3845938983be0d2.sol:10:5: Mismatch in @return names for function 'setOwner'. Expected: [success], Found: [] [Warning/use-natspec]
/sb/0x4a56ebd89b2750bf42ddec1cd3845938983be0d2.sol:10:5: Explicitly mark visibility in function [Warning/func-visibility]
/sb/0x4a56ebd89b2750bf42ddec1cd3845938983be0d2.sol:14:1: Missing @title tag in contract 'Owned' [Warning/use-natspec]
/sb/0x4a56ebd89b2750bf42ddec1cd3845938983be0d2.sol:14:1: Missing @author tag in contract 'Owned' [Warning/use-natspec]
/sb/0x4a56ebd89b2750bf42ddec1cd3845938983be0d2.sol:14:1: Missing @notice tag in contract 'Owned' [Warning/use-natspec]
/sb/0x4a56ebd89b2750bf42ddec1cd3845938983be0d2.sol:20:5: Missing @notice tag in function 'Owned' [Warning/use-natspec]
/sb/0x4a56ebd89b2750bf42ddec1cd3845938983be0d2.sol:20:5: Explicitly mark visibility in function (Set ignoreConstructors to true if using solidity >=0.7.0) [Warning/func-visibility]
/sb/0x4a56ebd89b2750bf42ddec1cd3845938983be0d2.sol:26:13: "throw" is deprecated, avoid to use it [Warning/avoid-throw]
/sb/0x4a56ebd89b2750bf42ddec1cd3845938983be0d2.sol:31:5: Missing @notice tag in function 'getOwner' [Warning/use-natspec]
/sb/0x4a56ebd89b2750bf42ddec1cd3845938983be0d2.sol:31:5: Missing @return tag in function 'getOwner' [Warning/use-natspec]
/sb/0x4a56ebd89b2750bf42ddec1cd3845938983be0d2.sol:31:5: Mismatch in @return count for function 'getOwner'. Expected: 1, Found: 0 [Warning/use-natspec]
/sb/0x4a56ebd89b2750bf42ddec1cd3845938983be0d2.sol:31:5: Explicitly mark visibility in function [Warning/func-visibility]
/sb/0x4a56ebd89b2750bf42ddec1cd3845938983be0d2.sol:37:5: Missing @notice tag in function 'setOwner' [Warning/use-natspec]
/sb/0x4a56ebd89b2750bf42ddec1cd3845938983be0d2.sol:37:5: Missing @param tag in function 'setOwner' [Warning/use-natspec]
/sb/0x4a56ebd89b2750bf42ddec1cd3845938983be0d2.sol:37:5: Mismatch in @param names for function 'setOwner'. Expected: [newOwner], Found: [] [Warning/use-natspec]
/sb/0x4a56ebd89b2750bf42ddec1cd3845938983be0d2.sol:37:5: Missing @return tag in function 'setOwner' [Warning/use-natspec]
/sb/0x4a56ebd89b2750bf42ddec1cd3845938983be0d2.sol:37:5: Mismatch in @return names for function 'setOwner'. Expected: [success], Found: [] [Warning/use-natspec]
/sb/0x4a56ebd89b2750bf42ddec1cd3845938983be0d2.sol:37:5: Explicitly mark visibility in function [Warning/func-visibility]
/sb/0x4a56ebd89b2750bf42ddec1cd3845938983be0d2.sol:41:13: "throw" is deprecated, avoid to use it [Warning/avoid-throw]
/sb/0x4a56ebd89b2750bf42ddec1cd3845938983be0d2.sol:51:1: Missing @title tag in contract 'BalanceFixable' [Warning/use-natspec]
/sb/0x4a56ebd89b2750bf42ddec1cd3845938983be0d2.sol:51:1: Missing @author tag in contract 'BalanceFixable' [Warning/use-natspec]
/sb/0x4a56ebd89b2750bf42ddec1cd3845938983be0d2.sol:51:1: Missing @notice tag in contract 'BalanceFixable' [Warning/use-natspec]
/sb/0x4a56ebd89b2750bf42ddec1cd3845938983be0d2.sol:52:5: Missing @notice tag in function 'fixBalance' [Warning/use-natspec]
/sb/0x4a56ebd89b2750bf42ddec1cd3845938983be0d2.sol:52:5: Missing @return tag in function 'fixBalance' [Warning/use-natspec]
/sb/0x4a56ebd89b2750bf42ddec1cd3845938983be0d2.sol:52:5: Mismatch in @return names for function 'fixBalance'. Expected: [success], Found: [] [Warning/use-natspec]
/sb/0x4a56ebd89b2750bf42ddec1cd3845938983be0d2.sol:52:5: Explicitly mark visibility in function [Warning/func-visibility]
/sb/0x4a56ebd89b2750bf42ddec1cd3845938983be0d2.sol:55:13: "throw" is deprecated, avoid to use it [Warning/avoid-throw]
/sb/0x4a56ebd89b2750bf42ddec1cd3845938983be0d2.sol:61:1: Missing @title tag in contract 'Migrations' [Warning/use-natspec]
/sb/0x4a56ebd89b2750bf42ddec1cd3845938983be0d2.sol:61:1: Missing @author tag in contract 'Migrations' [Warning/use-natspec]
/sb/0x4a56ebd89b2750bf42ddec1cd3845938983be0d2.sol:61:1: Missing @notice tag in contract 'Migrations' [Warning/use-natspec]
/sb/0x4a56ebd89b2750bf42ddec1cd3845938983be0d2.sol:62:5: Rule is set with explicit type [var/s: uint] [Warning/explicit-types]
/sb/0x4a56ebd89b2750bf42ddec1cd3845938983be0d2.sol:62:5: Missing @notice tag in variable 'last_completed_migration' [Warning/use-natspec]
/sb/0x4a56ebd89b2750bf42ddec1cd3845938983be0d2.sol:62:5: Variable name must be in mixedCase last_completed_migration [Warning/var-name-mixedcase]
/sb/0x4a56ebd89b2750bf42ddec1cd3845938983be0d2.sol:63:5: Missing @notice tag in variable 'allowedAccount' [Warning/use-natspec]
/sb/0x4a56ebd89b2750bf42ddec1cd3845938983be0d2.sol:65:5: Missing @notice tag in function 'Migrations' [Warning/use-natspec]
/sb/0x4a56ebd89b2750bf42ddec1cd3845938983be0d2.sol:65:5: Explicitly mark visibility in function (Set ignoreConstructors to true if using solidity >=0.7.0) [Warning/func-visibility]
/sb/0x4a56ebd89b2750bf42ddec1cd3845938983be0d2.sol:66:27: "throw" is deprecated, avoid to use it [Warning/avoid-throw]
/sb/0x4a56ebd89b2750bf42ddec1cd3845938983be0d2.sol:69:5: Missing @notice tag in function 'setCompleted' [Warning/use-natspec]
/sb/0x4a56ebd89b2750bf42ddec1cd3845938983be0d2.sol:69:5: Missing @param tag in function 'setCompleted' [Warning/use-natspec]
/sb/0x4a56ebd89b2750bf42ddec1cd3845938983be0d2.sol:69:5: Mismatch in @param names for function 'setCompleted'. Expected: [completed], Found: [] [Warning/use-natspec]
/sb/0x4a56ebd89b2750bf42ddec1cd3845938983be0d2.sol:69:5: Explicitly mark visibility in function [Warning/func-visibility]
/sb/0x4a56ebd89b2750bf42ddec1cd3845938983be0d2.sol:69:27: Rule is set with explicit type [var/s: uint] [Warning/explicit-types]
/sb/0x4a56ebd89b2750bf42ddec1cd3845938983be0d2.sol:72:13: "throw" is deprecated, avoid to use it [Warning/avoid-throw]
/sb/0x4a56ebd89b2750bf42ddec1cd3845938983be0d2.sol:77:5: Missing @notice tag in function 'setAllowedAccount' [Warning/use-natspec]
/sb/0x4a56ebd89b2750bf42ddec1cd3845938983be0d2.sol:77:5: Missing @param tag in function 'setAllowedAccount' [Warning/use-natspec]
/sb/0x4a56ebd89b2750bf42ddec1cd3845938983be0d2.sol:77:5: Mismatch in @param names for function 'setAllowedAccount'. Expected: [_allowedAccount], Found: [] [Warning/use-natspec]
/sb/0x4a56ebd89b2750bf42ddec1cd3845938983be0d2.sol:77:5: Explicitly mark visibility in function [Warning/func-visibility]
/sb/0x4a56ebd89b2750bf42ddec1cd3845938983be0d2.sol:81:5: Missing @notice tag in function 'upgrade' [Warning/use-natspec]
/sb/0x4a56ebd89b2750bf42ddec1cd3845938983be0d2.sol:81:5: Missing @param tag in function 'upgrade' [Warning/use-natspec]
/sb/0x4a56ebd89b2750bf42ddec1cd3845938983be0d2.sol:81:5: Mismatch in @param names for function 'upgrade'. Expected: [new_address], Found: [] [Warning/use-natspec]
/sb/0x4a56ebd89b2750bf42ddec1cd3845938983be0d2.sol:81:5: Explicitly mark visibility in function [Warning/func-visibility]
/sb/0x4a56ebd89b2750bf42ddec1cd3845938983be0d2.sol:81:22: Variable name must be in mixedCase new_address [Warning/var-name-mixedcase]

68 problem/s (1 error/s, 67 warning/s)
