A new version of Solhint is available: 6.0.1
Please consider updating your Solhint package.
/sb/0xfb2afd94e54f74376e2af2b8bd386eabe9f24a7d.sol:1:1: Found more than One contract per file. 9 contracts found! [Warning/one-contract-per-file]
/sb/0xfb2afd94e54f74376e2af2b8bd386eabe9f24a7d.sol:1:1: Compiler version ^0.4.24 does not satisfy the ^0.8.24 semver requirement [Error/compiler-version]
/sb/0xfb2afd94e54f74376e2af2b8bd386eabe9f24a7d.sol:20:1: Missing @author tag in contract 'SafeMath' [Warning/use-natspec]
/sb/0xfb2afd94e54f74376e2af2b8bd386eabe9f24a7d.sol:20:1: Missing @notice tag in contract 'SafeMath' [Warning/use-natspec]
/sb/0xfb2afd94e54f74376e2af2b8bd386eabe9f24a7d.sol:25:3: Missing @notice tag in function 'mul' [Warning/use-natspec]
/sb/0xfb2afd94e54f74376e2af2b8bd386eabe9f24a7d.sol:25:3: Missing @param tag in function 'mul' [Warning/use-natspec]
/sb/0xfb2afd94e54f74376e2af2b8bd386eabe9f24a7d.sol:25:3: Mismatch in @param names for function 'mul'. Expected: [a, b], Found: [] [Warning/use-natspec]
/sb/0xfb2afd94e54f74376e2af2b8bd386eabe9f24a7d.sol:25:3: Missing @return tag in function 'mul' [Warning/use-natspec]
/sb/0xfb2afd94e54f74376e2af2b8bd386eabe9f24a7d.sol:25:3: Mismatch in @return names for function 'mul'. Expected: [c], Found: [] [Warning/use-natspec]
/sb/0xfb2afd94e54f74376e2af2b8bd386eabe9f24a7d.sol:41:3: Missing @notice tag in function 'div' [Warning/use-natspec]
/sb/0xfb2afd94e54f74376e2af2b8bd386eabe9f24a7d.sol:41:3: Missing @param tag in function 'div' [Warning/use-natspec]
/sb/0xfb2afd94e54f74376e2af2b8bd386eabe9f24a7d.sol:41:3: Mismatch in @param names for function 'div'. Expected: [a, b], Found: [] [Warning/use-natspec]
/sb/0xfb2afd94e54f74376e2af2b8bd386eabe9f24a7d.sol:41:3: Missing @return tag in function 'div' [Warning/use-natspec]
/sb/0xfb2afd94e54f74376e2af2b8bd386eabe9f24a7d.sol:41:3: Mismatch in @return count for function 'div'. Expected: 1, Found: 0 [Warning/use-natspec]
/sb/0xfb2afd94e54f74376e2af2b8bd386eabe9f24a7d.sol:51:3: Missing @notice tag in function 'sub' [Warning/use-natspec]
/sb/0xfb2afd94e54f74376e2af2b8bd386eabe9f24a7d.sol:51:3: Missing @param tag in function 'sub' [Warning/use-natspec]
/sb/0xfb2afd94e54f74376e2af2b8bd386eabe9f24a7d.sol:51:3: Mismatch in @param names for function 'sub'. Expected: [a, b], Found: [] [Warning/use-natspec]
/sb/0xfb2afd94e54f74376e2af2b8bd386eabe9f24a7d.sol:51:3: Missing @return tag in function 'sub' [Warning/use-natspec]
/sb/0xfb2afd94e54f74376e2af2b8bd386eabe9f24a7d.sol:51:3: Mismatch in @return count for function 'sub'. Expected: 1, Found: 0 [Warning/use-natspec]
/sb/0xfb2afd94e54f74376e2af2b8bd386eabe9f24a7d.sol:52:12: GC: Non strict inequality found. Try converting to a strict one [Warning/gas-strict-inequalities]
/sb/0xfb2afd94e54f74376e2af2b8bd386eabe9f24a7d.sol:59:3: Missing @notice tag in function 'add' [Warning/use-natspec]
/sb/0xfb2afd94e54f74376e2af2b8bd386eabe9f24a7d.sol:59:3: Missing @param tag in function 'add' [Warning/use-natspec]
/sb/0xfb2afd94e54f74376e2af2b8bd386eabe9f24a7d.sol:59:3: Mismatch in @param names for function 'add'. Expected: [a, b], Found: [] [Warning/use-natspec]
/sb/0xfb2afd94e54f74376e2af2b8bd386eabe9f24a7d.sol:59:3: Missing @return tag in function 'add' [Warning/use-natspec]
/sb/0xfb2afd94e54f74376e2af2b8bd386eabe9f24a7d.sol:59:3: Mismatch in @return names for function 'add'. Expected: [c], Found: [] [Warning/use-natspec]
/sb/0xfb2afd94e54f74376e2af2b8bd386eabe9f24a7d.sol:61:12: GC: Non strict inequality found. Try converting to a strict one [Warning/gas-strict-inequalities]
/sb/0xfb2afd94e54f74376e2af2b8bd386eabe9f24a7d.sol:73:1: Missing @author tag in contract 'ERC20Basic' [Warning/use-natspec]
/sb/0xfb2afd94e54f74376e2af2b8bd386eabe9f24a7d.sol:73:1: Missing @notice tag in contract 'ERC20Basic' [Warning/use-natspec]
/sb/0xfb2afd94e54f74376e2af2b8bd386eabe9f24a7d.sol:74:3: Missing @notice tag in function 'totalSupply' [Warning/use-natspec]
/sb/0xfb2afd94e54f74376e2af2b8bd386eabe9f24a7d.sol:74:3: Missing @return tag in function 'totalSupply' [Warning/use-natspec]
/sb/0xfb2afd94e54f74376e2af2b8bd386eabe9f24a7d.sol:74:3: Mismatch in @return count for function 'totalSupply'. Expected: 1, Found: 0 [Warning/use-natspec]
/sb/0xfb2afd94e54f74376e2af2b8bd386eabe9f24a7d.sol:75:3: Missing @notice tag in function 'balanceOf' [Warning/use-natspec]
/sb/0xfb2afd94e54f74376e2af2b8bd386eabe9f24a7d.sol:75:3: Missing @param tag in function 'balanceOf' [Warning/use-natspec]
/sb/0xfb2afd94e54f74376e2af2b8bd386eabe9f24a7d.sol:75:3: Mismatch in @param names for function 'balanceOf'. Expected: [who], Found: [] [Warning/use-natspec]
/sb/0xfb2afd94e54f74376e2af2b8bd386eabe9f24a7d.sol:75:3: Missing @return tag in function 'balanceOf' [Warning/use-natspec]
/sb/0xfb2afd94e54f74376e2af2b8bd386eabe9f24a7d.sol:75:3: Mismatch in @return count for function 'balanceOf'. Expected: 1, Found: 0 [Warning/use-natspec]
/sb/0xfb2afd94e54f74376e2af2b8bd386eabe9f24a7d.sol:76:3: Missing @notice tag in function 'transfer' [Warning/use-natspec]
/sb/0xfb2afd94e54f74376e2af2b8bd386eabe9f24a7d.sol:76:3: Missing @param tag in function 'transfer' [Warning/use-natspec]
/sb/0xfb2afd94e54f74376e2af2b8bd386eabe9f24a7d.sol:76:3: Mismatch in @param names for function 'transfer'. Expected: [to, value], Found: [] [Warning/use-natspec]
/sb/0xfb2afd94e54f74376e2af2b8bd386eabe9f24a7d.sol:76:3: Missing @return tag in function 'transfer' [Warning/use-natspec]
/sb/0xfb2afd94e54f74376e2af2b8bd386eabe9f24a7d.sol:76:3: Mismatch in @return count for function 'transfer'. Expected: 1, Found: 0 [Warning/use-natspec]
/sb/0xfb2afd94e54f74376e2af2b8bd386eabe9f24a7d.sol:78:3: Missing @notice tag in event 'Transfer' [Warning/use-natspec]
/sb/0xfb2afd94e54f74376e2af2b8bd386eabe9f24a7d.sol:78:3: Missing @param tag in event 'Transfer' [Warning/use-natspec]
/sb/0xfb2afd94e54f74376e2af2b8bd386eabe9f24a7d.sol:78:3: Mismatch in @param names for event 'Transfer'. Expected: [from, to, value], Found: [] [Warning/use-natspec]
/sb/0xfb2afd94e54f74376e2af2b8bd386eabe9f24a7d.sol:78:3: GC: [value] on Event [Transfer] could be Indexed [Warning/gas-indexed-events]
/sb/0xfb2afd94e54f74376e2af2b8bd386eabe9f24a7d.sol:86:1: Missing @author tag in contract 'BasicToken' [Warning/use-natspec]
/sb/0xfb2afd94e54f74376e2af2b8bd386eabe9f24a7d.sol:86:1: Missing @notice tag in contract 'BasicToken' [Warning/use-natspec]
/sb/0xfb2afd94e54f74376e2af2b8bd386eabe9f24a7d.sol:89:3: Explicitly mark visibility of state [Warning/state-visibility]
/sb/0xfb2afd94e54f74376e2af2b8bd386eabe9f24a7d.sol:91:3: Explicitly mark visibility of state [Warning/state-visibility]
/sb/0xfb2afd94e54f74376e2af2b8bd386eabe9f24a7d.sol:96:3: Missing @notice tag in function 'totalSupply' [Warning/use-natspec]
/sb/0xfb2afd94e54f74376e2af2b8bd386eabe9f24a7d.sol:96:3: Missing @return tag in function 'totalSupply' [Warning/use-natspec]
/sb/0xfb2afd94e54f74376e2af2b8bd386eabe9f24a7d.sol:96:3: Mismatch in @return count for function 'totalSupply'. Expected: 1, Found: 0 [Warning/use-natspec]
/sb/0xfb2afd94e54f74376e2af2b8bd386eabe9f24a7d.sol:105:3: Missing @notice tag in function 'transfer' [Warning/use-natspec]
/sb/0xfb2afd94e54f74376e2af2b8bd386eabe9f24a7d.sol:105:3: Missing @return tag in function 'transfer' [Warning/use-natspec]
/sb/0xfb2afd94e54f74376e2af2b8bd386eabe9f24a7d.sol:105:3: Mismatch in @return count for function 'transfer'. Expected: 1, Found: 0 [Warning/use-natspec]
/sb/0xfb2afd94e54f74376e2af2b8bd386eabe9f24a7d.sol:107:5: Provide an error message for require [Warning/reason-string]
/sb/0xfb2afd94e54f74376e2af2b8bd386eabe9f24a7d.sol:107:13: GC: Non strict inequality found. Try converting to a strict one [Warning/gas-strict-inequalities]
/sb/0xfb2afd94e54f74376e2af2b8bd386eabe9f24a7d.sol:120:3: Missing @notice tag in function 'balanceOf' [Warning/use-natspec]
/sb/0xfb2afd94e54f74376e2af2b8bd386eabe9f24a7d.sol:130:1: Missing @author tag in contract 'ERC20' [Warning/use-natspec]
/sb/0xfb2afd94e54f74376e2af2b8bd386eabe9f24a7d.sol:130:1: Missing @notice tag in contract 'ERC20' [Warning/use-natspec]
/sb/0xfb2afd94e54f74376e2af2b8bd386eabe9f24a7d.sol:131:3: Missing @notice tag in function 'allowance' [Warning/use-natspec]
/sb/0xfb2afd94e54f74376e2af2b8bd386eabe9f24a7d.sol:131:3: Missing @param tag in function 'allowance' [Warning/use-natspec]
/sb/0xfb2afd94e54f74376e2af2b8bd386eabe9f24a7d.sol:131:3: Mismatch in @param names for function 'allowance'. Expected: [owner, spender], Found: [] [Warning/use-natspec]
/sb/0xfb2afd94e54f74376e2af2b8bd386eabe9f24a7d.sol:131:3: Missing @return tag in function 'allowance' [Warning/use-natspec]
/sb/0xfb2afd94e54f74376e2af2b8bd386eabe9f24a7d.sol:131:3: Mismatch in @return count for function 'allowance'. Expected: 1, Found: 0 [Warning/use-natspec]
/sb/0xfb2afd94e54f74376e2af2b8bd386eabe9f24a7d.sol:132:3: Missing @notice tag in function 'transferFrom' [Warning/use-natspec]
/sb/0xfb2afd94e54f74376e2af2b8bd386eabe9f24a7d.sol:132:3: Missing @param tag in function 'transferFrom' [Warning/use-natspec]
/sb/0xfb2afd94e54f74376e2af2b8bd386eabe9f24a7d.sol:132:3: Mismatch in @param names for function 'transferFrom'. Expected: [from, to, value], Found: [] [Warning/use-natspec]
/sb/0xfb2afd94e54f74376e2af2b8bd386eabe9f24a7d.sol:132:3: Missing @return tag in function 'transferFrom' [Warning/use-natspec]
/sb/0xfb2afd94e54f74376e2af2b8bd386eabe9f24a7d.sol:132:3: Mismatch in @return count for function 'transferFrom'. Expected: 1, Found: 0 [Warning/use-natspec]
/sb/0xfb2afd94e54f74376e2af2b8bd386eabe9f24a7d.sol:133:3: Missing @notice tag in function 'approve' [Warning/use-natspec]
/sb/0xfb2afd94e54f74376e2af2b8bd386eabe9f24a7d.sol:133:3: Missing @param tag in function 'approve' [Warning/use-natspec]
/sb/0xfb2afd94e54f74376e2af2b8bd386eabe9f24a7d.sol:133:3: Mismatch in @param names for function 'approve'. Expected: [spender, value], Found: [] [Warning/use-natspec]
/sb/0xfb2afd94e54f74376e2af2b8bd386eabe9f24a7d.sol:133:3: Missing @return tag in function 'approve' [Warning/use-natspec]
/sb/0xfb2afd94e54f74376e2af2b8bd386eabe9f24a7d.sol:133:3: Mismatch in @return count for function 'approve'. Expected: 1, Found: 0 [Warning/use-natspec]
/sb/0xfb2afd94e54f74376e2af2b8bd386eabe9f24a7d.sol:135:3: Missing @notice tag in event 'Approval' [Warning/use-natspec]
/sb/0xfb2afd94e54f74376e2af2b8bd386eabe9f24a7d.sol:135:3: Missing @param tag in event 'Approval' [Warning/use-natspec]
/sb/0xfb2afd94e54f74376e2af2b8bd386eabe9f24a7d.sol:135:3: Mismatch in @param names for event 'Approval'. Expected: [owner, spender, value], Found: [] [Warning/use-natspec]
/sb/0xfb2afd94e54f74376e2af2b8bd386eabe9f24a7d.sol:135:3: GC: [value] on Event [Approval] could be Indexed [Warning/gas-indexed-events]
/sb/0xfb2afd94e54f74376e2af2b8bd386eabe9f24a7d.sol:151:1: Missing @author tag in contract 'StandardToken' [Warning/use-natspec]
/sb/0xfb2afd94e54f74376e2af2b8bd386eabe9f24a7d.sol:151:1: Missing @notice tag in contract 'StandardToken' [Warning/use-natspec]
/sb/0xfb2afd94e54f74376e2af2b8bd386eabe9f24a7d.sol:161:3: Missing @notice tag in function 'transferFrom' [Warning/use-natspec]
/sb/0xfb2afd94e54f74376e2af2b8bd386eabe9f24a7d.sol:161:3: Missing @return tag in function 'transferFrom' [Warning/use-natspec]
/sb/0xfb2afd94e54f74376e2af2b8bd386eabe9f24a7d.sol:161:3: Mismatch in @return count for function 'transferFrom'. Expected: 1, Found: 0 [Warning/use-natspec]
/sb/0xfb2afd94e54f74376e2af2b8bd386eabe9f24a7d.sol:170:5: Provide an error message for require [Warning/reason-string]
/sb/0xfb2afd94e54f74376e2af2b8bd386eabe9f24a7d.sol:170:13: GC: Non strict inequality found. Try converting to a strict one [Warning/gas-strict-inequalities]
/sb/0xfb2afd94e54f74376e2af2b8bd386eabe9f24a7d.sol:171:5: Provide an error message for require [Warning/reason-string]
/sb/0xfb2afd94e54f74376e2af2b8bd386eabe9f24a7d.sol:171:13: GC: Non strict inequality found. Try converting to a strict one [Warning/gas-strict-inequalities]
/sb/0xfb2afd94e54f74376e2af2b8bd386eabe9f24a7d.sol:192:3: Missing @notice tag in function 'approve' [Warning/use-natspec]
/sb/0xfb2afd94e54f74376e2af2b8bd386eabe9f24a7d.sol:192:3: Missing @return tag in function 'approve' [Warning/use-natspec]
/sb/0xfb2afd94e54f74376e2af2b8bd386eabe9f24a7d.sol:192:3: Mismatch in @return count for function 'approve'. Expected: 1, Found: 0 [Warning/use-natspec]
/sb/0xfb2afd94e54f74376e2af2b8bd386eabe9f24a7d.sol:204:3: Missing @notice tag in function 'allowance' [Warning/use-natspec]
/sb/0xfb2afd94e54f74376e2af2b8bd386eabe9f24a7d.sol:224:3: Missing @notice tag in function 'increaseApproval' [Warning/use-natspec]
/sb/0xfb2afd94e54f74376e2af2b8bd386eabe9f24a7d.sol:224:3: Missing @return tag in function 'increaseApproval' [Warning/use-natspec]
/sb/0xfb2afd94e54f74376e2af2b8bd386eabe9f24a7d.sol:224:3: Mismatch in @return count for function 'increaseApproval'. Expected: 1, Found: 0 [Warning/use-natspec]
/sb/0xfb2afd94e54f74376e2af2b8bd386eabe9f24a7d.sol:245:3: Missing @notice tag in function 'decreaseApproval' [Warning/use-natspec]
/sb/0xfb2afd94e54f74376e2af2b8bd386eabe9f24a7d.sol:245:3: Missing @return tag in function 'decreaseApproval' [Warning/use-natspec]
/sb/0xfb2afd94e54f74376e2af2b8bd386eabe9f24a7d.sol:245:3: Mismatch in @return count for function 'decreaseApproval'. Expected: 1, Found: 0 [Warning/use-natspec]
/sb/0xfb2afd94e54f74376e2af2b8bd386eabe9f24a7d.sol:270:1: Missing @author tag in contract 'Ownable' [Warning/use-natspec]
/sb/0xfb2afd94e54f74376e2af2b8bd386eabe9f24a7d.sol:270:1: Missing @notice tag in contract 'Ownable' [Warning/use-natspec]
/sb/0xfb2afd94e54f74376e2af2b8bd386eabe9f24a7d.sol:271:3: Missing @notice tag in variable 'owner' [Warning/use-natspec]
/sb/0xfb2afd94e54f74376e2af2b8bd386eabe9f24a7d.sol:273:3: Missing @notice tag in event 'OwnershipRenounced' [Warning/use-natspec]
/sb/0xfb2afd94e54f74376e2af2b8bd386eabe9f24a7d.sol:273:3: Missing @param tag in event 'OwnershipRenounced' [Warning/use-natspec]
/sb/0xfb2afd94e54f74376e2af2b8bd386eabe9f24a7d.sol:273:3: Mismatch in @param names for event 'OwnershipRenounced'. Expected: [previousOwner], Found: [] [Warning/use-natspec]
/sb/0xfb2afd94e54f74376e2af2b8bd386eabe9f24a7d.sol:275:3: Missing @notice tag in event 'OwnershipTransferred' [Warning/use-natspec]
/sb/0xfb2afd94e54f74376e2af2b8bd386eabe9f24a7d.sol:275:3: Missing @param tag in event 'OwnershipTransferred' [Warning/use-natspec]
/sb/0xfb2afd94e54f74376e2af2b8bd386eabe9f24a7d.sol:275:3: Mismatch in @param names for event 'OwnershipTransferred'. Expected: [previousOwner, newOwner], Found: [] [Warning/use-natspec]
/sb/0xfb2afd94e54f74376e2af2b8bd386eabe9f24a7d.sol:284:3: Missing @notice tag in function '<anonymous>' [Warning/use-natspec]
/sb/0xfb2afd94e54f74376e2af2b8bd386eabe9f24a7d.sol:292:5: Provide an error message for require [Warning/reason-string]
/sb/0xfb2afd94e54f74376e2af2b8bd386eabe9f24a7d.sol:311:3: Missing @notice tag in function 'transferOwnership' [Warning/use-natspec]
/sb/0xfb2afd94e54f74376e2af2b8bd386eabe9f24a7d.sol:319:3: Missing @notice tag in function '_transferOwnership' [Warning/use-natspec]
/sb/0xfb2afd94e54f74376e2af2b8bd386eabe9f24a7d.sol:320:5: Provide an error message for require [Warning/reason-string]
/sb/0xfb2afd94e54f74376e2af2b8bd386eabe9f24a7d.sol:331:1: Missing @author tag in contract 'Pausable' [Warning/use-natspec]
/sb/0xfb2afd94e54f74376e2af2b8bd386eabe9f24a7d.sol:331:1: Missing @notice tag in contract 'Pausable' [Warning/use-natspec]
/sb/0xfb2afd94e54f74376e2af2b8bd386eabe9f24a7d.sol:332:3: Missing @notice tag in event 'Pause' [Warning/use-natspec]
/sb/0xfb2afd94e54f74376e2af2b8bd386eabe9f24a7d.sol:333:3: Missing @notice tag in event 'Unpause' [Warning/use-natspec]
/sb/0xfb2afd94e54f74376e2af2b8bd386eabe9f24a7d.sol:335:3: Missing @notice tag in variable 'paused' [Warning/use-natspec]
/sb/0xfb2afd94e54f74376e2af2b8bd386eabe9f24a7d.sol:341:5: Provide an error message for require [Warning/reason-string]
/sb/0xfb2afd94e54f74376e2af2b8bd386eabe9f24a7d.sol:349:5: Provide an error message for require [Warning/reason-string]
/sb/0xfb2afd94e54f74376e2af2b8bd386eabe9f24a7d.sol:356:3: Missing @notice tag in function 'pause' [Warning/use-natspec]
/sb/0xfb2afd94e54f74376e2af2b8bd386eabe9f24a7d.sol:356:44: Visibility modifier must be first in list of modifiers [Warning/visibility-modifier-order]
/sb/0xfb2afd94e54f74376e2af2b8bd386eabe9f24a7d.sol:364:3: Missing @notice tag in function 'unpause' [Warning/use-natspec]
/sb/0xfb2afd94e54f74376e2af2b8bd386eabe9f24a7d.sol:364:43: Visibility modifier must be first in list of modifiers [Warning/visibility-modifier-order]
/sb/0xfb2afd94e54f74376e2af2b8bd386eabe9f24a7d.sol:375:1: Missing @author tag in contract 'PausableToken' [Warning/use-natspec]
/sb/0xfb2afd94e54f74376e2af2b8bd386eabe9f24a7d.sol:375:1: Missing @notice tag in contract 'PausableToken' [Warning/use-natspec]
/sb/0xfb2afd94e54f74376e2af2b8bd386eabe9f24a7d.sol:377:3: Missing @notice tag in function 'transfer' [Warning/use-natspec]
/sb/0xfb2afd94e54f74376e2af2b8bd386eabe9f24a7d.sol:377:3: Missing @param tag in function 'transfer' [Warning/use-natspec]
/sb/0xfb2afd94e54f74376e2af2b8bd386eabe9f24a7d.sol:377:3: Mismatch in @param names for function 'transfer'. Expected: [_to, _value], Found: [] [Warning/use-natspec]
/sb/0xfb2afd94e54f74376e2af2b8bd386eabe9f24a7d.sol:377:3: Missing @return tag in function 'transfer' [Warning/use-natspec]
/sb/0xfb2afd94e54f74376e2af2b8bd386eabe9f24a7d.sol:377:3: Mismatch in @return count for function 'transfer'. Expected: 1, Found: 0 [Warning/use-natspec]
/sb/0xfb2afd94e54f74376e2af2b8bd386eabe9f24a7d.sol:388:3: Missing @notice tag in function 'transferFrom' [Warning/use-natspec]
/sb/0xfb2afd94e54f74376e2af2b8bd386eabe9f24a7d.sol:388:3: Missing @param tag in function 'transferFrom' [Warning/use-natspec]
/sb/0xfb2afd94e54f74376e2af2b8bd386eabe9f24a7d.sol:388:3: Mismatch in @param names for function 'transferFrom'. Expected: [_from, _to, _value], Found: [] [Warning/use-natspec]
/sb/0xfb2afd94e54f74376e2af2b8bd386eabe9f24a7d.sol:388:3: Missing @return tag in function 'transferFrom' [Warning/use-natspec]
/sb/0xfb2afd94e54f74376e2af2b8bd386eabe9f24a7d.sol:388:3: Mismatch in @return count for function 'transferFrom'. Expected: 1, Found: 0 [Warning/use-natspec]
/sb/0xfb2afd94e54f74376e2af2b8bd386eabe9f24a7d.sol:400:3: Missing @notice tag in function 'approve' [Warning/use-natspec]
/sb/0xfb2afd94e54f74376e2af2b8bd386eabe9f24a7d.sol:400:3: Missing @param tag in function 'approve' [Warning/use-natspec]
/sb/0xfb2afd94e54f74376e2af2b8bd386eabe9f24a7d.sol:400:3: Mismatch in @param names for function 'approve'. Expected: [_spender, _value], Found: [] [Warning/use-natspec]
/sb/0xfb2afd94e54f74376e2af2b8bd386eabe9f24a7d.sol:400:3: Missing @return tag in function 'approve' [Warning/use-natspec]
/sb/0xfb2afd94e54f74376e2af2b8bd386eabe9f24a7d.sol:400:3: Mismatch in @return count for function 'approve'. Expected: 1, Found: 0 [Warning/use-natspec]
/sb/0xfb2afd94e54f74376e2af2b8bd386eabe9f24a7d.sol:411:3: Missing @notice tag in function 'increaseApproval' [Warning/use-natspec]
/sb/0xfb2afd94e54f74376e2af2b8bd386eabe9f24a7d.sol:411:3: Missing @param tag in function 'increaseApproval' [Warning/use-natspec]
/sb/0xfb2afd94e54f74376e2af2b8bd386eabe9f24a7d.sol:411:3: Mismatch in @param names for function 'increaseApproval'. Expected: [_spender, _addedValue], Found: [] [Warning/use-natspec]
/sb/0xfb2afd94e54f74376e2af2b8bd386eabe9f24a7d.sol:411:3: Missing @return tag in function 'increaseApproval' [Warning/use-natspec]
/sb/0xfb2afd94e54f74376e2af2b8bd386eabe9f24a7d.sol:411:3: Mismatch in @return names for function 'increaseApproval'. Expected: [success], Found: [] [Warning/use-natspec]
/sb/0xfb2afd94e54f74376e2af2b8bd386eabe9f24a7d.sol:413:5: Rule is set with explicit type [var/s: uint] [Warning/explicit-types]
/sb/0xfb2afd94e54f74376e2af2b8bd386eabe9f24a7d.sol:422:3: Missing @notice tag in function 'decreaseApproval' [Warning/use-natspec]
/sb/0xfb2afd94e54f74376e2af2b8bd386eabe9f24a7d.sol:422:3: Missing @param tag in function 'decreaseApproval' [Warning/use-natspec]
/sb/0xfb2afd94e54f74376e2af2b8bd386eabe9f24a7d.sol:422:3: Mismatch in @param names for function 'decreaseApproval'. Expected: [_spender, _subtractedValue], Found: [] [Warning/use-natspec]
/sb/0xfb2afd94e54f74376e2af2b8bd386eabe9f24a7d.sol:422:3: Missing @return tag in function 'decreaseApproval' [Warning/use-natspec]
/sb/0xfb2afd94e54f74376e2af2b8bd386eabe9f24a7d.sol:422:3: Mismatch in @return names for function 'decreaseApproval'. Expected: [success], Found: [] [Warning/use-natspec]
/sb/0xfb2afd94e54f74376e2af2b8bd386eabe9f24a7d.sol:424:5: Rule is set with explicit type [var/s: uint] [Warning/explicit-types]
/sb/0xfb2afd94e54f74376e2af2b8bd386eabe9f24a7d.sol:436:1: Missing @title tag in contract 'PoolinTestToken' [Warning/use-natspec]
/sb/0xfb2afd94e54f74376e2af2b8bd386eabe9f24a7d.sol:436:1: Missing @author tag in contract 'PoolinTestToken' [Warning/use-natspec]
/sb/0xfb2afd94e54f74376e2af2b8bd386eabe9f24a7d.sol:436:1: Missing @notice tag in contract 'PoolinTestToken' [Warning/use-natspec]
/sb/0xfb2afd94e54f74376e2af2b8bd386eabe9f24a7d.sol:437:3: Missing @notice tag in variable 'name' [Warning/use-natspec]
/sb/0xfb2afd94e54f74376e2af2b8bd386eabe9f24a7d.sol:437:3: Constant name must be in capitalized SNAKE_CASE [Warning/const-name-snakecase]
/sb/0xfb2afd94e54f74376e2af2b8bd386eabe9f24a7d.sol:438:3: Missing @notice tag in variable 'symbol' [Warning/use-natspec]
/sb/0xfb2afd94e54f74376e2af2b8bd386eabe9f24a7d.sol:438:3: Constant name must be in capitalized SNAKE_CASE [Warning/const-name-snakecase]
/sb/0xfb2afd94e54f74376e2af2b8bd386eabe9f24a7d.sol:439:3: Missing @notice tag in variable 'decimals' [Warning/use-natspec]
/sb/0xfb2afd94e54f74376e2af2b8bd386eabe9f24a7d.sol:439:3: Constant name must be in capitalized SNAKE_CASE [Warning/const-name-snakecase]
/sb/0xfb2afd94e54f74376e2af2b8bd386eabe9f24a7d.sol:442:3: Missing @notice tag in variable 'K_INITIAL_SUPPLY' [Warning/use-natspec]
/sb/0xfb2afd94e54f74376e2af2b8bd386eabe9f24a7d.sol:448:3: Missing @notice tag in function '<anonymous>' [Warning/use-natspec]

163 problem/s (1 error/s, 162 warning/s)
