A new version of Solhint is available: 6.0.1
Please consider updating your Solhint package.
/sb/0xd37f29d1cd9f379b3f9363453725ed971190aeca.sol:1:1: Found more than One contract per file. 3 contracts found! [Warning/one-contract-per-file]
/sb/0xd37f29d1cd9f379b3f9363453725ed971190aeca.sol:1:1: Compiler version ^0.4.20 does not satisfy the ^0.8.24 semver requirement [Error/compiler-version]
/sb/0xd37f29d1cd9f379b3f9363453725ed971190aeca.sol:9:1: Missing @author tag in contract 'Ownable' [Warning/use-natspec]
/sb/0xd37f29d1cd9f379b3f9363453725ed971190aeca.sol:9:1: Missing @notice tag in contract 'Ownable' [Warning/use-natspec]
/sb/0xd37f29d1cd9f379b3f9363453725ed971190aeca.sol:10:3: Missing @notice tag in variable 'owner' [Warning/use-natspec]
/sb/0xd37f29d1cd9f379b3f9363453725ed971190aeca.sol:13:3: Missing @notice tag in event 'OwnershipTransferred' [Warning/use-natspec]
/sb/0xd37f29d1cd9f379b3f9363453725ed971190aeca.sol:13:3: Missing @param tag in event 'OwnershipTransferred' [Warning/use-natspec]
/sb/0xd37f29d1cd9f379b3f9363453725ed971190aeca.sol:13:3: Mismatch in @param names for event 'OwnershipTransferred'. Expected: [previousOwner, newOwner], Found: [] [Warning/use-natspec]
/sb/0xd37f29d1cd9f379b3f9363453725ed971190aeca.sol:20:3: Missing @notice tag in function 'Ownable' [Warning/use-natspec]
/sb/0xd37f29d1cd9f379b3f9363453725ed971190aeca.sol:28:5: Provide an error message for require [Warning/reason-string]
/sb/0xd37f29d1cd9f379b3f9363453725ed971190aeca.sol:36:3: Missing @notice tag in function 'transferOwnership' [Warning/use-natspec]
/sb/0xd37f29d1cd9f379b3f9363453725ed971190aeca.sol:37:5: Provide an error message for require [Warning/reason-string]
/sb/0xd37f29d1cd9f379b3f9363453725ed971190aeca.sol:50:1: Missing @author tag in contract 'Pausable' [Warning/use-natspec]
/sb/0xd37f29d1cd9f379b3f9363453725ed971190aeca.sol:50:1: Missing @notice tag in contract 'Pausable' [Warning/use-natspec]
/sb/0xd37f29d1cd9f379b3f9363453725ed971190aeca.sol:51:3: Missing @notice tag in event 'Pause' [Warning/use-natspec]
/sb/0xd37f29d1cd9f379b3f9363453725ed971190aeca.sol:52:3: Missing @notice tag in event 'Unpause' [Warning/use-natspec]
/sb/0xd37f29d1cd9f379b3f9363453725ed971190aeca.sol:54:3: Missing @notice tag in variable 'paused' [Warning/use-natspec]
/sb/0xd37f29d1cd9f379b3f9363453725ed971190aeca.sol:61:5: Provide an error message for require [Warning/reason-string]
/sb/0xd37f29d1cd9f379b3f9363453725ed971190aeca.sol:69:5: Provide an error message for require [Warning/reason-string]
/sb/0xd37f29d1cd9f379b3f9363453725ed971190aeca.sol:76:3: Missing @notice tag in function 'pause' [Warning/use-natspec]
/sb/0xd37f29d1cd9f379b3f9363453725ed971190aeca.sol:76:44: Visibility modifier must be first in list of modifiers [Warning/visibility-modifier-order]
/sb/0xd37f29d1cd9f379b3f9363453725ed971190aeca.sol:84:3: Missing @notice tag in function 'unpause' [Warning/use-natspec]
/sb/0xd37f29d1cd9f379b3f9363453725ed971190aeca.sol:84:43: Visibility modifier must be first in list of modifiers [Warning/visibility-modifier-order]
/sb/0xd37f29d1cd9f379b3f9363453725ed971190aeca.sol:92:1: Missing @author tag in contract 'BlockchainCutiesPresale' [Warning/use-natspec]
/sb/0xd37f29d1cd9f379b3f9363453725ed971190aeca.sol:92:1: Missing @notice tag in contract 'BlockchainCutiesPresale' [Warning/use-natspec]
/sb/0xd37f29d1cd9f379b3f9363453725ed971190aeca.sol:99:2: Missing @notice tag in variable 'purchases' [Warning/use-natspec]
/sb/0xd37f29d1cd9f379b3f9363453725ed971190aeca.sol:101:2: Missing @notice tag in variable 'prices' [Warning/use-natspec]
/sb/0xd37f29d1cd9f379b3f9363453725ed971190aeca.sol:102:2: Missing @notice tag in variable 'leftCount' [Warning/use-natspec]
/sb/0xd37f29d1cd9f379b3f9363453725ed971190aeca.sol:104:2: Missing @notice tag in event 'Bid' [Warning/use-natspec]
/sb/0xd37f29d1cd9f379b3f9363453725ed971190aeca.sol:104:2: Missing @param tag in event 'Bid' [Warning/use-natspec]
/sb/0xd37f29d1cd9f379b3f9363453725ed971190aeca.sol:104:2: Mismatch in @param names for event 'Bid'. Expected: [owner, cutieKind], Found: [] [Warning/use-natspec]
/sb/0xd37f29d1cd9f379b3f9363453725ed971190aeca.sol:106:2: Missing @notice tag in function 'addCutie' [Warning/use-natspec]
/sb/0xd37f29d1cd9f379b3f9363453725ed971190aeca.sol:106:2: Missing @param tag in function 'addCutie' [Warning/use-natspec]
/sb/0xd37f29d1cd9f379b3f9363453725ed971190aeca.sol:106:2: Mismatch in @param names for function 'addCutie'. Expected: [id, price, count], Found: [] [Warning/use-natspec]
/sb/0xd37f29d1cd9f379b3f9363453725ed971190aeca.sol:112:2: Missing @notice tag in function 'isAvailable' [Warning/use-natspec]
/sb/0xd37f29d1cd9f379b3f9363453725ed971190aeca.sol:112:2: Missing @param tag in function 'isAvailable' [Warning/use-natspec]
/sb/0xd37f29d1cd9f379b3f9363453725ed971190aeca.sol:112:2: Mismatch in @param names for function 'isAvailable'. Expected: [cutieKind], Found: [] [Warning/use-natspec]
/sb/0xd37f29d1cd9f379b3f9363453725ed971190aeca.sol:112:2: Missing @return tag in function 'isAvailable' [Warning/use-natspec]
/sb/0xd37f29d1cd9f379b3f9363453725ed971190aeca.sol:112:2: Mismatch in @return count for function 'isAvailable'. Expected: 1, Found: 0 [Warning/use-natspec]
/sb/0xd37f29d1cd9f379b3f9363453725ed971190aeca.sol:117:2: Missing @notice tag in function 'getPrice' [Warning/use-natspec]
/sb/0xd37f29d1cd9f379b3f9363453725ed971190aeca.sol:117:2: Missing @param tag in function 'getPrice' [Warning/use-natspec]
/sb/0xd37f29d1cd9f379b3f9363453725ed971190aeca.sol:117:2: Mismatch in @param names for function 'getPrice'. Expected: [cutieKind], Found: [] [Warning/use-natspec]
/sb/0xd37f29d1cd9f379b3f9363453725ed971190aeca.sol:117:2: Missing @return tag in function 'getPrice' [Warning/use-natspec]
/sb/0xd37f29d1cd9f379b3f9363453725ed971190aeca.sol:117:2: Mismatch in @return names for function 'getPrice'. Expected: [price, left], Found: [] [Warning/use-natspec]
/sb/0xd37f29d1cd9f379b3f9363453725ed971190aeca.sol:123:2: Missing @notice tag in function 'bid' [Warning/use-natspec]
/sb/0xd37f29d1cd9f379b3f9363453725ed971190aeca.sol:123:2: Missing @param tag in function 'bid' [Warning/use-natspec]
/sb/0xd37f29d1cd9f379b3f9363453725ed971190aeca.sol:123:2: Mismatch in @param names for function 'bid'. Expected: [cutieKind], Found: [] [Warning/use-natspec]
/sb/0xd37f29d1cd9f379b3f9363453725ed971190aeca.sol:125:3: Provide an error message for require [Warning/reason-string]
/sb/0xd37f29d1cd9f379b3f9363453725ed971190aeca.sol:126:3: Provide an error message for require [Warning/reason-string]
/sb/0xd37f29d1cd9f379b3f9363453725ed971190aeca.sol:126:11: GC: Non strict inequality found. Try converting to a strict one [Warning/gas-strict-inequalities]
/sb/0xd37f29d1cd9f379b3f9363453725ed971190aeca.sol:129:3: GC: For [ leftCount ] variable, increment/decrement by 1 using: [ ++variable ] to save gas [Warning/gas-increment-by-one]
/sb/0xd37f29d1cd9f379b3f9363453725ed971190aeca.sol:134:2: Missing @notice tag in function 'purchasesCount' [Warning/use-natspec]
/sb/0xd37f29d1cd9f379b3f9363453725ed971190aeca.sol:134:2: Missing @return tag in function 'purchasesCount' [Warning/use-natspec]
/sb/0xd37f29d1cd9f379b3f9363453725ed971190aeca.sol:134:2: Mismatch in @return count for function 'purchasesCount'. Expected: 1, Found: 0 [Warning/use-natspec]
/sb/0xd37f29d1cd9f379b3f9363453725ed971190aeca.sol:139:5: Missing @notice tag in function 'destroyContract' [Warning/use-natspec]
/sb/0xd37f29d1cd9f379b3f9363453725ed971190aeca.sol:143:5: Missing @notice tag in function 'withdraw' [Warning/use-natspec]

56 problem/s (1 error/s, 55 warning/s)
