ANTLR runtime and generated code versions disagree: 4.9.2!=4.7.2
ANTLR runtime and generated code versions disagree: 4.9.2!=4.7.2
Analysing /sb/0x3b98c8f8f028060d0e0127843ee13f4b995a7960.sol:ACNStandardToken...
Vulnerability: Integer Overflow. Maybe in function: approveAndCall(address,uint256,bytes). PC: 0x4be. Line number: 92.
If a = 31
and b = 115792089237316195423570985008687907853269984665640564039457584007913129639912
Vulnerability: Reentrancy. Maybe in function: approveAndCall(address,uint256,bytes). PC: 0xefe. Line number: 98.
Vulnerability: Integer Overflow. Maybe in function: approveAndCall(address,uint256,bytes). PC: 0xe5b. Line number: 98.
If a = 32
and b = 115792089237316195423570985008687907853269984665640564039457584007913129639744
Vulnerability: Integer Overflow. Maybe in function: transferFrom(address,address,uint256). PC: 0x83c. Line number: 49.
If a = 100677494865127127262712863840058427377847016707065548957253168275902128018048
and b = 29204320820089535291337053603006486675435160829596436113129255139098555670180
Vulnerability: Integer Overflow. Maybe in function: approveAndCall(address,uint256,bytes). PC: 0xd58. Line number: 94.
If a = 32
and b = 115792089237316195423570985008687907853269984665640564039457584007913129639744
Vulnerability: Integer Overflow. Maybe in function: transfer(address,uint256). PC: 0xc05. Line number: 42.
If a = 111751682176829232731192415694846635111723348080756142532787662019708634630856
and b = 73022575466249036126760864180075002582725766811996925074283253856887539414330
Analysing /sb/0x3b98c8f8f028060d0e0127843ee13f4b995a7960.sol:StandardToken...
Vulnerability: Integer Overflow. Maybe in function: transferFrom(address,address,uint256). PC: 0x4db. Line number: 49.
If a = 115792089237316195423570985008687907852929702298719625575975762656407651898521
and b = 28948022309329048855892746252171976963317496166410141009845949257904572681319
Vulnerability: Integer Overflow. Maybe in function: transfer(address,uint256). PC: 0x755. Line number: 42.
If a = 57949795486606769290438633869666905118407758276270403390255197475710828913952
and b = 69826390183786319371657671793039150114652395180805367363357316852145930479476
Analysing /sb/0x3b98c8f8f028060d0e0127843ee13f4b995a7960.sol:Token...
Nothing to analyse
