A new version of Solhint is available: 6.0.1
Please consider updating your Solhint package.
/sb/0x000202be12b0d8afc7c5c5dce972133ae2d3ccc2.sol:35:1: Found more than One contract per file. 7 contracts found! [Warning/one-contract-per-file]
/sb/0x000202be12b0d8afc7c5c5dce972133ae2d3ccc2.sol:35:1: Compiler version ^0.4.23 does not satisfy the ^0.8.24 semver requirement [Error/compiler-version]
/sb/0x000202be12b0d8afc7c5c5dce972133ae2d3ccc2.sol:39:1: Missing @title tag in contract 'DSAuthority' [Warning/use-natspec]
/sb/0x000202be12b0d8afc7c5c5dce972133ae2d3ccc2.sol:39:1: Missing @author tag in contract 'DSAuthority' [Warning/use-natspec]
/sb/0x000202be12b0d8afc7c5c5dce972133ae2d3ccc2.sol:39:1: Missing @notice tag in contract 'DSAuthority' [Warning/use-natspec]
/sb/0x000202be12b0d8afc7c5c5dce972133ae2d3ccc2.sol:41:5: Missing @notice tag in function 'canCall' [Warning/use-natspec]
/sb/0x000202be12b0d8afc7c5c5dce972133ae2d3ccc2.sol:41:5: Missing @param tag in function 'canCall' [Warning/use-natspec]
/sb/0x000202be12b0d8afc7c5c5dce972133ae2d3ccc2.sol:41:5: Mismatch in @param names for function 'canCall'. Expected: [src, dst, sig], Found: [] [Warning/use-natspec]
/sb/0x000202be12b0d8afc7c5c5dce972133ae2d3ccc2.sol:41:5: Missing @return tag in function 'canCall' [Warning/use-natspec]
/sb/0x000202be12b0d8afc7c5c5dce972133ae2d3ccc2.sol:41:5: Mismatch in @return count for function 'canCall'. Expected: 1, Found: 0 [Warning/use-natspec]
/sb/0x000202be12b0d8afc7c5c5dce972133ae2d3ccc2.sol:51:1: Missing @title tag in contract 'DSAuthEvents' [Warning/use-natspec]
/sb/0x000202be12b0d8afc7c5c5dce972133ae2d3ccc2.sol:51:1: Missing @author tag in contract 'DSAuthEvents' [Warning/use-natspec]
/sb/0x000202be12b0d8afc7c5c5dce972133ae2d3ccc2.sol:51:1: Missing @notice tag in contract 'DSAuthEvents' [Warning/use-natspec]
/sb/0x000202be12b0d8afc7c5c5dce972133ae2d3ccc2.sol:53:5: Missing @notice tag in event 'LogSetAuthority' [Warning/use-natspec]
/sb/0x000202be12b0d8afc7c5c5dce972133ae2d3ccc2.sol:53:5: Missing @param tag in event 'LogSetAuthority' [Warning/use-natspec]
/sb/0x000202be12b0d8afc7c5c5dce972133ae2d3ccc2.sol:53:5: Mismatch in @param names for event 'LogSetAuthority'. Expected: [authority], Found: [] [Warning/use-natspec]
/sb/0x000202be12b0d8afc7c5c5dce972133ae2d3ccc2.sol:55:5: Missing @notice tag in event 'LogSetOwner' [Warning/use-natspec]
/sb/0x000202be12b0d8afc7c5c5dce972133ae2d3ccc2.sol:55:5: Missing @param tag in event 'LogSetOwner' [Warning/use-natspec]
/sb/0x000202be12b0d8afc7c5c5dce972133ae2d3ccc2.sol:55:5: Mismatch in @param names for event 'LogSetOwner'. Expected: [owner], Found: [] [Warning/use-natspec]
/sb/0x000202be12b0d8afc7c5c5dce972133ae2d3ccc2.sol:61:1: Missing @title tag in contract 'DSAuth' [Warning/use-natspec]
/sb/0x000202be12b0d8afc7c5c5dce972133ae2d3ccc2.sol:61:1: Missing @author tag in contract 'DSAuth' [Warning/use-natspec]
/sb/0x000202be12b0d8afc7c5c5dce972133ae2d3ccc2.sol:61:1: Missing @notice tag in contract 'DSAuth' [Warning/use-natspec]
/sb/0x000202be12b0d8afc7c5c5dce972133ae2d3ccc2.sol:63:5: Missing @notice tag in variable 'authority' [Warning/use-natspec]
/sb/0x000202be12b0d8afc7c5c5dce972133ae2d3ccc2.sol:65:5: Missing @notice tag in variable 'owner' [Warning/use-natspec]
/sb/0x000202be12b0d8afc7c5c5dce972133ae2d3ccc2.sol:69:5: Missing @notice tag in function '<anonymous>' [Warning/use-natspec]
/sb/0x000202be12b0d8afc7c5c5dce972133ae2d3ccc2.sol:79:5: Missing @notice tag in function 'setOwner' [Warning/use-natspec]
/sb/0x000202be12b0d8afc7c5c5dce972133ae2d3ccc2.sol:79:5: Missing @param tag in function 'setOwner' [Warning/use-natspec]
/sb/0x000202be12b0d8afc7c5c5dce972133ae2d3ccc2.sol:79:5: Mismatch in @param names for function 'setOwner'. Expected: [owner_], Found: [] [Warning/use-natspec]
/sb/0x000202be12b0d8afc7c5c5dce972133ae2d3ccc2.sol:95:5: Missing @notice tag in function 'setAuthority' [Warning/use-natspec]
/sb/0x000202be12b0d8afc7c5c5dce972133ae2d3ccc2.sol:95:5: Missing @param tag in function 'setAuthority' [Warning/use-natspec]
/sb/0x000202be12b0d8afc7c5c5dce972133ae2d3ccc2.sol:95:5: Mismatch in @param names for function 'setAuthority'. Expected: [authority_], Found: [] [Warning/use-natspec]
/sb/0x000202be12b0d8afc7c5c5dce972133ae2d3ccc2.sol:113:9: Provide an error message for require [Warning/reason-string]
/sb/0x000202be12b0d8afc7c5c5dce972133ae2d3ccc2.sol:121:5: Missing @notice tag in function 'isAuthorized' [Warning/use-natspec]
/sb/0x000202be12b0d8afc7c5c5dce972133ae2d3ccc2.sol:121:5: Missing @param tag in function 'isAuthorized' [Warning/use-natspec]
/sb/0x000202be12b0d8afc7c5c5dce972133ae2d3ccc2.sol:121:5: Mismatch in @param names for function 'isAuthorized'. Expected: [src, sig], Found: [] [Warning/use-natspec]
/sb/0x000202be12b0d8afc7c5c5dce972133ae2d3ccc2.sol:121:5: Missing @return tag in function 'isAuthorized' [Warning/use-natspec]
/sb/0x000202be12b0d8afc7c5c5dce972133ae2d3ccc2.sol:121:5: Mismatch in @return count for function 'isAuthorized'. Expected: 1, Found: 0 [Warning/use-natspec]
/sb/0x000202be12b0d8afc7c5c5dce972133ae2d3ccc2.sol:147:1: Missing @title tag in contract 'DSNote' [Warning/use-natspec]
/sb/0x000202be12b0d8afc7c5c5dce972133ae2d3ccc2.sol:147:1: Missing @author tag in contract 'DSNote' [Warning/use-natspec]
/sb/0x000202be12b0d8afc7c5c5dce972133ae2d3ccc2.sol:147:1: Missing @notice tag in contract 'DSNote' [Warning/use-natspec]
/sb/0x000202be12b0d8afc7c5c5dce972133ae2d3ccc2.sol:149:5: Missing @notice tag in event 'LogNote' [Warning/use-natspec]
/sb/0x000202be12b0d8afc7c5c5dce972133ae2d3ccc2.sol:149:5: Missing @param tag in event 'LogNote' [Warning/use-natspec]
/sb/0x000202be12b0d8afc7c5c5dce972133ae2d3ccc2.sol:149:5: Mismatch in @param names for event 'LogNote'. Expected: [sig, guy, foo, bar, wad, fax], Found: [] [Warning/use-natspec]
/sb/0x000202be12b0d8afc7c5c5dce972133ae2d3ccc2.sol:159:9: Rule is set with explicit type [var/s: uint] [Warning/explicit-types]
/sb/0x000202be12b0d8afc7c5c5dce972133ae2d3ccc2.sol:175:9: Avoid to use inline assembly. It is acceptable only in rare cases [Warning/no-inline-assembly]
/sb/0x000202be12b0d8afc7c5c5dce972133ae2d3ccc2.sol:207:1: Missing @title tag in contract 'DSProxy' [Warning/use-natspec]
/sb/0x000202be12b0d8afc7c5c5dce972133ae2d3ccc2.sol:207:1: Missing @author tag in contract 'DSProxy' [Warning/use-natspec]
/sb/0x000202be12b0d8afc7c5c5dce972133ae2d3ccc2.sol:207:1: Missing @notice tag in contract 'DSProxy' [Warning/use-natspec]
/sb/0x000202be12b0d8afc7c5c5dce972133ae2d3ccc2.sol:209:5: Missing @notice tag in variable 'cache' [Warning/use-natspec]
/sb/0x000202be12b0d8afc7c5c5dce972133ae2d3ccc2.sol:213:5: Missing @notice tag in function '<anonymous>' [Warning/use-natspec]
/sb/0x000202be12b0d8afc7c5c5dce972133ae2d3ccc2.sol:213:5: Missing @param tag in function '<anonymous>' [Warning/use-natspec]
/sb/0x000202be12b0d8afc7c5c5dce972133ae2d3ccc2.sol:213:5: Mismatch in @param names for function '<anonymous>'. Expected: [_cacheAddr], Found: [] [Warning/use-natspec]
/sb/0x000202be12b0d8afc7c5c5dce972133ae2d3ccc2.sol:215:9: Provide an error message for require [Warning/reason-string]
/sb/0x000202be12b0d8afc7c5c5dce972133ae2d3ccc2.sol:221:5: Missing @notice tag in function '<anonymous>' [Warning/use-natspec]
/sb/0x000202be12b0d8afc7c5c5dce972133ae2d3ccc2.sol:229:5: Missing @notice tag in function 'execute' [Warning/use-natspec]
/sb/0x000202be12b0d8afc7c5c5dce972133ae2d3ccc2.sol:229:5: Missing @param tag in function 'execute' [Warning/use-natspec]
/sb/0x000202be12b0d8afc7c5c5dce972133ae2d3ccc2.sol:229:5: Mismatch in @param names for function 'execute'. Expected: [_code, _data], Found: [] [Warning/use-natspec]
/sb/0x000202be12b0d8afc7c5c5dce972133ae2d3ccc2.sol:229:5: Missing @return tag in function 'execute' [Warning/use-natspec]
/sb/0x000202be12b0d8afc7c5c5dce972133ae2d3ccc2.sol:229:5: Mismatch in @return names for function 'execute'. Expected: [target, response], Found: [] [Warning/use-natspec]
/sb/0x000202be12b0d8afc7c5c5dce972133ae2d3ccc2.sol:257:5: Missing @notice tag in function 'execute' [Warning/use-natspec]
/sb/0x000202be12b0d8afc7c5c5dce972133ae2d3ccc2.sol:257:5: Missing @param tag in function 'execute' [Warning/use-natspec]
/sb/0x000202be12b0d8afc7c5c5dce972133ae2d3ccc2.sol:257:5: Mismatch in @param names for function 'execute'. Expected: [_target, _data], Found: [] [Warning/use-natspec]
/sb/0x000202be12b0d8afc7c5c5dce972133ae2d3ccc2.sol:257:5: Missing @return tag in function 'execute' [Warning/use-natspec]
/sb/0x000202be12b0d8afc7c5c5dce972133ae2d3ccc2.sol:257:5: Mismatch in @return names for function 'execute'. Expected: [response], Found: [] [Warning/use-natspec]
/sb/0x000202be12b0d8afc7c5c5dce972133ae2d3ccc2.sol:271:9: Provide an error message for require [Warning/reason-string]
/sb/0x000202be12b0d8afc7c5c5dce972133ae2d3ccc2.sol:277:9: Avoid to use inline assembly. It is acceptable only in rare cases [Warning/no-inline-assembly]
/sb/0x000202be12b0d8afc7c5c5dce972133ae2d3ccc2.sol:301:5: Missing @notice tag in function 'setCache' [Warning/use-natspec]
/sb/0x000202be12b0d8afc7c5c5dce972133ae2d3ccc2.sol:301:5: Missing @param tag in function 'setCache' [Warning/use-natspec]
/sb/0x000202be12b0d8afc7c5c5dce972133ae2d3ccc2.sol:301:5: Mismatch in @param names for function 'setCache'. Expected: [_cacheAddr], Found: [] [Warning/use-natspec]
/sb/0x000202be12b0d8afc7c5c5dce972133ae2d3ccc2.sol:301:5: Missing @return tag in function 'setCache' [Warning/use-natspec]
/sb/0x000202be12b0d8afc7c5c5dce972133ae2d3ccc2.sol:301:5: Mismatch in @return count for function 'setCache'. Expected: 1, Found: 0 [Warning/use-natspec]
/sb/0x000202be12b0d8afc7c5c5dce972133ae2d3ccc2.sol:313:9: Provide an error message for require [Warning/reason-string]
/sb/0x000202be12b0d8afc7c5c5dce972133ae2d3ccc2.sol:331:1: Missing @title tag in contract 'DSProxyFactory' [Warning/use-natspec]
/sb/0x000202be12b0d8afc7c5c5dce972133ae2d3ccc2.sol:331:1: Missing @author tag in contract 'DSProxyFactory' [Warning/use-natspec]
/sb/0x000202be12b0d8afc7c5c5dce972133ae2d3ccc2.sol:331:1: Missing @notice tag in contract 'DSProxyFactory' [Warning/use-natspec]
/sb/0x000202be12b0d8afc7c5c5dce972133ae2d3ccc2.sol:333:5: Missing @notice tag in event 'Created' [Warning/use-natspec]
/sb/0x000202be12b0d8afc7c5c5dce972133ae2d3ccc2.sol:333:5: Missing @param tag in event 'Created' [Warning/use-natspec]
/sb/0x000202be12b0d8afc7c5c5dce972133ae2d3ccc2.sol:333:5: Mismatch in @param names for event 'Created'. Expected: [sender, owner, proxy, cache], Found: [] [Warning/use-natspec]
/sb/0x000202be12b0d8afc7c5c5dce972133ae2d3ccc2.sol:333:5: GC: [proxy] on Event [Created] could be Indexed [Warning/gas-indexed-events]
/sb/0x000202be12b0d8afc7c5c5dce972133ae2d3ccc2.sol:333:5: GC: [cache] on Event [Created] could be Indexed [Warning/gas-indexed-events]
/sb/0x000202be12b0d8afc7c5c5dce972133ae2d3ccc2.sol:335:5: Missing @notice tag in variable 'isProxy' [Warning/use-natspec]
/sb/0x000202be12b0d8afc7c5c5dce972133ae2d3ccc2.sol:337:5: Missing @notice tag in variable 'cache' [Warning/use-natspec]
/sb/0x000202be12b0d8afc7c5c5dce972133ae2d3ccc2.sol:345:5: Missing @notice tag in function 'build' [Warning/use-natspec]
/sb/0x000202be12b0d8afc7c5c5dce972133ae2d3ccc2.sol:345:5: Missing @return tag in function 'build' [Warning/use-natspec]
/sb/0x000202be12b0d8afc7c5c5dce972133ae2d3ccc2.sol:345:5: Mismatch in @return names for function 'build'. Expected: [proxy], Found: [] [Warning/use-natspec]
/sb/0x000202be12b0d8afc7c5c5dce972133ae2d3ccc2.sol:357:5: Missing @notice tag in function 'build' [Warning/use-natspec]
/sb/0x000202be12b0d8afc7c5c5dce972133ae2d3ccc2.sol:357:5: Missing @param tag in function 'build' [Warning/use-natspec]
/sb/0x000202be12b0d8afc7c5c5dce972133ae2d3ccc2.sol:357:5: Mismatch in @param names for function 'build'. Expected: [owner], Found: [] [Warning/use-natspec]
/sb/0x000202be12b0d8afc7c5c5dce972133ae2d3ccc2.sol:357:5: Missing @return tag in function 'build' [Warning/use-natspec]
/sb/0x000202be12b0d8afc7c5c5dce972133ae2d3ccc2.sol:357:5: Mismatch in @return names for function 'build'. Expected: [proxy], Found: [] [Warning/use-natspec]
/sb/0x000202be12b0d8afc7c5c5dce972133ae2d3ccc2.sol:391:1: Missing @title tag in contract 'DSProxyCache' [Warning/use-natspec]
/sb/0x000202be12b0d8afc7c5c5dce972133ae2d3ccc2.sol:391:1: Missing @author tag in contract 'DSProxyCache' [Warning/use-natspec]
/sb/0x000202be12b0d8afc7c5c5dce972133ae2d3ccc2.sol:391:1: Missing @notice tag in contract 'DSProxyCache' [Warning/use-natspec]
/sb/0x000202be12b0d8afc7c5c5dce972133ae2d3ccc2.sol:393:5: Explicitly mark visibility of state [Warning/state-visibility]
/sb/0x000202be12b0d8afc7c5c5dce972133ae2d3ccc2.sol:397:5: Missing @notice tag in function 'read' [Warning/use-natspec]
/sb/0x000202be12b0d8afc7c5c5dce972133ae2d3ccc2.sol:397:5: Missing @param tag in function 'read' [Warning/use-natspec]
/sb/0x000202be12b0d8afc7c5c5dce972133ae2d3ccc2.sol:397:5: Mismatch in @param names for function 'read'. Expected: [_code], Found: [] [Warning/use-natspec]
/sb/0x000202be12b0d8afc7c5c5dce972133ae2d3ccc2.sol:397:5: Missing @return tag in function 'read' [Warning/use-natspec]
/sb/0x000202be12b0d8afc7c5c5dce972133ae2d3ccc2.sol:397:5: Mismatch in @return count for function 'read'. Expected: 1, Found: 0 [Warning/use-natspec]
/sb/0x000202be12b0d8afc7c5c5dce972133ae2d3ccc2.sol:407:5: Missing @notice tag in function 'write' [Warning/use-natspec]
/sb/0x000202be12b0d8afc7c5c5dce972133ae2d3ccc2.sol:407:5: Missing @param tag in function 'write' [Warning/use-natspec]
/sb/0x000202be12b0d8afc7c5c5dce972133ae2d3ccc2.sol:407:5: Mismatch in @param names for function 'write'. Expected: [_code], Found: [] [Warning/use-natspec]
/sb/0x000202be12b0d8afc7c5c5dce972133ae2d3ccc2.sol:407:5: Missing @return tag in function 'write' [Warning/use-natspec]
/sb/0x000202be12b0d8afc7c5c5dce972133ae2d3ccc2.sol:407:5: Mismatch in @return names for function 'write'. Expected: [target], Found: [] [Warning/use-natspec]
/sb/0x000202be12b0d8afc7c5c5dce972133ae2d3ccc2.sol:409:9: Avoid to use inline assembly. It is acceptable only in rare cases [Warning/no-inline-assembly]

105 problem/s (1 error/s, 104 warning/s)
