unsupported operand type(s) for &: 'int' and 'NoneType'
Traceback (most recent call last):
  File "conkas.py", line 114, in main
    traces = sym_exec.execute()
  File "/conkas/sym_exec/symbolic_executor.py", line 51, in execute
    new_traces = self.__sym_exec_traces(traces_to_execute)
  File "/conkas/sym_exec/symbolic_executor.py", line 64, in __sym_exec_traces
    new_blocks = self.__sym_exec_block(block_to_analyse, trace.state)
  File "/conkas/sym_exec/symbolic_executor.py", line 93, in __sym_exec_block
    new_blocks = self.__sym_exec_instruction(instruction, state)
  File "/conkas/sym_exec/symbolic_executor.py", line 116, in __sym_exec_instruction
    return func(instruction, state)
  File "/conkas/sym_exec/instructions/comparison.py", line 183, in inst_and
    expr = a & b
TypeError: unsupported operand type(s) for &: 'int' and 'NoneType'
ANTLR runtime and generated code versions disagree: 4.9.2!=4.7.2
ANTLR runtime and generated code versions disagree: 4.9.2!=4.7.2
Analysing /sb/0x400038f498e601f623f364129ca76cf23fdd1891.sol:ERC20...
Nothing to analyse
Analysing /sb/0x400038f498e601f623f364129ca76cf23fdd1891.sol:ERC223...
Nothing to analyse
Analysing /sb/0x400038f498e601f623f364129ca76cf23fdd1891.sol:ERC223ReceivingContract...
Nothing to analyse
Analysing /sb/0x400038f498e601f623f364129ca76cf23fdd1891.sol:Owned...
Analysing /sb/0x400038f498e601f623f364129ca76cf23fdd1891.sol:SafeMath...
Analysing /sb/0x400038f498e601f623f364129ca76cf23fdd1891.sol:StandardToken...
Vulnerability: Integer Overflow. Maybe in function: transfer(address,uint256,bytes). PC: 0x11db. Line number: 132.
If a = 32
and b = 115792089237316195423570985008687907853269984665640564039457584007913129639618
Vulnerability: Integer Overflow. Maybe in function: transfer(address,uint256,bytes). PC: 0x3dc. Line number: 128.
If a = 4
and b = 115792089237316195423570985008687907853269984665640564039457584007913129639932
Vulnerability: Reentrancy. Maybe in function: transfer(address,uint256,bytes). PC: 0x1256. Line number: 132.
Vulnerability: Integer Overflow. Maybe in function: transfer(address,uint256,bytes). PC: 0x17b1. Line number: 24.
If a = 1
and b = 115792089237316195423570985008687907853269984665640564039457584007913129639935
Analysing /sb/0x400038f498e601f623f364129ca76cf23fdd1891.sol:T0XToken...
