A new version of Solhint is available: 6.0.1
Please consider updating your Solhint package.
/sb/0x00fc6a6da438e80bbc068f430144145af19071c8.sol:37:1: Found more than One contract per file. 31 contracts found! [Warning/one-contract-per-file]
/sb/0x00fc6a6da438e80bbc068f430144145af19071c8.sol:37:1: Compiler version ^0.5.10 does not satisfy the ^0.8.24 semver requirement [Error/compiler-version]
/sb/0x00fc6a6da438e80bbc068f430144145af19071c8.sol:41:1: Missing @title tag in contract 'Ownable' [Warning/use-natspec]
/sb/0x00fc6a6da438e80bbc068f430144145af19071c8.sol:41:1: Missing @author tag in contract 'Ownable' [Warning/use-natspec]
/sb/0x00fc6a6da438e80bbc068f430144145af19071c8.sol:41:1: Missing @notice tag in contract 'Ownable' [Warning/use-natspec]
/sb/0x00fc6a6da438e80bbc068f430144145af19071c8.sol:43:5: Missing @notice tag in event 'TransferredOwnership' [Warning/use-natspec]
/sb/0x00fc6a6da438e80bbc068f430144145af19071c8.sol:43:5: Missing @param tag in event 'TransferredOwnership' [Warning/use-natspec]
/sb/0x00fc6a6da438e80bbc068f430144145af19071c8.sol:43:5: Mismatch in @param names for event 'TransferredOwnership'. Expected: [_from, _to], Found: [] [Warning/use-natspec]
/sb/0x00fc6a6da438e80bbc068f430144145af19071c8.sol:43:5: GC: [_from] on Event [TransferredOwnership] could be Indexed [Warning/gas-indexed-events]
/sb/0x00fc6a6da438e80bbc068f430144145af19071c8.sol:43:5: GC: [_to] on Event [TransferredOwnership] could be Indexed [Warning/gas-indexed-events]
/sb/0x00fc6a6da438e80bbc068f430144145af19071c8.sol:45:5: Missing @notice tag in event 'LockedOwnership' [Warning/use-natspec]
/sb/0x00fc6a6da438e80bbc068f430144145af19071c8.sol:45:5: Missing @param tag in event 'LockedOwnership' [Warning/use-natspec]
/sb/0x00fc6a6da438e80bbc068f430144145af19071c8.sol:45:5: Mismatch in @param names for event 'LockedOwnership'. Expected: [_locked], Found: [] [Warning/use-natspec]
/sb/0x00fc6a6da438e80bbc068f430144145af19071c8.sol:45:5: GC: [_locked] on Event [LockedOwnership] could be Indexed [Warning/gas-indexed-events]
/sb/0x00fc6a6da438e80bbc068f430144145af19071c8.sol:57:5: Missing @param tag in function '<anonymous>' [Warning/use-natspec]
/sb/0x00fc6a6da438e80bbc068f430144145af19071c8.sol:57:5: Mismatch in @param names for function '<anonymous>'. Expected: [_account_, _transferable_], Found: [] [Warning/use-natspec]
/sb/0x00fc6a6da438e80bbc068f430144145af19071c8.sol:103:9: Error message for require is too long: 35 counted / 32 allowed [Warning/reason-string]
/sb/0x00fc6a6da438e80bbc068f430144145af19071c8.sol:103:9: GC: String exceeds 32 bytes [Warning/gas-small-strings]
/sb/0x00fc6a6da438e80bbc068f430144145af19071c8.sol:169:5: Mismatch in @return names for function 'owner'. Expected: [payable], Found: [address] [Warning/use-natspec]
/sb/0x00fc6a6da438e80bbc068f430144145af19071c8.sol:181:5: Missing @param tag in function '_isOwner' [Warning/use-natspec]
/sb/0x00fc6a6da438e80bbc068f430144145af19071c8.sol:181:5: Mismatch in @param names for function '_isOwner'. Expected: [_address], Found: [] [Warning/use-natspec]
/sb/0x00fc6a6da438e80bbc068f430144145af19071c8.sol:191:1: Missing @title tag in contract 'SafeMath' [Warning/use-natspec]
/sb/0x00fc6a6da438e80bbc068f430144145af19071c8.sol:191:1: Missing @author tag in contract 'SafeMath' [Warning/use-natspec]
/sb/0x00fc6a6da438e80bbc068f430144145af19071c8.sol:191:1: Missing @notice tag in contract 'SafeMath' [Warning/use-natspec]
/sb/0x00fc6a6da438e80bbc068f430144145af19071c8.sol:211:5: Missing @notice tag in function 'add' [Warning/use-natspec]
/sb/0x00fc6a6da438e80bbc068f430144145af19071c8.sol:211:5: Missing @param tag in function 'add' [Warning/use-natspec]
/sb/0x00fc6a6da438e80bbc068f430144145af19071c8.sol:211:5: Mismatch in @param names for function 'add'. Expected: [a, b], Found: [] [Warning/use-natspec]
/sb/0x00fc6a6da438e80bbc068f430144145af19071c8.sol:211:5: Missing @return tag in function 'add' [Warning/use-natspec]
/sb/0x00fc6a6da438e80bbc068f430144145af19071c8.sol:211:5: Mismatch in @return count for function 'add'. Expected: 1, Found: 0 [Warning/use-natspec]
/sb/0x00fc6a6da438e80bbc068f430144145af19071c8.sol:215:17: GC: Non strict inequality found. Try converting to a strict one [Warning/gas-strict-inequalities]
/sb/0x00fc6a6da438e80bbc068f430144145af19071c8.sol:243:5: Missing @notice tag in function 'sub' [Warning/use-natspec]
/sb/0x00fc6a6da438e80bbc068f430144145af19071c8.sol:243:5: Missing @param tag in function 'sub' [Warning/use-natspec]
/sb/0x00fc6a6da438e80bbc068f430144145af19071c8.sol:243:5: Mismatch in @param names for function 'sub'. Expected: [a, b], Found: [] [Warning/use-natspec]
/sb/0x00fc6a6da438e80bbc068f430144145af19071c8.sol:243:5: Missing @return tag in function 'sub' [Warning/use-natspec]
/sb/0x00fc6a6da438e80bbc068f430144145af19071c8.sol:243:5: Mismatch in @return count for function 'sub'. Expected: 1, Found: 0 [Warning/use-natspec]
/sb/0x00fc6a6da438e80bbc068f430144145af19071c8.sol:245:17: GC: Non strict inequality found. Try converting to a strict one [Warning/gas-strict-inequalities]
/sb/0x00fc6a6da438e80bbc068f430144145af19071c8.sol:275:5: Missing @notice tag in function 'mul' [Warning/use-natspec]
/sb/0x00fc6a6da438e80bbc068f430144145af19071c8.sol:275:5: Missing @param tag in function 'mul' [Warning/use-natspec]
/sb/0x00fc6a6da438e80bbc068f430144145af19071c8.sol:275:5: Mismatch in @param names for function 'mul'. Expected: [a, b], Found: [] [Warning/use-natspec]
/sb/0x00fc6a6da438e80bbc068f430144145af19071c8.sol:275:5: Missing @return tag in function 'mul' [Warning/use-natspec]
/sb/0x00fc6a6da438e80bbc068f430144145af19071c8.sol:275:5: Mismatch in @return count for function 'mul'. Expected: 1, Found: 0 [Warning/use-natspec]
/sb/0x00fc6a6da438e80bbc068f430144145af19071c8.sol:293:9: Error message for require is too long: 33 counted / 32 allowed [Warning/reason-string]
/sb/0x00fc6a6da438e80bbc068f430144145af19071c8.sol:293:9: GC: String exceeds 32 bytes [Warning/gas-small-strings]
/sb/0x00fc6a6da438e80bbc068f430144145af19071c8.sol:325:5: Missing @notice tag in function 'div' [Warning/use-natspec]
/sb/0x00fc6a6da438e80bbc068f430144145af19071c8.sol:325:5: Missing @param tag in function 'div' [Warning/use-natspec]
/sb/0x00fc6a6da438e80bbc068f430144145af19071c8.sol:325:5: Mismatch in @param names for function 'div'. Expected: [a, b], Found: [] [Warning/use-natspec]
/sb/0x00fc6a6da438e80bbc068f430144145af19071c8.sol:325:5: Missing @return tag in function 'div' [Warning/use-natspec]
/sb/0x00fc6a6da438e80bbc068f430144145af19071c8.sol:325:5: Mismatch in @return count for function 'div'. Expected: 1, Found: 0 [Warning/use-natspec]
/sb/0x00fc6a6da438e80bbc068f430144145af19071c8.sol:365:5: Missing @notice tag in function 'mod' [Warning/use-natspec]
/sb/0x00fc6a6da438e80bbc068f430144145af19071c8.sol:365:5: Missing @param tag in function 'mod' [Warning/use-natspec]
/sb/0x00fc6a6da438e80bbc068f430144145af19071c8.sol:365:5: Mismatch in @param names for function 'mod'. Expected: [a, b], Found: [] [Warning/use-natspec]
/sb/0x00fc6a6da438e80bbc068f430144145af19071c8.sol:365:5: Missing @return tag in function 'mod' [Warning/use-natspec]
/sb/0x00fc6a6da438e80bbc068f430144145af19071c8.sol:365:5: Mismatch in @return count for function 'mod'. Expected: 1, Found: 0 [Warning/use-natspec]
/sb/0x00fc6a6da438e80bbc068f430144145af19071c8.sol:377:1: Missing @title tag in contract 'ResolverBase' [Warning/use-natspec]
/sb/0x00fc6a6da438e80bbc068f430144145af19071c8.sol:377:1: Missing @author tag in contract 'ResolverBase' [Warning/use-natspec]
/sb/0x00fc6a6da438e80bbc068f430144145af19071c8.sol:377:1: Missing @notice tag in contract 'ResolverBase' [Warning/use-natspec]
/sb/0x00fc6a6da438e80bbc068f430144145af19071c8.sol:383:5: Missing @notice tag in function 'supportsInterface' [Warning/use-natspec]
/sb/0x00fc6a6da438e80bbc068f430144145af19071c8.sol:383:5: Missing @param tag in function 'supportsInterface' [Warning/use-natspec]
/sb/0x00fc6a6da438e80bbc068f430144145af19071c8.sol:383:5: Mismatch in @param names for function 'supportsInterface'. Expected: [interfaceID], Found: [] [Warning/use-natspec]
/sb/0x00fc6a6da438e80bbc068f430144145af19071c8.sol:383:5: Missing @return tag in function 'supportsInterface' [Warning/use-natspec]
/sb/0x00fc6a6da438e80bbc068f430144145af19071c8.sol:383:5: Mismatch in @return count for function 'supportsInterface'. Expected: 1, Found: 0 [Warning/use-natspec]
/sb/0x00fc6a6da438e80bbc068f430144145af19071c8.sol:391:5: Missing @notice tag in function 'isAuthorised' [Warning/use-natspec]
/sb/0x00fc6a6da438e80bbc068f430144145af19071c8.sol:391:5: Missing @param tag in function 'isAuthorised' [Warning/use-natspec]
/sb/0x00fc6a6da438e80bbc068f430144145af19071c8.sol:391:5: Mismatch in @param names for function 'isAuthorised'. Expected: [node], Found: [] [Warning/use-natspec]
/sb/0x00fc6a6da438e80bbc068f430144145af19071c8.sol:391:5: Missing @return tag in function 'isAuthorised' [Warning/use-natspec]
/sb/0x00fc6a6da438e80bbc068f430144145af19071c8.sol:391:5: Mismatch in @return count for function 'isAuthorised'. Expected: 1, Found: 0 [Warning/use-natspec]
/sb/0x00fc6a6da438e80bbc068f430144145af19071c8.sol:397:9: Provide an error message for require [Warning/reason-string]
/sb/0x00fc6a6da438e80bbc068f430144145af19071c8.sol:407:1: Missing @title tag in contract 'strings' [Warning/use-natspec]
/sb/0x00fc6a6da438e80bbc068f430144145af19071c8.sol:407:1: Missing @author tag in contract 'strings' [Warning/use-natspec]
/sb/0x00fc6a6da438e80bbc068f430144145af19071c8.sol:407:1: Missing @notice tag in contract 'strings' [Warning/use-natspec]
/sb/0x00fc6a6da438e80bbc068f430144145af19071c8.sol:407:1: Contract, Structs and Enums should be in CapWords [Warning/contract-name-capwords]
/sb/0x00fc6a6da438e80bbc068f430144145af19071c8.sol:409:5: Contract, Structs and Enums should be in CapWords [Warning/contract-name-capwords]
/sb/0x00fc6a6da438e80bbc068f430144145af19071c8.sol:411:9: Rule is set with explicit type [var/s: uint] [Warning/explicit-types]
/sb/0x00fc6a6da438e80bbc068f430144145af19071c8.sol:413:9: Rule is set with explicit type [var/s: uint] [Warning/explicit-types]
/sb/0x00fc6a6da438e80bbc068f430144145af19071c8.sol:419:5: Missing @notice tag in function 'memcpy' [Warning/use-natspec]
/sb/0x00fc6a6da438e80bbc068f430144145af19071c8.sol:419:5: Missing @param tag in function 'memcpy' [Warning/use-natspec]
/sb/0x00fc6a6da438e80bbc068f430144145af19071c8.sol:419:5: Mismatch in @param names for function 'memcpy'. Expected: [dest, src, len], Found: [] [Warning/use-natspec]
/sb/0x00fc6a6da438e80bbc068f430144145af19071c8.sol:419:21: Rule is set with explicit type [var/s: uint] [Warning/explicit-types]
/sb/0x00fc6a6da438e80bbc068f430144145af19071c8.sol:419:32: Rule is set with explicit type [var/s: uint] [Warning/explicit-types]
/sb/0x00fc6a6da438e80bbc068f430144145af19071c8.sol:419:42: Rule is set with explicit type [var/s: uint] [Warning/explicit-types]
/sb/0x00fc6a6da438e80bbc068f430144145af19071c8.sol:423:15: GC: Non strict inequality found. Try converting to a strict one [Warning/gas-strict-inequalities]
/sb/0x00fc6a6da438e80bbc068f430144145af19071c8.sol:425:13: Avoid to use inline assembly. It is acceptable only in rare cases [Warning/no-inline-assembly]
/sb/0x00fc6a6da438e80bbc068f430144145af19071c8.sol:441:9: Rule is set with explicit type [var/s: uint] [Warning/explicit-types]
/sb/0x00fc6a6da438e80bbc068f430144145af19071c8.sol:443:9: Avoid to use inline assembly. It is acceptable only in rare cases [Warning/no-inline-assembly]
/sb/0x00fc6a6da438e80bbc068f430144145af19071c8.sol:467:5: Missing @notice tag in function 'toSlice' [Warning/use-natspec]
/sb/0x00fc6a6da438e80bbc068f430144145af19071c8.sol:467:5: Missing @param tag in function 'toSlice' [Warning/use-natspec]
/sb/0x00fc6a6da438e80bbc068f430144145af19071c8.sol:467:5: Mismatch in @param names for function 'toSlice'. Expected: [self], Found: [] [Warning/use-natspec]
/sb/0x00fc6a6da438e80bbc068f430144145af19071c8.sol:467:5: Missing @return tag in function 'toSlice' [Warning/use-natspec]
/sb/0x00fc6a6da438e80bbc068f430144145af19071c8.sol:467:5: Mismatch in @return count for function 'toSlice'. Expected: 1, Found: 0 [Warning/use-natspec]
/sb/0x00fc6a6da438e80bbc068f430144145af19071c8.sol:469:9: Rule is set with explicit type [var/s: uint] [Warning/explicit-types]
/sb/0x00fc6a6da438e80bbc068f430144145af19071c8.sol:471:9: Avoid to use inline assembly. It is acceptable only in rare cases [Warning/no-inline-assembly]
/sb/0x00fc6a6da438e80bbc068f430144145af19071c8.sol:493:5: Missing @notice tag in function 'len' [Warning/use-natspec]
/sb/0x00fc6a6da438e80bbc068f430144145af19071c8.sol:493:5: Missing @param tag in function 'len' [Warning/use-natspec]
/sb/0x00fc6a6da438e80bbc068f430144145af19071c8.sol:493:5: Mismatch in @param names for function 'len'. Expected: [self], Found: [] [Warning/use-natspec]
/sb/0x00fc6a6da438e80bbc068f430144145af19071c8.sol:493:5: Missing @return tag in function 'len' [Warning/use-natspec]
/sb/0x00fc6a6da438e80bbc068f430144145af19071c8.sol:493:5: Mismatch in @return count for function 'len'. Expected: 1, Found: 0 [Warning/use-natspec]
/sb/0x00fc6a6da438e80bbc068f430144145af19071c8.sol:493:55: Rule is set with explicit type [var/s: uint] [Warning/explicit-types]
/sb/0x00fc6a6da438e80bbc068f430144145af19071c8.sol:495:9: Rule is set with explicit type [var/s: uint] [Warning/explicit-types]
/sb/0x00fc6a6da438e80bbc068f430144145af19071c8.sol:505:13: Rule is set with explicit type [var/s: uint] [Warning/explicit-types]
/sb/0x00fc6a6da438e80bbc068f430144145af19071c8.sol:513:13: Rule is set with explicit type [var/s: uint] [Warning/explicit-types]
/sb/0x00fc6a6da438e80bbc068f430144145af19071c8.sol:521:13: Rule is set with explicit type [var/s: uint] [Warning/explicit-types]
/sb/0x00fc6a6da438e80bbc068f430144145af19071c8.sol:529:13: Rule is set with explicit type [var/s: uint] [Warning/explicit-types]
/sb/0x00fc6a6da438e80bbc068f430144145af19071c8.sol:535:13: GC: For [ ret ] variable, increment/decrement by 1 using: [ ++variable ] to save gas [Warning/gas-increment-by-one]
/sb/0x00fc6a6da438e80bbc068f430144145af19071c8.sol:559:5: Missing @notice tag in function 'toSliceB32' [Warning/use-natspec]
/sb/0x00fc6a6da438e80bbc068f430144145af19071c8.sol:559:5: Missing @param tag in function 'toSliceB32' [Warning/use-natspec]
/sb/0x00fc6a6da438e80bbc068f430144145af19071c8.sol:559:5: Mismatch in @param names for function 'toSliceB32'. Expected: [self], Found: [] [Warning/use-natspec]
/sb/0x00fc6a6da438e80bbc068f430144145af19071c8.sol:559:5: Missing @return tag in function 'toSliceB32' [Warning/use-natspec]
/sb/0x00fc6a6da438e80bbc068f430144145af19071c8.sol:559:5: Mismatch in @return names for function 'toSliceB32'. Expected: [ret], Found: [] [Warning/use-natspec]
/sb/0x00fc6a6da438e80bbc068f430144145af19071c8.sol:563:9: Avoid to use inline assembly. It is acceptable only in rare cases [Warning/no-inline-assembly]
/sb/0x00fc6a6da438e80bbc068f430144145af19071c8.sol:591:5: Missing @notice tag in function 'copy' [Warning/use-natspec]
/sb/0x00fc6a6da438e80bbc068f430144145af19071c8.sol:591:5: Missing @param tag in function 'copy' [Warning/use-natspec]
/sb/0x00fc6a6da438e80bbc068f430144145af19071c8.sol:591:5: Mismatch in @param names for function 'copy'. Expected: [self], Found: [] [Warning/use-natspec]
/sb/0x00fc6a6da438e80bbc068f430144145af19071c8.sol:591:5: Missing @return tag in function 'copy' [Warning/use-natspec]
/sb/0x00fc6a6da438e80bbc068f430144145af19071c8.sol:591:5: Mismatch in @return count for function 'copy'. Expected: 1, Found: 0 [Warning/use-natspec]
/sb/0x00fc6a6da438e80bbc068f430144145af19071c8.sol:609:5: Missing @notice tag in function 'toString' [Warning/use-natspec]
/sb/0x00fc6a6da438e80bbc068f430144145af19071c8.sol:609:5: Missing @param tag in function 'toString' [Warning/use-natspec]
/sb/0x00fc6a6da438e80bbc068f430144145af19071c8.sol:609:5: Mismatch in @param names for function 'toString'. Expected: [self], Found: [] [Warning/use-natspec]
/sb/0x00fc6a6da438e80bbc068f430144145af19071c8.sol:609:5: Missing @return tag in function 'toString' [Warning/use-natspec]
/sb/0x00fc6a6da438e80bbc068f430144145af19071c8.sol:609:5: Mismatch in @return count for function 'toString'. Expected: 1, Found: 0 [Warning/use-natspec]
/sb/0x00fc6a6da438e80bbc068f430144145af19071c8.sol:613:9: Rule is set with explicit type [var/s: uint] [Warning/explicit-types]
/sb/0x00fc6a6da438e80bbc068f430144145af19071c8.sol:615:9: Avoid to use inline assembly. It is acceptable only in rare cases [Warning/no-inline-assembly]
/sb/0x00fc6a6da438e80bbc068f430144145af19071c8.sol:643:5: Missing @notice tag in function 'len' [Warning/use-natspec]
/sb/0x00fc6a6da438e80bbc068f430144145af19071c8.sol:643:5: Missing @param tag in function 'len' [Warning/use-natspec]
/sb/0x00fc6a6da438e80bbc068f430144145af19071c8.sol:643:5: Mismatch in @param names for function 'len'. Expected: [self], Found: [] [Warning/use-natspec]
/sb/0x00fc6a6da438e80bbc068f430144145af19071c8.sol:643:5: Missing @return tag in function 'len' [Warning/use-natspec]
/sb/0x00fc6a6da438e80bbc068f430144145af19071c8.sol:643:5: Mismatch in @return names for function 'len'. Expected: [l], Found: [] [Warning/use-natspec]
/sb/0x00fc6a6da438e80bbc068f430144145af19071c8.sol:643:60: Rule is set with explicit type [var/s: uint] [Warning/explicit-types]
/sb/0x00fc6a6da438e80bbc068f430144145af19071c8.sol:643:60: Avoid to use letters 'I', 'l', 'O' as identifiers [Warning/use-forbidden-name]
/sb/0x00fc6a6da438e80bbc068f430144145af19071c8.sol:647:9: Rule is set with explicit type [var/s: uint] [Warning/explicit-types]
/sb/0x00fc6a6da438e80bbc068f430144145af19071c8.sol:649:9: Rule is set with explicit type [var/s: uint] [Warning/explicit-types]
/sb/0x00fc6a6da438e80bbc068f430144145af19071c8.sol:651:32: GC: For [ l ] variable, increment/decrement by 1 using: [ ++variable ] to save gas [Warning/gas-increment-by-one]
/sb/0x00fc6a6da438e80bbc068f430144145af19071c8.sol:655:13: Avoid to use inline assembly. It is acceptable only in rare cases [Warning/no-inline-assembly]
/sb/0x00fc6a6da438e80bbc068f430144145af19071c8.sol:659:17: GC: For [ ptr ] variable, increment/decrement by 1 using: [ ++variable ] to save gas [Warning/gas-increment-by-one]
/sb/0x00fc6a6da438e80bbc068f430144145af19071c8.sol:699:5: Missing @notice tag in function 'empty' [Warning/use-natspec]
/sb/0x00fc6a6da438e80bbc068f430144145af19071c8.sol:699:5: Missing @param tag in function 'empty' [Warning/use-natspec]
/sb/0x00fc6a6da438e80bbc068f430144145af19071c8.sol:699:5: Mismatch in @param names for function 'empty'. Expected: [self], Found: [] [Warning/use-natspec]
/sb/0x00fc6a6da438e80bbc068f430144145af19071c8.sol:699:5: Missing @return tag in function 'empty' [Warning/use-natspec]
/sb/0x00fc6a6da438e80bbc068f430144145af19071c8.sol:699:5: Mismatch in @return count for function 'empty'. Expected: 1, Found: 0 [Warning/use-natspec]
/sb/0x00fc6a6da438e80bbc068f430144145af19071c8.sol:725:5: Function body contains 55 lines but allowed no more than 50 lines [Warning/function-max-lines]
/sb/0x00fc6a6da438e80bbc068f430144145af19071c8.sol:725:5: Missing @notice tag in function 'compare' [Warning/use-natspec]
/sb/0x00fc6a6da438e80bbc068f430144145af19071c8.sol:725:5: Missing @param tag in function 'compare' [Warning/use-natspec]
/sb/0x00fc6a6da438e80bbc068f430144145af19071c8.sol:725:5: Mismatch in @param names for function 'compare'. Expected: [self, other], Found: [] [Warning/use-natspec]
/sb/0x00fc6a6da438e80bbc068f430144145af19071c8.sol:725:5: Missing @return tag in function 'compare' [Warning/use-natspec]
/sb/0x00fc6a6da438e80bbc068f430144145af19071c8.sol:725:5: Mismatch in @return count for function 'compare'. Expected: 1, Found: 0 [Warning/use-natspec]
/sb/0x00fc6a6da438e80bbc068f430144145af19071c8.sol:725:84: Rule is set with explicit type [var/s: int] [Warning/explicit-types]
/sb/0x00fc6a6da438e80bbc068f430144145af19071c8.sol:727:9: Rule is set with explicit type [var/s: uint] [Warning/explicit-types]
/sb/0x00fc6a6da438e80bbc068f430144145af19071c8.sol:735:9: Rule is set with explicit type [var/s: uint] [Warning/explicit-types]
/sb/0x00fc6a6da438e80bbc068f430144145af19071c8.sol:737:9: Rule is set with explicit type [var/s: uint] [Warning/explicit-types]
/sb/0x00fc6a6da438e80bbc068f430144145af19071c8.sol:739:14: Rule is set with explicit type [var/s: uint] [Warning/explicit-types]
/sb/0x00fc6a6da438e80bbc068f430144145af19071c8.sol:741:13: Rule is set with explicit type [var/s: uint] [Warning/explicit-types]
/sb/0x00fc6a6da438e80bbc068f430144145af19071c8.sol:743:13: Rule is set with explicit type [var/s: uint] [Warning/explicit-types]
/sb/0x00fc6a6da438e80bbc068f430144145af19071c8.sol:745:13: Avoid to use inline assembly. It is acceptable only in rare cases [Warning/no-inline-assembly]
/sb/0x00fc6a6da438e80bbc068f430144145af19071c8.sol:797:5: Missing @notice tag in function 'equals' [Warning/use-natspec]
/sb/0x00fc6a6da438e80bbc068f430144145af19071c8.sol:797:5: Missing @param tag in function 'equals' [Warning/use-natspec]
/sb/0x00fc6a6da438e80bbc068f430144145af19071c8.sol:797:5: Mismatch in @param names for function 'equals'. Expected: [self, other], Found: [] [Warning/use-natspec]
/sb/0x00fc6a6da438e80bbc068f430144145af19071c8.sol:797:5: Missing @return tag in function 'equals' [Warning/use-natspec]
/sb/0x00fc6a6da438e80bbc068f430144145af19071c8.sol:797:5: Mismatch in @return count for function 'equals'. Expected: 1, Found: 0 [Warning/use-natspec]
/sb/0x00fc6a6da438e80bbc068f430144145af19071c8.sol:819:5: Function body contains 67 lines but allowed no more than 50 lines [Warning/function-max-lines]
/sb/0x00fc6a6da438e80bbc068f430144145af19071c8.sol:819:5: Missing @notice tag in function 'nextRune' [Warning/use-natspec]
/sb/0x00fc6a6da438e80bbc068f430144145af19071c8.sol:819:5: Missing @param tag in function 'nextRune' [Warning/use-natspec]
/sb/0x00fc6a6da438e80bbc068f430144145af19071c8.sol:819:5: Mismatch in @param names for function 'nextRune'. Expected: [self, rune], Found: [] [Warning/use-natspec]
/sb/0x00fc6a6da438e80bbc068f430144145af19071c8.sol:819:5: Missing @return tag in function 'nextRune' [Warning/use-natspec]
/sb/0x00fc6a6da438e80bbc068f430144145af19071c8.sol:819:5: Mismatch in @return count for function 'nextRune'. Expected: 1, Found: 0 [Warning/use-natspec]
/sb/0x00fc6a6da438e80bbc068f430144145af19071c8.sol:835:9: Rule is set with explicit type [var/s: uint] [Warning/explicit-types]
/sb/0x00fc6a6da438e80bbc068f430144145af19071c8.sol:835:9: Avoid to use letters 'I', 'l', 'O' as identifiers [Warning/use-forbidden-name]
/sb/0x00fc6a6da438e80bbc068f430144145af19071c8.sol:837:9: Rule is set with explicit type [var/s: uint] [Warning/explicit-types]
/sb/0x00fc6a6da438e80bbc068f430144145af19071c8.sol:841:9: Avoid to use inline assembly. It is acceptable only in rare cases [Warning/no-inline-assembly]
/sb/0x00fc6a6da438e80bbc068f430144145af19071c8.sol:903:5: Missing @notice tag in function 'nextRune' [Warning/use-natspec]
/sb/0x00fc6a6da438e80bbc068f430144145af19071c8.sol:903:5: Missing @param tag in function 'nextRune' [Warning/use-natspec]
/sb/0x00fc6a6da438e80bbc068f430144145af19071c8.sol:903:5: Mismatch in @param names for function 'nextRune'. Expected: [self], Found: [] [Warning/use-natspec]
/sb/0x00fc6a6da438e80bbc068f430144145af19071c8.sol:903:5: Missing @return tag in function 'nextRune' [Warning/use-natspec]
/sb/0x00fc6a6da438e80bbc068f430144145af19071c8.sol:903:5: Mismatch in @return names for function 'nextRune'. Expected: [ret], Found: [] [Warning/use-natspec]
/sb/0x00fc6a6da438e80bbc068f430144145af19071c8.sol:921:5: Function body contains 83 lines but allowed no more than 50 lines [Warning/function-max-lines]
/sb/0x00fc6a6da438e80bbc068f430144145af19071c8.sol:921:5: Missing @notice tag in function 'ord' [Warning/use-natspec]
/sb/0x00fc6a6da438e80bbc068f430144145af19071c8.sol:921:5: Missing @param tag in function 'ord' [Warning/use-natspec]
/sb/0x00fc6a6da438e80bbc068f430144145af19071c8.sol:921:5: Mismatch in @param names for function 'ord'. Expected: [self], Found: [] [Warning/use-natspec]
/sb/0x00fc6a6da438e80bbc068f430144145af19071c8.sol:921:5: Missing @return tag in function 'ord' [Warning/use-natspec]
/sb/0x00fc6a6da438e80bbc068f430144145af19071c8.sol:921:5: Mismatch in @return names for function 'ord'. Expected: [ret], Found: [] [Warning/use-natspec]
/sb/0x00fc6a6da438e80bbc068f430144145af19071c8.sol:921:60: Rule is set with explicit type [var/s: uint] [Warning/explicit-types]
/sb/0x00fc6a6da438e80bbc068f430144145af19071c8.sol:931:9: Rule is set with explicit type [var/s: uint] [Warning/explicit-types]
/sb/0x00fc6a6da438e80bbc068f430144145af19071c8.sol:933:9: Rule is set with explicit type [var/s: uint] [Warning/explicit-types]
/sb/0x00fc6a6da438e80bbc068f430144145af19071c8.sol:935:9: Rule is set with explicit type [var/s: uint] [Warning/explicit-types]
/sb/0x00fc6a6da438e80bbc068f430144145af19071c8.sol:941:9: Avoid to use inline assembly. It is acceptable only in rare cases [Warning/no-inline-assembly]
/sb/0x00fc6a6da438e80bbc068f430144145af19071c8.sol:943:9: Rule is set with explicit type [var/s: uint] [Warning/explicit-types]
/sb/0x00fc6a6da438e80bbc068f430144145af19071c8.sol:983:14: Rule is set with explicit type [var/s: uint] [Warning/explicit-types]
/sb/0x00fc6a6da438e80bbc068f430144145af19071c8.sol:983:38: GC: For [ i ] variable, increment/decrement by 1 using: [ ++variable ] to save gas [Warning/gas-increment-by-one]
/sb/0x00fc6a6da438e80bbc068f430144145af19071c8.sol:1019:5: Missing @notice tag in function 'keccak' [Warning/use-natspec]
/sb/0x00fc6a6da438e80bbc068f430144145af19071c8.sol:1019:5: Missing @param tag in function 'keccak' [Warning/use-natspec]
/sb/0x00fc6a6da438e80bbc068f430144145af19071c8.sol:1019:5: Mismatch in @param names for function 'keccak'. Expected: [self], Found: [] [Warning/use-natspec]
/sb/0x00fc6a6da438e80bbc068f430144145af19071c8.sol:1019:5: Missing @return tag in function 'keccak' [Warning/use-natspec]
/sb/0x00fc6a6da438e80bbc068f430144145af19071c8.sol:1019:5: Mismatch in @return names for function 'keccak'. Expected: [ret], Found: [] [Warning/use-natspec]
/sb/0x00fc6a6da438e80bbc068f430144145af19071c8.sol:1021:9: Avoid to use inline assembly. It is acceptable only in rare cases [Warning/no-inline-assembly]
/sb/0x00fc6a6da438e80bbc068f430144145af19071c8.sol:1043:5: Missing @notice tag in function 'startsWith' [Warning/use-natspec]
/sb/0x00fc6a6da438e80bbc068f430144145af19071c8.sol:1043:5: Missing @param tag in function 'startsWith' [Warning/use-natspec]
/sb/0x00fc6a6da438e80bbc068f430144145af19071c8.sol:1043:5: Mismatch in @param names for function 'startsWith'. Expected: [self, needle], Found: [] [Warning/use-natspec]
/sb/0x00fc6a6da438e80bbc068f430144145af19071c8.sol:1043:5: Missing @return tag in function 'startsWith' [Warning/use-natspec]
/sb/0x00fc6a6da438e80bbc068f430144145af19071c8.sol:1043:5: Mismatch in @return count for function 'startsWith'. Expected: 1, Found: 0 [Warning/use-natspec]
/sb/0x00fc6a6da438e80bbc068f430144145af19071c8.sol:1063:9: Avoid to use inline assembly. It is acceptable only in rare cases [Warning/no-inline-assembly]
/sb/0x00fc6a6da438e80bbc068f430144145af19071c8.sol:1095:5: Missing @notice tag in function 'beyond' [Warning/use-natspec]
/sb/0x00fc6a6da438e80bbc068f430144145af19071c8.sol:1095:5: Missing @param tag in function 'beyond' [Warning/use-natspec]
/sb/0x00fc6a6da438e80bbc068f430144145af19071c8.sol:1095:5: Mismatch in @param names for function 'beyond'. Expected: [self, needle], Found: [] [Warning/use-natspec]
/sb/0x00fc6a6da438e80bbc068f430144145af19071c8.sol:1095:5: Missing @return tag in function 'beyond' [Warning/use-natspec]
/sb/0x00fc6a6da438e80bbc068f430144145af19071c8.sol:1095:5: Mismatch in @return count for function 'beyond'. Expected: 1, Found: 0 [Warning/use-natspec]
/sb/0x00fc6a6da438e80bbc068f430144145af19071c8.sol:1109:13: Avoid to use inline assembly. It is acceptable only in rare cases [Warning/no-inline-assembly]
/sb/0x00fc6a6da438e80bbc068f430144145af19071c8.sol:1153:5: Missing @notice tag in function 'endsWith' [Warning/use-natspec]
/sb/0x00fc6a6da438e80bbc068f430144145af19071c8.sol:1153:5: Missing @param tag in function 'endsWith' [Warning/use-natspec]
/sb/0x00fc6a6da438e80bbc068f430144145af19071c8.sol:1153:5: Mismatch in @param names for function 'endsWith'. Expected: [self, needle], Found: [] [Warning/use-natspec]
/sb/0x00fc6a6da438e80bbc068f430144145af19071c8.sol:1153:5: Missing @return tag in function 'endsWith' [Warning/use-natspec]
/sb/0x00fc6a6da438e80bbc068f430144145af19071c8.sol:1153:5: Mismatch in @return count for function 'endsWith'. Expected: 1, Found: 0 [Warning/use-natspec]
/sb/0x00fc6a6da438e80bbc068f430144145af19071c8.sol:1163:9: Rule is set with explicit type [var/s: uint] [Warning/explicit-types]
/sb/0x00fc6a6da438e80bbc068f430144145af19071c8.sol:1177:9: Avoid to use inline assembly. It is acceptable only in rare cases [Warning/no-inline-assembly]
/sb/0x00fc6a6da438e80bbc068f430144145af19071c8.sol:1209:5: Missing @notice tag in function 'until' [Warning/use-natspec]
/sb/0x00fc6a6da438e80bbc068f430144145af19071c8.sol:1209:5: Missing @param tag in function 'until' [Warning/use-natspec]
/sb/0x00fc6a6da438e80bbc068f430144145af19071c8.sol:1209:5: Mismatch in @param names for function 'until'. Expected: [self, needle], Found: [] [Warning/use-natspec]
/sb/0x00fc6a6da438e80bbc068f430144145af19071c8.sol:1209:5: Missing @return tag in function 'until' [Warning/use-natspec]
/sb/0x00fc6a6da438e80bbc068f430144145af19071c8.sol:1209:5: Mismatch in @return count for function 'until'. Expected: 1, Found: 0 [Warning/use-natspec]
/sb/0x00fc6a6da438e80bbc068f430144145af19071c8.sol:1219:9: Rule is set with explicit type [var/s: uint] [Warning/explicit-types]
/sb/0x00fc6a6da438e80bbc068f430144145af19071c8.sol:1225:13: Avoid to use inline assembly. It is acceptable only in rare cases [Warning/no-inline-assembly]
/sb/0x00fc6a6da438e80bbc068f430144145af19071c8.sol:1257:5: Function body contains 73 lines but allowed no more than 50 lines [Warning/function-max-lines]
/sb/0x00fc6a6da438e80bbc068f430144145af19071c8.sol:1257:5: Missing @notice tag in function 'findPtr' [Warning/use-natspec]
/sb/0x00fc6a6da438e80bbc068f430144145af19071c8.sol:1257:5: Missing @param tag in function 'findPtr' [Warning/use-natspec]
/sb/0x00fc6a6da438e80bbc068f430144145af19071c8.sol:1257:5: Mismatch in @param names for function 'findPtr'. Expected: [selflen, selfptr, needlelen, needleptr], Found: [] [Warning/use-natspec]
/sb/0x00fc6a6da438e80bbc068f430144145af19071c8.sol:1257:5: Missing @return tag in function 'findPtr' [Warning/use-natspec]
/sb/0x00fc6a6da438e80bbc068f430144145af19071c8.sol:1257:5: Mismatch in @return count for function 'findPtr'. Expected: 1, Found: 0 [Warning/use-natspec]
/sb/0x00fc6a6da438e80bbc068f430144145af19071c8.sol:1257:22: Rule is set with explicit type [var/s: uint] [Warning/explicit-types]
/sb/0x00fc6a6da438e80bbc068f430144145af19071c8.sol:1257:36: Rule is set with explicit type [var/s: uint] [Warning/explicit-types]
/sb/0x00fc6a6da438e80bbc068f430144145af19071c8.sol:1257:50: Rule is set with explicit type [var/s: uint] [Warning/explicit-types]
/sb/0x00fc6a6da438e80bbc068f430144145af19071c8.sol:1257:66: Rule is set with explicit type [var/s: uint] [Warning/explicit-types]
/sb/0x00fc6a6da438e80bbc068f430144145af19071c8.sol:1257:104: Rule is set with explicit type [var/s: uint] [Warning/explicit-types]
/sb/0x00fc6a6da438e80bbc068f430144145af19071c8.sol:1259:9: Rule is set with explicit type [var/s: uint] [Warning/explicit-types]
/sb/0x00fc6a6da438e80bbc068f430144145af19071c8.sol:1261:9: Rule is set with explicit type [var/s: uint] [Warning/explicit-types]
/sb/0x00fc6a6da438e80bbc068f430144145af19071c8.sol:1265:13: GC: Non strict inequality found. Try converting to a strict one [Warning/gas-strict-inequalities]
/sb/0x00fc6a6da438e80bbc068f430144145af19071c8.sol:1267:17: GC: Non strict inequality found. Try converting to a strict one [Warning/gas-strict-inequalities]
/sb/0x00fc6a6da438e80bbc068f430144145af19071c8.sol:1275:17: Avoid to use inline assembly. It is acceptable only in rare cases [Warning/no-inline-assembly]
/sb/0x00fc6a6da438e80bbc068f430144145af19071c8.sol:1279:17: Rule is set with explicit type [var/s: uint] [Warning/explicit-types]
/sb/0x00fc6a6da438e80bbc068f430144145af19071c8.sol:1283:17: Avoid to use inline assembly. It is acceptable only in rare cases [Warning/no-inline-assembly]
/sb/0x00fc6a6da438e80bbc068f430144145af19071c8.sol:1289:25: GC: Non strict inequality found. Try converting to a strict one [Warning/gas-strict-inequalities]
/sb/0x00fc6a6da438e80bbc068f430144145af19071c8.sol:1293:21: GC: For [ ptr ] variable, increment/decrement by 1 using: [ ++variable ] to save gas [Warning/gas-increment-by-one]
/sb/0x00fc6a6da438e80bbc068f430144145af19071c8.sol:1295:21: Avoid to use inline assembly. It is acceptable only in rare cases [Warning/no-inline-assembly]
/sb/0x00fc6a6da438e80bbc068f430144145af19071c8.sol:1307:17: Avoid to use inline assembly. It is acceptable only in rare cases [Warning/no-inline-assembly]
/sb/0x00fc6a6da438e80bbc068f430144145af19071c8.sol:1311:31: GC: Non strict inequality found. Try converting to a strict one [Warning/gas-strict-inequalities]
/sb/0x00fc6a6da438e80bbc068f430144145af19071c8.sol:1311:59: GC: For [ idx ] variable, increment/decrement by 1 using: [ ++variable ] to save gas [Warning/gas-increment-by-one]
/sb/0x00fc6a6da438e80bbc068f430144145af19071c8.sol:1315:21: Avoid to use inline assembly. It is acceptable only in rare cases [Warning/no-inline-assembly]
/sb/0x00fc6a6da438e80bbc068f430144145af19071c8.sol:1321:21: GC: For [ ptr ] variable, increment/decrement by 1 using: [ ++variable ] to save gas [Warning/gas-increment-by-one]
/sb/0x00fc6a6da438e80bbc068f430144145af19071c8.sol:1339:5: Function body contains 71 lines but allowed no more than 50 lines [Warning/function-max-lines]
/sb/0x00fc6a6da438e80bbc068f430144145af19071c8.sol:1339:5: Missing @notice tag in function 'rfindPtr' [Warning/use-natspec]
/sb/0x00fc6a6da438e80bbc068f430144145af19071c8.sol:1339:5: Missing @param tag in function 'rfindPtr' [Warning/use-natspec]
/sb/0x00fc6a6da438e80bbc068f430144145af19071c8.sol:1339:5: Mismatch in @param names for function 'rfindPtr'. Expected: [selflen, selfptr, needlelen, needleptr], Found: [] [Warning/use-natspec]
/sb/0x00fc6a6da438e80bbc068f430144145af19071c8.sol:1339:5: Missing @return tag in function 'rfindPtr' [Warning/use-natspec]
/sb/0x00fc6a6da438e80bbc068f430144145af19071c8.sol:1339:5: Mismatch in @return count for function 'rfindPtr'. Expected: 1, Found: 0 [Warning/use-natspec]
/sb/0x00fc6a6da438e80bbc068f430144145af19071c8.sol:1339:23: Rule is set with explicit type [var/s: uint] [Warning/explicit-types]
/sb/0x00fc6a6da438e80bbc068f430144145af19071c8.sol:1339:37: Rule is set with explicit type [var/s: uint] [Warning/explicit-types]
/sb/0x00fc6a6da438e80bbc068f430144145af19071c8.sol:1339:51: Rule is set with explicit type [var/s: uint] [Warning/explicit-types]
/sb/0x00fc6a6da438e80bbc068f430144145af19071c8.sol:1339:67: Rule is set with explicit type [var/s: uint] [Warning/explicit-types]
/sb/0x00fc6a6da438e80bbc068f430144145af19071c8.sol:1339:105: Rule is set with explicit type [var/s: uint] [Warning/explicit-types]
/sb/0x00fc6a6da438e80bbc068f430144145af19071c8.sol:1341:9: Rule is set with explicit type [var/s: uint] [Warning/explicit-types]
/sb/0x00fc6a6da438e80bbc068f430144145af19071c8.sol:1345:13: GC: Non strict inequality found. Try converting to a strict one [Warning/gas-strict-inequalities]
/sb/0x00fc6a6da438e80bbc068f430144145af19071c8.sol:1347:17: GC: Non strict inequality found. Try converting to a strict one [Warning/gas-strict-inequalities]
/sb/0x00fc6a6da438e80bbc068f430144145af19071c8.sol:1355:17: Avoid to use inline assembly. It is acceptable only in rare cases [Warning/no-inline-assembly]
/sb/0x00fc6a6da438e80bbc068f430144145af19071c8.sol:1363:17: Avoid to use inline assembly. It is acceptable only in rare cases [Warning/no-inline-assembly]
/sb/0x00fc6a6da438e80bbc068f430144145af19071c8.sol:1369:25: GC: Non strict inequality found. Try converting to a strict one [Warning/gas-strict-inequalities]
/sb/0x00fc6a6da438e80bbc068f430144145af19071c8.sol:1373:21: GC: For [ ptr ] variable, increment/decrement by 1 using: [ ++variable ] to save gas [Warning/gas-increment-by-one]
/sb/0x00fc6a6da438e80bbc068f430144145af19071c8.sol:1375:21: Avoid to use inline assembly. It is acceptable only in rare cases [Warning/no-inline-assembly]
/sb/0x00fc6a6da438e80bbc068f430144145af19071c8.sol:1387:17: Avoid to use inline assembly. It is acceptable only in rare cases [Warning/no-inline-assembly]
/sb/0x00fc6a6da438e80bbc068f430144145af19071c8.sol:1391:24: GC: Non strict inequality found. Try converting to a strict one [Warning/gas-strict-inequalities]
/sb/0x00fc6a6da438e80bbc068f430144145af19071c8.sol:1395:21: Avoid to use inline assembly. It is acceptable only in rare cases [Warning/no-inline-assembly]
/sb/0x00fc6a6da438e80bbc068f430144145af19071c8.sol:1401:21: GC: For [ ptr ] variable, increment/decrement by 1 using: [ ++variable ] to save gas [Warning/gas-increment-by-one]
/sb/0x00fc6a6da438e80bbc068f430144145af19071c8.sol:1431:5: Missing @notice tag in function 'find' [Warning/use-natspec]
/sb/0x00fc6a6da438e80bbc068f430144145af19071c8.sol:1431:5: Missing @param tag in function 'find' [Warning/use-natspec]
/sb/0x00fc6a6da438e80bbc068f430144145af19071c8.sol:1431:5: Mismatch in @param names for function 'find'. Expected: [self, needle], Found: [] [Warning/use-natspec]
/sb/0x00fc6a6da438e80bbc068f430144145af19071c8.sol:1431:5: Missing @return tag in function 'find' [Warning/use-natspec]
/sb/0x00fc6a6da438e80bbc068f430144145af19071c8.sol:1431:5: Mismatch in @return count for function 'find'. Expected: 1, Found: 0 [Warning/use-natspec]
/sb/0x00fc6a6da438e80bbc068f430144145af19071c8.sol:1433:9: Rule is set with explicit type [var/s: uint] [Warning/explicit-types]
/sb/0x00fc6a6da438e80bbc068f430144145af19071c8.sol:1461:5: Missing @notice tag in function 'rfind' [Warning/use-natspec]
/sb/0x00fc6a6da438e80bbc068f430144145af19071c8.sol:1461:5: Missing @param tag in function 'rfind' [Warning/use-natspec]
/sb/0x00fc6a6da438e80bbc068f430144145af19071c8.sol:1461:5: Mismatch in @param names for function 'rfind'. Expected: [self, needle], Found: [] [Warning/use-natspec]
/sb/0x00fc6a6da438e80bbc068f430144145af19071c8.sol:1461:5: Missing @return tag in function 'rfind' [Warning/use-natspec]
/sb/0x00fc6a6da438e80bbc068f430144145af19071c8.sol:1461:5: Mismatch in @return count for function 'rfind'. Expected: 1, Found: 0 [Warning/use-natspec]
/sb/0x00fc6a6da438e80bbc068f430144145af19071c8.sol:1463:9: Rule is set with explicit type [var/s: uint] [Warning/explicit-types]
/sb/0x00fc6a6da438e80bbc068f430144145af19071c8.sol:1493:5: Missing @notice tag in function 'split' [Warning/use-natspec]
/sb/0x00fc6a6da438e80bbc068f430144145af19071c8.sol:1493:5: Missing @param tag in function 'split' [Warning/use-natspec]
/sb/0x00fc6a6da438e80bbc068f430144145af19071c8.sol:1493:5: Mismatch in @param names for function 'split'. Expected: [self, needle, token], Found: [] [Warning/use-natspec]
/sb/0x00fc6a6da438e80bbc068f430144145af19071c8.sol:1493:5: Missing @return tag in function 'split' [Warning/use-natspec]
/sb/0x00fc6a6da438e80bbc068f430144145af19071c8.sol:1493:5: Mismatch in @return count for function 'split'. Expected: 1, Found: 0 [Warning/use-natspec]
/sb/0x00fc6a6da438e80bbc068f430144145af19071c8.sol:1495:9: Rule is set with explicit type [var/s: uint] [Warning/explicit-types]
/sb/0x00fc6a6da438e80bbc068f430144145af19071c8.sol:1539:5: Missing @notice tag in function 'split' [Warning/use-natspec]
/sb/0x00fc6a6da438e80bbc068f430144145af19071c8.sol:1539:5: Missing @param tag in function 'split' [Warning/use-natspec]
/sb/0x00fc6a6da438e80bbc068f430144145af19071c8.sol:1539:5: Mismatch in @param names for function 'split'. Expected: [self, needle], Found: [] [Warning/use-natspec]
/sb/0x00fc6a6da438e80bbc068f430144145af19071c8.sol:1539:5: Missing @return tag in function 'split' [Warning/use-natspec]
/sb/0x00fc6a6da438e80bbc068f430144145af19071c8.sol:1539:5: Mismatch in @return names for function 'split'. Expected: [token], Found: [] [Warning/use-natspec]
/sb/0x00fc6a6da438e80bbc068f430144145af19071c8.sol:1567:5: Missing @notice tag in function 'rsplit' [Warning/use-natspec]
/sb/0x00fc6a6da438e80bbc068f430144145af19071c8.sol:1567:5: Missing @param tag in function 'rsplit' [Warning/use-natspec]
/sb/0x00fc6a6da438e80bbc068f430144145af19071c8.sol:1567:5: Mismatch in @param names for function 'rsplit'. Expected: [self, needle, token], Found: [] [Warning/use-natspec]
/sb/0x00fc6a6da438e80bbc068f430144145af19071c8.sol:1567:5: Missing @return tag in function 'rsplit' [Warning/use-natspec]
/sb/0x00fc6a6da438e80bbc068f430144145af19071c8.sol:1567:5: Mismatch in @return count for function 'rsplit'. Expected: 1, Found: 0 [Warning/use-natspec]
/sb/0x00fc6a6da438e80bbc068f430144145af19071c8.sol:1569:9: Rule is set with explicit type [var/s: uint] [Warning/explicit-types]
/sb/0x00fc6a6da438e80bbc068f430144145af19071c8.sol:1611:5: Missing @notice tag in function 'rsplit' [Warning/use-natspec]
/sb/0x00fc6a6da438e80bbc068f430144145af19071c8.sol:1611:5: Missing @param tag in function 'rsplit' [Warning/use-natspec]
/sb/0x00fc6a6da438e80bbc068f430144145af19071c8.sol:1611:5: Mismatch in @param names for function 'rsplit'. Expected: [self, needle], Found: [] [Warning/use-natspec]
/sb/0x00fc6a6da438e80bbc068f430144145af19071c8.sol:1611:5: Missing @return tag in function 'rsplit' [Warning/use-natspec]
/sb/0x00fc6a6da438e80bbc068f430144145af19071c8.sol:1611:5: Mismatch in @return names for function 'rsplit'. Expected: [token], Found: [] [Warning/use-natspec]
/sb/0x00fc6a6da438e80bbc068f430144145af19071c8.sol:1631:5: Missing @notice tag in function 'count' [Warning/use-natspec]
/sb/0x00fc6a6da438e80bbc068f430144145af19071c8.sol:1631:5: Missing @param tag in function 'count' [Warning/use-natspec]
/sb/0x00fc6a6da438e80bbc068f430144145af19071c8.sol:1631:5: Mismatch in @param names for function 'count'. Expected: [self, needle], Found: [] [Warning/use-natspec]
/sb/0x00fc6a6da438e80bbc068f430144145af19071c8.sol:1631:5: Missing @return tag in function 'count' [Warning/use-natspec]
/sb/0x00fc6a6da438e80bbc068f430144145af19071c8.sol:1631:5: Mismatch in @return names for function 'count'. Expected: [cnt], Found: [] [Warning/use-natspec]
/sb/0x00fc6a6da438e80bbc068f430144145af19071c8.sol:1631:83: Rule is set with explicit type [var/s: uint] [Warning/explicit-types]
/sb/0x00fc6a6da438e80bbc068f430144145af19071c8.sol:1633:9: Rule is set with explicit type [var/s: uint] [Warning/explicit-types]
/sb/0x00fc6a6da438e80bbc068f430144145af19071c8.sol:1635:16: GC: Non strict inequality found. Try converting to a strict one [Warning/gas-strict-inequalities]
/sb/0x00fc6a6da438e80bbc068f430144145af19071c8.sol:1637:13: GC: For [ cnt ] variable, increment/decrement by 1 using: [ ++variable ] to save gas [Warning/gas-increment-by-one]
/sb/0x00fc6a6da438e80bbc068f430144145af19071c8.sol:1659:5: Missing @notice tag in function 'contains' [Warning/use-natspec]
/sb/0x00fc6a6da438e80bbc068f430144145af19071c8.sol:1659:5: Missing @param tag in function 'contains' [Warning/use-natspec]
/sb/0x00fc6a6da438e80bbc068f430144145af19071c8.sol:1659:5: Mismatch in @param names for function 'contains'. Expected: [self, needle], Found: [] [Warning/use-natspec]
/sb/0x00fc6a6da438e80bbc068f430144145af19071c8.sol:1659:5: Missing @return tag in function 'contains' [Warning/use-natspec]
/sb/0x00fc6a6da438e80bbc068f430144145af19071c8.sol:1659:5: Mismatch in @return count for function 'contains'. Expected: 1, Found: 0 [Warning/use-natspec]
/sb/0x00fc6a6da438e80bbc068f430144145af19071c8.sol:1681:5: Missing @notice tag in function 'concat' [Warning/use-natspec]
/sb/0x00fc6a6da438e80bbc068f430144145af19071c8.sol:1681:5: Missing @param tag in function 'concat' [Warning/use-natspec]
/sb/0x00fc6a6da438e80bbc068f430144145af19071c8.sol:1681:5: Mismatch in @param names for function 'concat'. Expected: [self, other], Found: [] [Warning/use-natspec]
/sb/0x00fc6a6da438e80bbc068f430144145af19071c8.sol:1681:5: Missing @return tag in function 'concat' [Warning/use-natspec]
/sb/0x00fc6a6da438e80bbc068f430144145af19071c8.sol:1681:5: Mismatch in @return count for function 'concat'. Expected: 1, Found: 0 [Warning/use-natspec]
/sb/0x00fc6a6da438e80bbc068f430144145af19071c8.sol:1685:9: Rule is set with explicit type [var/s: uint] [Warning/explicit-types]
/sb/0x00fc6a6da438e80bbc068f430144145af19071c8.sol:1687:9: Avoid to use inline assembly. It is acceptable only in rare cases [Warning/no-inline-assembly]
/sb/0x00fc6a6da438e80bbc068f430144145af19071c8.sol:1715:5: Missing @notice tag in function 'join' [Warning/use-natspec]
/sb/0x00fc6a6da438e80bbc068f430144145af19071c8.sol:1715:5: Missing @param tag in function 'join' [Warning/use-natspec]
/sb/0x00fc6a6da438e80bbc068f430144145af19071c8.sol:1715:5: Mismatch in @param names for function 'join'. Expected: [self, parts], Found: [] [Warning/use-natspec]
/sb/0x00fc6a6da438e80bbc068f430144145af19071c8.sol:1715:5: Missing @return tag in function 'join' [Warning/use-natspec]
/sb/0x00fc6a6da438e80bbc068f430144145af19071c8.sol:1715:5: Mismatch in @return count for function 'join'. Expected: 1, Found: 0 [Warning/use-natspec]
/sb/0x00fc6a6da438e80bbc068f430144145af19071c8.sol:1723:9: Rule is set with explicit type [var/s: uint] [Warning/explicit-types]
/sb/0x00fc6a6da438e80bbc068f430144145af19071c8.sol:1725:14: Rule is set with explicit type [var/s: uint] [Warning/explicit-types]
/sb/0x00fc6a6da438e80bbc068f430144145af19071c8.sol:1725:44: GC: For [ i ] variable, increment/decrement by 1 using: [ ++variable ] to save gas [Warning/gas-increment-by-one]
/sb/0x00fc6a6da438e80bbc068f430144145af19071c8.sol:1735:9: Rule is set with explicit type [var/s: uint] [Warning/explicit-types]
/sb/0x00fc6a6da438e80bbc068f430144145af19071c8.sol:1737:9: Avoid to use inline assembly. It is acceptable only in rare cases [Warning/no-inline-assembly]
/sb/0x00fc6a6da438e80bbc068f430144145af19071c8.sol:1741:14: Rule is set with explicit type [var/s: uint] [Warning/explicit-types]
/sb/0x00fc6a6da438e80bbc068f430144145af19071c8.sol:1741:44: GC: For [ i ] variable, increment/decrement by 1 using: [ ++variable ] to save gas [Warning/gas-increment-by-one]
/sb/0x00fc6a6da438e80bbc068f430144145af19071c8.sol:1767:1: Interface name 'ERC165' must start with "I" [Warning/interface-starts-with-i]
/sb/0x00fc6a6da438e80bbc068f430144145af19071c8.sol:1767:1: Missing @title tag in contract 'ERC165' [Warning/use-natspec]
/sb/0x00fc6a6da438e80bbc068f430144145af19071c8.sol:1767:1: Missing @author tag in contract 'ERC165' [Warning/use-natspec]
/sb/0x00fc6a6da438e80bbc068f430144145af19071c8.sol:1767:1: Missing @notice tag in contract 'ERC165' [Warning/use-natspec]
/sb/0x00fc6a6da438e80bbc068f430144145af19071c8.sol:1769:5: Missing @notice tag in function 'supportsInterface' [Warning/use-natspec]
/sb/0x00fc6a6da438e80bbc068f430144145af19071c8.sol:1769:5: Missing @param tag in function 'supportsInterface' [Warning/use-natspec]
/sb/0x00fc6a6da438e80bbc068f430144145af19071c8.sol:1769:5: Mismatch in @param count for function 'supportsInterface'. Expected: 1, Found: 0 [Warning/use-natspec]
/sb/0x00fc6a6da438e80bbc068f430144145af19071c8.sol:1769:5: Missing @return tag in function 'supportsInterface' [Warning/use-natspec]
/sb/0x00fc6a6da438e80bbc068f430144145af19071c8.sol:1769:5: Mismatch in @return count for function 'supportsInterface'. Expected: 1, Found: 0 [Warning/use-natspec]
/sb/0x00fc6a6da438e80bbc068f430144145af19071c8.sol:1775:1: Interface name 'ENS' must start with "I" [Warning/interface-starts-with-i]
/sb/0x00fc6a6da438e80bbc068f430144145af19071c8.sol:1775:1: Missing @title tag in contract 'ENS' [Warning/use-natspec]
/sb/0x00fc6a6da438e80bbc068f430144145af19071c8.sol:1775:1: Missing @author tag in contract 'ENS' [Warning/use-natspec]
/sb/0x00fc6a6da438e80bbc068f430144145af19071c8.sol:1775:1: Missing @notice tag in contract 'ENS' [Warning/use-natspec]
/sb/0x00fc6a6da438e80bbc068f430144145af19071c8.sol:1781:5: Missing @notice tag in event 'NewOwner' [Warning/use-natspec]
/sb/0x00fc6a6da438e80bbc068f430144145af19071c8.sol:1781:5: Missing @param tag in event 'NewOwner' [Warning/use-natspec]
/sb/0x00fc6a6da438e80bbc068f430144145af19071c8.sol:1781:5: Mismatch in @param names for event 'NewOwner'. Expected: [node, label, owner], Found: [] [Warning/use-natspec]
/sb/0x00fc6a6da438e80bbc068f430144145af19071c8.sol:1781:5: GC: [owner] on Event [NewOwner] could be Indexed [Warning/gas-indexed-events]
/sb/0x00fc6a6da438e80bbc068f430144145af19071c8.sol:1787:5: Missing @notice tag in event 'Transfer' [Warning/use-natspec]
/sb/0x00fc6a6da438e80bbc068f430144145af19071c8.sol:1787:5: Missing @param tag in event 'Transfer' [Warning/use-natspec]
/sb/0x00fc6a6da438e80bbc068f430144145af19071c8.sol:1787:5: Mismatch in @param names for event 'Transfer'. Expected: [node, owner], Found: [] [Warning/use-natspec]
/sb/0x00fc6a6da438e80bbc068f430144145af19071c8.sol:1787:5: GC: [owner] on Event [Transfer] could be Indexed [Warning/gas-indexed-events]
/sb/0x00fc6a6da438e80bbc068f430144145af19071c8.sol:1793:5: Missing @notice tag in event 'NewResolver' [Warning/use-natspec]
/sb/0x00fc6a6da438e80bbc068f430144145af19071c8.sol:1793:5: Missing @param tag in event 'NewResolver' [Warning/use-natspec]
/sb/0x00fc6a6da438e80bbc068f430144145af19071c8.sol:1793:5: Mismatch in @param names for event 'NewResolver'. Expected: [node, resolver], Found: [] [Warning/use-natspec]
/sb/0x00fc6a6da438e80bbc068f430144145af19071c8.sol:1793:5: GC: [resolver] on Event [NewResolver] could be Indexed [Warning/gas-indexed-events]
/sb/0x00fc6a6da438e80bbc068f430144145af19071c8.sol:1799:5: Missing @notice tag in event 'NewTTL' [Warning/use-natspec]
/sb/0x00fc6a6da438e80bbc068f430144145af19071c8.sol:1799:5: Missing @param tag in event 'NewTTL' [Warning/use-natspec]
/sb/0x00fc6a6da438e80bbc068f430144145af19071c8.sol:1799:5: Mismatch in @param names for event 'NewTTL'. Expected: [node, ttl], Found: [] [Warning/use-natspec]
/sb/0x00fc6a6da438e80bbc068f430144145af19071c8.sol:1799:5: GC: [ttl] on Event [NewTTL] could be Indexed [Warning/gas-indexed-events]
/sb/0x00fc6a6da438e80bbc068f430144145af19071c8.sol:1805:5: Missing @notice tag in function 'setSubnodeOwner' [Warning/use-natspec]
/sb/0x00fc6a6da438e80bbc068f430144145af19071c8.sol:1805:5: Missing @param tag in function 'setSubnodeOwner' [Warning/use-natspec]
/sb/0x00fc6a6da438e80bbc068f430144145af19071c8.sol:1805:5: Mismatch in @param names for function 'setSubnodeOwner'. Expected: [node, label, owner], Found: [] [Warning/use-natspec]
/sb/0x00fc6a6da438e80bbc068f430144145af19071c8.sol:1807:5: Missing @notice tag in function 'setResolver' [Warning/use-natspec]
/sb/0x00fc6a6da438e80bbc068f430144145af19071c8.sol:1807:5: Missing @param tag in function 'setResolver' [Warning/use-natspec]
/sb/0x00fc6a6da438e80bbc068f430144145af19071c8.sol:1807:5: Mismatch in @param names for function 'setResolver'. Expected: [node, resolver], Found: [] [Warning/use-natspec]
/sb/0x00fc6a6da438e80bbc068f430144145af19071c8.sol:1809:5: Missing @notice tag in function 'setOwner' [Warning/use-natspec]
/sb/0x00fc6a6da438e80bbc068f430144145af19071c8.sol:1809:5: Missing @param tag in function 'setOwner' [Warning/use-natspec]
/sb/0x00fc6a6da438e80bbc068f430144145af19071c8.sol:1809:5: Mismatch in @param names for function 'setOwner'. Expected: [node, owner], Found: [] [Warning/use-natspec]
/sb/0x00fc6a6da438e80bbc068f430144145af19071c8.sol:1811:5: Missing @notice tag in function 'setTTL' [Warning/use-natspec]
/sb/0x00fc6a6da438e80bbc068f430144145af19071c8.sol:1811:5: Missing @param tag in function 'setTTL' [Warning/use-natspec]
/sb/0x00fc6a6da438e80bbc068f430144145af19071c8.sol:1811:5: Mismatch in @param names for function 'setTTL'. Expected: [node, ttl], Found: [] [Warning/use-natspec]
/sb/0x00fc6a6da438e80bbc068f430144145af19071c8.sol:1813:5: Missing @notice tag in function 'owner' [Warning/use-natspec]
/sb/0x00fc6a6da438e80bbc068f430144145af19071c8.sol:1813:5: Missing @param tag in function 'owner' [Warning/use-natspec]
/sb/0x00fc6a6da438e80bbc068f430144145af19071c8.sol:1813:5: Mismatch in @param names for function 'owner'. Expected: [node], Found: [] [Warning/use-natspec]
/sb/0x00fc6a6da438e80bbc068f430144145af19071c8.sol:1813:5: Missing @return tag in function 'owner' [Warning/use-natspec]
/sb/0x00fc6a6da438e80bbc068f430144145af19071c8.sol:1813:5: Mismatch in @return count for function 'owner'. Expected: 1, Found: 0 [Warning/use-natspec]
/sb/0x00fc6a6da438e80bbc068f430144145af19071c8.sol:1815:5: Missing @notice tag in function 'resolver' [Warning/use-natspec]
/sb/0x00fc6a6da438e80bbc068f430144145af19071c8.sol:1815:5: Missing @param tag in function 'resolver' [Warning/use-natspec]
/sb/0x00fc6a6da438e80bbc068f430144145af19071c8.sol:1815:5: Mismatch in @param names for function 'resolver'. Expected: [node], Found: [] [Warning/use-natspec]
/sb/0x00fc6a6da438e80bbc068f430144145af19071c8.sol:1815:5: Missing @return tag in function 'resolver' [Warning/use-natspec]
/sb/0x00fc6a6da438e80bbc068f430144145af19071c8.sol:1815:5: Mismatch in @return count for function 'resolver'. Expected: 1, Found: 0 [Warning/use-natspec]
/sb/0x00fc6a6da438e80bbc068f430144145af19071c8.sol:1817:5: Missing @notice tag in function 'ttl' [Warning/use-natspec]
/sb/0x00fc6a6da438e80bbc068f430144145af19071c8.sol:1817:5: Missing @param tag in function 'ttl' [Warning/use-natspec]
/sb/0x00fc6a6da438e80bbc068f430144145af19071c8.sol:1817:5: Mismatch in @param names for function 'ttl'. Expected: [node], Found: [] [Warning/use-natspec]
/sb/0x00fc6a6da438e80bbc068f430144145af19071c8.sol:1817:5: Missing @return tag in function 'ttl' [Warning/use-natspec]
/sb/0x00fc6a6da438e80bbc068f430144145af19071c8.sol:1817:5: Mismatch in @return count for function 'ttl'. Expected: 1, Found: 0 [Warning/use-natspec]
/sb/0x00fc6a6da438e80bbc068f430144145af19071c8.sol:1825:1: Missing @title tag in contract 'Address' [Warning/use-natspec]
/sb/0x00fc6a6da438e80bbc068f430144145af19071c8.sol:1825:1: Missing @author tag in contract 'Address' [Warning/use-natspec]
/sb/0x00fc6a6da438e80bbc068f430144145af19071c8.sol:1825:1: Missing @notice tag in contract 'Address' [Warning/use-natspec]
/sb/0x00fc6a6da438e80bbc068f430144145af19071c8.sol:1847:5: Missing @notice tag in function 'isContract' [Warning/use-natspec]
/sb/0x00fc6a6da438e80bbc068f430144145af19071c8.sol:1847:5: Missing @param tag in function 'isContract' [Warning/use-natspec]
/sb/0x00fc6a6da438e80bbc068f430144145af19071c8.sol:1847:5: Mismatch in @param names for function 'isContract'. Expected: [account], Found: [] [Warning/use-natspec]
/sb/0x00fc6a6da438e80bbc068f430144145af19071c8.sol:1847:5: Missing @return tag in function 'isContract' [Warning/use-natspec]
/sb/0x00fc6a6da438e80bbc068f430144145af19071c8.sol:1847:5: Mismatch in @return count for function 'isContract'. Expected: 1, Found: 0 [Warning/use-natspec]
/sb/0x00fc6a6da438e80bbc068f430144145af19071c8.sol:1861:9: Avoid to use inline assembly. It is acceptable only in rare cases [Warning/no-inline-assembly]
/sb/0x00fc6a6da438e80bbc068f430144145af19071c8.sol:1871:1: Interface name 'ERC20' must start with "I" [Warning/interface-starts-with-i]
/sb/0x00fc6a6da438e80bbc068f430144145af19071c8.sol:1871:1: Missing @title tag in contract 'ERC20' [Warning/use-natspec]
/sb/0x00fc6a6da438e80bbc068f430144145af19071c8.sol:1871:1: Missing @author tag in contract 'ERC20' [Warning/use-natspec]
/sb/0x00fc6a6da438e80bbc068f430144145af19071c8.sol:1871:1: Missing @notice tag in contract 'ERC20' [Warning/use-natspec]
/sb/0x00fc6a6da438e80bbc068f430144145af19071c8.sol:1873:5: Missing @notice tag in function 'allowance' [Warning/use-natspec]
/sb/0x00fc6a6da438e80bbc068f430144145af19071c8.sol:1873:5: Missing @param tag in function 'allowance' [Warning/use-natspec]
/sb/0x00fc6a6da438e80bbc068f430144145af19071c8.sol:1873:5: Mismatch in @param names for function 'allowance'. Expected: [_owner, _spender], Found: [] [Warning/use-natspec]
/sb/0x00fc6a6da438e80bbc068f430144145af19071c8.sol:1873:5: Missing @return tag in function 'allowance' [Warning/use-natspec]
/sb/0x00fc6a6da438e80bbc068f430144145af19071c8.sol:1873:5: Mismatch in @return count for function 'allowance'. Expected: 1, Found: 0 [Warning/use-natspec]
/sb/0x00fc6a6da438e80bbc068f430144145af19071c8.sol:1875:5: Missing @notice tag in function 'approve' [Warning/use-natspec]
/sb/0x00fc6a6da438e80bbc068f430144145af19071c8.sol:1875:5: Missing @param tag in function 'approve' [Warning/use-natspec]
/sb/0x00fc6a6da438e80bbc068f430144145af19071c8.sol:1875:5: Mismatch in @param names for function 'approve'. Expected: [_spender, _value], Found: [] [Warning/use-natspec]
/sb/0x00fc6a6da438e80bbc068f430144145af19071c8.sol:1875:5: Missing @return tag in function 'approve' [Warning/use-natspec]
/sb/0x00fc6a6da438e80bbc068f430144145af19071c8.sol:1875:5: Mismatch in @return count for function 'approve'. Expected: 1, Found: 0 [Warning/use-natspec]
/sb/0x00fc6a6da438e80bbc068f430144145af19071c8.sol:1877:5: Missing @notice tag in function 'balanceOf' [Warning/use-natspec]
/sb/0x00fc6a6da438e80bbc068f430144145af19071c8.sol:1877:5: Missing @param tag in function 'balanceOf' [Warning/use-natspec]
/sb/0x00fc6a6da438e80bbc068f430144145af19071c8.sol:1877:5: Mismatch in @param names for function 'balanceOf'. Expected: [_who], Found: [] [Warning/use-natspec]
/sb/0x00fc6a6da438e80bbc068f430144145af19071c8.sol:1877:5: Missing @return tag in function 'balanceOf' [Warning/use-natspec]
/sb/0x00fc6a6da438e80bbc068f430144145af19071c8.sol:1877:5: Mismatch in @return count for function 'balanceOf'. Expected: 1, Found: 0 [Warning/use-natspec]
/sb/0x00fc6a6da438e80bbc068f430144145af19071c8.sol:1879:5: Missing @notice tag in function 'totalSupply' [Warning/use-natspec]
/sb/0x00fc6a6da438e80bbc068f430144145af19071c8.sol:1879:5: Missing @return tag in function 'totalSupply' [Warning/use-natspec]
/sb/0x00fc6a6da438e80bbc068f430144145af19071c8.sol:1879:5: Mismatch in @return count for function 'totalSupply'. Expected: 1, Found: 0 [Warning/use-natspec]
/sb/0x00fc6a6da438e80bbc068f430144145af19071c8.sol:1881:5: Missing @notice tag in function 'transfer' [Warning/use-natspec]
/sb/0x00fc6a6da438e80bbc068f430144145af19071c8.sol:1881:5: Missing @param tag in function 'transfer' [Warning/use-natspec]
/sb/0x00fc6a6da438e80bbc068f430144145af19071c8.sol:1881:5: Mismatch in @param names for function 'transfer'. Expected: [_to, _value], Found: [] [Warning/use-natspec]
/sb/0x00fc6a6da438e80bbc068f430144145af19071c8.sol:1881:5: Missing @return tag in function 'transfer' [Warning/use-natspec]
/sb/0x00fc6a6da438e80bbc068f430144145af19071c8.sol:1881:5: Mismatch in @return count for function 'transfer'. Expected: 1, Found: 0 [Warning/use-natspec]
/sb/0x00fc6a6da438e80bbc068f430144145af19071c8.sol:1883:5: Missing @notice tag in function 'transferFrom' [Warning/use-natspec]
/sb/0x00fc6a6da438e80bbc068f430144145af19071c8.sol:1883:5: Missing @param tag in function 'transferFrom' [Warning/use-natspec]
/sb/0x00fc6a6da438e80bbc068f430144145af19071c8.sol:1883:5: Mismatch in @param names for function 'transferFrom'. Expected: [_from, _to, _value], Found: [] [Warning/use-natspec]
/sb/0x00fc6a6da438e80bbc068f430144145af19071c8.sol:1883:5: Missing @return tag in function 'transferFrom' [Warning/use-natspec]
/sb/0x00fc6a6da438e80bbc068f430144145af19071c8.sol:1883:5: Mismatch in @return count for function 'transferFrom'. Expected: 1, Found: 0 [Warning/use-natspec]
/sb/0x00fc6a6da438e80bbc068f430144145af19071c8.sol:1889:1: Missing @title tag in contract 'AddrResolver' [Warning/use-natspec]
/sb/0x00fc6a6da438e80bbc068f430144145af19071c8.sol:1889:1: Missing @author tag in contract 'AddrResolver' [Warning/use-natspec]
/sb/0x00fc6a6da438e80bbc068f430144145af19071c8.sol:1889:1: Missing @notice tag in contract 'AddrResolver' [Warning/use-natspec]
/sb/0x00fc6a6da438e80bbc068f430144145af19071c8.sol:1895:5: Missing @notice tag in event 'AddrChanged' [Warning/use-natspec]
/sb/0x00fc6a6da438e80bbc068f430144145af19071c8.sol:1895:5: Missing @param tag in event 'AddrChanged' [Warning/use-natspec]
/sb/0x00fc6a6da438e80bbc068f430144145af19071c8.sol:1895:5: Mismatch in @param names for event 'AddrChanged'. Expected: [node, a], Found: [] [Warning/use-natspec]
/sb/0x00fc6a6da438e80bbc068f430144145af19071c8.sol:1895:5: GC: [a] on Event [AddrChanged] could be Indexed [Warning/gas-indexed-events]
/sb/0x00fc6a6da438e80bbc068f430144145af19071c8.sol:1899:5: Explicitly mark visibility of state [Warning/state-visibility]
/sb/0x00fc6a6da438e80bbc068f430144145af19071c8.sol:1915:5: Missing @notice tag in function 'setAddr' [Warning/use-natspec]
/sb/0x00fc6a6da438e80bbc068f430144145af19071c8.sol:1935:5: Missing @notice tag in function 'addr' [Warning/use-natspec]
/sb/0x00fc6a6da438e80bbc068f430144145af19071c8.sol:1943:5: Missing @notice tag in function 'supportsInterface' [Warning/use-natspec]
/sb/0x00fc6a6da438e80bbc068f430144145af19071c8.sol:1943:5: Missing @param tag in function 'supportsInterface' [Warning/use-natspec]
/sb/0x00fc6a6da438e80bbc068f430144145af19071c8.sol:1943:5: Mismatch in @param names for function 'supportsInterface'. Expected: [interfaceID], Found: [] [Warning/use-natspec]
/sb/0x00fc6a6da438e80bbc068f430144145af19071c8.sol:1943:5: Missing @return tag in function 'supportsInterface' [Warning/use-natspec]
/sb/0x00fc6a6da438e80bbc068f430144145af19071c8.sol:1943:5: Mismatch in @return count for function 'supportsInterface'. Expected: 1, Found: 0 [Warning/use-natspec]
/sb/0x00fc6a6da438e80bbc068f430144145af19071c8.sol:1953:1: Missing @title tag in contract 'ContentHashResolver' [Warning/use-natspec]
/sb/0x00fc6a6da438e80bbc068f430144145af19071c8.sol:1953:1: Missing @author tag in contract 'ContentHashResolver' [Warning/use-natspec]
/sb/0x00fc6a6da438e80bbc068f430144145af19071c8.sol:1953:1: Missing @notice tag in contract 'ContentHashResolver' [Warning/use-natspec]
/sb/0x00fc6a6da438e80bbc068f430144145af19071c8.sol:1959:5: Missing @notice tag in event 'ContenthashChanged' [Warning/use-natspec]
/sb/0x00fc6a6da438e80bbc068f430144145af19071c8.sol:1959:5: Missing @param tag in event 'ContenthashChanged' [Warning/use-natspec]
/sb/0x00fc6a6da438e80bbc068f430144145af19071c8.sol:1959:5: Mismatch in @param names for event 'ContenthashChanged'. Expected: [node, hash], Found: [] [Warning/use-natspec]
/sb/0x00fc6a6da438e80bbc068f430144145af19071c8.sol:1963:5: Explicitly mark visibility of state [Warning/state-visibility]
/sb/0x00fc6a6da438e80bbc068f430144145af19071c8.sol:1979:5: Missing @notice tag in function 'setContenthash' [Warning/use-natspec]
/sb/0x00fc6a6da438e80bbc068f430144145af19071c8.sol:1999:5: Missing @notice tag in function 'contenthash' [Warning/use-natspec]
/sb/0x00fc6a6da438e80bbc068f430144145af19071c8.sol:2007:5: Missing @notice tag in function 'supportsInterface' [Warning/use-natspec]
/sb/0x00fc6a6da438e80bbc068f430144145af19071c8.sol:2007:5: Missing @param tag in function 'supportsInterface' [Warning/use-natspec]
/sb/0x00fc6a6da438e80bbc068f430144145af19071c8.sol:2007:5: Mismatch in @param names for function 'supportsInterface'. Expected: [interfaceID], Found: [] [Warning/use-natspec]
/sb/0x00fc6a6da438e80bbc068f430144145af19071c8.sol:2007:5: Missing @return tag in function 'supportsInterface' [Warning/use-natspec]
/sb/0x00fc6a6da438e80bbc068f430144145af19071c8.sol:2007:5: Mismatch in @return count for function 'supportsInterface'. Expected: 1, Found: 0 [Warning/use-natspec]
/sb/0x00fc6a6da438e80bbc068f430144145af19071c8.sol:2017:1: Missing @title tag in contract 'NameResolver' [Warning/use-natspec]
/sb/0x00fc6a6da438e80bbc068f430144145af19071c8.sol:2017:1: Missing @author tag in contract 'NameResolver' [Warning/use-natspec]
/sb/0x00fc6a6da438e80bbc068f430144145af19071c8.sol:2017:1: Missing @notice tag in contract 'NameResolver' [Warning/use-natspec]
/sb/0x00fc6a6da438e80bbc068f430144145af19071c8.sol:2023:5: Missing @notice tag in event 'NameChanged' [Warning/use-natspec]
/sb/0x00fc6a6da438e80bbc068f430144145af19071c8.sol:2023:5: Missing @param tag in event 'NameChanged' [Warning/use-natspec]
/sb/0x00fc6a6da438e80bbc068f430144145af19071c8.sol:2023:5: Mismatch in @param names for event 'NameChanged'. Expected: [node, name], Found: [] [Warning/use-natspec]
/sb/0x00fc6a6da438e80bbc068f430144145af19071c8.sol:2027:5: Explicitly mark visibility of state [Warning/state-visibility]
/sb/0x00fc6a6da438e80bbc068f430144145af19071c8.sol:2043:5: Missing @notice tag in function 'setName' [Warning/use-natspec]
/sb/0x00fc6a6da438e80bbc068f430144145af19071c8.sol:2065:5: Missing @notice tag in function 'name' [Warning/use-natspec]
/sb/0x00fc6a6da438e80bbc068f430144145af19071c8.sol:2073:5: Missing @notice tag in function 'supportsInterface' [Warning/use-natspec]
/sb/0x00fc6a6da438e80bbc068f430144145af19071c8.sol:2073:5: Missing @param tag in function 'supportsInterface' [Warning/use-natspec]
/sb/0x00fc6a6da438e80bbc068f430144145af19071c8.sol:2073:5: Mismatch in @param names for function 'supportsInterface'. Expected: [interfaceID], Found: [] [Warning/use-natspec]
/sb/0x00fc6a6da438e80bbc068f430144145af19071c8.sol:2073:5: Missing @return tag in function 'supportsInterface' [Warning/use-natspec]
/sb/0x00fc6a6da438e80bbc068f430144145af19071c8.sol:2073:5: Mismatch in @return count for function 'supportsInterface'. Expected: 1, Found: 0 [Warning/use-natspec]
/sb/0x00fc6a6da438e80bbc068f430144145af19071c8.sol:2083:1: Missing @title tag in contract 'ABIResolver' [Warning/use-natspec]
/sb/0x00fc6a6da438e80bbc068f430144145af19071c8.sol:2083:1: Missing @author tag i
