A new version of Solhint is available: 6.0.1
Please consider updating your Solhint package.
/sb/0x663aa8fa46e4ed867a3a8945422031ec2482ce13.sol:1:1: Compiler version ^0.4.24 does not satisfy the ^0.8.24 semver requirement [Error/compiler-version]
/sb/0x663aa8fa46e4ed867a3a8945422031ec2482ce13.sol:11:1: Missing @title tag in contract 'NetkillerBatchToken' [Warning/use-natspec]
/sb/0x663aa8fa46e4ed867a3a8945422031ec2482ce13.sol:11:1: Missing @author tag in contract 'NetkillerBatchToken' [Warning/use-natspec]
/sb/0x663aa8fa46e4ed867a3a8945422031ec2482ce13.sol:11:1: Missing @notice tag in contract 'NetkillerBatchToken' [Warning/use-natspec]
/sb/0x663aa8fa46e4ed867a3a8945422031ec2482ce13.sol:12:5: Missing @notice tag in variable 'owner' [Warning/use-natspec]
/sb/0x663aa8fa46e4ed867a3a8945422031ec2482ce13.sol:13:5: Missing @notice tag in variable 'name' [Warning/use-natspec]
/sb/0x663aa8fa46e4ed867a3a8945422031ec2482ce13.sol:14:5: Missing @notice tag in variable 'symbol' [Warning/use-natspec]
/sb/0x663aa8fa46e4ed867a3a8945422031ec2482ce13.sol:15:5: Rule is set with explicit type [var/s: uint] [Warning/explicit-types]
/sb/0x663aa8fa46e4ed867a3a8945422031ec2482ce13.sol:15:5: Missing @notice tag in variable 'decimals' [Warning/use-natspec]
/sb/0x663aa8fa46e4ed867a3a8945422031ec2482ce13.sol:16:5: Missing @notice tag in variable 'totalSupply' [Warning/use-natspec]
/sb/0x663aa8fa46e4ed867a3a8945422031ec2482ce13.sol:18:5: Missing @notice tag in variable 'balanceOf' [Warning/use-natspec]
/sb/0x663aa8fa46e4ed867a3a8945422031ec2482ce13.sol:19:5: Missing @notice tag in variable 'allowance' [Warning/use-natspec]
/sb/0x663aa8fa46e4ed867a3a8945422031ec2482ce13.sol:21:5: Missing @notice tag in event 'Transfer' [Warning/use-natspec]
/sb/0x663aa8fa46e4ed867a3a8945422031ec2482ce13.sol:21:5: Missing @param tag in event 'Transfer' [Warning/use-natspec]
/sb/0x663aa8fa46e4ed867a3a8945422031ec2482ce13.sol:21:5: Mismatch in @param names for event 'Transfer'. Expected: [from, to, value], Found: [] [Warning/use-natspec]
/sb/0x663aa8fa46e4ed867a3a8945422031ec2482ce13.sol:21:5: GC: [value] on Event [Transfer] could be Indexed [Warning/gas-indexed-events]
/sb/0x663aa8fa46e4ed867a3a8945422031ec2482ce13.sol:22:5: Missing @notice tag in event 'Burn' [Warning/use-natspec]
/sb/0x663aa8fa46e4ed867a3a8945422031ec2482ce13.sol:22:5: Missing @param tag in event 'Burn' [Warning/use-natspec]
/sb/0x663aa8fa46e4ed867a3a8945422031ec2482ce13.sol:22:5: Mismatch in @param names for event 'Burn'. Expected: [from, value], Found: [] [Warning/use-natspec]
/sb/0x663aa8fa46e4ed867a3a8945422031ec2482ce13.sol:22:5: GC: [value] on Event [Burn] could be Indexed [Warning/gas-indexed-events]
/sb/0x663aa8fa46e4ed867a3a8945422031ec2482ce13.sol:23:5: Missing @notice tag in event 'Approval' [Warning/use-natspec]
/sb/0x663aa8fa46e4ed867a3a8945422031ec2482ce13.sol:23:5: Missing @param tag in event 'Approval' [Warning/use-natspec]
/sb/0x663aa8fa46e4ed867a3a8945422031ec2482ce13.sol:23:5: Mismatch in @param names for event 'Approval'. Expected: [owner, spender, value], Found: [] [Warning/use-natspec]
/sb/0x663aa8fa46e4ed867a3a8945422031ec2482ce13.sol:23:5: GC: [value] on Event [Approval] could be Indexed [Warning/gas-indexed-events]
/sb/0x663aa8fa46e4ed867a3a8945422031ec2482ce13.sol:25:5: Missing @notice tag in variable 'frozenAccount' [Warning/use-natspec]
/sb/0x663aa8fa46e4ed867a3a8945422031ec2482ce13.sol:26:5: Missing @notice tag in event 'FrozenFunds' [Warning/use-natspec]
/sb/0x663aa8fa46e4ed867a3a8945422031ec2482ce13.sol:26:5: Missing @param tag in event 'FrozenFunds' [Warning/use-natspec]
/sb/0x663aa8fa46e4ed867a3a8945422031ec2482ce13.sol:26:5: Mismatch in @param names for event 'FrozenFunds'. Expected: [target, frozen], Found: [] [Warning/use-natspec]
/sb/0x663aa8fa46e4ed867a3a8945422031ec2482ce13.sol:26:5: GC: [target] on Event [FrozenFunds] could be Indexed [Warning/gas-indexed-events]
/sb/0x663aa8fa46e4ed867a3a8945422031ec2482ce13.sol:26:5: GC: [frozen] on Event [FrozenFunds] could be Indexed [Warning/gas-indexed-events]
/sb/0x663aa8fa46e4ed867a3a8945422031ec2482ce13.sol:28:5: Explicitly mark visibility of state [Warning/state-visibility]
/sb/0x663aa8fa46e4ed867a3a8945422031ec2482ce13.sol:30:5: Missing @notice tag in function '<anonymous>' [Warning/use-natspec]
/sb/0x663aa8fa46e4ed867a3a8945422031ec2482ce13.sol:30:5: Missing @param tag in function '<anonymous>' [Warning/use-natspec]
/sb/0x663aa8fa46e4ed867a3a8945422031ec2482ce13.sol:30:5: Mismatch in @param names for function '<anonymous>'. Expected: [initialSupply, tokenName, tokenSymbol, decimalUnits], Found: [] [Warning/use-natspec]
/sb/0x663aa8fa46e4ed867a3a8945422031ec2482ce13.sol:34:9: Rule is set with explicit type [var/s: uint] [Warning/explicit-types]
/sb/0x663aa8fa46e4ed867a3a8945422031ec2482ce13.sol:45:9: Provide an error message for require [Warning/reason-string]
/sb/0x663aa8fa46e4ed867a3a8945422031ec2482ce13.sol:50:9: Provide an error message for require [Warning/reason-string]
/sb/0x663aa8fa46e4ed867a3a8945422031ec2482ce13.sol:54:5: Missing @notice tag in function 'setLock' [Warning/use-natspec]
/sb/0x663aa8fa46e4ed867a3a8945422031ec2482ce13.sol:54:5: Missing @param tag in function 'setLock' [Warning/use-natspec]
/sb/0x663aa8fa46e4ed867a3a8945422031ec2482ce13.sol:54:5: Mismatch in @param names for function 'setLock'. Expected: [_lock], Found: [] [Warning/use-natspec]
/sb/0x663aa8fa46e4ed867a3a8945422031ec2482ce13.sol:54:44: Visibility modifier must be first in list of modifiers [Warning/visibility-modifier-order]
/sb/0x663aa8fa46e4ed867a3a8945422031ec2482ce13.sol:58:5: Missing @notice tag in function 'transferOwnership' [Warning/use-natspec]
/sb/0x663aa8fa46e4ed867a3a8945422031ec2482ce13.sol:58:5: Missing @param tag in function 'transferOwnership' [Warning/use-natspec]
/sb/0x663aa8fa46e4ed867a3a8945422031ec2482ce13.sol:58:5: Mismatch in @param names for function 'transferOwnership'. Expected: [newOwner], Found: [] [Warning/use-natspec]
/sb/0x663aa8fa46e4ed867a3a8945422031ec2482ce13.sol:58:60: Visibility modifier must be first in list of modifiers [Warning/visibility-modifier-order]
/sb/0x663aa8fa46e4ed867a3a8945422031ec2482ce13.sol:65:5: Missing @notice tag in function '_transfer' [Warning/use-natspec]
/sb/0x663aa8fa46e4ed867a3a8945422031ec2482ce13.sol:65:5: Missing @param tag in function '_transfer' [Warning/use-natspec]
/sb/0x663aa8fa46e4ed867a3a8945422031ec2482ce13.sol:65:5: Mismatch in @param names for function '_transfer'. Expected: [_from, _to, _value], Found: [] [Warning/use-natspec]
/sb/0x663aa8fa46e4ed867a3a8945422031ec2482ce13.sol:65:72: Visibility modifier must be first in list of modifiers [Warning/visibility-modifier-order]
/sb/0x663aa8fa46e4ed867a3a8945422031ec2482ce13.sol:65:52: Rule is set with explicit type [var/s: uint] [Warning/explicit-types]
/sb/0x663aa8fa46e4ed867a3a8945422031ec2482ce13.sol:66:9: Provide an error message for require [Warning/reason-string]
/sb/0x663aa8fa46e4ed867a3a8945422031ec2482ce13.sol:67:9: Provide an error message for require [Warning/reason-string]
/sb/0x663aa8fa46e4ed867a3a8945422031ec2482ce13.sol:67:18: GC: Non strict inequality found. Try converting to a strict one [Warning/gas-strict-inequalities]
/sb/0x663aa8fa46e4ed867a3a8945422031ec2482ce13.sol:68:9: Provide an error message for require [Warning/reason-string]
/sb/0x663aa8fa46e4ed867a3a8945422031ec2482ce13.sol:69:9: Provide an error message for require [Warning/reason-string]
/sb/0x663aa8fa46e4ed867a3a8945422031ec2482ce13.sol:70:9: Provide an error message for require [Warning/reason-string]
/sb/0x663aa8fa46e4ed867a3a8945422031ec2482ce13.sol:76:5: Missing @notice tag in function 'transfer' [Warning/use-natspec]
/sb/0x663aa8fa46e4ed867a3a8945422031ec2482ce13.sol:76:5: Missing @param tag in function 'transfer' [Warning/use-natspec]
/sb/0x663aa8fa46e4ed867a3a8945422031ec2482ce13.sol:76:5: Mismatch in @param names for function 'transfer'. Expected: [_to, _value], Found: [] [Warning/use-natspec]
/sb/0x663aa8fa46e4ed867a3a8945422031ec2482ce13.sol:76:5: Missing @return tag in function 'transfer' [Warning/use-natspec]
/sb/0x663aa8fa46e4ed867a3a8945422031ec2482ce13.sol:76:5: Mismatch in @return names for function 'transfer'. Expected: [success], Found: [] [Warning/use-natspec]
/sb/0x663aa8fa46e4ed867a3a8945422031ec2482ce13.sol:81:5: Missing @notice tag in function 'transferFrom' [Warning/use-natspec]
/sb/0x663aa8fa46e4ed867a3a8945422031ec2482ce13.sol:81:5: Missing @param tag in function 'transferFrom' [Warning/use-natspec]
/sb/0x663aa8fa46e4ed867a3a8945422031ec2482ce13.sol:81:5: Mismatch in @param names for function 'transferFrom'. Expected: [_from, _to, _value], Found: [] [Warning/use-natspec]
/sb/0x663aa8fa46e4ed867a3a8945422031ec2482ce13.sol:81:5: Missing @return tag in function 'transferFrom' [Warning/use-natspec]
/sb/0x663aa8fa46e4ed867a3a8945422031ec2482ce13.sol:81:5: Mismatch in @return names for function 'transferFrom'. Expected: [success], Found: [] [Warning/use-natspec]
/sb/0x663aa8fa46e4ed867a3a8945422031ec2482ce13.sol:82:9: Provide an error message for require [Warning/reason-string]
/sb/0x663aa8fa46e4ed867a3a8945422031ec2482ce13.sol:82:17: GC: Non strict inequality found. Try converting to a strict one [Warning/gas-strict-inequalities]
/sb/0x663aa8fa46e4ed867a3a8945422031ec2482ce13.sol:88:5: Missing @notice tag in function 'approve' [Warning/use-natspec]
/sb/0x663aa8fa46e4ed867a3a8945422031ec2482ce13.sol:88:5: Missing @param tag in function 'approve' [Warning/use-natspec]
/sb/0x663aa8fa46e4ed867a3a8945422031ec2482ce13.sol:88:5: Mismatch in @param names for function 'approve'. Expected: [_spender, _value], Found: [] [Warning/use-natspec]
/sb/0x663aa8fa46e4ed867a3a8945422031ec2482ce13.sol:88:5: Missing @return tag in function 'approve' [Warning/use-natspec]
/sb/0x663aa8fa46e4ed867a3a8945422031ec2482ce13.sol:88:5: Mismatch in @return names for function 'approve'. Expected: [success], Found: [] [Warning/use-natspec]
/sb/0x663aa8fa46e4ed867a3a8945422031ec2482ce13.sol:94:5: Missing @notice tag in function 'burn' [Warning/use-natspec]
/sb/0x663aa8fa46e4ed867a3a8945422031ec2482ce13.sol:94:5: Missing @param tag in function 'burn' [Warning/use-natspec]
/sb/0x663aa8fa46e4ed867a3a8945422031ec2482ce13.sol:94:5: Mismatch in @param names for function 'burn'. Expected: [_value], Found: [] [Warning/use-natspec]
/sb/0x663aa8fa46e4ed867a3a8945422031ec2482ce13.sol:94:5: Missing @return tag in function 'burn' [Warning/use-natspec]
/sb/0x663aa8fa46e4ed867a3a8945422031ec2482ce13.sol:94:5: Mismatch in @return names for function 'burn'. Expected: [success], Found: [] [Warning/use-natspec]
/sb/0x663aa8fa46e4ed867a3a8945422031ec2482ce13.sol:94:45: Visibility modifier must be first in list of modifiers [Warning/visibility-modifier-order]
/sb/0x663aa8fa46e4ed867a3a8945422031ec2482ce13.sol:95:9: Provide an error message for require [Warning/reason-string]
/sb/0x663aa8fa46e4ed867a3a8945422031ec2482ce13.sol:95:17: GC: Non strict inequality found. Try converting to a strict one [Warning/gas-strict-inequalities]
/sb/0x663aa8fa46e4ed867a3a8945422031ec2482ce13.sol:102:5: Missing @notice tag in function 'burnFrom' [Warning/use-natspec]
/sb/0x663aa8fa46e4ed867a3a8945422031ec2482ce13.sol:102:5: Missing @param tag in function 'burnFrom' [Warning/use-natspec]
/sb/0x663aa8fa46e4ed867a3a8945422031ec2482ce13.sol:102:5: Mismatch in @param names for function 'burnFrom'. Expected: [_from, _value], Found: [] [Warning/use-natspec]
/sb/0x663aa8fa46e4ed867a3a8945422031ec2482ce13.sol:102:5: Missing @return tag in function 'burnFrom' [Warning/use-natspec]
/sb/0x663aa8fa46e4ed867a3a8945422031ec2482ce13.sol:102:5: Mismatch in @return names for function 'burnFrom'. Expected: [success], Found: [] [Warning/use-natspec]
/sb/0x663aa8fa46e4ed867a3a8945422031ec2482ce13.sol:102:64: Visibility modifier must be first in list of modifiers [Warning/visibility-modifier-order]
/sb/0x663aa8fa46e4ed867a3a8945422031ec2482ce13.sol:103:9: Provide an error message for require [Warning/reason-string]
/sb/0x663aa8fa46e4ed867a3a8945422031ec2482ce13.sol:103:17: GC: Non strict inequality found. Try converting to a strict one [Warning/gas-strict-inequalities]
/sb/0x663aa8fa46e4ed867a3a8945422031ec2482ce13.sol:104:9: Provide an error message for require [Warning/reason-string]
/sb/0x663aa8fa46e4ed867a3a8945422031ec2482ce13.sol:104:17: GC: Non strict inequality found. Try converting to a strict one [Warning/gas-strict-inequalities]
/sb/0x663aa8fa46e4ed867a3a8945422031ec2482ce13.sol:112:5: Missing @notice tag in function 'mintToken' [Warning/use-natspec]
/sb/0x663aa8fa46e4ed867a3a8945422031ec2482ce13.sol:112:5: Missing @param tag in function 'mintToken' [Warning/use-natspec]
/sb/0x663aa8fa46e4ed867a3a8945422031ec2482ce13.sol:112:5: Mismatch in @param names for function 'mintToken'. Expected: [target, mintedAmount], Found: [] [Warning/use-natspec]
/sb/0x663aa8fa46e4ed867a3a8945422031ec2482ce13.sol:112:72: Visibility modifier must be first in list of modifiers [Warning/visibility-modifier-order]
/sb/0x663aa8fa46e4ed867a3a8945422031ec2482ce13.sol:119:5: Missing @notice tag in function 'freezeAccount' [Warning/use-natspec]
/sb/0x663aa8fa46e4ed867a3a8945422031ec2482ce13.sol:119:5: Missing @param tag in function 'freezeAccount' [Warning/use-natspec]
/sb/0x663aa8fa46e4ed867a3a8945422031ec2482ce13.sol:119:5: Mismatch in @param names for function 'freezeAccount'. Expected: [target, freeze], Found: [] [Warning/use-natspec]
/sb/0x663aa8fa46e4ed867a3a8945422031ec2482ce13.sol:119:67: Visibility modifier must be first in list of modifiers [Warning/visibility-modifier-order]
/sb/0x663aa8fa46e4ed867a3a8945422031ec2482ce13.sol:124:5: Missing @notice tag in function 'transferBatch' [Warning/use-natspec]
/sb/0x663aa8fa46e4ed867a3a8945422031ec2482ce13.sol:124:5: Missing @param tag in function 'transferBatch' [Warning/use-natspec]
/sb/0x663aa8fa46e4ed867a3a8945422031ec2482ce13.sol:124:5: Mismatch in @param names for function 'transferBatch'. Expected: [_to, _value], Found: [] [Warning/use-natspec]
/sb/0x663aa8fa46e4ed867a3a8945422031ec2482ce13.sol:124:5: Missing @return tag in function 'transferBatch' [Warning/use-natspec]
/sb/0x663aa8fa46e4ed867a3a8945422031ec2482ce13.sol:124:5: Mismatch in @return names for function 'transferBatch'. Expected: [success], Found: [] [Warning/use-natspec]
/sb/0x663aa8fa46e4ed867a3a8945422031ec2482ce13.sol:125:14: Rule is set with explicit type [var/s: uint] [Warning/explicit-types]
/sb/0x663aa8fa46e4ed867a3a8945422031ec2482ce13.sol:125:38: GC: For [ i ] variable, increment/decrement by 1 using: [ ++variable ] to save gas [Warning/gas-increment-by-one]

106 problem/s (1 error/s, 105 warning/s)
