A new version of Solhint is available: 6.0.1
Please consider updating your Solhint package.
/sb/0xd64b1bf6fcab5add75041c89f61816c2b3d5e711.sol:1:1: Found more than One contract per file. 3 contracts found! [Warning/one-contract-per-file]
/sb/0xd64b1bf6fcab5add75041c89f61816c2b3d5e711.sol:1:1: Compiler version 0.4.25 does not satisfy the ^0.8.24 semver requirement [Error/compiler-version]
/sb/0xd64b1bf6fcab5add75041c89f61816c2b3d5e711.sol:8:1: Missing @author tag in contract 'SafeMath' [Warning/use-natspec]
/sb/0xd64b1bf6fcab5add75041c89f61816c2b3d5e711.sol:8:1: Missing @notice tag in contract 'SafeMath' [Warning/use-natspec]
/sb/0xd64b1bf6fcab5add75041c89f61816c2b3d5e711.sol:13:3: Missing @notice tag in function 'mul' [Warning/use-natspec]
/sb/0xd64b1bf6fcab5add75041c89f61816c2b3d5e711.sol:13:3: Missing @param tag in function 'mul' [Warning/use-natspec]
/sb/0xd64b1bf6fcab5add75041c89f61816c2b3d5e711.sol:13:3: Mismatch in @param names for function 'mul'. Expected: [a, b], Found: [] [Warning/use-natspec]
/sb/0xd64b1bf6fcab5add75041c89f61816c2b3d5e711.sol:13:3: Missing @return tag in function 'mul' [Warning/use-natspec]
/sb/0xd64b1bf6fcab5add75041c89f61816c2b3d5e711.sol:13:3: Mismatch in @return count for function 'mul'. Expected: 1, Found: 0 [Warning/use-natspec]
/sb/0xd64b1bf6fcab5add75041c89f61816c2b3d5e711.sol:22:5: Provide an error message for require [Warning/reason-string]
/sb/0xd64b1bf6fcab5add75041c89f61816c2b3d5e711.sol:30:3: Missing @notice tag in function 'div' [Warning/use-natspec]
/sb/0xd64b1bf6fcab5add75041c89f61816c2b3d5e711.sol:30:3: Missing @param tag in function 'div' [Warning/use-natspec]
/sb/0xd64b1bf6fcab5add75041c89f61816c2b3d5e711.sol:30:3: Mismatch in @param names for function 'div'. Expected: [a, b], Found: [] [Warning/use-natspec]
/sb/0xd64b1bf6fcab5add75041c89f61816c2b3d5e711.sol:30:3: Missing @return tag in function 'div' [Warning/use-natspec]
/sb/0xd64b1bf6fcab5add75041c89f61816c2b3d5e711.sol:30:3: Mismatch in @return count for function 'div'. Expected: 1, Found: 0 [Warning/use-natspec]
/sb/0xd64b1bf6fcab5add75041c89f61816c2b3d5e711.sol:31:5: Provide an error message for require [Warning/reason-string]
/sb/0xd64b1bf6fcab5add75041c89f61816c2b3d5e711.sol:41:3: Missing @notice tag in function 'sub' [Warning/use-natspec]
/sb/0xd64b1bf6fcab5add75041c89f61816c2b3d5e711.sol:41:3: Missing @param tag in function 'sub' [Warning/use-natspec]
/sb/0xd64b1bf6fcab5add75041c89f61816c2b3d5e711.sol:41:3: Mismatch in @param names for function 'sub'. Expected: [a, b], Found: [] [Warning/use-natspec]
/sb/0xd64b1bf6fcab5add75041c89f61816c2b3d5e711.sol:41:3: Missing @return tag in function 'sub' [Warning/use-natspec]
/sb/0xd64b1bf6fcab5add75041c89f61816c2b3d5e711.sol:41:3: Mismatch in @return count for function 'sub'. Expected: 1, Found: 0 [Warning/use-natspec]
/sb/0xd64b1bf6fcab5add75041c89f61816c2b3d5e711.sol:42:5: Provide an error message for require [Warning/reason-string]
/sb/0xd64b1bf6fcab5add75041c89f61816c2b3d5e711.sol:42:13: GC: Non strict inequality found. Try converting to a strict one [Warning/gas-strict-inequalities]
/sb/0xd64b1bf6fcab5add75041c89f61816c2b3d5e711.sol:51:3: Missing @notice tag in function 'add' [Warning/use-natspec]
/sb/0xd64b1bf6fcab5add75041c89f61816c2b3d5e711.sol:51:3: Missing @param tag in function 'add' [Warning/use-natspec]
/sb/0xd64b1bf6fcab5add75041c89f61816c2b3d5e711.sol:51:3: Mismatch in @param names for function 'add'. Expected: [a, b], Found: [] [Warning/use-natspec]
/sb/0xd64b1bf6fcab5add75041c89f61816c2b3d5e711.sol:51:3: Missing @return tag in function 'add' [Warning/use-natspec]
/sb/0xd64b1bf6fcab5add75041c89f61816c2b3d5e711.sol:51:3: Mismatch in @return count for function 'add'. Expected: 1, Found: 0 [Warning/use-natspec]
/sb/0xd64b1bf6fcab5add75041c89f61816c2b3d5e711.sol:53:5: Provide an error message for require [Warning/reason-string]
/sb/0xd64b1bf6fcab5add75041c89f61816c2b3d5e711.sol:53:13: GC: Non strict inequality found. Try converting to a strict one [Warning/gas-strict-inequalities]
/sb/0xd64b1bf6fcab5add75041c89f61816c2b3d5e711.sol:62:3: Missing @notice tag in function 'mod' [Warning/use-natspec]
/sb/0xd64b1bf6fcab5add75041c89f61816c2b3d5e711.sol:62:3: Missing @param tag in function 'mod' [Warning/use-natspec]
/sb/0xd64b1bf6fcab5add75041c89f61816c2b3d5e711.sol:62:3: Mismatch in @param names for function 'mod'. Expected: [a, b], Found: [] [Warning/use-natspec]
/sb/0xd64b1bf6fcab5add75041c89f61816c2b3d5e711.sol:62:3: Missing @return tag in function 'mod' [Warning/use-natspec]
/sb/0xd64b1bf6fcab5add75041c89f61816c2b3d5e711.sol:62:3: Mismatch in @return count for function 'mod'. Expected: 1, Found: 0 [Warning/use-natspec]
/sb/0xd64b1bf6fcab5add75041c89f61816c2b3d5e711.sol:63:5: Provide an error message for require [Warning/reason-string]
/sb/0xd64b1bf6fcab5add75041c89f61816c2b3d5e711.sol:72:1: Missing @title tag in contract 'Address' [Warning/use-natspec]
/sb/0xd64b1bf6fcab5add75041c89f61816c2b3d5e711.sol:72:1: Missing @author tag in contract 'Address' [Warning/use-natspec]
/sb/0xd64b1bf6fcab5add75041c89f61816c2b3d5e711.sol:72:1: Missing @notice tag in contract 'Address' [Warning/use-natspec]
/sb/0xd64b1bf6fcab5add75041c89f61816c2b3d5e711.sol:81:3: Missing @notice tag in function 'isContract' [Warning/use-natspec]
/sb/0xd64b1bf6fcab5add75041c89f61816c2b3d5e711.sol:90:5: Avoid to use inline assembly. It is acceptable only in rare cases [Warning/no-inline-assembly]
/sb/0xd64b1bf6fcab5add75041c89f61816c2b3d5e711.sol:97:1: Missing @title tag in contract 'IOrbsGuardians' [Warning/use-natspec]
/sb/0xd64b1bf6fcab5add75041c89f61816c2b3d5e711.sol:97:1: Missing @author tag in contract 'IOrbsGuardians' [Warning/use-natspec]
/sb/0xd64b1bf6fcab5add75041c89f61816c2b3d5e711.sol:97:1: Missing @notice tag in contract 'IOrbsGuardians' [Warning/use-natspec]
/sb/0xd64b1bf6fcab5add75041c89f61816c2b3d5e711.sol:99:5: Missing @notice tag in event 'GuardianRegistered' [Warning/use-natspec]
/sb/0xd64b1bf6fcab5add75041c89f61816c2b3d5e711.sol:99:5: Missing @param tag in event 'GuardianRegistered' [Warning/use-natspec]
/sb/0xd64b1bf6fcab5add75041c89f61816c2b3d5e711.sol:99:5: Mismatch in @param names for event 'GuardianRegistered'. Expected: [guardian], Found: [] [Warning/use-natspec]
/sb/0xd64b1bf6fcab5add75041c89f61816c2b3d5e711.sol:100:5: Missing @notice tag in event 'GuardianLeft' [Warning/use-natspec]
/sb/0xd64b1bf6fcab5add75041c89f61816c2b3d5e711.sol:100:5: Missing @param tag in event 'GuardianLeft' [Warning/use-natspec]
/sb/0xd64b1bf6fcab5add75041c89f61816c2b3d5e711.sol:100:5: Mismatch in @param names for event 'GuardianLeft'. Expected: [guardian], Found: [] [Warning/use-natspec]
/sb/0xd64b1bf6fcab5add75041c89f61816c2b3d5e711.sol:101:5: Missing @notice tag in event 'GuardianUpdated' [Warning/use-natspec]
/sb/0xd64b1bf6fcab5add75041c89f61816c2b3d5e711.sol:101:5: Missing @param tag in event 'GuardianUpdated' [Warning/use-natspec]
/sb/0xd64b1bf6fcab5add75041c89f61816c2b3d5e711.sol:101:5: Mismatch in @param names for event 'GuardianUpdated'. Expected: [guardian], Found: [] [Warning/use-natspec]
/sb/0xd64b1bf6fcab5add75041c89f61816c2b3d5e711.sol:106:5: Missing @notice tag in function 'register' [Warning/use-natspec]
/sb/0xd64b1bf6fcab5add75041c89f61816c2b3d5e711.sol:111:5: Missing @notice tag in function 'update' [Warning/use-natspec]
/sb/0xd64b1bf6fcab5add75041c89f61816c2b3d5e711.sol:114:5: Missing @notice tag in function 'leave' [Warning/use-natspec]
/sb/0xd64b1bf6fcab5add75041c89f61816c2b3d5e711.sol:118:5: Missing @notice tag in function 'isGuardian' [Warning/use-natspec]
/sb/0xd64b1bf6fcab5add75041c89f61816c2b3d5e711.sol:118:5: Missing @return tag in function 'isGuardian' [Warning/use-natspec]
/sb/0xd64b1bf6fcab5add75041c89f61816c2b3d5e711.sol:118:5: Mismatch in @return count for function 'isGuardian'. Expected: 1, Found: 0 [Warning/use-natspec]
/sb/0xd64b1bf6fcab5add75041c89f61816c2b3d5e711.sol:122:5: Missing @notice tag in function 'getGuardianData' [Warning/use-natspec]
/sb/0xd64b1bf6fcab5add75041c89f61816c2b3d5e711.sol:122:5: Missing @return tag in function 'getGuardianData' [Warning/use-natspec]
/sb/0xd64b1bf6fcab5add75041c89f61816c2b3d5e711.sol:122:5: Mismatch in @return names for function 'getGuardianData'. Expected: [name, website], Found: [] [Warning/use-natspec]
/sb/0xd64b1bf6fcab5add75041c89f61816c2b3d5e711.sol:129:5: Missing @notice tag in function 'getRegistrationBlockNumber' [Warning/use-natspec]
/sb/0xd64b1bf6fcab5add75041c89f61816c2b3d5e711.sol:129:5: Missing @return tag in function 'getRegistrationBlockNumber' [Warning/use-natspec]
/sb/0xd64b1bf6fcab5add75041c89f61816c2b3d5e711.sol:129:5: Mismatch in @return names for function 'getRegistrationBlockNumber'. Expected: [registeredOn, lastUpdatedOn], Found: [] [Warning/use-natspec]
/sb/0xd64b1bf6fcab5add75041c89f61816c2b3d5e711.sol:132:18: Rule is set with explicit type [var/s: uint] [Warning/explicit-types]
/sb/0xd64b1bf6fcab5add75041c89f61816c2b3d5e711.sol:132:37: Rule is set with explicit type [var/s: uint] [Warning/explicit-types]
/sb/0xd64b1bf6fcab5add75041c89f61816c2b3d5e711.sol:137:5: Missing @notice tag in function 'getGuardians' [Warning/use-natspec]
/sb/0xd64b1bf6fcab5add75041c89f61816c2b3d5e711.sol:137:5: Missing @return tag in function 'getGuardians' [Warning/use-natspec]
/sb/0xd64b1bf6fcab5add75041c89f61816c2b3d5e711.sol:137:5: Mismatch in @return count for function 'getGuardians'. Expected: 1, Found: 0 [Warning/use-natspec]
/sb/0xd64b1bf6fcab5add75041c89f61816c2b3d5e711.sol:137:27: Rule is set with explicit type [var/s: uint] [Warning/explicit-types]
/sb/0xd64b1bf6fcab5add75041c89f61816c2b3d5e711.sol:137:40: Rule is set with explicit type [var/s: uint] [Warning/explicit-types]
/sb/0xd64b1bf6fcab5add75041c89f61816c2b3d5e711.sol:145:5: Missing @notice tag in function 'getGuardiansBytes20' [Warning/use-natspec]
/sb/0xd64b1bf6fcab5add75041c89f61816c2b3d5e711.sol:145:5: Missing @return tag in function 'getGuardiansBytes20' [Warning/use-natspec]
/sb/0xd64b1bf6fcab5add75041c89f61816c2b3d5e711.sol:145:5: Mismatch in @return count for function 'getGuardiansBytes20'. Expected: 1, Found: 0 [Warning/use-natspec]
/sb/0xd64b1bf6fcab5add75041c89f61816c2b3d5e711.sol:145:34: Rule is set with explicit type [var/s: uint] [Warning/explicit-types]
/sb/0xd64b1bf6fcab5add75041c89f61816c2b3d5e711.sol:145:47: Rule is set with explicit type [var/s: uint] [Warning/explicit-types]
/sb/0xd64b1bf6fcab5add75041c89f61816c2b3d5e711.sol:152:1: Missing @title tag in contract 'OrbsGuardians' [Warning/use-natspec]
/sb/0xd64b1bf6fcab5add75041c89f61816c2b3d5e711.sol:152:1: Missing @author tag in contract 'OrbsGuardians' [Warning/use-natspec]
/sb/0xd64b1bf6fcab5add75041c89f61816c2b3d5e711.sol:152:1: Missing @notice tag in contract 'OrbsGuardians' [Warning/use-natspec]
/sb/0xd64b1bf6fcab5add75041c89f61816c2b3d5e711.sol:158:9: Rule is set with explicit type [var/s: uint] [Warning/explicit-types]
/sb/0xd64b1bf6fcab5add75041c89f61816c2b3d5e711.sol:159:9: Rule is set with explicit type [var/s: uint] [Warning/explicit-types]
/sb/0xd64b1bf6fcab5add75041c89f61816c2b3d5e711.sol:160:9: Rule is set with explicit type [var/s: uint] [Warning/explicit-types]
/sb/0xd64b1bf6fcab5add75041c89f61816c2b3d5e711.sol:161:9: Rule is set with explicit type [var/s: uint] [Warning/explicit-types]
/sb/0xd64b1bf6fcab5add75041c89f61816c2b3d5e711.sol:165:5: Rule is set with explicit type [var/s: uint] [Warning/explicit-types]
/sb/0xd64b1bf6fcab5add75041c89f61816c2b3d5e711.sol:165:5: Missing @notice tag in variable 'VERSION' [Warning/use-natspec]
/sb/0xd64b1bf6fcab5add75041c89f61816c2b3d5e711.sol:168:5: Rule is set with explicit type [var/s: uint] [Warning/explicit-types]
/sb/0xd64b1bf6fcab5add75041c89f61816c2b3d5e711.sol:168:5: Missing @notice tag in variable 'registrationDepositWei' [Warning/use-natspec]
/sb/0xd64b1bf6fcab5add75041c89f61816c2b3d5e711.sol:170:5: Rule is set with explicit type [var/s: uint] [Warning/explicit-types]
/sb/0xd64b1bf6fcab5add75041c89f61816c2b3d5e711.sol:170:5: Missing @notice tag in variable 'registrationMinTime' [Warning/use-natspec]
/sb/0xd64b1bf6fcab5add75041c89f61816c2b3d5e711.sol:180:9: Error message for require is too long: 33 counted / 32 allowed [Warning/reason-string]
/sb/0xd64b1bf6fcab5add75041c89f61816c2b3d5e711.sol:180:9: GC: String exceeds 32 bytes [Warning/gas-small-strings]
/sb/0xd64b1bf6fcab5add75041c89f61816c2b3d5e711.sol:186:9: Error message for require is too long: 33 counted / 32 allowed [Warning/reason-string]
/sb/0xd64b1bf6fcab5add75041c89f61816c2b3d5e711.sol:186:9: GC: String exceeds 32 bytes [Warning/gas-small-strings]
/sb/0xd64b1bf6fcab5add75041c89f61816c2b3d5e711.sol:193:5: Missing @notice tag in function '<anonymous>' [Warning/use-natspec]
/sb/0xd64b1bf6fcab5add75041c89f61816c2b3d5e711.sol:193:17: Rule is set with explicit type [var/s: uint] [Warning/explicit-types]
/sb/0xd64b1bf6fcab5add75041c89f61816c2b3d5e711.sol:193:47: Rule is set with explicit type [var/s: uint] [Warning/explicit-types]
/sb/0xd64b1bf6fcab5add75041c89f61816c2b3d5e711.sol:194:9: Error message for require is too long: 40 counted / 32 allowed [Warning/reason-string]
/sb/0xd64b1bf6fcab5add75041c89f61816c2b3d5e711.sol:194:9: GC: String exceeds 32 bytes [Warning/gas-small-strings]
/sb/0xd64b1bf6fcab5add75041c89f61816c2b3d5e711.sol:203:5: Missing @notice tag in function 'register' [Warning/use-natspec]
/sb/0xd64b1bf6fcab5add75041c89f61816c2b3d5e711.sol:212:9: Error message for require is too long: 45 counted / 32 allowed [Warning/reason-string]
/sb/0xd64b1bf6fcab5add75041c89f61816c2b3d5e711.sol:212:9: GC: String exceeds 32 bytes [Warning/gas-small-strings]
/sb/0xd64b1bf6fcab5add75041c89f61816c2b3d5e711.sol:214:9: Rule is set with explicit type [var/s: uint] [Warning/explicit-types]
/sb/0xd64b1bf6fcab5add75041c89f61816c2b3d5e711.sol:231:5: Missing @notice tag in function 'update' [Warning/use-natspec]
/sb/0xd64b1bf6fcab5add75041c89f61816c2b3d5e711.sol:249:5: Missing @notice tag in function 'leave' [Warning/use-natspec]
/sb/0xd64b1bf6fcab5add75041c89f61816c2b3d5e711.sol:251:17: GC: Non strict inequality found. Try converting to a strict one [Warning/gas-strict-inequalities]
/sb/0xd64b1bf6fcab5add75041c89f61816c2b3d5e711.sol:253:9: Rule is set with explicit type [var/s: uint] [Warning/explicit-types]
/sb/0xd64b1bf6fcab5add75041c89f61816c2b3d5e711.sol:260:9: GC: For [ guardians ] variable, increment/decrement by 1 using: [ ++variable ] to save gas [Warning/gas-increment-by-one]
/sb/0xd64b1bf6fcab5add75041c89f61816c2b3d5e711.sol:274:5: Missing @notice tag in function 'getGuardiansBytes20' [Warning/use-natspec]
/sb/0xd64b1bf6fcab5add75041c89f61816c2b3d5e711.sol:274:5: Missing @return tag in function 'getGuardiansBytes20' [Warning/use-natspec]
/sb/0xd64b1bf6fcab5add75041c89f61816c2b3d5e711.sol:274:5: Mismatch in @return count for function 'getGuardiansBytes20'. Expected: 1, Found: 0 [Warning/use-natspec]
/sb/0xd64b1bf6fcab5add75041c89f61816c2b3d5e711.sol:274:34: Rule is set with explicit type [var/s: uint] [Warning/explicit-types]
/sb/0xd64b1bf6fcab5add75041c89f61816c2b3d5e711.sol:274:47: Rule is set with explicit type [var/s: uint] [Warning/explicit-types]
/sb/0xd64b1bf6fcab5add75041c89f61816c2b3d5e711.sol:280:9: Rule is set with explicit type [var/s: uint] [Warning/explicit-types]
/sb/0xd64b1bf6fcab5add75041c89f61816c2b3d5e711.sol:284:14: Rule is set with explicit type [var/s: uint] [Warning/explicit-types]
/sb/0xd64b1bf6fcab5add75041c89f61816c2b3d5e711.sol:284:55: GC: For [ i ] variable, increment/decrement by 1 using: [ ++variable ] to save gas [Warning/gas-increment-by-one]
/sb/0xd64b1bf6fcab5add75041c89f61816c2b3d5e711.sol:293:5: Missing @notice tag in function 'getRegistrationBlockNumber' [Warning/use-natspec]
/sb/0xd64b1bf6fcab5add75041c89f61816c2b3d5e711.sol:293:5: Missing @return tag in function 'getRegistrationBlockNumber' [Warning/use-natspec]
/sb/0xd64b1bf6fcab5add75041c89f61816c2b3d5e711.sol:293:5: Mismatch in @return names for function 'getRegistrationBlockNumber'. Expected: [registeredOn, lastUpdatedOn], Found: [] [Warning/use-natspec]
/sb/0xd64b1bf6fcab5add75041c89f61816c2b3d5e711.sol:296:18: Rule is set with explicit type [var/s: uint] [Warning/explicit-types]
/sb/0xd64b1bf6fcab5add75041c89f61816c2b3d5e711.sol:296:37: Rule is set with explicit type [var/s: uint] [Warning/explicit-types]
/sb/0xd64b1bf6fcab5add75041c89f61816c2b3d5e711.sol:308:5: Missing @notice tag in function 'getGuardians' [Warning/use-natspec]
/sb/0xd64b1bf6fcab5add75041c89f61816c2b3d5e711.sol:308:5: Missing @return tag in function 'getGuardians' [Warning/use-natspec]
/sb/0xd64b1bf6fcab5add75041c89f61816c2b3d5e711.sol:308:5: Mismatch in @return count for function 'getGuardians'. Expected: 1, Found: 0 [Warning/use-natspec]
/sb/0xd64b1bf6fcab5add75041c89f61816c2b3d5e711.sol:308:27: Rule is set with explicit type [var/s: uint] [Warning/explicit-types]
/sb/0xd64b1bf6fcab5add75041c89f61816c2b3d5e711.sol:308:40: Rule is set with explicit type [var/s: uint] [Warning/explicit-types]
/sb/0xd64b1bf6fcab5add75041c89f61816c2b3d5e711.sol:313:13: GC: Non strict inequality found. Try converting to a strict one [Warning/gas-strict-inequalities]
/sb/0xd64b1bf6fcab5add75041c89f61816c2b3d5e711.sol:323:9: Rule is set with explicit type [var/s: uint] [Warning/explicit-types]
/sb/0xd64b1bf6fcab5add75041c89f61816c2b3d5e711.sol:324:14: Rule is set with explicit type [var/s: uint] [Warning/explicit-types]
/sb/0xd64b1bf6fcab5add75041c89f61816c2b3d5e711.sol:324:44: GC: For [ i ] variable, increment/decrement by 1 using: [ ++variable ] to save gas [Warning/gas-increment-by-one]
/sb/0xd64b1bf6fcab5add75041c89f61816c2b3d5e711.sol:333:5: Missing @notice tag in function 'getGuardianData' [Warning/use-natspec]
/sb/0xd64b1bf6fcab5add75041c89f61816c2b3d5e711.sol:333:5: Missing @return tag in function 'getGuardianData' [Warning/use-natspec]
/sb/0xd64b1bf6fcab5add75041c89f61816c2b3d5e711.sol:333:5: Mismatch in @return names for function 'getGuardianData'. Expected: [name, website], Found: [] [Warning/use-natspec]
/sb/0xd64b1bf6fcab5add75041c89f61816c2b3d5e711.sol:345:5: Missing @notice tag in function 'isGuardian' [Warning/use-natspec]
/sb/0xd64b1bf6fcab5add75041c89f61816c2b3d5e711.sol:345:5: Missing @return tag in function 'isGuardian' [Warning/use-natspec]
/sb/0xd64b1bf6fcab5add75041c89f61816c2b3d5e711.sol:345:5: Mismatch in @return count for function 'isGuardian'. Expected: 1, Found: 0 [Warning/use-natspec]

136 problem/s (1 error/s, 135 warning/s)
