A new version of Solhint is available: 6.0.1
Please consider updating your Solhint package.
/sb/0x7d50adaccb0dcc5a7b774426b1892b20a971ba62.sol:1:1: Found more than One contract per file. 5 contracts found! [Warning/one-contract-per-file]
/sb/0x7d50adaccb0dcc5a7b774426b1892b20a971ba62.sol:1:1: Compiler version ^0.4.12 does not satisfy the ^0.8.24 semver requirement [Error/compiler-version]
/sb/0x7d50adaccb0dcc5a7b774426b1892b20a971ba62.sol:3:1: Missing @title tag in contract 'IMigrationContract' [Warning/use-natspec]
/sb/0x7d50adaccb0dcc5a7b774426b1892b20a971ba62.sol:3:1: Missing @author tag in contract 'IMigrationContract' [Warning/use-natspec]
/sb/0x7d50adaccb0dcc5a7b774426b1892b20a971ba62.sol:3:1: Missing @notice tag in contract 'IMigrationContract' [Warning/use-natspec]
/sb/0x7d50adaccb0dcc5a7b774426b1892b20a971ba62.sol:4:5: Missing @notice tag in function 'migrate' [Warning/use-natspec]
/sb/0x7d50adaccb0dcc5a7b774426b1892b20a971ba62.sol:4:5: Missing @param tag in function 'migrate' [Warning/use-natspec]
/sb/0x7d50adaccb0dcc5a7b774426b1892b20a971ba62.sol:4:5: Mismatch in @param names for function 'migrate'. Expected: [addr, nas], Found: [] [Warning/use-natspec]
/sb/0x7d50adaccb0dcc5a7b774426b1892b20a971ba62.sol:4:5: Missing @return tag in function 'migrate' [Warning/use-natspec]
/sb/0x7d50adaccb0dcc5a7b774426b1892b20a971ba62.sol:4:5: Mismatch in @return names for function 'migrate'. Expected: [success], Found: [] [Warning/use-natspec]
/sb/0x7d50adaccb0dcc5a7b774426b1892b20a971ba62.sol:4:5: Explicitly mark visibility in function [Warning/func-visibility]
/sb/0x7d50adaccb0dcc5a7b774426b1892b20a971ba62.sol:8:1: Missing @title tag in contract 'SafeMath' [Warning/use-natspec]
/sb/0x7d50adaccb0dcc5a7b774426b1892b20a971ba62.sol:8:1: Missing @author tag in contract 'SafeMath' [Warning/use-natspec]
/sb/0x7d50adaccb0dcc5a7b774426b1892b20a971ba62.sol:8:1: Missing @notice tag in contract 'SafeMath' [Warning/use-natspec]
/sb/0x7d50adaccb0dcc5a7b774426b1892b20a971ba62.sol:11:5: Missing @notice tag in function 'safeAdd' [Warning/use-natspec]
/sb/0x7d50adaccb0dcc5a7b774426b1892b20a971ba62.sol:11:5: Missing @param tag in function 'safeAdd' [Warning/use-natspec]
/sb/0x7d50adaccb0dcc5a7b774426b1892b20a971ba62.sol:11:5: Mismatch in @param names for function 'safeAdd'. Expected: [x, y], Found: [] [Warning/use-natspec]
/sb/0x7d50adaccb0dcc5a7b774426b1892b20a971ba62.sol:11:5: Missing @return tag in function 'safeAdd' [Warning/use-natspec]
/sb/0x7d50adaccb0dcc5a7b774426b1892b20a971ba62.sol:11:5: Mismatch in @return count for function 'safeAdd'. Expected: 1, Found: 0 [Warning/use-natspec]
/sb/0x7d50adaccb0dcc5a7b774426b1892b20a971ba62.sol:13:17: GC: Non strict inequality found. Try converting to a strict one [Warning/gas-strict-inequalities]
/sb/0x7d50adaccb0dcc5a7b774426b1892b20a971ba62.sol:13:29: GC: Non strict inequality found. Try converting to a strict one [Warning/gas-strict-inequalities]
/sb/0x7d50adaccb0dcc5a7b774426b1892b20a971ba62.sol:17:5: Missing @notice tag in function 'safeSubtract' [Warning/use-natspec]
/sb/0x7d50adaccb0dcc5a7b774426b1892b20a971ba62.sol:17:5: Missing @param tag in function 'safeSubtract' [Warning/use-natspec]
/sb/0x7d50adaccb0dcc5a7b774426b1892b20a971ba62.sol:17:5: Mismatch in @param names for function 'safeSubtract'. Expected: [x, y], Found: [] [Warning/use-natspec]
/sb/0x7d50adaccb0dcc5a7b774426b1892b20a971ba62.sol:17:5: Missing @return tag in function 'safeSubtract' [Warning/use-natspec]
/sb/0x7d50adaccb0dcc5a7b774426b1892b20a971ba62.sol:17:5: Mismatch in @return count for function 'safeSubtract'. Expected: 1, Found: 0 [Warning/use-natspec]
/sb/0x7d50adaccb0dcc5a7b774426b1892b20a971ba62.sol:18:16: GC: Non strict inequality found. Try converting to a strict one [Warning/gas-strict-inequalities]
/sb/0x7d50adaccb0dcc5a7b774426b1892b20a971ba62.sol:23:5: Missing @notice tag in function 'safeMult' [Warning/use-natspec]
/sb/0x7d50adaccb0dcc5a7b774426b1892b20a971ba62.sol:23:5: Missing @param tag in function 'safeMult' [Warning/use-natspec]
/sb/0x7d50adaccb0dcc5a7b774426b1892b20a971ba62.sol:23:5: Mismatch in @param names for function 'safeMult'. Expected: [x, y], Found: [] [Warning/use-natspec]
/sb/0x7d50adaccb0dcc5a7b774426b1892b20a971ba62.sol:23:5: Missing @return tag in function 'safeMult' [Warning/use-natspec]
/sb/0x7d50adaccb0dcc5a7b774426b1892b20a971ba62.sol:23:5: Mismatch in @return count for function 'safeMult'. Expected: 1, Found: 0 [Warning/use-natspec]
/sb/0x7d50adaccb0dcc5a7b774426b1892b20a971ba62.sol:31:1: Missing @title tag in contract 'Token' [Warning/use-natspec]
/sb/0x7d50adaccb0dcc5a7b774426b1892b20a971ba62.sol:31:1: Missing @author tag in contract 'Token' [Warning/use-natspec]
/sb/0x7d50adaccb0dcc5a7b774426b1892b20a971ba62.sol:31:1: Missing @notice tag in contract 'Token' [Warning/use-natspec]
/sb/0x7d50adaccb0dcc5a7b774426b1892b20a971ba62.sol:32:5: Missing @notice tag in variable 'totalSupply' [Warning/use-natspec]
/sb/0x7d50adaccb0dcc5a7b774426b1892b20a971ba62.sol:33:5: Missing @notice tag in function 'balanceOf' [Warning/use-natspec]
/sb/0x7d50adaccb0dcc5a7b774426b1892b20a971ba62.sol:33:5: Missing @param tag in function 'balanceOf' [Warning/use-natspec]
/sb/0x7d50adaccb0dcc5a7b774426b1892b20a971ba62.sol:33:5: Mismatch in @param names for function 'balanceOf'. Expected: [_owner], Found: [] [Warning/use-natspec]
/sb/0x7d50adaccb0dcc5a7b774426b1892b20a971ba62.sol:33:5: Missing @return tag in function 'balanceOf' [Warning/use-natspec]
/sb/0x7d50adaccb0dcc5a7b774426b1892b20a971ba62.sol:33:5: Mismatch in @return names for function 'balanceOf'. Expected: [balance], Found: [] [Warning/use-natspec]
/sb/0x7d50adaccb0dcc5a7b774426b1892b20a971ba62.sol:33:5: Explicitly mark visibility in function [Warning/func-visibility]
/sb/0x7d50adaccb0dcc5a7b774426b1892b20a971ba62.sol:34:5: Missing @notice tag in function 'transfer' [Warning/use-natspec]
/sb/0x7d50adaccb0dcc5a7b774426b1892b20a971ba62.sol:34:5: Missing @param tag in function 'transfer' [Warning/use-natspec]
/sb/0x7d50adaccb0dcc5a7b774426b1892b20a971ba62.sol:34:5: Mismatch in @param names for function 'transfer'. Expected: [_to, _value], Found: [] [Warning/use-natspec]
/sb/0x7d50adaccb0dcc5a7b774426b1892b20a971ba62.sol:34:5: Missing @return tag in function 'transfer' [Warning/use-natspec]
/sb/0x7d50adaccb0dcc5a7b774426b1892b20a971ba62.sol:34:5: Mismatch in @return names for function 'transfer'. Expected: [success], Found: [] [Warning/use-natspec]
/sb/0x7d50adaccb0dcc5a7b774426b1892b20a971ba62.sol:34:5: Explicitly mark visibility in function [Warning/func-visibility]
/sb/0x7d50adaccb0dcc5a7b774426b1892b20a971ba62.sol:35:5: Missing @notice tag in function 'transferFrom' [Warning/use-natspec]
/sb/0x7d50adaccb0dcc5a7b774426b1892b20a971ba62.sol:35:5: Missing @param tag in function 'transferFrom' [Warning/use-natspec]
/sb/0x7d50adaccb0dcc5a7b774426b1892b20a971ba62.sol:35:5: Mismatch in @param names for function 'transferFrom'. Expected: [_from, _to, _value], Found: [] [Warning/use-natspec]
/sb/0x7d50adaccb0dcc5a7b774426b1892b20a971ba62.sol:35:5: Missing @return tag in function 'transferFrom' [Warning/use-natspec]
/sb/0x7d50adaccb0dcc5a7b774426b1892b20a971ba62.sol:35:5: Mismatch in @return names for function 'transferFrom'. Expected: [success], Found: [] [Warning/use-natspec]
/sb/0x7d50adaccb0dcc5a7b774426b1892b20a971ba62.sol:35:5: Explicitly mark visibility in function [Warning/func-visibility]
/sb/0x7d50adaccb0dcc5a7b774426b1892b20a971ba62.sol:36:5: Missing @notice tag in function 'approve' [Warning/use-natspec]
/sb/0x7d50adaccb0dcc5a7b774426b1892b20a971ba62.sol:36:5: Missing @param tag in function 'approve' [Warning/use-natspec]
/sb/0x7d50adaccb0dcc5a7b774426b1892b20a971ba62.sol:36:5: Mismatch in @param names for function 'approve'. Expected: [_spender, _value], Found: [] [Warning/use-natspec]
/sb/0x7d50adaccb0dcc5a7b774426b1892b20a971ba62.sol:36:5: Missing @return tag in function 'approve' [Warning/use-natspec]
/sb/0x7d50adaccb0dcc5a7b774426b1892b20a971ba62.sol:36:5: Mismatch in @return names for function 'approve'. Expected: [success], Found: [] [Warning/use-natspec]
/sb/0x7d50adaccb0dcc5a7b774426b1892b20a971ba62.sol:36:5: Explicitly mark visibility in function [Warning/func-visibility]
/sb/0x7d50adaccb0dcc5a7b774426b1892b20a971ba62.sol:37:5: Missing @notice tag in function 'allowance' [Warning/use-natspec]
/sb/0x7d50adaccb0dcc5a7b774426b1892b20a971ba62.sol:37:5: Missing @param tag in function 'allowance' [Warning/use-natspec]
/sb/0x7d50adaccb0dcc5a7b774426b1892b20a971ba62.sol:37:5: Mismatch in @param names for function 'allowance'. Expected: [_owner, _spender], Found: [] [Warning/use-natspec]
/sb/0x7d50adaccb0dcc5a7b774426b1892b20a971ba62.sol:37:5: Missing @return tag in function 'allowance' [Warning/use-natspec]
/sb/0x7d50adaccb0dcc5a7b774426b1892b20a971ba62.sol:37:5: Mismatch in @return names for function 'allowance'. Expected: [remaining], Found: [] [Warning/use-natspec]
/sb/0x7d50adaccb0dcc5a7b774426b1892b20a971ba62.sol:37:5: Explicitly mark visibility in function [Warning/func-visibility]
/sb/0x7d50adaccb0dcc5a7b774426b1892b20a971ba62.sol:38:5: Missing @notice tag in event 'Transfer' [Warning/use-natspec]
/sb/0x7d50adaccb0dcc5a7b774426b1892b20a971ba62.sol:38:5: Missing @param tag in event 'Transfer' [Warning/use-natspec]
/sb/0x7d50adaccb0dcc5a7b774426b1892b20a971ba62.sol:38:5: Mismatch in @param names for event 'Transfer'. Expected: [_from, _to, _value], Found: [] [Warning/use-natspec]
/sb/0x7d50adaccb0dcc5a7b774426b1892b20a971ba62.sol:38:5: GC: [_value] on Event [Transfer] could be Indexed [Warning/gas-indexed-events]
/sb/0x7d50adaccb0dcc5a7b774426b1892b20a971ba62.sol:39:5: Missing @notice tag in event 'Approval' [Warning/use-natspec]
/sb/0x7d50adaccb0dcc5a7b774426b1892b20a971ba62.sol:39:5: Missing @param tag in event 'Approval' [Warning/use-natspec]
/sb/0x7d50adaccb0dcc5a7b774426b1892b20a971ba62.sol:39:5: Mismatch in @param names for event 'Approval'. Expected: [_owner, _spender, _value], Found: [] [Warning/use-natspec]
/sb/0x7d50adaccb0dcc5a7b774426b1892b20a971ba62.sol:39:5: GC: [_value] on Event [Approval] could be Indexed [Warning/gas-indexed-events]
/sb/0x7d50adaccb0dcc5a7b774426b1892b20a971ba62.sol:44:1: Missing @title tag in contract 'StandardToken' [Warning/use-natspec]
/sb/0x7d50adaccb0dcc5a7b774426b1892b20a971ba62.sol:44:1: Missing @author tag in contract 'StandardToken' [Warning/use-natspec]
/sb/0x7d50adaccb0dcc5a7b774426b1892b20a971ba62.sol:44:1: Missing @notice tag in contract 'StandardToken' [Warning/use-natspec]
/sb/0x7d50adaccb0dcc5a7b774426b1892b20a971ba62.sol:46:5: Missing @notice tag in function 'transfer' [Warning/use-natspec]
/sb/0x7d50adaccb0dcc5a7b774426b1892b20a971ba62.sol:46:5: Missing @param tag in function 'transfer' [Warning/use-natspec]
/sb/0x7d50adaccb0dcc5a7b774426b1892b20a971ba62.sol:46:5: Mismatch in @param names for function 'transfer'. Expected: [_to, _value], Found: [] [Warning/use-natspec]
/sb/0x7d50adaccb0dcc5a7b774426b1892b20a971ba62.sol:46:5: Missing @return tag in function 'transfer' [Warning/use-natspec]
/sb/0x7d50adaccb0dcc5a7b774426b1892b20a971ba62.sol:46:5: Mismatch in @return names for function 'transfer'. Expected: [success], Found: [] [Warning/use-natspec]
/sb/0x7d50adaccb0dcc5a7b774426b1892b20a971ba62.sol:46:5: Explicitly mark visibility in function [Warning/func-visibility]
/sb/0x7d50adaccb0dcc5a7b774426b1892b20a971ba62.sol:47:13: GC: Non strict inequality found. Try converting to a strict one [Warning/gas-strict-inequalities]
/sb/0x7d50adaccb0dcc5a7b774426b1892b20a971ba62.sol:57:5: Missing @notice tag in function 'transferFrom' [Warning/use-natspec]
/sb/0x7d50adaccb0dcc5a7b774426b1892b20a971ba62.sol:57:5: Missing @param tag in function 'transferFrom' [Warning/use-natspec]
/sb/0x7d50adaccb0dcc5a7b774426b1892b20a971ba62.sol:57:5: Mismatch in @param names for function 'transferFrom'. Expected: [_from, _to, _value], Found: [] [Warning/use-natspec]
/sb/0x7d50adaccb0dcc5a7b774426b1892b20a971ba62.sol:57:5: Missing @return tag in function 'transferFrom' [Warning/use-natspec]
/sb/0x7d50adaccb0dcc5a7b774426b1892b20a971ba62.sol:57:5: Mismatch in @return names for function 'transferFrom'. Expected: [success], Found: [] [Warning/use-natspec]
/sb/0x7d50adaccb0dcc5a7b774426b1892b20a971ba62.sol:57:5: Explicitly mark visibility in function [Warning/func-visibility]
/sb/0x7d50adaccb0dcc5a7b774426b1892b20a971ba62.sol:58:13: GC: Non strict inequality found. Try converting to a strict one [Warning/gas-strict-inequalities]
/sb/0x7d50adaccb0dcc5a7b774426b1892b20a971ba62.sol:58:42: GC: Non strict inequality found. Try converting to a strict one [Warning/gas-strict-inequalities]
/sb/0x7d50adaccb0dcc5a7b774426b1892b20a971ba62.sol:69:5: Missing @notice tag in function 'balanceOf' [Warning/use-natspec]
/sb/0x7d50adaccb0dcc5a7b774426b1892b20a971ba62.sol:69:5: Missing @param tag in function 'balanceOf' [Warning/use-natspec]
/sb/0x7d50adaccb0dcc5a7b774426b1892b20a971ba62.sol:69:5: Mismatch in @param names for function 'balanceOf'. Expected: [_owner], Found: [] [Warning/use-natspec]
/sb/0x7d50adaccb0dcc5a7b774426b1892b20a971ba62.sol:69:5: Missing @return tag in function 'balanceOf' [Warning/use-natspec]
/sb/0x7d50adaccb0dcc5a7b774426b1892b20a971ba62.sol:69:5: Mismatch in @return names for function 'balanceOf'. Expected: [balance], Found: [] [Warning/use-natspec]
/sb/0x7d50adaccb0dcc5a7b774426b1892b20a971ba62.sol:69:5: Explicitly mark visibility in function [Warning/func-visibility]
/sb/0x7d50adaccb0dcc5a7b774426b1892b20a971ba62.sol:73:5: Missing @notice tag in function 'approve' [Warning/use-natspec]
/sb/0x7d50adaccb0dcc5a7b774426b1892b20a971ba62.sol:73:5: Missing @param tag in function 'approve' [Warning/use-natspec]
/sb/0x7d50adaccb0dcc5a7b774426b1892b20a971ba62.sol:73:5: Mismatch in @param names for function 'approve'. Expected: [_spender, _value], Found: [] [Warning/use-natspec]
/sb/0x7d50adaccb0dcc5a7b774426b1892b20a971ba62.sol:73:5: Missing @return tag in function 'approve' [Warning/use-natspec]
/sb/0x7d50adaccb0dcc5a7b774426b1892b20a971ba62.sol:73:5: Mismatch in @return names for function 'approve'. Expected: [success], Found: [] [Warning/use-natspec]
/sb/0x7d50adaccb0dcc5a7b774426b1892b20a971ba62.sol:73:5: Explicitly mark visibility in function [Warning/func-visibility]
/sb/0x7d50adaccb0dcc5a7b774426b1892b20a971ba62.sol:79:5: Missing @notice tag in function 'allowance' [Warning/use-natspec]
/sb/0x7d50adaccb0dcc5a7b774426b1892b20a971ba62.sol:79:5: Missing @param tag in function 'allowance' [Warning/use-natspec]
/sb/0x7d50adaccb0dcc5a7b774426b1892b20a971ba62.sol:79:5: Mismatch in @param names for function 'allowance'. Expected: [_owner, _spender], Found: [] [Warning/use-natspec]
/sb/0x7d50adaccb0dcc5a7b774426b1892b20a971ba62.sol:79:5: Missing @return tag in function 'allowance' [Warning/use-natspec]
/sb/0x7d50adaccb0dcc5a7b774426b1892b20a971ba62.sol:79:5: Mismatch in @return names for function 'allowance'. Expected: [remaining], Found: [] [Warning/use-natspec]
/sb/0x7d50adaccb0dcc5a7b774426b1892b20a971ba62.sol:79:5: Explicitly mark visibility in function [Warning/func-visibility]
/sb/0x7d50adaccb0dcc5a7b774426b1892b20a971ba62.sol:83:5: Explicitly mark visibility of state [Warning/state-visibility]
/sb/0x7d50adaccb0dcc5a7b774426b1892b20a971ba62.sol:84:5: Explicitly mark visibility of state [Warning/state-visibility]
/sb/0x7d50adaccb0dcc5a7b774426b1892b20a971ba62.sol:87:1: Missing @title tag in contract 'GOLDKEYToken' [Warning/use-natspec]
/sb/0x7d50adaccb0dcc5a7b774426b1892b20a971ba62.sol:87:1: Missing @author tag in contract 'GOLDKEYToken' [Warning/use-natspec]
/sb/0x7d50adaccb0dcc5a7b774426b1892b20a971ba62.sol:87:1: Missing @notice tag in contract 'GOLDKEYToken' [Warning/use-natspec]
/sb/0x7d50adaccb0dcc5a7b774426b1892b20a971ba62.sol:90:5: Missing @notice tag in variable 'name' [Warning/use-natspec]
/sb/0x7d50adaccb0dcc5a7b774426b1892b20a971ba62.sol:90:5: Constant name must be in capitalized SNAKE_CASE [Warning/const-name-snakecase]
/sb/0x7d50adaccb0dcc5a7b774426b1892b20a971ba62.sol:91:5: Missing @notice tag in variable 'symbol' [Warning/use-natspec]
/sb/0x7d50adaccb0dcc5a7b774426b1892b20a971ba62.sol:91:5: Constant name must be in capitalized SNAKE_CASE [Warning/const-name-snakecase]
/sb/0x7d50adaccb0dcc5a7b774426b1892b20a971ba62.sol:92:5: Missing @notice tag in variable 'decimals' [Warning/use-natspec]
/sb/0x7d50adaccb0dcc5a7b774426b1892b20a971ba62.sol:92:5: Constant name must be in capitalized SNAKE_CASE [Warning/const-name-snakecase]
/sb/0x7d50adaccb0dcc5a7b774426b1892b20a971ba62.sol:93:5: Missing @notice tag in variable 'version' [Warning/use-natspec]
/sb/0x7d50adaccb0dcc5a7b774426b1892b20a971ba62.sol:96:5: Missing @notice tag in variable 'ethFundDeposit' [Warning/use-natspec]
/sb/0x7d50adaccb0dcc5a7b774426b1892b20a971ba62.sol:97:5: Missing @notice tag in variable 'newContractAddr' [Warning/use-natspec]
/sb/0x7d50adaccb0dcc5a7b774426b1892b20a971ba62.sol:100:5: Missing @notice tag in variable 'isFunding' [Warning/use-natspec]
/sb/0x7d50adaccb0dcc5a7b774426b1892b20a971ba62.sol:101:5: Missing @notice tag in variable 'fundingStartBlock' [Warning/use-natspec]
/sb/0x7d50adaccb0dcc5a7b774426b1892b20a971ba62.sol:102:5: Missing @notice tag in variable 'fundingStopBlock' [Warning/use-natspec]
/sb/0x7d50adaccb0dcc5a7b774426b1892b20a971ba62.sol:104:5: Missing @notice tag in variable 'currentSupply' [Warning/use-natspec]
/sb/0x7d50adaccb0dcc5a7b774426b1892b20a971ba62.sol:105:5: Missing @notice tag in variable 'tokenRaised' [Warning/use-natspec]
/sb/0x7d50adaccb0dcc5a7b774426b1892b20a971ba62.sol:106:5: Missing @notice tag in variable 'tokenMigrated' [Warning/use-natspec]
/sb/0x7d50adaccb0dcc5a7b774426b1892b20a971ba62.sol:107:5: Missing @notice tag in variable 'tokenExchangeRate' [Warning/use-natspec]
/sb/0x7d50adaccb0dcc5a7b774426b1892b20a971ba62.sol:110:5: Missing @notice tag in event 'AllocateToken' [Warning/use-natspec]
/sb/0x7d50adaccb0dcc5a7b774426b1892b20a971ba62.sol:110:5: Missing @param tag in event 'AllocateToken' [Warning/use-natspec]
/sb/0x7d50adaccb0dcc5a7b774426b1892b20a971ba62.sol:110:5: Mismatch in @param names for event 'AllocateToken'. Expected: [_to, _value], Found: [] [Warning/use-natspec]
/sb/0x7d50adaccb0dcc5a7b774426b1892b20a971ba62.sol:110:5: GC: [_value] on Event [AllocateToken] could be Indexed [Warning/gas-indexed-events]
/sb/0x7d50adaccb0dcc5a7b774426b1892b20a971ba62.sol:111:5: Missing @notice tag in event 'IssueToken' [Warning/use-natspec]
/sb/0x7d50adaccb0dcc5a7b774426b1892b20a971ba62.sol:111:5: Missing @param tag in event 'IssueToken' [Warning/use-natspec]
/sb/0x7d50adaccb0dcc5a7b774426b1892b20a971ba62.sol:111:5: Mismatch in @param names for event 'IssueToken'. Expected: [_to, _value], Found: [] [Warning/use-natspec]
/sb/0x7d50adaccb0dcc5a7b774426b1892b20a971ba62.sol:111:5: GC: [_value] on Event [IssueToken] could be Indexed [Warning/gas-indexed-events]
/sb/0x7d50adaccb0dcc5a7b774426b1892b20a971ba62.sol:112:5: Missing @notice tag in event 'IncreaseSupply' [Warning/use-natspec]
/sb/0x7d50adaccb0dcc5a7b774426b1892b20a971ba62.sol:112:5: Missing @param tag in event 'IncreaseSupply' [Warning/use-natspec]
/sb/0x7d50adaccb0dcc5a7b774426b1892b20a971ba62.sol:112:5: Mismatch in @param names for event 'IncreaseSupply'. Expected: [_value], Found: [] [Warning/use-natspec]
/sb/0x7d50adaccb0dcc5a7b774426b1892b20a971ba62.sol:112:5: GC: [_value] on Event [IncreaseSupply] could be Indexed [Warning/gas-indexed-events]
/sb/0x7d50adaccb0dcc5a7b774426b1892b20a971ba62.sol:113:5: Missing @notice tag in event 'DecreaseSupply' [Warning/use-natspec]
/sb/0x7d50adaccb0dcc5a7b774426b1892b20a971ba62.sol:113:5: Missing @param tag in event 'DecreaseSupply' [Warning/use-natspec]
/sb/0x7d50adaccb0dcc5a7b774426b1892b20a971ba62.sol:113:5: Mismatch in @param names for event 'DecreaseSupply'. Expected: [_value], Found: [] [Warning/use-natspec]
/sb/0x7d50adaccb0dcc5a7b774426b1892b20a971ba62.sol:113:5: GC: [_value] on Event [DecreaseSupply] could be Indexed [Warning/gas-indexed-events]
/sb/0x7d50adaccb0dcc5a7b774426b1892b20a971ba62.sol:114:5: Missing @notice tag in event 'Migrate' [Warning/use-natspec]
/sb/0x7d50adaccb0dcc5a7b774426b1892b20a971ba62.sol:114:5: Missing @param tag in event 'Migrate' [Warning/use-natspec]
/sb/0x7d50adaccb0dcc5a7b774426b1892b20a971ba62.sol:114:5: Mismatch in @param names for event 'Migrate'. Expected: [_to, _value], Found: [] [Warning/use-natspec]
/sb/0x7d50adaccb0dcc5a7b774426b1892b20a971ba62.sol:114:5: GC: [_value] on Event [Migrate] could be Indexed [Warning/gas-indexed-events]
/sb/0x7d50adaccb0dcc5a7b774426b1892b20a971ba62.sol:117:5: Missing @notice tag in function 'formatDecimals' [Warning/use-natspec]
/sb/0x7d50adaccb0dcc5a7b774426b1892b20a971ba62.sol:117:5: Missing @param tag in function 'formatDecimals' [Warning/use-natspec]
/sb/0x7d50adaccb0dcc5a7b774426b1892b20a971ba62.sol:117:5: Mismatch in @param names for function 'formatDecimals'. Expected: [_value], Found: [] [Warning/use-natspec]
/sb/0x7d50adaccb0dcc5a7b774426b1892b20a971ba62.sol:117:5: Missing @return tag in function 'formatDecimals' [Warning/use-natspec]
/sb/0x7d50adaccb0dcc5a7b774426b1892b20a971ba62.sol:117:5: Mismatch in @return count for function 'formatDecimals'. Expected: 1, Found: 0 [Warning/use-natspec]
/sb/0x7d50adaccb0dcc5a7b774426b1892b20a971ba62.sol:122:5: Missing @notice tag in function 'GOLDKEYToken' [Warning/use-natspec]
/sb/0x7d50adaccb0dcc5a7b774426b1892b20a971ba62.sol:122:5: Missing @param tag in function 'GOLDKEYToken' [Warning/use-natspec]
/sb/0x7d50adaccb0dcc5a7b774426b1892b20a971ba62.sol:122:5: Mismatch in @param names for function 'GOLDKEYToken'. Expected: [_ethFundDeposit, _currentSupply], Found: [] [Warning/use-natspec]
/sb/0x7d50adaccb0dcc5a7b774426b1892b20a971ba62.sol:122:5: Explicitly mark visibility in function (Set ignoreConstructors to true if using solidity >=0.7.0) [Warning/func-visibility]
/sb/0x7d50adaccb0dcc5a7b774426b1892b20a971ba62.sol:135:41: "throw" is deprecated, avoid to use it [Warning/avoid-throw]
/sb/0x7d50adaccb0dcc5a7b774426b1892b20a971ba62.sol:138:27: Provide an error message for require [Warning/reason-string]
/sb/0x7d50adaccb0dcc5a7b774426b1892b20a971ba62.sol:141:5: Missing @notice tag in function 'setTokenExchangeRate' [Warning/use-natspec]
/sb/0x7d50adaccb0dcc5a7b774426b1892b20a971ba62.sol:141:5: Missing @param tag in function 'setTokenExchangeRate' [Warning/use-natspec]
/sb/0x7d50adaccb0dcc5a7b774426b1892b20a971ba62.sol:141:5: Mismatch in @param names for function 'setTokenExchangeRate'. Expected: [_tokenExchangeRate], Found: [] [Warning/use-natspec]
/sb/0x7d50adaccb0dcc5a7b774426b1892b20a971ba62.sol:141:71: Visibility modifier must be first in list of modifiers [Warning/visibility-modifier-order]
/sb/0x7d50adaccb0dcc5a7b774426b1892b20a971ba62.sol:142:38: "throw" is deprecated, avoid to use it [Warning/avoid-throw]
/sb/0x7d50adaccb0dcc5a7b774426b1892b20a971ba62.sol:143:54: "throw" is deprecated, avoid to use it [Warning/avoid-throw]
/sb/0x7d50adaccb0dcc5a7b774426b1892b20a971ba62.sol:149:5: Missing @notice tag in function 'increaseSupply' [Warning/use-natspec]
/sb/0x7d50adaccb0dcc5a7b774426b1892b20a971ba62.sol:149:5: Missing @param tag in function 'increaseSupply' [Warning/use-natspec]
/sb/0x7d50adaccb0dcc5a7b774426b1892b20a971ba62.sol:149:5: Mismatch in @param names for function 'increaseSupply'. Expected: [_value], Found: [] [Warning/use-natspec]
/sb/0x7d50adaccb0dcc5a7b774426b1892b20a971ba62.sol:149:54: Visibility modifier must be first in list of modifiers [Warning/visibility-modifier-order]
/sb/0x7d50adaccb0dcc5a7b774426b1892b20a971ba62.sol:151:50: "throw" is deprecated, avoid to use it [Warning/avoid-throw]
/sb/0x7d50adaccb0dcc5a7b774426b1892b20a971ba62.sol:157:5: Missing @notice tag in function 'decreaseSupply' [Warning/use-natspec]
/sb/0x7d50adaccb0dcc5a7b774426b1892b20a971ba62.sol:157:5: Missing @param tag in function 'decreaseSupply' [Warning/use-natspec]
/sb/0x7d50adaccb0dcc5a7b774426b1892b20a971ba62.sol:157:5: Mismatch in @param names for function 'decreaseSupply'. Expected: [_value], Found: [] [Warning/use-natspec]
/sb/0x7d50adaccb0dcc5a7b774426b1892b20a971ba62.sol:157:54: Visibility modifier must be first in list of modifiers [Warning/visibility-modifier-order]
/sb/0x7d50adaccb0dcc5a7b774426b1892b20a971ba62.sol:159:50: "throw" is deprecated, avoid to use it [Warning/avoid-throw]
/sb/0x7d50adaccb0dcc5a7b774426b1892b20a971ba62.sol:166:5: Missing @notice tag in function 'startFunding' [Warning/use-natspec]
/sb/0x7d50adaccb0dcc5a7b774426b1892b20a971ba62.sol:166:5: Missing @param tag in function 'startFunding' [Warning/use-natspec]
/sb/0x7d50adaccb0dcc5a7b774426b1892b20a971ba62.sol:166:5: Mismatch in @param names for function 'startFunding'. Expected: [_fundingStartBlock, _fundingStopBlock], Found: [] [Warning/use-natspec]
/sb/0x7d50adaccb0dcc5a7b774426b1892b20a971ba62.sol:166:91: Visibility modifier must be first in list of modifiers [Warning/visibility-modifier-order]
/sb/0x7d50adaccb0dcc5a7b774426b1892b20a971ba62.sol:167:24: "throw" is deprecated, avoid to use it [Warning/avoid-throw]
/sb/0x7d50adaccb0dcc5a7b774426b1892b20a971ba62.sol:168:13: GC: Non strict inequality found. Try converting to a strict one [Warning/gas-strict-inequalities]
/sb/0x7d50adaccb0dcc5a7b774426b1892b20a971ba62.sol:168:54: "throw" is deprecated, avoid to use it [Warning/avoid-throw]
/sb/0x7d50adaccb0dcc5a7b774426b1892b20a971ba62.sol:169:13: GC: Non strict inequality found. Try converting to a strict one [Warning/gas-strict-inequalities]
/sb/0x7d50adaccb0dcc5a7b774426b1892b20a971ba62.sol:169:49: "throw" is deprecated, avoid to use it [Warning/avoid-throw]
/sb/0x7d50adaccb0dcc5a7b774426b1892b20a971ba62.sol:177:5: Missing @notice tag in function 'stopFunding' [Warning/use-natspec]
/sb/0x7d50adaccb0dcc5a7b774426b1892b20a971ba62.sol:177:36: Visibility modifier must be first in list of modifiers [Warning/visibility-modifier-order]
/sb/0x7d50adaccb0dcc5a7b774426b1892b20a971ba62.sol:178:25: "throw" is deprecated, avoid to use it [Warning/avoid-throw]
/sb/0x7d50adaccb0dcc5a7b774426b1892b20a971ba62.sol:183:5: Missing @notice tag in function 'setMigrateContract' [Warning/use-natspec]
/sb/0x7d50adaccb0dcc5a7b774426b1892b20a971ba62.sol:183:5: Missing @param tag in function 'setMigrateContract' [Warning/use-natspec]
/sb/0x7d50adaccb0dcc5a7b774426b1892b20a971ba62.sol:183:5: Mismatch in @param names for function 'setMigrateContract'. Expected: [_newContractAddr], Found: [] [Warning/use-natspec]
/sb/0x7d50adaccb0dcc5a7b774426b1892b20a971ba62.sol:183:67: Visibility modifier must be first in list of modifiers [Warning/visibility-modifier-order]
/sb/0x7d50adaccb0dcc5a7b774426b1892b20a971ba62.sol:184:50: "throw" is deprecated, avoid to use it [Warning/avoid-throw]
/sb/0x7d50adaccb0dcc5a7b774426b1892b20a971ba62.sol:189:5: Missing @notice tag in function 'changeOwner' [Warning/use-natspec]
/sb/0x7d50adaccb0dcc5a7b774426b1892b20a971ba62.sol:189:5: Missing @param tag in function 'changeOwner' [Warning/use-natspec]
/sb/0x7d50adaccb0dcc5a7b774426b1892b20a971ba62.sol:189:5: Mismatch in @param names for function 'changeOwner'. Expected: [_newFundDeposit], Found: [] [Warning/use-natspec]
/sb/0x7d50adaccb0dcc5a7b774426b1892b20a971ba62.sol:189:61: Visibility modifier must be first in list of modifiers [Warning/visibility-modifier-order]
/sb/0x7d50adaccb0dcc5a7b774426b1892b20a971ba62.sol:190:46: "throw" is deprecated, avoid to use it [Warning/avoid-throw]
/sb/0x7d50adaccb0dcc5a7b774426b1892b20a971ba62.sol:195:5: Missing @notice tag in function 'migrate' [Warning/use-natspec]
/sb/0x7d50adaccb0dcc5a7b774426b1892b20a971ba62.sol:196:23: "throw" is deprecated, avoid to use it [Warning/avoid-throw]
/sb/0x7d50adaccb0dcc5a7b774426b1892b20a971ba62.sol:197:45: "throw" is deprecated, avoid to use it [Warning/avoid-throw]
/sb/0x7d50adaccb0dcc5a7b774426b1892b20a971ba62.sol:200:26: "throw" is deprecated, avoid to use it [Warning/avoid-throw]
/sb/0x7d50adaccb0dcc5a7b774426b1892b20a971ba62.sol:206:55: "throw" is deprecated, avoid to use it [Warning/avoid-throw]
/sb/0x7d50adaccb0dcc5a7b774426b1892b20a971ba62.sol:212:5: Missing @notice tag in function 'transferETH' [Warning/use-natspec]
/sb/0x7d50adaccb0dcc5a7b774426b1892b20a971ba62.sol:212:36: Visibility modifier must be first in list of modifiers [Warning/visibility-modifier-order]
/sb/0x7d50adaccb0dcc5a7b774426b1892b20a971ba62.sol:213:32: "throw" is deprecated, avoid to use it [Warning/avoid-throw]
/sb/0x7d50adaccb0dcc5a7b774426b1892b20a971ba62.sol:214:49: "throw" is deprecated, avoid to use it [Warning/avoid-throw]
/sb/0x7d50adaccb0dcc5a7b774426b1892b20a971ba62.sol:218:5: Missing @notice tag in function 'allocateToken' [Warning/use-natspec]
/sb/0x7d50adaccb0dcc5a7b774426b1892b20a971ba62.sol:218:5: Missing @param tag in function 'allocateToken' [Warning/use-natspec]
/sb/0x7d50adaccb0dcc5a7b774426b1892b20a971ba62.sol:218:5: Mismatch in @param names for function 'allocateToken'. Expected: [_addr, _eth], Found: [] [Warning/use-natspec]
/sb/0x7d50adaccb0dcc5a7b774426b1892b20a971ba62.sol:218:66: Visibility modifier must be first in list of modifiers [Warning/visibility-modifier-order]
/sb/0x7d50adaccb0dcc5a7b774426b1892b20a971ba62.sol:219:24: "throw" is deprecated, avoid to use it [Warning/avoid-throw]
/sb/0x7d50adaccb0dcc5a7b774426b1892b20a971ba62.sol:220:36: "throw" is deprecated, avoid to use it [Warning/avoid-throw]
/sb/0x7d50adaccb0dcc5a7b774426b1892b20a971ba62.sol:223:51: "throw" is deprecated, avoid to use it [Warning/avoid-throw]
/sb/0x7d50adaccb0dcc5a7b774426b1892b20a971ba62.sol:232:5: Missing @notice tag in function '<anonymous>' [Warning/use-natspec]
/sb/0x7d50adaccb0dcc5a7b774426b1892b20a971ba62.sol:232:5: Explicitly mark visibility in function [Warning/func-visibility]
/sb/0x7d50adaccb0dcc5a7b774426b1892b20a971ba62.sol:232:5: Fallback function must be simple [Warning/no-complex-fallback]
/sb/0x7d50adaccb0dcc5a7b774426b1892b20a971ba62.sol:233:25: "throw" is deprecated, avoid to use it [Warning/avoid-throw]
/sb/0x7d50adaccb0dcc5a7b774426b1892b20a971ba62.sol:234:29: "throw" is deprecated, avoid to use it [Warning/avoid-throw]
/sb/0x7d50adaccb0dcc5a7b774426b1892b20a971ba62.sol:236:47: "throw" is deprecated, avoid to use it [Warning/avoid-throw]
/sb/0x7d50adaccb0dcc5a7b774426b1892b20a971ba62.sol:237:46: "throw" is deprecated, avoid to use it [Warning/avoid-throw]
/sb/0x7d50adaccb0dcc5a7b774426b1892b20a971ba62.sol:240:51: "throw" is deprecated, avoid to use it [Warning/avoid-throw]

224 problem/s (1 error/s, 223 warning/s)
