'solc --version' running
'solc /sb/0x2d07731e878e4c59bda93ea3fe93e34fb0172bd0.sol --combined-json abi,ast,bin,bin-runtime,srcmap,srcmap-runtime,userdoc,devdoc,hashes,compact-format --allow-paths .,/sb' running

Version constraint ^0.4.23 contains known severe issues (https://solidity.readthedocs.io/en/latest/bugs.html)
	- DirtyBytesArrayToStorage
	- ABIDecodeTwoDimensionalArrayMemory
	- KeccakCaching
	- EmptyByteArrayCopy
	- DynamicArrayCleanup
	- ImplicitConstructorCallvalueCheck
	- TupleAssignmentMultiStackSlotComponents
	- MemoryArrayCreationOverflow
	- privateCanBeOverridden
	- SignedArrayStorageCopy
	- ABIEncoderV2StorageArrayWithMultiSlotElement
	- DynamicConstructorArgumentsClippedABIV2
	- UninitializedFunctionPointerInConstructor_0.4.x
	- IncorrectEventSignatureInLibraries_0.4.x
	- ABIEncoderV2PackedStorage_0.4.x
	- ExpExponentCleanup
	- EventStructWrongData.
It is used by:
	- ^0.4.23 (../sb/0x2d07731e878e4c59bda93ea3fe93e34fb0172bd0.sol#1)
solc-0.4.26 is an outdated solc version. Use a more recent version (at least 0.8.0), if possible.
Reference: https://github.com/crytic/slither/wiki/Detector-Documentation#incorrect-versions-of-solidity

Variable SecretRegistry.secrethash_to_block (../sb/0x2d07731e878e4c59bda93ea3fe93e34fb0172bd0.sol#11) is not in mixedCase
Reference: https://github.com/crytic/slither/wiki/Detector-Documentation#conformance-to-solidity-naming-conventions

registerSecretBatch(bytes32[]) should be declared external:
	- SecretRegistry.registerSecretBatch(bytes32[]) (../sb/0x2d07731e878e4c59bda93ea3fe93e34fb0172bd0.sol#34-42)
Reference: https://github.com/crytic/slither/wiki/Detector-Documentation#public-function-that-could-be-declared-external
/sb/0x2d07731e878e4c59bda93ea3fe93e34fb0172bd0.sol analyzed (1 contracts with 100 detectors), 4 result(s) found
