'solc --version' running
'solc /sb/0x1e2fedb2b1a17b069632a8e03a8aaf489e7c8ba9.sol --combined-json abi,ast,bin,bin-runtime,srcmap,srcmap-runtime,userdoc,devdoc,hashes,compact-format --allow-paths .,/sb' running
Compilation warnings/errors on /sb/0x1e2fedb2b1a17b069632a8e03a8aaf489e7c8ba9.sol:
/sb/0x1e2fedb2b1a17b069632a8e03a8aaf489e7c8ba9.sol:46:5: Warning: Defining constructors as functions with the same name as the contract is deprecated. Use "constructor(...) { ... }" instead.
    function CustomToken() public {
    ^ (Relevant source part starts here and spans across multiple lines).
/sb/0x1e2fedb2b1a17b069632a8e03a8aaf489e7c8ba9.sol:23:9: Warning: Invoking events without "emit" prefix is deprecated.
        Transfer(_from, _to, _value);
        ^--------------------------^
/sb/0x1e2fedb2b1a17b069632a8e03a8aaf489e7c8ba9.sol:40:9: Warning: Invoking events without "emit" prefix is deprecated.
        Approval(msg.sender, _spender, _value);
        ^------------------------------------^
/sb/0x1e2fedb2b1a17b069632a8e03a8aaf489e7c8ba9.sol:51:19: Warning: This looks like an address but has an invalid checksum. If this is not used as an address, please prepend '00'. Correct checksummed address: '0x0b29908ECB4C44fCeCe3C2AdCEd2E260AA9DAe4A'. For more information please see https://solidity.readthedocs.io/en/develop/types.html#address-literals
        balanceOf[0x0b29908ecb4c44fcece3c2adced2e260aa9dae4a] = totalSupply;
                  ^----------------------------------------^
/sb/0x1e2fedb2b1a17b069632a8e03a8aaf489e7c8ba9.sol:52:30: Warning: This looks like an address but has an invalid checksum. If this is not used as an address, please prepend '00'. Correct checksummed address: '0x0b29908ECB4C44fCeCe3C2AdCEd2E260AA9DAe4A'. For more information please see https://solidity.readthedocs.io/en/develop/types.html#address-literals
        Transfer(address(0), 0x0b29908ecb4c44fcece3c2adced2e260aa9dae4a, totalSupply);
                             ^----------------------------------------^
/sb/0x1e2fedb2b1a17b069632a8e03a8aaf489e7c8ba9.sol:52:9: Warning: Invoking events without "emit" prefix is deprecated.
        Transfer(address(0), 0x0b29908ecb4c44fcece3c2adced2e260aa9dae4a, totalSupply);
        ^---------------------------------------------------------------------------^


Version constraint ^0.4.19 contains known severe issues (https://solidity.readthedocs.io/en/latest/bugs.html)
	- DirtyBytesArrayToStorage
	- ABIDecodeTwoDimensionalArrayMemory
	- KeccakCaching
	- EmptyByteArrayCopy
	- DynamicArrayCleanup
	- ImplicitConstructorCallvalueCheck
	- TupleAssignmentMultiStackSlotComponents
	- MemoryArrayCreationOverflow
	- privateCanBeOverridden
	- SignedArrayStorageCopy
	- ABIEncoderV2StorageArrayWithMultiSlotElement
	- DynamicConstructorArgumentsClippedABIV2
	- UninitializedFunctionPointerInConstructor_0.4.x
	- IncorrectEventSignatureInLibraries_0.4.x
	- ABIEncoderV2PackedStorage_0.4.x
	- ExpExponentCleanup
	- EventStructWrongData
	- NestedArrayFunctionCallDecoder.
It is used by:
	- ^0.4.19 (../sb/0x1e2fedb2b1a17b069632a8e03a8aaf489e7c8ba9.sol#1)
solc-0.4.26 is an outdated solc version. Use a more recent version (at least 0.8.0), if possible.
Reference: https://github.com/crytic/slither/wiki/Detector-Documentation#incorrect-versions-of-solidity

Parameter BaseToken.transfer(address,uint256)._to (../sb/0x1e2fedb2b1a17b069632a8e03a8aaf489e7c8ba9.sol#26) is not in mixedCase
Parameter BaseToken.transfer(address,uint256)._value (../sb/0x1e2fedb2b1a17b069632a8e03a8aaf489e7c8ba9.sol#26) is not in mixedCase
Parameter BaseToken.transferFrom(address,address,uint256)._from (../sb/0x1e2fedb2b1a17b069632a8e03a8aaf489e7c8ba9.sol#31) is not in mixedCase
Parameter BaseToken.transferFrom(address,address,uint256)._to (../sb/0x1e2fedb2b1a17b069632a8e03a8aaf489e7c8ba9.sol#31) is not in mixedCase
Parameter BaseToken.transferFrom(address,address,uint256)._value (../sb/0x1e2fedb2b1a17b069632a8e03a8aaf489e7c8ba9.sol#31) is not in mixedCase
Parameter BaseToken.approve(address,uint256)._spender (../sb/0x1e2fedb2b1a17b069632a8e03a8aaf489e7c8ba9.sol#38) is not in mixedCase
Parameter BaseToken.approve(address,uint256)._value (../sb/0x1e2fedb2b1a17b069632a8e03a8aaf489e7c8ba9.sol#38) is not in mixedCase
Reference: https://github.com/crytic/slither/wiki/Detector-Documentation#conformance-to-solidity-naming-conventions

CustomToken.CustomToken() (../sb/0x1e2fedb2b1a17b069632a8e03a8aaf489e7c8ba9.sol#46-53) uses literals with too many digits:
	- totalSupply = 500000000000000000 (../sb/0x1e2fedb2b1a17b069632a8e03a8aaf489e7c8ba9.sol#47)
Reference: https://github.com/crytic/slither/wiki/Detector-Documentation#too-many-digits
/sb/0x1e2fedb2b1a17b069632a8e03a8aaf489e7c8ba9.sol analyzed (2 contracts with 100 detectors), 10 result(s) found
