'solc --version' running
'solc /sb/0x941d225236464a25eb18076df7da6a91d0f95e9e.sol --combined-json abi,ast,bin,bin-runtime,srcmap,srcmap-runtime,userdoc,devdoc,hashes,compact-format --allow-paths .,/sb' running
Compilation warnings/errors on /sb/0x941d225236464a25eb18076df7da6a91d0f95e9e.sol:
/sb/0x941d225236464a25eb18076df7da6a91d0f95e9e.sol:13:5: Warning: Defining constructors as functions with the same name as the contract is deprecated. Use "constructor(...) { ... }" instead.
    function ETH_FUND(address _log)
    ^ (Relevant source part starts here and spans across multiple lines).


Log (../sb/0x941d225236464a25eb18076df7da6a91d0f95e9e.sol#49-74) contract sets array length with a user-controlled value:
	- History.push(LastMsg) (../sb/0x941d225236464a25eb18076df7da6a91d0f95e9e.sol#71)
Reference: https://github.com/crytic/slither/wiki/Detector-Documentation#array-length-assignment

Reentrancy in ETH_FUND.CashOut(uint256) (../sb/0x941d225236464a25eb18076df7da6a91d0f95e9e.sol#31-43):
	External calls:
	- msg.sender.call.value(_am)() (../sb/0x941d225236464a25eb18076df7da6a91d0f95e9e.sol#37)
	State variables written after the call(s):
	- balances[msg.sender] -= _am (../sb/0x941d225236464a25eb18076df7da6a91d0f95e9e.sol#39)
	ETH_FUND.balances (../sb/0x941d225236464a25eb18076df7da6a91d0f95e9e.sol#5) can be used in cross function reentrancies:
	- ETH_FUND.CashOut(uint256) (../sb/0x941d225236464a25eb18076df7da6a91d0f95e9e.sol#31-43)
	- ETH_FUND.Deposit() (../sb/0x941d225236464a25eb18076df7da6a91d0f95e9e.sol#19-29)
	- ETH_FUND.balances (../sb/0x941d225236464a25eb18076df7da6a91d0f95e9e.sol#5)
Reference: https://github.com/crytic/slither/wiki/Detector-Documentation#reentrancy-vulnerabilities

Reentrancy in ETH_FUND.Deposit() (../sb/0x941d225236464a25eb18076df7da6a91d0f95e9e.sol#19-29):
	External calls:
	- TransferLog.AddMessage(msg.sender,msg.value,Deposit) (../sb/0x941d225236464a25eb18076df7da6a91d0f95e9e.sol#26)
	State variables written after the call(s):
	- lastBlock = block.number (../sb/0x941d225236464a25eb18076df7da6a91d0f95e9e.sol#27)
Reference: https://github.com/crytic/slither/wiki/Detector-Documentation#reentrancy-vulnerabilities-2

Version constraint ^0.4.19 contains known severe issues (https://solidity.readthedocs.io/en/latest/bugs.html)
	- DirtyBytesArrayToStorage
	- ABIDecodeTwoDimensionalArrayMemory
	- KeccakCaching
	- EmptyByteArrayCopy
	- DynamicArrayCleanup
	- ImplicitConstructorCallvalueCheck
	- TupleAssignmentMultiStackSlotComponents
	- MemoryArrayCreationOverflow
	- privateCanBeOverridden
	- SignedArrayStorageCopy
	- ABIEncoderV2StorageArrayWithMultiSlotElement
	- DynamicConstructorArgumentsClippedABIV2
	- UninitializedFunctionPointerInConstructor_0.4.x
	- IncorrectEventSignatureInLibraries_0.4.x
	- ABIEncoderV2PackedStorage_0.4.x
	- ExpExponentCleanup
	- EventStructWrongData
	- NestedArrayFunctionCallDecoder.
It is used by:
	- ^0.4.19 (../sb/0x941d225236464a25eb18076df7da6a91d0f95e9e.sol#1)
solc-0.4.26 is an outdated solc version. Use a more recent version (at least 0.8.0), if possible.
Reference: https://github.com/crytic/slither/wiki/Detector-Documentation#incorrect-versions-of-solidity

Low level call in ETH_FUND.CashOut(uint256) (../sb/0x941d225236464a25eb18076df7da6a91d0f95e9e.sol#31-43):
	- msg.sender.call.value(_am)() (../sb/0x941d225236464a25eb18076df7da6a91d0f95e9e.sol#37)
Reference: https://github.com/crytic/slither/wiki/Detector-Documentation#low-level-calls

Contract ETH_FUND (../sb/0x941d225236464a25eb18076df7da6a91d0f95e9e.sol#3-47) is not in CapWords
Function ETH_FUND.Deposit() (../sb/0x941d225236464a25eb18076df7da6a91d0f95e9e.sol#19-29) is not in mixedCase
Function ETH_FUND.CashOut(uint256) (../sb/0x941d225236464a25eb18076df7da6a91d0f95e9e.sol#31-43) is not in mixedCase
Parameter ETH_FUND.CashOut(uint256)._am (../sb/0x941d225236464a25eb18076df7da6a91d0f95e9e.sol#31) is not in mixedCase
Variable ETH_FUND.MinDeposit (../sb/0x941d225236464a25eb18076df7da6a91d0f95e9e.sol#7) is not in mixedCase
Variable ETH_FUND.TransferLog (../sb/0x941d225236464a25eb18076df7da6a91d0f95e9e.sol#9) is not in mixedCase
Function Log.AddMessage(address,uint256,string) (../sb/0x941d225236464a25eb18076df7da6a91d0f95e9e.sol#64-72) is not in mixedCase
Parameter Log.AddMessage(address,uint256,string)._adr (../sb/0x941d225236464a25eb18076df7da6a91d0f95e9e.sol#64) is not in mixedCase
Parameter Log.AddMessage(address,uint256,string)._val (../sb/0x941d225236464a25eb18076df7da6a91d0f95e9e.sol#64) is not in mixedCase
Parameter Log.AddMessage(address,uint256,string)._data (../sb/0x941d225236464a25eb18076df7da6a91d0f95e9e.sol#64) is not in mixedCase
Variable Log.History (../sb/0x941d225236464a25eb18076df7da6a91d0f95e9e.sol#60) is not in mixedCase
Variable Log.LastMsg (../sb/0x941d225236464a25eb18076df7da6a91d0f95e9e.sol#62) is not in mixedCase
Reference: https://github.com/crytic/slither/wiki/Detector-Documentation#conformance-to-solidity-naming-conventions

ETH_FUND.MinDeposit (../sb/0x941d225236464a25eb18076df7da6a91d0f95e9e.sol#7) should be constant 
Reference: https://github.com/crytic/slither/wiki/Detector-Documentation#state-variables-that-could-be-declared-constant

AddMessage(address,uint256,string) should be declared external:
	- Log.AddMessage(address,uint256,string) (../sb/0x941d225236464a25eb18076df7da6a91d0f95e9e.sol#64-72)
Reference: https://github.com/crytic/slither/wiki/Detector-Documentation#public-function-that-could-be-declared-external
/sb/0x941d225236464a25eb18076df7da6a91d0f95e9e.sol analyzed (2 contracts with 100 detectors), 20 result(s) found
