ANTLR runtime and generated code versions disagree: 4.9.2!=4.7.2
ANTLR runtime and generated code versions disagree: 4.9.2!=4.7.2
Analysing /sb/0xc1993e3fd0087b7ff3f7ca6b5a566ad8c3c7eb9b.sol:Chozen...
Vulnerability: Integer Overflow. Maybe in function: approveAndCall(address,uint256,bytes). PC: 0x4c5. Line number: 127.
If a = 32
and b = 115792089237316195423570985008687907853269984665640564039457584007913129639900
Vulnerability: Reentrancy. Maybe in function: approveAndCall(address,uint256,bytes). PC: 0xf24. Line number: 134.
Vulnerability: Integer Overflow. Maybe in function: transferFrom(address,address,uint256). PC: 0x84d. Line number: 62.
If a = 14986358112015705057545690290608139686599350264201312717244250739427346028346
and b = 101786841151422658262900167321957143559671268995048110630283302141471392794418
Vulnerability: Integer Overflow. Maybe in function: approveAndCall(address,uint256,bytes). PC: 0xd7e. Line number: 129.
If a = 32
and b = 115792089237316195423570985008687907853269984665640564039457584007913129639720
Vulnerability: Integer Overflow. Maybe in function: transfer(address,uint256). PC: 0xc21. Line number: 52.
If a = 94650996772457130513482623245754233028286551280985323186593832453758212984833
and b = 72348384235649911729175179526067603505531860663162438144805924874757455412333
Vulnerability: Integer Overflow. Maybe in function: approveAndCall(address,uint256,bytes). PC: 0xe81. Line number: 134.
If a = 32
and b = 115792089237316195423570985008687907853269984665640564039457584007913129639714
Analysing /sb/0xc1993e3fd0087b7ff3f7ca6b5a566ad8c3c7eb9b.sol:StandardToken...
Vulnerability: Integer Overflow. Maybe in function: transfer(address,uint256). PC: 0x764. Line number: 52.
If a = 92357129259826721679871321570621851320936571300084614451313618881273026225667
and b = 64434250305469659815540720558743995389686487730727720748809766592726956717187
Vulnerability: Integer Overflow. Maybe in function: transferFrom(address,address,uint256). PC: 0x4df. Line number: 62.
If a = 57975994476590749768032277203184202145617678894854344143767221516710257781430
and b = 98661182568042404803885235145752109784169864045878247715481236160612282026406
Analysing /sb/0xc1993e3fd0087b7ff3f7ca6b5a566ad8c3c7eb9b.sol:Token...
