A new version of Solhint is available: 6.0.1
Please consider updating your Solhint package.
/sb/0xcbc09a466a8b0b8cac35e2aaaea116107eae352e.sol:1:1: Found more than One contract per file. 3 contracts found! [Warning/one-contract-per-file]
/sb/0xcbc09a466a8b0b8cac35e2aaaea116107eae352e.sol:1:1: Compiler version ^0.4.19 does not satisfy the ^0.8.24 semver requirement [Error/compiler-version]
/sb/0xcbc09a466a8b0b8cac35e2aaaea116107eae352e.sol:3:1: Missing @title tag in contract 'Token' [Warning/use-natspec]
/sb/0xcbc09a466a8b0b8cac35e2aaaea116107eae352e.sol:3:1: Missing @author tag in contract 'Token' [Warning/use-natspec]
/sb/0xcbc09a466a8b0b8cac35e2aaaea116107eae352e.sol:3:1: Missing @notice tag in contract 'Token' [Warning/use-natspec]
/sb/0xcbc09a466a8b0b8cac35e2aaaea116107eae352e.sol:14:5: Missing @notice tag in variable 'totalSupply' [Warning/use-natspec]
/sb/0xcbc09a466a8b0b8cac35e2aaaea116107eae352e.sol:18:5: Missing @notice tag in function 'balanceOf' [Warning/use-natspec]
/sb/0xcbc09a466a8b0b8cac35e2aaaea116107eae352e.sol:18:5: Mismatch in @return names for function 'balanceOf'. Expected: [balance], Found: [The] [Warning/use-natspec]
/sb/0xcbc09a466a8b0b8cac35e2aaaea116107eae352e.sol:24:5: Mismatch in @return names for function 'transfer'. Expected: [success], Found: [Whether] [Warning/use-natspec]
/sb/0xcbc09a466a8b0b8cac35e2aaaea116107eae352e.sol:31:5: Mismatch in @return names for function 'transferFrom'. Expected: [success], Found: [Whether] [Warning/use-natspec]
/sb/0xcbc09a466a8b0b8cac35e2aaaea116107eae352e.sol:37:5: Mismatch in @return names for function 'approve'. Expected: [success], Found: [Whether] [Warning/use-natspec]
/sb/0xcbc09a466a8b0b8cac35e2aaaea116107eae352e.sol:42:5: Missing @notice tag in function 'allowance' [Warning/use-natspec]
/sb/0xcbc09a466a8b0b8cac35e2aaaea116107eae352e.sol:42:5: Mismatch in @return names for function 'allowance'. Expected: [remaining], Found: [Amount] [Warning/use-natspec]
/sb/0xcbc09a466a8b0b8cac35e2aaaea116107eae352e.sol:44:5: Missing @notice tag in event 'Transfer' [Warning/use-natspec]
/sb/0xcbc09a466a8b0b8cac35e2aaaea116107eae352e.sol:44:5: Missing @param tag in event 'Transfer' [Warning/use-natspec]
/sb/0xcbc09a466a8b0b8cac35e2aaaea116107eae352e.sol:44:5: Mismatch in @param names for event 'Transfer'. Expected: [_from, _to, _value], Found: [] [Warning/use-natspec]
/sb/0xcbc09a466a8b0b8cac35e2aaaea116107eae352e.sol:44:5: GC: [_value] on Event [Transfer] could be Indexed [Warning/gas-indexed-events]
/sb/0xcbc09a466a8b0b8cac35e2aaaea116107eae352e.sol:45:5: Missing @notice tag in event 'Approval' [Warning/use-natspec]
/sb/0xcbc09a466a8b0b8cac35e2aaaea116107eae352e.sol:45:5: Missing @param tag in event 'Approval' [Warning/use-natspec]
/sb/0xcbc09a466a8b0b8cac35e2aaaea116107eae352e.sol:45:5: Mismatch in @param names for event 'Approval'. Expected: [_owner, _spender, _value], Found: [] [Warning/use-natspec]
/sb/0xcbc09a466a8b0b8cac35e2aaaea116107eae352e.sol:45:5: GC: [_value] on Event [Approval] could be Indexed [Warning/gas-indexed-events]
/sb/0xcbc09a466a8b0b8cac35e2aaaea116107eae352e.sol:48:1: Missing @title tag in contract 'StandardToken' [Warning/use-natspec]
/sb/0xcbc09a466a8b0b8cac35e2aaaea116107eae352e.sol:48:1: Missing @author tag in contract 'StandardToken' [Warning/use-natspec]
/sb/0xcbc09a466a8b0b8cac35e2aaaea116107eae352e.sol:48:1: Missing @notice tag in contract 'StandardToken' [Warning/use-natspec]
/sb/0xcbc09a466a8b0b8cac35e2aaaea116107eae352e.sol:50:5: Explicitly mark visibility of state [Warning/state-visibility]
/sb/0xcbc09a466a8b0b8cac35e2aaaea116107eae352e.sol:52:5: Missing @notice tag in function 'transfer' [Warning/use-natspec]
/sb/0xcbc09a466a8b0b8cac35e2aaaea116107eae352e.sol:52:5: Missing @param tag in function 'transfer' [Warning/use-natspec]
/sb/0xcbc09a466a8b0b8cac35e2aaaea116107eae352e.sol:52:5: Mismatch in @param names for function 'transfer'. Expected: [_to, _value], Found: [] [Warning/use-natspec]
/sb/0xcbc09a466a8b0b8cac35e2aaaea116107eae352e.sol:52:5: Missing @return tag in function 'transfer' [Warning/use-natspec]
/sb/0xcbc09a466a8b0b8cac35e2aaaea116107eae352e.sol:52:5: Mismatch in @return names for function 'transfer'. Expected: [success], Found: [] [Warning/use-natspec]
/sb/0xcbc09a466a8b0b8cac35e2aaaea116107eae352e.sol:57:9: Provide an error message for require [Warning/reason-string]
/sb/0xcbc09a466a8b0b8cac35e2aaaea116107eae352e.sol:57:17: GC: Non strict inequality found. Try converting to a strict one [Warning/gas-strict-inequalities]
/sb/0xcbc09a466a8b0b8cac35e2aaaea116107eae352e.sol:64:5: Missing @notice tag in function 'transferFrom' [Warning/use-natspec]
/sb/0xcbc09a466a8b0b8cac35e2aaaea116107eae352e.sol:64:5: Missing @param tag in function 'transferFrom' [Warning/use-natspec]
/sb/0xcbc09a466a8b0b8cac35e2aaaea116107eae352e.sol:64:5: Mismatch in @param names for function 'transferFrom'. Expected: [_from, _to, _value], Found: [] [Warning/use-natspec]
/sb/0xcbc09a466a8b0b8cac35e2aaaea116107eae352e.sol:64:5: Missing @return tag in function 'transferFrom' [Warning/use-natspec]
/sb/0xcbc09a466a8b0b8cac35e2aaaea116107eae352e.sol:64:5: Mismatch in @return names for function 'transferFrom'. Expected: [success], Found: [] [Warning/use-natspec]
/sb/0xcbc09a466a8b0b8cac35e2aaaea116107eae352e.sol:68:9: Provide an error message for require [Warning/reason-string]
/sb/0xcbc09a466a8b0b8cac35e2aaaea116107eae352e.sol:68:17: GC: Non strict inequality found. Try converting to a strict one [Warning/gas-strict-inequalities]
/sb/0xcbc09a466a8b0b8cac35e2aaaea116107eae352e.sol:68:46: GC: Non strict inequality found. Try converting to a strict one [Warning/gas-strict-inequalities]
/sb/0xcbc09a466a8b0b8cac35e2aaaea116107eae352e.sol:78:5: Missing @notice tag in function 'balanceOf' [Warning/use-natspec]
/sb/0xcbc09a466a8b0b8cac35e2aaaea116107eae352e.sol:78:5: Missing @param tag in function 'balanceOf' [Warning/use-natspec]
/sb/0xcbc09a466a8b0b8cac35e2aaaea116107eae352e.sol:78:5: Mismatch in @param names for function 'balanceOf'. Expected: [_owner], Found: [] [Warning/use-natspec]
/sb/0xcbc09a466a8b0b8cac35e2aaaea116107eae352e.sol:78:5: Missing @return tag in function 'balanceOf' [Warning/use-natspec]
/sb/0xcbc09a466a8b0b8cac35e2aaaea116107eae352e.sol:78:5: Mismatch in @return names for function 'balanceOf'. Expected: [balance], Found: [] [Warning/use-natspec]
/sb/0xcbc09a466a8b0b8cac35e2aaaea116107eae352e.sol:78:49: Visibility modifier must be first in list of modifiers [Warning/visibility-modifier-order]
/sb/0xcbc09a466a8b0b8cac35e2aaaea116107eae352e.sol:82:5: Missing @notice tag in function 'approve' [Warning/use-natspec]
/sb/0xcbc09a466a8b0b8cac35e2aaaea116107eae352e.sol:82:5: Missing @param tag in function 'approve' [Warning/use-natspec]
/sb/0xcbc09a466a8b0b8cac35e2aaaea116107eae352e.sol:82:5: Mismatch in @param names for function 'approve'. Expected: [_spender, _value], Found: [] [Warning/use-natspec]
/sb/0xcbc09a466a8b0b8cac35e2aaaea116107eae352e.sol:82:5: Missing @return tag in function 'approve' [Warning/use-natspec]
/sb/0xcbc09a466a8b0b8cac35e2aaaea116107eae352e.sol:82:5: Mismatch in @return names for function 'approve'. Expected: [success], Found: [] [Warning/use-natspec]
/sb/0xcbc09a466a8b0b8cac35e2aaaea116107eae352e.sol:88:5: Missing @notice tag in function 'allowance' [Warning/use-natspec]
/sb/0xcbc09a466a8b0b8cac35e2aaaea116107eae352e.sol:88:5: Missing @param tag in function 'allowance' [Warning/use-natspec]
/sb/0xcbc09a466a8b0b8cac35e2aaaea116107eae352e.sol:88:5: Mismatch in @param names for function 'allowance'. Expected: [_owner, _spender], Found: [] [Warning/use-natspec]
/sb/0xcbc09a466a8b0b8cac35e2aaaea116107eae352e.sol:88:5: Missing @return tag in function 'allowance' [Warning/use-natspec]
/sb/0xcbc09a466a8b0b8cac35e2aaaea116107eae352e.sol:88:5: Mismatch in @return names for function 'allowance'. Expected: [remaining], Found: [] [Warning/use-natspec]
/sb/0xcbc09a466a8b0b8cac35e2aaaea116107eae352e.sol:92:5: Explicitly mark visibility of state [Warning/state-visibility]
/sb/0xcbc09a466a8b0b8cac35e2aaaea116107eae352e.sol:93:5: Explicitly mark visibility of state [Warning/state-visibility]
/sb/0xcbc09a466a8b0b8cac35e2aaaea116107eae352e.sol:96:1: Missing @title tag in contract 'WonderDogToken' [Warning/use-natspec]
/sb/0xcbc09a466a8b0b8cac35e2aaaea116107eae352e.sol:96:1: Missing @author tag in contract 'WonderDogToken' [Warning/use-natspec]
/sb/0xcbc09a466a8b0b8cac35e2aaaea116107eae352e.sol:96:1: Missing @notice tag in contract 'WonderDogToken' [Warning/use-natspec]
/sb/0xcbc09a466a8b0b8cac35e2aaaea116107eae352e.sol:106:5: Missing @notice tag in variable 'name' [Warning/use-natspec]
/sb/0xcbc09a466a8b0b8cac35e2aaaea116107eae352e.sol:107:5: Missing @notice tag in variable 'decimals' [Warning/use-natspec]
/sb/0xcbc09a466a8b0b8cac35e2aaaea116107eae352e.sol:108:5: Missing @notice tag in variable 'symbol' [Warning/use-natspec]
/sb/0xcbc09a466a8b0b8cac35e2aaaea116107eae352e.sol:109:5: Missing @notice tag in variable 'version' [Warning/use-natspec]
/sb/0xcbc09a466a8b0b8cac35e2aaaea116107eae352e.sol:109:29: Use double quotes for string literals [Error/quotes]
/sb/0xcbc09a466a8b0b8cac35e2aaaea116107eae352e.sol:111:6: Missing @notice tag in function 'WonderDogToken' [Warning/use-natspec]
/sb/0xcbc09a466a8b0b8cac35e2aaaea116107eae352e.sol:111:6: Missing @param tag in function 'WonderDogToken' [Warning/use-natspec]
/sb/0xcbc09a466a8b0b8cac35e2aaaea116107eae352e.sol:111:6: Mismatch in @param names for function 'WonderDogToken'. Expected: [_initialAmount, _tokenName, _decimalUnits, _tokenSymbol], Found: [] [Warning/use-natspec]
/sb/0xcbc09a466a8b0b8cac35e2aaaea116107eae352e.sol:125:5: Missing @notice tag in function 'approveAndCall' [Warning/use-natspec]
/sb/0xcbc09a466a8b0b8cac35e2aaaea116107eae352e.sol:125:5: Missing @param tag in function 'approveAndCall' [Warning/use-natspec]
/sb/0xcbc09a466a8b0b8cac35e2aaaea116107eae352e.sol:125:5: Mismatch in @param names for function 'approveAndCall'. Expected: [_spender, _value, _extraData], Found: [] [Warning/use-natspec]
/sb/0xcbc09a466a8b0b8cac35e2aaaea116107eae352e.sol:125:5: Missing @return tag in function 'approveAndCall' [Warning/use-natspec]
/sb/0xcbc09a466a8b0b8cac35e2aaaea116107eae352e.sol:125:5: Mismatch in @return names for function 'approveAndCall'. Expected: [success], Found: [] [Warning/use-natspec]
/sb/0xcbc09a466a8b0b8cac35e2aaaea116107eae352e.sol:132:9: Provide an error message for require [Warning/reason-string]
/sb/0xcbc09a466a8b0b8cac35e2aaaea116107eae352e.sol:132:17: Avoid to use low level calls. [Warning/avoid-low-level-calls]
/sb/0xcbc09a466a8b0b8cac35e2aaaea116107eae352e.sol:132:46: GC: String exceeds 32 bytes [Warning/gas-small-strings]

77 problem/s (2 error/s, 75 warning/s)
