Extract contract BasicToken from /sb/0x3c2d8b8536d4bc6bad21e04d30fed77caf67106b.sol
Extract contract BurnableToken from /sb/0x3c2d8b8536d4bc6bad21e04d30fed77caf67106b.sol
Extract contract Consts from /sb/0x3c2d8b8536d4bc6bad21e04d30fed77caf67106b.sol
Extract contract ERC223ReceiverWithoutTokenFallback from /sb/0x3c2d8b8536d4bc6bad21e04d30fed77caf67106b.sol
Extract contract ERC223Token from /sb/0x3c2d8b8536d4bc6bad21e04d30fed77caf67106b.sol
Extract contract FailingERC223Receiver from /sb/0x3c2d8b8536d4bc6bad21e04d30fed77caf67106b.sol
Extract contract FreezableMintableToken from /sb/0x3c2d8b8536d4bc6bad21e04d30fed77caf67106b.sol
Extract contract FreezableToken from /sb/0x3c2d8b8536d4bc6bad21e04d30fed77caf67106b.sol
Extract contract MainToken from /sb/0x3c2d8b8536d4bc6bad21e04d30fed77caf67106b.sol
Extract contract MintableToken from /sb/0x3c2d8b8536d4bc6bad21e04d30fed77caf67106b.sol
Extract contract Ownable from /sb/0x3c2d8b8536d4bc6bad21e04d30fed77caf67106b.sol
Extract contract Pausable from /sb/0x3c2d8b8536d4bc6bad21e04d30fed77caf67106b.sol
Extract contract SafeMath from /sb/0x3c2d8b8536d4bc6bad21e04d30fed77caf67106b.sol
Extract contract StandardToken from /sb/0x3c2d8b8536d4bc6bad21e04d30fed77caf67106b.sol
Extract contract SuccessfulERC223Receiver from /sb/0x3c2d8b8536d4bc6bad21e04d30fed77caf67106b.sol
Extracted 15 contract(s) from /sb/0x3c2d8b8536d4bc6bad21e04d30fed77caf67106b.sol
[0;32m> Created "fuzzMe"[0m
[0;32m> To fuzz contracts:[0m
  chmod +x fuzzMe
  ./fuzzMe
contracts/FailingERC223Receiver.sol:222:3: Warning: Defining constructors as functions with the same name as the contract is deprecated. Use "constructor(...) { ... }" instead.
  function Ownable() public {
  ^ (Relevant source part starts here and spans across multiple lines).
contracts/FailingERC223Receiver.sol:678:5: Warning: Defining constructors as functions with the same name as the contract is deprecated. Use "constructor(...) { ... }" instead.
    function MainToken() public {
    ^ (Relevant source part starts here and spans across multiple lines).
contracts/FailingERC223Receiver.sol:93:5: Warning: Invoking events without "emit" prefix is deprecated.
    Transfer(msg.sender, _to, _value);
    ^-------------------------------^
contracts/FailingERC223Receiver.sol:149:5: Warning: Invoking events without "emit" prefix is deprecated.
    Transfer(_from, _to, _value);
    ^--------------------------^
contracts/FailingERC223Receiver.sol:165:5: Warning: Invoking events without "emit" prefix is deprecated.
    Approval(msg.sender, _spender, _value);
    ^------------------------------------^
contracts/FailingERC223Receiver.sol:187:5: Warning: Invoking events without "emit" prefix is deprecated.
    Approval(msg.sender, _spender, allowed[msg.sender][_spender]);
    ^-----------------------------------------------------------^
contracts/FailingERC223Receiver.sol:198:5: Warning: Invoking events without "emit" prefix is deprecated.
    Approval(msg.sender, _spender, allowed[msg.sender][_spender]);
    ^-----------------------------------------------------------^
contracts/FailingERC223Receiver.sol:242:5: Warning: Invoking events without "emit" prefix is deprecated.
    OwnershipTransferred(owner, newOwner);
    ^-----------------------------------^
contracts/FailingERC223Receiver.sol:278:5: Warning: Invoking events without "emit" prefix is deprecated.
    Mint(_to, _amount);
    ^----------------^
contracts/FailingERC223Receiver.sol:279:5: Warning: Invoking events without "emit" prefix is deprecated.
    Transfer(address(0), _to, _amount);
    ^--------------------------------^
contracts/FailingERC223Receiver.sol:289:5: Warning: Invoking events without "emit" prefix is deprecated.
    MintFinished();
    ^------------^
contracts/FailingERC223Receiver.sol:376:9: Warning: Invoking events without "emit" prefix is deprecated.
        Transfer(msg.sender, _to, _amount);
        ^--------------------------------^
contracts/FailingERC223Receiver.sol:525:9: Warning: Invoking events without "emit" prefix is deprecated.
        Burn(burner, _value);
        ^------------------^
contracts/FailingERC223Receiver.sol:563:5: Warning: Invoking events without "emit" prefix is deprecated.
    Pause();
    ^-----^
contracts/FailingERC223Receiver.sol:571:5: Warning: Invoking events without "emit" prefix is deprecated.
    Unpause();
    ^-------^
contracts/Ownable.sol:222:3: Warning: Defining constructors as functions with the same name as the contract is deprecated. Use "constructor(...) { ... }" instead.
  function Ownable() public {
  ^ (Relevant source part starts here and spans across multiple lines).
contracts/Ownable.sol:678:5: Warning: Defining constructors as functions with the same name as the contract is deprecated. Use "constructor(...) { ... }" instead.
    function MainToken() public {
    ^ (Relevant source part starts here and spans across multiple lines).
contracts/Ownable.sol:93:5: Warning: Invoking events without "emit" prefix is deprecated.
    Transfer(msg.sender, _to, _value);
    ^-------------------------------^
contracts/Ownable.sol:149:5: Warning: Invoking events without "emit" prefix is deprecated.
    Transfer(_from, _to, _value);
    ^--------------------------^
contracts/Ownable.sol:165:5: Warning: Invoking events without "emit" prefix is deprecated.
    Approval(msg.sender, _spender, _value);
    ^------------------------------------^
contracts/Ownable.sol:187:5: Warning: Invoking events without "emit" prefix is deprecated.
    Approval(msg.sender, _spender, allowed[msg.sender][_spender]);
    ^-----------------------------------------------------------^
contracts/Ownable.sol:198:5: Warning: Invoking events without "emit" prefix is deprecated.
    Approval(msg.sender, _spender, allowed[msg.sender][_spender]);
    ^-----------------------------------------------------------^
contracts/Ownable.sol:242:5: Warning: Invoking events without "emit" prefix is deprecated.
    OwnershipTransferred(owner, newOwner);
    ^-----------------------------------^
contracts/Ownable.sol:278:5: Warning: Invoking events without "emit" prefix is deprecated.
    Mint(_to, _amount);
    ^----------------^
contracts/Ownable.sol:279:5: Warning: Invoking events without "emit" prefix is deprecated.
    Transfer(address(0), _to, _amount);
    ^--------------------------------^
contracts/Ownable.sol:289:5: Warning: Invoking events without "emit" prefix is deprecated.
    MintFinished();
    ^------------^
contracts/Ownable.sol:376:9: Warning: Invoking events without "emit" prefix is deprecated.
        Transfer(msg.sender, _to, _amount);
        ^--------------------------------^
contracts/Ownable.sol:525:9: Warning: Invoking events without "emit" prefix is deprecated.
        Burn(burner, _value);
        ^------------------^
contracts/Ownable.sol:563:5: Warning: Invoking events without "emit" prefix is deprecated.
    Pause();
    ^-----^
contracts/Ownable.sol:571:5: Warning: Invoking events without "emit" prefix is deprecated.
    Unpause();
    ^-------^
contracts/MintableToken.sol:222:3: Warning: Defining constructors as functions with the same name as the contract is deprecated. Use "constructor(...) { ... }" instead.
  function Ownable() public {
  ^ (Relevant source part starts here and spans across multiple lines).
contracts/MintableToken.sol:678:5: Warning: Defining constructors as functions with the same name as the contract is deprecated. Use "constructor(...) { ... }" instead.
    function MainToken() public {
    ^ (Relevant source part starts here and spans across multiple lines).
contracts/MintableToken.sol:93:5: Warning: Invoking events without "emit" prefix is deprecated.
    Transfer(msg.sender, _to, _value);
    ^-------------------------------^
contracts/MintableToken.sol:149:5: Warning: Invoking events without "emit" prefix is deprecated.
    Transfer(_from, _to, _value);
    ^--------------------------^
contracts/MintableToken.sol:165:5: Warning: Invoking events without "emit" prefix is deprecated.
    Approval(msg.sender, _spender, _value);
    ^------------------------------------^
contracts/MintableToken.sol:187:5: Warning: Invoking events without "emit" prefix is deprecated.
    Approval(msg.sender, _spender, allowed[msg.sender][_spender]);
    ^-----------------------------------------------------------^
contracts/MintableToken.sol:198:5: Warning: Invoking events without "emit" prefix is deprecated.
    Approval(msg.sender, _spender, allowed[msg.sender][_spender]);
    ^-----------------------------------------------------------^
contracts/MintableToken.sol:242:5: Warning: Invoking events without "emit" prefix is deprecated.
    OwnershipTransferred(owner, newOwner);
    ^-----------------------------------^
contracts/MintableToken.sol:278:5: Warning: Invoking events without "emit" prefix is deprecated.
    Mint(_to, _amount);
    ^----------------^
contracts/MintableToken.sol:279:5: Warning: Invoking events without "emit" prefix is deprecated.
    Transfer(address(0), _to, _amount);
    ^--------------------------------^
contracts/MintableToken.sol:289:5: Warning: Invoking events without "emit" prefix is deprecated.
    MintFinished();
    ^------------^
contracts/MintableToken.sol:376:9: Warning: Invoking events without "emit" prefix is deprecated.
        Transfer(msg.sender, _to, _amount);
        ^--------------------------------^
contracts/MintableToken.sol:525:9: Warning: Invoking events without "emit" prefix is deprecated.
        Burn(burner, _value);
        ^------------------^
contracts/MintableToken.sol:563:5: Warning: Invoking events without "emit" prefix is deprecated.
    Pause();
    ^-----^
contracts/MintableToken.sol:571:5: Warning: Invoking events without "emit" prefix is deprecated.
    Unpause();
    ^-------^
contracts/SafeMath.sol:222:3: Warning: Defining constructors as functions with the same name as the contract is deprecated. Use "constructor(...) { ... }" instead.
  function Ownable() public {
  ^ (Relevant source part starts here and spans across multiple lines).
contracts/SafeMath.sol:678:5: Warning: Defining constructors as functions with the same name as the contract is deprecated. Use "constructor(...) { ... }" instead.
    function MainToken() public {
    ^ (Relevant source part starts here and spans across multiple lines).
contracts/SafeMath.sol:93:5: Warning: Invoking events without "emit" prefix is deprecated.
    Transfer(msg.sender, _to, _value);
    ^-------------------------------^
contracts/SafeMath.sol:149:5: Warning: Invoking events without "emit" prefix is deprecated.
    Transfer(_from, _to, _value);
    ^--------------------------^
contracts/SafeMath.sol:165:5: Warning: Invoking events without "emit" prefix is deprecated.
    Approval(msg.sender, _spender, _value);
    ^------------------------------------^
contracts/SafeMath.sol:187:5: Warning: Invoking events without "emit" prefix is deprecated.
    Approval(msg.sender, _spender, allowed[msg.sender][_spender]);
    ^-----------------------------------------------------------^
contracts/SafeMath.sol:198:5: Warning: Invoking events without "emit" prefix is deprecated.
    Approval(msg.sender, _spender, allowed[msg.sender][_spender]);
    ^-----------------------------------------------------------^
contracts/SafeMath.sol:242:5: Warning: Invoking events without "emit" prefix is deprecated.
    OwnershipTransferred(owner, newOwner);
    ^-----------------------------------^
contracts/SafeMath.sol:278:5: Warning: Invoking events without "emit" prefix is deprecated.
    Mint(_to, _amount);
    ^----------------^
contracts/SafeMath.sol:279:5: Warning: Invoking events without "emit" prefix is deprecated.
    Transfer(address(0), _to, _amount);
    ^--------------------------------^
contracts/SafeMath.sol:289:5: Warning: Invoking events without "emit" prefix is deprecated.
    MintFinished();
    ^------------^
contracts/SafeMath.sol:376:9: Warning: Invoking events without "emit" prefix is deprecated.
        Transfer(msg.sender, _to, _amount);
        ^--------------------------------^
contracts/SafeMath.sol:525:9: Warning: Invoking events without "emit" prefix is deprecated.
        Burn(burner, _value);
        ^------------------^
contracts/SafeMath.sol:563:5: Warning: Invoking events without "emit" prefix is deprecated.
    Pause();
    ^-----^
contracts/SafeMath.sol:571:5: Warning: Invoking events without "emit" prefix is deprecated.
    Unpause();
    ^-------^
contracts/FreezableToken.sol:222:3: Warning: Defining constructors as functions with the same name as the contract is deprecated. Use "constructor(...) { ... }" instead.
  function Ownable() public {
  ^ (Relevant source part starts here and spans across multiple lines).
contracts/FreezableToken.sol:678:5: Warning: Defining constructors as functions with the same name as the contract is deprecated. Use "constructor(...) { ... }" instead.
    function MainToken() public {
    ^ (Relevant source part starts here and spans across multiple lines).
contracts/FreezableToken.sol:93:5: Warning: Invoking events without "emit" prefix is deprecated.
    Transfer(msg.sender, _to, _value);
    ^-------------------------------^
contracts/FreezableToken.sol:149:5: Warning: Invoking events without "emit" prefix is deprecated.
    Transfer(_from, _to, _value);
    ^--------------------------^
contracts/FreezableToken.sol:165:5: Warning: Invoking events without "emit" prefix is deprecated.
    Approval(msg.sender, _spender, _value);
    ^------------------------------------^
contracts/FreezableToken.sol:187:5: Warning: Invoking events without "emit" prefix is deprecated.
    Approval(msg.sender, _spender, allowed[msg.sender][_spender]);
    ^-----------------------------------------------------------^
contracts/FreezableToken.sol:198:5: Warning: Invoking events without "emit" prefix is deprecated.
    Approval(msg.sender, _spender, allowed[msg.sender][_spender]);
    ^-----------------------------------------------------------^
contracts/FreezableToken.sol:242:5: Warning: Invoking events without "emit" prefix is deprecated.
    OwnershipTransferred(owner, newOwner);
    ^-----------------------------------^
contracts/FreezableToken.sol:278:5: Warning: Invoking events without "emit" prefix is deprecated.
    Mint(_to, _amount);
    ^----------------^
contracts/FreezableToken.sol:279:5: Warning: Invoking events without "emit" prefix is deprecated.
    Transfer(address(0), _to, _amount);
    ^--------------------------------^
contracts/FreezableToken.sol:289:5: Warning: Invoking events without "emit" prefix is deprecated.
    MintFinished();
    ^------------^
contracts/FreezableToken.sol:376:9: Warning: Invoking events without "emit" prefix is deprecated.
        Transfer(msg.sender, _to, _amount);
        ^--------------------------------^
contracts/FreezableToken.sol:525:9: Warning: Invoking events without "emit" prefix is deprecated.
        Burn(burner, _value);
        ^------------------^
contracts/FreezableToken.sol:563:5: Warning: Invoking events without "emit" prefix is deprecated.
    Pause();
    ^-----^
contracts/FreezableToken.sol:571:5: Warning: Invoking events without "emit" prefix is deprecated.
    Unpause();
    ^-------^
contracts/MainToken.sol:222:3: Warning: Defining constructors as functions with the same name as the contract is deprecated. Use "constructor(...) { ... }" instead.
  function Ownable() public {
  ^ (Relevant source part starts here and spans across multiple lines).
contracts/MainToken.sol:678:5: Warning: Defining constructors as functions with the same name as the contract is deprecated. Use "constructor(...) { ... }" instead.
    function MainToken() public {
    ^ (Relevant source part starts here and spans across multiple lines).
contracts/MainToken.sol:93:5: Warning: Invoking events without "emit" prefix is deprecated.
    Transfer(msg.sender, _to, _value);
    ^-------------------------------^
contracts/MainToken.sol:149:5: Warning: Invoking events without "emit" prefix is deprecated.
    Transfer(_from, _to, _value);
    ^--------------------------^
contracts/MainToken.sol:165:5: Warning: Invoking events without "emit" prefix is deprecated.
    Approval(msg.sender, _spender, _value);
    ^------------------------------------^
contracts/MainToken.sol:187:5: Warning: Invoking events without "emit" prefix is deprecated.
    Approval(msg.sender, _spender, allowed[msg.sender][_spender]);
    ^-----------------------------------------------------------^
contracts/MainToken.sol:198:5: Warning: Invoking events without "emit" prefix is deprecated.
    Approval(msg.sender, _spender, allowed[msg.sender][_spender]);
    ^-----------------------------------------------------------^
contracts/MainToken.sol:242:5: Warning: Invoking events without "emit" prefix is deprecated.
    OwnershipTransferred(owner, newOwner);
    ^-----------------------------------^
contracts/MainToken.sol:278:5: Warning: Invoking events without "emit" prefix is deprecated.
    Mint(_to, _amount);
    ^----------------^
contracts/MainToken.sol:279:5: Warning: Invoking events without "emit" prefix is deprecated.
    Transfer(address(0), _to, _amount);
    ^--------------------------------^
contracts/MainToken.sol:289:5: Warning: Invoking events without "emit" prefix is deprecated.
    MintFinished();
    ^------------^
contracts/MainToken.sol:376:9: Warning: Invoking events without "emit" prefix is deprecated.
        Transfer(msg.sender, _to, _amount);
        ^--------------------------------^
contracts/MainToken.sol:525:9: Warning: Invoking events without "emit" prefix is deprecated.
        Burn(burner, _value);
        ^------------------^
contracts/MainToken.sol:563:5: Warning: Invoking events without "emit" prefix is deprecated.
    Pause();
    ^-----^
contracts/MainToken.sol:571:5: Warning: Invoking events without "emit" prefix is deprecated.
    Unpause();
    ^-------^
contracts/SuccessfulERC223Receiver.sol:222:3: Warning: Defining constructors as functions with the same name as the contract is deprecated. Use "constructor(...) { ... }" instead.
  function Ownable() public {
  ^ (Relevant source part starts here and spans across multiple lines).
contracts/SuccessfulERC223Receiver.sol:678:5: Warning: Defining constructors as functions with the same name as the contract is deprecated. Use "constructor(...) { ... }" instead.
    function MainToken() public {
    ^ (Relevant source part starts here and spans across multiple lines).
contracts/SuccessfulERC223Receiver.sol:93:5: Warning: Invoking events without "emit" prefix is deprecated.
    Transfer(msg.sender, _to, _value);
    ^-------------------------------^
contracts/SuccessfulERC223Receiver.sol:149:5: Warning: Invoking events without "emit" prefix is deprecated.
    Transfer(_from, _to, _value);
    ^--------------------------^
contracts/SuccessfulERC223Receiver.sol:165:5: Warning: Invoking events without "emit" prefix is deprecated.
    Approval(msg.sender, _spender, _value);
    ^------------------------------------^
contracts/SuccessfulERC223Receiver.sol:187:5: Warning: Invoking events without "emit" prefix is deprecated.
    Approval(msg.sender, _spender, allowed[msg.sender][_spender]);
    ^-----------------------------------------------------------^
contracts/SuccessfulERC223Receiver.sol:198:5: Warning: Invoking events without "emit" prefix is deprecated.
    Approval(msg.sender, _spender, allowed[msg.sender][_spender]);
    ^-----------------------------------------------------------^
contracts/SuccessfulERC223Receiver.sol:242:5: Warning: Invoking events without "emit" prefix is deprecated.
    OwnershipTransferred(owner, newOwner);
    ^-----------------------------------^
contracts/SuccessfulERC223Receiver.sol:278:5: Warning: Invoking events without "emit" prefix is deprecated.
    Mint(_to, _amount);
    ^----------------^
contracts/SuccessfulERC223Receiver.sol:279:5: Warning: Invoking events without "emit" prefix is deprecated.
    Transfer(address(0), _to, _amount);
    ^--------------------------------^
contracts/SuccessfulERC223Receiver.sol:289:5: Warning: Invoking events without "emit" prefix is deprecated.
    MintFinished();
    ^------------^
contracts/SuccessfulERC223Receiver.sol:376:9: Warning: Invoking events without "emit" prefix is deprecated.
        Transfer(msg.sender, _to, _amount);
        ^--------------------------------^
contracts/SuccessfulERC223Receiver.sol:525:9: Warning: Invoking events without "emit" prefix is deprecated.
        Burn(burner, _value);
        ^------------------^
contracts/SuccessfulERC223Receiver.sol:563:5: Warning: Invoking events without "emit" prefix is deprecated.
    Pause();
    ^-----^
contracts/SuccessfulERC223Receiver.sol:571:5: Warning: Invoking events without "emit" prefix is deprecated.
    Unpause();
    ^-------^
contracts/FreezableMintableToken.sol:222:3: Warning: Defining constructors as functions with the same name as the contract is deprecated. Use "constructor(...) { ... }" instead.
  function Ownable() public {
  ^ (Relevant source part starts here and spans across multiple lines).
contracts/FreezableMintableToken.sol:678:5: Warning: Defining constructors as functions with the same name as the contract is deprecated. Use "constructor(...) { ... }" instead.
    function MainToken() public {
    ^ (Relevant source part starts here and spans across multiple lines).
contracts/FreezableMintableToken.sol:93:5: Warning: Invoking events without "emit" prefix is deprecated.
    Transfer(msg.sender, _to, _value);
    ^-------------------------------^
contracts/FreezableMintableToken.sol:149:5: Warning: Invoking events without "emit" prefix is deprecated.
    Transfer(_from, _to, _value);
    ^--------------------------^
contracts/FreezableMintableToken.sol:165:5: Warning: Invoking events without "emit" prefix is deprecated.
    Approval(msg.sender, _spender, _value);
    ^------------------------------------^
contracts/FreezableMintableToken.sol:187:5: Warning: Invoking events without "emit" prefix is deprecated.
    Approval(msg.sender, _spender, allowed[msg.sender][_spender]);
    ^-----------------------------------------------------------^
contracts/FreezableMintableToken.sol:198:5: Warning: Invoking events without "emit" prefix is deprecated.
    Approval(msg.sender, _spender, allowed[msg.sender][_spender]);
    ^-----------------------------------------------------------^
contracts/FreezableMintableToken.sol:242:5: Warning: Invoking events without "emit" prefix is deprecated.
    OwnershipTransferred(owner, newOwner);
    ^-----------------------------------^
contracts/FreezableMintableToken.sol:278:5: Warning: Invoking events without "emit" prefix is deprecated.
    Mint(_to, _amount);
    ^----------------^
contracts/FreezableMintableToken.sol:279:5: Warning: Invoking events without "emit" prefix is deprecated.
    Transfer(address(0), _to, _amount);
    ^--------------------------------^
contracts/FreezableMintableToken.sol:289:5: Warning: Invoking events without "emit" prefix is deprecated.
    MintFinished();
    ^------------^
contracts/FreezableMintableToken.sol:376:9: Warning: Invoking events without "emit" prefix is deprecated.
        Transfer(msg.sender, _to, _amount);
        ^--------------------------------^
contracts/FreezableMintableToken.sol:525:9: Warning: Invoking events without "emit" prefix is deprecated.
        Burn(burner, _value);
        ^------------------^
contracts/FreezableMintableToken.sol:563:5: Warning: Invoking events without "emit" prefix is deprecated.
    Pause();
    ^-----^
contracts/FreezableMintableToken.sol:571:5: Warning: Invoking events without "emit" prefix is deprecated.
    Unpause();
    ^-------^
contracts/Pausable.sol:222:3: Warning: Defining constructors as functions with the same name as the contract is deprecated. Use "constructor(...) { ... }" instead.
  function Ownable() public {
  ^ (Relevant source part starts here and spans across multiple lines).
contracts/Pausable.sol:678:5: Warning: Defining constructors as functions with the same name as the contract is deprecated. Use "constructor(...) { ... }" instead.
    function MainToken() public {
    ^ (Relevant source part starts here and spans across multiple lines).
contracts/Pausable.sol:93:5: Warning: Invoking events without "emit" prefix is deprecated.
    Transfer(msg.sender, _to, _value);
    ^-------------------------------^
contracts/Pausable.sol:149:5: Warning: Invoking events without "emit" prefix is deprecated.
    Transfer(_from, _to, _value);
    ^--------------------------^
contracts/Pausable.sol:165:5: Warning: Invoking events without "emit" prefix is deprecated.
    Approval(msg.sender, _spender, _value);
    ^------------------------------------^
contracts/Pausable.sol:187:5: Warning: Invoking events without "emit" prefix is deprecated.
    Approval(msg.sender, _spender, allowed[msg.sender][_spender]);
    ^-----------------------------------------------------------^
contracts/Pausable.sol:198:5: Warning: Invoking events without "emit" prefix is deprecated.
    Approval(msg.sender, _spender, allowed[msg.sender][_spender]);
    ^-----------------------------------------------------------^
contracts/Pausable.sol:242:5: Warning: Invoking events without "emit" prefix is deprecated.
    OwnershipTransferred(owner, newOwner);
    ^-----------------------------------^
contracts/Pausable.sol:278:5: Warning: Invoking events without "emit" prefix is deprecated.
    Mint(_to, _amount);
    ^----------------^
contracts/Pausable.sol:279:5: Warning: Invoking events without "emit" prefix is deprecated.
    Transfer(address(0), _to, _amount);
    ^--------------------------------^
contracts/Pausable.sol:289:5: Warning: Invoking events without "emit" prefix is deprecated.
    MintFinished();
    ^------------^
contracts/Pausable.sol:376:9: Warning: Invoking events without "emit" prefix is deprecated.
        Transfer(msg.sender, _to, _amount);
        ^--------------------------------^
contracts/Pausable.sol:525:9: Warning: Invoking events without "emit" prefix is deprecated.
        Burn(burner, _value);
        ^------------------^
contracts/Pausable.sol:563:5: Warning: Invoking events without "emit" prefix is deprecated.
    Pause();
    ^-----^
contracts/Pausable.sol:571:5: Warning: Invoking events without "emit" prefix is deprecated.
    Unpause();
    ^-------^
contracts/ERC223Token.sol:222:3: Warning: Defining constructors as functions with the same name as the contract is deprecated. Use "constructor(...) { ... }" instead.
  function Ownable() public {
  ^ (Relevant source part starts here and spans across multiple lines).
contracts/ERC223Token.sol:678:5: Warning: Defining constructors as functions with the same name as the contract is deprecated. Use "constructor(...) { ... }" instead.
    function MainToken() public {
    ^ (Relevant source part starts here and spans across multiple lines).
contracts/ERC223Token.sol:93:5: Warning: Invoking events without "emit" prefix is deprecated.
    Transfer(msg.sender, _to, _value);
    ^-------------------------------^
contracts/ERC223Token.sol:149:5: Warning: Invoking events without "emit" prefix is deprecated.
    Transfer(_from, _to, _value);
    ^--------------------------^
contracts/ERC223Token.sol:165:5: Warning: Invoking events without "emit" prefix is deprecated.
    Approval(msg.sender, _spender, _value);
    ^------------------------------------^
contracts/ERC223Token.sol:187:5: Warning: Invoking events without "emit" prefix is deprecated.
    Approval(msg.sender, _spender, allowed[msg.sender][_spender]);
    ^-----------------------------------------------------------^
contracts/ERC223Token.sol:198:5: Warning: Invoking events without "emit" prefix is deprecated.
    Approval(msg.sender, _spender, allowed[msg.sender][_spender]);
    ^-----------------------------------------------------------^
contracts/ERC223Token.sol:242:5: Warning: Invoking events without "emit" prefix is deprecated.
    OwnershipTransferred(owner, newOwner);
    ^-----------------------------------^
contracts/ERC223Token.sol:278:5: Warning: Invoking events without "emit" prefix is deprecated.
    Mint(_to, _amount);
    ^----------------^
contracts/ERC223Token.sol:279:5: Warning: Invoking events without "emit" prefix is deprecated.
    Transfer(address(0), _to, _amount);
    ^--------------------------------^
contracts/ERC223Token.sol:289:5: Warning: Invoking events without "emit" prefix is deprecated.
    MintFinished();
    ^------------^
contracts/ERC223Token.sol:376:9: Warning: Invoking events without "emit" prefix is deprecated.
        Transfer(msg.sender, _to, _amount);
        ^--------------------------------^
contracts/ERC223Token.sol:525:9: Warning: Invoking events without "emit" prefix is deprecated.
        Burn(burner, _value);
        ^------------------^
contracts/ERC223Token.sol:563:5: Warning: Invoking events without "emit" prefix is deprecated.
    Pause();
    ^-----^
contracts/ERC223Token.sol:571:5: Warning: Invoking events without "emit" prefix is deprecated.
    Unpause();
    ^-------^
contracts/Consts.sol:222:3: Warning: Defining constructors as functions with the same name as the contract is deprecated. Use "constructor(...) { ... }" instead.
  function Ownable() public {
  ^ (Relevant source part starts here and spans across multiple lines).
contracts/Consts.sol:678:5: Warning: Defining constructors as functions with the same name as the contract is deprecated. Use "constructor(...) { ... }" instead.
    function MainToken() public {
    ^ (Relevant source part starts here and spans across multiple lines).
contracts/Consts.sol:93:5: Warning: Invoking events without "emit" prefix is deprecated.
    Transfer(msg.sender, _to, _value);
    ^-------------------------------^
contracts/Consts.sol:149:5: Warning: Invoking events without "emit" prefix is deprecated.
    Transfer(_from, _to, _value);
    ^--------------------------^
contracts/Consts.sol:165:5: Warning: Invoking events without "emit" prefix is deprecated.
    Approval(msg.sender, _spender, _value);
    ^------------------------------------^
contracts/Consts.sol:187:5: Warning: Invoking events without "emit" prefix is deprecated.
    Approval(msg.sender, _spender, allowed[msg.sender][_spender]);
    ^-----------------------------------------------------------^
contracts/Consts.sol:198:5: Warning: Invoking events without "emit" prefix is deprecated.
    Approval(msg.sender, _spender, allowed[msg.sender][_spender]);
    ^-----------------------------------------------------------^
contracts/Consts.sol:242:5: Warning: Invoking events without "emit" prefix is deprecated.
    OwnershipTransferred(owner, newOwner);
    ^-----------------------------------^
contracts/Consts.sol:278:5: Warning: Invoking events without "emit" prefix is deprecated.
    Mint(_to, _amount);
    ^----------------^
contracts/Consts.sol:279:5: Warning: Invoking events without "emit" prefix is deprecated.
    Transfer(address(0), _to, _amount);
    ^--------------------------------^
contracts/Consts.sol:289:5: Warning: Invoking events without "emit" prefix is deprecated.
    MintFinished();
    ^------------^
contracts/Consts.sol:376:9: Warning: Invoking events without "emit" prefix is deprecated.
        Transfer(msg.sender, _to, _amount);
        ^--------------------------------^
contracts/Consts.sol:525:9: Warning: Invoking events without "emit" prefix is deprecated.
        Burn(burner, _value);
        ^------------------^
contracts/Consts.sol:563:5: Warning: Invoking events without "emit" prefix is deprecated.
    Pause();
    ^-----^
contracts/Consts.sol:571:5: Warning: Invoking events without "emit" prefix is deprecated.
    Unpause();
    ^-------^
contracts/StandardToken.sol:222:3: Warning: Defining constructors as functions with the same name as the contract is deprecated. Use "constructor(...) { ... }" instead.
  function Ownable() public {
  ^ (Relevant source part starts here and spans across multiple lines).
contracts/StandardToken.sol:678:5: Warning: Defining constructors as functions with the same name as the contract is deprecated. Use "constructor(...) { ... }" instead.
    function MainToken() public {
    ^ (Relevant source part starts here and spans across multiple lines).
contracts/StandardToken.sol:93:5: Warning: Invoking events without "emit" prefix is deprecated.
    Transfer(msg.sender, _to, _value);
    ^-------------------------------^
contracts/StandardToken.sol:149:5: Warning: Invoking events without "emit" prefix is deprecated.
    Transfer(_from, _to, _value);
    ^--------------------------^
contracts/StandardToken.sol:165:5: Warning: Invoking events without "emit" prefix is deprecated.
    Approval(msg.sender, _spender, _value);
    ^------------------------------------^
contracts/StandardToken.sol:187:5: Warning: Invoking events without "emit" prefix is deprecated.
    Approval(msg.sender, _spender, allowed[msg.sender][_spender]);
    ^-----------------------------------------------------------^
contracts/StandardToken.sol:198:5: Warning: Invoking events without "emit" prefix is deprecated.
    Approval(msg.sender, _spender, allowed[msg.sender][_spender]);
    ^-----------------------------------------------------------^
contracts/StandardToken.sol:242:5: Warning: Invoking events without "emit" prefix is deprecated.
    OwnershipTransferred(owner, newOwner);
    ^-----------------------------------^
contracts/StandardToken.sol:278:5: Warning: Invoking events without "emit" prefix is deprecated.
    Mint(_to, _amount);
    ^----------------^
contracts/StandardToken.sol:279:5: Warning: Invoking events without "emit" prefix is deprecated.
    Transfer(address(0), _to, _amount);
    ^--------------------------------^
contracts/StandardToken.sol:289:5: Warning: Invoking events without "emit" prefix is deprecated.
    MintFinished();
    ^------------^
contracts/StandardToken.sol:376:9: Warning: Invoking events without "emit" prefix is deprecated.
        Transfer(msg.sender, _to, _amount);
        ^--------------------------------^
contracts/StandardToken.sol:525:9: Warning: Invoking events without "emit" prefix is deprecated.
        Burn(burner, _value);
        ^------------------^
contracts/StandardToken.sol:563:5: Warning: Invoking events without "emit" prefix is deprecated.
    Pause();
    ^-----^
contracts/StandardToken.sol:571:5: Warning: Invoking events without "emit" prefix is deprecated.
    Unpause();
    ^-------^
contracts/BurnableToken.sol:222:3: Warning: Defining constructors as functions with the same name as the contract is deprecated. Use "constructor(...) { ... }" instead.
  function Ownable() public {
  ^ (Relevant source part starts here and spans across multiple lines).
contracts/BurnableToken.sol:678:5: Warning: Defining constructors as functions with the same name as the contract is deprecated. Use "constructor(...) { ... }" instead.
    function MainToken() public {
    ^ (Relevant source part starts here and spans across multiple lines).
contracts/BurnableToken.sol:93:5: Warning: Invoking events without "emit" prefix is deprecated.
    Transfer(msg.sender, _to, _value);
    ^-------------------------------^
contracts/BurnableToken.sol:149:5: Warning: Invoking events without "emit" prefix is deprecated.
    Transfer(_from, _to, _value);
    ^--------------------------^
contracts/BurnableToken.sol:165:5: Warning: Invoking events without "emit" prefix is deprecated.
    Approval(msg.sender, _spender, _value);
    ^------------------------------------^
contracts/BurnableToken.sol:187:5: Warning: Invoking events without "emit" prefix is deprecated.
    Approval(msg.sender, _spender, allowed[msg.sender][_spender]);
    ^-----------------------------------------------------------^
contracts/BurnableToken.sol:198:5: Warning: Invoking events without "emit" prefix is deprecated.
    Approval(msg.sender, _spender, allowed[msg.sender][_spender]);
    ^-----------------------------------------------------------^
contracts/BurnableToken.sol:242:5: Warning: Invoking events without "emit" prefix is deprecated.
    OwnershipTransferred(owner, newOwner);
    ^-----------------------------------^
contracts/BurnableToken.sol:278:5: Warning: Invoking events without "emit" prefix is deprecated.
    Mint(_to, _amount);
    ^----------------^
contracts/BurnableToken.sol:279:5: Warning: Invoking events without "emit" prefix is deprecated.
    Transfer(address(0), _to, _amount);
    ^--------------------------------^
contracts/BurnableToken.sol:289:5: Warning: Invoking events without "emit" prefix is deprecated.
    MintFinished();
    ^------------^
contracts/BurnableToken.sol:376:9: Warning: Invoking events without "emit" prefix is deprecated.
        Transfer(msg.sender, _to, _amount);
        ^--------------------------------^
contracts/BurnableToken.sol:525:9: Warning: Invoking events without "emit" prefix is deprecated.
        Burn(burner, _value);
        ^------------------^
contracts/BurnableToken.sol:563:5: Warning: Invoking events without "emit" prefix is deprecated.
    Pause();
    ^-----^
contracts/BurnableToken.sol:571:5: Warning: Invoking events without "emit" prefix is deprecated.
    Unpause();
    ^-------^
contracts/ERC223ReceiverWithoutTokenFallback.sol:222:3: Warning: Defining constructors as functions with the same name as the contract is deprecated. Use "constructor(...) { ... }" instead.
  function Ownable() public {
  ^ (Relevant source part starts here and spans across multiple lines).
contracts/ERC223ReceiverWithoutTokenFallback.sol:678:5: Warning: Defining constructors as functions with the same name as the contract is deprecated. Use "constructor(...) { ... }" instead.
    function MainToken() public {
    ^ (Relevant source part starts here and spans across multiple lines).
contracts/ERC223ReceiverWithoutTokenFallback.sol:93:5: Warning: Invoking events without "emit" prefix is deprecated.
    Transfer(msg.sender, _to, _value);
    ^-------------------------------^
contracts/ERC223ReceiverWithoutTokenFallback.sol:149:5: Warning: Invoking events without "emit" prefix is deprecated.
    Transfer(_from, _to, _value);
    ^--------------------------^
contracts/ERC223ReceiverWithoutTokenFallback.sol:165:5: Warning: Invoking events without "emit" prefix is deprecated.
    Approval(msg.sender, _spender, _value);
    ^------------------------------------^
contracts/ERC223ReceiverWithoutTokenFallback.sol:187:5: Warning: Invoking events without "emit" prefix is deprecated.
    Approval(msg.sender, _spender, allowed[msg.sender][_spender]);
    ^-----------------------------------------------------------^
contracts/ERC223ReceiverWithoutTokenFallback.sol:198:5: Warning: Invoking events without "emit" prefix is deprecated.
    Approval(msg.sender, _spender, allowed[msg.sender][_spender]);
    ^-----------------------------------------------------------^
contracts/ERC223ReceiverWithoutTokenFallback.sol:242:5: Warning: Invoking events without "emit" prefix is deprecated.
    OwnershipTransferred(owner, newOwner);
    ^-----------------------------------^
contracts/ERC223ReceiverWithoutTokenFallback.sol:278:5: Warning: Invoking events without "emit" prefix is deprecated.
    Mint(_to, _amount);
    ^----------------^
contracts/ERC223ReceiverWithoutTokenFallback.sol:279:5: Warning: Invoking events without "emit" prefix is deprecated.
    Transfer(address(0), _to, _amount);
    ^--------------------------------^
contracts/ERC223ReceiverWithoutTokenFallback.sol:289:5: Warning: Invoking events without "emit" prefix is deprecated.
    MintFinished();
    ^------------^
contracts/ERC223ReceiverWithoutTokenFallback.sol:376:9: Warning: Invoking events without "emit" prefix is deprecated.
        Transfer(msg.sender, _to, _amount);
        ^--------------------------------^
contracts/ERC223ReceiverWithoutTokenFallback.sol:525:9: Warning: Invoking events without "emit" prefix is deprecated.
        Burn(burner, _value);
        ^------------------^
contracts/ERC223ReceiverWithoutTokenFallback.sol:563:5: Warning: Invoking events without "emit" prefix is deprecated.
    Pause();
    ^-----^
contracts/ERC223ReceiverWithoutTokenFallback.sol:571:5: Warning: Invoking events without "emit" prefix is deprecated.
    Unpause();
    ^-------^
contracts/BasicToken.sol:222:3: Warning: Defining constructors as functions with the same name as the contract is deprecated. Use "constructor(...) { ... }" instead.
  function Ownable() public {
  ^ (Relevant source part starts here and spans across multiple lines).
contracts/BasicToken.sol:678:5: Warning: Defining constructors as functions with the same name as the contract is deprecated. Use "constructor(...) { ... }" instead.
    function MainToken() public {
    ^ (Relevant source part starts here and spans across multiple lines).
contracts/BasicToken.sol:93:5: Warning: Invoking events without "emit" prefix is deprecated.
    Transfer(msg.sender, _to, _value);
    ^-------------------------------^
contracts/BasicToken.sol:149:5: Warning: Invoking events without "emit" prefix is deprecated.
    Transfer(_from, _to, _value);
    ^--------------------------^
contracts/BasicToken.sol:165:5: Warning: Invoking events without "emit" prefix is deprecated.
    Approval(msg.sender, _spender, _value);
    ^------------------------------------^
contracts/BasicToken.sol:187:5: Warning: Invoking events without "emit" prefix is deprecated.
    Approval(msg.sender, _spender, allowed[msg.sender][_spender]);
    ^-----------------------------------------------------------^
contracts/BasicToken.sol:198:5: Warning: Invoking events without "emit" prefix is deprecated.
    Approval(msg.sender, _spender, allowed[msg.sender][_spender]);
    ^-----------------------------------------------------------^
contracts/BasicToken.sol:242:5: Warning: Invoking events without "emit" prefix is deprecated.
    OwnershipTransferred(owner, newOwner);
    ^-----------------------------------^
contracts/BasicToken.sol:278:5: Warning: Invoking events without "emit" prefix is deprecated.
    Mint(_to, _amount);
    ^----------------^
contracts/BasicToken.sol:279:5: Warning: Invoking events without "emit" prefix is deprecated.
    Transfer(address(0), _to, _amount);
    ^--------------------------------^
contracts/BasicToken.sol:289:5: Warning: Invoking events without "emit" prefix is deprecated.
    MintFinished();
    ^------------^
contracts/BasicToken.sol:376:9: Warning: Invoking events without "emit" prefix is deprecated.
        Transfer(msg.sender, _to, _amount);
        ^--------------------------------^
contracts/BasicToken.sol:525:9: Warning: Invoking events without "emit" prefix is deprecated.
        Burn(burner, _value);
        ^------------------^
contracts/BasicToken.sol:563:5: Warning: Invoking events without "emit" prefix is deprecated.
    Pause();
    ^-----^
contracts/BasicToken.sol:571:5: Warning: Invoking events without "emit" prefix is deprecated.
    Unpause();
    ^-------^
assets/NormalAttacker.sol:5:3: Warning: No visibility specified. Defaulting to "public". 
  function() payable {
  ^ (Relevant source part starts here and spans across multiple lines).
assets/ReentrancyAttacker.sol:8:7: Warning: Return value of low-level calls not used.
      msg.sender.call(bytes4(255));
      ^--------------------------^
assets/ReentrancyAttacker.sol:5:3: Warning: No visibility specified. Defaulting to "public". 
  function() payable {
  ^ (Relevant source part starts here and spans across multiple lines).
>> Fuzz FailingERC223Receiver
** Write stats: 0.012327
** Write stats: 5.01902
** Write stats: 10.005
** Write stats: 15.0201
** Write stats: 20.0172
** Write stats: 25.0006
** Write stats: 30.0001
** Write stats: 35.0001
** Write stats: 40.0002
** Write stats: 45.0001
** Write stats: 50.0379
** Write stats: 55.0001
** Write stats: 58.0086
>> Fuzz Ownable
** Write stats: 0.003227
** Write stats: 5.00009
** Write stats: 10.0001
** Write stats: 15.0001
** Write stats: 20.0002
** Write stats: 25.0002
** Write stats: 30.0002
** Write stats: 35.0002
** Write stats: 40.0008
** Write stats: 45.0001
** Write stats: 50.0001
** Write stats: 55.0002
** Write stats: 58.0104
>> Fuzz MintableToken
** Write stats: 0.02252
** Write stats: 5.00175
** Write stats: 10.001
** Write stats: 15.0043
** Write stats: 20.0021
** Write stats: 25.0004
** Write stats: 30.0039
** Write stats: 35.0025
** Write stats: 40.0045
** Write stats: 45.0032
** Write stats: 50.0047
** Write stats: 55.0041
** Write stats: 58.1059
>> Fuzz SafeMath
** Write stats: 0.00178
** Write stats: 5.00008
** Write stats: 10.0001
** Write stats: 15.0001
** Write stats: 20.0002
** Write stats: 25.0002
** Write stats: 30.1464
** Write stats: 35.0001
** Write stats: 40.0001
** Write stats: 45.0002
** Write stats: 50.0001
** Write stats: 55.0001
** Write stats: 58.0004
>> Fuzz FreezableToken
** Write stats: 0.015631
** Write stats: 5.00151
** Write stats: 10.0002
** Write stats: 15.0041
** Write stats: 20.0036
** Write stats: 25.0043
** Write stats: 30.0051
** Write stats: 35.0059
** Write stats: 40.0034
** Write stats: 45.0056
** Write stats: 50.0044
** Write stats: 55.003
** Write stats: 58.0053
>> Fuzz MainToken
** Write stats: 0.024797
** Write stats: 5.00226
** Write stats: 10.0025
** Write stats: 15.0047
** Write stats: 20.0043
** Write stats: 25.0028
** Write stats: 30.0064
** Write stats: 35.0051
** Write stats: 40.0948
** Write stats: 45.0127
** Write stats: 50.0062
** Write stats: 55.0104
** Write stats: 58.1075
>> Fuzz SuccessfulERC223Receiver
** Write stats: 0.008404
** Write stats: 5.0035
** Write stats: 10.0001
** Write stats: 15.0002
** Write stats: 20.0002
** Write stats: 25.0001
** Write stats: 30.0001
** Write stats: 35.0005
** Write stats: 40.0002
** Write stats: 45.0001
** Write stats: 50.0269
** Write stats: 55.033
** Write stats: 58.0476
>> Fuzz FreezableMintableToken
** Write stats: 0.022523
** Write stats: 5.00056
** Write stats: 10.0014
** Write stats: 15.0003
** Write stats: 20.0036
** Write stats: 25.0014
** Write stats: 30.0011
** Write stats: 35.0046
** Write stats: 40.0027
** Write stats: 45.0003
** Write stats: 50.0053
** Write stats: 55.0005
** Write stats: 58.0986
>> Fuzz Pausable
** Write stats: 0.004907
** Write stats: 5.00021
** Write stats: 10.0002
** Write stats: 15.0001
** Write stats: 20.0003
** Write stats: 25.0002
** Write stats: 30.0114
** Write stats: 35.0001
** Write stats: 40.0001
** Write stats: 45.0004
** Write stats: 50.0003
** Write stats: 55.0002
** Write stats: 58.0028
>> Fuzz ERC223Token
** Write stats: 0.011466
** Write stats: 5.00161
** Write stats: 10.0033
** Write stats: 15.0032
** Write stats: 20.0006
** Write stats: 25.0027
** Write stats: 30.0028
** Write stats: 35.0005
** Write stats: 40.0046
** Write stats: 45.0024
** Write stats: 50.0021
** Write stats: 55.0015
** Write stats: 58.0189
>> Fuzz Consts
** Write stats: 0.001888
** Write stats: 5.00006
** Write stats: 10.0001
** Write stats: 15.0001
** Write stats: 20.0001
** Write stats: 25.0001
** Write stats: 30.0001
** Write stats: 35.0001
** Write stats: 45.0001
** Write stats: 50.0001
** Write stats: 55.0001
** Write stats: 58.0004
>> Fuzz StandardToken
** Write stats: 0.011895
** Write stats: 5.00041
** Write stats: 10.0003
** Write stats: 15.003
** Write stats: 20.0022
** Write stats: 25.001
** Write stats: 30.0043
** Write stats: 35.0034
** Write stats: 40.0024
** Write stats: 45.0014
** Write stats: 50.0018
** Write stats: 55.006
** Write stats: 58.0416
>> Fuzz BurnableToken
** Write stats: 0.013
** Write stats: 5.00051
** Write stats: 10.001
** Write stats: 15.0025
** Write stats: 20.0052
** Write stats: 25.005
** Write stats: 30.0009
** Write stats: 35.0002
** Write stats: 40.0056
** Write stats: 45.0058
** Write stats: 50.0075
** Write stats: 55.0005
** Write stats: 58.0334
>> Fuzz ERC223ReceiverWithoutTokenFallback
** Write stats: 0.002094
** Write stats: 5.00006
** Write stats: 10.0001
** Write stats: 15.0001
** Write stats: 20.0001
** Write stats: 25.0001
** Write stats: 30.0001
** Write stats: 35.0001
** Write stats: 40.0001
** Write stats: 45.0001
** Write stats: 50.0001
** Write stats: 55.0001
** Write stats: 58.0002
>> Fuzz BasicToken
** Write stats: 0.004838
** Write stats: 5.00098
** Write stats: 10.0024
** Write stats: 15.0074
** Write stats: 20.0039
** Write stats: 25.002
** Write stats: 30.0076
** Write stats: 35.0057
** Write stats: 40.0065
** Write stats: 45.0088
** Write stats: 50.0083
** Write stats: 55.0029
** Write stats: 58.0157
